Welcome in RunCoefficients!
['2022_1']
It is a double-differential measurement, binning for the 1st variable {0: [-100.0, 0.0], 1: [0.0, 3.0], 2: [3.0, 10.0], 3: [3.0, 10.0]} and for the 2nd variable {0: [-100.0, 0.0], 1: [0.0, 10000.0], 2: [0.0, 450.0], 3: [450.0, 10000.0]}
{0: [-100.0, 0.0, -100.0, 0.0], 1: [0.0, 3.0, 0.0, 10000.0], 2: [3.0, 10.0, 0.0, 450.0], 3: [3.0, 10.0, 450.0, 10000.0]}
absdetajj
Following observables extracted from dictionary: RECO =  absdetajj  GEN =  GENabsdetajj
It is a double-differential measurement: RECO_2nd =  mjj  GEN_2nd =  GENmjj
LUMI: 1.9951
ZH125 0.00070615043
Processing ggH125 2022_1
Signal created
Signal failed created
Processing VBFH125 2022_1
Signal created
Signal failed created
Processing WminusH125 2022_1
Signal created
Signal failed created
Processing WplusH125 2022_1
Signal created
Signal failed created
Processing ttH125 2022_1
Signal created
Signal failed created
Processing ZH125 2022_1
Signal created
Signal failed created
2022_1 SKIMMED df CREATED
2022_1 ggH125
2022_1 VBFH125
2022_1 WminusH125
2022_1 WplusH125
2022_1 ttH125
2022_1 ZH125
Dataframes created successfully
Coeff std
ggH125_4l_absdetajj_mjj_genbin0_recobin0 acc 0.3527 eff 0.4969 outinratio 0.0541 

VBFH125_4l_absdetajj_mjj_genbin0_recobin0 acc 0.2641 eff 0.4718 outinratio 0.0405 

WminusH125_4l_absdetajj_mjj_genbin0_recobin0 acc 0.2292 eff 0.3918 outinratio 0.0541 

WplusH125_4l_absdetajj_mjj_genbin0_recobin0 acc 0.1703 eff 0.4532 outinratio 0.0744 

ttH125_4l_absdetajj_mjj_genbin0_recobin0 acc 0.0115 eff 0.1946 outinratio 0.2455 

ZH125_4l_absdetajj_mjj_genbin0_recobin0 acc 0.1766 eff 0.4589 outinratio 0.0819 

ggH125_4l_absdetajj_mjj_genbin1_recobin0 acc 0.0305 eff 0.0904 outinratio 0.0541 

VBFH125_4l_absdetajj_mjj_genbin1_recobin0 acc 0.0505 eff 0.0679 outinratio 0.0405 

WminusH125_4l_absdetajj_mjj_genbin1_recobin0 acc 0.142 eff 0.0567 outinratio 0.0541 

WplusH125_4l_absdetajj_mjj_genbin1_recobin0 acc 0.1273 eff 0.0651 outinratio 0.0744 

ttH125_4l_absdetajj_mjj_genbin1_recobin0 acc 0.307 eff 0.0062 outinratio 0.2455 

ZH125_4l_absdetajj_mjj_genbin1_recobin0 acc 0.1476 eff 0.0729 outinratio 0.0819 

ggH125_4l_absdetajj_mjj_genbin2_recobin0 acc 0.0032 eff 0.1091 outinratio 0.0541 

VBFH125_4l_absdetajj_mjj_genbin2_recobin0 acc 0.0236 eff 0.1274 outinratio 0.0405 

WminusH125_4l_absdetajj_mjj_genbin2_recobin0 acc 0.0036 eff 0.1065 outinratio 0.0541 

WplusH125_4l_absdetajj_mjj_genbin2_recobin0 acc 0.0029 eff 0.0967 outinratio 0.0744 

ttH125_4l_absdetajj_mjj_genbin2_recobin0 acc 0.0029 eff 0.0151 outinratio 0.2455 

ZH125_4l_absdetajj_mjj_genbin2_recobin0 acc 0.0026 eff 0.0952 outinratio 0.0819 

ggH125_4l_absdetajj_mjj_genbin3_recobin0 acc 0.004 eff 0.0674 outinratio 0.0541 

VBFH125_4l_absdetajj_mjj_genbin3_recobin0 acc 0.1017 eff 0.0846 outinratio 0.0405 

WminusH125_4l_absdetajj_mjj_genbin3_recobin0 acc 0.0028 eff 0.0164 outinratio 0.0541 

WplusH125_4l_absdetajj_mjj_genbin3_recobin0 acc 0.0027 eff 0.0167 outinratio 0.0744 

ttH125_4l_absdetajj_mjj_genbin3_recobin0 acc 0.0136 eff 0.0018 outinratio 0.2455 

ZH125_4l_absdetajj_mjj_genbin3_recobin0 acc 0.0032 eff 0.0243 outinratio 0.0819 

ggH125_4l_absdetajj_mjj_genbin0_recobin1 acc 0.3527 eff 0.0119 outinratio 0.0618 

VBFH125_4l_absdetajj_mjj_genbin0_recobin1 acc 0.2641 eff 0.0166 outinratio 0.0553 

WminusH125_4l_absdetajj_mjj_genbin0_recobin1 acc 0.2292 eff 0.0471 outinratio 0.0755 

WplusH125_4l_absdetajj_mjj_genbin0_recobin1 acc 0.1703 eff 0.0566 outinratio 0.0867 

ttH125_4l_absdetajj_mjj_genbin0_recobin1 acc 0.0115 eff 0.1778 outinratio 0.1759 

ZH125_4l_absdetajj_mjj_genbin0_recobin1 acc 0.1766 eff 0.0528 outinratio 0.1002 

ggH125_4l_absdetajj_mjj_genbin1_recobin1 acc 0.0305 eff 0.4393 outinratio 0.0618 

VBFH125_4l_absdetajj_mjj_genbin1_recobin1 acc 0.0505 eff 0.4289 outinratio 0.0553 

WminusH125_4l_absdetajj_mjj_genbin1_recobin1 acc 0.142 eff 0.4695 outinratio 0.0755 

WplusH125_4l_absdetajj_mjj_genbin1_recobin1 acc 0.1273 eff 0.4614 outinratio 0.0867 

ttH125_4l_absdetajj_mjj_genbin1_recobin1 acc 0.307 eff 0.4715 outinratio 0.1759 

ZH125_4l_absdetajj_mjj_genbin1_recobin1 acc 0.1476 eff 0.4521 outinratio 0.1002 

ggH125_4l_absdetajj_mjj_genbin2_recobin1 acc 0.0032 eff 0.0316 outinratio 0.0618 

VBFH125_4l_absdetajj_mjj_genbin2_recobin1 acc 0.0236 eff 0.0157 outinratio 0.0553 

WminusH125_4l_absdetajj_mjj_genbin2_recobin1 acc 0.0036 eff 0.0919 outinratio 0.0755 

WplusH125_4l_absdetajj_mjj_genbin2_recobin1 acc 0.0029 eff 0.0833 outinratio 0.0867 

ttH125_4l_absdetajj_mjj_genbin2_recobin1 acc 0.0029 eff 0.0638 outinratio 0.1759 

ZH125_4l_absdetajj_mjj_genbin2_recobin1 acc 0.0026 eff 0.0737 outinratio 0.1002 

ggH125_4l_absdetajj_mjj_genbin3_recobin1 acc 0.004 eff 0.0233 outinratio 0.0618 

VBFH125_4l_absdetajj_mjj_genbin3_recobin1 acc 0.1017 eff 0.0126 outinratio 0.0553 

WminusH125_4l_absdetajj_mjj_genbin3_recobin1 acc 0.0028 eff 0.0122 outinratio 0.0755 

WplusH125_4l_absdetajj_mjj_genbin3_recobin1 acc 0.0027 eff 0.0821 outinratio 0.0867 

ttH125_4l_absdetajj_mjj_genbin3_recobin1 acc 0.0136 eff 0.1327 outinratio 0.1759 

ZH125_4l_absdetajj_mjj_genbin3_recobin1 acc 0.0032 eff 0.0431 outinratio 0.1002 

ggH125_4l_absdetajj_mjj_genbin0_recobin2 acc 0.3527 eff 0.0018 outinratio 0.085 

VBFH125_4l_absdetajj_mjj_genbin0_recobin2 acc 0.2641 eff 0.0099 outinratio 0.0285 

WminusH125_4l_absdetajj_mjj_genbin0_recobin2 acc 0.2292 eff 0.0034 outinratio 0.1312 

WplusH125_4l_absdetajj_mjj_genbin0_recobin2 acc 0.1703 eff 0.0027 outinratio 0.1113 

ttH125_4l_absdetajj_mjj_genbin0_recobin2 acc 0.0115 eff 0.0 outinratio 0.4029 

ZH125_4l_absdetajj_mjj_genbin0_recobin2 acc 0.1766 eff 0.0019 outinratio 0.0724 

ggH125_4l_absdetajj_mjj_genbin1_recobin2 acc 0.0305 eff 0.0038 outinratio 0.085 

VBFH125_4l_absdetajj_mjj_genbin1_recobin2 acc 0.0505 eff 0.0064 outinratio 0.0285 

WminusH125_4l_absdetajj_mjj_genbin1_recobin2 acc 0.142 eff 0.0027 outinratio 0.1312 

WplusH125_4l_absdetajj_mjj_genbin1_recobin2 acc 0.1273 eff 0.0028 outinratio 0.1113 

ttH125_4l_absdetajj_mjj_genbin1_recobin2 acc 0.307 eff 0.0023 outinratio 0.4029 

ZH125_4l_absdetajj_mjj_genbin1_recobin2 acc 0.1476 eff 0.0018 outinratio 0.0724 

ggH125_4l_absdetajj_mjj_genbin2_recobin2 acc 0.0032 eff 0.321 outinratio 0.085 

VBFH125_4l_absdetajj_mjj_genbin2_recobin2 acc 0.0236 eff 0.3025 outinratio 0.0285 

WminusH125_4l_absdetajj_mjj_genbin2_recobin2 acc 0.0036 eff 0.2333 outinratio 0.1312 

WplusH125_4l_absdetajj_mjj_genbin2_recobin2 acc 0.0029 eff 0.2912 outinratio 0.1113 

ttH125_4l_absdetajj_mjj_genbin2_recobin2 acc 0.0029 eff 0.1929 outinratio 0.4029 

ZH125_4l_absdetajj_mjj_genbin2_recobin2 acc 0.0026 eff 0.2575 outinratio 0.0724 

ggH125_4l_absdetajj_mjj_genbin3_recobin2 acc 0.004 eff 0.0325 outinratio 0.085 

VBFH125_4l_absdetajj_mjj_genbin3_recobin2 acc 0.1017 eff 0.0063 outinratio 0.0285 

WminusH125_4l_absdetajj_mjj_genbin3_recobin2 acc 0.0028 eff 0.0224 outinratio 0.1312 

WplusH125_4l_absdetajj_mjj_genbin3_recobin2 acc 0.0027 eff 0.0344 outinratio 0.1113 

ttH125_4l_absdetajj_mjj_genbin3_recobin2 acc 0.0136 eff 0.0173 outinratio 0.4029 

ZH125_4l_absdetajj_mjj_genbin3_recobin2 acc 0.0032 eff 0.0149 outinratio 0.0724 

ggH125_4l_absdetajj_mjj_genbin0_recobin3 acc 0.3527 eff 0.0009 outinratio 0.056 

VBFH125_4l_absdetajj_mjj_genbin0_recobin3 acc 0.2641 eff 0.0338 outinratio 0.035 

WminusH125_4l_absdetajj_mjj_genbin0_recobin3 acc 0.2292 eff 0.0013 outinratio 0.0337 

WplusH125_4l_absdetajj_mjj_genbin0_recobin3 acc 0.1703 eff 0.002 outinratio 0.0793 

ttH125_4l_absdetajj_mjj_genbin0_recobin3 acc 0.0115 eff 0.0047 outinratio 0.1605 

ZH125_4l_absdetajj_mjj_genbin0_recobin3 acc 0.1766 eff 0.0011 outinratio 0.1098 

ggH125_4l_absdetajj_mjj_genbin1_recobin3 acc 0.0305 eff 0.0055 outinratio 0.056 

VBFH125_4l_absdetajj_mjj_genbin1_recobin3 acc 0.0505 eff 0.0185 outinratio 0.035 

WminusH125_4l_absdetajj_mjj_genbin1_recobin3 acc 0.142 eff 0.0014 outinratio 0.0337 

WplusH125_4l_absdetajj_mjj_genbin1_recobin3 acc 0.1273 eff 0.0022 outinratio 0.0793 

ttH125_4l_absdetajj_mjj_genbin1_recobin3 acc 0.307 eff 0.0044 outinratio 0.1605 

ZH125_4l_absdetajj_mjj_genbin1_recobin3 acc 0.1476 eff 0.0016 outinratio 0.1098 

ggH125_4l_absdetajj_mjj_genbin2_recobin3 acc 0.0032 eff 0.0305 outinratio 0.056 

VBFH125_4l_absdetajj_mjj_genbin2_recobin3 acc 0.0236 eff 0.0662 outinratio 0.035 

WminusH125_4l_absdetajj_mjj_genbin2_recobin3 acc 0.0036 eff 0.0275 outinratio 0.0337 

WplusH125_4l_absdetajj_mjj_genbin2_recobin3 acc 0.0029 eff 0.0208 outinratio 0.0793 

ttH125_4l_absdetajj_mjj_genbin2_recobin3 acc 0.0029 eff 0.0652 outinratio 0.1605 

ZH125_4l_absdetajj_mjj_genbin2_recobin3 acc 0.0026 eff 0.0364 outinratio 0.1098 

ggH125_4l_absdetajj_mjj_genbin3_recobin3 acc 0.004 eff 0.4495 outinratio 0.056 

VBFH125_4l_absdetajj_mjj_genbin3_recobin3 acc 0.1017 eff 0.4488 outinratio 0.035 

WminusH125_4l_absdetajj_mjj_genbin3_recobin3 acc 0.0028 eff 0.4322 outinratio 0.0337 

WplusH125_4l_absdetajj_mjj_genbin3_recobin3 acc 0.0027 eff 0.3564 outinratio 0.0793 

ttH125_4l_absdetajj_mjj_genbin3_recobin3 acc 0.0136 eff 0.3098 outinratio 0.1605 

ZH125_4l_absdetajj_mjj_genbin3_recobin3 acc 0.0032 eff 0.3472 outinratio 0.1098 

ggH125_4e_absdetajj_mjj_genbin0_recobin0 acc 0.3372 eff 0.3655 outinratio 0.0677 

VBFH125_4e_absdetajj_mjj_genbin0_recobin0 acc 0.2508 eff 0.3484 outinratio 0.0465 

WminusH125_4e_absdetajj_mjj_genbin0_recobin0 acc 0.218 eff 0.3183 outinratio 0.0612 

WplusH125_4e_absdetajj_mjj_genbin0_recobin0 acc 0.1621 eff 0.3601 outinratio 0.0962 

ttH125_4e_absdetajj_mjj_genbin0_recobin0 acc 0.0107 eff 0.1785 outinratio 0.2135 

ZH125_4e_absdetajj_mjj_genbin0_recobin0 acc 0.167 eff 0.3644 outinratio 0.0673 

ggH125_4e_absdetajj_mjj_genbin1_recobin0 acc 0.0307 eff 0.0769 outinratio 0.0677 

VBFH125_4e_absdetajj_mjj_genbin1_recobin0 acc 0.0482 eff 0.0511 outinratio 0.0465 

WminusH125_4e_absdetajj_mjj_genbin1_recobin0 acc 0.1323 eff 0.0323 outinratio 0.0612 

WplusH125_4e_absdetajj_mjj_genbin1_recobin0 acc 0.1241 eff 0.0483 outinratio 0.0962 

ttH125_4e_absdetajj_mjj_genbin1_recobin0 acc 0.2928 eff 0.005 outinratio 0.2135 

ZH125_4e_absdetajj_mjj_genbin1_recobin0 acc 0.1417 eff 0.0434 outinratio 0.0673 

ggH125_4e_absdetajj_mjj_genbin2_recobin0 acc 0.0032 eff 0.0275 outinratio 0.0677 

VBFH125_4e_absdetajj_mjj_genbin2_recobin0 acc 0.0223 eff 0.0874 outinratio 0.0465 

WminusH125_4e_absdetajj_mjj_genbin2_recobin0 acc 0.0041 eff 0.0757 outinratio 0.0612 

WplusH125_4e_absdetajj_mjj_genbin2_recobin0 acc 0.0029 eff 0.0761 outinratio 0.0962 

ttH125_4e_absdetajj_mjj_genbin2_recobin0 acc 0.0035 eff 0.0 outinratio 0.2135 

ZH125_4e_absdetajj_mjj_genbin2_recobin0 acc 0.0022 eff 0.0 outinratio 0.0673 

ggH125_4e_absdetajj_mjj_genbin3_recobin0 acc 0.0031 eff 0.0384 outinratio 0.0677 

VBFH125_4e_absdetajj_mjj_genbin3_recobin0 acc 0.0967 eff 0.0787 outinratio 0.0465 

WminusH125_4e_absdetajj_mjj_genbin3_recobin0 acc 0.0026 eff 0.0 outinratio 0.0612 

WplusH125_4e_absdetajj_mjj_genbin3_recobin0 acc 0.0035 eff 0.0185 outinratio 0.0962 

ttH125_4e_absdetajj_mjj_genbin3_recobin0 acc 0.0128 eff 0.0 outinratio 0.2135 

ZH125_4e_absdetajj_mjj_genbin3_recobin0 acc 0.0035 eff 0.05 outinratio 0.0673 

ggH125_4e_absdetajj_mjj_genbin0_recobin1 acc 0.3372 eff 0.0064 outinratio 0.0742 

VBFH125_4e_absdetajj_mjj_genbin0_recobin1 acc 0.2508 eff 0.0139 outinratio 0.059 

WminusH125_4e_absdetajj_mjj_genbin0_recobin1 acc 0.218 eff 0.0354 outinratio 0.0716 

WplusH125_4e_absdetajj_mjj_genbin0_recobin1 acc 0.1621 eff 0.0446 outinratio 0.1062 

ttH125_4e_absdetajj_mjj_genbin0_recobin1 acc 0.0107 eff 0.1396 outinratio 0.2257 

ZH125_4e_absdetajj_mjj_genbin0_recobin1 acc 0.167 eff 0.0394 outinratio 0.1087 

ggH125_4e_absdetajj_mjj_genbin1_recobin1 acc 0.0307 eff 0.3464 outinratio 0.0742 

VBFH125_4e_absdetajj_mjj_genbin1_recobin1 acc 0.0482 eff 0.3556 outinratio 0.059 

WminusH125_4e_absdetajj_mjj_genbin1_recobin1 acc 0.1323 eff 0.3917 outinratio 0.0716 

WplusH125_4e_absdetajj_mjj_genbin1_recobin1 acc 0.1241 eff 0.3762 outinratio 0.1062 

ttH125_4e_absdetajj_mjj_genbin1_recobin1 acc 0.2928 eff 0.3827 outinratio 0.2257 

ZH125_4e_absdetajj_mjj_genbin1_recobin1 acc 0.1417 eff 0.3787 outinratio 0.1087 

ggH125_4e_absdetajj_mjj_genbin2_recobin1 acc 0.0032 eff 0.0 outinratio 0.0742 

VBFH125_4e_absdetajj_mjj_genbin2_recobin1 acc 0.0223 eff 0.0149 outinratio 0.059 

WminusH125_4e_absdetajj_mjj_genbin2_recobin1 acc 0.0041 eff 0.0354 outinratio 0.0716 

WplusH125_4e_absdetajj_mjj_genbin2_recobin1 acc 0.0029 eff 0.0948 outinratio 0.1062 

ttH125_4e_absdetajj_mjj_genbin2_recobin1 acc 0.0035 eff 0.0094 outinratio 0.2257 

ZH125_4e_absdetajj_mjj_genbin2_recobin1 acc 0.0022 eff 0.0973 outinratio 0.1087 

ggH125_4e_absdetajj_mjj_genbin3_recobin1 acc 0.0031 eff 0.0 outinratio 0.0742 

VBFH125_4e_absdetajj_mjj_genbin3_recobin1 acc 0.0967 eff 0.013 outinratio 0.059 

WminusH125_4e_absdetajj_mjj_genbin3_recobin1 acc 0.0026 eff 0.0407 outinratio 0.0716 

WplusH125_4e_absdetajj_mjj_genbin3_recobin1 acc 0.0035 eff 0.0382 outinratio 0.1062 

ttH125_4e_absdetajj_mjj_genbin3_recobin1 acc 0.0128 eff 0.0993 outinratio 0.2257 

ZH125_4e_absdetajj_mjj_genbin3_recobin1 acc 0.0035 eff 0.0165 outinratio 0.1087 

ggH125_4e_absdetajj_mjj_genbin0_recobin2 acc 0.3372 eff 0.0023 outinratio 0.0 

VBFH125_4e_absdetajj_mjj_genbin0_recobin2 acc 0.2508 eff 0.006 outinratio 0.0085 

WminusH125_4e_absdetajj_mjj_genbin0_recobin2 acc 0.218 eff 0.0045 outinratio 0.3073 

WplusH125_4e_absdetajj_mjj_genbin0_recobin2 acc 0.1621 eff 0.0019 outinratio 0.1718 

ttH125_4e_absdetajj_mjj_genbin0_recobin2 acc 0.0107 eff 0.0 outinratio 0.789 

ZH125_4e_absdetajj_mjj_genbin0_recobin2 acc 0.167 eff 0.0014 outinratio 0.0288 

ggH125_4e_absdetajj_mjj_genbin1_recobin2 acc 0.0307 eff 0.0089 outinratio 0.0 

VBFH125_4e_absdetajj_mjj_genbin1_recobin2 acc 0.0482 eff 0.0009 outinratio 0.0085 

WminusH125_4e_absdetajj_mjj_genbin1_recobin2 acc 0.1323 eff 0.0005 outinratio 0.3073 

WplusH125_4e_absdetajj_mjj_genbin1_recobin2 acc 0.1241 eff 0.0034 outinratio 0.1718 

ttH125_4e_absdetajj_mjj_genbin1_recobin2 acc 0.2928 eff 0.002 outinratio 0.789 

ZH125_4e_absdetajj_mjj_genbin1_recobin2 acc 0.1417 eff 0.0042 outinratio 0.0288 

ggH125_4e_absdetajj_mjj_genbin2_recobin2 acc 0.0032 eff 0.3519 outinratio 0.0 

VBFH125_4e_absdetajj_mjj_genbin2_recobin2 acc 0.0223 eff 0.2447 outinratio 0.0085 

WminusH125_4e_absdetajj_mjj_genbin2_recobin2 acc 0.0041 eff 0.1566 outinratio 0.3073 

WplusH125_4e_absdetajj_mjj_genbin2_recobin2 acc 0.0029 eff 0.1422 outinratio 0.1718 

ttH125_4e_absdetajj_mjj_genbin2_recobin2 acc 0.0035 eff 0.1556 outinratio 0.789 

ZH125_4e_absdetajj_mjj_genbin2_recobin2 acc 0.0022 eff 0.2319 outinratio 0.0288 

ggH125_4e_absdetajj_mjj_genbin3_recobin2 acc 0.0031 eff 0.0 outinratio 0.0 

VBFH125_4e_absdetajj_mjj_genbin3_recobin2 acc 0.0967 eff 0.0075 outinratio 0.0085 

WminusH125_4e_absdetajj_mjj_genbin3_recobin2 acc 0.0026 eff 0.0 outinratio 0.3073 

WplusH125_4e_absdetajj_mjj_genbin3_recobin2 acc 0.0035 eff 0.0395 outinratio 0.1718 

ttH125_4e_absdetajj_mjj_genbin3_recobin2 acc 0.0128 eff 0.0 outinratio 0.789 

ZH125_4e_absdetajj_mjj_genbin3_recobin2 acc 0.0035 eff 0.0 outinratio 0.0288 

ggH125_4e_absdetajj_mjj_genbin0_recobin3 acc 0.3372 eff 0.001 outinratio 0.0966 

VBFH125_4e_absdetajj_mjj_genbin0_recobin3 acc 0.2508 eff 0.0276 outinratio 0.0458 

WminusH125_4e_absdetajj_mjj_genbin0_recobin3 acc 0.218 eff 0.0008 outinratio 0.1532 

WplusH125_4e_absdetajj_mjj_genbin0_recobin3 acc 0.1621 eff 0.0015 outinratio 0.1208 

ttH125_4e_absdetajj_mjj_genbin0_recobin3 acc 0.0107 eff 0.0 outinratio 0.3719 

ZH125_4e_absdetajj_mjj_genbin0_recobin3 acc 0.167 eff 0.0006 outinratio 0.2242 

ggH125_4e_absdetajj_mjj_genbin1_recobin3 acc 0.0307 eff 0.0103 outinratio 0.0966 

VBFH125_4e_absdetajj_mjj_genbin1_recobin3 acc 0.0482 eff 0.0239 outinratio 0.0458 

WminusH125_4e_absdetajj_mjj_genbin1_recobin3 acc 0.1323 eff 0.0004 outinratio 0.1532 

WplusH125_4e_absdetajj_mjj_genbin1_recobin3 acc 0.1241 eff 0.003 outinratio 0.1208 

ttH125_4e_absdetajj_mjj_genbin1_recobin3 acc 0.2928 eff 0.0019 outinratio 0.3719 

ZH125_4e_absdetajj_mjj_genbin1_recobin3 acc 0.1417 eff 0.0025 outinratio 0.2242 

ggH125_4e_absdetajj_mjj_genbin2_recobin3 acc 0.0032 eff 0.0328 outinratio 0.0966 

VBFH125_4e_absdetajj_mjj_genbin2_recobin3 acc 0.0223 eff 0.0405 outinratio 0.0458 

WminusH125_4e_absdetajj_mjj_genbin2_recobin3 acc 0.0041 eff 0.0163 outinratio 0.1532 

WplusH125_4e_absdetajj_mjj_genbin2_recobin3 acc 0.0029 eff 0.0101 outinratio 0.1208 

ttH125_4e_absdetajj_mjj_genbin2_recobin3 acc 0.0035 eff 0.0371 outinratio 0.3719 

ZH125_4e_absdetajj_mjj_genbin2_recobin3 acc 0.0022 eff 0.0 outinratio 0.2242 

ggH125_4e_absdetajj_mjj_genbin3_recobin3 acc 0.0031 eff 0.52 outinratio 0.0966 

VBFH125_4e_absdetajj_mjj_genbin3_recobin3 acc 0.0967 eff 0.3355 outinratio 0.0458 

WminusH125_4e_absdetajj_mjj_genbin3_recobin3 acc 0.0026 eff 0.4068 outinratio 0.1532 

WplusH125_4e_absdetajj_mjj_genbin3_recobin3 acc 0.0035 eff 0.339 outinratio 0.1208 

ttH125_4e_absdetajj_mjj_genbin3_recobin3 acc 0.0128 eff 0.2043 outinratio 0.3719 

ZH125_4e_absdetajj_mjj_genbin3_recobin3 acc 0.0035 eff 0.1665 outinratio 0.2242 

ggH125_4mu_absdetajj_mjj_genbin0_recobin0 acc 0.3789 eff 0.6274 outinratio 0.0463 

VBFH125_4mu_absdetajj_mjj_genbin0_recobin0 acc 0.2887 eff 0.5781 outinratio 0.0392 

WminusH125_4mu_absdetajj_mjj_genbin0_recobin0 acc 0.2434 eff 0.4813 outinratio 0.0484 

WplusH125_4mu_absdetajj_mjj_genbin0_recobin0 acc 0.1869 eff 0.5463 outinratio 0.0574 

ttH125_4mu_absdetajj_mjj_genbin0_recobin0 acc 0.0119 eff 0.2125 outinratio 0.2657 

ZH125_4mu_absdetajj_mjj_genbin0_recobin0 acc 0.1909 eff 0.5594 outinratio 0.0772 

ggH125_4mu_absdetajj_mjj_genbin1_recobin0 acc 0.0336 eff 0.1092 outinratio 0.0463 

VBFH125_4mu_absdetajj_mjj_genbin1_recobin0 acc 0.0504 eff 0.0701 outinratio 0.0392 

WminusH125_4mu_absdetajj_mjj_genbin1_recobin0 acc 0.1534 eff 0.0737 outinratio 0.0484 

WplusH125_4mu_absdetajj_mjj_genbin1_recobin0 acc 0.1368 eff 0.0767 outinratio 0.0574 

ttH125_4mu_absdetajj_mjj_genbin1_recobin0 acc 0.3272 eff 0.0087 outinratio 0.2657 

ZH125_4mu_absdetajj_mjj_genbin1_recobin0 acc 0.1545 eff 0.0868 outinratio 0.0772 

ggH125_4mu_absdetajj_mjj_genbin2_recobin0 acc 0.0035 eff 0.1194 outinratio 0.0463 

VBFH125_4mu_absdetajj_mjj_genbin2_recobin0 acc 0.0253 eff 0.1895 outinratio 0.0392 

WminusH125_4mu_absdetajj_mjj_genbin2_recobin0 acc 0.004 eff 0.0711 outinratio 0.0484 

WplusH125_4mu_absdetajj_mjj_genbin2_recobin0 acc 0.0027 eff 0.1412 outinratio 0.0574 

ttH125_4mu_absdetajj_mjj_genbin2_recobin0 acc 0.002 eff 0.0846 outinratio 0.2657 

ZH125_4mu_absdetajj_mjj_genbin2_recobin0 acc 0.0018 eff 0.1995 outinratio 0.0772 

ggH125_4mu_absdetajj_mjj_genbin3_recobin0 acc 0.0039 eff 0.1128 outinratio 0.0463 

VBFH125_4mu_absdetajj_mjj_genbin3_recobin0 acc 0.109 eff 0.0843 outinratio 0.0392 

WminusH125_4mu_absdetajj_mjj_genbin3_recobin0 acc 0.0029 eff 0.0 outinratio 0.0484 

WplusH125_4mu_absdetajj_mjj_genbin3_recobin0 acc 0.0019 eff 0.0291 outinratio 0.0574 

ttH125_4mu_absdetajj_mjj_genbin3_recobin0 acc 0.0158 eff 0.0 outinratio 0.2657 

ZH125_4mu_absdetajj_mjj_genbin3_recobin0 acc 0.0029 eff 0.0302 outinratio 0.0772 

ggH125_4mu_absdetajj_mjj_genbin0_recobin1 acc 0.3789 eff 0.0139 outinratio 0.0447 

VBFH125_4mu_absdetajj_mjj_genbin0_recobin1 acc 0.2887 eff 0.0183 outinratio 0.052 

WminusH125_4mu_absdetajj_mjj_genbin0_recobin1 acc 0.2434 eff 0.0598 outinratio 0.0649 

WplusH125_4mu_absdetajj_mjj_genbin0_recobin1 acc 0.1869 eff 0.0655 outinratio 0.0698 

ttH125_4mu_absdetajj_mjj_genbin0_recobin1 acc 0.0119 eff 0.236 outinratio 0.1316 

ZH125_4mu_absdetajj_mjj_genbin0_recobin1 acc 0.1909 eff 0.0597 outinratio 0.0974 

ggH125_4mu_absdetajj_mjj_genbin1_recobin1 acc 0.0336 eff 0.5507 outinratio 0.0447 

VBFH125_4mu_absdetajj_mjj_genbin1_recobin1 acc 0.0504 eff 0.5385 outinratio 0.052 

WminusH125_4mu_absdetajj_mjj_genbin1_recobin1 acc 0.1534 eff 0.551 outinratio 0.0649 

WplusH125_4mu_absdetajj_mjj_genbin1_recobin1 acc 0.1368 eff 0.5457 outinratio 0.0698 

ttH125_4mu_absdetajj_mjj_genbin1_recobin1 acc 0.3272 eff 0.5582 outinratio 0.1316 

ZH125_4mu_absdetajj_mjj_genbin1_recobin1 acc 0.1545 eff 0.5281 outinratio 0.0974 

ggH125_4mu_absdetajj_mjj_genbin2_recobin1 acc 0.0035 eff 0.0636 outinratio 0.0447 

VBFH125_4mu_absdetajj_mjj_genbin2_recobin1 acc 0.0253 eff 0.0232 outinratio 0.052 

WminusH125_4mu_absdetajj_mjj_genbin2_recobin1 acc 0.004 eff 0.109 outinratio 0.0649 

WplusH125_4mu_absdetajj_mjj_genbin2_recobin1 acc 0.0027 eff 0.0942 outinratio 0.0698 

ttH125_4mu_absdetajj_mjj_genbin2_recobin1 acc 0.002 eff 0.1075 outinratio 0.1316 

ZH125_4mu_absdetajj_mjj_genbin2_recobin1 acc 0.0018 eff 0.0 outinratio 0.0974 

ggH125_4mu_absdetajj_mjj_genbin3_recobin1 acc 0.0039 eff 0.0224 outinratio 0.0447 

VBFH125_4mu_absdetajj_mjj_genbin3_recobin1 acc 0.109 eff 0.0112 outinratio 0.052 

WminusH125_4mu_absdetajj_mjj_genbin3_recobin1 acc 0.0029 eff 0.0 outinratio 0.0649 

WplusH125_4mu_absdetajj_mjj_genbin3_recobin1 acc 0.0019 eff 0.0614 outinratio 0.0698 

ttH125_4mu_absdetajj_mjj_genbin3_recobin1 acc 0.0158 eff 0.1307 outinratio 0.1316 

ZH125_4mu_absdetajj_mjj_genbin3_recobin1 acc 0.0029 eff 0.0133 outinratio 0.0974 

ggH125_4mu_absdetajj_mjj_genbin0_recobin2 acc 0.3789 eff 0.0022 outinratio 0.1023 

VBFH125_4mu_absdetajj_mjj_genbin0_recobin2 acc 0.2887 eff 0.0126 outinratio 0.0273 

WminusH125_4mu_absdetajj_mjj_genbin0_recobin2 acc 0.2434 eff 0.0058 outinratio 0.0153 

WplusH125_4mu_absdetajj_mjj_genbin0_recobin2 acc 0.1869 eff 0.0039 outinratio 0.0614 

ttH125_4mu_absdetajj_mjj_genbin0_recobin2 acc 0.0119 eff 0.0 outinratio 0.6015 

ZH125_4mu_absdetajj_mjj_genbin0_recobin2 acc 0.1909 eff 0.0021 outinratio 0.0333 

ggH125_4mu_absdetajj_mjj_genbin1_recobin2 acc 0.0336 eff 0.0017 outinratio 0.1023 

VBFH125_4mu_absdetajj_mjj_genbin1_recobin2 acc 0.0504 eff 0.0115 outinratio 0.0273 

WminusH125_4mu_absdetajj_mjj_genbin1_recobin2 acc 0.1534 eff 0.0047 outinratio 0.0153 

WplusH125_4mu_absdetajj_mjj_genbin1_recobin2 acc 0.1368 eff 0.0039 outinratio 0.0614 

ttH125_4mu_absdetajj_mjj_genbin1_recobin2 acc 0.3272 eff 0.0028 outinratio 0.6015 

ZH125_4mu_absdetajj_mjj_genbin1_recobin2 acc 0.1545 eff 0.0025 outinratio 0.0333 

ggH125_4mu_absdetajj_mjj_genbin2_recobin2 acc 0.0035 eff 0.3558 outinratio 0.1023 

VBFH125_4mu_absdetajj_mjj_genbin2_recobin2 acc 0.0253 eff 0.3189 outinratio 0.0273 

WminusH125_4mu_absdetajj_mjj_genbin2_recobin2 acc 0.004 eff 0.4958 outinratio 0.0153 

WplusH125_4mu_absdetajj_mjj_genbin2_recobin2 acc 0.0027 eff 0.3476 outinratio 0.0614 

ttH125_4mu_absdetajj_mjj_genbin2_recobin2 acc 0.002 eff 0.2163 outinratio 0.6015 

ZH125_4mu_absdetajj_mjj_genbin2_recobin2 acc 0.0018 eff 0.3848 outinratio 0.0333 

ggH125_4mu_absdetajj_mjj_genbin3_recobin2 acc 0.0039 eff 0.0596 outinratio 0.1023 

VBFH125_4mu_absdetajj_mjj_genbin3_recobin2 acc 0.109 eff 0.0054 outinratio 0.0273 

WminusH125_4mu_absdetajj_mjj_genbin3_recobin2 acc 0.0029 eff 0.0373 outinratio 0.0153 

WplusH125_4mu_absdetajj_mjj_genbin3_recobin2 acc 0.0019 eff 0.0984 outinratio 0.0614 

ttH125_4mu_absdetajj_mjj_genbin3_recobin2 acc 0.0158 eff 0.0109 outinratio 0.6015 

ZH125_4mu_absdetajj_mjj_genbin3_recobin2 acc 0.0029 eff 0.0 outinratio 0.0333 

ggH125_4mu_absdetajj_mjj_genbin0_recobin3 acc 0.3789 eff 0.0009 outinratio 0.0392 

VBFH125_4mu_absdetajj_mjj_genbin0_recobin3 acc 0.2887 eff 0.0384 outinratio 0.0261 

WminusH125_4mu_absdetajj_mjj_genbin0_recobin3 acc 0.2434 eff 0.0016 outinratio 0.0 

WplusH125_4mu_absdetajj_mjj_genbin0_recobin3 acc 0.1869 eff 0.0018 outinratio 0.0316 

ttH125_4mu_absdetajj_mjj_genbin0_recobin3 acc 0.0119 eff 0.017 outinratio 0.0724 

ZH125_4mu_absdetajj_mjj_genbin0_recobin3 acc 0.1909 eff 0.001 outinratio 0.0693 

ggH125_4mu_absdetajj_mjj_genbin1_recobin3 acc 0.0336 eff 0.0046 outinratio 0.0392 

VBFH125_4mu_absdetajj_mjj_genbin1_recobin3 acc 0.0504 eff 0.017 outinratio 0.0261 

WminusH125_4mu_absdetajj_mjj_genbin1_recobin3 acc 0.1534 eff 0.0004 outinratio 0.0 

WplusH125_4mu_absdetajj_mjj_genbin1_recobin3 acc 0.1368 eff 0.0021 outinratio 0.0316 

ttH125_4mu_absdetajj_mjj_genbin1_recobin3 acc 0.3272 eff 0.0044 outinratio 0.0724 

ZH125_4mu_absdetajj_mjj_genbin1_recobin3 acc 0.1545 eff 0.0025 outinratio 0.0693 

ggH125_4mu_absdetajj_mjj_genbin2_recobin3 acc 0.0035 eff 0.0542 outinratio 0.0392 

VBFH125_4mu_absdetajj_mjj_genbin2_recobin3 acc 0.0253 eff 0.0728 outinratio 0.0261 

WminusH125_4mu_absdetajj_mjj_genbin2_recobin3 acc 0.004 eff 0.024 outinratio 0.0 

WplusH125_4mu_absdetajj_mjj_genbin2_recobin3 acc 0.0027 eff 0.0452 outinratio 0.0316 

ttH125_4mu_absdetajj_mjj_genbin2_recobin3 acc 0.002 eff 0.1141 outinratio 0.0724 

ZH125_4mu_absdetajj_mjj_genbin2_recobin3 acc 0.0018 eff 0.0 outinratio 0.0693 

ggH125_4mu_absdetajj_mjj_genbin3_recobin3 acc 0.0039 eff 0.5685 outinratio 0.0392 

VBFH125_4mu_absdetajj_mjj_genbin3_recobin3 acc 0.109 eff 0.554 outinratio 0.0261 

WminusH125_4mu_absdetajj_mjj_genbin3_recobin3 acc 0.0029 eff 0.3906 outinratio 0.0 

WplusH125_4mu_absdetajj_mjj_genbin3_recobin3 acc 0.0019 eff 0.4198 outinratio 0.0316 

ttH125_4mu_absdetajj_mjj_genbin3_recobin3 acc 0.0158 eff 0.4233 outinratio 0.0724 

ZH125_4mu_absdetajj_mjj_genbin3_recobin3 acc 0.0029 eff 0.4321 outinratio 0.0693 

ggH125_2e2mu_absdetajj_mjj_genbin0_recobin0 acc 0.3469 eff 0.4886 outinratio 0.0547 

VBFH125_2e2mu_absdetajj_mjj_genbin0_recobin0 acc 0.2583 eff 0.4743 outinratio 0.0391 

WminusH125_2e2mu_absdetajj_mjj_genbin0_recobin0 acc 0.2276 eff 0.3777 outinratio 0.0553 

WplusH125_2e2mu_absdetajj_mjj_genbin0_recobin0 acc 0.1656 eff 0.4453 outinratio 0.0778 

ttH125_2e2mu_absdetajj_mjj_genbin0_recobin0 acc 0.0117 eff 0.1926 outinratio 0.2448 

ZH125_2e2mu_absdetajj_mjj_genbin0_recobin0 acc 0.1742 eff 0.4491 outinratio 0.0912 

ggH125_2e2mu_absdetajj_mjj_genbin1_recobin0 acc 0.0286 eff 0.0862 outinratio 0.0547 

VBFH125_2e2mu_absdetajj_mjj_genbin1_recobin0 acc 0.0519 eff 0.0752 outinratio 0.0391 

WminusH125_2e2mu_absdetajj_mjj_genbin1_recobin0 acc 0.1411 eff 0.059 outinratio 0.0553 

WplusH125_2e2mu_absdetajj_mjj_genbin1_recobin0 acc 0.124 eff 0.0673 outinratio 0.0778 

ttH125_2e2mu_absdetajj_mjj_genbin1_recobin0 acc 0.3035 eff 0.0053 outinratio 0.2448 

ZH125_2e2mu_absdetajj_mjj_genbin1_recobin0 acc 0.1471 eff 0.0807 outinratio 0.0912 

ggH125_2e2mu_absdetajj_mjj_genbin2_recobin0 acc 0.003 eff 0.1498 outinratio 0.0547 

VBFH125_2e2mu_absdetajj_mjj_genbin2_recobin0 acc 0.0234 eff 0.113 outinratio 0.0391 

WminusH125_2e2mu_absdetajj_mjj_genbin2_recobin0 acc 0.0031 eff 0.1539 outinratio 0.0553 

WplusH125_2e2mu_absdetajj_mjj_genbin2_recobin0 acc 0.003 eff 0.0856 outinratio 0.0778 

ttH125_2e2mu_absdetajj_mjj_genbin2_recobin0 acc 0.0031 eff 0.0 outinratio 0.2448 

ZH125_2e2mu_absdetajj_mjj_genbin2_recobin0 acc 0.0033 eff 0.099 outinratio 0.0912 

ggH125_2e2mu_absdetajj_mjj_genbin3_recobin0 acc 0.0045 eff 0.0565 outinratio 0.0547 

VBFH125_2e2mu_absdetajj_mjj_genbin3_recobin0 acc 0.1005 eff 0.0878 outinratio 0.0391 

WminusH125_2e2mu_absdetajj_mjj_genbin3_recobin0 acc 0.0028 eff 0.0338 outinratio 0.0553 

WplusH125_2e2mu_absdetajj_mjj_genbin3_recobin0 acc 0.0026 eff 0.0106 outinratio 0.0778 

ttH125_2e2mu_absdetajj_mjj_genbin3_recobin0 acc 0.0128 eff 0.004 outinratio 0.2448 

ZH125_2e2mu_absdetajj_mjj_genbin3_recobin0 acc 0.0032 eff 0.0054 outinratio 0.0912 

ggH125_2e2mu_absdetajj_mjj_genbin0_recobin1 acc 0.3469 eff 0.0136 outinratio 0.0701 

VBFH125_2e2mu_absdetajj_mjj_genbin0_recobin1 acc 0.2583 eff 0.017 outinratio 0.0558 

WminusH125_2e2mu_absdetajj_mjj_genbin0_recobin1 acc 0.2276 eff 0.0458 outinratio 0.0849 

WplusH125_2e2mu_absdetajj_mjj_genbin0_recobin1 acc 0.1656 eff 0.0576 outinratio 0.0901 

ttH125_2e2mu_absdetajj_mjj_genbin0_recobin1 acc 0.0117 eff 0.164 outinratio 0.1861 

ZH125_2e2mu_absdetajj_mjj_genbin0_recobin1 acc 0.1742 eff 0.0557 outinratio 0.0983 

ggH125_2e2mu_absdetajj_mjj_genbin1_recobin1 acc 0.0286 eff 0.4221 outinratio 0.0701 

VBFH125_2e2mu_absdetajj_mjj_genbin1_recobin1 acc 0.0519 eff 0.4099 outinratio 0.0558 

WminusH125_2e2mu_absdetajj_mjj_genbin1_recobin1 acc 0.1411 eff 0.4607 outinratio 0.0849 

WplusH125_2e2mu_absdetajj_mjj_genbin1_recobin1 acc 0.124 eff 0.4571 outinratio 0.0901 

ttH125_2e2mu_absdetajj_mjj_genbin1_recobin1 acc 0.3035 eff 0.4665 outinratio 0.1861 

ZH125_2e2mu_absdetajj_mjj_genbin1_recobin1 acc 0.1471 eff 0.4478 outinratio 0.0983 

ggH125_2e2mu_absdetajj_mjj_genbin2_recobin1 acc 0.003 eff 0.0295 outinratio 0.0701 

VBFH125_2e2mu_absdetajj_mjj_genbin2_recobin1 acc 0.0234 eff 0.0119 outinratio 0.0558 

WminusH125_2e2mu_absdetajj_mjj_genbin2_recobin1 acc 0.0031 eff 0.1208 outinratio 0.0849 

WplusH125_2e2mu_absdetajj_mjj_genbin2_recobin1 acc 0.003 eff 0.0721 outinratio 0.0901 

ttH125_2e2mu_absdetajj_mjj_genbin2_recobin1 acc 0.0031 eff 0.0823 outinratio 0.1861 

ZH125_2e2mu_absdetajj_mjj_genbin2_recobin1 acc 0.0033 eff 0.0869 outinratio 0.0983 

ggH125_2e2mu_absdetajj_mjj_genbin3_recobin1 acc 0.0045 eff 0.0327 outinratio 0.0701 

VBFH125_2e2mu_absdetajj_mjj_genbin3_recobin1 acc 0.1005 eff 0.0132 outinratio 0.0558 

WminusH125_2e2mu_absdetajj_mjj_genbin3_recobin1 acc 0.0028 eff 0.0048 outinratio 0.0849 

WplusH125_2e2mu_absdetajj_mjj_genbin3_recobin1 acc 0.0026 eff 0.1217 outinratio 0.0901 

ttH125_2e2mu_absdetajj_mjj_genbin3_recobin1 acc 0.0128 eff 0.1525 outinratio 0.1861 

ZH125_2e2mu_absdetajj_mjj_genbin3_recobin1 acc 0.0032 eff 0.0745 outinratio 0.0983 

ggH125_2e2mu_absdetajj_mjj_genbin0_recobin2 acc 0.3469 eff 0.0014 outinratio 0.1371 

VBFH125_2e2mu_absdetajj_mjj_genbin0_recobin2 acc 0.2583 eff 0.0103 outinratio 0.0368 

WminusH125_2e2mu_absdetajj_mjj_genbin0_recobin2 acc 0.2276 eff 0.0014 outinratio 0.2302 

WplusH125_2e2mu_absdetajj_mjj_genbin0_recobin2 acc 0.1656 eff 0.0024 outinratio 0.1252 

ttH125_2e2mu_absdetajj_mjj_genbin0_recobin2 acc 0.0117 eff 0.0 outinratio 0.1646 

ZH125_2e2mu_absdetajj_mjj_genbin0_recobin2 acc 0.1742 eff 0.0021 outinratio 0.1232 

ggH125_2e2mu_absdetajj_mjj_genbin1_recobin2 acc 0.0286 eff 0.0022 outinratio 0.1371 

VBFH125_2e2mu_absdetajj_mjj_genbin1_recobin2 acc 0.0519 eff 0.0067 outinratio 0.0368 

WminusH125_2e2mu_absdetajj_mjj_genbin1_recobin2 acc 0.1411 eff 0.0027 outinratio 0.2302 

WplusH125_2e2mu_absdetajj_mjj_genbin1_recobin2 acc 0.124 eff 0.0019 outinratio 0.1252 

ttH125_2e2mu_absdetajj_mjj_genbin1_recobin2 acc 0.3035 eff 0.0022 outinratio 0.1646 

ZH125_2e2mu_absdetajj_mjj_genbin1_recobin2 acc 0.1471 eff 0.0002 outinratio 0.1232 

ggH125_2e2mu_absdetajj_mjj_genbin2_recobin2 acc 0.003 eff 0.2808 outinratio 0.1371 

VBFH125_2e2mu_absdetajj_mjj_genbin2_recobin2 acc 0.0234 eff 0.323 outinratio 0.0368 

WminusH125_2e2mu_absdetajj_mjj_genbin2_recobin2 acc 0.0031 eff 0.1036 outinratio 0.2302 

WplusH125_2e2mu_absdetajj_mjj_genbin2_recobin2 acc 0.003 eff 0.3406 outinratio 0.1252 

ttH125_2e2mu_absdetajj_mjj_genbin2_recobin2 acc 0.0031 eff 0.2078 outinratio 0.1646 

ZH125_2e2mu_absdetajj_mjj_genbin2_recobin2 acc 0.0033 eff 0.2291 outinratio 0.1232 

ggH125_2e2mu_absdetajj_mjj_genbin3_recobin2 acc 0.0045 eff 0.0319 outinratio 0.1371 

VBFH125_2e2mu_absdetajj_mjj_genbin3_recobin2 acc 0.1005 eff 0.0062 outinratio 0.0368 

WminusH125_2e2mu_absdetajj_mjj_genbin3_recobin2 acc 0.0028 eff 0.0251 outinratio 0.2302 

WplusH125_2e2mu_absdetajj_mjj_genbin3_recobin2 acc 0.0026 eff 0.0053 outinratio 0.1252 

ttH125_2e2mu_absdetajj_mjj_genbin3_recobin2 acc 0.0128 eff 0.0312 outinratio 0.1646 

ZH125_2e2mu_absdetajj_mjj_genbin3_recobin2 acc 0.0032 eff 0.0315 outinratio 0.1232 

ggH125_2e2mu_absdetajj_mjj_genbin0_recobin3 acc 0.3469 eff 0.0007 outinratio 0.043 

VBFH125_2e2mu_absdetajj_mjj_genbin0_recobin3 acc 0.2583 eff 0.0344 outinratio 0.0369 

WminusH125_2e2mu_absdetajj_mjj_genbin0_recobin3 acc 0.2276 eff 0.0014 outinratio 0.0067 

WplusH125_2e2mu_absdetajj_mjj_genbin0_recobin3 acc 0.1656 eff 0.0023 outinratio 0.0787 

ttH125_2e2mu_absdetajj_mjj_genbin0_recobin3 acc 0.0117 eff 0.0 outinratio 0.167 

ZH125_2e2mu_absdetajj_mjj_genbin0_recobin3 acc 0.1742 eff 0.0015 outinratio 0.0961 

ggH125_2e2mu_absdetajj_mjj_genbin1_recobin3 acc 0.0286 eff 0.0033 outinratio 0.043 

VBFH125_2e2mu_absdetajj_mjj_genbin1_recobin3 acc 0.0519 eff 0.0165 outinratio 0.0369 

WminusH125_2e2mu_absdetajj_mjj_genbin1_recobin3 acc 0.1411 eff 0.0024 outinratio 0.0067 

WplusH125_2e2mu_absdetajj_mjj_genbin1_recobin3 acc 0.124 eff 0.0018 outinratio 0.0787 

ttH125_2e2mu_absdetajj_mjj_genbin1_recobin3 acc 0.3035 eff 0.0057 outinratio 0.167 

ZH125_2e2mu_absdetajj_mjj_genbin1_recobin3 acc 0.1471 eff 0.0007 outinratio 0.0961 

ggH125_2e2mu_absdetajj_mjj_genbin2_recobin3 acc 0.003 eff 0.0139 outinratio 0.043 

VBFH125_2e2mu_absdetajj_mjj_genbin2_recobin3 acc 0.0234 eff 0.0758 outinratio 0.0369 

WminusH125_2e2mu_absdetajj_mjj_genbin2_recobin3 acc 0.0031 eff 0.0382 outinratio 0.0067 

WplusH125_2e2mu_absdetajj_mjj_genbin2_recobin3 acc 0.003 eff 0.0143 outinratio 0.0787 

ttH125_2e2mu_absdetajj_mjj_genbin2_recobin3 acc 0.0031 eff 0.0655 outinratio 0.167 

ZH125_2e2mu_absdetajj_mjj_genbin2_recobin3 acc 0.0033 eff 0.0604 outinratio 0.0961 

ggH125_2e2mu_absdetajj_mjj_genbin3_recobin3 acc 0.0045 eff 0.365 outinratio 0.043 

VBFH125_2e2mu_absdetajj_mjj_genbin3_recobin3 acc 0.1005 eff 0.4479 outinratio 0.0369 

WminusH125_2e2mu_absdetajj_mjj_genbin3_recobin3 acc 0.0028 eff 0.4684 outinratio 0.0067 

WplusH125_2e2mu_absdetajj_mjj_genbin3_recobin3 acc 0.0026 eff 0.3438 outinratio 0.0787 

ttH125_2e2mu_absdetajj_mjj_genbin3_recobin3 acc 0.0128 eff 0.2898 outinratio 0.167 

ZH125_2e2mu_absdetajj_mjj_genbin3_recobin3 acc 0.0032 eff 0.4165 outinratio 0.0961 

Coeff fullNNLOPS
