Welcome in RunCoefficients!
['2023postBPix_1']
It is a double-differential measurement, binning for the 1st variable {0: [-100.0, 0.0], 1: [0.0, 3.0], 2: [3.0, 10.0], 3: [3.0, 10.0]} and for the 2nd variable {0: [-100.0, 0.0], 1: [0.0, 10000.0], 2: [0.0, 450.0], 3: [450.0, 10000.0]}
{0: [-100.0, 0.0, -100.0, 0.0], 1: [0.0, 3.0, 0.0, 10000.0], 2: [3.0, 10.0, 0.0, 450.0], 3: [3.0, 10.0, 450.0, 10000.0]}
absdetajj
Following observables extracted from dictionary: RECO =  absdetajj  GEN =  GENabsdetajj
It is a double-differential measurement: RECO_2nd =  mjj  GEN_2nd =  GENmjj
LUMI: 9.693
ZH125 0.0007061505
Processing ggH125 2023postBPix_1
Signal created
Signal failed created
Processing VBFH125 2023postBPix_1
Signal created
Signal failed created
Processing WminusH125 2023postBPix_1
Signal created
Signal failed created
Processing WplusH125 2023postBPix_1
Signal created
Signal failed created
Processing ttH125 2023postBPix_1
Signal created
Signal failed created
Processing ZH125 2023postBPix_1
Signal created
Signal failed created
2023postBPix_1 SKIMMED df CREATED
2023postBPix_1 ggH125
2023postBPix_1 VBFH125
2023postBPix_1 WminusH125
2023postBPix_1 WplusH125
2023postBPix_1 ttH125
2023postBPix_1 ZH125
Dataframes created successfully
Coeff std
ggH125_4l_absdetajj_mjj_genbin0_recobin0 acc 0.3597 eff 0.5933 outinratio 0.0506 

VBFH125_4l_absdetajj_mjj_genbin0_recobin0 acc 0.2655 eff 0.5516 outinratio 0.0284 

WminusH125_4l_absdetajj_mjj_genbin0_recobin0 acc 0.2027 eff 0.5327 outinratio 0.0687 

WplusH125_4l_absdetajj_mjj_genbin0_recobin0 acc 0.1762 eff 0.5254 outinratio 0.0721 

ttH125_4l_absdetajj_mjj_genbin0_recobin0 acc 0.0093 eff 0.2333 outinratio 0.2209 

ZH125_4l_absdetajj_mjj_genbin0_recobin0 acc 0.1872 eff 0.5274 outinratio 0.0823 

ggH125_4l_absdetajj_mjj_genbin1_recobin0 acc 0.0321 eff 0.094 outinratio 0.0506 

VBFH125_4l_absdetajj_mjj_genbin1_recobin0 acc 0.0533 eff 0.0879 outinratio 0.0284 

WminusH125_4l_absdetajj_mjj_genbin1_recobin0 acc 0.1416 eff 0.0738 outinratio 0.0687 

WplusH125_4l_absdetajj_mjj_genbin1_recobin0 acc 0.1298 eff 0.0707 outinratio 0.0721 

ttH125_4l_absdetajj_mjj_genbin1_recobin0 acc 0.2919 eff 0.0094 outinratio 0.2209 

ZH125_4l_absdetajj_mjj_genbin1_recobin0 acc 0.148 eff 0.082 outinratio 0.0823 

ggH125_4l_absdetajj_mjj_genbin2_recobin0 acc 0.0035 eff 0.1591 outinratio 0.0506 

VBFH125_4l_absdetajj_mjj_genbin2_recobin0 acc 0.0236 eff 0.1565 outinratio 0.0284 

WminusH125_4l_absdetajj_mjj_genbin2_recobin0 acc 0.003 eff 0.1067 outinratio 0.0687 

WplusH125_4l_absdetajj_mjj_genbin2_recobin0 acc 0.0026 eff 0.1061 outinratio 0.0721 

ttH125_4l_absdetajj_mjj_genbin2_recobin0 acc 0.0025 eff 0.0078 outinratio 0.2209 

ZH125_4l_absdetajj_mjj_genbin2_recobin0 acc 0.0035 eff 0.1288 outinratio 0.0823 

ggH125_4l_absdetajj_mjj_genbin3_recobin0 acc 0.0035 eff 0.0681 outinratio 0.0506 

VBFH125_4l_absdetajj_mjj_genbin3_recobin0 acc 0.1042 eff 0.1305 outinratio 0.0284 

WminusH125_4l_absdetajj_mjj_genbin3_recobin0 acc 0.0026 eff 0.0266 outinratio 0.0687 

WplusH125_4l_absdetajj_mjj_genbin3_recobin0 acc 0.0027 eff 0.0248 outinratio 0.0721 

ttH125_4l_absdetajj_mjj_genbin3_recobin0 acc 0.0122 eff 0.006 outinratio 0.2209 

ZH125_4l_absdetajj_mjj_genbin3_recobin0 acc 0.003 eff 0.0426 outinratio 0.0823 

ggH125_4l_absdetajj_mjj_genbin0_recobin1 acc 0.3597 eff 0.0138 outinratio 0.0807 

VBFH125_4l_absdetajj_mjj_genbin0_recobin1 acc 0.2655 eff 0.021 outinratio 0.0458 

WminusH125_4l_absdetajj_mjj_genbin0_recobin1 acc 0.2027 eff 0.0676 outinratio 0.0754 

WplusH125_4l_absdetajj_mjj_genbin0_recobin1 acc 0.1762 eff 0.0648 outinratio 0.0784 

ttH125_4l_absdetajj_mjj_genbin0_recobin1 acc 0.0093 eff 0.3637 outinratio 0.1665 

ZH125_4l_absdetajj_mjj_genbin0_recobin1 acc 0.1872 eff 0.0552 outinratio 0.0689 

ggH125_4l_absdetajj_mjj_genbin1_recobin1 acc 0.0321 eff 0.5103 outinratio 0.0807 

VBFH125_4l_absdetajj_mjj_genbin1_recobin1 acc 0.0533 eff 0.5373 outinratio 0.0458 

WminusH125_4l_absdetajj_mjj_genbin1_recobin1 acc 0.1416 eff 0.5342 outinratio 0.0754 

WplusH125_4l_absdetajj_mjj_genbin1_recobin1 acc 0.1298 eff 0.5368 outinratio 0.0784 

ttH125_4l_absdetajj_mjj_genbin1_recobin1 acc 0.2919 eff 0.5684 outinratio 0.1665 

ZH125_4l_absdetajj_mjj_genbin1_recobin1 acc 0.148 eff 0.5115 outinratio 0.0689 

ggH125_4l_absdetajj_mjj_genbin2_recobin1 acc 0.0035 eff 0.0603 outinratio 0.0807 

VBFH125_4l_absdetajj_mjj_genbin2_recobin1 acc 0.0236 eff 0.037 outinratio 0.0458 

WminusH125_4l_absdetajj_mjj_genbin2_recobin1 acc 0.003 eff 0.1126 outinratio 0.0754 

WplusH125_4l_absdetajj_mjj_genbin2_recobin1 acc 0.0026 eff 0.114 outinratio 0.0784 

ttH125_4l_absdetajj_mjj_genbin2_recobin1 acc 0.0025 eff 0.0859 outinratio 0.1665 

ZH125_4l_absdetajj_mjj_genbin2_recobin1 acc 0.0035 eff 0.2011 outinratio 0.0689 

ggH125_4l_absdetajj_mjj_genbin3_recobin1 acc 0.0035 eff 0.0505 outinratio 0.0807 

VBFH125_4l_absdetajj_mjj_genbin3_recobin1 acc 0.1042 eff 0.0137 outinratio 0.0458 

WminusH125_4l_absdetajj_mjj_genbin3_recobin1 acc 0.0026 eff 0.1087 outinratio 0.0754 

WplusH125_4l_absdetajj_mjj_genbin3_recobin1 acc 0.0027 eff 0.104 outinratio 0.0784 

ttH125_4l_absdetajj_mjj_genbin3_recobin1 acc 0.0122 eff 0.1565 outinratio 0.1665 

ZH125_4l_absdetajj_mjj_genbin3_recobin1 acc 0.003 eff 0.0339 outinratio 0.0689 

ggH125_4l_absdetajj_mjj_genbin0_recobin2 acc 0.3597 eff 0.003 outinratio 0.0735 

VBFH125_4l_absdetajj_mjj_genbin0_recobin2 acc 0.2655 eff 0.0122 outinratio 0.034 

WminusH125_4l_absdetajj_mjj_genbin0_recobin2 acc 0.2027 eff 0.0029 outinratio 0.0755 

WplusH125_4l_absdetajj_mjj_genbin0_recobin2 acc 0.1762 eff 0.0033 outinratio 0.0753 

ttH125_4l_absdetajj_mjj_genbin0_recobin2 acc 0.0093 eff 0.0085 outinratio 0.2706 

ZH125_4l_absdetajj_mjj_genbin0_recobin2 acc 0.1872 eff 0.0025 outinratio 0.0763 

ggH125_4l_absdetajj_mjj_genbin1_recobin2 acc 0.0321 eff 0.0052 outinratio 0.0735 

VBFH125_4l_absdetajj_mjj_genbin1_recobin2 acc 0.0533 eff 0.0098 outinratio 0.034 

WminusH125_4l_absdetajj_mjj_genbin1_recobin2 acc 0.1416 eff 0.0025 outinratio 0.0755 

WplusH125_4l_absdetajj_mjj_genbin1_recobin2 acc 0.1298 eff 0.003 outinratio 0.0753 

ttH125_4l_absdetajj_mjj_genbin1_recobin2 acc 0.2919 eff 0.0017 outinratio 0.2706 

ZH125_4l_absdetajj_mjj_genbin1_recobin2 acc 0.148 eff 0.0033 outinratio 0.0763 

ggH125_4l_absdetajj_mjj_genbin2_recobin2 acc 0.0035 eff 0.3475 outinratio 0.0735 

VBFH125_4l_absdetajj_mjj_genbin2_recobin2 acc 0.0236 eff 0.354 outinratio 0.034 

WminusH125_4l_absdetajj_mjj_genbin2_recobin2 acc 0.003 eff 0.3137 outinratio 0.0755 

WplusH125_4l_absdetajj_mjj_genbin2_recobin2 acc 0.0026 eff 0.3068 outinratio 0.0753 

ttH125_4l_absdetajj_mjj_genbin2_recobin2 acc 0.0025 eff 0.3144 outinratio 0.2706 

ZH125_4l_absdetajj_mjj_genbin2_recobin2 acc 0.0035 eff 0.3463 outinratio 0.0763 

ggH125_4l_absdetajj_mjj_genbin3_recobin2 acc 0.0035 eff 0.043 outinratio 0.0735 

VBFH125_4l_absdetajj_mjj_genbin3_recobin2 acc 0.1042 eff 0.0123 outinratio 0.034 

WminusH125_4l_absdetajj_mjj_genbin3_recobin2 acc 0.0026 eff 0.026 outinratio 0.0755 

WplusH125_4l_absdetajj_mjj_genbin3_recobin2 acc 0.0027 eff 0.0263 outinratio 0.0753 

ttH125_4l_absdetajj_mjj_genbin3_recobin2 acc 0.0122 eff 0.013 outinratio 0.2706 

ZH125_4l_absdetajj_mjj_genbin3_recobin2 acc 0.003 eff 0.029 outinratio 0.0763 

ggH125_4l_absdetajj_mjj_genbin0_recobin3 acc 0.3597 eff 0.0012 outinratio 0.0715 

VBFH125_4l_absdetajj_mjj_genbin0_recobin3 acc 0.2655 eff 0.0297 outinratio 0.0384 

WminusH125_4l_absdetajj_mjj_genbin0_recobin3 acc 0.2027 eff 0.0011 outinratio 0.0851 

WplusH125_4l_absdetajj_mjj_genbin0_recobin3 acc 0.1762 eff 0.0015 outinratio 0.1045 

ttH125_4l_absdetajj_mjj_genbin0_recobin3 acc 0.0093 eff 0.0172 outinratio 0.1712 

ZH125_4l_absdetajj_mjj_genbin0_recobin3 acc 0.1872 eff 0.0008 outinratio 0.0721 

ggH125_4l_absdetajj_mjj_genbin1_recobin3 acc 0.0321 eff 0.0061 outinratio 0.0715 

VBFH125_4l_absdetajj_mjj_genbin1_recobin3 acc 0.0533 eff 0.0165 outinratio 0.0384 

WminusH125_4l_absdetajj_mjj_genbin1_recobin3 acc 0.1416 eff 0.003 outinratio 0.0851 

WplusH125_4l_absdetajj_mjj_genbin1_recobin3 acc 0.1298 eff 0.0026 outinratio 0.1045 

ttH125_4l_absdetajj_mjj_genbin1_recobin3 acc 0.2919 eff 0.0063 outinratio 0.1712 

ZH125_4l_absdetajj_mjj_genbin1_recobin3 acc 0.148 eff 0.0022 outinratio 0.0721 

ggH125_4l_absdetajj_mjj_genbin2_recobin3 acc 0.0035 eff 0.0369 outinratio 0.0715 

VBFH125_4l_absdetajj_mjj_genbin2_recobin3 acc 0.0236 eff 0.0902 outinratio 0.0384 

WminusH125_4l_absdetajj_mjj_genbin2_recobin3 acc 0.003 eff 0.0471 outinratio 0.0851 

WplusH125_4l_absdetajj_mjj_genbin2_recobin3 acc 0.0026 eff 0.0487 outinratio 0.1045 

ttH125_4l_absdetajj_mjj_genbin2_recobin3 acc 0.0025 eff 0.127 outinratio 0.1712 

ZH125_4l_absdetajj_mjj_genbin2_recobin3 acc 0.0035 eff 0.0363 outinratio 0.0721 

ggH125_4l_absdetajj_mjj_genbin3_recobin3 acc 0.0035 eff 0.4805 outinratio 0.0715 

VBFH125_4l_absdetajj_mjj_genbin3_recobin3 acc 0.1042 eff 0.481 outinratio 0.0384 

WminusH125_4l_absdetajj_mjj_genbin3_recobin3 acc 0.0026 eff 0.4274 outinratio 0.0851 

WplusH125_4l_absdetajj_mjj_genbin3_recobin3 acc 0.0027 eff 0.4609 outinratio 0.1045 

ttH125_4l_absdetajj_mjj_genbin3_recobin3 acc 0.0122 eff 0.4582 outinratio 0.1712 

ZH125_4l_absdetajj_mjj_genbin3_recobin3 acc 0.003 eff 0.4551 outinratio 0.0721 

ggH125_4e_absdetajj_mjj_genbin0_recobin0 acc 0.3431 eff 0.378 outinratio 0.0516 

VBFH125_4e_absdetajj_mjj_genbin0_recobin0 acc 0.2539 eff 0.3491 outinratio 0.0361 

WminusH125_4e_absdetajj_mjj_genbin0_recobin0 acc 0.1961 eff 0.3473 outinratio 0.0719 

WplusH125_4e_absdetajj_mjj_genbin0_recobin0 acc 0.1726 eff 0.3437 outinratio 0.0715 

ttH125_4e_absdetajj_mjj_genbin0_recobin0 acc 0.0088 eff 0.2095 outinratio 0.3107 

ZH125_4e_absdetajj_mjj_genbin0_recobin0 acc 0.1861 eff 0.3575 outinratio 0.0738 

ggH125_4e_absdetajj_mjj_genbin1_recobin0 acc 0.0306 eff 0.0508 outinratio 0.0516 

VBFH125_4e_absdetajj_mjj_genbin1_recobin0 acc 0.0537 eff 0.0605 outinratio 0.0361 

WminusH125_4e_absdetajj_mjj_genbin1_recobin0 acc 0.1378 eff 0.0461 outinratio 0.0719 

WplusH125_4e_absdetajj_mjj_genbin1_recobin0 acc 0.126 eff 0.0445 outinratio 0.0715 

ttH125_4e_absdetajj_mjj_genbin1_recobin0 acc 0.2855 eff 0.0045 outinratio 0.3107 

ZH125_4e_absdetajj_mjj_genbin1_recobin0 acc 0.1487 eff 0.0561 outinratio 0.0738 

ggH125_4e_absdetajj_mjj_genbin2_recobin0 acc 0.003 eff 0.1688 outinratio 0.0516 

VBFH125_4e_absdetajj_mjj_genbin2_recobin0 acc 0.0227 eff 0.1017 outinratio 0.0361 

WminusH125_4e_absdetajj_mjj_genbin2_recobin0 acc 0.003 eff 0.0834 outinratio 0.0719 

WplusH125_4e_absdetajj_mjj_genbin2_recobin0 acc 0.0025 eff 0.0629 outinratio 0.0715 

ttH125_4e_absdetajj_mjj_genbin2_recobin0 acc 0.0021 eff -1.0 outinratio 0.3107 

ZH125_4e_absdetajj_mjj_genbin2_recobin0 acc 0.0031 eff 0.0656 outinratio 0.0738 

ggH125_4e_absdetajj_mjj_genbin3_recobin0 acc 0.0028 eff 0.0581 outinratio 0.0516 

VBFH125_4e_absdetajj_mjj_genbin3_recobin0 acc 0.1015 eff 0.0963 outinratio 0.0361 

WminusH125_4e_absdetajj_mjj_genbin3_recobin0 acc 0.0024 eff 0.0 outinratio 0.0719 

WplusH125_4e_absdetajj_mjj_genbin3_recobin0 acc 0.0025 eff 0.0112 outinratio 0.0715 

ttH125_4e_absdetajj_mjj_genbin3_recobin0 acc 0.0128 eff 0.0218 outinratio 0.3107 

ZH125_4e_absdetajj_mjj_genbin3_recobin0 acc 0.0027 eff 0.0 outinratio 0.0738 

ggH125_4e_absdetajj_mjj_genbin0_recobin1 acc 0.3431 eff 0.0081 outinratio 0.1028 

VBFH125_4e_absdetajj_mjj_genbin0_recobin1 acc 0.2539 eff 0.0156 outinratio 0.0343 

WminusH125_4e_absdetajj_mjj_genbin0_recobin1 acc 0.1961 eff 0.0411 outinratio 0.0796 

WplusH125_4e_absdetajj_mjj_genbin0_recobin1 acc 0.1726 eff 0.0389 outinratio 0.0844 

ttH125_4e_absdetajj_mjj_genbin0_recobin1 acc 0.0088 eff 0.2843 outinratio 0.2459 

ZH125_4e_absdetajj_mjj_genbin0_recobin1 acc 0.1861 eff 0.0261 outinratio 0.0515 

ggH125_4e_absdetajj_mjj_genbin1_recobin1 acc 0.0306 eff 0.306 outinratio 0.1028 

VBFH125_4e_absdetajj_mjj_genbin1_recobin1 acc 0.0537 eff 0.3679 outinratio 0.0343 

WminusH125_4e_absdetajj_mjj_genbin1_recobin1 acc 0.1378 eff 0.3547 outinratio 0.0796 

WplusH125_4e_absdetajj_mjj_genbin1_recobin1 acc 0.126 eff 0.3494 outinratio 0.0844 

ttH125_4e_absdetajj_mjj_genbin1_recobin1 acc 0.2855 eff 0.3622 outinratio 0.2459 

ZH125_4e_absdetajj_mjj_genbin1_recobin1 acc 0.1487 eff 0.3336 outinratio 0.0515 

ggH125_4e_absdetajj_mjj_genbin2_recobin1 acc 0.003 eff 0.0216 outinratio 0.1028 

VBFH125_4e_absdetajj_mjj_genbin2_recobin1 acc 0.0227 eff 0.0183 outinratio 0.0343 

WminusH125_4e_absdetajj_mjj_genbin2_recobin1 acc 0.003 eff 0.072 outinratio 0.0796 

WplusH125_4e_absdetajj_mjj_genbin2_recobin1 acc 0.0025 eff 0.0638 outinratio 0.0844 

ttH125_4e_absdetajj_mjj_genbin2_recobin1 acc 0.0021 eff -1.0 outinratio 0.2459 

ZH125_4e_absdetajj_mjj_genbin2_recobin1 acc 0.0031 eff 0.201 outinratio 0.0515 

ggH125_4e_absdetajj_mjj_genbin3_recobin1 acc 0.0028 eff 0.0247 outinratio 0.1028 

VBFH125_4e_absdetajj_mjj_genbin3_recobin1 acc 0.1015 eff 0.0093 outinratio 0.0343 

WminusH125_4e_absdetajj_mjj_genbin3_recobin1 acc 0.0024 eff 0.0772 outinratio 0.0796 

WplusH125_4e_absdetajj_mjj_genbin3_recobin1 acc 0.0025 eff 0.0615 outinratio 0.0844 

ttH125_4e_absdetajj_mjj_genbin3_recobin1 acc 0.0128 eff 0.114 outinratio 0.2459 

ZH125_4e_absdetajj_mjj_genbin3_recobin1 acc 0.0027 eff 0.003 outinratio 0.0515 

ggH125_4e_absdetajj_mjj_genbin0_recobin2 acc 0.3431 eff 0.0019 outinratio 0.1164 

VBFH125_4e_absdetajj_mjj_genbin0_recobin2 acc 0.2539 eff 0.0071 outinratio 0.0216 

WminusH125_4e_absdetajj_mjj_genbin0_recobin2 acc 0.1961 eff 0.0015 outinratio 0.0579 

WplusH125_4e_absdetajj_mjj_genbin0_recobin2 acc 0.1726 eff 0.0026 outinratio 0.059 

ttH125_4e_absdetajj_mjj_genbin0_recobin2 acc 0.0088 eff 0.0342 outinratio 0.2971 

ZH125_4e_absdetajj_mjj_genbin0_recobin2 acc 0.1861 eff 0.0001 outinratio 0.2507 

ggH125_4e_absdetajj_mjj_genbin1_recobin2 acc 0.0306 eff 0.0073 outinratio 0.1164 

VBFH125_4e_absdetajj_mjj_genbin1_recobin2 acc 0.0537 eff 0.0087 outinratio 0.0216 

WminusH125_4e_absdetajj_mjj_genbin1_recobin2 acc 0.1378 eff 0.0017 outinratio 0.0579 

WplusH125_4e_absdetajj_mjj_genbin1_recobin2 acc 0.126 eff 0.0014 outinratio 0.059 

ttH125_4e_absdetajj_mjj_genbin1_recobin2 acc 0.2855 eff 0.0007 outinratio 0.2971 

ZH125_4e_absdetajj_mjj_genbin1_recobin2 acc 0.1487 eff 0.0 outinratio 0.2507 

ggH125_4e_absdetajj_mjj_genbin2_recobin2 acc 0.003 eff 0.2238 outinratio 0.1164 

VBFH125_4e_absdetajj_mjj_genbin2_recobin2 acc 0.0227 eff 0.248 outinratio 0.0216 

WminusH125_4e_absdetajj_mjj_genbin2_recobin2 acc 0.003 eff 0.2028 outinratio 0.0579 

WplusH125_4e_absdetajj_mjj_genbin2_recobin2 acc 0.0025 eff 0.1993 outinratio 0.059 

ttH125_4e_absdetajj_mjj_genbin2_recobin2 acc 0.0021 eff -1.0 outinratio 0.2971 

ZH125_4e_absdetajj_mjj_genbin2_recobin2 acc 0.0031 eff 0.236 outinratio 0.2507 

ggH125_4e_absdetajj_mjj_genbin3_recobin2 acc 0.0028 eff 0.0 outinratio 0.1164 

VBFH125_4e_absdetajj_mjj_genbin3_recobin2 acc 0.1015 eff 0.0043 outinratio 0.0216 

WminusH125_4e_absdetajj_mjj_genbin3_recobin2 acc 0.0024 eff 0.0193 outinratio 0.0579 

WplusH125_4e_absdetajj_mjj_genbin3_recobin2 acc 0.0025 eff 0.0428 outinratio 0.059 

ttH125_4e_absdetajj_mjj_genbin3_recobin2 acc 0.0128 eff 0.0 outinratio 0.2971 

ZH125_4e_absdetajj_mjj_genbin3_recobin2 acc 0.0027 eff 0.0755 outinratio 0.2507 

ggH125_4e_absdetajj_mjj_genbin0_recobin3 acc 0.3431 eff 0.0006 outinratio 0.0778 

VBFH125_4e_absdetajj_mjj_genbin0_recobin3 acc 0.2539 eff 0.0195 outinratio 0.0402 

WminusH125_4e_absdetajj_mjj_genbin0_recobin3 acc 0.1961 eff 0.0006 outinratio 0.0892 

WplusH125_4e_absdetajj_mjj_genbin0_recobin3 acc 0.1726 eff 0.0011 outinratio 0.0698 

ttH125_4e_absdetajj_mjj_genbin0_recobin3 acc 0.0088 eff 0.0 outinratio 0.2552 

ZH125_4e_absdetajj_mjj_genbin0_recobin3 acc 0.1861 eff 0.0 outinratio 0.0 

ggH125_4e_absdetajj_mjj_genbin1_recobin3 acc 0.0306 eff 0.006 outinratio 0.0778 

VBFH125_4e_absdetajj_mjj_genbin1_recobin3 acc 0.0537 eff 0.0098 outinratio 0.0402 

WminusH125_4e_absdetajj_mjj_genbin1_recobin3 acc 0.1378 eff 0.0015 outinratio 0.0892 

WplusH125_4e_absdetajj_mjj_genbin1_recobin3 acc 0.126 eff 0.0021 outinratio 0.0698 

ttH125_4e_absdetajj_mjj_genbin1_recobin3 acc 0.2855 eff 0.0039 outinratio 0.2552 

ZH125_4e_absdetajj_mjj_genbin1_recobin3 acc 0.1487 eff 0.0016 outinratio 0.0 

ggH125_4e_absdetajj_mjj_genbin2_recobin3 acc 0.003 eff 0.0505 outinratio 0.0778 

VBFH125_4e_absdetajj_mjj_genbin2_recobin3 acc 0.0227 eff 0.0401 outinratio 0.0402 

WminusH125_4e_absdetajj_mjj_genbin2_recobin3 acc 0.003 eff 0.0203 outinratio 0.0892 

WplusH125_4e_absdetajj_mjj_genbin2_recobin3 acc 0.0025 eff 0.0463 outinratio 0.0698 

ttH125_4e_absdetajj_mjj_genbin2_recobin3 acc 0.0021 eff -1.0 outinratio 0.2552 

ZH125_4e_absdetajj_mjj_genbin2_recobin3 acc 0.0031 eff 0.0 outinratio 0.0 

ggH125_4e_absdetajj_mjj_genbin3_recobin3 acc 0.0028 eff 0.236 outinratio 0.0778 

VBFH125_4e_absdetajj_mjj_genbin3_recobin3 acc 0.1015 eff 0.3371 outinratio 0.0402 

WminusH125_4e_absdetajj_mjj_genbin3_recobin3 acc 0.0024 eff 0.3388 outinratio 0.0892 

WplusH125_4e_absdetajj_mjj_genbin3_recobin3 acc 0.0025 eff 0.2819 outinratio 0.0698 

ttH125_4e_absdetajj_mjj_genbin3_recobin3 acc 0.0128 eff 0.3682 outinratio 0.2552 

ZH125_4e_absdetajj_mjj_genbin3_recobin3 acc 0.0027 eff 0.3271 outinratio 0.0 

ggH125_4mu_absdetajj_mjj_genbin0_recobin0 acc 0.3818 eff 0.8237 outinratio 0.0554 

VBFH125_4mu_absdetajj_mjj_genbin0_recobin0 acc 0.2851 eff 0.7637 outinratio 0.0253 

WminusH125_4mu_absdetajj_mjj_genbin0_recobin0 acc 0.2197 eff 0.7422 outinratio 0.0604 

WplusH125_4mu_absdetajj_mjj_genbin0_recobin0 acc 0.1862 eff 0.7368 outinratio 0.0643 

ttH125_4mu_absdetajj_mjj_genbin0_recobin0 acc 0.0103 eff 0.3463 outinratio 0.2569 

ZH125_4mu_absdetajj_mjj_genbin0_recobin0 acc 0.1978 eff 0.7218 outinratio 0.073 

ggH125_4mu_absdetajj_mjj_genbin1_recobin0 acc 0.0344 eff 0.1655 outinratio 0.0554 

VBFH125_4mu_absdetajj_mjj_genbin1_recobin0 acc 0.0568 eff 0.1231 outinratio 0.0253 

WminusH125_4mu_absdetajj_mjj_genbin1_recobin0 acc 0.15 eff 0.1031 outinratio 0.0604 

WplusH125_4mu_absdetajj_mjj_genbin1_recobin0 acc 0.138 eff 0.0951 outinratio 0.0643 

ttH125_4mu_absdetajj_mjj_genbin1_recobin0 acc 0.3063 eff 0.0126 outinratio 0.2569 

ZH125_4mu_absdetajj_mjj_genbin1_recobin0 acc 0.1596 eff 0.129 outinratio 0.073 

ggH125_4mu_absdetajj_mjj_genbin2_recobin0 acc 0.0037 eff 0.1741 outinratio 0.0554 

VBFH125_4mu_absdetajj_mjj_genbin2_recobin0 acc 0.025 eff 0.2248 outinratio 0.0253 

WminusH125_4mu_absdetajj_mjj_genbin2_recobin0 acc 0.0033 eff 0.1357 outinratio 0.0604 

WplusH125_4mu_absdetajj_mjj_genbin2_recobin0 acc 0.0031 eff 0.1572 outinratio 0.0643 

ttH125_4mu_absdetajj_mjj_genbin2_recobin0 acc 0.0021 eff -1.0 outinratio 0.2569 

ZH125_4mu_absdetajj_mjj_genbin2_recobin0 acc 0.0034 eff 0.0787 outinratio 0.073 

ggH125_4mu_absdetajj_mjj_genbin3_recobin0 acc 0.004 eff 0.1073 outinratio 0.0554 

VBFH125_4mu_absdetajj_mjj_genbin3_recobin0 acc 0.1085 eff 0.1839 outinratio 0.0253 

WminusH125_4mu_absdetajj_mjj_genbin3_recobin0 acc 0.0028 eff 0.0345 outinratio 0.0604 

WplusH125_4mu_absdetajj_mjj_genbin3_recobin0 acc 0.0029 eff 0.0236 outinratio 0.0643 

ttH125_4mu_absdetajj_mjj_genbin3_recobin0 acc 0.0118 eff 0.0 outinratio 0.2569 

ZH125_4mu_absdetajj_mjj_genbin3_recobin0 acc 0.0019 eff 0.0333 outinratio 0.073 

ggH125_4mu_absdetajj_mjj_genbin0_recobin1 acc 0.3818 eff 0.0193 outinratio 0.0655 

VBFH125_4mu_absdetajj_mjj_genbin0_recobin1 acc 0.2851 eff 0.032 outinratio 0.0568 

WminusH125_4mu_absdetajj_mjj_genbin0_recobin1 acc 0.2197 eff 0.0961 outinratio 0.0647 

WplusH125_4mu_absdetajj_mjj_genbin0_recobin1 acc 0.1862 eff 0.0949 outinratio 0.0669 

ttH125_4mu_absdetajj_mjj_genbin0_recobin1 acc 0.0103 eff 0.3975 outinratio 0.1306 

ZH125_4mu_absdetajj_mjj_genbin0_recobin1 acc 0.1978 eff 0.0909 outinratio 0.0642 

ggH125_4mu_absdetajj_mjj_genbin1_recobin1 acc 0.0344 eff 0.7152 outinratio 0.0655 

VBFH125_4mu_absdetajj_mjj_genbin1_recobin1 acc 0.0568 eff 0.7045 outinratio 0.0568 

WminusH125_4mu_absdetajj_mjj_genbin1_recobin1 acc 0.15 eff 0.7449 outinratio 0.0647 

WplusH125_4mu_absdetajj_mjj_genbin1_recobin1 acc 0.138 eff 0.7466 outinratio 0.0669 

ttH125_4mu_absdetajj_mjj_genbin1_recobin1 acc 0.3063 eff 0.7834 outinratio 0.1306 

ZH125_4mu_absdetajj_mjj_genbin1_recobin1 acc 0.1596 eff 0.7295 outinratio 0.0642 

ggH125_4mu_absdetajj_mjj_genbin2_recobin1 acc 0.0037 eff 0.114 outinratio 0.0655 

VBFH125_4mu_absdetajj_mjj_genbin2_recobin1 acc 0.025 eff 0.0459 outinratio 0.0568 

WminusH125_4mu_absdetajj_mjj_genbin2_recobin1 acc 0.0033 eff 0.1732 outinratio 0.0647 

WplusH125_4mu_absdetajj_mjj_genbin2_recobin1 acc 0.0031 eff 0.2021 outinratio 0.0669 

ttH125_4mu_absdetajj_mjj_genbin2_recobin1 acc 0.0021 eff -1.0 outinratio 0.1306 

ZH125_4mu_absdetajj_mjj_genbin2_recobin1 acc 0.0034 eff 0.2355 outinratio 0.0642 

ggH125_4mu_absdetajj_mjj_genbin3_recobin1 acc 0.004 eff 0.0988 outinratio 0.0655 

VBFH125_4mu_absdetajj_mjj_genbin3_recobin1 acc 0.1085 eff 0.0103 outinratio 0.0568 

WminusH125_4mu_absdetajj_mjj_genbin3_recobin1 acc 0.0028 eff 0.1655 outinratio 0.0647 

WplusH125_4mu_absdetajj_mjj_genbin3_recobin1 acc 0.0029 eff 0.1266 outinratio 0.0669 

ttH125_4mu_absdetajj_mjj_genbin3_recobin1 acc 0.0118 eff 0.2331 outinratio 0.1306 

ZH125_4mu_absdetajj_mjj_genbin3_recobin1 acc 0.0019 eff 0.0953 outinratio 0.0642 

ggH125_4mu_absdetajj_mjj_genbin0_recobin2 acc 0.3818 eff 0.0049 outinratio 0.0476 

VBFH125_4mu_absdetajj_mjj_genbin0_recobin2 acc 0.2851 eff 0.0185 outinratio 0.0433 

WminusH125_4mu_absdetajj_mjj_genbin0_recobin2 acc 0.2197 eff 0.0044 outinratio 0.0772 

WplusH125_4mu_absdetajj_mjj_genbin0_recobin2 acc 0.1862 eff 0.0042 outinratio 0.0669 

ttH125_4mu_absdetajj_mjj_genbin0_recobin2 acc 0.0103 eff 0.0 outinratio 0.0908 

ZH125_4mu_absdetajj_mjj_genbin0_recobin2 acc 0.1978 eff 0.004 outinratio 0.0648 

ggH125_4mu_absdetajj_mjj_genbin1_recobin2 acc 0.0344 eff 0.0013 outinratio 0.0476 

VBFH125_4mu_absdetajj_mjj_genbin1_recobin2 acc 0.0568 eff 0.0122 outinratio 0.0433 

WminusH125_4mu_absdetajj_mjj_genbin1_recobin2 acc 0.15 eff 0.0033 outinratio 0.0772 

WplusH125_4mu_absdetajj_mjj_genbin1_recobin2 acc 0.138 eff 0.0039 outinratio 0.0669 

ttH125_4mu_absdetajj_mjj_genbin1_recobin2 acc 0.3063 eff 0.0043 outinratio 0.0908 

ZH125_4mu_absdetajj_mjj_genbin1_recobin2 acc 0.1596 eff 0.0077 outinratio 0.0648 

ggH125_4mu_absdetajj_mjj_genbin2_recobin2 acc 0.0037 eff 0.4106 outinratio 0.0476 

VBFH125_4mu_absdetajj_mjj_genbin2_recobin2 acc 0.025 eff 0.4511 outinratio 0.0433 

WminusH125_4mu_absdetajj_mjj_genbin2_recobin2 acc 0.0033 eff 0.4246 outinratio 0.0772 

WplusH125_4mu_absdetajj_mjj_genbin2_recobin2 acc 0.0031 eff 0.3893 outinratio 0.0669 

ttH125_4mu_absdetajj_mjj_genbin2_recobin2 acc 0.0021 eff -1.0 outinratio 0.0908 

ZH125_4mu_absdetajj_mjj_genbin2_recobin2 acc 0.0034 eff 0.6796 outinratio 0.0648 

ggH125_4mu_absdetajj_mjj_genbin3_recobin2 acc 0.004 eff 0.0978 outinratio 0.0476 

VBFH125_4mu_absdetajj_mjj_genbin3_recobin2 acc 0.1085 eff 0.0239 outinratio 0.0433 

WminusH125_4mu_absdetajj_mjj_genbin3_recobin2 acc 0.0028 eff 0.0574 outinratio 0.0772 

WplusH125_4mu_absdetajj_mjj_genbin3_recobin2 acc 0.0029 eff 0.0371 outinratio 0.0669 

ttH125_4mu_absdetajj_mjj_genbin3_recobin2 acc 0.0118 eff 0.0247 outinratio 0.0908 

ZH125_4mu_absdetajj_mjj_genbin3_recobin2 acc 0.0019 eff 0.0 outinratio 0.0648 

ggH125_4mu_absdetajj_mjj_genbin0_recobin3 acc 0.3818 eff 0.0026 outinratio 0.0767 

VBFH125_4mu_absdetajj_mjj_genbin0_recobin3 acc 0.2851 eff 0.0423 outinratio 0.0322 

WminusH125_4mu_absdetajj_mjj_genbin0_recobin3 acc 0.2197 eff 0.0016 outinratio 0.0879 

WplusH125_4mu_absdetajj_mjj_genbin0_recobin3 acc 0.1862 eff 0.0013 outinratio 0.103 

ttH125_4mu_absdetajj_mjj_genbin0_recobin3 acc 0.0103 eff 0.0292 outinratio 0.1428 

ZH125_4mu_absdetajj_mjj_genbin0_recobin3 acc 0.1978 eff 0.0011 outinratio 0.0 

ggH125_4mu_absdetajj_mjj_genbin1_recobin3 acc 0.0344 eff 0.0073 outinratio 0.0767 

VBFH125_4mu_absdetajj_mjj_genbin1_recobin3 acc 0.0568 eff 0.0233 outinratio 0.0322 

WminusH125_4mu_absdetajj_mjj_genbin1_recobin3 acc 0.15 eff 0.0046 outinratio 0.0879 

WplusH125_4mu_absdetajj_mjj_genbin1_recobin3 acc 0.138 eff 0.0032 outinratio 0.103 

ttH125_4mu_absdetajj_mjj_genbin1_recobin3 acc 0.3063 eff 0.0097 outinratio 0.1428 

ZH125_4mu_absdetajj_mjj_genbin1_recobin3 acc 0.1596 eff 0.0031 outinratio 0.0 

ggH125_4mu_absdetajj_mjj_genbin2_recobin3 acc 0.0037 eff 0.0155 outinratio 0.0767 

VBFH125_4mu_absdetajj_mjj_genbin2_recobin3 acc 0.025 eff 0.1115 outinratio 0.0322 

WminusH125_4mu_absdetajj_mjj_genbin2_recobin3 acc 0.0033 eff 0.0899 outinratio 0.0879 

WplusH125_4mu_absdetajj_mjj_genbin2_recobin3 acc 0.0031 eff 0.0683 outinratio 0.103 

ttH125_4mu_absdetajj_mjj_genbin2_recobin3 acc 0.0021 eff -1.0 outinratio 0.1428 

ZH125_4mu_absdetajj_mjj_genbin2_recobin3 acc 0.0034 eff 0.1434 outinratio 0.0 

ggH125_4mu_absdetajj_mjj_genbin3_recobin3 acc 0.004 eff 0.6691 outinratio 0.0767 

VBFH125_4mu_absdetajj_mjj_genbin3_recobin3 acc 0.1085 eff 0.6448 outinratio 0.0322 

WminusH125_4mu_absdetajj_mjj_genbin3_recobin3 acc 0.0028 eff 0.5172 outinratio 0.0879 

WplusH125_4mu_absdetajj_mjj_genbin3_recobin3 acc 0.0029 eff 0.6508 outinratio 0.103 

ttH125_4mu_absdetajj_mjj_genbin3_recobin3 acc 0.0118 eff 0.5827 outinratio 0.1428 

ZH125_4mu_absdetajj_mjj_genbin3_recobin3 acc 0.0019 eff 0.6057 outinratio 0.0 

ggH125_2e2mu_absdetajj_mjj_genbin0_recobin0 acc 0.3566 eff 0.5697 outinratio 0.0461 

VBFH125_2e2mu_absdetajj_mjj_genbin0_recobin0 acc 0.2609 eff 0.5308 outinratio 0.0283 

WminusH125_2e2mu_absdetajj_mjj_genbin0_recobin0 acc 0.197 eff 0.5074 outinratio 0.0749 

WplusH125_2e2mu_absdetajj_mjj_genbin0_recobin0 acc 0.1726 eff 0.5 outinratio 0.079 

ttH125_2e2mu_absdetajj_mjj_genbin0_recobin0 acc 0.0091 eff 0.1751 outinratio 0.1497 

ZH125_2e2mu_absdetajj_mjj_genbin0_recobin0 acc 0.182 eff 0.5098 outinratio 0.0938 

ggH125_2e2mu_absdetajj_mjj_genbin1_recobin0 acc 0.0316 eff 0.0737 outinratio 0.0461 

VBFH125_2e2mu_absdetajj_mjj_genbin1_recobin0 acc 0.0511 eff 0.0818 outinratio 0.0283 

WminusH125_2e2mu_absdetajj_mjj_genbin1_recobin0 acc 0.1392 eff 0.0717 outinratio 0.0749 

WplusH125_2e2mu_absdetajj_mjj_genbin1_recobin0 acc 0.1275 eff 0.0704 outinratio 0.079 

ttH125_2e2mu_absdetajj_mjj_genbin1_recobin0 acc 0.2874 eff 0.0102 outinratio 0.1497 

ZH125_2e2mu_absdetajj_mjj_genbin1_recobin0 acc 0.1412 eff 0.0684 outinratio 0.0938 

ggH125_2e2mu_absdetajj_mjj_genbin2_recobin0 acc 0.0037 eff 0.1465 outinratio 0.0461 

VBFH125_2e2mu_absdetajj_mjj_genbin2_recobin0 acc 0.0234 eff 0.1449 outinratio 0.0283 

WminusH125_2e2mu_absdetajj_mjj_genbin2_recobin0 acc 0.003 eff 0.1021 outinratio 0.0749 

WplusH125_2e2mu_absdetajj_mjj_genbin2_recobin0 acc 0.0024 eff 0.0951 outinratio 0.079 

ttH125_2e2mu_absdetajj_mjj_genbin2_recobin0 acc 0.003 eff 0.0 outinratio 0.1497 

ZH125_2e2mu_absdetajj_mjj_genbin2_recobin0 acc 0.0037 eff 0.1839 outinratio 0.0938 

ggH125_2e2mu_absdetajj_mjj_genbin3_recobin0 acc 0.0036 eff 0.0483 outinratio 0.0461 

VBFH125_2e2mu_absdetajj_mjj_genbin3_recobin0 acc 0.1033 eff 0.1178 outinratio 0.0283 

WminusH125_2e2mu_absdetajj_mjj_genbin3_recobin0 acc 0.0026 eff 0.0353 outinratio 0.0749 

WplusH125_2e2mu_absdetajj_mjj_genbin3_recobin0 acc 0.0027 eff 0.0322 outinratio 0.079 

ttH125_2e2mu_absdetajj_mjj_genbin3_recobin0 acc 0.0122 eff 0.0 outinratio 0.1497 

ZH125_2e2mu_absdetajj_mjj_genbin3_recobin0 acc 0.0037 eff 0.0626 outinratio 0.0938 

ggH125_2e2mu_absdetajj_mjj_genbin0_recobin1 acc 0.3566 eff 0.0135 outinratio 0.0868 

VBFH125_2e2mu_absdetajj_mjj_genbin0_recobin1 acc 0.2609 eff 0.0173 outinratio 0.0413 

WminusH125_2e2mu_absdetajj_mjj_genbin0_recobin1 acc 0.197 eff 0.0649 outinratio 0.0832 

WplusH125_2e2mu_absdetajj_mjj_genbin0_recobin1 acc 0.1726 eff 0.0611 outinratio 0.0862 

ttH125_2e2mu_absdetajj_mjj_genbin0_recobin1 acc 0.0091 eff 0.3852 outinratio 0.1676 

ZH125_2e2mu_absdetajj_mjj_genbin0_recobin1 acc 0.182 eff 0.0509 outinratio 0.0801 

ggH125_2e2mu_absdetajj_mjj_genbin1_recobin1 acc 0.0316 eff 0.495 outinratio 0.0868 

VBFH125_2e2mu_absdetajj_mjj_genbin1_recobin1 acc 0.0511 eff 0.5313 outinratio 0.0413 

WminusH125_2e2mu_absdetajj_mjj_genbin1_recobin1 acc 0.1392 eff 0.5086 outinratio 0.0832 

WplusH125_2e2mu_absdetajj_mjj_genbin1_recobin1 acc 0.1275 eff 0.5136 outinratio 0.0862 

ttH125_2e2mu_absdetajj_mjj_genbin1_recobin1 acc 0.2874 eff 0.5549 outinratio 0.1676 

ZH125_2e2mu_absdetajj_mjj_genbin1_recobin1 acc 0.1412 eff 0.4827 outinratio 0.0801 

ggH125_2e2mu_absdetajj_mjj_genbin2_recobin1 acc 0.0037 eff 0.0473 outinratio 0.0868 

VBFH125_2e2mu_absdetajj_mjj_genbin2_recobin1 acc 0.0234 eff 0.0415 outinratio 0.0413 

WminusH125_2e2mu_absdetajj_mjj_genbin2_recobin1 acc 0.003 eff 0.0983 outinratio 0.0832 

WplusH125_2e2mu_absdetajj_mjj_genbin2_recobin1 acc 0.0024 eff 0.0809 outinratio 0.0862 

ttH125_2e2mu_absdetajj_mjj_genbin2_recobin1 acc 0.003 eff 0.1042 outinratio 0.1676 

ZH125_2e2mu_absdetajj_mjj_genbin2_recobin1 acc 0.0037 eff 0.1839 outinratio 0.0801 

ggH125_2e2mu_absdetajj_mjj_genbin3_recobin1 acc 0.0036 eff 0.0318 outinratio 0.0868 

VBFH125_2e2mu_absdetajj_mjj_genbin3_recobin1 acc 0.1033 eff 0.0182 outinratio 0.0413 

WminusH125_2e2mu_absdetajj_mjj_genbin3_recobin1 acc 0.0026 eff 0.0917 outinratio 0.0832 

WplusH125_2e2mu_absdetajj_mjj_genbin3_recobin1 acc 0.0027 eff 0.1122 outinratio 0.0862 

ttH125_2e2mu_absdetajj_mjj_genbin3_recobin1 acc 0.0122 eff 0.1403 outinratio 0.1676 

ZH125_2e2mu_absdetajj_mjj_genbin3_recobin1 acc 0.0037 eff 0.0288 outinratio 0.0801 

ggH125_2e2mu_absdetajj_mjj_genbin0_recobin2 acc 0.3566 eff 0.0024 outinratio 0.0813 

VBFH125_2e2mu_absdetajj_mjj_genbin0_recobin2 acc 0.2609 eff 0.0111 outinratio 0.0304 

WminusH125_2e2mu_absdetajj_mjj_genbin0_recobin2 acc 0.197 eff 0.0027 outinratio 0.0804 

WplusH125_2e2mu_absdetajj_mjj_genbin0_recobin2 acc 0.1726 eff 0.0031 outinratio 0.0885 

ttH125_2e2mu_absdetajj_mjj_genbin0_recobin2 acc 0.0091 eff 0.0 outinratio 0.5361 

ZH125_2e2mu_absdetajj_mjj_genbin0_recobin2 acc 0.182 eff 0.003 outinratio 0.0396 

ggH125_2e2mu_absdetajj_mjj_genbin1_recobin2 acc 0.0316 eff 0.0066 outinratio 0.0813 

VBFH125_2e2mu_absdetajj_mjj_genbin1_recobin2 acc 0.0511 eff 0.0089 outinratio 0.0304 

WminusH125_2e2mu_absdetajj_mjj_genbin1_recobin2 acc 0.1392 eff 0.0025 outinratio 0.0804 

WplusH125_2e2mu_absdetajj_mjj_genbin1_recobin2 acc 0.1275 eff 0.0033 outinratio 0.0885 

ttH125_2e2mu_absdetajj_mjj_genbin1_recobin2 acc 0.2874 eff 0.0008 outinratio 0.5361 

ZH125_2e2mu_absdetajj_mjj_genbin1_recobin2 acc 0.1412 eff 0.0025 outinratio 0.0396 

ggH125_2e2mu_absdetajj_mjj_genbin2_recobin2 acc 0.0037 eff 0.3667 outinratio 0.0813 

VBFH125_2e2mu_absdetajj_mjj_genbin2_recobin2 acc 0.0234 eff 0.3526 outinratio 0.0304 

WminusH125_2e2mu_absdetajj_mjj_genbin2_recobin2 acc 0.003 eff 0.3081 outinratio 0.0804 

WplusH125_2e2mu_absdetajj_mjj_genbin2_recobin2 acc 0.0024 eff 0.3106 outinratio 0.0885 

ttH125_2e2mu_absdetajj_mjj_genbin2_recobin2 acc 0.003 eff 0.2103 outinratio 0.5361 

ZH125_2e2mu_absdetajj_mjj_genbin2_recobin2 acc 0.0037 eff 0.2321 outinratio 0.0396 

ggH125_2e2mu_absdetajj_mjj_genbin3_recobin2 acc 0.0036 eff 0.0277 outinratio 0.0813 

VBFH125_2e2mu_absdetajj_mjj_genbin3_recobin2 acc 0.1033 eff 0.0098 outinratio 0.0304 

WminusH125_2e2mu_absdetajj_mjj_genbin3_recobin2 acc 0.0026 eff 0.0113 outinratio 0.0804 

WplusH125_2e2mu_absdetajj_mjj_genbin3_recobin2 acc 0.0027 eff 0.0119 outinratio 0.0885 

ttH125_2e2mu_absdetajj_mjj_genbin3_recobin2 acc 0.0122 eff 0.0144 outinratio 0.5361 

ZH125_2e2mu_absdetajj_mjj_genbin3_recobin2 acc 0.0037 eff 0.0185 outinratio 0.0396 

ggH125_2e2mu_absdetajj_mjj_genbin0_recobin3 acc 0.3566 eff 0.0008 outinratio 0.0646 

VBFH125_2e2mu_absdetajj_mjj_genbin0_recobin3 acc 0.2609 eff 0.0275 outinratio 0.0429 

WminusH125_2e2mu_absdetajj_mjj_genbin0_recobin3 acc 0.197 eff 0.0012 outinratio 0.0814 

WplusH125_2e2mu_absdetajj_mjj_genbin0_recobin3 acc 0.1726 eff 0.0018 outinratio 0.1182 

ttH125_2e2mu_absdetajj_mjj_genbin0_recobin3 acc 0.0091 eff 0.019 outinratio 0.155 

ZH125_2e2mu_absdetajj_mjj_genbin0_recobin3 acc 0.182 eff 0.0011 outinratio 0.1347 

ggH125_2e2mu_absdetajj_mjj_genbin1_recobin3 acc 0.0316 eff 0.0054 outinratio 0.0646 

VBFH125_2e2mu_absdetajj_mjj_genbin1_recobin3 acc 0.0511 eff 0.0162 outinratio 0.0429 

WminusH125_2e2mu_absdetajj_mjj_genbin1_recobin3 acc 0.1392 eff 0.0028 outinratio 0.0814 

WplusH125_2e2mu_absdetajj_mjj_genbin1_recobin3 acc 0.1275 eff 0.0025 outinratio 0.1182 

ttH125_2e2mu_absdetajj_mjj_genbin1_recobin3 acc 0.2874 eff 0.0056 outinratio 0.155 

ZH125_2e2mu_absdetajj_mjj_genbin1_recobin3 acc 0.1412 eff 0.002 outinratio 0.1347 

ggH125_2e2mu_absdetajj_mjj_genbin2_recobin3 acc 0.0037 eff 0.043 outinratio 0.0646 

VBFH125_2e2mu_absdetajj_mjj_genbin2_recobin3 acc 0.0234 eff 0.1043 outinratio 0.0429 

WminusH125_2e2mu_absdetajj_mjj_genbin2_recobin3 acc 0.003 eff 0.0359 outinratio 0.0814 

WplusH125_2e2mu_absdetajj_mjj_genbin2_recobin3 acc 0.0024 eff 0.0364 outinratio 0.1182 

ttH125_2e2mu_absdetajj_mjj_genbin2_recobin3 acc 0.003 eff 0.1679 outinratio 0.155 

ZH125_2e2mu_absdetajj_mjj_genbin2_recobin3 acc 0.0037 eff 0.0 outinratio 0.1347 

ggH125_2e2mu_absdetajj_mjj_genbin3_recobin3 acc 0.0036 eff 0.4697 outinratio 0.0646 

VBFH125_2e2mu_absdetajj_mjj_genbin3_recobin3 acc 0.1033 eff 0.4629 outinratio 0.0429 

WminusH125_2e2mu_absdetajj_mjj_genbin3_recobin3 acc 0.0026 eff 0.4199 outinratio 0.0814 

WplusH125_2e2mu_absdetajj_mjj_genbin3_recobin3 acc 0.0027 eff 0.4402 outinratio 0.1182 

ttH125_2e2mu_absdetajj_mjj_genbin3_recobin3 acc 0.0122 eff 0.444 outinratio 0.155 

ZH125_2e2mu_absdetajj_mjj_genbin3_recobin3 acc 0.0037 eff 0.4639 outinratio 0.1347 

Coeff fullNNLOPS
