Welcome in RunCoefficients!
['2024_5']
It is a double-differential measurement, binning for the 1st variable {0: [-100.0, 0.0], 1: [0.0, 3.0], 2: [3.0, 10.0], 3: [3.0, 10.0]} and for the 2nd variable {0: [-100.0, 0.0], 1: [0.0, 10000.0], 2: [0.0, 450.0], 3: [450.0, 10000.0]}
{0: [-100.0, 0.0, -100.0, 0.0], 1: [0.0, 3.0, 0.0, 10000.0], 2: [3.0, 10.0, 0.0, 450.0], 3: [3.0, 10.0, 450.0, 10000.0]}
absdetajj
Following observables extracted from dictionary: RECO =  absdetajj  GEN =  GENabsdetajj
It is a double-differential measurement: RECO_2nd =  mjj  GEN_2nd =  GENmjj
LUMI: 10.882200000000001
ttH124 0.00043539406
Processing ggH124 2024_5
Signal created
Signal failed created
Processing VBFH124 2024_5
Signal created
Signal failed created
Processing WminusH124 2024_5
Signal created
Signal failed created
Processing WplusH124 2024_5
Signal created
Signal failed created
Processing ZH124 2024_5
Signal created
Signal failed created
Processing ttH124 2024_5
Signal created
Signal failed created
2024_5 SKIMMED df CREATED
2024_5 ggH124
2024_5 VBFH124
2024_5 WminusH124
2024_5 WplusH124
2024_5 ZH124
2024_5 ttH124
Dataframes created successfully
Coeff std
ggH124_4l_absdetajj_mjj_genbin0_recobin0 acc 0.349 eff 0.5164 outinratio 0.0522 

VBFH124_4l_absdetajj_mjj_genbin0_recobin0 acc 0.2081 eff 0.4764 outinratio 0.0337 

WminusH124_4l_absdetajj_mjj_genbin0_recobin0 acc 0.1954 eff 0.4486 outinratio 0.06 

WplusH124_4l_absdetajj_mjj_genbin0_recobin0 acc 0.1798 eff 0.4538 outinratio 0.0703 

ZH124_4l_absdetajj_mjj_genbin0_recobin0 acc 0.1769 eff 0.4423 outinratio 0.0919 

ttH124_4l_absdetajj_mjj_genbin0_recobin0 acc 0.0077 eff 0.2541 outinratio 0.1225 

ggH124_4l_absdetajj_mjj_genbin1_recobin0 acc 0.0343 eff 0.0706 outinratio 0.0522 

VBFH124_4l_absdetajj_mjj_genbin1_recobin0 acc 0.0564 eff 0.058 outinratio 0.0337 

WminusH124_4l_absdetajj_mjj_genbin1_recobin0 acc 0.138 eff 0.0538 outinratio 0.06 

WplusH124_4l_absdetajj_mjj_genbin1_recobin0 acc 0.1352 eff 0.0652 outinratio 0.0703 

ZH124_4l_absdetajj_mjj_genbin1_recobin0 acc 0.1499 eff 0.0589 outinratio 0.0919 

ttH124_4l_absdetajj_mjj_genbin1_recobin0 acc 0.2846 eff 0.0037 outinratio 0.1225 

ggH124_4l_absdetajj_mjj_genbin2_recobin0 acc 0.004 eff 0.0931 outinratio 0.0522 

VBFH124_4l_absdetajj_mjj_genbin2_recobin0 acc 0.0301 eff 0.1221 outinratio 0.0337 

WminusH124_4l_absdetajj_mjj_genbin2_recobin0 acc 0.0048 eff 0.0232 outinratio 0.06 

WplusH124_4l_absdetajj_mjj_genbin2_recobin0 acc 0.0033 eff 0.0 outinratio 0.0703 

ZH124_4l_absdetajj_mjj_genbin2_recobin0 acc 0.0053 eff 0.11 outinratio 0.0919 

ttH124_4l_absdetajj_mjj_genbin2_recobin0 acc 0.0025 eff 0.015 outinratio 0.1225 

ggH124_4l_absdetajj_mjj_genbin3_recobin0 acc 0.0051 eff 0.164 outinratio 0.0522 

VBFH124_4l_absdetajj_mjj_genbin3_recobin0 acc 0.1483 eff 0.0865 outinratio 0.0337 

WminusH124_4l_absdetajj_mjj_genbin3_recobin0 acc 0.001 eff 0.0 outinratio 0.06 

WplusH124_4l_absdetajj_mjj_genbin3_recobin0 acc 0.0028 eff -1.0 outinratio 0.0703 

ZH124_4l_absdetajj_mjj_genbin3_recobin0 acc 0.0047 eff 0.0392 outinratio 0.0919 

ttH124_4l_absdetajj_mjj_genbin3_recobin0 acc 0.0122 eff 0.014 outinratio 0.1225 

ggH124_4l_absdetajj_mjj_genbin0_recobin1 acc 0.349 eff 0.0178 outinratio 0.0913 

VBFH124_4l_absdetajj_mjj_genbin0_recobin1 acc 0.2081 eff 0.0323 outinratio 0.0351 

WminusH124_4l_absdetajj_mjj_genbin0_recobin1 acc 0.1954 eff 0.0646 outinratio 0.0827 

WplusH124_4l_absdetajj_mjj_genbin0_recobin1 acc 0.1798 eff 0.0733 outinratio 0.0488 

ZH124_4l_absdetajj_mjj_genbin0_recobin1 acc 0.1769 eff 0.0672 outinratio 0.064 

ttH124_4l_absdetajj_mjj_genbin0_recobin1 acc 0.0077 eff 0.2386 outinratio 0.171 

ggH124_4l_absdetajj_mjj_genbin1_recobin1 acc 0.0343 eff 0.4771 outinratio 0.0913 

VBFH124_4l_absdetajj_mjj_genbin1_recobin1 acc 0.0564 eff 0.4882 outinratio 0.0351 

WminusH124_4l_absdetajj_mjj_genbin1_recobin1 acc 0.138 eff 0.4905 outinratio 0.0827 

WplusH124_4l_absdetajj_mjj_genbin1_recobin1 acc 0.1352 eff 0.5295 outinratio 0.0488 

ZH124_4l_absdetajj_mjj_genbin1_recobin1 acc 0.1499 eff 0.4949 outinratio 0.064 

ttH124_4l_absdetajj_mjj_genbin1_recobin1 acc 0.2846 eff 0.5271 outinratio 0.171 

ggH124_4l_absdetajj_mjj_genbin2_recobin1 acc 0.004 eff 0.0783 outinratio 0.0913 

VBFH124_4l_absdetajj_mjj_genbin2_recobin1 acc 0.0301 eff 0.0295 outinratio 0.0351 

WminusH124_4l_absdetajj_mjj_genbin2_recobin1 acc 0.0048 eff 0.124 outinratio 0.0827 

WplusH124_4l_absdetajj_mjj_genbin2_recobin1 acc 0.0033 eff 0.0663 outinratio 0.0488 

ZH124_4l_absdetajj_mjj_genbin2_recobin1 acc 0.0053 eff 0.059 outinratio 0.064 

ttH124_4l_absdetajj_mjj_genbin2_recobin1 acc 0.0025 eff 0.1098 outinratio 0.171 

ggH124_4l_absdetajj_mjj_genbin3_recobin1 acc 0.0051 eff 0.0689 outinratio 0.0913 

VBFH124_4l_absdetajj_mjj_genbin3_recobin1 acc 0.1483 eff 0.0151 outinratio 0.0351 

WminusH124_4l_absdetajj_mjj_genbin3_recobin1 acc 0.001 eff 0.1407 outinratio 0.0827 

WplusH124_4l_absdetajj_mjj_genbin3_recobin1 acc 0.0028 eff -1.0 outinratio 0.0488 

ZH124_4l_absdetajj_mjj_genbin3_recobin1 acc 0.0047 eff 0.0382 outinratio 0.064 

ttH124_4l_absdetajj_mjj_genbin3_recobin1 acc 0.0122 eff 0.1476 outinratio 0.171 

ggH124_4l_absdetajj_mjj_genbin0_recobin2 acc 0.349 eff 0.0046 outinratio 0.0602 

VBFH124_4l_absdetajj_mjj_genbin0_recobin2 acc 0.2081 eff 0.0138 outinratio 0.0616 

WminusH124_4l_absdetajj_mjj_genbin0_recobin2 acc 0.1954 eff 0.0059 outinratio 0.0536 

WplusH124_4l_absdetajj_mjj_genbin0_recobin2 acc 0.1798 eff 0.0043 outinratio 0.0 

ZH124_4l_absdetajj_mjj_genbin0_recobin2 acc 0.1769 eff 0.0033 outinratio 0.0 

ttH124_4l_absdetajj_mjj_genbin0_recobin2 acc 0.0077 eff 0.0033 outinratio 0.5868 

ggH124_4l_absdetajj_mjj_genbin1_recobin2 acc 0.0343 eff 0.0095 outinratio 0.0602 

VBFH124_4l_absdetajj_mjj_genbin1_recobin2 acc 0.0564 eff 0.0098 outinratio 0.0616 

WminusH124_4l_absdetajj_mjj_genbin1_recobin2 acc 0.138 eff 0.0026 outinratio 0.0536 

WplusH124_4l_absdetajj_mjj_genbin1_recobin2 acc 0.1352 eff 0.0042 outinratio 0.0 

ZH124_4l_absdetajj_mjj_genbin1_recobin2 acc 0.1499 eff 0.0083 outinratio 0.0 

ttH124_4l_absdetajj_mjj_genbin1_recobin2 acc 0.2846 eff 0.0014 outinratio 0.5868 

ggH124_4l_absdetajj_mjj_genbin2_recobin2 acc 0.004 eff 0.3814 outinratio 0.0602 

VBFH124_4l_absdetajj_mjj_genbin2_recobin2 acc 0.0301 eff 0.3163 outinratio 0.0616 

WminusH124_4l_absdetajj_mjj_genbin2_recobin2 acc 0.0048 eff 0.3825 outinratio 0.0536 

WplusH124_4l_absdetajj_mjj_genbin2_recobin2 acc 0.0033 eff 0.3983 outinratio 0.0 

ZH124_4l_absdetajj_mjj_genbin2_recobin2 acc 0.0053 eff 0.3215 outinratio 0.0 

ttH124_4l_absdetajj_mjj_genbin2_recobin2 acc 0.0025 eff 0.1444 outinratio 0.5868 

ggH124_4l_absdetajj_mjj_genbin3_recobin2 acc 0.0051 eff 0.0244 outinratio 0.0602 

VBFH124_4l_absdetajj_mjj_genbin3_recobin2 acc 0.1483 eff 0.0091 outinratio 0.0616 

WminusH124_4l_absdetajj_mjj_genbin3_recobin2 acc 0.001 eff 0.0 outinratio 0.0536 

WplusH124_4l_absdetajj_mjj_genbin3_recobin2 acc 0.0028 eff -1.0 outinratio 0.0 

ZH124_4l_absdetajj_mjj_genbin3_recobin2 acc 0.0047 eff 0.0 outinratio 0.0 

ttH124_4l_absdetajj_mjj_genbin3_recobin2 acc 0.0122 eff 0.0073 outinratio 0.5868 

ggH124_4l_absdetajj_mjj_genbin0_recobin3 acc 0.349 eff 0.0057 outinratio 0.04 

VBFH124_4l_absdetajj_mjj_genbin0_recobin3 acc 0.2081 eff 0.0459 outinratio 0.035 

WminusH124_4l_absdetajj_mjj_genbin0_recobin3 acc 0.1954 eff 0.0042 outinratio 0.052 

WplusH124_4l_absdetajj_mjj_genbin0_recobin3 acc 0.1798 eff 0.0063 outinratio 0.1386 

ZH124_4l_absdetajj_mjj_genbin0_recobin3 acc 0.1769 eff 0.0086 outinratio 0.0321 

ttH124_4l_absdetajj_mjj_genbin0_recobin3 acc 0.0077 eff 0.0087 outinratio 0.2016 

ggH124_4l_absdetajj_mjj_genbin1_recobin3 acc 0.0343 eff 0.0145 outinratio 0.04 

VBFH124_4l_absdetajj_mjj_genbin1_recobin3 acc 0.0564 eff 0.0218 outinratio 0.035 

WminusH124_4l_absdetajj_mjj_genbin1_recobin3 acc 0.138 eff 0.0031 outinratio 0.052 

WplusH124_4l_absdetajj_mjj_genbin1_recobin3 acc 0.1352 eff 0.0 outinratio 0.1386 

ZH124_4l_absdetajj_mjj_genbin1_recobin3 acc 0.1499 eff 0.0026 outinratio 0.0321 

ttH124_4l_absdetajj_mjj_genbin1_recobin3 acc 0.2846 eff 0.0057 outinratio 0.2016 

ggH124_4l_absdetajj_mjj_genbin2_recobin3 acc 0.004 eff 0.0977 outinratio 0.04 

VBFH124_4l_absdetajj_mjj_genbin2_recobin3 acc 0.0301 eff 0.086 outinratio 0.035 

WminusH124_4l_absdetajj_mjj_genbin2_recobin3 acc 0.0048 eff 0.0585 outinratio 0.052 

WplusH124_4l_absdetajj_mjj_genbin2_recobin3 acc 0.0033 eff 0.1194 outinratio 0.1386 

ZH124_4l_absdetajj_mjj_genbin2_recobin3 acc 0.0053 eff 0.0 outinratio 0.0321 

ttH124_4l_absdetajj_mjj_genbin2_recobin3 acc 0.0025 eff 0.0919 outinratio 0.2016 

ggH124_4l_absdetajj_mjj_genbin3_recobin3 acc 0.0051 eff 0.443 outinratio 0.04 

VBFH124_4l_absdetajj_mjj_genbin3_recobin3 acc 0.1483 eff 0.4714 outinratio 0.035 

WminusH124_4l_absdetajj_mjj_genbin3_recobin3 acc 0.001 eff 0.3149 outinratio 0.052 

WplusH124_4l_absdetajj_mjj_genbin3_recobin3 acc 0.0028 eff -1.0 outinratio 0.1386 

ZH124_4l_absdetajj_mjj_genbin3_recobin3 acc 0.0047 eff 0.3869 outinratio 0.0321 

ttH124_4l_absdetajj_mjj_genbin3_recobin3 acc 0.0122 eff 0.3463 outinratio 0.2016 

ggH124_4e_absdetajj_mjj_genbin0_recobin0 acc 0.3454 eff 0.3001 outinratio 0.0528 

VBFH124_4e_absdetajj_mjj_genbin0_recobin0 acc 0.2048 eff 0.3012 outinratio 0.036 

WminusH124_4e_absdetajj_mjj_genbin0_recobin0 acc 0.1886 eff 0.2942 outinratio 0.059 

WplusH124_4e_absdetajj_mjj_genbin0_recobin0 acc 0.1824 eff 0.3188 outinratio 0.0495 

ZH124_4e_absdetajj_mjj_genbin0_recobin0 acc 0.1723 eff 0.2588 outinratio 0.0654 

ttH124_4e_absdetajj_mjj_genbin0_recobin0 acc 0.0068 eff 0.0852 outinratio 0.0844 

ggH124_4e_absdetajj_mjj_genbin1_recobin0 acc 0.0328 eff 0.0189 outinratio 0.0528 

VBFH124_4e_absdetajj_mjj_genbin1_recobin0 acc 0.0523 eff 0.0454 outinratio 0.036 

WminusH124_4e_absdetajj_mjj_genbin1_recobin0 acc 0.1436 eff 0.0216 outinratio 0.059 

WplusH124_4e_absdetajj_mjj_genbin1_recobin0 acc 0.1216 eff 0.0214 outinratio 0.0495 

ZH124_4e_absdetajj_mjj_genbin1_recobin0 acc 0.1548 eff 0.022 outinratio 0.0654 

ttH124_4e_absdetajj_mjj_genbin1_recobin0 acc 0.2811 eff 0.003 outinratio 0.0844 

ggH124_4e_absdetajj_mjj_genbin2_recobin0 acc 0.0033 eff -1.0 outinratio 0.0528 

VBFH124_4e_absdetajj_mjj_genbin2_recobin0 acc 0.0283 eff 0.0658 outinratio 0.036 

WminusH124_4e_absdetajj_mjj_genbin2_recobin0 acc 0.0043 eff 0.0 outinratio 0.059 

WplusH124_4e_absdetajj_mjj_genbin2_recobin0 acc 0.0011 eff -1.0 outinratio 0.0495 

ZH124_4e_absdetajj_mjj_genbin2_recobin0 acc 0.0038 eff -1.0 outinratio 0.0654 

ttH124_4e_absdetajj_mjj_genbin2_recobin0 acc 0.0022 eff 0.0 outinratio 0.0844 

ggH124_4e_absdetajj_mjj_genbin3_recobin0 acc 0.0045 eff 0.1473 outinratio 0.0528 

VBFH124_4e_absdetajj_mjj_genbin3_recobin0 acc 0.1417 eff 0.0632 outinratio 0.036 

WminusH124_4e_absdetajj_mjj_genbin3_recobin0 acc 0.0007 eff -1.0 outinratio 0.059 

WplusH124_4e_absdetajj_mjj_genbin3_recobin0 acc 0.0011 eff -1.0 outinratio 0.0495 

ZH124_4e_absdetajj_mjj_genbin3_recobin0 acc 0.0044 eff -1.0 outinratio 0.0654 

ttH124_4e_absdetajj_mjj_genbin3_recobin0 acc 0.011 eff 0.0507 outinratio 0.0844 

ggH124_4e_absdetajj_mjj_genbin0_recobin1 acc 0.3454 eff 0.0104 outinratio 0.0572 

VBFH124_4e_absdetajj_mjj_genbin0_recobin1 acc 0.2048 eff 0.0206 outinratio 0.0219 

WminusH124_4e_absdetajj_mjj_genbin0_recobin1 acc 0.1886 eff 0.0352 outinratio 0.0624 

WplusH124_4e_absdetajj_mjj_genbin0_recobin1 acc 0.1824 eff 0.0295 outinratio 0.0268 

ZH124_4e_absdetajj_mjj_genbin0_recobin1 acc 0.1723 eff 0.0389 outinratio 0.063 

ttH124_4e_absdetajj_mjj_genbin0_recobin1 acc 0.0068 eff 0.2144 outinratio 0.2017 

ggH124_4e_absdetajj_mjj_genbin1_recobin1 acc 0.0328 eff 0.3458 outinratio 0.0572 

VBFH124_4e_absdetajj_mjj_genbin1_recobin1 acc 0.0523 eff 0.3174 outinratio 0.0219 

WminusH124_4e_absdetajj_mjj_genbin1_recobin1 acc 0.1436 eff 0.3088 outinratio 0.0624 

WplusH124_4e_absdetajj_mjj_genbin1_recobin1 acc 0.1216 eff 0.3708 outinratio 0.0268 

ZH124_4e_absdetajj_mjj_genbin1_recobin1 acc 0.1548 eff 0.2998 outinratio 0.063 

ttH124_4e_absdetajj_mjj_genbin1_recobin1 acc 0.2811 eff 0.3137 outinratio 0.2017 

ggH124_4e_absdetajj_mjj_genbin2_recobin1 acc 0.0033 eff -1.0 outinratio 0.0572 

VBFH124_4e_absdetajj_mjj_genbin2_recobin1 acc 0.0283 eff 0.017 outinratio 0.0219 

WminusH124_4e_absdetajj_mjj_genbin2_recobin1 acc 0.0043 eff 0.112 outinratio 0.0624 

WplusH124_4e_absdetajj_mjj_genbin2_recobin1 acc 0.0011 eff -1.0 outinratio 0.0268 

ZH124_4e_absdetajj_mjj_genbin2_recobin1 acc 0.0038 eff -1.0 outinratio 0.063 

ttH124_4e_absdetajj_mjj_genbin2_recobin1 acc 0.0022 eff 0.0564 outinratio 0.2017 

ggH124_4e_absdetajj_mjj_genbin3_recobin1 acc 0.0045 eff 0.0542 outinratio 0.0572 

VBFH124_4e_absdetajj_mjj_genbin3_recobin1 acc 0.1417 eff 0.0058 outinratio 0.0219 

WminusH124_4e_absdetajj_mjj_genbin3_recobin1 acc 0.0007 eff -1.0 outinratio 0.0624 

WplusH124_4e_absdetajj_mjj_genbin3_recobin1 acc 0.0011 eff -1.0 outinratio 0.0268 

ZH124_4e_absdetajj_mjj_genbin3_recobin1 acc 0.0044 eff -1.0 outinratio 0.063 

ttH124_4e_absdetajj_mjj_genbin3_recobin1 acc 0.011 eff 0.0767 outinratio 0.2017 

ggH124_4e_absdetajj_mjj_genbin0_recobin2 acc 0.3454 eff 0.0009 outinratio 0.3137 

VBFH124_4e_absdetajj_mjj_genbin0_recobin2 acc 0.2048 eff 0.0111 outinratio 0.095 

WminusH124_4e_absdetajj_mjj_genbin0_recobin2 acc 0.1886 eff 0.0 outinratio 0.6298 

WplusH124_4e_absdetajj_mjj_genbin0_recobin2 acc 0.1824 eff 0.0 outinratio 0.0 

ZH124_4e_absdetajj_mjj_genbin0_recobin2 acc 0.1723 eff 0.0028 outinratio 0.0 

ttH124_4e_absdetajj_mjj_genbin0_recobin2 acc 0.0068 eff 0.0 outinratio 0.5548 

ggH124_4e_absdetajj_mjj_genbin1_recobin2 acc 0.0328 eff 0.0 outinratio 0.3137 

VBFH124_4e_absdetajj_mjj_genbin1_recobin2 acc 0.0523 eff 0.0097 outinratio 0.095 

WminusH124_4e_absdetajj_mjj_genbin1_recobin2 acc 0.1436 eff 0.0014 outinratio 0.6298 

WplusH124_4e_absdetajj_mjj_genbin1_recobin2 acc 0.1216 eff 0.0059 outinratio 0.0 

ZH124_4e_absdetajj_mjj_genbin1_recobin2 acc 0.1548 eff 0.0053 outinratio 0.0 

ttH124_4e_absdetajj_mjj_genbin1_recobin2 acc 0.2811 eff 0.0008 outinratio 0.5548 

ggH124_4e_absdetajj_mjj_genbin2_recobin2 acc 0.0033 eff -1.0 outinratio 0.3137 

VBFH124_4e_absdetajj_mjj_genbin2_recobin2 acc 0.0283 eff 0.196 outinratio 0.095 

WminusH124_4e_absdetajj_mjj_genbin2_recobin2 acc 0.0043 eff 0.1131 outinratio 0.6298 

WplusH124_4e_absdetajj_mjj_genbin2_recobin2 acc 0.0011 eff -1.0 outinratio 0.0 

ZH124_4e_absdetajj_mjj_genbin2_recobin2 acc 0.0038 eff -1.0 outinratio 0.0 

ttH124_4e_absdetajj_mjj_genbin2_recobin2 acc 0.0022 eff 0.1912 outinratio 0.5548 

ggH124_4e_absdetajj_mjj_genbin3_recobin2 acc 0.0045 eff 0.0 outinratio 0.3137 

VBFH124_4e_absdetajj_mjj_genbin3_recobin2 acc 0.1417 eff 0.0081 outinratio 0.095 

WminusH124_4e_absdetajj_mjj_genbin3_recobin2 acc 0.0007 eff -1.0 outinratio 0.6298 

WplusH124_4e_absdetajj_mjj_genbin3_recobin2 acc 0.0011 eff -1.0 outinratio 0.0 

ZH124_4e_absdetajj_mjj_genbin3_recobin2 acc 0.0044 eff -1.0 outinratio 0.0 

ttH124_4e_absdetajj_mjj_genbin3_recobin2 acc 0.011 eff 0.0 outinratio 0.5548 

ggH124_4e_absdetajj_mjj_genbin0_recobin3 acc 0.3454 eff 0.0038 outinratio 0.0 

VBFH124_4e_absdetajj_mjj_genbin0_recobin3 acc 0.2048 eff 0.0339 outinratio 0.0356 

WminusH124_4e_absdetajj_mjj_genbin0_recobin3 acc 0.1886 eff 0.0 outinratio 0.0 

WplusH124_4e_absdetajj_mjj_genbin0_recobin3 acc 0.1824 eff 0.0083 outinratio 0.329 

ZH124_4e_absdetajj_mjj_genbin0_recobin3 acc 0.1723 eff 0.0117 outinratio 0.0 

ttH124_4e_absdetajj_mjj_genbin0_recobin3 acc 0.0068 eff 0.037 outinratio 0.3523 

ggH124_4e_absdetajj_mjj_genbin1_recobin3 acc 0.0328 eff 0.0192 outinratio 0.0 

VBFH124_4e_absdetajj_mjj_genbin1_recobin3 acc 0.0523 eff 0.019 outinratio 0.0356 

WminusH124_4e_absdetajj_mjj_genbin1_recobin3 acc 0.1436 eff 0.0036 outinratio 0.0 

WplusH124_4e_absdetajj_mjj_genbin1_recobin3 acc 0.1216 eff 0.0 outinratio 0.329 

ZH124_4e_absdetajj_mjj_genbin1_recobin3 acc 0.1548 eff 0.0033 outinratio 0.0 

ttH124_4e_absdetajj_mjj_genbin1_recobin3 acc 0.2811 eff 0.0041 outinratio 0.3523 

ggH124_4e_absdetajj_mjj_genbin2_recobin3 acc 0.0033 eff -1.0 outinratio 0.0 

VBFH124_4e_absdetajj_mjj_genbin2_recobin3 acc 0.0283 eff 0.0359 outinratio 0.0356 

WminusH124_4e_absdetajj_mjj_genbin2_recobin3 acc 0.0043 eff 0.167 outinratio 0.0 

WplusH124_4e_absdetajj_mjj_genbin2_recobin3 acc 0.0011 eff -1.0 outinratio 0.329 

ZH124_4e_absdetajj_mjj_genbin2_recobin3 acc 0.0038 eff -1.0 outinratio 0.0 

ttH124_4e_absdetajj_mjj_genbin2_recobin3 acc 0.0022 eff 0.0 outinratio 0.3523 

ggH124_4e_absdetajj_mjj_genbin3_recobin3 acc 0.0045 eff 0.1854 outinratio 0.0 

VBFH124_4e_absdetajj_mjj_genbin3_recobin3 acc 0.1417 eff 0.3027 outinratio 0.0356 

WminusH124_4e_absdetajj_mjj_genbin3_recobin3 acc 0.0007 eff -1.0 outinratio 0.0 

WplusH124_4e_absdetajj_mjj_genbin3_recobin3 acc 0.0011 eff -1.0 outinratio 0.329 

ZH124_4e_absdetajj_mjj_genbin3_recobin3 acc 0.0044 eff -1.0 outinratio 0.0 

ttH124_4e_absdetajj_mjj_genbin3_recobin3 acc 0.011 eff 0.187 outinratio 0.3523 

ggH124_4mu_absdetajj_mjj_genbin0_recobin0 acc 0.355 eff 0.7564 outinratio 0.0568 

VBFH124_4mu_absdetajj_mjj_genbin0_recobin0 acc 0.2224 eff 0.6948 outinratio 0.0275 

WminusH124_4mu_absdetajj_mjj_genbin0_recobin0 acc 0.2022 eff 0.6181 outinratio 0.0413 

WplusH124_4mu_absdetajj_mjj_genbin0_recobin0 acc 0.1807 eff 0.6617 outinratio 0.0725 

ZH124_4mu_absdetajj_mjj_genbin0_recobin0 acc 0.1947 eff 0.6411 outinratio 0.0848 

ttH124_4mu_absdetajj_mjj_genbin0_recobin0 acc 0.0078 eff 0.3834 outinratio 0.056 

ggH124_4mu_absdetajj_mjj_genbin1_recobin0 acc 0.0335 eff 0.1123 outinratio 0.0568 

VBFH124_4mu_absdetajj_mjj_genbin1_recobin0 acc 0.0597 eff 0.0833 outinratio 0.0275 

WminusH124_4mu_absdetajj_mjj_genbin1_recobin0 acc 0.144 eff 0.1055 outinratio 0.0413 

WplusH124_4mu_absdetajj_mjj_genbin1_recobin0 acc 0.1558 eff 0.0781 outinratio 0.0725 

ZH124_4mu_absdetajj_mjj_genbin1_recobin0 acc 0.1613 eff 0.0994 outinratio 0.0848 

ttH124_4mu_absdetajj_mjj_genbin1_recobin0 acc 0.3089 eff 0.0063 outinratio 0.056 

ggH124_4mu_absdetajj_mjj_genbin2_recobin0 acc 0.006 eff 0.0 outinratio 0.0568 

VBFH124_4mu_absdetajj_mjj_genbin2_recobin0 acc 0.0312 eff 0.1763 outinratio 0.0275 

WminusH124_4mu_absdetajj_mjj_genbin2_recobin0 acc 0.0059 eff 0.0709 outinratio 0.0413 

WplusH124_4mu_absdetajj_mjj_genbin2_recobin0 acc 0.0042 eff -1.0 outinratio 0.0725 

ZH124_4mu_absdetajj_mjj_genbin2_recobin0 acc 0.0069 eff 0.1721 outinratio 0.0848 

ttH124_4mu_absdetajj_mjj_genbin2_recobin0 acc 0.003 eff 0.0504 outinratio 0.056 

ggH124_4mu_absdetajj_mjj_genbin3_recobin0 acc 0.008 eff 0.1969 outinratio 0.0568 

VBFH124_4mu_absdetajj_mjj_genbin3_recobin0 acc 0.1609 eff 0.1227 outinratio 0.0275 

WminusH124_4mu_absdetajj_mjj_genbin3_recobin0 acc 0.0014 eff -1.0 outinratio 0.0413 

WplusH124_4mu_absdetajj_mjj_genbin3_recobin0 acc 0.001 eff -1.0 outinratio 0.0725 

ZH124_4mu_absdetajj_mjj_genbin3_recobin0 acc 0.0013 eff -1.0 outinratio 0.0848 

ttH124_4mu_absdetajj_mjj_genbin3_recobin0 acc 0.0146 eff 0.0057 outinratio 0.056 

ggH124_4mu_absdetajj_mjj_genbin0_recobin1 acc 0.355 eff 0.0286 outinratio 0.0863 

VBFH124_4mu_absdetajj_mjj_genbin0_recobin1 acc 0.2224 eff 0.0433 outinratio 0.0426 

WminusH124_4mu_absdetajj_mjj_genbin0_recobin1 acc 0.2022 eff 0.1165 outinratio 0.0772 

WplusH124_4mu_absdetajj_mjj_genbin0_recobin1 acc 0.1807 eff 0.1092 outinratio 0.0241 

ZH124_4mu_absdetajj_mjj_genbin0_recobin1 acc 0.1947 eff 0.0893 outinratio 0.047 

ttH124_4mu_absdetajj_mjj_genbin0_recobin1 acc 0.0078 eff 0.2712 outinratio 0.1404 

ggH124_4mu_absdetajj_mjj_genbin1_recobin1 acc 0.0335 eff 0.6765 outinratio 0.0863 

VBFH124_4mu_absdetajj_mjj_genbin1_recobin1 acc 0.0597 eff 0.6824 outinratio 0.0426 

WminusH124_4mu_absdetajj_mjj_genbin1_recobin1 acc 0.144 eff 0.684 outinratio 0.0772 

WplusH124_4mu_absdetajj_mjj_genbin1_recobin1 acc 0.1558 eff 0.7561 outinratio 0.0241 

ZH124_4mu_absdetajj_mjj_genbin1_recobin1 acc 0.1613 eff 0.731 outinratio 0.047 

ttH124_4mu_absdetajj_mjj_genbin1_recobin1 acc 0.3089 eff 0.7669 outinratio 0.1404 

ggH124_4mu_absdetajj_mjj_genbin2_recobin1 acc 0.006 eff 0.1127 outinratio 0.0863 

VBFH124_4mu_absdetajj_mjj_genbin2_recobin1 acc 0.0312 eff 0.0423 outinratio 0.0426 

WminusH124_4mu_absdetajj_mjj_genbin2_recobin1 acc 0.0059 eff 0.1778 outinratio 0.0772 

WplusH124_4mu_absdetajj_mjj_genbin2_recobin1 acc 0.0042 eff -1.0 outinratio 0.0241 

ZH124_4mu_absdetajj_mjj_genbin2_recobin1 acc 0.0069 eff 0.0628 outinratio 0.047 

ttH124_4mu_absdetajj_mjj_genbin2_recobin1 acc 0.003 eff 0.2274 outinratio 0.1404 

ggH124_4mu_absdetajj_mjj_genbin3_recobin1 acc 0.008 eff 0.1355 outinratio 0.0863 

VBFH124_4mu_absdetajj_mjj_genbin3_recobin1 acc 0.1609 eff 0.0202 outinratio 0.0426 

WminusH124_4mu_absdetajj_mjj_genbin3_recobin1 acc 0.0014 eff -1.0 outinratio 0.0772 

WplusH124_4mu_absdetajj_mjj_genbin3_recobin1 acc 0.001 eff -1.0 outinratio 0.0241 

ZH124_4mu_absdetajj_mjj_genbin3_recobin1 acc 0.0013 eff -1.0 outinratio 0.047 

ttH124_4mu_absdetajj_mjj_genbin3_recobin1 acc 0.0146 eff 0.2545 outinratio 0.1404 

ggH124_4mu_absdetajj_mjj_genbin0_recobin2 acc 0.355 eff 0.004 outinratio 0.113 

VBFH124_4mu_absdetajj_mjj_genbin0_recobin2 acc 0.2224 eff 0.019 outinratio 0.0429 

WminusH124_4mu_absdetajj_mjj_genbin0_recobin2 acc 0.2022 eff 0.0136 outinratio 0.0 

WplusH124_4mu_absdetajj_mjj_genbin0_recobin2 acc 0.1807 eff 0.0159 outinratio 0.0 

ZH124_4mu_absdetajj_mjj_genbin0_recobin2 acc 0.1947 eff 0.0 outinratio 0.0 

ttH124_4mu_absdetajj_mjj_genbin0_recobin2 acc 0.0078 eff 0.0 outinratio 0.4747 

ggH124_4mu_absdetajj_mjj_genbin1_recobin2 acc 0.0335 eff 0.0203 outinratio 0.113 

VBFH124_4mu_absdetajj_mjj_genbin1_recobin2 acc 0.0597 eff 0.0087 outinratio 0.0429 

WminusH124_4mu_absdetajj_mjj_genbin1_recobin2 acc 0.144 eff 0.0018 outinratio 0.0 

WplusH124_4mu_absdetajj_mjj_genbin1_recobin2 acc 0.1558 eff 0.0091 outinratio 0.0 

ZH124_4mu_absdetajj_mjj_genbin1_recobin2 acc 0.1613 eff 0.0159 outinratio 0.0 

ttH124_4mu_absdetajj_mjj_genbin1_recobin2 acc 0.3089 eff 0.0008 outinratio 0.4747 

ggH124_4mu_absdetajj_mjj_genbin2_recobin2 acc 0.006 eff 0.4917 outinratio 0.113 

VBFH124_4mu_absdetajj_mjj_genbin2_recobin2 acc 0.0312 eff 0.4257 outinratio 0.0429 

WminusH124_4mu_absdetajj_mjj_genbin2_recobin2 acc 0.0059 eff 0.5894 outinratio 0.0 

WplusH124_4mu_absdetajj_mjj_genbin2_recobin2 acc 0.0042 eff -1.0 outinratio 0.0 

ZH124_4mu_absdetajj_mjj_genbin2_recobin2 acc 0.0069 eff 0.387 outinratio 0.0 

ttH124_4mu_absdetajj_mjj_genbin2_recobin2 acc 0.003 eff 0.2806 outinratio 0.4747 

ggH124_4mu_absdetajj_mjj_genbin3_recobin2 acc 0.008 eff 0.0 outinratio 0.113 

VBFH124_4mu_absdetajj_mjj_genbin3_recobin2 acc 0.1609 eff 0.0144 outinratio 0.0429 

WminusH124_4mu_absdetajj_mjj_genbin3_recobin2 acc 0.0014 eff -1.0 outinratio 0.0 

WplusH124_4mu_absdetajj_mjj_genbin3_recobin2 acc 0.001 eff -1.0 outinratio 0.0 

ZH124_4mu_absdetajj_mjj_genbin3_recobin2 acc 0.0013 eff -1.0 outinratio 0.0 

ttH124_4mu_absdetajj_mjj_genbin3_recobin2 acc 0.0146 eff 0.0 outinratio 0.4747 

ggH124_4mu_absdetajj_mjj_genbin0_recobin3 acc 0.355 eff 0.0084 outinratio 0.0 

VBFH124_4mu_absdetajj_mjj_genbin0_recobin3 acc 0.2224 eff 0.0732 outinratio 0.0262 

WminusH124_4mu_absdetajj_mjj_genbin0_recobin3 acc 0.2022 eff 0.0095 outinratio 0.0 

WplusH124_4mu_absdetajj_mjj_genbin0_recobin3 acc 0.1807 eff 0.0043 outinratio 0.0 

ZH124_4mu_absdetajj_mjj_genbin0_recobin3 acc 0.1947 eff 0.0181 outinratio 0.0863 

ttH124_4mu_absdetajj_mjj_genbin0_recobin3 acc 0.0078 eff 0.0 outinratio 0.0527 

ggH124_4mu_absdetajj_mjj_genbin1_recobin3 acc 0.0335 eff 0.0 outinratio 0.0 

VBFH124_4mu_absdetajj_mjj_genbin1_recobin3 acc 0.0597 eff 0.0321 outinratio 0.0262 

WminusH124_4mu_absdetajj_mjj_genbin1_recobin3 acc 0.144 eff 0.0022 outinratio 0.0 

WplusH124_4mu_absdetajj_mjj_genbin1_recobin3 acc 0.1558 eff 0.0 outinratio 0.0 

ZH124_4mu_absdetajj_mjj_genbin1_recobin3 acc 0.1613 eff 0.0064 outinratio 0.0863 

ttH124_4mu_absdetajj_mjj_genbin1_recobin3 acc 0.3089 eff 0.0066 outinratio 0.0527 

ggH124_4mu_absdetajj_mjj_genbin2_recobin3 acc 0.006 eff 0.2274 outinratio 0.0 

VBFH124_4mu_absdetajj_mjj_genbin2_recobin3 acc 0.0312 eff 0.1247 outinratio 0.0262 

WminusH124_4mu_absdetajj_mjj_genbin2_recobin3 acc 0.0059 eff 0.0213 outinratio 0.0 

WplusH124_4mu_absdetajj_mjj_genbin2_recobin3 acc 0.0042 eff -1.0 outinratio 0.0 

ZH124_4mu_absdetajj_mjj_genbin2_recobin3 acc 0.0069 eff 0.0 outinratio 0.0863 

ttH124_4mu_absdetajj_mjj_genbin2_recobin3 acc 0.003 eff 0.1688 outinratio 0.0527 

ggH124_4mu_absdetajj_mjj_genbin3_recobin3 acc 0.008 eff 0.6716 outinratio 0.0 

VBFH124_4mu_absdetajj_mjj_genbin3_recobin3 acc 0.1609 eff 0.6628 outinratio 0.0262 

WminusH124_4mu_absdetajj_mjj_genbin3_recobin3 acc 0.0014 eff -1.0 outinratio 0.0 

WplusH124_4mu_absdetajj_mjj_genbin3_recobin3 acc 0.001 eff -1.0 outinratio 0.0 

ZH124_4mu_absdetajj_mjj_genbin3_recobin3 acc 0.0013 eff -1.0 outinratio 0.0863 

ttH124_4mu_absdetajj_mjj_genbin3_recobin3 acc 0.0146 eff 0.4389 outinratio 0.0527 

ggH124_2e2mu_absdetajj_mjj_genbin0_recobin0 acc 0.3476 eff 0.4964 outinratio 0.0481 

VBFH124_2e2mu_absdetajj_mjj_genbin0_recobin0 acc 0.2022 eff 0.4431 outinratio 0.0386 

WminusH124_2e2mu_absdetajj_mjj_genbin0_recobin0 acc 0.1955 eff 0.4324 outinratio 0.0767 

WplusH124_2e2mu_absdetajj_mjj_genbin0_recobin0 acc 0.1779 eff 0.4093 outinratio 0.0765 

ZH124_2e2mu_absdetajj_mjj_genbin0_recobin0 acc 0.1699 eff 0.4208 outinratio 0.1071 

ttH124_2e2mu_absdetajj_mjj_genbin0_recobin0 acc 0.0081 eff 0.2672 outinratio 0.2008 

ggH124_2e2mu_absdetajj_mjj_genbin1_recobin0 acc 0.0354 eff 0.0745 outinratio 0.0481 

VBFH124_2e2mu_absdetajj_mjj_genbin1_recobin0 acc 0.0569 eff 0.0499 outinratio 0.0386 

WminusH124_2e2mu_absdetajj_mjj_genbin1_recobin0 acc 0.1315 eff 0.0415 outinratio 0.0767 

WplusH124_2e2mu_absdetajj_mjj_genbin1_recobin0 acc 0.1309 eff 0.0785 outinratio 0.0765 

ZH124_2e2mu_absdetajj_mjj_genbin1_recobin0 acc 0.1414 eff 0.0559 outinratio 0.1071 

ttH124_2e2mu_absdetajj_mjj_genbin1_recobin0 acc 0.2738 eff 0.0025 outinratio 0.2008 

ggH124_2e2mu_absdetajj_mjj_genbin2_recobin0 acc 0.0033 eff 0.1402 outinratio 0.0481 

VBFH124_2e2mu_absdetajj_mjj_genbin2_recobin0 acc 0.0304 eff 0.1207 outinratio 0.0386 

WminusH124_2e2mu_absdetajj_mjj_genbin2_recobin0 acc 0.0045 eff 0.0 outinratio 0.0767 

WplusH124_2e2mu_absdetajj_mjj_genbin2_recobin0 acc 0.0041 eff -1.0 outinratio 0.0765 

ZH124_2e2mu_absdetajj_mjj_genbin2_recobin0 acc 0.0053 eff 0.1087 outinratio 0.1071 

ttH124_2e2mu_absdetajj_mjj_genbin2_recobin0 acc 0.0025 eff 0.0 outinratio 0.2008 

ggH124_2e2mu_absdetajj_mjj_genbin3_recobin0 acc 0.0038 eff 0.136 outinratio 0.0481 

VBFH124_2e2mu_absdetajj_mjj_genbin3_recobin0 acc 0.145 eff 0.0771 outinratio 0.0386 

WminusH124_2e2mu_absdetajj_mjj_genbin3_recobin0 acc 0.001 eff -1.0 outinratio 0.0767 

WplusH124_2e2mu_absdetajj_mjj_genbin3_recobin0 acc 0.0047 eff -1.0 outinratio 0.0765 

ZH124_2e2mu_absdetajj_mjj_genbin3_recobin0 acc 0.0066 eff 0.0 outinratio 0.1071 

ttH124_2e2mu_absdetajj_mjj_genbin3_recobin0 acc 0.0116 eff 0.0 outinratio 0.2008 

ggH124_2e2mu_absdetajj_mjj_genbin0_recobin1 acc 0.3476 eff 0.0157 outinratio 0.1097 

VBFH124_2e2mu_absdetajj_mjj_genbin0_recobin1 acc 0.2022 eff 0.0323 outinratio 0.0334 

WminusH124_2e2mu_absdetajj_mjj_genbin0_recobin1 acc 0.1955 eff 0.0501 outinratio 0.0956 

WplusH124_2e2mu_absdetajj_mjj_genbin0_recobin1 acc 0.1779 eff 0.0769 outinratio 0.083 

ZH124_2e2mu_absdetajj_mjj_genbin0_recobin1 acc 0.1699 eff 0.0689 outinratio 0.08 

ttH124_2e2mu_absdetajj_mjj_genbin0_recobin1 acc 0.0081 eff 0.2333 outinratio 0.1878 

ggH124_2e2mu_absdetajj_mjj_genbin1_recobin1 acc 0.0354 eff 0.4381 outinratio 0.1097 

VBFH124_2e2mu_absdetajj_mjj_genbin1_recobin1 acc 0.0569 eff 0.4635 outinratio 0.0334 

WminusH124_2e2mu_absdetajj_mjj_genbin1_recobin1 acc 0.1315 eff 0.481 outinratio 0.0956 

WplusH124_2e2mu_absdetajj_mjj_genbin1_recobin1 acc 0.1309 eff 0.4568 outinratio 0.083 

ZH124_2e2mu_absdetajj_mjj_genbin1_recobin1 acc 0.1414 eff 0.4661 outinratio 0.08 

ttH124_2e2mu_absdetajj_mjj_genbin1_recobin1 acc 0.2738 eff 0.5067 outinratio 0.1878 

ggH124_2e2mu_absdetajj_mjj_genbin2_recobin1 acc 0.0033 eff 0.0 outinratio 0.1097 

VBFH124_2e2mu_absdetajj_mjj_genbin2_recobin1 acc 0.0304 eff 0.0287 outinratio 0.0334 

WminusH124_2e2mu_absdetajj_mjj_genbin2_recobin1 acc 0.0045 eff 0.0905 outinratio 0.0956 

WplusH124_2e2mu_absdetajj_mjj_genbin2_recobin1 acc 0.0041 eff -1.0 outinratio 0.083 

ZH124_2e2mu_absdetajj_mjj_genbin2_recobin1 acc 0.0053 eff 0.0785 outinratio 0.08 

ttH124_2e2mu_absdetajj_mjj_genbin2_recobin1 acc 0.0025 eff 0.0616 outinratio 0.1878 

ggH124_2e2mu_absdetajj_mjj_genbin3_recobin1 acc 0.0038 eff 0.0 outinratio 0.1097 

VBFH124_2e2mu_absdetajj_mjj_genbin3_recobin1 acc 0.145 eff 0.017 outinratio 0.0334 

WminusH124_2e2mu_absdetajj_mjj_genbin3_recobin1 acc 0.001 eff -1.0 outinratio 0.0956 

WplusH124_2e2mu_absdetajj_mjj_genbin3_recobin1 acc 0.0047 eff -1.0 outinratio 0.083 

ZH124_2e2mu_absdetajj_mjj_genbin3_recobin1 acc 0.0066 eff 0.0211 outinratio 0.08 

ttH124_2e2mu_absdetajj_mjj_genbin3_recobin1 acc 0.0116 eff 0.1141 outinratio 0.1878 

ggH124_2e2mu_absdetajj_mjj_genbin0_recobin2 acc 0.3476 eff 0.0069 outinratio 0.0 

VBFH124_2e2mu_absdetajj_mjj_genbin0_recobin2 acc 0.2022 eff 0.0123 outinratio 0.0639 

WminusH124_2e2mu_absdetajj_mjj_genbin0_recobin2 acc 0.1955 eff 0.0046 outinratio 0.0458 

WplusH124_2e2mu_absdetajj_mjj_genbin0_recobin2 acc 0.1779 eff 0.0 outinratio 0.0 

ZH124_2e2mu_absdetajj_mjj_genbin0_recobin2 acc 0.1699 eff 0.0055 outinratio 0.0 

ttH124_2e2mu_absdetajj_mjj_genbin0_recobin2 acc 0.0081 eff 0.0066 outinratio 0.6673 

ggH124_2e2mu_absdetajj_mjj_genbin1_recobin2 acc 0.0354 eff 0.0086 outinratio 0.0 

VBFH124_2e2mu_absdetajj_mjj_genbin1_recobin2 acc 0.0569 eff 0.0106 outinratio 0.0639 

WminusH124_2e2mu_absdetajj_mjj_genbin1_recobin2 acc 0.1315 eff 0.0039 outinratio 0.0458 

WplusH124_2e2mu_absdetajj_mjj_genbin1_recobin2 acc 0.1309 eff 0.0 outinratio 0.0 

ZH124_2e2mu_absdetajj_mjj_genbin1_recobin2 acc 0.1414 eff 0.0054 outinratio 0.0 

ttH124_2e2mu_absdetajj_mjj_genbin1_recobin2 acc 0.2738 eff 0.0022 outinratio 0.6673 

ggH124_2e2mu_absdetajj_mjj_genbin2_recobin2 acc 0.0033 eff 0.3943 outinratio 0.0 

VBFH124_2e2mu_absdetajj_mjj_genbin2_recobin2 acc 0.0304 eff 0.3166 outinratio 0.0639 

WminusH124_2e2mu_absdetajj_mjj_genbin2_recobin2 acc 0.0045 eff 0.3702 outinratio 0.0458 

WplusH124_2e2mu_absdetajj_mjj_genbin2_recobin2 acc 0.0041 eff -1.0 outinratio 0.0 

ZH124_2e2mu_absdetajj_mjj_genbin2_recobin2 acc 0.0053 eff 0.2696 outinratio 0.0 

ttH124_2e2mu_absdetajj_mjj_genbin2_recobin2 acc 0.0025 eff 0.0342 outinratio 0.6673 

ggH124_2e2mu_absdetajj_mjj_genbin3_recobin2 acc 0.0038 eff 0.0688 outinratio 0.0 

VBFH124_2e2mu_absdetajj_mjj_genbin3_recobin2 acc 0.145 eff 0.0064 outinratio 0.0639 

WminusH124_2e2mu_absdetajj_mjj_genbin3_recobin2 acc 0.001 eff -1.0 outinratio 0.0458 

WplusH124_2e2mu_absdetajj_mjj_genbin3_recobin2 acc 0.0047 eff -1.0 outinratio 0.0 

ZH124_2e2mu_absdetajj_mjj_genbin3_recobin2 acc 0.0066 eff 0.0 outinratio 0.0 

ttH124_2e2mu_absdetajj_mjj_genbin3_recobin2 acc 0.0116 eff 0.0161 outinratio 0.6673 

ggH124_2e2mu_absdetajj_mjj_genbin0_recobin3 acc 0.3476 eff 0.0052 outinratio 0.1118 

VBFH124_2e2mu_absdetajj_mjj_genbin0_recobin3 acc 0.2022 eff 0.0362 outinratio 0.043 

WminusH124_2e2mu_absdetajj_mjj_genbin0_recobin3 acc 0.1955 eff 0.0034 outinratio 0.1635 

WplusH124_2e2mu_absdetajj_mjj_genbin0_recobin3 acc 0.1779 eff 0.0062 outinratio 0.1566 

ZH124_2e2mu_absdetajj_mjj_genbin0_recobin3 acc 0.1699 eff 0.0013 outinratio 0.0 

ttH124_2e2mu_absdetajj_mjj_genbin0_recobin3 acc 0.0081 eff 0.0 outinratio 0.2686 

ggH124_2e2mu_absdetajj_mjj_genbin1_recobin3 acc 0.0354 eff 0.0198 outinratio 0.1118 

VBFH124_2e2mu_absdetajj_mjj_genbin1_recobin3 acc 0.0569 eff 0.0173 outinratio 0.043 

WminusH124_2e2mu_absdetajj_mjj_genbin1_recobin3 acc 0.1315 eff 0.0034 outinratio 0.1635 

WplusH124_2e2mu_absdetajj_mjj_genbin1_recobin3 acc 0.1309 eff 0.0 outinratio 0.1566 

ZH124_2e2mu_absdetajj_mjj_genbin1_recobin3 acc 0.1414 eff 0.0 outinratio 0.0 

ttH124_2e2mu_absdetajj_mjj_genbin1_recobin3 acc 0.2738 eff 0.006 outinratio 0.2686 

ggH124_2e2mu_absdetajj_mjj_genbin2_recobin3 acc 0.0033 eff 0.0202 outinratio 0.1118 

VBFH124_2e2mu_absdetajj_mjj_genbin2_recobin3 acc 0.0304 eff 0.0901 outinratio 0.043 

WminusH124_2e2mu_absdetajj_mjj_genbin2_recobin3 acc 0.0045 eff 0.0293 outinratio 0.1635 

WplusH124_2e2mu_absdetajj_mjj_genbin2_recobin3 acc 0.0041 eff -1.0 outinratio 0.1566 

ZH124_2e2mu_absdetajj_mjj_genbin2_recobin3 acc 0.0053 eff 0.0 outinratio 0.0 

ttH124_2e2mu_absdetajj_mjj_genbin2_recobin3 acc 0.0025 eff 0.089 outinratio 0.2686 

ggH124_2e2mu_absdetajj_mjj_genbin3_recobin3 acc 0.0038 eff 0.3406 outinratio 0.1118 

VBFH124_2e2mu_absdetajj_mjj_genbin3_recobin3 acc 0.145 eff 0.4464 outinratio 0.043 

WminusH124_2e2mu_absdetajj_mjj_genbin3_recobin3 acc 0.001 eff -1.0 outinratio 0.1635 

WplusH124_2e2mu_absdetajj_mjj_genbin3_recobin3 acc 0.0047 eff -1.0 outinratio 0.1566 

ZH124_2e2mu_absdetajj_mjj_genbin3_recobin3 acc 0.0066 eff 0.4457 outinratio 0.0 

ttH124_2e2mu_absdetajj_mjj_genbin3_recobin3 acc 0.0116 eff 0.3692 outinratio 0.2686 

Coeff fullNNLOPS
