Welcome in RunCoefficients!
['2022_3']
It is a double-differential measurement, binning for the 1st variable {0: [40.0, 88.0], 1: [40.0, 88.0], 2: [40.0, 88.0], 3: [40.0, 88.0], 4: [88.0, 120.0], 5: [88.0, 120.0], 6: [88.0, 120.0]} and for the 2nd variable {0: [12.0, 28.0], 1: [28.0, 34.0], 2: [34.0, 40.0], 3: [40.0, 65.0], 4: [12.0, 25.0], 5: [25.0, 28.0], 6: [28.0, 65.0]}
{0: [40.0, 88.0, 12.0, 28.0], 1: [40.0, 88.0, 28.0, 34.0], 2: [40.0, 88.0, 34.0, 40.0], 3: [40.0, 88.0, 40.0, 65.0], 4: [88.0, 120.0, 12.0, 25.0], 5: [88.0, 120.0, 25.0, 28.0], 6: [88.0, 120.0, 28.0, 65.0]}
Z1Mass
Following observables extracted from dictionary: RECO =  Z1Mass  GEN =  GENmassZ1
It is a double-differential measurement: RECO_2nd =  Z2Mass  GEN_2nd =  GENmassZ2
LUMI: 1.9951
ZH125 0.0007061505
Processing ggH125 2022_3
Signal created
Signal failed created
Processing VBFH125 2022_3
Signal created
Signal failed created
Processing WminusH125 2022_3
Signal created
Signal failed created
Processing WplusH125 2022_3
Signal created
Signal failed created
Processing ttH125 2022_3
Signal created
Signal failed created
Processing ZH125 2022_3
Signal created
Signal failed created
2022_3 SKIMMED df CREATED
2022_3 ggH125
2022_3 VBFH125
2022_3 WminusH125
2022_3 WplusH125
2022_3 ttH125
2022_3 ZH125
Dataframes created successfully
Coeff std
ggH125_4l_massZ1_massZ2_genbin0_recobin0 acc 0.066 eff 0.4142 outinratio 0.0649 

VBFH125_4l_massZ1_massZ2_genbin0_recobin0 acc 0.0724 eff 0.4325 outinratio 0.0558 

WminusH125_4l_massZ1_massZ2_genbin0_recobin0 acc 0.0614 eff 0.3902 outinratio 0.0766 

WplusH125_4l_massZ1_massZ2_genbin0_recobin0 acc 0.0483 eff 0.4361 outinratio 0.0821 

ttH125_4l_massZ1_massZ2_genbin0_recobin0 acc 0.0513 eff 0.3795 outinratio 0.2062 

ZH125_4l_massZ1_massZ2_genbin0_recobin0 acc 0.0573 eff 0.4331 outinratio 0.0898 

ggH125_4l_massZ1_massZ2_genbin1_recobin0 acc 0.0409 eff 0.0302 outinratio 0.0649 

VBFH125_4l_massZ1_massZ2_genbin1_recobin0 acc 0.043 eff 0.0285 outinratio 0.0558 

WminusH125_4l_massZ1_massZ2_genbin1_recobin0 acc 0.0389 eff 0.0192 outinratio 0.0766 

WplusH125_4l_massZ1_massZ2_genbin1_recobin0 acc 0.0317 eff 0.02 outinratio 0.0821 

ttH125_4l_massZ1_massZ2_genbin1_recobin0 acc 0.0307 eff 0.0092 outinratio 0.2062 

ZH125_4l_massZ1_massZ2_genbin1_recobin0 acc 0.0338 eff 0.0201 outinratio 0.0898 

ggH125_4l_massZ1_massZ2_genbin2_recobin0 acc 0.0339 eff 0.0027 outinratio 0.0649 

VBFH125_4l_massZ1_massZ2_genbin2_recobin0 acc 0.0381 eff 0.0 outinratio 0.0558 

WminusH125_4l_massZ1_massZ2_genbin2_recobin0 acc 0.0307 eff 0.0015 outinratio 0.0766 

WplusH125_4l_massZ1_massZ2_genbin2_recobin0 acc 0.0261 eff 0.0039 outinratio 0.0821 

ttH125_4l_massZ1_massZ2_genbin2_recobin0 acc 0.0289 eff 0.0 outinratio 0.2062 

ZH125_4l_massZ1_massZ2_genbin2_recobin0 acc 0.0258 eff 0.0016 outinratio 0.0898 

ggH125_4l_massZ1_massZ2_genbin3_recobin0 acc 0.0494 eff 0.0006 outinratio 0.0649 

VBFH125_4l_massZ1_massZ2_genbin3_recobin0 acc 0.0533 eff 0.0 outinratio 0.0558 

WminusH125_4l_massZ1_massZ2_genbin3_recobin0 acc 0.0468 eff 0.0009 outinratio 0.0766 

WplusH125_4l_massZ1_massZ2_genbin3_recobin0 acc 0.0373 eff 0.0019 outinratio 0.0821 

ttH125_4l_massZ1_massZ2_genbin3_recobin0 acc 0.0393 eff 0.0046 outinratio 0.2062 

ZH125_4l_massZ1_massZ2_genbin3_recobin0 acc 0.0414 eff 0.0016 outinratio 0.0898 

ggH125_4l_massZ1_massZ2_genbin4_recobin0 acc 0.099 eff 0.0525 outinratio 0.0649 

VBFH125_4l_massZ1_massZ2_genbin4_recobin0 acc 0.1128 eff 0.0611 outinratio 0.0558 

WminusH125_4l_massZ1_massZ2_genbin4_recobin0 acc 0.1009 eff 0.0546 outinratio 0.0766 

WplusH125_4l_massZ1_massZ2_genbin4_recobin0 acc 0.0857 eff 0.0645 outinratio 0.0821 

ttH125_4l_massZ1_massZ2_genbin4_recobin0 acc 0.0912 eff 0.0502 outinratio 0.2062 

ZH125_4l_massZ1_massZ2_genbin4_recobin0 acc 0.0918 eff 0.0575 outinratio 0.0898 

ggH125_4l_massZ1_massZ2_genbin5_recobin0 acc 0.0401 eff 0.0389 outinratio 0.0649 

VBFH125_4l_massZ1_massZ2_genbin5_recobin0 acc 0.0442 eff 0.049 outinratio 0.0558 

WminusH125_4l_massZ1_massZ2_genbin5_recobin0 acc 0.0365 eff 0.0493 outinratio 0.0766 

WplusH125_4l_massZ1_massZ2_genbin5_recobin0 acc 0.0306 eff 0.0617 outinratio 0.0821 

ttH125_4l_massZ1_massZ2_genbin5_recobin0 acc 0.0346 eff 0.0403 outinratio 0.2062 

ZH125_4l_massZ1_massZ2_genbin5_recobin0 acc 0.0299 eff 0.0411 outinratio 0.0898 

ggH125_4l_massZ1_massZ2_genbin6_recobin0 acc 0.0662 eff 0.0047 outinratio 0.0649 

VBFH125_4l_massZ1_massZ2_genbin6_recobin0 acc 0.068 eff 0.0045 outinratio 0.0558 

WminusH125_4l_massZ1_massZ2_genbin6_recobin0 acc 0.0589 eff 0.0042 outinratio 0.0766 

WplusH125_4l_massZ1_massZ2_genbin6_recobin0 acc 0.0492 eff 0.0056 outinratio 0.0821 

ttH125_4l_massZ1_massZ2_genbin6_recobin0 acc 0.0614 eff -0.0018 outinratio 0.2062 

ZH125_4l_massZ1_massZ2_genbin6_recobin0 acc 0.0549 eff 0.0029 outinratio 0.0898 

ggH125_4l_massZ1_massZ2_genbin0_recobin1 acc 0.066 eff 0.0158 outinratio 0.047 

VBFH125_4l_massZ1_massZ2_genbin0_recobin1 acc 0.0724 eff 0.006 outinratio 0.0317 

WminusH125_4l_massZ1_massZ2_genbin0_recobin1 acc 0.0614 eff 0.0104 outinratio 0.0668 

WplusH125_4l_massZ1_massZ2_genbin0_recobin1 acc 0.0483 eff 0.0124 outinratio 0.0809 

ttH125_4l_massZ1_massZ2_genbin0_recobin1 acc 0.0513 eff 0.0187 outinratio 0.1624 

ZH125_4l_massZ1_massZ2_genbin0_recobin1 acc 0.0573 eff 0.0142 outinratio 0.0825 

ggH125_4l_massZ1_massZ2_genbin1_recobin1 acc 0.0409 eff 0.417 outinratio 0.047 

VBFH125_4l_massZ1_massZ2_genbin1_recobin1 acc 0.043 eff 0.3949 outinratio 0.0317 

WminusH125_4l_massZ1_massZ2_genbin1_recobin1 acc 0.0389 eff 0.3632 outinratio 0.0668 

WplusH125_4l_massZ1_massZ2_genbin1_recobin1 acc 0.0317 eff 0.4075 outinratio 0.0809 

ttH125_4l_massZ1_massZ2_genbin1_recobin1 acc 0.0307 eff 0.3749 outinratio 0.1624 

ZH125_4l_massZ1_massZ2_genbin1_recobin1 acc 0.0338 eff 0.4277 outinratio 0.0825 

ggH125_4l_massZ1_massZ2_genbin2_recobin1 acc 0.0339 eff 0.035 outinratio 0.047 

VBFH125_4l_massZ1_massZ2_genbin2_recobin1 acc 0.0381 eff 0.0358 outinratio 0.0317 

WminusH125_4l_massZ1_massZ2_genbin2_recobin1 acc 0.0307 eff 0.0287 outinratio 0.0668 

WplusH125_4l_massZ1_massZ2_genbin2_recobin1 acc 0.0261 eff 0.0441 outinratio 0.0809 

ttH125_4l_massZ1_massZ2_genbin2_recobin1 acc 0.0289 eff 0.0148 outinratio 0.1624 

ZH125_4l_massZ1_massZ2_genbin2_recobin1 acc 0.0258 eff 0.0321 outinratio 0.0825 

ggH125_4l_massZ1_massZ2_genbin3_recobin1 acc 0.0494 eff 0.0005 outinratio 0.047 

VBFH125_4l_massZ1_massZ2_genbin3_recobin1 acc 0.0533 eff 0.0034 outinratio 0.0317 

WminusH125_4l_massZ1_massZ2_genbin3_recobin1 acc 0.0468 eff 0.0011 outinratio 0.0668 

WplusH125_4l_massZ1_massZ2_genbin3_recobin1 acc 0.0373 eff 0.0029 outinratio 0.0809 

ttH125_4l_massZ1_massZ2_genbin3_recobin1 acc 0.0393 eff 0.0026 outinratio 0.1624 

ZH125_4l_massZ1_massZ2_genbin3_recobin1 acc 0.0414 eff 0.0034 outinratio 0.0825 

ggH125_4l_massZ1_massZ2_genbin4_recobin1 acc 0.099 eff 0.0 outinratio 0.047 

VBFH125_4l_massZ1_massZ2_genbin4_recobin1 acc 0.1128 eff 0.0 outinratio 0.0317 

WminusH125_4l_massZ1_massZ2_genbin4_recobin1 acc 0.1009 eff 0.0 outinratio 0.0668 

WplusH125_4l_massZ1_massZ2_genbin4_recobin1 acc 0.0857 eff 0.0003 outinratio 0.0809 

ttH125_4l_massZ1_massZ2_genbin4_recobin1 acc 0.0912 eff 0.0 outinratio 0.1624 

ZH125_4l_massZ1_massZ2_genbin4_recobin1 acc 0.0918 eff 0.0001 outinratio 0.0825 

ggH125_4l_massZ1_massZ2_genbin5_recobin1 acc 0.0401 eff 0.0056 outinratio 0.047 

VBFH125_4l_massZ1_massZ2_genbin5_recobin1 acc 0.0442 eff 0.0045 outinratio 0.0317 

WminusH125_4l_massZ1_massZ2_genbin5_recobin1 acc 0.0365 eff 0.0039 outinratio 0.0668 

WplusH125_4l_massZ1_massZ2_genbin5_recobin1 acc 0.0306 eff 0.0046 outinratio 0.0809 

ttH125_4l_massZ1_massZ2_genbin5_recobin1 acc 0.0346 eff 0.0086 outinratio 0.1624 

ZH125_4l_massZ1_massZ2_genbin5_recobin1 acc 0.0299 eff 0.0024 outinratio 0.0825 

ggH125_4l_massZ1_massZ2_genbin6_recobin1 acc 0.0662 eff 0.0695 outinratio 0.047 

VBFH125_4l_massZ1_massZ2_genbin6_recobin1 acc 0.068 eff 0.0627 outinratio 0.0317 

WminusH125_4l_massZ1_massZ2_genbin6_recobin1 acc 0.0589 eff 0.052 outinratio 0.0668 

WplusH125_4l_massZ1_massZ2_genbin6_recobin1 acc 0.0492 eff 0.0651 outinratio 0.0809 

ttH125_4l_massZ1_massZ2_genbin6_recobin1 acc 0.0614 eff 0.0734 outinratio 0.1624 

ZH125_4l_massZ1_massZ2_genbin6_recobin1 acc 0.0549 eff 0.0562 outinratio 0.0825 

ggH125_4l_massZ1_massZ2_genbin0_recobin2 acc 0.066 eff 0.0024 outinratio 0.0336 

VBFH125_4l_massZ1_massZ2_genbin0_recobin2 acc 0.0724 eff 0.0 outinratio 0.0237 

WminusH125_4l_massZ1_massZ2_genbin0_recobin2 acc 0.0614 eff 0.0013 outinratio 0.0638 

WplusH125_4l_massZ1_massZ2_genbin0_recobin2 acc 0.0483 eff 0.0007 outinratio 0.0975 

ttH125_4l_massZ1_massZ2_genbin0_recobin2 acc 0.0513 eff 0.0 outinratio 0.1105 

ZH125_4l_massZ1_massZ2_genbin0_recobin2 acc 0.0573 eff 0.0007 outinratio 0.125 

ggH125_4l_massZ1_massZ2_genbin1_recobin2 acc 0.0409 eff 0.0259 outinratio 0.0336 

VBFH125_4l_massZ1_massZ2_genbin1_recobin2 acc 0.043 eff 0.0145 outinratio 0.0237 

WminusH125_4l_massZ1_massZ2_genbin1_recobin2 acc 0.0389 eff 0.0309 outinratio 0.0638 

WplusH125_4l_massZ1_massZ2_genbin1_recobin2 acc 0.0317 eff 0.0179 outinratio 0.0975 

ttH125_4l_massZ1_massZ2_genbin1_recobin2 acc 0.0307 eff 0.02 outinratio 0.1105 

ZH125_4l_massZ1_massZ2_genbin1_recobin2 acc 0.0338 eff 0.0281 outinratio 0.125 

ggH125_4l_massZ1_massZ2_genbin2_recobin2 acc 0.0339 eff 0.4688 outinratio 0.0336 

VBFH125_4l_massZ1_massZ2_genbin2_recobin2 acc 0.0381 eff 0.5022 outinratio 0.0237 

WminusH125_4l_massZ1_massZ2_genbin2_recobin2 acc 0.0307 eff 0.437 outinratio 0.0638 

WplusH125_4l_massZ1_massZ2_genbin2_recobin2 acc 0.0261 eff 0.455 outinratio 0.0975 

ttH125_4l_massZ1_massZ2_genbin2_recobin2 acc 0.0289 eff 0.4191 outinratio 0.1105 

ZH125_4l_massZ1_massZ2_genbin2_recobin2 acc 0.0258 eff 0.4559 outinratio 0.125 

ggH125_4l_massZ1_massZ2_genbin3_recobin2 acc 0.0494 eff 0.0222 outinratio 0.0336 

VBFH125_4l_massZ1_massZ2_genbin3_recobin2 acc 0.0533 eff 0.0258 outinratio 0.0237 

WminusH125_4l_massZ1_massZ2_genbin3_recobin2 acc 0.0468 eff 0.0161 outinratio 0.0638 

WplusH125_4l_massZ1_massZ2_genbin3_recobin2 acc 0.0373 eff 0.0174 outinratio 0.0975 

ttH125_4l_massZ1_massZ2_genbin3_recobin2 acc 0.0393 eff 0.0042 outinratio 0.1105 

ZH125_4l_massZ1_massZ2_genbin3_recobin2 acc 0.0414 eff 0.0172 outinratio 0.125 

ggH125_4l_massZ1_massZ2_genbin4_recobin2 acc 0.099 eff 0.0 outinratio 0.0336 

VBFH125_4l_massZ1_massZ2_genbin4_recobin2 acc 0.1128 eff 0.0 outinratio 0.0237 

WminusH125_4l_massZ1_massZ2_genbin4_recobin2 acc 0.1009 eff 0.0 outinratio 0.0638 

WplusH125_4l_massZ1_massZ2_genbin4_recobin2 acc 0.0857 eff 0.0 outinratio 0.0975 

ttH125_4l_massZ1_massZ2_genbin4_recobin2 acc 0.0912 eff 0.0 outinratio 0.1105 

ZH125_4l_massZ1_massZ2_genbin4_recobin2 acc 0.0918 eff 0.0 outinratio 0.125 

ggH125_4l_massZ1_massZ2_genbin5_recobin2 acc 0.0401 eff 0.0 outinratio 0.0336 

VBFH125_4l_massZ1_massZ2_genbin5_recobin2 acc 0.0442 eff 0.0 outinratio 0.0237 

WminusH125_4l_massZ1_massZ2_genbin5_recobin2 acc 0.0365 eff 0.0 outinratio 0.0638 

WplusH125_4l_massZ1_massZ2_genbin5_recobin2 acc 0.0306 eff 0.0 outinratio 0.0975 

ttH125_4l_massZ1_massZ2_genbin5_recobin2 acc 0.0346 eff 0.0 outinratio 0.1105 

ZH125_4l_massZ1_massZ2_genbin5_recobin2 acc 0.0299 eff 0.0002 outinratio 0.125 

ggH125_4l_massZ1_massZ2_genbin6_recobin2 acc 0.0662 eff 0.0087 outinratio 0.0336 

VBFH125_4l_massZ1_massZ2_genbin6_recobin2 acc 0.068 eff 0.0078 outinratio 0.0237 

WminusH125_4l_massZ1_massZ2_genbin6_recobin2 acc 0.0589 eff 0.0066 outinratio 0.0638 

WplusH125_4l_massZ1_massZ2_genbin6_recobin2 acc 0.0492 eff 0.0087 outinratio 0.0975 

ttH125_4l_massZ1_massZ2_genbin6_recobin2 acc 0.0614 eff 0.0053 outinratio 0.1105 

ZH125_4l_massZ1_massZ2_genbin6_recobin2 acc 0.0549 eff 0.0043 outinratio 0.125 

ggH125_4l_massZ1_massZ2_genbin0_recobin3 acc 0.066 eff 0.0 outinratio 0.028 

VBFH125_4l_massZ1_massZ2_genbin0_recobin3 acc 0.0724 eff 0.0 outinratio 0.0318 

WminusH125_4l_massZ1_massZ2_genbin0_recobin3 acc 0.0614 eff 0.0004 outinratio 0.059 

WplusH125_4l_massZ1_massZ2_genbin0_recobin3 acc 0.0483 eff 0.0025 outinratio 0.0781 

ttH125_4l_massZ1_massZ2_genbin0_recobin3 acc 0.0513 eff 0.0 outinratio 0.1687 

ZH125_4l_massZ1_massZ2_genbin0_recobin3 acc 0.0573 eff 0.0005 outinratio 0.0708 

ggH125_4l_massZ1_massZ2_genbin1_recobin3 acc 0.0409 eff 0.0022 outinratio 0.028 

VBFH125_4l_massZ1_massZ2_genbin1_recobin3 acc 0.043 eff 0.0086 outinratio 0.0318 

WminusH125_4l_massZ1_massZ2_genbin1_recobin3 acc 0.0389 eff 0.004 outinratio 0.059 

WplusH125_4l_massZ1_massZ2_genbin1_recobin3 acc 0.0317 eff 0.0012 outinratio 0.0781 

ttH125_4l_massZ1_massZ2_genbin1_recobin3 acc 0.0307 eff 0.0 outinratio 0.1687 

ZH125_4l_massZ1_massZ2_genbin1_recobin3 acc 0.0338 eff 0.003 outinratio 0.0708 

ggH125_4l_massZ1_massZ2_genbin2_recobin3 acc 0.0339 eff 0.0251 outinratio 0.028 

VBFH125_4l_massZ1_massZ2_genbin2_recobin3 acc 0.0381 eff 0.0289 outinratio 0.0318 

WminusH125_4l_massZ1_massZ2_genbin2_recobin3 acc 0.0307 eff 0.0195 outinratio 0.059 

WplusH125_4l_massZ1_massZ2_genbin2_recobin3 acc 0.0261 eff 0.0172 outinratio 0.0781 

ttH125_4l_massZ1_massZ2_genbin2_recobin3 acc 0.0289 eff 0.017 outinratio 0.1687 

ZH125_4l_massZ1_massZ2_genbin2_recobin3 acc 0.0258 eff 0.0277 outinratio 0.0708 

ggH125_4l_massZ1_massZ2_genbin3_recobin3 acc 0.0494 eff 0.5475 outinratio 0.028 

VBFH125_4l_massZ1_massZ2_genbin3_recobin3 acc 0.0533 eff 0.5587 outinratio 0.0318 

WminusH125_4l_massZ1_massZ2_genbin3_recobin3 acc 0.0468 eff 0.4966 outinratio 0.059 

WplusH125_4l_massZ1_massZ2_genbin3_recobin3 acc 0.0373 eff 0.5242 outinratio 0.0781 

ttH125_4l_massZ1_massZ2_genbin3_recobin3 acc 0.0393 eff 0.5076 outinratio 0.1687 

ZH125_4l_massZ1_massZ2_genbin3_recobin3 acc 0.0414 eff 0.5009 outinratio 0.0708 

ggH125_4l_massZ1_massZ2_genbin4_recobin3 acc 0.099 eff 0.0 outinratio 0.028 

VBFH125_4l_massZ1_massZ2_genbin4_recobin3 acc 0.1128 eff 0.0 outinratio 0.0318 

WminusH125_4l_massZ1_massZ2_genbin4_recobin3 acc 0.1009 eff 0.0 outinratio 0.059 

WplusH125_4l_massZ1_massZ2_genbin4_recobin3 acc 0.0857 eff 0.0 outinratio 0.0781 

ttH125_4l_massZ1_massZ2_genbin4_recobin3 acc 0.0912 eff 0.0 outinratio 0.1687 

ZH125_4l_massZ1_massZ2_genbin4_recobin3 acc 0.0918 eff 0.0 outinratio 0.0708 

ggH125_4l_massZ1_massZ2_genbin5_recobin3 acc 0.0401 eff 0.0 outinratio 0.028 

VBFH125_4l_massZ1_massZ2_genbin5_recobin3 acc 0.0442 eff 0.0 outinratio 0.0318 

WminusH125_4l_massZ1_massZ2_genbin5_recobin3 acc 0.0365 eff 0.0 outinratio 0.059 

WplusH125_4l_massZ1_massZ2_genbin5_recobin3 acc 0.0306 eff 0.0 outinratio 0.0781 

ttH125_4l_massZ1_massZ2_genbin5_recobin3 acc 0.0346 eff 0.0 outinratio 0.1687 

ZH125_4l_massZ1_massZ2_genbin5_recobin3 acc 0.0299 eff 0.0 outinratio 0.0708 

ggH125_4l_massZ1_massZ2_genbin6_recobin3 acc 0.0662 eff 0.0001 outinratio 0.028 

VBFH125_4l_massZ1_massZ2_genbin6_recobin3 acc 0.068 eff 0.0 outinratio 0.0318 

WminusH125_4l_massZ1_massZ2_genbin6_recobin3 acc 0.0589 eff 0.0 outinratio 0.059 

WplusH125_4l_massZ1_massZ2_genbin6_recobin3 acc 0.0492 eff 0.0 outinratio 0.0781 

ttH125_4l_massZ1_massZ2_genbin6_recobin3 acc 0.0614 eff 0.0 outinratio 0.1687 

ZH125_4l_massZ1_massZ2_genbin6_recobin3 acc 0.0549 eff 0.0 outinratio 0.0708 

ggH125_4l_massZ1_massZ2_genbin0_recobin4 acc 0.066 eff 0.054 outinratio 0.0675 

VBFH125_4l_massZ1_massZ2_genbin0_recobin4 acc 0.0724 eff 0.0552 outinratio 0.038 

WminusH125_4l_massZ1_massZ2_genbin0_recobin4 acc 0.0614 eff 0.0565 outinratio 0.0838 

WplusH125_4l_massZ1_massZ2_genbin0_recobin4 acc 0.0483 eff 0.0461 outinratio 0.0888 

ttH125_4l_massZ1_massZ2_genbin0_recobin4 acc 0.0513 eff 0.0846 outinratio 0.1055 

ZH125_4l_massZ1_massZ2_genbin0_recobin4 acc 0.0573 eff 0.0464 outinratio 0.0945 

ggH125_4l_massZ1_massZ2_genbin1_recobin4 acc 0.0409 eff 0.0 outinratio 0.0675 

VBFH125_4l_massZ1_massZ2_genbin1_recobin4 acc 0.043 eff 0.0 outinratio 0.038 

WminusH125_4l_massZ1_massZ2_genbin1_recobin4 acc 0.0389 eff 0.0003 outinratio 0.0838 

WplusH125_4l_massZ1_massZ2_genbin1_recobin4 acc 0.0317 eff 0.001 outinratio 0.0888 

ttH125_4l_massZ1_massZ2_genbin1_recobin4 acc 0.0307 eff 0.0 outinratio 0.1055 

ZH125_4l_massZ1_massZ2_genbin1_recobin4 acc 0.0338 eff 0.0 outinratio 0.0945 

ggH125_4l_massZ1_massZ2_genbin2_recobin4 acc 0.0339 eff 0.0 outinratio 0.0675 

VBFH125_4l_massZ1_massZ2_genbin2_recobin4 acc 0.0381 eff 0.0 outinratio 0.038 

WminusH125_4l_massZ1_massZ2_genbin2_recobin4 acc 0.0307 eff 0.0 outinratio 0.0838 

WplusH125_4l_massZ1_massZ2_genbin2_recobin4 acc 0.0261 eff 0.0 outinratio 0.0888 

ttH125_4l_massZ1_massZ2_genbin2_recobin4 acc 0.0289 eff 0.0 outinratio 0.1055 

ZH125_4l_massZ1_massZ2_genbin2_recobin4 acc 0.0258 eff 0.0 outinratio 0.0945 

ggH125_4l_massZ1_massZ2_genbin3_recobin4 acc 0.0494 eff 0.0 outinratio 0.0675 

VBFH125_4l_massZ1_massZ2_genbin3_recobin4 acc 0.0533 eff 0.0 outinratio 0.038 

WminusH125_4l_massZ1_massZ2_genbin3_recobin4 acc 0.0468 eff 0.0 outinratio 0.0838 

WplusH125_4l_massZ1_massZ2_genbin3_recobin4 acc 0.0373 eff 0.0 outinratio 0.0888 

ttH125_4l_massZ1_massZ2_genbin3_recobin4 acc 0.0393 eff 0.0 outinratio 0.1055 

ZH125_4l_massZ1_massZ2_genbin3_recobin4 acc 0.0414 eff 0.0 outinratio 0.0945 

ggH125_4l_massZ1_massZ2_genbin4_recobin4 acc 0.099 eff 0.4239 outinratio 0.0675 

VBFH125_4l_massZ1_massZ2_genbin4_recobin4 acc 0.1128 eff 0.4559 outinratio 0.038 

WminusH125_4l_massZ1_massZ2_genbin4_recobin4 acc 0.1009 eff 0.401 outinratio 0.0838 

WplusH125_4l_massZ1_massZ2_genbin4_recobin4 acc 0.0857 eff 0.4211 outinratio 0.0888 

ttH125_4l_massZ1_massZ2_genbin4_recobin4 acc 0.0912 eff 0.4456 outinratio 0.1055 

ZH125_4l_massZ1_massZ2_genbin4_recobin4 acc 0.0918 eff 0.4171 outinratio 0.0945 

ggH125_4l_massZ1_massZ2_genbin5_recobin4 acc 0.0401 eff 0.0375 outinratio 0.0675 

VBFH125_4l_massZ1_massZ2_genbin5_recobin4 acc 0.0442 eff 0.0471 outinratio 0.038 

WminusH125_4l_massZ1_massZ2_genbin5_recobin4 acc 0.0365 eff 0.0316 outinratio 0.0838 

WplusH125_4l_massZ1_massZ2_genbin5_recobin4 acc 0.0306 eff 0.0358 outinratio 0.0888 

ttH125_4l_massZ1_massZ2_genbin5_recobin4 acc 0.0346 eff 0.0189 outinratio 0.1055 

ZH125_4l_massZ1_massZ2_genbin5_recobin4 acc 0.0299 eff 0.0415 outinratio 0.0945 

ggH125_4l_massZ1_massZ2_genbin6_recobin4 acc 0.0662 eff 0.0012 outinratio 0.0675 

VBFH125_4l_massZ1_massZ2_genbin6_recobin4 acc 0.068 eff 0.0039 outinratio 0.038 

WminusH125_4l_massZ1_massZ2_genbin6_recobin4 acc 0.0589 eff 0.0027 outinratio 0.0838 

WplusH125_4l_massZ1_massZ2_genbin6_recobin4 acc 0.0492 eff 0.0029 outinratio 0.0888 

ttH125_4l_massZ1_massZ2_genbin6_recobin4 acc 0.0614 eff 0.0 outinratio 0.1055 

ZH125_4l_massZ1_massZ2_genbin6_recobin4 acc 0.0549 eff 0.0039 outinratio 0.0945 

ggH125_4l_massZ1_massZ2_genbin0_recobin5 acc 0.066 eff 0.0181 outinratio 0.0557 

VBFH125_4l_massZ1_massZ2_genbin0_recobin5 acc 0.0724 eff 0.0144 outinratio 0.0285 

WminusH125_4l_massZ1_massZ2_genbin0_recobin5 acc 0.0614 eff 0.0127 outinratio 0.0597 

WplusH125_4l_massZ1_massZ2_genbin0_recobin5 acc 0.0483 eff 0.0153 outinratio 0.0881 

ttH125_4l_massZ1_massZ2_genbin0_recobin5 acc 0.0513 eff 0.023 outinratio 0.27 

ZH125_4l_massZ1_massZ2_genbin0_recobin5 acc 0.0573 eff 0.0096 outinratio 0.1003 

ggH125_4l_massZ1_massZ2_genbin1_recobin5 acc 0.0409 eff 0.0026 outinratio 0.0557 

VBFH125_4l_massZ1_massZ2_genbin1_recobin5 acc 0.043 eff 0.0074 outinratio 0.0285 

WminusH125_4l_massZ1_massZ2_genbin1_recobin5 acc 0.0389 eff 0.0036 outinratio 0.0597 

WplusH125_4l_massZ1_massZ2_genbin1_recobin5 acc 0.0317 eff 0.0044 outinratio 0.0881 

ttH125_4l_massZ1_massZ2_genbin1_recobin5 acc 0.0307 eff 0.0 outinratio 0.27 

ZH125_4l_massZ1_massZ2_genbin1_recobin5 acc 0.0338 eff 0.0021 outinratio 0.1003 

ggH125_4l_massZ1_massZ2_genbin2_recobin5 acc 0.0339 eff 0.0 outinratio 0.0557 

VBFH125_4l_massZ1_massZ2_genbin2_recobin5 acc 0.0381 eff 0.0 outinratio 0.0285 

WminusH125_4l_massZ1_massZ2_genbin2_recobin5 acc 0.0307 eff 0.0 outinratio 0.0597 

WplusH125_4l_massZ1_massZ2_genbin2_recobin5 acc 0.0261 eff 0.0 outinratio 0.0881 

ttH125_4l_massZ1_massZ2_genbin2_recobin5 acc 0.0289 eff 0.0 outinratio 0.27 

ZH125_4l_massZ1_massZ2_genbin2_recobin5 acc 0.0258 eff 0.0 outinratio 0.1003 

ggH125_4l_massZ1_massZ2_genbin3_recobin5 acc 0.0494 eff 0.0 outinratio 0.0557 

VBFH125_4l_massZ1_massZ2_genbin3_recobin5 acc 0.0533 eff 0.0 outinratio 0.0285 

WminusH125_4l_massZ1_massZ2_genbin3_recobin5 acc 0.0468 eff 0.0 outinratio 0.0597 

WplusH125_4l_massZ1_massZ2_genbin3_recobin5 acc 0.0373 eff 0.0 outinratio 0.0881 

ttH125_4l_massZ1_massZ2_genbin3_recobin5 acc 0.0393 eff 0.0 outinratio 0.27 

ZH125_4l_massZ1_massZ2_genbin3_recobin5 acc 0.0414 eff 0.0 outinratio 0.1003 

ggH125_4l_massZ1_massZ2_genbin4_recobin5 acc 0.099 eff 0.0105 outinratio 0.0557 

VBFH125_4l_massZ1_massZ2_genbin4_recobin5 acc 0.1128 eff 0.0081 outinratio 0.0285 

WminusH125_4l_massZ1_massZ2_genbin4_recobin5 acc 0.1009 eff 0.0105 outinratio 0.0597 

WplusH125_4l_massZ1_massZ2_genbin4_recobin5 acc 0.0857 eff 0.0118 outinratio 0.0881 

ttH125_4l_massZ1_massZ2_genbin4_recobin5 acc 0.0912 eff 0.0145 outinratio 0.27 

ZH125_4l_massZ1_massZ2_genbin4_recobin5 acc 0.0918 eff 0.0079 outinratio 0.1003 

ggH125_4l_massZ1_massZ2_genbin5_recobin5 acc 0.0401 eff 0.3632 outinratio 0.0557 

VBFH125_4l_massZ1_massZ2_genbin5_recobin5 acc 0.0442 eff 0.423 outinratio 0.0285 

WminusH125_4l_massZ1_massZ2_genbin5_recobin5 acc 0.0365 eff 0.3692 outinratio 0.0597 

WplusH125_4l_massZ1_massZ2_genbin5_recobin5 acc 0.0306 eff 0.3594 outinratio 0.0881 

ttH125_4l_massZ1_massZ2_genbin5_recobin5 acc 0.0346 eff 0.3189 outinratio 0.27 

ZH125_4l_massZ1_massZ2_genbin5_recobin5 acc 0.0299 eff 0.3983 outinratio 0.1003 

ggH125_4l_massZ1_massZ2_genbin6_recobin5 acc 0.0662 eff 0.0238 outinratio 0.0557 

VBFH125_4l_massZ1_massZ2_genbin6_recobin5 acc 0.068 eff 0.0407 outinratio 0.0285 

WminusH125_4l_massZ1_massZ2_genbin6_recobin5 acc 0.0589 eff 0.0243 outinratio 0.0597 

WplusH125_4l_massZ1_massZ2_genbin6_recobin5 acc 0.0492 eff 0.0208 outinratio 0.0881 

ttH125_4l_massZ1_massZ2_genbin6_recobin5 acc 0.0614 eff 0.023 outinratio 0.27 

ZH125_4l_massZ1_massZ2_genbin6_recobin5 acc 0.0549 eff 0.0326 outinratio 0.1003 

ggH125_4l_massZ1_massZ2_genbin0_recobin6 acc 0.066 eff 0.002 outinratio 0.0563 

VBFH125_4l_massZ1_massZ2_genbin0_recobin6 acc 0.0724 eff 0.0 outinratio 0.0318 

WminusH125_4l_massZ1_massZ2_genbin0_recobin6 acc 0.0614 eff 0.0034 outinratio 0.0648 

WplusH125_4l_massZ1_massZ2_genbin0_recobin6 acc 0.0483 eff 0.0012 outinratio 0.0886 

ttH125_4l_massZ1_massZ2_genbin0_recobin6 acc 0.0513 eff 0.0 outinratio 0.1747 

ZH125_4l_massZ1_massZ2_genbin0_recobin6 acc 0.0573 eff 0.0004 outinratio 0.1016 

ggH125_4l_massZ1_massZ2_genbin1_recobin6 acc 0.0409 eff 0.0528 outinratio 0.0563 

VBFH125_4l_massZ1_massZ2_genbin1_recobin6 acc 0.043 eff 0.0328 outinratio 0.0318 

WminusH125_4l_massZ1_massZ2_genbin1_recobin6 acc 0.0389 eff 0.0507 outinratio 0.0648 

WplusH125_4l_massZ1_massZ2_genbin1_recobin6 acc 0.0317 eff 0.0672 outinratio 0.0886 

ttH125_4l_massZ1_massZ2_genbin1_recobin6 acc 0.0307 eff 0.0379 outinratio 0.1747 

ZH125_4l_massZ1_massZ2_genbin1_recobin6 acc 0.0338 eff 0.0469 outinratio 0.1016 

ggH125_4l_massZ1_massZ2_genbin2_recobin6 acc 0.0339 eff 0.013 outinratio 0.0563 

VBFH125_4l_massZ1_massZ2_genbin2_recobin6 acc 0.0381 eff 0.0119 outinratio 0.0318 

WminusH125_4l_massZ1_massZ2_genbin2_recobin6 acc 0.0307 eff 0.0149 outinratio 0.0648 

WplusH125_4l_massZ1_massZ2_genbin2_recobin6 acc 0.0261 eff 0.0166 outinratio 0.0886 

ttH125_4l_massZ1_massZ2_genbin2_recobin6 acc 0.0289 eff 0.0237 outinratio 0.1747 

ZH125_4l_massZ1_massZ2_genbin2_recobin6 acc 0.0258 eff 0.0101 outinratio 0.1016 

ggH125_4l_massZ1_massZ2_genbin3_recobin6 acc 0.0494 eff 0.0 outinratio 0.0563 

VBFH125_4l_massZ1_massZ2_genbin3_recobin6 acc 0.0533 eff 0.0 outinratio 0.0318 

WminusH125_4l_massZ1_massZ2_genbin3_recobin6 acc 0.0468 eff 0.0005 outinratio 0.0648 

WplusH125_4l_massZ1_massZ2_genbin3_recobin6 acc 0.0373 eff 0.0 outinratio 0.0886 

ttH125_4l_massZ1_massZ2_genbin3_recobin6 acc 0.0393 eff 0.0 outinratio 0.1747 

ZH125_4l_massZ1_massZ2_genbin3_recobin6 acc 0.0414 eff 0.0 outinratio 0.1016 

ggH125_4l_massZ1_massZ2_genbin4_recobin6 acc 0.099 eff 0.003 outinratio 0.0563 

VBFH125_4l_massZ1_massZ2_genbin4_recobin6 acc 0.1128 eff 0.0008 outinratio 0.0318 

WminusH125_4l_massZ1_massZ2_genbin4_recobin6 acc 0.1009 eff 0.0019 outinratio 0.0648 

WplusH125_4l_massZ1_massZ2_genbin4_recobin6 acc 0.0857 eff 0.0021 outinratio 0.0886 

ttH125_4l_massZ1_massZ2_genbin4_recobin6 acc 0.0912 eff 0.0027 outinratio 0.1747 

ZH125_4l_massZ1_massZ2_genbin4_recobin6 acc 0.0918 eff 0.0011 outinratio 0.1016 

ggH125_4l_massZ1_massZ2_genbin5_recobin6 acc 0.0401 eff 0.0286 outinratio 0.0563 

VBFH125_4l_massZ1_massZ2_genbin5_recobin6 acc 0.0442 eff 0.0277 outinratio 0.0318 

WminusH125_4l_massZ1_massZ2_genbin5_recobin6 acc 0.0365 eff 0.0304 outinratio 0.0648 

WplusH125_4l_massZ1_massZ2_genbin5_recobin6 acc 0.0306 eff 0.0289 outinratio 0.0886 

ttH125_4l_massZ1_massZ2_genbin5_recobin6 acc 0.0346 eff 0.0687 outinratio 0.1747 

ZH125_4l_massZ1_massZ2_genbin5_recobin6 acc 0.0299 eff 0.0204 outinratio 0.1016 

ggH125_4l_massZ1_massZ2_genbin6_recobin6 acc 0.0662 eff 0.4107 outinratio 0.0563 

VBFH125_4l_massZ1_massZ2_genbin6_recobin6 acc 0.068 eff 0.4204 outinratio 0.0318 

WminusH125_4l_massZ1_massZ2_genbin6_recobin6 acc 0.0589 eff 0.3911 outinratio 0.0648 

WplusH125_4l_massZ1_massZ2_genbin6_recobin6 acc 0.0492 eff 0.3948 outinratio 0.0886 

ttH125_4l_massZ1_massZ2_genbin6_recobin6 acc 0.0614 eff 0.3863 outinratio 0.1747 

ZH125_4l_massZ1_massZ2_genbin6_recobin6 acc 0.0549 eff 0.4123 outinratio 0.1016 

ggH125_4e_massZ1_massZ2_genbin0_recobin0 acc 0.0709 eff 0.3067 outinratio 0.0853 

VBFH125_4e_massZ1_massZ2_genbin0_recobin0 acc 0.0765 eff 0.3006 outinratio 0.0917 

WminusH125_4e_massZ1_massZ2_genbin0_recobin0 acc 0.0641 eff 0.3246 outinratio 0.0661 

WplusH125_4e_massZ1_massZ2_genbin0_recobin0 acc 0.0513 eff 0.3505 outinratio 0.0688 

ttH125_4e_massZ1_massZ2_genbin0_recobin0 acc 0.0534 eff 0.4018 outinratio 0.1641 

ZH125_4e_massZ1_massZ2_genbin0_recobin0 acc 0.0591 eff 0.3237 outinratio 0.141 

ggH125_4e_massZ1_massZ2_genbin1_recobin0 acc 0.0422 eff 0.0438 outinratio 0.0853 

VBFH125_4e_massZ1_massZ2_genbin1_recobin0 acc 0.0498 eff 0.0362 outinratio 0.0917 

WminusH125_4e_massZ1_massZ2_genbin1_recobin0 acc 0.0423 eff 0.0357 outinratio 0.0661 

WplusH125_4e_massZ1_massZ2_genbin1_recobin0 acc 0.0338 eff 0.0395 outinratio 0.0688 

ttH125_4e_massZ1_massZ2_genbin1_recobin0 acc 0.0315 eff 0.0 outinratio 0.1641 

ZH125_4e_massZ1_massZ2_genbin1_recobin0 acc 0.037 eff 0.0231 outinratio 0.141 

ggH125_4e_massZ1_massZ2_genbin2_recobin0 acc 0.0364 eff 0.009 outinratio 0.0853 

VBFH125_4e_massZ1_massZ2_genbin2_recobin0 acc 0.0403 eff 0.0 outinratio 0.0917 

WminusH125_4e_massZ1_massZ2_genbin2_recobin0 acc 0.0309 eff 0.0054 outinratio 0.0661 

WplusH125_4e_massZ1_massZ2_genbin2_recobin0 acc 0.0286 eff 0.0134 outinratio 0.0688 

ttH125_4e_massZ1_massZ2_genbin2_recobin0 acc 0.0297 eff 0.0 outinratio 0.1641 

ZH125_4e_massZ1_massZ2_genbin2_recobin0 acc 0.0266 eff 0.0 outinratio 0.141 

ggH125_4e_massZ1_massZ2_genbin3_recobin0 acc 0.0562 eff 0.0019 outinratio 0.0853 

VBFH125_4e_massZ1_massZ2_genbin3_recobin0 acc 0.0547 eff 0.0 outinratio 0.0917 

WminusH125_4e_massZ1_massZ2_genbin3_recobin0 acc 0.05 eff 0.0019 outinratio 0.0661 

WplusH125_4e_massZ1_massZ2_genbin3_recobin0 acc 0.0409 eff 0.0065 outinratio 0.0688 

ttH125_4e_massZ1_massZ2_genbin3_recobin0 acc 0.0464 eff 0.0151 outinratio 0.1641 

ZH125_4e_massZ1_massZ2_genbin3_recobin0 acc 0.0438 eff 0.0058 outinratio 0.141 

ggH125_4e_massZ1_massZ2_genbin4_recobin0 acc 0.0808 eff 0.0615 outinratio 0.0853 

VBFH125_4e_massZ1_massZ2_genbin4_recobin0 acc 0.107 eff 0.0572 outinratio 0.0917 

WminusH125_4e_massZ1_massZ2_genbin4_recobin0 acc 0.0892 eff 0.0777 outinratio 0.0661 

WplusH125_4e_massZ1_massZ2_genbin4_recobin0 acc 0.0757 eff 0.0807 outinratio 0.0688 

ttH125_4e_massZ1_massZ2_genbin4_recobin0 acc 0.0621 eff 0.0828 outinratio 0.1641 

ZH125_4e_massZ1_massZ2_genbin4_recobin0 acc 0.0801 eff 0.0575 outinratio 0.141 

ggH125_4e_massZ1_massZ2_genbin5_recobin0 acc 0.0338 eff 0.0619 outinratio 0.0853 

VBFH125_4e_massZ1_massZ2_genbin5_recobin0 acc 0.0428 eff 0.0925 outinratio 0.0917 

WminusH125_4e_massZ1_massZ2_genbin5_recobin0 acc 0.0304 eff 0.0642 outinratio 0.0661 

WplusH125_4e_massZ1_massZ2_genbin5_recobin0 acc 0.027 eff 0.0781 outinratio 0.0688 

ttH125_4e_massZ1_massZ2_genbin5_recobin0 acc 0.0271 eff 0.0531 outinratio 0.1641 

ZH125_4e_massZ1_massZ2_genbin5_recobin0 acc 0.0271 eff 0.0345 outinratio 0.141 

ggH125_4e_massZ1_massZ2_genbin6_recobin0 acc 0.0581 eff 0.0094 outinratio 0.0853 

VBFH125_4e_massZ1_massZ2_genbin6_recobin0 acc 0.0531 eff 0.0198 outinratio 0.0917 

WminusH125_4e_massZ1_massZ2_genbin6_recobin0 acc 0.0534 eff 0.0077 outinratio 0.0661 

WplusH125_4e_massZ1_massZ2_genbin6_recobin0 acc 0.0428 eff 0.0093 outinratio 0.0688 

ttH125_4e_massZ1_massZ2_genbin6_recobin0 acc 0.0586 eff 0.0 outinratio 0.1641 

ZH125_4e_massZ1_massZ2_genbin6_recobin0 acc 0.053 eff 0.0039 outinratio 0.141 

ggH125_4e_massZ1_massZ2_genbin0_recobin1 acc 0.0709 eff 0.0267 outinratio 0.0541 

VBFH125_4e_massZ1_massZ2_genbin0_recobin1 acc 0.0765 eff 0.0013 outinratio 0.0446 

WminusH125_4e_massZ1_massZ2_genbin0_recobin1 acc 0.0641 eff 0.0159 outinratio 0.0693 

WplusH125_4e_massZ1_massZ2_genbin0_recobin1 acc 0.0513 eff 0.0085 outinratio 0.0822 

ttH125_4e_massZ1_massZ2_genbin0_recobin1 acc 0.0534 eff 0.0244 outinratio 0.0513 

ZH125_4e_massZ1_massZ2_genbin0_recobin1 acc 0.0591 eff 0.0112 outinratio 0.0989 

ggH125_4e_massZ1_massZ2_genbin1_recobin1 acc 0.0422 eff 0.2779 outinratio 0.0541 

VBFH125_4e_massZ1_massZ2_genbin1_recobin1 acc 0.0498 eff 0.3264 outinratio 0.0446 

WminusH125_4e_massZ1_massZ2_genbin1_recobin1 acc 0.0423 eff 0.2488 outinratio 0.0693 

WplusH125_4e_massZ1_massZ2_genbin1_recobin1 acc 0.0338 eff 0.263 outinratio 0.0822 

ttH125_4e_massZ1_massZ2_genbin1_recobin1 acc 0.0315 eff 0.2543 outinratio 0.0513 

ZH125_4e_massZ1_massZ2_genbin1_recobin1 acc 0.037 eff 0.343 outinratio 0.0989 

ggH125_4e_massZ1_massZ2_genbin2_recobin1 acc 0.0364 eff 0.0609 outinratio 0.0541 

VBFH125_4e_massZ1_massZ2_genbin2_recobin1 acc 0.0403 eff 0.0755 outinratio 0.0446 

WminusH125_4e_massZ1_massZ2_genbin2_recobin1 acc 0.0309 eff 0.0482 outinratio 0.0693 

WplusH125_4e_massZ1_massZ2_genbin2_recobin1 acc 0.0286 eff 0.0843 outinratio 0.0822 

ttH125_4e_massZ1_massZ2_genbin2_recobin1 acc 0.0297 eff 0.0 outinratio 0.0513 

ZH125_4e_massZ1_massZ2_genbin2_recobin1 acc 0.0266 eff 0.0508 outinratio 0.0989 

ggH125_4e_massZ1_massZ2_genbin3_recobin1 acc 0.0562 eff 0.0 outinratio 0.0541 

VBFH125_4e_massZ1_massZ2_genbin3_recobin1 acc 0.0547 eff 0.0 outinratio 0.0446 

WminusH125_4e_massZ1_massZ2_genbin3_recobin1 acc 0.05 eff 0.0009 outinratio 0.0693 

WplusH125_4e_massZ1_massZ2_genbin3_recobin1 acc 0.0409 eff 0.0039 outinratio 0.0822 

ttH125_4e_massZ1_massZ2_genbin3_recobin1 acc 0.0464 eff 0.0084 outinratio 0.0513 

ZH125_4e_massZ1_massZ2_genbin3_recobin1 acc 0.0438 eff 0.0 outinratio 0.0989 

ggH125_4e_massZ1_massZ2_genbin4_recobin1 acc 0.0808 eff 0.0 outinratio 0.0541 

VBFH125_4e_massZ1_massZ2_genbin4_recobin1 acc 0.107 eff 0.0 outinratio 0.0446 

WminusH125_4e_massZ1_massZ2_genbin4_recobin1 acc 0.0892 eff 0.0 outinratio 0.0693 

WplusH125_4e_massZ1_massZ2_genbin4_recobin1 acc 0.0757 eff 0.0012 outinratio 0.0822 

ttH125_4e_massZ1_massZ2_genbin4_recobin1 acc 0.0621 eff 0.0 outinratio 0.0513 

ZH125_4e_massZ1_massZ2_genbin4_recobin1 acc 0.0801 eff 0.0 outinratio 0.0989 

ggH125_4e_massZ1_massZ2_genbin5_recobin1 acc 0.0338 eff 0.0078 outinratio 0.0541 

VBFH125_4e_massZ1_massZ2_genbin5_recobin1 acc 0.0428 eff 0.0156 outinratio 0.0446 

WminusH125_4e_massZ1_massZ2_genbin5_recobin1 acc 0.0304 eff 0.0057 outinratio 0.0693 

WplusH125_4e_massZ1_massZ2_genbin5_recobin1 acc 0.027 eff 0.0055 outinratio 0.0822 

ttH125_4e_massZ1_massZ2_genbin5_recobin1 acc 0.0271 eff 0.0 outinratio 0.0513 

ZH125_4e_massZ1_massZ2_genbin5_recobin1 acc 0.0271 eff 0.0013 outinratio 0.0989 

ggH125_4e_massZ1_massZ2_genbin6_recobin1 acc 0.0581 eff 0.0897 outinratio 0.0541 

VBFH125_4e_massZ1_massZ2_genbin6_recobin1 acc 0.0531 eff 0.1041 outinratio 0.0446 

WminusH125_4e_massZ1_massZ2_genbin6_recobin1 acc 0.0534 eff 0.0536 outinratio 0.0693 

WplusH125_4e_massZ1_massZ2_genbin6_recobin1 acc 0.0428 eff 0.0857 outinratio 0.0822 

ttH125_4e_massZ1_massZ2_genbin6_recobin1 acc 0.0586 eff 0.1022 outinratio 0.0513 

ZH125_4e_massZ1_massZ2_genbin6_recobin1 acc 0.053 eff 0.072 outinratio 0.0989 

ggH125_4e_massZ1_massZ2_genbin0_recobin2 acc 0.0709 eff 0.0028 outinratio 0.0525 

VBFH125_4e_massZ1_massZ2_genbin0_recobin2 acc 0.0765 eff 0.0 outinratio 0.0203 

WminusH125_4e_massZ1_massZ2_genbin0_recobin2 acc 0.0641 eff 0.0011 outinratio 0.0591 

WplusH125_4e_massZ1_massZ2_genbin0_recobin2 acc 0.0513 eff 0.0019 outinratio 0.1893 

ttH125_4e_massZ1_massZ2_genbin0_recobin2 acc 0.0534 eff 0.0 outinratio 0.2027 

ZH125_4e_massZ1_massZ2_genbin0_recobin2 acc 0.0591 eff 0.0 outinratio 0.2155 

ggH125_4e_massZ1_massZ2_genbin1_recobin2 acc 0.0422 eff 0.0215 outinratio 0.0525 

VBFH125_4e_massZ1_massZ2_genbin1_recobin2 acc 0.0498 eff 0.0026 outinratio 0.0203 

WminusH125_4e_massZ1_massZ2_genbin1_recobin2 acc 0.0423 eff 0.0503 outinratio 0.0591 

WplusH125_4e_massZ1_massZ2_genbin1_recobin2 acc 0.0338 eff 0.0164 outinratio 0.1893 

ttH125_4e_massZ1_massZ2_genbin1_recobin2 acc 0.0315 eff 0.0 outinratio 0.2027 

ZH125_4e_massZ1_massZ2_genbin1_recobin2 acc 0.037 eff 0.0344 outinratio 0.2155 

ggH125_4e_massZ1_massZ2_genbin2_recobin2 acc 0.0364 eff 0.3318 outinratio 0.0525 

VBFH125_4e_massZ1_massZ2_genbin2_recobin2 acc 0.0403 eff 0.4023 outinratio 0.0203 

WminusH125_4e_massZ1_massZ2_genbin2_recobin2 acc 0.0309 eff 0.3059 outinratio 0.0591 

WplusH125_4e_massZ1_massZ2_genbin2_recobin2 acc 0.0286 eff 0.271 outinratio 0.1893 

ttH125_4e_massZ1_massZ2_genbin2_recobin2 acc 0.0297 eff 0.2387 outinratio 0.2027 

ZH125_4e_massZ1_massZ2_genbin2_recobin2 acc 0.0266 eff 0.366 outinratio 0.2155 

ggH125_4e_massZ1_massZ2_genbin3_recobin2 acc 0.0562 eff 0.0255 outinratio 0.0525 

VBFH125_4e_massZ1_massZ2_genbin3_recobin2 acc 0.0547 eff 0.0478 outinratio 0.0203 

WminusH125_4e_massZ1_massZ2_genbin3_recobin2 acc 0.05 eff 0.0228 outinratio 0.0591 

WplusH125_4e_massZ1_massZ2_genbin3_recobin2 acc 0.0409 eff 0.025 outinratio 0.1893 

ttH125_4e_massZ1_massZ2_genbin3_recobin2 acc 0.0464 eff 0.0139 outinratio 0.2027 

ZH125_4e_massZ1_massZ2_genbin3_recobin2 acc 0.0438 eff 0.023 outinratio 0.2155 

ggH125_4e_massZ1_massZ2_genbin4_recobin2 acc 0.0808 eff 0.0 outinratio 0.0525 

VBFH125_4e_massZ1_massZ2_genbin4_recobin2 acc 0.107 eff 0.0 outinratio 0.0203 

WminusH125_4e_massZ1_massZ2_genbin4_recobin2 acc 0.0892 eff 0.0 outinratio 0.0591 

WplusH125_4e_massZ1_massZ2_genbin4_recobin2 acc 0.0757 eff 0.0 outinratio 0.1893 

ttH125_4e_massZ1_massZ2_genbin4_recobin2 acc 0.0621 eff 0.0 outinratio 0.2027 

ZH125_4e_massZ1_massZ2_genbin4_recobin2 acc 0.0801 eff 0.0 outinratio 0.2155 

ggH125_4e_massZ1_massZ2_genbin5_recobin2 acc 0.0338 eff 0.0 outinratio 0.0525 

VBFH125_4e_massZ1_massZ2_genbin5_recobin2 acc 0.0428 eff 0.0 outinratio 0.0203 

WminusH125_4e_massZ1_massZ2_genbin5_recobin2 acc 0.0304 eff 0.0 outinratio 0.0591 

WplusH125_4e_massZ1_massZ2_genbin5_recobin2 acc 0.027 eff 0.0 outinratio 0.1893 

ttH125_4e_massZ1_massZ2_genbin5_recobin2 acc 0.0271 eff 0.0 outinratio 0.2027 

ZH125_4e_massZ1_massZ2_genbin5_recobin2 acc 0.0271 eff 0.0 outinratio 0.2155 

ggH125_4e_massZ1_massZ2_genbin6_recobin2 acc 0.0581 eff 0.0143 outinratio 0.0525 

VBFH125_4e_massZ1_massZ2_genbin6_recobin2 acc 0.0531 eff 0.018 outinratio 0.0203 

WminusH125_4e_massZ1_massZ2_genbin6_recobin2 acc 0.0534 eff 0.007 outinratio 0.0591 

WplusH125_4e_massZ1_massZ2_genbin6_recobin2 acc 0.0428 eff 0.0148 outinratio 0.1893 

ttH125_4e_massZ1_massZ2_genbin6_recobin2 acc 0.0586 eff 0.0075 outinratio 0.2027 

ZH125_4e_massZ1_massZ2_genbin6_recobin2 acc 0.053 eff 0.0 outinratio 0.2155 

ggH125_4e_massZ1_massZ2_genbin0_recobin3 acc 0.0709 eff 0.0 outinratio 0.011 

VBFH125_4e_massZ1_massZ2_genbin0_recobin3 acc 0.0765 eff 0.0 outinratio 0.0356 

WminusH125_4e_massZ1_massZ2_genbin0_recobin3 acc 0.0641 eff 0.0 outinratio 0.1091 

WplusH125_4e_massZ1_massZ2_genbin0_recobin3 acc 0.0513 eff 0.009 outinratio 0.0899 

ttH125_4e_massZ1_massZ2_genbin0_recobin3 acc 0.0534 eff 0.0 outinratio 0.2608 

ZH125_4e_massZ1_massZ2_genbin0_recobin3 acc 0.0591 eff 0.0 outinratio 0.1243 

ggH125_4e_massZ1_massZ2_genbin1_recobin3 acc 0.0422 eff 0.0033 outinratio 0.011 

VBFH125_4e_massZ1_massZ2_genbin1_recobin3 acc 0.0498 eff 0.0129 outinratio 0.0356 

WminusH125_4e_massZ1_massZ2_genbin1_recobin3 acc 0.0423 eff 0.011 outinratio 0.1091 

WplusH125_4e_massZ1_massZ2_genbin1_recobin3 acc 0.0338 eff 0.0013 outinratio 0.0899 

ttH125_4e_massZ1_massZ2_genbin1_recobin3 acc 0.0315 eff 0.0 outinratio 0.2608 

ZH125_4e_massZ1_massZ2_genbin1_recobin3 acc 0.037 eff 0.0055 outinratio 0.1243 

ggH125_4e_massZ1_massZ2_genbin2_recobin3 acc 0.0364 eff 0.0389 outinratio 0.011 

VBFH125_4e_massZ1_massZ2_genbin2_recobin3 acc 0.0403 eff 0.043 outinratio 0.0356 

WminusH125_4e_massZ1_massZ2_genbin2_recobin3 acc 0.0309 eff 0.026 outinratio 0.1091 

WplusH125_4e_massZ1_massZ2_genbin2_recobin3 acc 0.0286 eff 0.0217 outinratio 0.0899 

ttH125_4e_massZ1_massZ2_genbin2_recobin3 acc 0.0297 eff 0.0639 outinratio 0.2608 

ZH125_4e_massZ1_massZ2_genbin2_recobin3 acc 0.0266 eff 0.0268 outinratio 0.1243 

ggH125_4e_massZ1_massZ2_genbin3_recobin3 acc 0.0562 eff 0.4579 outinratio 0.011 

VBFH125_4e_massZ1_massZ2_genbin3_recobin3 acc 0.0547 eff 0.4323 outinratio 0.0356 

WminusH125_4e_massZ1_massZ2_genbin3_recobin3 acc 0.05 eff 0.3711 outinratio 0.1091 

WplusH125_4e_massZ1_massZ2_genbin3_recobin3 acc 0.0409 eff 0.4325 outinratio 0.0899 

ttH125_4e_massZ1_massZ2_genbin3_recobin3 acc 0.0464 eff 0.4749 outinratio 0.2608 

ZH125_4e_massZ1_massZ2_genbin3_recobin3 acc 0.0438 eff 0.3782 outinratio 0.1243 

ggH125_4e_massZ1_massZ2_genbin4_recobin3 acc 0.0808 eff 0.0 outinratio 0.011 

VBFH125_4e_massZ1_massZ2_genbin4_recobin3 acc 0.107 eff 0.0 outinratio 0.0356 

WminusH125_4e_massZ1_massZ2_genbin4_recobin3 acc 0.0892 eff 0.0 outinratio 0.1091 

WplusH125_4e_massZ1_massZ2_genbin4_recobin3 acc 0.0757 eff 0.0 outinratio 0.0899 

ttH125_4e_massZ1_massZ2_genbin4_recobin3 acc 0.0621 eff 0.0 outinratio 0.2608 

ZH125_4e_massZ1_massZ2_genbin4_recobin3 acc 0.0801 eff 0.0 outinratio 0.1243 

ggH125_4e_massZ1_massZ2_genbin5_recobin3 acc 0.0338 eff 0.0 outinratio 0.011 

VBFH125_4e_massZ1_massZ2_genbin5_recobin3 acc 0.0428 eff 0.0 outinratio 0.0356 

WminusH125_4e_massZ1_massZ2_genbin5_recobin3 acc 0.0304 eff 0.0 outinratio 0.1091 

WplusH125_4e_massZ1_massZ2_genbin5_recobin3 acc 0.027 eff 0.0 outinratio 0.0899 

ttH125_4e_massZ1_massZ2_genbin5_recobin3 acc 0.0271 eff 0.0 outinratio 0.2608 

ZH125_4e_massZ1_massZ2_genbin5_recobin3 acc 0.0271 eff 0.0 outinratio 0.1243 

ggH125_4e_massZ1_massZ2_genbin6_recobin3 acc 0.0581 eff 0.0 outinratio 0.011 

VBFH125_4e_massZ1_massZ2_genbin6_recobin3 acc 0.0531 eff 0.0 outinratio 0.0356 

WminusH125_4e_massZ1_massZ2_genbin6_recobin3 acc 0.0534 eff 0.0 outinratio 0.1091 

WplusH125_4e_massZ1_massZ2_genbin6_recobin3 acc 0.0428 eff 0.0 outinratio 0.0899 

ttH125_4e_massZ1_massZ2_genbin6_recobin3 acc 0.0586 eff 0.0 outinratio 0.2608 

ZH125_4e_massZ1_massZ2_genbin6_recobin3 acc 0.053 eff 0.0 outinratio 0.1243 

ggH125_4e_massZ1_massZ2_genbin0_recobin4 acc 0.0709 eff 0.0405 outinratio 0.0785 

VBFH125_4e_massZ1_massZ2_genbin0_recobin4 acc 0.0765 eff 0.0682 outinratio 0.0462 

WminusH125_4e_massZ1_massZ2_genbin0_recobin4 acc 0.0641 eff 0.0458 outinratio 0.1083 

WplusH125_4e_massZ1_massZ2_genbin0_recobin4 acc 0.0513 eff 0.0515 outinratio 0.096 

ttH125_4e_massZ1_massZ2_genbin0_recobin4 acc 0.0534 eff 0.0561 outinratio 0.1555 

ZH125_4e_massZ1_massZ2_genbin0_recobin4 acc 0.0591 eff 0.0433 outinratio 0.0981 

ggH125_4e_massZ1_massZ2_genbin1_recobin4 acc 0.0422 eff 0.0 outinratio 0.0785 

VBFH125_4e_massZ1_massZ2_genbin1_recobin4 acc 0.0498 eff 0.0 outinratio 0.0462 

WminusH125_4e_massZ1_massZ2_genbin1_recobin4 acc 0.0423 eff 0.0 outinratio 0.1083 

WplusH125_4e_massZ1_massZ2_genbin1_recobin4 acc 0.0338 eff 0.0019 outinratio 0.096 

ttH125_4e_massZ1_massZ2_genbin1_recobin4 acc 0.0315 eff 0.0 outinratio 0.1555 

ZH125_4e_massZ1_massZ2_genbin1_recobin4 acc 0.037 eff 0.0 outinratio 0.0981 

ggH125_4e_massZ1_massZ2_genbin2_recobin4 acc 0.0364 eff 0.0 outinratio 0.0785 

VBFH125_4e_massZ1_massZ2_genbin2_recobin4 acc 0.0403 eff 0.0 outinratio 0.0462 

WminusH125_4e_massZ1_massZ2_genbin2_recobin4 acc 0.0309 eff 0.0 outinratio 0.1083 

WplusH125_4e_massZ1_massZ2_genbin2_recobin4 acc 0.0286 eff 0.0 outinratio 0.096 

ttH125_4e_massZ1_massZ2_genbin2_recobin4 acc 0.0297 eff 0.0 outinratio 0.1555 

ZH125_4e_massZ1_massZ2_genbin2_recobin4 acc 0.0266 eff 0.0 outinratio 0.0981 

ggH125_4e_massZ1_massZ2_genbin3_recobin4 acc 0.0562 eff 0.0 outinratio 0.0785 

VBFH125_4e_massZ1_massZ2_genbin3_recobin4 acc 0.0547 eff 0.0 outinratio 0.0462 

WminusH125_4e_massZ1_massZ2_genbin3_recobin4 acc 0.05 eff 0.0 outinratio 0.1083 

WplusH125_4e_massZ1_massZ2_genbin3_recobin4 acc 0.0409 eff 0.0 outinratio 0.096 

ttH125_4e_massZ1_massZ2_genbin3_recobin4 acc 0.0464 eff 0.0 outinratio 0.1555 

ZH125_4e_massZ1_massZ2_genbin3_recobin4 acc 0.0438 eff 0.0 outinratio 0.0981 

ggH125_4e_massZ1_massZ2_genbin4_recobin4 acc 0.0808 eff 0.2772 outinratio 0.0785 

VBFH125_4e_massZ1_massZ2_genbin4_recobin4 acc 0.107 eff 0.3149 outinratio 0.0462 

WminusH125_4e_massZ1_massZ2_genbin4_recobin4 acc 0.0892 eff 0.2804 outinratio 0.1083 

WplusH125_4e_massZ1_massZ2_genbin4_recobin4 acc 0.0757 eff 0.2865 outinratio 0.096 

ttH125_4e_massZ1_massZ2_genbin4_recobin4 acc 0.0621 eff 0.3733 outinratio 0.1555 

ZH125_4e_massZ1_massZ2_genbin4_recobin4 acc 0.0801 eff 0.2875 outinratio 0.0981 

ggH125_4e_massZ1_massZ2_genbin5_recobin4 acc 0.0338 eff 0.0416 outinratio 0.0785 

VBFH125_4e_massZ1_massZ2_genbin5_recobin4 acc 0.0428 eff 0.0533 outinratio 0.0462 

WminusH125_4e_massZ1_massZ2_genbin5_recobin4 acc 0.0304 eff 0.0313 outinratio 0.1083 

WplusH125_4e_massZ1_massZ2_genbin5_recobin4 acc 0.027 eff 0.0461 outinratio 0.096 

ttH125_4e_massZ1_massZ2_genbin5_recobin4 acc 0.0271 eff 0.0575 outinratio 0.1555 

ZH125_4e_massZ1_massZ2_genbin5_recobin4 acc 0.0271 eff 0.0704 outinratio 0.0981 

ggH125_4e_massZ1_massZ2_genbin6_recobin4 acc 0.0581 eff 0.0024 outinratio 0.0785 

VBFH125_4e_massZ1_massZ2_genbin6_recobin4 acc 0.0531 eff 0.0028 outinratio 0.0462 

WminusH125_4e_massZ1_massZ2_genbin6_recobin4 acc 0.0534 eff 0.0053 outinratio 0.1083 

WplusH125_4e_massZ1_massZ2_genbin6_recobin4 acc 0.0428 eff 0.0046 outinratio 0.096 

ttH125_4e_massZ1_massZ2_genbin6_recobin4 acc 0.0586 eff 0.0 outinratio 0.1555 

ZH125_4e_massZ1_massZ2_genbin6_recobin4 acc 0.053 eff 0.0039 outinratio 0.0981 

ggH125_4e_massZ1_massZ2_genbin0_recobin5 acc 0.0709 eff 0.0144 outinratio 0.0935 

VBFH125_4e_massZ1_massZ2_genbin0_recobin5 acc 0.0765 eff 0.0142 outinratio 0.0593 

WminusH125_4e_massZ1_massZ2_genbin0_recobin5 acc 0.0641 eff 0.0101 outinratio 0.0732 

WplusH125_4e_massZ1_massZ2_genbin0_recobin5 acc 0.0513 eff 0.0018 outinratio 0.0683 

ttH125_4e_massZ1_massZ2_genbin0_recobin5 acc 0.0534 eff 0.0 outinratio 0.6661 

ZH125_4e_massZ1_massZ2_genbin0_recobin5 acc 0.0591 eff 0.0049 outinratio 0.137 

ggH125_4e_massZ1_massZ2_genbin1_recobin5 acc 0.0422 eff 0.0028 outinratio 0.0935 

VBFH125_4e_massZ1_massZ2_genbin1_recobin5 acc 0.0498 eff 0.0178 outinratio 0.0593 

WminusH125_4e_massZ1_massZ2_genbin1_recobin5 acc 0.0423 eff 0.0088 outinratio 0.0732 

WplusH125_4e_massZ1_massZ2_genbin1_recobin5 acc 0.0338 eff 0.0035 outinratio 0.0683 

ttH125_4e_massZ1_massZ2_genbin1_recobin5 acc 0.0315 eff 0.0 outinratio 0.6661 

ZH125_4e_massZ1_massZ2_genbin1_recobin5 acc 0.037 eff 0.0015 outinratio 0.137 

ggH125_4e_massZ1_massZ2_genbin2_recobin5 acc 0.0364 eff 0.0 outinratio 0.0935 

VBFH125_4e_massZ1_massZ2_genbin2_recobin5 acc 0.0403 eff 0.0 outinratio 0.0593 

WminusH125_4e_massZ1_massZ2_genbin2_recobin5 acc 0.0309 eff 0.0 outinratio 0.0732 

WplusH125_4e_massZ1_massZ2_genbin2_recobin5 acc 0.0286 eff 0.0 outinratio 0.0683 

ttH125_4e_massZ1_massZ2_genbin2_recobin5 acc 0.0297 eff 0.0 outinratio 0.6661 

ZH125_4e_massZ1_massZ2_genbin2_recobin5 acc 0.0266 eff 0.0 outinratio 0.137 

ggH125_4e_massZ1_massZ2_genbin3_recobin5 acc 0.0562 eff 0.0 outinratio 0.0935 

VBFH125_4e_massZ1_massZ2_genbin3_recobin5 acc 0.0547 eff 0.0 outinratio 0.0593 

WminusH125_4e_massZ1_massZ2_genbin3_recobin5 acc 0.05 eff 0.0 outinratio 0.0732 

WplusH125_4e_massZ1_massZ2_genbin3_recobin5 acc 0.0409 eff 0.0 outinratio 0.0683 

ttH125_4e_massZ1_massZ2_genbin3_recobin5 acc 0.0464 eff 0.0 outinratio 0.6661 

ZH125_4e_massZ1_massZ2_genbin3_recobin5 acc 0.0438 eff 0.0 outinratio 0.137 

ggH125_4e_massZ1_massZ2_genbin4_recobin5 acc 0.0808 eff 0.0082 outinratio 0.0935 

VBFH125_4e_massZ1_massZ2_genbin4_recobin5 acc 0.107 eff 0.0061 outinratio 0.0593 

WminusH125_4e_massZ1_massZ2_genbin4_recobin5 acc 0.0892 eff 0.0133 outinratio 0.0732 

WplusH125_4e_massZ1_massZ2_genbin4_recobin5 acc 0.0757 eff 0.0179 outinratio 0.0683 

ttH125_4e_massZ1_massZ2_genbin4_recobin5 acc 0.0621 eff 0.0052 outinratio 0.6661 

ZH125_4e_massZ1_massZ2_genbin4_recobin5 acc 0.0801 eff 0.0094 outinratio 0.137 

ggH125_4e_massZ1_massZ2_genbin5_recobin5 acc 0.0338 eff 0.1743 outinratio 0.0935 

VBFH125_4e_massZ1_massZ2_genbin5_recobin5 acc 0.0428 eff 0.3234 outinratio 0.0593 

WminusH125_4e_massZ1_massZ2_genbin5_recobin5 acc 0.0304 eff 0.2253 outinratio 0.0732 

WplusH125_4e_massZ1_massZ2_genbin5_recobin5 acc 0.027 eff 0.2244 outinratio 0.0683 

ttH125_4e_massZ1_massZ2_genbin5_recobin5 acc 0.0271 eff 0.2 outinratio 0.6661 

ZH125_4e_massZ1_massZ2_genbin5_recobin5 acc 0.0271 eff 0.2624 outinratio 0.137 

ggH125_4e_massZ1_massZ2_genbin6_recobin5 acc 0.0581 eff 0.0263 outinratio 0.0935 

VBFH125_4e_massZ1_massZ2_genbin6_recobin5 acc 0.0531 eff 0.0852 outinratio 0.0593 

WminusH125_4e_massZ1_massZ2_genbin6_recobin5 acc 0.0534 eff 0.0301 outinratio 0.0732 

WplusH125_4e_massZ1_massZ2_genbin6_recobin5 acc 0.0428 eff 0.0241 outinratio 0.0683 

ttH125_4e_massZ1_massZ2_genbin6_recobin5 acc 0.0586 eff 0.0085 outinratio 0.6661 

ZH125_4e_massZ1_massZ2_genbin6_recobin5 acc 0.053 eff 0.0536 outinratio 0.137 

ggH125_4e_massZ1_massZ2_genbin0_recobin6 acc 0.0709 eff 0.0015 outinratio 0.0521 

VBFH125_4e_massZ1_massZ2_genbin0_recobin6 acc 0.0765 eff 0.0 outinratio 0.0723 

WminusH125_4e_massZ1_massZ2_genbin0_recobin6 acc 0.0641 eff 0.0036 outinratio 0.0645 

WplusH125_4e_massZ1_massZ2_genbin0_recobin6 acc 0.0513 eff 0.0005 outinratio 0.0928 

ttH125_4e_massZ1_massZ2_genbin0_recobin6 acc 0.0534 eff 0.0 outinratio 0.2693 

ZH125_4e_massZ1_massZ2_genbin0_recobin6 acc 0.0591 eff 0.0 outinratio 0.1326 

ggH125_4e_massZ1_massZ2_genbin1_recobin6 acc 0.0422 eff 0.0303 outinratio 0.0521 

VBFH125_4e_massZ1_massZ2_genbin1_recobin6 acc 0.0498 eff 0.0289 outinratio 0.0723 

WminusH125_4e_massZ1_massZ2_genbin1_recobin6 acc 0.0423 eff 0.0342 outinratio 0.0645 

WplusH125_4e_massZ1_massZ2_genbin1_recobin6 acc 0.0338 eff 0.0727 outinratio 0.0928 

ttH125_4e_massZ1_massZ2_genbin1_recobin6 acc 0.0315 eff 0.0352 outinratio 0.2693 

ZH125_4e_massZ1_massZ2_genbin1_recobin6 acc 0.037 eff 0.0245 outinratio 0.1326 

ggH125_4e_massZ1_massZ2_genbin2_recobin6 acc 0.0364 eff 0.0133 outinratio 0.0521 

VBFH125_4e_massZ1_massZ2_genbin2_recobin6 acc 0.0403 eff 0.011 outinratio 0.0723 

WminusH125_4e_massZ1_massZ2_genbin2_recobin6 acc 0.0309 eff 0.0162 outinratio 0.0645 

WplusH125_4e_massZ1_massZ2_genbin2_recobin6 acc 0.0286 eff 0.0029 outinratio 0.0928 

ttH125_4e_massZ1_massZ2_genbin2_recobin6 acc 0.0297 eff 0.0156 outinratio 0.2693 

ZH125_4e_massZ1_massZ2_genbin2_recobin6 acc 0.0266 eff 0.0174 outinratio 0.1326 

ggH125_4e_massZ1_massZ2_genbin3_recobin6 acc 0.0562 eff 0.0 outinratio 0.0521 

VBFH125_4e_massZ1_massZ2_genbin3_recobin6 acc 0.0547 eff 0.0 outinratio 0.0723 

WminusH125_4e_massZ1_massZ2_genbin3_recobin6 acc 0.05 eff 0.0018 outinratio 0.0645 

WplusH125_4e_massZ1_massZ2_genbin3_recobin6 acc 0.0409 eff 0.0 outinratio 0.0928 

ttH125_4e_massZ1_massZ2_genbin3_recobin6 acc 0.0464 eff 0.0 outinratio 0.2693 

ZH125_4e_massZ1_massZ2_genbin3_recobin6 acc 0.0438 eff 0.0 outinratio 0.1326 

ggH125_4e_massZ1_massZ2_genbin4_recobin6 acc 0.0808 eff 0.0057 outinratio 0.0521 

VBFH125_4e_massZ1_massZ2_genbin4_recobin6 acc 0.107 eff 0.0 outinratio 0.0723 

WminusH125_4e_massZ1_massZ2_genbin4_recobin6 acc 0.0892 eff 0.0021 outinratio 0.0645 

WplusH125_4e_massZ1_massZ2_genbin4_recobin6 acc 0.0757 eff 0.0032 outinratio 0.0928 

ttH125_4e_massZ1_massZ2_genbin4_recobin6 acc 0.0621 eff 0.0 outinratio 0.2693 

ZH125_4e_massZ1_massZ2_genbin4_recobin6 acc 0.0801 eff 0.0 outinratio 0.1326 

ggH125_4e_massZ1_massZ2_genbin5_recobin6 acc 0.0338 eff 0.0356 outinratio 0.0521 

VBFH125_4e_massZ1_massZ2_genbin5_recobin6 acc 0.0428 eff 0.0397 outinratio 0.0723 

WminusH125_4e_massZ1_massZ2_genbin5_recobin6 acc 0.0304 eff 0.0558 outinratio 0.0645 

WplusH125_4e_massZ1_massZ2_genbin5_recobin6 acc 0.027 eff 0.0452 outinratio 0.0928 

ttH125_4e_massZ1_massZ2_genbin5_recobin6 acc 0.0271 eff 0.0481 outinratio 0.2693 

ZH125_4e_massZ1_massZ2_genbin5_recobin6 acc 0.0271 eff 0.0375 outinratio 0.1326 

ggH125_4e_massZ1_massZ2_genbin6_recobin6 acc 0.0581 eff 0.2669 outinratio 0.0521 

VBFH125_4e_massZ1_massZ2_genbin6_recobin6 acc 0.0531 eff 0.3288 outinratio 0.0723 

WminusH125_4e_massZ1_massZ2_genbin6_recobin6 acc 0.0534 eff 0.2597 outinratio 0.0645 

WplusH125_4e_massZ1_massZ2_genbin6_recobin6 acc 0.0428 eff 0.2541 outinratio 0.0928 

ttH125_4e_massZ1_massZ2_genbin6_recobin6 acc 0.0586 eff 0.2271 outinratio 0.2693 

ZH125_4e_massZ1_massZ2_genbin6_recobin6 acc 0.053 eff 0.2673 outinratio 0.1326 

ggH125_4mu_massZ1_massZ2_genbin0_recobin0 acc 0.0681 eff 0.53 outinratio 0.0503 

VBFH125_4mu_massZ1_massZ2_genbin0_recobin0 acc 0.0746 eff 0.5182 outinratio 0.0204 

WminusH125_4mu_massZ1_massZ2_genbin0_recobin0 acc 0.064 eff 0.49 outinratio 0.0717 

WplusH125_4mu_massZ1_massZ2_genbin0_recobin0 acc 0.0517 eff 0.5295 outinratio 0.0706 

ttH125_4mu_massZ1_massZ2_genbin0_recobin0 acc 0.0515 eff 0.5044 outinratio 0.1948 

ZH125_4mu_massZ1_massZ2_genbin0_recobin0 acc 0.0618 eff 0.5618 outinratio 0.0761 

ggH125_4mu_massZ1_massZ2_genbin1_recobin0 acc 0.0456 eff 0.0161 outinratio 0.0503 

VBFH125_4mu_massZ1_massZ2_genbin1_recobin0 acc 0.0459 eff 0.0223 outinratio 0.0204 

WminusH125_4mu_massZ1_massZ2_genbin1_recobin0 acc 0.042 eff 0.0037 outinratio 0.0717 

WplusH125_4mu_massZ1_massZ2_genbin1_recobin0 acc 0.0333 eff 0.0098 outinratio 0.0706 

ttH125_4mu_massZ1_massZ2_genbin1_recobin0 acc 0.0271 eff 0.0 outinratio 0.1948 

ZH125_4mu_massZ1_massZ2_genbin1_recobin0 acc 0.0354 eff 0.0231 outinratio 0.0761 

ggH125_4mu_massZ1_massZ2_genbin2_recobin0 acc 0.0353 eff 0.0005 outinratio 0.0503 

VBFH125_4mu_massZ1_massZ2_genbin2_recobin0 acc 0.0484 eff 0.0 outinratio 0.0204 

WminusH125_4mu_massZ1_massZ2_genbin2_recobin0 acc 0.0352 eff 0.0 outinratio 0.0717 

WplusH125_4mu_massZ1_massZ2_genbin2_recobin0 acc 0.03 eff 0.0 outinratio 0.0706 

ttH125_4mu_massZ1_massZ2_genbin2_recobin0 acc 0.0341 eff 0.0 outinratio 0.1948 

ZH125_4mu_massZ1_massZ2_genbin2_recobin0 acc 0.0286 eff 0.0 outinratio 0.0761 

ggH125_4mu_massZ1_massZ2_genbin3_recobin0 acc 0.0518 eff 0.0 outinratio 0.0503 

VBFH125_4mu_massZ1_massZ2_genbin3_recobin0 acc 0.065 eff 0.0 outinratio 0.0204 

WminusH125_4mu_massZ1_massZ2_genbin3_recobin0 acc 0.0558 eff 0.0012 outinratio 0.0717 

WplusH125_4mu_massZ1_massZ2_genbin3_recobin0 acc 0.0456 eff 0.0 outinratio 0.0706 

ttH125_4mu_massZ1_massZ2_genbin3_recobin0 acc 0.0402 eff 0.0 outinratio 0.1948 

ZH125_4mu_massZ1_massZ2_genbin3_recobin0 acc 0.0491 eff 0.0 outinratio 0.0761 

ggH125_4mu_massZ1_massZ2_genbin4_recobin0 acc 0.1082 eff 0.0337 outinratio 0.0503 

VBFH125_4mu_massZ1_massZ2_genbin4_recobin0 acc 0.1205 eff 0.045 outinratio 0.0204 

WminusH125_4mu_massZ1_massZ2_genbin4_recobin0 acc 0.1031 eff 0.0293 outinratio 0.0717 

WplusH125_4mu_massZ1_massZ2_genbin4_recobin0 acc 0.0892 eff 0.0469 outinratio 0.0706 

ttH125_4mu_massZ1_massZ2_genbin4_recobin0 acc 0.1031 eff 0.044 outinratio 0.1948 

ZH125_4mu_massZ1_massZ2_genbin4_recobin0 acc 0.0999 eff 0.042 outinratio 0.0761 

ggH125_4mu_massZ1_massZ2_genbin5_recobin0 acc 0.0413 eff 0.0176 outinratio 0.0503 

VBFH125_4mu_massZ1_massZ2_genbin5_recobin0 acc 0.0554 eff 0.027 outinratio 0.0204 

WminusH125_4mu_massZ1_massZ2_genbin5_recobin0 acc 0.0389 eff 0.0344 outinratio 0.0717 

WplusH125_4mu_massZ1_massZ2_genbin5_recobin0 acc 0.0322 eff 0.0399 outinratio 0.0706 

ttH125_4mu_massZ1_massZ2_genbin5_recobin0 acc 0.0358 eff 0.0 outinratio 0.1948 

ZH125_4mu_massZ1_massZ2_genbin5_recobin0 acc 0.0322 eff 0.0274 outinratio 0.0761 

ggH125_4mu_massZ1_massZ2_genbin6_recobin0 acc 0.0747 eff 0.0013 outinratio 0.0503 

VBFH125_4mu_massZ1_massZ2_genbin6_recobin0 acc 0.0717 eff 0.0 outinratio 0.0204 

WminusH125_4mu_massZ1_massZ2_genbin6_recobin0 acc 0.0621 eff 0.004 outinratio 0.0717 

WplusH125_4mu_massZ1_massZ2_genbin6_recobin0 acc 0.0489 eff 0.0 outinratio 0.0706 

ttH125_4mu_massZ1_massZ2_genbin6_recobin0 acc 0.0629 eff 0.0 outinratio 0.1948 

ZH125_4mu_massZ1_massZ2_genbin6_recobin0 acc 0.0573 eff 0.0028 outinratio 0.0761 

ggH125_4mu_massZ1_massZ2_genbin0_recobin1 acc 0.0681 eff 0.0136 outinratio 0.0313 

VBFH125_4mu_massZ1_massZ2_genbin0_recobin1 acc 0.0746 eff 0.0097 outinratio 0.0327 

WminusH125_4mu_massZ1_massZ2_genbin0_recobin1 acc 0.064 eff 0.0087 outinratio 0.053 

WplusH125_4mu_massZ1_massZ2_genbin0_recobin1 acc 0.0517 eff 0.015 outinratio 0.069 

ttH125_4mu_massZ1_massZ2_genbin0_recobin1 acc 0.0515 eff 0.0 outinratio 0.3219 

ZH125_4mu_massZ1_massZ2_genbin0_recobin1 acc 0.0618 eff 0.0098 outinratio 0.0931 

ggH125_4mu_massZ1_massZ2_genbin1_recobin1 acc 0.0456 eff 0.5692 outinratio 0.0313 

VBFH125_4mu_massZ1_massZ2_genbin1_recobin1 acc 0.0459 eff 0.5564 outinratio 0.0327 

WminusH125_4mu_massZ1_massZ2_genbin1_recobin1 acc 0.042 eff 0.4921 outinratio 0.053 

WplusH125_4mu_massZ1_massZ2_genbin1_recobin1 acc 0.0333 eff 0.5052 outinratio 0.069 

ttH125_4mu_massZ1_massZ2_genbin1_recobin1 acc 0.0271 eff 0.4461 outinratio 0.3219 

ZH125_4mu_massZ1_massZ2_genbin1_recobin1 acc 0.0354 eff 0.498 outinratio 0.0931 

ggH125_4mu_massZ1_massZ2_genbin2_recobin1 acc 0.0353 eff 0.0155 outinratio 0.0313 

VBFH125_4mu_massZ1_massZ2_genbin2_recobin1 acc 0.0484 eff 0.0014 outinratio 0.0327 

WminusH125_4mu_massZ1_massZ2_genbin2_recobin1 acc 0.0352 eff 0.003 outinratio 0.053 

WplusH125_4mu_massZ1_massZ2_genbin2_recobin1 acc 0.03 eff 0.0137 outinratio 0.069 

ttH125_4mu_massZ1_massZ2_genbin2_recobin1 acc 0.0341 eff 0.035 outinratio 0.3219 

ZH125_4mu_massZ1_massZ2_genbin2_recobin1 acc 0.0286 eff 0.0224 outinratio 0.0931 

ggH125_4mu_massZ1_massZ2_genbin3_recobin1 acc 0.0518 eff 0.0 outinratio 0.0313 

VBFH125_4mu_massZ1_massZ2_genbin3_recobin1 acc 0.065 eff 0.0076 outinratio 0.0327 

WminusH125_4mu_massZ1_massZ2_genbin3_recobin1 acc 0.0558 eff 0.0 outinratio 0.053 

WplusH125_4mu_massZ1_massZ2_genbin3_recobin1 acc 0.0456 eff 0.0034 outinratio 0.069 

ttH125_4mu_massZ1_massZ2_genbin3_recobin1 acc 0.0402 eff 0.0 outinratio 0.3219 

ZH125_4mu_massZ1_massZ2_genbin3_recobin1 acc 0.0491 eff 0.0 outinratio 0.0931 

ggH125_4mu_massZ1_massZ2_genbin4_recobin1 acc 0.1082 eff 0.0 outinratio 0.0313 

VBFH125_4mu_massZ1_massZ2_genbin4_recobin1 acc 0.1205 eff 0.0 outinratio 0.0327 

WminusH125_4mu_massZ1_massZ2_genbin4_recobin1 acc 0.1031 eff 0.0 outinratio 0.053 

WplusH125_4mu_massZ1_massZ2_genbin4_recobin1 acc 0.0892 eff 0.0 outinratio 0.069 

ttH125_4mu_massZ1_massZ2_genbin4_recobin1 acc 0.1031 eff 0.0 outinratio 0.3219 

ZH125_4mu_massZ1_massZ2_genbin4_recobin1 acc 0.0999 eff 0.0 outinratio 0.0931 

ggH125_4mu_massZ1_massZ2_genbin5_recobin1 acc 0.0413 eff 0.0083 outinratio 0.0313 

VBFH125_4mu_massZ1_massZ2_genbin5_recobin1 acc 0.0554 eff 0.0 outinratio 0.0327 

WminusH125_4mu_massZ1_massZ2_genbin5_recobin1 acc 0.0389 eff 0.002 outinratio 0.053 

WplusH125_4mu_massZ1_massZ2_genbin5_recobin1 acc 0.0322 eff 0.0029 outinratio 0.069 

ttH125_4mu_massZ1_massZ2_genbin5_recobin1 acc 0.0358 eff 0.0 outinratio 0.3219 

ZH125_4mu_massZ1_massZ2_genbin5_recobin1 acc 0.0322 eff 0.0 outinratio 0.0931 

ggH125_4mu_massZ1_massZ2_genbin6_recobin1 acc 0.0747 eff 0.0447 outinratio 0.0313 

VBFH125_4mu_massZ1_massZ2_genbin6_recobin1 acc 0.0717 eff 0.0482 outinratio 0.0327 

WminusH125_4mu_massZ1_massZ2_genbin6_recobin1 acc 0.0621 eff 0.0357 outinratio 0.053 

WplusH125_4mu_massZ1_massZ2_genbin6_recobin1 acc 0.0489 eff 0.0395 outinratio 0.069 

ttH125_4mu_massZ1_massZ2_genbin6_recobin1 acc 0.0629 eff 0.0258 outinratio 0.3219 

ZH125_4mu_massZ1_massZ2_genbin6_recobin1 acc 0.0573 eff 0.054 outinratio 0.0931 

ggH125_4mu_massZ1_massZ2_genbin0_recobin2 acc 0.0681 eff 0.0042 outinratio 0.0162 

VBFH125_4mu_massZ1_massZ2_genbin0_recobin2 acc 0.0746 eff 0.0 outinratio 0.0164 

WminusH125_4mu_massZ1_massZ2_genbin0_recobin2 acc 0.064 eff 0.0019 outinratio 0.0454 

WplusH125_4mu_massZ1_massZ2_genbin0_recobin2 acc 0.0517 eff 0.0 outinratio 0.084 

ttH125_4mu_massZ1_massZ2_genbin0_recobin2 acc 0.0515 eff 0.0 outinratio 0.0883 

ZH125_4mu_massZ1_massZ2_genbin0_recobin2 acc 0.0618 eff 0.0023 outinratio 0.1021 

ggH125_4mu_massZ1_massZ2_genbin1_recobin2 acc 0.0456 eff 0.0139 outinratio 0.0162 

VBFH125_4mu_massZ1_massZ2_genbin1_recobin2 acc 0.0459 eff 0.0146 outinratio 0.0164 

WminusH125_4mu_massZ1_massZ2_genbin1_recobin2 acc 0.042 eff 0.0185 outinratio 0.0454 

WplusH125_4mu_massZ1_massZ2_genbin1_recobin2 acc 0.0333 eff 0.0133 outinratio 0.084 

ttH125_4mu_massZ1_massZ2_genbin1_recobin2 acc 0.0271 eff 0.0 outinratio 0.0883 

ZH125_4mu_massZ1_massZ2_genbin1_recobin2 acc 0.0354 eff 0.0096 outinratio 0.1021 

ggH125_4mu_massZ1_massZ2_genbin2_recobin2 acc 0.0353 eff 0.6519 outinratio 0.0162 

VBFH125_4mu_massZ1_massZ2_genbin2_recobin2 acc 0.0484 eff 0.6285 outinratio 0.0164 

WminusH125_4mu_massZ1_massZ2_genbin2_recobin2 acc 0.0352 eff 0.5718 outinratio 0.0454 

WplusH125_4mu_massZ1_massZ2_genbin2_recobin2 acc 0.03 eff 0.6035 outinratio 0.084 

ttH125_4mu_massZ1_massZ2_genbin2_recobin2 acc 0.0341 eff 0.5474 outinratio 0.0883 

ZH125_4mu_massZ1_massZ2_genbin2_recobin2 acc 0.0286 eff 0.5704 outinratio 0.1021 

ggH125_4mu_massZ1_massZ2_genbin3_recobin2 acc 0.0518 eff 0.0124 outinratio 0.0162 

VBFH125_4mu_massZ1_massZ2_genbin3_recobin2 acc 0.065 eff 0.0212 outinratio 0.0164 

WminusH125_4mu_massZ1_massZ2_genbin3_recobin2 acc 0.0558 eff 0.0053 outinratio 0.0454 

WplusH125_4mu_massZ1_massZ2_genbin3_recobin2 acc 0.0456 eff 0.0111 outinratio 0.084 

ttH125_4mu_massZ1_massZ2_genbin3_recobin2 acc 0.0402 eff 0.0 outinratio 0.0883 

ZH125_4mu_massZ1_massZ2_genbin3_recobin2 acc 0.0491 eff 0.0152 outinratio 0.1021 

ggH125_4mu_massZ1_massZ2_genbin4_recobin2 acc 0.1082 eff 0.0 outinratio 0.0162 

VBFH125_4mu_massZ1_massZ2_genbin4_recobin2 acc 0.1205 eff 0.0 outinratio 0.0164 

WminusH125_4mu_massZ1_massZ2_genbin4_recobin2 acc 0.1031 eff 0.0 outinratio 0.0454 

WplusH125_4mu_massZ1_massZ2_genbin4_recobin2 acc 0.0892 eff 0.0 outinratio 0.084 

ttH125_4mu_massZ1_massZ2_genbin4_recobin2 acc 0.1031 eff 0.0 outinratio 0.0883 

ZH125_4mu_massZ1_massZ2_genbin4_recobin2 acc 0.0999 eff 0.0 outinratio 0.1021 

ggH125_4mu_massZ1_massZ2_genbin5_recobin2 acc 0.0413 eff 0.0 outinratio 0.0162 

VBFH125_4mu_massZ1_massZ2_genbin5_recobin2 acc 0.0554 eff 0.0 outinratio 0.0164 

WminusH125_4mu_massZ1_massZ2_genbin5_recobin2 acc 0.0389 eff 0.0 outinratio 0.0454 

WplusH125_4mu_massZ1_massZ2_genbin5_recobin2 acc 0.0322 eff 0.0 outinratio 0.084 

ttH125_4mu_massZ1_massZ2_genbin5_recobin2 acc 0.0358 eff 0.0 outinratio 0.0883 

ZH125_4mu_massZ1_massZ2_genbin5_recobin2 acc 0.0322 eff 0.0 outinratio 0.1021 

ggH125_4mu_massZ1_massZ2_genbin6_recobin2 acc 0.0747 eff 0.0099 outinratio 0.0162 

VBFH125_4mu_massZ1_massZ2_genbin6_recobin2 acc 0.0717 eff 0.006 outinratio 0.0164 

WminusH125_4mu_massZ1_massZ2_genbin6_recobin2 acc 0.0621 eff 0.0031 outinratio 0.0454 

WplusH125_4mu_massZ1_massZ2_genbin6_recobin2 acc 0.0489 eff 0.0009 outinratio 0.084 

ttH125_4mu_massZ1_massZ2_genbin6_recobin2 acc 0.0629 eff 0.0063 outinratio 0.0883 

ZH125_4mu_massZ1_massZ2_genbin6_recobin2 acc 0.0573 eff 0.006 outinratio 0.1021 

ggH125_4mu_massZ1_massZ2_genbin0_recobin3 acc 0.0681 eff 0.0 outinratio 0.0251 

VBFH125_4mu_massZ1_massZ2_genbin0_recobin3 acc 0.0746 eff 0.0 outinratio 0.041 

WminusH125_4mu_massZ1_massZ2_genbin0_recobin3 acc 0.064 eff 0.0 outinratio 0.0362 

WplusH125_4mu_massZ1_massZ2_genbin0_recobin3 acc 0.0517 eff 0.0 outinratio 0.0485 

ttH125_4mu_massZ1_massZ2_genbin0_recobin3 acc 0.0515 eff 0.0 outinratio 0.0645 

ZH125_4mu_massZ1_massZ2_genbin0_recobin3 acc 0.0618 eff 0.0019 outinratio 0.0395 

ggH125_4mu_massZ1_massZ2_genbin1_recobin3 acc 0.0456 eff 0.0015 outinratio 0.0251 

VBFH125_4mu_massZ1_massZ2_genbin1_recobin3 acc 0.0459 eff 0.0113 outinratio 0.041 

WminusH125_4mu_massZ1_massZ2_genbin1_recobin3 acc 0.042 eff 0.0025 outinratio 0.0362 

WplusH125_4mu_massZ1_massZ2_genbin1_recobin3 acc 0.0333 eff 0.0031 outinratio 0.0485 

ttH125_4mu_massZ1_massZ2_genbin1_recobin3 acc 0.0271 eff 0.0 outinratio 0.0645 

ZH125_4mu_massZ1_massZ2_genbin1_recobin3 acc 0.0354 eff 0.0051 outinratio 0.0395 

ggH125_4mu_massZ1_massZ2_genbin2_recobin3 acc 0.0353 eff 0.0184 outinratio 0.0251 

VBFH125_4mu_massZ1_massZ2_genbin2_recobin3 acc 0.0484 eff 0.0297 outinratio 0.041 

WminusH125_4mu_massZ1_massZ2_genbin2_recobin3 acc 0.0352 eff 0.0209 outinratio 0.0362 

WplusH125_4mu_massZ1_massZ2_genbin2_recobin3 acc 0.03 eff 0.0156 outinratio 0.0485 

ttH125_4mu_massZ1_massZ2_genbin2_recobin3 acc 0.0341 eff 0.0 outinratio 0.0645 

ZH125_4mu_massZ1_massZ2_genbin2_recobin3 acc 0.0286 eff 0.0153 outinratio 0.0395 

ggH125_4mu_massZ1_massZ2_genbin3_recobin3 acc 0.0518 eff 0.6463 outinratio 0.0251 

VBFH125_4mu_massZ1_massZ2_genbin3_recobin3 acc 0.065 eff 0.6499 outinratio 0.041 

WminusH125_4mu_massZ1_massZ2_genbin3_recobin3 acc 0.0558 eff 0.6194 outinratio 0.0362 

WplusH125_4mu_massZ1_massZ2_genbin3_recobin3 acc 0.0456 eff 0.6131 outinratio 0.0485 

ttH125_4mu_massZ1_massZ2_genbin3_recobin3 acc 0.0402 eff 0.6173 outinratio 0.0645 

ZH125_4mu_massZ1_massZ2_genbin3_recobin3 acc 0.0491 eff 0.5865 outinratio 0.0395 

ggH125_4mu_massZ1_massZ2_genbin4_recobin3 acc 0.1082 eff 0.0 outinratio 0.0251 

VBFH125_4mu_massZ1_massZ2_genbin4_recobin3 acc 0.1205 eff 0.0 outinratio 0.041 

WminusH125_4mu_massZ1_massZ2_genbin4_recobin3 acc 0.1031 eff 0.0 outinratio 0.0362 

WplusH125_4mu_massZ1_massZ2_genbin4_recobin3 acc 0.0892 eff 0.0 outinratio 0.0485 

ttH125_4mu_massZ1_massZ2_genbin4_recobin3 acc 0.1031 eff 0.0 outinratio 0.0645 

ZH125_4mu_massZ1_massZ2_genbin4_recobin3 acc 0.0999 eff 0.0 outinratio 0.0395 

ggH125_4mu_massZ1_massZ2_genbin5_recobin3 acc 0.0413 eff 0.0 outinratio 0.0251 

VBFH125_4mu_massZ1_massZ2_genbin5_recobin3 acc 0.0554 eff 0.0 outinratio 0.041 

WminusH125_4mu_massZ1_massZ2_genbin5_recobin3 acc 0.0389 eff 0.0 outinratio 0.0362 

WplusH125_4mu_massZ1_massZ2_genbin5_recobin3 acc 0.0322 eff 0.0 outinratio 0.0485 

ttH125_4mu_massZ1_massZ2_genbin5_recobin3 acc 0.0358 eff 0.0 outinratio 0.0645 

ZH125_4mu_massZ1_massZ2_genbin5_recobin3 acc 0.0322 eff 0.0 outinratio 0.0395 

ggH125_4mu_massZ1_massZ2_genbin6_recobin3 acc 0.0747 eff 0.0 outinratio 0.0251 

VBFH125_4mu_massZ1_massZ2_genbin6_recobin3 acc 0.0717 eff 0.0 outinratio 0.041 

WminusH125_4mu_massZ1_massZ2_genbin6_recobin3 acc 0.0621 eff 0.0 outinratio 0.0362 

WplusH125_4mu_massZ1_massZ2_genbin6_recobin3 acc 0.0489 eff 0.0 outinratio 0.0485 

ttH125_4mu_massZ1_massZ2_genbin6_recobin3 acc 0.0629 eff 0.0 outinratio 0.0645 

ZH125_4mu_massZ1_massZ2_genbin6_recobin3 acc 0.0573 eff 0.0 outinratio 0.0395 

ggH125_4mu_massZ1_massZ2_genbin0_recobin4 acc 0.0681 eff 0.0563 outinratio 0.0586 

VBFH125_4mu_massZ1_massZ2_genbin0_recobin4 acc 0.0746 eff 0.0505 outinratio 0.0162 

WminusH125_4mu_massZ1_massZ2_genbin0_recobin4 acc 0.064 eff 0.0474 outinratio 0.0766 

WplusH125_4mu_massZ1_massZ2_genbin0_recobin4 acc 0.0517 eff 0.0444 outinratio 0.0734 

ttH125_4mu_massZ1_massZ2_genbin0_recobin4 acc 0.0515 eff 0.0811 outinratio 0.0705 

ZH125_4mu_massZ1_massZ2_genbin0_recobin4 acc 0.0618 eff 0.0291 outinratio 0.0784 

ggH125_4mu_massZ1_massZ2_genbin1_recobin4 acc 0.0456 eff 0.0 outinratio 0.0586 

VBFH125_4mu_massZ1_massZ2_genbin1_recobin4 acc 0.0459 eff 0.0 outinratio 0.0162 

WminusH125_4mu_massZ1_massZ2_genbin1_recobin4 acc 0.042 eff 0.0 outinratio 0.0766 

WplusH125_4mu_massZ1_massZ2_genbin1_recobin4 acc 0.0333 eff 0.0 outinratio 0.0734 

ttH125_4mu_massZ1_massZ2_genbin1_recobin4 acc 0.0271 eff 0.0 outinratio 0.0705 

ZH125_4mu_massZ1_massZ2_genbin1_recobin4 acc 0.0354 eff 0.0 outinratio 0.0784 

ggH125_4mu_massZ1_massZ2_genbin2_recobin4 acc 0.0353 eff 0.0 outinratio 0.0586 

VBFH125_4mu_massZ1_massZ2_genbin2_recobin4 acc 0.0484 eff 0.0 outinratio 0.0162 

WminusH125_4mu_massZ1_massZ2_genbin2_recobin4 acc 0.0352 eff 0.0 outinratio 0.0766 

WplusH125_4mu_massZ1_massZ2_genbin2_recobin4 acc 0.03 eff 0.0 outinratio 0.0734 

ttH125_4mu_massZ1_massZ2_genbin2_recobin4 acc 0.0341 eff 0.0 outinratio 0.0705 

ZH125_4mu_massZ1_massZ2_genbin2_recobin4 acc 0.0286 eff 0.0 outinratio 0.0784 

ggH125_4mu_massZ1_massZ2_genbin3_recobin4 acc 0.0518 eff 0.0 outinratio 0.0586 

VBFH125_4mu_massZ1_massZ2_genbin3_recobin4 acc 0.065 eff 0.0 outinratio 0.0162 

WminusH125_4mu_massZ1_massZ2_genbin3_recobin4 acc 0.0558 eff 0.0 outinratio 0.0766 

WplusH125_4mu_massZ1_massZ2_genbin3_recobin4 acc 0.0456 eff 0.0 outinratio 0.0734 

ttH125_4mu_massZ1_massZ2_genbin3_recobin4 acc 0.0402 eff 0.0 outinratio 0.0705 

ZH125_4mu_massZ1_massZ2_genbin3_recobin4 acc 0.0491 eff 0.0 outinratio 0.0784 

ggH125_4mu_massZ1_massZ2_genbin4_recobin4 acc 0.1082 eff 0.5781 outinratio 0.0586 

VBFH125_4mu_massZ1_massZ2_genbin4_recobin4 acc 0.1205 eff 0.5472 outinratio 0.0162 

WminusH125_4mu_massZ1_massZ2_genbin4_recobin4 acc 0.1031 eff 0.5265 outinratio 0.0766 

WplusH125_4mu_massZ1_massZ2_genbin4_recobin4 acc 0.0892 eff 0.5409 outinratio 0.0734 

ttH125_4mu_massZ1_massZ2_genbin4_recobin4 acc 0.1031 eff 0.4626 outinratio 0.0705 

ZH125_4mu_massZ1_massZ2_genbin4_recobin4 acc 0.0999 eff 0.5486 outinratio 0.0784 

ggH125_4mu_massZ1_massZ2_genbin5_recobin4 acc 0.0413 eff 0.024 outinratio 0.0586 

VBFH125_4mu_massZ1_massZ2_genbin5_recobin4 acc 0.0554 eff 0.0276 outinratio 0.0162 

WminusH125_4mu_massZ1_massZ2_genbin5_recobin4 acc 0.0389 eff 0.0237 outinratio 0.0766 

WplusH125_4mu_massZ1_massZ2_genbin5_recobin4 acc 0.0322 eff 0.0166 outinratio 0.0734 

ttH125_4mu_massZ1_massZ2_genbin5_recobin4 acc 0.0358 eff 0.0073 outinratio 0.0705 

ZH125_4mu_massZ1_massZ2_genbin5_recobin4 acc 0.0322 eff 0.0154 outinratio 0.0784 

ggH125_4mu_massZ1_massZ2_genbin6_recobin4 acc 0.0747 eff 0.0 outinratio 0.0586 

VBFH125_4mu_massZ1_massZ2_genbin6_recobin4 acc 0.0717 eff 0.0 outinratio 0.0162 

WminusH125_4mu_massZ1_massZ2_genbin6_recobin4 acc 0.0621 eff 0.0005 outinratio 0.0766 

WplusH125_4mu_massZ1_massZ2_genbin6_recobin4 acc 0.0489 eff 0.0007 outinratio 0.0734 

ttH125_4mu_massZ1_massZ2_genbin6_recobin4 acc 0.0629 eff 0.0 outinratio 0.0705 

ZH125_4mu_massZ1_massZ2_genbin6_recobin4 acc 0.0573 eff 0.0 outinratio 0.0784 

ggH125_4mu_massZ1_massZ2_genbin0_recobin5 acc 0.0681 eff 0.0245 outinratio 0.0404 

VBFH125_4mu_massZ1_massZ2_genbin0_recobin5 acc 0.0746 eff 0.0253 outinratio 0.0057 

WminusH125_4mu_massZ1_massZ2_genbin0_recobin5 acc 0.064 eff 0.0111 outinratio 0.0549 

WplusH125_4mu_massZ1_massZ2_genbin0_recobin5 acc 0.0517 eff 0.0109 outinratio 0.0762 

ttH125_4mu_massZ1_massZ2_genbin0_recobin5 acc 0.0515 eff 0.0 outinratio 0.2492 

ZH125_4mu_massZ1_massZ2_genbin0_recobin5 acc 0.0618 eff 0.0116 outinratio 0.0483 

ggH125_4mu_massZ1_massZ2_genbin1_recobin5 acc 0.0456 eff 0.0 outinratio 0.0404 

VBFH125_4mu_massZ1_massZ2_genbin1_recobin5 acc 0.0459 eff 0.0 outinratio 0.0057 

WminusH125_4mu_massZ1_massZ2_genbin1_recobin5 acc 0.042 eff 0.0 outinratio 0.0549 

WplusH125_4mu_massZ1_massZ2_genbin1_recobin5 acc 0.0333 eff 0.0 outinratio 0.0762 

ttH125_4mu_massZ1_massZ2_genbin1_recobin5 acc 0.0271 eff 0.0 outinratio 0.2492 

ZH125_4mu_massZ1_massZ2_genbin1_recobin5 acc 0.0354 eff 0.0 outinratio 0.0483 

ggH125_4mu_massZ1_massZ2_genbin2_recobin5 acc 0.0353 eff 0.0 outinratio 0.0404 

VBFH125_4mu_massZ1_massZ2_genbin2_recobin5 acc 0.0484 eff 0.0 outinratio 0.0057 

WminusH125_4mu_massZ1_massZ2_genbin2_recobin5 acc 0.0352 eff 0.0 outinratio 0.0549 

WplusH125_4mu_massZ1_massZ2_genbin2_recobin5 acc 0.03 eff 0.0 outinratio 0.0762 

ttH125_4mu_massZ1_massZ2_genbin2_recobin5 acc 0.0341 eff 0.0 outinratio 0.2492 

ZH125_4mu_massZ1_massZ2_genbin2_recobin5 acc 0.0286 eff 0.0 outinratio 0.0483 

ggH125_4mu_massZ1_massZ2_genbin3_recobin5 acc 0.0518 eff 0.0 outinratio 0.0404 

VBFH125_4mu_massZ1_massZ2_genbin3_recobin5 acc 0.065 eff 0.0 outinratio 0.0057 

WminusH125_4mu_massZ1_massZ2_genbin3_recobin5 acc 0.0558 eff 0.0 outinratio 0.0549 

WplusH125_4mu_massZ1_massZ2_genbin3_recobin5 acc 0.0456 eff 0.0 outinratio 0.0762 

ttH125_4mu_massZ1_massZ2_genbin3_recobin5 acc 0.0402 eff 0.0 outinratio 0.2492 

ZH125_4mu_massZ1_massZ2_genbin3_recobin5 acc 0.0491 eff 0.0 outinratio 0.0483 

ggH125_4mu_massZ1_massZ2_genbin4_recobin5 acc 0.1082 eff 0.0091 outinratio 0.0404 

VBFH125_4mu_massZ1_massZ2_genbin4_recobin5 acc 0.1205 eff 0.0116 outinratio 0.0057 

WminusH125_4mu_massZ1_massZ2_genbin4_recobin5 acc 0.1031 eff 0.0073 outinratio 0.0549 

WplusH125_4mu_massZ1_massZ2_genbin4_recobin5 acc 0.0892 eff 0.0098 outinratio 0.0762 

ttH125_4mu_massZ1_massZ2_genbin4_recobin5 acc 0.1031 eff 0.0184 outinratio 0.2492 

ZH125_4mu_massZ1_massZ2_genbin4_recobin5 acc 0.0999 eff 0.0038 outinratio 0.0483 

ggH125_4mu_massZ1_massZ2_genbin5_recobin5 acc 0.0413 eff 0.5661 outinratio 0.0404 

VBFH125_4mu_massZ1_massZ2_genbin5_recobin5 acc 0.0554 eff 0.5829 outinratio 0.0057 

WminusH125_4mu_massZ1_massZ2_genbin5_recobin5 acc 0.0389 eff 0.4932 outinratio 0.0549 

WplusH125_4mu_massZ1_massZ2_genbin5_recobin5 acc 0.0322 eff 0.5164 outinratio 0.0762 

ttH125_4mu_massZ1_massZ2_genbin5_recobin5 acc 0.0358 eff 0.5192 outinratio 0.2492 

ZH125_4mu_massZ1_massZ2_genbin5_recobin5 acc 0.0322 eff 0.5655 outinratio 0.0483 

ggH125_4mu_massZ1_massZ2_genbin6_recobin5 acc 0.0747 eff 0.0164 outinratio 0.0404 

VBFH125_4mu_massZ1_massZ2_genbin6_recobin5 acc 0.0717 eff 0.0294 outinratio 0.0057 

WminusH125_4mu_massZ1_massZ2_genbin6_recobin5 acc 0.0621 eff 0.0134 outinratio 0.0549 

WplusH125_4mu_massZ1_massZ2_genbin6_recobin5 acc 0.0489 eff 0.0075 outinratio 0.0762 

ttH125_4mu_massZ1_massZ2_genbin6_recobin5 acc 0.0629 eff 0.0026 outinratio 0.2492 

ZH125_4mu_massZ1_massZ2_genbin6_recobin5 acc 0.0573 eff 0.0242 outinratio 0.0483 

ggH125_4mu_massZ1_massZ2_genbin0_recobin6 acc 0.0681 eff 0.0029 outinratio 0.0464 

VBFH125_4mu_massZ1_massZ2_genbin0_recobin6 acc 0.0746 eff 0.0 outinratio 0.0261 

WminusH125_4mu_massZ1_massZ2_genbin0_recobin6 acc 0.064 eff 0.0017 outinratio 0.0438 

WplusH125_4mu_massZ1_massZ2_genbin0_recobin6 acc 0.0517 eff 0.0 outinratio 0.077 

ttH125_4mu_massZ1_massZ2_genbin0_recobin6 acc 0.0515 eff 0.0 outinratio 0.2084 

ZH125_4mu_massZ1_massZ2_genbin0_recobin6 acc 0.0618 eff 0.0003 outinratio 0.0819 

ggH125_4mu_massZ1_massZ2_genbin1_recobin6 acc 0.0456 eff 0.0366 outinratio 0.0464 

VBFH125_4mu_massZ1_massZ2_genbin1_recobin6 acc 0.0459 eff 0.0299 outinratio 0.0261 

WminusH125_4mu_massZ1_massZ2_genbin1_recobin6 acc 0.042 eff 0.0467 outinratio 0.0438 

WplusH125_4mu_massZ1_massZ2_genbin1_recobin6 acc 0.0333 eff 0.0533 outinratio 0.077 

ttH125_4mu_massZ1_massZ2_genbin1_recobin6 acc 0.0271 eff 0.0563 outinratio 0.2084 

ZH125_4mu_massZ1_massZ2_genbin1_recobin6 acc 0.0354 eff 0.0594 outinratio 0.0819 

ggH125_4mu_massZ1_massZ2_genbin2_recobin6 acc 0.0353 eff 0.0165 outinratio 0.0464 

VBFH125_4mu_massZ1_massZ2_genbin2_recobin6 acc 0.0484 eff 0.0071 outinratio 0.0261 

WminusH125_4mu_massZ1_massZ2_genbin2_recobin6 acc 0.0352 eff 0.01 outinratio 0.0438 

WplusH125_4mu_massZ1_massZ2_genbin2_recobin6 acc 0.03 eff 0.0195 outinratio 0.077 

ttH125_4mu_massZ1_massZ2_genbin2_recobin6 acc 0.0341 eff 0.0641 outinratio 0.2084 

ZH125_4mu_massZ1_massZ2_genbin2_recobin6 acc 0.0286 eff 0.0041 outinratio 0.0819 

ggH125_4mu_massZ1_massZ2_genbin3_recobin6 acc 0.0518 eff 0.0 outinratio 0.0464 

VBFH125_4mu_massZ1_massZ2_genbin3_recobin6 acc 0.065 eff 0.0 outinratio 0.0261 

WminusH125_4mu_massZ1_massZ2_genbin3_recobin6 acc 0.0558 eff 0.0 outinratio 0.0438 

WplusH125_4mu_massZ1_massZ2_genbin3_recobin6 acc 0.0456 eff 0.0 outinratio 0.077 

ttH125_4mu_massZ1_massZ2_genbin3_recobin6 acc 0.0402 eff 0.0 outinratio 0.2084 

ZH125_4mu_massZ1_massZ2_genbin3_recobin6 acc 0.0491 eff 0.0 outinratio 0.0819 

ggH125_4mu_massZ1_massZ2_genbin4_recobin6 acc 0.1082 eff 0.0039 outinratio 0.0464 

VBFH125_4mu_massZ1_massZ2_genbin4_recobin6 acc 0.1205 eff 0.0 outinratio 0.0261 

WminusH125_4mu_massZ1_massZ2_genbin4_recobin6 acc 0.1031 eff 0.0014 outinratio 0.0438 

WplusH125_4mu_massZ1_massZ2_genbin4_recobin6 acc 0.0892 eff 0.0009 outinratio 0.077 

ttH125_4mu_massZ1_massZ2_genbin4_recobin6 acc 0.1031 eff 0.0 outinratio 0.2084 

ZH125_4mu_massZ1_massZ2_genbin4_recobin6 acc 0.0999 eff 0.0012 outinratio 0.0819 

ggH125_4mu_massZ1_massZ2_genbin5_recobin6 acc 0.0413 eff 0.0274 outinratio 0.0464 

VBFH125_4mu_massZ1_massZ2_genbin5_recobin6 acc 0.0554 eff 0.0243 outinratio 0.0261 

WminusH125_4mu_massZ1_massZ2_genbin5_recobin6 acc 0.0389 eff 0.0197 outinratio 0.0438 

WplusH125_4mu_massZ1_massZ2_genbin5_recobin6 acc 0.0322 eff 0.0256 outinratio 0.077 

ttH125_4mu_massZ1_massZ2_genbin5_recobin6 acc 0.0358 eff 0.0348 outinratio 0.2084 

ZH125_4mu_massZ1_massZ2_genbin5_recobin6 acc 0.0322 eff 0.0111 outinratio 0.0819 

ggH125_4mu_massZ1_massZ2_genbin6_recobin6 acc 0.0747 eff 0.5826 outinratio 0.0464 

VBFH125_4mu_massZ1_massZ2_genbin6_recobin6 acc 0.0717 eff 0.5133 outinratio 0.0261 

WminusH125_4mu_massZ1_massZ2_genbin6_recobin6 acc 0.0621 eff 0.5231 outinratio 0.0438 

WplusH125_4mu_massZ1_massZ2_genbin6_recobin6 acc 0.0489 eff 0.5706 outinratio 0.077 

ttH125_4mu_massZ1_massZ2_genbin6_recobin6 acc 0.0629 eff 0.4647 outinratio 0.2084 

ZH125_4mu_massZ1_massZ2_genbin6_recobin6 acc 0.0573 eff 0.5553 outinratio 0.0819 

ggH125_2e2mu_massZ1_massZ2_genbin0_recobin0 acc 0.0621 eff 0.4124 outinratio 0.0641 

VBFH125_2e2mu_massZ1_massZ2_genbin0_recobin0 acc 0.0689 eff 0.4625 outinratio 0.0602 

WminusH125_2e2mu_massZ1_massZ2_genbin0_recobin0 acc 0.0585 eff 0.3691 outinratio 0.0858 

WplusH125_2e2mu_massZ1_massZ2_genbin0_recobin0 acc 0.0448 eff 0.4315 outinratio 0.0971 

ttH125_2e2mu_massZ1_massZ2_genbin0_recobin0 acc 0.05 eff 0.298 outinratio 0.2446 

ZH125_2e2mu_massZ1_massZ2_genbin0_recobin0 acc 0.0538 eff 0.4153 outinratio 0.0766 

ggH125_2e2mu_massZ1_massZ2_genbin1_recobin0 acc 0.0376 eff 0.0312 outinratio 0.0641 

VBFH125_2e2mu_massZ1_massZ2_genbin1_recobin0 acc 0.0378 eff 0.0271 outinratio 0.0602 

WminusH125_2e2mu_massZ1_massZ2_genbin1_recobin0 acc 0.0352 eff 0.0187 outinratio 0.0858 

WplusH125_2e2mu_massZ1_massZ2_genbin1_recobin0 acc 0.0297 eff 0.0139 outinratio 0.0971 

ttH125_2e2mu_massZ1_massZ2_genbin1_recobin0 acc 0.0322 eff 0.0182 outinratio 0.2446 

ZH125_2e2mu_massZ1_massZ2_genbin1_recobin0 acc 0.0311 eff 0.0162 outinratio 0.0766 

ggH125_2e2mu_massZ1_massZ2_genbin2_recobin0 acc 0.0317 eff 0.0 outinratio 0.0641 

VBFH125_2e2mu_massZ1_massZ2_genbin2_recobin0 acc 0.0313 eff 0.0 outinratio 0.0602 

WminusH125_2e2mu_massZ1_massZ2_genbin2_recobin0 acc 0.0282 eff 0.0003 outinratio 0.0858 

WplusH125_2e2mu_massZ1_massZ2_genbin2_recobin0 acc 0.0226 eff 0.0 outinratio 0.0971 

ttH125_2e2mu_massZ1_massZ2_genbin2_recobin0 acc 0.0257 eff 0.0 outinratio 0.2446 

ZH125_2e2mu_massZ1_massZ2_genbin2_recobin0 acc 0.0237 eff 0.0036 outinratio 0.0766 

ggH125_2e2mu_massZ1_massZ2_genbin3_recobin0 acc 0.0442 eff 0.0 outinratio 0.0641 

VBFH125_2e2mu_massZ1_massZ2_genbin3_recobin0 acc 0.0462 eff 0.0 outinratio 0.0602 

WminusH125_2e2mu_massZ1_massZ2_genbin3_recobin0 acc 0.0401 eff 0.0 outinratio 0.0858 

WplusH125_2e2mu_massZ1_massZ2_genbin3_recobin0 acc 0.0308 eff 0.0 outinratio 0.0971 

ttH125_2e2mu_massZ1_massZ2_genbin3_recobin0 acc 0.035 eff 0.0 outinratio 0.2446 

ZH125_2e2mu_massZ1_massZ2_genbin3_recobin0 acc 0.0358 eff 0.0 outinratio 0.0766 

ggH125_2e2mu_massZ1_massZ2_genbin4_recobin0 acc 0.1041 eff 0.0593 outinratio 0.0641 

VBFH125_2e2mu_massZ1_massZ2_genbin4_recobin0 acc 0.1119 eff 0.0725 outinratio 0.0602 

WminusH125_2e2mu_massZ1_massZ2_genbin4_recobin0 acc 0.1061 eff 0.0576 outinratio 0.0858 

WplusH125_2e2mu_massZ1_massZ2_genbin4_recobin0 acc 0.0893 eff 0.0665 outinratio 0.0971 

ttH125_2e2mu_massZ1_massZ2_genbin4_recobin0 acc 0.1005 eff 0.0429 outinratio 0.2446 

ZH125_2e2mu_massZ1_massZ2_genbin4_recobin0 acc 0.0937 eff 0.0668 outinratio 0.0766 

ggH125_2e2mu_massZ1_massZ2_genbin5_recobin0 acc 0.0429 eff 0.0402 outinratio 0.0641 

VBFH125_2e2mu_massZ1_massZ2_genbin5_recobin0 acc 0.0389 eff 0.0398 outinratio 0.0602 

WminusH125_2e2mu_massZ1_massZ2_genbin5_recobin0 acc 0.0384 eff 0.0513 outinratio 0.0858 

WplusH125_2e2mu_massZ1_massZ2_genbin5_recobin0 acc 0.0316 eff 0.0661 outinratio 0.0971 

ttH125_2e2mu_massZ1_massZ2_genbin5_recobin0 acc 0.0379 eff 0.0558 outinratio 0.2446 

ZH125_2e2mu_massZ1_massZ2_genbin5_recobin0 acc 0.0301 eff 0.0526 outinratio 0.0766 

ggH125_2e2mu_massZ1_massZ2_genbin6_recobin0 acc 0.0659 eff 0.0045 outinratio 0.0641 

VBFH125_2e2mu_massZ1_massZ2_genbin6_recobin0 acc 0.0741 eff 0.0009 outinratio 0.0602 

WminusH125_2e2mu_massZ1_massZ2_genbin6_recobin0 acc 0.0603 eff 0.0027 outinratio 0.0858 

WplusH125_2e2mu_massZ1_massZ2_genbin6_recobin0 acc 0.0529 eff 0.0067 outinratio 0.0971 

ttH125_2e2mu_massZ1_massZ2_genbin6_recobin0 acc 0.0621 eff -0.0037 outinratio 0.2446 

ZH125_2e2mu_massZ1_massZ2_genbin6_recobin0 acc 0.0546 eff 0.0024 outinratio 0.0766 

ggH125_2e2mu_massZ1_massZ2_genbin0_recobin1 acc 0.0621 eff 0.0102 outinratio 0.0554 

VBFH125_2e2mu_massZ1_massZ2_genbin0_recobin1 acc 0.0689 eff 0.0066 outinratio 0.021 

WminusH125_2e2mu_massZ1_massZ2_genbin0_recobin1 acc 0.0585 eff 0.0081 outinratio 0.0757 

WplusH125_2e2mu_massZ1_massZ2_genbin0_recobin1 acc 0.0448 eff 0.0131 outinratio 0.0874 

ttH125_2e2mu_massZ1_massZ2_genbin0_recobin1 acc 0.05 eff 0.0258 outinratio 0.1458 

ZH125_2e2mu_massZ1_massZ2_genbin0_recobin1 acc 0.0538 eff 0.0187 outinratio 0.0663 

ggH125_2e2mu_massZ1_massZ2_genbin1_recobin1 acc 0.0376 eff 0.4019 outinratio 0.0554 

VBFH125_2e2mu_massZ1_massZ2_genbin1_recobin1 acc 0.0378 eff 0.3384 outinratio 0.021 

WminusH125_2e2mu_massZ1_massZ2_genbin1_recobin1 acc 0.0352 eff 0.3532 outinratio 0.0757 

WplusH125_2e2mu_massZ1_massZ2_genbin1_recobin1 acc 0.0297 eff 0.4391 outinratio 0.0874 

ttH125_2e2mu_massZ1_massZ2_genbin1_recobin1 acc 0.0322 eff 0.4058 outinratio 0.1458 

ZH125_2e2mu_massZ1_massZ2_genbin1_recobin1 acc 0.0311 eff 0.4375 outinratio 0.0663 

ggH125_2e2mu_massZ1_massZ2_genbin2_recobin1 acc 0.0317 eff 0.0304 outinratio 0.0554 

VBFH125_2e2mu_massZ1_massZ2_genbin2_recobin1 acc 0.0313 eff 0.0364 outinratio 0.021 

WminusH125_2e2mu_massZ1_massZ2_genbin2_recobin1 acc 0.0282 eff 0.0348 outinratio 0.0757 

WplusH125_2e2mu_massZ1_massZ2_genbin2_recobin1 acc 0.0226 eff 0.0378 outinratio 0.0874 

ttH125_2e2mu_massZ1_massZ2_genbin2_recobin1 acc 0.0257 eff 0.0097 outinratio 0.1458 

ZH125_2e2mu_massZ1_massZ2_genbin2_recobin1 acc 0.0237 eff 0.0273 outinratio 0.0663 

ggH125_2e2mu_massZ1_massZ2_genbin3_recobin1 acc 0.0442 eff 0.0013 outinratio 0.0554 

VBFH125_2e2mu_massZ1_massZ2_genbin3_recobin1 acc 0.0462 eff 0.0024 outinratio 0.021 

WminusH125_2e2mu_massZ1_massZ2_genbin3_recobin1 acc 0.0401 eff 0.0021 outinratio 0.0757 

WplusH125_2e2mu_massZ1_massZ2_genbin3_recobin1 acc 0.0308 eff 0.0018 outinratio 0.0874 

ttH125_2e2mu_massZ1_massZ2_genbin3_recobin1 acc 0.035 eff 0.0 outinratio 0.1458 

ZH125_2e2mu_massZ1_massZ2_genbin3_recobin1 acc 0.0358 eff 0.0083 outinratio 0.0663 

ggH125_2e2mu_massZ1_massZ2_genbin4_recobin1 acc 0.1041 eff 0.0001 outinratio 0.0554 

VBFH125_2e2mu_massZ1_massZ2_genbin4_recobin1 acc 0.1119 eff 0.0 outinratio 0.021 

WminusH125_2e2mu_massZ1_massZ2_genbin4_recobin1 acc 0.1061 eff 0.0 outinratio 0.0757 

WplusH125_2e2mu_massZ1_massZ2_genbin4_recobin1 acc 0.0893 eff 0.0 outinratio 0.0874 

ttH125_2e2mu_massZ1_massZ2_genbin4_recobin1 acc 0.1005 eff 0.0 outinratio 0.1458 

ZH125_2e2mu_massZ1_massZ2_genbin4_recobin1 acc 0.0937 eff 0.0003 outinratio 0.0663 

ggH125_2e2mu_massZ1_massZ2_genbin5_recobin1 acc 0.0429 eff 0.0033 outinratio 0.0554 

VBFH125_2e2mu_massZ1_massZ2_genbin5_recobin1 acc 0.0389 eff 0.0013 outinratio 0.021 

WminusH125_2e2mu_massZ1_massZ2_genbin5_recobin1 acc 0.0384 eff 0.0042 outinratio 0.0757 

WplusH125_2e2mu_massZ1_massZ2_genbin5_recobin1 acc 0.0316 eff 0.0051 outinratio 0.0874 

ttH125_2e2mu_massZ1_massZ2_genbin5_recobin1 acc 0.0379 eff 0.0162 outinratio 0.1458 

ZH125_2e2mu_massZ1_massZ2_genbin5_recobin1 acc 0.0301 eff 0.0044 outinratio 0.0663 

ggH125_2e2mu_massZ1_massZ2_genbin6_recobin1 acc 0.0659 eff 0.075 outinratio 0.0554 

VBFH125_2e2mu_massZ1_massZ2_genbin6_recobin1 acc 0.0741 eff 0.054 outinratio 0.021 

WminusH125_2e2mu_massZ1_massZ2_genbin6_recobin1 acc 0.0603 eff 0.0606 outinratio 0.0757 

WplusH125_2e2mu_massZ1_massZ2_genbin6_recobin1 acc 0.0529 eff 0.0688 outinratio 0.0874 

ttH125_2e2mu_massZ1_massZ2_genbin6_recobin1 acc 0.0621 eff 0.0846 outinratio 0.1458 

ZH125_2e2mu_massZ1_massZ2_genbin6_recobin1 acc 0.0546 eff 0.0492 outinratio 0.0663 

ggH125_2e2mu_massZ1_massZ2_genbin0_recobin2 acc 0.0621 eff 0.001 outinratio 0.0383 

VBFH125_2e2mu_massZ1_massZ2_genbin0_recobin2 acc 0.0689 eff 0.0 outinratio 0.0337 

WminusH125_2e2mu_massZ1_massZ2_genbin0_recobin2 acc 0.0585 eff 0.001 outinratio 0.0816 

WplusH125_2e2mu_massZ1_massZ2_genbin0_recobin2 acc 0.0448 eff 0.0005 outinratio 0.0675 

ttH125_2e2mu_massZ1_massZ2_genbin0_recobin2 acc 0.05 eff 0.0 outinratio 0.0967 

ZH125_2e2mu_massZ1_massZ2_genbin0_recobin2 acc 0.0538 eff 0.0 outinratio 0.0955 

ggH125_2e2mu_massZ1_massZ2_genbin1_recobin2 acc 0.0376 eff 0.0367 outinratio 0.0383 

VBFH125_2e2mu_massZ1_massZ2_genbin1_recobin2 acc 0.0378 eff 0.0231 outinratio 0.0337 

WminusH125_2e2mu_massZ1_massZ2_genbin1_recobin2 acc 0.0352 eff 0.0265 outinratio 0.0816 

WplusH125_2e2mu_massZ1_massZ2_genbin1_recobin2 acc 0.0297 eff 0.0216 outinratio 0.0675 

ttH125_2e2mu_massZ1_massZ2_genbin1_recobin2 acc 0.0322 eff 0.0394 outinratio 0.0967 

ZH125_2e2mu_massZ1_massZ2_genbin1_recobin2 acc 0.0311 eff 0.0358 outinratio 0.0955 

ggH125_2e2mu_massZ1_massZ2_genbin2_recobin2 acc 0.0317 eff 0.4437 outinratio 0.0383 

VBFH125_2e2mu_massZ1_massZ2_genbin2_recobin2 acc 0.0313 eff 0.4673 outinratio 0.0337 

WminusH125_2e2mu_massZ1_massZ2_genbin2_recobin2 acc 0.0282 eff 0.4224 outinratio 0.0816 

WplusH125_2e2mu_massZ1_massZ2_genbin2_recobin2 acc 0.0226 eff 0.4767 outinratio 0.0675 

ttH125_2e2mu_massZ1_massZ2_genbin2_recobin2 acc 0.0257 eff 0.4397 outinratio 0.0967 

ZH125_2e2mu_massZ1_massZ2_genbin2_recobin2 acc 0.0237 eff 0.4331 outinratio 0.0955 

ggH125_2e2mu_massZ1_massZ2_genbin3_recobin2 acc 0.0442 eff 0.0262 outinratio 0.0383 

VBFH125_2e2mu_massZ1_massZ2_genbin3_recobin2 acc 0.0462 eff 0.0151 outinratio 0.0337 

WminusH125_2e2mu_massZ1_massZ2_genbin3_recobin2 acc 0.0401 eff 0.0198 outinratio 0.0816 

WplusH125_2e2mu_massZ1_massZ2_genbin3_recobin2 acc 0.0308 eff 0.0167 outinratio 0.0675 

ttH125_2e2mu_massZ1_massZ2_genbin3_recobin2 acc 0.035 eff 0.0 outinratio 0.0967 

ZH125_2e2mu_massZ1_massZ2_genbin3_recobin2 acc 0.0358 eff 0.015 outinratio 0.0955 

ggH125_2e2mu_massZ1_massZ2_genbin4_recobin2 acc 0.1041 eff 0.0 outinratio 0.0383 

VBFH125_2e2mu_massZ1_massZ2_genbin4_recobin2 acc 0.1119 eff 0.0 outinratio 0.0337 

WminusH125_2e2mu_massZ1_massZ2_genbin4_recobin2 acc 0.1061 eff 0.0 outinratio 0.0816 

WplusH125_2e2mu_massZ1_massZ2_genbin4_recobin2 acc 0.0893 eff 0.0 outinratio 0.0675 

ttH125_2e2mu_massZ1_massZ2_genbin4_recobin2 acc 0.1005 eff 0.0 outinratio 0.0967 

ZH125_2e2mu_massZ1_massZ2_genbin4_recobin2 acc 0.0937 eff 0.0 outinratio 0.0955 

ggH125_2e2mu_massZ1_massZ2_genbin5_recobin2 acc 0.0429 eff 0.0 outinratio 0.0383 

VBFH125_2e2mu_massZ1_massZ2_genbin5_recobin2 acc 0.0389 eff 0.0 outinratio 0.0337 

WminusH125_2e2mu_massZ1_massZ2_genbin5_recobin2 acc 0.0384 eff 0.0 outinratio 0.0816 

WplusH125_2e2mu_massZ1_massZ2_genbin5_recobin2 acc 0.0316 eff 0.0 outinratio 0.0675 

ttH125_2e2mu_massZ1_massZ2_genbin5_recobin2 acc 0.0379 eff 0.0 outinratio 0.0967 

ZH125_2e2mu_massZ1_massZ2_genbin5_recobin2 acc 0.0301 eff 0.0004 outinratio 0.0955 

ggH125_2e2mu_massZ1_massZ2_genbin6_recobin2 acc 0.0659 eff 0.0053 outinratio 0.0383 

VBFH125_2e2mu_massZ1_massZ2_genbin6_recobin2 acc 0.0741 eff 0.0047 outinratio 0.0337 

WminusH125_2e2mu_massZ1_massZ2_genbin6_recobin2 acc 0.0603 eff 0.0084 outinratio 0.0816 

WplusH125_2e2mu_massZ1_massZ2_genbin6_recobin2 acc 0.0529 eff 0.0099 outinratio 0.0675 

ttH125_2e2mu_massZ1_massZ2_genbin6_recobin2 acc 0.0621 eff 0.0036 outinratio 0.0967 

ZH125_2e2mu_massZ1_massZ2_genbin6_recobin2 acc 0.0546 eff 0.0055 outinratio 0.0955 

ggH125_2e2mu_massZ1_massZ2_genbin0_recobin3 acc 0.0621 eff 0.0 outinratio 0.0406 

VBFH125_2e2mu_massZ1_massZ2_genbin0_recobin3 acc 0.0689 eff 0.0 outinratio 0.0216 

WminusH125_2e2mu_massZ1_massZ2_genbin0_recobin3 acc 0.0585 eff 0.0008 outinratio 0.0543 

WplusH125_2e2mu_massZ1_massZ2_genbin0_recobin3 acc 0.0448 eff 0.0 outinratio 0.0989 

ttH125_2e2mu_massZ1_massZ2_genbin0_recobin3 acc 0.05 eff 0.0 outinratio 0.1814 

ZH125_2e2mu_massZ1_massZ2_genbin0_recobin3 acc 0.0538 eff 0.0 outinratio 0.0713 

ggH125_2e2mu_massZ1_massZ2_genbin1_recobin3 acc 0.0376 eff 0.002 outinratio 0.0406 

VBFH125_2e2mu_massZ1_massZ2_genbin1_recobin3 acc 0.0378 eff 0.0038 outinratio 0.0216 

WminusH125_2e2mu_massZ1_massZ2_genbin1_recobin3 acc 0.0352 eff 0.0005 outinratio 0.0543 

WplusH125_2e2mu_massZ1_massZ2_genbin1_recobin3 acc 0.0297 eff 0.0 outinratio 0.0989 

ttH125_2e2mu_massZ1_massZ2_genbin1_recobin3 acc 0.0322 eff 0.0 outinratio 0.1814 

ZH125_2e2mu_massZ1_massZ2_genbin1_recobin3 acc 0.0311 eff 0.0 outinratio 0.0713 

ggH125_2e2mu_massZ1_massZ2_genbin2_recobin3 acc 0.0317 eff 0.0205 outinratio 0.0406 

VBFH125_2e2mu_massZ1_massZ2_genbin2_recobin3 acc 0.0313 eff 0.0182 outinratio 0.0216 

WminusH125_2e2mu_massZ1_massZ2_genbin2_recobin3 acc 0.0282 eff 0.0146 outinratio 0.0543 

WplusH125_2e2mu_massZ1_massZ2_genbin2_recobin3 acc 0.0226 eff 0.0152 outinratio 0.0989 

ttH125_2e2mu_massZ1_massZ2_genbin2_recobin3 acc 0.0257 eff 0.0 outinratio 0.1814 

ZH125_2e2mu_massZ1_massZ2_genbin2_recobin3 acc 0.0237 eff 0.0366 outinratio 0.0713 

ggH125_2e2mu_massZ1_massZ2_genbin3_recobin3 acc 0.0442 eff 0.547 outinratio 0.0406 

VBFH125_2e2mu_massZ1_massZ2_genbin3_recobin3 acc 0.0462 eff 0.5714 outinratio 0.0216 

WminusH125_2e2mu_massZ1_massZ2_genbin3_recobin3 acc 0.0401 eff 0.4875 outinratio 0.0543 

WplusH125_2e2mu_massZ1_massZ2_genbin3_recobin3 acc 0.0308 eff 0.5199 outinratio 0.0989 

ttH125_2e2mu_massZ1_massZ2_genbin3_recobin3 acc 0.035 eff 0.4635 outinratio 0.1814 

ZH125_2e2mu_massZ1_massZ2_genbin3_recobin3 acc 0.0358 eff 0.5165 outinratio 0.0713 

ggH125_2e2mu_massZ1_massZ2_genbin4_recobin3 acc 0.1041 eff 0.0 outinratio 0.0406 

VBFH125_2e2mu_massZ1_massZ2_genbin4_recobin3 acc 0.1119 eff 0.0 outinratio 0.0216 

WminusH125_2e2mu_massZ1_massZ2_genbin4_recobin3 acc 0.1061 eff 0.0 outinratio 0.0543 

WplusH125_2e2mu_massZ1_massZ2_genbin4_recobin3 acc 0.0893 eff 0.0 outinratio 0.0989 

ttH125_2e2mu_massZ1_massZ2_genbin4_recobin3 acc 0.1005 eff 0.0 outinratio 0.1814 

ZH125_2e2mu_massZ1_massZ2_genbin4_recobin3 acc 0.0937 eff 0.0 outinratio 0.0713 

ggH125_2e2mu_massZ1_massZ2_genbin5_recobin3 acc 0.0429 eff 0.0 outinratio 0.0406 

VBFH125_2e2mu_massZ1_massZ2_genbin5_recobin3 acc 0.0389 eff 0.0 outinratio 0.0216 

WminusH125_2e2mu_massZ1_massZ2_genbin5_recobin3 acc 0.0384 eff 0.0 outinratio 0.0543 

WplusH125_2e2mu_massZ1_massZ2_genbin5_recobin3 acc 0.0316 eff 0.0 outinratio 0.0989 

ttH125_2e2mu_massZ1_massZ2_genbin5_recobin3 acc 0.0379 eff 0.0 outinratio 0.1814 

ZH125_2e2mu_massZ1_massZ2_genbin5_recobin3 acc 0.0301 eff 0.0 outinratio 0.0713 

ggH125_2e2mu_massZ1_massZ2_genbin6_recobin3 acc 0.0659 eff 0.0003 outinratio 0.0406 

VBFH125_2e2mu_massZ1_massZ2_genbin6_recobin3 acc 0.0741 eff 0.0 outinratio 0.0216 

WminusH125_2e2mu_massZ1_massZ2_genbin6_recobin3 acc 0.0603 eff 0.0 outinratio 0.0543 

WplusH125_2e2mu_massZ1_massZ2_genbin6_recobin3 acc 0.0529 eff 0.0 outinratio 0.0989 

ttH125_2e2mu_massZ1_massZ2_genbin6_recobin3 acc 0.0621 eff 0.0 outinratio 0.1814 

ZH125_2e2mu_massZ1_massZ2_genbin6_recobin3 acc 0.0546 eff 0.0 outinratio 0.0713 

ggH125_2e2mu_massZ1_massZ2_genbin0_recobin4 acc 0.0621 eff 0.0611 outinratio 0.071 

VBFH125_2e2mu_massZ1_massZ2_genbin0_recobin4 acc 0.0689 eff 0.05 outinratio 0.049 

WminusH125_2e2mu_massZ1_massZ2_genbin0_recobin4 acc 0.0585 eff 0.0683 outinratio 0.0804 

WplusH125_2e2mu_massZ1_massZ2_genbin0_recobin4 acc 0.0448 eff 0.0438 outinratio 0.097 

ttH125_2e2mu_massZ1_massZ2_genbin0_recobin4 acc 0.05 eff 0.1027 outinratio 0.1099 

ZH125_2e2mu_massZ1_massZ2_genbin0_recobin4 acc 0.0538 eff 0.0594 outinratio 0.1055 

ggH125_2e2mu_massZ1_massZ2_genbin1_recobin4 acc 0.0376 eff 0.0 outinratio 0.071 

VBFH125_2e2mu_massZ1_massZ2_genbin1_recobin4 acc 0.0378 eff 0.0 outinratio 0.049 

WminusH125_2e2mu_massZ1_massZ2_genbin1_recobin4 acc 0.0352 eff 0.0008 outinratio 0.0804 

WplusH125_2e2mu_massZ1_massZ2_genbin1_recobin4 acc 0.0297 eff 0.001 outinratio 0.097 

ttH125_2e2mu_massZ1_massZ2_genbin1_recobin4 acc 0.0322 eff 0.0 outinratio 0.1099 

ZH125_2e2mu_massZ1_massZ2_genbin1_recobin4 acc 0.0311 eff 0.0 outinratio 0.1055 

ggH125_2e2mu_massZ1_massZ2_genbin2_recobin4 acc 0.0317 eff 0.0 outinratio 0.071 

VBFH125_2e2mu_massZ1_massZ2_genbin2_recobin4 acc 0.0313 eff 0.0 outinratio 0.049 

WminusH125_2e2mu_massZ1_massZ2_genbin2_recobin4 acc 0.0282 eff 0.0 outinratio 0.0804 

WplusH125_2e2mu_massZ1_massZ2_genbin2_recobin4 acc 0.0226 eff 0.0 outinratio 0.097 

ttH125_2e2mu_massZ1_massZ2_genbin2_recobin4 acc 0.0257 eff 0.0 outinratio 0.1099 

ZH125_2e2mu_massZ1_massZ2_genbin2_recobin4 acc 0.0237 eff 0.0 outinratio 0.1055 

ggH125_2e2mu_massZ1_massZ2_genbin3_recobin4 acc 0.0442 eff 0.0 outinratio 0.071 

VBFH125_2e2mu_massZ1_massZ2_genbin3_recobin4 acc 0.0462 eff 0.0 outinratio 0.049 

WminusH125_2e2mu_massZ1_massZ2_genbin3_recobin4 acc 0.0401 eff 0.0 outinratio 0.0804 

WplusH125_2e2mu_massZ1_massZ2_genbin3_recobin4 acc 0.0308 eff 0.0 outinratio 0.097 

ttH125_2e2mu_massZ1_massZ2_genbin3_recobin4 acc 0.035 eff 0.0 outinratio 0.1099 

ZH125_2e2mu_massZ1_massZ2_genbin3_recobin4 acc 0.0358 eff 0.0 outinratio 0.1055 

ggH125_2e2mu_massZ1_massZ2_genbin4_recobin4 acc 0.1041 eff 0.3988 outinratio 0.071 

VBFH125_2e2mu_massZ1_massZ2_genbin4_recobin4 acc 0.1119 eff 0.4765 outinratio 0.049 

WminusH125_2e2mu_massZ1_massZ2_genbin4_recobin4 acc 0.1061 eff 0.3889 outinratio 0.0804 

WplusH125_2e2mu_massZ1_massZ2_genbin4_recobin4 acc 0.0893 eff 0.4191 outinratio 0.097 

ttH125_2e2mu_massZ1_massZ2_genbin4_recobin4 acc 0.1005 eff 0.4602 outinratio 0.1099 

ZH125_2e2mu_massZ1_massZ2_genbin4_recobin4 acc 0.0937 eff 0.3987 outinratio 0.1055 

ggH125_2e2mu_massZ1_massZ2_genbin5_recobin4 acc 0.0429 eff 0.0428 outinratio 0.071 

VBFH125_2e2mu_massZ1_massZ2_genbin5_recobin4 acc 0.0389 eff 0.0584 outinratio 0.049 

WminusH125_2e2mu_massZ1_massZ2_genbin5_recobin4 acc 0.0384 eff 0.0362 outinratio 0.0804 

WplusH125_2e2mu_massZ1_massZ2_genbin5_recobin4 acc 0.0316 eff 0.0416 outinratio 0.097 

ttH125_2e2mu_massZ1_massZ2_genbin5_recobin4 acc 0.0379 eff 0.0101 outinratio 0.1099 

ZH125_2e2mu_massZ1_massZ2_genbin5_recobin4 acc 0.0301 eff 0.0431 outinratio 0.1055 

ggH125_2e2mu_massZ1_massZ2_genbin6_recobin4 acc 0.0659 eff 0.0013 outinratio 0.071 

VBFH125_2e2mu_massZ1_massZ2_genbin6_recobin4 acc 0.0741 eff 0.0063 outinratio 0.049 

WminusH125_2e2mu_massZ1_massZ2_genbin6_recobin4 acc 0.0603 eff 0.0028 outinratio 0.0804 

WplusH125_2e2mu_massZ1_massZ2_genbin6_recobin4 acc 0.0529 eff 0.0033 outinratio 0.097 

ttH125_2e2mu_massZ1_massZ2_genbin6_recobin4 acc 0.0621 eff 0.0 outinratio 0.1099 

ZH125_2e2mu_massZ1_massZ2_genbin6_recobin4 acc 0.0546 eff 0.0063 outinratio 0.1055 

ggH125_2e2mu_massZ1_massZ2_genbin0_recobin5 acc 0.0621 eff 0.0166 outinratio 0.0576 

VBFH125_2e2mu_massZ1_massZ2_genbin0_recobin5 acc 0.0689 eff 0.0082 outinratio 0.0348 

WminusH125_2e2mu_massZ1_massZ2_genbin0_recobin5 acc 0.0585 eff 0.0153 outinratio 0.0585 

WplusH125_2e2mu_massZ1_massZ2_genbin0_recobin5 acc 0.0448 eff 0.0268 outinratio 0.1033 

ttH125_2e2mu_massZ1_massZ2_genbin0_recobin5 acc 0.05 eff 0.0488 outinratio 0.204 

ZH125_2e2mu_massZ1_massZ2_genbin0_recobin5 acc 0.0538 eff 0.0112 outinratio 0.1277 

ggH125_2e2mu_massZ1_massZ2_genbin1_recobin5 acc 0.0376 eff 0.0041 outinratio 0.0576 

VBFH125_2e2mu_massZ1_massZ2_genbin1_recobin5 acc 0.0378 eff 0.0049 outinratio 0.0348 

WminusH125_2e2mu_massZ1_massZ2_genbin1_recobin5 acc 0.0352 eff 0.0025 outinratio 0.0585 

WplusH125_2e2mu_massZ1_massZ2_genbin1_recobin5 acc 0.0297 eff 0.0077 outinratio 0.1033 

ttH125_2e2mu_massZ1_massZ2_genbin1_recobin5 acc 0.0322 eff 0.0 outinratio 0.204 

ZH125_2e2mu_massZ1_massZ2_genbin1_recobin5 acc 0.0311 eff 0.0039 outinratio 0.1277 

ggH125_2e2mu_massZ1_massZ2_genbin2_recobin5 acc 0.0317 eff 0.0 outinratio 0.0576 

VBFH125_2e2mu_massZ1_massZ2_genbin2_recobin5 acc 0.0313 eff 0.0 outinratio 0.0348 

WminusH125_2e2mu_massZ1_massZ2_genbin2_recobin5 acc 0.0282 eff 0.0 outinratio 0.0585 

WplusH125_2e2mu_massZ1_massZ2_genbin2_recobin5 acc 0.0226 eff 0.0 outinratio 0.1033 

ttH125_2e2mu_massZ1_massZ2_genbin2_recobin5 acc 0.0257 eff 0.0 outinratio 0.204 

ZH125_2e2mu_massZ1_massZ2_genbin2_recobin5 acc 0.0237 eff 0.0 outinratio 0.1277 

ggH125_2e2mu_massZ1_massZ2_genbin3_recobin5 acc 0.0442 eff 0.0 outinratio 0.0576 

VBFH125_2e2mu_massZ1_massZ2_genbin3_recobin5 acc 0.0462 eff 0.0 outinratio 0.0348 

WminusH125_2e2mu_massZ1_massZ2_genbin3_recobin5 acc 0.0401 eff 0.0 outinratio 0.0585 

WplusH125_2e2mu_massZ1_massZ2_genbin3_recobin5 acc 0.0308 eff 0.0 outinratio 0.1033 

ttH125_2e2mu_massZ1_massZ2_genbin3_recobin5 acc 0.035 eff 0.0 outinratio 0.204 

ZH125_2e2mu_massZ1_massZ2_genbin3_recobin5 acc 0.0358 eff 0.0 outinratio 0.1277 

ggH125_2e2mu_massZ1_massZ2_genbin4_recobin5 acc 0.1041 eff 0.0123 outinratio 0.0576 

VBFH125_2e2mu_massZ1_massZ2_genbin4_recobin5 acc 0.1119 eff 0.0071 outinratio 0.0348 

WminusH125_2e2mu_massZ1_massZ2_genbin4_recobin5 acc 0.1061 eff 0.0109 outinratio 0.0585 

WplusH125_2e2mu_massZ1_massZ2_genbin4_recobin5 acc 0.0893 eff 0.01 outinratio 0.1033 

ttH125_2e2mu_massZ1_massZ2_genbin4_recobin5 acc 0.1005 eff 0.0155 outinratio 0.204 

ZH125_2e2mu_massZ1_massZ2_genbin4_recobin5 acc 0.0937 eff 0.0097 outinratio 0.1277 

ggH125_2e2mu_massZ1_massZ2_genbin5_recobin5 acc 0.0429 eff 0.3381 outinratio 0.0576 

VBFH125_2e2mu_massZ1_massZ2_genbin5_recobin5 acc 0.0389 eff 0.3601 outinratio 0.0348 

WminusH125_2e2mu_massZ1_massZ2_genbin5_recobin5 acc 0.0384 eff 0.3618 outinratio 0.0585 

WplusH125_2e2mu_massZ1_massZ2_genbin5_recobin5 acc 0.0316 eff 0.3358 outinratio 0.1033 

ttH125_2e2mu_massZ1_massZ2_genbin5_recobin5 acc 0.0379 eff 0.263 outinratio 0.204 

ZH125_2e2mu_massZ1_massZ2_genbin5_recobin5 acc 0.0301 eff 0.3642 outinratio 0.1277 

ggH125_2e2mu_massZ1_massZ2_genbin6_recobin5 acc 0.0659 eff 0.0272 outinratio 0.0576 

VBFH125_2e2mu_massZ1_massZ2_genbin6_recobin5 acc 0.0741 eff 0.029 outinratio 0.0348 

WminusH125_2e2mu_massZ1_massZ2_genbin6_recobin5 acc 0.0603 eff 0.0276 outinratio 0.0585 

WplusH125_2e2mu_massZ1_massZ2_genbin6_recobin5 acc 0.0529 eff 0.026 outinratio 0.1033 

ttH125_2e2mu_massZ1_massZ2_genbin6_recobin5 acc 0.0621 eff 0.0415 outinratio 0.204 

ZH125_2e2mu_massZ1_massZ2_genbin6_recobin5 acc 0.0546 eff 0.0265 outinratio 0.1277 

ggH125_2e2mu_massZ1_massZ2_genbin0_recobin6 acc 0.0621 eff 0.0017 outinratio 0.0668 

VBFH125_2e2mu_massZ1_massZ2_genbin0_recobin6 acc 0.0689 eff 0.0 outinratio 0.0214 

WminusH125_2e2mu_massZ1_massZ2_genbin0_recobin6 acc 0.0585 eff 0.0043 outinratio 0.0803 

WplusH125_2e2mu_massZ1_massZ2_genbin0_recobin6 acc 0.0448 eff 0.0024 outinratio 0.0956 

ttH125_2e2mu_massZ1_massZ2_genbin0_recobin6 acc 0.05 eff 0.0 outinratio 0.129 

ZH125_2e2mu_massZ1_massZ2_genbin0_recobin6 acc 0.0538 eff 0.0006 outinratio 0.1058 

ggH125_2e2mu_massZ1_massZ2_genbin1_recobin6 acc 0.0376 eff 0.0777 outinratio 0.0668 

VBFH125_2e2mu_massZ1_massZ2_genbin1_recobin6 acc 0.0378 eff 0.0375 outinratio 0.0214 

WminusH125_2e2mu_massZ1_massZ2_genbin1_recobin6 acc 0.0352 eff 0.0641 outinratio 0.0803 

WplusH125_2e2mu_massZ1_massZ2_genbin1_recobin6 acc 0.0297 eff 0.0722 outinratio 0.0956 

ttH125_2e2mu_massZ1_massZ2_genbin1_recobin6 acc 0.0322 eff 0.0311 outinratio 0.129 

ZH125_2e2mu_massZ1_massZ2_genbin1_recobin6 acc 0.0311 eff 0.0533 outinratio 0.1058 

ggH125_2e2mu_massZ1_massZ2_genbin2_recobin6 acc 0.0317 eff 0.0106 outinratio 0.0668 

VBFH125_2e2mu_massZ1_massZ2_genbin2_recobin6 acc 0.0313 eff 0.0166 outinratio 0.0214 

WminusH125_2e2mu_massZ1_massZ2_genbin2_recobin6 acc 0.0282 eff 0.0175 outinratio 0.0803 

WplusH125_2e2mu_massZ1_massZ2_genbin2_recobin6 acc 0.0226 eff 0.0242 outinratio 0.0956 

ttH125_2e2mu_massZ1_massZ2_genbin2_recobin6 acc 0.0257 eff 0.0 outinratio 0.129 

ZH125_2e2mu_massZ1_massZ2_genbin2_recobin6 acc 0.0237 eff 0.0098 outinratio 0.1058 

ggH125_2e2mu_massZ1_massZ2_genbin3_recobin6 acc 0.0442 eff 0.0 outinratio 0.0668 

VBFH125_2e2mu_massZ1_massZ2_genbin3_recobin6 acc 0.0462 eff 0.0 outinratio 0.0214 

WminusH125_2e2mu_massZ1_massZ2_genbin3_recobin6 acc 0.0401 eff 0.0 outinratio 0.0803 

WplusH125_2e2mu_massZ1_massZ2_genbin3_recobin6 acc 0.0308 eff 0.0 outinratio 0.0956 

ttH125_2e2mu_massZ1_massZ2_genbin3_recobin6 acc 0.035 eff 0.0 outinratio 0.129 

ZH125_2e2mu_massZ1_massZ2_genbin3_recobin6 acc 0.0358 eff 0.0 outinratio 0.1058 

ggH125_2e2mu_massZ1_massZ2_genbin4_recobin6 acc 0.1041 eff 0.0014 outinratio 0.0668 

VBFH125_2e2mu_massZ1_massZ2_genbin4_recobin6 acc 0.1119 eff 0.0016 outinratio 0.0214 

WminusH125_2e2mu_massZ1_massZ2_genbin4_recobin6 acc 0.1061 eff 0.002 outinratio 0.0803 

WplusH125_2e2mu_massZ1_massZ2_genbin4_recobin6 acc 0.0893 eff 0.0022 outinratio 0.0956 

ttH125_2e2mu_massZ1_massZ2_genbin4_recobin6 acc 0.1005 eff 0.005 outinratio 0.129 

ZH125_2e2mu_massZ1_massZ2_genbin4_recobin6 acc 0.0937 eff 0.0015 outinratio 0.1058 

ggH125_2e2mu_massZ1_massZ2_genbin5_recobin6 acc 0.0429 eff 0.0262 outinratio 0.0668 

VBFH125_2e2mu_massZ1_massZ2_genbin5_recobin6 acc 0.0389 eff 0.0231 outinratio 0.0214 

WminusH125_2e2mu_massZ1_massZ2_genbin5_recobin6 acc 0.0384 eff 0.0254 outinratio 0.0803 

WplusH125_2e2mu_massZ1_massZ2_genbin5_recobin6 acc 0.0316 eff 0.0229 outinratio 0.0956 

ttH125_2e2mu_massZ1_massZ2_genbin5_recobin6 acc 0.0379 eff 0.0938 outinratio 0.129 

ZH125_2e2mu_massZ1_massZ2_genbin5_recobin6 acc 0.0301 eff 0.0175 outinratio 0.1058 

ggH125_2e2mu_massZ1_massZ2_genbin6_recobin6 acc 0.0659 eff 0.3737 outinratio 0.0668 

VBFH125_2e2mu_massZ1_massZ2_genbin6_recobin6 acc 0.0741 eff 0.4078 outinratio 0.0214 

WminusH125_2e2mu_massZ1_massZ2_genbin6_recobin6 acc 0.0603 eff 0.3795 outinratio 0.0803 

WplusH125_2e2mu_massZ1_massZ2_genbin6_recobin6 acc 0.0529 eff 0.3691 outinratio 0.0956 

ttH125_2e2mu_massZ1_massZ2_genbin6_recobin6 acc 0.0621 eff 0.4241 outinratio 0.129 

ZH125_2e2mu_massZ1_massZ2_genbin6_recobin6 acc 0.0546 eff 0.4045 outinratio 0.1058 

Coeff fullNNLOPS
