Welcome in RunCoefficients!
['2024_6']
It is a double-differential measurement, binning for the 1st variable {0: [-100.0, 0.0], 1: [0.0, 3.0], 2: [3.0, 10.0], 3: [3.0, 10.0]} and for the 2nd variable {0: [-100.0, 0.0], 1: [0.0, 10000.0], 2: [0.0, 450.0], 3: [450.0, 10000.0]}
{0: [-100.0, 0.0, -100.0, 0.0], 1: [0.0, 3.0, 0.0, 10000.0], 2: [3.0, 10.0, 0.0, 450.0], 3: [3.0, 10.0, 450.0, 10000.0]}
absdetajj
Following observables extracted from dictionary: RECO =  absdetajj  GEN =  GENabsdetajj
It is a double-differential measurement: RECO_2nd =  mjj  GEN_2nd =  GENmjj
LUMI: 10.882200000000001
ttH124 0.00043539406
Processing ggH124 2024_6
Signal created
Signal failed created
Processing VBFH124 2024_6
Signal created
Signal failed created
Processing WminusH124 2024_6
Signal created
Signal failed created
Processing WplusH124 2024_6
Signal created
Signal failed created
Processing ZH124 2024_6
Signal created
Signal failed created
Processing ttH124 2024_6
Signal created
Signal failed created
2024_6 SKIMMED df CREATED
2024_6 ggH124
2024_6 VBFH124
2024_6 WminusH124
2024_6 WplusH124
2024_6 ZH124
2024_6 ttH124
Dataframes created successfully
Coeff std
ggH124_4l_absdetajj_mjj_genbin0_recobin0 acc 0.3464 eff 0.5139 outinratio 0.052 

VBFH124_4l_absdetajj_mjj_genbin0_recobin0 acc 0.2089 eff 0.465 outinratio 0.0387 

WminusH124_4l_absdetajj_mjj_genbin0_recobin0 acc 0.1943 eff 0.4498 outinratio 0.0623 

WplusH124_4l_absdetajj_mjj_genbin0_recobin0 acc 0.1705 eff 0.4455 outinratio 0.0682 

ZH124_4l_absdetajj_mjj_genbin0_recobin0 acc 0.1791 eff 0.4408 outinratio 0.0768 

ttH124_4l_absdetajj_mjj_genbin0_recobin0 acc 0.0082 eff 0.1994 outinratio 0.2015 

ggH124_4l_absdetajj_mjj_genbin1_recobin0 acc 0.0341 eff 0.0839 outinratio 0.052 

VBFH124_4l_absdetajj_mjj_genbin1_recobin0 acc 0.055 eff 0.0606 outinratio 0.0387 

WminusH124_4l_absdetajj_mjj_genbin1_recobin0 acc 0.1355 eff 0.0636 outinratio 0.0623 

WplusH124_4l_absdetajj_mjj_genbin1_recobin0 acc 0.1272 eff 0.0536 outinratio 0.0682 

ZH124_4l_absdetajj_mjj_genbin1_recobin0 acc 0.1457 eff 0.0581 outinratio 0.0768 

ttH124_4l_absdetajj_mjj_genbin1_recobin0 acc 0.2807 eff 0.0054 outinratio 0.2015 

ggH124_4l_absdetajj_mjj_genbin2_recobin0 acc 0.0041 eff 0.1397 outinratio 0.052 

VBFH124_4l_absdetajj_mjj_genbin2_recobin0 acc 0.032 eff 0.1107 outinratio 0.0387 

WminusH124_4l_absdetajj_mjj_genbin2_recobin0 acc 0.0041 eff 0.1075 outinratio 0.0623 

WplusH124_4l_absdetajj_mjj_genbin2_recobin0 acc 0.0034 eff 0.1034 outinratio 0.0682 

ZH124_4l_absdetajj_mjj_genbin2_recobin0 acc 0.0037 eff 0.2327 outinratio 0.0768 

ttH124_4l_absdetajj_mjj_genbin2_recobin0 acc 0.0029 eff 0.0167 outinratio 0.2015 

ggH124_4l_absdetajj_mjj_genbin3_recobin0 acc 0.0055 eff 0.1005 outinratio 0.052 

VBFH124_4l_absdetajj_mjj_genbin3_recobin0 acc 0.1472 eff 0.0844 outinratio 0.0387 

WminusH124_4l_absdetajj_mjj_genbin3_recobin0 acc 0.0033 eff 0.0193 outinratio 0.0623 

WplusH124_4l_absdetajj_mjj_genbin3_recobin0 acc 0.0027 eff 0.0125 outinratio 0.0682 

ZH124_4l_absdetajj_mjj_genbin3_recobin0 acc 0.0033 eff 0.0233 outinratio 0.0768 

ttH124_4l_absdetajj_mjj_genbin3_recobin0 acc 0.013 eff 0.0015 outinratio 0.2015 

ggH124_4l_absdetajj_mjj_genbin0_recobin1 acc 0.3464 eff 0.0146 outinratio 0.0584 

VBFH124_4l_absdetajj_mjj_genbin0_recobin1 acc 0.2089 eff 0.0266 outinratio 0.0598 

WminusH124_4l_absdetajj_mjj_genbin0_recobin1 acc 0.1943 eff 0.0662 outinratio 0.0793 

WplusH124_4l_absdetajj_mjj_genbin0_recobin1 acc 0.1705 eff 0.0725 outinratio 0.0676 

ZH124_4l_absdetajj_mjj_genbin0_recobin1 acc 0.1791 eff 0.0727 outinratio 0.0773 

ttH124_4l_absdetajj_mjj_genbin0_recobin1 acc 0.0082 eff 0.27 outinratio 0.173 

ggH124_4l_absdetajj_mjj_genbin1_recobin1 acc 0.0341 eff 0.4691 outinratio 0.0584 

VBFH124_4l_absdetajj_mjj_genbin1_recobin1 acc 0.055 eff 0.4437 outinratio 0.0598 

WminusH124_4l_absdetajj_mjj_genbin1_recobin1 acc 0.1355 eff 0.4804 outinratio 0.0793 

WplusH124_4l_absdetajj_mjj_genbin1_recobin1 acc 0.1272 eff 0.4643 outinratio 0.0676 

ZH124_4l_absdetajj_mjj_genbin1_recobin1 acc 0.1457 eff 0.4771 outinratio 0.0773 

ttH124_4l_absdetajj_mjj_genbin1_recobin1 acc 0.2807 eff 0.5334 outinratio 0.173 

ggH124_4l_absdetajj_mjj_genbin2_recobin1 acc 0.0041 eff 0.0525 outinratio 0.0584 

VBFH124_4l_absdetajj_mjj_genbin2_recobin1 acc 0.032 eff 0.024 outinratio 0.0598 

WminusH124_4l_absdetajj_mjj_genbin2_recobin1 acc 0.0041 eff 0.097 outinratio 0.0793 

WplusH124_4l_absdetajj_mjj_genbin2_recobin1 acc 0.0034 eff 0.1206 outinratio 0.0676 

ZH124_4l_absdetajj_mjj_genbin2_recobin1 acc 0.0037 eff 0.0391 outinratio 0.0773 

ttH124_4l_absdetajj_mjj_genbin2_recobin1 acc 0.0029 eff 0.2105 outinratio 0.173 

ggH124_4l_absdetajj_mjj_genbin3_recobin1 acc 0.0055 eff 0.0467 outinratio 0.0584 

VBFH124_4l_absdetajj_mjj_genbin3_recobin1 acc 0.1472 eff 0.0181 outinratio 0.0598 

WminusH124_4l_absdetajj_mjj_genbin3_recobin1 acc 0.0033 eff 0.0874 outinratio 0.0793 

WplusH124_4l_absdetajj_mjj_genbin3_recobin1 acc 0.0027 eff 0.0276 outinratio 0.0676 

ZH124_4l_absdetajj_mjj_genbin3_recobin1 acc 0.0033 eff 0.1224 outinratio 0.0773 

ttH124_4l_absdetajj_mjj_genbin3_recobin1 acc 0.013 eff 0.12 outinratio 0.173 

ggH124_4l_absdetajj_mjj_genbin0_recobin2 acc 0.3464 eff 0.0041 outinratio 0.0832 

VBFH124_4l_absdetajj_mjj_genbin0_recobin2 acc 0.2089 eff 0.0118 outinratio 0.0647 

WminusH124_4l_absdetajj_mjj_genbin0_recobin2 acc 0.1943 eff 0.0085 outinratio 0.0567 

WplusH124_4l_absdetajj_mjj_genbin0_recobin2 acc 0.1705 eff 0.0061 outinratio 0.0574 

ZH124_4l_absdetajj_mjj_genbin0_recobin2 acc 0.1791 eff 0.0098 outinratio 0.0458 

ttH124_4l_absdetajj_mjj_genbin0_recobin2 acc 0.0082 eff 0.0015 outinratio 0.1554 

ggH124_4l_absdetajj_mjj_genbin1_recobin2 acc 0.0341 eff 0.0057 outinratio 0.0832 

VBFH124_4l_absdetajj_mjj_genbin1_recobin2 acc 0.055 eff 0.009 outinratio 0.0647 

WminusH124_4l_absdetajj_mjj_genbin1_recobin2 acc 0.1355 eff 0.0049 outinratio 0.0567 

WplusH124_4l_absdetajj_mjj_genbin1_recobin2 acc 0.1272 eff 0.0042 outinratio 0.0574 

ZH124_4l_absdetajj_mjj_genbin1_recobin2 acc 0.1457 eff 0.0091 outinratio 0.0458 

ttH124_4l_absdetajj_mjj_genbin1_recobin2 acc 0.2807 eff 0.0022 outinratio 0.1554 

ggH124_4l_absdetajj_mjj_genbin2_recobin2 acc 0.0041 eff 0.3875 outinratio 0.0832 

VBFH124_4l_absdetajj_mjj_genbin2_recobin2 acc 0.032 eff 0.3467 outinratio 0.0647 

WminusH124_4l_absdetajj_mjj_genbin2_recobin2 acc 0.0041 eff 0.2638 outinratio 0.0567 

WplusH124_4l_absdetajj_mjj_genbin2_recobin2 acc 0.0034 eff 0.2267 outinratio 0.0574 

ZH124_4l_absdetajj_mjj_genbin2_recobin2 acc 0.0037 eff 0.2372 outinratio 0.0458 

ttH124_4l_absdetajj_mjj_genbin2_recobin2 acc 0.0029 eff 0.2178 outinratio 0.1554 

ggH124_4l_absdetajj_mjj_genbin3_recobin2 acc 0.0055 eff 0.0123 outinratio 0.0832 

VBFH124_4l_absdetajj_mjj_genbin3_recobin2 acc 0.1472 eff 0.0114 outinratio 0.0647 

WminusH124_4l_absdetajj_mjj_genbin3_recobin2 acc 0.0033 eff 0.0 outinratio 0.0567 

WplusH124_4l_absdetajj_mjj_genbin3_recobin2 acc 0.0027 eff 0.0 outinratio 0.0574 

ZH124_4l_absdetajj_mjj_genbin3_recobin2 acc 0.0033 eff 0.0 outinratio 0.0458 

ttH124_4l_absdetajj_mjj_genbin3_recobin2 acc 0.013 eff 0.0141 outinratio 0.1554 

ggH124_4l_absdetajj_mjj_genbin0_recobin3 acc 0.3464 eff 0.0035 outinratio 0.0492 

VBFH124_4l_absdetajj_mjj_genbin0_recobin3 acc 0.2089 eff 0.0497 outinratio 0.0241 

WminusH124_4l_absdetajj_mjj_genbin0_recobin3 acc 0.1943 eff 0.0053 outinratio 0.0866 

WplusH124_4l_absdetajj_mjj_genbin0_recobin3 acc 0.1705 eff 0.0068 outinratio 0.0911 

ZH124_4l_absdetajj_mjj_genbin0_recobin3 acc 0.1791 eff 0.0025 outinratio 0.1164 

ttH124_4l_absdetajj_mjj_genbin0_recobin3 acc 0.0082 eff 0.0115 outinratio 0.1387 

ggH124_4l_absdetajj_mjj_genbin1_recobin3 acc 0.0341 eff 0.0147 outinratio 0.0492 

VBFH124_4l_absdetajj_mjj_genbin1_recobin3 acc 0.055 eff 0.0212 outinratio 0.0241 

WminusH124_4l_absdetajj_mjj_genbin1_recobin3 acc 0.1355 eff 0.0059 outinratio 0.0866 

WplusH124_4l_absdetajj_mjj_genbin1_recobin3 acc 0.1272 eff 0.007 outinratio 0.0911 

ZH124_4l_absdetajj_mjj_genbin1_recobin3 acc 0.1457 eff 0.0053 outinratio 0.1164 

ttH124_4l_absdetajj_mjj_genbin1_recobin3 acc 0.2807 eff 0.0071 outinratio 0.1387 

ggH124_4l_absdetajj_mjj_genbin2_recobin3 acc 0.0041 eff 0.053 outinratio 0.0492 

VBFH124_4l_absdetajj_mjj_genbin2_recobin3 acc 0.032 eff 0.1018 outinratio 0.0241 

WminusH124_4l_absdetajj_mjj_genbin2_recobin3 acc 0.0041 eff 0.0232 outinratio 0.0866 

WplusH124_4l_absdetajj_mjj_genbin2_recobin3 acc 0.0034 eff 0.075 outinratio 0.0911 

ZH124_4l_absdetajj_mjj_genbin2_recobin3 acc 0.0037 eff 0.1024 outinratio 0.1164 

ttH124_4l_absdetajj_mjj_genbin2_recobin3 acc 0.0029 eff 0.0984 outinratio 0.1387 

ggH124_4l_absdetajj_mjj_genbin3_recobin3 acc 0.0055 eff 0.3475 outinratio 0.0492 

VBFH124_4l_absdetajj_mjj_genbin3_recobin3 acc 0.1472 eff 0.4618 outinratio 0.0241 

WminusH124_4l_absdetajj_mjj_genbin3_recobin3 acc 0.0033 eff 0.5187 outinratio 0.0866 

WplusH124_4l_absdetajj_mjj_genbin3_recobin3 acc 0.0027 eff 0.3047 outinratio 0.0911 

ZH124_4l_absdetajj_mjj_genbin3_recobin3 acc 0.0033 eff 0.3871 outinratio 0.1164 

ttH124_4l_absdetajj_mjj_genbin3_recobin3 acc 0.013 eff 0.4362 outinratio 0.1387 

ggH124_4e_absdetajj_mjj_genbin0_recobin0 acc 0.3369 eff 0.3037 outinratio 0.0427 

VBFH124_4e_absdetajj_mjj_genbin0_recobin0 acc 0.1977 eff 0.2619 outinratio 0.0233 

WminusH124_4e_absdetajj_mjj_genbin0_recobin0 acc 0.1982 eff 0.2947 outinratio 0.0844 

WplusH124_4e_absdetajj_mjj_genbin0_recobin0 acc 0.1683 eff 0.2865 outinratio 0.044 

ZH124_4e_absdetajj_mjj_genbin0_recobin0 acc 0.1824 eff 0.2692 outinratio 0.0849 

ttH124_4e_absdetajj_mjj_genbin0_recobin0 acc 0.0086 eff 0.0743 outinratio 0.2794 

ggH124_4e_absdetajj_mjj_genbin1_recobin0 acc 0.0302 eff 0.0705 outinratio 0.0427 

VBFH124_4e_absdetajj_mjj_genbin1_recobin0 acc 0.0525 eff 0.0337 outinratio 0.0233 

WminusH124_4e_absdetajj_mjj_genbin1_recobin0 acc 0.1334 eff 0.0356 outinratio 0.0844 

WplusH124_4e_absdetajj_mjj_genbin1_recobin0 acc 0.1221 eff 0.0236 outinratio 0.044 

ZH124_4e_absdetajj_mjj_genbin1_recobin0 acc 0.1441 eff 0.043 outinratio 0.0849 

ttH124_4e_absdetajj_mjj_genbin1_recobin0 acc 0.2678 eff 0.0036 outinratio 0.2794 

ggH124_4e_absdetajj_mjj_genbin2_recobin0 acc 0.0034 eff 0.1147 outinratio 0.0427 

VBFH124_4e_absdetajj_mjj_genbin2_recobin0 acc 0.028 eff 0.0861 outinratio 0.0233 

WminusH124_4e_absdetajj_mjj_genbin2_recobin0 acc 0.0027 eff -1.0 outinratio 0.0844 

WplusH124_4e_absdetajj_mjj_genbin2_recobin0 acc 0.0036 eff 0.1738 outinratio 0.044 

ZH124_4e_absdetajj_mjj_genbin2_recobin0 acc 0.0037 eff -1.0 outinratio 0.0849 

ttH124_4e_absdetajj_mjj_genbin2_recobin0 acc 0.0027 eff 0.036 outinratio 0.2794 

ggH124_4e_absdetajj_mjj_genbin3_recobin0 acc 0.0053 eff 0.0784 outinratio 0.0427 

VBFH124_4e_absdetajj_mjj_genbin3_recobin0 acc 0.1411 eff 0.0592 outinratio 0.0233 

WminusH124_4e_absdetajj_mjj_genbin3_recobin0 acc 0.0035 eff 0.0 outinratio 0.0844 

WplusH124_4e_absdetajj_mjj_genbin3_recobin0 acc 0.0025 eff 0.0 outinratio 0.044 

ZH124_4e_absdetajj_mjj_genbin3_recobin0 acc 0.0037 eff -1.0 outinratio 0.0849 

ttH124_4e_absdetajj_mjj_genbin3_recobin0 acc 0.0136 eff 0.0 outinratio 0.2794 

ggH124_4e_absdetajj_mjj_genbin0_recobin1 acc 0.3369 eff 0.0072 outinratio 0.0267 

VBFH124_4e_absdetajj_mjj_genbin0_recobin1 acc 0.1977 eff 0.0124 outinratio 0.0926 

WminusH124_4e_absdetajj_mjj_genbin0_recobin1 acc 0.1982 eff 0.0293 outinratio 0.0999 

WplusH124_4e_absdetajj_mjj_genbin0_recobin1 acc 0.1683 eff 0.0391 outinratio 0.0728 

ZH124_4e_absdetajj_mjj_genbin0_recobin1 acc 0.1824 eff 0.0352 outinratio 0.0829 

ttH124_4e_absdetajj_mjj_genbin0_recobin1 acc 0.0086 eff 0.1489 outinratio 0.2293 

ggH124_4e_absdetajj_mjj_genbin1_recobin1 acc 0.0302 eff 0.2532 outinratio 0.0267 

VBFH124_4e_absdetajj_mjj_genbin1_recobin1 acc 0.0525 eff 0.2635 outinratio 0.0926 

WminusH124_4e_absdetajj_mjj_genbin1_recobin1 acc 0.1334 eff 0.3072 outinratio 0.0999 

WplusH124_4e_absdetajj_mjj_genbin1_recobin1 acc 0.1221 eff 0.2976 outinratio 0.0728 

ZH124_4e_absdetajj_mjj_genbin1_recobin1 acc 0.1441 eff 0.3028 outinratio 0.0829 

ttH124_4e_absdetajj_mjj_genbin1_recobin1 acc 0.2678 eff 0.3131 outinratio 0.2293 

ggH124_4e_absdetajj_mjj_genbin2_recobin1 acc 0.0034 eff 0.0519 outinratio 0.0267 

VBFH124_4e_absdetajj_mjj_genbin2_recobin1 acc 0.028 eff 0.0 outinratio 0.0926 

WminusH124_4e_absdetajj_mjj_genbin2_recobin1 acc 0.0027 eff -1.0 outinratio 0.0999 

WplusH124_4e_absdetajj_mjj_genbin2_recobin1 acc 0.0036 eff 0.1517 outinratio 0.0728 

ZH124_4e_absdetajj_mjj_genbin2_recobin1 acc 0.0037 eff -1.0 outinratio 0.0829 

ttH124_4e_absdetajj_mjj_genbin2_recobin1 acc 0.0027 eff 0.1102 outinratio 0.2293 

ggH124_4e_absdetajj_mjj_genbin3_recobin1 acc 0.0053 eff 0.0114 outinratio 0.0267 

VBFH124_4e_absdetajj_mjj_genbin3_recobin1 acc 0.1411 eff 0.0102 outinratio 0.0926 

WminusH124_4e_absdetajj_mjj_genbin3_recobin1 acc 0.0035 eff 0.0 outinratio 0.0999 

WplusH124_4e_absdetajj_mjj_genbin3_recobin1 acc 0.0025 eff 0.0 outinratio 0.0728 

ZH124_4e_absdetajj_mjj_genbin3_recobin1 acc 0.0037 eff -1.0 outinratio 0.0829 

ttH124_4e_absdetajj_mjj_genbin3_recobin1 acc 0.0136 eff 0.046 outinratio 0.2293 

ggH124_4e_absdetajj_mjj_genbin0_recobin2 acc 0.3369 eff 0.0016 outinratio 0.0224 

VBFH124_4e_absdetajj_mjj_genbin0_recobin2 acc 0.1977 eff 0.0096 outinratio 0.0802 

WminusH124_4e_absdetajj_mjj_genbin0_recobin2 acc 0.1982 eff 0.0071 outinratio 0.1515 

WplusH124_4e_absdetajj_mjj_genbin0_recobin2 acc 0.1683 eff 0.0078 outinratio 0.0805 

ZH124_4e_absdetajj_mjj_genbin0_recobin2 acc 0.1824 eff 0.0021 outinratio 0.0 

ttH124_4e_absdetajj_mjj_genbin0_recobin2 acc 0.0086 eff 0.0 outinratio 0.0 

ggH124_4e_absdetajj_mjj_genbin1_recobin2 acc 0.0302 eff 0.0017 outinratio 0.0224 

VBFH124_4e_absdetajj_mjj_genbin1_recobin2 acc 0.0525 eff 0.0071 outinratio 0.0802 

WminusH124_4e_absdetajj_mjj_genbin1_recobin2 acc 0.1334 eff 0.0014 outinratio 0.1515 

WplusH124_4e_absdetajj_mjj_genbin1_recobin2 acc 0.1221 eff 0.0023 outinratio 0.0805 

ZH124_4e_absdetajj_mjj_genbin1_recobin2 acc 0.1441 eff 0.0051 outinratio 0.0 

ttH124_4e_absdetajj_mjj_genbin1_recobin2 acc 0.2678 eff 0.001 outinratio 0.0 

ggH124_4e_absdetajj_mjj_genbin2_recobin2 acc 0.0034 eff 0.2496 outinratio 0.0224 

VBFH124_4e_absdetajj_mjj_genbin2_recobin2 acc 0.028 eff 0.1541 outinratio 0.0802 

WminusH124_4e_absdetajj_mjj_genbin2_recobin2 acc 0.0027 eff -1.0 outinratio 0.1515 

WplusH124_4e_absdetajj_mjj_genbin2_recobin2 acc 0.0036 eff 0.0571 outinratio 0.0805 

ZH124_4e_absdetajj_mjj_genbin2_recobin2 acc 0.0037 eff -1.0 outinratio 0.0 

ttH124_4e_absdetajj_mjj_genbin2_recobin2 acc 0.0027 eff 0.0456 outinratio 0.0 

ggH124_4e_absdetajj_mjj_genbin3_recobin2 acc 0.0053 eff 0.0192 outinratio 0.0224 

VBFH124_4e_absdetajj_mjj_genbin3_recobin2 acc 0.1411 eff 0.0096 outinratio 0.0802 

WminusH124_4e_absdetajj_mjj_genbin3_recobin2 acc 0.0035 eff 0.0 outinratio 0.1515 

WplusH124_4e_absdetajj_mjj_genbin3_recobin2 acc 0.0025 eff 0.0 outinratio 0.0805 

ZH124_4e_absdetajj_mjj_genbin3_recobin2 acc 0.0037 eff -1.0 outinratio 0.0 

ttH124_4e_absdetajj_mjj_genbin3_recobin2 acc 0.0136 eff 0.0129 outinratio 0.0 

ggH124_4e_absdetajj_mjj_genbin0_recobin3 acc 0.3369 eff 0.0032 outinratio 0.0435 

VBFH124_4e_absdetajj_mjj_genbin0_recobin3 acc 0.1977 eff 0.0204 outinratio 0.0393 

WminusH124_4e_absdetajj_mjj_genbin0_recobin3 acc 0.1982 eff 0.0019 outinratio 0.487 

WplusH124_4e_absdetajj_mjj_genbin0_recobin3 acc 0.1683 eff 0.0034 outinratio 0.0882 

ZH124_4e_absdetajj_mjj_genbin0_recobin3 acc 0.1824 eff 0.0 outinratio 0.6567 

ttH124_4e_absdetajj_mjj_genbin0_recobin3 acc 0.0086 eff 0.0106 outinratio 0.0966 

ggH124_4e_absdetajj_mjj_genbin1_recobin3 acc 0.0302 eff 0.0067 outinratio 0.0435 

VBFH124_4e_absdetajj_mjj_genbin1_recobin3 acc 0.0525 eff 0.0019 outinratio 0.0393 

WminusH124_4e_absdetajj_mjj_genbin1_recobin3 acc 0.1334 eff 0.0 outinratio 0.487 

WplusH124_4e_absdetajj_mjj_genbin1_recobin3 acc 0.1221 eff 0.0031 outinratio 0.0882 

ZH124_4e_absdetajj_mjj_genbin1_recobin3 acc 0.1441 eff 0.0011 outinratio 0.6567 

ttH124_4e_absdetajj_mjj_genbin1_recobin3 acc 0.2678 eff 0.0023 outinratio 0.0966 

ggH124_4e_absdetajj_mjj_genbin2_recobin3 acc 0.0034 eff 0.074 outinratio 0.0435 

VBFH124_4e_absdetajj_mjj_genbin2_recobin3 acc 0.028 eff 0.075 outinratio 0.0393 

WminusH124_4e_absdetajj_mjj_genbin2_recobin3 acc 0.0027 eff -1.0 outinratio 0.487 

WplusH124_4e_absdetajj_mjj_genbin2_recobin3 acc 0.0036 eff 0.0 outinratio 0.0882 

ZH124_4e_absdetajj_mjj_genbin2_recobin3 acc 0.0037 eff -1.0 outinratio 0.6567 

ttH124_4e_absdetajj_mjj_genbin2_recobin3 acc 0.0027 eff 0.14 outinratio 0.0966 

ggH124_4e_absdetajj_mjj_genbin3_recobin3 acc 0.0053 eff 0.2775 outinratio 0.0435 

VBFH124_4e_absdetajj_mjj_genbin3_recobin3 acc 0.1411 eff 0.2988 outinratio 0.0393 

WminusH124_4e_absdetajj_mjj_genbin3_recobin3 acc 0.0035 eff 0.3515 outinratio 0.487 

WplusH124_4e_absdetajj_mjj_genbin3_recobin3 acc 0.0025 eff 0.0893 outinratio 0.0882 

ZH124_4e_absdetajj_mjj_genbin3_recobin3 acc 0.0037 eff -1.0 outinratio 0.6567 

ttH124_4e_absdetajj_mjj_genbin3_recobin3 acc 0.0136 eff 0.2429 outinratio 0.0966 

ggH124_4mu_absdetajj_mjj_genbin0_recobin0 acc 0.3727 eff 0.7551 outinratio 0.0515 

VBFH124_4mu_absdetajj_mjj_genbin0_recobin0 acc 0.2229 eff 0.6779 outinratio 0.0417 

WminusH124_4mu_absdetajj_mjj_genbin0_recobin0 acc 0.2094 eff 0.7181 outinratio 0.0458 

WplusH124_4mu_absdetajj_mjj_genbin0_recobin0 acc 0.1915 eff 0.6872 outinratio 0.0586 

ZH124_4mu_absdetajj_mjj_genbin0_recobin0 acc 0.1823 eff 0.6332 outinratio 0.073 

ttH124_4mu_absdetajj_mjj_genbin0_recobin0 acc 0.0088 eff 0.2499 outinratio 0.1877 

ggH124_4mu_absdetajj_mjj_genbin1_recobin0 acc 0.0367 eff 0.1262 outinratio 0.0515 

VBFH124_4mu_absdetajj_mjj_genbin1_recobin0 acc 0.059 eff 0.0938 outinratio 0.0417 

WminusH124_4mu_absdetajj_mjj_genbin1_recobin0 acc 0.1356 eff 0.0934 outinratio 0.0458 

WplusH124_4mu_absdetajj_mjj_genbin1_recobin0 acc 0.1274 eff 0.0862 outinratio 0.0586 

ZH124_4mu_absdetajj_mjj_genbin1_recobin0 acc 0.1606 eff 0.0656 outinratio 0.073 

ttH124_4mu_absdetajj_mjj_genbin1_recobin0 acc 0.3106 eff 0.0093 outinratio 0.1877 

ggH124_4mu_absdetajj_mjj_genbin2_recobin0 acc 0.004 eff 0.1205 outinratio 0.0515 

VBFH124_4mu_absdetajj_mjj_genbin2_recobin0 acc 0.034 eff 0.1566 outinratio 0.0417 

WminusH124_4mu_absdetajj_mjj_genbin2_recobin0 acc 0.0044 eff 0.2207 outinratio 0.0458 

WplusH124_4mu_absdetajj_mjj_genbin2_recobin0 acc 0.0045 eff 0.0826 outinratio 0.0586 

ZH124_4mu_absdetajj_mjj_genbin2_recobin0 acc 0.0026 eff -1.0 outinratio 0.073 

ttH124_4mu_absdetajj_mjj_genbin2_recobin0 acc 0.0032 eff 0.0162 outinratio 0.1877 

ggH124_4mu_absdetajj_mjj_genbin3_recobin0 acc 0.0047 eff 0.1065 outinratio 0.0515 

VBFH124_4mu_absdetajj_mjj_genbin3_recobin0 acc 0.1639 eff 0.1074 outinratio 0.0417 

WminusH124_4mu_absdetajj_mjj_genbin3_recobin0 acc 0.0025 eff -1.0 outinratio 0.0458 

WplusH124_4mu_absdetajj_mjj_genbin3_recobin0 acc 0.003 eff 0.0444 outinratio 0.0586 

ZH124_4mu_absdetajj_mjj_genbin3_recobin0 acc 0.0026 eff -1.0 outinratio 0.073 

ttH124_4mu_absdetajj_mjj_genbin3_recobin0 acc 0.0134 eff 0.0 outinratio 0.1877 

ggH124_4mu_absdetajj_mjj_genbin0_recobin1 acc 0.3727 eff 0.0222 outinratio 0.0592 

VBFH124_4mu_absdetajj_mjj_genbin0_recobin1 acc 0.2229 eff 0.034 outinratio 0.0613 

WminusH124_4mu_absdetajj_mjj_genbin0_recobin1 acc 0.2094 eff 0.0831 outinratio 0.0735 

WplusH124_4mu_absdetajj_mjj_genbin0_recobin1 acc 0.1915 eff 0.1075 outinratio 0.07 

ZH124_4mu_absdetajj_mjj_genbin0_recobin1 acc 0.1823 eff 0.117 outinratio 0.06 

ttH124_4mu_absdetajj_mjj_genbin0_recobin1 acc 0.0088 eff 0.4518 outinratio 0.133 

ggH124_4mu_absdetajj_mjj_genbin1_recobin1 acc 0.0367 eff 0.6838 outinratio 0.0592 

VBFH124_4mu_absdetajj_mjj_genbin1_recobin1 acc 0.059 eff 0.6242 outinratio 0.0613 

WminusH124_4mu_absdetajj_mjj_genbin1_recobin1 acc 0.1356 eff 0.7004 outinratio 0.0735 

WplusH124_4mu_absdetajj_mjj_genbin1_recobin1 acc 0.1274 eff 0.6892 outinratio 0.07 

ZH124_4mu_absdetajj_mjj_genbin1_recobin1 acc 0.1606 eff 0.6743 outinratio 0.06 

ttH124_4mu_absdetajj_mjj_genbin1_recobin1 acc 0.3106 eff 0.7618 outinratio 0.133 

ggH124_4mu_absdetajj_mjj_genbin2_recobin1 acc 0.004 eff 0.0891 outinratio 0.0592 

VBFH124_4mu_absdetajj_mjj_genbin2_recobin1 acc 0.034 eff 0.0171 outinratio 0.0613 

WminusH124_4mu_absdetajj_mjj_genbin2_recobin1 acc 0.0044 eff 0.0628 outinratio 0.0735 

WplusH124_4mu_absdetajj_mjj_genbin2_recobin1 acc 0.0045 eff 0.1753 outinratio 0.07 

ZH124_4mu_absdetajj_mjj_genbin2_recobin1 acc 0.0026 eff -1.0 outinratio 0.06 

ttH124_4mu_absdetajj_mjj_genbin2_recobin1 acc 0.0032 eff 0.2187 outinratio 0.133 

ggH124_4mu_absdetajj_mjj_genbin3_recobin1 acc 0.0047 eff 0.0909 outinratio 0.0592 

VBFH124_4mu_absdetajj_mjj_genbin3_recobin1 acc 0.1639 eff 0.0297 outinratio 0.0613 

WminusH124_4mu_absdetajj_mjj_genbin3_recobin1 acc 0.0025 eff -1.0 outinratio 0.0735 

WplusH124_4mu_absdetajj_mjj_genbin3_recobin1 acc 0.003 eff 0.0466 outinratio 0.07 

ZH124_4mu_absdetajj_mjj_genbin3_recobin1 acc 0.0026 eff -1.0 outinratio 0.06 

ttH124_4mu_absdetajj_mjj_genbin3_recobin1 acc 0.0134 eff 0.2053 outinratio 0.133 

ggH124_4mu_absdetajj_mjj_genbin0_recobin2 acc 0.3727 eff 0.0064 outinratio 0.057 

VBFH124_4mu_absdetajj_mjj_genbin0_recobin2 acc 0.2229 eff 0.0148 outinratio 0.0519 

WminusH124_4mu_absdetajj_mjj_genbin0_recobin2 acc 0.2094 eff 0.0095 outinratio 0.0483 

WplusH124_4mu_absdetajj_mjj_genbin0_recobin2 acc 0.1915 eff 0.0064 outinratio 0.0 

ZH124_4mu_absdetajj_mjj_genbin0_recobin2 acc 0.1823 eff 0.0235 outinratio 0.049 

ttH124_4mu_absdetajj_mjj_genbin0_recobin2 acc 0.0088 eff 0.0 outinratio 0.1519 

ggH124_4mu_absdetajj_mjj_genbin1_recobin2 acc 0.0367 eff 0.011 outinratio 0.057 

VBFH124_4mu_absdetajj_mjj_genbin1_recobin2 acc 0.059 eff 0.0139 outinratio 0.0519 

WminusH124_4mu_absdetajj_mjj_genbin1_recobin2 acc 0.1356 eff 0.0046 outinratio 0.0483 

WplusH124_4mu_absdetajj_mjj_genbin1_recobin2 acc 0.1274 eff 0.0047 outinratio 0.0 

ZH124_4mu_absdetajj_mjj_genbin1_recobin2 acc 0.1606 eff 0.0175 outinratio 0.049 

ttH124_4mu_absdetajj_mjj_genbin1_recobin2 acc 0.3106 eff 0.0043 outinratio 0.1519 

ggH124_4mu_absdetajj_mjj_genbin2_recobin2 acc 0.004 eff 0.6436 outinratio 0.057 

VBFH124_4mu_absdetajj_mjj_genbin2_recobin2 acc 0.034 eff 0.5698 outinratio 0.0519 

WminusH124_4mu_absdetajj_mjj_genbin2_recobin2 acc 0.0044 eff 0.4675 outinratio 0.0483 

WplusH124_4mu_absdetajj_mjj_genbin2_recobin2 acc 0.0045 eff 0.4241 outinratio 0.0 

ZH124_4mu_absdetajj_mjj_genbin2_recobin2 acc 0.0026 eff -1.0 outinratio 0.049 

ttH124_4mu_absdetajj_mjj_genbin2_recobin2 acc 0.0032 eff 0.3156 outinratio 0.1519 

ggH124_4mu_absdetajj_mjj_genbin3_recobin2 acc 0.0047 eff 0.0226 outinratio 0.057 

VBFH124_4mu_absdetajj_mjj_genbin3_recobin2 acc 0.1639 eff 0.0125 outinratio 0.0519 

WminusH124_4mu_absdetajj_mjj_genbin3_recobin2 acc 0.0025 eff -1.0 outinratio 0.0483 

WplusH124_4mu_absdetajj_mjj_genbin3_recobin2 acc 0.003 eff 0.0 outinratio 0.0 

ZH124_4mu_absdetajj_mjj_genbin3_recobin2 acc 0.0026 eff -1.0 outinratio 0.049 

ttH124_4mu_absdetajj_mjj_genbin3_recobin2 acc 0.0134 eff 0.0158 outinratio 0.1519 

ggH124_4mu_absdetajj_mjj_genbin0_recobin3 acc 0.3727 eff 0.0043 outinratio 0.1265 

VBFH124_4mu_absdetajj_mjj_genbin0_recobin3 acc 0.2229 eff 0.088 outinratio 0.0199 

WminusH124_4mu_absdetajj_mjj_genbin0_recobin3 acc 0.2094 eff 0.009 outinratio 0.064 

WplusH124_4mu_absdetajj_mjj_genbin0_recobin3 acc 0.1915 eff 0.0086 outinratio 0.0995 

ZH124_4mu_absdetajj_mjj_genbin0_recobin3 acc 0.1823 eff 0.0 outinratio 0.0 

ttH124_4mu_absdetajj_mjj_genbin0_recobin3 acc 0.0088 eff 0.0122 outinratio 0.1246 

ggH124_4mu_absdetajj_mjj_genbin1_recobin3 acc 0.0367 eff 0.0106 outinratio 0.1265 

VBFH124_4mu_absdetajj_mjj_genbin1_recobin3 acc 0.059 eff 0.0292 outinratio 0.0199 

WminusH124_4mu_absdetajj_mjj_genbin1_recobin3 acc 0.1356 eff 0.0163 outinratio 0.064 

WplusH124_4mu_absdetajj_mjj_genbin1_recobin3 acc 0.1274 eff 0.015 outinratio 0.0995 

ZH124_4mu_absdetajj_mjj_genbin1_recobin3 acc 0.1606 eff 0.0047 outinratio 0.0 

ttH124_4mu_absdetajj_mjj_genbin1_recobin3 acc 0.3106 eff 0.0101 outinratio 0.1246 

ggH124_4mu_absdetajj_mjj_genbin2_recobin3 acc 0.004 eff 0.0392 outinratio 0.1265 

VBFH124_4mu_absdetajj_mjj_genbin2_recobin3 acc 0.034 eff 0.1294 outinratio 0.0199 

WminusH124_4mu_absdetajj_mjj_genbin2_recobin3 acc 0.0044 eff 0.0523 outinratio 0.064 

WplusH124_4mu_absdetajj_mjj_genbin2_recobin3 acc 0.0045 eff 0.1168 outinratio 0.0995 

ZH124_4mu_absdetajj_mjj_genbin2_recobin3 acc 0.0026 eff -1.0 outinratio 0.0 

ttH124_4mu_absdetajj_mjj_genbin2_recobin3 acc 0.0032 eff 0.0828 outinratio 0.1246 

ggH124_4mu_absdetajj_mjj_genbin3_recobin3 acc 0.0047 eff 0.4437 outinratio 0.1265 

VBFH124_4mu_absdetajj_mjj_genbin3_recobin3 acc 0.1639 eff 0.6534 outinratio 0.0199 

WminusH124_4mu_absdetajj_mjj_genbin3_recobin3 acc 0.0025 eff -1.0 outinratio 0.064 

WplusH124_4mu_absdetajj_mjj_genbin3_recobin3 acc 0.003 eff 0.4523 outinratio 0.0995 

ZH124_4mu_absdetajj_mjj_genbin3_recobin3 acc 0.0026 eff -1.0 outinratio 0.0 

ttH124_4mu_absdetajj_mjj_genbin3_recobin3 acc 0.0134 eff 0.6638 outinratio 0.1246 

ggH124_2e2mu_absdetajj_mjj_genbin0_recobin0 acc 0.3373 eff 0.4841 outinratio 0.0556 

VBFH124_2e2mu_absdetajj_mjj_genbin0_recobin0 acc 0.2075 eff 0.4459 outinratio 0.0409 

WminusH124_2e2mu_absdetajj_mjj_genbin0_recobin0 acc 0.184 eff 0.3811 outinratio 0.0705 

WplusH124_2e2mu_absdetajj_mjj_genbin0_recobin0 acc 0.1605 eff 0.3833 outinratio 0.0891 

ZH124_2e2mu_absdetajj_mjj_genbin0_recobin0 acc 0.1757 eff 0.4299 outinratio 0.0768 

ttH124_2e2mu_absdetajj_mjj_genbin0_recobin0 acc 0.0077 eff 0.2432 outinratio 0.1909 

ggH124_2e2mu_absdetajj_mjj_genbin1_recobin0 acc 0.0349 eff 0.066 outinratio 0.0556 

VBFH124_2e2mu_absdetajj_mjj_genbin1_recobin0 acc 0.0541 eff 0.0551 outinratio 0.0409 

WminusH124_2e2mu_absdetajj_mjj_genbin1_recobin0 acc 0.1367 eff 0.0632 outinratio 0.0705 

WplusH124_2e2mu_absdetajj_mjj_genbin1_recobin0 acc 0.1299 eff 0.052 outinratio 0.0891 

ZH124_2e2mu_absdetajj_mjj_genbin1_recobin0 acc 0.1384 eff 0.0619 outinratio 0.0768 

ttH124_2e2mu_absdetajj_mjj_genbin1_recobin0 acc 0.2715 eff 0.004 outinratio 0.1909 

ggH124_2e2mu_absdetajj_mjj_genbin2_recobin0 acc 0.0045 eff 0.1594 outinratio 0.0556 

VBFH124_2e2mu_absdetajj_mjj_genbin2_recobin0 acc 0.0332 eff 0.0965 outinratio 0.0409 

WminusH124_2e2mu_absdetajj_mjj_genbin2_recobin0 acc 0.0048 eff 0.0598 outinratio 0.0705 

WplusH124_2e2mu_absdetajj_mjj_genbin2_recobin0 acc 0.0026 eff 0.0686 outinratio 0.0891 

ZH124_2e2mu_absdetajj_mjj_genbin2_recobin0 acc 0.0043 eff 0.159 outinratio 0.0768 

ttH124_2e2mu_absdetajj_mjj_genbin2_recobin0 acc 0.003 eff 0.0077 outinratio 0.1909 

ggH124_2e2mu_absdetajj_mjj_genbin3_recobin0 acc 0.0061 eff 0.1087 outinratio 0.0556 

VBFH124_2e2mu_absdetajj_mjj_genbin3_recobin0 acc 0.1415 eff 0.0836 outinratio 0.0409 

WminusH124_2e2mu_absdetajj_mjj_genbin3_recobin0 acc 0.0035 eff 0.0378 outinratio 0.0705 

WplusH124_2e2mu_absdetajj_mjj_genbin3_recobin0 acc 0.0027 eff 0.0 outinratio 0.0891 

ZH124_2e2mu_absdetajj_mjj_genbin3_recobin0 acc 0.0034 eff 0.0466 outinratio 0.0768 

ttH124_2e2mu_absdetajj_mjj_genbin3_recobin0 acc 0.0125 eff 0.0033 outinratio 0.1909 

ggH124_2e2mu_absdetajj_mjj_genbin0_recobin1 acc 0.3373 eff 0.0141 outinratio 0.0663 

VBFH124_2e2mu_absdetajj_mjj_genbin0_recobin1 acc 0.2075 eff 0.0297 outinratio 0.0488 

WminusH124_2e2mu_absdetajj_mjj_genbin0_recobin1 acc 0.184 eff 0.0783 outinratio 0.0767 

WplusH124_2e2mu_absdetajj_mjj_genbin0_recobin1 acc 0.1605 eff 0.0695 outinratio 0.0637 

ZH124_2e2mu_absdetajj_mjj_genbin0_recobin1 acc 0.1757 eff 0.0691 outinratio 0.0914 

ttH124_2e2mu_absdetajj_mjj_genbin0_recobin1 acc 0.0077 eff 0.2309 outinratio 0.192 

ggH124_2e2mu_absdetajj_mjj_genbin1_recobin1 acc 0.0349 eff 0.449 outinratio 0.0663 

VBFH124_2e2mu_absdetajj_mjj_genbin1_recobin1 acc 0.0541 eff 0.4317 outinratio 0.0488 

WminusH124_2e2mu_absdetajj_mjj_genbin1_recobin1 acc 0.1367 eff 0.4594 outinratio 0.0767 

WplusH124_2e2mu_absdetajj_mjj_genbin1_recobin1 acc 0.1299 eff 0.4328 outinratio 0.0637 

ZH124_2e2mu_absdetajj_mjj_genbin1_recobin1 acc 0.1384 eff 0.4522 outinratio 0.0914 

ttH124_2e2mu_absdetajj_mjj_genbin1_recobin1 acc 0.2715 eff 0.5089 outinratio 0.192 

ggH124_2e2mu_absdetajj_mjj_genbin2_recobin1 acc 0.0045 eff 0.0351 outinratio 0.0663 

VBFH124_2e2mu_absdetajj_mjj_genbin2_recobin1 acc 0.0332 eff 0.039 outinratio 0.0488 

WminusH124_2e2mu_absdetajj_mjj_genbin2_recobin1 acc 0.0048 eff 0.0335 outinratio 0.0767 

WplusH124_2e2mu_absdetajj_mjj_genbin2_recobin1 acc 0.0026 eff 0.0461 outinratio 0.0637 

ZH124_2e2mu_absdetajj_mjj_genbin2_recobin1 acc 0.0043 eff 0.0704 outinratio 0.0914 

ttH124_2e2mu_absdetajj_mjj_genbin2_recobin1 acc 0.003 eff 0.2546 outinratio 0.192 

ggH124_2e2mu_absdetajj_mjj_genbin3_recobin1 acc 0.0061 eff 0.0449 outinratio 0.0663 

VBFH124_2e2mu_absdetajj_mjj_genbin3_recobin1 acc 0.1415 eff 0.015 outinratio 0.0488 

WminusH124_2e2mu_absdetajj_mjj_genbin3_recobin1 acc 0.0035 eff 0.0 outinratio 0.0767 

WplusH124_2e2mu_absdetajj_mjj_genbin3_recobin1 acc 0.0027 eff 0.0306 outinratio 0.0637 

ZH124_2e2mu_absdetajj_mjj_genbin3_recobin1 acc 0.0034 eff 0.2447 outinratio 0.0914 

ttH124_2e2mu_absdetajj_mjj_genbin3_recobin1 acc 0.0125 eff 0.1136 outinratio 0.192 

ggH124_2e2mu_absdetajj_mjj_genbin0_recobin2 acc 0.3373 eff 0.0041 outinratio 0.126 

VBFH124_2e2mu_absdetajj_mjj_genbin0_recobin2 acc 0.2075 eff 0.0112 outinratio 0.0721 

WminusH124_2e2mu_absdetajj_mjj_genbin0_recobin2 acc 0.184 eff 0.0088 outinratio 0.0371 

WplusH124_2e2mu_absdetajj_mjj_genbin0_recobin2 acc 0.1605 eff 0.0049 outinratio 0.1062 

ZH124_2e2mu_absdetajj_mjj_genbin0_recobin2 acc 0.1757 eff 0.0065 outinratio 0.0619 

ttH124_2e2mu_absdetajj_mjj_genbin0_recobin2 acc 0.0077 eff 0.0034 outinratio 0.1949 

ggH124_2e2mu_absdetajj_mjj_genbin1_recobin2 acc 0.0349 eff 0.0046 outinratio 0.126 

VBFH124_2e2mu_absdetajj_mjj_genbin1_recobin2 acc 0.0541 eff 0.0071 outinratio 0.0721 

WminusH124_2e2mu_absdetajj_mjj_genbin1_recobin2 acc 0.1367 eff 0.0071 outinratio 0.0371 

WplusH124_2e2mu_absdetajj_mjj_genbin1_recobin2 acc 0.1299 eff 0.0049 outinratio 0.1062 

ZH124_2e2mu_absdetajj_mjj_genbin1_recobin2 acc 0.1384 eff 0.0061 outinratio 0.0619 

ttH124_2e2mu_absdetajj_mjj_genbin1_recobin2 acc 0.2715 eff 0.0015 outinratio 0.1949 

ggH124_2e2mu_absdetajj_mjj_genbin2_recobin2 acc 0.0045 eff 0.3215 outinratio 0.126 

VBFH124_2e2mu_absdetajj_mjj_genbin2_recobin2 acc 0.0332 eff 0.311 outinratio 0.0721 

WminusH124_2e2mu_absdetajj_mjj_genbin2_recobin2 acc 0.0048 eff 0.228 outinratio 0.0371 

WplusH124_2e2mu_absdetajj_mjj_genbin2_recobin2 acc 0.0026 eff 0.175 outinratio 0.1062 

ZH124_2e2mu_absdetajj_mjj_genbin2_recobin2 acc 0.0043 eff 0.1877 outinratio 0.0619 

ttH124_2e2mu_absdetajj_mjj_genbin2_recobin2 acc 0.003 eff 0.2447 outinratio 0.1949 

ggH124_2e2mu_absdetajj_mjj_genbin3_recobin2 acc 0.0061 eff 0.0045 outinratio 0.126 

VBFH124_2e2mu_absdetajj_mjj_genbin3_recobin2 acc 0.1415 eff 0.0118 outinratio 0.0721 

WminusH124_2e2mu_absdetajj_mjj_genbin3_recobin2 acc 0.0035 eff 0.0 outinratio 0.0371 

WplusH124_2e2mu_absdetajj_mjj_genbin3_recobin2 acc 0.0027 eff 0.0 outinratio 0.1062 

ZH124_2e2mu_absdetajj_mjj_genbin3_recobin2 acc 0.0034 eff 0.0 outinratio 0.0619 

ttH124_2e2mu_absdetajj_mjj_genbin3_recobin2 acc 0.0125 eff 0.0137 outinratio 0.1949 

ggH124_2e2mu_absdetajj_mjj_genbin0_recobin3 acc 0.3373 eff 0.0032 outinratio 0.0077 

VBFH124_2e2mu_absdetajj_mjj_genbin0_recobin3 acc 0.2075 eff 0.0424 outinratio 0.023 

WminusH124_2e2mu_absdetajj_mjj_genbin0_recobin3 acc 0.184 eff 0.0052 outinratio 0.0 

WplusH124_2e2mu_absdetajj_mjj_genbin0_recobin3 acc 0.1605 eff 0.0077 outinratio 0.0837 

ZH124_2e2mu_absdetajj_mjj_genbin0_recobin3 acc 0.1757 eff 0.0053 outinratio 0.1053 

ttH124_2e2mu_absdetajj_mjj_genbin0_recobin3 acc 0.0077 eff 0.0116 outinratio 0.164 

ggH124_2e2mu_absdetajj_mjj_genbin1_recobin3 acc 0.0349 eff 0.0209 outinratio 0.0077 

VBFH124_2e2mu_absdetajj_mjj_genbin1_recobin3 acc 0.0541 eff 0.0267 outinratio 0.023 

WminusH124_2e2mu_absdetajj_mjj_genbin1_recobin3 acc 0.1367 eff 0.0036 outinratio 0.0 

WplusH124_2e2mu_absdetajj_mjj_genbin1_recobin3 acc 0.1299 eff 0.0049 outinratio 0.0837 

ZH124_2e2mu_absdetajj_mjj_genbin1_recobin3 acc 0.1384 eff 0.0081 outinratio 0.1053 

ttH124_2e2mu_absdetajj_mjj_genbin1_recobin3 acc 0.2715 eff 0.0078 outinratio 0.164 

ggH124_2e2mu_absdetajj_mjj_genbin2_recobin3 acc 0.0045 eff 0.0509 outinratio 0.0077 

VBFH124_2e2mu_absdetajj_mjj_genbin2_recobin3 acc 0.0332 eff 0.0987 outinratio 0.023 

WminusH124_2e2mu_absdetajj_mjj_genbin2_recobin3 acc 0.0048 eff 0.0163 outinratio 0.0 

WplusH124_2e2mu_absdetajj_mjj_genbin2_recobin3 acc 0.0026 eff 0.0942 outinratio 0.0837 

ZH124_2e2mu_absdetajj_mjj_genbin2_recobin3 acc 0.0043 eff 0.0 outinratio 0.1053 

ttH124_2e2mu_absdetajj_mjj_genbin2_recobin3 acc 0.003 eff 0.0872 outinratio 0.164 

ggH124_2e2mu_absdetajj_mjj_genbin3_recobin3 acc 0.0061 eff 0.3403 outinratio 0.0077 

VBFH124_2e2mu_absdetajj_mjj_genbin3_recobin3 acc 0.1415 eff 0.4294 outinratio 0.023 

WminusH124_2e2mu_absdetajj_mjj_genbin3_recobin3 acc 0.0035 eff 0.5179 outinratio 0.0 

WplusH124_2e2mu_absdetajj_mjj_genbin3_recobin3 acc 0.0027 eff 0.3289 outinratio 0.0837 

ZH124_2e2mu_absdetajj_mjj_genbin3_recobin3 acc 0.0034 eff 0.4289 outinratio 0.1053 

ttH124_2e2mu_absdetajj_mjj_genbin3_recobin3 acc 0.0125 eff 0.4168 outinratio 0.164 

Coeff fullNNLOPS
