Welcome in RunCoefficients!
['2024_8']
It is a double-differential measurement, binning for the 1st variable {0: [-100.0, 0.0], 1: [0.0, 3.0], 2: [3.0, 10.0], 3: [3.0, 10.0]} and for the 2nd variable {0: [-100.0, 0.0], 1: [0.0, 10000.0], 2: [0.0, 450.0], 3: [450.0, 10000.0]}
{0: [-100.0, 0.0, -100.0, 0.0], 1: [0.0, 3.0, 0.0, 10000.0], 2: [3.0, 10.0, 0.0, 450.0], 3: [3.0, 10.0, 450.0, 10000.0]}
absdetajj
Following observables extracted from dictionary: RECO =  absdetajj  GEN =  GENabsdetajj
It is a double-differential measurement: RECO_2nd =  mjj  GEN_2nd =  GENmjj
LUMI: 10.882200000000001
ZH125 0.0007061505
Processing ggH125 2024_8
Signal created
Signal failed created
Processing VBFH125 2024_8
Signal created
Signal failed created
Processing WminusH125 2024_8
Signal created
Signal failed created
Processing WplusH125 2024_8
Signal created
Signal failed created
Processing ttH125 2024_8
Signal created
Signal failed created
Processing ZH125 2024_8
Signal created
Signal failed created
2024_8 SKIMMED df CREATED
2024_8 ggH125
2024_8 VBFH125
2024_8 WminusH125
2024_8 WplusH125
2024_8 ttH125
2024_8 ZH125
Dataframes created successfully
Coeff std
ggH125_4l_absdetajj_mjj_genbin0_recobin0 acc 0.3605 eff 0.5197 outinratio 0.0533 

VBFH125_4l_absdetajj_mjj_genbin0_recobin0 acc 0.214 eff 0.4954 outinratio 0.0435 

WminusH125_4l_absdetajj_mjj_genbin0_recobin0 acc 0.1966 eff 0.4665 outinratio 0.0703 

WplusH125_4l_absdetajj_mjj_genbin0_recobin0 acc 0.1718 eff 0.4558 outinratio 0.0695 

ttH125_4l_absdetajj_mjj_genbin0_recobin0 acc 0.0065 eff 0.2453 outinratio 0.0 

ZH125_4l_absdetajj_mjj_genbin0_recobin0 acc 0.1776 eff 0.4702 outinratio 0.0783 

ggH125_4l_absdetajj_mjj_genbin1_recobin0 acc 0.0336 eff 0.0851 outinratio 0.0533 

VBFH125_4l_absdetajj_mjj_genbin1_recobin0 acc 0.059 eff 0.0567 outinratio 0.0435 

WminusH125_4l_absdetajj_mjj_genbin1_recobin0 acc 0.1453 eff 0.0612 outinratio 0.0703 

WplusH125_4l_absdetajj_mjj_genbin1_recobin0 acc 0.13 eff 0.0544 outinratio 0.0695 

ttH125_4l_absdetajj_mjj_genbin1_recobin0 acc 0.2886 eff 0.0033 outinratio 0.0 

ZH125_4l_absdetajj_mjj_genbin1_recobin0 acc 0.1524 eff 0.0657 outinratio 0.0783 

ggH125_4l_absdetajj_mjj_genbin2_recobin0 acc 0.0039 eff 0.1195 outinratio 0.0533 

VBFH125_4l_absdetajj_mjj_genbin2_recobin0 acc 0.0329 eff 0.1421 outinratio 0.0435 

WminusH125_4l_absdetajj_mjj_genbin2_recobin0 acc 0.0041 eff 0.0864 outinratio 0.0703 

WplusH125_4l_absdetajj_mjj_genbin2_recobin0 acc 0.0034 eff 0.0969 outinratio 0.0695 

ttH125_4l_absdetajj_mjj_genbin2_recobin0 acc 0.0022 eff -1.0 outinratio 0.0 

ZH125_4l_absdetajj_mjj_genbin2_recobin0 acc 0.0041 eff 0.076 outinratio 0.0783 

ggH125_4l_absdetajj_mjj_genbin3_recobin0 acc 0.0057 eff 0.0884 outinratio 0.0533 

VBFH125_4l_absdetajj_mjj_genbin3_recobin0 acc 0.1453 eff 0.0685 outinratio 0.0435 

WminusH125_4l_absdetajj_mjj_genbin3_recobin0 acc 0.0032 eff 0.0451 outinratio 0.0703 

WplusH125_4l_absdetajj_mjj_genbin3_recobin0 acc 0.0033 eff 0.0287 outinratio 0.0695 

ttH125_4l_absdetajj_mjj_genbin3_recobin0 acc 0.0115 eff 0.0 outinratio 0.0 

ZH125_4l_absdetajj_mjj_genbin3_recobin0 acc 0.0036 eff 0.0372 outinratio 0.0783 

ggH125_4l_absdetajj_mjj_genbin0_recobin1 acc 0.3605 eff 0.0184 outinratio 0.067 

VBFH125_4l_absdetajj_mjj_genbin0_recobin1 acc 0.214 eff 0.0274 outinratio 0.0415 

WminusH125_4l_absdetajj_mjj_genbin0_recobin1 acc 0.1966 eff 0.0684 outinratio 0.0784 

WplusH125_4l_absdetajj_mjj_genbin0_recobin1 acc 0.1718 eff 0.0645 outinratio 0.0818 

ttH125_4l_absdetajj_mjj_genbin0_recobin1 acc 0.0065 eff 0.3067 outinratio 0.1583 

ZH125_4l_absdetajj_mjj_genbin0_recobin1 acc 0.1776 eff 0.0626 outinratio 0.0903 

ggH125_4l_absdetajj_mjj_genbin1_recobin1 acc 0.0336 eff 0.4507 outinratio 0.067 

VBFH125_4l_absdetajj_mjj_genbin1_recobin1 acc 0.059 eff 0.4511 outinratio 0.0415 

WminusH125_4l_absdetajj_mjj_genbin1_recobin1 acc 0.1453 eff 0.4961 outinratio 0.0784 

WplusH125_4l_absdetajj_mjj_genbin1_recobin1 acc 0.13 eff 0.4922 outinratio 0.0818 

ttH125_4l_absdetajj_mjj_genbin1_recobin1 acc 0.2886 eff 0.5669 outinratio 0.1583 

ZH125_4l_absdetajj_mjj_genbin1_recobin1 acc 0.1524 eff 0.4829 outinratio 0.0903 

ggH125_4l_absdetajj_mjj_genbin2_recobin1 acc 0.0039 eff 0.0982 outinratio 0.067 

VBFH125_4l_absdetajj_mjj_genbin2_recobin1 acc 0.0329 eff 0.0217 outinratio 0.0415 

WminusH125_4l_absdetajj_mjj_genbin2_recobin1 acc 0.0041 eff 0.1068 outinratio 0.0784 

WplusH125_4l_absdetajj_mjj_genbin2_recobin1 acc 0.0034 eff 0.1299 outinratio 0.0818 

ttH125_4l_absdetajj_mjj_genbin2_recobin1 acc 0.0022 eff -1.0 outinratio 0.1583 

ZH125_4l_absdetajj_mjj_genbin2_recobin1 acc 0.0041 eff 0.0654 outinratio 0.0903 

ggH125_4l_absdetajj_mjj_genbin3_recobin1 acc 0.0057 eff 0.0278 outinratio 0.067 

VBFH125_4l_absdetajj_mjj_genbin3_recobin1 acc 0.1453 eff 0.007 outinratio 0.0415 

WminusH125_4l_absdetajj_mjj_genbin3_recobin1 acc 0.0032 eff 0.0968 outinratio 0.0784 

WplusH125_4l_absdetajj_mjj_genbin3_recobin1 acc 0.0033 eff 0.0822 outinratio 0.0818 

ttH125_4l_absdetajj_mjj_genbin3_recobin1 acc 0.0115 eff 0.0675 outinratio 0.1583 

ZH125_4l_absdetajj_mjj_genbin3_recobin1 acc 0.0036 eff 0.1345 outinratio 0.0903 

ggH125_4l_absdetajj_mjj_genbin0_recobin2 acc 0.3605 eff 0.0047 outinratio 0.0618 

VBFH125_4l_absdetajj_mjj_genbin0_recobin2 acc 0.214 eff 0.0168 outinratio 0.0455 

WminusH125_4l_absdetajj_mjj_genbin0_recobin2 acc 0.1966 eff 0.0075 outinratio 0.0901 

WplusH125_4l_absdetajj_mjj_genbin0_recobin2 acc 0.1718 eff 0.0072 outinratio 0.0921 

ttH125_4l_absdetajj_mjj_genbin0_recobin2 acc 0.0065 eff 0.0 outinratio 0.2879 

ZH125_4l_absdetajj_mjj_genbin0_recobin2 acc 0.1776 eff 0.0084 outinratio 0.1101 

ggH125_4l_absdetajj_mjj_genbin1_recobin2 acc 0.0336 eff 0.0077 outinratio 0.0618 

VBFH125_4l_absdetajj_mjj_genbin1_recobin2 acc 0.059 eff 0.0097 outinratio 0.0455 

WminusH125_4l_absdetajj_mjj_genbin1_recobin2 acc 0.1453 eff 0.0054 outinratio 0.0901 

WplusH125_4l_absdetajj_mjj_genbin1_recobin2 acc 0.13 eff 0.0047 outinratio 0.0921 

ttH125_4l_absdetajj_mjj_genbin1_recobin2 acc 0.2886 eff 0.0007 outinratio 0.2879 

ZH125_4l_absdetajj_mjj_genbin1_recobin2 acc 0.1524 eff 0.0049 outinratio 0.1101 

ggH125_4l_absdetajj_mjj_genbin2_recobin2 acc 0.0039 eff 0.1654 outinratio 0.0618 

VBFH125_4l_absdetajj_mjj_genbin2_recobin2 acc 0.0329 eff 0.3361 outinratio 0.0455 

WminusH125_4l_absdetajj_mjj_genbin2_recobin2 acc 0.0041 eff 0.3152 outinratio 0.0901 

WplusH125_4l_absdetajj_mjj_genbin2_recobin2 acc 0.0034 eff 0.296 outinratio 0.0921 

ttH125_4l_absdetajj_mjj_genbin2_recobin2 acc 0.0022 eff -1.0 outinratio 0.2879 

ZH125_4l_absdetajj_mjj_genbin2_recobin2 acc 0.0041 eff 0.3251 outinratio 0.1101 

ggH125_4l_absdetajj_mjj_genbin3_recobin2 acc 0.0057 eff 0.0335 outinratio 0.0618 

VBFH125_4l_absdetajj_mjj_genbin3_recobin2 acc 0.1453 eff 0.0081 outinratio 0.0455 

WminusH125_4l_absdetajj_mjj_genbin3_recobin2 acc 0.0032 eff 0.0361 outinratio 0.0901 

WplusH125_4l_absdetajj_mjj_genbin3_recobin2 acc 0.0033 eff 0.0259 outinratio 0.0921 

ttH125_4l_absdetajj_mjj_genbin3_recobin2 acc 0.0115 eff 0.0222 outinratio 0.2879 

ZH125_4l_absdetajj_mjj_genbin3_recobin2 acc 0.0036 eff 0.0 outinratio 0.1101 

ggH125_4l_absdetajj_mjj_genbin0_recobin3 acc 0.3605 eff 0.0044 outinratio 0.0502 

VBFH125_4l_absdetajj_mjj_genbin0_recobin3 acc 0.214 eff 0.0374 outinratio 0.0361 

WminusH125_4l_absdetajj_mjj_genbin0_recobin3 acc 0.1966 eff 0.0055 outinratio 0.0816 

WplusH125_4l_absdetajj_mjj_genbin0_recobin3 acc 0.1718 eff 0.0051 outinratio 0.0907 

ttH125_4l_absdetajj_mjj_genbin0_recobin3 acc 0.0065 eff 0.0 outinratio 0.1288 

ZH125_4l_absdetajj_mjj_genbin0_recobin3 acc 0.1776 eff 0.0077 outinratio 0.0836 

ggH125_4l_absdetajj_mjj_genbin1_recobin3 acc 0.0336 eff 0.0116 outinratio 0.0502 

VBFH125_4l_absdetajj_mjj_genbin1_recobin3 acc 0.059 eff 0.0347 outinratio 0.0361 

WminusH125_4l_absdetajj_mjj_genbin1_recobin3 acc 0.1453 eff 0.0043 outinratio 0.0816 

WplusH125_4l_absdetajj_mjj_genbin1_recobin3 acc 0.13 eff 0.0047 outinratio 0.0907 

ttH125_4l_absdetajj_mjj_genbin1_recobin3 acc 0.2886 eff 0.0078 outinratio 0.1288 

ZH125_4l_absdetajj_mjj_genbin1_recobin3 acc 0.1524 eff 0.0058 outinratio 0.0836 

ggH125_4l_absdetajj_mjj_genbin2_recobin3 acc 0.0039 eff 0.0962 outinratio 0.0502 

VBFH125_4l_absdetajj_mjj_genbin2_recobin3 acc 0.0329 eff 0.0735 outinratio 0.0361 

WminusH125_4l_absdetajj_mjj_genbin2_recobin3 acc 0.0041 eff 0.0386 outinratio 0.0816 

WplusH125_4l_absdetajj_mjj_genbin2_recobin3 acc 0.0034 eff 0.0393 outinratio 0.0907 

ttH125_4l_absdetajj_mjj_genbin2_recobin3 acc 0.0022 eff -1.0 outinratio 0.1288 

ZH125_4l_absdetajj_mjj_genbin2_recobin3 acc 0.0041 eff 0.0607 outinratio 0.0836 

ggH125_4l_absdetajj_mjj_genbin3_recobin3 acc 0.0057 eff 0.4105 outinratio 0.0502 

VBFH125_4l_absdetajj_mjj_genbin3_recobin3 acc 0.1453 eff 0.4936 outinratio 0.0361 

WminusH125_4l_absdetajj_mjj_genbin3_recobin3 acc 0.0032 eff 0.4258 outinratio 0.0816 

WplusH125_4l_absdetajj_mjj_genbin3_recobin3 acc 0.0033 eff 0.3946 outinratio 0.0907 

ttH125_4l_absdetajj_mjj_genbin3_recobin3 acc 0.0115 eff 0.5166 outinratio 0.1288 

ZH125_4l_absdetajj_mjj_genbin3_recobin3 acc 0.0036 eff 0.3581 outinratio 0.0836 

ggH125_4e_absdetajj_mjj_genbin0_recobin0 acc 0.3473 eff 0.2985 outinratio 0.0649 

VBFH125_4e_absdetajj_mjj_genbin0_recobin0 acc 0.2084 eff 0.3196 outinratio 0.0155 

WminusH125_4e_absdetajj_mjj_genbin0_recobin0 acc 0.191 eff 0.2812 outinratio 0.0762 

WplusH125_4e_absdetajj_mjj_genbin0_recobin0 acc 0.1719 eff 0.2722 outinratio 0.0737 

ttH125_4e_absdetajj_mjj_genbin0_recobin0 acc 0.0109 eff -1.0 outinratio 0.0 

ZH125_4e_absdetajj_mjj_genbin0_recobin0 acc 0.1739 eff 0.2903 outinratio 0.0641 

ggH125_4e_absdetajj_mjj_genbin1_recobin0 acc 0.0353 eff 0.0817 outinratio 0.0649 

VBFH125_4e_absdetajj_mjj_genbin1_recobin0 acc 0.0532 eff 0.0451 outinratio 0.0155 

WminusH125_4e_absdetajj_mjj_genbin1_recobin0 acc 0.1407 eff 0.0349 outinratio 0.0762 

WplusH125_4e_absdetajj_mjj_genbin1_recobin0 acc 0.127 eff 0.0305 outinratio 0.0737 

ttH125_4e_absdetajj_mjj_genbin1_recobin0 acc 0.2861 eff 0.0 outinratio 0.0 

ZH125_4e_absdetajj_mjj_genbin1_recobin0 acc 0.1544 eff 0.0239 outinratio 0.0641 

ggH125_4e_absdetajj_mjj_genbin2_recobin0 acc 0.0035 eff 0.2347 outinratio 0.0649 

VBFH125_4e_absdetajj_mjj_genbin2_recobin0 acc 0.0289 eff 0.0258 outinratio 0.0155 

WminusH125_4e_absdetajj_mjj_genbin2_recobin0 acc 0.0042 eff 0.024 outinratio 0.0762 

WplusH125_4e_absdetajj_mjj_genbin2_recobin0 acc 0.0032 eff 0.0691 outinratio 0.0737 

ttH125_4e_absdetajj_mjj_genbin2_recobin0 acc 0.0 eff -1.0 outinratio 0.0 

ZH125_4e_absdetajj_mjj_genbin2_recobin0 acc 0.0042 eff 0.0834 outinratio 0.0641 

ggH125_4e_absdetajj_mjj_genbin3_recobin0 acc 0.0044 eff 0.0591 outinratio 0.0649 

VBFH125_4e_absdetajj_mjj_genbin3_recobin0 acc 0.14 eff 0.0537 outinratio 0.0155 

WminusH125_4e_absdetajj_mjj_genbin3_recobin0 acc 0.0031 eff 0.0188 outinratio 0.0762 

WplusH125_4e_absdetajj_mjj_genbin3_recobin0 acc 0.0035 eff 0.033 outinratio 0.0737 

ttH125_4e_absdetajj_mjj_genbin3_recobin0 acc 0.0054 eff -1.0 outinratio 0.0 

ZH125_4e_absdetajj_mjj_genbin3_recobin0 acc 0.0038 eff 0.0937 outinratio 0.0641 

ggH125_4e_absdetajj_mjj_genbin0_recobin1 acc 0.3473 eff 0.0108 outinratio 0.0978 

VBFH125_4e_absdetajj_mjj_genbin0_recobin1 acc 0.2084 eff 0.0125 outinratio 0.0399 

WminusH125_4e_absdetajj_mjj_genbin0_recobin1 acc 0.191 eff 0.042 outinratio 0.0809 

WplusH125_4e_absdetajj_mjj_genbin0_recobin1 acc 0.1719 eff 0.0358 outinratio 0.0809 

ttH125_4e_absdetajj_mjj_genbin0_recobin1 acc 0.0109 eff -1.0 outinratio 0.2031 

ZH125_4e_absdetajj_mjj_genbin0_recobin1 acc 0.1739 eff 0.0322 outinratio 0.1237 

ggH125_4e_absdetajj_mjj_genbin1_recobin1 acc 0.0353 eff 0.2089 outinratio 0.0978 

VBFH125_4e_absdetajj_mjj_genbin1_recobin1 acc 0.0532 eff 0.259 outinratio 0.0399 

WminusH125_4e_absdetajj_mjj_genbin1_recobin1 acc 0.1407 eff 0.3072 outinratio 0.0809 

WplusH125_4e_absdetajj_mjj_genbin1_recobin1 acc 0.127 eff 0.2987 outinratio 0.0809 

ttH125_4e_absdetajj_mjj_genbin1_recobin1 acc 0.2861 eff 0.3877 outinratio 0.2031 

ZH125_4e_absdetajj_mjj_genbin1_recobin1 acc 0.1544 eff 0.2677 outinratio 0.1237 

ggH125_4e_absdetajj_mjj_genbin2_recobin1 acc 0.0035 eff 0.0657 outinratio 0.0978 

VBFH125_4e_absdetajj_mjj_genbin2_recobin1 acc 0.0289 eff 0.0294 outinratio 0.0399 

WminusH125_4e_absdetajj_mjj_genbin2_recobin1 acc 0.0042 eff 0.0613 outinratio 0.0809 

WplusH125_4e_absdetajj_mjj_genbin2_recobin1 acc 0.0032 eff 0.0764 outinratio 0.0809 

ttH125_4e_absdetajj_mjj_genbin2_recobin1 acc 0.0 eff -1.0 outinratio 0.2031 

ZH125_4e_absdetajj_mjj_genbin2_recobin1 acc 0.0042 eff 0.0 outinratio 0.1237 

ggH125_4e_absdetajj_mjj_genbin3_recobin1 acc 0.0044 eff 0.0 outinratio 0.0978 

VBFH125_4e_absdetajj_mjj_genbin3_recobin1 acc 0.14 eff 0.0009 outinratio 0.0399 

WminusH125_4e_absdetajj_mjj_genbin3_recobin1 acc 0.0031 eff 0.0242 outinratio 0.0809 

WplusH125_4e_absdetajj_mjj_genbin3_recobin1 acc 0.0035 eff 0.0448 outinratio 0.0809 

ttH125_4e_absdetajj_mjj_genbin3_recobin1 acc 0.0054 eff -1.0 outinratio 0.2031 

ZH125_4e_absdetajj_mjj_genbin3_recobin1 acc 0.0038 eff 0.0782 outinratio 0.1237 

ggH125_4e_absdetajj_mjj_genbin0_recobin2 acc 0.3473 eff 0.0016 outinratio 0.0377 

VBFH125_4e_absdetajj_mjj_genbin0_recobin2 acc 0.2084 eff 0.0168 outinratio 0.0262 

WminusH125_4e_absdetajj_mjj_genbin0_recobin2 acc 0.191 eff 0.0051 outinratio 0.1164 

WplusH125_4e_absdetajj_mjj_genbin0_recobin2 acc 0.1719 eff 0.0039 outinratio 0.1615 

ttH125_4e_absdetajj_mjj_genbin0_recobin2 acc 0.0109 eff -1.0 outinratio 0.0 

ZH125_4e_absdetajj_mjj_genbin0_recobin2 acc 0.1739 eff 0.0046 outinratio 0.0 

ggH125_4e_absdetajj_mjj_genbin1_recobin2 acc 0.0353 eff 0.0185 outinratio 0.0377 

VBFH125_4e_absdetajj_mjj_genbin1_recobin2 acc 0.0532 eff 0.0 outinratio 0.0262 

WminusH125_4e_absdetajj_mjj_genbin1_recobin2 acc 0.1407 eff 0.0031 outinratio 0.1164 

WplusH125_4e_absdetajj_mjj_genbin1_recobin2 acc 0.127 eff 0.0031 outinratio 0.1615 

ttH125_4e_absdetajj_mjj_genbin1_recobin2 acc 0.2861 eff 0.0027 outinratio 0.0 

ZH125_4e_absdetajj_mjj_genbin1_recobin2 acc 0.1544 eff 0.004 outinratio 0.0 

ggH125_4e_absdetajj_mjj_genbin2_recobin2 acc 0.0035 eff 0.0 outinratio 0.0377 

VBFH125_4e_absdetajj_mjj_genbin2_recobin2 acc 0.0289 eff 0.1763 outinratio 0.0262 

WminusH125_4e_absdetajj_mjj_genbin2_recobin2 acc 0.0042 eff 0.1763 outinratio 0.1164 

WplusH125_4e_absdetajj_mjj_genbin2_recobin2 acc 0.0032 eff 0.1507 outinratio 0.1615 

ttH125_4e_absdetajj_mjj_genbin2_recobin2 acc 0.0 eff -1.0 outinratio 0.0 

ZH125_4e_absdetajj_mjj_genbin2_recobin2 acc 0.0042 eff 0.1713 outinratio 0.0 

ggH125_4e_absdetajj_mjj_genbin3_recobin2 acc 0.0044 eff 0.0327 outinratio 0.0377 

VBFH125_4e_absdetajj_mjj_genbin3_recobin2 acc 0.14 eff 0.0129 outinratio 0.0262 

WminusH125_4e_absdetajj_mjj_genbin3_recobin2 acc 0.0031 eff 0.0323 outinratio 0.1164 

WplusH125_4e_absdetajj_mjj_genbin3_recobin2 acc 0.0035 eff 0.0117 outinratio 0.1615 

ttH125_4e_absdetajj_mjj_genbin3_recobin2 acc 0.0054 eff -1.0 outinratio 0.0 

ZH125_4e_absdetajj_mjj_genbin3_recobin2 acc 0.0038 eff 0.0 outinratio 0.0 

ggH125_4e_absdetajj_mjj_genbin0_recobin3 acc 0.3473 eff 0.0033 outinratio 0.0 

VBFH125_4e_absdetajj_mjj_genbin0_recobin3 acc 0.2084 eff 0.016 outinratio 0.0128 

WminusH125_4e_absdetajj_mjj_genbin0_recobin3 acc 0.191 eff 0.0032 outinratio 0.0912 

WplusH125_4e_absdetajj_mjj_genbin0_recobin3 acc 0.1719 eff 0.0025 outinratio 0.0631 

ttH125_4e_absdetajj_mjj_genbin0_recobin3 acc 0.0109 eff -1.0 outinratio 0.0 

ZH125_4e_absdetajj_mjj_genbin0_recobin3 acc 0.1739 eff 0.0023 outinratio 0.2682 

ggH125_4e_absdetajj_mjj_genbin1_recobin3 acc 0.0353 eff 0.0 outinratio 0.0 

VBFH125_4e_absdetajj_mjj_genbin1_recobin3 acc 0.0532 eff 0.0257 outinratio 0.0128 

WminusH125_4e_absdetajj_mjj_genbin1_recobin3 acc 0.1407 eff 0.0038 outinratio 0.0912 

WplusH125_4e_absdetajj_mjj_genbin1_recobin3 acc 0.127 eff 0.0029 outinratio 0.0631 

ttH125_4e_absdetajj_mjj_genbin1_recobin3 acc 0.2861 eff 0.0018 outinratio 0.0 

ZH125_4e_absdetajj_mjj_genbin1_recobin3 acc 0.1544 eff 0.0082 outinratio 0.2682 

ggH125_4e_absdetajj_mjj_genbin2_recobin3 acc 0.0035 eff 0.1446 outinratio 0.0 

VBFH125_4e_absdetajj_mjj_genbin2_recobin3 acc 0.0289 eff 0.0258 outinratio 0.0128 

WminusH125_4e_absdetajj_mjj_genbin2_recobin3 acc 0.0042 eff 0.0235 outinratio 0.0912 

WplusH125_4e_absdetajj_mjj_genbin2_recobin3 acc 0.0032 eff 0.0158 outinratio 0.0631 

ttH125_4e_absdetajj_mjj_genbin2_recobin3 acc 0.0 eff -1.0 outinratio 0.0 

ZH125_4e_absdetajj_mjj_genbin2_recobin3 acc 0.0042 eff 0.0721 outinratio 0.2682 

ggH125_4e_absdetajj_mjj_genbin3_recobin3 acc 0.0044 eff 0.2487 outinratio 0.0 

VBFH125_4e_absdetajj_mjj_genbin3_recobin3 acc 0.14 eff 0.3042 outinratio 0.0128 

WminusH125_4e_absdetajj_mjj_genbin3_recobin3 acc 0.0031 eff 0.269 outinratio 0.0912 

WplusH125_4e_absdetajj_mjj_genbin3_recobin3 acc 0.0035 eff 0.22 outinratio 0.0631 

ttH125_4e_absdetajj_mjj_genbin3_recobin3 acc 0.0054 eff -1.0 outinratio 0.0 

ZH125_4e_absdetajj_mjj_genbin3_recobin3 acc 0.0038 eff 0.2111 outinratio 0.2682 

ggH125_4mu_absdetajj_mjj_genbin0_recobin0 acc 0.3765 eff 0.7728 outinratio 0.0531 

VBFH125_4mu_absdetajj_mjj_genbin0_recobin0 acc 0.2353 eff 0.7185 outinratio 0.0335 

WminusH125_4mu_absdetajj_mjj_genbin0_recobin0 acc 0.2111 eff 0.6867 outinratio 0.0624 

WplusH125_4mu_absdetajj_mjj_genbin0_recobin0 acc 0.1805 eff 0.6768 outinratio 0.0583 

ttH125_4mu_absdetajj_mjj_genbin0_recobin0 acc 0.0068 eff -1.0 outinratio 0.0 

ZH125_4mu_absdetajj_mjj_genbin0_recobin0 acc 0.1973 eff 0.6657 outinratio 0.0729 

ggH125_4mu_absdetajj_mjj_genbin1_recobin0 acc 0.0378 eff 0.0904 outinratio 0.0531 

VBFH125_4mu_absdetajj_mjj_genbin1_recobin0 acc 0.0728 eff 0.0636 outinratio 0.0335 

WminusH125_4mu_absdetajj_mjj_genbin1_recobin0 acc 0.1536 eff 0.0887 outinratio 0.0624 

WplusH125_4mu_absdetajj_mjj_genbin1_recobin0 acc 0.1349 eff 0.0801 outinratio 0.0583 

ttH125_4mu_absdetajj_mjj_genbin1_recobin0 acc 0.3034 eff 0.0084 outinratio 0.0 

ZH125_4mu_absdetajj_mjj_genbin1_recobin0 acc 0.1625 eff 0.0972 outinratio 0.0729 

ggH125_4mu_absdetajj_mjj_genbin2_recobin0 acc 0.0033 eff 0.2354 outinratio 0.0531 

VBFH125_4mu_absdetajj_mjj_genbin2_recobin0 acc 0.0359 eff 0.2063 outinratio 0.0335 

WminusH125_4mu_absdetajj_mjj_genbin2_recobin0 acc 0.0046 eff 0.1081 outinratio 0.0624 

WplusH125_4mu_absdetajj_mjj_genbin2_recobin0 acc 0.0038 eff 0.0988 outinratio 0.0583 

ttH125_4mu_absdetajj_mjj_genbin2_recobin0 acc 0.0027 eff -1.0 outinratio 0.0 

ZH125_4mu_absdetajj_mjj_genbin2_recobin0 acc 0.0043 eff 0.0603 outinratio 0.0729 

ggH125_4mu_absdetajj_mjj_genbin3_recobin0 acc 0.0067 eff 0.0316 outinratio 0.0531 

VBFH125_4mu_absdetajj_mjj_genbin3_recobin0 acc 0.1528 eff 0.0726 outinratio 0.0335 

WminusH125_4mu_absdetajj_mjj_genbin3_recobin0 acc 0.0035 eff 0.0761 outinratio 0.0624 

WplusH125_4mu_absdetajj_mjj_genbin3_recobin0 acc 0.0036 eff 0.0454 outinratio 0.0583 

ttH125_4mu_absdetajj_mjj_genbin3_recobin0 acc 0.015 eff 0.0 outinratio 0.0 

ZH125_4mu_absdetajj_mjj_genbin3_recobin0 acc 0.0037 eff 0.0 outinratio 0.0729 

ggH125_4mu_absdetajj_mjj_genbin0_recobin1 acc 0.3765 eff 0.0217 outinratio 0.0844 

VBFH125_4mu_absdetajj_mjj_genbin0_recobin1 acc 0.2353 eff 0.0543 outinratio 0.033 

WminusH125_4mu_absdetajj_mjj_genbin0_recobin1 acc 0.2111 eff 0.0963 outinratio 0.0682 

WplusH125_4mu_absdetajj_mjj_genbin0_recobin1 acc 0.1805 eff 0.0993 outinratio 0.0765 

ttH125_4mu_absdetajj_mjj_genbin0_recobin1 acc 0.0068 eff -1.0 outinratio 0.1181 

ZH125_4mu_absdetajj_mjj_genbin0_recobin1 acc 0.1973 eff 0.0765 outinratio 0.0843 

ggH125_4mu_absdetajj_mjj_genbin1_recobin1 acc 0.0378 eff 0.6437 outinratio 0.0844 

VBFH125_4mu_absdetajj_mjj_genbin1_recobin1 acc 0.0728 eff 0.7178 outinratio 0.033 

WminusH125_4mu_absdetajj_mjj_genbin1_recobin1 acc 0.1536 eff 0.7147 outinratio 0.0682 

WplusH125_4mu_absdetajj_mjj_genbin1_recobin1 acc 0.1349 eff 0.7172 outinratio 0.0765 

ttH125_4mu_absdetajj_mjj_genbin1_recobin1 acc 0.3034 eff 0.8232 outinratio 0.1181 

ZH125_4mu_absdetajj_mjj_genbin1_recobin1 acc 0.1625 eff 0.7179 outinratio 0.0843 

ggH125_4mu_absdetajj_mjj_genbin2_recobin1 acc 0.0033 eff 0.1501 outinratio 0.0844 

VBFH125_4mu_absdetajj_mjj_genbin2_recobin1 acc 0.0359 eff 0.0193 outinratio 0.033 

WminusH125_4mu_absdetajj_mjj_genbin2_recobin1 acc 0.0046 eff 0.1657 outinratio 0.0682 

WplusH125_4mu_absdetajj_mjj_genbin2_recobin1 acc 0.0038 eff 0.1981 outinratio 0.0765 

ttH125_4mu_absdetajj_mjj_genbin2_recobin1 acc 0.0027 eff -1.0 outinratio 0.1181 

ZH125_4mu_absdetajj_mjj_genbin2_recobin1 acc 0.0043 eff 0.1262 outinratio 0.0843 

ggH125_4mu_absdetajj_mjj_genbin3_recobin1 acc 0.0067 eff 0.0502 outinratio 0.0844 

VBFH125_4mu_absdetajj_mjj_genbin3_recobin1 acc 0.1528 eff 0.0072 outinratio 0.033 

WminusH125_4mu_absdetajj_mjj_genbin3_recobin1 acc 0.0035 eff 0.1901 outinratio 0.0682 

WplusH125_4mu_absdetajj_mjj_genbin3_recobin1 acc 0.0036 eff 0.1051 outinratio 0.0765 

ttH125_4mu_absdetajj_mjj_genbin3_recobin1 acc 0.015 eff 0.0 outinratio 0.1181 

ZH125_4mu_absdetajj_mjj_genbin3_recobin1 acc 0.0037 eff 0.2552 outinratio 0.0843 

ggH125_4mu_absdetajj_mjj_genbin0_recobin2 acc 0.3765 eff 0.0113 outinratio 0.0721 

VBFH125_4mu_absdetajj_mjj_genbin0_recobin2 acc 0.2353 eff 0.0216 outinratio 0.0774 

WminusH125_4mu_absdetajj_mjj_genbin0_recobin2 acc 0.2111 eff 0.011 outinratio 0.0882 

WplusH125_4mu_absdetajj_mjj_genbin0_recobin2 acc 0.1805 eff 0.0103 outinratio 0.1007 

ttH125_4mu_absdetajj_mjj_genbin0_recobin2 acc 0.0068 eff -1.0 outinratio 0.6244 

ZH125_4mu_absdetajj_mjj_genbin0_recobin2 acc 0.1973 eff 0.0146 outinratio 0.0357 

ggH125_4mu_absdetajj_mjj_genbin1_recobin2 acc 0.0378 eff 0.0086 outinratio 0.0721 

VBFH125_4mu_absdetajj_mjj_genbin1_recobin2 acc 0.0728 eff 0.0228 outinratio 0.0774 

WminusH125_4mu_absdetajj_mjj_genbin1_recobin2 acc 0.1536 eff 0.0077 outinratio 0.0882 

WplusH125_4mu_absdetajj_mjj_genbin1_recobin2 acc 0.1349 eff 0.0081 outinratio 0.1007 

ttH125_4mu_absdetajj_mjj_genbin1_recobin2 acc 0.3034 eff 0.0 outinratio 0.6244 

ZH125_4mu_absdetajj_mjj_genbin1_recobin2 acc 0.1625 eff 0.0051 outinratio 0.0357 

ggH125_4mu_absdetajj_mjj_genbin2_recobin2 acc 0.0033 eff 0.1309 outinratio 0.0721 

VBFH125_4mu_absdetajj_mjj_genbin2_recobin2 acc 0.0359 eff 0.4595 outinratio 0.0774 

WminusH125_4mu_absdetajj_mjj_genbin2_recobin2 acc 0.0046 eff 0.4333 outinratio 0.0882 

WplusH125_4mu_absdetajj_mjj_genbin2_recobin2 acc 0.0038 eff 0.4282 outinratio 0.1007 

ttH125_4mu_absdetajj_mjj_genbin2_recobin2 acc 0.0027 eff -1.0 outinratio 0.6244 

ZH125_4mu_absdetajj_mjj_genbin2_recobin2 acc 0.0043 eff 0.6883 outinratio 0.0357 

ggH125_4mu_absdetajj_mjj_genbin3_recobin2 acc 0.0067 eff 0.0724 outinratio 0.0721 

VBFH125_4mu_absdetajj_mjj_genbin3_recobin2 acc 0.1528 eff 0.013 outinratio 0.0774 

WminusH125_4mu_absdetajj_mjj_genbin3_recobin2 acc 0.0035 eff 0.0732 outinratio 0.0882 

WplusH125_4mu_absdetajj_mjj_genbin3_recobin2 acc 0.0036 eff 0.0216 outinratio 0.1007 

ttH125_4mu_absdetajj_mjj_genbin3_recobin2 acc 0.015 eff 0.0645 outinratio 0.6244 

ZH125_4mu_absdetajj_mjj_genbin3_recobin2 acc 0.0037 eff 0.0 outinratio 0.0357 

ggH125_4mu_absdetajj_mjj_genbin0_recobin3 acc 0.3765 eff 0.0039 outinratio 0.1189 

VBFH125_4mu_absdetajj_mjj_genbin0_recobin3 acc 0.2353 eff 0.0567 outinratio 0.0296 

WminusH125_4mu_absdetajj_mjj_genbin0_recobin3 acc 0.2111 eff 0.0085 outinratio 0.0757 

WplusH125_4mu_absdetajj_mjj_genbin0_recobin3 acc 0.1805 eff 0.0075 outinratio 0.0906 

ttH125_4mu_absdetajj_mjj_genbin0_recobin3 acc 0.0068 eff -1.0 outinratio 0.1984 

ZH125_4mu_absdetajj_mjj_genbin0_recobin3 acc 0.1973 eff 0.0087 outinratio 0.0684 

ggH125_4mu_absdetajj_mjj_genbin1_recobin3 acc 0.0378 eff 0.0044 outinratio 0.1189 

VBFH125_4mu_absdetajj_mjj_genbin1_recobin3 acc 0.0728 eff 0.0376 outinratio 0.0296 

WminusH125_4mu_absdetajj_mjj_genbin1_recobin3 acc 0.1536 eff 0.0046 outinratio 0.0757 

WplusH125_4mu_absdetajj_mjj_genbin1_recobin3 acc 0.1349 eff 0.0065 outinratio 0.0906 

ttH125_4mu_absdetajj_mjj_genbin1_recobin3 acc 0.3034 eff 0.0116 outinratio 0.1984 

ZH125_4mu_absdetajj_mjj_genbin1_recobin3 acc 0.1625 eff 0.0029 outinratio 0.0684 

ggH125_4mu_absdetajj_mjj_genbin2_recobin3 acc 0.0033 eff 0.1699 outinratio 0.1189 

VBFH125_4mu_absdetajj_mjj_genbin2_recobin3 acc 0.0359 eff 0.1381 outinratio 0.0296 

WminusH125_4mu_absdetajj_mjj_genbin2_recobin3 acc 0.0046 eff 0.0533 outinratio 0.0757 

WplusH125_4mu_absdetajj_mjj_genbin2_recobin3 acc 0.0038 eff 0.0792 outinratio 0.0906 

ttH125_4mu_absdetajj_mjj_genbin2_recobin3 acc 0.0027 eff -1.0 outinratio 0.1984 

ZH125_4mu_absdetajj_mjj_genbin2_recobin3 acc 0.0043 eff 0.0685 outinratio 0.0684 

ggH125_4mu_absdetajj_mjj_genbin3_recobin3 acc 0.0067 eff 0.6401 outinratio 0.1189 

VBFH125_4mu_absdetajj_mjj_genbin3_recobin3 acc 0.1528 eff 0.7237 outinratio 0.0296 

WminusH125_4mu_absdetajj_mjj_genbin3_recobin3 acc 0.0035 eff 0.5802 outinratio 0.0757 

WplusH125_4mu_absdetajj_mjj_genbin3_recobin3 acc 0.0036 eff 0.6346 outinratio 0.0906 

ttH125_4mu_absdetajj_mjj_genbin3_recobin3 acc 0.015 eff 0.7961 outinratio 0.1984 

ZH125_4mu_absdetajj_mjj_genbin3_recobin3 acc 0.0037 eff 0.481 outinratio 0.0684 

ggH125_2e2mu_absdetajj_mjj_genbin0_recobin0 acc 0.3592 eff 0.4953 outinratio 0.0496 

VBFH125_2e2mu_absdetajj_mjj_genbin0_recobin0 acc 0.2052 eff 0.4483 outinratio 0.0635 

WminusH125_2e2mu_absdetajj_mjj_genbin0_recobin0 acc 0.1918 eff 0.4346 outinratio 0.0757 

WplusH125_2e2mu_absdetajj_mjj_genbin0_recobin0 acc 0.1671 eff 0.4276 outinratio 0.0784 

ttH125_2e2mu_absdetajj_mjj_genbin0_recobin0 acc 0.0038 eff -1.0 outinratio 0.0 

ZH125_2e2mu_absdetajj_mjj_genbin0_recobin0 acc 0.1688 eff 0.4438 outinratio 0.0884 

ggH125_2e2mu_absdetajj_mjj_genbin1_recobin0 acc 0.0303 eff 0.0837 outinratio 0.0496 

VBFH125_2e2mu_absdetajj_mjj_genbin1_recobin0 acc 0.0544 eff 0.0576 outinratio 0.0635 

WminusH125_2e2mu_absdetajj_mjj_genbin1_recobin0 acc 0.1433 eff 0.0592 outinratio 0.0757 

WplusH125_2e2mu_absdetajj_mjj_genbin1_recobin0 acc 0.1289 eff 0.0524 outinratio 0.0784 

ttH125_2e2mu_absdetajj_mjj_genbin1_recobin0 acc 0.2818 eff 0.0022 outinratio 0.0 

ZH125_2e2mu_absdetajj_mjj_genbin1_recobin0 acc 0.1457 eff 0.0701 outinratio 0.0884 

ggH125_2e2mu_absdetajj_mjj_genbin2_recobin0 acc 0.0045 eff 0.0237 outinratio 0.0496 

VBFH125_2e2mu_absdetajj_mjj_genbin2_recobin0 acc 0.0334 eff 0.1573 outinratio 0.0635 

WminusH125_2e2mu_absdetajj_mjj_genbin2_recobin0 acc 0.0038 eff 0.1094 outinratio 0.0757 

WplusH125_2e2mu_absdetajj_mjj_genbin2_recobin0 acc 0.0034 eff 0.1102 outinratio 0.0784 

ttH125_2e2mu_absdetajj_mjj_genbin2_recobin0 acc 0.003 eff -1.0 outinratio 0.0 

ZH125_2e2mu_absdetajj_mjj_genbin2_recobin0 acc 0.004 eff 0.0811 outinratio 0.0884 

ggH125_2e2mu_absdetajj_mjj_genbin3_recobin0 acc 0.0058 eff 0.1362 outinratio 0.0496 

VBFH125_2e2mu_absdetajj_mjj_genbin3_recobin0 acc 0.144 eff 0.0738 outinratio 0.0635 

WminusH125_2e2mu_absdetajj_mjj_genbin3_recobin0 acc 0.003 eff 0.0402 outinratio 0.0757 

WplusH125_2e2mu_absdetajj_mjj_genbin3_recobin0 acc 0.0031 eff 0.0153 outinratio 0.0784 

ttH125_2e2mu_absdetajj_mjj_genbin3_recobin0 acc 0.0129 eff 0.0 outinratio 0.0 

ZH125_2e2mu_absdetajj_mjj_genbin3_recobin0 acc 0.0034 eff 0.0258 outinratio 0.0884 

ggH125_2e2mu_absdetajj_mjj_genbin0_recobin1 acc 0.3592 eff 0.0206 outinratio 0.0443 

VBFH125_2e2mu_absdetajj_mjj_genbin0_recobin1 acc 0.2052 eff 0.0183 outinratio 0.0547 

WminusH125_2e2mu_absdetajj_mjj_genbin0_recobin1 acc 0.1918 eff 0.066 outinratio 0.0866 

WplusH125_2e2mu_absdetajj_mjj_genbin0_recobin1 acc 0.1671 eff 0.0599 outinratio 0.0867 

ttH125_2e2mu_absdetajj_mjj_genbin0_recobin1 acc 0.0038 eff -1.0 outinratio 0.1778 

ZH125_2e2mu_absdetajj_mjj_genbin0_recobin1 acc 0.1688 eff 0.0704 outinratio 0.0852 

ggH125_2e2mu_absdetajj_mjj_genbin1_recobin1 acc 0.0303 eff 0.4775 outinratio 0.0443 

VBFH125_2e2mu_absdetajj_mjj_genbin1_recobin1 acc 0.0544 eff 0.353 outinratio 0.0547 

WminusH125_2e2mu_absdetajj_mjj_genbin1_recobin1 acc 0.1433 eff 0.4689 outinratio 0.0866 

WplusH125_2e2mu_absdetajj_mjj_genbin1_recobin1 acc 0.1289 eff 0.4667 outinratio 0.0867 

ttH125_2e2mu_absdetajj_mjj_genbin1_recobin1 acc 0.2818 eff 0.5146 outinratio 0.1778 

ZH125_2e2mu_absdetajj_mjj_genbin1_recobin1 acc 0.1457 eff 0.461 outinratio 0.0852 

ggH125_2e2mu_absdetajj_mjj_genbin2_recobin1 acc 0.0045 eff 0.0913 outinratio 0.0443 

VBFH125_2e2mu_absdetajj_mjj_genbin2_recobin1 acc 0.0334 eff 0.0196 outinratio 0.0547 

WminusH125_2e2mu_absdetajj_mjj_genbin2_recobin1 acc 0.0038 eff 0.0946 outinratio 0.0866 

WplusH125_2e2mu_absdetajj_mjj_genbin2_recobin1 acc 0.0034 eff 0.1162 outinratio 0.0867 

ttH125_2e2mu_absdetajj_mjj_genbin2_recobin1 acc 0.003 eff -1.0 outinratio 0.1778 

ZH125_2e2mu_absdetajj_mjj_genbin2_recobin1 acc 0.004 eff 0.0664 outinratio 0.0852 

ggH125_2e2mu_absdetajj_mjj_genbin3_recobin1 acc 0.0058 eff 0.0256 outinratio 0.0443 

VBFH125_2e2mu_absdetajj_mjj_genbin3_recobin1 acc 0.144 eff 0.0101 outinratio 0.0547 

WminusH125_2e2mu_absdetajj_mjj_genbin3_recobin1 acc 0.003 eff 0.0781 outinratio 0.0866 

WplusH125_2e2mu_absdetajj_mjj_genbin3_recobin1 acc 0.0031 eff 0.0909 outinratio 0.0867 

ttH125_2e2mu_absdetajj_mjj_genbin3_recobin1 acc 0.0129 eff 0.1271 outinratio 0.1778 

ZH125_2e2mu_absdetajj_mjj_genbin3_recobin1 acc 0.0034 eff 0.0963 outinratio 0.0852 

ggH125_2e2mu_absdetajj_mjj_genbin0_recobin2 acc 0.3592 eff 0.0026 outinratio 0.0561 

VBFH125_2e2mu_absdetajj_mjj_genbin0_recobin2 acc 0.2052 eff 0.0137 outinratio 0.0222 

WminusH125_2e2mu_absdetajj_mjj_genbin0_recobin2 acc 0.1918 eff 0.0068 outinratio 0.0821 

WplusH125_2e2mu_absdetajj_mjj_genbin0_recobin2 acc 0.1671 eff 0.0071 outinratio 0.0626 

ttH125_2e2mu_absdetajj_mjj_genbin0_recobin2 acc 0.0038 eff -1.0 outinratio 0.0 

ZH125_2e2mu_absdetajj_mjj_genbin0_recobin2 acc 0.1688 eff 0.0065 outinratio 0.2608 

ggH125_2e2mu_absdetajj_mjj_genbin1_recobin2 acc 0.0303 eff 0.0 outinratio 0.0561 

VBFH125_2e2mu_absdetajj_mjj_genbin1_recobin2 acc 0.0544 eff 0.0051 outinratio 0.0222 

WminusH125_2e2mu_absdetajj_mjj_genbin1_recobin2 acc 0.1433 eff 0.0052 outinratio 0.0821 

WplusH125_2e2mu_absdetajj_mjj_genbin1_recobin2 acc 0.1289 eff 0.0037 outinratio 0.0626 

ttH125_2e2mu_absdetajj_mjj_genbin1_recobin2 acc 0.2818 eff 0.0 outinratio 0.0 

ZH125_2e2mu_absdetajj_mjj_genbin1_recobin2 acc 0.1457 eff 0.0052 outinratio 0.2608 

ggH125_2e2mu_absdetajj_mjj_genbin2_recobin2 acc 0.0045 eff 0.2501 outinratio 0.0561 

VBFH125_2e2mu_absdetajj_mjj_genbin2_recobin2 acc 0.0334 eff 0.3359 outinratio 0.0222 

WminusH125_2e2mu_absdetajj_mjj_genbin2_recobin2 acc 0.0038 eff 0.3194 outinratio 0.0821 

WplusH125_2e2mu_absdetajj_mjj_genbin2_recobin2 acc 0.0034 eff 0.2908 outinratio 0.0626 

ttH125_2e2mu_absdetajj_mjj_genbin2_recobin2 acc 0.003 eff -1.0 outinratio 0.0 

ZH125_2e2mu_absdetajj_mjj_genbin2_recobin2 acc 0.004 eff 0.1966 outinratio 0.2608 

ggH125_2e2mu_absdetajj_mjj_genbin3_recobin2 acc 0.0058 eff 0.0096 outinratio 0.0561 

VBFH125_2e2mu_absdetajj_mjj_genbin3_recobin2 acc 0.144 eff 0.0028 outinratio 0.0222 

WminusH125_2e2mu_absdetajj_mjj_genbin3_recobin2 acc 0.003 eff 0.0145 outinratio 0.0821 

WplusH125_2e2mu_absdetajj_mjj_genbin3_recobin2 acc 0.0031 eff 0.0376 outinratio 0.0626 

ttH125_2e2mu_absdetajj_mjj_genbin3_recobin2 acc 0.0129 eff 0.0 outinratio 0.0 

ZH125_2e2mu_absdetajj_mjj_genbin3_recobin2 acc 0.0034 eff 0.0 outinratio 0.2608 

ggH125_2e2mu_absdetajj_mjj_genbin0_recobin3 acc 0.3592 eff 0.0053 outinratio 0.0158 

VBFH125_2e2mu_absdetajj_mjj_genbin0_recobin3 acc 0.2052 eff 0.0367 outinratio 0.0499 

WminusH125_2e2mu_absdetajj_mjj_genbin0_recobin3 acc 0.1918 eff 0.0048 outinratio 0.0833 

WplusH125_2e2mu_absdetajj_mjj_genbin0_recobin3 acc 0.1671 eff 0.0052 outinratio 0.0999 

ttH125_2e2mu_absdetajj_mjj_genbin0_recobin3 acc 0.0038 eff -1.0 outinratio 0.065 

ZH125_2e2mu_absdetajj_mjj_genbin0_recobin3 acc 0.1688 eff 0.01 outinratio 0.0252 

ggH125_2e2mu_absdetajj_mjj_genbin1_recobin3 acc 0.0303 eff 0.024 outinratio 0.0158 

VBFH125_2e2mu_absdetajj_mjj_genbin1_recobin3 acc 0.0544 eff 0.0373 outinratio 0.0499 

WminusH125_2e2mu_absdetajj_mjj_genbin1_recobin3 acc 0.1433 eff 0.0044 outinratio 0.0833 

WplusH125_2e2mu_absdetajj_mjj_genbin1_recobin3 acc 0.1289 eff 0.0048 outinratio 0.0999 

ttH125_2e2mu_absdetajj_mjj_genbin1_recobin3 acc 0.2818 eff 0.0089 outinratio 0.065 

ZH125_2e2mu_absdetajj_mjj_genbin1_recobin3 acc 0.1457 eff 0.0062 outinratio 0.0252 

ggH125_2e2mu_absdetajj_mjj_genbin2_recobin3 acc 0.0045 eff 0.046 outinratio 0.0158 

VBFH125_2e2mu_absdetajj_mjj_genbin2_recobin3 acc 0.0334 eff 0.057 outinratio 0.0499 

WminusH125_2e2mu_absdetajj_mjj_genbin2_recobin3 acc 0.0038 eff 0.0379 outinratio 0.0833 

WplusH125_2e2mu_absdetajj_mjj_genbin2_recobin3 acc 0.0034 eff 0.0272 outinratio 0.0999 

ttH125_2e2mu_absdetajj_mjj_genbin2_recobin3 acc 0.003 eff -1.0 outinratio 0.065 

ZH125_2e2mu_absdetajj_mjj_genbin2_recobin3 acc 0.004 eff 0.0495 outinratio 0.0252 

ggH125_2e2mu_absdetajj_mjj_genbin3_recobin3 acc 0.0058 eff 0.3359 outinratio 0.0158 

VBFH125_2e2mu_absdetajj_mjj_genbin3_recobin3 acc 0.144 eff 0.4559 outinratio 0.0499 

WminusH125_2e2mu_absdetajj_mjj_genbin3_recobin3 acc 0.003 eff 0.4156 outinratio 0.0833 

WplusH125_2e2mu_absdetajj_mjj_genbin3_recobin3 acc 0.0031 eff 0.3515 outinratio 0.0999 

ttH125_2e2mu_absdetajj_mjj_genbin3_recobin3 acc 0.0129 eff 0.4254 outinratio 0.065 

ZH125_2e2mu_absdetajj_mjj_genbin3_recobin3 acc 0.0034 eff 0.3724 outinratio 0.0252 

Coeff fullNNLOPS
