Welcome in RunCoefficients!
['2023postBPix_1']
It is a double-differential measurement, binning for the 1st variable {0: [-100.0, 0.0], 1: [0.0, 3.0], 2: [3.0, 10.0], 3: [3.0, 10.0]} and for the 2nd variable {0: [-100.0, 0.0], 1: [0.0, 10000.0], 2: [0.0, 450.0], 3: [450.0, 10000.0]}
{0: [-100.0, 0.0, -100.0, 0.0], 1: [0.0, 3.0, 0.0, 10000.0], 2: [3.0, 10.0, 0.0, 450.0], 3: [3.0, 10.0, 450.0, 10000.0]}
absdetajj
Following observables extracted from dictionary: RECO =  absdetajj  GEN =  GENabsdetajj
It is a double-differential measurement: RECO_2nd =  mjj  GEN_2nd =  GENmjj
LUMI: 9.693
ttH124 0.00043539403
Processing ggH124 2023postBPix_1
Signal created
Signal failed created
Processing VBFH124 2023postBPix_1
Signal created
Signal failed created
Processing WminusH124 2023postBPix_1
Signal created
Signal failed created
Processing WplusH124 2023postBPix_1
Signal created
Signal failed created
Processing ZH124 2023postBPix_1
Signal created
Signal failed created
Processing ttH124 2023postBPix_1
Signal created
Signal failed created
2023postBPix_1 SKIMMED df CREATED
2023postBPix_1 ggH124
2023postBPix_1 VBFH124
2023postBPix_1 WminusH124
2023postBPix_1 WplusH124
2023postBPix_1 ZH124
2023postBPix_1 ttH124
Dataframes created successfully
Coeff std
ggH124_4l_absdetajj_mjj_genbin0_recobin0 acc 0.3912 eff 0.5589 outinratio 0.0073 

VBFH124_4l_absdetajj_mjj_genbin0_recobin0 acc 0.2818 eff 0.5269 outinratio 0.0086 

WminusH124_4l_absdetajj_mjj_genbin0_recobin0 acc 0.2325 eff 0.4727 outinratio 0.0201 

WplusH124_4l_absdetajj_mjj_genbin0_recobin0 acc 0.2004 eff 0.4685 outinratio 0.0181 

ZH124_4l_absdetajj_mjj_genbin0_recobin0 acc 0.204 eff 0.4745 outinratio 0.068 

ttH124_4l_absdetajj_mjj_genbin0_recobin0 acc 0.0132 eff 0.1672 outinratio 0.079 

ggH124_4l_absdetajj_mjj_genbin1_recobin0 acc 0.0347 eff 0.0997 outinratio 0.0073 

VBFH124_4l_absdetajj_mjj_genbin1_recobin0 acc 0.0566 eff 0.0827 outinratio 0.0086 

WminusH124_4l_absdetajj_mjj_genbin1_recobin0 acc 0.1612 eff 0.0666 outinratio 0.0201 

WplusH124_4l_absdetajj_mjj_genbin1_recobin0 acc 0.1466 eff 0.0618 outinratio 0.0181 

ZH124_4l_absdetajj_mjj_genbin1_recobin0 acc 0.1681 eff 0.0818 outinratio 0.068 

ttH124_4l_absdetajj_mjj_genbin1_recobin0 acc 0.4349 eff 0.0067 outinratio 0.079 

ggH124_4l_absdetajj_mjj_genbin2_recobin0 acc 0.004 eff 0.1619 outinratio 0.0073 

VBFH124_4l_absdetajj_mjj_genbin2_recobin0 acc 0.0234 eff 0.1542 outinratio 0.0086 

WminusH124_4l_absdetajj_mjj_genbin2_recobin0 acc 0.0034 eff 0.0914 outinratio 0.0201 

WplusH124_4l_absdetajj_mjj_genbin2_recobin0 acc 0.0031 eff 0.0996 outinratio 0.0181 

ZH124_4l_absdetajj_mjj_genbin2_recobin0 acc 0.0032 eff 0.0971 outinratio 0.068 

ttH124_4l_absdetajj_mjj_genbin2_recobin0 acc 0.0037 eff 0.0431 outinratio 0.079 

ggH124_4l_absdetajj_mjj_genbin3_recobin0 acc 0.0035 eff 0.065 outinratio 0.0073 

VBFH124_4l_absdetajj_mjj_genbin3_recobin0 acc 0.1076 eff 0.0842 outinratio 0.0086 

WminusH124_4l_absdetajj_mjj_genbin3_recobin0 acc 0.003 eff 0.0311 outinratio 0.0201 

WplusH124_4l_absdetajj_mjj_genbin3_recobin0 acc 0.0031 eff 0.0297 outinratio 0.0181 

ZH124_4l_absdetajj_mjj_genbin3_recobin0 acc 0.0022 eff 0.0189 outinratio 0.068 

ttH124_4l_absdetajj_mjj_genbin3_recobin0 acc 0.0178 eff 0.0074 outinratio 0.079 

ggH124_4l_absdetajj_mjj_genbin0_recobin1 acc 0.3912 eff 0.0145 outinratio 0.0101 

VBFH124_4l_absdetajj_mjj_genbin0_recobin1 acc 0.2818 eff 0.0228 outinratio 0.0078 

WminusH124_4l_absdetajj_mjj_genbin0_recobin1 acc 0.2325 eff 0.0647 outinratio 0.0106 

WplusH124_4l_absdetajj_mjj_genbin0_recobin1 acc 0.2004 eff 0.0633 outinratio 0.0122 

ZH124_4l_absdetajj_mjj_genbin0_recobin1 acc 0.204 eff 0.0641 outinratio 0.0241 

ttH124_4l_absdetajj_mjj_genbin0_recobin1 acc 0.0132 eff 0.2363 outinratio 0.0376 

ggH124_4l_absdetajj_mjj_genbin1_recobin1 acc 0.0347 eff 0.4967 outinratio 0.0101 

VBFH124_4l_absdetajj_mjj_genbin1_recobin1 acc 0.0566 eff 0.5138 outinratio 0.0078 

WminusH124_4l_absdetajj_mjj_genbin1_recobin1 acc 0.1612 eff 0.5022 outinratio 0.0106 

WplusH124_4l_absdetajj_mjj_genbin1_recobin1 acc 0.1466 eff 0.4959 outinratio 0.0122 

ZH124_4l_absdetajj_mjj_genbin1_recobin1 acc 0.1681 eff 0.5019 outinratio 0.0241 

ttH124_4l_absdetajj_mjj_genbin1_recobin1 acc 0.4349 eff 0.4376 outinratio 0.0376 

ggH124_4l_absdetajj_mjj_genbin2_recobin1 acc 0.004 eff 0.0408 outinratio 0.0101 

VBFH124_4l_absdetajj_mjj_genbin2_recobin1 acc 0.0234 eff 0.0287 outinratio 0.0078 

WminusH124_4l_absdetajj_mjj_genbin2_recobin1 acc 0.0034 eff 0.1112 outinratio 0.0106 

WplusH124_4l_absdetajj_mjj_genbin2_recobin1 acc 0.0031 eff 0.1176 outinratio 0.0122 

ZH124_4l_absdetajj_mjj_genbin2_recobin1 acc 0.0032 eff 0.076 outinratio 0.0241 

ttH124_4l_absdetajj_mjj_genbin2_recobin1 acc 0.0037 eff 0.1625 outinratio 0.0376 

ggH124_4l_absdetajj_mjj_genbin3_recobin1 acc 0.0035 eff 0.0318 outinratio 0.0101 

VBFH124_4l_absdetajj_mjj_genbin3_recobin1 acc 0.1076 eff 0.0118 outinratio 0.0078 

WminusH124_4l_absdetajj_mjj_genbin3_recobin1 acc 0.003 eff 0.081 outinratio 0.0106 

WplusH124_4l_absdetajj_mjj_genbin3_recobin1 acc 0.0031 eff 0.0822 outinratio 0.0122 

ZH124_4l_absdetajj_mjj_genbin3_recobin1 acc 0.0022 eff 0.1288 outinratio 0.0241 

ttH124_4l_absdetajj_mjj_genbin3_recobin1 acc 0.0178 eff 0.1238 outinratio 0.0376 

ggH124_4l_absdetajj_mjj_genbin0_recobin2 acc 0.3912 eff 0.0023 outinratio 0.0 

VBFH124_4l_absdetajj_mjj_genbin0_recobin2 acc 0.2818 eff 0.0101 outinratio 0.0089 

WminusH124_4l_absdetajj_mjj_genbin0_recobin2 acc 0.2325 eff 0.003 outinratio 0.0171 

WplusH124_4l_absdetajj_mjj_genbin0_recobin2 acc 0.2004 eff 0.0028 outinratio 0.0147 

ZH124_4l_absdetajj_mjj_genbin0_recobin2 acc 0.204 eff 0.0029 outinratio 0.0478 

ttH124_4l_absdetajj_mjj_genbin0_recobin2 acc 0.0132 eff 0.0 outinratio 0.1157 

ggH124_4l_absdetajj_mjj_genbin1_recobin2 acc 0.0347 eff 0.0071 outinratio 0.0 

VBFH124_4l_absdetajj_mjj_genbin1_recobin2 acc 0.0566 eff 0.0049 outinratio 0.0089 

WminusH124_4l_absdetajj_mjj_genbin1_recobin2 acc 0.1612 eff 0.0033 outinratio 0.0171 

WplusH124_4l_absdetajj_mjj_genbin1_recobin2 acc 0.1466 eff 0.003 outinratio 0.0147 

ZH124_4l_absdetajj_mjj_genbin1_recobin2 acc 0.1681 eff 0.0047 outinratio 0.0478 

ttH124_4l_absdetajj_mjj_genbin1_recobin2 acc 0.4349 eff 0.0016 outinratio 0.1157 

ggH124_4l_absdetajj_mjj_genbin2_recobin2 acc 0.004 eff 0.2992 outinratio 0.0 

VBFH124_4l_absdetajj_mjj_genbin2_recobin2 acc 0.0234 eff 0.3608 outinratio 0.0089 

WminusH124_4l_absdetajj_mjj_genbin2_recobin2 acc 0.0034 eff 0.2819 outinratio 0.0171 

WplusH124_4l_absdetajj_mjj_genbin2_recobin2 acc 0.0031 eff 0.2925 outinratio 0.0147 

ZH124_4l_absdetajj_mjj_genbin2_recobin2 acc 0.0032 eff 0.3844 outinratio 0.0478 

ttH124_4l_absdetajj_mjj_genbin2_recobin2 acc 0.0037 eff 0.192 outinratio 0.1157 

ggH124_4l_absdetajj_mjj_genbin3_recobin2 acc 0.0035 eff 0.0341 outinratio 0.0 

VBFH124_4l_absdetajj_mjj_genbin3_recobin2 acc 0.1076 eff 0.0102 outinratio 0.0089 

WminusH124_4l_absdetajj_mjj_genbin3_recobin2 acc 0.003 eff 0.0239 outinratio 0.0171 

WplusH124_4l_absdetajj_mjj_genbin3_recobin2 acc 0.0031 eff 0.0231 outinratio 0.0147 

ZH124_4l_absdetajj_mjj_genbin3_recobin2 acc 0.0022 eff 0.0 outinratio 0.0478 

ttH124_4l_absdetajj_mjj_genbin3_recobin2 acc 0.0178 eff -0.0038 outinratio 0.1157 

ggH124_4l_absdetajj_mjj_genbin0_recobin3 acc 0.3912 eff 0.0009 outinratio 0.0166 

VBFH124_4l_absdetajj_mjj_genbin0_recobin3 acc 0.2818 eff 0.0365 outinratio 0.0104 

WminusH124_4l_absdetajj_mjj_genbin0_recobin3 acc 0.2325 eff 0.0016 outinratio 0.0161 

WplusH124_4l_absdetajj_mjj_genbin0_recobin3 acc 0.2004 eff 0.0017 outinratio 0.0116 

ZH124_4l_absdetajj_mjj_genbin0_recobin3 acc 0.204 eff 0.001 outinratio 0.082 

ttH124_4l_absdetajj_mjj_genbin0_recobin3 acc 0.0132 eff 0.0115 outinratio 0.0578 

ggH124_4l_absdetajj_mjj_genbin1_recobin3 acc 0.0347 eff 0.0064 outinratio 0.0166 

VBFH124_4l_absdetajj_mjj_genbin1_recobin3 acc 0.0566 eff 0.0161 outinratio 0.0104 

WminusH124_4l_absdetajj_mjj_genbin1_recobin3 acc 0.1612 eff 0.0025 outinratio 0.0161 

WplusH124_4l_absdetajj_mjj_genbin1_recobin3 acc 0.1466 eff 0.0029 outinratio 0.0116 

ZH124_4l_absdetajj_mjj_genbin1_recobin3 acc 0.1681 eff 0.0044 outinratio 0.082 

ttH124_4l_absdetajj_mjj_genbin1_recobin3 acc 0.4349 eff 0.0051 outinratio 0.0578 

ggH124_4l_absdetajj_mjj_genbin2_recobin3 acc 0.004 eff 0.0401 outinratio 0.0166 

VBFH124_4l_absdetajj_mjj_genbin2_recobin3 acc 0.0234 eff 0.095 outinratio 0.0104 

WminusH124_4l_absdetajj_mjj_genbin2_recobin3 acc 0.0034 eff 0.0549 outinratio 0.0161 

WplusH124_4l_absdetajj_mjj_genbin2_recobin3 acc 0.0031 eff 0.0356 outinratio 0.0116 

ZH124_4l_absdetajj_mjj_genbin2_recobin3 acc 0.0032 eff 0.0326 outinratio 0.082 

ttH124_4l_absdetajj_mjj_genbin2_recobin3 acc 0.0037 eff 0.0667 outinratio 0.0578 

ggH124_4l_absdetajj_mjj_genbin3_recobin3 acc 0.0035 eff 0.4481 outinratio 0.0166 

VBFH124_4l_absdetajj_mjj_genbin3_recobin3 acc 0.1076 eff 0.5261 outinratio 0.0104 

WminusH124_4l_absdetajj_mjj_genbin3_recobin3 acc 0.003 eff 0.4247 outinratio 0.0161 

WplusH124_4l_absdetajj_mjj_genbin3_recobin3 acc 0.0031 eff 0.4277 outinratio 0.0116 

ZH124_4l_absdetajj_mjj_genbin3_recobin3 acc 0.0022 eff 0.5553 outinratio 0.082 

ttH124_4l_absdetajj_mjj_genbin3_recobin3 acc 0.0178 eff 0.2923 outinratio 0.0578 

ggH124_4e_absdetajj_mjj_genbin0_recobin0 acc 0.369 eff 0.3372 outinratio 0.0109 

VBFH124_4e_absdetajj_mjj_genbin0_recobin0 acc 0.2729 eff 0.3552 outinratio 0.0089 

WminusH124_4e_absdetajj_mjj_genbin0_recobin0 acc 0.2258 eff 0.3159 outinratio 0.0265 

WplusH124_4e_absdetajj_mjj_genbin0_recobin0 acc 0.1921 eff 0.3042 outinratio 0.0292 

ZH124_4e_absdetajj_mjj_genbin0_recobin0 acc 0.1969 eff 0.3082 outinratio 0.0453 

ttH124_4e_absdetajj_mjj_genbin0_recobin0 acc 0.0135 eff 0.1593 outinratio 0.0 

ggH124_4e_absdetajj_mjj_genbin1_recobin0 acc 0.0333 eff 0.0804 outinratio 0.0109 

VBFH124_4e_absdetajj_mjj_genbin1_recobin0 acc 0.056 eff 0.0599 outinratio 0.0089 

WminusH124_4e_absdetajj_mjj_genbin1_recobin0 acc 0.1541 eff 0.0426 outinratio 0.0265 

WplusH124_4e_absdetajj_mjj_genbin1_recobin0 acc 0.1406 eff 0.0423 outinratio 0.0292 

ZH124_4e_absdetajj_mjj_genbin1_recobin0 acc 0.1602 eff 0.041 outinratio 0.0453 

ttH124_4e_absdetajj_mjj_genbin1_recobin0 acc 0.4256 eff 0.0025 outinratio 0.0 

ggH124_4e_absdetajj_mjj_genbin2_recobin0 acc 0.0035 eff 0.0773 outinratio 0.0109 

VBFH124_4e_absdetajj_mjj_genbin2_recobin0 acc 0.0224 eff 0.0767 outinratio 0.0089 

WminusH124_4e_absdetajj_mjj_genbin2_recobin0 acc 0.003 eff 0.0505 outinratio 0.0265 

WplusH124_4e_absdetajj_mjj_genbin2_recobin0 acc 0.003 eff 0.0436 outinratio 0.0292 

ZH124_4e_absdetajj_mjj_genbin2_recobin0 acc 0.0034 eff 0.0309 outinratio 0.0453 

ttH124_4e_absdetajj_mjj_genbin2_recobin0 acc 0.0028 eff 0.0 outinratio 0.0 

ggH124_4e_absdetajj_mjj_genbin3_recobin0 acc 0.0035 eff 0.0339 outinratio 0.0109 

VBFH124_4e_absdetajj_mjj_genbin3_recobin0 acc 0.1005 eff 0.0494 outinratio 0.0089 

WminusH124_4e_absdetajj_mjj_genbin3_recobin0 acc 0.0029 eff 0.0129 outinratio 0.0265 

WplusH124_4e_absdetajj_mjj_genbin3_recobin0 acc 0.0034 eff 0.0315 outinratio 0.0292 

ZH124_4e_absdetajj_mjj_genbin3_recobin0 acc 0.0013 eff -1.0 outinratio 0.0453 

ttH124_4e_absdetajj_mjj_genbin3_recobin0 acc 0.0175 eff 0.0087 outinratio 0.0 

ggH124_4e_absdetajj_mjj_genbin0_recobin1 acc 0.369 eff 0.0102 outinratio 0.0101 

VBFH124_4e_absdetajj_mjj_genbin0_recobin1 acc 0.2729 eff 0.0136 outinratio 0.011 

WminusH124_4e_absdetajj_mjj_genbin0_recobin1 acc 0.2258 eff 0.0394 outinratio 0.0145 

WplusH124_4e_absdetajj_mjj_genbin0_recobin1 acc 0.1921 eff 0.0418 outinratio 0.02 

ZH124_4e_absdetajj_mjj_genbin0_recobin1 acc 0.1969 eff 0.0478 outinratio 0.021 

ttH124_4e_absdetajj_mjj_genbin0_recobin1 acc 0.0135 eff 0.1774 outinratio 0.0543 

ggH124_4e_absdetajj_mjj_genbin1_recobin1 acc 0.0333 eff 0.3218 outinratio 0.0101 

VBFH124_4e_absdetajj_mjj_genbin1_recobin1 acc 0.056 eff 0.3631 outinratio 0.011 

WminusH124_4e_absdetajj_mjj_genbin1_recobin1 acc 0.1541 eff 0.3408 outinratio 0.0145 

WplusH124_4e_absdetajj_mjj_genbin1_recobin1 acc 0.1406 eff 0.3319 outinratio 0.02 

ZH124_4e_absdetajj_mjj_genbin1_recobin1 acc 0.1602 eff 0.3472 outinratio 0.021 

ttH124_4e_absdetajj_mjj_genbin1_recobin1 acc 0.4256 eff 0.3239 outinratio 0.0543 

ggH124_4e_absdetajj_mjj_genbin2_recobin1 acc 0.0035 eff 0.0 outinratio 0.0101 

VBFH124_4e_absdetajj_mjj_genbin2_recobin1 acc 0.0224 eff 0.0219 outinratio 0.011 

WminusH124_4e_absdetajj_mjj_genbin2_recobin1 acc 0.003 eff 0.0609 outinratio 0.0145 

WplusH124_4e_absdetajj_mjj_genbin2_recobin1 acc 0.003 eff 0.0714 outinratio 0.02 

ZH124_4e_absdetajj_mjj_genbin2_recobin1 acc 0.0034 eff 0.0 outinratio 0.021 

ttH124_4e_absdetajj_mjj_genbin2_recobin1 acc 0.0028 eff 0.1315 outinratio 0.0543 

ggH124_4e_absdetajj_mjj_genbin3_recobin1 acc 0.0035 eff 0.0242 outinratio 0.0101 

VBFH124_4e_absdetajj_mjj_genbin3_recobin1 acc 0.1005 eff 0.0047 outinratio 0.011 

WminusH124_4e_absdetajj_mjj_genbin3_recobin1 acc 0.0029 eff 0.051 outinratio 0.0145 

WplusH124_4e_absdetajj_mjj_genbin3_recobin1 acc 0.0034 eff 0.0555 outinratio 0.02 

ZH124_4e_absdetajj_mjj_genbin3_recobin1 acc 0.0013 eff -1.0 outinratio 0.021 

ttH124_4e_absdetajj_mjj_genbin3_recobin1 acc 0.0175 eff 0.1257 outinratio 0.0543 

ggH124_4e_absdetajj_mjj_genbin0_recobin2 acc 0.369 eff 0.0012 outinratio 0.0 

VBFH124_4e_absdetajj_mjj_genbin0_recobin2 acc 0.2729 eff 0.0072 outinratio 0.0205 

WminusH124_4e_absdetajj_mjj_genbin0_recobin2 acc 0.2258 eff 0.002 outinratio 0.0468 

WplusH124_4e_absdetajj_mjj_genbin0_recobin2 acc 0.1921 eff 0.0019 outinratio 0.0185 

ZH124_4e_absdetajj_mjj_genbin0_recobin2 acc 0.1969 eff 0.0 outinratio 0.0 

ttH124_4e_absdetajj_mjj_genbin0_recobin2 acc 0.0135 eff 0.0 outinratio 0.0 

ggH124_4e_absdetajj_mjj_genbin1_recobin2 acc 0.0333 eff 0.0063 outinratio 0.0 

VBFH124_4e_absdetajj_mjj_genbin1_recobin2 acc 0.056 eff 0.0009 outinratio 0.0205 

WminusH124_4e_absdetajj_mjj_genbin1_recobin2 acc 0.1541 eff 0.002 outinratio 0.0468 

WplusH124_4e_absdetajj_mjj_genbin1_recobin2 acc 0.1406 eff 0.0024 outinratio 0.0185 

ZH124_4e_absdetajj_mjj_genbin1_recobin2 acc 0.1602 eff 0.0015 outinratio 0.0 

ttH124_4e_absdetajj_mjj_genbin1_recobin2 acc 0.4256 eff 0.0028 outinratio 0.0 

ggH124_4e_absdetajj_mjj_genbin2_recobin2 acc 0.0035 eff 0.1842 outinratio 0.0 

VBFH124_4e_absdetajj_mjj_genbin2_recobin2 acc 0.0224 eff 0.245 outinratio 0.0205 

WminusH124_4e_absdetajj_mjj_genbin2_recobin2 acc 0.003 eff 0.1925 outinratio 0.0468 

WplusH124_4e_absdetajj_mjj_genbin2_recobin2 acc 0.003 eff 0.1931 outinratio 0.0185 

ZH124_4e_absdetajj_mjj_genbin2_recobin2 acc 0.0034 eff 0.148 outinratio 0.0 

ttH124_4e_absdetajj_mjj_genbin2_recobin2 acc 0.0028 eff 0.0 outinratio 0.0 

ggH124_4e_absdetajj_mjj_genbin3_recobin2 acc 0.0035 eff 0.0261 outinratio 0.0 

VBFH124_4e_absdetajj_mjj_genbin3_recobin2 acc 0.1005 eff 0.003 outinratio 0.0205 

WminusH124_4e_absdetajj_mjj_genbin3_recobin2 acc 0.0029 eff 0.0358 outinratio 0.0468 

WplusH124_4e_absdetajj_mjj_genbin3_recobin2 acc 0.0034 eff 0.0049 outinratio 0.0185 

ZH124_4e_absdetajj_mjj_genbin3_recobin2 acc 0.0013 eff -1.0 outinratio 0.0 

ttH124_4e_absdetajj_mjj_genbin3_recobin2 acc 0.0175 eff 0.0 outinratio 0.0 

ggH124_4e_absdetajj_mjj_genbin0_recobin3 acc 0.369 eff 0.001 outinratio 0.0 

VBFH124_4e_absdetajj_mjj_genbin0_recobin3 acc 0.2729 eff 0.024 outinratio 0.0121 

WminusH124_4e_absdetajj_mjj_genbin0_recobin3 acc 0.2258 eff 0.001 outinratio 0.0426 

WplusH124_4e_absdetajj_mjj_genbin0_recobin3 acc 0.1921 eff 0.0008 outinratio 0.0162 

ZH124_4e_absdetajj_mjj_genbin0_recobin3 acc 0.1969 eff 0.002 outinratio 0.0 

ttH124_4e_absdetajj_mjj_genbin0_recobin3 acc 0.0135 eff 0.0 outinratio 0.1057 

ggH124_4e_absdetajj_mjj_genbin1_recobin3 acc 0.0333 eff 0.0018 outinratio 0.0 

VBFH124_4e_absdetajj_mjj_genbin1_recobin3 acc 0.056 eff 0.0106 outinratio 0.0121 

WminusH124_4e_absdetajj_mjj_genbin1_recobin3 acc 0.1541 eff 0.0012 outinratio 0.0426 

WplusH124_4e_absdetajj_mjj_genbin1_recobin3 acc 0.1406 eff 0.0023 outinratio 0.0162 

ZH124_4e_absdetajj_mjj_genbin1_recobin3 acc 0.1602 eff 0.0 outinratio 0.0 

ttH124_4e_absdetajj_mjj_genbin1_recobin3 acc 0.4256 eff 0.0046 outinratio 0.1057 

ggH124_4e_absdetajj_mjj_genbin2_recobin3 acc 0.0035 eff 0.0163 outinratio 0.0 

VBFH124_4e_absdetajj_mjj_genbin2_recobin3 acc 0.0224 eff 0.0487 outinratio 0.0121 

WminusH124_4e_absdetajj_mjj_genbin2_recobin3 acc 0.003 eff 0.0609 outinratio 0.0426 

WplusH124_4e_absdetajj_mjj_genbin2_recobin3 acc 0.003 eff 0.01 outinratio 0.0162 

ZH124_4e_absdetajj_mjj_genbin2_recobin3 acc 0.0034 eff 0.012 outinratio 0.0 

ttH124_4e_absdetajj_mjj_genbin2_recobin3 acc 0.0028 eff 0.0994 outinratio 0.1057 

ggH124_4e_absdetajj_mjj_genbin3_recobin3 acc 0.0035 eff 0.4618 outinratio 0.0 

VBFH124_4e_absdetajj_mjj_genbin3_recobin3 acc 0.1005 eff 0.3648 outinratio 0.0121 

WminusH124_4e_absdetajj_mjj_genbin3_recobin3 acc 0.0029 eff 0.2874 outinratio 0.0426 

WplusH124_4e_absdetajj_mjj_genbin3_recobin3 acc 0.0034 eff 0.3067 outinratio 0.0162 

ZH124_4e_absdetajj_mjj_genbin3_recobin3 acc 0.0013 eff -1.0 outinratio 0.0 

ttH124_4e_absdetajj_mjj_genbin3_recobin3 acc 0.0175 eff 0.2007 outinratio 0.1057 

ggH124_4mu_absdetajj_mjj_genbin0_recobin0 acc 0.4217 eff 0.776 outinratio 0.0042 

VBFH124_4mu_absdetajj_mjj_genbin0_recobin0 acc 0.2999 eff 0.735 outinratio 0.0096 

WminusH124_4mu_absdetajj_mjj_genbin0_recobin0 acc 0.2503 eff 0.655 outinratio 0.0119 

WplusH124_4mu_absdetajj_mjj_genbin0_recobin0 acc 0.2138 eff 0.6475 outinratio 0.0114 

ZH124_4mu_absdetajj_mjj_genbin0_recobin0 acc 0.2149 eff 0.673 outinratio 0.0636 

ttH124_4mu_absdetajj_mjj_genbin0_recobin0 acc 0.0114 eff 0.2611 outinratio 0.1495 

ggH124_4mu_absdetajj_mjj_genbin1_recobin0 acc 0.0383 eff 0.116 outinratio 0.0042 

VBFH124_4mu_absdetajj_mjj_genbin1_recobin0 acc 0.0602 eff 0.1127 outinratio 0.0096 

WminusH124_4mu_absdetajj_mjj_genbin1_recobin0 acc 0.1683 eff 0.0915 outinratio 0.0119 

WplusH124_4mu_absdetajj_mjj_genbin1_recobin0 acc 0.1568 eff 0.0837 outinratio 0.0114 

ZH124_4mu_absdetajj_mjj_genbin1_recobin0 acc 0.1784 eff 0.1177 outinratio 0.0636 

ttH124_4mu_absdetajj_mjj_genbin1_recobin0 acc 0.4679 eff 0.012 outinratio 0.1495 

ggH124_4mu_absdetajj_mjj_genbin2_recobin0 acc 0.0047 eff 0.2154 outinratio 0.0042 

VBFH124_4mu_absdetajj_mjj_genbin2_recobin0 acc 0.0264 eff 0.2153 outinratio 0.0096 

WminusH124_4mu_absdetajj_mjj_genbin2_recobin0 acc 0.0034 eff 0.1226 outinratio 0.0119 

WplusH124_4mu_absdetajj_mjj_genbin2_recobin0 acc 0.0032 eff 0.102 outinratio 0.0114 

ZH124_4mu_absdetajj_mjj_genbin2_recobin0 acc 0.0032 eff 0.2277 outinratio 0.0636 

ttH124_4mu_absdetajj_mjj_genbin2_recobin0 acc 0.0039 eff 0.0 outinratio 0.1495 

ggH124_4mu_absdetajj_mjj_genbin3_recobin0 acc 0.0034 eff 0.0908 outinratio 0.0042 

VBFH124_4mu_absdetajj_mjj_genbin3_recobin0 acc 0.1158 eff 0.1122 outinratio 0.0096 

WminusH124_4mu_absdetajj_mjj_genbin3_recobin0 acc 0.0033 eff 0.0521 outinratio 0.0119 

WplusH124_4mu_absdetajj_mjj_genbin3_recobin0 acc 0.0033 eff 0.0284 outinratio 0.0114 

ZH124_4mu_absdetajj_mjj_genbin3_recobin0 acc 0.0028 eff 0.014 outinratio 0.0636 

ttH124_4mu_absdetajj_mjj_genbin3_recobin0 acc 0.0215 eff 0.0165 outinratio 0.1495 

ggH124_4mu_absdetajj_mjj_genbin0_recobin1 acc 0.4217 eff 0.0215 outinratio 0.0029 

VBFH124_4mu_absdetajj_mjj_genbin0_recobin1 acc 0.2999 eff 0.0318 outinratio 0.002 

WminusH124_4mu_absdetajj_mjj_genbin0_recobin1 acc 0.2503 eff 0.0891 outinratio 0.0089 

WplusH124_4mu_absdetajj_mjj_genbin0_recobin1 acc 0.2138 eff 0.0865 outinratio 0.0091 

ZH124_4mu_absdetajj_mjj_genbin0_recobin1 acc 0.2149 eff 0.0713 outinratio 0.0166 

ttH124_4mu_absdetajj_mjj_genbin0_recobin1 acc 0.0114 eff 0.2969 outinratio 0.029 

ggH124_4mu_absdetajj_mjj_genbin1_recobin1 acc 0.0383 eff 0.6964 outinratio 0.0029 

VBFH124_4mu_absdetajj_mjj_genbin1_recobin1 acc 0.0602 eff 0.693 outinratio 0.002 

WminusH124_4mu_absdetajj_mjj_genbin1_recobin1 acc 0.1683 eff 0.6739 outinratio 0.0089 

WplusH124_4mu_absdetajj_mjj_genbin1_recobin1 acc 0.1568 eff 0.6726 outinratio 0.0091 

ZH124_4mu_absdetajj_mjj_genbin1_recobin1 acc 0.1784 eff 0.7013 outinratio 0.0166 

ttH124_4mu_absdetajj_mjj_genbin1_recobin1 acc 0.4679 eff 0.5501 outinratio 0.029 

ggH124_4mu_absdetajj_mjj_genbin2_recobin1 acc 0.0047 eff 0.0681 outinratio 0.0029 

VBFH124_4mu_absdetajj_mjj_genbin2_recobin1 acc 0.0264 eff 0.0418 outinratio 0.002 

WminusH124_4mu_absdetajj_mjj_genbin2_recobin1 acc 0.0034 eff 0.1973 outinratio 0.0089 

WplusH124_4mu_absdetajj_mjj_genbin2_recobin1 acc 0.0032 eff 0.1597 outinratio 0.0091 

ZH124_4mu_absdetajj_mjj_genbin2_recobin1 acc 0.0032 eff 0.2384 outinratio 0.0166 

ttH124_4mu_absdetajj_mjj_genbin2_recobin1 acc 0.0039 eff 0.2275 outinratio 0.029 

ggH124_4mu_absdetajj_mjj_genbin3_recobin1 acc 0.0034 eff 0.0 outinratio 0.0029 

VBFH124_4mu_absdetajj_mjj_genbin3_recobin1 acc 0.1158 eff 0.0196 outinratio 0.002 

WminusH124_4mu_absdetajj_mjj_genbin3_recobin1 acc 0.0033 eff 0.1436 outinratio 0.0089 

WplusH124_4mu_absdetajj_mjj_genbin3_recobin1 acc 0.0033 eff 0.1273 outinratio 0.0091 

ZH124_4mu_absdetajj_mjj_genbin3_recobin1 acc 0.0028 eff 0.2975 outinratio 0.0166 

ttH124_4mu_absdetajj_mjj_genbin3_recobin1 acc 0.0215 eff 0.0816 outinratio 0.029 

ggH124_4mu_absdetajj_mjj_genbin0_recobin2 acc 0.4217 eff 0.0038 outinratio 0.0 

VBFH124_4mu_absdetajj_mjj_genbin0_recobin2 acc 0.2999 eff 0.0143 outinratio 0.0097 

WminusH124_4mu_absdetajj_mjj_genbin0_recobin2 acc 0.2503 eff 0.0048 outinratio 0.0031 

WplusH124_4mu_absdetajj_mjj_genbin0_recobin2 acc 0.2138 eff 0.0043 outinratio 0.0168 

ZH124_4mu_absdetajj_mjj_genbin0_recobin2 acc 0.2149 eff 0.0051 outinratio 0.0664 

ttH124_4mu_absdetajj_mjj_genbin0_recobin2 acc 0.0114 eff 0.0 outinratio 0.1552 

ggH124_4mu_absdetajj_mjj_genbin1_recobin2 acc 0.0383 eff 0.0056 outinratio 0.0 

VBFH124_4mu_absdetajj_mjj_genbin1_recobin2 acc 0.0602 eff 0.0106 outinratio 0.0097 

WminusH124_4mu_absdetajj_mjj_genbin1_recobin2 acc 0.1683 eff 0.005 outinratio 0.0031 

WplusH124_4mu_absdetajj_mjj_genbin1_recobin2 acc 0.1568 eff 0.0041 outinratio 0.0168 

ZH124_4mu_absdetajj_mjj_genbin1_recobin2 acc 0.1784 eff 0.0038 outinratio 0.0664 

ttH124_4mu_absdetajj_mjj_genbin1_recobin2 acc 0.4679 eff 0.002 outinratio 0.1552 

ggH124_4mu_absdetajj_mjj_genbin2_recobin2 acc 0.0047 eff 0.4794 outinratio 0.0 

VBFH124_4mu_absdetajj_mjj_genbin2_recobin2 acc 0.0264 eff 0.4475 outinratio 0.0097 

WminusH124_4mu_absdetajj_mjj_genbin2_recobin2 acc 0.0034 eff 0.3221 outinratio 0.0031 

WplusH124_4mu_absdetajj_mjj_genbin2_recobin2 acc 0.0032 eff 0.3827 outinratio 0.0168 

ZH124_4mu_absdetajj_mjj_genbin2_recobin2 acc 0.0032 eff 0.4279 outinratio 0.0664 

ttH124_4mu_absdetajj_mjj_genbin2_recobin2 acc 0.0039 eff 0.2821 outinratio 0.1552 

ggH124_4mu_absdetajj_mjj_genbin3_recobin2 acc 0.0034 eff 0.0314 outinratio 0.0 

VBFH124_4mu_absdetajj_mjj_genbin3_recobin2 acc 0.1158 eff 0.0155 outinratio 0.0097 

WminusH124_4mu_absdetajj_mjj_genbin3_recobin2 acc 0.0033 eff 0.015 outinratio 0.0031 

WplusH124_4mu_absdetajj_mjj_genbin3_recobin2 acc 0.0033 eff 0.0351 outinratio 0.0168 

ZH124_4mu_absdetajj_mjj_genbin3_recobin2 acc 0.0028 eff 0.0 outinratio 0.0664 

ttH124_4mu_absdetajj_mjj_genbin3_recobin2 acc 0.0215 eff 0.0018 outinratio 0.1552 

ggH124_4mu_absdetajj_mjj_genbin0_recobin3 acc 0.4217 eff 0.0007 outinratio 0.0161 

VBFH124_4mu_absdetajj_mjj_genbin0_recobin3 acc 0.2999 eff 0.0497 outinratio 0.0101 

WminusH124_4mu_absdetajj_mjj_genbin0_recobin3 acc 0.2503 eff 0.0018 outinratio 0.0059 

WplusH124_4mu_absdetajj_mjj_genbin0_recobin3 acc 0.2138 eff 0.0021 outinratio 0.0178 

ZH124_4mu_absdetajj_mjj_genbin0_recobin3 acc 0.2149 eff -0.0002 outinratio 0.2035 

ttH124_4mu_absdetajj_mjj_genbin0_recobin3 acc 0.0114 eff 0.0 outinratio 0.0526 

ggH124_4mu_absdetajj_mjj_genbin1_recobin3 acc 0.0383 eff 0.0139 outinratio 0.0161 

VBFH124_4mu_absdetajj_mjj_genbin1_recobin3 acc 0.0602 eff 0.0223 outinratio 0.0101 

WminusH124_4mu_absdetajj_mjj_genbin1_recobin3 acc 0.1683 eff 0.0033 outinratio 0.0059 

WplusH124_4mu_absdetajj_mjj_genbin1_recobin3 acc 0.1568 eff 0.0042 outinratio 0.0178 

ZH124_4mu_absdetajj_mjj_genbin1_recobin3 acc 0.1784 eff 0.0032 outinratio 0.2035 

ttH124_4mu_absdetajj_mjj_genbin1_recobin3 acc 0.4679 eff 0.0066 outinratio 0.0526 

ggH124_4mu_absdetajj_mjj_genbin2_recobin3 acc 0.0047 eff 0.0431 outinratio 0.0161 

VBFH124_4mu_absdetajj_mjj_genbin2_recobin3 acc 0.0264 eff 0.1329 outinratio 0.0101 

WminusH124_4mu_absdetajj_mjj_genbin2_recobin3 acc 0.0034 eff 0.0623 outinratio 0.0059 

WplusH124_4mu_absdetajj_mjj_genbin2_recobin3 acc 0.0032 eff 0.058 outinratio 0.0178 

ZH124_4mu_absdetajj_mjj_genbin2_recobin3 acc 0.0032 eff 0.109 outinratio 0.2035 

ttH124_4mu_absdetajj_mjj_genbin2_recobin3 acc 0.0039 eff 0.0 outinratio 0.0526 

ggH124_4mu_absdetajj_mjj_genbin3_recobin3 acc 0.0034 eff 0.5554 outinratio 0.0161 

VBFH124_4mu_absdetajj_mjj_genbin3_recobin3 acc 0.1158 eff 0.7026 outinratio 0.0101 

WminusH124_4mu_absdetajj_mjj_genbin3_recobin3 acc 0.0033 eff 0.5604 outinratio 0.0059 

WplusH124_4mu_absdetajj_mjj_genbin3_recobin3 acc 0.0033 eff 0.6081 outinratio 0.0178 

ZH124_4mu_absdetajj_mjj_genbin3_recobin3 acc 0.0028 eff 0.7024 outinratio 0.2035 

ttH124_4mu_absdetajj_mjj_genbin3_recobin3 acc 0.0215 eff 0.3239 outinratio 0.0526 

ggH124_2e2mu_absdetajj_mjj_genbin0_recobin0 acc 0.3861 eff 0.5413 outinratio 0.0089 

VBFH124_2e2mu_absdetajj_mjj_genbin0_recobin0 acc 0.2767 eff 0.4969 outinratio 0.0077 

WminusH124_2e2mu_absdetajj_mjj_genbin0_recobin0 acc 0.2264 eff 0.4474 outinratio 0.0248 

WplusH124_2e2mu_absdetajj_mjj_genbin0_recobin0 acc 0.1975 eff 0.4499 outinratio 0.0199 

ZH124_2e2mu_absdetajj_mjj_genbin0_recobin0 acc 0.2019 eff 0.4483 outinratio 0.0801 

ttH124_2e2mu_absdetajj_mjj_genbin0_recobin0 acc 0.014 eff 0.1295 outinratio 0.0352 

ggH124_2e2mu_absdetajj_mjj_genbin1_recobin0 acc 0.0334 eff 0.0997 outinratio 0.0089 

VBFH124_2e2mu_absdetajj_mjj_genbin1_recobin0 acc 0.055 eff 0.0775 outinratio 0.0077 

WminusH124_2e2mu_absdetajj_mjj_genbin1_recobin0 acc 0.1611 eff 0.0648 outinratio 0.0248 

WplusH124_2e2mu_absdetajj_mjj_genbin1_recobin0 acc 0.1443 eff 0.0591 outinratio 0.0199 

ZH124_2e2mu_absdetajj_mjj_genbin1_recobin0 acc 0.1668 eff 0.0824 outinratio 0.0801 

ttH124_2e2mu_absdetajj_mjj_genbin1_recobin0 acc 0.4218 eff 0.0057 outinratio 0.0352 

ggH124_2e2mu_absdetajj_mjj_genbin2_recobin0 acc 0.0038 eff 0.1668 outinratio 0.0089 

VBFH124_2e2mu_absdetajj_mjj_genbin2_recobin0 acc 0.0224 eff 0.1575 outinratio 0.0077 

WminusH124_2e2mu_absdetajj_mjj_genbin2_recobin0 acc 0.0036 eff 0.0937 outinratio 0.0248 

WplusH124_2e2mu_absdetajj_mjj_genbin2_recobin0 acc 0.0031 eff 0.1282 outinratio 0.0199 

ZH124_2e2mu_absdetajj_mjj_genbin2_recobin0 acc 0.003 eff 0.0612 outinratio 0.0801 

ttH124_2e2mu_absdetajj_mjj_genbin2_recobin0 acc 0.004 eff 0.0825 outinratio 0.0352 

ggH124_2e2mu_absdetajj_mjj_genbin3_recobin0 acc 0.0036 eff 0.0675 outinratio 0.0089 

VBFH124_2e2mu_absdetajj_mjj_genbin3_recobin0 acc 0.107 eff 0.0857 outinratio 0.0077 

WminusH124_2e2mu_absdetajj_mjj_genbin3_recobin0 acc 0.003 eff 0.028 outinratio 0.0248 

WplusH124_2e2mu_absdetajj_mjj_genbin3_recobin0 acc 0.0029 eff 0.0294 outinratio 0.0199 

ZH124_2e2mu_absdetajj_mjj_genbin3_recobin0 acc 0.0024 eff 0.0279 outinratio 0.0801 

ttH124_2e2mu_absdetajj_mjj_genbin3_recobin0 acc 0.0159 eff 0.0 outinratio 0.0352 

ggH124_2e2mu_absdetajj_mjj_genbin0_recobin1 acc 0.3861 eff 0.0126 outinratio 0.0171 

VBFH124_2e2mu_absdetajj_mjj_genbin0_recobin1 acc 0.2767 eff 0.0225 outinratio 0.0116 

WminusH124_2e2mu_absdetajj_mjj_genbin0_recobin1 acc 0.2264 eff 0.0637 outinratio 0.0106 

WplusH124_2e2mu_absdetajj_mjj_genbin0_recobin1 acc 0.1975 eff 0.061 outinratio 0.012 

ZH124_2e2mu_absdetajj_mjj_genbin0_recobin1 acc 0.2019 eff 0.0687 outinratio 0.0318 

ttH124_2e2mu_absdetajj_mjj_genbin0_recobin1 acc 0.014 eff 0.2406 outinratio 0.0372 

ggH124_2e2mu_absdetajj_mjj_genbin1_recobin1 acc 0.0334 eff 0.4634 outinratio 0.0171 

VBFH124_2e2mu_absdetajj_mjj_genbin1_recobin1 acc 0.055 eff 0.4911 outinratio 0.0116 

WminusH124_2e2mu_absdetajj_mjj_genbin1_recobin1 acc 0.1611 eff 0.488 outinratio 0.0106 

WplusH124_2e2mu_absdetajj_mjj_genbin1_recobin1 acc 0.1443 eff 0.4784 outinratio 0.012 

ZH124_2e2mu_absdetajj_mjj_genbin1_recobin1 acc 0.1668 eff 0.4671 outinratio 0.0318 

ttH124_2e2mu_absdetajj_mjj_genbin1_recobin1 acc 0.4218 eff 0.4325 outinratio 0.0372 

ggH124_2e2mu_absdetajj_mjj_genbin2_recobin1 acc 0.0038 eff 0.0421 outinratio 0.0171 

VBFH124_2e2mu_absdetajj_mjj_genbin2_recobin1 acc 0.0224 eff 0.024 outinratio 0.0116 

WminusH124_2e2mu_absdetajj_mjj_genbin2_recobin1 acc 0.0036 eff 0.0889 outinratio 0.0106 

WplusH124_2e2mu_absdetajj_mjj_genbin2_recobin1 acc 0.0031 eff 0.1184 outinratio 0.012 

ZH124_2e2mu_absdetajj_mjj_genbin2_recobin1 acc 0.003 eff 0.0273 outinratio 0.0318 

ttH124_2e2mu_absdetajj_mjj_genbin2_recobin1 acc 0.004 eff 0.1399 outinratio 0.0372 

ggH124_2e2mu_absdetajj_mjj_genbin3_recobin1 acc 0.0036 eff 0.0531 outinratio 0.0171 

VBFH124_2e2mu_absdetajj_mjj_genbin3_recobin1 acc 0.107 eff 0.0109 outinratio 0.0116 

WminusH124_2e2mu_absdetajj_mjj_genbin3_recobin1 acc 0.003 eff 0.0585 outinratio 0.0106 

WplusH124_2e2mu_absdetajj_mjj_genbin3_recobin1 acc 0.0029 eff 0.0708 outinratio 0.012 

ZH124_2e2mu_absdetajj_mjj_genbin3_recobin1 acc 0.0024 eff 0.0578 outinratio 0.0318 

ttH124_2e2mu_absdetajj_mjj_genbin3_recobin1 acc 0.0159 eff 0.1538 outinratio 0.0372 

ggH124_2e2mu_absdetajj_mjj_genbin0_recobin2 acc 0.3861 eff 0.002 outinratio 0.0 

VBFH124_2e2mu_absdetajj_mjj_genbin0_recobin2 acc 0.2767 eff 0.0092 outinratio 0.0041 

WminusH124_2e2mu_absdetajj_mjj_genbin0_recobin2 acc 0.2264 eff 0.0025 outinratio 0.0177 

WplusH124_2e2mu_absdetajj_mjj_genbin0_recobin2 acc 0.1975 eff 0.0023 outinratio 0.0114 

ZH124_2e2mu_absdetajj_mjj_genbin0_recobin2 acc 0.2019 eff 0.0031 outinratio 0.0441 

ttH124_2e2mu_absdetajj_mjj_genbin0_recobin2 acc 0.014 eff 0.0 outinratio 0.1459 

ggH124_2e2mu_absdetajj_mjj_genbin1_recobin2 acc 0.0334 eff 0.0085 outinratio 0.0 

VBFH124_2e2mu_absdetajj_mjj_genbin1_recobin2 acc 0.055 eff 0.0037 outinratio 0.0041 

WminusH124_2e2mu_absdetajj_mjj_genbin1_recobin2 acc 0.1611 eff 0.0029 outinratio 0.0177 

WplusH124_2e2mu_absdetajj_mjj_genbin1_recobin2 acc 0.1443 eff 0.0027 outinratio 0.0114 

ZH124_2e2mu_absdetajj_mjj_genbin1_recobin2 acc 0.1668 eff 0.007 outinratio 0.0441 

ttH124_2e2mu_absdetajj_mjj_genbin1_recobin2 acc 0.4218 eff 0.0008 outinratio 0.1459 

ggH124_2e2mu_absdetajj_mjj_genbin2_recobin2 acc 0.0038 eff 0.2306 outinratio 0.0 

VBFH124_2e2mu_absdetajj_mjj_genbin2_recobin2 acc 0.0224 eff 0.369 outinratio 0.0041 

WminusH124_2e2mu_absdetajj_mjj_genbin2_recobin2 acc 0.0036 eff 0.3016 outinratio 0.0177 

WplusH124_2e2mu_absdetajj_mjj_genbin2_recobin2 acc 0.0031 eff 0.2945 outinratio 0.0114 

ZH124_2e2mu_absdetajj_mjj_genbin2_recobin2 acc 0.003 eff 0.5096 outinratio 0.0441 

ttH124_2e2mu_absdetajj_mjj_genbin2_recobin2 acc 0.004 eff 0.2176 outinratio 0.1459 

ggH124_2e2mu_absdetajj_mjj_genbin3_recobin2 acc 0.0036 eff 0.0398 outinratio 0.0 

VBFH124_2e2mu_absdetajj_mjj_genbin3_recobin2 acc 0.107 eff 0.0107 outinratio 0.0041 

WminusH124_2e2mu_absdetajj_mjj_genbin3_recobin2 acc 0.003 eff 0.023 outinratio 0.0177 

WplusH124_2e2mu_absdetajj_mjj_genbin3_recobin2 acc 0.0029 eff 0.0272 outinratio 0.0114 

ZH124_2e2mu_absdetajj_mjj_genbin3_recobin2 acc 0.0024 eff 0.0 outinratio 0.0441 

ttH124_2e2mu_absdetajj_mjj_genbin3_recobin2 acc 0.0159 eff -0.0102 outinratio 0.1459 

ggH124_2e2mu_absdetajj_mjj_genbin0_recobin3 acc 0.3861 eff 0.0009 outinratio 0.0264 

VBFH124_2e2mu_absdetajj_mjj_genbin0_recobin3 acc 0.2767 eff 0.0354 outinratio 0.0101 

WminusH124_2e2mu_absdetajj_mjj_genbin0_recobin3 acc 0.2264 eff 0.0018 outinratio 0.0145 

WplusH124_2e2mu_absdetajj_mjj_genbin0_recobin3 acc 0.1975 eff 0.0019 outinratio 0.0038 

ZH124_2e2mu_absdetajj_mjj_genbin0_recobin3 acc 0.2019 eff 0.0011 outinratio 0.0277 

ttH124_2e2mu_absdetajj_mjj_genbin0_recobin3 acc 0.014 eff 0.0227 outinratio 0.0418 

ggH124_2e2mu_absdetajj_mjj_genbin1_recobin3 acc 0.0334 eff 0.0042 outinratio 0.0264 

VBFH124_2e2mu_absdetajj_mjj_genbin1_recobin3 acc 0.055 eff 0.0155 outinratio 0.0101 

WminusH124_2e2mu_absdetajj_mjj_genbin1_recobin3 acc 0.1611 eff 0.0026 outinratio 0.0145 

WplusH124_2e2mu_absdetajj_mjj_genbin1_recobin3 acc 0.1443 eff 0.0024 outinratio 0.0038 

ZH124_2e2mu_absdetajj_mjj_genbin1_recobin3 acc 0.1668 eff 0.0076 outinratio 0.0277 

ttH124_2e2mu_absdetajj_mjj_genbin1_recobin3 acc 0.4218 eff 0.0046 outinratio 0.0418 

ggH124_2e2mu_absdetajj_mjj_genbin2_recobin3 acc 0.0038 eff 0.0499 outinratio 0.0264 

VBFH124_2e2mu_absdetajj_mjj_genbin2_recobin3 acc 0.0224 eff 0.0963 outinratio 0.0101 

WminusH124_2e2mu_absdetajj_mjj_genbin2_recobin3 acc 0.0036 eff 0.0483 outinratio 0.0145 

WplusH124_2e2mu_absdetajj_mjj_genbin2_recobin3 acc 0.0031 eff 0.0366 outinratio 0.0038 

ZH124_2e2mu_absdetajj_mjj_genbin2_recobin3 acc 0.003 eff 0.0 outinratio 0.0277 

ttH124_2e2mu_absdetajj_mjj_genbin2_recobin3 acc 0.004 eff 0.0895 outinratio 0.0418 

ggH124_2e2mu_absdetajj_mjj_genbin3_recobin3 acc 0.0036 eff 0.3826 outinratio 0.0264 

VBFH124_2e2mu_absdetajj_mjj_genbin3_recobin3 acc 0.107 eff 0.5051 outinratio 0.0101 

WminusH124_2e2mu_absdetajj_mjj_genbin3_recobin3 acc 0.003 eff 0.4151 outinratio 0.0145 

WplusH124_2e2mu_absdetajj_mjj_genbin3_recobin3 acc 0.0029 eff 0.3915 outinratio 0.0038 

ZH124_2e2mu_absdetajj_mjj_genbin3_recobin3 acc 0.0024 eff 0.4922 outinratio 0.0277 

ttH124_2e2mu_absdetajj_mjj_genbin3_recobin3 acc 0.0159 eff 0.3245 outinratio 0.0418 

Coeff fullNNLOPS
