Welcome in RunCoefficients!
['2024_4']
It is a double-differential measurement, binning for the 1st variable {0: [-100.0, 0.0], 1: [0.0, 3.0], 2: [3.0, 10.0], 3: [3.0, 10.0]} and for the 2nd variable {0: [-100.0, 0.0], 1: [0.0, 10000.0], 2: [0.0, 450.0], 3: [450.0, 10000.0]}
{0: [-100.0, 0.0, -100.0, 0.0], 1: [0.0, 3.0, 0.0, 10000.0], 2: [3.0, 10.0, 0.0, 450.0], 3: [3.0, 10.0, 450.0, 10000.0]}
absdetajj
Following observables extracted from dictionary: RECO =  absdetajj  GEN =  GENabsdetajj
It is a double-differential measurement: RECO_2nd =  mjj  GEN_2nd =  GENmjj
LUMI: 10.882200000000001
ZH125 0.0007061505
Processing ggH125 2024_4
Signal created
Signal failed created
Processing VBFH125 2024_4
Signal created
Signal failed created
Processing WminusH125 2024_4
Signal created
Signal failed created
Processing WplusH125 2024_4
Signal created
Signal failed created
Processing ttH125 2024_4
Signal created
Signal failed created
Processing ZH125 2024_4
Signal created
Signal failed created
2024_4 SKIMMED df CREATED
2024_4 ggH125
2024_4 VBFH125
2024_4 WminusH125
2024_4 WplusH125
2024_4 ttH125
2024_4 ZH125
Dataframes created successfully
Coeff std
ggH125_4l_absdetajj_mjj_genbin0_recobin0 acc 0.3563 eff 0.517 outinratio 0.0494 

VBFH125_4l_absdetajj_mjj_genbin0_recobin0 acc 0.2077 eff 0.4684 outinratio 0.0353 

WminusH125_4l_absdetajj_mjj_genbin0_recobin0 acc 0.1976 eff 0.4649 outinratio 0.0672 

WplusH125_4l_absdetajj_mjj_genbin0_recobin0 acc 0.1699 eff 0.4572 outinratio 0.0712 

ttH125_4l_absdetajj_mjj_genbin0_recobin0 acc 0.0085 eff 0.1935 outinratio 0.2283 

ZH125_4l_absdetajj_mjj_genbin0_recobin0 acc 0.1797 eff 0.4843 outinratio 0.0565 

ggH125_4l_absdetajj_mjj_genbin1_recobin0 acc 0.0338 eff 0.0835 outinratio 0.0494 

VBFH125_4l_absdetajj_mjj_genbin1_recobin0 acc 0.0559 eff 0.0641 outinratio 0.0353 

WminusH125_4l_absdetajj_mjj_genbin1_recobin0 acc 0.143 eff 0.0588 outinratio 0.0672 

WplusH125_4l_absdetajj_mjj_genbin1_recobin0 acc 0.1316 eff 0.056 outinratio 0.0712 

ttH125_4l_absdetajj_mjj_genbin1_recobin0 acc 0.2944 eff 0.0032 outinratio 0.2283 

ZH125_4l_absdetajj_mjj_genbin1_recobin0 acc 0.1578 eff 0.0744 outinratio 0.0565 

ggH125_4l_absdetajj_mjj_genbin2_recobin0 acc 0.004 eff 0.1552 outinratio 0.0494 

VBFH125_4l_absdetajj_mjj_genbin2_recobin0 acc 0.0306 eff 0.1246 outinratio 0.0353 

WminusH125_4l_absdetajj_mjj_genbin2_recobin0 acc 0.004 eff 0.0969 outinratio 0.0672 

WplusH125_4l_absdetajj_mjj_genbin2_recobin0 acc 0.0036 eff 0.0846 outinratio 0.0712 

ttH125_4l_absdetajj_mjj_genbin2_recobin0 acc 0.0027 eff 0.0388 outinratio 0.2283 

ZH125_4l_absdetajj_mjj_genbin2_recobin0 acc 0.0041 eff 0.0712 outinratio 0.0565 

ggH125_4l_absdetajj_mjj_genbin3_recobin0 acc 0.0053 eff 0.1059 outinratio 0.0494 

VBFH125_4l_absdetajj_mjj_genbin3_recobin0 acc 0.1492 eff 0.0837 outinratio 0.0353 

WminusH125_4l_absdetajj_mjj_genbin3_recobin0 acc 0.0033 eff 0.0382 outinratio 0.0672 

WplusH125_4l_absdetajj_mjj_genbin3_recobin0 acc 0.0033 eff 0.0243 outinratio 0.0712 

ttH125_4l_absdetajj_mjj_genbin3_recobin0 acc 0.013 eff 0.0012 outinratio 0.2283 

ZH125_4l_absdetajj_mjj_genbin3_recobin0 acc 0.0027 eff -1.0 outinratio 0.0565 

ggH125_4l_absdetajj_mjj_genbin0_recobin1 acc 0.3563 eff 0.0164 outinratio 0.0739 

VBFH125_4l_absdetajj_mjj_genbin0_recobin1 acc 0.2077 eff 0.0308 outinratio 0.0459 

WminusH125_4l_absdetajj_mjj_genbin0_recobin1 acc 0.1976 eff 0.0679 outinratio 0.0778 

WplusH125_4l_absdetajj_mjj_genbin0_recobin1 acc 0.1699 eff 0.0651 outinratio 0.0788 

ttH125_4l_absdetajj_mjj_genbin0_recobin1 acc 0.0085 eff 0.2937 outinratio 0.1566 

ZH125_4l_absdetajj_mjj_genbin0_recobin1 acc 0.1797 eff 0.0748 outinratio 0.0649 

ggH125_4l_absdetajj_mjj_genbin1_recobin1 acc 0.0338 eff 0.4768 outinratio 0.0739 

VBFH125_4l_absdetajj_mjj_genbin1_recobin1 acc 0.0559 eff 0.4685 outinratio 0.0459 

WminusH125_4l_absdetajj_mjj_genbin1_recobin1 acc 0.143 eff 0.4971 outinratio 0.0778 

WplusH125_4l_absdetajj_mjj_genbin1_recobin1 acc 0.1316 eff 0.4926 outinratio 0.0788 

ttH125_4l_absdetajj_mjj_genbin1_recobin1 acc 0.2944 eff 0.538 outinratio 0.1566 

ZH125_4l_absdetajj_mjj_genbin1_recobin1 acc 0.1578 eff 0.4619 outinratio 0.0649 

ggH125_4l_absdetajj_mjj_genbin2_recobin1 acc 0.004 eff 0.0543 outinratio 0.0739 

VBFH125_4l_absdetajj_mjj_genbin2_recobin1 acc 0.0306 eff 0.0277 outinratio 0.0459 

WminusH125_4l_absdetajj_mjj_genbin2_recobin1 acc 0.004 eff 0.1313 outinratio 0.0778 

WplusH125_4l_absdetajj_mjj_genbin2_recobin1 acc 0.0036 eff 0.1264 outinratio 0.0788 

ttH125_4l_absdetajj_mjj_genbin2_recobin1 acc 0.0027 eff 0.2343 outinratio 0.1566 

ZH125_4l_absdetajj_mjj_genbin2_recobin1 acc 0.0041 eff 0.1874 outinratio 0.0649 

ggH125_4l_absdetajj_mjj_genbin3_recobin1 acc 0.0053 eff 0.0364 outinratio 0.0739 

VBFH125_4l_absdetajj_mjj_genbin3_recobin1 acc 0.1492 eff 0.0152 outinratio 0.0459 

WminusH125_4l_absdetajj_mjj_genbin3_recobin1 acc 0.0033 eff 0.1004 outinratio 0.0778 

WplusH125_4l_absdetajj_mjj_genbin3_recobin1 acc 0.0033 eff 0.0777 outinratio 0.0788 

ttH125_4l_absdetajj_mjj_genbin3_recobin1 acc 0.013 eff 0.1533 outinratio 0.1566 

ZH125_4l_absdetajj_mjj_genbin3_recobin1 acc 0.0027 eff -1.0 outinratio 0.0649 

ggH125_4l_absdetajj_mjj_genbin0_recobin2 acc 0.3563 eff 0.005 outinratio 0.0658 

VBFH125_4l_absdetajj_mjj_genbin0_recobin2 acc 0.2077 eff 0.0168 outinratio 0.0398 

WminusH125_4l_absdetajj_mjj_genbin0_recobin2 acc 0.1976 eff 0.0073 outinratio 0.0771 

WplusH125_4l_absdetajj_mjj_genbin0_recobin2 acc 0.1699 eff 0.0069 outinratio 0.0651 

ttH125_4l_absdetajj_mjj_genbin0_recobin2 acc 0.0085 eff 0.0 outinratio 0.1338 

ZH125_4l_absdetajj_mjj_genbin0_recobin2 acc 0.1797 eff 0.0163 outinratio 0.0 

ggH125_4l_absdetajj_mjj_genbin1_recobin2 acc 0.0338 eff 0.0079 outinratio 0.0658 

VBFH125_4l_absdetajj_mjj_genbin1_recobin2 acc 0.0559 eff 0.0087 outinratio 0.0398 

WminusH125_4l_absdetajj_mjj_genbin1_recobin2 acc 0.143 eff 0.0055 outinratio 0.0771 

WplusH125_4l_absdetajj_mjj_genbin1_recobin2 acc 0.1316 eff 0.0041 outinratio 0.0651 

ttH125_4l_absdetajj_mjj_genbin1_recobin2 acc 0.2944 eff 0.0031 outinratio 0.1338 

ZH125_4l_absdetajj_mjj_genbin1_recobin2 acc 0.1578 eff 0.0046 outinratio 0.0 

ggH125_4l_absdetajj_mjj_genbin2_recobin2 acc 0.004 eff 0.2989 outinratio 0.0658 

VBFH125_4l_absdetajj_mjj_genbin2_recobin2 acc 0.0306 eff 0.3237 outinratio 0.0398 

WminusH125_4l_absdetajj_mjj_genbin2_recobin2 acc 0.004 eff 0.2954 outinratio 0.0771 

WplusH125_4l_absdetajj_mjj_genbin2_recobin2 acc 0.0036 eff 0.2734 outinratio 0.0651 

ttH125_4l_absdetajj_mjj_genbin2_recobin2 acc 0.0027 eff 0.3028 outinratio 0.1338 

ZH125_4l_absdetajj_mjj_genbin2_recobin2 acc 0.0041 eff 0.2277 outinratio 0.0 

ggH125_4l_absdetajj_mjj_genbin3_recobin2 acc 0.0053 eff 0.0186 outinratio 0.0658 

VBFH125_4l_absdetajj_mjj_genbin3_recobin2 acc 0.1492 eff 0.0096 outinratio 0.0398 

WminusH125_4l_absdetajj_mjj_genbin3_recobin2 acc 0.0033 eff 0.0182 outinratio 0.0771 

WplusH125_4l_absdetajj_mjj_genbin3_recobin2 acc 0.0033 eff 0.0241 outinratio 0.0651 

ttH125_4l_absdetajj_mjj_genbin3_recobin2 acc 0.013 eff 0.0061 outinratio 0.1338 

ZH125_4l_absdetajj_mjj_genbin3_recobin2 acc 0.0027 eff -1.0 outinratio 0.0 

ggH125_4l_absdetajj_mjj_genbin0_recobin3 acc 0.3563 eff 0.004 outinratio 0.0347 

VBFH125_4l_absdetajj_mjj_genbin0_recobin3 acc 0.2077 eff 0.0475 outinratio 0.0357 

WminusH125_4l_absdetajj_mjj_genbin0_recobin3 acc 0.1976 eff 0.0057 outinratio 0.079 

WplusH125_4l_absdetajj_mjj_genbin0_recobin3 acc 0.1699 eff 0.0062 outinratio 0.0672 

ttH125_4l_absdetajj_mjj_genbin0_recobin3 acc 0.0085 eff 0.0166 outinratio 0.1248 

ZH125_4l_absdetajj_mjj_genbin0_recobin3 acc 0.1797 eff 0.0021 outinratio 0.2877 

ggH125_4l_absdetajj_mjj_genbin1_recobin3 acc 0.0338 eff 0.01 outinratio 0.0347 

VBFH125_4l_absdetajj_mjj_genbin1_recobin3 acc 0.0559 eff 0.0228 outinratio 0.0357 

WminusH125_4l_absdetajj_mjj_genbin1_recobin3 acc 0.143 eff 0.0044 outinratio 0.079 

WplusH125_4l_absdetajj_mjj_genbin1_recobin3 acc 0.1316 eff 0.0048 outinratio 0.0672 

ttH125_4l_absdetajj_mjj_genbin1_recobin3 acc 0.2944 eff 0.0067 outinratio 0.1248 

ZH125_4l_absdetajj_mjj_genbin1_recobin3 acc 0.1578 eff 0.0023 outinratio 0.2877 

ggH125_4l_absdetajj_mjj_genbin2_recobin3 acc 0.004 eff 0.0536 outinratio 0.0347 

VBFH125_4l_absdetajj_mjj_genbin2_recobin3 acc 0.0306 eff 0.0807 outinratio 0.0357 

WminusH125_4l_absdetajj_mjj_genbin2_recobin3 acc 0.004 eff 0.0546 outinratio 0.079 

WplusH125_4l_absdetajj_mjj_genbin2_recobin3 acc 0.0036 eff 0.0585 outinratio 0.0672 

ttH125_4l_absdetajj_mjj_genbin2_recobin3 acc 0.0027 eff 0.0578 outinratio 0.1248 

ZH125_4l_absdetajj_mjj_genbin2_recobin3 acc 0.0041 eff 0.0 outinratio 0.2877 

ggH125_4l_absdetajj_mjj_genbin3_recobin3 acc 0.0053 eff 0.4269 outinratio 0.0347 

VBFH125_4l_absdetajj_mjj_genbin3_recobin3 acc 0.1492 eff 0.4638 outinratio 0.0357 

WminusH125_4l_absdetajj_mjj_genbin3_recobin3 acc 0.0033 eff 0.3872 outinratio 0.079 

WplusH125_4l_absdetajj_mjj_genbin3_recobin3 acc 0.0033 eff 0.4258 outinratio 0.0672 

ttH125_4l_absdetajj_mjj_genbin3_recobin3 acc 0.013 eff 0.4076 outinratio 0.1248 

ZH125_4l_absdetajj_mjj_genbin3_recobin3 acc 0.0027 eff -1.0 outinratio 0.2877 

ggH125_4e_absdetajj_mjj_genbin0_recobin0 acc 0.3463 eff 0.3104 outinratio 0.0417 

VBFH125_4e_absdetajj_mjj_genbin0_recobin0 acc 0.2013 eff 0.2841 outinratio 0.0328 

WminusH125_4e_absdetajj_mjj_genbin0_recobin0 acc 0.1927 eff 0.278 outinratio 0.0752 

WplusH125_4e_absdetajj_mjj_genbin0_recobin0 acc 0.1664 eff 0.2769 outinratio 0.0758 

ttH125_4e_absdetajj_mjj_genbin0_recobin0 acc 0.0111 eff 0.1464 outinratio 0.3204 

ZH125_4e_absdetajj_mjj_genbin0_recobin0 acc 0.1644 eff 0.3009 outinratio 0.06 

ggH125_4e_absdetajj_mjj_genbin1_recobin0 acc 0.0331 eff 0.0515 outinratio 0.0417 

VBFH125_4e_absdetajj_mjj_genbin1_recobin0 acc 0.0542 eff 0.0403 outinratio 0.0328 

WminusH125_4e_absdetajj_mjj_genbin1_recobin0 acc 0.138 eff 0.0329 outinratio 0.0752 

WplusH125_4e_absdetajj_mjj_genbin1_recobin0 acc 0.1282 eff 0.033 outinratio 0.0758 

ttH125_4e_absdetajj_mjj_genbin1_recobin0 acc 0.2828 eff 0.0015 outinratio 0.3204 

ZH125_4e_absdetajj_mjj_genbin1_recobin0 acc 0.1517 eff 0.0352 outinratio 0.06 

ggH125_4e_absdetajj_mjj_genbin2_recobin0 acc 0.004 eff 0.0687 outinratio 0.0417 

VBFH125_4e_absdetajj_mjj_genbin2_recobin0 acc 0.0289 eff 0.0742 outinratio 0.0328 

WminusH125_4e_absdetajj_mjj_genbin2_recobin0 acc 0.0041 eff 0.0523 outinratio 0.0752 

WplusH125_4e_absdetajj_mjj_genbin2_recobin0 acc 0.0035 eff 0.0278 outinratio 0.0758 

ttH125_4e_absdetajj_mjj_genbin2_recobin0 acc 0.0031 eff 0.0 outinratio 0.3204 

ZH125_4e_absdetajj_mjj_genbin2_recobin0 acc 0.0063 eff -1.0 outinratio 0.06 

ggH125_4e_absdetajj_mjj_genbin3_recobin0 acc 0.0054 eff 0.0781 outinratio 0.0417 

VBFH125_4e_absdetajj_mjj_genbin3_recobin0 acc 0.1448 eff 0.0525 outinratio 0.0328 

WminusH125_4e_absdetajj_mjj_genbin3_recobin0 acc 0.003 eff 0.0114 outinratio 0.0752 

WplusH125_4e_absdetajj_mjj_genbin3_recobin0 acc 0.0032 eff 0.0132 outinratio 0.0758 

ttH125_4e_absdetajj_mjj_genbin3_recobin0 acc 0.0114 eff 0.0 outinratio 0.3204 

ZH125_4e_absdetajj_mjj_genbin3_recobin0 acc 0.0021 eff -1.0 outinratio 0.06 

ggH125_4e_absdetajj_mjj_genbin0_recobin1 acc 0.3463 eff 0.0097 outinratio 0.0612 

VBFH125_4e_absdetajj_mjj_genbin0_recobin1 acc 0.2013 eff 0.018 outinratio 0.0434 

WminusH125_4e_absdetajj_mjj_genbin0_recobin1 acc 0.1927 eff 0.038 outinratio 0.083 

WplusH125_4e_absdetajj_mjj_genbin0_recobin1 acc 0.1664 eff 0.0341 outinratio 0.0735 

ttH125_4e_absdetajj_mjj_genbin0_recobin1 acc 0.0111 eff 0.1642 outinratio 0.1878 

ZH125_4e_absdetajj_mjj_genbin0_recobin1 acc 0.1644 eff 0.005 outinratio 0.0693 

ggH125_4e_absdetajj_mjj_genbin1_recobin1 acc 0.0331 eff 0.2953 outinratio 0.0612 

VBFH125_4e_absdetajj_mjj_genbin1_recobin1 acc 0.0542 eff 0.2917 outinratio 0.0434 

WminusH125_4e_absdetajj_mjj_genbin1_recobin1 acc 0.138 eff 0.3091 outinratio 0.083 

WplusH125_4e_absdetajj_mjj_genbin1_recobin1 acc 0.1282 eff 0.3062 outinratio 0.0735 

ttH125_4e_absdetajj_mjj_genbin1_recobin1 acc 0.2828 eff 0.3424 outinratio 0.1878 

ZH125_4e_absdetajj_mjj_genbin1_recobin1 acc 0.1517 eff 0.3447 outinratio 0.0693 

ggH125_4e_absdetajj_mjj_genbin2_recobin1 acc 0.004 eff 0.0136 outinratio 0.0612 

VBFH125_4e_absdetajj_mjj_genbin2_recobin1 acc 0.0289 eff 0.0231 outinratio 0.0434 

WminusH125_4e_absdetajj_mjj_genbin2_recobin1 acc 0.0041 eff 0.0622 outinratio 0.083 

WplusH125_4e_absdetajj_mjj_genbin2_recobin1 acc 0.0035 eff 0.0859 outinratio 0.0735 

ttH125_4e_absdetajj_mjj_genbin2_recobin1 acc 0.0031 eff 0.1868 outinratio 0.1878 

ZH125_4e_absdetajj_mjj_genbin2_recobin1 acc 0.0063 eff -1.0 outinratio 0.0693 

ggH125_4e_absdetajj_mjj_genbin3_recobin1 acc 0.0054 eff 0.0259 outinratio 0.0612 

VBFH125_4e_absdetajj_mjj_genbin3_recobin1 acc 0.1448 eff 0.0077 outinratio 0.0434 

WminusH125_4e_absdetajj_mjj_genbin3_recobin1 acc 0.003 eff 0.0622 outinratio 0.083 

WplusH125_4e_absdetajj_mjj_genbin3_recobin1 acc 0.0032 eff 0.0362 outinratio 0.0735 

ttH125_4e_absdetajj_mjj_genbin3_recobin1 acc 0.0114 eff 0.0673 outinratio 0.1878 

ZH125_4e_absdetajj_mjj_genbin3_recobin1 acc 0.0021 eff -1.0 outinratio 0.0693 

ggH125_4e_absdetajj_mjj_genbin0_recobin2 acc 0.3463 eff 0.0035 outinratio 0.0904 

VBFH125_4e_absdetajj_mjj_genbin0_recobin2 acc 0.2013 eff 0.0106 outinratio 0.0328 

WminusH125_4e_absdetajj_mjj_genbin0_recobin2 acc 0.1927 eff 0.0042 outinratio 0.084 

WplusH125_4e_absdetajj_mjj_genbin0_recobin2 acc 0.1664 eff 0.0042 outinratio 0.0633 

ttH125_4e_absdetajj_mjj_genbin0_recobin2 acc 0.0111 eff 0.0 outinratio 0.1072 

ZH125_4e_absdetajj_mjj_genbin0_recobin2 acc 0.1644 eff 0.0 outinratio 0.0 

ggH125_4e_absdetajj_mjj_genbin1_recobin2 acc 0.0331 eff 0.0029 outinratio 0.0904 

VBFH125_4e_absdetajj_mjj_genbin1_recobin2 acc 0.0542 eff 0.006 outinratio 0.0328 

WminusH125_4e_absdetajj_mjj_genbin1_recobin2 acc 0.138 eff 0.0024 outinratio 0.084 

WplusH125_4e_absdetajj_mjj_genbin1_recobin2 acc 0.1282 eff 0.0022 outinratio 0.0633 

ttH125_4e_absdetajj_mjj_genbin1_recobin2 acc 0.2828 eff 0.0023 outinratio 0.1072 

ZH125_4e_absdetajj_mjj_genbin1_recobin2 acc 0.1517 eff 0.0 outinratio 0.0 

ggH125_4e_absdetajj_mjj_genbin2_recobin2 acc 0.004 eff 0.1933 outinratio 0.0904 

VBFH125_4e_absdetajj_mjj_genbin2_recobin2 acc 0.0289 eff 0.2045 outinratio 0.0328 

WminusH125_4e_absdetajj_mjj_genbin2_recobin2 acc 0.0041 eff 0.1534 outinratio 0.084 

WplusH125_4e_absdetajj_mjj_genbin2_recobin2 acc 0.0035 eff 0.1742 outinratio 0.0633 

ttH125_4e_absdetajj_mjj_genbin2_recobin2 acc 0.0031 eff 0.2416 outinratio 0.1072 

ZH125_4e_absdetajj_mjj_genbin2_recobin2 acc 0.0063 eff -1.0 outinratio 0.0 

ggH125_4e_absdetajj_mjj_genbin3_recobin2 acc 0.0054 eff 0.0106 outinratio 0.0904 

VBFH125_4e_absdetajj_mjj_genbin3_recobin2 acc 0.1448 eff 0.0063 outinratio 0.0328 

WminusH125_4e_absdetajj_mjj_genbin3_recobin2 acc 0.003 eff 0.01 outinratio 0.084 

WplusH125_4e_absdetajj_mjj_genbin3_recobin2 acc 0.0032 eff 0.0088 outinratio 0.0633 

ttH125_4e_absdetajj_mjj_genbin3_recobin2 acc 0.0114 eff 0.0 outinratio 0.1072 

ZH125_4e_absdetajj_mjj_genbin3_recobin2 acc 0.0021 eff -1.0 outinratio 0.0 

ggH125_4e_absdetajj_mjj_genbin0_recobin3 acc 0.3463 eff 0.0018 outinratio 0.0 

VBFH125_4e_absdetajj_mjj_genbin0_recobin3 acc 0.2013 eff 0.0272 outinratio 0.0345 

WminusH125_4e_absdetajj_mjj_genbin0_recobin3 acc 0.1927 eff 0.004 outinratio 0.0384 

WplusH125_4e_absdetajj_mjj_genbin0_recobin3 acc 0.1664 eff 0.0039 outinratio 0.038 

ttH125_4e_absdetajj_mjj_genbin0_recobin3 acc 0.0111 eff 0.0152 outinratio 0.3048 

ZH125_4e_absdetajj_mjj_genbin0_recobin3 acc 0.1644 eff 0.0042 outinratio 0.0 

ggH125_4e_absdetajj_mjj_genbin1_recobin3 acc 0.0331 eff 0.0043 outinratio 0.0 

VBFH125_4e_absdetajj_mjj_genbin1_recobin3 acc 0.0542 eff 0.017 outinratio 0.0345 

WminusH125_4e_absdetajj_mjj_genbin1_recobin3 acc 0.138 eff 0.0037 outinratio 0.0384 

WplusH125_4e_absdetajj_mjj_genbin1_recobin3 acc 0.1282 eff 0.003 outinratio 0.038 

ttH125_4e_absdetajj_mjj_genbin1_recobin3 acc 0.2828 eff 0.0023 outinratio 0.3048 

ZH125_4e_absdetajj_mjj_genbin1_recobin3 acc 0.1517 eff 0.0 outinratio 0.0 

ggH125_4e_absdetajj_mjj_genbin2_recobin3 acc 0.004 eff 0.0074 outinratio 0.0 

VBFH125_4e_absdetajj_mjj_genbin2_recobin3 acc 0.0289 eff 0.0489 outinratio 0.0345 

WminusH125_4e_absdetajj_mjj_genbin2_recobin3 acc 0.0041 eff 0.026 outinratio 0.0384 

WplusH125_4e_absdetajj_mjj_genbin2_recobin3 acc 0.0035 eff 0.028 outinratio 0.038 

ttH125_4e_absdetajj_mjj_genbin2_recobin3 acc 0.0031 eff 0.0319 outinratio 0.3048 

ZH125_4e_absdetajj_mjj_genbin2_recobin3 acc 0.0063 eff -1.0 outinratio 0.0 

ggH125_4e_absdetajj_mjj_genbin3_recobin3 acc 0.0054 eff 0.2566 outinratio 0.0 

VBFH125_4e_absdetajj_mjj_genbin3_recobin3 acc 0.1448 eff 0.2949 outinratio 0.0345 

WminusH125_4e_absdetajj_mjj_genbin3_recobin3 acc 0.003 eff 0.2452 outinratio 0.0384 

WplusH125_4e_absdetajj_mjj_genbin3_recobin3 acc 0.0032 eff 0.3088 outinratio 0.038 

ttH125_4e_absdetajj_mjj_genbin3_recobin3 acc 0.0114 eff 0.1805 outinratio 0.3048 

ZH125_4e_absdetajj_mjj_genbin3_recobin3 acc 0.0021 eff -1.0 outinratio 0.0 

ggH125_4mu_absdetajj_mjj_genbin0_recobin0 acc 0.3786 eff 0.744 outinratio 0.0511 

VBFH125_4mu_absdetajj_mjj_genbin0_recobin0 acc 0.2228 eff 0.6816 outinratio 0.0338 

WminusH125_4mu_absdetajj_mjj_genbin0_recobin0 acc 0.2129 eff 0.6794 outinratio 0.0617 

WplusH125_4mu_absdetajj_mjj_genbin0_recobin0 acc 0.1818 eff 0.6709 outinratio 0.064 

ttH125_4mu_absdetajj_mjj_genbin0_recobin0 acc 0.0083 eff 0.1716 outinratio 0.2411 

ZH125_4mu_absdetajj_mjj_genbin0_recobin0 acc 0.1957 eff 0.666 outinratio 0.0749 

ggH125_4mu_absdetajj_mjj_genbin1_recobin0 acc 0.0345 eff 0.1122 outinratio 0.0511 

VBFH125_4mu_absdetajj_mjj_genbin1_recobin0 acc 0.0592 eff 0.0949 outinratio 0.0338 

WminusH125_4mu_absdetajj_mjj_genbin1_recobin0 acc 0.1533 eff 0.0857 outinratio 0.0617 

WplusH125_4mu_absdetajj_mjj_genbin1_recobin0 acc 0.1386 eff 0.0792 outinratio 0.064 

ttH125_4mu_absdetajj_mjj_genbin1_recobin0 acc 0.3144 eff 0.005 outinratio 0.2411 

ZH125_4mu_absdetajj_mjj_genbin1_recobin0 acc 0.1554 eff 0.1013 outinratio 0.0749 

ggH125_4mu_absdetajj_mjj_genbin2_recobin0 acc 0.0042 eff 0.1954 outinratio 0.0511 

VBFH125_4mu_absdetajj_mjj_genbin2_recobin0 acc 0.0324 eff 0.1765 outinratio 0.0338 

WminusH125_4mu_absdetajj_mjj_genbin2_recobin0 acc 0.0048 eff 0.145 outinratio 0.0617 

WplusH125_4mu_absdetajj_mjj_genbin2_recobin0 acc 0.0038 eff 0.136 outinratio 0.064 

ttH125_4mu_absdetajj_mjj_genbin2_recobin0 acc 0.002 eff 0.2031 outinratio 0.2411 

ZH125_4mu_absdetajj_mjj_genbin2_recobin0 acc 0.0043 eff -1.0 outinratio 0.0749 

ggH125_4mu_absdetajj_mjj_genbin3_recobin0 acc 0.0059 eff 0.1742 outinratio 0.0511 

VBFH125_4mu_absdetajj_mjj_genbin3_recobin0 acc 0.1585 eff 0.1231 outinratio 0.0338 

WminusH125_4mu_absdetajj_mjj_genbin3_recobin0 acc 0.0035 eff 0.0802 outinratio 0.0617 

WplusH125_4mu_absdetajj_mjj_genbin3_recobin0 acc 0.0034 eff 0.0448 outinratio 0.064 

ttH125_4mu_absdetajj_mjj_genbin3_recobin0 acc 0.0151 eff 0.0042 outinratio 0.2411 

ZH125_4mu_absdetajj_mjj_genbin3_recobin0 acc 0.0 eff -1.0 outinratio 0.0749 

ggH125_4mu_absdetajj_mjj_genbin0_recobin1 acc 0.3786 eff 0.0247 outinratio 0.079 

VBFH125_4mu_absdetajj_mjj_genbin0_recobin1 acc 0.2228 eff 0.0468 outinratio 0.0439 

WminusH125_4mu_absdetajj_mjj_genbin0_recobin1 acc 0.2129 eff 0.1016 outinratio 0.0691 

WplusH125_4mu_absdetajj_mjj_genbin0_recobin1 acc 0.1818 eff 0.0973 outinratio 0.0739 

ttH125_4mu_absdetajj_mjj_genbin0_recobin1 acc 0.0083 eff 0.5417 outinratio 0.1284 

ZH125_4mu_absdetajj_mjj_genbin0_recobin1 acc 0.1957 eff 0.1195 outinratio 0.0813 

ggH125_4mu_absdetajj_mjj_genbin1_recobin1 acc 0.0345 eff 0.6703 outinratio 0.079 

VBFH125_4mu_absdetajj_mjj_genbin1_recobin1 acc 0.0592 eff 0.6824 outinratio 0.0439 

WminusH125_4mu_absdetajj_mjj_genbin1_recobin1 acc 0.1533 eff 0.7132 outinratio 0.0691 

WplusH125_4mu_absdetajj_mjj_genbin1_recobin1 acc 0.1386 eff 0.7206 outinratio 0.0739 

ttH125_4mu_absdetajj_mjj_genbin1_recobin1 acc 0.3144 eff 0.7649 outinratio 0.1284 

ZH125_4mu_absdetajj_mjj_genbin1_recobin1 acc 0.1554 eff 0.6825 outinratio 0.0813 

ggH125_4mu_absdetajj_mjj_genbin2_recobin1 acc 0.0042 eff 0.1252 outinratio 0.079 

VBFH125_4mu_absdetajj_mjj_genbin2_recobin1 acc 0.0324 eff 0.0412 outinratio 0.0439 

WminusH125_4mu_absdetajj_mjj_genbin2_recobin1 acc 0.0048 eff 0.1896 outinratio 0.0691 

WplusH125_4mu_absdetajj_mjj_genbin2_recobin1 acc 0.0038 eff 0.1918 outinratio 0.0739 

ttH125_4mu_absdetajj_mjj_genbin2_recobin1 acc 0.002 eff 0.4632 outinratio 0.1284 

ZH125_4mu_absdetajj_mjj_genbin2_recobin1 acc 0.0043 eff -1.0 outinratio 0.0813 

ggH125_4mu_absdetajj_mjj_genbin3_recobin1 acc 0.0059 eff 0.0583 outinratio 0.079 

VBFH125_4mu_absdetajj_mjj_genbin3_recobin1 acc 0.1585 eff 0.0232 outinratio 0.0439 

WminusH125_4mu_absdetajj_mjj_genbin3_recobin1 acc 0.0035 eff 0.1363 outinratio 0.0691 

WplusH125_4mu_absdetajj_mjj_genbin3_recobin1 acc 0.0034 eff 0.1197 outinratio 0.0739 

ttH125_4mu_absdetajj_mjj_genbin3_recobin1 acc 0.0151 eff 0.2783 outinratio 0.1284 

ZH125_4mu_absdetajj_mjj_genbin3_recobin1 acc 0.0 eff -1.0 outinratio 0.0813 

ggH125_4mu_absdetajj_mjj_genbin0_recobin2 acc 0.3786 eff 0.0066 outinratio 0.0398 

VBFH125_4mu_absdetajj_mjj_genbin0_recobin2 acc 0.2228 eff 0.0255 outinratio 0.0411 

WminusH125_4mu_absdetajj_mjj_genbin0_recobin2 acc 0.2129 eff 0.011 outinratio 0.0631 

WplusH125_4mu_absdetajj_mjj_genbin0_recobin2 acc 0.1818 eff 0.0116 outinratio 0.0528 

ttH125_4mu_absdetajj_mjj_genbin0_recobin2 acc 0.0083 eff 0.0 outinratio 0.1906 

ZH125_4mu_absdetajj_mjj_genbin0_recobin2 acc 0.1957 eff 0.0358 outinratio 0.0 

ggH125_4mu_absdetajj_mjj_genbin1_recobin2 acc 0.0345 eff 0.0149 outinratio 0.0398 

VBFH125_4mu_absdetajj_mjj_genbin1_recobin2 acc 0.0592 eff 0.0124 outinratio 0.0411 

WminusH125_4mu_absdetajj_mjj_genbin1_recobin2 acc 0.1533 eff 0.008 outinratio 0.0631 

WplusH125_4mu_absdetajj_mjj_genbin1_recobin2 acc 0.1386 eff 0.0049 outinratio 0.0528 

ttH125_4mu_absdetajj_mjj_genbin1_recobin2 acc 0.3144 eff 0.004 outinratio 0.1906 

ZH125_4mu_absdetajj_mjj_genbin1_recobin2 acc 0.1554 eff 0.007 outinratio 0.0 

ggH125_4mu_absdetajj_mjj_genbin2_recobin2 acc 0.0042 eff 0.3616 outinratio 0.0398 

VBFH125_4mu_absdetajj_mjj_genbin2_recobin2 acc 0.0324 eff 0.4623 outinratio 0.0411 

WminusH125_4mu_absdetajj_mjj_genbin2_recobin2 acc 0.0048 eff 0.3729 outinratio 0.0631 

WplusH125_4mu_absdetajj_mjj_genbin2_recobin2 acc 0.0038 eff 0.4023 outinratio 0.0528 

ttH125_4mu_absdetajj_mjj_genbin2_recobin2 acc 0.002 eff 0.293 outinratio 0.1906 

ZH125_4mu_absdetajj_mjj_genbin2_recobin2 acc 0.0043 eff -1.0 outinratio 0.0 

ggH125_4mu_absdetajj_mjj_genbin3_recobin2 acc 0.0059 eff 0.0372 outinratio 0.0398 

VBFH125_4mu_absdetajj_mjj_genbin3_recobin2 acc 0.1585 eff 0.0135 outinratio 0.0411 

WminusH125_4mu_absdetajj_mjj_genbin3_recobin2 acc 0.0035 eff 0.0289 outinratio 0.0631 

WplusH125_4mu_absdetajj_mjj_genbin3_recobin2 acc 0.0034 eff 0.0449 outinratio 0.0528 

ttH125_4mu_absdetajj_mjj_genbin3_recobin2 acc 0.0151 eff 0.0073 outinratio 0.1906 

ZH125_4mu_absdetajj_mjj_genbin3_recobin2 acc 0.0 eff -1.0 outinratio 0.0 

ggH125_4mu_absdetajj_mjj_genbin0_recobin3 acc 0.3786 eff 0.0077 outinratio 0.0403 

VBFH125_4mu_absdetajj_mjj_genbin0_recobin3 acc 0.2228 eff 0.0664 outinratio 0.0334 

WminusH125_4mu_absdetajj_mjj_genbin0_recobin3 acc 0.2129 eff 0.0087 outinratio 0.0625 

WplusH125_4mu_absdetajj_mjj_genbin0_recobin3 acc 0.1818 eff 0.0096 outinratio 0.0556 

ttH125_4mu_absdetajj_mjj_genbin0_recobin3 acc 0.0083 eff 0.0176 outinratio 0.0483 

ZH125_4mu_absdetajj_mjj_genbin0_recobin3 acc 0.1957 eff 0.0039 outinratio 1.6909 

ggH125_4mu_absdetajj_mjj_genbin1_recobin3 acc 0.0345 eff 0.0207 outinratio 0.0403 

VBFH125_4mu_absdetajj_mjj_genbin1_recobin3 acc 0.0592 eff 0.029 outinratio 0.0334 

WminusH125_4mu_absdetajj_mjj_genbin1_recobin3 acc 0.1533 eff 0.0064 outinratio 0.0625 

WplusH125_4mu_absdetajj_mjj_genbin1_recobin3 acc 0.1386 eff 0.0075 outinratio 0.0556 

ttH125_4mu_absdetajj_mjj_genbin1_recobin3 acc 0.3144 eff 0.0133 outinratio 0.0483 

ZH125_4mu_absdetajj_mjj_genbin1_recobin3 acc 0.1554 eff 0.0 outinratio 1.6909 

ggH125_4mu_absdetajj_mjj_genbin2_recobin3 acc 0.0042 eff 0.0559 outinratio 0.0403 

VBFH125_4mu_absdetajj_mjj_genbin2_recobin3 acc 0.0324 eff 0.122 outinratio 0.0334 

WminusH125_4mu_absdetajj_mjj_genbin2_recobin3 acc 0.0048 eff 0.0883 outinratio 0.0625 

WplusH125_4mu_absdetajj_mjj_genbin2_recobin3 acc 0.0038 eff 0.0973 outinratio 0.0556 

ttH125_4mu_absdetajj_mjj_genbin2_recobin3 acc 0.002 eff 0.0644 outinratio 0.0483 

ZH125_4mu_absdetajj_mjj_genbin2_recobin3 acc 0.0043 eff -1.0 outinratio 1.6909 

ggH125_4mu_absdetajj_mjj_genbin3_recobin3 acc 0.0059 eff 0.5453 outinratio 0.0403 

VBFH125_4mu_absdetajj_mjj_genbin3_recobin3 acc 0.1585 eff 0.6587 outinratio 0.0334 

WminusH125_4mu_absdetajj_mjj_genbin3_recobin3 acc 0.0035 eff 0.5887 outinratio 0.0625 

WplusH125_4mu_absdetajj_mjj_genbin3_recobin3 acc 0.0034 eff 0.5755 outinratio 0.0556 

ttH125_4mu_absdetajj_mjj_genbin3_recobin3 acc 0.0151 eff 0.5984 outinratio 0.0483 

ZH125_4mu_absdetajj_mjj_genbin3_recobin3 acc 0.0 eff -1.0 outinratio 1.6909 

ggH125_2e2mu_absdetajj_mjj_genbin0_recobin0 acc 0.3497 eff 0.4973 outinratio 0.0505 

VBFH125_2e2mu_absdetajj_mjj_genbin0_recobin0 acc 0.2029 eff 0.44 outinratio 0.0377 

WminusH125_2e2mu_absdetajj_mjj_genbin0_recobin0 acc 0.1919 eff 0.4367 outinratio 0.0697 

WplusH125_2e2mu_absdetajj_mjj_genbin0_recobin0 acc 0.1652 eff 0.4276 outinratio 0.0763 

ttH125_2e2mu_absdetajj_mjj_genbin0_recobin0 acc 0.0073 eff 0.2458 outinratio 0.1811 

ZH125_2e2mu_absdetajj_mjj_genbin0_recobin0 acc 0.1796 eff 0.4716 outinratio 0.0413 

ggH125_2e2mu_absdetajj_mjj_genbin1_recobin0 acc 0.0338 eff 0.0851 outinratio 0.0505 

VBFH125_2e2mu_absdetajj_mjj_genbin1_recobin0 acc 0.0551 eff 0.0588 outinratio 0.0377 

WminusH125_2e2mu_absdetajj_mjj_genbin1_recobin0 acc 0.14 eff 0.0564 outinratio 0.0697 

WplusH125_2e2mu_absdetajj_mjj_genbin1_recobin0 acc 0.1296 eff 0.0548 outinratio 0.0763 

ttH125_2e2mu_absdetajj_mjj_genbin1_recobin0 acc 0.2901 eff 0.003 outinratio 0.1811 

ZH125_2e2mu_absdetajj_mjj_genbin1_recobin0 acc 0.1623 eff 0.0807 outinratio 0.0413 

ggH125_2e2mu_absdetajj_mjj_genbin2_recobin0 acc 0.004 eff 0.1803 outinratio 0.0505 

VBFH125_2e2mu_absdetajj_mjj_genbin2_recobin0 acc 0.0305 eff 0.1204 outinratio 0.0377 

WminusH125_2e2mu_absdetajj_mjj_genbin2_recobin0 acc 0.0036 eff 0.0893 outinratio 0.0697 

WplusH125_2e2mu_absdetajj_mjj_genbin2_recobin0 acc 0.0035 eff 0.0858 outinratio 0.0763 

ttH125_2e2mu_absdetajj_mjj_genbin2_recobin0 acc 0.0029 eff 0.0 outinratio 0.1811 

ZH125_2e2mu_absdetajj_mjj_genbin2_recobin0 acc 0.0028 eff -1.0 outinratio 0.0413 

ggH125_2e2mu_absdetajj_mjj_genbin3_recobin0 acc 0.0049 eff 0.0785 outinratio 0.0505 

VBFH125_2e2mu_absdetajj_mjj_genbin3_recobin0 acc 0.1464 eff 0.0772 outinratio 0.0377 

WminusH125_2e2mu_absdetajj_mjj_genbin3_recobin0 acc 0.0033 eff 0.0269 outinratio 0.0697 

WplusH125_2e2mu_absdetajj_mjj_genbin3_recobin0 acc 0.0032 eff 0.0185 outinratio 0.0763 

ttH125_2e2mu_absdetajj_mjj_genbin3_recobin0 acc 0.0127 eff 0.0 outinratio 0.1811 

ZH125_2e2mu_absdetajj_mjj_genbin3_recobin0 acc 0.0045 eff -1.0 outinratio 0.0413 

ggH125_2e2mu_absdetajj_mjj_genbin0_recobin1 acc 0.3497 eff 0.0153 outinratio 0.0739 

VBFH125_2e2mu_absdetajj_mjj_genbin0_recobin1 acc 0.2029 eff 0.0282 outinratio 0.0486 

WminusH125_2e2mu_absdetajj_mjj_genbin0_recobin1 acc 0.1919 eff 0.0638 outinratio 0.0841 

WplusH125_2e2mu_absdetajj_mjj_genbin0_recobin1 acc 0.1652 eff 0.0627 outinratio 0.0852 

ttH125_2e2mu_absdetajj_mjj_genbin0_recobin1 acc 0.0073 eff 0.2518 outinratio 0.1701 

ZH125_2e2mu_absdetajj_mjj_genbin0_recobin1 acc 0.1796 eff 0.0837 outinratio 0.0504 

ggH125_2e2mu_absdetajj_mjj_genbin1_recobin1 acc 0.0338 eff 0.4685 outinratio 0.0739 

VBFH125_2e2mu_absdetajj_mjj_genbin1_recobin1 acc 0.0551 eff 0.4377 outinratio 0.0486 

WminusH125_2e2mu_absdetajj_mjj_genbin1_recobin1 acc 0.14 eff 0.4682 outinratio 0.0841 

WplusH125_2e2mu_absdetajj_mjj_genbin1_recobin1 acc 0.1296 eff 0.4599 outinratio 0.0852 

ttH125_2e2mu_absdetajj_mjj_genbin1_recobin1 acc 0.2901 eff 0.5111 outinratio 0.1701 

ZH125_2e2mu_absdetajj_mjj_genbin1_recobin1 acc 0.1623 eff 0.4115 outinratio 0.0504 

ggH125_2e2mu_absdetajj_mjj_genbin2_recobin1 acc 0.004 eff 0.0368 outinratio 0.0739 

VBFH125_2e2mu_absdetajj_mjj_genbin2_recobin1 acc 0.0305 eff 0.0223 outinratio 0.0486 

WminusH125_2e2mu_absdetajj_mjj_genbin2_recobin1 acc 0.0036 eff 0.1315 outinratio 0.0841 

WplusH125_2e2mu_absdetajj_mjj_genbin2_recobin1 acc 0.0035 eff 0.11 outinratio 0.0852 

ttH125_2e2mu_absdetajj_mjj_genbin2_recobin1 acc 0.0029 eff 0.1765 outinratio 0.1701 

ZH125_2e2mu_absdetajj_mjj_genbin2_recobin1 acc 0.0028 eff -1.0 outinratio 0.0504 

ggH125_2e2mu_absdetajj_mjj_genbin3_recobin1 acc 0.0049 eff 0.0286 outinratio 0.0739 

VBFH125_2e2mu_absdetajj_mjj_genbin3_recobin1 acc 0.1464 eff 0.0145 outinratio 0.0486 

WminusH125_2e2mu_absdetajj_mjj_genbin3_recobin1 acc 0.0033 eff 0.0985 outinratio 0.0841 

WplusH125_2e2mu_absdetajj_mjj_genbin3_recobin1 acc 0.0032 eff 0.0759 outinratio 0.0852 

ttH125_2e2mu_absdetajj_mjj_genbin3_recobin1 acc 0.0127 eff 0.1164 outinratio 0.1701 

ZH125_2e2mu_absdetajj_mjj_genbin3_recobin1 acc 0.0045 eff -1.0 outinratio 0.0504 

ggH125_2e2mu_absdetajj_mjj_genbin0_recobin2 acc 0.3497 eff 0.0048 outinratio 0.0774 

VBFH125_2e2mu_absdetajj_mjj_genbin0_recobin2 acc 0.2029 eff 0.0148 outinratio 0.0413 

WminusH125_2e2mu_absdetajj_mjj_genbin0_recobin2 acc 0.1919 eff 0.0067 outinratio 0.0878 

WplusH125_2e2mu_absdetajj_mjj_genbin0_recobin2 acc 0.1652 eff 0.0056 outinratio 0.0778 

ttH125_2e2mu_absdetajj_mjj_genbin0_recobin2 acc 0.0073 eff 0.0 outinratio 0.1138 

ZH125_2e2mu_absdetajj_mjj_genbin0_recobin2 acc 0.1796 eff 0.0133 outinratio 0.0 

ggH125_2e2mu_absdetajj_mjj_genbin1_recobin2 acc 0.0338 eff 0.0068 outinratio 0.0774 

VBFH125_2e2mu_absdetajj_mjj_genbin1_recobin2 acc 0.0551 eff 0.0079 outinratio 0.0413 

WminusH125_2e2mu_absdetajj_mjj_genbin1_recobin2 acc 0.14 eff 0.0056 outinratio 0.0878 

WplusH125_2e2mu_absdetajj_mjj_genbin1_recobin2 acc 0.1296 eff 0.0047 outinratio 0.0778 

ttH125_2e2mu_absdetajj_mjj_genbin1_recobin2 acc 0.2901 eff 0.003 outinratio 0.1138 

ZH125_2e2mu_absdetajj_mjj_genbin1_recobin2 acc 0.1623 eff 0.0056 outinratio 0.0 

ggH125_2e2mu_absdetajj_mjj_genbin2_recobin2 acc 0.004 eff 0.3218 outinratio 0.0774 

VBFH125_2e2mu_absdetajj_mjj_genbin2_recobin2 acc 0.0305 eff 0.3047 outinratio 0.0413 

WminusH125_2e2mu_absdetajj_mjj_genbin2_recobin2 acc 0.0036 eff 0.3266 outinratio 0.0878 

WplusH125_2e2mu_absdetajj_mjj_genbin2_recobin2 acc 0.0035 eff 0.252 outinratio 0.0778 

ttH125_2e2mu_absdetajj_mjj_genbin2_recobin2 acc 0.0029 eff 0.3414 outinratio 0.1138 

ZH125_2e2mu_absdetajj_mjj_genbin2_recobin2 acc 0.0028 eff -1.0 outinratio 0.0 

ggH125_2e2mu_absdetajj_mjj_genbin3_recobin2 acc 0.0049 eff 0.0114 outinratio 0.0774 

VBFH125_2e2mu_absdetajj_mjj_genbin3_recobin2 acc 0.1464 eff 0.0091 outinratio 0.0413 

WminusH125_2e2mu_absdetajj_mjj_genbin3_recobin2 acc 0.0033 eff 0.0159 outinratio 0.0878 

WplusH125_2e2mu_absdetajj_mjj_genbin3_recobin2 acc 0.0032 eff 0.0204 outinratio 0.0778 

ttH125_2e2mu_absdetajj_mjj_genbin3_recobin2 acc 0.0127 eff 0.0084 outinratio 0.1138 

ZH125_2e2mu_absdetajj_mjj_genbin3_recobin2 acc 0.0045 eff -1.0 outinratio 0.0 

ggH125_2e2mu_absdetajj_mjj_genbin0_recobin3 acc 0.3497 eff 0.003 outinratio 0.0401 

VBFH125_2e2mu_absdetajj_mjj_genbin0_recobin3 acc 0.2029 eff 0.0471 outinratio 0.0381 

WminusH125_2e2mu_absdetajj_mjj_genbin0_recobin3 acc 0.1919 eff 0.0048 outinratio 0.1143 

WplusH125_2e2mu_absdetajj_mjj_genbin0_recobin3 acc 0.1652 eff 0.0054 outinratio 0.09 

ttH125_2e2mu_absdetajj_mjj_genbin0_recobin3 acc 0.0073 eff 0.0172 outinratio 0.1619 

ZH125_2e2mu_absdetajj_mjj_genbin0_recobin3 acc 0.1796 eff 0.0 outinratio 0.0 

ggH125_2e2mu_absdetajj_mjj_genbin1_recobin3 acc 0.0338 eff 0.0072 outinratio 0.0401 

VBFH125_2e2mu_absdetajj_mjj_genbin1_recobin3 acc 0.0551 eff 0.0222 outinratio 0.0381 

WminusH125_2e2mu_absdetajj_mjj_genbin1_recobin3 acc 0.14 eff 0.0035 outinratio 0.1143 

WplusH125_2e2mu_absdetajj_mjj_genbin1_recobin3 acc 0.1296 eff 0.0042 outinratio 0.09 

ttH125_2e2mu_absdetajj_mjj_genbin1_recobin3 acc 0.2901 eff 0.0053 outinratio 0.1619 

ZH125_2e2mu_absdetajj_mjj_genbin1_recobin3 acc 0.1623 eff 0.0046 outinratio 0.0 

ggH125_2e2mu_absdetajj_mjj_genbin2_recobin3 acc 0.004 eff 0.0777 outinratio 0.0401 

VBFH125_2e2mu_absdetajj_mjj_genbin2_recobin3 acc 0.0305 eff 0.0731 outinratio 0.0381 

WminusH125_2e2mu_absdetajj_mjj_genbin2_recobin3 acc 0.0036 eff 0.0475 outinratio 0.1143 

WplusH125_2e2mu_absdetajj_mjj_genbin2_recobin3 acc 0.0035 eff 0.0524 outinratio 0.09 

ttH125_2e2mu_absdetajj_mjj_genbin2_recobin3 acc 0.0029 eff 0.0702 outinratio 0.1619 

ZH125_2e2mu_absdetajj_mjj_genbin2_recobin3 acc 0.0028 eff -1.0 outinratio 0.0 

ggH125_2e2mu_absdetajj_mjj_genbin3_recobin3 acc 0.0049 eff 0.454 outinratio 0.0401 

VBFH125_2e2mu_absdetajj_mjj_genbin3_recobin3 acc 0.1464 eff 0.4394 outinratio 0.0381 

WminusH125_2e2mu_absdetajj_mjj_genbin3_recobin3 acc 0.0033 eff 0.3399 outinratio 0.1143 

WplusH125_2e2mu_absdetajj_mjj_genbin3_recobin3 acc 0.0032 eff 0.4023 outinratio 0.09 

ttH125_2e2mu_absdetajj_mjj_genbin3_recobin3 acc 0.0127 eff 0.398 outinratio 0.1619 

ZH125_2e2mu_absdetajj_mjj_genbin3_recobin3 acc 0.0045 eff -1.0 outinratio 0.0 

Coeff fullNNLOPS
