Welcome in RunCoefficients!
['2024_6']
It is a double-differential measurement, binning for the 1st variable {0: [-100.0, 0.0], 1: [0.0, 3.0], 2: [3.0, 10.0], 3: [3.0, 10.0]} and for the 2nd variable {0: [-100.0, 0.0], 1: [0.0, 10000.0], 2: [0.0, 450.0], 3: [450.0, 10000.0]}
{0: [-100.0, 0.0, -100.0, 0.0], 1: [0.0, 3.0, 0.0, 10000.0], 2: [3.0, 10.0, 0.0, 450.0], 3: [3.0, 10.0, 450.0, 10000.0]}
absdetajj
Following observables extracted from dictionary: RECO =  absdetajj  GEN =  GENabsdetajj
It is a double-differential measurement: RECO_2nd =  mjj  GEN_2nd =  GENmjj
LUMI: 10.882200000000001
ZH125 0.00070615043
Processing ggH125 2024_6
Signal created
Signal failed created
Processing VBFH125 2024_6
Signal created
Signal failed created
Processing WminusH125 2024_6
Signal created
Signal failed created
Processing WplusH125 2024_6
Signal created
Signal failed created
Processing ttH125 2024_6
Signal created
Signal failed created
Processing ZH125 2024_6
Signal created
Signal failed created
2024_6 SKIMMED df CREATED
2024_6 ggH125
2024_6 VBFH125
2024_6 WminusH125
2024_6 WplusH125
2024_6 ttH125
2024_6 ZH125
Dataframes created successfully
Coeff std
ggH125_4l_absdetajj_mjj_genbin0_recobin0 acc 0.3543 eff 0.5214 outinratio 0.0518 

VBFH125_4l_absdetajj_mjj_genbin0_recobin0 acc 0.1964 eff 0.4657 outinratio 0.0503 

WminusH125_4l_absdetajj_mjj_genbin0_recobin0 acc 0.1965 eff 0.4621 outinratio 0.0715 

WplusH125_4l_absdetajj_mjj_genbin0_recobin0 acc 0.1715 eff 0.4565 outinratio 0.0736 

ttH125_4l_absdetajj_mjj_genbin0_recobin0 acc 0.0072 eff 0.304 outinratio 0.177 

ZH125_4l_absdetajj_mjj_genbin0_recobin0 acc 0.184 eff 0.4548 outinratio 0.0851 

ggH125_4l_absdetajj_mjj_genbin1_recobin0 acc 0.0343 eff 0.0861 outinratio 0.0518 

VBFH125_4l_absdetajj_mjj_genbin1_recobin0 acc 0.0611 eff 0.0798 outinratio 0.0503 

WminusH125_4l_absdetajj_mjj_genbin1_recobin0 acc 0.1438 eff 0.0578 outinratio 0.0715 

WplusH125_4l_absdetajj_mjj_genbin1_recobin0 acc 0.1313 eff 0.0557 outinratio 0.0736 

ttH125_4l_absdetajj_mjj_genbin1_recobin0 acc 0.2846 eff 0.0031 outinratio 0.177 

ZH125_4l_absdetajj_mjj_genbin1_recobin0 acc 0.1508 eff 0.0597 outinratio 0.0851 

ggH125_4l_absdetajj_mjj_genbin2_recobin0 acc 0.0045 eff 0.1612 outinratio 0.0518 

VBFH125_4l_absdetajj_mjj_genbin2_recobin0 acc 0.0283 eff 0.0995 outinratio 0.0503 

WminusH125_4l_absdetajj_mjj_genbin2_recobin0 acc 0.004 eff 0.0781 outinratio 0.0715 

WplusH125_4l_absdetajj_mjj_genbin2_recobin0 acc 0.0038 eff 0.0841 outinratio 0.0736 

ttH125_4l_absdetajj_mjj_genbin2_recobin0 acc 0.0033 eff 0.013 outinratio 0.177 

ZH125_4l_absdetajj_mjj_genbin2_recobin0 acc 0.0039 eff 0.0951 outinratio 0.0851 

ggH125_4l_absdetajj_mjj_genbin3_recobin0 acc 0.0053 eff 0.105 outinratio 0.0518 

VBFH125_4l_absdetajj_mjj_genbin3_recobin0 acc 0.1534 eff 0.0722 outinratio 0.0503 

WminusH125_4l_absdetajj_mjj_genbin3_recobin0 acc 0.0032 eff 0.0351 outinratio 0.0715 

WplusH125_4l_absdetajj_mjj_genbin3_recobin0 acc 0.0032 eff 0.0251 outinratio 0.0736 

ttH125_4l_absdetajj_mjj_genbin3_recobin0 acc 0.0121 eff 0.0033 outinratio 0.177 

ZH125_4l_absdetajj_mjj_genbin3_recobin0 acc 0.0037 eff 0.0113 outinratio 0.0851 

ggH125_4l_absdetajj_mjj_genbin0_recobin1 acc 0.3543 eff 0.0161 outinratio 0.0629 

VBFH125_4l_absdetajj_mjj_genbin0_recobin1 acc 0.1964 eff 0.0244 outinratio 0.061 

WminusH125_4l_absdetajj_mjj_genbin0_recobin1 acc 0.1965 eff 0.0684 outinratio 0.0753 

WplusH125_4l_absdetajj_mjj_genbin0_recobin1 acc 0.1715 eff 0.068 outinratio 0.0743 

ttH125_4l_absdetajj_mjj_genbin0_recobin1 acc 0.0072 eff 0.1647 outinratio 0.1744 

ZH125_4l_absdetajj_mjj_genbin0_recobin1 acc 0.184 eff 0.0749 outinratio 0.0759 

ggH125_4l_absdetajj_mjj_genbin1_recobin1 acc 0.0343 eff 0.4697 outinratio 0.0629 

VBFH125_4l_absdetajj_mjj_genbin1_recobin1 acc 0.0611 eff 0.4425 outinratio 0.061 

WminusH125_4l_absdetajj_mjj_genbin1_recobin1 acc 0.1438 eff 0.4969 outinratio 0.0753 

WplusH125_4l_absdetajj_mjj_genbin1_recobin1 acc 0.1313 eff 0.4932 outinratio 0.0743 

ttH125_4l_absdetajj_mjj_genbin1_recobin1 acc 0.2846 eff 0.5273 outinratio 0.1744 

ZH125_4l_absdetajj_mjj_genbin1_recobin1 acc 0.1508 eff 0.4781 outinratio 0.0759 

ggH125_4l_absdetajj_mjj_genbin2_recobin1 acc 0.0045 eff 0.0829 outinratio 0.0629 

VBFH125_4l_absdetajj_mjj_genbin2_recobin1 acc 0.0283 eff 0.0132 outinratio 0.061 

WminusH125_4l_absdetajj_mjj_genbin2_recobin1 acc 0.004 eff 0.1123 outinratio 0.0753 

WplusH125_4l_absdetajj_mjj_genbin2_recobin1 acc 0.0038 eff 0.1044 outinratio 0.0743 

ttH125_4l_absdetajj_mjj_genbin2_recobin1 acc 0.0033 eff 0.2109 outinratio 0.1744 

ZH125_4l_absdetajj_mjj_genbin2_recobin1 acc 0.0039 eff 0.0674 outinratio 0.0759 

ggH125_4l_absdetajj_mjj_genbin3_recobin1 acc 0.0053 eff 0.0367 outinratio 0.0629 

VBFH125_4l_absdetajj_mjj_genbin3_recobin1 acc 0.1534 eff 0.0132 outinratio 0.061 

WminusH125_4l_absdetajj_mjj_genbin3_recobin1 acc 0.0032 eff 0.0949 outinratio 0.0753 

WplusH125_4l_absdetajj_mjj_genbin3_recobin1 acc 0.0032 eff 0.1077 outinratio 0.0743 

ttH125_4l_absdetajj_mjj_genbin3_recobin1 acc 0.0121 eff 0.1067 outinratio 0.1744 

ZH125_4l_absdetajj_mjj_genbin3_recobin1 acc 0.0037 eff 0.0374 outinratio 0.0759 

ggH125_4l_absdetajj_mjj_genbin0_recobin2 acc 0.3543 eff 0.0047 outinratio 0.0802 

VBFH125_4l_absdetajj_mjj_genbin0_recobin2 acc 0.1964 eff 0.0211 outinratio 0.0148 

WminusH125_4l_absdetajj_mjj_genbin0_recobin2 acc 0.1965 eff 0.0084 outinratio 0.0735 

WplusH125_4l_absdetajj_mjj_genbin0_recobin2 acc 0.1715 eff 0.0074 outinratio 0.0673 

ttH125_4l_absdetajj_mjj_genbin0_recobin2 acc 0.0072 eff 0.0 outinratio 0.1303 

ZH125_4l_absdetajj_mjj_genbin0_recobin2 acc 0.184 eff 0.007 outinratio 0.0448 

ggH125_4l_absdetajj_mjj_genbin1_recobin2 acc 0.0343 eff 0.0068 outinratio 0.0802 

VBFH125_4l_absdetajj_mjj_genbin1_recobin2 acc 0.0611 eff 0.0092 outinratio 0.0148 

WminusH125_4l_absdetajj_mjj_genbin1_recobin2 acc 0.1438 eff 0.005 outinratio 0.0735 

WplusH125_4l_absdetajj_mjj_genbin1_recobin2 acc 0.1313 eff 0.0045 outinratio 0.0673 

ttH125_4l_absdetajj_mjj_genbin1_recobin2 acc 0.2846 eff 0.0016 outinratio 0.1303 

ZH125_4l_absdetajj_mjj_genbin1_recobin2 acc 0.1508 eff 0.0066 outinratio 0.0448 

ggH125_4l_absdetajj_mjj_genbin2_recobin2 acc 0.0045 eff 0.2982 outinratio 0.0802 

VBFH125_4l_absdetajj_mjj_genbin2_recobin2 acc 0.0283 eff 0.2997 outinratio 0.0148 

WminusH125_4l_absdetajj_mjj_genbin2_recobin2 acc 0.004 eff 0.3084 outinratio 0.0735 

WplusH125_4l_absdetajj_mjj_genbin2_recobin2 acc 0.0038 eff 0.3121 outinratio 0.0673 

ttH125_4l_absdetajj_mjj_genbin2_recobin2 acc 0.0033 eff 0.1973 outinratio 0.1303 

ZH125_4l_absdetajj_mjj_genbin2_recobin2 acc 0.0039 eff 0.3306 outinratio 0.0448 

ggH125_4l_absdetajj_mjj_genbin3_recobin2 acc 0.0053 eff 0.0222 outinratio 0.0802 

VBFH125_4l_absdetajj_mjj_genbin3_recobin2 acc 0.1534 eff 0.0154 outinratio 0.0148 

WminusH125_4l_absdetajj_mjj_genbin3_recobin2 acc 0.0032 eff 0.0307 outinratio 0.0735 

WplusH125_4l_absdetajj_mjj_genbin3_recobin2 acc 0.0032 eff 0.024 outinratio 0.0673 

ttH125_4l_absdetajj_mjj_genbin3_recobin2 acc 0.0121 eff 0.0201 outinratio 0.1303 

ZH125_4l_absdetajj_mjj_genbin3_recobin2 acc 0.0037 eff 0.0263 outinratio 0.0448 

ggH125_4l_absdetajj_mjj_genbin0_recobin3 acc 0.3543 eff 0.0043 outinratio 0.0488 

VBFH125_4l_absdetajj_mjj_genbin0_recobin3 acc 0.1964 eff 0.0487 outinratio 0.0144 

WminusH125_4l_absdetajj_mjj_genbin0_recobin3 acc 0.1965 eff 0.0059 outinratio 0.0858 

WplusH125_4l_absdetajj_mjj_genbin0_recobin3 acc 0.1715 eff 0.0054 outinratio 0.0884 

ttH125_4l_absdetajj_mjj_genbin0_recobin3 acc 0.0072 eff 0.0199 outinratio 0.2889 

ZH125_4l_absdetajj_mjj_genbin0_recobin3 acc 0.184 eff 0.0061 outinratio 0.079 

ggH125_4l_absdetajj_mjj_genbin1_recobin3 acc 0.0343 eff 0.0081 outinratio 0.0488 

VBFH125_4l_absdetajj_mjj_genbin1_recobin3 acc 0.0611 eff 0.0307 outinratio 0.0144 

WminusH125_4l_absdetajj_mjj_genbin1_recobin3 acc 0.1438 eff 0.0044 outinratio 0.0858 

WplusH125_4l_absdetajj_mjj_genbin1_recobin3 acc 0.1313 eff 0.0049 outinratio 0.0884 

ttH125_4l_absdetajj_mjj_genbin1_recobin3 acc 0.2846 eff 0.006 outinratio 0.2889 

ZH125_4l_absdetajj_mjj_genbin1_recobin3 acc 0.1508 eff 0.0041 outinratio 0.079 

ggH125_4l_absdetajj_mjj_genbin2_recobin3 acc 0.0045 eff 0.0498 outinratio 0.0488 

VBFH125_4l_absdetajj_mjj_genbin2_recobin3 acc 0.0283 eff 0.0595 outinratio 0.0144 

WminusH125_4l_absdetajj_mjj_genbin2_recobin3 acc 0.004 eff 0.0295 outinratio 0.0858 

WplusH125_4l_absdetajj_mjj_genbin2_recobin3 acc 0.0038 eff 0.0512 outinratio 0.0884 

ttH125_4l_absdetajj_mjj_genbin2_recobin3 acc 0.0033 eff 0.0851 outinratio 0.2889 

ZH125_4l_absdetajj_mjj_genbin2_recobin3 acc 0.0039 eff 0.0219 outinratio 0.079 

ggH125_4l_absdetajj_mjj_genbin3_recobin3 acc 0.0053 eff 0.4156 outinratio 0.0488 

VBFH125_4l_absdetajj_mjj_genbin3_recobin3 acc 0.1534 eff 0.4791 outinratio 0.0144 

WminusH125_4l_absdetajj_mjj_genbin3_recobin3 acc 0.0032 eff 0.3735 outinratio 0.0858 

WplusH125_4l_absdetajj_mjj_genbin3_recobin3 acc 0.0032 eff 0.4118 outinratio 0.0884 

ttH125_4l_absdetajj_mjj_genbin3_recobin3 acc 0.0121 eff 0.382 outinratio 0.2889 

ZH125_4l_absdetajj_mjj_genbin3_recobin3 acc 0.0037 eff 0.4675 outinratio 0.079 

ggH125_4e_absdetajj_mjj_genbin0_recobin0 acc 0.3402 eff 0.304 outinratio 0.0448 

VBFH125_4e_absdetajj_mjj_genbin0_recobin0 acc 0.1835 eff 0.263 outinratio 0.0467 

WminusH125_4e_absdetajj_mjj_genbin0_recobin0 acc 0.1916 eff 0.2785 outinratio 0.0792 

WplusH125_4e_absdetajj_mjj_genbin0_recobin0 acc 0.167 eff 0.2774 outinratio 0.0771 

ttH125_4e_absdetajj_mjj_genbin0_recobin0 acc 0.0065 eff 0.1118 outinratio 0.0991 

ZH125_4e_absdetajj_mjj_genbin0_recobin0 acc 0.1808 eff 0.2891 outinratio 0.0784 

ggH125_4e_absdetajj_mjj_genbin1_recobin0 acc 0.0339 eff 0.0579 outinratio 0.0448 

VBFH125_4e_absdetajj_mjj_genbin1_recobin0 acc 0.0682 eff 0.0352 outinratio 0.0467 

WminusH125_4e_absdetajj_mjj_genbin1_recobin0 acc 0.139 eff 0.036 outinratio 0.0792 

WplusH125_4e_absdetajj_mjj_genbin1_recobin0 acc 0.1288 eff 0.0353 outinratio 0.0771 

ttH125_4e_absdetajj_mjj_genbin1_recobin0 acc 0.2819 eff 0.0042 outinratio 0.0991 

ZH125_4e_absdetajj_mjj_genbin1_recobin0 acc 0.1449 eff 0.0342 outinratio 0.0784 

ggH125_4e_absdetajj_mjj_genbin2_recobin0 acc 0.0045 eff 0.0971 outinratio 0.0448 

VBFH125_4e_absdetajj_mjj_genbin2_recobin0 acc 0.0293 eff 0.0569 outinratio 0.0467 

WminusH125_4e_absdetajj_mjj_genbin2_recobin0 acc 0.0041 eff 0.0616 outinratio 0.0792 

WplusH125_4e_absdetajj_mjj_genbin2_recobin0 acc 0.0034 eff 0.0565 outinratio 0.0771 

ttH125_4e_absdetajj_mjj_genbin2_recobin0 acc 0.0018 eff -1.0 outinratio 0.0991 

ZH125_4e_absdetajj_mjj_genbin2_recobin0 acc 0.0034 eff 0.0179 outinratio 0.0784 

ggH125_4e_absdetajj_mjj_genbin3_recobin0 acc 0.0049 eff 0.0663 outinratio 0.0448 

VBFH125_4e_absdetajj_mjj_genbin3_recobin0 acc 0.1405 eff 0.0202 outinratio 0.0467 

WminusH125_4e_absdetajj_mjj_genbin3_recobin0 acc 0.0029 eff 0.0324 outinratio 0.0792 

WplusH125_4e_absdetajj_mjj_genbin3_recobin0 acc 0.0031 eff 0.0211 outinratio 0.0771 

ttH125_4e_absdetajj_mjj_genbin3_recobin0 acc 0.0108 eff 0.0 outinratio 0.0991 

ZH125_4e_absdetajj_mjj_genbin3_recobin0 acc 0.0035 eff 0.0 outinratio 0.0784 

ggH125_4e_absdetajj_mjj_genbin0_recobin1 acc 0.3402 eff 0.0104 outinratio 0.0545 

VBFH125_4e_absdetajj_mjj_genbin0_recobin1 acc 0.1835 eff 0.0092 outinratio 0.0 

WminusH125_4e_absdetajj_mjj_genbin0_recobin1 acc 0.1916 eff 0.0372 outinratio 0.0815 

WplusH125_4e_absdetajj_mjj_genbin0_recobin1 acc 0.167 eff 0.0389 outinratio 0.0743 

ttH125_4e_absdetajj_mjj_genbin0_recobin1 acc 0.0065 eff 0.0321 outinratio 0.2683 

ZH125_4e_absdetajj_mjj_genbin0_recobin1 acc 0.1808 eff 0.049 outinratio 0.0747 

ggH125_4e_absdetajj_mjj_genbin1_recobin1 acc 0.0339 eff 0.2856 outinratio 0.0545 

VBFH125_4e_absdetajj_mjj_genbin1_recobin1 acc 0.0682 eff 0.3239 outinratio 0.0 

WminusH125_4e_absdetajj_mjj_genbin1_recobin1 acc 0.139 eff 0.3086 outinratio 0.0815 

WplusH125_4e_absdetajj_mjj_genbin1_recobin1 acc 0.1288 eff 0.3057 outinratio 0.0743 

ttH125_4e_absdetajj_mjj_genbin1_recobin1 acc 0.2819 eff 0.3204 outinratio 0.2683 

ZH125_4e_absdetajj_mjj_genbin1_recobin1 acc 0.1449 eff 0.298 outinratio 0.0747 

ggH125_4e_absdetajj_mjj_genbin2_recobin1 acc 0.0045 eff 0.0248 outinratio 0.0545 

VBFH125_4e_absdetajj_mjj_genbin2_recobin1 acc 0.0293 eff 0.0 outinratio 0.0 

WminusH125_4e_absdetajj_mjj_genbin2_recobin1 acc 0.0041 eff 0.0728 outinratio 0.0815 

WplusH125_4e_absdetajj_mjj_genbin2_recobin1 acc 0.0034 eff 0.0541 outinratio 0.0743 

ttH125_4e_absdetajj_mjj_genbin2_recobin1 acc 0.0018 eff -1.0 outinratio 0.2683 

ZH125_4e_absdetajj_mjj_genbin2_recobin1 acc 0.0034 eff 0.0651 outinratio 0.0747 

ggH125_4e_absdetajj_mjj_genbin3_recobin1 acc 0.0049 eff 0.021 outinratio 0.0545 

VBFH125_4e_absdetajj_mjj_genbin3_recobin1 acc 0.1405 eff 0.0125 outinratio 0.0 

WminusH125_4e_absdetajj_mjj_genbin3_recobin1 acc 0.0029 eff 0.0516 outinratio 0.0815 

WplusH125_4e_absdetajj_mjj_genbin3_recobin1 acc 0.0031 eff 0.0867 outinratio 0.0743 

ttH125_4e_absdetajj_mjj_genbin3_recobin1 acc 0.0108 eff 0.0357 outinratio 0.2683 

ZH125_4e_absdetajj_mjj_genbin3_recobin1 acc 0.0035 eff 0.0195 outinratio 0.0747 

ggH125_4e_absdetajj_mjj_genbin0_recobin2 acc 0.3402 eff 0.0025 outinratio 0.0575 

VBFH125_4e_absdetajj_mjj_genbin0_recobin2 acc 0.1835 eff 0.012 outinratio 0.0 

WminusH125_4e_absdetajj_mjj_genbin0_recobin2 acc 0.1916 eff 0.0055 outinratio 0.1085 

WplusH125_4e_absdetajj_mjj_genbin0_recobin2 acc 0.167 eff 0.0038 outinratio 0.0898 

ttH125_4e_absdetajj_mjj_genbin0_recobin2 acc 0.0065 eff 0.0 outinratio 0.0 

ZH125_4e_absdetajj_mjj_genbin0_recobin2 acc 0.1808 eff 0.0022 outinratio 0.0 

ggH125_4e_absdetajj_mjj_genbin1_recobin2 acc 0.0339 eff 0.0036 outinratio 0.0575 

VBFH125_4e_absdetajj_mjj_genbin1_recobin2 acc 0.0682 eff 0.0151 outinratio 0.0 

WminusH125_4e_absdetajj_mjj_genbin1_recobin2 acc 0.139 eff 0.0031 outinratio 0.1085 

WplusH125_4e_absdetajj_mjj_genbin1_recobin2 acc 0.1288 eff 0.0028 outinratio 0.0898 

ttH125_4e_absdetajj_mjj_genbin1_recobin2 acc 0.2819 eff 0.0 outinratio 0.0 

ZH125_4e_absdetajj_mjj_genbin1_recobin2 acc 0.1449 eff 0.0058 outinratio 0.0 

ggH125_4e_absdetajj_mjj_genbin2_recobin2 acc 0.0045 eff 0.1748 outinratio 0.0575 

VBFH125_4e_absdetajj_mjj_genbin2_recobin2 acc 0.0293 eff 0.2183 outinratio 0.0 

WminusH125_4e_absdetajj_mjj_genbin2_recobin2 acc 0.0041 eff 0.2243 outinratio 0.1085 

WplusH125_4e_absdetajj_mjj_genbin2_recobin2 acc 0.0034 eff 0.181 outinratio 0.0898 

ttH125_4e_absdetajj_mjj_genbin2_recobin2 acc 0.0018 eff -1.0 outinratio 0.0 

ZH125_4e_absdetajj_mjj_genbin2_recobin2 acc 0.0034 eff 0.3207 outinratio 0.0 

ggH125_4e_absdetajj_mjj_genbin3_recobin2 acc 0.0049 eff 0.0151 outinratio 0.0575 

VBFH125_4e_absdetajj_mjj_genbin3_recobin2 acc 0.1405 eff 0.0 outinratio 0.0 

WminusH125_4e_absdetajj_mjj_genbin3_recobin2 acc 0.0029 eff 0.0176 outinratio 0.1085 

WplusH125_4e_absdetajj_mjj_genbin3_recobin2 acc 0.0031 eff 0.0102 outinratio 0.0898 

ttH125_4e_absdetajj_mjj_genbin3_recobin2 acc 0.0108 eff 0.0204 outinratio 0.0 

ZH125_4e_absdetajj_mjj_genbin3_recobin2 acc 0.0035 eff 0.0344 outinratio 0.0 

ggH125_4e_absdetajj_mjj_genbin0_recobin3 acc 0.3402 eff 0.0029 outinratio 0.0444 

VBFH125_4e_absdetajj_mjj_genbin0_recobin3 acc 0.1835 eff 0.036 outinratio 0.0112 

WminusH125_4e_absdetajj_mjj_genbin0_recobin3 acc 0.1916 eff 0.0034 outinratio 0.1146 

WplusH125_4e_absdetajj_mjj_genbin0_recobin3 acc 0.167 eff 0.0033 outinratio 0.1103 

ttH125_4e_absdetajj_mjj_genbin0_recobin3 acc 0.0065 eff 0.0842 outinratio 0.2531 

ZH125_4e_absdetajj_mjj_genbin0_recobin3 acc 0.1808 eff 0.0028 outinratio 0.0754 

ggH125_4e_absdetajj_mjj_genbin1_recobin3 acc 0.0339 eff 0.0046 outinratio 0.0444 

VBFH125_4e_absdetajj_mjj_genbin1_recobin3 acc 0.0682 eff 0.025 outinratio 0.0112 

WminusH125_4e_absdetajj_mjj_genbin1_recobin3 acc 0.139 eff 0.0022 outinratio 0.1146 

WplusH125_4e_absdetajj_mjj_genbin1_recobin3 acc 0.1288 eff 0.0025 outinratio 0.1103 

ttH125_4e_absdetajj_mjj_genbin1_recobin3 acc 0.2819 eff 0.006 outinratio 0.2531 

ZH125_4e_absdetajj_mjj_genbin1_recobin3 acc 0.1449 eff 0.0016 outinratio 0.0754 

ggH125_4e_absdetajj_mjj_genbin2_recobin3 acc 0.0045 eff 0.0257 outinratio 0.0444 

VBFH125_4e_absdetajj_mjj_genbin2_recobin3 acc 0.0293 eff 0.096 outinratio 0.0112 

WminusH125_4e_absdetajj_mjj_genbin2_recobin3 acc 0.0041 eff 0.0134 outinratio 0.1146 

WplusH125_4e_absdetajj_mjj_genbin2_recobin3 acc 0.0034 eff 0.0323 outinratio 0.1103 

ttH125_4e_absdetajj_mjj_genbin2_recobin3 acc 0.0018 eff -1.0 outinratio 0.2531 

ZH125_4e_absdetajj_mjj_genbin2_recobin3 acc 0.0034 eff 0.0 outinratio 0.0754 

ggH125_4e_absdetajj_mjj_genbin3_recobin3 acc 0.0049 eff 0.2165 outinratio 0.0444 

VBFH125_4e_absdetajj_mjj_genbin3_recobin3 acc 0.1405 eff 0.3244 outinratio 0.0112 

WminusH125_4e_absdetajj_mjj_genbin3_recobin3 acc 0.0029 eff 0.2226 outinratio 0.1146 

WplusH125_4e_absdetajj_mjj_genbin3_recobin3 acc 0.0031 eff 0.2637 outinratio 0.1103 

ttH125_4e_absdetajj_mjj_genbin3_recobin3 acc 0.0108 eff 0.1953 outinratio 0.2531 

ZH125_4e_absdetajj_mjj_genbin3_recobin3 acc 0.0035 eff 0.2625 outinratio 0.0754 

ggH125_4mu_absdetajj_mjj_genbin0_recobin0 acc 0.3804 eff 0.7655 outinratio 0.051 

VBFH125_4mu_absdetajj_mjj_genbin0_recobin0 acc 0.2243 eff 0.6671 outinratio 0.0504 

WminusH125_4mu_absdetajj_mjj_genbin0_recobin0 acc 0.2105 eff 0.6781 outinratio 0.0631 

WplusH125_4mu_absdetajj_mjj_genbin0_recobin0 acc 0.1851 eff 0.6743 outinratio 0.0652 

ttH125_4mu_absdetajj_mjj_genbin0_recobin0 acc 0.0078 eff 0.5129 outinratio 0.1201 

ZH125_4mu_absdetajj_mjj_genbin0_recobin0 acc 0.196 eff 0.6434 outinratio 0.0937 

ggH125_4mu_absdetajj_mjj_genbin1_recobin0 acc 0.0371 eff 0.1194 outinratio 0.051 

VBFH125_4mu_absdetajj_mjj_genbin1_recobin0 acc 0.0656 eff 0.1521 outinratio 0.0504 

WminusH125_4mu_absdetajj_mjj_genbin1_recobin0 acc 0.1544 eff 0.0797 outinratio 0.0631 

WplusH125_4mu_absdetajj_mjj_genbin1_recobin0 acc 0.137 eff 0.0779 outinratio 0.0652 

ttH125_4mu_absdetajj_mjj_genbin1_recobin0 acc 0.3049 eff 0.0024 outinratio 0.1201 

ZH125_4mu_absdetajj_mjj_genbin1_recobin0 acc 0.1556 eff 0.0838 outinratio 0.0937 

ggH125_4mu_absdetajj_mjj_genbin2_recobin0 acc 0.0048 eff 0.2094 outinratio 0.051 

VBFH125_4mu_absdetajj_mjj_genbin2_recobin0 acc 0.0303 eff 0.2085 outinratio 0.0504 

WminusH125_4mu_absdetajj_mjj_genbin2_recobin0 acc 0.0038 eff 0.1113 outinratio 0.0631 

WplusH125_4mu_absdetajj_mjj_genbin2_recobin0 acc 0.0039 eff 0.1314 outinratio 0.0652 

ttH125_4mu_absdetajj_mjj_genbin2_recobin0 acc 0.0052 eff 0.0324 outinratio 0.1201 

ZH125_4mu_absdetajj_mjj_genbin2_recobin0 acc 0.0043 eff 0.2034 outinratio 0.0937 

ggH125_4mu_absdetajj_mjj_genbin3_recobin0 acc 0.0055 eff 0.1337 outinratio 0.051 

VBFH125_4mu_absdetajj_mjj_genbin3_recobin0 acc 0.1827 eff 0.1004 outinratio 0.0504 

WminusH125_4mu_absdetajj_mjj_genbin3_recobin0 acc 0.0033 eff 0.0531 outinratio 0.0631 

WplusH125_4mu_absdetajj_mjj_genbin3_recobin0 acc 0.0032 eff 0.0319 outinratio 0.0652 

ttH125_4mu_absdetajj_mjj_genbin3_recobin0 acc 0.0122 eff 0.0 outinratio 0.1201 

ZH125_4mu_absdetajj_mjj_genbin3_recobin0 acc 0.0037 eff 0.0 outinratio 0.0937 

ggH125_4mu_absdetajj_mjj_genbin0_recobin1 acc 0.3804 eff 0.0244 outinratio 0.0566 

VBFH125_4mu_absdetajj_mjj_genbin0_recobin1 acc 0.2243 eff 0.0519 outinratio 0.1048 

WminusH125_4mu_absdetajj_mjj_genbin0_recobin1 acc 0.2105 eff 0.0996 outinratio 0.0654 

WplusH125_4mu_absdetajj_mjj_genbin0_recobin1 acc 0.1851 eff 0.1038 outinratio 0.0688 

ttH125_4mu_absdetajj_mjj_genbin0_recobin1 acc 0.0078 eff 0.1069 outinratio 0.1147 

ZH125_4mu_absdetajj_mjj_genbin0_recobin1 acc 0.196 eff 0.1107 outinratio 0.0725 

ggH125_4mu_absdetajj_mjj_genbin1_recobin1 acc 0.0371 eff 0.6672 outinratio 0.0566 

VBFH125_4mu_absdetajj_mjj_genbin1_recobin1 acc 0.0656 eff 0.57 outinratio 0.1048 

WminusH125_4mu_absdetajj_mjj_genbin1_recobin1 acc 0.1544 eff 0.722 outinratio 0.0654 

WplusH125_4mu_absdetajj_mjj_genbin1_recobin1 acc 0.137 eff 0.7088 outinratio 0.0688 

ttH125_4mu_absdetajj_mjj_genbin1_recobin1 acc 0.3049 eff 0.7796 outinratio 0.1147 

ZH125_4mu_absdetajj_mjj_genbin1_recobin1 acc 0.1556 eff 0.696 outinratio 0.0725 

ggH125_4mu_absdetajj_mjj_genbin2_recobin1 acc 0.0048 eff 0.1622 outinratio 0.0566 

VBFH125_4mu_absdetajj_mjj_genbin2_recobin1 acc 0.0303 eff 0.0 outinratio 0.1048 

WminusH125_4mu_absdetajj_mjj_genbin2_recobin1 acc 0.0038 eff 0.162 outinratio 0.0654 

WplusH125_4mu_absdetajj_mjj_genbin2_recobin1 acc 0.0039 eff 0.164 outinratio 0.0688 

ttH125_4mu_absdetajj_mjj_genbin2_recobin1 acc 0.0052 eff 0.3737 outinratio 0.1147 

ZH125_4mu_absdetajj_mjj_genbin2_recobin1 acc 0.0043 eff 0.1002 outinratio 0.0725 

ggH125_4mu_absdetajj_mjj_genbin3_recobin1 acc 0.0055 eff 0.0524 outinratio 0.0566 

VBFH125_4mu_absdetajj_mjj_genbin3_recobin1 acc 0.1827 eff 0.0119 outinratio 0.1048 

WminusH125_4mu_absdetajj_mjj_genbin3_recobin1 acc 0.0033 eff 0.1677 outinratio 0.0654 

WplusH125_4mu_absdetajj_mjj_genbin3_recobin1 acc 0.0032 eff 0.1575 outinratio 0.0688 

ttH125_4mu_absdetajj_mjj_genbin3_recobin1 acc 0.0122 eff 0.0914 outinratio 0.1147 

ZH125_4mu_absdetajj_mjj_genbin3_recobin1 acc 0.0037 eff 0.0435 outinratio 0.0725 

ggH125_4mu_absdetajj_mjj_genbin0_recobin2 acc 0.3804 eff 0.0071 outinratio 0.0881 

VBFH125_4mu_absdetajj_mjj_genbin0_recobin2 acc 0.2243 eff 0.035 outinratio 0.0 

WminusH125_4mu_absdetajj_mjj_genbin0_recobin2 acc 0.2105 eff 0.0118 outinratio 0.0673 

WplusH125_4mu_absdetajj_mjj_genbin0_recobin2 acc 0.1851 eff 0.0109 outinratio 0.0649 

ttH125_4mu_absdetajj_mjj_genbin0_recobin2 acc 0.0078 eff 0.0 outinratio 0.1357 

ZH125_4mu_absdetajj_mjj_genbin0_recobin2 acc 0.196 eff 0.0155 outinratio 0.0 

ggH125_4mu_absdetajj_mjj_genbin1_recobin2 acc 0.0371 eff 0.0097 outinratio 0.0881 

VBFH125_4mu_absdetajj_mjj_genbin1_recobin2 acc 0.0656 eff 0.0168 outinratio 0.0 

WminusH125_4mu_absdetajj_mjj_genbin1_recobin2 acc 0.1544 eff 0.0084 outinratio 0.0673 

WplusH125_4mu_absdetajj_mjj_genbin1_recobin2 acc 0.137 eff 0.0071 outinratio 0.0649 

ttH125_4mu_absdetajj_mjj_genbin1_recobin2 acc 0.3049 eff 0.002 outinratio 0.1357 

ZH125_4mu_absdetajj_mjj_genbin1_recobin2 acc 0.1556 eff 0.0083 outinratio 0.0 

ggH125_4mu_absdetajj_mjj_genbin2_recobin2 acc 0.0048 eff 0.3812 outinratio 0.0881 

VBFH125_4mu_absdetajj_mjj_genbin2_recobin2 acc 0.0303 eff 0.4288 outinratio 0.0 

WminusH125_4mu_absdetajj_mjj_genbin2_recobin2 acc 0.0038 eff 0.3765 outinratio 0.0673 

WplusH125_4mu_absdetajj_mjj_genbin2_recobin2 acc 0.0039 eff 0.4133 outinratio 0.0649 

ttH125_4mu_absdetajj_mjj_genbin2_recobin2 acc 0.0052 eff 0.4577 outinratio 0.1357 

ZH125_4mu_absdetajj_mjj_genbin2_recobin2 acc 0.0043 eff 0.4071 outinratio 0.0 

ggH125_4mu_absdetajj_mjj_genbin3_recobin2 acc 0.0055 eff 0.0459 outinratio 0.0881 

VBFH125_4mu_absdetajj_mjj_genbin3_recobin2 acc 0.1827 eff 0.0247 outinratio 0.0 

WminusH125_4mu_absdetajj_mjj_genbin3_recobin2 acc 0.0033 eff 0.0423 outinratio 0.0673 

WplusH125_4mu_absdetajj_mjj_genbin3_recobin2 acc 0.0032 eff 0.0414 outinratio 0.0649 

ttH125_4mu_absdetajj_mjj_genbin3_recobin2 acc 0.0122 eff 0.0192 outinratio 0.1357 

ZH125_4mu_absdetajj_mjj_genbin3_recobin2 acc 0.0037 eff 0.0677 outinratio 0.0 

ggH125_4mu_absdetajj_mjj_genbin0_recobin3 acc 0.3804 eff 0.0062 outinratio 0.0546 

VBFH125_4mu_absdetajj_mjj_genbin0_recobin3 acc 0.2243 eff 0.0787 outinratio 0.0141 

WminusH125_4mu_absdetajj_mjj_genbin0_recobin3 acc 0.2105 eff 0.009 outinratio 0.0882 

WplusH125_4mu_absdetajj_mjj_genbin0_recobin3 acc 0.1851 eff 0.0075 outinratio 0.0948 

ttH125_4mu_absdetajj_mjj_genbin0_recobin3 acc 0.0078 eff 0.0 outinratio 0.285 

ZH125_4mu_absdetajj_mjj_genbin0_recobin3 acc 0.196 eff 0.0092 outinratio 0.0684 

ggH125_4mu_absdetajj_mjj_genbin1_recobin3 acc 0.0371 eff 0.0128 outinratio 0.0546 

VBFH125_4mu_absdetajj_mjj_genbin1_recobin3 acc 0.0656 eff 0.0714 outinratio 0.0141 

WminusH125_4mu_absdetajj_mjj_genbin1_recobin3 acc 0.1544 eff 0.0067 outinratio 0.0882 

WplusH125_4mu_absdetajj_mjj_genbin1_recobin3 acc 0.137 eff 0.0083 outinratio 0.0948 

ttH125_4mu_absdetajj_mjj_genbin1_recobin3 acc 0.3049 eff 0.006 outinratio 0.285 

ZH125_4mu_absdetajj_mjj_genbin1_recobin3 acc 0.1556 eff 0.0091 outinratio 0.0684 

ggH125_4mu_absdetajj_mjj_genbin2_recobin3 acc 0.0048 eff 0.0755 outinratio 0.0546 

VBFH125_4mu_absdetajj_mjj_genbin2_recobin3 acc 0.0303 eff 0.0674 outinratio 0.0141 

WminusH125_4mu_absdetajj_mjj_genbin2_recobin3 acc 0.0038 eff 0.066 outinratio 0.0882 

WplusH125_4mu_absdetajj_mjj_genbin2_recobin3 acc 0.0039 eff 0.0717 outinratio 0.0948 

ttH125_4mu_absdetajj_mjj_genbin2_recobin3 acc 0.0052 eff 0.0991 outinratio 0.285 

ZH125_4mu_absdetajj_mjj_genbin2_recobin3 acc 0.0043 eff 0.0123 outinratio 0.0684 

ggH125_4mu_absdetajj_mjj_genbin3_recobin3 acc 0.0055 eff 0.6272 outinratio 0.0546 

VBFH125_4mu_absdetajj_mjj_genbin3_recobin3 acc 0.1827 eff 0.6387 outinratio 0.0141 

WminusH125_4mu_absdetajj_mjj_genbin3_recobin3 acc 0.0033 eff 0.5732 outinratio 0.0882 

WplusH125_4mu_absdetajj_mjj_genbin3_recobin3 acc 0.0032 eff 0.6113 outinratio 0.0948 

ttH125_4mu_absdetajj_mjj_genbin3_recobin3 acc 0.0122 eff 0.6569 outinratio 0.285 

ZH125_4mu_absdetajj_mjj_genbin3_recobin3 acc 0.0037 eff 0.7392 outinratio 0.0684 

ggH125_2e2mu_absdetajj_mjj_genbin0_recobin0 acc 0.3476 eff 0.4911 outinratio 0.0548 

VBFH125_2e2mu_absdetajj_mjj_genbin0_recobin0 acc 0.1885 eff 0.4462 outinratio 0.0514 

WminusH125_2e2mu_absdetajj_mjj_genbin0_recobin0 acc 0.1916 eff 0.4328 outinratio 0.0766 

WplusH125_2e2mu_absdetajj_mjj_genbin0_recobin0 acc 0.1665 eff 0.422 outinratio 0.0804 

ttH125_2e2mu_absdetajj_mjj_genbin0_recobin0 acc 0.0073 eff 0.2791 outinratio 0.256 

ZH125_2e2mu_absdetajj_mjj_genbin0_recobin0 acc 0.1791 eff 0.4322 outinratio 0.0799 

ggH125_2e2mu_absdetajj_mjj_genbin1_recobin0 acc 0.0331 eff 0.0814 outinratio 0.0548 

VBFH125_2e2mu_absdetajj_mjj_genbin1_recobin0 acc 0.0546 eff 0.0638 outinratio 0.0514 

WminusH125_2e2mu_absdetajj_mjj_genbin1_recobin0 acc 0.1407 eff 0.0565 outinratio 0.0766 

WplusH125_2e2mu_absdetajj_mjj_genbin1_recobin0 acc 0.1295 eff 0.054 outinratio 0.0804 

ttH125_2e2mu_absdetajj_mjj_genbin1_recobin0 acc 0.2751 eff 0.0029 outinratio 0.256 

ZH125_2e2mu_absdetajj_mjj_genbin1_recobin0 acc 0.1515 eff 0.0594 outinratio 0.0799 

ggH125_2e2mu_absdetajj_mjj_genbin2_recobin0 acc 0.0044 eff 0.1684 outinratio 0.0548 

VBFH125_2e2mu_absdetajj_mjj_genbin2_recobin0 acc 0.0267 eff 0.0582 outinratio 0.0514 

WminusH125_2e2mu_absdetajj_mjj_genbin2_recobin0 acc 0.004 eff 0.0698 outinratio 0.0766 

WplusH125_2e2mu_absdetajj_mjj_genbin2_recobin0 acc 0.0039 eff 0.0712 outinratio 0.0804 

ttH125_2e2mu_absdetajj_mjj_genbin2_recobin0 acc 0.0032 eff 0.0 outinratio 0.256 

ZH125_2e2mu_absdetajj_mjj_genbin2_recobin0 acc 0.0041 eff 0.0661 outinratio 0.0799 

ggH125_2e2mu_absdetajj_mjj_genbin3_recobin0 acc 0.0053 eff 0.1084 outinratio 0.0548 

VBFH125_2e2mu_absdetajj_mjj_genbin3_recobin0 acc 0.1447 eff 0.0814 outinratio 0.0514 

WminusH125_2e2mu_absdetajj_mjj_genbin3_recobin0 acc 0.0033 eff 0.0266 outinratio 0.0766 

WplusH125_2e2mu_absdetajj_mjj_genbin3_recobin0 acc 0.0032 eff 0.0235 outinratio 0.0804 

ttH125_2e2mu_absdetajj_mjj_genbin3_recobin0 acc 0.0127 eff 0.0066 outinratio 0.256 

ZH125_2e2mu_absdetajj_mjj_genbin3_recobin0 acc 0.0038 eff 0.023 outinratio 0.0799 

ggH125_2e2mu_absdetajj_mjj_genbin0_recobin1 acc 0.3476 eff 0.0142 outinratio 0.072 

VBFH125_2e2mu_absdetajj_mjj_genbin0_recobin1 acc 0.1885 eff 0.0149 outinratio 0.0494 

WminusH125_2e2mu_absdetajj_mjj_genbin0_recobin1 acc 0.1916 eff 0.0668 outinratio 0.0823 

WplusH125_2e2mu_absdetajj_mjj_genbin0_recobin1 acc 0.1665 eff 0.0622 outinratio 0.0794 

ttH125_2e2mu_absdetajj_mjj_genbin0_recobin1 acc 0.0073 eff 0.262 outinratio 0.1961 

ZH125_2e2mu_absdetajj_mjj_genbin0_recobin1 acc 0.1791 eff 0.0675 outinratio 0.0793 

ggH125_2e2mu_absdetajj_mjj_genbin1_recobin1 acc 0.0331 eff 0.4511 outinratio 0.072 

VBFH125_2e2mu_absdetajj_mjj_genbin1_recobin1 acc 0.0546 eff 0.4426 outinratio 0.0494 

WminusH125_2e2mu_absdetajj_mjj_genbin1_recobin1 acc 0.1407 eff 0.4636 outinratio 0.0823 

WplusH125_2e2mu_absdetajj_mjj_genbin1_recobin1 acc 0.1295 eff 0.47 outinratio 0.0794 

ttH125_2e2mu_absdetajj_mjj_genbin1_recobin1 acc 0.2751 eff 0.4939 outinratio 0.1961 

ZH125_2e2mu_absdetajj_mjj_genbin1_recobin1 acc 0.1515 eff 0.4485 outinratio 0.0793 

ggH125_2e2mu_absdetajj_mjj_genbin2_recobin1 acc 0.0044 eff 0.068 outinratio 0.072 

VBFH125_2e2mu_absdetajj_mjj_genbin2_recobin1 acc 0.0267 eff 0.0297 outinratio 0.0494 

WminusH125_2e2mu_absdetajj_mjj_genbin2_recobin1 acc 0.004 eff 0.1084 outinratio 0.0823 

WplusH125_2e2mu_absdetajj_mjj_genbin2_recobin1 acc 0.0039 eff 0.0956 outinratio 0.0794 

ttH125_2e2mu_absdetajj_mjj_genbin2_recobin1 acc 0.0032 eff 0.1345 outinratio 0.1961 

ZH125_2e2mu_absdetajj_mjj_genbin2_recobin1 acc 0.0041 eff 0.0491 outinratio 0.0793 

ggH125_2e2mu_absdetajj_mjj_genbin3_recobin1 acc 0.0053 eff 0.0359 outinratio 0.072 

VBFH125_2e2mu_absdetajj_mjj_genbin3_recobin1 acc 0.1447 eff 0.0144 outinratio 0.0494 

WminusH125_2e2mu_absdetajj_mjj_genbin3_recobin1 acc 0.0033 eff 0.076 outinratio 0.0823 

WplusH125_2e2mu_absdetajj_mjj_genbin3_recobin1 acc 0.0032 eff 0.0914 outinratio 0.0794 

ttH125_2e2mu_absdetajj_mjj_genbin3_recobin1 acc 0.0127 eff 0.1479 outinratio 0.1961 

ZH125_2e2mu_absdetajj_mjj_genbin3_recobin1 acc 0.0038 eff 0.043 outinratio 0.0793 

ggH125_2e2mu_absdetajj_mjj_genbin0_recobin2 acc 0.3476 eff 0.0044 outinratio 0.0803 

VBFH125_2e2mu_absdetajj_mjj_genbin0_recobin2 acc 0.1885 eff 0.017 outinratio 0.0376 

WminusH125_2e2mu_absdetajj_mjj_genbin0_recobin2 acc 0.1916 eff 0.008 outinratio 0.0653 

WplusH125_2e2mu_absdetajj_mjj_genbin0_recobin2 acc 0.1665 eff 0.0072 outinratio 0.0626 

ttH125_2e2mu_absdetajj_mjj_genbin0_recobin2 acc 0.0073 eff 0.0 outinratio 0.1525 

ZH125_2e2mu_absdetajj_mjj_genbin0_recobin2 acc 0.1791 eff 0.0045 outinratio 0.1187 

ggH125_2e2mu_absdetajj_mjj_genbin1_recobin2 acc 0.0331 eff 0.0067 outinratio 0.0803 

VBFH125_2e2mu_absdetajj_mjj_genbin1_recobin2 acc 0.0546 eff 0.0 outinratio 0.0376 

WminusH125_2e2mu_absdetajj_mjj_genbin1_recobin2 acc 0.1407 eff 0.004 outinratio 0.0653 

WplusH125_2e2mu_absdetajj_mjj_genbin1_recobin2 acc 0.1295 eff 0.004 outinratio 0.0626 

ttH125_2e2mu_absdetajj_mjj_genbin1_recobin2 acc 0.2751 eff 0.0022 outinratio 0.1525 

ZH125_2e2mu_absdetajj_mjj_genbin1_recobin2 acc 0.1515 eff 0.0061 outinratio 0.1187 

ggH125_2e2mu_absdetajj_mjj_genbin2_recobin2 acc 0.0044 eff 0.3181 outinratio 0.0803 

VBFH125_2e2mu_absdetajj_mjj_genbin2_recobin2 acc 0.0267 eff 0.2699 outinratio 0.0376 

WminusH125_2e2mu_absdetajj_mjj_genbin2_recobin2 acc 0.004 eff 0.3202 outinratio 0.0653 

WplusH125_2e2mu_absdetajj_mjj_genbin2_recobin2 acc 0.0039 eff 0.3195 outinratio 0.0626 

ttH125_2e2mu_absdetajj_mjj_genbin2_recobin2 acc 0.0032 eff 0.0 outinratio 0.1525 

ZH125_2e2mu_absdetajj_mjj_genbin2_recobin2 acc 0.0041 eff 0.2903 outinratio 0.1187 

ggH125_2e2mu_absdetajj_mjj_genbin3_recobin2 acc 0.0053 eff 0.0125 outinratio 0.0803 

VBFH125_2e2mu_absdetajj_mjj_genbin3_recobin2 acc 0.1447 eff 0.0174 outinratio 0.0376 

WminusH125_2e2mu_absdetajj_mjj_genbin3_recobin2 acc 0.0033 eff 0.0307 outinratio 0.0653 

WplusH125_2e2mu_absdetajj_mjj_genbin3_recobin2 acc 0.0032 eff 0.0218 outinratio 0.0626 

ttH125_2e2mu_absdetajj_mjj_genbin3_recobin2 acc 0.0127 eff 0.0205 outinratio 0.1525 

ZH125_2e2mu_absdetajj_mjj_genbin3_recobin2 acc 0.0038 eff 0.0 outinratio 0.1187 

ggH125_2e2mu_absdetajj_mjj_genbin0_recobin3 acc 0.3476 eff 0.0039 outinratio 0.045 

VBFH125_2e2mu_absdetajj_mjj_genbin0_recobin3 acc 0.1885 eff 0.0362 outinratio 0.0162 

WminusH125_2e2mu_absdetajj_mjj_genbin0_recobin3 acc 0.1916 eff 0.0054 outinratio 0.0743 

WplusH125_2e2mu_absdetajj_mjj_genbin0_recobin3 acc 0.1665 eff 0.0052 outinratio 0.0747 

ttH125_2e2mu_absdetajj_mjj_genbin0_recobin3 acc 0.0073 eff 0.0 outinratio 0.3086 

ZH125_2e2mu_absdetajj_mjj_genbin0_recobin3 acc 0.1791 eff 0.006 outinratio 0.0909 

ggH125_2e2mu_absdetajj_mjj_genbin1_recobin3 acc 0.0331 eff 0.0073 outinratio 0.045 

VBFH125_2e2mu_absdetajj_mjj_genbin1_recobin3 acc 0.0546 eff 0.0078 outinratio 0.0162 

WminusH125_2e2mu_absdetajj_mjj_genbin1_recobin3 acc 0.1407 eff 0.0043 outinratio 0.0743 

WplusH125_2e2mu_absdetajj_mjj_genbin1_recobin3 acc 0.1295 eff 0.0041 outinratio 0.0747 

ttH125_2e2mu_absdetajj_mjj_genbin1_recobin3 acc 0.2751 eff 0.006 outinratio 0.3086 

ZH125_2e2mu_absdetajj_mjj_genbin1_recobin3 acc 0.1515 eff 0.0025 outinratio 0.0909 

ggH125_2e2mu_absdetajj_mjj_genbin2_recobin3 acc 0.0044 eff 0.048 outinratio 0.045 

VBFH125_2e2mu_absdetajj_mjj_genbin2_recobin3 acc 0.0267 eff 0.0318 outinratio 0.0162 

WminusH125_2e2mu_absdetajj_mjj_genbin2_recobin3 acc 0.004 eff 0.0193 outinratio 0.0743 

WplusH125_2e2mu_absdetajj_mjj_genbin2_recobin3 acc 0.0039 eff 0.0489 outinratio 0.0747 

ttH125_2e2mu_absdetajj_mjj_genbin2_recobin3 acc 0.0032 eff 0.0209 outinratio 0.3086 

ZH125_2e2mu_absdetajj_mjj_genbin2_recobin3 acc 0.0041 eff 0.0374 outinratio 0.0909 

ggH125_2e2mu_absdetajj_mjj_genbin3_recobin3 acc 0.0053 eff 0.3969 outinratio 0.045 

VBFH125_2e2mu_absdetajj_mjj_genbin3_recobin3 acc 0.1447 eff 0.4539 outinratio 0.0162 

WminusH125_2e2mu_absdetajj_mjj_genbin3_recobin3 acc 0.0033 eff 0.337 outinratio 0.0743 

WplusH125_2e2mu_absdetajj_mjj_genbin3_recobin3 acc 0.0032 eff 0.3803 outinratio 0.0747 

ttH125_2e2mu_absdetajj_mjj_genbin3_recobin3 acc 0.0127 eff 0.3278 outinratio 0.3086 

ZH125_2e2mu_absdetajj_mjj_genbin3_recobin3 acc 0.0038 eff 0.424 outinratio 0.0909 

Coeff fullNNLOPS
