Welcome in RunCoefficients!
['2024_6']
It is a double-differential measurement, binning for the 1st variable {0: [40.0, 88.0], 1: [40.0, 88.0], 2: [40.0, 88.0], 3: [40.0, 88.0], 4: [88.0, 120.0], 5: [88.0, 120.0], 6: [88.0, 120.0]} and for the 2nd variable {0: [12.0, 28.0], 1: [28.0, 34.0], 2: [34.0, 40.0], 3: [40.0, 65.0], 4: [12.0, 25.0], 5: [25.0, 28.0], 6: [28.0, 65.0]}
{0: [40.0, 88.0, 12.0, 28.0], 1: [40.0, 88.0, 28.0, 34.0], 2: [40.0, 88.0, 34.0, 40.0], 3: [40.0, 88.0, 40.0, 65.0], 4: [88.0, 120.0, 12.0, 25.0], 5: [88.0, 120.0, 25.0, 28.0], 6: [88.0, 120.0, 28.0, 65.0]}
Z1Mass
Following observables extracted from dictionary: RECO =  Z1Mass  GEN =  GENmassZ1
It is a double-differential measurement: RECO_2nd =  Z2Mass  GEN_2nd =  GENmassZ2
LUMI: 10.882200000000001
ttH126 0.00046886125
Processing ggH126 2024_6
Signal created
Signal failed created
Processing VBFH126 2024_6
Signal created
Signal failed created
Processing WminusH126 2024_6
Signal created
Signal failed created
Processing WplusH126 2024_6
Signal created
Signal failed created
Processing ZH126 2024_6
Signal created
Signal failed created
Processing ttH126 2024_6
Signal created
Signal failed created
2024_6 SKIMMED df CREATED
2024_6 ggH126
2024_6 VBFH126
2024_6 WminusH126
2024_6 WplusH126
2024_6 ZH126
2024_6 ttH126
Dataframes created successfully
Coeff std
ggH126_4l_massZ1_massZ2_genbin0_recobin0 acc 0.0491 eff 0.5017 outinratio 0.0618 

VBFH126_4l_massZ1_massZ2_genbin0_recobin0 acc 0.0571 eff 0.5737 outinratio 0.0483 

WminusH126_4l_massZ1_massZ2_genbin0_recobin0 acc 0.0432 eff 0.5095 outinratio 0.1116 

WplusH126_4l_massZ1_massZ2_genbin0_recobin0 acc 0.0374 eff 0.5093 outinratio 0.0677 

ZH126_4l_massZ1_massZ2_genbin0_recobin0 acc 0.0404 eff 0.564 outinratio 0.033 

ttH126_4l_massZ1_massZ2_genbin0_recobin0 acc 0.0395 eff 0.5089 outinratio 0.1713 

ggH126_4l_massZ1_massZ2_genbin1_recobin0 acc 0.0337 eff 0.0438 outinratio 0.0618 

VBFH126_4l_massZ1_massZ2_genbin1_recobin0 acc 0.0376 eff 0.0126 outinratio 0.0483 

WminusH126_4l_massZ1_massZ2_genbin1_recobin0 acc 0.03 eff 0.0424 outinratio 0.1116 

WplusH126_4l_massZ1_massZ2_genbin1_recobin0 acc 0.0248 eff 0.0366 outinratio 0.0677 

ZH126_4l_massZ1_massZ2_genbin1_recobin0 acc 0.0288 eff 0.0429 outinratio 0.033 

ttH126_4l_massZ1_massZ2_genbin1_recobin0 acc 0.0265 eff 0.0271 outinratio 0.1713 

ggH126_4l_massZ1_massZ2_genbin2_recobin0 acc 0.0351 eff 0.004 outinratio 0.0618 

VBFH126_4l_massZ1_massZ2_genbin2_recobin0 acc 0.0321 eff 0.0 outinratio 0.0483 

WminusH126_4l_massZ1_massZ2_genbin2_recobin0 acc 0.032 eff 0.0028 outinratio 0.1116 

WplusH126_4l_massZ1_massZ2_genbin2_recobin0 acc 0.0268 eff 0.0 outinratio 0.0677 

ZH126_4l_massZ1_massZ2_genbin2_recobin0 acc 0.0286 eff 0.0 outinratio 0.033 

ttH126_4l_massZ1_massZ2_genbin2_recobin0 acc 0.026 eff 0.0033 outinratio 0.1713 

ggH126_4l_massZ1_massZ2_genbin3_recobin0 acc 0.0529 eff 0.0005 outinratio 0.0618 

VBFH126_4l_massZ1_massZ2_genbin3_recobin0 acc 0.0536 eff 0.0 outinratio 0.0483 

WminusH126_4l_massZ1_massZ2_genbin3_recobin0 acc 0.0435 eff 0.0013 outinratio 0.1116 

WplusH126_4l_massZ1_massZ2_genbin3_recobin0 acc 0.0412 eff 0.0029 outinratio 0.0677 

ZH126_4l_massZ1_massZ2_genbin3_recobin0 acc 0.0441 eff 0.0 outinratio 0.033 

ttH126_4l_massZ1_massZ2_genbin3_recobin0 acc 0.0395 eff 0.0012 outinratio 0.1713 

ggH126_4l_massZ1_massZ2_genbin4_recobin0 acc 0.1042 eff 0.0777 outinratio 0.0618 

VBFH126_4l_massZ1_massZ2_genbin4_recobin0 acc 0.13 eff 0.0809 outinratio 0.0483 

WminusH126_4l_massZ1_massZ2_genbin4_recobin0 acc 0.0923 eff 0.069 outinratio 0.1116 

WplusH126_4l_massZ1_massZ2_genbin4_recobin0 acc 0.0822 eff 0.0696 outinratio 0.0677 

ZH126_4l_massZ1_massZ2_genbin4_recobin0 acc 0.0994 eff 0.0995 outinratio 0.033 

ttH126_4l_massZ1_massZ2_genbin4_recobin0 acc 0.0881 eff 0.0657 outinratio 0.1713 

ggH126_4l_massZ1_massZ2_genbin5_recobin0 acc 0.042 eff 0.0717 outinratio 0.0618 

VBFH126_4l_massZ1_massZ2_genbin5_recobin0 acc 0.0456 eff 0.0638 outinratio 0.0483 

WminusH126_4l_massZ1_massZ2_genbin5_recobin0 acc 0.0342 eff 0.0821 outinratio 0.1116 

WplusH126_4l_massZ1_massZ2_genbin5_recobin0 acc 0.0326 eff 0.0519 outinratio 0.0677 

ZH126_4l_massZ1_massZ2_genbin5_recobin0 acc 0.0352 eff 0.0732 outinratio 0.033 

ttH126_4l_massZ1_massZ2_genbin5_recobin0 acc 0.0306 eff 0.0698 outinratio 0.1713 

ggH126_4l_massZ1_massZ2_genbin6_recobin0 acc 0.0906 eff 0.007 outinratio 0.0618 

VBFH126_4l_massZ1_massZ2_genbin6_recobin0 acc 0.0964 eff 0.0052 outinratio 0.0483 

WminusH126_4l_massZ1_massZ2_genbin6_recobin0 acc 0.0812 eff 0.0069 outinratio 0.1116 

WplusH126_4l_massZ1_massZ2_genbin6_recobin0 acc 0.0675 eff 0.0052 outinratio 0.0677 

ZH126_4l_massZ1_massZ2_genbin6_recobin0 acc 0.0692 eff 0.0018 outinratio 0.033 

ttH126_4l_massZ1_massZ2_genbin6_recobin0 acc 0.0685 eff 0.0033 outinratio 0.1713 

ggH126_4l_massZ1_massZ2_genbin0_recobin1 acc 0.0491 eff 0.0088 outinratio 0.0489 

VBFH126_4l_massZ1_massZ2_genbin0_recobin1 acc 0.0571 eff 0.0051 outinratio 0.0216 

WminusH126_4l_massZ1_massZ2_genbin0_recobin1 acc 0.0432 eff 0.01 outinratio 0.0461 

WplusH126_4l_massZ1_massZ2_genbin0_recobin1 acc 0.0374 eff 0.0049 outinratio 0.1054 

ZH126_4l_massZ1_massZ2_genbin0_recobin1 acc 0.0404 eff 0.0032 outinratio 0.1029 

ttH126_4l_massZ1_massZ2_genbin0_recobin1 acc 0.0395 eff 0.0105 outinratio 0.1643 

ggH126_4l_massZ1_massZ2_genbin1_recobin1 acc 0.0337 eff 0.4618 outinratio 0.0489 

VBFH126_4l_massZ1_massZ2_genbin1_recobin1 acc 0.0376 eff 0.5172 outinratio 0.0216 

WminusH126_4l_massZ1_massZ2_genbin1_recobin1 acc 0.03 eff 0.4841 outinratio 0.0461 

WplusH126_4l_massZ1_massZ2_genbin1_recobin1 acc 0.0248 eff 0.4722 outinratio 0.1054 

ZH126_4l_massZ1_massZ2_genbin1_recobin1 acc 0.0288 eff 0.5009 outinratio 0.1029 

ttH126_4l_massZ1_massZ2_genbin1_recobin1 acc 0.0265 eff 0.4595 outinratio 0.1643 

ggH126_4l_massZ1_massZ2_genbin2_recobin1 acc 0.0351 eff 0.0563 outinratio 0.0489 

VBFH126_4l_massZ1_massZ2_genbin2_recobin1 acc 0.0321 eff 0.0424 outinratio 0.0216 

WminusH126_4l_massZ1_massZ2_genbin2_recobin1 acc 0.032 eff 0.0615 outinratio 0.0461 

WplusH126_4l_massZ1_massZ2_genbin2_recobin1 acc 0.0268 eff 0.0388 outinratio 0.1054 

ZH126_4l_massZ1_massZ2_genbin2_recobin1 acc 0.0286 eff 0.042 outinratio 0.1029 

ttH126_4l_massZ1_massZ2_genbin2_recobin1 acc 0.026 eff 0.046 outinratio 0.1643 

ggH126_4l_massZ1_massZ2_genbin3_recobin1 acc 0.0529 eff 0.003 outinratio 0.0489 

VBFH126_4l_massZ1_massZ2_genbin3_recobin1 acc 0.0536 eff 0.0023 outinratio 0.0216 

WminusH126_4l_massZ1_massZ2_genbin3_recobin1 acc 0.0435 eff 0.0019 outinratio 0.0461 

WplusH126_4l_massZ1_massZ2_genbin3_recobin1 acc 0.0412 eff 0.0034 outinratio 0.1054 

ZH126_4l_massZ1_massZ2_genbin3_recobin1 acc 0.0441 eff 0.0 outinratio 0.1029 

ttH126_4l_massZ1_massZ2_genbin3_recobin1 acc 0.0395 eff 0.002 outinratio 0.1643 

ggH126_4l_massZ1_massZ2_genbin4_recobin1 acc 0.1042 eff 0.0001 outinratio 0.0489 

VBFH126_4l_massZ1_massZ2_genbin4_recobin1 acc 0.13 eff 0.0 outinratio 0.0216 

WminusH126_4l_massZ1_massZ2_genbin4_recobin1 acc 0.0923 eff 0.0 outinratio 0.0461 

WplusH126_4l_massZ1_massZ2_genbin4_recobin1 acc 0.0822 eff 0.0 outinratio 0.1054 

ZH126_4l_massZ1_massZ2_genbin4_recobin1 acc 0.0994 eff 0.0 outinratio 0.1029 

ttH126_4l_massZ1_massZ2_genbin4_recobin1 acc 0.0881 eff 0.0 outinratio 0.1643 

ggH126_4l_massZ1_massZ2_genbin5_recobin1 acc 0.042 eff 0.0058 outinratio 0.0489 

VBFH126_4l_massZ1_massZ2_genbin5_recobin1 acc 0.0456 eff 0.0056 outinratio 0.0216 

WminusH126_4l_massZ1_massZ2_genbin5_recobin1 acc 0.0342 eff 0.0042 outinratio 0.0461 

WplusH126_4l_massZ1_massZ2_genbin5_recobin1 acc 0.0326 eff 0.013 outinratio 0.1054 

ZH126_4l_massZ1_massZ2_genbin5_recobin1 acc 0.0352 eff 0.0045 outinratio 0.1029 

ttH126_4l_massZ1_massZ2_genbin5_recobin1 acc 0.0306 eff 0.0031 outinratio 0.1643 

ggH126_4l_massZ1_massZ2_genbin6_recobin1 acc 0.0906 eff 0.0695 outinratio 0.0489 

VBFH126_4l_massZ1_massZ2_genbin6_recobin1 acc 0.0964 eff 0.0805 outinratio 0.0216 

WminusH126_4l_massZ1_massZ2_genbin6_recobin1 acc 0.0812 eff 0.0754 outinratio 0.0461 

WplusH126_4l_massZ1_massZ2_genbin6_recobin1 acc 0.0675 eff 0.082 outinratio 0.1054 

ZH126_4l_massZ1_massZ2_genbin6_recobin1 acc 0.0692 eff 0.0552 outinratio 0.1029 

ttH126_4l_massZ1_massZ2_genbin6_recobin1 acc 0.0685 eff 0.0678 outinratio 0.1643 

ggH126_4l_massZ1_massZ2_genbin0_recobin2 acc 0.0491 eff 0.0009 outinratio 0.0362 

VBFH126_4l_massZ1_massZ2_genbin0_recobin2 acc 0.0571 eff 0.0 outinratio 0.0164 

WminusH126_4l_massZ1_massZ2_genbin0_recobin2 acc 0.0432 eff 0.0009 outinratio 0.0928 

WplusH126_4l_massZ1_massZ2_genbin0_recobin2 acc 0.0374 eff 0.0 outinratio 0.1044 

ZH126_4l_massZ1_massZ2_genbin0_recobin2 acc 0.0404 eff 0.0 outinratio 0.0794 

ttH126_4l_massZ1_massZ2_genbin0_recobin2 acc 0.0395 eff 0.0015 outinratio 0.1684 

ggH126_4l_massZ1_massZ2_genbin1_recobin2 acc 0.0337 eff 0.0171 outinratio 0.0362 

VBFH126_4l_massZ1_massZ2_genbin1_recobin2 acc 0.0376 eff 0.0145 outinratio 0.0164 

WminusH126_4l_massZ1_massZ2_genbin1_recobin2 acc 0.03 eff 0.0143 outinratio 0.0928 

WplusH126_4l_massZ1_massZ2_genbin1_recobin2 acc 0.0248 eff 0.0142 outinratio 0.1044 

ZH126_4l_massZ1_massZ2_genbin1_recobin2 acc 0.0288 eff 0.0282 outinratio 0.0794 

ttH126_4l_massZ1_massZ2_genbin1_recobin2 acc 0.0265 eff 0.0238 outinratio 0.1684 

ggH126_4l_massZ1_massZ2_genbin2_recobin2 acc 0.0351 eff 0.4542 outinratio 0.0362 

VBFH126_4l_massZ1_massZ2_genbin2_recobin2 acc 0.0321 eff 0.4018 outinratio 0.0164 

WminusH126_4l_massZ1_massZ2_genbin2_recobin2 acc 0.032 eff 0.4273 outinratio 0.0928 

WplusH126_4l_massZ1_massZ2_genbin2_recobin2 acc 0.0268 eff 0.4899 outinratio 0.1044 

ZH126_4l_massZ1_massZ2_genbin2_recobin2 acc 0.0286 eff 0.506 outinratio 0.0794 

ttH126_4l_massZ1_massZ2_genbin2_recobin2 acc 0.026 eff 0.4789 outinratio 0.1684 

ggH126_4l_massZ1_massZ2_genbin3_recobin2 acc 0.0529 eff 0.0319 outinratio 0.0362 

VBFH126_4l_massZ1_massZ2_genbin3_recobin2 acc 0.0536 eff 0.0293 outinratio 0.0164 

WminusH126_4l_massZ1_massZ2_genbin3_recobin2 acc 0.0435 eff 0.016 outinratio 0.0928 

WplusH126_4l_massZ1_massZ2_genbin3_recobin2 acc 0.0412 eff 0.0382 outinratio 0.1044 

ZH126_4l_massZ1_massZ2_genbin3_recobin2 acc 0.0441 eff 0.0292 outinratio 0.0794 

ttH126_4l_massZ1_massZ2_genbin3_recobin2 acc 0.0395 eff 0.0292 outinratio 0.1684 

ggH126_4l_massZ1_massZ2_genbin4_recobin2 acc 0.1042 eff 0.0002 outinratio 0.0362 

VBFH126_4l_massZ1_massZ2_genbin4_recobin2 acc 0.13 eff 0.0 outinratio 0.0164 

WminusH126_4l_massZ1_massZ2_genbin4_recobin2 acc 0.0923 eff 0.0 outinratio 0.0928 

WplusH126_4l_massZ1_massZ2_genbin4_recobin2 acc 0.0822 eff 0.0 outinratio 0.1044 

ZH126_4l_massZ1_massZ2_genbin4_recobin2 acc 0.0994 eff 0.0 outinratio 0.0794 

ttH126_4l_massZ1_massZ2_genbin4_recobin2 acc 0.0881 eff 0.0 outinratio 0.1684 

ggH126_4l_massZ1_massZ2_genbin5_recobin2 acc 0.042 eff 0.0 outinratio 0.0362 

VBFH126_4l_massZ1_massZ2_genbin5_recobin2 acc 0.0456 eff 0.0 outinratio 0.0164 

WminusH126_4l_massZ1_massZ2_genbin5_recobin2 acc 0.0342 eff 0.0 outinratio 0.0928 

WplusH126_4l_massZ1_massZ2_genbin5_recobin2 acc 0.0326 eff 0.0 outinratio 0.1044 

ZH126_4l_massZ1_massZ2_genbin5_recobin2 acc 0.0352 eff 0.0 outinratio 0.0794 

ttH126_4l_massZ1_massZ2_genbin5_recobin2 acc 0.0306 eff 0.0003 outinratio 0.1684 

ggH126_4l_massZ1_massZ2_genbin6_recobin2 acc 0.0906 eff 0.016 outinratio 0.0362 

VBFH126_4l_massZ1_massZ2_genbin6_recobin2 acc 0.0964 eff 0.0217 outinratio 0.0164 

WminusH126_4l_massZ1_massZ2_genbin6_recobin2 acc 0.0812 eff 0.0122 outinratio 0.0928 

WplusH126_4l_massZ1_massZ2_genbin6_recobin2 acc 0.0675 eff 0.0149 outinratio 0.1044 

ZH126_4l_massZ1_massZ2_genbin6_recobin2 acc 0.0692 eff 0.0236 outinratio 0.0794 

ttH126_4l_massZ1_massZ2_genbin6_recobin2 acc 0.0685 eff 0.0108 outinratio 0.1684 

ggH126_4l_massZ1_massZ2_genbin0_recobin3 acc 0.0491 eff 0.0004 outinratio 0.0394 

VBFH126_4l_massZ1_massZ2_genbin0_recobin3 acc 0.0571 eff 0.0 outinratio 0.0541 

WminusH126_4l_massZ1_massZ2_genbin0_recobin3 acc 0.0432 eff 0.0 outinratio 0.056 

WplusH126_4l_massZ1_massZ2_genbin0_recobin3 acc 0.0374 eff 0.0 outinratio 0.0632 

ZH126_4l_massZ1_massZ2_genbin0_recobin3 acc 0.0404 eff 0.0038 outinratio 0.062 

ttH126_4l_massZ1_massZ2_genbin0_recobin3 acc 0.0395 eff 0.0011 outinratio 0.1764 

ggH126_4l_massZ1_massZ2_genbin1_recobin3 acc 0.0337 eff 0.003 outinratio 0.0394 

VBFH126_4l_massZ1_massZ2_genbin1_recobin3 acc 0.0376 eff 0.0094 outinratio 0.0541 

WminusH126_4l_massZ1_massZ2_genbin1_recobin3 acc 0.03 eff 0.002 outinratio 0.056 

WplusH126_4l_massZ1_massZ2_genbin1_recobin3 acc 0.0248 eff 0.0 outinratio 0.0632 

ZH126_4l_massZ1_massZ2_genbin1_recobin3 acc 0.0288 eff 0.0 outinratio 0.062 

ttH126_4l_massZ1_massZ2_genbin1_recobin3 acc 0.0265 eff 0.0018 outinratio 0.1764 

ggH126_4l_massZ1_massZ2_genbin2_recobin3 acc 0.0351 eff 0.0222 outinratio 0.0394 

VBFH126_4l_massZ1_massZ2_genbin2_recobin3 acc 0.0321 eff 0.0067 outinratio 0.0541 

WminusH126_4l_massZ1_massZ2_genbin2_recobin3 acc 0.032 eff 0.0537 outinratio 0.056 

WplusH126_4l_massZ1_massZ2_genbin2_recobin3 acc 0.0268 eff 0.0217 outinratio 0.0632 

ZH126_4l_massZ1_massZ2_genbin2_recobin3 acc 0.0286 eff 0.022 outinratio 0.062 

ttH126_4l_massZ1_massZ2_genbin2_recobin3 acc 0.026 eff 0.0212 outinratio 0.1764 

ggH126_4l_massZ1_massZ2_genbin3_recobin3 acc 0.0529 eff 0.5467 outinratio 0.0394 

VBFH126_4l_massZ1_massZ2_genbin3_recobin3 acc 0.0536 eff 0.5084 outinratio 0.0541 

WminusH126_4l_massZ1_massZ2_genbin3_recobin3 acc 0.0435 eff 0.598 outinratio 0.056 

WplusH126_4l_massZ1_massZ2_genbin3_recobin3 acc 0.0412 eff 0.558 outinratio 0.0632 

ZH126_4l_massZ1_massZ2_genbin3_recobin3 acc 0.0441 eff 0.5109 outinratio 0.062 

ttH126_4l_massZ1_massZ2_genbin3_recobin3 acc 0.0395 eff 0.5534 outinratio 0.1764 

ggH126_4l_massZ1_massZ2_genbin4_recobin3 acc 0.1042 eff 0.0 outinratio 0.0394 

VBFH126_4l_massZ1_massZ2_genbin4_recobin3 acc 0.13 eff 0.0 outinratio 0.0541 

WminusH126_4l_massZ1_massZ2_genbin4_recobin3 acc 0.0923 eff 0.0 outinratio 0.056 

WplusH126_4l_massZ1_massZ2_genbin4_recobin3 acc 0.0822 eff 0.0 outinratio 0.0632 

ZH126_4l_massZ1_massZ2_genbin4_recobin3 acc 0.0994 eff 0.0 outinratio 0.062 

ttH126_4l_massZ1_massZ2_genbin4_recobin3 acc 0.0881 eff 0.0 outinratio 0.1764 

ggH126_4l_massZ1_massZ2_genbin5_recobin3 acc 0.042 eff 0.0 outinratio 0.0394 

VBFH126_4l_massZ1_massZ2_genbin5_recobin3 acc 0.0456 eff 0.0 outinratio 0.0541 

WminusH126_4l_massZ1_massZ2_genbin5_recobin3 acc 0.0342 eff 0.0 outinratio 0.056 

WplusH126_4l_massZ1_massZ2_genbin5_recobin3 acc 0.0326 eff 0.0 outinratio 0.0632 

ZH126_4l_massZ1_massZ2_genbin5_recobin3 acc 0.0352 eff 0.0 outinratio 0.062 

ttH126_4l_massZ1_massZ2_genbin5_recobin3 acc 0.0306 eff 0.0 outinratio 0.1764 

ggH126_4l_massZ1_massZ2_genbin6_recobin3 acc 0.0906 eff 0.0002 outinratio 0.0394 

VBFH126_4l_massZ1_massZ2_genbin6_recobin3 acc 0.0964 eff 0.0 outinratio 0.0541 

WminusH126_4l_massZ1_massZ2_genbin6_recobin3 acc 0.0812 eff 0.0018 outinratio 0.056 

WplusH126_4l_massZ1_massZ2_genbin6_recobin3 acc 0.0675 eff 0.0 outinratio 0.0632 

ZH126_4l_massZ1_massZ2_genbin6_recobin3 acc 0.0692 eff 0.0 outinratio 0.062 

ttH126_4l_massZ1_massZ2_genbin6_recobin3 acc 0.0685 eff 0.0002 outinratio 0.1764 

ggH126_4l_massZ1_massZ2_genbin0_recobin4 acc 0.0491 eff 0.0293 outinratio 0.0636 

VBFH126_4l_massZ1_massZ2_genbin0_recobin4 acc 0.0571 eff 0.0434 outinratio 0.0292 

WminusH126_4l_massZ1_massZ2_genbin0_recobin4 acc 0.0432 eff 0.0222 outinratio 0.0551 

WplusH126_4l_massZ1_massZ2_genbin0_recobin4 acc 0.0374 eff 0.0257 outinratio 0.0867 

ZH126_4l_massZ1_massZ2_genbin0_recobin4 acc 0.0404 eff 0.0287 outinratio 0.0608 

ttH126_4l_massZ1_massZ2_genbin0_recobin4 acc 0.0395 eff 0.0308 outinratio 0.1623 

ggH126_4l_massZ1_massZ2_genbin1_recobin4 acc 0.0337 eff 0.0002 outinratio 0.0636 

VBFH126_4l_massZ1_massZ2_genbin1_recobin4 acc 0.0376 eff 0.0 outinratio 0.0292 

WminusH126_4l_massZ1_massZ2_genbin1_recobin4 acc 0.03 eff 0.0 outinratio 0.0551 

WplusH126_4l_massZ1_massZ2_genbin1_recobin4 acc 0.0248 eff 0.0 outinratio 0.0867 

ZH126_4l_massZ1_massZ2_genbin1_recobin4 acc 0.0288 eff 0.0 outinratio 0.0608 

ttH126_4l_massZ1_massZ2_genbin1_recobin4 acc 0.0265 eff 0.0 outinratio 0.1623 

ggH126_4l_massZ1_massZ2_genbin2_recobin4 acc 0.0351 eff 0.0 outinratio 0.0636 

VBFH126_4l_massZ1_massZ2_genbin2_recobin4 acc 0.0321 eff 0.0 outinratio 0.0292 

WminusH126_4l_massZ1_massZ2_genbin2_recobin4 acc 0.032 eff 0.0 outinratio 0.0551 

WplusH126_4l_massZ1_massZ2_genbin2_recobin4 acc 0.0268 eff 0.0 outinratio 0.0867 

ZH126_4l_massZ1_massZ2_genbin2_recobin4 acc 0.0286 eff 0.0 outinratio 0.0608 

ttH126_4l_massZ1_massZ2_genbin2_recobin4 acc 0.026 eff 0.0 outinratio 0.1623 

ggH126_4l_massZ1_massZ2_genbin3_recobin4 acc 0.0529 eff 0.0 outinratio 0.0636 

VBFH126_4l_massZ1_massZ2_genbin3_recobin4 acc 0.0536 eff 0.0 outinratio 0.0292 

WminusH126_4l_massZ1_massZ2_genbin3_recobin4 acc 0.0435 eff 0.0 outinratio 0.0551 

WplusH126_4l_massZ1_massZ2_genbin3_recobin4 acc 0.0412 eff 0.0 outinratio 0.0867 

ZH126_4l_massZ1_massZ2_genbin3_recobin4 acc 0.0441 eff 0.0 outinratio 0.0608 

ttH126_4l_massZ1_massZ2_genbin3_recobin4 acc 0.0395 eff 0.0 outinratio 0.1623 

ggH126_4l_massZ1_massZ2_genbin4_recobin4 acc 0.1042 eff 0.4386 outinratio 0.0636 

VBFH126_4l_massZ1_massZ2_genbin4_recobin4 acc 0.13 eff 0.4685 outinratio 0.0292 

WminusH126_4l_massZ1_massZ2_genbin4_recobin4 acc 0.0923 eff 0.4623 outinratio 0.0551 

WplusH126_4l_massZ1_massZ2_genbin4_recobin4 acc 0.0822 eff 0.4407 outinratio 0.0867 

ZH126_4l_massZ1_massZ2_genbin4_recobin4 acc 0.0994 eff 0.4879 outinratio 0.0608 

ttH126_4l_massZ1_massZ2_genbin4_recobin4 acc 0.0881 eff 0.4532 outinratio 0.1623 

ggH126_4l_massZ1_massZ2_genbin5_recobin4 acc 0.042 eff 0.044 outinratio 0.0636 

VBFH126_4l_massZ1_massZ2_genbin5_recobin4 acc 0.0456 eff 0.0536 outinratio 0.0292 

WminusH126_4l_massZ1_massZ2_genbin5_recobin4 acc 0.0342 eff 0.0655 outinratio 0.0551 

WplusH126_4l_massZ1_massZ2_genbin5_recobin4 acc 0.0326 eff 0.0785 outinratio 0.0867 

ZH126_4l_massZ1_massZ2_genbin5_recobin4 acc 0.0352 eff 0.0129 outinratio 0.0608 

ttH126_4l_massZ1_massZ2_genbin5_recobin4 acc 0.0306 eff 0.0516 outinratio 0.1623 

ggH126_4l_massZ1_massZ2_genbin6_recobin4 acc 0.0906 eff 0.0033 outinratio 0.0636 

VBFH126_4l_massZ1_massZ2_genbin6_recobin4 acc 0.0964 eff 0.0011 outinratio 0.0292 

WminusH126_4l_massZ1_massZ2_genbin6_recobin4 acc 0.0812 eff 0.002 outinratio 0.0551 

WplusH126_4l_massZ1_massZ2_genbin6_recobin4 acc 0.0675 eff 0.0105 outinratio 0.0867 

ZH126_4l_massZ1_massZ2_genbin6_recobin4 acc 0.0692 eff 0.0 outinratio 0.0608 

ttH126_4l_massZ1_massZ2_genbin6_recobin4 acc 0.0685 eff 0.0029 outinratio 0.1623 

ggH126_4l_massZ1_massZ2_genbin0_recobin5 acc 0.0491 eff 0.0091 outinratio 0.0526 

VBFH126_4l_massZ1_massZ2_genbin0_recobin5 acc 0.0571 eff 0.0033 outinratio 0.0192 

WminusH126_4l_massZ1_massZ2_genbin0_recobin5 acc 0.0432 eff 0.0148 outinratio 0.049 

WplusH126_4l_massZ1_massZ2_genbin0_recobin5 acc 0.0374 eff 0.0087 outinratio 0.0459 

ZH126_4l_massZ1_massZ2_genbin0_recobin5 acc 0.0404 eff 0.015 outinratio 0.0714 

ttH126_4l_massZ1_massZ2_genbin0_recobin5 acc 0.0395 eff 0.0086 outinratio 0.1768 

ggH126_4l_massZ1_massZ2_genbin1_recobin5 acc 0.0337 eff 0.0018 outinratio 0.0526 

VBFH126_4l_massZ1_massZ2_genbin1_recobin5 acc 0.0376 eff 0.0041 outinratio 0.0192 

WminusH126_4l_massZ1_massZ2_genbin1_recobin5 acc 0.03 eff 0.0 outinratio 0.049 

WplusH126_4l_massZ1_massZ2_genbin1_recobin5 acc 0.0248 eff 0.0 outinratio 0.0459 

ZH126_4l_massZ1_massZ2_genbin1_recobin5 acc 0.0288 eff 0.0 outinratio 0.0714 

ttH126_4l_massZ1_massZ2_genbin1_recobin5 acc 0.0265 eff 0.0009 outinratio 0.1768 

ggH126_4l_massZ1_massZ2_genbin2_recobin5 acc 0.0351 eff 0.0 outinratio 0.0526 

VBFH126_4l_massZ1_massZ2_genbin2_recobin5 acc 0.0321 eff 0.0 outinratio 0.0192 

WminusH126_4l_massZ1_massZ2_genbin2_recobin5 acc 0.032 eff 0.0 outinratio 0.049 

WplusH126_4l_massZ1_massZ2_genbin2_recobin5 acc 0.0268 eff 0.0 outinratio 0.0459 

ZH126_4l_massZ1_massZ2_genbin2_recobin5 acc 0.0286 eff 0.0 outinratio 0.0714 

ttH126_4l_massZ1_massZ2_genbin2_recobin5 acc 0.026 eff 0.0002 outinratio 0.1768 

ggH126_4l_massZ1_massZ2_genbin3_recobin5 acc 0.0529 eff 0.0 outinratio 0.0526 

VBFH126_4l_massZ1_massZ2_genbin3_recobin5 acc 0.0536 eff 0.0 outinratio 0.0192 

WminusH126_4l_massZ1_massZ2_genbin3_recobin5 acc 0.0435 eff 0.0 outinratio 0.049 

WplusH126_4l_massZ1_massZ2_genbin3_recobin5 acc 0.0412 eff 0.0 outinratio 0.0459 

ZH126_4l_massZ1_massZ2_genbin3_recobin5 acc 0.0441 eff 0.0 outinratio 0.0714 

ttH126_4l_massZ1_massZ2_genbin3_recobin5 acc 0.0395 eff 0.0 outinratio 0.1768 

ggH126_4l_massZ1_massZ2_genbin4_recobin5 acc 0.1042 eff 0.0102 outinratio 0.0526 

VBFH126_4l_massZ1_massZ2_genbin4_recobin5 acc 0.13 eff 0.0083 outinratio 0.0192 

WminusH126_4l_massZ1_massZ2_genbin4_recobin5 acc 0.0923 eff 0.015 outinratio 0.049 

WplusH126_4l_massZ1_massZ2_genbin4_recobin5 acc 0.0822 eff 0.0062 outinratio 0.0459 

ZH126_4l_massZ1_massZ2_genbin4_recobin5 acc 0.0994 eff 0.0054 outinratio 0.0714 

ttH126_4l_massZ1_massZ2_genbin4_recobin5 acc 0.0881 eff 0.0073 outinratio 0.1768 

ggH126_4l_massZ1_massZ2_genbin5_recobin5 acc 0.042 eff 0.4048 outinratio 0.0526 

VBFH126_4l_massZ1_massZ2_genbin5_recobin5 acc 0.0456 eff 0.3381 outinratio 0.0192 

WminusH126_4l_massZ1_massZ2_genbin5_recobin5 acc 0.0342 eff 0.3868 outinratio 0.049 

WplusH126_4l_massZ1_massZ2_genbin5_recobin5 acc 0.0326 eff 0.3751 outinratio 0.0459 

ZH126_4l_massZ1_massZ2_genbin5_recobin5 acc 0.0352 eff 0.3193 outinratio 0.0714 

ttH126_4l_massZ1_massZ2_genbin5_recobin5 acc 0.0306 eff 0.4064 outinratio 0.1768 

ggH126_4l_massZ1_massZ2_genbin6_recobin5 acc 0.0906 eff 0.0289 outinratio 0.0526 

VBFH126_4l_massZ1_massZ2_genbin6_recobin5 acc 0.0964 eff 0.0381 outinratio 0.0192 

WminusH126_4l_massZ1_massZ2_genbin6_recobin5 acc 0.0812 eff 0.0291 outinratio 0.049 

WplusH126_4l_massZ1_massZ2_genbin6_recobin5 acc 0.0675 eff 0.0268 outinratio 0.0459 

ZH126_4l_massZ1_massZ2_genbin6_recobin5 acc 0.0692 eff 0.0284 outinratio 0.0714 

ttH126_4l_massZ1_massZ2_genbin6_recobin5 acc 0.0685 eff 0.0332 outinratio 0.1768 

ggH126_4l_massZ1_massZ2_genbin0_recobin6 acc 0.0491 eff 0.0004 outinratio 0.066 

VBFH126_4l_massZ1_massZ2_genbin0_recobin6 acc 0.0571 eff 0.0 outinratio 0.0605 

WminusH126_4l_massZ1_massZ2_genbin0_recobin6 acc 0.0432 eff 0.0017 outinratio 0.0486 

WplusH126_4l_massZ1_massZ2_genbin0_recobin6 acc 0.0374 eff 0.0 outinratio 0.0826 

ZH126_4l_massZ1_massZ2_genbin0_recobin6 acc 0.0404 eff 0.0 outinratio 0.0749 

ttH126_4l_massZ1_massZ2_genbin0_recobin6 acc 0.0395 eff 0.0007 outinratio 0.1753 

ggH126_4l_massZ1_massZ2_genbin1_recobin6 acc 0.0337 eff 0.0344 outinratio 0.066 

VBFH126_4l_massZ1_massZ2_genbin1_recobin6 acc 0.0376 eff 0.0115 outinratio 0.0605 

WminusH126_4l_massZ1_massZ2_genbin1_recobin6 acc 0.03 eff 0.0381 outinratio 0.0486 

WplusH126_4l_massZ1_massZ2_genbin1_recobin6 acc 0.0248 eff 0.0648 outinratio 0.0826 

ZH126_4l_massZ1_massZ2_genbin1_recobin6 acc 0.0288 eff 0.0259 outinratio 0.0749 

ttH126_4l_massZ1_massZ2_genbin1_recobin6 acc 0.0265 eff 0.0409 outinratio 0.1753 

ggH126_4l_massZ1_massZ2_genbin2_recobin6 acc 0.0351 eff 0.0268 outinratio 0.066 

VBFH126_4l_massZ1_massZ2_genbin2_recobin6 acc 0.0321 eff 0.0403 outinratio 0.0605 

WminusH126_4l_massZ1_massZ2_genbin2_recobin6 acc 0.032 eff 0.0246 outinratio 0.0486 

WplusH126_4l_massZ1_massZ2_genbin2_recobin6 acc 0.0268 eff 0.0109 outinratio 0.0826 

ZH126_4l_massZ1_massZ2_genbin2_recobin6 acc 0.0286 eff 0.0223 outinratio 0.0749 

ttH126_4l_massZ1_massZ2_genbin2_recobin6 acc 0.026 eff 0.0246 outinratio 0.1753 

ggH126_4l_massZ1_massZ2_genbin3_recobin6 acc 0.0529 eff 0.0003 outinratio 0.066 

VBFH126_4l_massZ1_massZ2_genbin3_recobin6 acc 0.0536 eff 0.0 outinratio 0.0605 

WminusH126_4l_massZ1_massZ2_genbin3_recobin6 acc 0.0435 eff 0.0 outinratio 0.0486 

WplusH126_4l_massZ1_massZ2_genbin3_recobin6 acc 0.0412 eff 0.0 outinratio 0.0826 

ZH126_4l_massZ1_massZ2_genbin3_recobin6 acc 0.0441 eff 0.0 outinratio 0.0749 

ttH126_4l_massZ1_massZ2_genbin3_recobin6 acc 0.0395 eff 0.0 outinratio 0.1753 

ggH126_4l_massZ1_massZ2_genbin4_recobin6 acc 0.1042 eff 0.0015 outinratio 0.066 

VBFH126_4l_massZ1_massZ2_genbin4_recobin6 acc 0.13 eff 0.0 outinratio 0.0605 

WminusH126_4l_massZ1_massZ2_genbin4_recobin6 acc 0.0923 eff 0.0007 outinratio 0.0486 

WplusH126_4l_massZ1_massZ2_genbin4_recobin6 acc 0.0822 eff 0.0 outinratio 0.0826 

ZH126_4l_massZ1_massZ2_genbin4_recobin6 acc 0.0994 eff 0.0015 outinratio 0.0749 

ttH126_4l_massZ1_massZ2_genbin4_recobin6 acc 0.0881 eff 0.0008 outinratio 0.1753 

ggH126_4l_massZ1_massZ2_genbin5_recobin6 acc 0.042 eff 0.0306 outinratio 0.066 

VBFH126_4l_massZ1_massZ2_genbin5_recobin6 acc 0.0456 eff 0.0251 outinratio 0.0605 

WminusH126_4l_massZ1_massZ2_genbin5_recobin6 acc 0.0342 eff 0.0078 outinratio 0.0486 

WplusH126_4l_massZ1_massZ2_genbin5_recobin6 acc 0.0326 eff 0.0237 outinratio 0.0826 

ZH126_4l_massZ1_massZ2_genbin5_recobin6 acc 0.0352 eff 0.0243 outinratio 0.0749 

ttH126_4l_massZ1_massZ2_genbin5_recobin6 acc 0.0306 eff 0.0275 outinratio 0.1753 

ggH126_4l_massZ1_massZ2_genbin6_recobin6 acc 0.0906 eff 0.4053 outinratio 0.066 

VBFH126_4l_massZ1_massZ2_genbin6_recobin6 acc 0.0964 eff 0.4351 outinratio 0.0605 

WminusH126_4l_massZ1_massZ2_genbin6_recobin6 acc 0.0812 eff 0.373 outinratio 0.0486 

WplusH126_4l_massZ1_massZ2_genbin6_recobin6 acc 0.0675 eff 0.3992 outinratio 0.0826 

ZH126_4l_massZ1_massZ2_genbin6_recobin6 acc 0.0692 eff 0.4331 outinratio 0.0749 

ttH126_4l_massZ1_massZ2_genbin6_recobin6 acc 0.0685 eff 0.428 outinratio 0.1753 

ggH126_4e_massZ1_massZ2_genbin0_recobin0 acc 0.0502 eff 0.2879 outinratio 0.051 

VBFH126_4e_massZ1_massZ2_genbin0_recobin0 acc 0.0591 eff 0.3369 outinratio 0.0908 

WminusH126_4e_massZ1_massZ2_genbin0_recobin0 acc 0.0388 eff 0.3787 outinratio 0.0349 

WplusH126_4e_massZ1_massZ2_genbin0_recobin0 acc 0.038 eff 0.2507 outinratio 0.047 

ZH126_4e_massZ1_massZ2_genbin0_recobin0 acc 0.0435 eff 0.4287 outinratio 0.0083 

ttH126_4e_massZ1_massZ2_genbin0_recobin0 acc 0.0418 eff 0.3316 outinratio 0.1906 

ggH126_4e_massZ1_massZ2_genbin1_recobin0 acc 0.0353 eff 0.0338 outinratio 0.051 

VBFH126_4e_massZ1_massZ2_genbin1_recobin0 acc 0.0357 eff 0.0093 outinratio 0.0908 

WminusH126_4e_massZ1_massZ2_genbin1_recobin0 acc 0.0316 eff 0.0656 outinratio 0.0349 

WplusH126_4e_massZ1_massZ2_genbin1_recobin0 acc 0.0224 eff 0.0236 outinratio 0.047 

ZH126_4e_massZ1_massZ2_genbin1_recobin0 acc 0.0284 eff 0.0107 outinratio 0.0083 

ttH126_4e_massZ1_massZ2_genbin1_recobin0 acc 0.0264 eff 0.0282 outinratio 0.1906 

ggH126_4e_massZ1_massZ2_genbin2_recobin0 acc 0.0394 eff 0.0069 outinratio 0.051 

VBFH126_4e_massZ1_massZ2_genbin2_recobin0 acc 0.0351 eff 0.0 outinratio 0.0908 

WminusH126_4e_massZ1_massZ2_genbin2_recobin0 acc 0.0305 eff 0.0036 outinratio 0.0349 

WplusH126_4e_massZ1_massZ2_genbin2_recobin0 acc 0.0253 eff 0.0 outinratio 0.047 

ZH126_4e_massZ1_massZ2_genbin2_recobin0 acc 0.035 eff 0.0 outinratio 0.0083 

ttH126_4e_massZ1_massZ2_genbin2_recobin0 acc 0.0283 eff 0.0036 outinratio 0.1906 

ggH126_4e_massZ1_massZ2_genbin3_recobin0 acc 0.0611 eff 0.0 outinratio 0.051 

VBFH126_4e_massZ1_massZ2_genbin3_recobin0 acc 0.062 eff 0.0 outinratio 0.0908 

WminusH126_4e_massZ1_massZ2_genbin3_recobin0 acc 0.0484 eff 0.0 outinratio 0.0349 

WplusH126_4e_massZ1_massZ2_genbin3_recobin0 acc 0.046 eff 0.0096 outinratio 0.047 

ZH126_4e_massZ1_massZ2_genbin3_recobin0 acc 0.053 eff 0.0 outinratio 0.0083 

ttH126_4e_massZ1_massZ2_genbin3_recobin0 acc 0.0499 eff 0.0008 outinratio 0.1906 

ggH126_4e_massZ1_massZ2_genbin4_recobin0 acc 0.0871 eff 0.0761 outinratio 0.051 

VBFH126_4e_massZ1_massZ2_genbin4_recobin0 acc 0.1158 eff 0.0727 outinratio 0.0908 

WminusH126_4e_massZ1_massZ2_genbin4_recobin0 acc 0.0842 eff 0.0907 outinratio 0.0349 

WplusH126_4e_massZ1_massZ2_genbin4_recobin0 acc 0.0717 eff 0.0829 outinratio 0.047 

ZH126_4e_massZ1_massZ2_genbin4_recobin0 acc 0.0776 eff 0.0514 outinratio 0.0083 

ttH126_4e_massZ1_massZ2_genbin4_recobin0 acc 0.0774 eff 0.0663 outinratio 0.1906 

ggH126_4e_massZ1_massZ2_genbin5_recobin0 acc 0.0365 eff 0.0574 outinratio 0.051 

VBFH126_4e_massZ1_massZ2_genbin5_recobin0 acc 0.0468 eff 0.052 outinratio 0.0908 

WminusH126_4e_massZ1_massZ2_genbin5_recobin0 acc 0.0331 eff 0.0572 outinratio 0.0349 

WplusH126_4e_massZ1_massZ2_genbin5_recobin0 acc 0.0295 eff 0.0245 outinratio 0.047 

ZH126_4e_massZ1_massZ2_genbin5_recobin0 acc 0.036 eff 0.0332 outinratio 0.0083 

ttH126_4e_massZ1_massZ2_genbin5_recobin0 acc 0.0272 eff 0.0721 outinratio 0.1906 

ggH126_4e_massZ1_massZ2_genbin6_recobin0 acc 0.0871 eff 0.0125 outinratio 0.051 

VBFH126_4e_massZ1_massZ2_genbin6_recobin0 acc 0.083 eff 0.0087 outinratio 0.0908 

WminusH126_4e_massZ1_massZ2_genbin6_recobin0 acc 0.0788 eff 0.0083 outinratio 0.0349 

WplusH126_4e_massZ1_massZ2_genbin6_recobin0 acc 0.0624 eff 0.021 outinratio 0.047 

ZH126_4e_massZ1_massZ2_genbin6_recobin0 acc 0.0643 eff 0.0137 outinratio 0.0083 

ttH126_4e_massZ1_massZ2_genbin6_recobin0 acc 0.0649 eff 0.0066 outinratio 0.1906 

ggH126_4e_massZ1_massZ2_genbin0_recobin1 acc 0.0502 eff 0.0058 outinratio 0.0352 

VBFH126_4e_massZ1_massZ2_genbin0_recobin1 acc 0.0591 eff 0.009 outinratio 0.0 

WminusH126_4e_massZ1_massZ2_genbin0_recobin1 acc 0.0388 eff 0.0274 outinratio 0.018 

WplusH126_4e_massZ1_massZ2_genbin0_recobin1 acc 0.038 eff 0.0 outinratio 0.1646 

ZH126_4e_massZ1_massZ2_genbin0_recobin1 acc 0.0435 eff 0.0 outinratio 0.0325 

ttH126_4e_massZ1_massZ2_genbin0_recobin1 acc 0.0418 eff 0.0042 outinratio 0.247 

ggH126_4e_massZ1_massZ2_genbin1_recobin1 acc 0.0353 eff 0.2458 outinratio 0.0352 

VBFH126_4e_massZ1_massZ2_genbin1_recobin1 acc 0.0357 eff 0.2276 outinratio 0.0 

WminusH126_4e_massZ1_massZ2_genbin1_recobin1 acc 0.0316 eff 0.3124 outinratio 0.018 

WplusH126_4e_massZ1_massZ2_genbin1_recobin1 acc 0.0224 eff 0.2098 outinratio 0.1646 

ZH126_4e_massZ1_massZ2_genbin1_recobin1 acc 0.0284 eff 0.2952 outinratio 0.0325 

ttH126_4e_massZ1_massZ2_genbin1_recobin1 acc 0.0264 eff 0.2496 outinratio 0.247 

ggH126_4e_massZ1_massZ2_genbin2_recobin1 acc 0.0394 eff 0.0619 outinratio 0.0352 

VBFH126_4e_massZ1_massZ2_genbin2_recobin1 acc 0.0351 eff 0.0332 outinratio 0.0 

WminusH126_4e_massZ1_massZ2_genbin2_recobin1 acc 0.0305 eff 0.0617 outinratio 0.018 

WplusH126_4e_massZ1_massZ2_genbin2_recobin1 acc 0.0253 eff 0.0186 outinratio 0.1646 

ZH126_4e_massZ1_massZ2_genbin2_recobin1 acc 0.035 eff 0.0149 outinratio 0.0325 

ttH126_4e_massZ1_massZ2_genbin2_recobin1 acc 0.0283 eff 0.0523 outinratio 0.247 

ggH126_4e_massZ1_massZ2_genbin3_recobin1 acc 0.0611 eff 0.0019 outinratio 0.0352 

VBFH126_4e_massZ1_massZ2_genbin3_recobin1 acc 0.062 eff 0.0079 outinratio 0.0 

WminusH126_4e_massZ1_massZ2_genbin3_recobin1 acc 0.0484 eff 0.0065 outinratio 0.018 

WplusH126_4e_massZ1_massZ2_genbin3_recobin1 acc 0.046 eff 0.0115 outinratio 0.1646 

ZH126_4e_massZ1_massZ2_genbin3_recobin1 acc 0.053 eff 0.0 outinratio 0.0325 

ttH126_4e_massZ1_massZ2_genbin3_recobin1 acc 0.0499 eff 0.0033 outinratio 0.247 

ggH126_4e_massZ1_massZ2_genbin4_recobin1 acc 0.0871 eff 0.0 outinratio 0.0352 

VBFH126_4e_massZ1_massZ2_genbin4_recobin1 acc 0.1158 eff 0.0 outinratio 0.0 

WminusH126_4e_massZ1_massZ2_genbin4_recobin1 acc 0.0842 eff 0.0 outinratio 0.018 

WplusH126_4e_massZ1_massZ2_genbin4_recobin1 acc 0.0717 eff 0.0 outinratio 0.1646 

ZH126_4e_massZ1_massZ2_genbin4_recobin1 acc 0.0776 eff 0.0 outinratio 0.0325 

ttH126_4e_massZ1_massZ2_genbin4_recobin1 acc 0.0774 eff 0.0 outinratio 0.247 

ggH126_4e_massZ1_massZ2_genbin5_recobin1 acc 0.0365 eff 0.0115 outinratio 0.0352 

VBFH126_4e_massZ1_massZ2_genbin5_recobin1 acc 0.0468 eff 0.0 outinratio 0.0 

WminusH126_4e_massZ1_massZ2_genbin5_recobin1 acc 0.0331 eff 0.0216 outinratio 0.018 

WplusH126_4e_massZ1_massZ2_genbin5_recobin1 acc 0.0295 eff 0.0091 outinratio 0.1646 

ZH126_4e_massZ1_massZ2_genbin5_recobin1 acc 0.036 eff 0.0 outinratio 0.0325 

ttH126_4e_massZ1_massZ2_genbin5_recobin1 acc 0.0272 eff 0.003 outinratio 0.247 

ggH126_4e_massZ1_massZ2_genbin6_recobin1 acc 0.0871 eff 0.0466 outinratio 0.0352 

VBFH126_4e_massZ1_massZ2_genbin6_recobin1 acc 0.083 eff 0.0446 outinratio 0.0 

WminusH126_4e_massZ1_massZ2_genbin6_recobin1 acc 0.0788 eff 0.0598 outinratio 0.018 

WplusH126_4e_massZ1_massZ2_genbin6_recobin1 acc 0.0624 eff 0.0497 outinratio 0.1646 

ZH126_4e_massZ1_massZ2_genbin6_recobin1 acc 0.0643 eff 0.1026 outinratio 0.0325 

ttH126_4e_massZ1_massZ2_genbin6_recobin1 acc 0.0649 eff 0.0546 outinratio 0.247 

ggH126_4e_massZ1_massZ2_genbin0_recobin2 acc 0.0502 eff 0.0028 outinratio 0.0439 

VBFH126_4e_massZ1_massZ2_genbin0_recobin2 acc 0.0591 eff 0.0 outinratio 0.0 

WminusH126_4e_massZ1_massZ2_genbin0_recobin2 acc 0.0388 eff 0.0 outinratio 0.0349 

WplusH126_4e_massZ1_massZ2_genbin0_recobin2 acc 0.038 eff 0.0 outinratio 0.0624 

ZH126_4e_massZ1_massZ2_genbin0_recobin2 acc 0.0435 eff 0.0 outinratio 0.0929 

ttH126_4e_massZ1_massZ2_genbin0_recobin2 acc 0.0418 eff 0.0027 outinratio 0.1388 

ggH126_4e_massZ1_massZ2_genbin1_recobin2 acc 0.0353 eff 0.0109 outinratio 0.0439 

VBFH126_4e_massZ1_massZ2_genbin1_recobin2 acc 0.0357 eff 0.0098 outinratio 0.0 

WminusH126_4e_massZ1_massZ2_genbin1_recobin2 acc 0.0316 eff 0.0276 outinratio 0.0349 

WplusH126_4e_massZ1_massZ2_genbin1_recobin2 acc 0.0224 eff 0.0 outinratio 0.0624 

ZH126_4e_massZ1_massZ2_genbin1_recobin2 acc 0.0284 eff 0.0069 outinratio 0.0929 

ttH126_4e_massZ1_massZ2_genbin1_recobin2 acc 0.0264 eff 0.0205 outinratio 0.1388 

ggH126_4e_massZ1_massZ2_genbin2_recobin2 acc 0.0394 eff 0.2769 outinratio 0.0439 

VBFH126_4e_massZ1_massZ2_genbin2_recobin2 acc 0.0351 eff 0.1908 outinratio 0.0 

WminusH126_4e_massZ1_massZ2_genbin2_recobin2 acc 0.0305 eff 0.2287 outinratio 0.0349 

WplusH126_4e_massZ1_massZ2_genbin2_recobin2 acc 0.0253 eff 0.288 outinratio 0.0624 

ZH126_4e_massZ1_massZ2_genbin2_recobin2 acc 0.035 eff 0.3151 outinratio 0.0929 

ttH126_4e_massZ1_massZ2_genbin2_recobin2 acc 0.0283 eff 0.2957 outinratio 0.1388 

ggH126_4e_massZ1_massZ2_genbin3_recobin2 acc 0.0611 eff 0.0363 outinratio 0.0439 

VBFH126_4e_massZ1_massZ2_genbin3_recobin2 acc 0.062 eff 0.0316 outinratio 0.0 

WminusH126_4e_massZ1_massZ2_genbin3_recobin2 acc 0.0484 eff 0.0237 outinratio 0.0349 

WplusH126_4e_massZ1_massZ2_genbin3_recobin2 acc 0.046 eff 0.0421 outinratio 0.0624 

ZH126_4e_massZ1_massZ2_genbin3_recobin2 acc 0.053 eff 0.0 outinratio 0.0929 

ttH126_4e_massZ1_massZ2_genbin3_recobin2 acc 0.0499 eff 0.0236 outinratio 0.1388 

ggH126_4e_massZ1_massZ2_genbin4_recobin2 acc 0.0871 eff 0.0 outinratio 0.0439 

VBFH126_4e_massZ1_massZ2_genbin4_recobin2 acc 0.1158 eff 0.0 outinratio 0.0 

WminusH126_4e_massZ1_massZ2_genbin4_recobin2 acc 0.0842 eff 0.0 outinratio 0.0349 

WplusH126_4e_massZ1_massZ2_genbin4_recobin2 acc 0.0717 eff 0.0 outinratio 0.0624 

ZH126_4e_massZ1_massZ2_genbin4_recobin2 acc 0.0776 eff 0.0 outinratio 0.0929 

ttH126_4e_massZ1_massZ2_genbin4_recobin2 acc 0.0774 eff 0.0 outinratio 0.1388 

ggH126_4e_massZ1_massZ2_genbin5_recobin2 acc 0.0365 eff 0.0 outinratio 0.0439 

VBFH126_4e_massZ1_massZ2_genbin5_recobin2 acc 0.0468 eff 0.0 outinratio 0.0 

WminusH126_4e_massZ1_massZ2_genbin5_recobin2 acc 0.0331 eff 0.0 outinratio 0.0349 

WplusH126_4e_massZ1_massZ2_genbin5_recobin2 acc 0.0295 eff 0.0 outinratio 0.0624 

ZH126_4e_massZ1_massZ2_genbin5_recobin2 acc 0.036 eff 0.0 outinratio 0.0929 

ttH126_4e_massZ1_massZ2_genbin5_recobin2 acc 0.0272 eff 0.0 outinratio 0.1388 

ggH126_4e_massZ1_massZ2_genbin6_recobin2 acc 0.0871 eff 0.0128 outinratio 0.0439 

VBFH126_4e_massZ1_massZ2_genbin6_recobin2 acc 0.083 eff 0.0051 outinratio 0.0 

WminusH126_4e_massZ1_massZ2_genbin6_recobin2 acc 0.0788 eff 0.0142 outinratio 0.0349 

WplusH126_4e_massZ1_massZ2_genbin6_recobin2 acc 0.0624 eff 0.0148 outinratio 0.0624 

ZH126_4e_massZ1_massZ2_genbin6_recobin2 acc 0.0643 eff 0.0152 outinratio 0.0929 

ttH126_4e_massZ1_massZ2_genbin6_recobin2 acc 0.0649 eff 0.0102 outinratio 0.1388 

ggH126_4e_massZ1_massZ2_genbin0_recobin3 acc 0.0502 eff 0.0011 outinratio 0.0184 

VBFH126_4e_massZ1_massZ2_genbin0_recobin3 acc 0.0591 eff 0.0 outinratio 0.0543 

WminusH126_4e_massZ1_massZ2_genbin0_recobin3 acc 0.0388 eff 0.0 outinratio 0.0495 

WplusH126_4e_massZ1_massZ2_genbin0_recobin3 acc 0.038 eff 0.0 outinratio 0.0452 

ZH126_4e_massZ1_massZ2_genbin0_recobin3 acc 0.0435 eff 0.0136 outinratio 0.0346 

ttH126_4e_massZ1_massZ2_genbin0_recobin3 acc 0.0418 eff 0.001 outinratio 0.1712 

ggH126_4e_massZ1_massZ2_genbin1_recobin3 acc 0.0353 eff 0.0041 outinratio 0.0184 

VBFH126_4e_massZ1_massZ2_genbin1_recobin3 acc 0.0357 eff 0.0099 outinratio 0.0543 

WminusH126_4e_massZ1_massZ2_genbin1_recobin3 acc 0.0316 eff 0.0072 outinratio 0.0495 

WplusH126_4e_massZ1_massZ2_genbin1_recobin3 acc 0.0224 eff 0.0 outinratio 0.0452 

ZH126_4e_massZ1_massZ2_genbin1_recobin3 acc 0.0284 eff 0.0 outinratio 0.0346 

ttH126_4e_massZ1_massZ2_genbin1_recobin3 acc 0.0264 eff 0.0055 outinratio 0.1712 

ggH126_4e_massZ1_massZ2_genbin2_recobin3 acc 0.0394 eff 0.0211 outinratio 0.0184 

VBFH126_4e_massZ1_massZ2_genbin2_recobin3 acc 0.0351 eff 0.0 outinratio 0.0543 

WminusH126_4e_massZ1_massZ2_genbin2_recobin3 acc 0.0305 eff 0.0567 outinratio 0.0495 

WplusH126_4e_massZ1_massZ2_genbin2_recobin3 acc 0.0253 eff 0.0136 outinratio 0.0452 

ZH126_4e_massZ1_massZ2_genbin2_recobin3 acc 0.035 eff 0.0194 outinratio 0.0346 

ttH126_4e_massZ1_massZ2_genbin2_recobin3 acc 0.0283 eff 0.0242 outinratio 0.1712 

ggH126_4e_massZ1_massZ2_genbin3_recobin3 acc 0.0611 eff 0.3495 outinratio 0.0184 

VBFH126_4e_massZ1_massZ2_genbin3_recobin3 acc 0.062 eff 0.3455 outinratio 0.0543 

WminusH126_4e_massZ1_massZ2_genbin3_recobin3 acc 0.0484 eff 0.3511 outinratio 0.0495 

WplusH126_4e_massZ1_massZ2_genbin3_recobin3 acc 0.046 eff 0.3067 outinratio 0.0452 

ZH126_4e_massZ1_massZ2_genbin3_recobin3 acc 0.053 eff 0.4395 outinratio 0.0346 

ttH126_4e_massZ1_massZ2_genbin3_recobin3 acc 0.0499 eff 0.3518 outinratio 0.1712 

ggH126_4e_massZ1_massZ2_genbin4_recobin3 acc 0.0871 eff 0.0 outinratio 0.0184 

VBFH126_4e_massZ1_massZ2_genbin4_recobin3 acc 0.1158 eff 0.0 outinratio 0.0543 

WminusH126_4e_massZ1_massZ2_genbin4_recobin3 acc 0.0842 eff 0.0 outinratio 0.0495 

WplusH126_4e_massZ1_massZ2_genbin4_recobin3 acc 0.0717 eff 0.0 outinratio 0.0452 

ZH126_4e_massZ1_massZ2_genbin4_recobin3 acc 0.0776 eff 0.0 outinratio 0.0346 

ttH126_4e_massZ1_massZ2_genbin4_recobin3 acc 0.0774 eff 0.0 outinratio 0.1712 

ggH126_4e_massZ1_massZ2_genbin5_recobin3 acc 0.0365 eff 0.0 outinratio 0.0184 

VBFH126_4e_massZ1_massZ2_genbin5_recobin3 acc 0.0468 eff 0.0 outinratio 0.0543 

WminusH126_4e_massZ1_massZ2_genbin5_recobin3 acc 0.0331 eff 0.0 outinratio 0.0495 

WplusH126_4e_massZ1_massZ2_genbin5_recobin3 acc 0.0295 eff 0.0 outinratio 0.0452 

ZH126_4e_massZ1_massZ2_genbin5_recobin3 acc 0.036 eff 0.0 outinratio 0.0346 

ttH126_4e_massZ1_massZ2_genbin5_recobin3 acc 0.0272 eff 0.0 outinratio 0.1712 

ggH126_4e_massZ1_massZ2_genbin6_recobin3 acc 0.0871 eff 0.0 outinratio 0.0184 

VBFH126_4e_massZ1_massZ2_genbin6_recobin3 acc 0.083 eff 0.0 outinratio 0.0543 

WminusH126_4e_massZ1_massZ2_genbin6_recobin3 acc 0.0788 eff 0.0041 outinratio 0.0495 

WplusH126_4e_massZ1_massZ2_genbin6_recobin3 acc 0.0624 eff 0.0 outinratio 0.0452 

ZH126_4e_massZ1_massZ2_genbin6_recobin3 acc 0.0643 eff 0.0 outinratio 0.0346 

ttH126_4e_massZ1_massZ2_genbin6_recobin3 acc 0.0649 eff 0.0 outinratio 0.1712 

ggH126_4e_massZ1_massZ2_genbin0_recobin4 acc 0.0502 eff 0.0211 outinratio 0.0753 

VBFH126_4e_massZ1_massZ2_genbin0_recobin4 acc 0.0591 eff 0.0502 outinratio 0.0108 

WminusH126_4e_massZ1_massZ2_genbin0_recobin4 acc 0.0388 eff 0.0029 outinratio 0.0884 

WplusH126_4e_massZ1_massZ2_genbin0_recobin4 acc 0.038 eff 0.0363 outinratio 0.1121 

ZH126_4e_massZ1_massZ2_genbin0_recobin4 acc 0.0435 eff 0.0206 outinratio 0.169 

ttH126_4e_massZ1_massZ2_genbin0_recobin4 acc 0.0418 eff 0.0134 outinratio 0.2086 

ggH126_4e_massZ1_massZ2_genbin1_recobin4 acc 0.0353 eff 0.0007 outinratio 0.0753 

VBFH126_4e_massZ1_massZ2_genbin1_recobin4 acc 0.0357 eff 0.0 outinratio 0.0108 

WminusH126_4e_massZ1_massZ2_genbin1_recobin4 acc 0.0316 eff 0.0 outinratio 0.0884 

WplusH126_4e_massZ1_massZ2_genbin1_recobin4 acc 0.0224 eff 0.0 outinratio 0.1121 

ZH126_4e_massZ1_massZ2_genbin1_recobin4 acc 0.0284 eff 0.0 outinratio 0.169 

ttH126_4e_massZ1_massZ2_genbin1_recobin4 acc 0.0264 eff 0.0 outinratio 0.2086 

ggH126_4e_massZ1_massZ2_genbin2_recobin4 acc 0.0394 eff 0.0 outinratio 0.0753 

VBFH126_4e_massZ1_massZ2_genbin2_recobin4 acc 0.0351 eff 0.0 outinratio 0.0108 

WminusH126_4e_massZ1_massZ2_genbin2_recobin4 acc 0.0305 eff 0.0 outinratio 0.0884 

WplusH126_4e_massZ1_massZ2_genbin2_recobin4 acc 0.0253 eff 0.0 outinratio 0.1121 

ZH126_4e_massZ1_massZ2_genbin2_recobin4 acc 0.035 eff 0.0 outinratio 0.169 

ttH126_4e_massZ1_massZ2_genbin2_recobin4 acc 0.0283 eff 0.0 outinratio 0.2086 

ggH126_4e_massZ1_massZ2_genbin3_recobin4 acc 0.0611 eff 0.0 outinratio 0.0753 

VBFH126_4e_massZ1_massZ2_genbin3_recobin4 acc 0.062 eff 0.0 outinratio 0.0108 

WminusH126_4e_massZ1_massZ2_genbin3_recobin4 acc 0.0484 eff 0.0 outinratio 0.0884 

WplusH126_4e_massZ1_massZ2_genbin3_recobin4 acc 0.046 eff 0.0 outinratio 0.1121 

ZH126_4e_massZ1_massZ2_genbin3_recobin4 acc 0.053 eff 0.0 outinratio 0.169 

ttH126_4e_massZ1_massZ2_genbin3_recobin4 acc 0.0499 eff 0.0 outinratio 0.2086 

ggH126_4e_massZ1_massZ2_genbin4_recobin4 acc 0.0871 eff 0.2143 outinratio 0.0753 

VBFH126_4e_massZ1_massZ2_genbin4_recobin4 acc 0.1158 eff 0.2348 outinratio 0.0108 

WminusH126_4e_massZ1_massZ2_genbin4_recobin4 acc 0.0842 eff 0.2227 outinratio 0.0884 

WplusH126_4e_massZ1_massZ2_genbin4_recobin4 acc 0.0717 eff 0.186 outinratio 0.1121 

ZH126_4e_massZ1_massZ2_genbin4_recobin4 acc 0.0776 eff 0.2889 outinratio 0.169 

ttH126_4e_massZ1_massZ2_genbin4_recobin4 acc 0.0774 eff 0.2415 outinratio 0.2086 

ggH126_4e_massZ1_massZ2_genbin5_recobin4 acc 0.0365 eff 0.0614 outinratio 0.0753 

VBFH126_4e_massZ1_massZ2_genbin5_recobin4 acc 0.0468 eff 0.0694 outinratio 0.0108 

WminusH126_4e_massZ1_massZ2_genbin5_recobin4 acc 0.0331 eff 0.0906 outinratio 0.0884 

WplusH126_4e_massZ1_massZ2_genbin5_recobin4 acc 0.0295 eff 0.0659 outinratio 0.1121 

ZH126_4e_massZ1_massZ2_genbin5_recobin4 acc 0.036 eff 0.0162 outinratio 0.169 

ttH126_4e_massZ1_massZ2_genbin5_recobin4 acc 0.0272 eff 0.0582 outinratio 0.2086 

ggH126_4e_massZ1_massZ2_genbin6_recobin4 acc 0.0871 eff 0.0029 outinratio 0.0753 

VBFH126_4e_massZ1_massZ2_genbin6_recobin4 acc 0.083 eff 0.0027 outinratio 0.0108 

WminusH126_4e_massZ1_massZ2_genbin6_recobin4 acc 0.0788 eff 0.0035 outinratio 0.0884 

WplusH126_4e_massZ1_massZ2_genbin6_recobin4 acc 0.0624 eff 0.0116 outinratio 0.1121 

ZH126_4e_massZ1_massZ2_genbin6_recobin4 acc 0.0643 eff 0.0 outinratio 0.169 

ttH126_4e_massZ1_massZ2_genbin6_recobin4 acc 0.0649 eff 0.0024 outinratio 0.2086 

ggH126_4e_massZ1_massZ2_genbin0_recobin5 acc 0.0502 eff 0.0115 outinratio 0.0995 

VBFH126_4e_massZ1_massZ2_genbin0_recobin5 acc 0.0591 eff 0.0 outinratio 0.0 

WminusH126_4e_massZ1_massZ2_genbin0_recobin5 acc 0.0388 eff 0.0091 outinratio 0.1685 

WplusH126_4e_massZ1_massZ2_genbin0_recobin5 acc 0.038 eff 0.0 outinratio 0.0527 

ZH126_4e_massZ1_massZ2_genbin0_recobin5 acc 0.0435 eff 0.0101 outinratio 0.0931 

ttH126_4e_massZ1_massZ2_genbin0_recobin5 acc 0.0418 eff 0.0039 outinratio 0.2188 

ggH126_4e_massZ1_massZ2_genbin1_recobin5 acc 0.0353 eff 0.0013 outinratio 0.0995 

VBFH126_4e_massZ1_massZ2_genbin1_recobin5 acc 0.0357 eff 0.0 outinratio 0.0 

WminusH126_4e_massZ1_massZ2_genbin1_recobin5 acc 0.0316 eff 0.0 outinratio 0.1685 

WplusH126_4e_massZ1_massZ2_genbin1_recobin5 acc 0.0224 eff 0.0 outinratio 0.0527 

ZH126_4e_massZ1_massZ2_genbin1_recobin5 acc 0.0284 eff 0.0 outinratio 0.0931 

ttH126_4e_massZ1_massZ2_genbin1_recobin5 acc 0.0264 eff 0.0 outinratio 0.2188 

ggH126_4e_massZ1_massZ2_genbin2_recobin5 acc 0.0394 eff 0.0 outinratio 0.0995 

VBFH126_4e_massZ1_massZ2_genbin2_recobin5 acc 0.0351 eff 0.0 outinratio 0.0 

WminusH126_4e_massZ1_massZ2_genbin2_recobin5 acc 0.0305 eff 0.0 outinratio 0.1685 

WplusH126_4e_massZ1_massZ2_genbin2_recobin5 acc 0.0253 eff 0.0 outinratio 0.0527 

ZH126_4e_massZ1_massZ2_genbin2_recobin5 acc 0.035 eff 0.0 outinratio 0.0931 

ttH126_4e_massZ1_massZ2_genbin2_recobin5 acc 0.0283 eff 0.0 outinratio 0.2188 

ggH126_4e_massZ1_massZ2_genbin3_recobin5 acc 0.0611 eff 0.0 outinratio 0.0995 

VBFH126_4e_massZ1_massZ2_genbin3_recobin5 acc 0.062 eff 0.0 outinratio 0.0 

WminusH126_4e_massZ1_massZ2_genbin3_recobin5 acc 0.0484 eff 0.0 outinratio 0.1685 

WplusH126_4e_massZ1_massZ2_genbin3_recobin5 acc 0.046 eff 0.0 outinratio 0.0527 

ZH126_4e_massZ1_massZ2_genbin3_recobin5 acc 0.053 eff 0.0 outinratio 0.0931 

ttH126_4e_massZ1_massZ2_genbin3_recobin5 acc 0.0499 eff 0.0 outinratio 0.2188 

ggH126_4e_massZ1_massZ2_genbin4_recobin5 acc 0.0871 eff 0.0078 outinratio 0.0995 

VBFH126_4e_massZ1_massZ2_genbin4_recobin5 acc 0.1158 eff 0.0011 outinratio 0.0 

WminusH126_4e_massZ1_massZ2_genbin4_recobin5 acc 0.0842 eff 0.0047 outinratio 0.1685 

WplusH126_4e_massZ1_massZ2_genbin4_recobin5 acc 0.0717 eff 0.0036 outinratio 0.0527 

ZH126_4e_massZ1_massZ2_genbin4_recobin5 acc 0.0776 eff 0.0074 outinratio 0.0931 

ttH126_4e_massZ1_massZ2_genbin4_recobin5 acc 0.0774 eff 0.0073 outinratio 0.2188 

ggH126_4e_massZ1_massZ2_genbin5_recobin5 acc 0.0365 eff 0.147 outinratio 0.0995 

VBFH126_4e_massZ1_massZ2_genbin5_recobin5 acc 0.0468 eff 0.1097 outinratio 0.0 

WminusH126_4e_massZ1_massZ2_genbin5_recobin5 acc 0.0331 eff 0.0708 outinratio 0.1685 

WplusH126_4e_massZ1_massZ2_genbin5_recobin5 acc 0.0295 eff 0.178 outinratio 0.0527 

ZH126_4e_massZ1_massZ2_genbin5_recobin5 acc 0.036 eff 0.0977 outinratio 0.0931 

ttH126_4e_massZ1_massZ2_genbin5_recobin5 acc 0.0272 eff 0.1798 outinratio 0.2188 

ggH126_4e_massZ1_massZ2_genbin6_recobin5 acc 0.0871 eff 0.033 outinratio 0.0995 

VBFH126_4e_massZ1_massZ2_genbin6_recobin5 acc 0.083 eff 0.0322 outinratio 0.0 

WminusH126_4e_massZ1_massZ2_genbin6_recobin5 acc 0.0788 eff 0.033 outinratio 0.1685 

WplusH126_4e_massZ1_massZ2_genbin6_recobin5 acc 0.0624 eff 0.0173 outinratio 0.0527 

ZH126_4e_massZ1_massZ2_genbin6_recobin5 acc 0.0643 eff 0.0581 outinratio 0.0931 

ttH126_4e_massZ1_massZ2_genbin6_recobin5 acc 0.0649 eff 0.0338 outinratio 0.2188 

ggH126_4e_massZ1_massZ2_genbin0_recobin6 acc 0.0502 eff 0.0 outinratio 0.0528 

VBFH126_4e_massZ1_massZ2_genbin0_recobin6 acc 0.0591 eff 0.0 outinratio 0.0281 

WminusH126_4e_massZ1_massZ2_genbin0_recobin6 acc 0.0388 eff 0.0054 outinratio 0.0547 

WplusH126_4e_massZ1_massZ2_genbin0_recobin6 acc 0.038 eff 0.0 outinratio 0.1007 

ZH126_4e_massZ1_massZ2_genbin0_recobin6 acc 0.0435 eff 0.0 outinratio 0.0511 

ttH126_4e_massZ1_massZ2_genbin0_recobin6 acc 0.0418 eff 0.0 outinratio 0.1936 

ggH126_4e_massZ1_massZ2_genbin1_recobin6 acc 0.0353 eff 0.0233 outinratio 0.0528 

VBFH126_4e_massZ1_massZ2_genbin1_recobin6 acc 0.0357 eff 0.0037 outinratio 0.0281 

WminusH126_4e_massZ1_massZ2_genbin1_recobin6 acc 0.0316 eff 0.0087 outinratio 0.0547 

WplusH126_4e_massZ1_massZ2_genbin1_recobin6 acc 0.0224 eff 0.0137 outinratio 0.1007 

ZH126_4e_massZ1_massZ2_genbin1_recobin6 acc 0.0284 eff 0.0127 outinratio 0.0511 

ttH126_4e_massZ1_massZ2_genbin1_recobin6 acc 0.0264 eff 0.0223 outinratio 0.1936 

ggH126_4e_massZ1_massZ2_genbin2_recobin6 acc 0.0394 eff 0.0181 outinratio 0.0528 

VBFH126_4e_massZ1_massZ2_genbin2_recobin6 acc 0.0351 eff 0.0102 outinratio 0.0281 

WminusH126_4e_massZ1_massZ2_genbin2_recobin6 acc 0.0305 eff 0.0044 outinratio 0.0547 

WplusH126_4e_massZ1_massZ2_genbin2_recobin6 acc 0.0253 eff 0.0 outinratio 0.1007 

ZH126_4e_massZ1_massZ2_genbin2_recobin6 acc 0.035 eff 0.0153 outinratio 0.0511 

ttH126_4e_massZ1_massZ2_genbin2_recobin6 acc 0.0283 eff 0.0205 outinratio 0.1936 

ggH126_4e_massZ1_massZ2_genbin3_recobin6 acc 0.0611 eff 0.0009 outinratio 0.0528 

VBFH126_4e_massZ1_massZ2_genbin3_recobin6 acc 0.062 eff 0.0 outinratio 0.0281 

WminusH126_4e_massZ1_massZ2_genbin3_recobin6 acc 0.0484 eff 0.0 outinratio 0.0547 

WplusH126_4e_massZ1_massZ2_genbin3_recobin6 acc 0.046 eff 0.0 outinratio 0.1007 

ZH126_4e_massZ1_massZ2_genbin3_recobin6 acc 0.053 eff 0.0 outinratio 0.0511 

ttH126_4e_massZ1_massZ2_genbin3_recobin6 acc 0.0499 eff 0.0 outinratio 0.1936 

ggH126_4e_massZ1_massZ2_genbin4_recobin6 acc 0.0871 eff 0.0 outinratio 0.0528 

VBFH126_4e_massZ1_massZ2_genbin4_recobin6 acc 0.1158 eff 0.0 outinratio 0.0281 

WminusH126_4e_massZ1_massZ2_genbin4_recobin6 acc 0.0842 eff 0.0 outinratio 0.0547 

WplusH126_4e_massZ1_massZ2_genbin4_recobin6 acc 0.0717 eff 0.0 outinratio 0.1007 

ZH126_4e_massZ1_massZ2_genbin4_recobin6 acc 0.0776 eff 0.0073 outinratio 0.0511 

ttH126_4e_massZ1_massZ2_genbin4_recobin6 acc 0.0774 eff 0.0 outinratio 0.1936 

ggH126_4e_massZ1_massZ2_genbin5_recobin6 acc 0.0365 eff 0.0302 outinratio 0.0528 

VBFH126_4e_massZ1_massZ2_genbin5_recobin6 acc 0.0468 eff 0.02 outinratio 0.0281 

WminusH126_4e_massZ1_massZ2_genbin5_recobin6 acc 0.0331 eff 0.0071 outinratio 0.0547 

WplusH126_4e_massZ1_massZ2_genbin5_recobin6 acc 0.0295 eff 0.0118 outinratio 0.1007 

ZH126_4e_massZ1_massZ2_genbin5_recobin6 acc 0.036 eff 0.0254 outinratio 0.0511 

ttH126_4e_massZ1_massZ2_genbin5_recobin6 acc 0.0272 eff 0.0211 outinratio 0.1936 

ggH126_4e_massZ1_massZ2_genbin6_recobin6 acc 0.0871 eff 0.1947 outinratio 0.0528 

VBFH126_4e_massZ1_massZ2_genbin6_recobin6 acc 0.083 eff 0.2535 outinratio 0.0281 

WminusH126_4e_massZ1_massZ2_genbin6_recobin6 acc 0.0788 eff 0.187 outinratio 0.0547 

WplusH126_4e_massZ1_massZ2_genbin6_recobin6 acc 0.0624 eff 0.2082 outinratio 0.1007 

ZH126_4e_massZ1_massZ2_genbin6_recobin6 acc 0.0643 eff 0.2175 outinratio 0.0511 

ttH126_4e_massZ1_massZ2_genbin6_recobin6 acc 0.0649 eff 0.2356 outinratio 0.1936 

ggH126_4mu_massZ1_massZ2_genbin0_recobin0 acc 0.0557 eff 0.7754 outinratio 0.0673 

VBFH126_4mu_massZ1_massZ2_genbin0_recobin0 acc 0.0715 eff 0.7792 outinratio 0.042 

WminusH126_4mu_massZ1_massZ2_genbin0_recobin0 acc 0.0486 eff 0.7649 outinratio 0.1233 

WplusH126_4mu_massZ1_massZ2_genbin0_recobin0 acc 0.0465 eff 0.7225 outinratio 0.0646 

ZH126_4mu_massZ1_massZ2_genbin0_recobin0 acc 0.0515 eff 0.7675 outinratio 0.0542 

ttH126_4mu_massZ1_massZ2_genbin0_recobin0 acc 0.045 eff 0.7219 outinratio 0.1613 

ggH126_4mu_massZ1_massZ2_genbin1_recobin0 acc 0.0359 eff 0.0495 outinratio 0.0673 

VBFH126_4mu_massZ1_massZ2_genbin1_recobin0 acc 0.0414 eff 0.0036 outinratio 0.042 

WminusH126_4mu_massZ1_massZ2_genbin1_recobin0 acc 0.035 eff 0.0329 outinratio 0.1233 

WplusH126_4mu_massZ1_massZ2_genbin1_recobin0 acc 0.0285 eff 0.0167 outinratio 0.0646 

ZH126_4mu_massZ1_massZ2_genbin1_recobin0 acc 0.0356 eff 0.062 outinratio 0.0542 

ttH126_4mu_massZ1_massZ2_genbin1_recobin0 acc 0.0295 eff 0.0439 outinratio 0.1613 

ggH126_4mu_massZ1_massZ2_genbin2_recobin0 acc 0.0383 eff 0.0032 outinratio 0.0673 

VBFH126_4mu_massZ1_massZ2_genbin2_recobin0 acc 0.0386 eff 0.0 outinratio 0.042 

WminusH126_4mu_massZ1_massZ2_genbin2_recobin0 acc 0.0288 eff 0.0082 outinratio 0.1233 

WplusH126_4mu_massZ1_massZ2_genbin2_recobin0 acc 0.0311 eff 0.0 outinratio 0.0646 

ZH126_4mu_massZ1_massZ2_genbin2_recobin0 acc 0.0262 eff 0.0 outinratio 0.0542 

ttH126_4mu_massZ1_massZ2_genbin2_recobin0 acc 0.029 eff 0.006 outinratio 0.1613 

ggH126_4mu_massZ1_massZ2_genbin3_recobin0 acc 0.06 eff 0.0011 outinratio 0.0673 

VBFH126_4mu_massZ1_massZ2_genbin3_recobin0 acc 0.055 eff 0.0 outinratio 0.042 

WminusH126_4mu_massZ1_massZ2_genbin3_recobin0 acc 0.049 eff 0.0044 outinratio 0.1233 

WplusH126_4mu_massZ1_massZ2_genbin3_recobin0 acc 0.046 eff 0.0 outinratio 0.0646 

ZH126_4mu_massZ1_massZ2_genbin3_recobin0 acc 0.0581 eff 0.0 outinratio 0.0542 

ttH126_4mu_massZ1_massZ2_genbin3_recobin0 acc 0.0452 eff 0.002 outinratio 0.1613 

ggH126_4mu_massZ1_massZ2_genbin4_recobin0 acc 0.1118 eff 0.0755 outinratio 0.0673 

VBFH126_4mu_massZ1_massZ2_genbin4_recobin0 acc 0.1384 eff 0.0533 outinratio 0.042 

WminusH126_4mu_massZ1_massZ2_genbin4_recobin0 acc 0.0957 eff 0.0512 outinratio 0.1233 

WplusH126_4mu_massZ1_massZ2_genbin4_recobin0 acc 0.0798 eff 0.0578 outinratio 0.0646 

ZH126_4mu_massZ1_massZ2_genbin4_recobin0 acc 0.1031 eff 0.1541 outinratio 0.0542 

ttH126_4mu_massZ1_massZ2_genbin4_recobin0 acc 0.0919 eff 0.0646 outinratio 0.1613 

ggH126_4mu_massZ1_massZ2_genbin5_recobin0 acc 0.0447 eff 0.0634 outinratio 0.0673 

VBFH126_4mu_massZ1_massZ2_genbin5_recobin0 acc 0.0386 eff 0.075 outinratio 0.042 

WminusH126_4mu_massZ1_massZ2_genbin5_recobin0 acc 0.0319 eff 0.0398 outinratio 0.1233 

WplusH126_4mu_massZ1_massZ2_genbin5_recobin0 acc 0.0342 eff 0.0553 outinratio 0.0646 

ZH126_4mu_massZ1_massZ2_genbin5_recobin0 acc 0.0356 eff 0.0957 outinratio 0.0542 

ttH126_4mu_massZ1_massZ2_genbin5_recobin0 acc 0.0343 eff 0.0439 outinratio 0.1613 

ggH126_4mu_massZ1_massZ2_genbin6_recobin0 acc 0.0845 eff 0.0019 outinratio 0.0673 

VBFH126_4mu_massZ1_massZ2_genbin6_recobin0 acc 0.0981 eff 0.0057 outinratio 0.042 

WminusH126_4mu_massZ1_massZ2_genbin6_recobin0 acc 0.0767 eff 0.0068 outinratio 0.1233 

WplusH126_4mu_massZ1_massZ2_genbin6_recobin0 acc 0.0649 eff 0.0 outinratio 0.0646 

ZH126_4mu_massZ1_massZ2_genbin6_recobin0 acc 0.0572 eff -0.0177 outinratio 0.0542 

ttH126_4mu_massZ1_massZ2_genbin6_recobin0 acc 0.0697 eff 0.0013 outinratio 0.1613 

ggH126_4mu_massZ1_massZ2_genbin0_recobin1 acc 0.0557 eff 0.0101 outinratio 0.0582 

VBFH126_4mu_massZ1_massZ2_genbin0_recobin1 acc 0.0715 eff 0.0062 outinratio 0.0455 

WminusH126_4mu_massZ1_massZ2_genbin0_recobin1 acc 0.0486 eff 0.0058 outinratio 0.0232 

WplusH126_4mu_massZ1_massZ2_genbin0_recobin1 acc 0.0465 eff 0.0088 outinratio 0.0618 

ZH126_4mu_massZ1_massZ2_genbin0_recobin1 acc 0.0515 eff 0.0 outinratio 0.1258 

ttH126_4mu_massZ1_massZ2_genbin0_recobin1 acc 0.045 eff 0.0124 outinratio 0.1338 

ggH126_4mu_massZ1_massZ2_genbin1_recobin1 acc 0.0359 eff 0.6977 outinratio 0.0582 

VBFH126_4mu_massZ1_massZ2_genbin1_recobin1 acc 0.0414 eff 0.7721 outinratio 0.0455 

WminusH126_4mu_massZ1_massZ2_genbin1_recobin1 acc 0.035 eff 0.6693 outinratio 0.0232 

WplusH126_4mu_massZ1_massZ2_genbin1_recobin1 acc 0.0285 eff 0.6726 outinratio 0.0618 

ZH126_4mu_massZ1_massZ2_genbin1_recobin1 acc 0.0356 eff 0.6807 outinratio 0.1258 

ttH126_4mu_massZ1_massZ2_genbin1_recobin1 acc 0.0295 eff 0.6941 outinratio 0.1338 

ggH126_4mu_massZ1_massZ2_genbin2_recobin1 acc 0.0383 eff 0.0439 outinratio 0.0582 

VBFH126_4mu_massZ1_massZ2_genbin2_recobin1 acc 0.0386 eff 0.0 outinratio 0.0455 

WminusH126_4mu_massZ1_massZ2_genbin2_recobin1 acc 0.0288 eff 0.0515 outinratio 0.0232 

WplusH126_4mu_massZ1_massZ2_genbin2_recobin1 acc 0.0311 eff 0.0107 outinratio 0.0618 

ZH126_4mu_massZ1_massZ2_genbin2_recobin1 acc 0.0262 eff 0.0863 outinratio 0.1258 

ttH126_4mu_massZ1_massZ2_genbin2_recobin1 acc 0.029 eff 0.0332 outinratio 0.1338 

ggH126_4mu_massZ1_massZ2_genbin3_recobin1 acc 0.06 eff 0.006 outinratio 0.0582 

VBFH126_4mu_massZ1_massZ2_genbin3_recobin1 acc 0.055 eff 0.0 outinratio 0.0455 

WminusH126_4mu_massZ1_massZ2_genbin3_recobin1 acc 0.049 eff 0.0 outinratio 0.0232 

WplusH126_4mu_massZ1_massZ2_genbin3_recobin1 acc 0.046 eff 0.0 outinratio 0.0618 

ZH126_4mu_massZ1_massZ2_genbin3_recobin1 acc 0.0581 eff 0.0 outinratio 0.1258 

ttH126_4mu_massZ1_massZ2_genbin3_recobin1 acc 0.0452 eff 0.0014 outinratio 0.1338 

ggH126_4mu_massZ1_massZ2_genbin4_recobin1 acc 0.1118 eff 0.0 outinratio 0.0582 

VBFH126_4mu_massZ1_massZ2_genbin4_recobin1 acc 0.1384 eff 0.0 outinratio 0.0455 

WminusH126_4mu_massZ1_massZ2_genbin4_recobin1 acc 0.0957 eff 0.0 outinratio 0.0232 

WplusH126_4mu_massZ1_massZ2_genbin4_recobin1 acc 0.0798 eff 0.0 outinratio 0.0618 

ZH126_4mu_massZ1_massZ2_genbin4_recobin1 acc 0.1031 eff 0.0 outinratio 0.1258 

ttH126_4mu_massZ1_massZ2_genbin4_recobin1 acc 0.0919 eff 0.0 outinratio 0.1338 

ggH126_4mu_massZ1_massZ2_genbin5_recobin1 acc 0.0447 eff 0.0 outinratio 0.0582 

VBFH126_4mu_massZ1_massZ2_genbin5_recobin1 acc 0.0386 eff 0.0 outinratio 0.0455 

WminusH126_4mu_massZ1_massZ2_genbin5_recobin1 acc 0.0319 eff -0.0052 outinratio 0.0232 

WplusH126_4mu_massZ1_massZ2_genbin5_recobin1 acc 0.0342 eff 0.0159 outinratio 0.0618 

ZH126_4mu_massZ1_massZ2_genbin5_recobin1 acc 0.0356 eff 0.0 outinratio 0.1258 

ttH126_4mu_massZ1_massZ2_genbin5_recobin1 acc 0.0343 eff 0.0014 outinratio 0.1338 

ggH126_4mu_massZ1_massZ2_genbin6_recobin1 acc 0.0845 eff 0.0626 outinratio 0.0582 

VBFH126_4mu_massZ1_massZ2_genbin6_recobin1 acc 0.0981 eff 0.0668 outinratio 0.0455 

WminusH126_4mu_massZ1_massZ2_genbin6_recobin1 acc 0.0767 eff 0.0644 outinratio 0.0232 

WplusH126_4mu_massZ1_massZ2_genbin6_recobin1 acc 0.0649 eff 0.0898 outinratio 0.0618 

ZH126_4mu_massZ1_massZ2_genbin6_recobin1 acc 0.0572 eff 0.0216 outinratio 0.1258 

ttH126_4mu_massZ1_massZ2_genbin6_recobin1 acc 0.0697 eff 0.0857 outinratio 0.1338 

ggH126_4mu_massZ1_massZ2_genbin0_recobin2 acc 0.0557 eff 0.0005 outinratio 0.048 

VBFH126_4mu_massZ1_massZ2_genbin0_recobin2 acc 0.0715 eff 0.0 outinratio 0.0 

WminusH126_4mu_massZ1_massZ2_genbin0_recobin2 acc 0.0486 eff 0.0031 outinratio 0.1099 

WplusH126_4mu_massZ1_massZ2_genbin0_recobin2 acc 0.0465 eff 0.0 outinratio 0.0933 

ZH126_4mu_massZ1_massZ2_genbin0_recobin2 acc 0.0515 eff 0.0 outinratio 0.0497 

ttH126_4mu_massZ1_massZ2_genbin0_recobin2 acc 0.045 eff 0.0019 outinratio 0.1358 

ggH126_4mu_massZ1_massZ2_genbin1_recobin2 acc 0.0359 eff 0.0175 outinratio 0.048 

VBFH126_4mu_massZ1_massZ2_genbin1_recobin2 acc 0.0414 eff 0.0153 outinratio 0.0 

WminusH126_4mu_massZ1_massZ2_genbin1_recobin2 acc 0.035 eff 0.0 outinratio 0.1099 

WplusH126_4mu_massZ1_massZ2_genbin1_recobin2 acc 0.0285 eff 0.0119 outinratio 0.0933 

ZH126_4mu_massZ1_massZ2_genbin1_recobin2 acc 0.0356 eff 0.0389 outinratio 0.0497 

ttH126_4mu_massZ1_massZ2_genbin1_recobin2 acc 0.0295 eff 0.0325 outinratio 0.1358 

ggH126_4mu_massZ1_massZ2_genbin2_recobin2 acc 0.0383 eff 0.6963 outinratio 0.048 

VBFH126_4mu_massZ1_massZ2_genbin2_recobin2 acc 0.0386 eff 0.6438 outinratio 0.0 

WminusH126_4mu_massZ1_massZ2_genbin2_recobin2 acc 0.0288 eff 0.6605 outinratio 0.1099 

WplusH126_4mu_massZ1_massZ2_genbin2_recobin2 acc 0.0311 eff 0.8128 outinratio 0.0933 

ZH126_4mu_massZ1_massZ2_genbin2_recobin2 acc 0.0262 eff 0.7901 outinratio 0.0497 

ttH126_4mu_massZ1_massZ2_genbin2_recobin2 acc 0.029 eff 0.7265 outinratio 0.1358 

ggH126_4mu_massZ1_massZ2_genbin3_recobin2 acc 0.06 eff 0.0409 outinratio 0.048 

VBFH126_4mu_massZ1_massZ2_genbin3_recobin2 acc 0.055 eff 0.0249 outinratio 0.0 

WminusH126_4mu_massZ1_massZ2_genbin3_recobin2 acc 0.049 eff 0.0 outinratio 0.1099 

WplusH126_4mu_massZ1_massZ2_genbin3_recobin2 acc 0.046 eff 0.0382 outinratio 0.0933 

ZH126_4mu_massZ1_massZ2_genbin3_recobin2 acc 0.0581 eff 0.0628 outinratio 0.0497 

ttH126_4mu_massZ1_massZ2_genbin3_recobin2 acc 0.0452 eff 0.0269 outinratio 0.1358 

ggH126_4mu_massZ1_massZ2_genbin4_recobin2 acc 0.1118 eff 0.0 outinratio 0.048 

VBFH126_4mu_massZ1_massZ2_genbin4_recobin2 acc 0.1384 eff 0.0 outinratio 0.0 

WminusH126_4mu_massZ1_massZ2_genbin4_recobin2 acc 0.0957 eff 0.0 outinratio 0.1099 

WplusH126_4mu_massZ1_massZ2_genbin4_recobin2 acc 0.0798 eff 0.0 outinratio 0.0933 

ZH126_4mu_massZ1_massZ2_genbin4_recobin2 acc 0.1031 eff 0.0 outinratio 0.0497 

ttH126_4mu_massZ1_massZ2_genbin4_recobin2 acc 0.0919 eff 0.0 outinratio 0.1358 

ggH126_4mu_massZ1_massZ2_genbin5_recobin2 acc 0.0447 eff 0.0 outinratio 0.048 

VBFH126_4mu_massZ1_massZ2_genbin5_recobin2 acc 0.0386 eff 0.0 outinratio 0.0 

WminusH126_4mu_massZ1_massZ2_genbin5_recobin2 acc 0.0319 eff 0.0 outinratio 0.1099 

WplusH126_4mu_massZ1_massZ2_genbin5_recobin2 acc 0.0342 eff 0.0 outinratio 0.0933 

ZH126_4mu_massZ1_massZ2_genbin5_recobin2 acc 0.0356 eff 0.0 outinratio 0.0497 

ttH126_4mu_massZ1_massZ2_genbin5_recobin2 acc 0.0343 eff 0.0 outinratio 0.1358 

ggH126_4mu_massZ1_massZ2_genbin6_recobin2 acc 0.0845 eff 0.0132 outinratio 0.048 

VBFH126_4mu_massZ1_massZ2_genbin6_recobin2 acc 0.0981 eff 0.0189 outinratio 0.0 

WminusH126_4mu_massZ1_massZ2_genbin6_recobin2 acc 0.0767 eff 0.0069 outinratio 0.1099 

WplusH126_4mu_massZ1_massZ2_genbin6_recobin2 acc 0.0649 eff 0.011 outinratio 0.0933 

ZH126_4mu_massZ1_massZ2_genbin6_recobin2 acc 0.0572 eff 0.0118 outinratio 0.0497 

ttH126_4mu_massZ1_massZ2_genbin6_recobin2 acc 0.0697 eff 0.0128 outinratio 0.1358 

ggH126_4mu_massZ1_massZ2_genbin0_recobin3 acc 0.0557 eff 0.0005 outinratio 0.0437 

VBFH126_4mu_massZ1_massZ2_genbin0_recobin3 acc 0.0715 eff 0.0 outinratio 0.0206 

WminusH126_4mu_massZ1_massZ2_genbin0_recobin3 acc 0.0486 eff 0.0 outinratio 0.0438 

WplusH126_4mu_massZ1_massZ2_genbin0_recobin3 acc 0.0465 eff 0.0 outinratio 0.0669 

ZH126_4mu_massZ1_massZ2_genbin0_recobin3 acc 0.0515 eff 0.0 outinratio 0.0181 

ttH126_4mu_massZ1_massZ2_genbin0_recobin3 acc 0.045 eff 0.0027 outinratio 0.1318 

ggH126_4mu_massZ1_massZ2_genbin1_recobin3 acc 0.0359 eff 0.0048 outinratio 0.0437 

VBFH126_4mu_massZ1_massZ2_genbin1_recobin3 acc 0.0414 eff 0.0151 outinratio 0.0206 

WminusH126_4mu_massZ1_massZ2_genbin1_recobin3 acc 0.035 eff 0.0 outinratio 0.0438 

WplusH126_4mu_massZ1_massZ2_genbin1_recobin3 acc 0.0285 eff 0.0 outinratio 0.0669 

ZH126_4mu_massZ1_massZ2_genbin1_recobin3 acc 0.0356 eff 0.0 outinratio 0.0181 

ttH126_4mu_massZ1_massZ2_genbin1_recobin3 acc 0.0295 eff 0.0 outinratio 0.1318 

ggH126_4mu_massZ1_massZ2_genbin2_recobin3 acc 0.0383 eff 0.0224 outinratio 0.0437 

VBFH126_4mu_massZ1_massZ2_genbin2_recobin3 acc 0.0386 eff 0.0212 outinratio 0.0206 

WminusH126_4mu_massZ1_massZ2_genbin2_recobin3 acc 0.0288 eff 0.038 outinratio 0.0438 

WplusH126_4mu_massZ1_massZ2_genbin2_recobin3 acc 0.0311 eff -0.0102 outinratio 0.0669 

ZH126_4mu_massZ1_massZ2_genbin2_recobin3 acc 0.0262 eff 0.0257 outinratio 0.0181 

ttH126_4mu_massZ1_massZ2_genbin2_recobin3 acc 0.029 eff 0.0199 outinratio 0.1318 

ggH126_4mu_massZ1_massZ2_genbin3_recobin3 acc 0.06 eff 0.7768 outinratio 0.0437 

VBFH126_4mu_massZ1_massZ2_genbin3_recobin3 acc 0.055 eff 0.7418 outinratio 0.0206 

WminusH126_4mu_massZ1_massZ2_genbin3_recobin3 acc 0.049 eff 0.9321 outinratio 0.0438 

WplusH126_4mu_massZ1_massZ2_genbin3_recobin3 acc 0.046 eff 0.8376 outinratio 0.0669 

ZH126_4mu_massZ1_massZ2_genbin3_recobin3 acc 0.0581 eff 0.6329 outinratio 0.0181 

ttH126_4mu_massZ1_massZ2_genbin3_recobin3 acc 0.0452 eff 0.8291 outinratio 0.1318 

ggH126_4mu_massZ1_massZ2_genbin4_recobin3 acc 0.1118 eff 0.0 outinratio 0.0437 

VBFH126_4mu_massZ1_massZ2_genbin4_recobin3 acc 0.1384 eff 0.0 outinratio 0.0206 

WminusH126_4mu_massZ1_massZ2_genbin4_recobin3 acc 0.0957 eff 0.0 outinratio 0.0438 

WplusH126_4mu_massZ1_massZ2_genbin4_recobin3 acc 0.0798 eff 0.0 outinratio 0.0669 

ZH126_4mu_massZ1_massZ2_genbin4_recobin3 acc 0.1031 eff 0.0 outinratio 0.0181 

ttH126_4mu_massZ1_massZ2_genbin4_recobin3 acc 0.0919 eff 0.0 outinratio 0.1318 

ggH126_4mu_massZ1_massZ2_genbin5_recobin3 acc 0.0447 eff 0.0 outinratio 0.0437 

VBFH126_4mu_massZ1_massZ2_genbin5_recobin3 acc 0.0386 eff 0.0 outinratio 0.0206 

WminusH126_4mu_massZ1_massZ2_genbin5_recobin3 acc 0.0319 eff 0.0 outinratio 0.0438 

WplusH126_4mu_massZ1_massZ2_genbin5_recobin3 acc 0.0342 eff 0.0 outinratio 0.0669 

ZH126_4mu_massZ1_massZ2_genbin5_recobin3 acc 0.0356 eff 0.0 outinratio 0.0181 

ttH126_4mu_massZ1_massZ2_genbin5_recobin3 acc 0.0343 eff 0.0 outinratio 0.1318 

ggH126_4mu_massZ1_massZ2_genbin6_recobin3 acc 0.0845 eff 0.0 outinratio 0.0437 

VBFH126_4mu_massZ1_massZ2_genbin6_recobin3 acc 0.0981 eff 0.0 outinratio 0.0206 

WminusH126_4mu_massZ1_massZ2_genbin6_recobin3 acc 0.0767 eff 0.0 outinratio 0.0438 

WplusH126_4mu_massZ1_massZ2_genbin6_recobin3 acc 0.0649 eff 0.0 outinratio 0.0669 

ZH126_4mu_massZ1_massZ2_genbin6_recobin3 acc 0.0572 eff 0.0 outinratio 0.0181 

ttH126_4mu_massZ1_massZ2_genbin6_recobin3 acc 0.0697 eff 0.0006 outinratio 0.1318 

ggH126_4mu_massZ1_massZ2_genbin0_recobin4 acc 0.0557 eff 0.036 outinratio 0.0748 

VBFH126_4mu_massZ1_massZ2_genbin0_recobin4 acc 0.0715 eff 0.0344 outinratio 0.0322 

WminusH126_4mu_massZ1_massZ2_genbin0_recobin4 acc 0.0486 eff 0.0372 outinratio 0.0234 

WplusH126_4mu_massZ1_massZ2_genbin0_recobin4 acc 0.0465 eff 0.0209 outinratio 0.1251 

ZH126_4mu_massZ1_massZ2_genbin0_recobin4 acc 0.0515 eff 0.0514 outinratio 0.0885 

ttH126_4mu_massZ1_massZ2_genbin0_recobin4 acc 0.045 eff 0.052 outinratio 0.1391 

ggH126_4mu_massZ1_massZ2_genbin1_recobin4 acc 0.0359 eff 0.0 outinratio 0.0748 

VBFH126_4mu_massZ1_massZ2_genbin1_recobin4 acc 0.0414 eff 0.0 outinratio 0.0322 

WminusH126_4mu_massZ1_massZ2_genbin1_recobin4 acc 0.035 eff 0.0 outinratio 0.0234 

WplusH126_4mu_massZ1_massZ2_genbin1_recobin4 acc 0.0285 eff 0.0 outinratio 0.1251 

ZH126_4mu_massZ1_massZ2_genbin1_recobin4 acc 0.0356 eff 0.0 outinratio 0.0885 

ttH126_4mu_massZ1_massZ2_genbin1_recobin4 acc 0.0295 eff 0.0 outinratio 0.1391 

ggH126_4mu_massZ1_massZ2_genbin2_recobin4 acc 0.0383 eff 0.0 outinratio 0.0748 

VBFH126_4mu_massZ1_massZ2_genbin2_recobin4 acc 0.0386 eff 0.0 outinratio 0.0322 

WminusH126_4mu_massZ1_massZ2_genbin2_recobin4 acc 0.0288 eff 0.0 outinratio 0.0234 

WplusH126_4mu_massZ1_massZ2_genbin2_recobin4 acc 0.0311 eff 0.0 outinratio 0.1251 

ZH126_4mu_massZ1_massZ2_genbin2_recobin4 acc 0.0262 eff 0.0 outinratio 0.0885 

ttH126_4mu_massZ1_massZ2_genbin2_recobin4 acc 0.029 eff 0.0 outinratio 0.1391 

ggH126_4mu_massZ1_massZ2_genbin3_recobin4 acc 0.06 eff 0.0 outinratio 0.0748 

VBFH126_4mu_massZ1_massZ2_genbin3_recobin4 acc 0.055 eff 0.0 outinratio 0.0322 

WminusH126_4mu_massZ1_massZ2_genbin3_recobin4 acc 0.049 eff 0.0 outinratio 0.0234 

WplusH126_4mu_massZ1_massZ2_genbin3_recobin4 acc 0.046 eff 0.0 outinratio 0.1251 

ZH126_4mu_massZ1_massZ2_genbin3_recobin4 acc 0.0581 eff 0.0 outinratio 0.0885 

ttH126_4mu_massZ1_massZ2_genbin3_recobin4 acc 0.0452 eff 0.0 outinratio 0.1391 

ggH126_4mu_massZ1_massZ2_genbin4_recobin4 acc 0.1118 eff 0.6934 outinratio 0.0748 

VBFH126_4mu_massZ1_massZ2_genbin4_recobin4 acc 0.1384 eff 0.7401 outinratio 0.0322 

WminusH126_4mu_massZ1_massZ2_genbin4_recobin4 acc 0.0957 eff 0.7288 outinratio 0.0234 

WplusH126_4mu_massZ1_massZ2_genbin4_recobin4 acc 0.0798 eff 0.665 outinratio 0.1251 

ZH126_4mu_massZ1_massZ2_genbin4_recobin4 acc 0.1031 eff 0.6994 outinratio 0.0885 

ttH126_4mu_massZ1_massZ2_genbin4_recobin4 acc 0.0919 eff 0.6986 outinratio 0.1391 

ggH126_4mu_massZ1_massZ2_genbin5_recobin4 acc 0.0447 eff 0.0277 outinratio 0.0748 

VBFH126_4mu_massZ1_massZ2_genbin5_recobin4 acc 0.0386 eff 0.0661 outinratio 0.0322 

WminusH126_4mu_massZ1_massZ2_genbin5_recobin4 acc 0.0319 eff 0.0428 outinratio 0.0234 

WplusH126_4mu_massZ1_massZ2_genbin5_recobin4 acc 0.0342 eff 0.0753 outinratio 0.1251 

ZH126_4mu_massZ1_massZ2_genbin5_recobin4 acc 0.0356 eff 0.0 outinratio 0.0885 

ttH126_4mu_massZ1_massZ2_genbin5_recobin4 acc 0.0343 eff 0.0497 outinratio 0.1391 

ggH126_4mu_massZ1_massZ2_genbin6_recobin4 acc 0.0845 eff 0.0 outinratio 0.0748 

VBFH126_4mu_massZ1_massZ2_genbin6_recobin4 acc 0.0981 eff 0.0 outinratio 0.0322 

WminusH126_4mu_massZ1_massZ2_genbin6_recobin4 acc 0.0767 eff 0.0 outinratio 0.0234 

WplusH126_4mu_massZ1_massZ2_genbin6_recobin4 acc 0.0649 eff 0.0 outinratio 0.1251 

ZH126_4mu_massZ1_massZ2_genbin6_recobin4 acc 0.0572 eff 0.0 outinratio 0.0885 

ttH126_4mu_massZ1_massZ2_genbin6_recobin4 acc 0.0697 eff 0.0047 outinratio 0.1391 

ggH126_4mu_massZ1_massZ2_genbin0_recobin5 acc 0.0557 eff 0.0079 outinratio 0.0474 

VBFH126_4mu_massZ1_massZ2_genbin0_recobin5 acc 0.0715 eff 0.0 outinratio 0.013 

WminusH126_4mu_massZ1_massZ2_genbin0_recobin5 acc 0.0486 eff 0.036 outinratio 0.0184 

WplusH126_4mu_massZ1_massZ2_genbin0_recobin5 acc 0.0465 eff 0.0038 outinratio 0.0 

ZH126_4mu_massZ1_massZ2_genbin0_recobin5 acc 0.0515 eff 0.0127 outinratio 0.1347 

ttH126_4mu_massZ1_massZ2_genbin0_recobin5 acc 0.045 eff 0.0061 outinratio 0.1129 

ggH126_4mu_massZ1_massZ2_genbin1_recobin5 acc 0.0359 eff 0.0 outinratio 0.0474 

VBFH126_4mu_massZ1_massZ2_genbin1_recobin5 acc 0.0414 eff 0.006 outinratio 0.013 

WminusH126_4mu_massZ1_massZ2_genbin1_recobin5 acc 0.035 eff 0.0 outinratio 0.0184 

WplusH126_4mu_massZ1_massZ2_genbin1_recobin5 acc 0.0285 eff 0.0 outinratio 0.0 

ZH126_4mu_massZ1_massZ2_genbin1_recobin5 acc 0.0356 eff 0.0 outinratio 0.1347 

ttH126_4mu_massZ1_massZ2_genbin1_recobin5 acc 0.0295 eff 0.0008 outinratio 0.1129 

ggH126_4mu_massZ1_massZ2_genbin2_recobin5 acc 0.0383 eff 0.0 outinratio 0.0474 

VBFH126_4mu_massZ1_massZ2_genbin2_recobin5 acc 0.0386 eff 0.0 outinratio 0.013 

WminusH126_4mu_massZ1_massZ2_genbin2_recobin5 acc 0.0288 eff 0.0 outinratio 0.0184 

WplusH126_4mu_massZ1_massZ2_genbin2_recobin5 acc 0.0311 eff 0.0 outinratio 0.0 

ZH126_4mu_massZ1_massZ2_genbin2_recobin5 acc 0.0262 eff 0.0 outinratio 0.1347 

ttH126_4mu_massZ1_massZ2_genbin2_recobin5 acc 0.029 eff 0.0 outinratio 0.1129 

ggH126_4mu_massZ1_massZ2_genbin3_recobin5 acc 0.06 eff 0.0 outinratio 0.0474 

VBFH126_4mu_massZ1_massZ2_genbin3_recobin5 acc 0.055 eff 0.0 outinratio 0.013 

WminusH126_4mu_massZ1_massZ2_genbin3_recobin5 acc 0.049 eff 0.0 outinratio 0.0184 

WplusH126_4mu_massZ1_massZ2_genbin3_recobin5 acc 0.046 eff 0.0 outinratio 0.0 

ZH126_4mu_massZ1_massZ2_genbin3_recobin5 acc 0.0581 eff 0.0 outinratio 0.1347 

ttH126_4mu_massZ1_massZ2_genbin3_recobin5 acc 0.0452 eff 0.0 outinratio 0.1129 

ggH126_4mu_massZ1_massZ2_genbin4_recobin5 acc 0.1118 eff 0.0132 outinratio 0.0474 

VBFH126_4mu_massZ1_massZ2_genbin4_recobin5 acc 0.1384 eff 0.0176 outinratio 0.013 

WminusH126_4mu_massZ1_massZ2_genbin4_recobin5 acc 0.0957 eff 0.0361 outinratio 0.0184 

WplusH126_4mu_massZ1_massZ2_genbin4_recobin5 acc 0.0798 eff 0.0121 outinratio 0.0 

ZH126_4mu_massZ1_massZ2_genbin4_recobin5 acc 0.1031 eff 0.0089 outinratio 0.1347 

ttH126_4mu_massZ1_massZ2_genbin4_recobin5 acc 0.0919 eff 0.0073 outinratio 0.1129 

ggH126_4mu_massZ1_massZ2_genbin5_recobin5 acc 0.0447 eff 0.6762 outinratio 0.0474 

VBFH126_4mu_massZ1_massZ2_genbin5_recobin5 acc 0.0386 eff 0.6226 outinratio 0.013 

WminusH126_4mu_massZ1_massZ2_genbin5_recobin5 acc 0.0319 eff 0.8833 outinratio 0.0184 

WplusH126_4mu_massZ1_massZ2_genbin5_recobin5 acc 0.0342 eff 0.6318 outinratio 0.0 

ZH126_4mu_massZ1_massZ2_genbin5_recobin5 acc 0.0356 eff 0.5965 outinratio 0.1347 

ttH126_4mu_massZ1_massZ2_genbin5_recobin5 acc 0.0343 eff 0.6834 outinratio 0.1129 

ggH126_4mu_massZ1_massZ2_genbin6_recobin5 acc 0.0845 eff 0.0203 outinratio 0.0474 

VBFH126_4mu_massZ1_massZ2_genbin6_recobin5 acc 0.0981 eff 0.049 outinratio 0.013 

WminusH126_4mu_massZ1_massZ2_genbin6_recobin5 acc 0.0767 eff 0.0086 outinratio 0.0184 

WplusH126_4mu_massZ1_massZ2_genbin6_recobin5 acc 0.0649 eff 0.0266 outinratio 0.0 

ZH126_4mu_massZ1_massZ2_genbin6_recobin5 acc 0.0572 eff 0.0084 outinratio 0.1347 

ttH126_4mu_massZ1_massZ2_genbin6_recobin5 acc 0.0697 eff 0.0329 outinratio 0.1129 

ggH126_4mu_massZ1_massZ2_genbin0_recobin6 acc 0.0557 eff 0.0005 outinratio 0.0615 

VBFH126_4mu_massZ1_massZ2_genbin0_recobin6 acc 0.0715 eff 0.0 outinratio 0.0576 

WminusH126_4mu_massZ1_massZ2_genbin0_recobin6 acc 0.0486 eff 0.0 outinratio 0.0415 

WplusH126_4mu_massZ1_massZ2_genbin0_recobin6 acc 0.0465 eff 0.0 outinratio 0.0815 

ZH126_4mu_massZ1_massZ2_genbin0_recobin6 acc 0.0515 eff 0.0 outinratio 0.0882 

ttH126_4mu_massZ1_massZ2_genbin0_recobin6 acc 0.045 eff 0.0013 outinratio 0.1532 

ggH126_4mu_massZ1_massZ2_genbin1_recobin6 acc 0.0359 eff 0.0523 outinratio 0.0615 

VBFH126_4mu_massZ1_massZ2_genbin1_recobin6 acc 0.0414 eff 0.0101 outinratio 0.0576 

WminusH126_4mu_massZ1_massZ2_genbin1_recobin6 acc 0.035 eff 0.0197 outinratio 0.0415 

WplusH126_4mu_massZ1_massZ2_genbin1_recobin6 acc 0.0285 eff 0.1458 outinratio 0.0815 

ZH126_4mu_massZ1_massZ2_genbin1_recobin6 acc 0.0356 eff 0.0172 outinratio 0.0882 

ttH126_4mu_massZ1_massZ2_genbin1_recobin6 acc 0.0295 eff 0.044 outinratio 0.1532 

ggH126_4mu_massZ1_massZ2_genbin2_recobin6 acc 0.0383 eff 0.0293 outinratio 0.0615 

VBFH126_4mu_massZ1_massZ2_genbin2_recobin6 acc 0.0386 eff 0.0401 outinratio 0.0576 

WminusH126_4mu_massZ1_massZ2_genbin2_recobin6 acc 0.0288 eff 0.0324 outinratio 0.0415 

WplusH126_4mu_massZ1_massZ2_genbin2_recobin6 acc 0.0311 eff 0.0047 outinratio 0.0815 

ZH126_4mu_massZ1_massZ2_genbin2_recobin6 acc 0.0262 eff 0.0 outinratio 0.0882 

ttH126_4mu_massZ1_massZ2_genbin2_recobin6 acc 0.029 eff 0.0333 outinratio 0.1532 

ggH126_4mu_massZ1_massZ2_genbin3_recobin6 acc 0.06 eff 0.0 outinratio 0.0615 

VBFH126_4mu_massZ1_massZ2_genbin3_recobin6 acc 0.055 eff 0.0 outinratio 0.0576 

WminusH126_4mu_massZ1_massZ2_genbin3_recobin6 acc 0.049 eff 0.0 outinratio 0.0415 

WplusH126_4mu_massZ1_massZ2_genbin3_recobin6 acc 0.046 eff 0.0 outinratio 0.0815 

ZH126_4mu_massZ1_massZ2_genbin3_recobin6 acc 0.0581 eff 0.0 outinratio 0.0882 

ttH126_4mu_massZ1_massZ2_genbin3_recobin6 acc 0.0452 eff 0.0 outinratio 0.1532 

ggH126_4mu_massZ1_massZ2_genbin4_recobin6 acc 0.1118 eff 0.0019 outinratio 0.0615 

VBFH126_4mu_massZ1_massZ2_genbin4_recobin6 acc 0.1384 eff 0.0 outinratio 0.0576 

WminusH126_4mu_massZ1_massZ2_genbin4_recobin6 acc 0.0957 eff 0.0 outinratio 0.0415 

WplusH126_4mu_massZ1_massZ2_genbin4_recobin6 acc 0.0798 eff 0.0 outinratio 0.0815 

ZH126_4mu_massZ1_massZ2_genbin4_recobin6 acc 0.1031 eff 0.0 outinratio 0.0882 

ttH126_4mu_massZ1_massZ2_genbin4_recobin6 acc 0.0919 eff 0.0013 outinratio 0.1532 

ggH126_4mu_massZ1_massZ2_genbin5_recobin6 acc 0.0447 eff 0.0326 outinratio 0.0615 

VBFH126_4mu_massZ1_massZ2_genbin5_recobin6 acc 0.0386 eff 0.049 outinratio 0.0576 

WminusH126_4mu_massZ1_massZ2_genbin5_recobin6 acc 0.0319 eff -0.0083 outinratio 0.0415 

WplusH126_4mu_massZ1_massZ2_genbin5_recobin6 acc 0.0342 eff 0.0412 outinratio 0.0815 

ZH126_4mu_massZ1_massZ2_genbin5_recobin6 acc 0.0356 eff 0.0646 outinratio 0.0882 

ttH126_4mu_massZ1_massZ2_genbin5_recobin6 acc 0.0343 eff 0.0284 outinratio 0.1532 

ggH126_4mu_massZ1_massZ2_genbin6_recobin6 acc 0.0845 eff 0.708 outinratio 0.0615 

VBFH126_4mu_massZ1_massZ2_genbin6_recobin6 acc 0.0981 eff 0.7223 outinratio 0.0576 

WminusH126_4mu_massZ1_massZ2_genbin6_recobin6 acc 0.0767 eff 0.619 outinratio 0.0415 

WplusH126_4mu_massZ1_massZ2_genbin6_recobin6 acc 0.0649 eff 0.6779 outinratio 0.0815 

ZH126_4mu_massZ1_massZ2_genbin6_recobin6 acc 0.0572 eff 0.8069 outinratio 0.0882 

ttH126_4mu_massZ1_massZ2_genbin6_recobin6 acc 0.0697 eff 0.6639 outinratio 0.1532 

ggH126_2e2mu_massZ1_massZ2_genbin0_recobin0 acc 0.045 eff 0.4496 outinratio 0.0614 

VBFH126_2e2mu_massZ1_massZ2_genbin0_recobin0 acc 0.0484 eff 0.5611 outinratio 0.0375 

WminusH126_2e2mu_massZ1_massZ2_genbin0_recobin0 acc 0.0427 eff 0.4201 outinratio 0.1395 

WplusH126_2e2mu_massZ1_massZ2_genbin0_recobin0 acc 0.0323 eff 0.5142 outinratio 0.0785 

ZH126_2e2mu_massZ1_massZ2_genbin0_recobin0 acc 0.0325 eff 0.4851 outinratio 0.021 

ttH126_2e2mu_massZ1_massZ2_genbin0_recobin0 acc 0.0354 eff 0.4779 outinratio 0.1709 

ggH126_2e2mu_massZ1_massZ2_genbin1_recobin0 acc 0.0317 eff 0.0464 outinratio 0.0614 

VBFH126_2e2mu_massZ1_massZ2_genbin1_recobin0 acc 0.0365 eff 0.0198 outinratio 0.0375 

WminusH126_2e2mu_massZ1_massZ2_genbin1_recobin0 acc 0.0265 eff 0.034 outinratio 0.1395 

WplusH126_2e2mu_massZ1_massZ2_genbin1_recobin0 acc 0.0242 eff 0.0561 outinratio 0.0785 

ZH126_2e2mu_massZ1_massZ2_genbin1_recobin0 acc 0.0253 eff 0.0479 outinratio 0.021 

ttH126_2e2mu_massZ1_massZ2_genbin1_recobin0 acc 0.025 eff 0.0159 outinratio 0.1709 

ggH126_2e2mu_massZ1_massZ2_genbin2_recobin0 acc 0.031 eff 0.0025 outinratio 0.0614 

VBFH126_2e2mu_massZ1_massZ2_genbin2_recobin0 acc 0.0271 eff 0.0 outinratio 0.0375 

WminusH126_2e2mu_massZ1_massZ2_genbin2_recobin0 acc 0.0345 eff 0.0 outinratio 0.1395 

WplusH126_2e2mu_massZ1_massZ2_genbin2_recobin0 acc 0.0254 eff 0.0 outinratio 0.0785 

ZH126_2e2mu_massZ1_massZ2_genbin2_recobin0 acc 0.0263 eff 0.0 outinratio 0.021 

ttH126_2e2mu_massZ1_massZ2_genbin2_recobin0 acc 0.0232 eff 0.0013 outinratio 0.1709 

ggH126_2e2mu_massZ1_massZ2_genbin3_recobin0 acc 0.0446 eff 0.0005 outinratio 0.0614 

VBFH126_2e2mu_massZ1_massZ2_genbin3_recobin0 acc 0.0484 eff 0.0 outinratio 0.0375 

WminusH126_2e2mu_massZ1_massZ2_genbin3_recobin0 acc 0.038 eff 0.0 outinratio 0.1395 

WplusH126_2e2mu_massZ1_massZ2_genbin3_recobin0 acc 0.0358 eff 0.0 outinratio 0.0785 

ZH126_2e2mu_massZ1_massZ2_genbin3_recobin0 acc 0.0315 eff 0.0 outinratio 0.021 

ttH126_2e2mu_massZ1_massZ2_genbin3_recobin0 acc 0.0309 eff 0.0009 outinratio 0.1709 

ggH126_2e2mu_massZ1_massZ2_genbin4_recobin0 acc 0.1095 eff 0.0796 outinratio 0.0614 

VBFH126_2e2mu_massZ1_massZ2_genbin4_recobin0 acc 0.1329 eff 0.1 outinratio 0.0375 

WminusH126_2e2mu_massZ1_massZ2_genbin4_recobin0 acc 0.0949 eff 0.0682 outinratio 0.1395 

WplusH126_2e2mu_massZ1_massZ2_genbin4_recobin0 acc 0.0894 eff 0.0694 outinratio 0.0785 

ZH126_2e2mu_massZ1_massZ2_genbin4_recobin0 acc 0.1093 eff 0.0898 outinratio 0.021 

ttH126_2e2mu_massZ1_massZ2_genbin4_recobin0 acc 0.0919 eff 0.0661 outinratio 0.1709 

ggH126_2e2mu_massZ1_massZ2_genbin5_recobin0 acc 0.0436 eff 0.0828 outinratio 0.0614 

VBFH126_2e2mu_massZ1_massZ2_genbin5_recobin0 acc 0.0487 eff 0.0649 outinratio 0.0375 

WminusH126_2e2mu_massZ1_massZ2_genbin5_recobin0 acc 0.0359 eff 0.1144 outinratio 0.1395 

WplusH126_2e2mu_massZ1_massZ2_genbin5_recobin0 acc 0.0334 eff 0.0635 outinratio 0.0785 

ZH126_2e2mu_massZ1_massZ2_genbin5_recobin0 acc 0.0346 eff 0.0832 outinratio 0.021 

ttH126_2e2mu_massZ1_massZ2_genbin5_recobin0 acc 0.0306 eff 0.0843 outinratio 0.1709 

ggH126_2e2mu_massZ1_massZ2_genbin6_recobin0 acc 0.0957 eff 0.0067 outinratio 0.0614 

VBFH126_2e2mu_massZ1_massZ2_genbin6_recobin0 acc 0.1025 eff 0.0035 outinratio 0.0375 

WminusH126_2e2mu_massZ1_massZ2_genbin6_recobin0 acc 0.0848 eff 0.0063 outinratio 0.1395 

WplusH126_2e2mu_massZ1_massZ2_genbin6_recobin0 acc 0.0719 eff 0.0 outinratio 0.0785 

ZH126_2e2mu_massZ1_massZ2_genbin6_recobin0 acc 0.0784 eff 0.0043 outinratio 0.021 

ttH126_2e2mu_massZ1_massZ2_genbin6_recobin0 acc 0.0698 eff 0.0027 outinratio 0.1709 

ggH126_2e2mu_massZ1_massZ2_genbin0_recobin1 acc 0.045 eff 0.0099 outinratio 0.0472 

VBFH126_2e2mu_massZ1_massZ2_genbin0_recobin1 acc 0.0484 eff 0.0018 outinratio 0.0108 

WminusH126_2e2mu_massZ1_massZ2_genbin0_recobin1 acc 0.0427 eff 0.0039 outinratio 0.0749 

WplusH126_2e2mu_massZ1_massZ2_genbin0_recobin1 acc 0.0323 eff 0.0051 outinratio 0.1208 

ZH126_2e2mu_massZ1_massZ2_genbin0_recobin1 acc 0.0325 eff 0.0083 outinratio 0.1168 

ttH126_2e2mu_massZ1_massZ2_genbin0_recobin1 acc 0.0354 eff 0.0133 outinratio 0.1594 

ggH126_2e2mu_massZ1_massZ2_genbin1_recobin1 acc 0.0317 eff 0.4493 outinratio 0.0472 

VBFH126_2e2mu_massZ1_massZ2_genbin1_recobin1 acc 0.0365 eff 0.5093 outinratio 0.0108 

WminusH126_2e2mu_massZ1_massZ2_genbin1_recobin1 acc 0.0265 eff 0.4654 outinratio 0.0749 

WplusH126_2e2mu_massZ1_massZ2_genbin1_recobin1 acc 0.0242 eff 0.4809 outinratio 0.1208 

ZH126_2e2mu_massZ1_massZ2_genbin1_recobin1 acc 0.0253 eff 0.4874 outinratio 0.1168 

ttH126_2e2mu_massZ1_massZ2_genbin1_recobin1 acc 0.025 eff 0.4316 outinratio 0.1594 

ggH126_2e2mu_massZ1_massZ2_genbin2_recobin1 acc 0.031 eff 0.0606 outinratio 0.0472 

VBFH126_2e2mu_massZ1_massZ2_genbin2_recobin1 acc 0.0271 eff 0.081 outinratio 0.0108 

WminusH126_2e2mu_massZ1_massZ2_genbin2_recobin1 acc 0.0345 eff 0.0658 outinratio 0.0749 

WplusH126_2e2mu_massZ1_massZ2_genbin2_recobin1 acc 0.0254 eff 0.0688 outinratio 0.1208 

ZH126_2e2mu_massZ1_massZ2_genbin2_recobin1 acc 0.0263 eff 0.0374 outinratio 0.1168 

ttH126_2e2mu_massZ1_massZ2_genbin2_recobin1 acc 0.0232 eff 0.0503 outinratio 0.1594 

ggH126_2e2mu_massZ1_massZ2_genbin3_recobin1 acc 0.0446 eff 0.0015 outinratio 0.0472 

VBFH126_2e2mu_massZ1_massZ2_genbin3_recobin1 acc 0.0484 eff 0.0 outinratio 0.0108 

WminusH126_2e2mu_massZ1_massZ2_genbin3_recobin1 acc 0.038 eff 0.0 outinratio 0.0749 

WplusH126_2e2mu_massZ1_massZ2_genbin3_recobin1 acc 0.0358 eff 0.0 outinratio 0.1208 

ZH126_2e2mu_massZ1_massZ2_genbin3_recobin1 acc 0.0315 eff 0.0 outinratio 0.1168 

ttH126_2e2mu_massZ1_massZ2_genbin3_recobin1 acc 0.0309 eff 0.0013 outinratio 0.1594 

ggH126_2e2mu_massZ1_massZ2_genbin4_recobin1 acc 0.1095 eff 0.0001 outinratio 0.0472 

VBFH126_2e2mu_massZ1_massZ2_genbin4_recobin1 acc 0.1329 eff 0.0 outinratio 0.0108 

WminusH126_2e2mu_massZ1_massZ2_genbin4_recobin1 acc 0.0949 eff 0.0 outinratio 0.0749 

WplusH126_2e2mu_massZ1_massZ2_genbin4_recobin1 acc 0.0894 eff 0.0 outinratio 0.1208 

ZH126_2e2mu_massZ1_massZ2_genbin4_recobin1 acc 0.1093 eff 0.0 outinratio 0.1168 

ttH126_2e2mu_massZ1_massZ2_genbin4_recobin1 acc 0.0919 eff 0.0 outinratio 0.1594 

ggH126_2e2mu_massZ1_massZ2_genbin5_recobin1 acc 0.0436 eff 0.0064 outinratio 0.0472 

VBFH126_2e2mu_massZ1_massZ2_genbin5_recobin1 acc 0.0487 eff 0.0108 outinratio 0.0108 

WminusH126_2e2mu_massZ1_massZ2_genbin5_recobin1 acc 0.0359 eff 0.0 outinratio 0.0749 

WplusH126_2e2mu_massZ1_massZ2_genbin5_recobin1 acc 0.0334 eff 0.0133 outinratio 0.1208 

ZH126_2e2mu_massZ1_massZ2_genbin5_recobin1 acc 0.0346 eff 0.0096 outinratio 0.1168 

ttH126_2e2mu_massZ1_massZ2_genbin5_recobin1 acc 0.0306 eff 0.0041 outinratio 0.1594 

ggH126_2e2mu_massZ1_massZ2_genbin6_recobin1 acc 0.0957 eff 0.0841 outinratio 0.0472 

VBFH126_2e2mu_massZ1_massZ2_genbin6_recobin1 acc 0.1025 eff 0.1026 outinratio 0.0108 

WminusH126_2e2mu_massZ1_massZ2_genbin6_recobin1 acc 0.0848 eff 0.0885 outinratio 0.0749 

WplusH126_2e2mu_massZ1_massZ2_genbin6_recobin1 acc 0.0719 eff 0.094 outinratio 0.1208 

ZH126_2e2mu_massZ1_massZ2_genbin6_recobin1 acc 0.0784 eff 0.0474 outinratio 0.1168 

ttH126_2e2mu_massZ1_massZ2_genbin6_recobin1 acc 0.0698 eff 0.0649 outinratio 0.1594 

ggH126_2e2mu_massZ1_massZ2_genbin0_recobin2 acc 0.045 eff 0.0 outinratio 0.0204 

VBFH126_2e2mu_massZ1_massZ2_genbin0_recobin2 acc 0.0484 eff 0.0 outinratio 0.0388 

WminusH126_2e2mu_massZ1_massZ2_genbin0_recobin2 acc 0.0427 eff 0.0 outinratio 0.101 

WplusH126_2e2mu_massZ1_massZ2_genbin0_recobin2 acc 0.0323 eff 0.0 outinratio 0.1361 

ZH126_2e2mu_massZ1_massZ2_genbin0_recobin2 acc 0.0325 eff 0.0 outinratio 0.0996 

ttH126_2e2mu_massZ1_massZ2_genbin0_recobin2 acc 0.0354 eff 0.0006 outinratio 0.2166 

ggH126_2e2mu_massZ1_massZ2_genbin1_recobin2 acc 0.0317 eff 0.0206 outinratio 0.0204 

VBFH126_2e2mu_massZ1_massZ2_genbin1_recobin2 acc 0.0365 eff 0.0163 outinratio 0.0388 

WminusH126_2e2mu_massZ1_massZ2_genbin1_recobin2 acc 0.0265 eff 0.0158 outinratio 0.101 

WplusH126_2e2mu_massZ1_massZ2_genbin1_recobin2 acc 0.0242 eff 0.023 outinratio 0.1361 

ZH126_2e2mu_massZ1_massZ2_genbin1_recobin2 acc 0.0253 eff 0.0328 outinratio 0.0996 

ttH126_2e2mu_massZ1_massZ2_genbin1_recobin2 acc 0.025 eff 0.0201 outinratio 0.2166 

ggH126_2e2mu_massZ1_massZ2_genbin2_recobin2 acc 0.031 eff 0.4168 outinratio 0.0204 

VBFH126_2e2mu_massZ1_massZ2_genbin2_recobin2 acc 0.0271 eff 0.359 outinratio 0.0388 

WminusH126_2e2mu_massZ1_massZ2_genbin2_recobin2 acc 0.0345 eff 0.4192 outinratio 0.101 

WplusH126_2e2mu_massZ1_massZ2_genbin2_recobin2 acc 0.0254 eff 0.3889 outinratio 0.1361 

ZH126_2e2mu_massZ1_massZ2_genbin2_recobin2 acc 0.0263 eff 0.4886 outinratio 0.0996 

ttH126_2e2mu_massZ1_massZ2_genbin2_recobin2 acc 0.0232 eff 0.4342 outinratio 0.2166 

ggH126_2e2mu_massZ1_massZ2_genbin3_recobin2 acc 0.0446 eff 0.0221 outinratio 0.0204 

VBFH126_2e2mu_massZ1_massZ2_genbin3_recobin2 acc 0.0484 eff 0.0306 outinratio 0.0388 

WminusH126_2e2mu_massZ1_massZ2_genbin3_recobin2 acc 0.038 eff 0.0217 outinratio 0.101 

WplusH126_2e2mu_massZ1_massZ2_genbin3_recobin2 acc 0.0358 eff 0.0353 outinratio 0.1361 

ZH126_2e2mu_massZ1_massZ2_genbin3_recobin2 acc 0.0315 eff 0.0217 outinratio 0.0996 

ttH126_2e2mu_massZ1_massZ2_genbin3_recobin2 acc 0.0309 eff 0.036 outinratio 0.2166 

ggH126_2e2mu_massZ1_massZ2_genbin4_recobin2 acc 0.1095 eff 0.0004 outinratio 0.0204 

VBFH126_2e2mu_massZ1_massZ2_genbin4_recobin2 acc 0.1329 eff 0.0 outinratio 0.0388 

WminusH126_2e2mu_massZ1_massZ2_genbin4_recobin2 acc 0.0949 eff 0.0 outinratio 0.101 

WplusH126_2e2mu_massZ1_massZ2_genbin4_recobin2 acc 0.0894 eff 0.0 outinratio 0.1361 

ZH126_2e2mu_massZ1_massZ2_genbin4_recobin2 acc 0.1093 eff 0.0 outinratio 0.0996 

ttH126_2e2mu_massZ1_massZ2_genbin4_recobin2 acc 0.0919 eff 0.0 outinratio 0.2166 

ggH126_2e2mu_massZ1_massZ2_genbin5_recobin2 acc 0.0436 eff 0.0 outinratio 0.0204 

VBFH126_2e2mu_massZ1_massZ2_genbin5_recobin2 acc 0.0487 eff 0.0 outinratio 0.0388 

WminusH126_2e2mu_massZ1_massZ2_genbin5_recobin2 acc 0.0359 eff 0.0 outinratio 0.101 

WplusH126_2e2mu_massZ1_massZ2_genbin5_recobin2 acc 0.0334 eff 0.0 outinratio 0.1361 

ZH126_2e2mu_massZ1_massZ2_genbin5_recobin2 acc 0.0346 eff 0.0 outinratio 0.0996 

ttH126_2e2mu_massZ1_massZ2_genbin5_recobin2 acc 0.0306 eff 0.0007 outinratio 0.2166 

ggH126_2e2mu_massZ1_massZ2_genbin6_recobin2 acc 0.0957 eff 0.0189 outinratio 0.0204 

VBFH126_2e2mu_massZ1_massZ2_genbin6_recobin2 acc 0.1025 eff 0.0301 outinratio 0.0388 

WminusH126_2e2mu_massZ1_massZ2_genbin6_recobin2 acc 0.0848 eff 0.0136 outinratio 0.101 

WplusH126_2e2mu_massZ1_massZ2_genbin6_recobin2 acc 0.0719 eff 0.017 outinratio 0.1361 

ZH126_2e2mu_massZ1_massZ2_genbin6_recobin2 acc 0.0784 eff 0.0321 outinratio 0.0996 

ttH126_2e2mu_massZ1_massZ2_genbin6_recobin2 acc 0.0698 eff 0.01 outinratio 0.2166 

ggH126_2e2mu_massZ1_massZ2_genbin0_recobin3 acc 0.045 eff 0.0 outinratio 0.0455 

VBFH126_2e2mu_massZ1_massZ2_genbin0_recobin3 acc 0.0484 eff 0.0 outinratio 0.0867 

WminusH126_2e2mu_massZ1_massZ2_genbin0_recobin3 acc 0.0427 eff 0.0 outinratio 0.0724 

WplusH126_2e2mu_massZ1_massZ2_genbin0_recobin3 acc 0.0323 eff 0.0 outinratio 0.0666 

ZH126_2e2mu_massZ1_massZ2_genbin0_recobin3 acc 0.0325 eff 0.0 outinratio 0.1478 

ttH126_2e2mu_massZ1_massZ2_genbin0_recobin3 acc 0.0354 eff 0.0 outinratio 0.2351 

ggH126_2e2mu_massZ1_massZ2_genbin1_recobin3 acc 0.0317 eff 0.0012 outinratio 0.0455 

VBFH126_2e2mu_massZ1_massZ2_genbin1_recobin3 acc 0.0365 eff 0.0056 outinratio 0.0867 

WminusH126_2e2mu_massZ1_massZ2_genbin1_recobin3 acc 0.0265 eff 0.0 outinratio 0.0724 

WplusH126_2e2mu_massZ1_massZ2_genbin1_recobin3 acc 0.0242 eff 0.0 outinratio 0.0666 

ZH126_2e2mu_massZ1_massZ2_genbin1_recobin3 acc 0.0253 eff 0.0 outinratio 0.1478 

ttH126_2e2mu_massZ1_massZ2_genbin1_recobin3 acc 0.025 eff 0.0008 outinratio 0.2351 

ggH126_2e2mu_massZ1_massZ2_genbin2_recobin3 acc 0.031 eff 0.0227 outinratio 0.0455 

VBFH126_2e2mu_massZ1_massZ2_genbin2_recobin3 acc 0.0271 eff 0.0 outinratio 0.0867 

WminusH126_2e2mu_massZ1_massZ2_genbin2_recobin3 acc 0.0345 eff 0.0592 outinratio 0.0724 

WplusH126_2e2mu_massZ1_massZ2_genbin2_recobin3 acc 0.0254 eff 0.0474 outinratio 0.0666 

ZH126_2e2mu_massZ1_massZ2_genbin2_recobin3 acc 0.0263 eff 0.0217 outinratio 0.1478 

ttH126_2e2mu_massZ1_massZ2_genbin2_recobin3 acc 0.0232 eff 0.02 outinratio 0.2351 

ggH126_2e2mu_massZ1_massZ2_genbin3_recobin3 acc 0.0446 eff 0.5278 outinratio 0.0455 

VBFH126_2e2mu_massZ1_massZ2_genbin3_recobin3 acc 0.0484 eff 0.4745 outinratio 0.0867 

WminusH126_2e2mu_massZ1_massZ2_genbin3_recobin3 acc 0.038 eff 0.5398 outinratio 0.0724 

WplusH126_2e2mu_massZ1_massZ2_genbin3_recobin3 acc 0.0358 eff 0.545 outinratio 0.0666 

ZH126_2e2mu_massZ1_massZ2_genbin3_recobin3 acc 0.0315 eff 0.4526 outinratio 0.1478 

ttH126_2e2mu_massZ1_massZ2_genbin3_recobin3 acc 0.0309 eff 0.5146 outinratio 0.2351 

ggH126_2e2mu_massZ1_massZ2_genbin4_recobin3 acc 0.1095 eff 0.0 outinratio 0.0455 

VBFH126_2e2mu_massZ1_massZ2_genbin4_recobin3 acc 0.1329 eff 0.0 outinratio 0.0867 

WminusH126_2e2mu_massZ1_massZ2_genbin4_recobin3 acc 0.0949 eff 0.0 outinratio 0.0724 

WplusH126_2e2mu_massZ1_massZ2_genbin4_recobin3 acc 0.0894 eff 0.0 outinratio 0.0666 

ZH126_2e2mu_massZ1_massZ2_genbin4_recobin3 acc 0.1093 eff 0.0 outinratio 0.1478 

ttH126_2e2mu_massZ1_massZ2_genbin4_recobin3 acc 0.0919 eff 0.0 outinratio 0.2351 

ggH126_2e2mu_massZ1_massZ2_genbin5_recobin3 acc 0.0436 eff 0.0 outinratio 0.0455 

VBFH126_2e2mu_massZ1_massZ2_genbin5_recobin3 acc 0.0487 eff 0.0 outinratio 0.0867 

WminusH126_2e2mu_massZ1_massZ2_genbin5_recobin3 acc 0.0359 eff 0.0 outinratio 0.0724 

WplusH126_2e2mu_massZ1_massZ2_genbin5_recobin3 acc 0.0334 eff 0.0 outinratio 0.0666 

ZH126_2e2mu_massZ1_massZ2_genbin5_recobin3 acc 0.0346 eff 0.0 outinratio 0.1478 

ttH126_2e2mu_massZ1_massZ2_genbin5_recobin3 acc 0.0306 eff 0.0 outinratio 0.2351 

ggH126_2e2mu_massZ1_massZ2_genbin6_recobin3 acc 0.0957 eff 0.0005 outinratio 0.0455 

VBFH126_2e2mu_massZ1_massZ2_genbin6_recobin3 acc 0.1025 eff 0.0 outinratio 0.0867 

WminusH126_2e2mu_massZ1_massZ2_genbin6_recobin3 acc 0.0848 eff 0.0016 outinratio 0.0724 

WplusH126_2e2mu_massZ1_massZ2_genbin6_recobin3 acc 0.0719 eff 0.0 outinratio 0.0666 

ZH126_2e2mu_massZ1_massZ2_genbin6_recobin3 acc 0.0784 eff 0.0 outinratio 0.1478 

ttH126_2e2mu_massZ1_massZ2_genbin6_recobin3 acc 0.0698 eff 0.0 outinratio 0.2351 

ggH126_2e2mu_massZ1_massZ2_genbin0_recobin4 acc 0.045 eff 0.0297 outinratio 0.0503 

VBFH126_2e2mu_massZ1_massZ2_genbin0_recobin4 acc 0.0484 eff 0.0462 outinratio 0.0317 

WminusH126_2e2mu_massZ1_massZ2_genbin0_recobin4 acc 0.0427 eff 0.0227 outinratio 0.0735 

WplusH126_2e2mu_massZ1_massZ2_genbin0_recobin4 acc 0.0323 eff 0.0225 outinratio 0.0549 

ZH126_2e2mu_massZ1_massZ2_genbin0_recobin4 acc 0.0325 eff 0.0149 outinratio 0.0106 

ttH126_2e2mu_massZ1_massZ2_genbin0_recobin4 acc 0.0354 eff 0.0276 outinratio 0.1702 

ggH126_2e2mu_massZ1_massZ2_genbin1_recobin4 acc 0.0317 eff 0.0 outinratio 0.0503 

VBFH126_2e2mu_massZ1_massZ2_genbin1_recobin4 acc 0.0365 eff 0.0 outinratio 0.0317 

WminusH126_2e2mu_massZ1_massZ2_genbin1_recobin4 acc 0.0265 eff 0.0 outinratio 0.0735 

WplusH126_2e2mu_massZ1_massZ2_genbin1_recobin4 acc 0.0242 eff 0.0 outinratio 0.0549 

ZH126_2e2mu_massZ1_massZ2_genbin1_recobin4 acc 0.0253 eff 0.0 outinratio 0.0106 

ttH126_2e2mu_massZ1_massZ2_genbin1_recobin4 acc 0.025 eff 0.0 outinratio 0.1702 

ggH126_2e2mu_massZ1_massZ2_genbin2_recobin4 acc 0.031 eff 0.0 outinratio 0.0503 

VBFH126_2e2mu_massZ1_massZ2_genbin2_recobin4 acc 0.0271 eff 0.0 outinratio 0.0317 

WminusH126_2e2mu_massZ1_massZ2_genbin2_recobin4 acc 0.0345 eff 0.0 outinratio 0.0735 

WplusH126_2e2mu_massZ1_massZ2_genbin2_recobin4 acc 0.0254 eff 0.0 outinratio 0.0549 

ZH126_2e2mu_massZ1_massZ2_genbin2_recobin4 acc 0.0263 eff 0.0 outinratio 0.0106 

ttH126_2e2mu_massZ1_massZ2_genbin2_recobin4 acc 0.0232 eff 0.0 outinratio 0.1702 

ggH126_2e2mu_massZ1_massZ2_genbin3_recobin4 acc 0.0446 eff 0.0 outinratio 0.0503 

VBFH126_2e2mu_massZ1_massZ2_genbin3_recobin4 acc 0.0484 eff 0.0 outinratio 0.0317 

WminusH126_2e2mu_massZ1_massZ2_genbin3_recobin4 acc 0.038 eff 0.0 outinratio 0.0735 

WplusH126_2e2mu_massZ1_massZ2_genbin3_recobin4 acc 0.0358 eff 0.0 outinratio 0.0549 

ZH126_2e2mu_massZ1_massZ2_genbin3_recobin4 acc 0.0315 eff 0.0 outinratio 0.0106 

ttH126_2e2mu_massZ1_massZ2_genbin3_recobin4 acc 0.0309 eff 0.0 outinratio 0.1702 

ggH126_2e2mu_massZ1_massZ2_genbin4_recobin4 acc 0.1095 eff 0.3963 outinratio 0.0503 

VBFH126_2e2mu_massZ1_massZ2_genbin4_recobin4 acc 0.1329 eff 0.4228 outinratio 0.0317 

WminusH126_2e2mu_massZ1_massZ2_genbin4_recobin4 acc 0.0949 eff 0.435 outinratio 0.0735 

WplusH126_2e2mu_massZ1_massZ2_genbin4_recobin4 acc 0.0894 eff 0.4473 outinratio 0.0549 

ZH126_2e2mu_massZ1_massZ2_genbin4_recobin4 acc 0.1093 eff 0.4552 outinratio 0.0106 

ttH126_2e2mu_massZ1_massZ2_genbin4_recobin4 acc 0.0919 eff 0.4188 outinratio 0.1702 

ggH126_2e2mu_massZ1_massZ2_genbin5_recobin4 acc 0.0436 eff 0.0451 outinratio 0.0503 

VBFH126_2e2mu_massZ1_massZ2_genbin5_recobin4 acc 0.0487 eff 0.0404 outinratio 0.0317 

WminusH126_2e2mu_massZ1_massZ2_genbin5_recobin4 acc 0.0359 eff 0.0636 outinratio 0.0735 

WplusH126_2e2mu_massZ1_massZ2_genbin5_recobin4 acc 0.0334 eff 0.0864 outinratio 0.0549 

ZH126_2e2mu_massZ1_massZ2_genbin5_recobin4 acc 0.0346 eff 0.0183 outinratio 0.0106 

ttH126_2e2mu_massZ1_massZ2_genbin5_recobin4 acc 0.0306 eff 0.0496 outinratio 0.1702 

ggH126_2e2mu_massZ1_massZ2_genbin6_recobin4 acc 0.0957 eff 0.0051 outinratio 0.0503 

VBFH126_2e2mu_massZ1_massZ2_genbin6_recobin4 acc 0.1025 eff 0.0009 outinratio 0.0317 

WminusH126_2e2mu_massZ1_massZ2_genbin6_recobin4 acc 0.0848 eff 0.0021 outinratio 0.0735 

WplusH126_2e2mu_massZ1_massZ2_genbin6_recobin4 acc 0.0719 eff 0.015 outinratio 0.0549 

ZH126_2e2mu_massZ1_massZ2_genbin6_recobin4 acc 0.0784 eff 0.0 outinratio 0.0106 

ttH126_2e2mu_massZ1_massZ2_genbin6_recobin4 acc 0.0698 eff 0.0022 outinratio 0.1702 

ggH126_2e2mu_massZ1_massZ2_genbin0_recobin5 acc 0.045 eff 0.0085 outinratio 0.0453 

VBFH126_2e2mu_massZ1_massZ2_genbin0_recobin5 acc 0.0484 eff 0.008 outinratio 0.0279 

WminusH126_2e2mu_massZ1_massZ2_genbin0_recobin5 acc 0.0427 eff 0.0049 outinratio 0.0608 

WplusH126_2e2mu_massZ1_massZ2_genbin0_recobin5 acc 0.0323 eff 0.0183 outinratio 0.0865 

ZH126_2e2mu_massZ1_massZ2_genbin0_recobin5 acc 0.0325 eff 0.0206 outinratio 0.0 

ttH126_2e2mu_massZ1_massZ2_genbin0_recobin5 acc 0.0354 eff 0.0133 outinratio 0.2285 

ggH126_2e2mu_massZ1_massZ2_genbin1_recobin5 acc 0.0317 eff 0.0032 outinratio 0.0453 

VBFH126_2e2mu_massZ1_massZ2_genbin1_recobin5 acc 0.0365 eff 0.0049 outinratio 0.0279 

WminusH126_2e2mu_massZ1_massZ2_genbin1_recobin5 acc 0.0265 eff 0.0 outinratio 0.0608 

WplusH126_2e2mu_massZ1_massZ2_genbin1_recobin5 acc 0.0242 eff 0.0 outinratio 0.0865 

ZH126_2e2mu_massZ1_massZ2_genbin1_recobin5 acc 0.0253 eff 0.0 outinratio 0.0 

ttH126_2e2mu_massZ1_massZ2_genbin1_recobin5 acc 0.025 eff 0.0014 outinratio 0.2285 

ggH126_2e2mu_massZ1_massZ2_genbin2_recobin5 acc 0.031 eff 0.0 outinratio 0.0453 

VBFH126_2e2mu_massZ1_massZ2_genbin2_recobin5 acc 0.0271 eff 0.0 outinratio 0.0279 

WminusH126_2e2mu_massZ1_massZ2_genbin2_recobin5 acc 0.0345 eff 0.0 outinratio 0.0608 

WplusH126_2e2mu_massZ1_massZ2_genbin2_recobin5 acc 0.0254 eff 0.0 outinratio 0.0865 

ZH126_2e2mu_massZ1_massZ2_genbin2_recobin5 acc 0.0263 eff 0.0 outinratio 0.0 

ttH126_2e2mu_massZ1_massZ2_genbin2_recobin5 acc 0.0232 eff 0.0004 outinratio 0.2285 

ggH126_2e2mu_massZ1_massZ2_genbin3_recobin5 acc 0.0446 eff 0.0 outinratio 0.0453 

VBFH126_2e2mu_massZ1_massZ2_genbin3_recobin5 acc 0.0484 eff 0.0 outinratio 0.0279 

WminusH126_2e2mu_massZ1_massZ2_genbin3_recobin5 acc 0.038 eff 0.0 outinratio 0.0608 

WplusH126_2e2mu_massZ1_massZ2_genbin3_recobin5 acc 0.0358 eff 0.0 outinratio 0.0865 

ZH126_2e2mu_massZ1_massZ2_genbin3_recobin5 acc 0.0315 eff 0.0 outinratio 0.0 

ttH126_2e2mu_massZ1_massZ2_genbin3_recobin5 acc 0.0309 eff 0.0 outinratio 0.2285 

ggH126_2e2mu_massZ1_massZ2_genbin4_recobin5 acc 0.1095 eff 0.0097 outinratio 0.0453 

VBFH126_2e2mu_massZ1_massZ2_genbin4_recobin5 acc 0.1329 eff 0.0064 outinratio 0.0279 

WminusH126_2e2mu_massZ1_massZ2_genbin4_recobin5 acc 0.0949 eff 0.0087 outinratio 0.0608 

WplusH126_2e2mu_massZ1_massZ2_genbin4_recobin5 acc 0.0894 eff 0.0045 outinratio 0.0865 

ZH126_2e2mu_massZ1_massZ2_genbin4_recobin5 acc 0.1093 eff 0.0029 outinratio 0.0 

ttH126_2e2mu_massZ1_massZ2_genbin4_recobin5 acc 0.0919 eff 0.0072 outinratio 0.2285 

ggH126_2e2mu_massZ1_massZ2_genbin5_recobin5 acc 0.0436 eff 0.3731 outinratio 0.0453 

VBFH126_2e2mu_massZ1_massZ2_genbin5_recobin5 acc 0.0487 eff 0.3313 outinratio 0.0279 

WminusH126_2e2mu_massZ1_massZ2_genbin5_recobin5 acc 0.0359 eff 0.3113 outinratio 0.0608 

WplusH126_2e2mu_massZ1_massZ2_genbin5_recobin5 acc 0.0334 eff 0.3309 outinratio 0.0865 

ZH126_2e2mu_massZ1_massZ2_genbin5_recobin5 acc 0.0346 eff 0.2877 outinratio 0.0 

ttH126_2e2mu_massZ1_massZ2_genbin5_recobin5 acc 0.0306 eff 0.3499 outinratio 0.2285 

ggH126_2e2mu_massZ1_massZ2_genbin6_recobin5 acc 0.0957 eff 0.0309 outinratio 0.0453 

VBFH126_2e2mu_massZ1_massZ2_genbin6_recobin5 acc 0.1025 eff 0.0349 outinratio 0.0279 

WminusH126_2e2mu_massZ1_massZ2_genbin6_recobin5 acc 0.0848 eff 0.037 outinratio 0.0608 

WplusH126_2e2mu_massZ1_massZ2_genbin6_recobin5 acc 0.0719 eff 0.0316 outinratio 0.0865 

ZH126_2e2mu_massZ1_massZ2_genbin6_recobin5 acc 0.0784 eff 0.0231 outinratio 0.0 

ttH126_2e2mu_massZ1_massZ2_genbin6_recobin5 acc 0.0698 eff 0.0331 outinratio 0.2285 

ggH126_2e2mu_massZ1_massZ2_genbin0_recobin6 acc 0.045 eff 0.0007 outinratio 0.0738 

VBFH126_2e2mu_massZ1_massZ2_genbin0_recobin6 acc 0.0484 eff 0.0 outinratio 0.0727 

WminusH126_2e2mu_massZ1_massZ2_genbin0_recobin6 acc 0.0427 eff 0.001 outinratio 0.0525 

WplusH126_2e2mu_massZ1_massZ2_genbin0_recobin6 acc 0.0323 eff 0.0 outinratio 0.0786 

ZH126_2e2mu_massZ1_massZ2_genbin0_recobin6 acc 0.0325 eff 0.0 outinratio 0.0703 

ttH126_2e2mu_massZ1_massZ2_genbin0_recobin6 acc 0.0354 eff 0.0007 outinratio 0.189 

ggH126_2e2mu_massZ1_massZ2_genbin1_recobin6 acc 0.0317 eff 0.0302 outinratio 0.0738 

VBFH126_2e2mu_massZ1_massZ2_genbin1_recobin6 acc 0.0365 eff 0.0163 outinratio 0.0727 

WminusH126_2e2mu_massZ1_massZ2_genbin1_recobin6 acc 0.0265 eff 0.0698 outinratio 0.0525 

WplusH126_2e2mu_massZ1_massZ2_genbin1_recobin6 acc 0.0242 eff 0.0398 outinratio 0.0786 

ZH126_2e2mu_massZ1_massZ2_genbin1_recobin6 acc 0.0253 eff 0.0408 outinratio 0.0703 

ttH126_2e2mu_massZ1_massZ2_genbin1_recobin6 acc 0.025 eff 0.0495 outinratio 0.189 

ggH126_2e2mu_massZ1_massZ2_genbin2_recobin6 acc 0.031 eff 0.0311 outinratio 0.0738 

VBFH126_2e2mu_massZ1_massZ2_genbin2_recobin6 acc 0.0271 eff 0.0607 outinratio 0.0727 

WminusH126_2e2mu_massZ1_massZ2_genbin2_recobin6 acc 0.0345 eff 0.0308 outinratio 0.0525 

WplusH126_2e2mu_massZ1_massZ2_genbin2_recobin6 acc 0.0254 eff 0.0211 outinratio 0.0786 

ZH126_2e2mu_massZ1_massZ2_genbin2_recobin6 acc 0.0263 eff 0.0396 outinratio 0.0703 

ttH126_2e2mu_massZ1_massZ2_genbin2_recobin6 acc 0.0232 eff 0.0214 outinratio 0.189 

ggH126_2e2mu_massZ1_massZ2_genbin3_recobin6 acc 0.0446 eff 0.0 outinratio 0.0738 

VBFH126_2e2mu_massZ1_massZ2_genbin3_recobin6 acc 0.0484 eff 0.0 outinratio 0.0727 

WminusH126_2e2mu_massZ1_massZ2_genbin3_recobin6 acc 0.038 eff 0.0 outinratio 0.0525 

WplusH126_2e2mu_massZ1_massZ2_genbin3_recobin6 acc 0.0358 eff 0.0 outinratio 0.0786 

ZH126_2e2mu_massZ1_massZ2_genbin3_recobin6 acc 0.0315 eff 0.0 outinratio 0.0703 

ttH126_2e2mu_massZ1_massZ2_genbin3_recobin6 acc 0.0309 eff 0.0 outinratio 0.189 

ggH126_2e2mu_massZ1_massZ2_genbin4_recobin6 acc 0.1095 eff 0.0019 outinratio 0.0738 

VBFH126_2e2mu_massZ1_massZ2_genbin4_recobin6 acc 0.1329 eff 0.0 outinratio 0.0727 

WminusH126_2e2mu_massZ1_massZ2_genbin4_recobin6 acc 0.0949 eff 0.0014 outinratio 0.0525 

WplusH126_2e2mu_massZ1_massZ2_genbin4_recobin6 acc 0.0894 eff 0.0 outinratio 0.0786 

ZH126_2e2mu_massZ1_massZ2_genbin4_recobin6 acc 0.1093 eff 0.0 outinratio 0.0703 

ttH126_2e2mu_massZ1_massZ2_genbin4_recobin6 acc 0.0919 eff 0.001 outinratio 0.189 

ggH126_2e2mu_massZ1_massZ2_genbin5_recobin6 acc 0.0436 eff 0.0296 outinratio 0.0738 

VBFH126_2e2mu_massZ1_massZ2_genbin5_recobin6 acc 0.0487 eff 0.0174 outinratio 0.0727 

WminusH126_2e2mu_massZ1_massZ2_genbin5_recobin6 acc 0.0359 eff 0.0157 outinratio 0.0525 

WplusH126_2e2mu_massZ1_massZ2_genbin5_recobin6 acc 0.0334 eff 0.0198 outinratio 0.0786 

ZH126_2e2mu_massZ1_massZ2_genbin5_recobin6 acc 0.0346 eff 0.0009 outinratio 0.0703 

ttH126_2e2mu_massZ1_massZ2_genbin5_recobin6 acc 0.0306 eff 0.03 outinratio 0.189 

ggH126_2e2mu_massZ1_massZ2_genbin6_recobin6 acc 0.0957 eff 0.3665 outinratio 0.0738 

VBFH126_2e2mu_massZ1_massZ2_genbin6_recobin6 acc 0.1025 eff 0.3641 outinratio 0.0727 

WminusH126_2e2mu_massZ1_massZ2_genbin6_recobin6 acc 0.0848 eff 0.3489 outinratio 0.0525 

WplusH126_2e2mu_massZ1_massZ2_genbin6_recobin6 acc 0.0719 eff 0.3563 outinratio 0.0786 

ZH126_2e2mu_massZ1_massZ2_genbin6_recobin6 acc 0.0784 eff 0.3794 outinratio 0.0703 

ttH126_2e2mu_massZ1_massZ2_genbin6_recobin6 acc 0.0698 eff 0.399 outinratio 0.189 

Coeff fullNNLOPS
