Welcome in RunCoefficients!
OPT SPLIT
DEBUG opt.YEAR = 2022_1
It is a single-differential measurement, binning [-100.0, 0.0, 12.0, 28.0, 40.0, 85.0, 10000.0]
pTHj
Following observables extracted from dictionary: RECO =  pTHj  GEN =  GENpTHj
LUMI: 1.9951
ttH126 0.00016778593
Processing ggH126 2022_1
Signal created
Signal failed created
Processing VBFH126 2022_1
Signal created
Signal failed created
Processing WminusH126 2022_1
Signal created
Signal failed created
Processing WplusH126 2022_1
Signal created
Signal failed created
Processing ZH126 2022_1
Signal created
Signal failed created
Processing ttH126 2022_1
Signal created
Signal failed created
2022_1 SKIMMED df CREATED
2022_1 ggH126
2022_1 VBFH126
2022_1 WminusH126
2022_1 WplusH126
2022_1 ZH126
2022_1 ttH126
Dataframes created successfully
Coeff std
ggH126_4l_pTHj_genbin0_recobin0 acc 0.2925 eff 0.4319 outinratio 0.0084 

VBFH126_4l_pTHj_genbin0_recobin0 acc 0.074 eff 0.3513 outinratio 0.0146 

WminusH126_4l_pTHj_genbin0_recobin0 acc 0.1011 eff 0.3412 outinratio 0.0313 

WplusH126_4l_pTHj_genbin0_recobin0 acc 0.0877 eff 0.3572 outinratio 0.0299 

ZH126_4l_pTHj_genbin0_recobin0 acc 0.0847 eff 0.421 outinratio 0.0781 

ttH126_4l_pTHj_genbin0_recobin0 acc 0.0018 eff 0.0787 outinratio 0.0 

ggH126_4l_pTHj_genbin1_recobin0 acc 0.0266 eff 0.0568 outinratio 0.0084 

VBFH126_4l_pTHj_genbin1_recobin0 acc 0.0239 eff 0.0345 outinratio 0.0146 

WminusH126_4l_pTHj_genbin1_recobin0 acc 0.0173 eff 0.0264 outinratio 0.0313 

WplusH126_4l_pTHj_genbin1_recobin0 acc 0.0149 eff 0.0262 outinratio 0.0299 

ZH126_4l_pTHj_genbin1_recobin0 acc 0.0156 eff 0.0231 outinratio 0.0781 

ttH126_4l_pTHj_genbin1_recobin0 acc 0.004 eff 0.0 outinratio 0.0 

ggH126_4l_pTHj_genbin2_recobin0 acc 0.0473 eff 0.0621 outinratio 0.0084 

VBFH126_4l_pTHj_genbin2_recobin0 acc 0.0781 eff 0.0302 outinratio 0.0146 

WminusH126_4l_pTHj_genbin2_recobin0 acc 0.0606 eff 0.0281 outinratio 0.0313 

WplusH126_4l_pTHj_genbin2_recobin0 acc 0.0518 eff 0.0238 outinratio 0.0299 

ZH126_4l_pTHj_genbin2_recobin0 acc 0.0519 eff 0.0355 outinratio 0.0781 

ttH126_4l_pTHj_genbin2_recobin0 acc 0.0169 eff 0.0 outinratio 0.0 

ggH126_4l_pTHj_genbin3_recobin0 acc 0.0261 eff 0.038 outinratio 0.0084 

VBFH126_4l_pTHj_genbin3_recobin0 acc 0.0739 eff 0.023 outinratio 0.0146 

WminusH126_4l_pTHj_genbin3_recobin0 acc 0.0529 eff 0.0194 outinratio 0.0313 

WplusH126_4l_pTHj_genbin3_recobin0 acc 0.0468 eff 0.0199 outinratio 0.0299 

ZH126_4l_pTHj_genbin3_recobin0 acc 0.0536 eff 0.0245 outinratio 0.0781 

ttH126_4l_pTHj_genbin3_recobin0 acc 0.0186 eff 0.0023 outinratio 0.0 

ggH126_4l_pTHj_genbin4_recobin0 acc 0.0412 eff 0.0272 outinratio 0.0084 

VBFH126_4l_pTHj_genbin4_recobin0 acc 0.1764 eff 0.0156 outinratio 0.0146 

WminusH126_4l_pTHj_genbin4_recobin0 acc 0.1156 eff 0.0134 outinratio 0.0313 

WplusH126_4l_pTHj_genbin4_recobin0 acc 0.1032 eff 0.0098 outinratio 0.0299 

ZH126_4l_pTHj_genbin4_recobin0 acc 0.1202 eff 0.0145 outinratio 0.0781 

ttH126_4l_pTHj_genbin4_recobin0 acc 0.1137 eff 0.0009 outinratio 0.0 

ggH126_4l_pTHj_genbin5_recobin0 acc 0.0128 eff 0.0 outinratio 0.0084 

VBFH126_4l_pTHj_genbin5_recobin0 acc 0.053 eff 0.0019 outinratio 0.0146 

WminusH126_4l_pTHj_genbin5_recobin0 acc 0.0642 eff 0.0088 outinratio 0.0313 

WplusH126_4l_pTHj_genbin5_recobin0 acc 0.0603 eff 0.0075 outinratio 0.0299 

ZH126_4l_pTHj_genbin5_recobin0 acc 0.0643 eff 0.0028 outinratio 0.0781 

ttH126_4l_pTHj_genbin5_recobin0 acc 0.3456 eff 0.0 outinratio 0.0 

ggH126_4l_pTHj_genbin0_recobin1 acc 0.2925 eff 0.005 outinratio 0.0055 

VBFH126_4l_pTHj_genbin0_recobin1 acc 0.074 eff 0.013 outinratio 0.0107 

WminusH126_4l_pTHj_genbin0_recobin1 acc 0.1011 eff 0.0054 outinratio 0.0056 

WplusH126_4l_pTHj_genbin0_recobin1 acc 0.0877 eff 0.0023 outinratio 0.0193 

ZH126_4l_pTHj_genbin0_recobin1 acc 0.0847 eff 0.0025 outinratio 0.0263 

ttH126_4l_pTHj_genbin0_recobin1 acc 0.0018 eff 0.0 outinratio 0.3053 

ggH126_4l_pTHj_genbin1_recobin1 acc 0.0266 eff 0.2518 outinratio 0.0055 

VBFH126_4l_pTHj_genbin1_recobin1 acc 0.0239 eff 0.1548 outinratio 0.0107 

WminusH126_4l_pTHj_genbin1_recobin1 acc 0.0173 eff 0.2127 outinratio 0.0056 

WplusH126_4l_pTHj_genbin1_recobin1 acc 0.0149 eff 0.2344 outinratio 0.0193 

ZH126_4l_pTHj_genbin1_recobin1 acc 0.0156 eff 0.2186 outinratio 0.0263 

ttH126_4l_pTHj_genbin1_recobin1 acc 0.004 eff 0.0202 outinratio 0.3053 

ggH126_4l_pTHj_genbin2_recobin1 acc 0.0473 eff 0.0469 outinratio 0.0055 

VBFH126_4l_pTHj_genbin2_recobin1 acc 0.0781 eff 0.0636 outinratio 0.0107 

WminusH126_4l_pTHj_genbin2_recobin1 acc 0.0606 eff 0.037 outinratio 0.0056 

WplusH126_4l_pTHj_genbin2_recobin1 acc 0.0518 eff 0.0348 outinratio 0.0193 

ZH126_4l_pTHj_genbin2_recobin1 acc 0.0519 eff 0.0365 outinratio 0.0263 

ttH126_4l_pTHj_genbin2_recobin1 acc 0.0169 eff 0.0186 outinratio 0.3053 

ggH126_4l_pTHj_genbin3_recobin1 acc 0.0261 eff 0.0015 outinratio 0.0055 

VBFH126_4l_pTHj_genbin3_recobin1 acc 0.0739 eff 0.0039 outinratio 0.0107 

WminusH126_4l_pTHj_genbin3_recobin1 acc 0.0529 eff 0.006 outinratio 0.0056 

WplusH126_4l_pTHj_genbin3_recobin1 acc 0.0468 eff 0.0036 outinratio 0.0193 

ZH126_4l_pTHj_genbin3_recobin1 acc 0.0536 eff 0.0028 outinratio 0.0263 

ttH126_4l_pTHj_genbin3_recobin1 acc 0.0186 eff 0.0065 outinratio 0.3053 

ggH126_4l_pTHj_genbin4_recobin1 acc 0.0412 eff 0.0 outinratio 0.0055 

VBFH126_4l_pTHj_genbin4_recobin1 acc 0.1764 eff 0.0019 outinratio 0.0107 

WminusH126_4l_pTHj_genbin4_recobin1 acc 0.1156 eff 0.0013 outinratio 0.0056 

WplusH126_4l_pTHj_genbin4_recobin1 acc 0.1032 eff 0.0012 outinratio 0.0193 

ZH126_4l_pTHj_genbin4_recobin1 acc 0.1202 eff 0.0006 outinratio 0.0263 

ttH126_4l_pTHj_genbin4_recobin1 acc 0.1137 eff 0.0 outinratio 0.3053 

ggH126_4l_pTHj_genbin5_recobin1 acc 0.0128 eff 0.0 outinratio 0.0055 

VBFH126_4l_pTHj_genbin5_recobin1 acc 0.053 eff 0.0 outinratio 0.0107 

WminusH126_4l_pTHj_genbin5_recobin1 acc 0.0642 eff 0.0008 outinratio 0.0056 

WplusH126_4l_pTHj_genbin5_recobin1 acc 0.0603 eff 0.0013 outinratio 0.0193 

ZH126_4l_pTHj_genbin5_recobin1 acc 0.0643 eff 0.0009 outinratio 0.0263 

ttH126_4l_pTHj_genbin5_recobin1 acc 0.3456 eff 0.0001 outinratio 0.3053 

ggH126_4l_pTHj_genbin0_recobin2 acc 0.2925 eff 0.015 outinratio 0.0046 

VBFH126_4l_pTHj_genbin0_recobin2 acc 0.074 eff 0.0504 outinratio 0.011 

WminusH126_4l_pTHj_genbin0_recobin2 acc 0.1011 eff 0.0223 outinratio 0.0068 

WplusH126_4l_pTHj_genbin0_recobin2 acc 0.0877 eff 0.0202 outinratio 0.0117 

ZH126_4l_pTHj_genbin0_recobin2 acc 0.0847 eff 0.0143 outinratio 0.0236 

ttH126_4l_pTHj_genbin0_recobin2 acc 0.0018 eff 0.0 outinratio 0.0946 

ggH126_4l_pTHj_genbin1_recobin2 acc 0.0266 eff 0.1729 outinratio 0.0046 

VBFH126_4l_pTHj_genbin1_recobin2 acc 0.0239 eff 0.1843 outinratio 0.011 

WminusH126_4l_pTHj_genbin1_recobin2 acc 0.0173 eff 0.1896 outinratio 0.0068 

WplusH126_4l_pTHj_genbin1_recobin2 acc 0.0149 eff 0.1876 outinratio 0.0117 

ZH126_4l_pTHj_genbin1_recobin2 acc 0.0156 eff 0.1797 outinratio 0.0236 

ttH126_4l_pTHj_genbin1_recobin2 acc 0.004 eff 0.0539 outinratio 0.0946 

ggH126_4l_pTHj_genbin2_recobin2 acc 0.0473 eff 0.2949 outinratio 0.0046 

VBFH126_4l_pTHj_genbin2_recobin2 acc 0.0781 eff 0.2716 outinratio 0.011 

WminusH126_4l_pTHj_genbin2_recobin2 acc 0.0606 eff 0.2816 outinratio 0.0068 

WplusH126_4l_pTHj_genbin2_recobin2 acc 0.0518 eff 0.2766 outinratio 0.0117 

ZH126_4l_pTHj_genbin2_recobin2 acc 0.0519 eff 0.2631 outinratio 0.0236 

ttH126_4l_pTHj_genbin2_recobin2 acc 0.0169 eff 0.1311 outinratio 0.0946 

ggH126_4l_pTHj_genbin3_recobin2 acc 0.0261 eff 0.0914 outinratio 0.0046 

VBFH126_4l_pTHj_genbin3_recobin2 acc 0.0739 eff 0.0924 outinratio 0.011 

WminusH126_4l_pTHj_genbin3_recobin2 acc 0.0529 eff 0.0732 outinratio 0.0068 

WplusH126_4l_pTHj_genbin3_recobin2 acc 0.0468 eff 0.0737 outinratio 0.0117 

ZH126_4l_pTHj_genbin3_recobin2 acc 0.0536 eff 0.0564 outinratio 0.0236 

ttH126_4l_pTHj_genbin3_recobin2 acc 0.0186 eff 0.0926 outinratio 0.0946 

ggH126_4l_pTHj_genbin4_recobin2 acc 0.0412 eff 0.0109 outinratio 0.0046 

VBFH126_4l_pTHj_genbin4_recobin2 acc 0.1764 eff 0.0112 outinratio 0.011 

WminusH126_4l_pTHj_genbin4_recobin2 acc 0.1156 eff 0.0099 outinratio 0.0068 

WplusH126_4l_pTHj_genbin4_recobin2 acc 0.1032 eff 0.0081 outinratio 0.0117 

ZH126_4l_pTHj_genbin4_recobin2 acc 0.1202 eff 0.0112 outinratio 0.0236 

ttH126_4l_pTHj_genbin4_recobin2 acc 0.1137 eff 0.0066 outinratio 0.0946 

ggH126_4l_pTHj_genbin5_recobin2 acc 0.0128 eff 0.0044 outinratio 0.0046 

VBFH126_4l_pTHj_genbin5_recobin2 acc 0.053 eff 0.0011 outinratio 0.011 

WminusH126_4l_pTHj_genbin5_recobin2 acc 0.0642 eff 0.0027 outinratio 0.0068 

WplusH126_4l_pTHj_genbin5_recobin2 acc 0.0603 eff 0.0013 outinratio 0.0117 

ZH126_4l_pTHj_genbin5_recobin2 acc 0.0643 eff 0.0022 outinratio 0.0236 

ttH126_4l_pTHj_genbin5_recobin2 acc 0.3456 eff 0.0016 outinratio 0.0946 

ggH126_4l_pTHj_genbin0_recobin3 acc 0.2925 eff 0.0099 outinratio 0.0099 

VBFH126_4l_pTHj_genbin0_recobin3 acc 0.074 eff 0.0268 outinratio 0.0146 

WminusH126_4l_pTHj_genbin0_recobin3 acc 0.1011 eff 0.0168 outinratio 0.013 

WplusH126_4l_pTHj_genbin0_recobin3 acc 0.0877 eff 0.0145 outinratio 0.0113 

ZH126_4l_pTHj_genbin0_recobin3 acc 0.0847 eff 0.01 outinratio 0.0269 

ttH126_4l_pTHj_genbin0_recobin3 acc 0.0018 eff 0.0 outinratio 0.059 

ggH126_4l_pTHj_genbin1_recobin3 acc 0.0266 eff 0.0186 outinratio 0.0099 

VBFH126_4l_pTHj_genbin1_recobin3 acc 0.0239 eff 0.0378 outinratio 0.0146 

WminusH126_4l_pTHj_genbin1_recobin3 acc 0.0173 eff 0.0229 outinratio 0.013 

WplusH126_4l_pTHj_genbin1_recobin3 acc 0.0149 eff 0.0348 outinratio 0.0113 

ZH126_4l_pTHj_genbin1_recobin3 acc 0.0156 eff 0.0304 outinratio 0.0269 

ttH126_4l_pTHj_genbin1_recobin3 acc 0.004 eff 0.0926 outinratio 0.059 

ggH126_4l_pTHj_genbin2_recobin3 acc 0.0473 eff 0.0679 outinratio 0.0099 

VBFH126_4l_pTHj_genbin2_recobin3 acc 0.0781 eff 0.0873 outinratio 0.0146 

WminusH126_4l_pTHj_genbin2_recobin3 acc 0.0606 eff 0.0832 outinratio 0.013 

WplusH126_4l_pTHj_genbin2_recobin3 acc 0.0518 eff 0.0941 outinratio 0.0113 

ZH126_4l_pTHj_genbin2_recobin3 acc 0.0519 eff 0.08 outinratio 0.0269 

ttH126_4l_pTHj_genbin2_recobin3 acc 0.0169 eff 0.0782 outinratio 0.059 

ggH126_4l_pTHj_genbin3_recobin3 acc 0.0261 eff 0.2689 outinratio 0.0099 

VBFH126_4l_pTHj_genbin3_recobin3 acc 0.0739 eff 0.2378 outinratio 0.0146 

WminusH126_4l_pTHj_genbin3_recobin3 acc 0.0529 eff 0.2452 outinratio 0.013 

WplusH126_4l_pTHj_genbin3_recobin3 acc 0.0468 eff 0.2432 outinratio 0.0113 

ZH126_4l_pTHj_genbin3_recobin3 acc 0.0536 eff 0.246 outinratio 0.0269 

ttH126_4l_pTHj_genbin3_recobin3 acc 0.0186 eff 0.1531 outinratio 0.059 

ggH126_4l_pTHj_genbin4_recobin3 acc 0.0412 eff 0.0379 outinratio 0.0099 

VBFH126_4l_pTHj_genbin4_recobin3 acc 0.1764 eff 0.0396 outinratio 0.0146 

WminusH126_4l_pTHj_genbin4_recobin3 acc 0.1156 eff 0.041 outinratio 0.013 

WplusH126_4l_pTHj_genbin4_recobin3 acc 0.1032 eff 0.0381 outinratio 0.0113 

ZH126_4l_pTHj_genbin4_recobin3 acc 0.1202 eff 0.0385 outinratio 0.0269 

ttH126_4l_pTHj_genbin4_recobin3 acc 0.1137 eff 0.0159 outinratio 0.059 

ggH126_4l_pTHj_genbin5_recobin3 acc 0.0128 eff 0.0047 outinratio 0.0099 

VBFH126_4l_pTHj_genbin5_recobin3 acc 0.053 eff 0.001 outinratio 0.0146 

WminusH126_4l_pTHj_genbin5_recobin3 acc 0.0642 eff 0.0028 outinratio 0.013 

WplusH126_4l_pTHj_genbin5_recobin3 acc 0.0603 eff 0.0039 outinratio 0.0113 

ZH126_4l_pTHj_genbin5_recobin3 acc 0.0643 eff 0.0031 outinratio 0.0269 

ttH126_4l_pTHj_genbin5_recobin3 acc 0.3456 eff 0.0027 outinratio 0.059 

ggH126_4l_pTHj_genbin0_recobin4 acc 0.2925 eff 0.0165 outinratio 0.0073 

VBFH126_4l_pTHj_genbin0_recobin4 acc 0.074 eff 0.0405 outinratio 0.0075 

WminusH126_4l_pTHj_genbin0_recobin4 acc 0.1011 eff 0.0453 outinratio 0.0129 

WplusH126_4l_pTHj_genbin0_recobin4 acc 0.0877 eff 0.0389 outinratio 0.0095 

ZH126_4l_pTHj_genbin0_recobin4 acc 0.0847 eff 0.0231 outinratio 0.0485 

ttH126_4l_pTHj_genbin0_recobin4 acc 0.0018 eff 0.0 outinratio 0.0395 

ggH126_4l_pTHj_genbin1_recobin4 acc 0.0266 eff 0.006 outinratio 0.0073 

VBFH126_4l_pTHj_genbin1_recobin4 acc 0.0239 eff 0.0264 outinratio 0.0075 

WminusH126_4l_pTHj_genbin1_recobin4 acc 0.0173 eff 0.0121 outinratio 0.0129 

WplusH126_4l_pTHj_genbin1_recobin4 acc 0.0149 eff 0.0206 outinratio 0.0095 

ZH126_4l_pTHj_genbin1_recobin4 acc 0.0156 eff 0.0143 outinratio 0.0485 

ttH126_4l_pTHj_genbin1_recobin4 acc 0.004 eff 0.0 outinratio 0.0395 

ggH126_4l_pTHj_genbin2_recobin4 acc 0.0473 eff 0.0198 outinratio 0.0073 

VBFH126_4l_pTHj_genbin2_recobin4 acc 0.0781 eff 0.0425 outinratio 0.0075 

WminusH126_4l_pTHj_genbin2_recobin4 acc 0.0606 eff 0.0337 outinratio 0.0129 

WplusH126_4l_pTHj_genbin2_recobin4 acc 0.0518 eff 0.0299 outinratio 0.0095 

ZH126_4l_pTHj_genbin2_recobin4 acc 0.0519 eff 0.0366 outinratio 0.0485 

ttH126_4l_pTHj_genbin2_recobin4 acc 0.0169 eff 0.0217 outinratio 0.0395 

ggH126_4l_pTHj_genbin3_recobin4 acc 0.0261 eff 0.1146 outinratio 0.0073 

VBFH126_4l_pTHj_genbin3_recobin4 acc 0.0739 eff 0.1573 outinratio 0.0075 

WminusH126_4l_pTHj_genbin3_recobin4 acc 0.0529 eff 0.125 outinratio 0.0129 

WplusH126_4l_pTHj_genbin3_recobin4 acc 0.0468 eff 0.1149 outinratio 0.0095 

ZH126_4l_pTHj_genbin3_recobin4 acc 0.0536 eff 0.1093 outinratio 0.0485 

ttH126_4l_pTHj_genbin3_recobin4 acc 0.0186 eff 0.0835 outinratio 0.0395 

ggH126_4l_pTHj_genbin4_recobin4 acc 0.0412 eff 0.3838 outinratio 0.0073 

VBFH126_4l_pTHj_genbin4_recobin4 acc 0.1764 eff 0.4054 outinratio 0.0075 

WminusH126_4l_pTHj_genbin4_recobin4 acc 0.1156 eff 0.3725 outinratio 0.0129 

WplusH126_4l_pTHj_genbin4_recobin4 acc 0.1032 eff 0.3615 outinratio 0.0095 

ZH126_4l_pTHj_genbin4_recobin4 acc 0.1202 eff 0.362 outinratio 0.0485 

ttH126_4l_pTHj_genbin4_recobin4 acc 0.1137 eff 0.2554 outinratio 0.0395 

ggH126_4l_pTHj_genbin5_recobin4 acc 0.0128 eff 0.0372 outinratio 0.0073 

VBFH126_4l_pTHj_genbin5_recobin4 acc 0.053 eff 0.066 outinratio 0.0075 

WminusH126_4l_pTHj_genbin5_recobin4 acc 0.0642 eff 0.0558 outinratio 0.0129 

WplusH126_4l_pTHj_genbin5_recobin4 acc 0.0603 eff 0.0479 outinratio 0.0095 

ZH126_4l_pTHj_genbin5_recobin4 acc 0.0643 eff 0.04 outinratio 0.0485 

ttH126_4l_pTHj_genbin5_recobin4 acc 0.3456 eff 0.021 outinratio 0.0395 

ggH126_4l_pTHj_genbin0_recobin5 acc 0.2925 eff 0.0012 outinratio 0.0036 

VBFH126_4l_pTHj_genbin0_recobin5 acc 0.074 eff 0.0024 outinratio 0.0053 

WminusH126_4l_pTHj_genbin0_recobin5 acc 0.1011 eff 0.0257 outinratio 0.0176 

WplusH126_4l_pTHj_genbin0_recobin5 acc 0.0877 eff 0.0353 outinratio 0.0187 

ZH126_4l_pTHj_genbin0_recobin5 acc 0.0847 eff 0.0141 outinratio 0.068 

ttH126_4l_pTHj_genbin0_recobin5 acc 0.0018 eff 0.0522 outinratio 0.0452 

ggH126_4l_pTHj_genbin1_recobin5 acc 0.0266 eff 0.003 outinratio 0.0036 

VBFH126_4l_pTHj_genbin1_recobin5 acc 0.0239 eff 0.0047 outinratio 0.0053 

WminusH126_4l_pTHj_genbin1_recobin5 acc 0.0173 eff 0.0062 outinratio 0.0176 

WplusH126_4l_pTHj_genbin1_recobin5 acc 0.0149 eff 0.0039 outinratio 0.0187 

ZH126_4l_pTHj_genbin1_recobin5 acc 0.0156 eff 0.0081 outinratio 0.068 

ttH126_4l_pTHj_genbin1_recobin5 acc 0.004 eff 0.0516 outinratio 0.0452 

ggH126_4l_pTHj_genbin2_recobin5 acc 0.0473 eff 0.0021 outinratio 0.0036 

VBFH126_4l_pTHj_genbin2_recobin5 acc 0.0781 eff 0.0046 outinratio 0.0053 

WminusH126_4l_pTHj_genbin2_recobin5 acc 0.0606 eff 0.0091 outinratio 0.0176 

WplusH126_4l_pTHj_genbin2_recobin5 acc 0.0518 eff 0.0061 outinratio 0.0187 

ZH126_4l_pTHj_genbin2_recobin5 acc 0.0519 eff 0.0085 outinratio 0.068 

ttH126_4l_pTHj_genbin2_recobin5 acc 0.0169 eff 0.0611 outinratio 0.0452 

ggH126_4l_pTHj_genbin3_recobin5 acc 0.0261 eff 0.0027 outinratio 0.0036 

VBFH126_4l_pTHj_genbin3_recobin5 acc 0.0739 eff 0.0067 outinratio 0.0053 

WminusH126_4l_pTHj_genbin3_recobin5 acc 0.0529 eff 0.0079 outinratio 0.0176 

WplusH126_4l_pTHj_genbin3_recobin5 acc 0.0468 eff 0.0108 outinratio 0.0187 

ZH126_4l_pTHj_genbin3_recobin5 acc 0.0536 eff 0.0091 outinratio 0.068 

ttH126_4l_pTHj_genbin3_recobin5 acc 0.0186 eff 0.034 outinratio 0.0452 

ggH126_4l_pTHj_genbin4_recobin5 acc 0.0412 eff 0.0298 outinratio 0.0036 

VBFH126_4l_pTHj_genbin4_recobin5 acc 0.1764 eff 0.0506 outinratio 0.0053 

WminusH126_4l_pTHj_genbin4_recobin5 acc 0.1156 eff 0.0339 outinratio 0.0176 

WplusH126_4l_pTHj_genbin4_recobin5 acc 0.1032 eff 0.0393 outinratio 0.0187 

ZH126_4l_pTHj_genbin4_recobin5 acc 0.1202 eff 0.0353 outinratio 0.068 

ttH126_4l_pTHj_genbin4_recobin5 acc 0.1137 eff 0.0886 outinratio 0.0452 

ggH126_4l_pTHj_genbin5_recobin5 acc 0.0128 eff 0.4471 outinratio 0.0036 

VBFH126_4l_pTHj_genbin5_recobin5 acc 0.053 eff 0.4503 outinratio 0.0053 

WminusH126_4l_pTHj_genbin5_recobin5 acc 0.0642 eff 0.4034 outinratio 0.0176 

WplusH126_4l_pTHj_genbin5_recobin5 acc 0.0603 eff 0.3929 outinratio 0.0187 

ZH126_4l_pTHj_genbin5_recobin5 acc 0.0643 eff 0.4054 outinratio 0.068 

ttH126_4l_pTHj_genbin5_recobin5 acc 0.3456 eff 0.3498 outinratio 0.0452 

ggH126_4e_pTHj_genbin0_recobin0 acc 0.2701 eff 0.3181 outinratio 0.0135 

VBFH126_4e_pTHj_genbin0_recobin0 acc 0.0714 eff 0.2537 outinratio 0.0109 

WminusH126_4e_pTHj_genbin0_recobin0 acc 0.0984 eff 0.2768 outinratio 0.0378 

WplusH126_4e_pTHj_genbin0_recobin0 acc 0.0843 eff 0.2988 outinratio 0.0475 

ZH126_4e_pTHj_genbin0_recobin0 acc 0.0801 eff 0.3448 outinratio 0.1059 

ttH126_4e_pTHj_genbin0_recobin0 acc 0.0013 eff -1.0 outinratio 0.0 

ggH126_4e_pTHj_genbin1_recobin0 acc 0.0253 eff 0.0511 outinratio 0.0135 

VBFH126_4e_pTHj_genbin1_recobin0 acc 0.0236 eff 0.0192 outinratio 0.0109 

WminusH126_4e_pTHj_genbin1_recobin0 acc 0.016 eff 0.0189 outinratio 0.0378 

WplusH126_4e_pTHj_genbin1_recobin0 acc 0.015 eff 0.0284 outinratio 0.0475 

ZH126_4e_pTHj_genbin1_recobin0 acc 0.0161 eff 0.0117 outinratio 0.1059 

ttH126_4e_pTHj_genbin1_recobin0 acc 0.0068 eff 0.0 outinratio 0.0 

ggH126_4e_pTHj_genbin2_recobin0 acc 0.0431 eff 0.0416 outinratio 0.0135 

VBFH126_4e_pTHj_genbin2_recobin0 acc 0.0732 eff 0.0148 outinratio 0.0109 

WminusH126_4e_pTHj_genbin2_recobin0 acc 0.0574 eff 0.0158 outinratio 0.0378 

WplusH126_4e_pTHj_genbin2_recobin0 acc 0.0493 eff 0.0178 outinratio 0.0475 

ZH126_4e_pTHj_genbin2_recobin0 acc 0.0508 eff 0.0364 outinratio 0.1059 

ttH126_4e_pTHj_genbin2_recobin0 acc 0.0153 eff 0.0 outinratio 0.0 

ggH126_4e_pTHj_genbin3_recobin0 acc 0.0275 eff 0.0156 outinratio 0.0135 

VBFH126_4e_pTHj_genbin3_recobin0 acc 0.0714 eff 0.0275 outinratio 0.0109 

WminusH126_4e_pTHj_genbin3_recobin0 acc 0.0525 eff 0.0163 outinratio 0.0378 

WplusH126_4e_pTHj_genbin3_recobin0 acc 0.0457 eff 0.0188 outinratio 0.0475 

ZH126_4e_pTHj_genbin3_recobin0 acc 0.0539 eff 0.0176 outinratio 0.1059 

ttH126_4e_pTHj_genbin3_recobin0 acc 0.0174 eff 0.0 outinratio 0.0 

ggH126_4e_pTHj_genbin4_recobin0 acc 0.041 eff 0.0136 outinratio 0.0135 

VBFH126_4e_pTHj_genbin4_recobin0 acc 0.1726 eff 0.0111 outinratio 0.0109 

WminusH126_4e_pTHj_genbin4_recobin0 acc 0.1096 eff 0.008 outinratio 0.0378 

WplusH126_4e_pTHj_genbin4_recobin0 acc 0.0948 eff 0.0074 outinratio 0.0475 

ZH126_4e_pTHj_genbin4_recobin0 acc 0.1211 eff 0.0103 outinratio 0.1059 

ttH126_4e_pTHj_genbin4_recobin0 acc 0.1089 eff 0.0 outinratio 0.0 

ggH126_4e_pTHj_genbin5_recobin0 acc 0.0123 eff 0.0 outinratio 0.0135 

VBFH126_4e_pTHj_genbin5_recobin0 acc 0.0484 eff 0.0 outinratio 0.0109 

WminusH126_4e_pTHj_genbin5_recobin0 acc 0.0653 eff 0.0058 outinratio 0.0378 

WplusH126_4e_pTHj_genbin5_recobin0 acc 0.0613 eff 0.0021 outinratio 0.0475 

ZH126_4e_pTHj_genbin5_recobin0 acc 0.066 eff 0.0035 outinratio 0.1059 

ttH126_4e_pTHj_genbin5_recobin0 acc 0.3331 eff 0.0 outinratio 0.0 

ggH126_4e_pTHj_genbin0_recobin1 acc 0.2701 eff 0.004 outinratio 0.0193 

VBFH126_4e_pTHj_genbin0_recobin1 acc 0.0714 eff 0.0096 outinratio 0.0544 

WminusH126_4e_pTHj_genbin0_recobin1 acc 0.0984 eff 0.0044 outinratio 0.0101 

WplusH126_4e_pTHj_genbin0_recobin1 acc 0.0843 eff 0.0011 outinratio 0.0281 

ZH126_4e_pTHj_genbin0_recobin1 acc 0.0801 eff 0.0038 outinratio 0.0289 

ttH126_4e_pTHj_genbin0_recobin1 acc 0.0013 eff -1.0 outinratio 0.0 

ggH126_4e_pTHj_genbin1_recobin1 acc 0.0253 eff 0.2131 outinratio 0.0193 

VBFH126_4e_pTHj_genbin1_recobin1 acc 0.0236 eff 0.0674 outinratio 0.0544 

WminusH126_4e_pTHj_genbin1_recobin1 acc 0.016 eff 0.1967 outinratio 0.0101 

WplusH126_4e_pTHj_genbin1_recobin1 acc 0.015 eff 0.1614 outinratio 0.0281 

ZH126_4e_pTHj_genbin1_recobin1 acc 0.0161 eff 0.1557 outinratio 0.0289 

ttH126_4e_pTHj_genbin1_recobin1 acc 0.0068 eff 0.0 outinratio 0.0 

ggH126_4e_pTHj_genbin2_recobin1 acc 0.0431 eff 0.0538 outinratio 0.0193 

VBFH126_4e_pTHj_genbin2_recobin1 acc 0.0732 eff 0.0588 outinratio 0.0544 

WminusH126_4e_pTHj_genbin2_recobin1 acc 0.0574 eff 0.0238 outinratio 0.0101 

WplusH126_4e_pTHj_genbin2_recobin1 acc 0.0493 eff 0.0281 outinratio 0.0281 

ZH126_4e_pTHj_genbin2_recobin1 acc 0.0508 eff 0.0396 outinratio 0.0289 

ttH126_4e_pTHj_genbin2_recobin1 acc 0.0153 eff 0.0199 outinratio 0.0 

ggH126_4e_pTHj_genbin3_recobin1 acc 0.0275 eff 0.0026 outinratio 0.0193 

VBFH126_4e_pTHj_genbin3_recobin1 acc 0.0714 eff 0.0101 outinratio 0.0544 

WminusH126_4e_pTHj_genbin3_recobin1 acc 0.0525 eff 0.0072 outinratio 0.0101 

WplusH126_4e_pTHj_genbin3_recobin1 acc 0.0457 eff 0.0029 outinratio 0.0281 

ZH126_4e_pTHj_genbin3_recobin1 acc 0.0539 eff 0.0026 outinratio 0.0289 

ttH126_4e_pTHj_genbin3_recobin1 acc 0.0174 eff 0.0 outinratio 0.0 

ggH126_4e_pTHj_genbin4_recobin1 acc 0.041 eff 0.0 outinratio 0.0193 

VBFH126_4e_pTHj_genbin4_recobin1 acc 0.1726 eff 0.0022 outinratio 0.0544 

WminusH126_4e_pTHj_genbin4_recobin1 acc 0.1096 eff 0.0005 outinratio 0.0101 

WplusH126_4e_pTHj_genbin4_recobin1 acc 0.0948 eff 0.0 outinratio 0.0281 

ZH126_4e_pTHj_genbin4_recobin1 acc 0.1211 eff 0.0 outinratio 0.0289 

ttH126_4e_pTHj_genbin4_recobin1 acc 0.1089 eff 0.0 outinratio 0.0 

ggH126_4e_pTHj_genbin5_recobin1 acc 0.0123 eff 0.0 outinratio 0.0193 

VBFH126_4e_pTHj_genbin5_recobin1 acc 0.0484 eff 0.0 outinratio 0.0544 

WminusH126_4e_pTHj_genbin5_recobin1 acc 0.0653 eff 0.0 outinratio 0.0101 

WplusH126_4e_pTHj_genbin5_recobin1 acc 0.0613 eff 0.0 outinratio 0.0281 

ZH126_4e_pTHj_genbin5_recobin1 acc 0.066 eff 0.003 outinratio 0.0289 

ttH126_4e_pTHj_genbin5_recobin1 acc 0.3331 eff 0.0 outinratio 0.0 

ggH126_4e_pTHj_genbin0_recobin2 acc 0.2701 eff 0.0103 outinratio 0.012 

VBFH126_4e_pTHj_genbin0_recobin2 acc 0.0714 eff 0.0273 outinratio 0.0246 

WminusH126_4e_pTHj_genbin0_recobin2 acc 0.0984 eff 0.0158 outinratio 0.0078 

WplusH126_4e_pTHj_genbin0_recobin2 acc 0.0843 eff 0.0146 outinratio 0.0135 

ZH126_4e_pTHj_genbin0_recobin2 acc 0.0801 eff 0.0128 outinratio 0.0197 

ttH126_4e_pTHj_genbin0_recobin2 acc 0.0013 eff -1.0 outinratio 0.0 

ggH126_4e_pTHj_genbin1_recobin2 acc 0.0253 eff 0.1133 outinratio 0.012 

VBFH126_4e_pTHj_genbin1_recobin2 acc 0.0236 eff 0.18 outinratio 0.0246 

WminusH126_4e_pTHj_genbin1_recobin2 acc 0.016 eff 0.1683 outinratio 0.0078 

WplusH126_4e_pTHj_genbin1_recobin2 acc 0.015 eff 0.128 outinratio 0.0135 

ZH126_4e_pTHj_genbin1_recobin2 acc 0.0161 eff 0.1532 outinratio 0.0197 

ttH126_4e_pTHj_genbin1_recobin2 acc 0.0068 eff 0.0686 outinratio 0.0 

ggH126_4e_pTHj_genbin2_recobin2 acc 0.0431 eff 0.2432 outinratio 0.012 

VBFH126_4e_pTHj_genbin2_recobin2 acc 0.0732 eff 0.2618 outinratio 0.0246 

WminusH126_4e_pTHj_genbin2_recobin2 acc 0.0574 eff 0.2228 outinratio 0.0078 

WplusH126_4e_pTHj_genbin2_recobin2 acc 0.0493 eff 0.2298 outinratio 0.0135 

ZH126_4e_pTHj_genbin2_recobin2 acc 0.0508 eff 0.2189 outinratio 0.0197 

ttH126_4e_pTHj_genbin2_recobin2 acc 0.0153 eff 0.0177 outinratio 0.0 

ggH126_4e_pTHj_genbin3_recobin2 acc 0.0275 eff 0.0772 outinratio 0.012 

VBFH126_4e_pTHj_genbin3_recobin2 acc 0.0714 eff 0.0841 outinratio 0.0246 

WminusH126_4e_pTHj_genbin3_recobin2 acc 0.0525 eff 0.0631 outinratio 0.0078 

WplusH126_4e_pTHj_genbin3_recobin2 acc 0.0457 eff 0.0437 outinratio 0.0135 

ZH126_4e_pTHj_genbin3_recobin2 acc 0.0539 eff 0.051 outinratio 0.0197 

ttH126_4e_pTHj_genbin3_recobin2 acc 0.0174 eff 0.117 outinratio 0.0 

ggH126_4e_pTHj_genbin4_recobin2 acc 0.041 eff 0.0048 outinratio 0.012 

VBFH126_4e_pTHj_genbin4_recobin2 acc 0.1726 eff 0.0068 outinratio 0.0246 

WminusH126_4e_pTHj_genbin4_recobin2 acc 0.1096 eff 0.01 outinratio 0.0078 

WplusH126_4e_pTHj_genbin4_recobin2 acc 0.0948 eff 0.0045 outinratio 0.0135 

ZH126_4e_pTHj_genbin4_recobin2 acc 0.1211 eff 0.008 outinratio 0.0197 

ttH126_4e_pTHj_genbin4_recobin2 acc 0.1089 eff 0.0123 outinratio 0.0 

ggH126_4e_pTHj_genbin5_recobin2 acc 0.0123 eff 0.0 outinratio 0.012 

VBFH126_4e_pTHj_genbin5_recobin2 acc 0.0484 eff 0.0 outinratio 0.0246 

WminusH126_4e_pTHj_genbin5_recobin2 acc 0.0653 eff 0.0023 outinratio 0.0078 

WplusH126_4e_pTHj_genbin5_recobin2 acc 0.0613 eff 0.0 outinratio 0.0135 

ZH126_4e_pTHj_genbin5_recobin2 acc 0.066 eff 0.003 outinratio 0.0197 

ttH126_4e_pTHj_genbin5_recobin2 acc 0.3331 eff 0.0018 outinratio 0.0 

ggH126_4e_pTHj_genbin0_recobin3 acc 0.2701 eff 0.0075 outinratio 0.0151 

VBFH126_4e_pTHj_genbin0_recobin3 acc 0.0714 eff 0.0217 outinratio 0.0403 

WminusH126_4e_pTHj_genbin0_recobin3 acc 0.0984 eff 0.0106 outinratio 0.0169 

WplusH126_4e_pTHj_genbin0_recobin3 acc 0.0843 eff 0.0089 outinratio 0.0149 

ZH126_4e_pTHj_genbin0_recobin3 acc 0.0801 eff 0.0066 outinratio 0.061 

ttH126_4e_pTHj_genbin0_recobin3 acc 0.0013 eff -1.0 outinratio 0.0 

ggH126_4e_pTHj_genbin1_recobin3 acc 0.0253 eff 0.0161 outinratio 0.0151 

VBFH126_4e_pTHj_genbin1_recobin3 acc 0.0236 eff 0.0339 outinratio 0.0403 

WminusH126_4e_pTHj_genbin1_recobin3 acc 0.016 eff 0.0206 outinratio 0.0169 

WplusH126_4e_pTHj_genbin1_recobin3 acc 0.015 eff 0.0146 outinratio 0.0149 

ZH126_4e_pTHj_genbin1_recobin3 acc 0.0161 eff 0.0146 outinratio 0.061 

ttH126_4e_pTHj_genbin1_recobin3 acc 0.0068 eff 0.0 outinratio 0.0 

ggH126_4e_pTHj_genbin2_recobin3 acc 0.0431 eff 0.0623 outinratio 0.0151 

VBFH126_4e_pTHj_genbin2_recobin3 acc 0.0732 eff 0.0668 outinratio 0.0403 

WminusH126_4e_pTHj_genbin2_recobin3 acc 0.0574 eff 0.0674 outinratio 0.0169 

WplusH126_4e_pTHj_genbin2_recobin3 acc 0.0493 eff 0.0728 outinratio 0.0149 

ZH126_4e_pTHj_genbin2_recobin3 acc 0.0508 eff 0.07 outinratio 0.061 

ttH126_4e_pTHj_genbin2_recobin3 acc 0.0153 eff 0.0589 outinratio 0.0 

ggH126_4e_pTHj_genbin3_recobin3 acc 0.0275 eff 0.1973 outinratio 0.0151 

VBFH126_4e_pTHj_genbin3_recobin3 acc 0.0714 eff 0.1977 outinratio 0.0403 

WminusH126_4e_pTHj_genbin3_recobin3 acc 0.0525 eff 0.1985 outinratio 0.0169 

WplusH126_4e_pTHj_genbin3_recobin3 acc 0.0457 eff 0.2021 outinratio 0.0149 

ZH126_4e_pTHj_genbin3_recobin3 acc 0.0539 eff 0.175 outinratio 0.061 

ttH126_4e_pTHj_genbin3_recobin3 acc 0.0174 eff 0.2176 outinratio 0.0 

ggH126_4e_pTHj_genbin4_recobin3 acc 0.041 eff 0.0366 outinratio 0.0151 

VBFH126_4e_pTHj_genbin4_recobin3 acc 0.1726 eff 0.0285 outinratio 0.0403 

WminusH126_4e_pTHj_genbin4_recobin3 acc 0.1096 eff 0.0358 outinratio 0.0169 

WplusH126_4e_pTHj_genbin4_recobin3 acc 0.0948 eff 0.0343 outinratio 0.0149 

ZH126_4e_pTHj_genbin4_recobin3 acc 0.1211 eff 0.0229 outinratio 0.061 

ttH126_4e_pTHj_genbin4_recobin3 acc 0.1089 eff 0.0191 outinratio 0.0 

ggH126_4e_pTHj_genbin5_recobin3 acc 0.0123 eff 0.0 outinratio 0.0151 

VBFH126_4e_pTHj_genbin5_recobin3 acc 0.0484 eff 0.0 outinratio 0.0403 

WminusH126_4e_pTHj_genbin5_recobin3 acc 0.0653 eff 0.003 outinratio 0.0169 

WplusH126_4e_pTHj_genbin5_recobin3 acc 0.0613 eff 0.0062 outinratio 0.0149 

ZH126_4e_pTHj_genbin5_recobin3 acc 0.066 eff 0.0 outinratio 0.061 

ttH126_4e_pTHj_genbin5_recobin3 acc 0.3331 eff 0.0025 outinratio 0.0 

ggH126_4e_pTHj_genbin0_recobin4 acc 0.2701 eff 0.0132 outinratio 0.0022 

VBFH126_4e_pTHj_genbin0_recobin4 acc 0.0714 eff 0.0276 outinratio 0.018 

WminusH126_4e_pTHj_genbin0_recobin4 acc 0.0984 eff 0.031 outinratio 0.0234 

WplusH126_4e_pTHj_genbin0_recobin4 acc 0.0843 eff 0.0238 outinratio 0.0162 

ZH126_4e_pTHj_genbin0_recobin4 acc 0.0801 eff 0.0183 outinratio 0.0465 

ttH126_4e_pTHj_genbin0_recobin4 acc 0.0013 eff -1.0 outinratio 0.044 

ggH126_4e_pTHj_genbin1_recobin4 acc 0.0253 eff 0.0023 outinratio 0.0022 

VBFH126_4e_pTHj_genbin1_recobin4 acc 0.0236 eff 0.0182 outinratio 0.018 

WminusH126_4e_pTHj_genbin1_recobin4 acc 0.016 eff 0.0079 outinratio 0.0234 

WplusH126_4e_pTHj_genbin1_recobin4 acc 0.015 eff 0.0176 outinratio 0.0162 

ZH126_4e_pTHj_genbin1_recobin4 acc 0.0161 eff 0.0055 outinratio 0.0465 

ttH126_4e_pTHj_genbin1_recobin4 acc 0.0068 eff 0.0 outinratio 0.044 

ggH126_4e_pTHj_genbin2_recobin4 acc 0.0431 eff 0.0173 outinratio 0.0022 

VBFH126_4e_pTHj_genbin2_recobin4 acc 0.0732 eff 0.019 outinratio 0.018 

WminusH126_4e_pTHj_genbin2_recobin4 acc 0.0574 eff 0.0232 outinratio 0.0234 

WplusH126_4e_pTHj_genbin2_recobin4 acc 0.0493 eff 0.0275 outinratio 0.0162 

ZH126_4e_pTHj_genbin2_recobin4 acc 0.0508 eff 0.0142 outinratio 0.0465 

ttH126_4e_pTHj_genbin2_recobin4 acc 0.0153 eff 0.0128 outinratio 0.044 

ggH126_4e_pTHj_genbin3_recobin4 acc 0.0275 eff 0.0838 outinratio 0.0022 

VBFH126_4e_pTHj_genbin3_recobin4 acc 0.0714 eff 0.1187 outinratio 0.018 

WminusH126_4e_pTHj_genbin3_recobin4 acc 0.0525 eff 0.0947 outinratio 0.0234 

WplusH126_4e_pTHj_genbin3_recobin4 acc 0.0457 eff 0.0879 outinratio 0.0162 

ZH126_4e_pTHj_genbin3_recobin4 acc 0.0539 eff 0.0653 outinratio 0.0465 

ttH126_4e_pTHj_genbin3_recobin4 acc 0.0174 eff 0.0614 outinratio 0.044 

ggH126_4e_pTHj_genbin4_recobin4 acc 0.041 eff 0.3175 outinratio 0.0022 

VBFH126_4e_pTHj_genbin4_recobin4 acc 0.1726 eff 0.3291 outinratio 0.018 

WminusH126_4e_pTHj_genbin4_recobin4 acc 0.1096 eff 0.2929 outinratio 0.0234 

WplusH126_4e_pTHj_genbin4_recobin4 acc 0.0948 eff 0.2729 outinratio 0.0162 

ZH126_4e_pTHj_genbin4_recobin4 acc 0.1211 eff 0.2888 outinratio 0.0465 

ttH126_4e_pTHj_genbin4_recobin4 acc 0.1089 eff 0.1901 outinratio 0.044 

ggH126_4e_pTHj_genbin5_recobin4 acc 0.0123 eff 0.0402 outinratio 0.0022 

VBFH126_4e_pTHj_genbin5_recobin4 acc 0.0484 eff 0.0501 outinratio 0.018 

WminusH126_4e_pTHj_genbin5_recobin4 acc 0.0653 eff 0.0447 outinratio 0.0234 

WplusH126_4e_pTHj_genbin5_recobin4 acc 0.0613 eff 0.0524 outinratio 0.0162 

ZH126_4e_pTHj_genbin5_recobin4 acc 0.066 eff 0.02 outinratio 0.0465 

ttH126_4e_pTHj_genbin5_recobin4 acc 0.3331 eff 0.0277 outinratio 0.044 

ggH126_4e_pTHj_genbin0_recobin5 acc 0.2701 eff 0.001 outinratio 0.0 

VBFH126_4e_pTHj_genbin0_recobin5 acc 0.0714 eff 0.0 outinratio 0.0 

WminusH126_4e_pTHj_genbin0_recobin5 acc 0.0984 eff 0.027 outinratio 0.0161 

WplusH126_4e_pTHj_genbin0_recobin5 acc 0.0843 eff 0.0301 outinratio 0.0343 

ZH126_4e_pTHj_genbin0_recobin5 acc 0.0801 eff 0.0054 outinratio 0.033 

ttH126_4e_pTHj_genbin0_recobin5 acc 0.0013 eff -1.0 outinratio 0.0401 

ggH126_4e_pTHj_genbin1_recobin5 acc 0.0253 eff 0.004 outinratio 0.0 

VBFH126_4e_pTHj_genbin1_recobin5 acc 0.0236 eff 0.0 outinratio 0.0 

WminusH126_4e_pTHj_genbin1_recobin5 acc 0.016 eff 0.0052 outinratio 0.0161 

WplusH126_4e_pTHj_genbin1_recobin5 acc 0.015 eff 0.0011 outinratio 0.0343 

ZH126_4e_pTHj_genbin1_recobin5 acc 0.0161 eff 0.0 outinratio 0.033 

ttH126_4e_pTHj_genbin1_recobin5 acc 0.0068 eff 0.0934 outinratio 0.0401 

ggH126_4e_pTHj_genbin2_recobin5 acc 0.0431 eff 0.0 outinratio 0.0 

VBFH126_4e_pTHj_genbin2_recobin5 acc 0.0732 eff 0.004 outinratio 0.0 

WminusH126_4e_pTHj_genbin2_recobin5 acc 0.0574 eff 0.0088 outinratio 0.0161 

WplusH126_4e_pTHj_genbin2_recobin5 acc 0.0493 eff 0.0019 outinratio 0.0343 

ZH126_4e_pTHj_genbin2_recobin5 acc 0.0508 eff 0.0094 outinratio 0.033 

ttH126_4e_pTHj_genbin2_recobin5 acc 0.0153 eff 0.0389 outinratio 0.0401 

ggH126_4e_pTHj_genbin3_recobin5 acc 0.0275 eff 0.0058 outinratio 0.0 

VBFH126_4e_pTHj_genbin3_recobin5 acc 0.0714 eff 0.0051 outinratio 0.0 

WminusH126_4e_pTHj_genbin3_recobin5 acc 0.0525 eff 0.0051 outinratio 0.0161 

WplusH126_4e_pTHj_genbin3_recobin5 acc 0.0457 eff 0.0065 outinratio 0.0343 

ZH126_4e_pTHj_genbin3_recobin5 acc 0.0539 eff 0.0069 outinratio 0.033 

ttH126_4e_pTHj_genbin3_recobin5 acc 0.0174 eff 0.0455 outinratio 0.0401 

ggH126_4e_pTHj_genbin4_recobin5 acc 0.041 eff 0.0177 outinratio 0.0 

VBFH126_4e_pTHj_genbin4_recobin5 acc 0.1726 eff 0.0362 outinratio 0.0 

WminusH126_4e_pTHj_genbin4_recobin5 acc 0.1096 eff 0.0339 outinratio 0.0161 

WplusH126_4e_pTHj_genbin4_recobin5 acc 0.0948 eff 0.0345 outinratio 0.0343 

ZH126_4e_pTHj_genbin4_recobin5 acc 0.1211 eff 0.0277 outinratio 0.033 

ttH126_4e_pTHj_genbin4_recobin5 acc 0.1089 eff 0.0885 outinratio 0.0401 

ggH126_4e_pTHj_genbin5_recobin5 acc 0.0123 eff 0.4471 outinratio 0.0 

VBFH126_4e_pTHj_genbin5_recobin5 acc 0.0484 eff 0.3789 outinratio 0.0 

WminusH126_4e_pTHj_genbin5_recobin5 acc 0.0653 eff 0.3433 outinratio 0.0161 

WplusH126_4e_pTHj_genbin5_recobin5 acc 0.0613 eff 0.2931 outinratio 0.0343 

ZH126_4e_pTHj_genbin5_recobin5 acc 0.066 eff 0.3114 outinratio 0.033 

ttH126_4e_pTHj_genbin5_recobin5 acc 0.3331 eff 0.3248 outinratio 0.0401 

ggH126_4mu_pTHj_genbin0_recobin0 acc 0.3183 eff 0.5349 outinratio 0.0056 

VBFH126_4mu_pTHj_genbin0_recobin0 acc 0.0732 eff 0.4678 outinratio 0.0245 

WminusH126_4mu_pTHj_genbin0_recobin0 acc 0.1082 eff 0.4305 outinratio 0.0188 

WplusH126_4mu_pTHj_genbin0_recobin0 acc 0.0957 eff 0.4501 outinratio 0.0228 

ZH126_4mu_pTHj_genbin0_recobin0 acc 0.0872 eff 0.4929 outinratio 0.0784 

ttH126_4mu_pTHj_genbin0_recobin0 acc 0.0012 eff -1.0 outinratio 0.0 

ggH126_4mu_pTHj_genbin1_recobin0 acc 0.0272 eff 0.0541 outinratio 0.0056 

VBFH126_4mu_pTHj_genbin1_recobin0 acc 0.0269 eff 0.0572 outinratio 0.0245 

WminusH126_4mu_pTHj_genbin1_recobin0 acc 0.0179 eff 0.0307 outinratio 0.0188 

WplusH126_4mu_pTHj_genbin1_recobin0 acc 0.015 eff 0.0317 outinratio 0.0228 

ZH126_4mu_pTHj_genbin1_recobin0 acc 0.0163 eff 0.0128 outinratio 0.0784 

ttH126_4mu_pTHj_genbin1_recobin0 acc 0.0025 eff -1.0 outinratio 0.0 

ggH126_4mu_pTHj_genbin2_recobin0 acc 0.0493 eff 0.0779 outinratio 0.0056 

VBFH126_4mu_pTHj_genbin2_recobin0 acc 0.0838 eff 0.0442 outinratio 0.0245 

WminusH126_4mu_pTHj_genbin2_recobin0 acc 0.0661 eff 0.0332 outinratio 0.0188 

WplusH126_4mu_pTHj_genbin2_recobin0 acc 0.0564 eff 0.0221 outinratio 0.0228 

ZH126_4mu_pTHj_genbin2_recobin0 acc 0.0535 eff 0.0398 outinratio 0.0784 

ttH126_4mu_pTHj_genbin2_recobin0 acc 0.0206 eff 0.0 outinratio 0.0 

ggH126_4mu_pTHj_genbin3_recobin0 acc 0.0261 eff 0.0496 outinratio 0.0056 

VBFH126_4mu_pTHj_genbin3_recobin0 acc 0.0726 eff 0.022 outinratio 0.0245 

WminusH126_4mu_pTHj_genbin3_recobin0 acc 0.0579 eff 0.026 outinratio 0.0188 

WplusH126_4mu_pTHj_genbin3_recobin0 acc 0.049 eff 0.0241 outinratio 0.0228 

ZH126_4mu_pTHj_genbin3_recobin0 acc 0.0547 eff 0.0246 outinratio 0.0784 

ttH126_4mu_pTHj_genbin3_recobin0 acc 0.0152 eff 0.0 outinratio 0.0 

ggH126_4mu_pTHj_genbin4_recobin0 acc 0.0433 eff 0.0303 outinratio 0.0056 

VBFH126_4mu_pTHj_genbin4_recobin0 acc 0.1844 eff 0.0203 outinratio 0.0245 

WminusH126_4mu_pTHj_genbin4_recobin0 acc 0.1216 eff 0.0192 outinratio 0.0188 

WplusH126_4mu_pTHj_genbin4_recobin0 acc 0.1104 eff 0.0115 outinratio 0.0228 

ZH126_4mu_pTHj_genbin4_recobin0 acc 0.122 eff 0.0181 outinratio 0.0784 

ttH126_4mu_pTHj_genbin4_recobin0 acc 0.1245 eff 0.0018 outinratio 0.0 

ggH126_4mu_pTHj_genbin5_recobin0 acc 0.0132 eff 0.0 outinratio 0.0056 

VBFH126_4mu_pTHj_genbin5_recobin0 acc 0.0584 eff 0.0018 outinratio 0.0245 

WminusH126_4mu_pTHj_genbin5_recobin0 acc 0.068 eff 0.0086 outinratio 0.0188 

WplusH126_4mu_pTHj_genbin5_recobin0 acc 0.0616 eff 0.0129 outinratio 0.0228 

ZH126_4mu_pTHj_genbin5_recobin0 acc 0.069 eff 0.0026 outinratio 0.0784 

ttH126_4mu_pTHj_genbin5_recobin0 acc 0.3785 eff 0.0 outinratio 0.0 

ggH126_4mu_pTHj_genbin0_recobin1 acc 0.3183 eff 0.0042 outinratio 0.0037 

VBFH126_4mu_pTHj_genbin0_recobin1 acc 0.0732 eff 0.0356 outinratio 0.0 

WminusH126_4mu_pTHj_genbin0_recobin1 acc 0.1082 eff 0.0061 outinratio 0.0011 

WplusH126_4mu_pTHj_genbin0_recobin1 acc 0.0957 eff 0.0032 outinratio 0.0 

ZH126_4mu_pTHj_genbin0_recobin1 acc 0.0872 eff 0.0026 outinratio 0.0101 

ttH126_4mu_pTHj_genbin0_recobin1 acc 0.0012 eff -1.0 outinratio 0.5983 

ggH126_4mu_pTHj_genbin1_recobin1 acc 0.0272 eff 0.3255 outinratio 0.0037 

VBFH126_4mu_pTHj_genbin1_recobin1 acc 0.0269 eff 0.1929 outinratio 0.0 

WminusH126_4mu_pTHj_genbin1_recobin1 acc 0.0179 eff 0.2269 outinratio 0.0011 

WplusH126_4mu_pTHj_genbin1_recobin1 acc 0.015 eff 0.2393 outinratio 0.0 

ZH126_4mu_pTHj_genbin1_recobin1 acc 0.0163 eff 0.2628 outinratio 0.0101 

ttH126_4mu_pTHj_genbin1_recobin1 acc 0.0025 eff -1.0 outinratio 0.5983 

ggH126_4mu_pTHj_genbin2_recobin1 acc 0.0493 eff 0.0614 outinratio 0.0037 

VBFH126_4mu_pTHj_genbin2_recobin1 acc 0.0838 eff 0.0604 outinratio 0.0 

WminusH126_4mu_pTHj_genbin2_recobin1 acc 0.0661 eff 0.0523 outinratio 0.0011 

WplusH126_4mu_pTHj_genbin2_recobin1 acc 0.0564 eff 0.0427 outinratio 0.0 

ZH126_4mu_pTHj_genbin2_recobin1 acc 0.0535 eff 0.0316 outinratio 0.0101 

ttH126_4mu_pTHj_genbin2_recobin1 acc 0.0206 eff 0.0359 outinratio 0.5983 

ggH126_4mu_pTHj_genbin3_recobin1 acc 0.0261 eff 0.0 outinratio 0.0037 

VBFH126_4mu_pTHj_genbin3_recobin1 acc 0.0726 eff 0.0028 outinratio 0.0 

WminusH126_4mu_pTHj_genbin3_recobin1 acc 0.0579 eff 0.0068 outinratio 0.0011 

WplusH126_4mu_pTHj_genbin3_recobin1 acc 0.049 eff 0.001 outinratio 0.0 

ZH126_4mu_pTHj_genbin3_recobin1 acc 0.0547 eff 0.0 outinratio 0.0101 

ttH126_4mu_pTHj_genbin3_recobin1 acc 0.0152 eff 0.0 outinratio 0.5983 

ggH126_4mu_pTHj_genbin4_recobin1 acc 0.0433 eff 0.0 outinratio 0.0037 

VBFH126_4mu_pTHj_genbin4_recobin1 acc 0.1844 eff 0.0004 outinratio 0.0 

WminusH126_4mu_pTHj_genbin4_recobin1 acc 0.1216 eff 0.002 outinratio 0.0011 

WplusH126_4mu_pTHj_genbin4_recobin1 acc 0.1104 eff 0.001 outinratio 0.0 

ZH126_4mu_pTHj_genbin4_recobin1 acc 0.122 eff 0.0 outinratio 0.0101 

ttH126_4mu_pTHj_genbin4_recobin1 acc 0.1245 eff 0.0 outinratio 0.5983 

ggH126_4mu_pTHj_genbin5_recobin1 acc 0.0132 eff 0.0 outinratio 0.0037 

VBFH126_4mu_pTHj_genbin5_recobin1 acc 0.0584 eff 0.0 outinratio 0.0 

WminusH126_4mu_pTHj_genbin5_recobin1 acc 0.068 eff 0.0019 outinratio 0.0011 

WplusH126_4mu_pTHj_genbin5_recobin1 acc 0.0616 eff 0.0018 outinratio 0.0 

ZH126_4mu_pTHj_genbin5_recobin1 acc 0.069 eff 0.0005 outinratio 0.0101 

ttH126_4mu_pTHj_genbin5_recobin1 acc 0.3785 eff 0.0 outinratio 0.5983 

ggH126_4mu_pTHj_genbin0_recobin2 acc 0.3183 eff 0.0203 outinratio 0.0 

VBFH126_4mu_pTHj_genbin0_recobin2 acc 0.0732 eff 0.0631 outinratio 0.0079 

WminusH126_4mu_pTHj_genbin0_recobin2 acc 0.1082 eff 0.0272 outinratio 0.0065 

WplusH126_4mu_pTHj_genbin0_recobin2 acc 0.0957 eff 0.0214 outinratio 0.0161 

ZH126_4mu_pTHj_genbin0_recobin2 acc 0.0872 eff 0.0122 outinratio 0.034 

ttH126_4mu_pTHj_genbin0_recobin2 acc 0.0012 eff -1.0 outinratio 0.1168 

ggH126_4mu_pTHj_genbin1_recobin2 acc 0.0272 eff 0.2325 outinratio 0.0 

VBFH126_4mu_pTHj_genbin1_recobin2 acc 0.0269 eff 0.2762 outinratio 0.0079 

WminusH126_4mu_pTHj_genbin1_recobin2 acc 0.0179 eff 0.2094 outinratio 0.0065 

WplusH126_4mu_pTHj_genbin1_recobin2 acc 0.015 eff 0.2125 outinratio 0.0161 

ZH126_4mu_pTHj_genbin1_recobin2 acc 0.0163 eff 0.2229 outinratio 0.034 

ttH126_4mu_pTHj_genbin1_recobin2 acc 0.0025 eff -1.0 outinratio 0.1168 

ggH126_4mu_pTHj_genbin2_recobin2 acc 0.0493 eff 0.3787 outinratio 0.0 

VBFH126_4mu_pTHj_genbin2_recobin2 acc 0.0838 eff 0.301 outinratio 0.0079 

WminusH126_4mu_pTHj_genbin2_recobin2 acc 0.0661 eff 0.3393 outinratio 0.0065 

WplusH126_4mu_pTHj_genbin2_recobin2 acc 0.0564 eff 0.3268 outinratio 0.0161 

ZH126_4mu_pTHj_genbin2_recobin2 acc 0.0535 eff 0.3398 outinratio 0.034 

ttH126_4mu_pTHj_genbin2_recobin2 acc 0.0206 eff 0.1163 outinratio 0.1168 

ggH126_4mu_pTHj_genbin3_recobin2 acc 0.0261 eff 0.1107 outinratio 0.0 

VBFH126_4mu_pTHj_genbin3_recobin2 acc 0.0726 eff 0.1039 outinratio 0.0079 

WminusH126_4mu_pTHj_genbin3_recobin2 acc 0.0579 eff 0.0845 outinratio 0.0065 

WplusH126_4mu_pTHj_genbin3_recobin2 acc 0.049 eff 0.0755 outinratio 0.0161 

ZH126_4mu_pTHj_genbin3_recobin2 acc 0.0547 eff 0.059 outinratio 0.034 

ttH126_4mu_pTHj_genbin3_recobin2 acc 0.0152 eff 0.082 outinratio 0.1168 

ggH126_4mu_pTHj_genbin4_recobin2 acc 0.0433 eff 0.0089 outinratio 0.0 

VBFH126_4mu_pTHj_genbin4_recobin2 acc 0.1844 eff 0.0134 outinratio 0.0079 

WminusH126_4mu_pTHj_genbin4_recobin2 acc 0.1216 eff 0.013 outinratio 0.0065 

WplusH126_4mu_pTHj_genbin4_recobin2 acc 0.1104 eff 0.0066 outinratio 0.0161 

ZH126_4mu_pTHj_genbin4_recobin2 acc 0.122 eff 0.0176 outinratio 0.034 

ttH126_4mu_pTHj_genbin4_recobin2 acc 0.1245 eff 0.0071 outinratio 0.1168 

ggH126_4mu_pTHj_genbin5_recobin2 acc 0.0132 eff 0.0034 outinratio 0.0 

VBFH126_4mu_pTHj_genbin5_recobin2 acc 0.0584 eff 0.004 outinratio 0.0079 

WminusH126_4mu_pTHj_genbin5_recobin2 acc 0.068 eff 0.0038 outinratio 0.0065 

WplusH126_4mu_pTHj_genbin5_recobin2 acc 0.0616 eff 0.0 outinratio 0.0161 

ZH126_4mu_pTHj_genbin5_recobin2 acc 0.069 eff 0.001 outinratio 0.034 

ttH126_4mu_pTHj_genbin5_recobin2 acc 0.3785 eff 0.0032 outinratio 0.1168 

ggH126_4mu_pTHj_genbin0_recobin3 acc 0.3183 eff 0.0104 outinratio 0.0054 

VBFH126_4mu_pTHj_genbin0_recobin3 acc 0.0732 eff 0.0307 outinratio 0.0133 

WminusH126_4mu_pTHj_genbin0_recobin3 acc 0.1082 eff 0.0235 outinratio 0.005 

WplusH126_4mu_pTHj_genbin0_recobin3 acc 0.0957 eff 0.0125 outinratio 0.0088 

ZH126_4mu_pTHj_genbin0_recobin3 acc 0.0872 eff 0.0105 outinratio 0.0211 

ttH126_4mu_pTHj_genbin0_recobin3 acc 0.0012 eff -1.0 outinratio 0.1547 

ggH126_4mu_pTHj_genbin1_recobin3 acc 0.0272 eff 0.0124 outinratio 0.0054 

VBFH126_4mu_pTHj_genbin1_recobin3 acc 0.0269 eff 0.0116 outinratio 0.0133 

WminusH126_4mu_pTHj_genbin1_recobin3 acc 0.0179 eff 0.0352 outinratio 0.005 

WplusH126_4mu_pTHj_genbin1_recobin3 acc 0.015 eff 0.0371 outinratio 0.0088 

ZH126_4mu_pTHj_genbin1_recobin3 acc 0.0163 eff 0.0459 outinratio 0.0211 

ttH126_4mu_pTHj_genbin1_recobin3 acc 0.0025 eff -1.0 outinratio 0.1547 

ggH126_4mu_pTHj_genbin2_recobin3 acc 0.0493 eff 0.0784 outinratio 0.0054 

VBFH126_4mu_pTHj_genbin2_recobin3 acc 0.0838 eff 0.1161 outinratio 0.0133 

WminusH126_4mu_pTHj_genbin2_recobin3 acc 0.0661 eff 0.0986 outinratio 0.005 

WplusH126_4mu_pTHj_genbin2_recobin3 acc 0.0564 eff 0.1117 outinratio 0.0088 

ZH126_4mu_pTHj_genbin2_recobin3 acc 0.0535 eff 0.0883 outinratio 0.0211 

ttH126_4mu_pTHj_genbin2_recobin3 acc 0.0206 eff 0.0605 outinratio 0.1547 

ggH126_4mu_pTHj_genbin3_recobin3 acc 0.0261 eff 0.3501 outinratio 0.0054 

VBFH126_4mu_pTHj_genbin3_recobin3 acc 0.0726 eff 0.25 outinratio 0.0133 

WminusH126_4mu_pTHj_genbin3_recobin3 acc 0.0579 eff 0.307 outinratio 0.005 

WplusH126_4mu_pTHj_genbin3_recobin3 acc 0.049 eff 0.3109 outinratio 0.0088 

ZH126_4mu_pTHj_genbin3_recobin3 acc 0.0547 eff 0.3148 outinratio 0.0211 

ttH126_4mu_pTHj_genbin3_recobin3 acc 0.0152 eff 0.1789 outinratio 0.1547 

ggH126_4mu_pTHj_genbin4_recobin3 acc 0.0433 eff 0.0624 outinratio 0.0054 

VBFH126_4mu_pTHj_genbin4_recobin3 acc 0.1844 eff 0.0474 outinratio 0.0133 

WminusH126_4mu_pTHj_genbin4_recobin3 acc 0.1216 eff 0.0484 outinratio 0.005 

WplusH126_4mu_pTHj_genbin4_recobin3 acc 0.1104 eff 0.0461 outinratio 0.0088 

ZH126_4mu_pTHj_genbin4_recobin3 acc 0.122 eff 0.0489 outinratio 0.0211 

ttH126_4mu_pTHj_genbin4_recobin3 acc 0.1245 eff 0.0136 outinratio 0.1547 

ggH126_4mu_pTHj_genbin5_recobin3 acc 0.0132 eff 0.0 outinratio 0.0054 

VBFH126_4mu_pTHj_genbin5_recobin3 acc 0.0584 eff 0.0 outinratio 0.0133 

WminusH126_4mu_pTHj_genbin5_recobin3 acc 0.068 eff 0.0029 outinratio 0.005 

WplusH126_4mu_pTHj_genbin5_recobin3 acc 0.0616 eff 0.0043 outinratio 0.0088 

ZH126_4mu_pTHj_genbin5_recobin3 acc 0.069 eff 0.0079 outinratio 0.0211 

ttH126_4mu_pTHj_genbin5_recobin3 acc 0.3785 eff 0.003 outinratio 0.1547 

ggH126_4mu_pTHj_genbin0_recobin4 acc 0.3183 eff 0.0253 outinratio 0.0072 

VBFH126_4mu_pTHj_genbin0_recobin4 acc 0.0732 eff 0.0303 outinratio 0.0 

WminusH126_4mu_pTHj_genbin0_recobin4 acc 0.1082 eff 0.0521 outinratio 0.01 

WplusH126_4mu_pTHj_genbin0_recobin4 acc 0.0957 eff 0.0559 outinratio 0.0056 

ZH126_4mu_pTHj_genbin0_recobin4 acc 0.0872 eff 0.0296 outinratio 0.0379 

ttH126_4mu_pTHj_genbin0_recobin4 acc 0.0012 eff -1.0 outinratio 0.0256 

ggH126_4mu_pTHj_genbin1_recobin4 acc 0.0272 eff 0.0074 outinratio 0.0072 

VBFH126_4mu_pTHj_genbin1_recobin4 acc 0.0269 eff 0.0133 outinratio 0.0 

WminusH126_4mu_pTHj_genbin1_recobin4 acc 0.0179 eff 0.0106 outinratio 0.01 

WplusH126_4mu_pTHj_genbin1_recobin4 acc 0.015 eff 0.0295 outinratio 0.0056 

ZH126_4mu_pTHj_genbin1_recobin4 acc 0.0163 eff 0.0222 outinratio 0.0379 

ttH126_4mu_pTHj_genbin1_recobin4 acc 0.0025 eff -1.0 outinratio 0.0256 

ggH126_4mu_pTHj_genbin2_recobin4 acc 0.0493 eff 0.0249 outinratio 0.0072 

VBFH126_4mu_pTHj_genbin2_recobin4 acc 0.0838 eff 0.0586 outinratio 0.0 

WminusH126_4mu_pTHj_genbin2_recobin4 acc 0.0661 eff 0.0439 outinratio 0.01 

WplusH126_4mu_pTHj_genbin2_recobin4 acc 0.0564 eff 0.0462 outinratio 0.0056 

ZH126_4mu_pTHj_genbin2_recobin4 acc 0.0535 eff 0.0407 outinratio 0.0379 

ttH126_4mu_pTHj_genbin2_recobin4 acc 0.0206 eff 0.056 outinratio 0.0256 

ggH126_4mu_pTHj_genbin3_recobin4 acc 0.0261 eff 0.1476 outinratio 0.0072 

VBFH126_4mu_pTHj_genbin3_recobin4 acc 0.0726 eff 0.2218 outinratio 0.0 

WminusH126_4mu_pTHj_genbin3_recobin4 acc 0.0579 eff 0.1566 outinratio 0.01 

WplusH126_4mu_pTHj_genbin3_recobin4 acc 0.049 eff 0.1428 outinratio 0.0056 

ZH126_4mu_pTHj_genbin3_recobin4 acc 0.0547 eff 0.1646 outinratio 0.0379 

ttH126_4mu_pTHj_genbin3_recobin4 acc 0.0152 eff 0.0054 outinratio 0.0256 

ggH126_4mu_pTHj_genbin4_recobin4 acc 0.0433 eff 0.4623 outinratio 0.0072 

VBFH126_4mu_pTHj_genbin4_recobin4 acc 0.1844 eff 0.4975 outinratio 0.0 

WminusH126_4mu_pTHj_genbin4_recobin4 acc 0.1216 eff 0.4299 outinratio 0.01 

WplusH126_4mu_pTHj_genbin4_recobin4 acc 0.1104 eff 0.4361 outinratio 0.0056 

ZH126_4mu_pTHj_genbin4_recobin4 acc 0.122 eff 0.441 outinratio 0.0379 

ttH126_4mu_pTHj_genbin4_recobin4 acc 0.1245 eff 0.3021 outinratio 0.0256 

ggH126_4mu_pTHj_genbin5_recobin4 acc 0.0132 eff 0.0382 outinratio 0.0072 

VBFH126_4mu_pTHj_genbin5_recobin4 acc 0.0584 eff 0.0824 outinratio 0.0 

WminusH126_4mu_pTHj_genbin5_recobin4 acc 0.068 eff 0.0634 outinratio 0.01 

WplusH126_4mu_pTHj_genbin5_recobin4 acc 0.0616 eff 0.0456 outinratio 0.0056 

ZH126_4mu_pTHj_genbin5_recobin4 acc 0.069 eff 0.0638 outinratio 0.0379 

ttH126_4mu_pTHj_genbin5_recobin4 acc 0.3785 eff 0.0291 outinratio 0.0256 

ggH126_4mu_pTHj_genbin0_recobin5 acc 0.3183 eff 0.0014 outinratio 0.0 

VBFH126_4mu_pTHj_genbin0_recobin5 acc 0.0732 eff 0.0049 outinratio 0.0 

WminusH126_4mu_pTHj_genbin0_recobin5 acc 0.1082 eff 0.0243 outinratio 0.0088 

WplusH126_4mu_pTHj_genbin0_recobin5 acc 0.0957 eff 0.0377 outinratio 0.0122 

ZH126_4mu_pTHj_genbin0_recobin5 acc 0.0872 eff 0.0129 outinratio 0.0946 

ttH126_4mu_pTHj_genbin0_recobin5 acc 0.0012 eff -1.0 outinratio 0.0288 

ggH126_4mu_pTHj_genbin1_recobin5 acc 0.0272 eff 0.0058 outinratio 0.0 

VBFH126_4mu_pTHj_genbin1_recobin5 acc 0.0269 eff 0.0 outinratio 0.0 

WminusH126_4mu_pTHj_genbin1_recobin5 acc 0.0179 eff 0.0078 outinratio 0.0088 

WplusH126_4mu_pTHj_genbin1_recobin5 acc 0.015 eff 0.0059 outinratio 0.0122 

ZH126_4mu_pTHj_genbin1_recobin5 acc 0.0163 eff 0.0184 outinratio 0.0946 

ttH126_4mu_pTHj_genbin1_recobin5 acc 0.0025 eff -1.0 outinratio 0.0288 

ggH126_4mu_pTHj_genbin2_recobin5 acc 0.0493 eff 0.0048 outinratio 0.0 

VBFH126_4mu_pTHj_genbin2_recobin5 acc 0.0838 eff 0.0067 outinratio 0.0 

WminusH126_4mu_pTHj_genbin2_recobin5 acc 0.0661 eff 0.0125 outinratio 0.0088 

WplusH126_4mu_pTHj_genbin2_recobin5 acc 0.0564 eff 0.0064 outinratio 0.0122 

ZH126_4mu_pTHj_genbin2_recobin5 acc 0.0535 eff 0.0103 outinratio 0.0946 

ttH126_4mu_pTHj_genbin2_recobin5 acc 0.0206 eff 0.056 outinratio 0.0288 

ggH126_4mu_pTHj_genbin3_recobin5 acc 0.0261 eff 0.0 outinratio 0.0 

VBFH126_4mu_pTHj_genbin3_recobin5 acc 0.0726 eff 0.0111 outinratio 0.0 

WminusH126_4mu_pTHj_genbin3_recobin5 acc 0.0579 eff 0.0087 outinratio 0.0088 

WplusH126_4mu_pTHj_genbin3_recobin5 acc 0.049 eff 0.0121 outinratio 0.0122 

ZH126_4mu_pTHj_genbin3_recobin5 acc 0.0547 eff 0.0167 outinratio 0.0946 

ttH126_4mu_pTHj_genbin3_recobin5 acc 0.0152 eff 0.0201 outinratio 0.0288 

ggH126_4mu_pTHj_genbin4_recobin5 acc 0.0433 eff 0.0356 outinratio 0.0 

VBFH126_4mu_pTHj_genbin4_recobin5 acc 0.1844 eff 0.065 outinratio 0.0 

WminusH126_4mu_pTHj_genbin4_recobin5 acc 0.1216 eff 0.0393 outinratio 0.0088 

WplusH126_4mu_pTHj_genbin4_recobin5 acc 0.1104 eff 0.0375 outinratio 0.0122 

ZH126_4mu_pTHj_genbin4_recobin5 acc 0.122 eff 0.0432 outinratio 0.0946 

ttH126_4mu_pTHj_genbin4_recobin5 acc 0.1245 eff 0.0777 outinratio 0.0288 

ggH126_4mu_pTHj_genbin5_recobin5 acc 0.0132 eff 0.4858 outinratio 0.0 

VBFH126_4mu_pTHj_genbin5_recobin5 acc 0.0584 eff 0.4962 outinratio 0.0 

WminusH126_4mu_pTHj_genbin5_recobin5 acc 0.068 eff 0.4586 outinratio 0.0088 

WplusH126_4mu_pTHj_genbin5_recobin5 acc 0.0616 eff 0.507 outinratio 0.0122 

ZH126_4mu_pTHj_genbin5_recobin5 acc 0.069 eff 0.4571 outinratio 0.0946 

ttH126_4mu_pTHj_genbin5_recobin5 acc 0.3785 eff 0.3761 outinratio 0.0288 

ggH126_2e2mu_pTHj_genbin0_recobin0 acc 0.2907 eff 0.4279 outinratio 0.0086 

VBFH126_2e2mu_pTHj_genbin0_recobin0 acc 0.0757 eff 0.3409 outinratio 0.0088 

WminusH126_2e2mu_pTHj_genbin0_recobin0 acc 0.0987 eff 0.3228 outinratio 0.0382 

WplusH126_2e2mu_pTHj_genbin0_recobin0 acc 0.0851 eff 0.3306 outinratio 0.0275 

ZH126_2e2mu_pTHj_genbin0_recobin0 acc 0.0858 eff 0.4199 outinratio 0.0662 

ttH126_2e2mu_pTHj_genbin0_recobin0 acc 0.0023 eff -1.0 outinratio 0.0 

ggH126_2e2mu_pTHj_genbin1_recobin0 acc 0.027 eff 0.0612 outinratio 0.0086 

VBFH126_2e2mu_pTHj_genbin1_recobin0 acc 0.0225 eff 0.0286 outinratio 0.0088 

WminusH126_2e2mu_pTHj_genbin1_recobin0 acc 0.0178 eff 0.0277 outinratio 0.0382 

WplusH126_2e2mu_pTHj_genbin1_recobin0 acc 0.0149 eff 0.0219 outinratio 0.0275 

ZH126_2e2mu_pTHj_genbin1_recobin0 acc 0.0151 eff 0.0357 outinratio 0.0662 

ttH126_2e2mu_pTHj_genbin1_recobin0 acc 0.0033 eff 0.0 outinratio 0.0 

ggH126_2e2mu_pTHj_genbin2_recobin0 acc 0.0485 eff 0.0633 outinratio 0.0086 

VBFH126_2e2mu_pTHj_genbin2_recobin0 acc 0.0778 eff 0.0299 outinratio 0.0088 

WminusH126_2e2mu_pTHj_genbin2_recobin0 acc 0.0593 eff 0.0316 outinratio 0.0382 

WplusH126_2e2mu_pTHj_genbin2_recobin0 acc 0.0505 eff 0.0279 outinratio 0.0275 

ZH126_2e2mu_pTHj_genbin2_recobin0 acc 0.0517 eff 0.0326 outinratio 0.0662 

ttH126_2e2mu_pTHj_genbin2_recobin0 acc 0.0157 eff 0.0 outinratio 0.0 

ggH126_2e2mu_pTHj_genbin3_recobin0 acc 0.0254 eff 0.0446 outinratio 0.0086 

VBFH126_2e2mu_pTHj_genbin3_recobin0 acc 0.0759 eff 0.0212 outinratio 0.0088 

WminusH126_2e2mu_pTHj_genbin3_recobin0 acc 0.0505 eff 0.0171 outinratio 0.0382 

WplusH126_2e2mu_pTHj_genbin3_recobin0 acc 0.0462 eff 0.018 outinratio 0.0275 

ZH126_2e2mu_pTHj_genbin3_recobin0 acc 0.0528 eff 0.0283 outinratio 0.0662 

ttH126_2e2mu_pTHj_genbin3_recobin0 acc 0.0211 eff 0.0044 outinratio 0.0 

ggH126_2e2mu_pTHj_genbin4_recobin0 acc 0.0401 eff 0.0331 outinratio 0.0086 

VBFH126_2e2mu_pTHj_genbin4_recobin0 acc 0.1742 eff 0.0153 outinratio 0.0088 

WminusH126_2e2mu_pTHj_genbin4_recobin0 acc 0.1156 eff 0.0127 outinratio 0.0382 

WplusH126_2e2mu_pTHj_genbin4_recobin0 acc 0.1037 eff 0.01 outinratio 0.0275 

ZH126_2e2mu_pTHj_genbin4_recobin0 acc 0.1188 eff 0.0148 outinratio 0.0662 

ttH126_2e2mu_pTHj_genbin4_recobin0 acc 0.1101 eff 0.0008 outinratio 0.0 

ggH126_2e2mu_pTHj_genbin5_recobin0 acc 0.0129 eff 0.0 outinratio 0.0086 

VBFH126_2e2mu_pTHj_genbin5_recobin0 acc 0.0526 eff 0.0029 outinratio 0.0088 

WminusH126_2e2mu_pTHj_genbin5_recobin0 acc 0.0616 eff 0.0106 outinratio 0.0382 

WplusH126_2e2mu_pTHj_genbin5_recobin0 acc 0.0591 eff 0.0073 outinratio 0.0275 

ZH126_2e2mu_pTHj_genbin5_recobin0 acc 0.0608 eff 0.0026 outinratio 0.0662 

ttH126_2e2mu_pTHj_genbin5_recobin0 acc 0.3337 eff 0.0 outinratio 0.0 

ggH126_2e2mu_pTHj_genbin0_recobin1 acc 0.2907 eff 0.0061 outinratio 0.0 

VBFH126_2e2mu_pTHj_genbin0_recobin1 acc 0.0757 eff 0.0031 outinratio 0.0 

WminusH126_2e2mu_pTHj_genbin0_recobin1 acc 0.0987 eff 0.0054 outinratio 0.0069 

WplusH126_2e2mu_pTHj_genbin0_recobin1 acc 0.0851 eff 0.0023 outinratio 0.0272 

ZH126_2e2mu_pTHj_genbin0_recobin1 acc 0.0858 eff 0.0018 outinratio 0.0344 

ttH126_2e2mu_pTHj_genbin0_recobin1 acc 0.0023 eff -1.0 outinratio 0.1842 

ggH126_2e2mu_pTHj_genbin1_recobin1 acc 0.027 eff 0.2309 outinratio 0.0 

VBFH126_2e2mu_pTHj_genbin1_recobin1 acc 0.0225 eff 0.1801 outinratio 0.0 

WminusH126_2e2mu_pTHj_genbin1_recobin1 acc 0.0178 eff 0.2129 outinratio 0.0069 

WplusH126_2e2mu_pTHj_genbin1_recobin1 acc 0.0149 eff 0.2716 outinratio 0.0272 

ZH126_2e2mu_pTHj_genbin1_recobin1 acc 0.0151 eff 0.2291 outinratio 0.0344 

ttH126_2e2mu_pTHj_genbin1_recobin1 acc 0.0033 eff 0.052 outinratio 0.1842 

ggH126_2e2mu_pTHj_genbin2_recobin1 acc 0.0485 eff 0.0355 outinratio 0.0 

VBFH126_2e2mu_pTHj_genbin2_recobin1 acc 0.0778 eff 0.0679 outinratio 0.0 

WminusH126_2e2mu_pTHj_genbin2_recobin1 acc 0.0593 eff 0.0347 outinratio 0.0069 

WplusH126_2e2mu_pTHj_genbin2_recobin1 acc 0.0505 eff 0.0335 outinratio 0.0272 

ZH126_2e2mu_pTHj_genbin2_recobin1 acc 0.0517 eff 0.0376 outinratio 0.0344 

ttH126_2e2mu_pTHj_genbin2_recobin1 acc 0.0157 eff 0.0049 outinratio 0.1842 

ggH126_2e2mu_pTHj_genbin3_recobin1 acc 0.0254 eff 0.0018 outinratio 0.0 

VBFH126_2e2mu_pTHj_genbin3_recobin1 acc 0.0759 eff 0.0012 outinratio 0.0 

WminusH126_2e2mu_pTHj_genbin3_recobin1 acc 0.0505 eff 0.0048 outinratio 0.0069 

WplusH126_2e2mu_pTHj_genbin3_recobin1 acc 0.0462 eff 0.0056 outinratio 0.0272 

ZH126_2e2mu_pTHj_genbin3_recobin1 acc 0.0528 eff 0.0045 outinratio 0.0344 

ttH126_2e2mu_pTHj_genbin3_recobin1 acc 0.0211 eff 0.0122 outinratio 0.1842 

ggH126_2e2mu_pTHj_genbin4_recobin1 acc 0.0401 eff 0.0 outinratio 0.0 

VBFH126_2e2mu_pTHj_genbin4_recobin1 acc 0.1742 eff 0.0027 outinratio 0.0 

WminusH126_2e2mu_pTHj_genbin4_recobin1 acc 0.1156 eff 0.0014 outinratio 0.0069 

WplusH126_2e2mu_pTHj_genbin4_recobin1 acc 0.1037 eff 0.002 outinratio 0.0272 

ZH126_2e2mu_pTHj_genbin4_recobin1 acc 0.1188 eff 0.0012 outinratio 0.0344 

ttH126_2e2mu_pTHj_genbin4_recobin1 acc 0.1101 eff 0.0 outinratio 0.1842 

ggH126_2e2mu_pTHj_genbin5_recobin1 acc 0.0129 eff 0.0 outinratio 0.0 

VBFH126_2e2mu_pTHj_genbin5_recobin1 acc 0.0526 eff 0.0 outinratio 0.0 

WminusH126_2e2mu_pTHj_genbin5_recobin1 acc 0.0616 eff 0.0006 outinratio 0.0069 

WplusH126_2e2mu_pTHj_genbin5_recobin1 acc 0.0591 eff 0.0017 outinratio 0.0272 

ZH126_2e2mu_pTHj_genbin5_recobin1 acc 0.0608 eff 0.0 outinratio 0.0344 

ttH126_2e2mu_pTHj_genbin5_recobin1 acc 0.3337 eff 0.0003 outinratio 0.1842 

ggH126_2e2mu_pTHj_genbin0_recobin2 acc 0.2907 eff 0.0143 outinratio 0.005 

VBFH126_2e2mu_pTHj_genbin0_recobin2 acc 0.0757 eff 0.0556 outinratio 0.0067 

WminusH126_2e2mu_pTHj_genbin0_recobin2 acc 0.0987 eff 0.0229 outinratio 0.0067 

WplusH126_2e2mu_pTHj_genbin0_recobin2 acc 0.0851 eff 0.0225 outinratio 0.0081 

ZH126_2e2mu_pTHj_genbin0_recobin2 acc 0.0858 eff 0.0162 outinratio 0.0177 

ttH126_2e2mu_pTHj_genbin0_recobin2 acc 0.0023 eff -1.0 outinratio 0.1248 

ggH126_2e2mu_pTHj_genbin1_recobin2 acc 0.027 eff 0.1705 outinratio 0.005 

VBFH126_2e2mu_pTHj_genbin1_recobin2 acc 0.0225 eff 0.1278 outinratio 0.0067 

WminusH126_2e2mu_pTHj_genbin1_recobin2 acc 0.0178 eff 0.1892 outinratio 0.0067 

WplusH126_2e2mu_pTHj_genbin1_recobin2 acc 0.0149 eff 0.2063 outinratio 0.0081 

ZH126_2e2mu_pTHj_genbin1_recobin2 acc 0.0151 eff 0.1696 outinratio 0.0177 

ttH126_2e2mu_pTHj_genbin1_recobin2 acc 0.0033 eff 0.0601 outinratio 0.1248 

ggH126_2e2mu_pTHj_genbin2_recobin2 acc 0.0485 eff 0.2734 outinratio 0.005 

VBFH126_2e2mu_pTHj_genbin2_recobin2 acc 0.0778 eff 0.2596 outinratio 0.0067 

WminusH126_2e2mu_pTHj_genbin2_recobin2 acc 0.0593 eff 0.2777 outinratio 0.0067 

WplusH126_2e2mu_pTHj_genbin2_recobin2 acc 0.0505 eff 0.2703 outinratio 0.0081 

ZH126_2e2mu_pTHj_genbin2_recobin2 acc 0.0517 eff 0.2434 outinratio 0.0177 

ttH126_2e2mu_pTHj_genbin2_recobin2 acc 0.0157 eff 0.203 outinratio 0.1248 

ggH126_2e2mu_pTHj_genbin3_recobin2 acc 0.0254 eff 0.0889 outinratio 0.005 

VBFH126_2e2mu_pTHj_genbin3_recobin2 acc 0.0759 eff 0.0907 outinratio 0.0067 

WminusH126_2e2mu_pTHj_genbin3_recobin2 acc 0.0505 eff 0.0719 outinratio 0.0067 

WplusH126_2e2mu_pTHj_genbin3_recobin2 acc 0.0462 eff 0.0886 outinratio 0.0081 

ZH126_2e2mu_pTHj_genbin3_recobin2 acc 0.0528 eff 0.0579 outinratio 0.0177 

ttH126_2e2mu_pTHj_genbin3_recobin2 acc 0.0211 eff 0.0858 outinratio 0.1248 

ggH126_2e2mu_pTHj_genbin4_recobin2 acc 0.0401 eff 0.0156 outinratio 0.005 

VBFH126_2e2mu_pTHj_genbin4_recobin2 acc 0.1742 eff 0.0123 outinratio 0.0067 

WminusH126_2e2mu_pTHj_genbin4_recobin2 acc 0.1156 eff 0.0081 outinratio 0.0067 

WplusH126_2e2mu_pTHj_genbin4_recobin2 acc 0.1037 eff 0.0108 outinratio 0.0081 

ZH126_2e2mu_pTHj_genbin4_recobin2 acc 0.1188 eff 0.0094 outinratio 0.0177 

ttH126_2e2mu_pTHj_genbin4_recobin2 acc 0.1101 eff 0.0031 outinratio 0.1248 

ggH126_2e2mu_pTHj_genbin5_recobin2 acc 0.0129 eff 0.0072 outinratio 0.005 

VBFH126_2e2mu_pTHj_genbin5_recobin2 acc 0.0526 eff 0.0 outinratio 0.0067 

WminusH126_2e2mu_pTHj_genbin5_recobin2 acc 0.0616 eff 0.0024 outinratio 0.0067 

WplusH126_2e2mu_pTHj_genbin5_recobin2 acc 0.0591 eff 0.0028 outinratio 0.0081 

ZH126_2e2mu_pTHj_genbin5_recobin2 acc 0.0608 eff 0.0025 outinratio 0.0177 

ttH126_2e2mu_pTHj_genbin5_recobin2 acc 0.3337 eff 0.0006 outinratio 0.1248 

ggH126_2e2mu_pTHj_genbin0_recobin3 acc 0.2907 eff 0.0109 outinratio 0.0108 

VBFH126_2e2mu_pTHj_genbin0_recobin3 acc 0.0757 eff 0.0273 outinratio 0.0052 

WminusH126_2e2mu_pTHj_genbin0_recobin3 acc 0.0987 eff 0.0163 outinratio 0.0175 

WplusH126_2e2mu_pTHj_genbin0_recobin3 acc 0.0851 eff 0.0188 outinratio 0.0116 

ZH126_2e2mu_pTHj_genbin0_recobin3 acc 0.0858 eff 0.0115 outinratio 0.0179 

ttH126_2e2mu_pTHj_genbin0_recobin3 acc 0.0023 eff -1.0 outinratio 0.0318 

ggH126_2e2mu_pTHj_genbin1_recobin3 acc 0.027 eff 0.0233 outinratio 0.0108 

VBFH126_2e2mu_pTHj_genbin1_recobin3 acc 0.0225 eff 0.0569 outinratio 0.0052 

WminusH126_2e2mu_pTHj_genbin1_recobin3 acc 0.0178 eff 0.0172 outinratio 0.0175 

WplusH126_2e2mu_pTHj_genbin1_recobin3 acc 0.0149 eff 0.0445 outinratio 0.0116 

ZH126_2e2mu_pTHj_genbin1_recobin3 acc 0.0151 eff 0.0303 outinratio 0.0179 

ttH126_2e2mu_pTHj_genbin1_recobin3 acc 0.0033 eff 0.0537 outinratio 0.0318 

ggH126_2e2mu_pTHj_genbin2_recobin3 acc 0.0485 eff 0.0649 outinratio 0.0108 

VBFH126_2e2mu_pTHj_genbin2_recobin3 acc 0.0778 eff 0.0811 outinratio 0.0052 

WminusH126_2e2mu_pTHj_genbin2_recobin3 acc 0.0593 eff 0.0822 outinratio 0.0175 

WplusH126_2e2mu_pTHj_genbin2_recobin3 acc 0.0505 eff 0.0944 outinratio 0.0116 

ZH126_2e2mu_pTHj_genbin2_recobin3 acc 0.0517 eff 0.0806 outinratio 0.0179 

ttH126_2e2mu_pTHj_genbin2_recobin3 acc 0.0157 eff 0.1017 outinratio 0.0318 

ggH126_2e2mu_pTHj_genbin3_recobin3 acc 0.0254 eff 0.2654 outinratio 0.0108 

VBFH126_2e2mu_pTHj_genbin3_recobin3 acc 0.0759 eff 0.2521 outinratio 0.0052 

WminusH126_2e2mu_pTHj_genbin3_recobin3 acc 0.0505 eff 0.2332 outinratio 0.0175 

WplusH126_2e2mu_pTHj_genbin3_recobin3 acc 0.0462 eff 0.2254 outinratio 0.0116 

ZH126_2e2mu_pTHj_genbin3_recobin3 acc 0.0528 eff 0.2464 outinratio 0.0179 

ttH126_2e2mu_pTHj_genbin3_recobin3 acc 0.0211 eff 0.1132 outinratio 0.0318 

ggH126_2e2mu_pTHj_genbin4_recobin3 acc 0.0401 eff 0.0241 outinratio 0.0108 

VBFH126_2e2mu_pTHj_genbin4_recobin3 acc 0.1742 eff 0.0412 outinratio 0.0052 

WminusH126_2e2mu_pTHj_genbin4_recobin3 acc 0.1156 eff 0.0393 outinratio 0.0175 

WplusH126_2e2mu_pTHj_genbin4_recobin3 acc 0.1037 eff 0.0354 outinratio 0.0116 

ZH126_2e2mu_pTHj_genbin4_recobin3 acc 0.1188 eff 0.0413 outinratio 0.0179 

ttH126_2e2mu_pTHj_genbin4_recobin3 acc 0.1101 eff 0.0157 outinratio 0.0318 

ggH126_2e2mu_pTHj_genbin5_recobin3 acc 0.0129 eff 0.0098 outinratio 0.0108 

VBFH126_2e2mu_pTHj_genbin5_recobin3 acc 0.0526 eff 0.002 outinratio 0.0052 

WminusH126_2e2mu_pTHj_genbin5_recobin3 acc 0.0616 eff 0.0026 outinratio 0.0175 

WplusH126_2e2mu_pTHj_genbin5_recobin3 acc 0.0591 eff 0.0024 outinratio 0.0116 

ZH126_2e2mu_pTHj_genbin5_recobin3 acc 0.0608 eff 0.002 outinratio 0.0179 

ttH126_2e2mu_pTHj_genbin5_recobin3 acc 0.3337 eff 0.0025 outinratio 0.0318 

ggH126_2e2mu_pTHj_genbin0_recobin4 acc 0.2907 eff 0.0128 outinratio 0.0097 

VBFH126_2e2mu_pTHj_genbin0_recobin4 acc 0.0757 eff 0.0525 outinratio 0.0083 

WminusH126_2e2mu_pTHj_genbin0_recobin4 acc 0.0987 eff 0.0491 outinratio 0.0105 

WplusH126_2e2mu_pTHj_genbin0_recobin4 acc 0.0851 eff 0.0365 outinratio 0.0097 

ZH126_2e2mu_pTHj_genbin0_recobin4 acc 0.0858 eff 0.022 outinratio 0.057 

ttH126_2e2mu_pTHj_genbin0_recobin4 acc 0.0023 eff -1.0 outinratio 0.0485 

ggH126_2e2mu_pTHj_genbin1_recobin4 acc 0.027 eff 0.0071 outinratio 0.0097 

VBFH126_2e2mu_pTHj_genbin1_recobin4 acc 0.0225 eff 0.0395 outinratio 0.0083 

WminusH126_2e2mu_pTHj_genbin1_recobin4 acc 0.0178 eff 0.0151 outinratio 0.0105 

WplusH126_2e2mu_pTHj_genbin1_recobin4 acc 0.0149 eff 0.0173 outinratio 0.0097 

ZH126_2e2mu_pTHj_genbin1_recobin4 acc 0.0151 eff 0.0148 outinratio 0.057 

ttH126_2e2mu_pTHj_genbin1_recobin4 acc 0.0033 eff 0.0 outinratio 0.0485 

ggH126_2e2mu_pTHj_genbin2_recobin4 acc 0.0485 eff 0.0182 outinratio 0.0097 

VBFH126_2e2mu_pTHj_genbin2_recobin4 acc 0.0778 eff 0.0452 outinratio 0.0083 

WminusH126_2e2mu_pTHj_genbin2_recobin4 acc 0.0593 eff 0.0332 outinratio 0.0105 

WplusH126_2e2mu_pTHj_genbin2_recobin4 acc 0.0505 eff 0.021 outinratio 0.0097 

ZH126_2e2mu_pTHj_genbin2_recobin4 acc 0.0517 eff 0.0464 outinratio 0.057 

ttH126_2e2mu_pTHj_genbin2_recobin4 acc 0.0157 eff 0.0008 outinratio 0.0485 

ggH126_2e2mu_pTHj_genbin3_recobin4 acc 0.0254 eff 0.1143 outinratio 0.0097 

VBFH126_2e2mu_pTHj_genbin3_recobin4 acc 0.0759 eff 0.1438 outinratio 0.0083 

WminusH126_2e2mu_pTHj_genbin3_recobin4 acc 0.0505 eff 0.1225 outinratio 0.0105 

WplusH126_2e2mu_pTHj_genbin3_recobin4 acc 0.0462 eff 0.1129 outinratio 0.0097 

ZH126_2e2mu_pTHj_genbin3_recobin4 acc 0.0528 eff 0.1024 outinratio 0.057 

ttH126_2e2mu_pTHj_genbin3_recobin4 acc 0.0211 eff 0.1257 outinratio 0.0485 

ggH126_2e2mu_pTHj_genbin4_recobin4 acc 0.0401 eff 0.3745 outinratio 0.0097 

VBFH126_2e2mu_pTHj_genbin4_recobin4 acc 0.1742 eff 0.3941 outinratio 0.0083 

WminusH126_2e2mu_pTHj_genbin4_recobin4 acc 0.1156 eff 0.3811 outinratio 0.0105 

WplusH126_2e2mu_pTHj_genbin4_recobin4 acc 0.1037 eff 0.3613 outinratio 0.0097 

ZH126_2e2mu_pTHj_genbin4_recobin4 acc 0.1188 eff 0.3583 outinratio 0.057 

ttH126_2e2mu_pTHj_genbin4_recobin4 acc 0.1101 eff 0.261 outinratio 0.0485 

ggH126_2e2mu_pTHj_genbin5_recobin4 acc 0.0129 eff 0.035 outinratio 0.0097 

VBFH126_2e2mu_pTHj_genbin5_recobin4 acc 0.0526 eff 0.0641 outinratio 0.0083 

WminusH126_2e2mu_pTHj_genbin5_recobin4 acc 0.0616 eff 0.0577 outinratio 0.0105 

WplusH126_2e2mu_pTHj_genbin5_recobin4 acc 0.0591 eff 0.0468 outinratio 0.0097 

ZH126_2e2mu_pTHj_genbin5_recobin4 acc 0.0608 eff 0.0371 outinratio 0.057 

ttH126_2e2mu_pTHj_genbin5_recobin4 acc 0.3337 eff 0.0121 outinratio 0.0485 

ggH126_2e2mu_pTHj_genbin0_recobin5 acc 0.2907 eff 0.0011 outinratio 0.0079 

VBFH126_2e2mu_pTHj_genbin0_recobin5 acc 0.0757 eff 0.0022 outinratio 0.011 

WminusH126_2e2mu_pTHj_genbin0_recobin5 acc 0.0987 eff 0.0257 outinratio 0.0243 

WplusH126_2e2mu_pTHj_genbin0_recobin5 acc 0.0851 eff 0.0365 outinratio 0.0168 

ZH126_2e2mu_pTHj_genbin0_recobin5 acc 0.0858 eff 0.0191 outinratio 0.0649 

ttH126_2e2mu_pTHj_genbin0_recobin5 acc 0.0023 eff -1.0 outinratio 0.0591 

ggH126_2e2mu_pTHj_genbin1_recobin5 acc 0.027 eff 0.001 outinratio 0.0079 

VBFH126_2e2mu_pTHj_genbin1_recobin5 acc 0.0225 eff 0.0104 outinratio 0.011 

WminusH126_2e2mu_pTHj_genbin1_recobin5 acc 0.0178 eff 0.0059 outinratio 0.0243 

WplusH126_2e2mu_pTHj_genbin1_recobin5 acc 0.0149 eff 0.0044 outinratio 0.0168 

ZH126_2e2mu_pTHj_genbin1_recobin5 acc 0.0151 eff 0.0067 outinratio 0.0649 

ttH126_2e2mu_pTHj_genbin1_recobin5 acc 0.0033 eff 0.0258 outinratio 0.0591 

ggH126_2e2mu_pTHj_genbin2_recobin5 acc 0.0485 eff 0.0016 outinratio 0.0079 

VBFH126_2e2mu_pTHj_genbin2_recobin5 acc 0.0778 eff 0.0037 outinratio 0.011 

WminusH126_2e2mu_pTHj_genbin2_recobin5 acc 0.0593 eff 0.0073 outinratio 0.0243 

WplusH126_2e2mu_pTHj_genbin2_recobin5 acc 0.0505 eff 0.0081 outinratio 0.0168 

ZH126_2e2mu_pTHj_genbin2_recobin5 acc 0.0517 eff 0.0071 outinratio 0.0649 

ttH126_2e2mu_pTHj_genbin2_recobin5 acc 0.0157 eff 0.0769 outinratio 0.0591 

ggH126_2e2mu_pTHj_genbin3_recobin5 acc 0.0254 eff 0.0024 outinratio 0.0079 

VBFH126_2e2mu_pTHj_genbin3_recobin5 acc 0.0759 eff 0.0053 outinratio 0.011 

WminusH126_2e2mu_pTHj_genbin3_recobin5 acc 0.0505 eff 0.009 outinratio 0.0243 

WplusH126_2e2mu_pTHj_genbin3_recobin5 acc 0.0462 eff 0.0123 outinratio 0.0168 

ZH126_2e2mu_pTHj_genbin3_recobin5 acc 0.0528 eff 0.006 outinratio 0.0649 

ttH126_2e2mu_pTHj_genbin3_recobin5 acc 0.0211 eff 0.0345 outinratio 0.0591 

ggH126_2e2mu_pTHj_genbin4_recobin5 acc 0.0401 eff 0.0332 outinratio 0.0079 

VBFH126_2e2mu_pTHj_genbin4_recobin5 acc 0.1742 eff 0.0503 outinratio 0.011 

WminusH126_2e2mu_pTHj_genbin4_recobin5 acc 0.1156 eff 0.0308 outinratio 0.0243 

WplusH126_2e2mu_pTHj_genbin4_recobin5 acc 0.1037 eff 0.0428 outinratio 0.0168 

ZH126_2e2mu_pTHj_genbin4_recobin5 acc 0.1188 eff 0.0352 outinratio 0.0649 

ttH126_2e2mu_pTHj_genbin4_recobin5 acc 0.1101 eff 0.0957 outinratio 0.0591 

ggH126_2e2mu_pTHj_genbin5_recobin5 acc 0.0129 eff 0.4254 outinratio 0.0079 

VBFH126_2e2mu_pTHj_genbin5_recobin5 acc 0.0526 eff 0.4587 outinratio 0.011 

WminusH126_2e2mu_pTHj_genbin5_recobin5 acc 0.0616 eff 0.4052 outinratio 0.0243 

WplusH126_2e2mu_pTHj_genbin5_recobin5 acc 0.0591 eff 0.383 outinratio 0.0168 

ZH126_2e2mu_pTHj_genbin5_recobin5 acc 0.0608 eff 0.429 outinratio 0.0649 

ttH126_2e2mu_pTHj_genbin5_recobin5 acc 0.3337 eff 0.3466 outinratio 0.0591 

Coeff fullNNLOPS
