Welcome in RunCoefficients!
OPT SPLIT
DEBUG opt.YEAR = 2024_2
It is a single-differential measurement, binning [105.0, 160.0]
ZZMass
Following observables extracted from dictionary: RECO =  ZZMass  GEN =  GENmass4l
LUMI: 10.882200000000001
ttH126 0.00046886125
Processing ggH126 2024_2
Signal created
Signal failed created
Processing VBFH126 2024_2
Signal created
Signal failed created
Processing WminusH126 2024_2
Signal created
Signal failed created
Processing WplusH126 2024_2
Signal created
Signal failed created
Processing ZH126 2024_2
Signal created
Signal failed created
Processing ttH126 2024_2
Signal created
Signal failed created
2024_2 SKIMMED df CREATED
2024_2 ggH126
2024_2 VBFH126
2024_2 WminusH126
2024_2 WplusH126
2024_2 ZH126
2024_2 ttH126
Dataframes created successfully
Coeff std
ggH126_4l_mass4l_genbin0_recobin0 acc 0.4067 eff 0.5521 outinratio 0.0535 

VBFH126_4l_mass4l_genbin0_recobin0 acc 0.4532 eff 0.5729 outinratio 0.0352 

WminusH126_4l_mass4l_genbin0_recobin0 acc 0.3549 eff 0.5504 outinratio 0.074 

WplusH126_4l_mass4l_genbin0_recobin0 acc 0.3183 eff 0.5527 outinratio 0.0663 

ZH126_4l_mass4l_genbin0_recobin0 acc 0.3394 eff 0.5602 outinratio 0.0789 

ttH126_4l_mass4l_genbin0_recobin0 acc 0.3189 eff 0.5519 outinratio 0.17 

ggH126_4e_mass4l_genbin0_recobin0 acc 0.3924 eff 0.3304 outinratio 0.0485 

VBFH126_4e_mass4l_genbin0_recobin0 acc 0.4374 eff 0.3516 outinratio 0.0332 

WminusH126_4e_mass4l_genbin0_recobin0 acc 0.3446 eff 0.3399 outinratio 0.0751 

WplusH126_4e_mass4l_genbin0_recobin0 acc 0.3059 eff 0.3132 outinratio 0.0814 

ZH126_4e_mass4l_genbin0_recobin0 acc 0.3227 eff 0.348 outinratio 0.077 

ttH126_4e_mass4l_genbin0_recobin0 acc 0.3159 eff 0.3464 outinratio 0.1943 

ggH126_4mu_mass4l_genbin0_recobin0 acc 0.4306 eff 0.8013 outinratio 0.0552 

VBFH126_4mu_mass4l_genbin0_recobin0 acc 0.4825 eff 0.8262 outinratio 0.0357 

WminusH126_4mu_mass4l_genbin0_recobin0 acc 0.3765 eff 0.81 outinratio 0.0616 

WplusH126_4mu_mass4l_genbin0_recobin0 acc 0.3398 eff 0.8141 outinratio 0.0459 

ZH126_4mu_mass4l_genbin0_recobin0 acc 0.3546 eff 0.8217 outinratio 0.0807 

ttH126_4mu_mass4l_genbin0_recobin0 acc 0.3446 eff 0.804 outinratio 0.1406 

ggH126_2e2mu_mass4l_genbin0_recobin0 acc 0.4014 eff 0.5236 outinratio 0.0535 

VBFH126_2e2mu_mass4l_genbin0_recobin0 acc 0.4459 eff 0.5427 outinratio 0.0355 

WminusH126_2e2mu_mass4l_genbin0_recobin0 acc 0.3488 eff 0.5107 outinratio 0.0852 

WplusH126_2e2mu_mass4l_genbin0_recobin0 acc 0.3132 eff 0.5239 outinratio 0.0807 

ZH126_2e2mu_mass4l_genbin0_recobin0 acc 0.3403 eff 0.5231 outinratio 0.078 

ttH126_2e2mu_mass4l_genbin0_recobin0 acc 0.3068 eff 0.5154 outinratio 0.1884 

Coeff fullNNLOPS
