Welcome in RunCoefficients!
OPT SPLIT
DEBUG opt.YEAR = 2024_10
It is a single-differential measurement, binning [105.0, 160.0]
ZZMass
Following observables extracted from dictionary: RECO =  ZZMass  GEN =  GENmass4l
LUMI: 10.882200000000001
ttH126 0.00046886125
Processing ggH126 2024_10
Signal created
Signal failed created
Processing VBFH126 2024_10
Signal created
Signal failed created
Processing WminusH126 2024_10
Signal created
Signal failed created
Processing WplusH126 2024_10
Signal created
Signal failed created
Processing ZH126 2024_10
Signal created
Signal failed created
Processing ttH126 2024_10
Signal created
Signal failed created
2024_10 SKIMMED df CREATED
2024_10 ggH126
2024_10 VBFH126
2024_10 WminusH126
2024_10 WplusH126
2024_10 ZH126
2024_10 ttH126
Dataframes created successfully
Coeff std
ggH126_4l_mass4l_genbin0_recobin0 acc 0.4067 eff 0.5581 outinratio 0.0511 

VBFH126_4l_mass4l_genbin0_recobin0 acc 0.4501 eff 0.5707 outinratio 0.0325 

WminusH126_4l_mass4l_genbin0_recobin0 acc 0.3523 eff 0.554 outinratio 0.0741 

WplusH126_4l_mass4l_genbin0_recobin0 acc 0.3145 eff 0.5421 outinratio 0.0658 

ZH126_4l_mass4l_genbin0_recobin0 acc 0.3461 eff 0.5554 outinratio 0.0733 

ttH126_4l_mass4l_genbin0_recobin0 acc 0.3189 eff 0.5519 outinratio 0.17 

ggH126_4e_mass4l_genbin0_recobin0 acc 0.3792 eff 0.3417 outinratio 0.0507 

VBFH126_4e_mass4l_genbin0_recobin0 acc 0.4366 eff 0.3633 outinratio 0.0336 

WminusH126_4e_mass4l_genbin0_recobin0 acc 0.344 eff 0.3415 outinratio 0.0694 

WplusH126_4e_mass4l_genbin0_recobin0 acc 0.3024 eff 0.3438 outinratio 0.0751 

ZH126_4e_mass4l_genbin0_recobin0 acc 0.3309 eff 0.3523 outinratio 0.0702 

ttH126_4e_mass4l_genbin0_recobin0 acc 0.3159 eff 0.3464 outinratio 0.1943 

ggH126_4mu_mass4l_genbin0_recobin0 acc 0.4318 eff 0.8029 outinratio 0.0512 

VBFH126_4mu_mass4l_genbin0_recobin0 acc 0.4833 eff 0.8195 outinratio 0.035 

WminusH126_4mu_mass4l_genbin0_recobin0 acc 0.3785 eff 0.8049 outinratio 0.065 

WplusH126_4mu_mass4l_genbin0_recobin0 acc 0.3283 eff 0.7761 outinratio 0.0678 

ZH126_4mu_mass4l_genbin0_recobin0 acc 0.3642 eff 0.8117 outinratio 0.0689 

ttH126_4mu_mass4l_genbin0_recobin0 acc 0.3446 eff 0.804 outinratio 0.1406 

ggH126_2e2mu_mass4l_genbin0_recobin0 acc 0.408 eff 0.526 outinratio 0.0511 

VBFH126_2e2mu_mass4l_genbin0_recobin0 acc 0.4395 eff 0.5364 outinratio 0.0297 

WminusH126_2e2mu_mass4l_genbin0_recobin0 acc 0.3428 eff 0.5207 outinratio 0.0842 

WplusH126_2e2mu_mass4l_genbin0_recobin0 acc 0.3136 eff 0.5114 outinratio 0.0609 

ZH126_2e2mu_mass4l_genbin0_recobin0 acc 0.3445 eff 0.5155 outinratio 0.0783 

ttH126_2e2mu_mass4l_genbin0_recobin0 acc 0.3068 eff 0.5154 outinratio 0.1884 

Coeff fullNNLOPS
