Welcome in RunCoefficients!
OPT SPLIT
DEBUG opt.YEAR = 2022_2
It is a single-differential measurement, binning [0.0, 1.0, 2.0, 3.0, 4.0, 20.0]
Nj
Following observables extracted from dictionary: RECO =  Nj  GEN =  GENNj
LUMI: 1.9951
ttH126 0.00016778593
Processing ggH126 2022_2
Signal created
Signal failed created
Processing VBFH126 2022_2
Signal created
Signal failed created
Processing WminusH126 2022_2
Signal created
Signal failed created
Processing WplusH126 2022_2
Signal created
Signal failed created
Processing ZH126 2022_2
Signal created
Signal failed created
Processing ttH126 2022_2
Signal created
Signal failed created
2022_2 SKIMMED df CREATED
2022_2 ggH126
2022_2 VBFH126
2022_2 WminusH126
2022_2 WplusH126
2022_2 ZH126
2022_2 ttH126
Dataframes created successfully
Coeff std
ggH126_4l_Nj_genbin0_recobin0 acc 0.294 eff 0.4345 outinratio 0.0074 

VBFH126_4l_Nj_genbin0_recobin0 acc 0.0735 eff 0.3616 outinratio 0.0088 

WminusH126_4l_Nj_genbin0_recobin0 acc 0.1021 eff 0.3298 outinratio 0.0384 

WplusH126_4l_Nj_genbin0_recobin0 acc 0.0865 eff 0.343 outinratio 0.034 

ZH126_4l_Nj_genbin0_recobin0 acc 0.0839 eff 0.3935 outinratio 0.0786 

ttH126_4l_Nj_genbin0_recobin0 acc 0.0013 eff 0.0597 outinratio 0.0 

ggH126_4l_Nj_genbin1_recobin0 acc 0.1105 eff 0.0594 outinratio 0.0074 

VBFH126_4l_Nj_genbin1_recobin0 acc 0.2153 eff 0.042 outinratio 0.0088 

WminusH126_4l_Nj_genbin1_recobin0 acc 0.137 eff 0.035 outinratio 0.0384 

WplusH126_4l_Nj_genbin1_recobin0 acc 0.1204 eff 0.0339 outinratio 0.034 

ZH126_4l_Nj_genbin1_recobin0 acc 0.1259 eff 0.0385 outinratio 0.0786 

ttH126_4l_Nj_genbin1_recobin0 acc 0.0132 eff 0.0239 outinratio 0.0 

ggH126_4l_Nj_genbin2_recobin0 acc 0.0325 eff 0.0054 outinratio 0.0074 

VBFH126_4l_Nj_genbin2_recobin0 acc 0.1697 eff 0.0012 outinratio 0.0088 

WminusH126_4l_Nj_genbin2_recobin0 acc 0.1162 eff 0.0039 outinratio 0.0384 

WplusH126_4l_Nj_genbin2_recobin0 acc 0.104 eff 0.0046 outinratio 0.034 

ZH126_4l_Nj_genbin2_recobin0 acc 0.1194 eff 0.0088 outinratio 0.0786 

ttH126_4l_Nj_genbin2_recobin0 acc 0.0495 eff 0.006 outinratio 0.0 

ggH126_4l_Nj_genbin3_recobin0 acc 0.0084 eff 0.0018 outinratio 0.0074 

VBFH126_4l_Nj_genbin3_recobin0 acc 0.0198 eff 0.0 outinratio 0.0088 

WminusH126_4l_Nj_genbin3_recobin0 acc 0.0404 eff 0.0002 outinratio 0.0384 

WplusH126_4l_Nj_genbin3_recobin0 acc 0.0372 eff 0.0006 outinratio 0.034 

ZH126_4l_Nj_genbin3_recobin0 acc 0.0408 eff 0.0035 outinratio 0.0786 

ttH126_4l_Nj_genbin3_recobin0 acc 0.0948 eff 0.0 outinratio 0.0 

ggH126_4l_Nj_genbin4_recobin0 acc 0.003 eff 0.0 outinratio 0.0074 

VBFH126_4l_Nj_genbin4_recobin0 acc 0.0036 eff 0.0 outinratio 0.0088 

WminusH126_4l_Nj_genbin4_recobin0 acc 0.0181 eff 0.0 outinratio 0.0384 

WplusH126_4l_Nj_genbin4_recobin0 acc 0.017 eff 0.0 outinratio 0.034 

ZH126_4l_Nj_genbin4_recobin0 acc 0.0203 eff 0.0 outinratio 0.0786 

ttH126_4l_Nj_genbin4_recobin0 acc 0.3292 eff 0.0 outinratio 0.0 

ggH126_4l_Nj_genbin0_recobin1 acc 0.294 eff 0.0432 outinratio 0.0086 

VBFH126_4l_Nj_genbin0_recobin1 acc 0.0735 eff 0.1094 outinratio 0.0088 

WminusH126_4l_Nj_genbin0_recobin1 acc 0.1021 eff 0.1102 outinratio 0.0174 

WplusH126_4l_Nj_genbin0_recobin1 acc 0.0865 eff 0.0997 outinratio 0.0174 

ZH126_4l_Nj_genbin0_recobin1 acc 0.0839 eff 0.0603 outinratio 0.0615 

ttH126_4l_Nj_genbin0_recobin1 acc 0.0013 eff 0.3035 outinratio 0.0437 

ggH126_4l_Nj_genbin1_recobin1 acc 0.1105 eff 0.3861 outinratio 0.0086 

VBFH126_4l_Nj_genbin1_recobin1 acc 0.2153 eff 0.4072 outinratio 0.0088 

WminusH126_4l_Nj_genbin1_recobin1 acc 0.137 eff 0.3298 outinratio 0.0174 

WplusH126_4l_Nj_genbin1_recobin1 acc 0.1204 eff 0.3323 outinratio 0.0174 

ZH126_4l_Nj_genbin1_recobin1 acc 0.1259 eff 0.3373 outinratio 0.0615 

ttH126_4l_Nj_genbin1_recobin1 acc 0.0132 eff 0.1235 outinratio 0.0437 

ggH126_4l_Nj_genbin2_recobin1 acc 0.0325 eff 0.0885 outinratio 0.0086 

VBFH126_4l_Nj_genbin2_recobin1 acc 0.1697 eff 0.085 outinratio 0.0088 

WminusH126_4l_Nj_genbin2_recobin1 acc 0.1162 eff 0.0767 outinratio 0.0174 

WplusH126_4l_Nj_genbin2_recobin1 acc 0.104 eff 0.0715 outinratio 0.0174 

ZH126_4l_Nj_genbin2_recobin1 acc 0.1194 eff 0.0913 outinratio 0.0615 

ttH126_4l_Nj_genbin2_recobin1 acc 0.0495 eff 0.0401 outinratio 0.0437 

ggH126_4l_Nj_genbin3_recobin1 acc 0.0084 eff 0.0139 outinratio 0.0086 

VBFH126_4l_Nj_genbin3_recobin1 acc 0.0198 eff 0.0115 outinratio 0.0088 

WminusH126_4l_Nj_genbin3_recobin1 acc 0.0404 eff 0.0137 outinratio 0.0174 

WplusH126_4l_Nj_genbin3_recobin1 acc 0.0372 eff 0.0105 outinratio 0.0174 

ZH126_4l_Nj_genbin3_recobin1 acc 0.0408 eff 0.0115 outinratio 0.0615 

ttH126_4l_Nj_genbin3_recobin1 acc 0.0948 eff 0.0049 outinratio 0.0437 

ggH126_4l_Nj_genbin4_recobin1 acc 0.003 eff 0.0075 outinratio 0.0086 

VBFH126_4l_Nj_genbin4_recobin1 acc 0.0036 eff 0.0176 outinratio 0.0088 

WminusH126_4l_Nj_genbin4_recobin1 acc 0.0181 eff 0.0004 outinratio 0.0174 

WplusH126_4l_Nj_genbin4_recobin1 acc 0.017 eff 0.0012 outinratio 0.0174 

ZH126_4l_Nj_genbin4_recobin1 acc 0.0203 eff 0.0013 outinratio 0.0615 

ttH126_4l_Nj_genbin4_recobin1 acc 0.3292 eff 0.0 outinratio 0.0437 

ggH126_4l_Nj_genbin0_recobin2 acc 0.294 eff 0.0033 outinratio 0.0092 

VBFH126_4l_Nj_genbin0_recobin2 acc 0.0735 eff 0.0133 outinratio 0.0041 

WminusH126_4l_Nj_genbin0_recobin2 acc 0.1021 eff 0.0088 outinratio 0.0104 

WplusH126_4l_Nj_genbin0_recobin2 acc 0.0865 eff 0.0096 outinratio 0.0101 

ZH126_4l_Nj_genbin0_recobin2 acc 0.0839 eff 0.0067 outinratio 0.0396 

ttH126_4l_Nj_genbin0_recobin2 acc 0.0013 eff 0.1876 outinratio 0.0761 

ggH126_4l_Nj_genbin1_recobin2 acc 0.1105 eff 0.0432 outinratio 0.0092 

VBFH126_4l_Nj_genbin1_recobin2 acc 0.2153 eff 0.0715 outinratio 0.0041 

WminusH126_4l_Nj_genbin1_recobin2 acc 0.137 eff 0.0844 outinratio 0.0104 

WplusH126_4l_Nj_genbin1_recobin2 acc 0.1204 eff 0.0873 outinratio 0.0101 

ZH126_4l_Nj_genbin1_recobin2 acc 0.1259 eff 0.0686 outinratio 0.0396 

ttH126_4l_Nj_genbin1_recobin2 acc 0.0132 eff 0.1507 outinratio 0.0761 

ggH126_4l_Nj_genbin2_recobin2 acc 0.0325 eff 0.3577 outinratio 0.0092 

VBFH126_4l_Nj_genbin2_recobin2 acc 0.1697 eff 0.4141 outinratio 0.0041 

WminusH126_4l_Nj_genbin2_recobin2 acc 0.1162 eff 0.354 outinratio 0.0104 

WplusH126_4l_Nj_genbin2_recobin2 acc 0.104 eff 0.3495 outinratio 0.0101 

ZH126_4l_Nj_genbin2_recobin2 acc 0.1194 eff 0.3316 outinratio 0.0396 

ttH126_4l_Nj_genbin2_recobin2 acc 0.0495 eff 0.1585 outinratio 0.0761 

ggH126_4l_Nj_genbin3_recobin2 acc 0.0084 eff 0.1213 outinratio 0.0092 

VBFH126_4l_Nj_genbin3_recobin2 acc 0.0198 eff 0.1082 outinratio 0.0041 

WminusH126_4l_Nj_genbin3_recobin2 acc 0.0404 eff 0.1086 outinratio 0.0104 

WplusH126_4l_Nj_genbin3_recobin2 acc 0.0372 eff 0.1074 outinratio 0.0101 

ZH126_4l_Nj_genbin3_recobin2 acc 0.0408 eff 0.1019 outinratio 0.0396 

ttH126_4l_Nj_genbin3_recobin2 acc 0.0948 eff 0.057 outinratio 0.0761 

ggH126_4l_Nj_genbin4_recobin2 acc 0.003 eff 0.0412 outinratio 0.0092 

VBFH126_4l_Nj_genbin4_recobin2 acc 0.0036 eff 0.0189 outinratio 0.0041 

WminusH126_4l_Nj_genbin4_recobin2 acc 0.0181 eff 0.0225 outinratio 0.0104 

WplusH126_4l_Nj_genbin4_recobin2 acc 0.017 eff 0.0135 outinratio 0.0101 

ZH126_4l_Nj_genbin4_recobin2 acc 0.0203 eff 0.0187 outinratio 0.0396 

ttH126_4l_Nj_genbin4_recobin2 acc 0.3292 eff 0.0069 outinratio 0.0761 

ggH126_4l_Nj_genbin0_recobin3 acc 0.294 eff 0.0004 outinratio 0.0039 

VBFH126_4l_Nj_genbin0_recobin3 acc 0.0735 eff 0.0 outinratio 0.1621 

WminusH126_4l_Nj_genbin0_recobin3 acc 0.1021 eff 0.0006 outinratio 0.0169 

WplusH126_4l_Nj_genbin0_recobin3 acc 0.0865 eff 0.0007 outinratio 0.0072 

ZH126_4l_Nj_genbin0_recobin3 acc 0.0839 eff 0.0009 outinratio 0.032 

ttH126_4l_Nj_genbin0_recobin3 acc 0.0013 eff 0.044 outinratio 0.0476 

ggH126_4l_Nj_genbin1_recobin3 acc 0.1105 eff 0.0018 outinratio 0.0039 

VBFH126_4l_Nj_genbin1_recobin3 acc 0.2153 eff 0.002 outinratio 0.1621 

WminusH126_4l_Nj_genbin1_recobin3 acc 0.137 eff 0.0073 outinratio 0.0169 

WplusH126_4l_Nj_genbin1_recobin3 acc 0.1204 eff 0.0063 outinratio 0.0072 

ZH126_4l_Nj_genbin1_recobin3 acc 0.1259 eff 0.0052 outinratio 0.032 

ttH126_4l_Nj_genbin1_recobin3 acc 0.0132 eff 0.0287 outinratio 0.0476 

ggH126_4l_Nj_genbin2_recobin3 acc 0.0325 eff 0.0344 outinratio 0.0039 

VBFH126_4l_Nj_genbin2_recobin3 acc 0.1697 eff 0.0388 outinratio 0.1621 

WminusH126_4l_Nj_genbin2_recobin3 acc 0.1162 eff 0.0516 outinratio 0.0169 

WplusH126_4l_Nj_genbin2_recobin3 acc 0.104 eff 0.0473 outinratio 0.0072 

ZH126_4l_Nj_genbin2_recobin3 acc 0.1194 eff 0.0404 outinratio 0.032 

ttH126_4l_Nj_genbin2_recobin3 acc 0.0495 eff 0.112 outinratio 0.0476 

ggH126_4l_Nj_genbin3_recobin3 acc 0.0084 eff 0.3284 outinratio 0.0039 

VBFH126_4l_Nj_genbin3_recobin3 acc 0.0198 eff 0.4096 outinratio 0.1621 

WminusH126_4l_Nj_genbin3_recobin3 acc 0.0404 eff 0.3039 outinratio 0.0169 

WplusH126_4l_Nj_genbin3_recobin3 acc 0.0372 eff 0.3125 outinratio 0.0072 

ZH126_4l_Nj_genbin3_recobin3 acc 0.0408 eff 0.304 outinratio 0.032 

ttH126_4l_Nj_genbin3_recobin3 acc 0.0948 eff 0.1916 outinratio 0.0476 

ggH126_4l_Nj_genbin4_recobin3 acc 0.003 eff 0.1002 outinratio 0.0039 

VBFH126_4l_Nj_genbin4_recobin3 acc 0.0036 eff 0.0963 outinratio 0.1621 

WminusH126_4l_Nj_genbin4_recobin3 acc 0.0181 eff 0.0964 outinratio 0.0169 

WplusH126_4l_Nj_genbin4_recobin3 acc 0.017 eff 0.1023 outinratio 0.0072 

ZH126_4l_Nj_genbin4_recobin3 acc 0.0203 eff 0.09 outinratio 0.032 

ttH126_4l_Nj_genbin4_recobin3 acc 0.3292 eff 0.0436 outinratio 0.0476 

ggH126_4l_Nj_genbin0_recobin4 acc 0.294 eff 0.0 outinratio 0.0217 

VBFH126_4l_Nj_genbin0_recobin4 acc 0.0735 eff 0.0 outinratio 0.0 

WminusH126_4l_Nj_genbin0_recobin4 acc 0.1021 eff 0.0 outinratio 0.0168 

WplusH126_4l_Nj_genbin0_recobin4 acc 0.0865 eff 0.0001 outinratio 0.013 

ZH126_4l_Nj_genbin0_recobin4 acc 0.0839 eff 0.0 outinratio 0.0301 

ttH126_4l_Nj_genbin0_recobin4 acc 0.0013 eff 0.0 outinratio 0.0316 

ggH126_4l_Nj_genbin1_recobin4 acc 0.1105 eff 0.0 outinratio 0.0217 

VBFH126_4l_Nj_genbin1_recobin4 acc 0.2153 eff 0.0 outinratio 0.0 

WminusH126_4l_Nj_genbin1_recobin4 acc 0.137 eff 0.0006 outinratio 0.0168 

WplusH126_4l_Nj_genbin1_recobin4 acc 0.1204 eff 0.0008 outinratio 0.013 

ZH126_4l_Nj_genbin1_recobin4 acc 0.1259 eff 0.0004 outinratio 0.0301 

ttH126_4l_Nj_genbin1_recobin4 acc 0.0132 eff 0.0036 outinratio 0.0316 

ggH126_4l_Nj_genbin2_recobin4 acc 0.0325 eff 0.0033 outinratio 0.0217 

VBFH126_4l_Nj_genbin2_recobin4 acc 0.1697 eff 0.0003 outinratio 0.0 

WminusH126_4l_Nj_genbin2_recobin4 acc 0.1162 eff 0.0042 outinratio 0.0168 

WplusH126_4l_Nj_genbin2_recobin4 acc 0.104 eff 0.0047 outinratio 0.013 

ZH126_4l_Nj_genbin2_recobin4 acc 0.1194 eff 0.0051 outinratio 0.0301 

ttH126_4l_Nj_genbin2_recobin4 acc 0.0495 eff 0.0385 outinratio 0.0316 

ggH126_4l_Nj_genbin3_recobin4 acc 0.0084 eff 0.0397 outinratio 0.0217 

VBFH126_4l_Nj_genbin3_recobin4 acc 0.0198 eff 0.0279 outinratio 0.0 

WminusH126_4l_Nj_genbin3_recobin4 acc 0.0404 eff 0.051 outinratio 0.0168 

WplusH126_4l_Nj_genbin3_recobin4 acc 0.0372 eff 0.0504 outinratio 0.013 

ZH126_4l_Nj_genbin3_recobin4 acc 0.0408 eff 0.0461 outinratio 0.0301 

ttH126_4l_Nj_genbin3_recobin4 acc 0.0948 eff 0.0982 outinratio 0.0316 

ggH126_4l_Nj_genbin4_recobin4 acc 0.003 eff 0.4119 outinratio 0.0217 

VBFH126_4l_Nj_genbin4_recobin4 acc 0.0036 eff 0.2786 outinratio 0.0 

WminusH126_4l_Nj_genbin4_recobin4 acc 0.0181 eff 0.356 outinratio 0.0168 

WplusH126_4l_Nj_genbin4_recobin4 acc 0.017 eff 0.3603 outinratio 0.013 

ZH126_4l_Nj_genbin4_recobin4 acc 0.0203 eff 0.36 outinratio 0.0301 

ttH126_4l_Nj_genbin4_recobin4 acc 0.3292 eff 0.3428 outinratio 0.0316 

ggH126_4e_Nj_genbin0_recobin0 acc 0.2817 eff 0.3319 outinratio 0.0095 

VBFH126_4e_Nj_genbin0_recobin0 acc 0.068 eff 0.2975 outinratio 0.0187 

WminusH126_4e_Nj_genbin0_recobin0 acc 0.0988 eff 0.2576 outinratio 0.0339 

WplusH126_4e_Nj_genbin0_recobin0 acc 0.0833 eff 0.2839 outinratio 0.0498 

ZH126_4e_Nj_genbin0_recobin0 acc 0.0793 eff 0.3175 outinratio 0.0864 

ttH126_4e_Nj_genbin0_recobin0 acc 0.0011 eff -1.0 outinratio 0.0 

ggH126_4e_Nj_genbin1_recobin0 acc 0.1037 eff 0.0451 outinratio 0.0095 

VBFH126_4e_Nj_genbin1_recobin0 acc 0.2133 eff 0.0283 outinratio 0.0187 

WminusH126_4e_Nj_genbin1_recobin0 acc 0.1288 eff 0.0256 outinratio 0.0339 

WplusH126_4e_Nj_genbin1_recobin0 acc 0.1121 eff 0.0269 outinratio 0.0498 

ZH126_4e_Nj_genbin1_recobin0 acc 0.1226 eff 0.0272 outinratio 0.0864 

ttH126_4e_Nj_genbin1_recobin0 acc 0.0147 eff 0.0331 outinratio 0.0 

ggH126_4e_Nj_genbin2_recobin0 acc 0.0302 eff 0.0059 outinratio 0.0095 

VBFH126_4e_Nj_genbin2_recobin0 acc 0.1597 eff 0.0 outinratio 0.0187 

WminusH126_4e_Nj_genbin2_recobin0 acc 0.115 eff 0.0022 outinratio 0.0339 

WplusH126_4e_Nj_genbin2_recobin0 acc 0.1001 eff 0.0062 outinratio 0.0498 

ZH126_4e_Nj_genbin2_recobin0 acc 0.1154 eff 0.0052 outinratio 0.0864 

ttH126_4e_Nj_genbin2_recobin0 acc 0.05 eff 0.0176 outinratio 0.0 

ggH126_4e_Nj_genbin3_recobin0 acc 0.0083 eff 0.0 outinratio 0.0095 

VBFH126_4e_Nj_genbin3_recobin0 acc 0.0176 eff 0.0 outinratio 0.0187 

WminusH126_4e_Nj_genbin3_recobin0 acc 0.0398 eff 0.0 outinratio 0.0339 

WplusH126_4e_Nj_genbin3_recobin0 acc 0.037 eff 0.001 outinratio 0.0498 

ZH126_4e_Nj_genbin3_recobin0 acc 0.0397 eff 0.0046 outinratio 0.0864 

ttH126_4e_Nj_genbin3_recobin0 acc 0.0904 eff 0.0 outinratio 0.0 

ggH126_4e_Nj_genbin4_recobin0 acc 0.0032 eff 0.0 outinratio 0.0095 

VBFH126_4e_Nj_genbin4_recobin0 acc 0.0025 eff -1.0 outinratio 0.0187 

WminusH126_4e_Nj_genbin4_recobin0 acc 0.0167 eff 0.0 outinratio 0.0339 

WplusH126_4e_Nj_genbin4_recobin0 acc 0.0165 eff 0.0 outinratio 0.0498 

ZH126_4e_Nj_genbin4_recobin0 acc 0.0186 eff 0.0 outinratio 0.0864 

ttH126_4e_Nj_genbin4_recobin0 acc 0.3195 eff 0.0 outinratio 0.0 

ggH126_4e_Nj_genbin0_recobin1 acc 0.2817 eff 0.0299 outinratio 0.0149 

VBFH126_4e_Nj_genbin0_recobin1 acc 0.068 eff 0.1028 outinratio 0.0198 

WminusH126_4e_Nj_genbin0_recobin1 acc 0.0988 eff 0.0935 outinratio 0.0279 

WplusH126_4e_Nj_genbin0_recobin1 acc 0.0833 eff 0.0761 outinratio 0.0239 

ZH126_4e_Nj_genbin0_recobin1 acc 0.0793 eff 0.0389 outinratio 0.0635 

ttH126_4e_Nj_genbin0_recobin1 acc 0.0011 eff -1.0 outinratio 0.0527 

ggH126_4e_Nj_genbin1_recobin1 acc 0.1037 eff 0.3129 outinratio 0.0149 

VBFH126_4e_Nj_genbin1_recobin1 acc 0.2133 eff 0.3616 outinratio 0.0198 

WminusH126_4e_Nj_genbin1_recobin1 acc 0.1288 eff 0.242 outinratio 0.0279 

WplusH126_4e_Nj_genbin1_recobin1 acc 0.1121 eff 0.258 outinratio 0.0239 

ZH126_4e_Nj_genbin1_recobin1 acc 0.1226 eff 0.2787 outinratio 0.0635 

ttH126_4e_Nj_genbin1_recobin1 acc 0.0147 eff 0.0944 outinratio 0.0527 

ggH126_4e_Nj_genbin2_recobin1 acc 0.0302 eff 0.0624 outinratio 0.0149 

VBFH126_4e_Nj_genbin2_recobin1 acc 0.1597 eff 0.0684 outinratio 0.0198 

WminusH126_4e_Nj_genbin2_recobin1 acc 0.115 eff 0.0538 outinratio 0.0279 

WplusH126_4e_Nj_genbin2_recobin1 acc 0.1001 eff 0.048 outinratio 0.0239 

ZH126_4e_Nj_genbin2_recobin1 acc 0.1154 eff 0.0601 outinratio 0.0635 

ttH126_4e_Nj_genbin2_recobin1 acc 0.05 eff 0.026 outinratio 0.0527 

ggH126_4e_Nj_genbin3_recobin1 acc 0.0083 eff 0.014 outinratio 0.0149 

VBFH126_4e_Nj_genbin3_recobin1 acc 0.0176 eff 0.0 outinratio 0.0198 

WminusH126_4e_Nj_genbin3_recobin1 acc 0.0398 eff 0.0152 outinratio 0.0279 

WplusH126_4e_Nj_genbin3_recobin1 acc 0.037 eff 0.0073 outinratio 0.0239 

ZH126_4e_Nj_genbin3_recobin1 acc 0.0397 eff 0.0052 outinratio 0.0635 

ttH126_4e_Nj_genbin3_recobin1 acc 0.0904 eff 0.0026 outinratio 0.0527 

ggH126_4e_Nj_genbin4_recobin1 acc 0.0032 eff 0.0185 outinratio 0.0149 

VBFH126_4e_Nj_genbin4_recobin1 acc 0.0025 eff -1.0 outinratio 0.0198 

WminusH126_4e_Nj_genbin4_recobin1 acc 0.0167 eff 0.0 outinratio 0.0279 

WplusH126_4e_Nj_genbin4_recobin1 acc 0.0165 eff 0.0 outinratio 0.0239 

ZH126_4e_Nj_genbin4_recobin1 acc 0.0186 eff 0.0 outinratio 0.0635 

ttH126_4e_Nj_genbin4_recobin1 acc 0.3195 eff 0.0 outinratio 0.0527 

ggH126_4e_Nj_genbin0_recobin2 acc 0.2817 eff 0.0013 outinratio 0.0148 

VBFH126_4e_Nj_genbin0_recobin2 acc 0.068 eff 0.0066 outinratio 0.0046 

WminusH126_4e_Nj_genbin0_recobin2 acc 0.0988 eff 0.0045 outinratio 0.015 

WplusH126_4e_Nj_genbin0_recobin2 acc 0.0833 eff 0.0044 outinratio 0.0184 

ZH126_4e_Nj_genbin0_recobin2 acc 0.0793 eff 0.0045 outinratio 0.0422 

ttH126_4e_Nj_genbin0_recobin2 acc 0.0011 eff -1.0 outinratio 0.0575 

ggH126_4e_Nj_genbin1_recobin2 acc 0.1037 eff 0.0278 outinratio 0.0148 

VBFH126_4e_Nj_genbin1_recobin2 acc 0.2133 eff 0.0623 outinratio 0.0046 

WminusH126_4e_Nj_genbin1_recobin2 acc 0.1288 eff 0.0681 outinratio 0.015 

WplusH126_4e_Nj_genbin1_recobin2 acc 0.1121 eff 0.0726 outinratio 0.0184 

ZH126_4e_Nj_genbin1_recobin2 acc 0.1226 eff 0.0605 outinratio 0.0422 

ttH126_4e_Nj_genbin1_recobin2 acc 0.0147 eff 0.1022 outinratio 0.0575 

ggH126_4e_Nj_genbin2_recobin2 acc 0.0302 eff 0.2961 outinratio 0.0148 

VBFH126_4e_Nj_genbin2_recobin2 acc 0.1597 eff 0.3436 outinratio 0.0046 

WminusH126_4e_Nj_genbin2_recobin2 acc 0.115 eff 0.2962 outinratio 0.015 

WplusH126_4e_Nj_genbin2_recobin2 acc 0.1001 eff 0.2786 outinratio 0.0184 

ZH126_4e_Nj_genbin2_recobin2 acc 0.1154 eff 0.2701 outinratio 0.0422 

ttH126_4e_Nj_genbin2_recobin2 acc 0.05 eff 0.1379 outinratio 0.0575 

ggH126_4e_Nj_genbin3_recobin2 acc 0.0083 eff 0.0738 outinratio 0.0148 

VBFH126_4e_Nj_genbin3_recobin2 acc 0.0176 eff 0.0801 outinratio 0.0046 

WminusH126_4e_Nj_genbin3_recobin2 acc 0.0398 eff 0.0652 outinratio 0.015 

WplusH126_4e_Nj_genbin3_recobin2 acc 0.037 eff 0.1183 outinratio 0.0184 

ZH126_4e_Nj_genbin3_recobin2 acc 0.0397 eff 0.073 outinratio 0.0422 

ttH126_4e_Nj_genbin3_recobin2 acc 0.0904 eff 0.0502 outinratio 0.0575 

ggH126_4e_Nj_genbin4_recobin2 acc 0.0032 eff 0.0381 outinratio 0.0148 

VBFH126_4e_Nj_genbin4_recobin2 acc 0.0025 eff -1.0 outinratio 0.0046 

WminusH126_4e_Nj_genbin4_recobin2 acc 0.0167 eff 0.0142 outinratio 0.015 

WplusH126_4e_Nj_genbin4_recobin2 acc 0.0165 eff 0.0082 outinratio 0.0184 

ZH126_4e_Nj_genbin4_recobin2 acc 0.0186 eff 0.0064 outinratio 0.0422 

ttH126_4e_Nj_genbin4_recobin2 acc 0.3195 eff 0.0086 outinratio 0.0575 

ggH126_4e_Nj_genbin0_recobin3 acc 0.2817 eff 0.0002 outinratio 0.0032 

VBFH126_4e_Nj_genbin0_recobin3 acc 0.068 eff 0.0 outinratio 0.7034 

WminusH126_4e_Nj_genbin0_recobin3 acc 0.0988 eff 0.0 outinratio 0.0219 

WplusH126_4e_Nj_genbin0_recobin3 acc 0.0833 eff 0.001 outinratio 0.0143 

ZH126_4e_Nj_genbin0_recobin3 acc 0.0793 eff 0.0015 outinratio 0.0332 

ttH126_4e_Nj_genbin0_recobin3 acc 0.0011 eff -1.0 outinratio 0.0482 

ggH126_4e_Nj_genbin1_recobin3 acc 0.1037 eff 0.0013 outinratio 0.0032 

VBFH126_4e_Nj_genbin1_recobin3 acc 0.2133 eff 0.0016 outinratio 0.7034 

WminusH126_4e_Nj_genbin1_recobin3 acc 0.1288 eff 0.0062 outinratio 0.0219 

WplusH126_4e_Nj_genbin1_recobin3 acc 0.1121 eff 0.0038 outinratio 0.0143 

ZH126_4e_Nj_genbin1_recobin3 acc 0.1226 eff 0.0053 outinratio 0.0332 

ttH126_4e_Nj_genbin1_recobin3 acc 0.0147 eff 0.0077 outinratio 0.0482 

ggH126_4e_Nj_genbin2_recobin3 acc 0.0302 eff 0.0344 outinratio 0.0032 

VBFH126_4e_Nj_genbin2_recobin3 acc 0.1597 eff 0.0379 outinratio 0.7034 

WminusH126_4e_Nj_genbin2_recobin3 acc 0.115 eff 0.0458 outinratio 0.0219 

WplusH126_4e_Nj_genbin2_recobin3 acc 0.1001 eff 0.041 outinratio 0.0143 

ZH126_4e_Nj_genbin2_recobin3 acc 0.1154 eff 0.0378 outinratio 0.0332 

ttH126_4e_Nj_genbin2_recobin3 acc 0.05 eff 0.0956 outinratio 0.0482 

ggH126_4e_Nj_genbin3_recobin3 acc 0.0083 eff 0.2331 outinratio 0.0032 

VBFH126_4e_Nj_genbin3_recobin3 acc 0.0176 eff 0.4014 outinratio 0.7034 

WminusH126_4e_Nj_genbin3_recobin3 acc 0.0398 eff 0.2495 outinratio 0.0219 

WplusH126_4e_Nj_genbin3_recobin3 acc 0.037 eff 0.2657 outinratio 0.0143 

ZH126_4e_Nj_genbin3_recobin3 acc 0.0397 eff 0.2357 outinratio 0.0332 

ttH126_4e_Nj_genbin3_recobin3 acc 0.0904 eff 0.1637 outinratio 0.0482 

ggH126_4e_Nj_genbin4_recobin3 acc 0.0032 eff 0.1028 outinratio 0.0032 

VBFH126_4e_Nj_genbin4_recobin3 acc 0.0025 eff -1.0 outinratio 0.7034 

WminusH126_4e_Nj_genbin4_recobin3 acc 0.0167 eff 0.0721 outinratio 0.0219 

WplusH126_4e_Nj_genbin4_recobin3 acc 0.0165 eff 0.0793 outinratio 0.0143 

ZH126_4e_Nj_genbin4_recobin3 acc 0.0186 eff 0.0651 outinratio 0.0332 

ttH126_4e_Nj_genbin4_recobin3 acc 0.3195 eff 0.035 outinratio 0.0482 

ggH126_4e_Nj_genbin0_recobin4 acc 0.2817 eff 0.0 outinratio 0.0356 

VBFH126_4e_Nj_genbin0_recobin4 acc 0.068 eff 0.0 outinratio 0.0 

WminusH126_4e_Nj_genbin0_recobin4 acc 0.0988 eff 0.0 outinratio 0.016 

WplusH126_4e_Nj_genbin0_recobin4 acc 0.0833 eff 0.0 outinratio 0.0257 

ZH126_4e_Nj_genbin0_recobin4 acc 0.0793 eff 0.0 outinratio 0.0363 

ttH126_4e_Nj_genbin0_recobin4 acc 0.0011 eff -1.0 outinratio 0.0366 

ggH126_4e_Nj_genbin1_recobin4 acc 0.1037 eff 0.0 outinratio 0.0356 

VBFH126_4e_Nj_genbin1_recobin4 acc 0.2133 eff 0.0 outinratio 0.0 

WminusH126_4e_Nj_genbin1_recobin4 acc 0.1288 eff 0.0011 outinratio 0.016 

WplusH126_4e_Nj_genbin1_recobin4 acc 0.1121 eff 0.0007 outinratio 0.0257 

ZH126_4e_Nj_genbin1_recobin4 acc 0.1226 eff 0.0 outinratio 0.0363 

ttH126_4e_Nj_genbin1_recobin4 acc 0.0147 eff 0.0 outinratio 0.0366 

ggH126_4e_Nj_genbin2_recobin4 acc 0.0302 eff 0.0027 outinratio 0.0356 

VBFH126_4e_Nj_genbin2_recobin4 acc 0.1597 eff 0.0003 outinratio 0.0 

WminusH126_4e_Nj_genbin2_recobin4 acc 0.115 eff 0.0036 outinratio 0.016 

WplusH126_4e_Nj_genbin2_recobin4 acc 0.1001 eff 0.0031 outinratio 0.0257 

ZH126_4e_Nj_genbin2_recobin4 acc 0.1154 eff 0.0045 outinratio 0.0363 

ttH126_4e_Nj_genbin2_recobin4 acc 0.05 eff 0.0394 outinratio 0.0366 

ggH126_4e_Nj_genbin3_recobin4 acc 0.0083 eff 0.0272 outinratio 0.0356 

VBFH126_4e_Nj_genbin3_recobin4 acc 0.0176 eff 0.0177 outinratio 0.0 

WminusH126_4e_Nj_genbin3_recobin4 acc 0.0398 eff 0.035 outinratio 0.016 

WplusH126_4e_Nj_genbin3_recobin4 acc 0.037 eff 0.0345 outinratio 0.0257 

ZH126_4e_Nj_genbin3_recobin4 acc 0.0397 eff 0.0435 outinratio 0.0363 

ttH126_4e_Nj_genbin3_recobin4 acc 0.0904 eff 0.088 outinratio 0.0366 

ggH126_4e_Nj_genbin4_recobin4 acc 0.0032 eff 0.3767 outinratio 0.0356 

VBFH126_4e_Nj_genbin4_recobin4 acc 0.0025 eff -1.0 outinratio 0.0 

WminusH126_4e_Nj_genbin4_recobin4 acc 0.0167 eff 0.3324 outinratio 0.016 

WplusH126_4e_Nj_genbin4_recobin4 acc 0.0165 eff 0.322 outinratio 0.0257 

ZH126_4e_Nj_genbin4_recobin4 acc 0.0186 eff 0.2952 outinratio 0.0363 

ttH126_4e_Nj_genbin4_recobin4 acc 0.3195 eff 0.2883 outinratio 0.0366 

ggH126_4mu_Nj_genbin0_recobin0 acc 0.3144 eff 0.5426 outinratio 0.0077 

VBFH126_4mu_Nj_genbin0_recobin0 acc 0.0836 eff 0.4028 outinratio 0.0044 

WminusH126_4mu_Nj_genbin0_recobin0 acc 0.1073 eff 0.395 outinratio 0.0394 

WplusH126_4mu_Nj_genbin0_recobin0 acc 0.0926 eff 0.4117 outinratio 0.0246 

ZH126_4mu_Nj_genbin0_recobin0 acc 0.0872 eff 0.4808 outinratio 0.0743 

ttH126_4mu_Nj_genbin0_recobin0 acc 0.0014 eff -1.0 outinratio 0.0 

ggH126_4mu_Nj_genbin1_recobin0 acc 0.1166 eff 0.0722 outinratio 0.0077 

VBFH126_4mu_Nj_genbin1_recobin0 acc 0.2288 eff 0.0565 outinratio 0.0044 

WminusH126_4mu_Nj_genbin1_recobin0 acc 0.1474 eff 0.0411 outinratio 0.0394 

WplusH126_4mu_Nj_genbin1_recobin0 acc 0.1297 eff 0.0423 outinratio 0.0246 

ZH126_4mu_Nj_genbin1_recobin0 acc 0.1344 eff 0.0515 outinratio 0.0743 

ttH126_4mu_Nj_genbin1_recobin0 acc 0.0142 eff 0.0343 outinratio 0.0 

ggH126_4mu_Nj_genbin2_recobin0 acc 0.0333 eff 0.0034 outinratio 0.0077 

VBFH126_4mu_Nj_genbin2_recobin0 acc 0.1808 eff 0.0017 outinratio 0.0044 

WminusH126_4mu_Nj_genbin2_recobin0 acc 0.1164 eff 0.0054 outinratio 0.0394 

WplusH126_4mu_Nj_genbin2_recobin0 acc 0.104 eff 0.0039 outinratio 0.0246 

ZH126_4mu_Nj_genbin2_recobin0 acc 0.1244 eff 0.0143 outinratio 0.0743 

ttH126_4mu_Nj_genbin2_recobin0 acc 0.0558 eff 0.0047 outinratio 0.0 

ggH126_4mu_Nj_genbin3_recobin0 acc 0.0095 eff 0.0055 outinratio 0.0077 

VBFH126_4mu_Nj_genbin3_recobin0 acc 0.0231 eff 0.0 outinratio 0.0044 

WminusH126_4mu_Nj_genbin3_recobin0 acc 0.0452 eff 0.0 outinratio 0.0394 

WplusH126_4mu_Nj_genbin3_recobin0 acc 0.0381 eff 0.0007 outinratio 0.0246 

ZH126_4mu_Nj_genbin3_recobin0 acc 0.0434 eff 0.0045 outinratio 0.0743 

ttH126_4mu_Nj_genbin3_recobin0 acc 0.0946 eff 0.0 outinratio 0.0 

ggH126_4mu_Nj_genbin4_recobin0 acc 0.0033 eff 0.0 outinratio 0.0077 

VBFH126_4mu_Nj_genbin4_recobin0 acc 0.0046 eff 0.0 outinratio 0.0044 

WminusH126_4mu_Nj_genbin4_recobin0 acc 0.0201 eff 0.0 outinratio 0.0394 

WplusH126_4mu_Nj_genbin4_recobin0 acc 0.0177 eff 0.0 outinratio 0.0246 

ZH126_4mu_Nj_genbin4_recobin0 acc 0.0217 eff 0.0 outinratio 0.0743 

ttH126_4mu_Nj_genbin4_recobin0 acc 0.3626 eff 0.0 outinratio 0.0 

ggH126_4mu_Nj_genbin0_recobin1 acc 0.3144 eff 0.0552 outinratio 0.0045 

VBFH126_4mu_Nj_genbin0_recobin1 acc 0.0836 eff 0.1458 outinratio 0.0089 

WminusH126_4mu_Nj_genbin0_recobin1 acc 0.1073 eff 0.1356 outinratio 0.0121 

WplusH126_4mu_Nj_genbin0_recobin1 acc 0.0926 eff 0.1229 outinratio 0.0128 

ZH126_4mu_Nj_genbin0_recobin1 acc 0.0872 eff 0.0811 outinratio 0.05 

ttH126_4mu_Nj_genbin0_recobin1 acc 0.0014 eff -1.0 outinratio 0.0556 

ggH126_4mu_Nj_genbin1_recobin1 acc 0.1166 eff 0.4657 outinratio 0.0045 

VBFH126_4mu_Nj_genbin1_recobin1 acc 0.2288 eff 0.4847 outinratio 0.0089 

WminusH126_4mu_Nj_genbin1_recobin1 acc 0.1474 eff 0.422 outinratio 0.0121 

WplusH126_4mu_Nj_genbin1_recobin1 acc 0.1297 eff 0.4096 outinratio 0.0128 

ZH126_4mu_Nj_genbin1_recobin1 acc 0.1344 eff 0.4117 outinratio 0.05 

ttH126_4mu_Nj_genbin1_recobin1 acc 0.0142 eff 0.1995 outinratio 0.0556 

ggH126_4mu_Nj_genbin2_recobin1 acc 0.0333 eff 0.1126 outinratio 0.0045 

VBFH126_4mu_Nj_genbin2_recobin1 acc 0.1808 eff 0.096 outinratio 0.0089 

WminusH126_4mu_Nj_genbin2_recobin1 acc 0.1164 eff 0.0997 outinratio 0.0121 

WplusH126_4mu_Nj_genbin2_recobin1 acc 0.104 eff 0.0946 outinratio 0.0128 

ZH126_4mu_Nj_genbin2_recobin1 acc 0.1244 eff 0.1185 outinratio 0.05 

ttH126_4mu_Nj_genbin2_recobin1 acc 0.0558 eff 0.0609 outinratio 0.0556 

ggH126_4mu_Nj_genbin3_recobin1 acc 0.0095 eff 0.0102 outinratio 0.0045 

VBFH126_4mu_Nj_genbin3_recobin1 acc 0.0231 eff 0.0068 outinratio 0.0089 

WminusH126_4mu_Nj_genbin3_recobin1 acc 0.0452 eff 0.0111 outinratio 0.0121 

WplusH126_4mu_Nj_genbin3_recobin1 acc 0.0381 eff 0.0112 outinratio 0.0128 

ZH126_4mu_Nj_genbin3_recobin1 acc 0.0434 eff 0.0148 outinratio 0.05 

ttH126_4mu_Nj_genbin3_recobin1 acc 0.0946 eff 0.0049 outinratio 0.0556 

ggH126_4mu_Nj_genbin4_recobin1 acc 0.0033 eff 0.0 outinratio 0.0045 

VBFH126_4mu_Nj_genbin4_recobin1 acc 0.0046 eff 0.0 outinratio 0.0089 

WminusH126_4mu_Nj_genbin4_recobin1 acc 0.0201 eff 0.0014 outinratio 0.0121 

WplusH126_4mu_Nj_genbin4_recobin1 acc 0.0177 eff 0.0028 outinratio 0.0128 

ZH126_4mu_Nj_genbin4_recobin1 acc 0.0217 eff 0.0046 outinratio 0.05 

ttH126_4mu_Nj_genbin4_recobin1 acc 0.3626 eff 0.0 outinratio 0.0556 

ggH126_4mu_Nj_genbin0_recobin2 acc 0.3144 eff 0.0047 outinratio 0.0088 

VBFH126_4mu_Nj_genbin0_recobin2 acc 0.0836 eff 0.0084 outinratio 0.0039 

WminusH126_4mu_Nj_genbin0_recobin2 acc 0.1073 eff 0.0107 outinratio 0.0087 

WplusH126_4mu_Nj_genbin0_recobin2 acc 0.0926 eff 0.0144 outinratio 0.0056 

ZH126_4mu_Nj_genbin0_recobin2 acc 0.0872 eff 0.009 outinratio 0.0282 

ttH126_4mu_Nj_genbin0_recobin2 acc 0.0014 eff -1.0 outinratio 0.0418 

ggH126_4mu_Nj_genbin1_recobin2 acc 0.1166 eff 0.0525 outinratio 0.0088 

VBFH126_4mu_Nj_genbin1_recobin2 acc 0.2288 eff 0.0847 outinratio 0.0039 

WminusH126_4mu_Nj_genbin1_recobin2 acc 0.1474 eff 0.0924 outinratio 0.0087 

WplusH126_4mu_Nj_genbin1_recobin2 acc 0.1297 eff 0.1043 outinratio 0.0056 

ZH126_4mu_Nj_genbin1_recobin2 acc 0.1344 eff 0.0839 outinratio 0.0282 

ttH126_4mu_Nj_genbin1_recobin2 acc 0.0142 eff 0.1278 outinratio 0.0418 

ggH126_4mu_Nj_genbin2_recobin2 acc 0.0333 eff 0.4427 outinratio 0.0088 

VBFH126_4mu_Nj_genbin2_recobin2 acc 0.1808 eff 0.4822 outinratio 0.0039 

WminusH126_4mu_Nj_genbin2_recobin2 acc 0.1164 eff 0.4157 outinratio 0.0087 

WplusH126_4mu_Nj_genbin2_recobin2 acc 0.104 eff 0.4191 outinratio 0.0056 

ZH126_4mu_Nj_genbin2_recobin2 acc 0.1244 eff 0.3977 outinratio 0.0282 

ttH126_4mu_Nj_genbin2_recobin2 acc 0.0558 eff 0.2061 outinratio 0.0418 

ggH126_4mu_Nj_genbin3_recobin2 acc 0.0095 eff 0.1799 outinratio 0.0088 

VBFH126_4mu_Nj_genbin3_recobin2 acc 0.0231 eff 0.1069 outinratio 0.0039 

WminusH126_4mu_Nj_genbin3_recobin2 acc 0.0452 eff 0.1435 outinratio 0.0087 

WplusH126_4mu_Nj_genbin3_recobin2 acc 0.0381 eff 0.1077 outinratio 0.0056 

ZH126_4mu_Nj_genbin3_recobin2 acc 0.0434 eff 0.1116 outinratio 0.0282 

ttH126_4mu_Nj_genbin3_recobin2 acc 0.0946 eff 0.0749 outinratio 0.0418 

ggH126_4mu_Nj_genbin4_recobin2 acc 0.0033 eff 0.0345 outinratio 0.0088 

VBFH126_4mu_Nj_genbin4_recobin2 acc 0.0046 eff 0.0568 outinratio 0.0039 

WminusH126_4mu_Nj_genbin4_recobin2 acc 0.0201 eff 0.0177 outinratio 0.0087 

WplusH126_4mu_Nj_genbin4_recobin2 acc 0.0177 eff 0.0087 outinratio 0.0056 

ZH126_4mu_Nj_genbin4_recobin2 acc 0.0217 eff 0.0178 outinratio 0.0282 

ttH126_4mu_Nj_genbin4_recobin2 acc 0.3626 eff 0.0084 outinratio 0.0418 

ggH126_4mu_Nj_genbin0_recobin3 acc 0.3144 eff 0.0007 outinratio 0.0 

VBFH126_4mu_Nj_genbin0_recobin3 acc 0.0836 eff 0.0 outinratio 0.0 

WminusH126_4mu_Nj_genbin0_recobin3 acc 0.1073 eff 0.0008 outinratio 0.0103 

WplusH126_4mu_Nj_genbin0_recobin3 acc 0.0926 eff 0.0013 outinratio 0.0027 

ZH126_4mu_Nj_genbin0_recobin3 acc 0.0872 eff 0.0 outinratio 0.0215 

ttH126_4mu_Nj_genbin0_recobin3 acc 0.0014 eff -1.0 outinratio 0.0347 

ggH126_4mu_Nj_genbin1_recobin3 acc 0.1166 eff 0.003 outinratio 0.0 

VBFH126_4mu_Nj_genbin1_recobin3 acc 0.2288 eff 0.0027 outinratio 0.0 

WminusH126_4mu_Nj_genbin1_recobin3 acc 0.1474 eff 0.008 outinratio 0.0103 

WplusH126_4mu_Nj_genbin1_recobin3 acc 0.1297 eff 0.007 outinratio 0.0027 

ZH126_4mu_Nj_genbin1_recobin3 acc 0.1344 eff 0.0063 outinratio 0.0215 

ttH126_4mu_Nj_genbin1_recobin3 acc 0.0142 eff 0.053 outinratio 0.0347 

ggH126_4mu_Nj_genbin2_recobin3 acc 0.0333 eff 0.0414 outinratio 0.0 

VBFH126_4mu_Nj_genbin2_recobin3 acc 0.1808 eff 0.0498 outinratio 0.0 

WminusH126_4mu_Nj_genbin2_recobin3 acc 0.1164 eff 0.0551 outinratio 0.0103 

WplusH126_4mu_Nj_genbin2_recobin3 acc 0.104 eff 0.0569 outinratio 0.0027 

ZH126_4mu_Nj_genbin2_recobin3 acc 0.1244 eff 0.0531 outinratio 0.0215 

ttH126_4mu_Nj_genbin2_recobin3 acc 0.0558 eff 0.1195 outinratio 0.0347 

ggH126_4mu_Nj_genbin3_recobin3 acc 0.0095 eff 0.3636 outinratio 0.0 

VBFH126_4mu_Nj_genbin3_recobin3 acc 0.0231 eff 0.4586 outinratio 0.0 

WminusH126_4mu_Nj_genbin3_recobin3 acc 0.0452 eff 0.3686 outinratio 0.0103 

WplusH126_4mu_Nj_genbin3_recobin3 acc 0.0381 eff 0.3592 outinratio 0.0027 

ZH126_4mu_Nj_genbin3_recobin3 acc 0.0434 eff 0.3886 outinratio 0.0215 

ttH126_4mu_Nj_genbin3_recobin3 acc 0.0946 eff 0.2383 outinratio 0.0347 

ggH126_4mu_Nj_genbin4_recobin3 acc 0.0033 eff 0.1153 outinratio 0.0 

VBFH126_4mu_Nj_genbin4_recobin3 acc 0.0046 eff 0.0957 outinratio 0.0 

WminusH126_4mu_Nj_genbin4_recobin3 acc 0.0201 eff 0.1147 outinratio 0.0103 

WplusH126_4mu_Nj_genbin4_recobin3 acc 0.0177 eff 0.1301 outinratio 0.0027 

ZH126_4mu_Nj_genbin4_recobin3 acc 0.0217 eff 0.1079 outinratio 0.0215 

ttH126_4mu_Nj_genbin4_recobin3 acc 0.3626 eff 0.0527 outinratio 0.0347 

ggH126_4mu_Nj_genbin0_recobin4 acc 0.3144 eff 0.0 outinratio 0.0256 

VBFH126_4mu_Nj_genbin0_recobin4 acc 0.0836 eff 0.0 outinratio 0.0 

WminusH126_4mu_Nj_genbin0_recobin4 acc 0.1073 eff 0.0 outinratio 0.0275 

WplusH126_4mu_Nj_genbin0_recobin4 acc 0.0926 eff 0.0005 outinratio 0.0038 

ZH126_4mu_Nj_genbin0_recobin4 acc 0.0872 eff 0.0 outinratio 0.0289 

ttH126_4mu_Nj_genbin0_recobin4 acc 0.0014 eff -1.0 outinratio 0.0293 

ggH126_4mu_Nj_genbin1_recobin4 acc 0.1166 eff 0.0 outinratio 0.0256 

VBFH126_4mu_Nj_genbin1_recobin4 acc 0.2288 eff 0.0 outinratio 0.0 

WminusH126_4mu_Nj_genbin1_recobin4 acc 0.1474 eff 0.0001 outinratio 0.0275 

WplusH126_4mu_Nj_genbin1_recobin4 acc 0.1297 eff 0.001 outinratio 0.0038 

ZH126_4mu_Nj_genbin1_recobin4 acc 0.1344 eff 0.0 outinratio 0.0289 

ttH126_4mu_Nj_genbin1_recobin4 acc 0.0142 eff 0.0107 outinratio 0.0293 

ggH126_4mu_Nj_genbin2_recobin4 acc 0.0333 eff 0.0048 outinratio 0.0256 

VBFH126_4mu_Nj_genbin2_recobin4 acc 0.1808 eff 0.001 outinratio 0.0 

WminusH126_4mu_Nj_genbin2_recobin4 acc 0.1164 eff 0.0046 outinratio 0.0275 

WplusH126_4mu_Nj_genbin2_recobin4 acc 0.104 eff 0.007 outinratio 0.0038 

ZH126_4mu_Nj_genbin2_recobin4 acc 0.1244 eff 0.0073 outinratio 0.0289 

ttH126_4mu_Nj_genbin2_recobin4 acc 0.0558 eff 0.047 outinratio 0.0293 

ggH126_4mu_Nj_genbin3_recobin4 acc 0.0095 eff 0.0424 outinratio 0.0256 

VBFH126_4mu_Nj_genbin3_recobin4 acc 0.0231 eff 0.0511 outinratio 0.0 

WminusH126_4mu_Nj_genbin3_recobin4 acc 0.0452 eff 0.0612 outinratio 0.0275 

WplusH126_4mu_Nj_genbin3_recobin4 acc 0.0381 eff 0.0536 outinratio 0.0038 

ZH126_4mu_Nj_genbin3_recobin4 acc 0.0434 eff 0.0449 outinratio 0.0289 

ttH126_4mu_Nj_genbin3_recobin4 acc 0.0946 eff 0.101 outinratio 0.0293 

ggH126_4mu_Nj_genbin4_recobin4 acc 0.0033 eff 0.4345 outinratio 0.0256 

VBFH126_4mu_Nj_genbin4_recobin4 acc 0.0046 eff 0.3494 outinratio 0.0 

WminusH126_4mu_Nj_genbin4_recobin4 acc 0.0201 eff 0.3822 outinratio 0.0275 

WplusH126_4mu_Nj_genbin4_recobin4 acc 0.0177 eff 0.4116 outinratio 0.0038 

ZH126_4mu_Nj_genbin4_recobin4 acc 0.0217 eff 0.3939 outinratio 0.0289 

ttH126_4mu_Nj_genbin4_recobin4 acc 0.3626 eff 0.3971 outinratio 0.0293 

ggH126_2e2mu_Nj_genbin0_recobin0 acc 0.2897 eff 0.4252 outinratio 0.0063 

VBFH126_2e2mu_Nj_genbin0_recobin0 acc 0.0709 eff 0.3691 outinratio 0.0078 

WminusH126_2e2mu_Nj_genbin0_recobin0 acc 0.1011 eff 0.3304 outinratio 0.0396 

WplusH126_2e2mu_Nj_genbin0_recobin0 acc 0.0849 eff 0.3339 outinratio 0.0337 

ZH126_2e2mu_Nj_genbin0_recobin0 acc 0.0845 eff 0.384 outinratio 0.0784 

ttH126_2e2mu_Nj_genbin0_recobin0 acc 0.0014 eff 0.096 outinratio 0.0 

ggH126_2e2mu_Nj_genbin1_recobin0 acc 0.1109 eff 0.0593 outinratio 0.0063 

VBFH126_2e2mu_Nj_genbin1_recobin0 acc 0.2089 eff 0.0411 outinratio 0.0078 

WminusH126_2e2mu_Nj_genbin1_recobin0 acc 0.1358 eff 0.0362 outinratio 0.0396 

WplusH126_2e2mu_Nj_genbin1_recobin0 acc 0.1198 eff 0.0324 outinratio 0.0337 

ZH126_2e2mu_Nj_genbin1_recobin0 acc 0.1232 eff 0.0371 outinratio 0.0784 

ttH126_2e2mu_Nj_genbin1_recobin0 acc 0.0119 eff 0.0108 outinratio 0.0 

ggH126_2e2mu_Nj_genbin2_recobin0 acc 0.0335 eff 0.0063 outinratio 0.0063 

VBFH126_2e2mu_Nj_genbin2_recobin0 acc 0.1691 eff 0.0016 outinratio 0.0078 

WminusH126_2e2mu_Nj_genbin2_recobin0 acc 0.1167 eff 0.0039 outinratio 0.0396 

WplusH126_2e2mu_Nj_genbin2_recobin0 acc 0.1061 eff 0.0041 outinratio 0.0337 

ZH126_2e2mu_Nj_genbin2_recobin0 acc 0.1189 eff 0.0077 outinratio 0.0784 

ttH126_2e2mu_Nj_genbin2_recobin0 acc 0.0458 eff 0.0 outinratio 0.0 

ggH126_2e2mu_Nj_genbin3_recobin0 acc 0.0078 eff 0.0003 outinratio 0.0063 

VBFH126_2e2mu_Nj_genbin3_recobin0 acc 0.0191 eff 0.0 outinratio 0.0078 

WminusH126_2e2mu_Nj_genbin3_recobin0 acc 0.038 eff 0.0005 outinratio 0.0396 

WplusH126_2e2mu_Nj_genbin3_recobin0 acc 0.0368 eff 0.0003 outinratio 0.0337 

ZH126_2e2mu_Nj_genbin3_recobin0 acc 0.04 eff 0.0022 outinratio 0.0784 

ttH126_2e2mu_Nj_genbin3_recobin0 acc 0.0973 eff 0.0 outinratio 0.0 

ggH126_2e2mu_Nj_genbin4_recobin0 acc 0.0028 eff 0.0 outinratio 0.0063 

VBFH126_2e2mu_Nj_genbin4_recobin0 acc 0.0037 eff 0.0 outinratio 0.0078 

WminusH126_2e2mu_Nj_genbin4_recobin0 acc 0.0178 eff 0.0 outinratio 0.0396 

WplusH126_2e2mu_Nj_genbin4_recobin0 acc 0.0169 eff 0.0 outinratio 0.0337 

ZH126_2e2mu_Nj_genbin4_recobin0 acc 0.0204 eff 0.0 outinratio 0.0784 

ttH126_2e2mu_Nj_genbin4_recobin0 acc 0.3163 eff 0.0 outinratio 0.0 

ggH126_2e2mu_Nj_genbin0_recobin1 acc 0.2897 eff 0.0432 outinratio 0.0089 

VBFH126_2e2mu_Nj_genbin0_recobin1 acc 0.0709 eff 0.0891 outinratio 0.0031 

WminusH126_2e2mu_Nj_genbin0_recobin1 acc 0.1011 eff 0.1043 outinratio 0.0172 

WplusH126_2e2mu_Nj_genbin0_recobin1 acc 0.0849 eff 0.0986 outinratio 0.0182 

ZH126_2e2mu_Nj_genbin0_recobin1 acc 0.0845 eff 0.0596 outinratio 0.0692 

ttH126_2e2mu_Nj_genbin0_recobin1 acc 0.0014 eff 0.1647 outinratio 0.0254 

ggH126_2e2mu_Nj_genbin1_recobin1 acc 0.1109 eff 0.378 outinratio 0.0089 

VBFH126_2e2mu_Nj_genbin1_recobin1 acc 0.2089 eff 0.3863 outinratio 0.0031 

WminusH126_2e2mu_Nj_genbin1_recobin1 acc 0.1358 eff 0.3204 outinratio 0.0172 

WplusH126_2e2mu_Nj_genbin1_recobin1 acc 0.1198 eff 0.3248 outinratio 0.0182 

ZH126_2e2mu_Nj_genbin1_recobin1 acc 0.1232 eff 0.3255 outinratio 0.0692 

ttH126_2e2mu_Nj_genbin1_recobin1 acc 0.0119 eff 0.0939 outinratio 0.0254 

ggH126_2e2mu_Nj_genbin2_recobin1 acc 0.0335 eff 0.0883 outinratio 0.0089 

VBFH126_2e2mu_Nj_genbin2_recobin1 acc 0.1691 eff 0.0871 outinratio 0.0031 

WminusH126_2e2mu_Nj_genbin2_recobin1 acc 0.1167 eff 0.0765 outinratio 0.0172 

WplusH126_2e2mu_Nj_genbin2_recobin1 acc 0.1061 eff 0.0713 outinratio 0.0182 

ZH126_2e2mu_Nj_genbin2_recobin1 acc 0.1189 eff 0.0924 outinratio 0.0692 

ttH126_2e2mu_Nj_genbin2_recobin1 acc 0.0458 eff 0.0347 outinratio 0.0254 

ggH126_2e2mu_Nj_genbin3_recobin1 acc 0.0078 eff 0.0164 outinratio 0.0089 

VBFH126_2e2mu_Nj_genbin3_recobin1 acc 0.0191 eff 0.0206 outinratio 0.0031 

WminusH126_2e2mu_Nj_genbin3_recobin1 acc 0.038 eff 0.0145 outinratio 0.0172 

WplusH126_2e2mu_Nj_genbin3_recobin1 acc 0.0368 eff 0.0118 outinratio 0.0182 

ZH126_2e2mu_Nj_genbin3_recobin1 acc 0.04 eff 0.0129 outinratio 0.0692 

ttH126_2e2mu_Nj_genbin3_recobin1 acc 0.0973 eff 0.006 outinratio 0.0254 

ggH126_2e2mu_Nj_genbin4_recobin1 acc 0.0028 eff 0.0055 outinratio 0.0089 

VBFH126_2e2mu_Nj_genbin4_recobin1 acc 0.0037 eff 0.0361 outinratio 0.0031 

WminusH126_2e2mu_Nj_genbin4_recobin1 acc 0.0178 eff 0.0 outinratio 0.0172 

WplusH126_2e2mu_Nj_genbin4_recobin1 acc 0.0169 eff 0.0008 outinratio 0.0182 

ZH126_2e2mu_Nj_genbin4_recobin1 acc 0.0204 eff 0.0 outinratio 0.0692 

ttH126_2e2mu_Nj_genbin4_recobin1 acc 0.3163 eff 0.0 outinratio 0.0254 

ggH126_2e2mu_Nj_genbin0_recobin2 acc 0.2897 eff 0.0035 outinratio 0.0073 

VBFH126_2e2mu_Nj_genbin0_recobin2 acc 0.0709 eff 0.02 outinratio 0.004 

WminusH126_2e2mu_Nj_genbin0_recobin2 acc 0.1011 eff 0.01 outinratio 0.0096 

WplusH126_2e2mu_Nj_genbin0_recobin2 acc 0.0849 eff 0.0094 outinratio 0.0095 

ZH126_2e2mu_Nj_genbin0_recobin2 acc 0.0845 eff 0.0065 outinratio 0.0464 

ttH126_2e2mu_Nj_genbin0_recobin2 acc 0.0014 eff 0.097 outinratio 0.1158 

ggH126_2e2mu_Nj_genbin1_recobin2 acc 0.1109 eff 0.0457 outinratio 0.0073 

VBFH126_2e2mu_Nj_genbin1_recobin2 acc 0.2089 eff 0.0688 outinratio 0.004 

WminusH126_2e2mu_Nj_genbin1_recobin2 acc 0.1358 eff 0.0882 outinratio 0.0096 

WplusH126_2e2mu_Nj_genbin1_recobin2 acc 0.1198 eff 0.0847 outinratio 0.0095 

ZH126_2e2mu_Nj_genbin1_recobin2 acc 0.1232 eff 0.0639 outinratio 0.0464 

ttH126_2e2mu_Nj_genbin1_recobin2 acc 0.0119 eff 0.1989 outinratio 0.1158 

ggH126_2e2mu_Nj_genbin2_recobin2 acc 0.0335 eff 0.342 outinratio 0.0073 

VBFH126_2e2mu_Nj_genbin2_recobin2 acc 0.1691 eff 0.411 outinratio 0.004 

WminusH126_2e2mu_Nj_genbin2_recobin2 acc 0.1167 eff 0.3513 outinratio 0.0096 

WplusH126_2e2mu_Nj_genbin2_recobin2 acc 0.1061 eff 0.3489 outinratio 0.0095 

ZH126_2e2mu_Nj_genbin2_recobin2 acc 0.1189 eff 0.3271 outinratio 0.0464 

ttH126_2e2mu_Nj_genbin2_recobin2 acc 0.0458 eff 0.1392 outinratio 0.1158 

ggH126_2e2mu_Nj_genbin3_recobin2 acc 0.0078 eff 0.1102 outinratio 0.0073 

VBFH126_2e2mu_Nj_genbin3_recobin2 acc 0.0191 eff 0.1234 outinratio 0.004 

WminusH126_2e2mu_Nj_genbin3_recobin2 acc 0.038 eff 0.1107 outinratio 0.0096 

WplusH126_2e2mu_Nj_genbin3_recobin2 acc 0.0368 eff 0.1013 outinratio 0.0095 

ZH126_2e2mu_Nj_genbin3_recobin2 acc 0.04 eff 0.1119 outinratio 0.0464 

ttH126_2e2mu_Nj_genbin3_recobin2 acc 0.0973 eff 0.051 outinratio 0.1158 

ggH126_2e2mu_Nj_genbin4_recobin2 acc 0.0028 eff 0.0474 outinratio 0.0073 

VBFH126_2e2mu_Nj_genbin4_recobin2 acc 0.0037 eff 0.0 outinratio 0.004 

WminusH126_2e2mu_Nj_genbin4_recobin2 acc 0.0178 eff 0.0298 outinratio 0.0096 

WplusH126_2e2mu_Nj_genbin4_recobin2 acc 0.0169 eff 0.0189 outinratio 0.0095 

ZH126_2e2mu_Nj_genbin4_recobin2 acc 0.0204 eff 0.0253 outinratio 0.0464 

ttH126_2e2mu_Nj_genbin4_recobin2 acc 0.3163 eff 0.0049 outinratio 0.1158 

ggH126_2e2mu_Nj_genbin0_recobin3 acc 0.2897 eff 0.0003 outinratio 0.0071 

VBFH126_2e2mu_Nj_genbin0_recobin3 acc 0.0709 eff 0.0 outinratio 0.0 

WminusH126_2e2mu_Nj_genbin0_recobin3 acc 0.1011 eff 0.0007 outinratio 0.0194 

WplusH126_2e2mu_Nj_genbin0_recobin3 acc 0.0849 eff 0.0001 outinratio 0.0071 

ZH126_2e2mu_Nj_genbin0_recobin3 acc 0.0845 eff 0.0012 outinratio 0.0398 

ttH126_2e2mu_Nj_genbin0_recobin3 acc 0.0014 eff 0.0879 outinratio 0.0566 

ggH126_2e2mu_Nj_genbin1_recobin3 acc 0.1109 eff 0.0014 outinratio 0.0071 

VBFH126_2e2mu_Nj_genbin1_recobin3 acc 0.2089 eff 0.0018 outinratio 0.0 

WminusH126_2e2mu_Nj_genbin1_recobin3 acc 0.1358 eff 0.0074 outinratio 0.0194 

WplusH126_2e2mu_Nj_genbin1_recobin3 acc 0.1198 eff 0.0071 outinratio 0.0071 

ZH126_2e2mu_Nj_genbin1_recobin3 acc 0.1232 eff 0.0044 outinratio 0.0398 

ttH126_2e2mu_Nj_genbin1_recobin3 acc 0.0119 eff 0.0274 outinratio 0.0566 

ggH126_2e2mu_Nj_genbin2_recobin3 acc 0.0335 eff 0.0306 outinratio 0.0071 

VBFH126_2e2mu_Nj_genbin2_recobin3 acc 0.1691 eff 0.0328 outinratio 0.0 

WminusH126_2e2mu_Nj_genbin2_recobin3 acc 0.1167 eff 0.0528 outinratio 0.0194 

WplusH126_2e2mu_Nj_genbin2_recobin3 acc 0.1061 eff 0.0453 outinratio 0.0071 

ZH126_2e2mu_Nj_genbin2_recobin3 acc 0.1189 eff 0.0347 outinratio 0.0398 

ttH126_2e2mu_Nj_genbin2_recobin3 acc 0.0458 eff 0.1168 outinratio 0.0566 

ggH126_2e2mu_Nj_genbin3_recobin3 acc 0.0078 eff 0.3603 outinratio 0.0071 

VBFH126_2e2mu_Nj_genbin3_recobin3 acc 0.0191 eff 0.381 outinratio 0.0 

WminusH126_2e2mu_Nj_genbin3_recobin3 acc 0.038 eff 0.2927 outinratio 0.0194 

WplusH126_2e2mu_Nj_genbin3_recobin3 acc 0.0368 eff 0.3119 outinratio 0.0071 

ZH126_2e2mu_Nj_genbin3_recobin3 acc 0.04 eff 0.2915 outinratio 0.0398 

ttH126_2e2mu_Nj_genbin3_recobin3 acc 0.0973 eff 0.1811 outinratio 0.0566 

ggH126_2e2mu_Nj_genbin4_recobin3 acc 0.0028 eff 0.0889 outinratio 0.0071 

VBFH126_2e2mu_Nj_genbin4_recobin3 acc 0.0037 eff 0.1322 outinratio 0.0 

WminusH126_2e2mu_Nj_genbin4_recobin3 acc 0.0178 eff 0.0975 outinratio 0.0194 

WplusH126_2e2mu_Nj_genbin4_recobin3 acc 0.0169 eff 0.0987 outinratio 0.0071 

ZH126_2e2mu_Nj_genbin4_recobin3 acc 0.0204 eff 0.0922 outinratio 0.0398 

ttH126_2e2mu_Nj_genbin4_recobin3 acc 0.3163 eff 0.0427 outinratio 0.0566 

ggH126_2e2mu_Nj_genbin0_recobin4 acc 0.2897 eff 0.0 outinratio 0.012 

VBFH126_2e2mu_Nj_genbin0_recobin4 acc 0.0709 eff 0.0 outinratio 0.0 

WminusH126_2e2mu_Nj_genbin0_recobin4 acc 0.1011 eff 0.0 outinratio 0.0097 

WplusH126_2e2mu_Nj_genbin0_recobin4 acc 0.0849 eff 0.0 outinratio 0.0132 

ZH126_2e2mu_Nj_genbin0_recobin4 acc 0.0845 eff 0.0 outinratio 0.0283 

ttH126_2e2mu_Nj_genbin0_recobin4 acc 0.0014 eff 0.0 outinratio 0.0309 

ggH126_2e2mu_Nj_genbin1_recobin4 acc 0.1109 eff 0.0 outinratio 0.012 

VBFH126_2e2mu_Nj_genbin1_recobin4 acc 0.2089 eff 0.0 outinratio 0.0 

WminusH126_2e2mu_Nj_genbin1_recobin4 acc 0.1358 eff 0.0006 outinratio 0.0097 

WplusH126_2e2mu_Nj_genbin1_recobin4 acc 0.1198 eff 0.0007 outinratio 0.0132 

ZH126_2e2mu_Nj_genbin1_recobin4 acc 0.1232 eff 0.0008 outinratio 0.0283 

ttH126_2e2mu_Nj_genbin1_recobin4 acc 0.0119 eff 0.0014 outinratio 0.0309 

ggH126_2e2mu_Nj_genbin2_recobin4 acc 0.0335 eff 0.0028 outinratio 0.012 

VBFH126_2e2mu_Nj_genbin2_recobin4 acc 0.1691 eff 0.0 outinratio 0.0 

WminusH126_2e2mu_Nj_genbin2_recobin4 acc 0.1167 eff 0.0042 outinratio 0.0097 

WplusH126_2e2mu_Nj_genbin2_recobin4 acc 0.1061 eff 0.0044 outinratio 0.0132 

ZH126_2e2mu_Nj_genbin2_recobin4 acc 0.1189 eff 0.0042 outinratio 0.0283 

ttH126_2e2mu_Nj_genbin2_recobin4 acc 0.0458 eff 0.0323 outinratio 0.0309 

ggH126_2e2mu_Nj_genbin3_recobin4 acc 0.0078 eff 0.0451 outinratio 0.012 

VBFH126_2e2mu_Nj_genbin3_recobin4 acc 0.0191 eff 0.0175 outinratio 0.0 

WminusH126_2e2mu_Nj_genbin3_recobin4 acc 0.038 eff 0.0536 outinratio 0.0097 

WplusH126_2e2mu_Nj_genbin3_recobin4 acc 0.0368 eff 0.0573 outinratio 0.0132 

ZH126_2e2mu_Nj_genbin3_recobin4 acc 0.04 eff 0.0483 outinratio 0.0283 

ttH126_2e2mu_Nj_genbin3_recobin4 acc 0.0973 eff 0.102 outinratio 0.0309 

ggH126_2e2mu_Nj_genbin4_recobin4 acc 0.0028 eff 0.419 outinratio 0.012 

VBFH126_2e2mu_Nj_genbin4_recobin4 acc 0.0037 eff 0.2725 outinratio 0.0 

WminusH126_2e2mu_Nj_genbin4_recobin4 acc 0.0178 eff 0.3518 outinratio 0.0097 

WplusH126_2e2mu_Nj_genbin4_recobin4 acc 0.0169 eff 0.3515 outinratio 0.0132 

ZH126_2e2mu_Nj_genbin4_recobin4 acc 0.0204 eff 0.3728 outinratio 0.0283 

ttH126_2e2mu_Nj_genbin4_recobin4 acc 0.3163 eff 0.3393 outinratio 0.0309 

Coeff fullNNLOPS
