Welcome in RunCoefficients!
OPT SPLIT
DEBUG opt.YEAR = 2024_6
It is a double-differential measurement, binning for the 1st variable {0: [0.0, 10000.0], 1: [0.0, 45.0], 2: [45.0, 70.0], 3: [70.0, 95.0], 4: [95.0, 10000.0], 5: [0.0, 175.0], 6: [175.0, 10000.0]} and for the 2nd variable {0: [-100.0, 0.0], 1: [0.0, 50.0], 2: [0.0, 50.0], 3: [0.0, 50.0], 4: [0.0, 50.0], 5: [50.0, 10000.0], 6: [50.0, 10000.0]}
{0: [0.0, 10000.0, -100.0, 0.0], 1: [0.0, 45.0, 0.0, 50.0], 2: [45.0, 70.0, 0.0, 50.0], 3: [70.0, 95.0, 0.0, 50.0], 4: [95.0, 10000.0, 0.0, 50.0], 5: [0.0, 175.0, 50.0, 10000.0], 6: [175.0, 10000.0, 50.0, 10000.0]}
ZZPt
Following observables extracted from dictionary: RECO =  ZZPt  GEN =  GENpT4l
It is a double-differential measurement: RECO_2nd =  pTHj  GEN_2nd =  GENpTHj
LUMI: 10.882200000000001
ttH126 0.00046886125
Processing ggH126 2024_6
Signal created
Signal failed created
Processing VBFH126 2024_6
Signal created
Signal failed created
Processing WminusH126 2024_6
Signal created
Signal failed created
Processing WplusH126 2024_6
Signal created
Signal failed created
Processing ZH126 2024_6
Signal created
Signal failed created
Processing ttH126 2024_6
Signal created
Signal failed created
2024_6 SKIMMED df CREATED
2024_6 ggH126
2024_6 VBFH126
2024_6 WminusH126
2024_6 WplusH126
2024_6 ZH126
2024_6 ttH126
Dataframes created successfully
Coeff std
ggH126_4l_pT4l_pTHj_genbin0_recobin0 acc 0.2585 eff 0.4693 outinratio 0.0485 

VBFH126_4l_pT4l_pTHj_genbin0_recobin0 acc 0.0393 eff 0.3395 outinratio 0.0484 

WminusH126_4l_pT4l_pTHj_genbin0_recobin0 acc 0.0851 eff 0.3765 outinratio 0.07 

WplusH126_4l_pT4l_pTHj_genbin0_recobin0 acc 0.0779 eff 0.3152 outinratio 0.0648 

ZH126_4l_pT4l_pTHj_genbin0_recobin0 acc 0.0773 eff 0.4564 outinratio 0.0481 

ttH126_4l_pT4l_pTHj_genbin0_recobin0 acc 0.0009 eff 0.2114 outinratio 0.2453 

ggH126_4l_pT4l_pTHj_genbin1_recobin0 acc 0.034 eff 0.1164 outinratio 0.0485 

VBFH126_4l_pT4l_pTHj_genbin1_recobin0 acc 0.0408 eff 0.065 outinratio 0.0484 

WminusH126_4l_pT4l_pTHj_genbin1_recobin0 acc 0.0385 eff 0.0586 outinratio 0.07 

WplusH126_4l_pT4l_pTHj_genbin1_recobin0 acc 0.0272 eff 0.0452 outinratio 0.0648 

ZH126_4l_pT4l_pTHj_genbin1_recobin0 acc 0.0367 eff 0.056 outinratio 0.0481 

ttH126_4l_pT4l_pTHj_genbin1_recobin0 acc 0.0024 eff 0.0 outinratio 0.2453 

ggH126_4l_pT4l_pTHj_genbin2_recobin0 acc 0.0387 eff 0.0613 outinratio 0.0485 

VBFH126_4l_pT4l_pTHj_genbin2_recobin0 acc 0.0615 eff 0.0642 outinratio 0.0484 

WminusH126_4l_pT4l_pTHj_genbin2_recobin0 acc 0.0407 eff 0.0248 outinratio 0.07 

WplusH126_4l_pT4l_pTHj_genbin2_recobin0 acc 0.0329 eff 0.0146 outinratio 0.0648 

ZH126_4l_pT4l_pTHj_genbin2_recobin0 acc 0.0377 eff 0.0117 outinratio 0.0481 

ttH126_4l_pT4l_pTHj_genbin2_recobin0 acc 0.0058 eff 0.0 outinratio 0.2453 

ggH126_4l_pT4l_pTHj_genbin3_recobin0 acc 0.0203 eff 0.0287 outinratio 0.0485 

VBFH126_4l_pT4l_pTHj_genbin3_recobin0 acc 0.0565 eff 0.0259 outinratio 0.0484 

WminusH126_4l_pT4l_pTHj_genbin3_recobin0 acc 0.0312 eff 0.0126 outinratio 0.07 

WplusH126_4l_pT4l_pTHj_genbin3_recobin0 acc 0.0271 eff 0.0172 outinratio 0.0648 

ZH126_4l_pT4l_pTHj_genbin3_recobin0 acc 0.0288 eff 0.0 outinratio 0.0481 

ttH126_4l_pT4l_pTHj_genbin3_recobin0 acc 0.0081 eff 0.0013 outinratio 0.2453 

ggH126_4l_pT4l_pTHj_genbin4_recobin0 acc 0.0215 eff 0.0045 outinratio 0.0485 

VBFH126_4l_pT4l_pTHj_genbin4_recobin0 acc 0.0885 eff 0.0047 outinratio 0.0484 

WminusH126_4l_pT4l_pTHj_genbin4_recobin0 acc 0.0383 eff 0.0045 outinratio 0.07 

WplusH126_4l_pT4l_pTHj_genbin4_recobin0 acc 0.0369 eff 0.0018 outinratio 0.0648 

ZH126_4l_pT4l_pTHj_genbin4_recobin0 acc 0.0401 eff 0.0 outinratio 0.0481 

ttH126_4l_pT4l_pTHj_genbin4_recobin0 acc 0.0207 eff 0.0 outinratio 0.2453 

ggH126_4l_pT4l_pTHj_genbin5_recobin0 acc 0.0258 eff 0.0225 outinratio 0.0485 

VBFH126_4l_pT4l_pTHj_genbin5_recobin0 acc 0.1281 eff 0.0025 outinratio 0.0484 

WminusH126_4l_pT4l_pTHj_genbin5_recobin0 acc 0.0897 eff 0.0119 outinratio 0.07 

WplusH126_4l_pT4l_pTHj_genbin5_recobin0 acc 0.0744 eff 0.0087 outinratio 0.0648 

ZH126_4l_pT4l_pTHj_genbin5_recobin0 acc 0.0928 eff 0.0048 outinratio 0.0481 

ttH126_4l_pT4l_pTHj_genbin5_recobin0 acc 0.1949 eff 0.0003 outinratio 0.2453 

ggH126_4l_pT4l_pTHj_genbin6_recobin0 acc 0.0088 eff 0.0 outinratio 0.0485 

VBFH126_4l_pT4l_pTHj_genbin6_recobin0 acc 0.0376 eff 0.0054 outinratio 0.0484 

WminusH126_4l_pT4l_pTHj_genbin6_recobin0 acc 0.033 eff 0.0139 outinratio 0.07 

WplusH126_4l_pT4l_pTHj_genbin6_recobin0 acc 0.0362 eff 0.0 outinratio 0.0648 

ZH126_4l_pT4l_pTHj_genbin6_recobin0 acc 0.0322 eff 0.0 outinratio 0.0481 

ttH126_4l_pT4l_pTHj_genbin6_recobin0 acc 0.0862 eff 0.0004 outinratio 0.2453 

ggH126_4l_pT4l_pTHj_genbin0_recobin1 acc 0.2585 eff 0.0477 outinratio 0.0818 

VBFH126_4l_pT4l_pTHj_genbin0_recobin1 acc 0.0393 eff 0.0805 outinratio 0.0887 

WminusH126_4l_pT4l_pTHj_genbin0_recobin1 acc 0.0851 eff 0.0342 outinratio 0.0626 

WplusH126_4l_pT4l_pTHj_genbin0_recobin1 acc 0.0779 eff 0.0486 outinratio 0.1032 

ZH126_4l_pT4l_pTHj_genbin0_recobin1 acc 0.0773 eff 0.0167 outinratio 0.0606 

ttH126_4l_pT4l_pTHj_genbin0_recobin1 acc 0.0009 eff 0.0104 outinratio 0.2165 

ggH126_4l_pT4l_pTHj_genbin1_recobin1 acc 0.034 eff 0.362 outinratio 0.0818 

VBFH126_4l_pT4l_pTHj_genbin1_recobin1 acc 0.0408 eff 0.3603 outinratio 0.0887 

WminusH126_4l_pT4l_pTHj_genbin1_recobin1 acc 0.0385 eff 0.3936 outinratio 0.0626 

WplusH126_4l_pT4l_pTHj_genbin1_recobin1 acc 0.0272 eff 0.4054 outinratio 0.1032 

ZH126_4l_pT4l_pTHj_genbin1_recobin1 acc 0.0367 eff 0.3948 outinratio 0.0606 

ttH126_4l_pT4l_pTHj_genbin1_recobin1 acc 0.0024 eff 0.2239 outinratio 0.2165 

ggH126_4l_pT4l_pTHj_genbin2_recobin1 acc 0.0387 eff 0.0145 outinratio 0.0818 

VBFH126_4l_pT4l_pTHj_genbin2_recobin1 acc 0.0615 eff 0.0086 outinratio 0.0887 

WminusH126_4l_pT4l_pTHj_genbin2_recobin1 acc 0.0407 eff 0.0102 outinratio 0.0626 

WplusH126_4l_pT4l_pTHj_genbin2_recobin1 acc 0.0329 eff 0.0124 outinratio 0.1032 

ZH126_4l_pT4l_pTHj_genbin2_recobin1 acc 0.0377 eff 0.0082 outinratio 0.0606 

ttH126_4l_pT4l_pTHj_genbin2_recobin1 acc 0.0058 eff 0.0068 outinratio 0.2165 

ggH126_4l_pT4l_pTHj_genbin3_recobin1 acc 0.0203 eff 0.0 outinratio 0.0818 

VBFH126_4l_pT4l_pTHj_genbin3_recobin1 acc 0.0565 eff 0.0 outinratio 0.0887 

WminusH126_4l_pT4l_pTHj_genbin3_recobin1 acc 0.0312 eff 0.0 outinratio 0.0626 

WplusH126_4l_pT4l_pTHj_genbin3_recobin1 acc 0.0271 eff 0.0 outinratio 0.1032 

ZH126_4l_pT4l_pTHj_genbin3_recobin1 acc 0.0288 eff 0.0 outinratio 0.0606 

ttH126_4l_pT4l_pTHj_genbin3_recobin1 acc 0.0081 eff 0.0 outinratio 0.2165 

ggH126_4l_pT4l_pTHj_genbin4_recobin1 acc 0.0215 eff 0.0 outinratio 0.0818 

VBFH126_4l_pT4l_pTHj_genbin4_recobin1 acc 0.0885 eff 0.0 outinratio 0.0887 

WminusH126_4l_pT4l_pTHj_genbin4_recobin1 acc 0.0383 eff 0.0 outinratio 0.0626 

WplusH126_4l_pT4l_pTHj_genbin4_recobin1 acc 0.0369 eff 0.0 outinratio 0.1032 

ZH126_4l_pT4l_pTHj_genbin4_recobin1 acc 0.0401 eff 0.0 outinratio 0.0606 

ttH126_4l_pT4l_pTHj_genbin4_recobin1 acc 0.0207 eff 0.0 outinratio 0.2165 

ggH126_4l_pT4l_pTHj_genbin5_recobin1 acc 0.0258 eff 0.015 outinratio 0.0818 

VBFH126_4l_pT4l_pTHj_genbin5_recobin1 acc 0.1281 eff 0.009 outinratio 0.0887 

WminusH126_4l_pT4l_pTHj_genbin5_recobin1 acc 0.0897 eff 0.0068 outinratio 0.0626 

WplusH126_4l_pT4l_pTHj_genbin5_recobin1 acc 0.0744 eff 0.0101 outinratio 0.1032 

ZH126_4l_pT4l_pTHj_genbin5_recobin1 acc 0.0928 eff 0.0185 outinratio 0.0606 

ttH126_4l_pT4l_pTHj_genbin5_recobin1 acc 0.1949 eff 0.0024 outinratio 0.2165 

ggH126_4l_pT4l_pTHj_genbin6_recobin1 acc 0.0088 eff 0.0 outinratio 0.0818 

VBFH126_4l_pT4l_pTHj_genbin6_recobin1 acc 0.0376 eff 0.0 outinratio 0.0887 

WminusH126_4l_pT4l_pTHj_genbin6_recobin1 acc 0.033 eff 0.0 outinratio 0.0626 

WplusH126_4l_pT4l_pTHj_genbin6_recobin1 acc 0.0362 eff 0.0 outinratio 0.1032 

ZH126_4l_pT4l_pTHj_genbin6_recobin1 acc 0.0322 eff 0.0 outinratio 0.0606 

ttH126_4l_pT4l_pTHj_genbin6_recobin1 acc 0.0862 eff 0.0 outinratio 0.2165 

ggH126_4l_pT4l_pTHj_genbin0_recobin2 acc 0.2585 eff 0.0066 outinratio 0.0705 

VBFH126_4l_pT4l_pTHj_genbin0_recobin2 acc 0.0393 eff 0.0547 outinratio 0.0361 

WminusH126_4l_pT4l_pTHj_genbin0_recobin2 acc 0.0851 eff 0.0175 outinratio 0.0395 

WplusH126_4l_pT4l_pTHj_genbin0_recobin2 acc 0.0779 eff 0.0236 outinratio 0.0625 

ZH126_4l_pT4l_pTHj_genbin0_recobin2 acc 0.0773 eff 0.0174 outinratio 0.1059 

ttH126_4l_pT4l_pTHj_genbin0_recobin2 acc 0.0009 eff 0.0 outinratio 0.2176 

ggH126_4l_pT4l_pTHj_genbin1_recobin2 acc 0.034 eff 0.0087 outinratio 0.0705 

VBFH126_4l_pT4l_pTHj_genbin1_recobin2 acc 0.0408 eff 0.004 outinratio 0.0361 

WminusH126_4l_pT4l_pTHj_genbin1_recobin2 acc 0.0385 eff 0.0099 outinratio 0.0395 

WplusH126_4l_pT4l_pTHj_genbin1_recobin2 acc 0.0272 eff 0.0064 outinratio 0.0625 

ZH126_4l_pT4l_pTHj_genbin1_recobin2 acc 0.0367 eff 0.0088 outinratio 0.1059 

ttH126_4l_pT4l_pTHj_genbin1_recobin2 acc 0.0024 eff 0.0178 outinratio 0.2176 

ggH126_4l_pT4l_pTHj_genbin2_recobin2 acc 0.0387 eff 0.4243 outinratio 0.0705 

VBFH126_4l_pT4l_pTHj_genbin2_recobin2 acc 0.0615 eff 0.4228 outinratio 0.0361 

WminusH126_4l_pT4l_pTHj_genbin2_recobin2 acc 0.0407 eff 0.4288 outinratio 0.0395 

WplusH126_4l_pT4l_pTHj_genbin2_recobin2 acc 0.0329 eff 0.4316 outinratio 0.0625 

ZH126_4l_pT4l_pTHj_genbin2_recobin2 acc 0.0377 eff 0.4651 outinratio 0.1059 

ttH126_4l_pT4l_pTHj_genbin2_recobin2 acc 0.0058 eff 0.3014 outinratio 0.2176 

ggH126_4l_pT4l_pTHj_genbin3_recobin2 acc 0.0203 eff 0.0183 outinratio 0.0705 

VBFH126_4l_pT4l_pTHj_genbin3_recobin2 acc 0.0565 eff 0.0212 outinratio 0.0361 

WminusH126_4l_pT4l_pTHj_genbin3_recobin2 acc 0.0312 eff 0.0177 outinratio 0.0395 

WplusH126_4l_pT4l_pTHj_genbin3_recobin2 acc 0.0271 eff 0.0112 outinratio 0.0625 

ZH126_4l_pT4l_pTHj_genbin3_recobin2 acc 0.0288 eff 0.0 outinratio 0.1059 

ttH126_4l_pT4l_pTHj_genbin3_recobin2 acc 0.0081 eff 0.0188 outinratio 0.2176 

ggH126_4l_pT4l_pTHj_genbin4_recobin2 acc 0.0215 eff 0.0 outinratio 0.0705 

VBFH126_4l_pT4l_pTHj_genbin4_recobin2 acc 0.0885 eff 0.0 outinratio 0.0361 

WminusH126_4l_pT4l_pTHj_genbin4_recobin2 acc 0.0383 eff 0.0 outinratio 0.0395 

WplusH126_4l_pT4l_pTHj_genbin4_recobin2 acc 0.0369 eff 0.0 outinratio 0.0625 

ZH126_4l_pT4l_pTHj_genbin4_recobin2 acc 0.0401 eff 0.0 outinratio 0.1059 

ttH126_4l_pT4l_pTHj_genbin4_recobin2 acc 0.0207 eff 0.0 outinratio 0.2176 

ggH126_4l_pT4l_pTHj_genbin5_recobin2 acc 0.0258 eff 0.011 outinratio 0.0705 

VBFH126_4l_pT4l_pTHj_genbin5_recobin2 acc 0.1281 eff 0.002 outinratio 0.0361 

WminusH126_4l_pT4l_pTHj_genbin5_recobin2 acc 0.0897 eff 0.0046 outinratio 0.0395 

WplusH126_4l_pT4l_pTHj_genbin5_recobin2 acc 0.0744 eff 0.0105 outinratio 0.0625 

ZH126_4l_pT4l_pTHj_genbin5_recobin2 acc 0.0928 eff 0.0238 outinratio 0.1059 

ttH126_4l_pT4l_pTHj_genbin5_recobin2 acc 0.1949 eff 0.0036 outinratio 0.2176 

ggH126_4l_pT4l_pTHj_genbin6_recobin2 acc 0.0088 eff 0.0 outinratio 0.0705 

VBFH126_4l_pT4l_pTHj_genbin6_recobin2 acc 0.0376 eff 0.0 outinratio 0.0361 

WminusH126_4l_pT4l_pTHj_genbin6_recobin2 acc 0.033 eff 0.0 outinratio 0.0395 

WplusH126_4l_pT4l_pTHj_genbin6_recobin2 acc 0.0362 eff 0.0 outinratio 0.0625 

ZH126_4l_pT4l_pTHj_genbin6_recobin2 acc 0.0322 eff 0.0 outinratio 0.1059 

ttH126_4l_pT4l_pTHj_genbin6_recobin2 acc 0.0862 eff 0.0 outinratio 0.2176 

ggH126_4l_pT4l_pTHj_genbin0_recobin3 acc 0.2585 eff 0.0003 outinratio 0.0498 

VBFH126_4l_pT4l_pTHj_genbin0_recobin3 acc 0.0393 eff 0.0155 outinratio 0.0301 

WminusH126_4l_pT4l_pTHj_genbin0_recobin3 acc 0.0851 eff 0.0062 outinratio 0.0604 

WplusH126_4l_pT4l_pTHj_genbin0_recobin3 acc 0.0779 eff 0.0067 outinratio 0.0591 

ZH126_4l_pT4l_pTHj_genbin0_recobin3 acc 0.0773 eff 0.0116 outinratio 0.0518 

ttH126_4l_pT4l_pTHj_genbin0_recobin3 acc 0.0009 eff 0.0173 outinratio 0.1745 

ggH126_4l_pT4l_pTHj_genbin1_recobin3 acc 0.034 eff 0.0 outinratio 0.0498 

VBFH126_4l_pT4l_pTHj_genbin1_recobin3 acc 0.0408 eff 0.0 outinratio 0.0301 

WminusH126_4l_pT4l_pTHj_genbin1_recobin3 acc 0.0385 eff 0.0 outinratio 0.0604 

WplusH126_4l_pT4l_pTHj_genbin1_recobin3 acc 0.0272 eff 0.0 outinratio 0.0591 

ZH126_4l_pT4l_pTHj_genbin1_recobin3 acc 0.0367 eff 0.0 outinratio 0.0518 

ttH126_4l_pT4l_pTHj_genbin1_recobin3 acc 0.0024 eff 0.0 outinratio 0.1745 

ggH126_4l_pT4l_pTHj_genbin2_recobin3 acc 0.0387 eff 0.0109 outinratio 0.0498 

VBFH126_4l_pT4l_pTHj_genbin2_recobin3 acc 0.0615 eff 0.0029 outinratio 0.0301 

WminusH126_4l_pT4l_pTHj_genbin2_recobin3 acc 0.0407 eff 0.0194 outinratio 0.0604 

WplusH126_4l_pT4l_pTHj_genbin2_recobin3 acc 0.0329 eff 0.0087 outinratio 0.0591 

ZH126_4l_pT4l_pTHj_genbin2_recobin3 acc 0.0377 eff 0.016 outinratio 0.0518 

ttH126_4l_pT4l_pTHj_genbin2_recobin3 acc 0.0058 eff 0.009 outinratio 0.1745 

ggH126_4l_pT4l_pTHj_genbin3_recobin3 acc 0.0203 eff 0.463 outinratio 0.0498 

VBFH126_4l_pT4l_pTHj_genbin3_recobin3 acc 0.0565 eff 0.468 outinratio 0.0301 

WminusH126_4l_pT4l_pTHj_genbin3_recobin3 acc 0.0312 eff 0.4337 outinratio 0.0604 

WplusH126_4l_pT4l_pTHj_genbin3_recobin3 acc 0.0271 eff 0.4157 outinratio 0.0591 

ZH126_4l_pT4l_pTHj_genbin3_recobin3 acc 0.0288 eff 0.3901 outinratio 0.0518 

ttH126_4l_pT4l_pTHj_genbin3_recobin3 acc 0.0081 eff 0.3372 outinratio 0.1745 

ggH126_4l_pT4l_pTHj_genbin4_recobin3 acc 0.0215 eff 0.0159 outinratio 0.0498 

VBFH126_4l_pT4l_pTHj_genbin4_recobin3 acc 0.0885 eff 0.0084 outinratio 0.0301 

WminusH126_4l_pT4l_pTHj_genbin4_recobin3 acc 0.0383 eff 0.0134 outinratio 0.0604 

WplusH126_4l_pT4l_pTHj_genbin4_recobin3 acc 0.0369 eff 0.0161 outinratio 0.0591 

ZH126_4l_pT4l_pTHj_genbin4_recobin3 acc 0.0401 eff 0.015 outinratio 0.0518 

ttH126_4l_pT4l_pTHj_genbin4_recobin3 acc 0.0207 eff 0.0094 outinratio 0.1745 

ggH126_4l_pT4l_pTHj_genbin5_recobin3 acc 0.0258 eff 0.0179 outinratio 0.0498 

VBFH126_4l_pT4l_pTHj_genbin5_recobin3 acc 0.1281 eff 0.0097 outinratio 0.0301 

WminusH126_4l_pT4l_pTHj_genbin5_recobin3 acc 0.0897 eff 0.0123 outinratio 0.0604 

WplusH126_4l_pT4l_pTHj_genbin5_recobin3 acc 0.0744 eff 0.0148 outinratio 0.0591 

ZH126_4l_pT4l_pTHj_genbin5_recobin3 acc 0.0928 eff 0.0062 outinratio 0.0518 

ttH126_4l_pT4l_pTHj_genbin5_recobin3 acc 0.1949 eff 0.0049 outinratio 0.1745 

ggH126_4l_pT4l_pTHj_genbin6_recobin3 acc 0.0088 eff 0.0 outinratio 0.0498 

VBFH126_4l_pT4l_pTHj_genbin6_recobin3 acc 0.0376 eff 0.0 outinratio 0.0301 

WminusH126_4l_pT4l_pTHj_genbin6_recobin3 acc 0.033 eff 0.0 outinratio 0.0604 

WplusH126_4l_pT4l_pTHj_genbin6_recobin3 acc 0.0362 eff 0.0 outinratio 0.0591 

ZH126_4l_pT4l_pTHj_genbin6_recobin3 acc 0.0322 eff 0.0 outinratio 0.0518 

ttH126_4l_pT4l_pTHj_genbin6_recobin3 acc 0.0862 eff 0.0 outinratio 0.1745 

ggH126_4l_pT4l_pTHj_genbin0_recobin4 acc 0.2585 eff 0.0 outinratio 0.0521 

VBFH126_4l_pT4l_pTHj_genbin0_recobin4 acc 0.0393 eff 0.0 outinratio 0.028 

WminusH126_4l_pT4l_pTHj_genbin0_recobin4 acc 0.0851 eff 0.0026 outinratio 0.0613 

WplusH126_4l_pT4l_pTHj_genbin0_recobin4 acc 0.0779 eff 0.0057 outinratio 0.0452 

ZH126_4l_pT4l_pTHj_genbin0_recobin4 acc 0.0773 eff 0.0138 outinratio 0.0655 

ttH126_4l_pT4l_pTHj_genbin0_recobin4 acc 0.0009 eff 0.0102 outinratio 0.1739 

ggH126_4l_pT4l_pTHj_genbin1_recobin4 acc 0.034 eff 0.0 outinratio 0.0521 

VBFH126_4l_pT4l_pTHj_genbin1_recobin4 acc 0.0408 eff 0.0 outinratio 0.028 

WminusH126_4l_pT4l_pTHj_genbin1_recobin4 acc 0.0385 eff 0.0 outinratio 0.0613 

WplusH126_4l_pT4l_pTHj_genbin1_recobin4 acc 0.0272 eff 0.0 outinratio 0.0452 

ZH126_4l_pT4l_pTHj_genbin1_recobin4 acc 0.0367 eff 0.0 outinratio 0.0655 

ttH126_4l_pT4l_pTHj_genbin1_recobin4 acc 0.0024 eff 0.0 outinratio 0.1739 

ggH126_4l_pT4l_pTHj_genbin2_recobin4 acc 0.0387 eff 0.0 outinratio 0.0521 

VBFH126_4l_pT4l_pTHj_genbin2_recobin4 acc 0.0615 eff 0.0 outinratio 0.028 

WminusH126_4l_pT4l_pTHj_genbin2_recobin4 acc 0.0407 eff 0.0 outinratio 0.0613 

WplusH126_4l_pT4l_pTHj_genbin2_recobin4 acc 0.0329 eff 0.0 outinratio 0.0452 

ZH126_4l_pT4l_pTHj_genbin2_recobin4 acc 0.0377 eff 0.0 outinratio 0.0655 

ttH126_4l_pT4l_pTHj_genbin2_recobin4 acc 0.0058 eff 0.0 outinratio 0.1739 

ggH126_4l_pT4l_pTHj_genbin3_recobin4 acc 0.0203 eff 0.0134 outinratio 0.0521 

VBFH126_4l_pT4l_pTHj_genbin3_recobin4 acc 0.0565 eff 0.0127 outinratio 0.028 

WminusH126_4l_pT4l_pTHj_genbin3_recobin4 acc 0.0312 eff 0.005 outinratio 0.0613 

WplusH126_4l_pT4l_pTHj_genbin3_recobin4 acc 0.0271 eff 0.0062 outinratio 0.0452 

ZH126_4l_pT4l_pTHj_genbin3_recobin4 acc 0.0288 eff 0.0064 outinratio 0.0655 

ttH126_4l_pT4l_pTHj_genbin3_recobin4 acc 0.0081 eff 0.006 outinratio 0.1739 

ggH126_4l_pT4l_pTHj_genbin4_recobin4 acc 0.0215 eff 0.4924 outinratio 0.0521 

VBFH126_4l_pT4l_pTHj_genbin4_recobin4 acc 0.0885 eff 0.4437 outinratio 0.028 

WminusH126_4l_pT4l_pTHj_genbin4_recobin4 acc 0.0383 eff 0.4514 outinratio 0.0613 

WplusH126_4l_pT4l_pTHj_genbin4_recobin4 acc 0.0369 eff 0.4919 outinratio 0.0452 

ZH126_4l_pT4l_pTHj_genbin4_recobin4 acc 0.0401 eff 0.4467 outinratio 0.0655 

ttH126_4l_pT4l_pTHj_genbin4_recobin4 acc 0.0207 eff 0.4044 outinratio 0.1739 

ggH126_4l_pT4l_pTHj_genbin5_recobin4 acc 0.0258 eff 0.0255 outinratio 0.0521 

VBFH126_4l_pT4l_pTHj_genbin5_recobin4 acc 0.1281 eff 0.0482 outinratio 0.028 

WminusH126_4l_pT4l_pTHj_genbin5_recobin4 acc 0.0897 eff 0.0271 outinratio 0.0613 

WplusH126_4l_pT4l_pTHj_genbin5_recobin4 acc 0.0744 eff 0.0397 outinratio 0.0452 

ZH126_4l_pT4l_pTHj_genbin5_recobin4 acc 0.0928 eff 0.0113 outinratio 0.0655 

ttH126_4l_pT4l_pTHj_genbin5_recobin4 acc 0.1949 eff 0.0103 outinratio 0.1739 

ggH126_4l_pT4l_pTHj_genbin6_recobin4 acc 0.0088 eff 0.0456 outinratio 0.0521 

VBFH126_4l_pT4l_pTHj_genbin6_recobin4 acc 0.0376 eff 0.0246 outinratio 0.028 

WminusH126_4l_pT4l_pTHj_genbin6_recobin4 acc 0.033 eff 0.0439 outinratio 0.0613 

WplusH126_4l_pT4l_pTHj_genbin6_recobin4 acc 0.0362 eff 0.0276 outinratio 0.0452 

ZH126_4l_pT4l_pTHj_genbin6_recobin4 acc 0.0322 eff 0.0487 outinratio 0.0655 

ttH126_4l_pT4l_pTHj_genbin6_recobin4 acc 0.0862 eff 0.0082 outinratio 0.1739 

ggH126_4l_pT4l_pTHj_genbin0_recobin5 acc 0.2585 eff 0.0191 outinratio 0.0591 

VBFH126_4l_pT4l_pTHj_genbin0_recobin5 acc 0.0393 eff 0.0511 outinratio 0.0339 

WminusH126_4l_pT4l_pTHj_genbin0_recobin5 acc 0.0851 eff 0.0789 outinratio 0.08 

WplusH126_4l_pT4l_pTHj_genbin0_recobin5 acc 0.0779 eff 0.0818 outinratio 0.1154 

ZH126_4l_pT4l_pTHj_genbin0_recobin5 acc 0.0773 eff 0.0516 outinratio 0.0713 

ttH126_4l_pT4l_pTHj_genbin0_recobin5 acc 0.0009 eff 0.1397 outinratio 0.1862 

ggH126_4l_pT4l_pTHj_genbin1_recobin5 acc 0.034 eff 0.0413 outinratio 0.0591 

VBFH126_4l_pT4l_pTHj_genbin1_recobin5 acc 0.0408 eff 0.1075 outinratio 0.0339 

WminusH126_4l_pT4l_pTHj_genbin1_recobin5 acc 0.0385 eff 0.0705 outinratio 0.08 

WplusH126_4l_pT4l_pTHj_genbin1_recobin5 acc 0.0272 eff 0.0656 outinratio 0.1154 

ZH126_4l_pT4l_pTHj_genbin1_recobin5 acc 0.0367 eff 0.066 outinratio 0.0713 

ttH126_4l_pT4l_pTHj_genbin1_recobin5 acc 0.0024 eff 0.2239 outinratio 0.1862 

ggH126_4l_pT4l_pTHj_genbin2_recobin5 acc 0.0387 eff 0.0315 outinratio 0.0591 

VBFH126_4l_pT4l_pTHj_genbin2_recobin5 acc 0.0615 eff 0.0535 outinratio 0.0339 

WminusH126_4l_pT4l_pTHj_genbin2_recobin5 acc 0.0407 eff 0.0506 outinratio 0.08 

WplusH126_4l_pT4l_pTHj_genbin2_recobin5 acc 0.0329 eff 0.0666 outinratio 0.1154 

ZH126_4l_pT4l_pTHj_genbin2_recobin5 acc 0.0377 eff 0.0471 outinratio 0.0713 

ttH126_4l_pT4l_pTHj_genbin2_recobin5 acc 0.0058 eff 0.2055 outinratio 0.1862 

ggH126_4l_pT4l_pTHj_genbin3_recobin5 acc 0.0203 eff 0.0332 outinratio 0.0591 

VBFH126_4l_pT4l_pTHj_genbin3_recobin5 acc 0.0565 eff 0.0826 outinratio 0.0339 

WminusH126_4l_pT4l_pTHj_genbin3_recobin5 acc 0.0312 eff 0.0707 outinratio 0.08 

WplusH126_4l_pT4l_pTHj_genbin3_recobin5 acc 0.0271 eff 0.0525 outinratio 0.1154 

ZH126_4l_pT4l_pTHj_genbin3_recobin5 acc 0.0288 eff 0.111 outinratio 0.0713 

ttH126_4l_pT4l_pTHj_genbin3_recobin5 acc 0.0081 eff 0.1692 outinratio 0.1862 

ggH126_4l_pT4l_pTHj_genbin4_recobin5 acc 0.0215 eff 0.0407 outinratio 0.0591 

VBFH126_4l_pT4l_pTHj_genbin4_recobin5 acc 0.0885 eff 0.0596 outinratio 0.0339 

WminusH126_4l_pT4l_pTHj_genbin4_recobin5 acc 0.0383 eff 0.0767 outinratio 0.08 

WplusH126_4l_pT4l_pTHj_genbin4_recobin5 acc 0.0369 eff 0.066 outinratio 0.1154 

ZH126_4l_pT4l_pTHj_genbin4_recobin5 acc 0.0401 eff 0.0982 outinratio 0.0713 

ttH126_4l_pT4l_pTHj_genbin4_recobin5 acc 0.0207 eff 0.1163 outinratio 0.1862 

ggH126_4l_pT4l_pTHj_genbin5_recobin5 acc 0.0258 eff 0.4839 outinratio 0.0591 

VBFH126_4l_pT4l_pTHj_genbin5_recobin5 acc 0.1281 eff 0.4789 outinratio 0.0339 

WminusH126_4l_pT4l_pTHj_genbin5_recobin5 acc 0.0897 eff 0.4911 outinratio 0.08 

WplusH126_4l_pT4l_pTHj_genbin5_recobin5 acc 0.0744 eff 0.4866 outinratio 0.1154 

ZH126_4l_pT4l_pTHj_genbin5_recobin5 acc 0.0928 eff 0.4976 outinratio 0.0713 

ttH126_4l_pT4l_pTHj_genbin5_recobin5 acc 0.1949 eff 0.5065 outinratio 0.1862 

ggH126_4l_pT4l_pTHj_genbin6_recobin5 acc 0.0088 eff 0.0054 outinratio 0.0591 

VBFH126_4l_pT4l_pTHj_genbin6_recobin5 acc 0.0376 eff 0.0184 outinratio 0.0339 

WminusH126_4l_pT4l_pTHj_genbin6_recobin5 acc 0.033 eff 0.02 outinratio 0.08 

WplusH126_4l_pT4l_pTHj_genbin6_recobin5 acc 0.0362 eff 0.0113 outinratio 0.1154 

ZH126_4l_pT4l_pTHj_genbin6_recobin5 acc 0.0322 eff 0.0276 outinratio 0.0713 

ttH126_4l_pT4l_pTHj_genbin6_recobin5 acc 0.0862 eff 0.0121 outinratio 0.1862 

ggH126_4l_pT4l_pTHj_genbin0_recobin6 acc 0.2585 eff 0.0 outinratio 0.0441 

VBFH126_4l_pT4l_pTHj_genbin0_recobin6 acc 0.0393 eff 0.0 outinratio 0.0379 

WminusH126_4l_pT4l_pTHj_genbin0_recobin6 acc 0.0851 eff 0.0105 outinratio 0.0468 

WplusH126_4l_pT4l_pTHj_genbin0_recobin6 acc 0.0779 eff 0.0247 outinratio 0.0633 

ZH126_4l_pT4l_pTHj_genbin0_recobin6 acc 0.0773 eff 0.0141 outinratio 0.044 

ttH126_4l_pT4l_pTHj_genbin0_recobin6 acc 0.0009 eff 0.1219 outinratio 0.1319 

ggH126_4l_pT4l_pTHj_genbin1_recobin6 acc 0.034 eff 0.0 outinratio 0.0441 

VBFH126_4l_pT4l_pTHj_genbin1_recobin6 acc 0.0408 eff 0.0 outinratio 0.0379 

WminusH126_4l_pT4l_pTHj_genbin1_recobin6 acc 0.0385 eff 0.0 outinratio 0.0468 

WplusH126_4l_pT4l_pTHj_genbin1_recobin6 acc 0.0272 eff 0.0 outinratio 0.0633 

ZH126_4l_pT4l_pTHj_genbin1_recobin6 acc 0.0367 eff 0.0 outinratio 0.044 

ttH126_4l_pT4l_pTHj_genbin1_recobin6 acc 0.0024 eff 0.0 outinratio 0.1319 

ggH126_4l_pT4l_pTHj_genbin2_recobin6 acc 0.0387 eff 0.0 outinratio 0.0441 

VBFH126_4l_pT4l_pTHj_genbin2_recobin6 acc 0.0615 eff 0.0 outinratio 0.0379 

WminusH126_4l_pT4l_pTHj_genbin2_recobin6 acc 0.0407 eff 0.0 outinratio 0.0468 

WplusH126_4l_pT4l_pTHj_genbin2_recobin6 acc 0.0329 eff 0.0 outinratio 0.0633 

ZH126_4l_pT4l_pTHj_genbin2_recobin6 acc 0.0377 eff 0.0 outinratio 0.044 

ttH126_4l_pT4l_pTHj_genbin2_recobin6 acc 0.0058 eff 0.0 outinratio 0.1319 

ggH126_4l_pT4l_pTHj_genbin3_recobin6 acc 0.0203 eff 0.0 outinratio 0.0441 

VBFH126_4l_pT4l_pTHj_genbin3_recobin6 acc 0.0565 eff 0.0 outinratio 0.0379 

WminusH126_4l_pT4l_pTHj_genbin3_recobin6 acc 0.0312 eff 0.0 outinratio 0.0468 

WplusH126_4l_pT4l_pTHj_genbin3_recobin6 acc 0.0271 eff 0.0 outinratio 0.0633 

ZH126_4l_pT4l_pTHj_genbin3_recobin6 acc 0.0288 eff 0.0 outinratio 0.044 

ttH126_4l_pT4l_pTHj_genbin3_recobin6 acc 0.0081 eff 0.0 outinratio 0.1319 

ggH126_4l_pT4l_pTHj_genbin4_recobin6 acc 0.0215 eff 0.0185 outinratio 0.0441 

VBFH126_4l_pT4l_pTHj_genbin4_recobin6 acc 0.0885 eff 0.0221 outinratio 0.0379 

WminusH126_4l_pT4l_pTHj_genbin4_recobin6 acc 0.0383 eff 0.0297 outinratio 0.0468 

WplusH126_4l_pT4l_pTHj_genbin4_recobin6 acc 0.0369 eff 0.0309 outinratio 0.0633 

ZH126_4l_pT4l_pTHj_genbin4_recobin6 acc 0.0401 eff 0.0095 outinratio 0.044 

ttH126_4l_pT4l_pTHj_genbin4_recobin6 acc 0.0207 eff 0.0334 outinratio 0.1319 

ggH126_4l_pT4l_pTHj_genbin5_recobin6 acc 0.0258 eff 0.0056 outinratio 0.0441 

VBFH126_4l_pT4l_pTHj_genbin5_recobin6 acc 0.1281 eff 0.0017 outinratio 0.0379 

WminusH126_4l_pT4l_pTHj_genbin5_recobin6 acc 0.0897 eff 0.0008 outinratio 0.0468 

WplusH126_4l_pT4l_pTHj_genbin5_recobin6 acc 0.0744 eff 0.0059 outinratio 0.0633 

ZH126_4l_pT4l_pTHj_genbin5_recobin6 acc 0.0928 eff 0.0035 outinratio 0.044 

ttH126_4l_pT4l_pTHj_genbin5_recobin6 acc 0.1949 eff 0.002 outinratio 0.1319 

ggH126_4l_pT4l_pTHj_genbin6_recobin6 acc 0.0088 eff 0.5335 outinratio 0.0441 

VBFH126_4l_pT4l_pTHj_genbin6_recobin6 acc 0.0376 eff 0.5504 outinratio 0.0379 

WminusH126_4l_pT4l_pTHj_genbin6_recobin6 acc 0.033 eff 0.5546 outinratio 0.0468 

WplusH126_4l_pT4l_pTHj_genbin6_recobin6 acc 0.0362 eff 0.5526 outinratio 0.0633 

ZH126_4l_pT4l_pTHj_genbin6_recobin6 acc 0.0322 eff 0.5369 outinratio 0.044 

ttH126_4l_pT4l_pTHj_genbin6_recobin6 acc 0.0862 eff 0.5848 outinratio 0.1319 

ggH126_4e_pT4l_pTHj_genbin0_recobin0 acc 0.2506 eff 0.2773 outinratio 0.0461 

VBFH126_4e_pT4l_pTHj_genbin0_recobin0 acc 0.0368 eff 0.1257 outinratio 0.024 

WminusH126_4e_pT4l_pTHj_genbin0_recobin0 acc 0.083 eff 0.2566 outinratio 0.0441 

WplusH126_4e_pT4l_pTHj_genbin0_recobin0 acc 0.0785 eff 0.1586 outinratio 0.0289 

ZH126_4e_pT4l_pTHj_genbin0_recobin0 acc 0.07 eff 0.2985 outinratio 0.0089 

ttH126_4e_pT4l_pTHj_genbin0_recobin0 acc 0.0007 eff 0.0552 outinratio 0.9588 

ggH126_4e_pT4l_pTHj_genbin1_recobin0 acc 0.0325 eff 0.0351 outinratio 0.0461 

VBFH126_4e_pT4l_pTHj_genbin1_recobin0 acc 0.0415 eff 0.0117 outinratio 0.024 

WminusH126_4e_pT4l_pTHj_genbin1_recobin0 acc 0.0392 eff 0.0233 outinratio 0.0441 

WplusH126_4e_pT4l_pTHj_genbin1_recobin0 acc 0.0194 eff -0.0056 outinratio 0.0289 

ZH126_4e_pT4l_pTHj_genbin1_recobin0 acc 0.0303 eff 0.0597 outinratio 0.0089 

ttH126_4e_pT4l_pTHj_genbin1_recobin0 acc 0.0025 eff 0.0 outinratio 0.9588 

ggH126_4e_pT4l_pTHj_genbin2_recobin0 acc 0.0388 eff 0.0321 outinratio 0.0461 

VBFH126_4e_pT4l_pTHj_genbin2_recobin0 acc 0.0655 eff 0.0287 outinratio 0.024 

WminusH126_4e_pT4l_pTHj_genbin2_recobin0 acc 0.0347 eff 0.0195 outinratio 0.0441 

WplusH126_4e_pT4l_pTHj_genbin2_recobin0 acc 0.0278 eff 0.0028 outinratio 0.0289 

ZH126_4e_pT4l_pTHj_genbin2_recobin0 acc 0.0426 eff 0.0 outinratio 0.0089 

ttH126_4e_pT4l_pTHj_genbin2_recobin0 acc 0.0062 eff 0.0 outinratio 0.9588 

ggH126_4e_pT4l_pTHj_genbin3_recobin0 acc 0.0209 eff 0.0103 outinratio 0.0461 

VBFH126_4e_pT4l_pTHj_genbin3_recobin0 acc 0.0561 eff 0.0 outinratio 0.024 

WminusH126_4e_pT4l_pTHj_genbin3_recobin0 acc 0.0312 eff 0.0273 outinratio 0.0441 

WplusH126_4e_pT4l_pTHj_genbin3_recobin0 acc 0.0241 eff 0.0 outinratio 0.0289 

ZH126_4e_pT4l_pTHj_genbin3_recobin0 acc 0.0312 eff 0.0 outinratio 0.0089 

ttH126_4e_pT4l_pTHj_genbin3_recobin0 acc 0.0082 eff 0.0 outinratio 0.9588 

ggH126_4e_pT4l_pTHj_genbin4_recobin0 acc 0.0194 eff 0.0014 outinratio 0.0461 

VBFH126_4e_pT4l_pTHj_genbin4_recobin0 acc 0.0749 eff 0.0 outinratio 0.024 

WminusH126_4e_pT4l_pTHj_genbin4_recobin0 acc 0.0362 eff 0.0021 outinratio 0.0441 

WplusH126_4e_pT4l_pTHj_genbin4_recobin0 acc 0.0342 eff 0.0071 outinratio 0.0289 

ZH126_4e_pT4l_pTHj_genbin4_recobin0 acc 0.0416 eff 0.0 outinratio 0.0089 

ttH126_4e_pT4l_pTHj_genbin4_recobin0 acc 0.0213 eff 0.0 outinratio 0.9588 

ggH126_4e_pT4l_pTHj_genbin5_recobin0 acc 0.0253 eff 0.0123 outinratio 0.0461 

VBFH126_4e_pT4l_pTHj_genbin5_recobin0 acc 0.1304 eff 0.0 outinratio 0.024 

WminusH126_4e_pT4l_pTHj_genbin5_recobin0 acc 0.0891 eff 0.0072 outinratio 0.0441 

WplusH126_4e_pT4l_pTHj_genbin5_recobin0 acc 0.0722 eff 0.0087 outinratio 0.0289 

ZH126_4e_pT4l_pTHj_genbin5_recobin0 acc 0.0889 eff 0.0061 outinratio 0.0089 

ttH126_4e_pT4l_pTHj_genbin5_recobin0 acc 0.1899 eff 0.0 outinratio 0.9588 

ggH126_4e_pT4l_pTHj_genbin6_recobin0 acc 0.0093 eff 0.0 outinratio 0.0461 

VBFH126_4e_pT4l_pTHj_genbin6_recobin0 acc 0.0322 eff 0.0 outinratio 0.024 

WminusH126_4e_pT4l_pTHj_genbin6_recobin0 acc 0.032 eff 0.025 outinratio 0.0441 

WplusH126_4e_pT4l_pTHj_genbin6_recobin0 acc 0.0392 eff 0.0 outinratio 0.0289 

ZH126_4e_pT4l_pTHj_genbin6_recobin0 acc 0.0331 eff 0.0 outinratio 0.0089 

ttH126_4e_pT4l_pTHj_genbin6_recobin0 acc 0.0871 eff 0.0 outinratio 0.9588 

ggH126_4e_pT4l_pTHj_genbin0_recobin1 acc 0.2506 eff 0.0297 outinratio 0.0714 

VBFH126_4e_pT4l_pTHj_genbin0_recobin1 acc 0.0368 eff 0.0257 outinratio 0.0096 

WminusH126_4e_pT4l_pTHj_genbin0_recobin1 acc 0.083 eff 0.0453 outinratio 0.0327 

WplusH126_4e_pT4l_pTHj_genbin0_recobin1 acc 0.0785 eff 0.0287 outinratio 0.3067 

ZH126_4e_pT4l_pTHj_genbin0_recobin1 acc 0.07 eff 0.0213 outinratio 0.0434 

ttH126_4e_pT4l_pTHj_genbin0_recobin1 acc 0.0007 eff 0.0 outinratio 0.2633 

ggH126_4e_pT4l_pTHj_genbin1_recobin1 acc 0.0325 eff 0.2065 outinratio 0.0714 

VBFH126_4e_pT4l_pTHj_genbin1_recobin1 acc 0.0415 eff 0.2408 outinratio 0.0096 

WminusH126_4e_pT4l_pTHj_genbin1_recobin1 acc 0.0392 eff 0.2383 outinratio 0.0327 

WplusH126_4e_pT4l_pTHj_genbin1_recobin1 acc 0.0194 eff 0.2056 outinratio 0.3067 

ZH126_4e_pT4l_pTHj_genbin1_recobin1 acc 0.0303 eff 0.3478 outinratio 0.0434 

ttH126_4e_pT4l_pTHj_genbin1_recobin1 acc 0.0025 eff 0.0902 outinratio 0.2633 

ggH126_4e_pT4l_pTHj_genbin2_recobin1 acc 0.0388 eff 0.0093 outinratio 0.0714 

VBFH126_4e_pT4l_pTHj_genbin2_recobin1 acc 0.0655 eff 0.0071 outinratio 0.0096 

WminusH126_4e_pT4l_pTHj_genbin2_recobin1 acc 0.0347 eff 0.0106 outinratio 0.0327 

WplusH126_4e_pT4l_pTHj_genbin2_recobin1 acc 0.0278 eff 0.0237 outinratio 0.3067 

ZH126_4e_pT4l_pTHj_genbin2_recobin1 acc 0.0426 eff -0.0013 outinratio 0.0434 

ttH126_4e_pT4l_pTHj_genbin2_recobin1 acc 0.0062 eff 0.0104 outinratio 0.2633 

ggH126_4e_pT4l_pTHj_genbin3_recobin1 acc 0.0209 eff 0.0 outinratio 0.0714 

VBFH126_4e_pT4l_pTHj_genbin3_recobin1 acc 0.0561 eff 0.0 outinratio 0.0096 

WminusH126_4e_pT4l_pTHj_genbin3_recobin1 acc 0.0312 eff 0.0 outinratio 0.0327 

WplusH126_4e_pT4l_pTHj_genbin3_recobin1 acc 0.0241 eff 0.0 outinratio 0.3067 

ZH126_4e_pT4l_pTHj_genbin3_recobin1 acc 0.0312 eff 0.0 outinratio 0.0434 

ttH126_4e_pT4l_pTHj_genbin3_recobin1 acc 0.0082 eff 0.0 outinratio 0.2633 

ggH126_4e_pT4l_pTHj_genbin4_recobin1 acc 0.0194 eff 0.0 outinratio 0.0714 

VBFH126_4e_pT4l_pTHj_genbin4_recobin1 acc 0.0749 eff 0.0 outinratio 0.0096 

WminusH126_4e_pT4l_pTHj_genbin4_recobin1 acc 0.0362 eff 0.0 outinratio 0.0327 

WplusH126_4e_pT4l_pTHj_genbin4_recobin1 acc 0.0342 eff 0.0 outinratio 0.3067 

ZH126_4e_pT4l_pTHj_genbin4_recobin1 acc 0.0416 eff 0.0 outinratio 0.0434 

ttH126_4e_pT4l_pTHj_genbin4_recobin1 acc 0.0213 eff 0.0 outinratio 0.2633 

ggH126_4e_pT4l_pTHj_genbin5_recobin1 acc 0.0253 eff 0.0078 outinratio 0.0714 

VBFH126_4e_pT4l_pTHj_genbin5_recobin1 acc 0.1304 eff 0.0161 outinratio 0.0096 

WminusH126_4e_pT4l_pTHj_genbin5_recobin1 acc 0.0891 eff 0.0039 outinratio 0.0327 

WplusH126_4e_pT4l_pTHj_genbin5_recobin1 acc 0.0722 eff 0.0 outinratio 0.3067 

ZH126_4e_pT4l_pTHj_genbin5_recobin1 acc 0.0889 eff 0.0242 outinratio 0.0434 

ttH126_4e_pT4l_pTHj_genbin5_recobin1 acc 0.1899 eff 0.001 outinratio 0.2633 

ggH126_4e_pT4l_pTHj_genbin6_recobin1 acc 0.0093 eff 0.0 outinratio 0.0714 

VBFH126_4e_pT4l_pTHj_genbin6_recobin1 acc 0.0322 eff 0.0 outinratio 0.0096 

WminusH126_4e_pT4l_pTHj_genbin6_recobin1 acc 0.032 eff 0.0 outinratio 0.0327 

WplusH126_4e_pT4l_pTHj_genbin6_recobin1 acc 0.0392 eff 0.0 outinratio 0.3067 

ZH126_4e_pT4l_pTHj_genbin6_recobin1 acc 0.0331 eff 0.0 outinratio 0.0434 

ttH126_4e_pT4l_pTHj_genbin6_recobin1 acc 0.0871 eff 0.0 outinratio 0.2633 

ggH126_4e_pT4l_pTHj_genbin0_recobin2 acc 0.2506 eff 0.0054 outinratio 0.0598 

VBFH126_4e_pT4l_pTHj_genbin0_recobin2 acc 0.0368 eff 0.0099 outinratio 0.0643 

WminusH126_4e_pT4l_pTHj_genbin0_recobin2 acc 0.083 eff 0.0147 outinratio 0.07 

WplusH126_4e_pT4l_pTHj_genbin0_recobin2 acc 0.0785 eff 0.0107 outinratio 0.1825 

ZH126_4e_pT4l_pTHj_genbin0_recobin2 acc 0.07 eff 0.0059 outinratio 0.1491 

ttH126_4e_pT4l_pTHj_genbin0_recobin2 acc 0.0007 eff 0.0 outinratio 0.1844 

ggH126_4e_pT4l_pTHj_genbin1_recobin2 acc 0.0325 eff 0.0083 outinratio 0.0598 

VBFH126_4e_pT4l_pTHj_genbin1_recobin2 acc 0.0415 eff 0.0 outinratio 0.0643 

WminusH126_4e_pT4l_pTHj_genbin1_recobin2 acc 0.0392 eff 0.0138 outinratio 0.07 

WplusH126_4e_pT4l_pTHj_genbin1_recobin2 acc 0.0194 eff 0.0134 outinratio 0.1825 

ZH126_4e_pT4l_pTHj_genbin1_recobin2 acc 0.0303 eff 0.0187 outinratio 0.1491 

ttH126_4e_pT4l_pTHj_genbin1_recobin2 acc 0.0025 eff 0.0558 outinratio 0.1844 

ggH126_4e_pT4l_pTHj_genbin2_recobin2 acc 0.0388 eff 0.2539 outinratio 0.0598 

VBFH126_4e_pT4l_pTHj_genbin2_recobin2 acc 0.0655 eff 0.2474 outinratio 0.0643 

WminusH126_4e_pT4l_pTHj_genbin2_recobin2 acc 0.0347 eff 0.2113 outinratio 0.07 

WplusH126_4e_pT4l_pTHj_genbin2_recobin2 acc 0.0278 eff 0.1693 outinratio 0.1825 

ZH126_4e_pT4l_pTHj_genbin2_recobin2 acc 0.0426 eff 0.3533 outinratio 0.1491 

ttH126_4e_pT4l_pTHj_genbin2_recobin2 acc 0.0062 eff 0.1577 outinratio 0.1844 

ggH126_4e_pT4l_pTHj_genbin3_recobin2 acc 0.0209 eff 0.0107 outinratio 0.0598 

VBFH126_4e_pT4l_pTHj_genbin3_recobin2 acc 0.0561 eff 0.0115 outinratio 0.0643 

WminusH126_4e_pT4l_pTHj_genbin3_recobin2 acc 0.0312 eff 0.0 outinratio 0.07 

WplusH126_4e_pT4l_pTHj_genbin3_recobin2 acc 0.0241 eff 0.0327 outinratio 0.1825 

ZH126_4e_pT4l_pTHj_genbin3_recobin2 acc 0.0312 eff 0.0 outinratio 0.1491 

ttH126_4e_pT4l_pTHj_genbin3_recobin2 acc 0.0082 eff 0.0225 outinratio 0.1844 

ggH126_4e_pT4l_pTHj_genbin4_recobin2 acc 0.0194 eff 0.0 outinratio 0.0598 

VBFH126_4e_pT4l_pTHj_genbin4_recobin2 acc 0.0749 eff 0.0 outinratio 0.0643 

WminusH126_4e_pT4l_pTHj_genbin4_recobin2 acc 0.0362 eff 0.0 outinratio 0.07 

WplusH126_4e_pT4l_pTHj_genbin4_recobin2 acc 0.0342 eff 0.0 outinratio 0.1825 

ZH126_4e_pT4l_pTHj_genbin4_recobin2 acc 0.0416 eff 0.0 outinratio 0.1491 

ttH126_4e_pT4l_pTHj_genbin4_recobin2 acc 0.0213 eff 0.0 outinratio 0.1844 

ggH126_4e_pT4l_pTHj_genbin5_recobin2 acc 0.0253 eff 0.0136 outinratio 0.0598 

VBFH126_4e_pT4l_pTHj_genbin5_recobin2 acc 0.1304 eff 0.0 outinratio 0.0643 

WminusH126_4e_pT4l_pTHj_genbin5_recobin2 acc 0.0891 eff 0.002 outinratio 0.07 

WplusH126_4e_pT4l_pTHj_genbin5_recobin2 acc 0.0722 eff 0.0 outinratio 0.1825 

ZH126_4e_pT4l_pTHj_genbin5_recobin2 acc 0.0889 eff 0.0163 outinratio 0.1491 

ttH126_4e_pT4l_pTHj_genbin5_recobin2 acc 0.1899 eff 0.0017 outinratio 0.1844 

ggH126_4e_pT4l_pTHj_genbin6_recobin2 acc 0.0093 eff 0.0 outinratio 0.0598 

VBFH126_4e_pT4l_pTHj_genbin6_recobin2 acc 0.0322 eff 0.0 outinratio 0.0643 

WminusH126_4e_pT4l_pTHj_genbin6_recobin2 acc 0.032 eff 0.0 outinratio 0.07 

WplusH126_4e_pT4l_pTHj_genbin6_recobin2 acc 0.0392 eff 0.0 outinratio 0.1825 

ZH126_4e_pT4l_pTHj_genbin6_recobin2 acc 0.0331 eff 0.0 outinratio 0.1491 

ttH126_4e_pT4l_pTHj_genbin6_recobin2 acc 0.0871 eff 0.0 outinratio 0.1844 

ggH126_4e_pT4l_pTHj_genbin0_recobin3 acc 0.2506 eff 0.0002 outinratio 0.0512 

VBFH126_4e_pT4l_pTHj_genbin0_recobin3 acc 0.0368 eff 0.0 outinratio 0.0 

WminusH126_4e_pT4l_pTHj_genbin0_recobin3 acc 0.083 eff 0.0036 outinratio 0.0803 

WplusH126_4e_pT4l_pTHj_genbin0_recobin3 acc 0.0785 eff 0.0019 outinratio 0.0532 

ZH126_4e_pT4l_pTHj_genbin0_recobin3 acc 0.07 eff 0.0 outinratio 0.0566 

ttH126_4e_pT4l_pTHj_genbin0_recobin3 acc 0.0007 eff 0.0389 outinratio 0.1175 

ggH126_4e_pT4l_pTHj_genbin1_recobin3 acc 0.0325 eff 0.0 outinratio 0.0512 

VBFH126_4e_pT4l_pTHj_genbin1_recobin3 acc 0.0415 eff 0.0 outinratio 0.0 

WminusH126_4e_pT4l_pTHj_genbin1_recobin3 acc 0.0392 eff 0.0 outinratio 0.0803 

WplusH126_4e_pT4l_pTHj_genbin1_recobin3 acc 0.0194 eff 0.0 outinratio 0.0532 

ZH126_4e_pT4l_pTHj_genbin1_recobin3 acc 0.0303 eff 0.0 outinratio 0.0566 

ttH126_4e_pT4l_pTHj_genbin1_recobin3 acc 0.0025 eff 0.0 outinratio 0.1175 

ggH126_4e_pT4l_pTHj_genbin2_recobin3 acc 0.0388 eff 0.0066 outinratio 0.0512 

VBFH126_4e_pT4l_pTHj_genbin2_recobin3 acc 0.0655 eff 0.0 outinratio 0.0 

WminusH126_4e_pT4l_pTHj_genbin2_recobin3 acc 0.0347 eff 0.0303 outinratio 0.0803 

WplusH126_4e_pT4l_pTHj_genbin2_recobin3 acc 0.0278 eff 0.0209 outinratio 0.0532 

ZH126_4e_pT4l_pTHj_genbin2_recobin3 acc 0.0426 eff 0.0 outinratio 0.0566 

ttH126_4e_pT4l_pTHj_genbin2_recobin3 acc 0.0062 eff 0.0 outinratio 0.1175 

ggH126_4e_pT4l_pTHj_genbin3_recobin3 acc 0.0209 eff 0.2638 outinratio 0.0512 

VBFH126_4e_pT4l_pTHj_genbin3_recobin3 acc 0.0561 eff 0.277 outinratio 0.0 

WminusH126_4e_pT4l_pTHj_genbin3_recobin3 acc 0.0312 eff 0.2332 outinratio 0.0803 

WplusH126_4e_pT4l_pTHj_genbin3_recobin3 acc 0.0241 eff 0.2269 outinratio 0.0532 

ZH126_4e_pT4l_pTHj_genbin3_recobin3 acc 0.0312 eff 0.2863 outinratio 0.0566 

ttH126_4e_pT4l_pTHj_genbin3_recobin3 acc 0.0082 eff 0.1845 outinratio 0.1175 

ggH126_4e_pT4l_pTHj_genbin4_recobin3 acc 0.0194 eff 0.0281 outinratio 0.0512 

VBFH126_4e_pT4l_pTHj_genbin4_recobin3 acc 0.0749 eff 0.0087 outinratio 0.0 

WminusH126_4e_pT4l_pTHj_genbin4_recobin3 acc 0.0362 eff 0.0031 outinratio 0.0803 

WplusH126_4e_pT4l_pTHj_genbin4_recobin3 acc 0.0342 eff 0.021 outinratio 0.0532 

ZH126_4e_pT4l_pTHj_genbin4_recobin3 acc 0.0416 eff 0.0287 outinratio 0.0566 

ttH126_4e_pT4l_pTHj_genbin4_recobin3 acc 0.0213 eff 0.0017 outinratio 0.1175 

ggH126_4e_pT4l_pTHj_genbin5_recobin3 acc 0.0253 eff 0.0287 outinratio 0.0512 

VBFH126_4e_pT4l_pTHj_genbin5_recobin3 acc 0.1304 eff 0.0 outinratio 0.0 

WminusH126_4e_pT4l_pTHj_genbin5_recobin3 acc 0.0891 eff 0.0105 outinratio 0.0803 

WplusH126_4e_pT4l_pTHj_genbin5_recobin3 acc 0.0722 eff 0.0104 outinratio 0.0532 

ZH126_4e_pT4l_pTHj_genbin5_recobin3 acc 0.0889 eff 0.0 outinratio 0.0566 

ttH126_4e_pT4l_pTHj_genbin5_recobin3 acc 0.1899 eff 0.0017 outinratio 0.1175 

ggH126_4e_pT4l_pTHj_genbin6_recobin3 acc 0.0093 eff 0.0 outinratio 0.0512 

VBFH126_4e_pT4l_pTHj_genbin6_recobin3 acc 0.0322 eff 0.0 outinratio 0.0 

WminusH126_4e_pT4l_pTHj_genbin6_recobin3 acc 0.032 eff 0.0 outinratio 0.0803 

WplusH126_4e_pT4l_pTHj_genbin6_recobin3 acc 0.0392 eff 0.0 outinratio 0.0532 

ZH126_4e_pT4l_pTHj_genbin6_recobin3 acc 0.0331 eff 0.0 outinratio 0.0566 

ttH126_4e_pT4l_pTHj_genbin6_recobin3 acc 0.0871 eff 0.0 outinratio 0.1175 

ggH126_4e_pT4l_pTHj_genbin0_recobin4 acc 0.2506 eff 0.0 outinratio 0.0153 

VBFH126_4e_pT4l_pTHj_genbin0_recobin4 acc 0.0368 eff 0.0 outinratio 0.025 

WminusH126_4e_pT4l_pTHj_genbin0_recobin4 acc 0.083 eff 0.0 outinratio 0.066 

WplusH126_4e_pT4l_pTHj_genbin0_recobin4 acc 0.0785 eff 0.0 outinratio 0.0555 

ZH126_4e_pT4l_pTHj_genbin0_recobin4 acc 0.07 eff 0.0 outinratio 0.0635 

ttH126_4e_pT4l_pTHj_genbin0_recobin4 acc 0.0007 eff 0.0 outinratio 0.1438 

ggH126_4e_pT4l_pTHj_genbin1_recobin4 acc 0.0325 eff 0.0 outinratio 0.0153 

VBFH126_4e_pT4l_pTHj_genbin1_recobin4 acc 0.0415 eff 0.0 outinratio 0.025 

WminusH126_4e_pT4l_pTHj_genbin1_recobin4 acc 0.0392 eff 0.0 outinratio 0.066 

WplusH126_4e_pT4l_pTHj_genbin1_recobin4 acc 0.0194 eff 0.0 outinratio 0.0555 

ZH126_4e_pT4l_pTHj_genbin1_recobin4 acc 0.0303 eff 0.0 outinratio 0.0635 

ttH126_4e_pT4l_pTHj_genbin1_recobin4 acc 0.0025 eff 0.0 outinratio 0.1438 

ggH126_4e_pT4l_pTHj_genbin2_recobin4 acc 0.0388 eff 0.0 outinratio 0.0153 

VBFH126_4e_pT4l_pTHj_genbin2_recobin4 acc 0.0655 eff 0.0 outinratio 0.025 

WminusH126_4e_pT4l_pTHj_genbin2_recobin4 acc 0.0347 eff 0.0 outinratio 0.066 

WplusH126_4e_pT4l_pTHj_genbin2_recobin4 acc 0.0278 eff 0.0 outinratio 0.0555 

ZH126_4e_pT4l_pTHj_genbin2_recobin4 acc 0.0426 eff 0.0 outinratio 0.0635 

ttH126_4e_pT4l_pTHj_genbin2_recobin4 acc 0.0062 eff 0.0 outinratio 0.1438 

ggH126_4e_pT4l_pTHj_genbin3_recobin4 acc 0.0209 eff 0.0043 outinratio 0.0153 

VBFH126_4e_pT4l_pTHj_genbin3_recobin4 acc 0.0561 eff 0.0221 outinratio 0.025 

WminusH126_4e_pT4l_pTHj_genbin3_recobin4 acc 0.0312 eff 0.0 outinratio 0.066 

WplusH126_4e_pT4l_pTHj_genbin3_recobin4 acc 0.0241 eff 0.0 outinratio 0.0555 

ZH126_4e_pT4l_pTHj_genbin3_recobin4 acc 0.0312 eff 0.0 outinratio 0.0635 

ttH126_4e_pT4l_pTHj_genbin3_recobin4 acc 0.0082 eff 0.0149 outinratio 0.1438 

ggH126_4e_pT4l_pTHj_genbin4_recobin4 acc 0.0194 eff 0.3418 outinratio 0.0153 

VBFH126_4e_pT4l_pTHj_genbin4_recobin4 acc 0.0749 eff 0.2896 outinratio 0.025 

WminusH126_4e_pT4l_pTHj_genbin4_recobin4 acc 0.0362 eff 0.327 outinratio 0.066 

WplusH126_4e_pT4l_pTHj_genbin4_recobin4 acc 0.0342 eff 0.3139 outinratio 0.0555 

ZH126_4e_pT4l_pTHj_genbin4_recobin4 acc 0.0416 eff 0.2326 outinratio 0.0635 

ttH126_4e_pT4l_pTHj_genbin4_recobin4 acc 0.0213 eff 0.2905 outinratio 0.1438 

ggH126_4e_pT4l_pTHj_genbin5_recobin4 acc 0.0253 eff 0.0081 outinratio 0.0153 

VBFH126_4e_pT4l_pTHj_genbin5_recobin4 acc 0.1304 eff 0.0267 outinratio 0.025 

WminusH126_4e_pT4l_pTHj_genbin5_recobin4 acc 0.0891 eff 0.0183 outinratio 0.066 

WplusH126_4e_pT4l_pTHj_genbin5_recobin4 acc 0.0722 eff 0.0281 outinratio 0.0555 

ZH126_4e_pT4l_pTHj_genbin5_recobin4 acc 0.0889 eff 0.0071 outinratio 0.0635 

ttH126_4e_pT4l_pTHj_genbin5_recobin4 acc 0.1899 eff 0.0088 outinratio 0.1438 

ggH126_4e_pT4l_pTHj_genbin6_recobin4 acc 0.0093 eff 0.0364 outinratio 0.0153 

VBFH126_4e_pT4l_pTHj_genbin6_recobin4 acc 0.0322 eff 0.0057 outinratio 0.025 

WminusH126_4e_pT4l_pTHj_genbin6_recobin4 acc 0.032 eff 0.0311 outinratio 0.066 

WplusH126_4e_pT4l_pTHj_genbin6_recobin4 acc 0.0392 eff 0.0364 outinratio 0.0555 

ZH126_4e_pT4l_pTHj_genbin6_recobin4 acc 0.0331 eff 0.0544 outinratio 0.0635 

ttH126_4e_pT4l_pTHj_genbin6_recobin4 acc 0.0871 eff 0.0074 outinratio 0.1438 

ggH126_4e_pT4l_pTHj_genbin0_recobin5 acc 0.2506 eff 0.0085 outinratio 0.0736 

VBFH126_4e_pT4l_pTHj_genbin0_recobin5 acc 0.0368 eff 0.009 outinratio 0.0616 

WminusH126_4e_pT4l_pTHj_genbin0_recobin5 acc 0.083 eff 0.0321 outinratio 0.0653 

WplusH126_4e_pT4l_pTHj_genbin0_recobin5 acc 0.0785 eff 0.0399 outinratio 0.0905 

ZH126_4e_pT4l_pTHj_genbin0_recobin5 acc 0.07 eff 0.0273 outinratio 0.1011 

ttH126_4e_pT4l_pTHj_genbin0_recobin5 acc 0.0007 eff 0.1464 outinratio 0.2277 

ggH126_4e_pT4l_pTHj_genbin1_recobin5 acc 0.0325 eff 0.0124 outinratio 0.0736 

VBFH126_4e_pT4l_pTHj_genbin1_recobin5 acc 0.0415 eff 0.0501 outinratio 0.0616 

WminusH126_4e_pT4l_pTHj_genbin1_recobin5 acc 0.0392 eff 0.051 outinratio 0.0653 

WplusH126_4e_pT4l_pTHj_genbin1_recobin5 acc 0.0194 eff 0.0483 outinratio 0.0905 

ZH126_4e_pT4l_pTHj_genbin1_recobin5 acc 0.0303 eff 0.0331 outinratio 0.1011 

ttH126_4e_pT4l_pTHj_genbin1_recobin5 acc 0.0025 eff 0.1277 outinratio 0.2277 

ggH126_4e_pT4l_pTHj_genbin2_recobin5 acc 0.0388 eff 0.0187 outinratio 0.0736 

VBFH126_4e_pT4l_pTHj_genbin2_recobin5 acc 0.0655 eff 0.0325 outinratio 0.0616 

WminusH126_4e_pT4l_pTHj_genbin2_recobin5 acc 0.0347 eff 0.0476 outinratio 0.0653 

WplusH126_4e_pT4l_pTHj_genbin2_recobin5 acc 0.0278 eff 0.018 outinratio 0.0905 

ZH126_4e_pT4l_pTHj_genbin2_recobin5 acc 0.0426 eff 0.0437 outinratio 0.1011 

ttH126_4e_pT4l_pTHj_genbin2_recobin5 acc 0.0062 eff 0.1429 outinratio 0.2277 

ggH126_4e_pT4l_pTHj_genbin3_recobin5 acc 0.0209 eff 0.0249 outinratio 0.0736 

VBFH126_4e_pT4l_pTHj_genbin3_recobin5 acc 0.0561 eff 0.0562 outinratio 0.0616 

WminusH126_4e_pT4l_pTHj_genbin3_recobin5 acc 0.0312 eff 0.0234 outinratio 0.0653 

WplusH126_4e_pT4l_pTHj_genbin3_recobin5 acc 0.0241 eff -0.0006 outinratio 0.0905 

ZH126_4e_pT4l_pTHj_genbin3_recobin5 acc 0.0312 eff 0.0364 outinratio 0.1011 

ttH126_4e_pT4l_pTHj_genbin3_recobin5 acc 0.0082 eff 0.1111 outinratio 0.2277 

ggH126_4e_pT4l_pTHj_genbin4_recobin5 acc 0.0194 eff 0.0048 outinratio 0.0736 

VBFH126_4e_pT4l_pTHj_genbin4_recobin5 acc 0.0749 eff 0.027 outinratio 0.0616 

WminusH126_4e_pT4l_pTHj_genbin4_recobin5 acc 0.0362 eff 0.0198 outinratio 0.0653 

WplusH126_4e_pT4l_pTHj_genbin4_recobin5 acc 0.0342 eff 0.0123 outinratio 0.0905 

ZH126_4e_pT4l_pTHj_genbin4_recobin5 acc 0.0416 eff 0.0398 outinratio 0.1011 

ttH126_4e_pT4l_pTHj_genbin4_recobin5 acc 0.0213 eff 0.0599 outinratio 0.2277 

ggH126_4e_pT4l_pTHj_genbin5_recobin5 acc 0.0253 eff 0.3586 outinratio 0.0736 

VBFH126_4e_pT4l_pTHj_genbin5_recobin5 acc 0.1304 eff 0.2947 outinratio 0.0616 

WminusH126_4e_pT4l_pTHj_genbin5_recobin5 acc 0.0891 eff 0.2907 outinratio 0.0653 

WplusH126_4e_pT4l_pTHj_genbin5_recobin5 acc 0.0722 eff 0.3013 outinratio 0.0905 

ZH126_4e_pT4l_pTHj_genbin5_recobin5 acc 0.0889 eff 0.2869 outinratio 0.1011 

ttH126_4e_pT4l_pTHj_genbin5_recobin5 acc 0.1899 eff 0.3037 outinratio 0.2277 

ggH126_4e_pT4l_pTHj_genbin6_recobin5 acc 0.0093 eff 0.0101 outinratio 0.0736 

VBFH126_4e_pT4l_pTHj_genbin6_recobin5 acc 0.0322 eff 0.0152 outinratio 0.0616 

WminusH126_4e_pT4l_pTHj_genbin6_recobin5 acc 0.032 eff 0.0456 outinratio 0.0653 

WplusH126_4e_pT4l_pTHj_genbin6_recobin5 acc 0.0392 eff 0.0 outinratio 0.0905 

ZH126_4e_pT4l_pTHj_genbin6_recobin5 acc 0.0331 eff 0.0 outinratio 0.1011 

ttH126_4e_pT4l_pTHj_genbin6_recobin5 acc 0.0871 eff 0.009 outinratio 0.2277 

ggH126_4e_pT4l_pTHj_genbin0_recobin6 acc 0.2506 eff 0.0 outinratio 0.014 

VBFH126_4e_pT4l_pTHj_genbin0_recobin6 acc 0.0368 eff 0.0 outinratio 0.0 

WminusH126_4e_pT4l_pTHj_genbin0_recobin6 acc 0.083 eff 0.0 outinratio 0.0107 

WplusH126_4e_pT4l_pTHj_genbin0_recobin6 acc 0.0785 eff 0.0259 outinratio 0.0 

ZH126_4e_pT4l_pTHj_genbin0_recobin6 acc 0.07 eff 0.0177 outinratio 0.0143 

ttH126_4e_pT4l_pTHj_genbin0_recobin6 acc 0.0007 eff 0.0446 outinratio 0.1503 

ggH126_4e_pT4l_pTHj_genbin1_recobin6 acc 0.0325 eff 0.0 outinratio 0.014 

VBFH126_4e_pT4l_pTHj_genbin1_recobin6 acc 0.0415 eff 0.0 outinratio 0.0 

WminusH126_4e_pT4l_pTHj_genbin1_recobin6 acc 0.0392 eff 0.0 outinratio 0.0107 

WplusH126_4e_pT4l_pTHj_genbin1_recobin6 acc 0.0194 eff 0.0 outinratio 0.0 

ZH126_4e_pT4l_pTHj_genbin1_recobin6 acc 0.0303 eff 0.0 outinratio 0.0143 

ttH126_4e_pT4l_pTHj_genbin1_recobin6 acc 0.0025 eff 0.0 outinratio 0.1503 

ggH126_4e_pT4l_pTHj_genbin2_recobin6 acc 0.0388 eff 0.0 outinratio 0.014 

VBFH126_4e_pT4l_pTHj_genbin2_recobin6 acc 0.0655 eff 0.0 outinratio 0.0 

WminusH126_4e_pT4l_pTHj_genbin2_recobin6 acc 0.0347 eff 0.0 outinratio 0.0107 

WplusH126_4e_pT4l_pTHj_genbin2_recobin6 acc 0.0278 eff 0.0 outinratio 0.0 

ZH126_4e_pT4l_pTHj_genbin2_recobin6 acc 0.0426 eff 0.0 outinratio 0.0143 

ttH126_4e_pT4l_pTHj_genbin2_recobin6 acc 0.0062 eff 0.0 outinratio 0.1503 

ggH126_4e_pT4l_pTHj_genbin3_recobin6 acc 0.0209 eff 0.0 outinratio 0.014 

VBFH126_4e_pT4l_pTHj_genbin3_recobin6 acc 0.0561 eff 0.0 outinratio 0.0 

WminusH126_4e_pT4l_pTHj_genbin3_recobin6 acc 0.0312 eff 0.0 outinratio 0.0107 

WplusH126_4e_pT4l_pTHj_genbin3_recobin6 acc 0.0241 eff 0.0 outinratio 0.0 

ZH126_4e_pT4l_pTHj_genbin3_recobin6 acc 0.0312 eff 0.0 outinratio 0.0143 

ttH126_4e_pT4l_pTHj_genbin3_recobin6 acc 0.0082 eff 0.0 outinratio 0.1503 

ggH126_4e_pT4l_pTHj_genbin4_recobin6 acc 0.0194 eff 0.0 outinratio 0.014 

VBFH126_4e_pT4l_pTHj_genbin4_recobin6 acc 0.0749 eff 0.0066 outinratio 0.0 

WminusH126_4e_pT4l_pTHj_genbin4_recobin6 acc 0.0362 eff 0.0182 outinratio 0.0107 

WplusH126_4e_pT4l_pTHj_genbin4_recobin6 acc 0.0342 eff 0.0059 outinratio 0.0 

ZH126_4e_pT4l_pTHj_genbin4_recobin6 acc 0.0416 eff 0.02 outinratio 0.0143 

ttH126_4e_pT4l_pTHj_genbin4_recobin6 acc 0.0213 eff 0.0271 outinratio 0.1503 

ggH126_4e_pT4l_pTHj_genbin5_recobin6 acc 0.0253 eff 0.0079 outinratio 0.014 

VBFH126_4e_pT4l_pTHj_genbin5_recobin6 acc 0.1304 eff 0.0 outinratio 0.0 

WminusH126_4e_pT4l_pTHj_genbin5_recobin6 acc 0.0891 eff 0.0 outinratio 0.0107 

WplusH126_4e_pT4l_pTHj_genbin5_recobin6 acc 0.0722 eff 0.0 outinratio 0.0 

ZH126_4e_pT4l_pTHj_genbin5_recobin6 acc 0.0889 eff 0.0 outinratio 0.0143 

ttH126_4e_pT4l_pTHj_genbin5_recobin6 acc 0.1899 eff 0.0021 outinratio 0.1503 

ggH126_4e_pT4l_pTHj_genbin6_recobin6 acc 0.0093 eff 0.3851 outinratio 0.014 

VBFH126_4e_pT4l_pTHj_genbin6_recobin6 acc 0.0322 eff 0.3549 outinratio 0.0 

WminusH126_4e_pT4l_pTHj_genbin6_recobin6 acc 0.032 eff 0.3186 outinratio 0.0107 

WplusH126_4e_pT4l_pTHj_genbin6_recobin6 acc 0.0392 eff 0.3106 outinratio 0.0 

ZH126_4e_pT4l_pTHj_genbin6_recobin6 acc 0.0331 eff 0.4094 outinratio 0.0143 

ttH126_4e_pT4l_pTHj_genbin6_recobin6 acc 0.0871 eff 0.3882 outinratio 0.1503 

ggH126_4mu_pT4l_pTHj_genbin0_recobin0 acc 0.2742 eff 0.6894 outinratio 0.0525 

VBFH126_4mu_pT4l_pTHj_genbin0_recobin0 acc 0.0391 eff 0.5635 outinratio 0.0824 

WminusH126_4mu_pT4l_pTHj_genbin0_recobin0 acc 0.0868 eff 0.5623 outinratio 0.0097 

WplusH126_4mu_pT4l_pTHj_genbin0_recobin0 acc 0.0833 eff 0.554 outinratio 0.046 

ZH126_4mu_pT4l_pTHj_genbin0_recobin0 acc 0.0825 eff 0.6583 outinratio 0.0427 

ttH126_4mu_pT4l_pTHj_genbin0_recobin0 acc 0.001 eff 0.3871 outinratio 0.0 

ggH126_4mu_pT4l_pTHj_genbin1_recobin0 acc 0.0348 eff 0.182 outinratio 0.0525 

VBFH126_4mu_pT4l_pTHj_genbin1_recobin0 acc 0.0454 eff 0.0939 outinratio 0.0824 

WminusH126_4mu_pT4l_pTHj_genbin1_recobin0 acc 0.0389 eff 0.1013 outinratio 0.0097 

WplusH126_4mu_pT4l_pTHj_genbin1_recobin0 acc 0.0333 eff 0.0724 outinratio 0.046 

ZH126_4mu_pT4l_pTHj_genbin1_recobin0 acc 0.0328 eff 0.0537 outinratio 0.0427 

ttH126_4mu_pT4l_pTHj_genbin1_recobin0 acc 0.0024 eff 0.0 outinratio 0.0 

ggH126_4mu_pT4l_pTHj_genbin2_recobin0 acc 0.0441 eff 0.0905 outinratio 0.0525 

VBFH126_4mu_pT4l_pTHj_genbin2_recobin0 acc 0.0624 eff 0.0755 outinratio 0.0824 

WminusH126_4mu_pT4l_pTHj_genbin2_recobin0 acc 0.0463 eff 0.0198 outinratio 0.0097 

WplusH126_4mu_pT4l_pTHj_genbin2_recobin0 acc 0.0355 eff 0.0075 outinratio 0.046 

ZH126_4mu_pT4l_pTHj_genbin2_recobin0 acc 0.0394 eff 0.0425 outinratio 0.0427 

ttH126_4mu_pT4l_pTHj_genbin2_recobin0 acc 0.0063 eff 0.0 outinratio 0.0 

ggH126_4mu_pT4l_pTHj_genbin3_recobin0 acc 0.0219 eff 0.0495 outinratio 0.0525 

VBFH126_4mu_pT4l_pTHj_genbin3_recobin0 acc 0.072 eff 0.0277 outinratio 0.0824 

WminusH126_4mu_pT4l_pTHj_genbin3_recobin0 acc 0.0323 eff 0.0 outinratio 0.0097 

WplusH126_4mu_pT4l_pTHj_genbin3_recobin0 acc 0.0272 eff 0.0 outinratio 0.046 

ZH126_4mu_pT4l_pTHj_genbin3_recobin0 acc 0.0375 eff 0.0 outinratio 0.0427 

ttH126_4mu_pT4l_pTHj_genbin3_recobin0 acc 0.0082 eff 0.0 outinratio 0.0 

ggH126_4mu_pT4l_pTHj_genbin4_recobin0 acc 0.0231 eff 0.0077 outinratio 0.0525 

VBFH126_4mu_pT4l_pTHj_genbin4_recobin0 acc 0.0976 eff 0.0087 outinratio 0.0824 

WminusH126_4mu_pT4l_pTHj_genbin4_recobin0 acc 0.0444 eff 0.0136 outinratio 0.0097 

WplusH126_4mu_pT4l_pTHj_genbin4_recobin0 acc 0.0438 eff 0.0 outinratio 0.046 

ZH126_4mu_pT4l_pTHj_genbin4_recobin0 acc 0.0469 eff 0.0 outinratio 0.0427 

ttH126_4mu_pT4l_pTHj_genbin4_recobin0 acc 0.0225 eff 0.0 outinratio 0.0 

ggH126_4mu_pT4l_pTHj_genbin5_recobin0 acc 0.0244 eff 0.0463 outinratio 0.0525 

VBFH126_4mu_pT4l_pTHj_genbin5_recobin0 acc 0.131 eff 0.0096 outinratio 0.0824 

WminusH126_4mu_pT4l_pTHj_genbin5_recobin0 acc 0.086 eff 0.0003 outinratio 0.0097 

WplusH126_4mu_pT4l_pTHj_genbin5_recobin0 acc 0.0741 eff 0.0023 outinratio 0.046 

ZH126_4mu_pT4l_pTHj_genbin5_recobin0 acc 0.1003 eff 0.0 outinratio 0.0427 

ttH126_4mu_pT4l_pTHj_genbin5_recobin0 acc 0.2136 eff 0.0009 outinratio 0.0 

ggH126_4mu_pT4l_pTHj_genbin6_recobin0 acc 0.0086 eff 0.0 outinratio 0.0525 

VBFH126_4mu_pT4l_pTHj_genbin6_recobin0 acc 0.034 eff 0.0229 outinratio 0.0824 

WminusH126_4mu_pT4l_pTHj_genbin6_recobin0 acc 0.0311 eff 0.0314 outinratio 0.0097 

WplusH126_4mu_pT4l_pTHj_genbin6_recobin0 acc 0.0337 eff 0.0 outinratio 0.046 

ZH126_4mu_pT4l_pTHj_genbin6_recobin0 acc 0.0281 eff 0.0 outinratio 0.0427 

ttH126_4mu_pT4l_pTHj_genbin6_recobin0 acc 0.0905 eff 0.0 outinratio 0.0 

ggH126_4mu_pT4l_pTHj_genbin0_recobin1 acc 0.2742 eff 0.071 outinratio 0.0829 

VBFH126_4mu_pT4l_pTHj_genbin0_recobin1 acc 0.0391 eff 0.0957 outinratio 0.1358 

WminusH126_4mu_pT4l_pTHj_genbin0_recobin1 acc 0.0868 eff 0.0452 outinratio 0.0373 

WplusH126_4mu_pT4l_pTHj_genbin0_recobin1 acc 0.0833 eff 0.0957 outinratio 0.0811 

ZH126_4mu_pT4l_pTHj_genbin0_recobin1 acc 0.0825 eff 0.0257 outinratio 0.0898 

ttH126_4mu_pT4l_pTHj_genbin0_recobin1 acc 0.001 eff 0.0 outinratio 0.3366 

ggH126_4mu_pT4l_pTHj_genbin1_recobin1 acc 0.0348 eff 0.552 outinratio 0.0829 

VBFH126_4mu_pT4l_pTHj_genbin1_recobin1 acc 0.0454 eff 0.5406 outinratio 0.1358 

WminusH126_4mu_pT4l_pTHj_genbin1_recobin1 acc 0.0389 eff 0.5187 outinratio 0.0373 

WplusH126_4mu_pT4l_pTHj_genbin1_recobin1 acc 0.0333 eff 0.567 outinratio 0.0811 

ZH126_4mu_pT4l_pTHj_genbin1_recobin1 acc 0.0328 eff 0.5843 outinratio 0.0898 

ttH126_4mu_pT4l_pTHj_genbin1_recobin1 acc 0.0024 eff 0.3099 outinratio 0.3366 

ggH126_4mu_pT4l_pTHj_genbin2_recobin1 acc 0.0441 eff 0.0071 outinratio 0.0829 

VBFH126_4mu_pT4l_pTHj_genbin2_recobin1 acc 0.0624 eff 0.0 outinratio 0.1358 

WminusH126_4mu_pT4l_pTHj_genbin2_recobin1 acc 0.0463 eff 0.027 outinratio 0.0373 

WplusH126_4mu_pT4l_pTHj_genbin2_recobin1 acc 0.0355 eff 0.0 outinratio 0.0811 

ZH126_4mu_pT4l_pTHj_genbin2_recobin1 acc 0.0394 eff 0.0314 outinratio 0.0898 

ttH126_4mu_pT4l_pTHj_genbin2_recobin1 acc 0.0063 eff 0.0137 outinratio 0.3366 

ggH126_4mu_pT4l_pTHj_genbin3_recobin1 acc 0.0219 eff 0.0 outinratio 0.0829 

VBFH126_4mu_pT4l_pTHj_genbin3_recobin1 acc 0.072 eff 0.0 outinratio 0.1358 

WminusH126_4mu_pT4l_pTHj_genbin3_recobin1 acc 0.0323 eff 0.0 outinratio 0.0373 

WplusH126_4mu_pT4l_pTHj_genbin3_recobin1 acc 0.0272 eff 0.0 outinratio 0.0811 

ZH126_4mu_pT4l_pTHj_genbin3_recobin1 acc 0.0375 eff 0.0 outinratio 0.0898 

ttH126_4mu_pT4l_pTHj_genbin3_recobin1 acc 0.0082 eff 0.0 outinratio 0.3366 

ggH126_4mu_pT4l_pTHj_genbin4_recobin1 acc 0.0231 eff 0.0 outinratio 0.0829 

VBFH126_4mu_pT4l_pTHj_genbin4_recobin1 acc 0.0976 eff 0.0 outinratio 0.1358 

WminusH126_4mu_pT4l_pTHj_genbin4_recobin1 acc 0.0444 eff 0.0 outinratio 0.0373 

WplusH126_4mu_pT4l_pTHj_genbin4_recobin1 acc 0.0438 eff 0.0 outinratio 0.0811 

ZH126_4mu_pT4l_pTHj_genbin4_recobin1 acc 0.0469 eff 0.0 outinratio 0.0898 

ttH126_4mu_pT4l_pTHj_genbin4_recobin1 acc 0.0225 eff 0.0 outinratio 0.3366 

ggH126_4mu_pT4l_pTHj_genbin5_recobin1 acc 0.0244 eff 0.0073 outinratio 0.0829 

VBFH126_4mu_pT4l_pTHj_genbin5_recobin1 acc 0.131 eff 0.0088 outinratio 0.1358 

WminusH126_4mu_pT4l_pTHj_genbin5_recobin1 acc 0.086 eff 0.0013 outinratio 0.0373 

WplusH126_4mu_pT4l_pTHj_genbin5_recobin1 acc 0.0741 eff 0.0066 outinratio 0.0811 

ZH126_4mu_pT4l_pTHj_genbin5_recobin1 acc 0.1003 eff 0.0119 outinratio 0.0898 

ttH126_4mu_pT4l_pTHj_genbin5_recobin1 acc 0.2136 eff 0.0031 outinratio 0.3366 

ggH126_4mu_pT4l_pTHj_genbin6_recobin1 acc 0.0086 eff 0.0 outinratio 0.0829 

VBFH126_4mu_pT4l_pTHj_genbin6_recobin1 acc 0.034 eff 0.0 outinratio 0.1358 

WminusH126_4mu_pT4l_pTHj_genbin6_recobin1 acc 0.0311 eff 0.0 outinratio 0.0373 

WplusH126_4mu_pT4l_pTHj_genbin6_recobin1 acc 0.0337 eff 0.0 outinratio 0.0811 

ZH126_4mu_pT4l_pTHj_genbin6_recobin1 acc 0.0281 eff 0.0 outinratio 0.0898 

ttH126_4mu_pT4l_pTHj_genbin6_recobin1 acc 0.0905 eff 0.0 outinratio 0.3366 

ggH126_4mu_pT4l_pTHj_genbin0_recobin2 acc 0.2742 eff 0.0101 outinratio 0.0732 

VBFH126_4mu_pT4l_pTHj_genbin0_recobin2 acc 0.0391 eff 0.0639 outinratio 0.0284 

WminusH126_4mu_pT4l_pTHj_genbin0_recobin2 acc 0.0868 eff 0.0287 outinratio 0.0497 

WplusH126_4mu_pT4l_pTHj_genbin0_recobin2 acc 0.0833 eff 0.0365 outinratio 0.0878 

ZH126_4mu_pT4l_pTHj_genbin0_recobin2 acc 0.0825 eff 0.0336 outinratio 0.1766 

ttH126_4mu_pT4l_pTHj_genbin0_recobin2 acc 0.001 eff 0.0 outinratio 0.1511 

ggH126_4mu_pT4l_pTHj_genbin1_recobin2 acc 0.0348 eff 0.0163 outinratio 0.0732 

VBFH126_4mu_pT4l_pTHj_genbin1_recobin2 acc 0.0454 eff 0.0 outinratio 0.0284 

WminusH126_4mu_pT4l_pTHj_genbin1_recobin2 acc 0.0389 eff 0.0 outinratio 0.0497 

WplusH126_4mu_pT4l_pTHj_genbin1_recobin2 acc 0.0333 eff 0.0 outinratio 0.0878 

ZH126_4mu_pT4l_pTHj_genbin1_recobin2 acc 0.0328 eff 0.0204 outinratio 0.1766 

ttH126_4mu_pT4l_pTHj_genbin1_recobin2 acc 0.0024 eff 0.0089 outinratio 0.1511 

ggH126_4mu_pT4l_pTHj_genbin2_recobin2 acc 0.0441 eff 0.651 outinratio 0.0732 

VBFH126_4mu_pT4l_pTHj_genbin2_recobin2 acc 0.0624 eff 0.6125 outinratio 0.0284 

WminusH126_4mu_pT4l_pTHj_genbin2_recobin2 acc 0.0463 eff 0.6402 outinratio 0.0497 

WplusH126_4mu_pT4l_pTHj_genbin2_recobin2 acc 0.0355 eff 0.7759 outinratio 0.0878 

ZH126_4mu_pT4l_pTHj_genbin2_recobin2 acc 0.0394 eff 0.5615 outinratio 0.1766 

ttH126_4mu_pT4l_pTHj_genbin2_recobin2 acc 0.0063 eff 0.4166 outinratio 0.1511 

ggH126_4mu_pT4l_pTHj_genbin3_recobin2 acc 0.0219 eff 0.0152 outinratio 0.0732 

VBFH126_4mu_pT4l_pTHj_genbin3_recobin2 acc 0.072 eff 0.0309 outinratio 0.0284 

WminusH126_4mu_pT4l_pTHj_genbin3_recobin2 acc 0.0323 eff 0.0 outinratio 0.0497 

WplusH126_4mu_pT4l_pTHj_genbin3_recobin2 acc 0.0272 eff 0.0 outinratio 0.0878 

ZH126_4mu_pT4l_pTHj_genbin3_recobin2 acc 0.0375 eff 0.0 outinratio 0.1766 

ttH126_4mu_pT4l_pTHj_genbin3_recobin2 acc 0.0082 eff 0.0352 outinratio 0.1511 

ggH126_4mu_pT4l_pTHj_genbin4_recobin2 acc 0.0231 eff 0.0 outinratio 0.0732 

VBFH126_4mu_pT4l_pTHj_genbin4_recobin2 acc 0.0976 eff 0.0 outinratio 0.0284 

WminusH126_4mu_pT4l_pTHj_genbin4_recobin2 acc 0.0444 eff 0.0 outinratio 0.0497 

WplusH126_4mu_pT4l_pTHj_genbin4_recobin2 acc 0.0438 eff 0.0 outinratio 0.0878 

ZH126_4mu_pT4l_pTHj_genbin4_recobin2 acc 0.0469 eff 0.0 outinratio 0.1766 

ttH126_4mu_pT4l_pTHj_genbin4_recobin2 acc 0.0225 eff 0.0 outinratio 0.1511 

ggH126_4mu_pT4l_pTHj_genbin5_recobin2 acc 0.0244 eff 0.0144 outinratio 0.0732 

VBFH126_4mu_pT4l_pTHj_genbin5_recobin2 acc 0.131 eff 0.0028 outinratio 0.0284 

WminusH126_4mu_pT4l_pTHj_genbin5_recobin2 acc 0.086 eff 0.0033 outinratio 0.0497 

WplusH126_4mu_pT4l_pTHj_genbin5_recobin2 acc 0.0741 eff 0.0163 outinratio 0.0878 

ZH126_4mu_pT4l_pTHj_genbin5_recobin2 acc 0.1003 eff 0.0349 outinratio 0.1766 

ttH126_4mu_pT4l_pTHj_genbin5_recobin2 acc 0.2136 eff 0.0062 outinratio 0.1511 

ggH126_4mu_pT4l_pTHj_genbin6_recobin2 acc 0.0086 eff 0.0 outinratio 0.0732 

VBFH126_4mu_pT4l_pTHj_genbin6_recobin2 acc 0.034 eff 0.0 outinratio 0.0284 

WminusH126_4mu_pT4l_pTHj_genbin6_recobin2 acc 0.0311 eff 0.0 outinratio 0.0497 

WplusH126_4mu_pT4l_pTHj_genbin6_recobin2 acc 0.0337 eff 0.0 outinratio 0.0878 

ZH126_4mu_pT4l_pTHj_genbin6_recobin2 acc 0.0281 eff 0.0 outinratio 0.1766 

ttH126_4mu_pT4l_pTHj_genbin6_recobin2 acc 0.0905 eff 0.0 outinratio 0.1511 

ggH126_4mu_pT4l_pTHj_genbin0_recobin3 acc 0.2742 eff 0.0002 outinratio 0.0627 

VBFH126_4mu_pT4l_pTHj_genbin0_recobin3 acc 0.0391 eff 0.0199 outinratio 0.0314 

WminusH126_4mu_pT4l_pTHj_genbin0_recobin3 acc 0.0868 eff 0.0004 outinratio 0.0581 

WplusH126_4mu_pT4l_pTHj_genbin0_recobin3 acc 0.0833 eff -0.0014 outinratio 0.0556 

ZH126_4mu_pT4l_pTHj_genbin0_recobin3 acc 0.0825 eff 0.0077 outinratio 0.0771 

ttH126_4mu_pT4l_pTHj_genbin0_recobin3 acc 0.001 eff 0.0 outinratio 0.2013 

ggH126_4mu_pT4l_pTHj_genbin1_recobin3 acc 0.0348 eff 0.0 outinratio 0.0627 

VBFH126_4mu_pT4l_pTHj_genbin1_recobin3 acc 0.0454 eff 0.0 outinratio 0.0314 

WminusH126_4mu_pT4l_pTHj_genbin1_recobin3 acc 0.0389 eff 0.0 outinratio 0.0581 

WplusH126_4mu_pT4l_pTHj_genbin1_recobin3 acc 0.0333 eff 0.0 outinratio 0.0556 

ZH126_4mu_pT4l_pTHj_genbin1_recobin3 acc 0.0328 eff 0.0 outinratio 0.0771 

ttH126_4mu_pT4l_pTHj_genbin1_recobin3 acc 0.0024 eff 0.0 outinratio 0.2013 

ggH126_4mu_pT4l_pTHj_genbin2_recobin3 acc 0.0441 eff 0.0155 outinratio 0.0627 

VBFH126_4mu_pT4l_pTHj_genbin2_recobin3 acc 0.0624 eff 0.0111 outinratio 0.0314 

WminusH126_4mu_pT4l_pTHj_genbin2_recobin3 acc 0.0463 eff 0.0152 outinratio 0.0581 

WplusH126_4mu_pT4l_pTHj_genbin2_recobin3 acc 0.0355 eff 0.0 outinratio 0.0556 

ZH126_4mu_pT4l_pTHj_genbin2_recobin3 acc 0.0394 eff 0.032 outinratio 0.0771 

ttH126_4mu_pT4l_pTHj_genbin2_recobin3 acc 0.0063 eff 0.0138 outinratio 0.2013 

ggH126_4mu_pT4l_pTHj_genbin3_recobin3 acc 0.0219 eff 0.6626 outinratio 0.0627 

VBFH126_4mu_pT4l_pTHj_genbin3_recobin3 acc 0.072 eff 0.7608 outinratio 0.0314 

WminusH126_4mu_pT4l_pTHj_genbin3_recobin3 acc 0.0323 eff 0.6623 outinratio 0.0581 

WplusH126_4mu_pT4l_pTHj_genbin3_recobin3 acc 0.0272 eff 0.6363 outinratio 0.0556 

ZH126_4mu_pT4l_pTHj_genbin3_recobin3 acc 0.0375 eff 0.4904 outinratio 0.0771 

ttH126_4mu_pT4l_pTHj_genbin3_recobin3 acc 0.0082 eff 0.574 outinratio 0.2013 

ggH126_4mu_pT4l_pTHj_genbin4_recobin3 acc 0.0231 eff 0.0 outinratio 0.0627 

VBFH126_4mu_pT4l_pTHj_genbin4_recobin3 acc 0.0976 eff 0.0 outinratio 0.0314 

WminusH126_4mu_pT4l_pTHj_genbin4_recobin3 acc 0.0444 eff 0.031 outinratio 0.0581 

WplusH126_4mu_pT4l_pTHj_genbin4_recobin3 acc 0.0438 eff 0.0213 outinratio 0.0556 

ZH126_4mu_pT4l_pTHj_genbin4_recobin3 acc 0.0469 eff 0.0 outinratio 0.0771 

ttH126_4mu_pT4l_pTHj_genbin4_recobin3 acc 0.0225 eff 0.0134 outinratio 0.2013 

ggH126_4mu_pT4l_pTHj_genbin5_recobin3 acc 0.0244 eff 0.0201 outinratio 0.0627 

VBFH126_4mu_pT4l_pTHj_genbin5_recobin3 acc 0.131 eff 0.0197 outinratio 0.0314 

WminusH126_4mu_pT4l_pTHj_genbin5_recobin3 acc 0.086 eff 0.0137 outinratio 0.0581 

WplusH126_4mu_pT4l_pTHj_genbin5_recobin3 acc 0.0741 eff 0.0287 outinratio 0.0556 

ZH126_4mu_pT4l_pTHj_genbin5_recobin3 acc 0.1003 eff 0.0048 outinratio 0.0771 

ttH126_4mu_pT4l_pTHj_genbin5_recobin3 acc 0.2136 eff 0.0067 outinratio 0.2013 

ggH126_4mu_pT4l_pTHj_genbin6_recobin3 acc 0.0086 eff 0.0 outinratio 0.0627 

VBFH126_4mu_pT4l_pTHj_genbin6_recobin3 acc 0.034 eff 0.0 outinratio 0.0314 

WminusH126_4mu_pT4l_pTHj_genbin6_recobin3 acc 0.0311 eff 0.0 outinratio 0.0581 

WplusH126_4mu_pT4l_pTHj_genbin6_recobin3 acc 0.0337 eff 0.0 outinratio 0.0556 

ZH126_4mu_pT4l_pTHj_genbin6_recobin3 acc 0.0281 eff 0.0 outinratio 0.0771 

ttH126_4mu_pT4l_pTHj_genbin6_recobin3 acc 0.0905 eff 0.0 outinratio 0.2013 

ggH126_4mu_pT4l_pTHj_genbin0_recobin4 acc 0.2742 eff 0.0 outinratio 0.0627 

VBFH126_4mu_pT4l_pTHj_genbin0_recobin4 acc 0.0391 eff 0.0 outinratio 0.0173 

WminusH126_4mu_pT4l_pTHj_genbin0_recobin4 acc 0.0868 eff 0.003 outinratio 0.0388 

WplusH126_4mu_pT4l_pTHj_genbin0_recobin4 acc 0.0833 eff 0.0087 outinratio 0.0369 

ZH126_4mu_pT4l_pTHj_genbin0_recobin4 acc 0.0825 eff 0.0089 outinratio 0.0308 

ttH126_4mu_pT4l_pTHj_genbin0_recobin4 acc 0.001 eff 0.0 outinratio 0.1936 

ggH126_4mu_pT4l_pTHj_genbin1_recobin4 acc 0.0348 eff 0.0 outinratio 0.0627 

VBFH126_4mu_pT4l_pTHj_genbin1_recobin4 acc 0.0454 eff 0.0 outinratio 0.0173 

WminusH126_4mu_pT4l_pTHj_genbin1_recobin4 acc 0.0389 eff 0.0 outinratio 0.0388 

WplusH126_4mu_pT4l_pTHj_genbin1_recobin4 acc 0.0333 eff 0.0 outinratio 0.0369 

ZH126_4mu_pT4l_pTHj_genbin1_recobin4 acc 0.0328 eff 0.0 outinratio 0.0308 

ttH126_4mu_pT4l_pTHj_genbin1_recobin4 acc 0.0024 eff 0.0 outinratio 0.1936 

ggH126_4mu_pT4l_pTHj_genbin2_recobin4 acc 0.0441 eff 0.0 outinratio 0.0627 

VBFH126_4mu_pT4l_pTHj_genbin2_recobin4 acc 0.0624 eff 0.0 outinratio 0.0173 

WminusH126_4mu_pT4l_pTHj_genbin2_recobin4 acc 0.0463 eff 0.0 outinratio 0.0388 

WplusH126_4mu_pT4l_pTHj_genbin2_recobin4 acc 0.0355 eff 0.0 outinratio 0.0369 

ZH126_4mu_pT4l_pTHj_genbin2_recobin4 acc 0.0394 eff 0.0 outinratio 0.0308 

ttH126_4mu_pT4l_pTHj_genbin2_recobin4 acc 0.0063 eff 0.0 outinratio 0.1936 

ggH126_4mu_pT4l_pTHj_genbin3_recobin4 acc 0.0219 eff 0.0141 outinratio 0.0627 

VBFH126_4mu_pT4l_pTHj_genbin3_recobin4 acc 0.072 eff 0.0056 outinratio 0.0173 

WminusH126_4mu_pT4l_pTHj_genbin3_recobin4 acc 0.0323 eff 0.0 outinratio 0.0388 

WplusH126_4mu_pT4l_pTHj_genbin3_recobin4 acc 0.0272 eff 0.0 outinratio 0.0369 

ZH126_4mu_pT4l_pTHj_genbin3_recobin4 acc 0.0375 eff 0.0 outinratio 0.0308 

ttH126_4mu_pT4l_pTHj_genbin3_recobin4 acc 0.0082 eff 0.0 outinratio 0.1936 

ggH126_4mu_pT4l_pTHj_genbin4_recobin4 acc 0.0231 eff 0.7349 outinratio 0.0627 

VBFH126_4mu_pT4l_pTHj_genbin4_recobin4 acc 0.0976 eff 0.6289 outinratio 0.0173 

WminusH126_4mu_pT4l_pTHj_genbin4_recobin4 acc 0.0444 eff 0.6434 outinratio 0.0388 

WplusH126_4mu_pT4l_pTHj_genbin4_recobin4 acc 0.0438 eff 0.597 outinratio 0.0369 

ZH126_4mu_pT4l_pTHj_genbin4_recobin4 acc 0.0469 eff 0.7268 outinratio 0.0308 

ttH126_4mu_pT4l_pTHj_genbin4_recobin4 acc 0.0225 eff 0.5576 outinratio 0.1936 

ggH126_4mu_pT4l_pTHj_genbin5_recobin4 acc 0.0244 eff 0.0453 outinratio 0.0627 

VBFH126_4mu_pT4l_pTHj_genbin5_recobin4 acc 0.131 eff 0.0379 outinratio 0.0173 

WminusH126_4mu_pT4l_pTHj_genbin5_recobin4 acc 0.086 eff 0.0428 outinratio 0.0388 

WplusH126_4mu_pT4l_pTHj_genbin5_recobin4 acc 0.0741 eff 0.063 outinratio 0.0369 

ZH126_4mu_pT4l_pTHj_genbin5_recobin4 acc 0.1003 eff 0.0213 outinratio 0.0308 

ttH126_4mu_pT4l_pTHj_genbin5_recobin4 acc 0.2136 eff 0.013 outinratio 0.1936 

ggH126_4mu_pT4l_pTHj_genbin6_recobin4 acc 0.0086 eff 0.0629 outinratio 0.0627 

VBFH126_4mu_pT4l_pTHj_genbin6_recobin4 acc 0.034 eff 0.0552 outinratio 0.0173 

WminusH126_4mu_pT4l_pTHj_genbin6_recobin4 acc 0.0311 eff 0.0616 outinratio 0.0388 

WplusH126_4mu_pT4l_pTHj_genbin6_recobin4 acc 0.0337 eff 0.0325 outinratio 0.0369 

ZH126_4mu_pT4l_pTHj_genbin6_recobin4 acc 0.0281 eff 0.0558 outinratio 0.0308 

ttH126_4mu_pT4l_pTHj_genbin6_recobin4 acc 0.0905 eff 0.0146 outinratio 0.1936 

ggH126_4mu_pT4l_pTHj_genbin0_recobin5 acc 0.2742 eff 0.0303 outinratio 0.0676 

VBFH126_4mu_pT4l_pTHj_genbin0_recobin5 acc 0.0391 eff 0.108 outinratio 0.0103 

WminusH126_4mu_pT4l_pTHj_genbin0_recobin5 acc 0.0868 eff 0.122 outinratio 0.0722 

WplusH126_4mu_pT4l_pTHj_genbin0_recobin5 acc 0.0833 eff 0.1062 outinratio 0.1111 

ZH126_4mu_pT4l_pTHj_genbin0_recobin5 acc 0.0825 eff 0.0361 outinratio 0.0811 

ttH126_4mu_pT4l_pTHj_genbin0_recobin5 acc 0.001 eff 0.244 outinratio 0.1446 

ggH126_4mu_pT4l_pTHj_genbin1_recobin5 acc 0.0348 eff 0.0824 outinratio 0.0676 

VBFH126_4mu_pT4l_pTHj_genbin1_recobin5 acc 0.0454 eff 0.1538 outinratio 0.0103 

WminusH126_4mu_pT4l_pTHj_genbin1_recobin5 acc 0.0389 eff 0.1319 outinratio 0.0722 

WplusH126_4mu_pT4l_pTHj_genbin1_recobin5 acc 0.0333 eff 0.0636 outinratio 0.1111 

ZH126_4mu_pT4l_pTHj_genbin1_recobin5 acc 0.0328 eff 0.107 outinratio 0.0811 

ttH126_4mu_pT4l_pTHj_genbin1_recobin5 acc 0.0024 eff 0.2974 outinratio 0.1446 

ggH126_4mu_pT4l_pTHj_genbin2_recobin5 acc 0.0441 eff 0.0456 outinratio 0.0676 

VBFH126_4mu_pT4l_pTHj_genbin2_recobin5 acc 0.0624 eff 0.0825 outinratio 0.0103 

WminusH126_4mu_pT4l_pTHj_genbin2_recobin5 acc 0.0463 eff 0.1006 outinratio 0.0722 

WplusH126_4mu_pT4l_pTHj_genbin2_recobin5 acc 0.0355 eff 0.0777 outinratio 0.1111 

ZH126_4mu_pT4l_pTHj_genbin2_recobin5 acc 0.0394 eff 0.0485 outinratio 0.0811 

ttH126_4mu_pT4l_pTHj_genbin2_recobin5 acc 0.0063 eff 0.3477 outinratio 0.1446 

ggH126_4mu_pT4l_pTHj_genbin3_recobin5 acc 0.0219 eff 0.0418 outinratio 0.0676 

VBFH126_4mu_pT4l_pTHj_genbin3_recobin5 acc 0.072 eff 0.1052 outinratio 0.0103 

WminusH126_4mu_pT4l_pTHj_genbin3_recobin5 acc 0.0323 eff 0.079 outinratio 0.0722 

WplusH126_4mu_pT4l_pTHj_genbin3_recobin5 acc 0.0272 eff 0.0376 outinratio 0.1111 

ZH126_4mu_pT4l_pTHj_genbin3_recobin5 acc 0.0375 eff 0.2228 outinratio 0.0811 

ttH126_4mu_pT4l_pTHj_genbin3_recobin5 acc 0.0082 eff 0.2856 outinratio 0.1446 

ggH126_4mu_pT4l_pTHj_genbin4_recobin5 acc 0.0231 eff 0.0554 outinratio 0.0676 

VBFH126_4mu_pT4l_pTHj_genbin4_recobin5 acc 0.0976 eff 0.0601 outinratio 0.0103 

WminusH126_4mu_pT4l_pTHj_genbin4_recobin5 acc 0.0444 eff 0.1381 outinratio 0.0722 

WplusH126_4mu_pT4l_pTHj_genbin4_recobin5 acc 0.0438 eff 0.0686 outinratio 0.1111 

ZH126_4mu_pT4l_pTHj_genbin4_recobin5 acc 0.0469 eff 0.0908 outinratio 0.0811 

ttH126_4mu_pT4l_pTHj_genbin4_recobin5 acc 0.0225 eff 0.1762 outinratio 0.1446 

ggH126_4mu_pT4l_pTHj_genbin5_recobin5 acc 0.0244 eff 0.6761 outinratio 0.0676 

VBFH126_4mu_pT4l_pTHj_genbin5_recobin5 acc 0.131 eff 0.7022 outinratio 0.0103 

WminusH126_4mu_pT4l_pTHj_genbin5_recobin5 acc 0.086 eff 0.7768 outinratio 0.0722 

WplusH126_4mu_pT4l_pTHj_genbin5_recobin5 acc 0.0741 eff 0.7059 outinratio 0.1111 

ZH126_4mu_pT4l_pTHj_genbin5_recobin5 acc 0.1003 eff 0.816 outinratio 0.0811 

ttH126_4mu_pT4l_pTHj_genbin5_recobin5 acc 0.2136 eff 0.7485 outinratio 0.1446 

ggH126_4mu_pT4l_pTHj_genbin6_recobin5 acc 0.0086 eff 0.0036 outinratio 0.0676 

VBFH126_4mu_pT4l_pTHj_genbin6_recobin5 acc 0.034 eff 0.0192 outinratio 0.0103 

WminusH126_4mu_pT4l_pTHj_genbin6_recobin5 acc 0.0311 eff 0.0 outinratio 0.0722 

WplusH126_4mu_pT4l_pTHj_genbin6_recobin5 acc 0.0337 eff 0.0096 outinratio 0.1111 

ZH126_4mu_pT4l_pTHj_genbin6_recobin5 acc 0.0281 eff 0.0727 outinratio 0.0811 

ttH126_4mu_pT4l_pTHj_genbin6_recobin5 acc 0.0905 eff 0.0171 outinratio 0.1446 

ggH126_4mu_pT4l_pTHj_genbin0_recobin6 acc 0.2742 eff 0.0 outinratio 0.0493 

VBFH126_4mu_pT4l_pTHj_genbin0_recobin6 acc 0.0391 eff 0.0 outinratio 0.0361 

WminusH126_4mu_pT4l_pTHj_genbin0_recobin6 acc 0.0868 eff 0.0271 outinratio 0.0706 

WplusH126_4mu_pT4l_pTHj_genbin0_recobin6 acc 0.0833 eff 0.0157 outinratio 0.0964 

ZH126_4mu_pT4l_pTHj_genbin0_recobin6 acc 0.0825 eff 0.0263 outinratio 0.0747 

ttH126_4mu_pT4l_pTHj_genbin0_recobin6 acc 0.001 eff 0.0966 outinratio 0.1116 

ggH126_4mu_pT4l_pTHj_genbin1_recobin6 acc 0.0348 eff 0.0 outinratio 0.0493 

VBFH126_4mu_pT4l_pTHj_genbin1_recobin6 acc 0.0454 eff 0.0 outinratio 0.0361 

WminusH126_4mu_pT4l_pTHj_genbin1_recobin6 acc 0.0389 eff 0.0 outinratio 0.0706 

WplusH126_4mu_pT4l_pTHj_genbin1_recobin6 acc 0.0333 eff 0.0 outinratio 0.0964 

ZH126_4mu_pT4l_pTHj_genbin1_recobin6 acc 0.0328 eff 0.0 outinratio 0.0747 

ttH126_4mu_pT4l_pTHj_genbin1_recobin6 acc 0.0024 eff 0.0 outinratio 0.1116 

ggH126_4mu_pT4l_pTHj_genbin2_recobin6 acc 0.0441 eff 0.0 outinratio 0.0493 

VBFH126_4mu_pT4l_pTHj_genbin2_recobin6 acc 0.0624 eff 0.0 outinratio 0.0361 

WminusH126_4mu_pT4l_pTHj_genbin2_recobin6 acc 0.0463 eff 0.0 outinratio 0.0706 

WplusH126_4mu_pT4l_pTHj_genbin2_recobin6 acc 0.0355 eff 0.0 outinratio 0.0964 

ZH126_4mu_pT4l_pTHj_genbin2_recobin6 acc 0.0394 eff 0.0 outinratio 0.0747 

ttH126_4mu_pT4l_pTHj_genbin2_recobin6 acc 0.0063 eff 0.0 outinratio 0.1116 

ggH126_4mu_pT4l_pTHj_genbin3_recobin6 acc 0.0219 eff 0.0 outinratio 0.0493 

VBFH126_4mu_pT4l_pTHj_genbin3_recobin6 acc 0.072 eff 0.0 outinratio 0.0361 

WminusH126_4mu_pT4l_pTHj_genbin3_recobin6 acc 0.0323 eff 0.0 outinratio 0.0706 

WplusH126_4mu_pT4l_pTHj_genbin3_recobin6 acc 0.0272 eff 0.0 outinratio 0.0964 

ZH126_4mu_pT4l_pTHj_genbin3_recobin6 acc 0.0375 eff 0.0 outinratio 0.0747 

ttH126_4mu_pT4l_pTHj_genbin3_recobin6 acc 0.0082 eff 0.0 outinratio 0.1116 

ggH126_4mu_pT4l_pTHj_genbin4_recobin6 acc 0.0231 eff 0.0253 outinratio 0.0493 

VBFH126_4mu_pT4l_pTHj_genbin4_recobin6 acc 0.0976 eff 0.043 outinratio 0.0361 

WminusH126_4mu_pT4l_pTHj_genbin4_recobin6 acc 0.0444 eff 0.0258 outinratio 0.0706 

WplusH126_4mu_pT4l_pTHj_genbin4_recobin6 acc 0.0438 eff 0.0479 outinratio 0.0964 

ZH126_4mu_pT4l_pTHj_genbin4_recobin6 acc 0.0469 eff 0.0134 outinratio 0.0747 

ttH126_4mu_pT4l_pTHj_genbin4_recobin6 acc 0.0225 eff 0.041 outinratio 0.1116 

ggH126_4mu_pT4l_pTHj_genbin5_recobin6 acc 0.0244 eff 0.0015 outinratio 0.0493 

VBFH126_4mu_pT4l_pTHj_genbin5_recobin6 acc 0.131 eff 0.0 outinratio 0.0361 

WminusH126_4mu_pT4l_pTHj_genbin5_recobin6 acc 0.086 eff 0.0 outinratio 0.0706 

WplusH126_4mu_pT4l_pTHj_genbin5_recobin6 acc 0.0741 eff 0.0107 outinratio 0.0964 

ZH126_4mu_pT4l_pTHj_genbin5_recobin6 acc 0.1003 eff 0.0 outinratio 0.0747 

ttH126_4mu_pT4l_pTHj_genbin5_recobin6 acc 0.2136 eff 0.002 outinratio 0.1116 

ggH126_4mu_pT4l_pTHj_genbin6_recobin6 acc 0.0086 eff 0.7717 outinratio 0.0493 

VBFH126_4mu_pT4l_pTHj_genbin6_recobin6 acc 0.034 eff 0.8085 outinratio 0.0361 

WminusH126_4mu_pT4l_pTHj_genbin6_recobin6 acc 0.0311 eff 0.8416 outinratio 0.0706 

WplusH126_4mu_pT4l_pTHj_genbin6_recobin6 acc 0.0337 eff 0.8396 outinratio 0.0964 

ZH126_4mu_pT4l_pTHj_genbin6_recobin6 acc 0.0281 eff 0.7591 outinratio 0.0747 

ttH126_4mu_pT4l_pTHj_genbin6_recobin6 acc 0.0905 eff 0.8304 outinratio 0.1116 

ggH126_2e2mu_pT4l_pTHj_genbin0_recobin0 acc 0.2543 eff 0.4451 outinratio 0.0458 

VBFH126_2e2mu_pT4l_pTHj_genbin0_recobin0 acc 0.0408 eff 0.3246 outinratio 0.0239 

WminusH126_2e2mu_pT4l_pTHj_genbin0_recobin0 acc 0.0853 eff 0.3397 outinratio 0.1314 

WplusH126_2e2mu_pT4l_pTHj_genbin0_recobin0 acc 0.0747 eff 0.2636 outinratio 0.097 

ZH126_2e2mu_pT4l_pTHj_genbin0_recobin0 acc 0.0784 eff 0.4163 outinratio 0.0669 

ttH126_2e2mu_pT4l_pTHj_genbin0_recobin0 acc 0.001 eff 0.1761 outinratio 0.4806 

ggH126_2e2mu_pT4l_pTHj_genbin1_recobin0 acc 0.0345 eff 0.1227 outinratio 0.0458 

VBFH126_2e2mu_pT4l_pTHj_genbin1_recobin0 acc 0.038 eff 0.0768 outinratio 0.0239 

WminusH126_2e2mu_pT4l_pTHj_genbin1_recobin0 acc 0.0378 eff 0.0552 outinratio 0.1314 

WplusH126_2e2mu_pT4l_pTHj_genbin1_recobin0 acc 0.0282 eff 0.0475 outinratio 0.097 

ZH126_2e2mu_pT4l_pTHj_genbin1_recobin0 acc 0.0423 eff 0.0555 outinratio 0.0669 

ttH126_2e2mu_pT4l_pTHj_genbin1_recobin0 acc 0.0023 eff 0.0 outinratio 0.4806 

ggH126_2e2mu_pT4l_pTHj_genbin2_recobin0 acc 0.0358 eff 0.0591 outinratio 0.0458 

VBFH126_2e2mu_pT4l_pTHj_genbin2_recobin0 acc 0.059 eff 0.0782 outinratio 0.0239 

WminusH126_2e2mu_pT4l_pTHj_genbin2_recobin0 acc 0.0411 eff 0.0301 outinratio 0.1314 

WplusH126_2e2mu_pT4l_pTHj_genbin2_recobin0 acc 0.0344 eff 0.0239 outinratio 0.097 

ZH126_2e2mu_pT4l_pTHj_genbin2_recobin0 acc 0.034 eff 0.0 outinratio 0.0669 

ttH126_2e2mu_pT4l_pTHj_genbin2_recobin0 acc 0.0053 eff 0.0 outinratio 0.4806 

ggH126_2e2mu_pT4l_pTHj_genbin3_recobin0 acc 0.0192 eff 0.027 outinratio 0.0458 

VBFH126_2e2mu_pT4l_pTHj_genbin3_recobin0 acc 0.0484 eff 0.0402 outinratio 0.0239 

WminusH126_2e2mu_pT4l_pTHj_genbin3_recobin0 acc 0.0306 eff 0.0116 outinratio 0.1314 

WplusH126_2e2mu_pT4l_pTHj_genbin3_recobin0 acc 0.0287 eff 0.0341 outinratio 0.097 

ZH126_2e2mu_pT4l_pTHj_genbin3_recobin0 acc 0.0227 eff 0.0 outinratio 0.0669 

ttH126_2e2mu_pT4l_pTHj_genbin3_recobin0 acc 0.0079 eff 0.0028 outinratio 0.4806 

ggH126_2e2mu_pT4l_pTHj_genbin4_recobin0 acc 0.0218 eff 0.0042 outinratio 0.0458 

VBFH126_2e2mu_pT4l_pTHj_genbin4_recobin0 acc 0.0907 eff 0.0045 outinratio 0.0239 

WminusH126_2e2mu_pT4l_pTHj_genbin4_recobin0 acc 0.0362 eff 0.0 outinratio 0.1314 

WplusH126_2e2mu_pT4l_pTHj_genbin4_recobin0 acc 0.0346 eff 0.0 outinratio 0.097 

ZH126_2e2mu_pT4l_pTHj_genbin4_recobin0 acc 0.0356 eff 0.0 outinratio 0.0669 

ttH126_2e2mu_pT4l_pTHj_genbin4_recobin0 acc 0.0194 eff 0.0 outinratio 0.4806 

ggH126_2e2mu_pT4l_pTHj_genbin5_recobin0 acc 0.0268 eff 0.0161 outinratio 0.0458 

VBFH126_2e2mu_pT4l_pTHj_genbin5_recobin0 acc 0.1253 eff 0.0 outinratio 0.0239 

WminusH126_2e2mu_pT4l_pTHj_genbin5_recobin0 acc 0.092 eff 0.0201 outinratio 0.1314 

WplusH126_2e2mu_pT4l_pTHj_genbin5_recobin0 acc 0.0759 eff 0.012 outinratio 0.097 

ZH126_2e2mu_pT4l_pTHj_genbin5_recobin0 acc 0.0908 eff 0.007 outinratio 0.0669 

ttH126_2e2mu_pT4l_pTHj_genbin5_recobin0 acc 0.1877 eff 0.0 outinratio 0.4806 

ggH126_2e2mu_pT4l_pTHj_genbin6_recobin0 acc 0.0087 eff 0.0 outinratio 0.0458 

VBFH126_2e2mu_pT4l_pTHj_genbin6_recobin0 acc 0.0423 eff 0.0 outinratio 0.0239 

WminusH126_2e2mu_pT4l_pTHj_genbin6_recobin0 acc 0.0345 eff 0.0 outinratio 0.1314 

WplusH126_2e2mu_pT4l_pTHj_genbin6_recobin0 acc 0.0358 eff 0.0 outinratio 0.097 

ZH126_2e2mu_pT4l_pTHj_genbin6_recobin0 acc 0.034 eff 0.0 outinratio 0.0669 

ttH126_2e2mu_pT4l_pTHj_genbin6_recobin0 acc 0.0833 eff 0.0008 outinratio 0.4806 

ggH126_2e2mu_pT4l_pTHj_genbin0_recobin1 acc 0.2543 eff 0.0439 outinratio 0.0843 

VBFH126_2e2mu_pT4l_pTHj_genbin0_recobin1 acc 0.0408 eff 0.0984 outinratio 0.078 

WminusH126_2e2mu_pT4l_pTHj_genbin0_recobin1 acc 0.0853 eff 0.0225 outinratio 0.0929 

WplusH126_2e2mu_pT4l_pTHj_genbin0_recobin1 acc 0.0747 eff 0.032 outinratio 0.0722 

ZH126_2e2mu_pT4l_pTHj_genbin0_recobin1 acc 0.0784 eff 0.0093 outinratio 0.0456 

ttH126_2e2mu_pT4l_pTHj_genbin0_recobin1 acc 0.001 eff 0.0194 outinratio 0.1214 

ggH126_2e2mu_pT4l_pTHj_genbin1_recobin1 acc 0.0345 eff 0.3389 outinratio 0.0843 

VBFH126_2e2mu_pT4l_pTHj_genbin1_recobin1 acc 0.038 eff 0.3128 outinratio 0.078 

WminusH126_2e2mu_pT4l_pTHj_genbin1_recobin1 acc 0.0378 eff 0.4126 outinratio 0.0929 

WplusH126_2e2mu_pT4l_pTHj_genbin1_recobin1 acc 0.0282 eff 0.3794 outinratio 0.0722 

ZH126_2e2mu_pT4l_pTHj_genbin1_recobin1 acc 0.0423 eff 0.3322 outinratio 0.0456 

ttH126_2e2mu_pT4l_pTHj_genbin1_recobin1 acc 0.0023 eff 0.2563 outinratio 0.1214 

ggH126_2e2mu_pT4l_pTHj_genbin2_recobin1 acc 0.0358 eff 0.0225 outinratio 0.0843 

VBFH126_2e2mu_pT4l_pTHj_genbin2_recobin1 acc 0.059 eff 0.0143 outinratio 0.078 

WminusH126_2e2mu_pT4l_pTHj_genbin2_recobin1 acc 0.0411 eff 0.0 outinratio 0.0929 

WplusH126_2e2mu_pT4l_pTHj_genbin2_recobin1 acc 0.0344 eff 0.0141 outinratio 0.0722 

ZH126_2e2mu_pT4l_pTHj_genbin2_recobin1 acc 0.034 eff 0.0 outinratio 0.0456 

ttH126_2e2mu_pT4l_pTHj_genbin2_recobin1 acc 0.0053 eff 0.0 outinratio 0.1214 

ggH126_2e2mu_pT4l_pTHj_genbin3_recobin1 acc 0.0192 eff 0.0 outinratio 0.0843 

VBFH126_2e2mu_pT4l_pTHj_genbin3_recobin1 acc 0.0484 eff 0.0 outinratio 0.078 

WminusH126_2e2mu_pT4l_pTHj_genbin3_recobin1 acc 0.0306 eff 0.0 outinratio 0.0929 

WplusH126_2e2mu_pT4l_pTHj_genbin3_recobin1 acc 0.0287 eff 0.0 outinratio 0.0722 

ZH126_2e2mu_pT4l_pTHj_genbin3_recobin1 acc 0.0227 eff 0.0 outinratio 0.0456 

ttH126_2e2mu_pT4l_pTHj_genbin3_recobin1 acc 0.0079 eff 0.0 outinratio 0.1214 

ggH126_2e2mu_pT4l_pTHj_genbin4_recobin1 acc 0.0218 eff 0.0 outinratio 0.0843 

VBFH126_2e2mu_pT4l_pTHj_genbin4_recobin1 acc 0.0907 eff 0.0 outinratio 0.078 

WminusH126_2e2mu_pT4l_pTHj_genbin4_recobin1 acc 0.0362 eff 0.0 outinratio 0.0929 

WplusH126_2e2mu_pT4l_pTHj_genbin4_recobin1 acc 0.0346 eff 0.0 outinratio 0.0722 

ZH126_2e2mu_pT4l_pTHj_genbin4_recobin1 acc 0.0356 eff 0.0 outinratio 0.0456 

ttH126_2e2mu_pT4l_pTHj_genbin4_recobin1 acc 0.0194 eff 0.0 outinratio 0.1214 

ggH126_2e2mu_pT4l_pTHj_genbin5_recobin1 acc 0.0268 eff 0.0224 outinratio 0.0843 

VBFH126_2e2mu_pT4l_pTHj_genbin5_recobin1 acc 0.1253 eff 0.0054 outinratio 0.078 

WminusH126_2e2mu_pT4l_pTHj_genbin5_recobin1 acc 0.092 eff 0.011 outinratio 0.0929 

WplusH126_2e2mu_pT4l_pTHj_genbin5_recobin1 acc 0.0759 eff 0.0174 outinratio 0.0722 

ZH126_2e2mu_pT4l_pTHj_genbin5_recobin1 acc 0.0908 eff 0.0196 outinratio 0.0456 

ttH126_2e2mu_pT4l_pTHj_genbin5_recobin1 acc 0.1877 eff 0.0028 outinratio 0.1214 

ggH126_2e2mu_pT4l_pTHj_genbin6_recobin1 acc 0.0087 eff 0.0 outinratio 0.0843 

VBFH126_2e2mu_pT4l_pTHj_genbin6_recobin1 acc 0.0423 eff 0.0 outinratio 0.078 

WminusH126_2e2mu_pT4l_pTHj_genbin6_recobin1 acc 0.0345 eff 0.0 outinratio 0.0929 

WplusH126_2e2mu_pT4l_pTHj_genbin6_recobin1 acc 0.0358 eff 0.0 outinratio 0.0722 

ZH126_2e2mu_pT4l_pTHj_genbin6_recobin1 acc 0.034 eff 0.0 outinratio 0.0456 

ttH126_2e2mu_pT4l_pTHj_genbin6_recobin1 acc 0.0833 eff 0.0 outinratio 0.1214 

ggH126_2e2mu_pT4l_pTHj_genbin0_recobin2 acc 0.2543 eff 0.0052 outinratio 0.0719 

VBFH126_2e2mu_pT4l_pTHj_genbin0_recobin2 acc 0.0408 eff 0.0711 outinratio 0.0336 

WminusH126_2e2mu_pT4l_pTHj_genbin0_recobin2 acc 0.0853 eff 0.0129 outinratio 0.023 

WplusH126_2e2mu_pT4l_pTHj_genbin0_recobin2 acc 0.0747 eff 0.0234 outinratio 0.0055 

ZH126_2e2mu_pT4l_pTHj_genbin0_recobin2 acc 0.0784 eff 0.0137 outinratio 0.0261 

ttH126_2e2mu_pT4l_pTHj_genbin0_recobin2 acc 0.001 eff 0.0 outinratio 0.2957 

ggH126_2e2mu_pT4l_pTHj_genbin1_recobin2 acc 0.0345 eff 0.0047 outinratio 0.0719 

VBFH126_2e2mu_pT4l_pTHj_genbin1_recobin2 acc 0.038 eff 0.0088 outinratio 0.0336 

WminusH126_2e2mu_pT4l_pTHj_genbin1_recobin2 acc 0.0378 eff 0.0131 outinratio 0.023 

WplusH126_2e2mu_pT4l_pTHj_genbin1_recobin2 acc 0.0282 eff 0.0077 outinratio 0.0055 

ZH126_2e2mu_pT4l_pTHj_genbin1_recobin2 acc 0.0423 eff 0.0 outinratio 0.0261 

ttH126_2e2mu_pT4l_pTHj_genbin1_recobin2 acc 0.0023 eff 0.0 outinratio 0.2957 

ggH126_2e2mu_pT4l_pTHj_genbin2_recobin2 acc 0.0358 eff 0.3751 outinratio 0.0719 

VBFH126_2e2mu_pT4l_pTHj_genbin2_recobin2 acc 0.059 eff 0.4165 outinratio 0.0336 

WminusH126_2e2mu_pT4l_pTHj_genbin2_recobin2 acc 0.0411 eff 0.4019 outinratio 0.023 

WplusH126_2e2mu_pT4l_pTHj_genbin2_recobin2 acc 0.0344 eff 0.3586 outinratio 0.0055 

ZH126_2e2mu_pT4l_pTHj_genbin2_recobin2 acc 0.034 eff 0.48 outinratio 0.0261 

ttH126_2e2mu_pT4l_pTHj_genbin2_recobin2 acc 0.0053 eff 0.3189 outinratio 0.2957 

ggH126_2e2mu_pT4l_pTHj_genbin3_recobin2 acc 0.0192 eff 0.0247 outinratio 0.0719 

VBFH126_2e2mu_pT4l_pTHj_genbin3_recobin2 acc 0.0484 eff 0.0192 outinratio 0.0336 

WminusH126_2e2mu_pT4l_pTHj_genbin3_recobin2 acc 0.0306 eff 0.0373 outinratio 0.023 

WplusH126_2e2mu_pT4l_pTHj_genbin3_recobin2 acc 0.0287 eff 0.0069 outinratio 0.0055 

ZH126_2e2mu_pT4l_pTHj_genbin3_recobin2 acc 0.0227 eff 0.0 outinratio 0.0261 

ttH126_2e2mu_pT4l_pTHj_genbin3_recobin2 acc 0.0079 eff 0.0075 outinratio 0.2957 

ggH126_2e2mu_pT4l_pTHj_genbin4_recobin2 acc 0.0218 eff 0.0 outinratio 0.0719 

VBFH126_2e2mu_pT4l_pTHj_genbin4_recobin2 acc 0.0907 eff 0.0 outinratio 0.0336 

WminusH126_2e2mu_pT4l_pTHj_genbin4_recobin2 acc 0.0362 eff 0.0 outinratio 0.023 

WplusH126_2e2mu_pT4l_pTHj_genbin4_recobin2 acc 0.0346 eff 0.0 outinratio 0.0055 

ZH126_2e2mu_pT4l_pTHj_genbin4_recobin2 acc 0.0356 eff 0.0 outinratio 0.0261 

ttH126_2e2mu_pT4l_pTHj_genbin4_recobin2 acc 0.0194 eff 0.0 outinratio 0.2957 

ggH126_2e2mu_pT4l_pTHj_genbin5_recobin2 acc 0.0268 eff 0.008 outinratio 0.0719 

VBFH126_2e2mu_pT4l_pTHj_genbin5_recobin2 acc 0.1253 eff 0.0026 outinratio 0.0336 

WminusH126_2e2mu_pT4l_pTHj_genbin5_recobin2 acc 0.092 eff 0.0066 outinratio 0.023 

WplusH126_2e2mu_pT4l_pTHj_genbin5_recobin2 acc 0.0759 eff 0.0131 outinratio 0.0055 

ZH126_2e2mu_pT4l_pTHj_genbin5_recobin2 acc 0.0908 eff 0.0211 outinratio 0.0261 

ttH126_2e2mu_pT4l_pTHj_genbin5_recobin2 acc 0.1877 eff 0.0031 outinratio 0.2957 

ggH126_2e2mu_pT4l_pTHj_genbin6_recobin2 acc 0.0087 eff 0.0 outinratio 0.0719 

VBFH126_2e2mu_pT4l_pTHj_genbin6_recobin2 acc 0.0423 eff 0.0 outinratio 0.0336 

WminusH126_2e2mu_pT4l_pTHj_genbin6_recobin2 acc 0.0345 eff 0.0 outinratio 0.023 

WplusH126_2e2mu_pT4l_pTHj_genbin6_recobin2 acc 0.0358 eff 0.0 outinratio 0.0055 

ZH126_2e2mu_pT4l_pTHj_genbin6_recobin2 acc 0.034 eff 0.0 outinratio 0.0261 

ttH126_2e2mu_pT4l_pTHj_genbin6_recobin2 acc 0.0833 eff 0.0 outinratio 0.2957 

ggH126_2e2mu_pT4l_pTHj_genbin0_recobin3 acc 0.2543 eff 0.0005 outinratio 0.0384 

VBFH126_2e2mu_pT4l_pTHj_genbin0_recobin3 acc 0.0408 eff 0.0205 outinratio 0.0406 

WminusH126_2e2mu_pT4l_pTHj_genbin0_recobin3 acc 0.0853 eff 0.0106 outinratio 0.0557 

WplusH126_2e2mu_pT4l_pTHj_genbin0_recobin3 acc 0.0747 eff 0.0143 outinratio 0.0638 

ZH126_2e2mu_pT4l_pTHj_genbin0_recobin3 acc 0.0784 eff 0.0196 outinratio 0.0259 

ttH126_2e2mu_pT4l_pTHj_genbin0_recobin3 acc 0.001 eff 0.0185 outinratio 0.1648 

ggH126_2e2mu_pT4l_pTHj_genbin1_recobin3 acc 0.0345 eff 0.0 outinratio 0.0384 

VBFH126_2e2mu_pT4l_pTHj_genbin1_recobin3 acc 0.038 eff 0.0 outinratio 0.0406 

WminusH126_2e2mu_pT4l_pTHj_genbin1_recobin3 acc 0.0378 eff 0.0 outinratio 0.0557 

WplusH126_2e2mu_pT4l_pTHj_genbin1_recobin3 acc 0.0282 eff 0.0 outinratio 0.0638 

ZH126_2e2mu_pT4l_pTHj_genbin1_recobin3 acc 0.0423 eff 0.0 outinratio 0.0259 

ttH126_2e2mu_pT4l_pTHj_genbin1_recobin3 acc 0.0023 eff 0.0 outinratio 0.1648 

ggH126_2e2mu_pT4l_pTHj_genbin2_recobin3 acc 0.0358 eff 0.0103 outinratio 0.0384 

VBFH126_2e2mu_pT4l_pTHj_genbin2_recobin3 acc 0.059 eff 0.0 outinratio 0.0406 

WminusH126_2e2mu_pT4l_pTHj_genbin2_recobin3 acc 0.0411 eff 0.017 outinratio 0.0557 

WplusH126_2e2mu_pT4l_pTHj_genbin2_recobin3 acc 0.0344 eff 0.0081 outinratio 0.0638 

ZH126_2e2mu_pT4l_pTHj_genbin2_recobin3 acc 0.034 eff 0.0167 outinratio 0.0259 

ttH126_2e2mu_pT4l_pTHj_genbin2_recobin3 acc 0.0053 eff 0.0116 outinratio 0.1648 

ggH126_2e2mu_pT4l_pTHj_genbin3_recobin3 acc 0.0192 eff 0.4592 outinratio 0.0384 

VBFH126_2e2mu_pT4l_pTHj_genbin3_recobin3 acc 0.0484 eff 0.3494 outinratio 0.0406 

WminusH126_2e2mu_pT4l_pTHj_genbin3_recobin3 acc 0.0306 eff 0.4168 outinratio 0.0557 

WplusH126_2e2mu_pT4l_pTHj_genbin3_recobin3 acc 0.0287 eff 0.3915 outinratio 0.0638 

ZH126_2e2mu_pT4l_pTHj_genbin3_recobin3 acc 0.0227 eff 0.3766 outinratio 0.0259 

ttH126_2e2mu_pT4l_pTHj_genbin3_recobin3 acc 0.0079 eff 0.2915 outinratio 0.1648 

ggH126_2e2mu_pT4l_pTHj_genbin4_recobin3 acc 0.0218 eff 0.019 outinratio 0.0384 

VBFH126_2e2mu_pT4l_pTHj_genbin4_recobin3 acc 0.0907 eff 0.0132 outinratio 0.0406 

WminusH126_2e2mu_pT4l_pTHj_genbin4_recobin3 acc 0.0362 eff 0.0077 outinratio 0.0557 

WplusH126_2e2mu_pT4l_pTHj_genbin4_recobin3 acc 0.0346 eff 0.0099 outinratio 0.0638 

ZH126_2e2mu_pT4l_pTHj_genbin4_recobin3 acc 0.0356 eff 0.017 outinratio 0.0259 

ttH126_2e2mu_pT4l_pTHj_genbin4_recobin3 acc 0.0194 eff 0.0116 outinratio 0.1648 

ggH126_2e2mu_pT4l_pTHj_genbin5_recobin3 acc 0.0268 eff 0.0112 outinratio 0.0384 

VBFH126_2e2mu_pT4l_pTHj_genbin5_recobin3 acc 0.1253 eff 0.0094 outinratio 0.0406 

WminusH126_2e2mu_pT4l_pTHj_genbin5_recobin3 acc 0.092 eff 0.0126 outinratio 0.0557 

WplusH126_2e2mu_pT4l_pTHj_genbin5_recobin3 acc 0.0759 eff 0.0097 outinratio 0.0638 

ZH126_2e2mu_pT4l_pTHj_genbin5_recobin3 acc 0.0908 eff 0.0105 outinratio 0.0259 

ttH126_2e2mu_pT4l_pTHj_genbin5_recobin3 acc 0.1877 eff 0.0056 outinratio 0.1648 

ggH126_2e2mu_pT4l_pTHj_genbin6_recobin3 acc 0.0087 eff 0.0 outinratio 0.0384 

VBFH126_2e2mu_pT4l_pTHj_genbin6_recobin3 acc 0.0423 eff 0.0 outinratio 0.0406 

WminusH126_2e2mu_pT4l_pTHj_genbin6_recobin3 acc 0.0345 eff 0.0 outinratio 0.0557 

WplusH126_2e2mu_pT4l_pTHj_genbin6_recobin3 acc 0.0358 eff 0.0 outinratio 0.0638 

ZH126_2e2mu_pT4l_pTHj_genbin6_recobin3 acc 0.034 eff 0.0 outinratio 0.0259 

ttH126_2e2mu_pT4l_pTHj_genbin6_recobin3 acc 0.0833 eff 0.0 outinratio 0.1648 

ggH126_2e2mu_pT4l_pTHj_genbin0_recobin4 acc 0.2543 eff 0.0 outinratio 0.0557 

VBFH126_2e2mu_pT4l_pTHj_genbin0_recobin4 acc 0.0408 eff 0.0 outinratio 0.0373 

WminusH126_2e2mu_pT4l_pTHj_genbin0_recobin4 acc 0.0853 eff 0.0037 outinratio 0.0814 

WplusH126_2e2mu_pT4l_pTHj_genbin0_recobin4 acc 0.0747 eff 0.0072 outinratio 0.0482 

ZH126_2e2mu_pT4l_pTHj_genbin0_recobin4 acc 0.0784 eff 0.0234 outinratio 0.1073 

ttH126_2e2mu_pT4l_pTHj_genbin0_recobin4 acc 0.001 eff 0.019 outinratio 0.1702 

ggH126_2e2mu_pT4l_pTHj_genbin1_recobin4 acc 0.0345 eff 0.0 outinratio 0.0557 

VBFH126_2e2mu_pT4l_pTHj_genbin1_recobin4 acc 0.038 eff 0.0 outinratio 0.0373 

WminusH126_2e2mu_pT4l_pTHj_genbin1_recobin4 acc 0.0378 eff 0.0 outinratio 0.0814 

WplusH126_2e2mu_pT4l_pTHj_genbin1_recobin4 acc 0.0282 eff 0.0 outinratio 0.0482 

ZH126_2e2mu_pT4l_pTHj_genbin1_recobin4 acc 0.0423 eff 0.0 outinratio 0.1073 

ttH126_2e2mu_pT4l_pTHj_genbin1_recobin4 acc 0.0023 eff 0.0 outinratio 0.1702 

ggH126_2e2mu_pT4l_pTHj_genbin2_recobin4 acc 0.0358 eff 0.0 outinratio 0.0557 

VBFH126_2e2mu_pT4l_pTHj_genbin2_recobin4 acc 0.059 eff 0.0 outinratio 0.0373 

WminusH126_2e2mu_pT4l_pTHj_genbin2_recobin4 acc 0.0411 eff 0.0 outinratio 0.0814 

WplusH126_2e2mu_pT4l_pTHj_genbin2_recobin4 acc 0.0344 eff 0.0 outinratio 0.0482 

ZH126_2e2mu_pT4l_pTHj_genbin2_recobin4 acc 0.034 eff 0.0 outinratio 0.1073 

ttH126_2e2mu_pT4l_pTHj_genbin2_recobin4 acc 0.0053 eff 0.0 outinratio 0.1702 

ggH126_2e2mu_pT4l_pTHj_genbin3_recobin4 acc 0.0192 eff 0.0184 outinratio 0.0557 

VBFH126_2e2mu_pT4l_pTHj_genbin3_recobin4 acc 0.0484 eff 0.0128 outinratio 0.0373 

WminusH126_2e2mu_pT4l_pTHj_genbin3_recobin4 acc 0.0306 eff 0.0106 outinratio 0.0814 

WplusH126_2e2mu_pT4l_pTHj_genbin3_recobin4 acc 0.0287 eff 0.0124 outinratio 0.0482 

ZH126_2e2mu_pT4l_pTHj_genbin3_recobin4 acc 0.0227 eff 0.017 outinratio 0.1073 

ttH126_2e2mu_pT4l_pTHj_genbin3_recobin4 acc 0.0079 eff 0.0043 outinratio 0.1702 

ggH126_2e2mu_pT4l_pTHj_genbin4_recobin4 acc 0.0218 eff 0.4274 outinratio 0.0557 

VBFH126_2e2mu_pT4l_pTHj_genbin4_recobin4 acc 0.0907 eff 0.403 outinratio 0.0373 

WminusH126_2e2mu_pT4l_pTHj_genbin4_recobin4 acc 0.0362 eff 0.3942 outinratio 0.0814 

WplusH126_2e2mu_pT4l_pTHj_genbin4_recobin4 acc 0.0346 eff 0.5187 outinratio 0.0482 

ZH126_2e2mu_pT4l_pTHj_genbin4_recobin4 acc 0.0356 eff 0.3802 outinratio 0.1073 

ttH126_2e2mu_pT4l_pTHj_genbin4_recobin4 acc 0.0194 eff 0.3772 outinratio 0.1702 

ggH126_2e2mu_pT4l_pTHj_genbin5_recobin4 acc 0.0268 eff 0.0248 outinratio 0.0557 

VBFH126_2e2mu_pT4l_pTHj_genbin5_recobin4 acc 0.1253 eff 0.0655 outinratio 0.0373 

WminusH126_2e2mu_pT4l_pTHj_genbin5_recobin4 acc 0.092 eff 0.024 outinratio 0.0814 

WplusH126_2e2mu_pT4l_pTHj_genbin5_recobin4 acc 0.0759 eff 0.0335 outinratio 0.0482 

ZH126_2e2mu_pT4l_pTHj_genbin5_recobin4 acc 0.0908 eff 0.0074 outinratio 0.1073 

ttH126_2e2mu_pT4l_pTHj_genbin5_recobin4 acc 0.1877 eff 0.0094 outinratio 0.1702 

ggH126_2e2mu_pT4l_pTHj_genbin6_recobin4 acc 0.0087 eff 0.0419 outinratio 0.0557 

VBFH126_2e2mu_pT4l_pTHj_genbin6_recobin4 acc 0.0423 eff 0.0188 outinratio 0.0373 

WminusH126_2e2mu_pT4l_pTHj_genbin6_recobin4 acc 0.0345 eff 0.0419 outinratio 0.0814 

WplusH126_2e2mu_pT4l_pTHj_genbin6_recobin4 acc 0.0358 eff 0.0197 outinratio 0.0482 

ZH126_2e2mu_pT4l_pTHj_genbin6_recobin4 acc 0.034 eff 0.0424 outinratio 0.1073 

ttH126_2e2mu_pT4l_pTHj_genbin6_recobin4 acc 0.0833 eff 0.0048 outinratio 0.1702 

ggH126_2e2mu_pT4l_pTHj_genbin0_recobin5 acc 0.2543 eff 0.0183 outinratio 0.0471 

VBFH126_2e2mu_pT4l_pTHj_genbin0_recobin5 acc 0.0408 eff 0.0417 outinratio 0.0449 

WminusH126_2e2mu_pT4l_pTHj_genbin0_recobin5 acc 0.0853 eff 0.0804 outinratio 0.0918 

WplusH126_2e2mu_pT4l_pTHj_genbin0_recobin5 acc 0.0747 eff 0.0919 outinratio 0.1254 

ZH126_2e2mu_pT4l_pTHj_genbin0_recobin5 acc 0.0784 eff 0.0723 outinratio 0.0512 

ttH126_2e2mu_pT4l_pTHj_genbin0_recobin5 acc 0.001 eff 0.0835 outinratio 0.2118 

ggH126_2e2mu_pT4l_pTHj_genbin1_recobin5 acc 0.0345 eff 0.0339 outinratio 0.0471 

VBFH126_2e2mu_pT4l_pTHj_genbin1_recobin5 acc 0.038 eff 0.1104 outinratio 0.0449 

WminusH126_2e2mu_pT4l_pTHj_genbin1_recobin5 acc 0.0378 eff 0.0481 outinratio 0.0918 

WplusH126_2e2mu_pT4l_pTHj_genbin1_recobin5 acc 0.0282 eff 0.0736 outinratio 0.1254 

ZH126_2e2mu_pT4l_pTHj_genbin1_recobin5 acc 0.0423 eff 0.0613 outinratio 0.0512 

ttH126_2e2mu_pT4l_pTHj_genbin1_recobin5 acc 0.0023 eff 0.2406 outinratio 0.2118 

ggH126_2e2mu_pT4l_pTHj_genbin2_recobin5 acc 0.0358 eff 0.0297 outinratio 0.0471 

VBFH126_2e2mu_pT4l_pTHj_genbin2_recobin5 acc 0.059 eff 0.0493 outinratio 0.0449 

WminusH126_2e2mu_pT4l_pTHj_genbin2_recobin5 acc 0.0411 eff 0.0223 outinratio 0.0918 

WplusH126_2e2mu_pT4l_pTHj_genbin2_recobin5 acc 0.0344 eff 0.0826 outinratio 0.1254 

ZH126_2e2mu_pT4l_pTHj_genbin2_recobin5 acc 0.034 eff 0.0486 outinratio 0.0512 

ttH126_2e2mu_pT4l_pTHj_genbin2_recobin5 acc 0.0053 eff 0.1539 outinratio 0.2118 

ggH126_2e2mu_pT4l_pTHj_genbin3_recobin5 acc 0.0192 eff 0.0329 outinratio 0.0471 

VBFH126_2e2mu_pT4l_pTHj_genbin3_recobin5 acc 0.0484 eff 0.0805 outinratio 0.0449 

WminusH126_2e2mu_pT4l_pTHj_genbin3_recobin5 acc 0.0306 eff 0.092 outinratio 0.0918 

WplusH126_2e2mu_pT4l_pTHj_genbin3_recobin5 acc 0.0287 eff 0.0851 outinratio 0.1254 

ZH126_2e2mu_pT4l_pTHj_genbin3_recobin5 acc 0.0227 eff 0.0653 outinratio 0.0512 

ttH126_2e2mu_pT4l_pTHj_genbin3_recobin5 acc 0.0079 eff 0.1371 outinratio 0.2118 

ggH126_2e2mu_pT4l_pTHj_genbin4_recobin5 acc 0.0218 eff 0.0498 outinratio 0.0471 

VBFH126_2e2mu_pT4l_pTHj_genbin4_recobin5 acc 0.0907 eff 0.0732 outinratio 0.0449 

WminusH126_2e2mu_pT4l_pTHj_genbin4_recobin5 acc 0.0362 eff 0.0676 outinratio 0.0918 

WplusH126_2e2mu_pT4l_pTHj_genbin4_recobin5 acc 0.0346 eff 0.094 outinratio 0.1254 

ZH126_2e2mu_pT4l_pTHj_genbin4_recobin5 acc 0.0356 eff 0.1409 outinratio 0.0512 

ttH126_2e2mu_pT4l_pTHj_genbin4_recobin5 acc 0.0194 eff 0.1126 outinratio 0.2118 

ggH126_2e2mu_pT4l_pTHj_genbin5_recobin5 acc 0.0268 eff 0.4546 outinratio 0.0471 

VBFH126_2e2mu_pT4l_pTHj_genbin5_recobin5 acc 0.1253 eff 0.4536 outinratio 0.0449 

WminusH126_2e2mu_pT4l_pTHj_genbin5_recobin5 acc 0.092 eff 0.4548 outinratio 0.0918 

WplusH126_2e2mu_pT4l_pTHj_genbin5_recobin5 acc 0.0759 eff 0.4697 outinratio 0.1254 

ZH126_2e2mu_pT4l_pTHj_genbin5_recobin5 acc 0.0908 eff 0.4165 outinratio 0.0512 

ttH126_2e2mu_pT4l_pTHj_genbin5_recobin5 acc 0.1877 eff 0.4706 outinratio 0.2118 

ggH126_2e2mu_pT4l_pTHj_genbin6_recobin5 acc 0.0087 eff 0.0037 outinratio 0.0471 

VBFH126_2e2mu_pT4l_pTHj_genbin6_recobin5 acc 0.0423 eff 0.0194 outinratio 0.0449 

WminusH126_2e2mu_pT4l_pTHj_genbin6_recobin5 acc 0.0345 eff 0.0167 outinratio 0.0918 

WplusH126_2e2mu_pT4l_pTHj_genbin6_recobin5 acc 0.0358 eff 0.0191 outinratio 0.1254 

ZH126_2e2mu_pT4l_pTHj_genbin6_recobin5 acc 0.034 eff 0.0217 outinratio 0.0512 

ttH126_2e2mu_pT4l_pTHj_genbin6_recobin5 acc 0.0833 eff 0.0109 outinratio 0.2118 

ggH126_2e2mu_pT4l_pTHj_genbin0_recobin6 acc 0.2543 eff 0.0 outinratio 0.0526 

VBFH126_2e2mu_pT4l_pTHj_genbin0_recobin6 acc 0.0408 eff 0.0 outinratio 0.0491 

WminusH126_2e2mu_pT4l_pTHj_genbin0_recobin6 acc 0.0853 eff 0.0071 outinratio 0.039 

WplusH126_2e2mu_pT4l_pTHj_genbin0_recobin6 acc 0.0747 eff 0.0293 outinratio 0.0603 

ZH126_2e2mu_pT4l_pTHj_genbin0_recobin6 acc 0.0784 eff 0.0052 outinratio 0.0356 

ttH126_2e2mu_pT4l_pTHj_genbin0_recobin6 acc 0.001 eff 0.1623 outinratio 0.142 

ggH126_2e2mu_pT4l_pTHj_genbin1_recobin6 acc 0.0345 eff 0.0 outinratio 0.0526 

VBFH126_2e2mu_pT4l_pTHj_genbin1_recobin6 acc 0.038 eff 0.0 outinratio 0.0491 

WminusH126_2e2mu_pT4l_pTHj_genbin1_recobin6 acc 0.0378 eff 0.0 outinratio 0.039 

WplusH126_2e2mu_pT4l_pTHj_genbin1_recobin6 acc 0.0282 eff 0.0 outinratio 0.0603 

ZH126_2e2mu_pT4l_pTHj_genbin1_recobin6 acc 0.0423 eff 0.0 outinratio 0.0356 

ttH126_2e2mu_pT4l_pTHj_genbin1_recobin6 acc 0.0023 eff 0.0 outinratio 0.142 

ggH126_2e2mu_pT4l_pTHj_genbin2_recobin6 acc 0.0358 eff 0.0 outinratio 0.0526 

VBFH126_2e2mu_pT4l_pTHj_genbin2_recobin6 acc 0.059 eff 0.0 outinratio 0.0491 

WminusH126_2e2mu_pT4l_pTHj_genbin2_recobin6 acc 0.0411 eff 0.0 outinratio 0.039 

WplusH126_2e2mu_pT4l_pTHj_genbin2_recobin6 acc 0.0344 eff 0.0 outinratio 0.0603 

ZH126_2e2mu_pT4l_pTHj_genbin2_recobin6 acc 0.034 eff 0.0 outinratio 0.0356 

ttH126_2e2mu_pT4l_pTHj_genbin2_recobin6 acc 0.0053 eff 0.0 outinratio 0.142 

ggH126_2e2mu_pT4l_pTHj_genbin3_recobin6 acc 0.0192 eff 0.0 outinratio 0.0526 

VBFH126_2e2mu_pT4l_pTHj_genbin3_recobin6 acc 0.0484 eff 0.0 outinratio 0.0491 

WminusH126_2e2mu_pT4l_pTHj_genbin3_recobin6 acc 0.0306 eff 0.0 outinratio 0.039 

WplusH126_2e2mu_pT4l_pTHj_genbin3_recobin6 acc 0.0287 eff 0.0 outinratio 0.0603 

ZH126_2e2mu_pT4l_pTHj_genbin3_recobin6 acc 0.0227 eff 0.0 outinratio 0.0356 

ttH126_2e2mu_pT4l_pTHj_genbin3_recobin6 acc 0.0079 eff 0.0 outinratio 0.142 

ggH126_2e2mu_pT4l_pTHj_genbin4_recobin6 acc 0.0218 eff 0.0236 outinratio 0.0526 

VBFH126_2e2mu_pT4l_pTHj_genbin4_recobin6 acc 0.0907 eff 0.0168 outinratio 0.0491 

WminusH126_2e2mu_pT4l_pTHj_genbin4_recobin6 acc 0.0362 eff 0.0385 outinratio 0.039 

WplusH126_2e2mu_pT4l_pTHj_genbin4_recobin6 acc 0.0346 eff 0.033 outinratio 0.0603 

ZH126_2e2mu_pT4l_pTHj_genbin4_recobin6 acc 0.0356 eff 0.0 outinratio 0.0356 

ttH126_2e2mu_pT4l_pTHj_genbin4_recobin6 acc 0.0194 eff 0.0325 outinratio 0.142 

ggH126_2e2mu_pT4l_pTHj_genbin5_recobin6 acc 0.0268 eff 0.0065 outinratio 0.0526 

VBFH126_2e2mu_pT4l_pTHj_genbin5_recobin6 acc 0.1253 eff 0.0035 outinratio 0.0491 

WminusH126_2e2mu_pT4l_pTHj_genbin5_recobin6 acc 0.092 eff 0.0017 outinratio 0.039 

WplusH126_2e2mu_pT4l_pTHj_genbin5_recobin6 acc 0.0759 eff 0.0065 outinratio 0.0603 

ZH126_2e2mu_pT4l_pTHj_genbin5_recobin6 acc 0.0908 eff 0.0075 outinratio 0.0356 

ttH126_2e2mu_pT4l_pTHj_genbin5_recobin6 acc 0.1877 eff 0.002 outinratio 0.142 

ggH126_2e2mu_pT4l_pTHj_genbin6_recobin6 acc 0.0087 eff 0.4942 outinratio 0.0526 

VBFH126_2e2mu_pT4l_pTHj_genbin6_recobin6 acc 0.0423 eff 0.5162 outinratio 0.0491 

WminusH126_2e2mu_pT4l_pTHj_genbin6_recobin6 acc 0.0345 eff 0.536 outinratio 0.039 

WplusH126_2e2mu_pT4l_pTHj_genbin6_recobin6 acc 0.0358 eff 0.5552 outinratio 0.0603 

ZH126_2e2mu_pT4l_pTHj_genbin6_recobin6 acc 0.034 eff 0.5035 outinratio 0.0356 

ttH126_2e2mu_pT4l_pTHj_genbin6_recobin6 acc 0.0833 eff 0.5537 outinratio 0.142 

Coeff fullNNLOPS
