Welcome in RunCoefficients!
OPT SPLIT
DEBUG opt.YEAR = 2022EE_1
It is a double-differential measurement, binning for the 1st variable {0: [-100.0, 0.0], 1: [0.0, 3.0], 2: [3.0, 10.0], 3: [3.0, 10.0]} and for the 2nd variable {0: [-100.0, 0.0], 1: [0.0, 10000.0], 2: [0.0, 450.0], 3: [450.0, 10000.0]}
{0: [-100.0, 0.0, -100.0, 0.0], 1: [0.0, 3.0, 0.0, 10000.0], 2: [3.0, 10.0, 0.0, 450.0], 3: [3.0, 10.0, 450.0, 10000.0]}
absdetajj
Following observables extracted from dictionary: RECO =  absdetajj  GEN =  GENabsdetajj
It is a double-differential measurement: RECO_2nd =  mjj  GEN_2nd =  GENmjj
LUMI: 4.4454666666666665
ttH126 0.00016778591
Processing ggH126 2022EE_1
Signal created
Signal failed created
Processing VBFH126 2022EE_1
Signal created
Signal failed created
Processing WminusH126 2022EE_1
Signal created
Signal failed created
Processing WplusH126 2022EE_1
Signal created
Signal failed created
Processing ZH126 2022EE_1
Signal created
Signal failed created
Processing ttH126 2022EE_1
Signal created
Signal failed created
2022EE_1 SKIMMED df CREATED
2022EE_1 ggH126
2022EE_1 VBFH126
2022EE_1 WminusH126
2022EE_1 WplusH126
2022EE_1 ZH126
2022EE_1 ttH126
Dataframes created successfully
Coeff std
ggH126_4l_absdetajj_mjj_genbin0_recobin0 acc 0.4033 eff 0.4727 outinratio 0.008 

VBFH126_4l_absdetajj_mjj_genbin0_recobin0 acc 0.2893 eff 0.4454 outinratio 0.0095 

WminusH126_4l_absdetajj_mjj_genbin0_recobin0 acc 0.2381 eff 0.408 outinratio 0.0219 

WplusH126_4l_absdetajj_mjj_genbin0_recobin0 acc 0.2075 eff 0.4008 outinratio 0.0203 

ZH126_4l_absdetajj_mjj_genbin0_recobin0 acc 0.2095 eff 0.4081 outinratio 0.0697 

ttH126_4l_absdetajj_mjj_genbin0_recobin0 acc 0.0158 eff 0.1756 outinratio 0.1586 

ggH126_4l_absdetajj_mjj_genbin1_recobin0 acc 0.0355 eff 0.0825 outinratio 0.008 

VBFH126_4l_absdetajj_mjj_genbin1_recobin0 acc 0.0593 eff 0.0843 outinratio 0.0095 

WminusH126_4l_absdetajj_mjj_genbin1_recobin0 acc 0.1673 eff 0.058 outinratio 0.0219 

WplusH126_4l_absdetajj_mjj_genbin1_recobin0 acc 0.1532 eff 0.055 outinratio 0.0203 

ZH126_4l_absdetajj_mjj_genbin1_recobin0 acc 0.1744 eff 0.0674 outinratio 0.0697 

ttH126_4l_absdetajj_mjj_genbin1_recobin0 acc 0.4516 eff 0.0056 outinratio 0.1586 

ggH126_4l_absdetajj_mjj_genbin2_recobin0 acc 0.0037 eff 0.1268 outinratio 0.008 

VBFH126_4l_absdetajj_mjj_genbin2_recobin0 acc 0.0256 eff 0.1322 outinratio 0.0095 

WminusH126_4l_absdetajj_mjj_genbin2_recobin0 acc 0.0039 eff 0.0946 outinratio 0.0219 

WplusH126_4l_absdetajj_mjj_genbin2_recobin0 acc 0.0033 eff 0.0893 outinratio 0.0203 

ZH126_4l_absdetajj_mjj_genbin2_recobin0 acc 0.0035 eff 0.0832 outinratio 0.0697 

ttH126_4l_absdetajj_mjj_genbin2_recobin0 acc 0.0038 eff 0.022 outinratio 0.1586 

ggH126_4l_absdetajj_mjj_genbin3_recobin0 acc 0.004 eff 0.0682 outinratio 0.008 

VBFH126_4l_absdetajj_mjj_genbin3_recobin0 acc 0.1154 eff 0.0843 outinratio 0.0095 

WminusH126_4l_absdetajj_mjj_genbin3_recobin0 acc 0.0032 eff 0.01 outinratio 0.0219 

WplusH126_4l_absdetajj_mjj_genbin3_recobin0 acc 0.0035 eff 0.0171 outinratio 0.0203 

ZH126_4l_absdetajj_mjj_genbin3_recobin0 acc 0.0034 eff 0.0265 outinratio 0.0697 

ttH126_4l_absdetajj_mjj_genbin3_recobin0 acc 0.0186 eff 0.001 outinratio 0.1586 

ggH126_4l_absdetajj_mjj_genbin0_recobin1 acc 0.4033 eff 0.0137 outinratio 0.0065 

VBFH126_4l_absdetajj_mjj_genbin0_recobin1 acc 0.2893 eff 0.0242 outinratio 0.0033 

WminusH126_4l_absdetajj_mjj_genbin0_recobin1 acc 0.2381 eff 0.0605 outinratio 0.0121 

WplusH126_4l_absdetajj_mjj_genbin0_recobin1 acc 0.2075 eff 0.0625 outinratio 0.0135 

ZH126_4l_absdetajj_mjj_genbin0_recobin1 acc 0.2095 eff 0.0524 outinratio 0.0363 

ttH126_4l_absdetajj_mjj_genbin0_recobin1 acc 0.0158 eff 0.1546 outinratio 0.0419 

ggH126_4l_absdetajj_mjj_genbin1_recobin1 acc 0.0355 eff 0.416 outinratio 0.0065 

VBFH126_4l_absdetajj_mjj_genbin1_recobin1 acc 0.0593 eff 0.4557 outinratio 0.0033 

WminusH126_4l_absdetajj_mjj_genbin1_recobin1 acc 0.1673 eff 0.4311 outinratio 0.0121 

WplusH126_4l_absdetajj_mjj_genbin1_recobin1 acc 0.1532 eff 0.4377 outinratio 0.0135 

ZH126_4l_absdetajj_mjj_genbin1_recobin1 acc 0.1744 eff 0.4196 outinratio 0.0363 

ttH126_4l_absdetajj_mjj_genbin1_recobin1 acc 0.4516 eff 0.3792 outinratio 0.0419 

ggH126_4l_absdetajj_mjj_genbin2_recobin1 acc 0.0037 eff 0.0736 outinratio 0.0065 

VBFH126_4l_absdetajj_mjj_genbin2_recobin1 acc 0.0256 eff 0.0212 outinratio 0.0033 

WminusH126_4l_absdetajj_mjj_genbin2_recobin1 acc 0.0039 eff 0.0622 outinratio 0.0121 

WplusH126_4l_absdetajj_mjj_genbin2_recobin1 acc 0.0033 eff 0.0796 outinratio 0.0135 

ZH126_4l_absdetajj_mjj_genbin2_recobin1 acc 0.0035 eff 0.0915 outinratio 0.0363 

ttH126_4l_absdetajj_mjj_genbin2_recobin1 acc 0.0038 eff 0.2353 outinratio 0.0419 

ggH126_4l_absdetajj_mjj_genbin3_recobin1 acc 0.004 eff 0.0238 outinratio 0.0065 

VBFH126_4l_absdetajj_mjj_genbin3_recobin1 acc 0.1154 eff 0.0115 outinratio 0.0033 

WminusH126_4l_absdetajj_mjj_genbin3_recobin1 acc 0.0032 eff 0.0736 outinratio 0.0121 

WplusH126_4l_absdetajj_mjj_genbin3_recobin1 acc 0.0035 eff 0.1007 outinratio 0.0135 

ZH126_4l_absdetajj_mjj_genbin3_recobin1 acc 0.0034 eff 0.0775 outinratio 0.0363 

ttH126_4l_absdetajj_mjj_genbin3_recobin1 acc 0.0186 eff 0.0929 outinratio 0.0419 

ggH126_4l_absdetajj_mjj_genbin0_recobin2 acc 0.4033 eff 0.0026 outinratio 0.0 

VBFH126_4l_absdetajj_mjj_genbin0_recobin2 acc 0.2893 eff 0.009 outinratio 0.0 

WminusH126_4l_absdetajj_mjj_genbin0_recobin2 acc 0.2381 eff 0.0025 outinratio 0.0337 

WplusH126_4l_absdetajj_mjj_genbin0_recobin2 acc 0.2075 eff 0.0026 outinratio 0.007 

ZH126_4l_absdetajj_mjj_genbin0_recobin2 acc 0.2095 eff 0.0023 outinratio 0.0767 

ttH126_4l_absdetajj_mjj_genbin0_recobin2 acc 0.0158 eff 0.0034 outinratio 0.0975 

ggH126_4l_absdetajj_mjj_genbin1_recobin2 acc 0.0355 eff 0.0039 outinratio 0.0 

VBFH126_4l_absdetajj_mjj_genbin1_recobin2 acc 0.0593 eff 0.0058 outinratio 0.0 

WminusH126_4l_absdetajj_mjj_genbin1_recobin2 acc 0.1673 eff 0.002 outinratio 0.0337 

WplusH126_4l_absdetajj_mjj_genbin1_recobin2 acc 0.1532 eff 0.0023 outinratio 0.007 

ZH126_4l_absdetajj_mjj_genbin1_recobin2 acc 0.1744 eff 0.0021 outinratio 0.0767 

ttH126_4l_absdetajj_mjj_genbin1_recobin2 acc 0.4516 eff 0.0015 outinratio 0.0975 

ggH126_4l_absdetajj_mjj_genbin2_recobin2 acc 0.0037 eff 0.2909 outinratio 0.0 

VBFH126_4l_absdetajj_mjj_genbin2_recobin2 acc 0.0256 eff 0.3382 outinratio 0.0 

WminusH126_4l_absdetajj_mjj_genbin2_recobin2 acc 0.0039 eff 0.2607 outinratio 0.0337 

WplusH126_4l_absdetajj_mjj_genbin2_recobin2 acc 0.0033 eff 0.249 outinratio 0.007 

ZH126_4l_absdetajj_mjj_genbin2_recobin2 acc 0.0035 eff 0.2141 outinratio 0.0767 

ttH126_4l_absdetajj_mjj_genbin2_recobin2 acc 0.0038 eff 0.1028 outinratio 0.0975 

ggH126_4l_absdetajj_mjj_genbin3_recobin2 acc 0.004 eff 0.0146 outinratio 0.0 

VBFH126_4l_absdetajj_mjj_genbin3_recobin2 acc 0.1154 eff 0.0129 outinratio 0.0 

WminusH126_4l_absdetajj_mjj_genbin3_recobin2 acc 0.0032 eff 0.0182 outinratio 0.0337 

WplusH126_4l_absdetajj_mjj_genbin3_recobin2 acc 0.0035 eff 0.023 outinratio 0.007 

ZH126_4l_absdetajj_mjj_genbin3_recobin2 acc 0.0034 eff 0.0293 outinratio 0.0767 

ttH126_4l_absdetajj_mjj_genbin3_recobin2 acc 0.0186 eff 0.015 outinratio 0.0975 

ggH126_4l_absdetajj_mjj_genbin0_recobin3 acc 0.4033 eff 0.0016 outinratio 0.0036 

VBFH126_4l_absdetajj_mjj_genbin0_recobin3 acc 0.2893 eff 0.0339 outinratio 0.0057 

WminusH126_4l_absdetajj_mjj_genbin0_recobin3 acc 0.2381 eff 0.0019 outinratio 0.0072 

WplusH126_4l_absdetajj_mjj_genbin0_recobin3 acc 0.2075 eff 0.002 outinratio 0.0036 

ZH126_4l_absdetajj_mjj_genbin0_recobin3 acc 0.2095 eff 0.0014 outinratio 0.0269 

ttH126_4l_absdetajj_mjj_genbin0_recobin3 acc 0.0158 eff 0.0046 outinratio 0.0387 

ggH126_4l_absdetajj_mjj_genbin1_recobin3 acc 0.0355 eff 0.0044 outinratio 0.0036 

VBFH126_4l_absdetajj_mjj_genbin1_recobin3 acc 0.0593 eff 0.0188 outinratio 0.0057 

WminusH126_4l_absdetajj_mjj_genbin1_recobin3 acc 0.1673 eff 0.0023 outinratio 0.0072 

WplusH126_4l_absdetajj_mjj_genbin1_recobin3 acc 0.1532 eff 0.0026 outinratio 0.0036 

ZH126_4l_absdetajj_mjj_genbin1_recobin3 acc 0.1744 eff 0.0023 outinratio 0.0269 

ttH126_4l_absdetajj_mjj_genbin1_recobin3 acc 0.4516 eff 0.0041 outinratio 0.0387 

ggH126_4l_absdetajj_mjj_genbin2_recobin3 acc 0.0037 eff 0.0233 outinratio 0.0036 

VBFH126_4l_absdetajj_mjj_genbin2_recobin3 acc 0.0256 eff 0.0735 outinratio 0.0057 

WminusH126_4l_absdetajj_mjj_genbin2_recobin3 acc 0.0039 eff 0.03 outinratio 0.0072 

WplusH126_4l_absdetajj_mjj_genbin2_recobin3 acc 0.0033 eff 0.0453 outinratio 0.0036 

ZH126_4l_absdetajj_mjj_genbin2_recobin3 acc 0.0035 eff 0.0455 outinratio 0.0269 

ttH126_4l_absdetajj_mjj_genbin2_recobin3 acc 0.0038 eff 0.0515 outinratio 0.0387 

ggH126_4l_absdetajj_mjj_genbin3_recobin3 acc 0.004 eff 0.4197 outinratio 0.0036 

VBFH126_4l_absdetajj_mjj_genbin3_recobin3 acc 0.1154 eff 0.4309 outinratio 0.0057 

WminusH126_4l_absdetajj_mjj_genbin3_recobin3 acc 0.0032 eff 0.3172 outinratio 0.0072 

WplusH126_4l_absdetajj_mjj_genbin3_recobin3 acc 0.0035 eff 0.2934 outinratio 0.0036 

ZH126_4l_absdetajj_mjj_genbin3_recobin3 acc 0.0034 eff 0.3191 outinratio 0.0269 

ttH126_4l_absdetajj_mjj_genbin3_recobin3 acc 0.0186 eff 0.3103 outinratio 0.0387 

ggH126_4e_absdetajj_mjj_genbin0_recobin0 acc 0.3871 eff 0.3064 outinratio 0.0129 

VBFH126_4e_absdetajj_mjj_genbin0_recobin0 acc 0.2781 eff 0.2976 outinratio 0.0207 

WminusH126_4e_absdetajj_mjj_genbin0_recobin0 acc 0.2253 eff 0.2646 outinratio 0.0304 

WplusH126_4e_absdetajj_mjj_genbin0_recobin0 acc 0.2005 eff 0.2672 outinratio 0.0222 

ZH126_4e_absdetajj_mjj_genbin0_recobin0 acc 0.2004 eff 0.2751 outinratio 0.0707 

ttH126_4e_absdetajj_mjj_genbin0_recobin0 acc 0.0159 eff 0.1278 outinratio 0.1124 

ggH126_4e_absdetajj_mjj_genbin1_recobin0 acc 0.0357 eff 0.0625 outinratio 0.0129 

VBFH126_4e_absdetajj_mjj_genbin1_recobin0 acc 0.0603 eff 0.0584 outinratio 0.0207 

WminusH126_4e_absdetajj_mjj_genbin1_recobin0 acc 0.1628 eff 0.0408 outinratio 0.0304 

WplusH126_4e_absdetajj_mjj_genbin1_recobin0 acc 0.1483 eff 0.0327 outinratio 0.0222 

ZH126_4e_absdetajj_mjj_genbin1_recobin0 acc 0.1658 eff 0.0438 outinratio 0.0707 

ttH126_4e_absdetajj_mjj_genbin1_recobin0 acc 0.4341 eff 0.0026 outinratio 0.1124 

ggH126_4e_absdetajj_mjj_genbin2_recobin0 acc 0.0033 eff 0.0688 outinratio 0.0129 

VBFH126_4e_absdetajj_mjj_genbin2_recobin0 acc 0.0219 eff 0.0903 outinratio 0.0207 

WminusH126_4e_absdetajj_mjj_genbin2_recobin0 acc 0.0043 eff 0.0514 outinratio 0.0304 

WplusH126_4e_absdetajj_mjj_genbin2_recobin0 acc 0.003 eff 0.046 outinratio 0.0222 

ZH126_4e_absdetajj_mjj_genbin2_recobin0 acc 0.0036 eff 0.0121 outinratio 0.0707 

ttH126_4e_absdetajj_mjj_genbin2_recobin0 acc 0.0036 eff 0.0133 outinratio 0.1124 

ggH126_4e_absdetajj_mjj_genbin3_recobin0 acc 0.0036 eff 0.0676 outinratio 0.0129 

VBFH126_4e_absdetajj_mjj_genbin3_recobin0 acc 0.1044 eff 0.0612 outinratio 0.0207 

WminusH126_4e_absdetajj_mjj_genbin3_recobin0 acc 0.0039 eff 0.0211 outinratio 0.0304 

WplusH126_4e_absdetajj_mjj_genbin3_recobin0 acc 0.003 eff 0.0 outinratio 0.0222 

ZH126_4e_absdetajj_mjj_genbin3_recobin0 acc 0.0035 eff 0.0049 outinratio 0.0707 

ttH126_4e_absdetajj_mjj_genbin3_recobin0 acc 0.0184 eff 0.0 outinratio 0.1124 

ggH126_4e_absdetajj_mjj_genbin0_recobin1 acc 0.3871 eff 0.0097 outinratio 0.0174 

VBFH126_4e_absdetajj_mjj_genbin0_recobin1 acc 0.2781 eff 0.0143 outinratio 0.0 

WminusH126_4e_absdetajj_mjj_genbin0_recobin1 acc 0.2253 eff 0.0401 outinratio 0.0145 

WplusH126_4e_absdetajj_mjj_genbin0_recobin1 acc 0.2005 eff 0.0404 outinratio 0.0169 

ZH126_4e_absdetajj_mjj_genbin0_recobin1 acc 0.2004 eff 0.0368 outinratio 0.0468 

ttH126_4e_absdetajj_mjj_genbin0_recobin1 acc 0.0159 eff 0.1151 outinratio 0.0546 

ggH126_4e_absdetajj_mjj_genbin1_recobin1 acc 0.0357 eff 0.2665 outinratio 0.0174 

VBFH126_4e_absdetajj_mjj_genbin1_recobin1 acc 0.0603 eff 0.3377 outinratio 0.0 

WminusH126_4e_absdetajj_mjj_genbin1_recobin1 acc 0.1628 eff 0.3013 outinratio 0.0145 

WplusH126_4e_absdetajj_mjj_genbin1_recobin1 acc 0.1483 eff 0.305 outinratio 0.0169 

ZH126_4e_absdetajj_mjj_genbin1_recobin1 acc 0.1658 eff 0.2924 outinratio 0.0468 

ttH126_4e_absdetajj_mjj_genbin1_recobin1 acc 0.4341 eff 0.2859 outinratio 0.0546 

ggH126_4e_absdetajj_mjj_genbin2_recobin1 acc 0.0033 eff 0.0232 outinratio 0.0174 

VBFH126_4e_absdetajj_mjj_genbin2_recobin1 acc 0.0219 eff 0.0116 outinratio 0.0 

WminusH126_4e_absdetajj_mjj_genbin2_recobin1 acc 0.0043 eff 0.0416 outinratio 0.0145 

WplusH126_4e_absdetajj_mjj_genbin2_recobin1 acc 0.003 eff 0.0682 outinratio 0.0169 

ZH126_4e_absdetajj_mjj_genbin2_recobin1 acc 0.0036 eff 0.075 outinratio 0.0468 

ttH126_4e_absdetajj_mjj_genbin2_recobin1 acc 0.0036 eff 0.2195 outinratio 0.0546 

ggH126_4e_absdetajj_mjj_genbin3_recobin1 acc 0.0036 eff 0.0345 outinratio 0.0174 

VBFH126_4e_absdetajj_mjj_genbin3_recobin1 acc 0.1044 eff 0.0101 outinratio 0.0 

WminusH126_4e_absdetajj_mjj_genbin3_recobin1 acc 0.0039 eff 0.0731 outinratio 0.0145 

WplusH126_4e_absdetajj_mjj_genbin3_recobin1 acc 0.003 eff 0.0838 outinratio 0.0169 

ZH126_4e_absdetajj_mjj_genbin3_recobin1 acc 0.0035 eff 0.11 outinratio 0.0468 

ttH126_4e_absdetajj_mjj_genbin3_recobin1 acc 0.0184 eff 0.0864 outinratio 0.0546 

ggH126_4e_absdetajj_mjj_genbin0_recobin2 acc 0.3871 eff 0.0019 outinratio 0.0 

VBFH126_4e_absdetajj_mjj_genbin0_recobin2 acc 0.2781 eff 0.0052 outinratio 0.0 

WminusH126_4e_absdetajj_mjj_genbin0_recobin2 acc 0.2253 eff 0.0003 outinratio 0.1125 

WplusH126_4e_absdetajj_mjj_genbin0_recobin2 acc 0.2005 eff 0.0013 outinratio 0.0506 

ZH126_4e_absdetajj_mjj_genbin0_recobin2 acc 0.2004 eff 0.0013 outinratio 0.0696 

ttH126_4e_absdetajj_mjj_genbin0_recobin2 acc 0.0159 eff 0.0 outinratio 0.0844 

ggH126_4e_absdetajj_mjj_genbin1_recobin2 acc 0.0357 eff 0.0 outinratio 0.0 

VBFH126_4e_absdetajj_mjj_genbin1_recobin2 acc 0.0603 eff 0.0039 outinratio 0.0 

WminusH126_4e_absdetajj_mjj_genbin1_recobin2 acc 0.1628 eff 0.0008 outinratio 0.1125 

WplusH126_4e_absdetajj_mjj_genbin1_recobin2 acc 0.1483 eff 0.0011 outinratio 0.0506 

ZH126_4e_absdetajj_mjj_genbin1_recobin2 acc 0.1658 eff 0.002 outinratio 0.0696 

ttH126_4e_absdetajj_mjj_genbin1_recobin2 acc 0.4341 eff 0.0006 outinratio 0.0844 

ggH126_4e_absdetajj_mjj_genbin2_recobin2 acc 0.0033 eff 0.1945 outinratio 0.0 

VBFH126_4e_absdetajj_mjj_genbin2_recobin2 acc 0.0219 eff 0.2393 outinratio 0.0 

WminusH126_4e_absdetajj_mjj_genbin2_recobin2 acc 0.0043 eff 0.2478 outinratio 0.1125 

WplusH126_4e_absdetajj_mjj_genbin2_recobin2 acc 0.003 eff 0.158 outinratio 0.0506 

ZH126_4e_absdetajj_mjj_genbin2_recobin2 acc 0.0036 eff 0.1448 outinratio 0.0696 

ttH126_4e_absdetajj_mjj_genbin2_recobin2 acc 0.0036 eff 0.1035 outinratio 0.0844 

ggH126_4e_absdetajj_mjj_genbin3_recobin2 acc 0.0036 eff 0.0027 outinratio 0.0 

VBFH126_4e_absdetajj_mjj_genbin3_recobin2 acc 0.1044 eff 0.0099 outinratio 0.0 

WminusH126_4e_absdetajj_mjj_genbin3_recobin2 acc 0.0039 eff 0.0 outinratio 0.1125 

WplusH126_4e_absdetajj_mjj_genbin3_recobin2 acc 0.003 eff 0.0152 outinratio 0.0506 

ZH126_4e_absdetajj_mjj_genbin3_recobin2 acc 0.0035 eff 0.0398 outinratio 0.0696 

ttH126_4e_absdetajj_mjj_genbin3_recobin2 acc 0.0184 eff 0.0122 outinratio 0.0844 

ggH126_4e_absdetajj_mjj_genbin0_recobin3 acc 0.3871 eff 0.0007 outinratio 0.0 

VBFH126_4e_absdetajj_mjj_genbin0_recobin3 acc 0.2781 eff 0.0231 outinratio 0.0253 

WminusH126_4e_absdetajj_mjj_genbin0_recobin3 acc 0.2253 eff 0.0017 outinratio 0.0149 

WplusH126_4e_absdetajj_mjj_genbin0_recobin3 acc 0.2005 eff 0.0016 outinratio 0.0 

ZH126_4e_absdetajj_mjj_genbin0_recobin3 acc 0.2004 eff 0.0016 outinratio 0.0467 

ttH126_4e_absdetajj_mjj_genbin0_recobin3 acc 0.0159 eff 0.0042 outinratio 0.0814 

ggH126_4e_absdetajj_mjj_genbin1_recobin3 acc 0.0357 eff 0.0 outinratio 0.0 

VBFH126_4e_absdetajj_mjj_genbin1_recobin3 acc 0.0603 eff 0.0157 outinratio 0.0253 

WminusH126_4e_absdetajj_mjj_genbin1_recobin3 acc 0.1628 eff 0.0015 outinratio 0.0149 

WplusH126_4e_absdetajj_mjj_genbin1_recobin3 acc 0.1483 eff 0.0017 outinratio 0.0 

ZH126_4e_absdetajj_mjj_genbin1_recobin3 acc 0.1658 eff 0.0018 outinratio 0.0467 

ttH126_4e_absdetajj_mjj_genbin1_recobin3 acc 0.4341 eff 0.0026 outinratio 0.0814 

ggH126_4e_absdetajj_mjj_genbin2_recobin3 acc 0.0033 eff 0.0225 outinratio 0.0 

VBFH126_4e_absdetajj_mjj_genbin2_recobin3 acc 0.0219 eff 0.0666 outinratio 0.0253 

WminusH126_4e_absdetajj_mjj_genbin2_recobin3 acc 0.0043 eff 0.0146 outinratio 0.0149 

WplusH126_4e_absdetajj_mjj_genbin2_recobin3 acc 0.003 eff 0.0266 outinratio 0.0 

ZH126_4e_absdetajj_mjj_genbin2_recobin3 acc 0.0036 eff 0.047 outinratio 0.0467 

ttH126_4e_absdetajj_mjj_genbin2_recobin3 acc 0.0036 eff 0.0 outinratio 0.0814 

ggH126_4e_absdetajj_mjj_genbin3_recobin3 acc 0.0036 eff 0.3803 outinratio 0.0 

VBFH126_4e_absdetajj_mjj_genbin3_recobin3 acc 0.1044 eff 0.2931 outinratio 0.0253 

WminusH126_4e_absdetajj_mjj_genbin3_recobin3 acc 0.0039 eff 0.2043 outinratio 0.0149 

WplusH126_4e_absdetajj_mjj_genbin3_recobin3 acc 0.003 eff 0.123 outinratio 0.0 

ZH126_4e_absdetajj_mjj_genbin3_recobin3 acc 0.0035 eff 0.2102 outinratio 0.0467 

ttH126_4e_absdetajj_mjj_genbin3_recobin3 acc 0.0184 eff 0.2115 outinratio 0.0814 

ggH126_4mu_absdetajj_mjj_genbin0_recobin0 acc 0.4269 eff 0.6508 outinratio 0.0042 

VBFH126_4mu_absdetajj_mjj_genbin0_recobin0 acc 0.3021 eff 0.618 outinratio 0.0049 

WminusH126_4mu_absdetajj_mjj_genbin0_recobin0 acc 0.2564 eff 0.5524 outinratio 0.0168 

WplusH126_4mu_absdetajj_mjj_genbin0_recobin0 acc 0.2221 eff 0.54 outinratio 0.0148 

ZH126_4mu_absdetajj_mjj_genbin0_recobin0 acc 0.2225 eff 0.5429 outinratio 0.0708 

ttH126_4mu_absdetajj_mjj_genbin0_recobin0 acc 0.0179 eff 0.2402 outinratio 0.145 

ggH126_4mu_absdetajj_mjj_genbin1_recobin0 acc 0.0394 eff 0.1064 outinratio 0.0042 

VBFH126_4mu_absdetajj_mjj_genbin1_recobin0 acc 0.0656 eff 0.126 outinratio 0.0049 

WminusH126_4mu_absdetajj_mjj_genbin1_recobin0 acc 0.1758 eff 0.084 outinratio 0.0168 

WplusH126_4mu_absdetajj_mjj_genbin1_recobin0 acc 0.1636 eff 0.0733 outinratio 0.0148 

ZH126_4mu_absdetajj_mjj_genbin1_recobin0 acc 0.1835 eff 0.0961 outinratio 0.0708 

ttH126_4mu_absdetajj_mjj_genbin1_recobin0 acc 0.48 eff 0.0093 outinratio 0.145 

ggH126_4mu_absdetajj_mjj_genbin2_recobin0 acc 0.0041 eff 0.1808 outinratio 0.0042 

VBFH126_4mu_absdetajj_mjj_genbin2_recobin0 acc 0.0277 eff 0.2026 outinratio 0.0049 

WminusH126_4mu_absdetajj_mjj_genbin2_recobin0 acc 0.0042 eff 0.131 outinratio 0.0168 

WplusH126_4mu_absdetajj_mjj_genbin2_recobin0 acc 0.0035 eff 0.0976 outinratio 0.0148 

ZH126_4mu_absdetajj_mjj_genbin2_recobin0 acc 0.0034 eff 0.1434 outinratio 0.0708 

ttH126_4mu_absdetajj_mjj_genbin2_recobin0 acc 0.0043 eff 0.0187 outinratio 0.145 

ggH126_4mu_absdetajj_mjj_genbin3_recobin0 acc 0.0037 eff 0.068 outinratio 0.0042 

VBFH126_4mu_absdetajj_mjj_genbin3_recobin0 acc 0.1233 eff 0.1199 outinratio 0.0049 

WminusH126_4mu_absdetajj_mjj_genbin3_recobin0 acc 0.0027 eff 0.0 outinratio 0.0168 

WplusH126_4mu_absdetajj_mjj_genbin3_recobin0 acc 0.0039 eff 0.0442 outinratio 0.0148 

ZH126_4mu_absdetajj_mjj_genbin3_recobin0 acc 0.0034 eff 0.0298 outinratio 0.0708 

ttH126_4mu_absdetajj_mjj_genbin3_recobin0 acc 0.0179 eff 0.0 outinratio 0.145 

ggH126_4mu_absdetajj_mjj_genbin0_recobin1 acc 0.4269 eff 0.0192 outinratio 0.0028 

VBFH126_4mu_absdetajj_mjj_genbin0_recobin1 acc 0.3021 eff 0.0306 outinratio 0.0042 

WminusH126_4mu_absdetajj_mjj_genbin0_recobin1 acc 0.2564 eff 0.0814 outinratio 0.01 

WplusH126_4mu_absdetajj_mjj_genbin0_recobin1 acc 0.2221 eff 0.0805 outinratio 0.0095 

ZH126_4mu_absdetajj_mjj_genbin0_recobin1 acc 0.2225 eff 0.0698 outinratio 0.0342 

ttH126_4mu_absdetajj_mjj_genbin0_recobin1 acc 0.0179 eff 0.232 outinratio 0.0389 

ggH126_4mu_absdetajj_mjj_genbin1_recobin1 acc 0.0394 eff 0.5539 outinratio 0.0028 

VBFH126_4mu_absdetajj_mjj_genbin1_recobin1 acc 0.0656 eff 0.6351 outinratio 0.0042 

WminusH126_4mu_absdetajj_mjj_genbin1_recobin1 acc 0.1758 eff 0.5753 outinratio 0.01 

WplusH126_4mu_absdetajj_mjj_genbin1_recobin1 acc 0.1636 eff 0.5739 outinratio 0.0095 

ZH126_4mu_absdetajj_mjj_genbin1_recobin1 acc 0.1835 eff 0.5508 outinratio 0.0342 

ttH126_4mu_absdetajj_mjj_genbin1_recobin1 acc 0.48 eff 0.4745 outinratio 0.0389 

ggH126_4mu_absdetajj_mjj_genbin2_recobin1 acc 0.0041 eff 0.0833 outinratio 0.0028 

VBFH126_4mu_absdetajj_mjj_genbin2_recobin1 acc 0.0277 eff 0.0502 outinratio 0.0042 

WminusH126_4mu_absdetajj_mjj_genbin2_recobin1 acc 0.0042 eff 0.0703 outinratio 0.01 

WplusH126_4mu_absdetajj_mjj_genbin2_recobin1 acc 0.0035 eff 0.1273 outinratio 0.0095 

ZH126_4mu_absdetajj_mjj_genbin2_recobin1 acc 0.0034 eff 0.1096 outinratio 0.0342 

ttH126_4mu_absdetajj_mjj_genbin2_recobin1 acc 0.0043 eff 0.4061 outinratio 0.0389 

ggH126_4mu_absdetajj_mjj_genbin3_recobin1 acc 0.0037 eff 0.0331 outinratio 0.0028 

VBFH126_4mu_absdetajj_mjj_genbin3_recobin1 acc 0.1233 eff 0.0155 outinratio 0.0042 

WminusH126_4mu_absdetajj_mjj_genbin3_recobin1 acc 0.0027 eff 0.1313 outinratio 0.01 

WplusH126_4mu_absdetajj_mjj_genbin3_recobin1 acc 0.0039 eff 0.1289 outinratio 0.0095 

ZH126_4mu_absdetajj_mjj_genbin3_recobin1 acc 0.0034 eff 0.0589 outinratio 0.0342 

ttH126_4mu_absdetajj_mjj_genbin3_recobin1 acc 0.0179 eff 0.0911 outinratio 0.0389 

ggH126_4mu_absdetajj_mjj_genbin0_recobin2 acc 0.4269 eff 0.0036 outinratio 0.0 

VBFH126_4mu_absdetajj_mjj_genbin0_recobin2 acc 0.3021 eff 0.0108 outinratio 0.0 

WminusH126_4mu_absdetajj_mjj_genbin0_recobin2 acc 0.2564 eff 0.004 outinratio 0.0311 

WplusH126_4mu_absdetajj_mjj_genbin0_recobin2 acc 0.2221 eff 0.0038 outinratio 0.0 

ZH126_4mu_absdetajj_mjj_genbin0_recobin2 acc 0.2225 eff 0.0028 outinratio 0.068 

ttH126_4mu_absdetajj_mjj_genbin0_recobin2 acc 0.0179 eff 0.004 outinratio 0.2035 

ggH126_4mu_absdetajj_mjj_genbin1_recobin2 acc 0.0394 eff 0.0032 outinratio 0.0 

VBFH126_4mu_absdetajj_mjj_genbin1_recobin2 acc 0.0656 eff 0.0114 outinratio 0.0 

WminusH126_4mu_absdetajj_mjj_genbin1_recobin2 acc 0.1758 eff 0.0026 outinratio 0.0311 

WplusH126_4mu_absdetajj_mjj_genbin1_recobin2 acc 0.1636 eff 0.005 outinratio 0.0 

ZH126_4mu_absdetajj_mjj_genbin1_recobin2 acc 0.1835 eff 0.0034 outinratio 0.068 

ttH126_4mu_absdetajj_mjj_genbin1_recobin2 acc 0.48 eff 0.002 outinratio 0.2035 

ggH126_4mu_absdetajj_mjj_genbin2_recobin2 acc 0.0041 eff 0.4311 outinratio 0.0 

VBFH126_4mu_absdetajj_mjj_genbin2_recobin2 acc 0.0277 eff 0.4243 outinratio 0.0 

WminusH126_4mu_absdetajj_mjj_genbin2_recobin2 acc 0.0042 eff 0.3069 outinratio 0.0311 

WplusH126_4mu_absdetajj_mjj_genbin2_recobin2 acc 0.0035 eff 0.3462 outinratio 0.0 

ZH126_4mu_absdetajj_mjj_genbin2_recobin2 acc 0.0034 eff 0.2917 outinratio 0.068 

ttH126_4mu_absdetajj_mjj_genbin2_recobin2 acc 0.0043 eff 0.1185 outinratio 0.2035 

ggH126_4mu_absdetajj_mjj_genbin3_recobin2 acc 0.0037 eff 0.057 outinratio 0.0 

VBFH126_4mu_absdetajj_mjj_genbin3_recobin2 acc 0.1233 eff 0.0155 outinratio 0.0 

WminusH126_4mu_absdetajj_mjj_genbin3_recobin2 acc 0.0027 eff 0.0261 outinratio 0.0311 

WplusH126_4mu_absdetajj_mjj_genbin3_recobin2 acc 0.0039 eff 0.0428 outinratio 0.0 

ZH126_4mu_absdetajj_mjj_genbin3_recobin2 acc 0.0034 eff 0.0176 outinratio 0.068 

ttH126_4mu_absdetajj_mjj_genbin3_recobin2 acc 0.0179 eff 0.0206 outinratio 0.2035 

ggH126_4mu_absdetajj_mjj_genbin0_recobin3 acc 0.4269 eff 0.0019 outinratio 0.0 

VBFH126_4mu_absdetajj_mjj_genbin0_recobin3 acc 0.3021 eff 0.0429 outinratio 0.0015 

WminusH126_4mu_absdetajj_mjj_genbin0_recobin3 acc 0.2564 eff 0.0018 outinratio 0.0 

WplusH126_4mu_absdetajj_mjj_genbin0_recobin3 acc 0.2221 eff 0.0032 outinratio 0.0 

ZH126_4mu_absdetajj_mjj_genbin0_recobin3 acc 0.2225 eff 0.0013 outinratio 0.0233 

ttH126_4mu_absdetajj_mjj_genbin0_recobin3 acc 0.0179 eff 0.0014 outinratio 0.0203 

ggH126_4mu_absdetajj_mjj_genbin1_recobin3 acc 0.0394 eff 0.0128 outinratio 0.0 

VBFH126_4mu_absdetajj_mjj_genbin1_recobin3 acc 0.0656 eff 0.0314 outinratio 0.0015 

WminusH126_4mu_absdetajj_mjj_genbin1_recobin3 acc 0.1758 eff 0.0034 outinratio 0.0 

WplusH126_4mu_absdetajj_mjj_genbin1_recobin3 acc 0.1636 eff 0.0032 outinratio 0.0 

ZH126_4mu_absdetajj_mjj_genbin1_recobin3 acc 0.1835 eff 0.0036 outinratio 0.0233 

ttH126_4mu_absdetajj_mjj_genbin1_recobin3 acc 0.48 eff 0.0059 outinratio 0.0203 

ggH126_4mu_absdetajj_mjj_genbin2_recobin3 acc 0.0041 eff 0.0316 outinratio 0.0 

VBFH126_4mu_absdetajj_mjj_genbin2_recobin3 acc 0.0277 eff 0.0534 outinratio 0.0015 

WminusH126_4mu_absdetajj_mjj_genbin2_recobin3 acc 0.0042 eff 0.0442 outinratio 0.0 

WplusH126_4mu_absdetajj_mjj_genbin2_recobin3 acc 0.0035 eff 0.0689 outinratio 0.0 

ZH126_4mu_absdetajj_mjj_genbin2_recobin3 acc 0.0034 eff 0.0745 outinratio 0.0233 

ttH126_4mu_absdetajj_mjj_genbin2_recobin3 acc 0.0043 eff 0.0351 outinratio 0.0203 

ggH126_4mu_absdetajj_mjj_genbin3_recobin3 acc 0.0037 eff 0.4196 outinratio 0.0 

VBFH126_4mu_absdetajj_mjj_genbin3_recobin3 acc 0.1233 eff 0.5552 outinratio 0.0015 

WminusH126_4mu_absdetajj_mjj_genbin3_recobin3 acc 0.0027 eff 0.422 outinratio 0.0 

WplusH126_4mu_absdetajj_mjj_genbin3_recobin3 acc 0.0039 eff 0.5235 outinratio 0.0 

ZH126_4mu_absdetajj_mjj_genbin3_recobin3 acc 0.0034 eff 0.4349 outinratio 0.0233 

ttH126_4mu_absdetajj_mjj_genbin3_recobin3 acc 0.0179 eff 0.4673 outinratio 0.0203 

ggH126_2e2mu_absdetajj_mjj_genbin0_recobin0 acc 0.3993 eff 0.4576 outinratio 0.0093 

VBFH126_2e2mu_absdetajj_mjj_genbin0_recobin0 acc 0.2886 eff 0.4256 outinratio 0.0091 

WminusH126_2e2mu_absdetajj_mjj_genbin0_recobin0 acc 0.235 eff 0.3957 outinratio 0.0232 

WplusH126_2e2mu_absdetajj_mjj_genbin0_recobin0 acc 0.2033 eff 0.3894 outinratio 0.0242 

ZH126_2e2mu_absdetajj_mjj_genbin0_recobin0 acc 0.2073 eff 0.3994 outinratio 0.0684 

ttH126_2e2mu_absdetajj_mjj_genbin0_recobin0 acc 0.0145 eff 0.161 outinratio 0.1897 

ggH126_2e2mu_absdetajj_mjj_genbin1_recobin0 acc 0.0333 eff 0.0788 outinratio 0.0093 

VBFH126_2e2mu_absdetajj_mjj_genbin1_recobin0 acc 0.0553 eff 0.0728 outinratio 0.0091 

WminusH126_2e2mu_absdetajj_mjj_genbin1_recobin0 acc 0.1651 eff 0.0519 outinratio 0.0232 

WplusH126_2e2mu_absdetajj_mjj_genbin1_recobin0 acc 0.1502 eff 0.0561 outinratio 0.0242 

ZH126_2e2mu_absdetajj_mjj_genbin1_recobin0 acc 0.1742 eff 0.0631 outinratio 0.0684 

ttH126_2e2mu_absdetajj_mjj_genbin1_recobin0 acc 0.4457 eff 0.005 outinratio 0.1897 

ggH126_2e2mu_absdetajj_mjj_genbin2_recobin0 acc 0.0036 eff 0.1223 outinratio 0.0093 

VBFH126_2e2mu_absdetajj_mjj_genbin2_recobin0 acc 0.0266 eff 0.1111 outinratio 0.0091 

WminusH126_2e2mu_absdetajj_mjj_genbin2_recobin0 acc 0.0036 eff 0.0991 outinratio 0.0232 

WplusH126_2e2mu_absdetajj_mjj_genbin2_recobin0 acc 0.0033 eff 0.1065 outinratio 0.0242 

ZH126_2e2mu_absdetajj_mjj_genbin2_recobin0 acc 0.0034 eff 0.0914 outinratio 0.0684 

ttH126_2e2mu_absdetajj_mjj_genbin2_recobin0 acc 0.0036 eff 0.029 outinratio 0.1897 

ggH126_2e2mu_absdetajj_mjj_genbin3_recobin0 acc 0.0043 eff 0.0685 outinratio 0.0093 

VBFH126_2e2mu_absdetajj_mjj_genbin3_recobin0 acc 0.1172 eff 0.0752 outinratio 0.0091 

WminusH126_2e2mu_absdetajj_mjj_genbin3_recobin0 acc 0.0032 eff 0.0073 outinratio 0.0232 

WplusH126_2e2mu_absdetajj_mjj_genbin3_recobin0 acc 0.0034 eff 0.0082 outinratio 0.0242 

ZH126_2e2mu_absdetajj_mjj_genbin3_recobin0 acc 0.0034 eff 0.0368 outinratio 0.0684 

ttH126_2e2mu_absdetajj_mjj_genbin3_recobin0 acc 0.0192 eff 0.0021 outinratio 0.1897 

ggH126_2e2mu_absdetajj_mjj_genbin0_recobin1 acc 0.3993 eff 0.0126 outinratio 0.0056 

VBFH126_2e2mu_absdetajj_mjj_genbin0_recobin1 acc 0.2886 eff 0.0259 outinratio 0.0041 

WminusH126_2e2mu_absdetajj_mjj_genbin0_recobin1 acc 0.235 eff 0.0585 outinratio 0.0129 

WplusH126_2e2mu_absdetajj_mjj_genbin0_recobin1 acc 0.2033 eff 0.0636 outinratio 0.0155 

ZH126_2e2mu_absdetajj_mjj_genbin0_recobin1 acc 0.2073 eff 0.0506 outinratio 0.0341 

ttH126_2e2mu_absdetajj_mjj_genbin0_recobin1 acc 0.0145 eff 0.1261 outinratio 0.0389 

ggH126_2e2mu_absdetajj_mjj_genbin1_recobin1 acc 0.0333 eff 0.4152 outinratio 0.0056 

VBFH126_2e2mu_absdetajj_mjj_genbin1_recobin1 acc 0.0553 eff 0.4105 outinratio 0.0041 

WminusH126_2e2mu_absdetajj_mjj_genbin1_recobin1 acc 0.1651 eff 0.4158 outinratio 0.0129 

WplusH126_2e2mu_absdetajj_mjj_genbin1_recobin1 acc 0.1502 eff 0.428 outinratio 0.0155 

ZH126_2e2mu_absdetajj_mjj_genbin1_recobin1 acc 0.1742 eff 0.4103 outinratio 0.0341 

ttH126_2e2mu_absdetajj_mjj_genbin1_recobin1 acc 0.4457 eff 0.3731 outinratio 0.0389 

ggH126_2e2mu_absdetajj_mjj_genbin2_recobin1 acc 0.0036 eff 0.0933 outinratio 0.0056 

VBFH126_2e2mu_absdetajj_mjj_genbin2_recobin1 acc 0.0266 eff 0.0089 outinratio 0.0041 

WminusH126_2e2mu_absdetajj_mjj_genbin2_recobin1 acc 0.0036 eff 0.0706 outinratio 0.0129 

WplusH126_2e2mu_absdetajj_mjj_genbin2_recobin1 acc 0.0033 eff 0.0572 outinratio 0.0155 

ZH126_2e2mu_absdetajj_mjj_genbin2_recobin1 acc 0.0034 eff 0.0911 outinratio 0.0341 

ttH126_2e2mu_absdetajj_mjj_genbin2_recobin1 acc 0.0036 eff 0.1311 outinratio 0.0389 

ggH126_2e2mu_absdetajj_mjj_genbin3_recobin1 acc 0.0043 eff 0.0144 outinratio 0.0056 

VBFH126_2e2mu_absdetajj_mjj_genbin3_recobin1 acc 0.1172 eff 0.0099 outinratio 0.0041 

WminusH126_2e2mu_absdetajj_mjj_genbin3_recobin1 acc 0.0032 eff 0.0467 outinratio 0.0129 

WplusH126_2e2mu_absdetajj_mjj_genbin3_recobin1 acc 0.0034 eff 0.091 outinratio 0.0155 

ZH126_2e2mu_absdetajj_mjj_genbin3_recobin1 acc 0.0034 eff 0.0693 outinratio 0.0341 

ttH126_2e2mu_absdetajj_mjj_genbin3_recobin1 acc 0.0192 eff 0.0972 outinratio 0.0389 

ggH126_2e2mu_absdetajj_mjj_genbin0_recobin2 acc 0.3993 eff 0.0025 outinratio 0.0 

VBFH126_2e2mu_absdetajj_mjj_genbin0_recobin2 acc 0.2886 eff 0.0099 outinratio 0.0 

WminusH126_2e2mu_absdetajj_mjj_genbin0_recobin2 acc 0.235 eff 0.0028 outinratio 0.0085 

WplusH126_2e2mu_absdetajj_mjj_genbin0_recobin2 acc 0.2033 eff 0.0026 outinratio 0.0 

ZH126_2e2mu_absdetajj_mjj_genbin0_recobin2 acc 0.2073 eff 0.0025 outinratio 0.0864 

ttH126_2e2mu_absdetajj_mjj_genbin0_recobin2 acc 0.0145 eff 0.005 outinratio 0.0224 

ggH126_2e2mu_absdetajj_mjj_genbin1_recobin2 acc 0.0333 eff 0.0067 outinratio 0.0 

VBFH126_2e2mu_absdetajj_mjj_genbin1_recobin2 acc 0.0553 eff 0.0033 outinratio 0.0 

WminusH126_2e2mu_absdetajj_mjj_genbin1_recobin2 acc 0.1651 eff 0.0023 outinratio 0.0085 

WplusH126_2e2mu_absdetajj_mjj_genbin1_recobin2 acc 0.1502 eff 0.0013 outinratio 0.0 

ZH126_2e2mu_absdetajj_mjj_genbin1_recobin2 acc 0.1742 eff 0.0015 outinratio 0.0864 

ttH126_2e2mu_absdetajj_mjj_genbin1_recobin2 acc 0.4457 eff 0.0016 outinratio 0.0224 

ggH126_2e2mu_absdetajj_mjj_genbin2_recobin2 acc 0.0036 eff 0.2516 outinratio 0.0 

VBFH126_2e2mu_absdetajj_mjj_genbin2_recobin2 acc 0.0266 eff 0.3346 outinratio 0.0 

WminusH126_2e2mu_absdetajj_mjj_genbin2_recobin2 acc 0.0036 eff 0.2387 outinratio 0.0085 

WplusH126_2e2mu_absdetajj_mjj_genbin2_recobin2 acc 0.0033 eff 0.2379 outinratio 0.0 

ZH126_2e2mu_absdetajj_mjj_genbin2_recobin2 acc 0.0034 eff 0.2119 outinratio 0.0864 

ttH126_2e2mu_absdetajj_mjj_genbin2_recobin2 acc 0.0036 eff 0.0921 outinratio 0.0224 

ggH126_2e2mu_absdetajj_mjj_genbin3_recobin2 acc 0.0043 eff 0.0 outinratio 0.0 

VBFH126_2e2mu_absdetajj_mjj_genbin3_recobin2 acc 0.1172 eff 0.0128 outinratio 0.0 

WminusH126_2e2mu_absdetajj_mjj_genbin3_recobin2 acc 0.0032 eff 0.0265 outinratio 0.0085 

WplusH126_2e2mu_absdetajj_mjj_genbin3_recobin2 acc 0.0034 eff 0.0143 outinratio 0.0 

ZH126_2e2mu_absdetajj_mjj_genbin3_recobin2 acc 0.0034 eff 0.0298 outinratio 0.0864 

ttH126_2e2mu_absdetajj_mjj_genbin3_recobin2 acc 0.0192 eff 0.0136 outinratio 0.0224 

ggH126_2e2mu_absdetajj_mjj_genbin0_recobin3 acc 0.3993 eff 0.0018 outinratio 0.0071 

VBFH126_2e2mu_absdetajj_mjj_genbin0_recobin3 acc 0.2886 eff 0.0345 outinratio 0.0019 

WminusH126_2e2mu_absdetajj_mjj_genbin0_recobin3 acc 0.235 eff 0.0019 outinratio 0.0089 

WplusH126_2e2mu_absdetajj_mjj_genbin0_recobin3 acc 0.2033 eff 0.0016 outinratio 0.009 

ZH126_2e2mu_absdetajj_mjj_genbin0_recobin3 acc 0.2073 eff 0.0013 outinratio 0.0205 

ttH126_2e2mu_absdetajj_mjj_genbin0_recobin3 acc 0.0145 eff 0.007 outinratio 0.0379 

ggH126_2e2mu_absdetajj_mjj_genbin1_recobin3 acc 0.0333 eff 0.0015 outinratio 0.0071 

VBFH126_2e2mu_absdetajj_mjj_genbin1_recobin3 acc 0.0553 eff 0.0125 outinratio 0.0019 

WminusH126_2e2mu_absdetajj_mjj_genbin1_recobin3 acc 0.1651 eff 0.0021 outinratio 0.0089 

WplusH126_2e2mu_absdetajj_mjj_genbin1_recobin3 acc 0.1502 eff 0.0026 outinratio 0.009 

ZH126_2e2mu_absdetajj_mjj_genbin1_recobin3 acc 0.1742 eff 0.0018 outinratio 0.0205 

ttH126_2e2mu_absdetajj_mjj_genbin1_recobin3 acc 0.4457 eff 0.0038 outinratio 0.0379 

ggH126_2e2mu_absdetajj_mjj_genbin2_recobin3 acc 0.0036 eff 0.0184 outinratio 0.0071 

VBFH126_2e2mu_absdetajj_mjj_genbin2_recobin3 acc 0.0266 eff 0.0883 outinratio 0.0019 

WminusH126_2e2mu_absdetajj_mjj_genbin2_recobin3 acc 0.0036 eff 0.0309 outinratio 0.0089 

WplusH126_2e2mu_absdetajj_mjj_genbin2_recobin3 acc 0.0033 eff 0.0409 outinratio 0.009 

ZH126_2e2mu_absdetajj_mjj_genbin2_recobin3 acc 0.0034 eff 0.0289 outinratio 0.0205 

ttH126_2e2mu_absdetajj_mjj_genbin2_recobin3 acc 0.0036 eff 0.0911 outinratio 0.0379 

ggH126_2e2mu_absdetajj_mjj_genbin3_recobin3 acc 0.0043 eff 0.4378 outinratio 0.0071 

VBFH126_2e2mu_absdetajj_mjj_genbin3_recobin3 acc 0.1172 eff 0.4276 outinratio 0.0019 

WminusH126_2e2mu_absdetajj_mjj_genbin3_recobin3 acc 0.0032 eff 0.3431 outinratio 0.0089 

WplusH126_2e2mu_absdetajj_mjj_genbin3_recobin3 acc 0.0034 eff 0.2296 outinratio 0.009 

ZH126_2e2mu_absdetajj_mjj_genbin3_recobin3 acc 0.0034 eff 0.3178 outinratio 0.0205 

ttH126_2e2mu_absdetajj_mjj_genbin3_recobin3 acc 0.0192 eff 0.2825 outinratio 0.0379 

Coeff fullNNLOPS
