Welcome in RunCoefficients!
OPT SPLIT
DEBUG opt.YEAR = 2024_1
It is a single-differential measurement, binning [-100.0, 30.0, 45.0, 62.0, 10000.0]
pTj2
Following observables extracted from dictionary: RECO =  pTj2  GEN =  GENpTj2
LUMI: 10.882200000000001
ttH126 0.00046886125
Processing ggH126 2024_1
Signal created
Signal failed created
Processing VBFH126 2024_1
Signal created
Signal failed created
Processing WminusH126 2024_1
Signal created
Signal failed created
Processing WplusH126 2024_1
Signal created
Signal failed created
Processing ZH126 2024_1
Signal created
Signal failed created
Processing ttH126 2024_1
Signal created
Signal failed created
2024_1 SKIMMED df CREATED
2024_1 ggH126
2024_1 VBFH126
2024_1 WminusH126
2024_1 WplusH126
2024_1 ZH126
2024_1 ttH126
Dataframes created successfully
Coeff std
ggH126_4l_pTj2_genbin0_recobin0 acc 0.3627 eff 0.5238 outinratio 0.0502 

VBFH126_4l_pTj2_genbin0_recobin0 acc 0.2128 eff 0.4699 outinratio 0.0322 

WminusH126_4l_pTj2_genbin0_recobin0 acc 0.2147 eff 0.4636 outinratio 0.0403 

WplusH126_4l_pTj2_genbin0_recobin0 acc 0.1737 eff 0.4493 outinratio 0.0658 

ZH126_4l_pTj2_genbin0_recobin0 acc 0.1818 eff 0.4728 outinratio 0.0888 

ttH126_4l_pTj2_genbin0_recobin0 acc 0.0081 eff 0.2237 outinratio 0.1614 

ggH126_4l_pTj2_genbin1_recobin0 acc 0.0228 eff 0.156 outinratio 0.0502 

VBFH126_4l_pTj2_genbin1_recobin0 acc 0.0891 eff 0.1587 outinratio 0.0322 

WminusH126_4l_pTj2_genbin1_recobin0 acc 0.0644 eff 0.1659 outinratio 0.0403 

WplusH126_4l_pTj2_genbin1_recobin0 acc 0.0561 eff 0.1166 outinratio 0.0658 

ZH126_4l_pTj2_genbin1_recobin0 acc 0.0676 eff 0.1313 outinratio 0.0888 

ttH126_4l_pTj2_genbin1_recobin0 acc 0.0168 eff 0.0519 outinratio 0.1614 

ggH126_4l_pTj2_genbin2_recobin0 acc 0.0104 eff 0.0379 outinratio 0.0502 

VBFH126_4l_pTj2_genbin2_recobin0 acc 0.0709 eff 0.0588 outinratio 0.0322 

WminusH126_4l_pTj2_genbin2_recobin0 acc 0.0396 eff 0.0105 outinratio 0.0403 

WplusH126_4l_pTj2_genbin2_recobin0 acc 0.0351 eff 0.015 outinratio 0.0658 

ZH126_4l_pTj2_genbin2_recobin0 acc 0.0417 eff 0.0253 outinratio 0.0888 

ttH126_4l_pTj2_genbin2_recobin0 acc 0.0468 eff 0.005 outinratio 0.1614 

ggH126_4l_pTj2_genbin3_recobin0 acc 0.0111 eff 0.0081 outinratio 0.0502 

VBFH126_4l_pTj2_genbin3_recobin0 acc 0.08 eff 0.0264 outinratio 0.0322 

WminusH126_4l_pTj2_genbin3_recobin0 acc 0.0469 eff 0.0022 outinratio 0.0403 

WplusH126_4l_pTj2_genbin3_recobin0 acc 0.0475 eff 0.0057 outinratio 0.0658 

ZH126_4l_pTj2_genbin3_recobin0 acc 0.0541 eff 0.0067 outinratio 0.0888 

ttH126_4l_pTj2_genbin3_recobin0 acc 0.2472 eff 0.0005 outinratio 0.1614 

ggH126_4l_pTj2_genbin0_recobin1 acc 0.3627 eff 0.021 outinratio 0.0593 

VBFH126_4l_pTj2_genbin0_recobin1 acc 0.2128 eff 0.0705 outinratio 0.0389 

WminusH126_4l_pTj2_genbin0_recobin1 acc 0.2147 eff 0.0657 outinratio 0.1178 

WplusH126_4l_pTj2_genbin0_recobin1 acc 0.1737 eff 0.0658 outinratio 0.0742 

ZH126_4l_pTj2_genbin0_recobin1 acc 0.1818 eff 0.0606 outinratio 0.0756 

ttH126_4l_pTj2_genbin0_recobin1 acc 0.0081 eff 0.0981 outinratio 0.1578 

ggH126_4l_pTj2_genbin1_recobin1 acc 0.0228 eff 0.3153 outinratio 0.0593 

VBFH126_4l_pTj2_genbin1_recobin1 acc 0.0891 eff 0.2765 outinratio 0.0389 

WminusH126_4l_pTj2_genbin1_recobin1 acc 0.0644 eff 0.3003 outinratio 0.1178 

WplusH126_4l_pTj2_genbin1_recobin1 acc 0.0561 eff 0.3093 outinratio 0.0742 

ZH126_4l_pTj2_genbin1_recobin1 acc 0.0676 eff 0.3191 outinratio 0.0756 

ttH126_4l_pTj2_genbin1_recobin1 acc 0.0168 eff 0.2402 outinratio 0.1578 

ggH126_4l_pTj2_genbin2_recobin1 acc 0.0104 eff 0.1458 outinratio 0.0593 

VBFH126_4l_pTj2_genbin2_recobin1 acc 0.0709 eff 0.094 outinratio 0.0389 

WminusH126_4l_pTj2_genbin2_recobin1 acc 0.0396 eff 0.0958 outinratio 0.1178 

WplusH126_4l_pTj2_genbin2_recobin1 acc 0.0351 eff 0.1084 outinratio 0.0742 

ZH126_4l_pTj2_genbin2_recobin1 acc 0.0417 eff 0.1091 outinratio 0.0756 

ttH126_4l_pTj2_genbin2_recobin1 acc 0.0468 eff 0.0585 outinratio 0.1578 

ggH126_4l_pTj2_genbin3_recobin1 acc 0.0111 eff 0.0085 outinratio 0.0593 

VBFH126_4l_pTj2_genbin3_recobin1 acc 0.08 eff 0.0109 outinratio 0.0389 

WminusH126_4l_pTj2_genbin3_recobin1 acc 0.0469 eff 0.0165 outinratio 0.1178 

WplusH126_4l_pTj2_genbin3_recobin1 acc 0.0475 eff 0.0087 outinratio 0.0742 

ZH126_4l_pTj2_genbin3_recobin1 acc 0.0541 eff 0.0084 outinratio 0.0756 

ttH126_4l_pTj2_genbin3_recobin1 acc 0.2472 eff 0.0027 outinratio 0.1578 

ggH126_4l_pTj2_genbin0_recobin2 acc 0.3627 eff 0.0027 outinratio 0.0647 

VBFH126_4l_pTj2_genbin0_recobin2 acc 0.2128 eff 0.0177 outinratio 0.0353 

WminusH126_4l_pTj2_genbin0_recobin2 acc 0.2147 eff 0.0151 outinratio 0.0947 

WplusH126_4l_pTj2_genbin0_recobin2 acc 0.1737 eff 0.0123 outinratio 0.0772 

ZH126_4l_pTj2_genbin0_recobin2 acc 0.1818 eff 0.0135 outinratio 0.0701 

ttH126_4l_pTj2_genbin0_recobin2 acc 0.0081 eff 0.0643 outinratio 0.1568 

ggH126_4l_pTj2_genbin1_recobin2 acc 0.0228 eff 0.077 outinratio 0.0647 

VBFH126_4l_pTj2_genbin1_recobin2 acc 0.0891 eff 0.126 outinratio 0.0353 

WminusH126_4l_pTj2_genbin1_recobin2 acc 0.0644 eff 0.0578 outinratio 0.0947 

WplusH126_4l_pTj2_genbin1_recobin2 acc 0.0561 eff 0.1141 outinratio 0.0772 

ZH126_4l_pTj2_genbin1_recobin2 acc 0.0676 eff 0.0961 outinratio 0.0701 

ttH126_4l_pTj2_genbin1_recobin2 acc 0.0168 eff 0.1421 outinratio 0.1568 

ggH126_4l_pTj2_genbin2_recobin2 acc 0.0104 eff 0.3201 outinratio 0.0647 

VBFH126_4l_pTj2_genbin2_recobin2 acc 0.0709 eff 0.2877 outinratio 0.0353 

WminusH126_4l_pTj2_genbin2_recobin2 acc 0.0396 eff 0.3627 outinratio 0.0947 

WplusH126_4l_pTj2_genbin2_recobin2 acc 0.0351 eff 0.2812 outinratio 0.0772 

ZH126_4l_pTj2_genbin2_recobin2 acc 0.0417 eff 0.3017 outinratio 0.0701 

ttH126_4l_pTj2_genbin2_recobin2 acc 0.0468 eff 0.3002 outinratio 0.1568 

ggH126_4l_pTj2_genbin3_recobin2 acc 0.0111 eff 0.088 outinratio 0.0647 

VBFH126_4l_pTj2_genbin3_recobin2 acc 0.08 eff 0.0635 outinratio 0.0353 

WminusH126_4l_pTj2_genbin3_recobin2 acc 0.0469 eff 0.0517 outinratio 0.0947 

WplusH126_4l_pTj2_genbin3_recobin2 acc 0.0475 eff 0.0423 outinratio 0.0772 

ZH126_4l_pTj2_genbin3_recobin2 acc 0.0541 eff 0.0666 outinratio 0.0701 

ttH126_4l_pTj2_genbin3_recobin2 acc 0.2472 eff 0.0298 outinratio 0.1568 

ggH126_4l_pTj2_genbin0_recobin3 acc 0.3627 eff 0.001 outinratio 0.0576 

VBFH126_4l_pTj2_genbin0_recobin3 acc 0.2128 eff 0.0062 outinratio 0.0379 

WminusH126_4l_pTj2_genbin0_recobin3 acc 0.2147 eff 0.0096 outinratio 0.102 

WplusH126_4l_pTj2_genbin0_recobin3 acc 0.1737 eff 0.0037 outinratio 0.0766 

ZH126_4l_pTj2_genbin0_recobin3 acc 0.1818 eff 0.0065 outinratio 0.0859 

ttH126_4l_pTj2_genbin0_recobin3 acc 0.0081 eff 0.1452 outinratio 0.1625 

ggH126_4l_pTj2_genbin1_recobin3 acc 0.0228 eff 0.0078 outinratio 0.0576 

VBFH126_4l_pTj2_genbin1_recobin3 acc 0.0891 eff 0.009 outinratio 0.0379 

WminusH126_4l_pTj2_genbin1_recobin3 acc 0.0644 eff 0.0133 outinratio 0.102 

WplusH126_4l_pTj2_genbin1_recobin3 acc 0.0561 eff 0.0112 outinratio 0.0766 

ZH126_4l_pTj2_genbin1_recobin3 acc 0.0676 eff 0.0073 outinratio 0.0859 

ttH126_4l_pTj2_genbin1_recobin3 acc 0.0168 eff 0.0958 outinratio 0.1625 

ggH126_4l_pTj2_genbin2_recobin3 acc 0.0104 eff 0.0965 outinratio 0.0576 

VBFH126_4l_pTj2_genbin2_recobin3 acc 0.0709 eff 0.1317 outinratio 0.0379 

WminusH126_4l_pTj2_genbin2_recobin3 acc 0.0396 eff 0.0865 outinratio 0.102 

WplusH126_4l_pTj2_genbin2_recobin3 acc 0.0351 eff 0.121 outinratio 0.0766 

ZH126_4l_pTj2_genbin2_recobin3 acc 0.0417 eff 0.1115 outinratio 0.0859 

ttH126_4l_pTj2_genbin2_recobin3 acc 0.0468 eff 0.1978 outinratio 0.1625 

ggH126_4l_pTj2_genbin3_recobin3 acc 0.0111 eff 0.4804 outinratio 0.0576 

VBFH126_4l_pTj2_genbin3_recobin3 acc 0.08 eff 0.4809 outinratio 0.0379 

WminusH126_4l_pTj2_genbin3_recobin3 acc 0.0469 eff 0.4861 outinratio 0.102 

WplusH126_4l_pTj2_genbin3_recobin3 acc 0.0475 eff 0.5254 outinratio 0.0766 

ZH126_4l_pTj2_genbin3_recobin3 acc 0.0541 eff 0.4886 outinratio 0.0859 

ttH126_4l_pTj2_genbin3_recobin3 acc 0.2472 eff 0.522 outinratio 0.1625 

ggH126_4e_pTj2_genbin0_recobin0 acc 0.35 eff 0.3088 outinratio 0.0519 

VBFH126_4e_pTj2_genbin0_recobin0 acc 0.205 eff 0.2835 outinratio 0.0314 

WminusH126_4e_pTj2_genbin0_recobin0 acc 0.2085 eff 0.2891 outinratio 0.0309 

WplusH126_4e_pTj2_genbin0_recobin0 acc 0.1731 eff 0.2844 outinratio 0.0592 

ZH126_4e_pTj2_genbin0_recobin0 acc 0.1766 eff 0.2818 outinratio 0.0914 

ttH126_4e_pTj2_genbin0_recobin0 acc 0.0085 eff 0.1278 outinratio 0.251 

ggH126_4e_pTj2_genbin1_recobin0 acc 0.0215 eff 0.1068 outinratio 0.0519 

VBFH126_4e_pTj2_genbin1_recobin0 acc 0.0864 eff 0.0962 outinratio 0.0314 

WminusH126_4e_pTj2_genbin1_recobin0 acc 0.0682 eff 0.1644 outinratio 0.0309 

WplusH126_4e_pTj2_genbin1_recobin0 acc 0.051 eff 0.0687 outinratio 0.0592 

ZH126_4e_pTj2_genbin1_recobin0 acc 0.0682 eff 0.0832 outinratio 0.0914 

ttH126_4e_pTj2_genbin1_recobin0 acc 0.0175 eff 0.036 outinratio 0.251 

ggH126_4e_pTj2_genbin2_recobin0 acc 0.0098 eff 0.0219 outinratio 0.0519 

VBFH126_4e_pTj2_genbin2_recobin0 acc 0.0676 eff 0.0398 outinratio 0.0314 

WminusH126_4e_pTj2_genbin2_recobin0 acc 0.0371 eff 0.0 outinratio 0.0309 

WplusH126_4e_pTj2_genbin2_recobin0 acc 0.0375 eff 0.012 outinratio 0.0592 

ZH126_4e_pTj2_genbin2_recobin0 acc 0.0391 eff 0.0151 outinratio 0.0914 

ttH126_4e_pTj2_genbin2_recobin0 acc 0.0436 eff 0.0062 outinratio 0.251 

ggH126_4e_pTj2_genbin3_recobin0 acc 0.0111 eff 0.0033 outinratio 0.0519 

VBFH126_4e_pTj2_genbin3_recobin0 acc 0.0766 eff 0.0146 outinratio 0.0314 

WminusH126_4e_pTj2_genbin3_recobin0 acc 0.0482 eff 0.0 outinratio 0.0309 

WplusH126_4e_pTj2_genbin3_recobin0 acc 0.0451 eff 0.0007 outinratio 0.0592 

ZH126_4e_pTj2_genbin3_recobin0 acc 0.0505 eff 0.0061 outinratio 0.0914 

ttH126_4e_pTj2_genbin3_recobin0 acc 0.2395 eff 0.0005 outinratio 0.251 

ggH126_4e_pTj2_genbin0_recobin1 acc 0.35 eff 0.0121 outinratio 0.0583 

VBFH126_4e_pTj2_genbin0_recobin1 acc 0.205 eff 0.0448 outinratio 0.037 

WminusH126_4e_pTj2_genbin0_recobin1 acc 0.2085 eff 0.0357 outinratio 0.0949 

WplusH126_4e_pTj2_genbin0_recobin1 acc 0.1731 eff 0.0356 outinratio 0.072 

ZH126_4e_pTj2_genbin0_recobin1 acc 0.1766 eff 0.0319 outinratio 0.0557 

ttH126_4e_pTj2_genbin0_recobin1 acc 0.0085 eff 0.0569 outinratio 0.1328 

ggH126_4e_pTj2_genbin1_recobin1 acc 0.0215 eff 0.177 outinratio 0.0583 

VBFH126_4e_pTj2_genbin1_recobin1 acc 0.0864 eff 0.1729 outinratio 0.037 

WminusH126_4e_pTj2_genbin1_recobin1 acc 0.0682 eff 0.1361 outinratio 0.0949 

WplusH126_4e_pTj2_genbin1_recobin1 acc 0.051 eff 0.1976 outinratio 0.072 

ZH126_4e_pTj2_genbin1_recobin1 acc 0.0682 eff 0.2175 outinratio 0.0557 

ttH126_4e_pTj2_genbin1_recobin1 acc 0.0175 eff 0.1544 outinratio 0.1328 

ggH126_4e_pTj2_genbin2_recobin1 acc 0.0098 eff 0.0962 outinratio 0.0583 

VBFH126_4e_pTj2_genbin2_recobin1 acc 0.0676 eff 0.0633 outinratio 0.037 

WminusH126_4e_pTj2_genbin2_recobin1 acc 0.0371 eff 0.0225 outinratio 0.0949 

WplusH126_4e_pTj2_genbin2_recobin1 acc 0.0375 eff 0.0676 outinratio 0.072 

ZH126_4e_pTj2_genbin2_recobin1 acc 0.0391 eff 0.0488 outinratio 0.0557 

ttH126_4e_pTj2_genbin2_recobin1 acc 0.0436 eff 0.0288 outinratio 0.1328 

ggH126_4e_pTj2_genbin3_recobin1 acc 0.0111 eff 0.0102 outinratio 0.0583 

VBFH126_4e_pTj2_genbin3_recobin1 acc 0.0766 eff 0.0056 outinratio 0.037 

WminusH126_4e_pTj2_genbin3_recobin1 acc 0.0482 eff 0.0076 outinratio 0.0949 

WplusH126_4e_pTj2_genbin3_recobin1 acc 0.0451 eff 0.0066 outinratio 0.072 

ZH126_4e_pTj2_genbin3_recobin1 acc 0.0505 eff 0.0008 outinratio 0.0557 

ttH126_4e_pTj2_genbin3_recobin1 acc 0.2395 eff 0.0017 outinratio 0.1328 

ggH126_4e_pTj2_genbin0_recobin2 acc 0.35 eff 0.0016 outinratio 0.0753 

VBFH126_4e_pTj2_genbin0_recobin2 acc 0.205 eff 0.0094 outinratio 0.0329 

WminusH126_4e_pTj2_genbin0_recobin2 acc 0.2085 eff 0.0107 outinratio 0.1002 

WplusH126_4e_pTj2_genbin0_recobin2 acc 0.1731 eff 0.0073 outinratio 0.0744 

ZH126_4e_pTj2_genbin0_recobin2 acc 0.1766 eff 0.0094 outinratio 0.0721 

ttH126_4e_pTj2_genbin0_recobin2 acc 0.0085 eff 0.0661 outinratio 0.1487 

ggH126_4e_pTj2_genbin1_recobin2 acc 0.0215 eff 0.0563 outinratio 0.0753 

VBFH126_4e_pTj2_genbin1_recobin2 acc 0.0864 eff 0.078 outinratio 0.0329 

WminusH126_4e_pTj2_genbin1_recobin2 acc 0.0682 eff 0.0506 outinratio 0.1002 

WplusH126_4e_pTj2_genbin1_recobin2 acc 0.051 eff 0.0483 outinratio 0.0744 

ZH126_4e_pTj2_genbin1_recobin2 acc 0.0682 eff 0.0664 outinratio 0.0721 

ttH126_4e_pTj2_genbin1_recobin2 acc 0.0175 eff 0.0932 outinratio 0.1487 

ggH126_4e_pTj2_genbin2_recobin2 acc 0.0098 eff 0.1945 outinratio 0.0753 

VBFH126_4e_pTj2_genbin2_recobin2 acc 0.0676 eff 0.172 outinratio 0.0329 

WminusH126_4e_pTj2_genbin2_recobin2 acc 0.0371 eff 0.2404 outinratio 0.1002 

WplusH126_4e_pTj2_genbin2_recobin2 acc 0.0375 eff 0.2053 outinratio 0.0744 

ZH126_4e_pTj2_genbin2_recobin2 acc 0.0391 eff 0.1956 outinratio 0.0721 

ttH126_4e_pTj2_genbin2_recobin2 acc 0.0436 eff 0.1932 outinratio 0.1487 

ggH126_4e_pTj2_genbin3_recobin2 acc 0.0111 eff 0.0459 outinratio 0.0753 

VBFH126_4e_pTj2_genbin3_recobin2 acc 0.0766 eff 0.0419 outinratio 0.0329 

WminusH126_4e_pTj2_genbin3_recobin2 acc 0.0482 eff 0.0548 outinratio 0.1002 

WplusH126_4e_pTj2_genbin3_recobin2 acc 0.0451 eff 0.0393 outinratio 0.0744 

ZH126_4e_pTj2_genbin3_recobin2 acc 0.0505 eff 0.0373 outinratio 0.0721 

ttH126_4e_pTj2_genbin3_recobin2 acc 0.2395 eff 0.0191 outinratio 0.1487 

ggH126_4e_pTj2_genbin0_recobin3 acc 0.35 eff 0.0006 outinratio 0.041 

VBFH126_4e_pTj2_genbin0_recobin3 acc 0.205 eff 0.0035 outinratio 0.0393 

WminusH126_4e_pTj2_genbin0_recobin3 acc 0.2085 eff 0.0039 outinratio 0.0953 

WplusH126_4e_pTj2_genbin0_recobin3 acc 0.1731 eff 0.0018 outinratio 0.1164 

ZH126_4e_pTj2_genbin0_recobin3 acc 0.1766 eff 0.0074 outinratio 0.073 

ttH126_4e_pTj2_genbin0_recobin3 acc 0.0085 eff 0.1113 outinratio 0.2178 

ggH126_4e_pTj2_genbin1_recobin3 acc 0.0215 eff 0.0086 outinratio 0.041 

VBFH126_4e_pTj2_genbin1_recobin3 acc 0.0864 eff 0.006 outinratio 0.0393 

WminusH126_4e_pTj2_genbin1_recobin3 acc 0.0682 eff 0.0107 outinratio 0.0953 

WplusH126_4e_pTj2_genbin1_recobin3 acc 0.051 eff 0.0115 outinratio 0.1164 

ZH126_4e_pTj2_genbin1_recobin3 acc 0.0682 eff 0.0047 outinratio 0.073 

ttH126_4e_pTj2_genbin1_recobin3 acc 0.0175 eff 0.0593 outinratio 0.2178 

ggH126_4e_pTj2_genbin2_recobin3 acc 0.0098 eff 0.0658 outinratio 0.041 

VBFH126_4e_pTj2_genbin2_recobin3 acc 0.0676 eff 0.0871 outinratio 0.0393 

WminusH126_4e_pTj2_genbin2_recobin3 acc 0.0371 eff 0.0945 outinratio 0.0953 

WplusH126_4e_pTj2_genbin2_recobin3 acc 0.0375 eff 0.0667 outinratio 0.1164 

ZH126_4e_pTj2_genbin2_recobin3 acc 0.0391 eff 0.0858 outinratio 0.073 

ttH126_4e_pTj2_genbin2_recobin3 acc 0.0436 eff 0.1342 outinratio 0.2178 

ggH126_4e_pTj2_genbin3_recobin3 acc 0.0111 eff 0.3187 outinratio 0.041 

VBFH126_4e_pTj2_genbin3_recobin3 acc 0.0766 eff 0.2985 outinratio 0.0393 

WminusH126_4e_pTj2_genbin3_recobin3 acc 0.0482 eff 0.3169 outinratio 0.0953 

WplusH126_4e_pTj2_genbin3_recobin3 acc 0.0451 eff 0.2958 outinratio 0.1164 

ZH126_4e_pTj2_genbin3_recobin3 acc 0.0505 eff 0.3281 outinratio 0.073 

ttH126_4e_pTj2_genbin3_recobin3 acc 0.2395 eff 0.3184 outinratio 0.2178 

ggH126_4mu_pTj2_genbin0_recobin0 acc 0.3847 eff 0.773 outinratio 0.0475 

VBFH126_4mu_pTj2_genbin0_recobin0 acc 0.2277 eff 0.6795 outinratio 0.0283 

WminusH126_4mu_pTj2_genbin0_recobin0 acc 0.2458 eff 0.6512 outinratio 0.0337 

WplusH126_4mu_pTj2_genbin0_recobin0 acc 0.1807 eff 0.6681 outinratio 0.0549 

ZH126_4mu_pTj2_genbin0_recobin0 acc 0.1944 eff 0.686 outinratio 0.0961 

ttH126_4mu_pTj2_genbin0_recobin0 acc 0.0078 eff 0.3561 outinratio 0.1016 

ggH126_4mu_pTj2_genbin1_recobin0 acc 0.0244 eff 0.2189 outinratio 0.0475 

VBFH126_4mu_pTj2_genbin1_recobin0 acc 0.0941 eff 0.2334 outinratio 0.0283 

WminusH126_4mu_pTj2_genbin1_recobin0 acc 0.0605 eff 0.2701 outinratio 0.0337 

WplusH126_4mu_pTj2_genbin1_recobin0 acc 0.0629 eff 0.1972 outinratio 0.0549 

ZH126_4mu_pTj2_genbin1_recobin0 acc 0.0666 eff 0.224 outinratio 0.0961 

ttH126_4mu_pTj2_genbin1_recobin0 acc 0.0177 eff 0.0676 outinratio 0.1016 

ggH126_4mu_pTj2_genbin2_recobin0 acc 0.0114 eff 0.0513 outinratio 0.0475 

VBFH126_4mu_pTj2_genbin2_recobin0 acc 0.0757 eff 0.0795 outinratio 0.0283 

WminusH126_4mu_pTj2_genbin2_recobin0 acc 0.0521 eff 0.0308 outinratio 0.0337 

WplusH126_4mu_pTj2_genbin2_recobin0 acc 0.0342 eff 0.0289 outinratio 0.0549 

ZH126_4mu_pTj2_genbin2_recobin0 acc 0.0425 eff 0.0369 outinratio 0.0961 

ttH126_4mu_pTj2_genbin2_recobin0 acc 0.0506 eff 0.006 outinratio 0.1016 

ggH126_4mu_pTj2_genbin3_recobin0 acc 0.0117 eff 0.0111 outinratio 0.0475 

VBFH126_4mu_pTj2_genbin3_recobin0 acc 0.086 eff 0.0373 outinratio 0.0283 

WminusH126_4mu_pTj2_genbin3_recobin0 acc 0.0452 eff 0.0087 outinratio 0.0337 

WplusH126_4mu_pTj2_genbin3_recobin0 acc 0.0542 eff 0.0058 outinratio 0.0549 

ZH126_4mu_pTj2_genbin3_recobin0 acc 0.0563 eff 0.0155 outinratio 0.0961 

ttH126_4mu_pTj2_genbin3_recobin0 acc 0.2658 eff 0.0005 outinratio 0.1016 

ggH126_4mu_pTj2_genbin0_recobin1 acc 0.3847 eff 0.0321 outinratio 0.0553 

VBFH126_4mu_pTj2_genbin0_recobin1 acc 0.2277 eff 0.0983 outinratio 0.0413 

WminusH126_4mu_pTj2_genbin0_recobin1 acc 0.2458 eff 0.0836 outinratio 0.1443 

WplusH126_4mu_pTj2_genbin0_recobin1 acc 0.1807 eff 0.0911 outinratio 0.0528 

ZH126_4mu_pTj2_genbin0_recobin1 acc 0.1944 eff 0.0951 outinratio 0.0693 

ttH126_4mu_pTj2_genbin0_recobin1 acc 0.0078 eff 0.1303 outinratio 0.1722 

ggH126_4mu_pTj2_genbin1_recobin1 acc 0.0244 eff 0.4608 outinratio 0.0553 

VBFH126_4mu_pTj2_genbin1_recobin1 acc 0.0941 eff 0.3919 outinratio 0.0413 

WminusH126_4mu_pTj2_genbin1_recobin1 acc 0.0605 eff 0.4986 outinratio 0.1443 

WplusH126_4mu_pTj2_genbin1_recobin1 acc 0.0629 eff 0.4527 outinratio 0.0528 

ZH126_4mu_pTj2_genbin1_recobin1 acc 0.0666 eff 0.4613 outinratio 0.0693 

ttH126_4mu_pTj2_genbin1_recobin1 acc 0.0177 eff 0.3581 outinratio 0.1722 

ggH126_4mu_pTj2_genbin2_recobin1 acc 0.0114 eff 0.2281 outinratio 0.0553 

VBFH126_4mu_pTj2_genbin2_recobin1 acc 0.0757 eff 0.1304 outinratio 0.0413 

WminusH126_4mu_pTj2_genbin2_recobin1 acc 0.0521 eff 0.126 outinratio 0.1443 

WplusH126_4mu_pTj2_genbin2_recobin1 acc 0.0342 eff 0.1628 outinratio 0.0528 

ZH126_4mu_pTj2_genbin2_recobin1 acc 0.0425 eff 0.1773 outinratio 0.0693 

ttH126_4mu_pTj2_genbin2_recobin1 acc 0.0506 eff 0.0941 outinratio 0.1722 

ggH126_4mu_pTj2_genbin3_recobin1 acc 0.0117 eff 0.0099 outinratio 0.0553 

VBFH126_4mu_pTj2_genbin3_recobin1 acc 0.086 eff 0.0176 outinratio 0.0413 

WminusH126_4mu_pTj2_genbin3_recobin1 acc 0.0452 eff 0.0267 outinratio 0.1443 

WplusH126_4mu_pTj2_genbin3_recobin1 acc 0.0542 eff 0.012 outinratio 0.0528 

ZH126_4mu_pTj2_genbin3_recobin1 acc 0.0563 eff 0.0134 outinratio 0.0693 

ttH126_4mu_pTj2_genbin3_recobin1 acc 0.2658 eff 0.0034 outinratio 0.1722 

ggH126_4mu_pTj2_genbin0_recobin2 acc 0.3847 eff 0.0042 outinratio 0.0529 

VBFH126_4mu_pTj2_genbin0_recobin2 acc 0.2277 eff 0.0259 outinratio 0.0344 

WminusH126_4mu_pTj2_genbin0_recobin2 acc 0.2458 eff 0.0308 outinratio 0.0756 

WplusH126_4mu_pTj2_genbin0_recobin2 acc 0.1807 eff 0.0201 outinratio 0.0839 

ZH126_4mu_pTj2_genbin0_recobin2 acc 0.1944 eff 0.0197 outinratio 0.0822 

ttH126_4mu_pTj2_genbin0_recobin2 acc 0.0078 eff 0.0701 outinratio 0.1679 

ggH126_4mu_pTj2_genbin1_recobin2 acc 0.0244 eff 0.1044 outinratio 0.0529 

VBFH126_4mu_pTj2_genbin1_recobin2 acc 0.0941 eff 0.182 outinratio 0.0344 

WminusH126_4mu_pTj2_genbin1_recobin2 acc 0.0605 eff 0.0426 outinratio 0.0756 

WplusH126_4mu_pTj2_genbin1_recobin2 acc 0.0629 eff 0.1614 outinratio 0.0839 

ZH126_4mu_pTj2_genbin1_recobin2 acc 0.0666 eff 0.1536 outinratio 0.0822 

ttH126_4mu_pTj2_genbin1_recobin2 acc 0.0177 eff 0.2248 outinratio 0.1679 

ggH126_4mu_pTj2_genbin2_recobin2 acc 0.0114 eff 0.4084 outinratio 0.0529 

VBFH126_4mu_pTj2_genbin2_recobin2 acc 0.0757 eff 0.4228 outinratio 0.0344 

WminusH126_4mu_pTj2_genbin2_recobin2 acc 0.0521 eff 0.4502 outinratio 0.0756 

WplusH126_4mu_pTj2_genbin2_recobin2 acc 0.0342 eff 0.3966 outinratio 0.0839 

ZH126_4mu_pTj2_genbin2_recobin2 acc 0.0425 eff 0.4148 outinratio 0.0822 

ttH126_4mu_pTj2_genbin2_recobin2 acc 0.0506 eff 0.4107 outinratio 0.1679 

ggH126_4mu_pTj2_genbin3_recobin2 acc 0.0117 eff 0.117 outinratio 0.0529 

VBFH126_4mu_pTj2_genbin3_recobin2 acc 0.086 eff 0.09 outinratio 0.0344 

WminusH126_4mu_pTj2_genbin3_recobin2 acc 0.0452 eff 0.113 outinratio 0.0756 

WplusH126_4mu_pTj2_genbin3_recobin2 acc 0.0542 eff 0.0367 outinratio 0.0839 

ZH126_4mu_pTj2_genbin3_recobin2 acc 0.0563 eff 0.0946 outinratio 0.0822 

ttH126_4mu_pTj2_genbin3_recobin2 acc 0.2658 eff 0.0421 outinratio 0.1679 

ggH126_4mu_pTj2_genbin0_recobin3 acc 0.3847 eff 0.0017 outinratio 0.0602 

VBFH126_4mu_pTj2_genbin0_recobin3 acc 0.2277 eff 0.0098 outinratio 0.0367 

WminusH126_4mu_pTj2_genbin0_recobin3 acc 0.2458 eff 0.0045 outinratio 0.0633 

WplusH126_4mu_pTj2_genbin0_recobin3 acc 0.1807 eff 0.0086 outinratio 0.0748 

ZH126_4mu_pTj2_genbin0_recobin3 acc 0.1944 eff 0.0065 outinratio 0.0848 

ttH126_4mu_pTj2_genbin0_recobin3 acc 0.0078 eff 0.2154 outinratio 0.1385 

ggH126_4mu_pTj2_genbin1_recobin3 acc 0.0244 eff 0.0098 outinratio 0.0602 

VBFH126_4mu_pTj2_genbin1_recobin3 acc 0.0941 eff 0.0141 outinratio 0.0367 

WminusH126_4mu_pTj2_genbin1_recobin3 acc 0.0605 eff 0.0337 outinratio 0.0633 

WplusH126_4mu_pTj2_genbin1_recobin3 acc 0.0629 eff 0.0115 outinratio 0.0748 

ZH126_4mu_pTj2_genbin1_recobin3 acc 0.0666 eff 0.0099 outinratio 0.0848 

ttH126_4mu_pTj2_genbin1_recobin3 acc 0.0177 eff 0.1524 outinratio 0.1385 

ggH126_4mu_pTj2_genbin2_recobin3 acc 0.0114 eff 0.1378 outinratio 0.0602 

VBFH126_4mu_pTj2_genbin2_recobin3 acc 0.0757 eff 0.1879 outinratio 0.0367 

WminusH126_4mu_pTj2_genbin2_recobin3 acc 0.0521 eff 0.1062 outinratio 0.0633 

WplusH126_4mu_pTj2_genbin2_recobin3 acc 0.0342 eff 0.1885 outinratio 0.0748 

ZH126_4mu_pTj2_genbin2_recobin3 acc 0.0425 eff 0.1642 outinratio 0.0848 

ttH126_4mu_pTj2_genbin2_recobin3 acc 0.0506 eff 0.2833 outinratio 0.1385 

ggH126_4mu_pTj2_genbin3_recobin3 acc 0.0117 eff 0.722 outinratio 0.0602 

VBFH126_4mu_pTj2_genbin3_recobin3 acc 0.086 eff 0.6774 outinratio 0.0367 

WminusH126_4mu_pTj2_genbin3_recobin3 acc 0.0452 eff 0.6448 outinratio 0.0633 

WplusH126_4mu_pTj2_genbin3_recobin3 acc 0.0542 eff 0.7485 outinratio 0.0748 

ZH126_4mu_pTj2_genbin3_recobin3 acc 0.0563 eff 0.6758 outinratio 0.0848 

ttH126_4mu_pTj2_genbin3_recobin3 acc 0.2658 eff 0.7409 outinratio 0.1385 

ggH126_2e2mu_pTj2_genbin0_recobin0 acc 0.3576 eff 0.4935 outinratio 0.0522 

VBFH126_2e2mu_pTj2_genbin0_recobin0 acc 0.209 eff 0.4455 outinratio 0.036 

WminusH126_2e2mu_pTj2_genbin0_recobin0 acc 0.2013 eff 0.4404 outinratio 0.051 

WplusH126_2e2mu_pTj2_genbin0_recobin0 acc 0.1704 eff 0.4163 outinratio 0.0785 

ZH126_2e2mu_pTj2_genbin0_recobin0 acc 0.1778 eff 0.4507 outinratio 0.0812 

ttH126_2e2mu_pTj2_genbin0_recobin0 acc 0.0082 eff 0.2068 outinratio 0.1774 

ggH126_2e2mu_pTj2_genbin1_recobin0 acc 0.0226 eff 0.1447 outinratio 0.0522 

VBFH126_2e2mu_pTj2_genbin1_recobin0 acc 0.0878 eff 0.1487 outinratio 0.036 

WminusH126_2e2mu_pTj2_genbin1_recobin0 acc 0.0643 eff 0.1134 outinratio 0.051 

WplusH126_2e2mu_pTj2_genbin1_recobin0 acc 0.0552 eff 0.0916 outinratio 0.0785 

ZH126_2e2mu_pTj2_genbin1_recobin0 acc 0.0679 eff 0.1085 outinratio 0.0812 

ttH126_2e2mu_pTj2_genbin1_recobin0 acc 0.0159 eff 0.0516 outinratio 0.1774 

ggH126_2e2mu_pTj2_genbin2_recobin0 acc 0.0102 eff 0.0382 outinratio 0.0522 

VBFH126_2e2mu_pTj2_genbin2_recobin0 acc 0.0701 eff 0.0566 outinratio 0.036 

WminusH126_2e2mu_pTj2_genbin2_recobin0 acc 0.0343 eff 0.0 outinratio 0.051 

WplusH126_2e2mu_pTj2_genbin2_recobin0 acc 0.0343 eff 0.0095 outinratio 0.0785 

ZH126_2e2mu_pTj2_genbin2_recobin0 acc 0.0428 eff 0.0242 outinratio 0.0812 

ttH126_2e2mu_pTj2_genbin2_recobin0 acc 0.0465 eff 0.0038 outinratio 0.1774 

ggH126_2e2mu_pTj2_genbin3_recobin0 acc 0.0107 eff 0.009 outinratio 0.0522 

VBFH126_2e2mu_pTj2_genbin3_recobin0 acc 0.0786 eff 0.0263 outinratio 0.036 

WminusH126_2e2mu_pTj2_genbin3_recobin0 acc 0.0472 eff 0.0 outinratio 0.051 

WplusH126_2e2mu_pTj2_genbin3_recobin0 acc 0.0452 eff 0.0083 outinratio 0.0785 

ZH126_2e2mu_pTj2_genbin3_recobin0 acc 0.0548 eff 0.002 outinratio 0.0812 

ttH126_2e2mu_pTj2_genbin3_recobin0 acc 0.241 eff 0.0004 outinratio 0.1774 

ggH126_2e2mu_pTj2_genbin0_recobin1 acc 0.3576 eff 0.0192 outinratio 0.0636 

VBFH126_2e2mu_pTj2_genbin0_recobin1 acc 0.209 eff 0.0678 outinratio 0.0375 

WminusH126_2e2mu_pTj2_genbin0_recobin1 acc 0.2013 eff 0.0713 outinratio 0.1018 

WplusH126_2e2mu_pTj2_genbin0_recobin1 acc 0.1704 eff 0.0681 outinratio 0.0939 

ZH126_2e2mu_pTj2_genbin0_recobin1 acc 0.1778 eff 0.0558 outinratio 0.0882 

ttH126_2e2mu_pTj2_genbin0_recobin1 acc 0.0082 eff 0.1039 outinratio 0.1527 

ggH126_2e2mu_pTj2_genbin1_recobin1 acc 0.0226 eff 0.3022 outinratio 0.0636 

VBFH126_2e2mu_pTj2_genbin1_recobin1 acc 0.0878 eff 0.2648 outinratio 0.0375 

WminusH126_2e2mu_pTj2_genbin1_recobin1 acc 0.0643 eff 0.2966 outinratio 0.1018 

WplusH126_2e2mu_pTj2_genbin1_recobin1 acc 0.0552 eff 0.2781 outinratio 0.0939 

ZH126_2e2mu_pTj2_genbin1_recobin1 acc 0.0679 eff 0.2996 outinratio 0.0882 

ttH126_2e2mu_pTj2_genbin1_recobin1 acc 0.0159 eff 0.2183 outinratio 0.1527 

ggH126_2e2mu_pTj2_genbin2_recobin1 acc 0.0102 eff 0.122 outinratio 0.0636 

VBFH126_2e2mu_pTj2_genbin2_recobin1 acc 0.0701 eff 0.0888 outinratio 0.0375 

WminusH126_2e2mu_pTj2_genbin2_recobin1 acc 0.0343 eff 0.1154 outinratio 0.1018 

WplusH126_2e2mu_pTj2_genbin2_recobin1 acc 0.0343 eff 0.1036 outinratio 0.0939 

ZH126_2e2mu_pTj2_genbin2_recobin1 acc 0.0428 eff 0.1025 outinratio 0.0882 

ttH126_2e2mu_pTj2_genbin2_recobin1 acc 0.0465 eff 0.0521 outinratio 0.1527 

ggH126_2e2mu_pTj2_genbin3_recobin1 acc 0.0107 eff 0.0068 outinratio 0.0636 

VBFH126_2e2mu_pTj2_genbin3_recobin1 acc 0.0786 eff 0.0097 outinratio 0.0375 

WminusH126_2e2mu_pTj2_genbin3_recobin1 acc 0.0472 eff 0.0162 outinratio 0.1018 

WplusH126_2e2mu_pTj2_genbin3_recobin1 acc 0.0452 eff 0.0077 outinratio 0.0939 

ZH126_2e2mu_pTj2_genbin3_recobin1 acc 0.0548 eff 0.0095 outinratio 0.0882 

ttH126_2e2mu_pTj2_genbin3_recobin1 acc 0.241 eff 0.0027 outinratio 0.1527 

ggH126_2e2mu_pTj2_genbin0_recobin2 acc 0.3576 eff 0.0024 outinratio 0.0706 

VBFH126_2e2mu_pTj2_genbin0_recobin2 acc 0.209 eff 0.0174 outinratio 0.0369 

WminusH126_2e2mu_pTj2_genbin0_recobin2 acc 0.2013 eff 0.0073 outinratio 0.1129 

WplusH126_2e2mu_pTj2_genbin0_recobin2 acc 0.1704 eff 0.0106 outinratio 0.0728 

ZH126_2e2mu_pTj2_genbin0_recobin2 acc 0.1778 eff 0.0121 outinratio 0.0592 

ttH126_2e2mu_pTj2_genbin0_recobin2 acc 0.0082 eff 0.0602 outinratio 0.1496 

ggH126_2e2mu_pTj2_genbin1_recobin2 acc 0.0226 eff 0.0718 outinratio 0.0706 

VBFH126_2e2mu_pTj2_genbin1_recobin2 acc 0.0878 eff 0.1191 outinratio 0.0369 

WminusH126_2e2mu_pTj2_genbin1_recobin2 acc 0.0643 eff 0.07 outinratio 0.1129 

WplusH126_2e2mu_pTj2_genbin1_recobin2 acc 0.0552 eff 0.1184 outinratio 0.0728 

ZH126_2e2mu_pTj2_genbin1_recobin2 acc 0.0679 eff 0.0818 outinratio 0.0592 

ttH126_2e2mu_pTj2_genbin1_recobin2 acc 0.0159 eff 0.1201 outinratio 0.1496 

ggH126_2e2mu_pTj2_genbin2_recobin2 acc 0.0102 eff 0.3327 outinratio 0.0706 

VBFH126_2e2mu_pTj2_genbin2_recobin2 acc 0.0701 eff 0.2693 outinratio 0.0369 

WminusH126_2e2mu_pTj2_genbin2_recobin2 acc 0.0343 eff 0.3646 outinratio 0.1129 

WplusH126_2e2mu_pTj2_genbin2_recobin2 acc 0.0343 eff 0.265 outinratio 0.0728 

ZH126_2e2mu_pTj2_genbin2_recobin2 acc 0.0428 eff 0.2941 outinratio 0.0592 

ttH126_2e2mu_pTj2_genbin2_recobin2 acc 0.0465 eff 0.2876 outinratio 0.1496 

ggH126_2e2mu_pTj2_genbin3_recobin2 acc 0.0107 eff 0.0947 outinratio 0.0706 

VBFH126_2e2mu_pTj2_genbin3_recobin2 acc 0.0786 eff 0.0593 outinratio 0.0369 

WminusH126_2e2mu_pTj2_genbin3_recobin2 acc 0.0472 eff 0.0178 outinratio 0.1129 

WplusH126_2e2mu_pTj2_genbin3_recobin2 acc 0.0452 eff 0.0474 outinratio 0.0728 

ZH126_2e2mu_pTj2_genbin3_recobin2 acc 0.0548 eff 0.0657 outinratio 0.0592 

ttH126_2e2mu_pTj2_genbin3_recobin2 acc 0.241 eff 0.0279 outinratio 0.1496 

ggH126_2e2mu_pTj2_genbin0_recobin3 acc 0.3576 eff 0.0008 outinratio 0.0621 

VBFH126_2e2mu_pTj2_genbin0_recobin3 acc 0.209 eff 0.0055 outinratio 0.0385 

WminusH126_2e2mu_pTj2_genbin0_recobin3 acc 0.2013 eff 0.0163 outinratio 0.1318 

WplusH126_2e2mu_pTj2_genbin0_recobin3 acc 0.1704 eff 0.002 outinratio 0.0653 

ZH126_2e2mu_pTj2_genbin0_recobin3 acc 0.1778 eff 0.006 outinratio 0.0917 

ttH126_2e2mu_pTj2_genbin0_recobin3 acc 0.0082 eff 0.1269 outinratio 0.1653 

ggH126_2e2mu_pTj2_genbin1_recobin3 acc 0.0226 eff 0.0063 outinratio 0.0621 

VBFH126_2e2mu_pTj2_genbin1_recobin3 acc 0.0878 eff 0.0077 outinratio 0.0385 

WminusH126_2e2mu_pTj2_genbin1_recobin3 acc 0.0643 eff 0.0044 outinratio 0.1318 

WplusH126_2e2mu_pTj2_genbin1_recobin3 acc 0.0552 eff 0.011 outinratio 0.0653 

ZH126_2e2mu_pTj2_genbin1_recobin3 acc 0.0679 eff 0.0074 outinratio 0.0917 

ttH126_2e2mu_pTj2_genbin1_recobin3 acc 0.0159 eff 0.0825 outinratio 0.1653 

ggH126_2e2mu_pTj2_genbin2_recobin3 acc 0.0102 eff 0.0876 outinratio 0.0621 

VBFH126_2e2mu_pTj2_genbin2_recobin3 acc 0.0701 eff 0.1222 outinratio 0.0385 

WminusH126_2e2mu_pTj2_genbin2_recobin3 acc 0.0343 eff 0.0652 outinratio 0.1318 

WplusH126_2e2mu_pTj2_genbin2_recobin3 acc 0.0343 eff 0.1175 outinratio 0.0653 

ZH126_2e2mu_pTj2_genbin2_recobin3 acc 0.0428 eff 0.0961 outinratio 0.0917 

ttH126_2e2mu_pTj2_genbin2_recobin3 acc 0.0465 eff 0.1784 outinratio 0.1653 

ggH126_2e2mu_pTj2_genbin3_recobin3 acc 0.0107 eff 0.4285 outinratio 0.0621 

VBFH126_2e2mu_pTj2_genbin3_recobin3 acc 0.0786 eff 0.4612 outinratio 0.0385 

WminusH126_2e2mu_pTj2_genbin3_recobin3 acc 0.0472 eff 0.5006 outinratio 0.1318 

WplusH126_2e2mu_pTj2_genbin3_recobin3 acc 0.0452 eff 0.5069 outinratio 0.0653 

ZH126_2e2mu_pTj2_genbin3_recobin3 acc 0.0548 eff 0.4654 outinratio 0.0917 

ttH126_2e2mu_pTj2_genbin3_recobin3 acc 0.241 eff 0.4973 outinratio 0.1653 

Coeff fullNNLOPS
