Welcome in RunCoefficients!
OPT SPLIT
DEBUG opt.YEAR = 2022EE_1
It is a single-differential measurement, binning [-100.0, 30.0, 45.0, 62.0, 10000.0]
pTj2
Following observables extracted from dictionary: RECO =  pTj2  GEN =  GENpTj2
LUMI: 4.4454666666666665
ttH126 0.00016778591
Processing ggH126 2022EE_1
Signal created
Signal failed created
Processing VBFH126 2022EE_1
Signal created
Signal failed created
Processing WminusH126 2022EE_1
Signal created
Signal failed created
Processing WplusH126 2022EE_1
Signal created
Signal failed created
Processing ZH126 2022EE_1
Signal created
Signal failed created
Processing ttH126 2022EE_1
Signal created
Signal failed created
2022EE_1 SKIMMED df CREATED
2022EE_1 ggH126
2022EE_1 VBFH126
2022EE_1 WminusH126
2022EE_1 WplusH126
2022EE_1 ZH126
2022EE_1 ttH126
Dataframes created successfully
Coeff std
ggH126_4l_pTj2_genbin0_recobin0 acc 0.4033 eff 0.4727 outinratio 0.008 

VBFH126_4l_pTj2_genbin0_recobin0 acc 0.2893 eff 0.4454 outinratio 0.0095 

WminusH126_4l_pTj2_genbin0_recobin0 acc 0.2381 eff 0.408 outinratio 0.0219 

WplusH126_4l_pTj2_genbin0_recobin0 acc 0.2075 eff 0.4008 outinratio 0.0203 

ZH126_4l_pTj2_genbin0_recobin0 acc 0.2095 eff 0.4081 outinratio 0.0697 

ttH126_4l_pTj2_genbin0_recobin0 acc 0.0158 eff 0.1756 outinratio 0.1586 

ggH126_4l_pTj2_genbin1_recobin0 acc 0.02 eff 0.1482 outinratio 0.008 

VBFH126_4l_pTj2_genbin1_recobin0 acc 0.0483 eff 0.1731 outinratio 0.0095 

WminusH126_4l_pTj2_genbin1_recobin0 acc 0.0731 eff 0.1156 outinratio 0.0219 

WplusH126_4l_pTj2_genbin1_recobin0 acc 0.0607 eff 0.1158 outinratio 0.0203 

ZH126_4l_pTj2_genbin1_recobin0 acc 0.0724 eff 0.1329 outinratio 0.0697 

ttH126_4l_pTj2_genbin1_recobin0 acc 0.0296 eff 0.0462 outinratio 0.1586 

ggH126_4l_pTj2_genbin2_recobin0 acc 0.0111 eff 0.0498 outinratio 0.008 

VBFH126_4l_pTj2_genbin2_recobin0 acc 0.0654 eff 0.1066 outinratio 0.0095 

WminusH126_4l_pTj2_genbin2_recobin0 acc 0.0449 eff 0.0306 outinratio 0.0219 

WplusH126_4l_pTj2_genbin2_recobin0 acc 0.0423 eff 0.0258 outinratio 0.0203 

ZH126_4l_pTj2_genbin2_recobin0 acc 0.0477 eff 0.039 outinratio 0.0697 

ttH126_4l_pTj2_genbin2_recobin0 acc 0.0717 eff 0.0116 outinratio 0.1586 

ggH126_4l_pTj2_genbin3_recobin0 acc 0.0121 eff 0.0122 outinratio 0.008 

VBFH126_4l_pTj2_genbin3_recobin0 acc 0.0867 eff 0.0322 outinratio 0.0095 

WminusH126_4l_pTj2_genbin3_recobin0 acc 0.0565 eff 0.005 outinratio 0.0219 

WplusH126_4l_pTj2_genbin3_recobin0 acc 0.057 eff 0.0114 outinratio 0.0203 

ZH126_4l_pTj2_genbin3_recobin0 acc 0.0612 eff 0.0106 outinratio 0.0697 

ttH126_4l_pTj2_genbin3_recobin0 acc 0.3727 eff 0.0012 outinratio 0.1586 

ggH126_4l_pTj2_genbin0_recobin1 acc 0.4033 eff 0.0142 outinratio 0.004 

VBFH126_4l_pTj2_genbin0_recobin1 acc 0.2893 eff 0.0321 outinratio 0.0071 

WminusH126_4l_pTj2_genbin0_recobin1 acc 0.2381 eff 0.0472 outinratio 0.0138 

WplusH126_4l_pTj2_genbin0_recobin1 acc 0.2075 eff 0.0481 outinratio 0.0136 

ZH126_4l_pTj2_genbin0_recobin1 acc 0.2095 eff 0.0416 outinratio 0.0432 

ttH126_4l_pTj2_genbin0_recobin1 acc 0.0158 eff 0.0664 outinratio 0.0968 

ggH126_4l_pTj2_genbin1_recobin1 acc 0.02 eff 0.2774 outinratio 0.004 

VBFH126_4l_pTj2_genbin1_recobin1 acc 0.0483 eff 0.2257 outinratio 0.0071 

WminusH126_4l_pTj2_genbin1_recobin1 acc 0.0731 eff 0.2556 outinratio 0.0138 

WplusH126_4l_pTj2_genbin1_recobin1 acc 0.0607 eff 0.2587 outinratio 0.0136 

ZH126_4l_pTj2_genbin1_recobin1 acc 0.0724 eff 0.2413 outinratio 0.0432 

ttH126_4l_pTj2_genbin1_recobin1 acc 0.0296 eff 0.1379 outinratio 0.0968 

ggH126_4l_pTj2_genbin2_recobin1 acc 0.0111 eff 0.1194 outinratio 0.004 

VBFH126_4l_pTj2_genbin2_recobin1 acc 0.0654 eff 0.0538 outinratio 0.0071 

WminusH126_4l_pTj2_genbin2_recobin1 acc 0.0449 eff 0.0868 outinratio 0.0138 

WplusH126_4l_pTj2_genbin2_recobin1 acc 0.0423 eff 0.1046 outinratio 0.0136 

ZH126_4l_pTj2_genbin2_recobin1 acc 0.0477 eff 0.1049 outinratio 0.0432 

ttH126_4l_pTj2_genbin2_recobin1 acc 0.0717 eff 0.0545 outinratio 0.0968 

ggH126_4l_pTj2_genbin3_recobin1 acc 0.0121 eff 0.0134 outinratio 0.004 

VBFH126_4l_pTj2_genbin3_recobin1 acc 0.0867 eff 0.0151 outinratio 0.0071 

WminusH126_4l_pTj2_genbin3_recobin1 acc 0.0565 eff 0.0116 outinratio 0.0138 

WplusH126_4l_pTj2_genbin3_recobin1 acc 0.057 eff 0.0093 outinratio 0.0136 

ZH126_4l_pTj2_genbin3_recobin1 acc 0.0612 eff 0.0121 outinratio 0.0432 

ttH126_4l_pTj2_genbin3_recobin1 acc 0.3727 eff 0.0035 outinratio 0.0968 

ggH126_4l_pTj2_genbin0_recobin2 acc 0.4033 eff 0.003 outinratio 0.0064 

VBFH126_4l_pTj2_genbin0_recobin2 acc 0.2893 eff 0.0282 outinratio 0.0028 

WminusH126_4l_pTj2_genbin0_recobin2 acc 0.2381 eff 0.0122 outinratio 0.0154 

WplusH126_4l_pTj2_genbin0_recobin2 acc 0.2075 eff 0.0127 outinratio 0.0146 

ZH126_4l_pTj2_genbin0_recobin2 acc 0.2095 eff 0.0097 outinratio 0.0346 

ttH126_4l_pTj2_genbin0_recobin2 acc 0.0158 eff 0.0322 outinratio 0.0641 

ggH126_4l_pTj2_genbin1_recobin2 acc 0.02 eff 0.0758 outinratio 0.0064 

VBFH126_4l_pTj2_genbin1_recobin2 acc 0.0483 eff 0.1324 outinratio 0.0028 

WminusH126_4l_pTj2_genbin1_recobin2 acc 0.0731 eff 0.0989 outinratio 0.0154 

WplusH126_4l_pTj2_genbin1_recobin2 acc 0.0607 eff 0.0909 outinratio 0.0146 

ZH126_4l_pTj2_genbin1_recobin2 acc 0.0724 eff 0.0827 outinratio 0.0346 

ttH126_4l_pTj2_genbin1_recobin2 acc 0.0296 eff 0.1035 outinratio 0.0641 

ggH126_4l_pTj2_genbin2_recobin2 acc 0.0111 eff 0.2209 outinratio 0.0064 

VBFH126_4l_pTj2_genbin2_recobin2 acc 0.0654 eff 0.2347 outinratio 0.0028 

WminusH126_4l_pTj2_genbin2_recobin2 acc 0.0449 eff 0.2618 outinratio 0.0154 

WplusH126_4l_pTj2_genbin2_recobin2 acc 0.0423 eff 0.2644 outinratio 0.0146 

ZH126_4l_pTj2_genbin2_recobin2 acc 0.0477 eff 0.2448 outinratio 0.0346 

ttH126_4l_pTj2_genbin2_recobin2 acc 0.0717 eff 0.1722 outinratio 0.0641 

ggH126_4l_pTj2_genbin3_recobin2 acc 0.0121 eff 0.059 outinratio 0.0064 

VBFH126_4l_pTj2_genbin3_recobin2 acc 0.0867 eff 0.0654 outinratio 0.0028 

WminusH126_4l_pTj2_genbin3_recobin2 acc 0.0565 eff 0.0572 outinratio 0.0154 

WplusH126_4l_pTj2_genbin3_recobin2 acc 0.057 eff 0.0461 outinratio 0.0146 

ZH126_4l_pTj2_genbin3_recobin2 acc 0.0612 eff 0.0499 outinratio 0.0346 

ttH126_4l_pTj2_genbin3_recobin2 acc 0.3727 eff 0.0231 outinratio 0.0641 

ggH126_4l_pTj2_genbin0_recobin3 acc 0.4033 eff 0.0008 outinratio 0.008 

VBFH126_4l_pTj2_genbin0_recobin3 acc 0.2893 eff 0.0067 outinratio 0.0039 

WminusH126_4l_pTj2_genbin0_recobin3 acc 0.2381 eff 0.0055 outinratio 0.0085 

WplusH126_4l_pTj2_genbin0_recobin3 acc 0.2075 eff 0.0063 outinratio 0.0118 

ZH126_4l_pTj2_genbin0_recobin3 acc 0.2095 eff 0.0049 outinratio 0.0325 

ttH126_4l_pTj2_genbin0_recobin3 acc 0.0158 eff 0.0639 outinratio 0.0349 

ggH126_4l_pTj2_genbin1_recobin3 acc 0.02 eff 0.007 outinratio 0.008 

VBFH126_4l_pTj2_genbin1_recobin3 acc 0.0483 eff 0.0152 outinratio 0.0039 

WminusH126_4l_pTj2_genbin1_recobin3 acc 0.0731 eff 0.0093 outinratio 0.0085 

WplusH126_4l_pTj2_genbin1_recobin3 acc 0.0607 eff 0.012 outinratio 0.0118 

ZH126_4l_pTj2_genbin1_recobin3 acc 0.0724 eff 0.0099 outinratio 0.0325 

ttH126_4l_pTj2_genbin1_recobin3 acc 0.0296 eff 0.0468 outinratio 0.0349 

ggH126_4l_pTj2_genbin2_recobin3 acc 0.0111 eff 0.0969 outinratio 0.008 

VBFH126_4l_pTj2_genbin2_recobin3 acc 0.0654 eff 0.1491 outinratio 0.0039 

WminusH126_4l_pTj2_genbin2_recobin3 acc 0.0449 eff 0.1039 outinratio 0.0085 

WplusH126_4l_pTj2_genbin2_recobin3 acc 0.0423 eff 0.1094 outinratio 0.0118 

ZH126_4l_pTj2_genbin2_recobin3 acc 0.0477 eff 0.1046 outinratio 0.0325 

ttH126_4l_pTj2_genbin2_recobin3 acc 0.0717 eff 0.1305 outinratio 0.0349 

ggH126_4l_pTj2_genbin3_recobin3 acc 0.0121 eff 0.4463 outinratio 0.008 

VBFH126_4l_pTj2_genbin3_recobin3 acc 0.0867 eff 0.4443 outinratio 0.0039 

WminusH126_4l_pTj2_genbin3_recobin3 acc 0.0565 eff 0.4383 outinratio 0.0085 

WplusH126_4l_pTj2_genbin3_recobin3 acc 0.057 eff 0.4415 outinratio 0.0118 

ZH126_4l_pTj2_genbin3_recobin3 acc 0.0612 eff 0.4411 outinratio 0.0325 

ttH126_4l_pTj2_genbin3_recobin3 acc 0.3727 eff 0.3728 outinratio 0.0349 

ggH126_4e_pTj2_genbin0_recobin0 acc 0.3871 eff 0.3064 outinratio 0.0129 

VBFH126_4e_pTj2_genbin0_recobin0 acc 0.2781 eff 0.2976 outinratio 0.0207 

WminusH126_4e_pTj2_genbin0_recobin0 acc 0.2253 eff 0.2646 outinratio 0.0304 

WplusH126_4e_pTj2_genbin0_recobin0 acc 0.2005 eff 0.2672 outinratio 0.0222 

ZH126_4e_pTj2_genbin0_recobin0 acc 0.2004 eff 0.2751 outinratio 0.0707 

ttH126_4e_pTj2_genbin0_recobin0 acc 0.0159 eff 0.1278 outinratio 0.1124 

ggH126_4e_pTj2_genbin1_recobin0 acc 0.02 eff 0.0978 outinratio 0.0129 

VBFH126_4e_pTj2_genbin1_recobin0 acc 0.0446 eff 0.123 outinratio 0.0207 

WminusH126_4e_pTj2_genbin1_recobin0 acc 0.0724 eff 0.0792 outinratio 0.0304 

WplusH126_4e_pTj2_genbin1_recobin0 acc 0.0597 eff 0.0675 outinratio 0.0222 

ZH126_4e_pTj2_genbin1_recobin0 acc 0.0695 eff 0.0846 outinratio 0.0707 

ttH126_4e_pTj2_genbin1_recobin0 acc 0.031 eff 0.0181 outinratio 0.1124 

ggH126_4e_pTj2_genbin2_recobin0 acc 0.011 eff 0.0422 outinratio 0.0129 

VBFH126_4e_pTj2_genbin2_recobin0 acc 0.0601 eff 0.074 outinratio 0.0207 

WminusH126_4e_pTj2_genbin2_recobin0 acc 0.0421 eff 0.0233 outinratio 0.0304 

WplusH126_4e_pTj2_genbin2_recobin0 acc 0.0398 eff 0.0173 outinratio 0.0222 

ZH126_4e_pTj2_genbin2_recobin0 acc 0.0461 eff 0.0214 outinratio 0.0707 

ttH126_4e_pTj2_genbin2_recobin0 acc 0.0674 eff 0.006 outinratio 0.1124 

ggH126_4e_pTj2_genbin3_recobin0 acc 0.0116 eff 0.0245 outinratio 0.0129 

VBFH126_4e_pTj2_genbin3_recobin0 acc 0.082 eff 0.024 outinratio 0.0207 

WminusH126_4e_pTj2_genbin3_recobin0 acc 0.0564 eff 0.004 outinratio 0.0304 

WplusH126_4e_pTj2_genbin3_recobin0 acc 0.0549 eff 0.005 outinratio 0.0222 

ZH126_4e_pTj2_genbin3_recobin0 acc 0.0573 eff 0.0079 outinratio 0.0707 

ttH126_4e_pTj2_genbin3_recobin0 acc 0.3577 eff 0.0006 outinratio 0.1124 

ggH126_4e_pTj2_genbin0_recobin1 acc 0.3871 eff 0.0092 outinratio 0.0156 

VBFH126_4e_pTj2_genbin0_recobin1 acc 0.2781 eff 0.0206 outinratio 0.0 

WminusH126_4e_pTj2_genbin0_recobin1 acc 0.2253 eff 0.0302 outinratio 0.0224 

WplusH126_4e_pTj2_genbin0_recobin1 acc 0.2005 eff 0.0317 outinratio 0.0148 

ZH126_4e_pTj2_genbin0_recobin1 acc 0.2004 eff 0.0313 outinratio 0.05 

ttH126_4e_pTj2_genbin0_recobin1 acc 0.0159 eff 0.0314 outinratio 0.1188 

ggH126_4e_pTj2_genbin1_recobin1 acc 0.02 eff 0.1569 outinratio 0.0156 

VBFH126_4e_pTj2_genbin1_recobin1 acc 0.0446 eff 0.1666 outinratio 0.0 

WminusH126_4e_pTj2_genbin1_recobin1 acc 0.0724 eff 0.1691 outinratio 0.0224 

WplusH126_4e_pTj2_genbin1_recobin1 acc 0.0597 eff 0.1616 outinratio 0.0148 

ZH126_4e_pTj2_genbin1_recobin1 acc 0.0695 eff 0.1648 outinratio 0.05 

ttH126_4e_pTj2_genbin1_recobin1 acc 0.031 eff 0.0969 outinratio 0.1188 

ggH126_4e_pTj2_genbin2_recobin1 acc 0.011 eff 0.0761 outinratio 0.0156 

VBFH126_4e_pTj2_genbin2_recobin1 acc 0.0601 eff 0.0242 outinratio 0.0 

WminusH126_4e_pTj2_genbin2_recobin1 acc 0.0421 eff 0.0529 outinratio 0.0224 

WplusH126_4e_pTj2_genbin2_recobin1 acc 0.0398 eff 0.0856 outinratio 0.0148 

ZH126_4e_pTj2_genbin2_recobin1 acc 0.0461 eff 0.0796 outinratio 0.05 

ttH126_4e_pTj2_genbin2_recobin1 acc 0.0674 eff 0.0529 outinratio 0.1188 

ggH126_4e_pTj2_genbin3_recobin1 acc 0.0116 eff 0.0174 outinratio 0.0156 

VBFH126_4e_pTj2_genbin3_recobin1 acc 0.082 eff 0.0086 outinratio 0.0 

WminusH126_4e_pTj2_genbin3_recobin1 acc 0.0564 eff 0.0076 outinratio 0.0224 

WplusH126_4e_pTj2_genbin3_recobin1 acc 0.0549 eff 0.0073 outinratio 0.0148 

ZH126_4e_pTj2_genbin3_recobin1 acc 0.0573 eff 0.0069 outinratio 0.05 

ttH126_4e_pTj2_genbin3_recobin1 acc 0.3577 eff 0.0025 outinratio 0.1188 

ggH126_4e_pTj2_genbin0_recobin2 acc 0.3871 eff 0.0025 outinratio 0.0255 

VBFH126_4e_pTj2_genbin0_recobin2 acc 0.2781 eff 0.0179 outinratio 0.0162 

WminusH126_4e_pTj2_genbin0_recobin2 acc 0.2253 eff 0.006 outinratio 0.0129 

WplusH126_4e_pTj2_genbin0_recobin2 acc 0.2005 eff 0.007 outinratio 0.0108 

ZH126_4e_pTj2_genbin0_recobin2 acc 0.2004 eff 0.0063 outinratio 0.0441 

ttH126_4e_pTj2_genbin0_recobin2 acc 0.0159 eff 0.0286 outinratio 0.075 

ggH126_4e_pTj2_genbin1_recobin2 acc 0.02 eff 0.0619 outinratio 0.0255 

VBFH126_4e_pTj2_genbin1_recobin2 acc 0.0446 eff 0.1059 outinratio 0.0162 

WminusH126_4e_pTj2_genbin1_recobin2 acc 0.0724 eff 0.0709 outinratio 0.0129 

WplusH126_4e_pTj2_genbin1_recobin2 acc 0.0597 eff 0.0683 outinratio 0.0108 

ZH126_4e_pTj2_genbin1_recobin2 acc 0.0695 eff 0.0543 outinratio 0.0441 

ttH126_4e_pTj2_genbin1_recobin2 acc 0.031 eff 0.0885 outinratio 0.075 

ggH126_4e_pTj2_genbin2_recobin2 acc 0.011 eff 0.1643 outinratio 0.0255 

VBFH126_4e_pTj2_genbin2_recobin2 acc 0.0601 eff 0.1662 outinratio 0.0162 

WminusH126_4e_pTj2_genbin2_recobin2 acc 0.0421 eff 0.2027 outinratio 0.0129 

WplusH126_4e_pTj2_genbin2_recobin2 acc 0.0398 eff 0.1713 outinratio 0.0108 

ZH126_4e_pTj2_genbin2_recobin2 acc 0.0461 eff 0.1743 outinratio 0.0441 

ttH126_4e_pTj2_genbin2_recobin2 acc 0.0674 eff 0.1273 outinratio 0.075 

ggH126_4e_pTj2_genbin3_recobin2 acc 0.0116 eff 0.0361 outinratio 0.0255 

VBFH126_4e_pTj2_genbin3_recobin2 acc 0.082 eff 0.0435 outinratio 0.0162 

WminusH126_4e_pTj2_genbin3_recobin2 acc 0.0564 eff 0.0365 outinratio 0.0129 

WplusH126_4e_pTj2_genbin3_recobin2 acc 0.0549 eff 0.0318 outinratio 0.0108 

ZH126_4e_pTj2_genbin3_recobin2 acc 0.0573 eff 0.0317 outinratio 0.0441 

ttH126_4e_pTj2_genbin3_recobin2 acc 0.3577 eff 0.0152 outinratio 0.075 

ggH126_4e_pTj2_genbin0_recobin3 acc 0.3871 eff 0.0006 outinratio 0.0 

VBFH126_4e_pTj2_genbin0_recobin3 acc 0.2781 eff 0.0041 outinratio 0.0181 

WminusH126_4e_pTj2_genbin0_recobin3 acc 0.2253 eff 0.0059 outinratio 0.0136 

WplusH126_4e_pTj2_genbin0_recobin3 acc 0.2005 eff 0.0046 outinratio 0.0235 

ZH126_4e_pTj2_genbin0_recobin3 acc 0.2004 eff 0.0022 outinratio 0.0467 

ttH126_4e_pTj2_genbin0_recobin3 acc 0.0159 eff 0.0593 outinratio 0.0481 

ggH126_4e_pTj2_genbin1_recobin3 acc 0.02 eff 0.008 outinratio 0.0 

VBFH126_4e_pTj2_genbin1_recobin3 acc 0.0446 eff 0.0 outinratio 0.0181 

WminusH126_4e_pTj2_genbin1_recobin3 acc 0.0724 eff 0.0067 outinratio 0.0136 

WplusH126_4e_pTj2_genbin1_recobin3 acc 0.0597 eff 0.0068 outinratio 0.0235 

ZH126_4e_pTj2_genbin1_recobin3 acc 0.0695 eff 0.0097 outinratio 0.0467 

ttH126_4e_pTj2_genbin1_recobin3 acc 0.031 eff 0.0549 outinratio 0.0481 

ggH126_4e_pTj2_genbin2_recobin3 acc 0.011 eff 0.0464 outinratio 0.0 

VBFH126_4e_pTj2_genbin2_recobin3 acc 0.0601 eff 0.1041 outinratio 0.0181 

WminusH126_4e_pTj2_genbin2_recobin3 acc 0.0421 eff 0.0617 outinratio 0.0136 

WplusH126_4e_pTj2_genbin2_recobin3 acc 0.0398 eff 0.0851 outinratio 0.0235 

ZH126_4e_pTj2_genbin2_recobin3 acc 0.0461 eff 0.0832 outinratio 0.0467 

ttH126_4e_pTj2_genbin2_recobin3 acc 0.0674 eff 0.1093 outinratio 0.0481 

ggH126_4e_pTj2_genbin3_recobin3 acc 0.0116 eff 0.3006 outinratio 0.0 

VBFH126_4e_pTj2_genbin3_recobin3 acc 0.082 eff 0.3304 outinratio 0.0181 

WminusH126_4e_pTj2_genbin3_recobin3 acc 0.0564 eff 0.3206 outinratio 0.0136 

WplusH126_4e_pTj2_genbin3_recobin3 acc 0.0549 eff 0.3134 outinratio 0.0235 

ZH126_4e_pTj2_genbin3_recobin3 acc 0.0573 eff 0.3084 outinratio 0.0467 

ttH126_4e_pTj2_genbin3_recobin3 acc 0.3577 eff 0.277 outinratio 0.0481 

ggH126_4mu_pTj2_genbin0_recobin0 acc 0.4269 eff 0.6508 outinratio 0.0042 

VBFH126_4mu_pTj2_genbin0_recobin0 acc 0.3021 eff 0.618 outinratio 0.0049 

WminusH126_4mu_pTj2_genbin0_recobin0 acc 0.2564 eff 0.5524 outinratio 0.0168 

WplusH126_4mu_pTj2_genbin0_recobin0 acc 0.2221 eff 0.54 outinratio 0.0148 

ZH126_4mu_pTj2_genbin0_recobin0 acc 0.2225 eff 0.5429 outinratio 0.0708 

ttH126_4mu_pTj2_genbin0_recobin0 acc 0.0179 eff 0.2402 outinratio 0.145 

ggH126_4mu_pTj2_genbin1_recobin0 acc 0.0221 eff 0.1953 outinratio 0.0042 

VBFH126_4mu_pTj2_genbin1_recobin0 acc 0.0509 eff 0.2527 outinratio 0.0049 

WminusH126_4mu_pTj2_genbin1_recobin0 acc 0.078 eff 0.1635 outinratio 0.0168 

WplusH126_4mu_pTj2_genbin1_recobin0 acc 0.0659 eff 0.1509 outinratio 0.0148 

ZH126_4mu_pTj2_genbin1_recobin0 acc 0.0752 eff 0.1923 outinratio 0.0708 

ttH126_4mu_pTj2_genbin1_recobin0 acc 0.0314 eff 0.0696 outinratio 0.145 

ggH126_4mu_pTj2_genbin2_recobin0 acc 0.0125 eff 0.054 outinratio 0.0042 

VBFH126_4mu_pTj2_genbin2_recobin0 acc 0.0705 eff 0.1636 outinratio 0.0049 

WminusH126_4mu_pTj2_genbin2_recobin0 acc 0.0478 eff 0.0463 outinratio 0.0168 

WplusH126_4mu_pTj2_genbin2_recobin0 acc 0.0465 eff 0.0306 outinratio 0.0148 

ZH126_4mu_pTj2_genbin2_recobin0 acc 0.0498 eff 0.0576 outinratio 0.0708 

ttH126_4mu_pTj2_genbin2_recobin0 acc 0.0758 eff 0.0184 outinratio 0.145 

ggH126_4mu_pTj2_genbin3_recobin0 acc 0.0126 eff 0.0153 outinratio 0.0042 

VBFH126_4mu_pTj2_genbin3_recobin0 acc 0.0951 eff 0.0446 outinratio 0.0049 

WminusH126_4mu_pTj2_genbin3_recobin0 acc 0.0569 eff 0.0061 outinratio 0.0168 

WplusH126_4mu_pTj2_genbin3_recobin0 acc 0.0587 eff 0.0194 outinratio 0.0148 

ZH126_4mu_pTj2_genbin3_recobin0 acc 0.0653 eff 0.0136 outinratio 0.0708 

ttH126_4mu_pTj2_genbin3_recobin0 acc 0.395 eff 0.0024 outinratio 0.145 

ggH126_4mu_pTj2_genbin0_recobin1 acc 0.4269 eff 0.0205 outinratio 0.0023 

VBFH126_4mu_pTj2_genbin0_recobin1 acc 0.3021 eff 0.0371 outinratio 0.0061 

WminusH126_4mu_pTj2_genbin0_recobin1 acc 0.2564 eff 0.0624 outinratio 0.0094 

WplusH126_4mu_pTj2_genbin0_recobin1 acc 0.2221 eff 0.0606 outinratio 0.0099 

ZH126_4mu_pTj2_genbin0_recobin1 acc 0.2225 eff 0.0549 outinratio 0.0454 

ttH126_4mu_pTj2_genbin0_recobin1 acc 0.0179 eff 0.1324 outinratio 0.0827 

ggH126_4mu_pTj2_genbin1_recobin1 acc 0.0221 eff 0.3781 outinratio 0.0023 

VBFH126_4mu_pTj2_genbin1_recobin1 acc 0.0509 eff 0.313 outinratio 0.0061 

WminusH126_4mu_pTj2_genbin1_recobin1 acc 0.078 eff 0.3576 outinratio 0.0094 

WplusH126_4mu_pTj2_genbin1_recobin1 acc 0.0659 eff 0.3479 outinratio 0.0099 

ZH126_4mu_pTj2_genbin1_recobin1 acc 0.0752 eff 0.327 outinratio 0.0454 

ttH126_4mu_pTj2_genbin1_recobin1 acc 0.0314 eff 0.1786 outinratio 0.0827 

ggH126_4mu_pTj2_genbin2_recobin1 acc 0.0125 eff 0.1892 outinratio 0.0023 

VBFH126_4mu_pTj2_genbin2_recobin1 acc 0.0705 eff 0.1129 outinratio 0.0061 

WminusH126_4mu_pTj2_genbin2_recobin1 acc 0.0478 eff 0.1141 outinratio 0.0094 

WplusH126_4mu_pTj2_genbin2_recobin1 acc 0.0465 eff 0.1288 outinratio 0.0099 

ZH126_4mu_pTj2_genbin2_recobin1 acc 0.0498 eff 0.1322 outinratio 0.0454 

ttH126_4mu_pTj2_genbin2_recobin1 acc 0.0758 eff 0.0749 outinratio 0.0827 

ggH126_4mu_pTj2_genbin3_recobin1 acc 0.0126 eff 0.0177 outinratio 0.0023 

VBFH126_4mu_pTj2_genbin3_recobin1 acc 0.0951 eff 0.0218 outinratio 0.0061 

WminusH126_4mu_pTj2_genbin3_recobin1 acc 0.0569 eff 0.0186 outinratio 0.0094 

WplusH126_4mu_pTj2_genbin3_recobin1 acc 0.0587 eff 0.0113 outinratio 0.0099 

ZH126_4mu_pTj2_genbin3_recobin1 acc 0.0653 eff 0.0179 outinratio 0.0454 

ttH126_4mu_pTj2_genbin3_recobin1 acc 0.395 eff 0.0058 outinratio 0.0827 

ggH126_4mu_pTj2_genbin0_recobin2 acc 0.4269 eff 0.0034 outinratio 0.0 

VBFH126_4mu_pTj2_genbin0_recobin2 acc 0.3021 eff 0.0371 outinratio 0.0 

WminusH126_4mu_pTj2_genbin0_recobin2 acc 0.2564 eff 0.0179 outinratio 0.0164 

WplusH126_4mu_pTj2_genbin0_recobin2 acc 0.2221 eff 0.0197 outinratio 0.0071 

ZH126_4mu_pTj2_genbin0_recobin2 acc 0.2225 eff 0.0139 outinratio 0.0326 

ttH126_4mu_pTj2_genbin0_recobin2 acc 0.0179 eff 0.033 outinratio 0.0722 

ggH126_4mu_pTj2_genbin1_recobin2 acc 0.0221 eff 0.0956 outinratio 0.0 

VBFH126_4mu_pTj2_genbin1_recobin2 acc 0.0509 eff 0.1588 outinratio 0.0 

WminusH126_4mu_pTj2_genbin1_recobin2 acc 0.078 eff 0.121 outinratio 0.0164 

WplusH126_4mu_pTj2_genbin1_recobin2 acc 0.0659 eff 0.1389 outinratio 0.0071 

ZH126_4mu_pTj2_genbin1_recobin2 acc 0.0752 eff 0.121 outinratio 0.0326 

ttH126_4mu_pTj2_genbin1_recobin2 acc 0.0314 eff 0.1027 outinratio 0.0722 

ggH126_4mu_pTj2_genbin2_recobin2 acc 0.0125 eff 0.3088 outinratio 0.0 

VBFH126_4mu_pTj2_genbin2_recobin2 acc 0.0705 eff 0.2928 outinratio 0.0 

WminusH126_4mu_pTj2_genbin2_recobin2 acc 0.0478 eff 0.3258 outinratio 0.0164 

WplusH126_4mu_pTj2_genbin2_recobin2 acc 0.0465 eff 0.3623 outinratio 0.0071 

ZH126_4mu_pTj2_genbin2_recobin2 acc 0.0498 eff 0.3158 outinratio 0.0326 

ttH126_4mu_pTj2_genbin2_recobin2 acc 0.0758 eff 0.2203 outinratio 0.0722 

ggH126_4mu_pTj2_genbin3_recobin2 acc 0.0126 eff 0.0702 outinratio 0.0 

VBFH126_4mu_pTj2_genbin3_recobin2 acc 0.0951 eff 0.1 outinratio 0.0 

WminusH126_4mu_pTj2_genbin3_recobin2 acc 0.0569 eff 0.0725 outinratio 0.0164 

WplusH126_4mu_pTj2_genbin3_recobin2 acc 0.0587 eff 0.0731 outinratio 0.0071 

ZH126_4mu_pTj2_genbin3_recobin2 acc 0.0653 eff 0.0625 outinratio 0.0326 

ttH126_4mu_pTj2_genbin3_recobin2 acc 0.395 eff 0.032 outinratio 0.0722 

ggH126_4mu_pTj2_genbin0_recobin3 acc 0.4269 eff 0.0008 outinratio 0.0044 

VBFH126_4mu_pTj2_genbin0_recobin3 acc 0.3021 eff 0.0102 outinratio 0.0019 

WminusH126_4mu_pTj2_genbin0_recobin3 acc 0.2564 eff 0.0071 outinratio 0.0065 

WplusH126_4mu_pTj2_genbin0_recobin3 acc 0.2221 eff 0.0072 outinratio 0.0095 

ZH126_4mu_pTj2_genbin0_recobin3 acc 0.2225 eff 0.0052 outinratio 0.0255 

ttH126_4mu_pTj2_genbin0_recobin3 acc 0.0179 eff 0.072 outinratio 0.0304 

ggH126_4mu_pTj2_genbin1_recobin3 acc 0.0221 eff 0.0042 outinratio 0.0044 

VBFH126_4mu_pTj2_genbin1_recobin3 acc 0.0509 eff 0.045 outinratio 0.0019 

WminusH126_4mu_pTj2_genbin1_recobin3 acc 0.078 eff 0.0145 outinratio 0.0065 

WplusH126_4mu_pTj2_genbin1_recobin3 acc 0.0659 eff 0.015 outinratio 0.0095 

ZH126_4mu_pTj2_genbin1_recobin3 acc 0.0752 eff 0.0124 outinratio 0.0255 

ttH126_4mu_pTj2_genbin1_recobin3 acc 0.0314 eff 0.0337 outinratio 0.0304 

ggH126_4mu_pTj2_genbin2_recobin3 acc 0.0125 eff 0.115 outinratio 0.0044 

VBFH126_4mu_pTj2_genbin2_recobin3 acc 0.0705 eff 0.1505 outinratio 0.0019 

WminusH126_4mu_pTj2_genbin2_recobin3 acc 0.0478 eff 0.1558 outinratio 0.0065 

WplusH126_4mu_pTj2_genbin2_recobin3 acc 0.0465 eff 0.1299 outinratio 0.0095 

ZH126_4mu_pTj2_genbin2_recobin3 acc 0.0498 eff 0.1282 outinratio 0.0255 

ttH126_4mu_pTj2_genbin2_recobin3 acc 0.0758 eff 0.1617 outinratio 0.0304 

ggH126_4mu_pTj2_genbin3_recobin3 acc 0.0126 eff 0.575 outinratio 0.0044 

VBFH126_4mu_pTj2_genbin3_recobin3 acc 0.0951 eff 0.5701 outinratio 0.0019 

WminusH126_4mu_pTj2_genbin3_recobin3 acc 0.0569 eff 0.5872 outinratio 0.0065 

WplusH126_4mu_pTj2_genbin3_recobin3 acc 0.0587 eff 0.5622 outinratio 0.0095 

ZH126_4mu_pTj2_genbin3_recobin3 acc 0.0653 eff 0.5687 outinratio 0.0255 

ttH126_4mu_pTj2_genbin3_recobin3 acc 0.395 eff 0.468 outinratio 0.0304 

ggH126_2e2mu_pTj2_genbin0_recobin0 acc 0.3993 eff 0.4576 outinratio 0.0093 

VBFH126_2e2mu_pTj2_genbin0_recobin0 acc 0.2886 eff 0.4256 outinratio 0.0091 

WminusH126_2e2mu_pTj2_genbin0_recobin0 acc 0.235 eff 0.3957 outinratio 0.0232 

WplusH126_2e2mu_pTj2_genbin0_recobin0 acc 0.2033 eff 0.3894 outinratio 0.0242 

ZH126_2e2mu_pTj2_genbin0_recobin0 acc 0.2073 eff 0.3994 outinratio 0.0684 

ttH126_2e2mu_pTj2_genbin0_recobin0 acc 0.0145 eff 0.161 outinratio 0.1897 

ggH126_2e2mu_pTj2_genbin1_recobin0 acc 0.0189 eff 0.1475 outinratio 0.0093 

VBFH126_2e2mu_pTj2_genbin1_recobin0 acc 0.0489 eff 0.1529 outinratio 0.0091 

WminusH126_2e2mu_pTj2_genbin1_recobin0 acc 0.0708 eff 0.1067 outinratio 0.0232 

WplusH126_2e2mu_pTj2_genbin1_recobin0 acc 0.0585 eff 0.1213 outinratio 0.0242 

ZH126_2e2mu_pTj2_genbin1_recobin0 acc 0.0724 eff 0.1245 outinratio 0.0684 

ttH126_2e2mu_pTj2_genbin1_recobin0 acc 0.0279 eff 0.049 outinratio 0.1897 

ggH126_2e2mu_pTj2_genbin2_recobin0 acc 0.0103 eff 0.0516 outinratio 0.0093 

VBFH126_2e2mu_pTj2_genbin2_recobin0 acc 0.0656 eff 0.0895 outinratio 0.0091 

WminusH126_2e2mu_pTj2_genbin2_recobin0 acc 0.0448 eff 0.025 outinratio 0.0232 

WplusH126_2e2mu_pTj2_genbin2_recobin0 acc 0.0413 eff 0.0272 outinratio 0.0242 

ZH126_2e2mu_pTj2_genbin2_recobin0 acc 0.0475 eff 0.0378 outinratio 0.0684 

ttH126_2e2mu_pTj2_genbin2_recobin0 acc 0.0719 eff 0.0104 outinratio 0.1897 

ggH126_2e2mu_pTj2_genbin3_recobin0 acc 0.012 eff 0.0037 outinratio 0.0093 

VBFH126_2e2mu_pTj2_genbin3_recobin0 acc 0.0846 eff 0.029 outinratio 0.0091 

WminusH126_2e2mu_pTj2_genbin3_recobin0 acc 0.0564 eff 0.005 outinratio 0.0232 

WplusH126_2e2mu_pTj2_genbin3_recobin0 acc 0.0571 eff 0.0102 outinratio 0.0242 

ZH126_2e2mu_pTj2_genbin3_recobin0 acc 0.0611 eff 0.0101 outinratio 0.0684 

ttH126_2e2mu_pTj2_genbin3_recobin0 acc 0.3686 eff 0.0007 outinratio 0.1897 

ggH126_2e2mu_pTj2_genbin0_recobin1 acc 0.3993 eff 0.0132 outinratio 0.0015 

VBFH126_2e2mu_pTj2_genbin0_recobin1 acc 0.2886 eff 0.0354 outinratio 0.0105 

WminusH126_2e2mu_pTj2_genbin0_recobin1 acc 0.235 eff 0.0468 outinratio 0.0145 

WplusH126_2e2mu_pTj2_genbin0_recobin1 acc 0.2033 eff 0.0495 outinratio 0.0161 

ZH126_2e2mu_pTj2_genbin0_recobin1 acc 0.2073 eff 0.0392 outinratio 0.0389 

ttH126_2e2mu_pTj2_genbin0_recobin1 acc 0.0145 eff 0.043 outinratio 0.1 

ggH126_2e2mu_pTj2_genbin1_recobin1 acc 0.0189 eff 0.2831 outinratio 0.0015 

VBFH126_2e2mu_pTj2_genbin1_recobin1 acc 0.0489 eff 0.2056 outinratio 0.0105 

WminusH126_2e2mu_pTj2_genbin1_recobin1 acc 0.0708 eff 0.2416 outinratio 0.0145 

WplusH126_2e2mu_pTj2_genbin1_recobin1 acc 0.0585 eff 0.2578 outinratio 0.0161 

ZH126_2e2mu_pTj2_genbin1_recobin1 acc 0.0724 eff 0.2328 outinratio 0.0389 

ttH126_2e2mu_pTj2_genbin1_recobin1 acc 0.0279 eff 0.138 outinratio 0.1 

ggH126_2e2mu_pTj2_genbin2_recobin1 acc 0.0103 eff 0.0983 outinratio 0.0015 

VBFH126_2e2mu_pTj2_genbin2_recobin1 acc 0.0656 eff 0.0339 outinratio 0.0105 

WminusH126_2e2mu_pTj2_genbin2_recobin1 acc 0.0448 eff 0.0882 outinratio 0.0145 

WplusH126_2e2mu_pTj2_genbin2_recobin1 acc 0.0413 eff 0.0997 outinratio 0.0161 

ZH126_2e2mu_pTj2_genbin2_recobin1 acc 0.0475 eff 0.1027 outinratio 0.0389 

ttH126_2e2mu_pTj2_genbin2_recobin1 acc 0.0719 eff 0.0435 outinratio 0.1 

ggH126_2e2mu_pTj2_genbin3_recobin1 acc 0.012 eff 0.0088 outinratio 0.0015 

VBFH126_2e2mu_pTj2_genbin3_recobin1 acc 0.0846 eff 0.0145 outinratio 0.0105 

WminusH126_2e2mu_pTj2_genbin3_recobin1 acc 0.0564 eff 0.01 outinratio 0.0145 

WplusH126_2e2mu_pTj2_genbin3_recobin1 acc 0.0571 eff 0.0092 outinratio 0.0161 

ZH126_2e2mu_pTj2_genbin3_recobin1 acc 0.0611 eff 0.0113 outinratio 0.0389 

ttH126_2e2mu_pTj2_genbin3_recobin1 acc 0.3686 eff 0.0027 outinratio 0.1 

ggH126_2e2mu_pTj2_genbin0_recobin2 acc 0.3993 eff 0.0029 outinratio 0.003 

VBFH126_2e2mu_pTj2_genbin0_recobin2 acc 0.2886 eff 0.0287 outinratio 0.0 

WminusH126_2e2mu_pTj2_genbin0_recobin2 acc 0.235 eff 0.012 outinratio 0.0157 

WplusH126_2e2mu_pTj2_genbin0_recobin2 acc 0.2033 eff 0.0116 outinratio 0.0235 

ZH126_2e2mu_pTj2_genbin0_recobin2 acc 0.2073 eff 0.009 outinratio 0.0327 

ttH126_2e2mu_pTj2_genbin0_recobin2 acc 0.0145 eff 0.0339 outinratio 0.0535 

ggH126_2e2mu_pTj2_genbin1_recobin2 acc 0.0189 eff 0.0711 outinratio 0.003 

VBFH126_2e2mu_pTj2_genbin1_recobin2 acc 0.0489 eff 0.1308 outinratio 0.0 

WminusH126_2e2mu_pTj2_genbin1_recobin2 acc 0.0708 eff 0.1011 outinratio 0.0157 

WplusH126_2e2mu_pTj2_genbin1_recobin2 acc 0.0585 eff 0.0737 outinratio 0.0235 

ZH126_2e2mu_pTj2_genbin1_recobin2 acc 0.0724 eff 0.0758 outinratio 0.0327 

ttH126_2e2mu_pTj2_genbin1_recobin2 acc 0.0279 eff 0.1131 outinratio 0.0535 

ggH126_2e2mu_pTj2_genbin2_recobin2 acc 0.0103 eff 0.1955 outinratio 0.003 

VBFH126_2e2mu_pTj2_genbin2_recobin2 acc 0.0656 eff 0.2356 outinratio 0.0 

WminusH126_2e2mu_pTj2_genbin2_recobin2 acc 0.0448 eff 0.2543 outinratio 0.0157 

WplusH126_2e2mu_pTj2_genbin2_recobin2 acc 0.0413 eff 0.253 outinratio 0.0235 

ZH126_2e2mu_pTj2_genbin2_recobin2 acc 0.0475 eff 0.2415 outinratio 0.0327 

ttH126_2e2mu_pTj2_genbin2_recobin2 acc 0.0719 eff 0.1677 outinratio 0.0535 

ggH126_2e2mu_pTj2_genbin3_recobin2 acc 0.012 eff 0.0649 outinratio 0.003 

VBFH126_2e2mu_pTj2_genbin3_recobin2 acc 0.0846 eff 0.0558 outinratio 0.0 

WminusH126_2e2mu_pTj2_genbin3_recobin2 acc 0.0564 eff 0.0601 outinratio 0.0157 

WplusH126_2e2mu_pTj2_genbin3_recobin2 acc 0.0571 eff 0.0384 outinratio 0.0235 

ZH126_2e2mu_pTj2_genbin3_recobin2 acc 0.0611 eff 0.0518 outinratio 0.0327 

ttH126_2e2mu_pTj2_genbin3_recobin2 acc 0.3686 eff 0.0221 outinratio 0.0535 

ggH126_2e2mu_pTj2_genbin0_recobin3 acc 0.3993 eff 0.0008 outinratio 0.0134 

VBFH126_2e2mu_pTj2_genbin0_recobin3 acc 0.2886 eff 0.0062 outinratio 0.0 

WminusH126_2e2mu_pTj2_genbin0_recobin3 acc 0.235 eff 0.0044 outinratio 0.0081 

WplusH126_2e2mu_pTj2_genbin0_recobin3 acc 0.2033 eff 0.0067 outinratio 0.0091 

ZH126_2e2mu_pTj2_genbin0_recobin3 acc 0.2073 eff 0.0061 outinratio 0.0324 

ttH126_2e2mu_pTj2_genbin0_recobin3 acc 0.0145 eff 0.0612 outinratio 0.0327 

ggH126_2e2mu_pTj2_genbin1_recobin3 acc 0.0189 eff 0.0081 outinratio 0.0134 

VBFH126_2e2mu_pTj2_genbin1_recobin3 acc 0.0489 eff 0.0057 outinratio 0.0 

WminusH126_2e2mu_pTj2_genbin1_recobin3 acc 0.0708 eff 0.0075 outinratio 0.0081 

WplusH126_2e2mu_pTj2_genbin1_recobin3 acc 0.0585 eff 0.013 outinratio 0.0091 

ZH126_2e2mu_pTj2_genbin1_recobin3 acc 0.0724 eff 0.0086 outinratio 0.0324 

ttH126_2e2mu_pTj2_genbin1_recobin3 acc 0.0279 eff 0.0499 outinratio 0.0327 

ggH126_2e2mu_pTj2_genbin2_recobin3 acc 0.0103 eff 0.1145 outinratio 0.0134 

VBFH126_2e2mu_pTj2_genbin2_recobin3 acc 0.0656 eff 0.1715 outinratio 0.0 

WminusH126_2e2mu_pTj2_genbin2_recobin3 acc 0.0448 eff 0.0948 outinratio 0.0081 

WplusH126_2e2mu_pTj2_genbin2_recobin3 acc 0.0413 eff 0.1095 outinratio 0.0091 

ZH126_2e2mu_pTj2_genbin2_recobin3 acc 0.0475 eff 0.1025 outinratio 0.0324 

ttH126_2e2mu_pTj2_genbin2_recobin3 acc 0.0719 eff 0.1235 outinratio 0.0327 

ggH126_2e2mu_pTj2_genbin3_recobin3 acc 0.012 eff 0.4506 outinratio 0.0134 

VBFH126_2e2mu_pTj2_genbin3_recobin3 acc 0.0846 eff 0.4283 outinratio 0.0 

WminusH126_2e2mu_pTj2_genbin3_recobin3 acc 0.0564 eff 0.4192 outinratio 0.0081 

WplusH126_2e2mu_pTj2_genbin3_recobin3 acc 0.0571 eff 0.4407 outinratio 0.0091 

ZH126_2e2mu_pTj2_genbin3_recobin3 acc 0.0611 eff 0.4346 outinratio 0.0324 

ttH126_2e2mu_pTj2_genbin3_recobin3 acc 0.3686 eff 0.3682 outinratio 0.0327 

Coeff fullNNLOPS
