Welcome in RunCoefficients!
OPT SPLIT
DEBUG opt.YEAR = 2022EE_3
It is a single-differential measurement, binning [105.0, 160.0]
ZZMass
Following observables extracted from dictionary: RECO =  ZZMass  GEN =  GENmass4l
LUMI: 4.4454666666666665
ttH126 0.0001677859
Processing ggH126 2022EE_3
Signal created
Signal failed created
Processing VBFH126 2022EE_3
Signal created
Signal failed created
Processing WminusH126 2022EE_3
Signal created
Signal failed created
Processing WplusH126 2022EE_3
Signal created
Signal failed created
Processing ZH126 2022EE_3
Signal created
Signal failed created
Processing ttH126 2022EE_3
Signal created
Signal failed created
2022EE_3 SKIMMED df CREATED
2022EE_3 ggH126
2022EE_3 VBFH126
2022EE_3 WminusH126
2022EE_3 WplusH126
2022EE_3 ZH126
2022EE_3 ttH126
Dataframes created successfully
Coeff std
ggH126_4l_mass4l_genbin0_recobin0 acc 0.4498 eff 0.496 outinratio 0.0069 

VBFH126_4l_mass4l_genbin0_recobin0 acc 0.4845 eff 0.5194 outinratio 0.0075 

WminusH126_4l_mass4l_genbin0_recobin0 acc 0.4103 eff 0.4706 outinratio 0.0183 

WplusH126_4l_mass4l_genbin0_recobin0 acc 0.3658 eff 0.4726 outinratio 0.0182 

ZH126_4l_mass4l_genbin0_recobin0 acc 0.3915 eff 0.4822 outinratio 0.0494 

ttH126_4l_mass4l_genbin0_recobin0 acc 0.4913 eff 0.3889 outinratio 0.0399 

ggH126_4e_mass4l_genbin0_recobin0 acc 0.4345 eff 0.32 outinratio 0.0104 

VBFH126_4e_mass4l_genbin0_recobin0 acc 0.4635 eff 0.363 outinratio 0.0113 

WminusH126_4e_mass4l_genbin0_recobin0 acc 0.3959 eff 0.3205 outinratio 0.026 

WplusH126_4e_mass4l_genbin0_recobin0 acc 0.3541 eff 0.3243 outinratio 0.0282 

ZH126_4e_mass4l_genbin0_recobin0 acc 0.3758 eff 0.3223 outinratio 0.0578 

ttH126_4e_mass4l_genbin0_recobin0 acc 0.47 eff 0.2926 outinratio 0.0461 

ggH126_4mu_mass4l_genbin0_recobin0 acc 0.4793 eff 0.6786 outinratio 0.0058 

VBFH126_4mu_mass4l_genbin0_recobin0 acc 0.5129 eff 0.6988 outinratio 0.0053 

WminusH126_4mu_mass4l_genbin0_recobin0 acc 0.4374 eff 0.6327 outinratio 0.0122 

WplusH126_4mu_mass4l_genbin0_recobin0 acc 0.3865 eff 0.6345 outinratio 0.0121 

ZH126_4mu_mass4l_genbin0_recobin0 acc 0.4136 eff 0.66 outinratio 0.0492 

ttH126_4mu_mass4l_genbin0_recobin0 acc 0.5248 eff 0.4924 outinratio 0.0381 

ggH126_2e2mu_mass4l_genbin0_recobin0 acc 0.4419 eff 0.4811 outinratio 0.0065 

VBFH126_2e2mu_mass4l_genbin0_recobin0 acc 0.4802 eff 0.4963 outinratio 0.0079 

WminusH126_2e2mu_mass4l_genbin0_recobin0 acc 0.4033 eff 0.4552 outinratio 0.0204 

WplusH126_2e2mu_mass4l_genbin0_recobin0 acc 0.3609 eff 0.4565 outinratio 0.0195 

ZH126_2e2mu_mass4l_genbin0_recobin0 acc 0.3878 eff 0.462 outinratio 0.0464 

ttH126_2e2mu_mass4l_genbin0_recobin0 acc 0.4846 eff 0.3785 outinratio 0.0387 

Coeff fullNNLOPS
