Welcome in RunCoefficients!
OPT SPLIT
DEBUG opt.YEAR = 2022_1
It is a single-differential measurement, binning [105.0, 160.0]
ZZMass
Following observables extracted from dictionary: RECO =  ZZMass  GEN =  GENmass4l
LUMI: 1.9951
ttH126 0.00016778593
Processing ggH126 2022_1
Signal created
Signal failed created
Processing VBFH126 2022_1
Signal created
Signal failed created
Processing WminusH126 2022_1
Signal created
Signal failed created
Processing WplusH126 2022_1
Signal created
Signal failed created
Processing ZH126 2022_1
Signal created
Signal failed created
Processing ttH126 2022_1
Signal created
Signal failed created
2022_1 SKIMMED df CREATED
2022_1 ggH126
2022_1 VBFH126
2022_1 WminusH126
2022_1 WplusH126
2022_1 ZH126
2022_1 ttH126
Dataframes created successfully
Coeff std
ggH126_4l_mass4l_genbin0_recobin0 acc 0.4465 eff 0.4863 outinratio 0.0076 

VBFH126_4l_mass4l_genbin0_recobin0 acc 0.4793 eff 0.5091 outinratio 0.0098 

WminusH126_4l_mass4l_genbin0_recobin0 acc 0.4118 eff 0.4692 outinratio 0.0164 

WplusH126_4l_mass4l_genbin0_recobin0 acc 0.3647 eff 0.4641 outinratio 0.0164 

ZH126_4l_mass4l_genbin0_recobin0 acc 0.3903 eff 0.4641 outinratio 0.0521 

ttH126_4l_mass4l_genbin0_recobin0 acc 0.5004 eff 0.369 outinratio 0.0468 

ggH126_4e_mass4l_genbin0_recobin0 acc 0.4192 eff 0.3728 outinratio 0.0117 

VBFH126_4e_mass4l_genbin0_recobin0 acc 0.4608 eff 0.4055 outinratio 0.0204 

WminusH126_4e_mass4l_genbin0_recobin0 acc 0.3992 eff 0.3795 outinratio 0.0213 

WplusH126_4e_mass4l_genbin0_recobin0 acc 0.3504 eff 0.3637 outinratio 0.0264 

ZH126_4e_mass4l_genbin0_recobin0 acc 0.3879 eff 0.3597 outinratio 0.0552 

ttH126_4e_mass4l_genbin0_recobin0 acc 0.4826 eff 0.339 outinratio 0.0377 

ggH126_4mu_mass4l_genbin0_recobin0 acc 0.4773 eff 0.6036 outinratio 0.0049 

VBFH126_4mu_mass4l_genbin0_recobin0 acc 0.4993 eff 0.616 outinratio 0.0065 

WminusH126_4mu_mass4l_genbin0_recobin0 acc 0.4396 eff 0.5607 outinratio 0.0102 

WplusH126_4mu_mass4l_genbin0_recobin0 acc 0.388 eff 0.561 outinratio 0.0122 

ZH126_4mu_mass4l_genbin0_recobin0 acc 0.4026 eff 0.5606 outinratio 0.0532 

ttH126_4mu_mass4l_genbin0_recobin0 acc 0.5425 eff 0.4016 outinratio 0.0368 

ggH126_2e2mu_mass4l_genbin0_recobin0 acc 0.4445 eff 0.4759 outinratio 0.008 

VBFH126_2e2mu_mass4l_genbin0_recobin0 acc 0.4787 eff 0.5034 outinratio 0.0077 

WminusH126_2e2mu_mass4l_genbin0_recobin0 acc 0.4034 eff 0.4635 outinratio 0.0186 

WplusH126_2e2mu_mass4l_genbin0_recobin0 acc 0.3595 eff 0.4591 outinratio 0.0152 

ZH126_2e2mu_mass4l_genbin0_recobin0 acc 0.3849 eff 0.4664 outinratio 0.0501 

ttH126_2e2mu_mass4l_genbin0_recobin0 acc 0.4863 eff 0.3648 outinratio 0.0584 

Coeff fullNNLOPS
