Welcome in RunCoefficients!
OPT SPLIT
DEBUG opt.YEAR = 2022_2
It is a single-differential measurement, binning [-100.0, -3.14159265359, -1.5707963267948966, 0.0, 1.5707963267948966, 3.14159265359]
dphijj
Following observables extracted from dictionary: RECO =  dphijj  GEN =  GENdphijj
LUMI: 1.9951
ttH126 0.00016778593
Processing ggH126 2022_2
Signal created
Signal failed created
Processing VBFH126 2022_2
Signal created
Signal failed created
Processing WminusH126 2022_2
Signal created
Signal failed created
Processing WplusH126 2022_2
Signal created
Signal failed created
Processing ZH126 2022_2
Signal created
Signal failed created
Processing ttH126 2022_2
Signal created
Signal failed created
2022_2 SKIMMED df CREATED
2022_2 ggH126
2022_2 VBFH126
2022_2 WminusH126
2022_2 WplusH126
2022_2 ZH126
2022_2 ttH126
Dataframes created successfully
Coeff std
ggH126_4l_dphijj_genbin0_recobin0 acc 0.4045 eff 0.4689 outinratio 0.0078 

VBFH126_4l_dphijj_genbin0_recobin0 acc 0.2888 eff 0.4548 outinratio 0.0088 

WminusH126_4l_dphijj_genbin0_recobin0 acc 0.2392 eff 0.3969 outinratio 0.0252 

WplusH126_4l_dphijj_genbin0_recobin0 acc 0.2068 eff 0.3982 outinratio 0.0237 

ZH126_4l_dphijj_genbin0_recobin0 acc 0.2098 eff 0.407 outinratio 0.0683 

ttH126_4l_dphijj_genbin0_recobin0 acc 0.0145 eff 0.1669 outinratio 0.0378 

ggH126_4l_dphijj_genbin1_recobin0 acc 0.0111 eff 0.0643 outinratio 0.0078 

VBFH126_4l_dphijj_genbin1_recobin0 acc 0.0532 eff 0.0754 outinratio 0.0088 

WminusH126_4l_dphijj_genbin1_recobin0 acc 0.0382 eff 0.0554 outinratio 0.0252 

WplusH126_4l_dphijj_genbin1_recobin0 acc 0.0337 eff 0.0525 outinratio 0.0237 

ZH126_4l_dphijj_genbin1_recobin0 acc 0.041 eff 0.0725 outinratio 0.0683 

ttH126_4l_dphijj_genbin1_recobin0 acc 0.1454 eff 0.0043 outinratio 0.0378 

ggH126_4l_dphijj_genbin2_recobin0 acc 0.0112 eff 0.094 outinratio 0.0078 

VBFH126_4l_dphijj_genbin2_recobin0 acc 0.0444 eff 0.0915 outinratio 0.0088 

WminusH126_4l_dphijj_genbin2_recobin0 acc 0.0492 eff 0.0535 outinratio 0.0252 

WplusH126_4l_dphijj_genbin2_recobin0 acc 0.045 eff 0.0481 outinratio 0.0237 

ZH126_4l_dphijj_genbin2_recobin0 acc 0.0484 eff 0.0655 outinratio 0.0683 

ttH126_4l_dphijj_genbin2_recobin0 acc 0.0872 eff 0.0064 outinratio 0.0378 

ggH126_4l_dphijj_genbin3_recobin0 acc 0.0108 eff 0.0762 outinratio 0.0078 

VBFH126_4l_dphijj_genbin3_recobin0 acc 0.0421 eff 0.0847 outinratio 0.0088 

WminusH126_4l_dphijj_genbin3_recobin0 acc 0.049 eff 0.0604 outinratio 0.0252 

WplusH126_4l_dphijj_genbin3_recobin0 acc 0.0464 eff 0.0536 outinratio 0.0237 

ZH126_4l_dphijj_genbin3_recobin0 acc 0.0486 eff 0.0607 outinratio 0.0683 

ttH126_4l_dphijj_genbin3_recobin0 acc 0.0896 eff 0.0063 outinratio 0.0378 

ggH126_4l_dphijj_genbin4_recobin0 acc 0.0108 eff 0.0572 outinratio 0.0078 

VBFH126_4l_dphijj_genbin4_recobin0 acc 0.0534 eff 0.0615 outinratio 0.0088 

WminusH126_4l_dphijj_genbin4_recobin0 acc 0.0383 eff 0.0581 outinratio 0.0252 

WplusH126_4l_dphijj_genbin4_recobin0 acc 0.033 eff 0.0582 outinratio 0.0237 

ZH126_4l_dphijj_genbin4_recobin0 acc 0.0425 eff 0.0823 outinratio 0.0683 

ttH126_4l_dphijj_genbin4_recobin0 acc 0.1513 eff 0.0065 outinratio 0.0378 

ggH126_4l_dphijj_genbin0_recobin1 acc 0.4045 eff 0.0045 outinratio 0.0066 

VBFH126_4l_dphijj_genbin0_recobin1 acc 0.2888 eff 0.0168 outinratio 0.0055 

WminusH126_4l_dphijj_genbin0_recobin1 acc 0.2392 eff 0.0154 outinratio 0.0136 

WplusH126_4l_dphijj_genbin0_recobin1 acc 0.2068 eff 0.0148 outinratio 0.0098 

ZH126_4l_dphijj_genbin0_recobin1 acc 0.2098 eff 0.013 outinratio 0.0484 

ttH126_4l_dphijj_genbin0_recobin1 acc 0.0145 eff 0.0717 outinratio 0.0404 

ggH126_4l_dphijj_genbin1_recobin1 acc 0.0111 eff 0.3606 outinratio 0.0066 

VBFH126_4l_dphijj_genbin1_recobin1 acc 0.0532 eff 0.4448 outinratio 0.0055 

WminusH126_4l_dphijj_genbin1_recobin1 acc 0.0382 eff 0.3261 outinratio 0.0136 

WplusH126_4l_dphijj_genbin1_recobin1 acc 0.0337 eff 0.3451 outinratio 0.0098 

ZH126_4l_dphijj_genbin1_recobin1 acc 0.041 eff 0.3249 outinratio 0.0484 

ttH126_4l_dphijj_genbin1_recobin1 acc 0.1454 eff 0.2951 outinratio 0.0404 

ggH126_4l_dphijj_genbin2_recobin1 acc 0.0112 eff 0.0191 outinratio 0.0066 

VBFH126_4l_dphijj_genbin2_recobin1 acc 0.0444 eff 0.0131 outinratio 0.0055 

WminusH126_4l_dphijj_genbin2_recobin1 acc 0.0492 eff 0.0133 outinratio 0.0136 

WplusH126_4l_dphijj_genbin2_recobin1 acc 0.045 eff 0.0155 outinratio 0.0098 

ZH126_4l_dphijj_genbin2_recobin1 acc 0.0484 eff 0.0147 outinratio 0.0484 

ttH126_4l_dphijj_genbin2_recobin1 acc 0.0872 eff 0.0428 outinratio 0.0404 

ggH126_4l_dphijj_genbin3_recobin1 acc 0.0108 eff 0.0088 outinratio 0.0066 

VBFH126_4l_dphijj_genbin3_recobin1 acc 0.0421 eff 0.0014 outinratio 0.0055 

WminusH126_4l_dphijj_genbin3_recobin1 acc 0.049 eff 0.0141 outinratio 0.0136 

WplusH126_4l_dphijj_genbin3_recobin1 acc 0.0464 eff 0.0131 outinratio 0.0098 

ZH126_4l_dphijj_genbin3_recobin1 acc 0.0486 eff 0.0127 outinratio 0.0484 

ttH126_4l_dphijj_genbin3_recobin1 acc 0.0896 eff 0.0516 outinratio 0.0404 

ggH126_4l_dphijj_genbin4_recobin1 acc 0.0108 eff 0.0186 outinratio 0.0066 

VBFH126_4l_dphijj_genbin4_recobin1 acc 0.0534 eff 0.0039 outinratio 0.0055 

WminusH126_4l_dphijj_genbin4_recobin1 acc 0.0383 eff 0.032 outinratio 0.0136 

WplusH126_4l_dphijj_genbin4_recobin1 acc 0.033 eff 0.0294 outinratio 0.0098 

ZH126_4l_dphijj_genbin4_recobin1 acc 0.0425 eff 0.0284 outinratio 0.0484 

ttH126_4l_dphijj_genbin4_recobin1 acc 0.1513 eff 0.0425 outinratio 0.0404 

ggH126_4l_dphijj_genbin0_recobin2 acc 0.4045 eff 0.0037 outinratio 0.0096 

VBFH126_4l_dphijj_genbin0_recobin2 acc 0.2888 eff 0.0125 outinratio 0.0993 

WminusH126_4l_dphijj_genbin0_recobin2 acc 0.2392 eff 0.0116 outinratio 0.0119 

WplusH126_4l_dphijj_genbin0_recobin2 acc 0.2068 eff 0.0145 outinratio 0.0112 

ZH126_4l_dphijj_genbin0_recobin2 acc 0.2098 eff 0.0113 outinratio 0.0309 

ttH126_4l_dphijj_genbin0_recobin2 acc 0.0145 eff 0.0068 outinratio 0.0461 

ggH126_4l_dphijj_genbin1_recobin2 acc 0.0111 eff 0.0188 outinratio 0.0096 

VBFH126_4l_dphijj_genbin1_recobin2 acc 0.0532 eff 0.0037 outinratio 0.0993 

WminusH126_4l_dphijj_genbin1_recobin2 acc 0.0382 eff 0.02 outinratio 0.0119 

WplusH126_4l_dphijj_genbin1_recobin2 acc 0.0337 eff 0.0146 outinratio 0.0112 

ZH126_4l_dphijj_genbin1_recobin2 acc 0.041 eff 0.0173 outinratio 0.0309 

ttH126_4l_dphijj_genbin1_recobin2 acc 0.1454 eff 0.0254 outinratio 0.0461 

ggH126_4l_dphijj_genbin2_recobin2 acc 0.0112 eff 0.3801 outinratio 0.0096 

VBFH126_4l_dphijj_genbin2_recobin2 acc 0.0444 eff 0.4319 outinratio 0.0993 

WminusH126_4l_dphijj_genbin2_recobin2 acc 0.0492 eff 0.3953 outinratio 0.0119 

WplusH126_4l_dphijj_genbin2_recobin2 acc 0.045 eff 0.3934 outinratio 0.0112 

ZH126_4l_dphijj_genbin2_recobin2 acc 0.0484 eff 0.3857 outinratio 0.0309 

ttH126_4l_dphijj_genbin2_recobin2 acc 0.0872 eff 0.2582 outinratio 0.0461 

ggH126_4l_dphijj_genbin3_recobin2 acc 0.0108 eff 0.0176 outinratio 0.0096 

VBFH126_4l_dphijj_genbin3_recobin2 acc 0.0421 eff 0.0188 outinratio 0.0993 

WminusH126_4l_dphijj_genbin3_recobin2 acc 0.049 eff 0.0208 outinratio 0.0119 

WplusH126_4l_dphijj_genbin3_recobin2 acc 0.0464 eff 0.0281 outinratio 0.0112 

ZH126_4l_dphijj_genbin3_recobin2 acc 0.0486 eff 0.0209 outinratio 0.0309 

ttH126_4l_dphijj_genbin3_recobin2 acc 0.0896 eff 0.0237 outinratio 0.0461 

ggH126_4l_dphijj_genbin4_recobin2 acc 0.0108 eff 0.0099 outinratio 0.0096 

VBFH126_4l_dphijj_genbin4_recobin2 acc 0.0534 eff 0.0099 outinratio 0.0993 

WminusH126_4l_dphijj_genbin4_recobin2 acc 0.0383 eff 0.0179 outinratio 0.0119 

WplusH126_4l_dphijj_genbin4_recobin2 acc 0.033 eff 0.014 outinratio 0.0112 

ZH126_4l_dphijj_genbin4_recobin2 acc 0.0425 eff 0.0089 outinratio 0.0309 

ttH126_4l_dphijj_genbin4_recobin2 acc 0.1513 eff 0.0204 outinratio 0.0461 

ggH126_4l_dphijj_genbin0_recobin3 acc 0.4045 eff 0.0032 outinratio 0.0079 

VBFH126_4l_dphijj_genbin0_recobin3 acc 0.2888 eff 0.0135 outinratio 0.0087 

WminusH126_4l_dphijj_genbin0_recobin3 acc 0.2392 eff 0.0117 outinratio 0.0143 

WplusH126_4l_dphijj_genbin0_recobin3 acc 0.2068 eff 0.0136 outinratio 0.0083 

ZH126_4l_dphijj_genbin0_recobin3 acc 0.2098 eff 0.0099 outinratio 0.0307 

ttH126_4l_dphijj_genbin0_recobin3 acc 0.0145 eff 0.0366 outinratio 0.0421 

ggH126_4l_dphijj_genbin1_recobin3 acc 0.0111 eff 0.0112 outinratio 0.0079 

VBFH126_4l_dphijj_genbin1_recobin3 acc 0.0532 eff 0.0024 outinratio 0.0087 

WminusH126_4l_dphijj_genbin1_recobin3 acc 0.0382 eff 0.0154 outinratio 0.0143 

WplusH126_4l_dphijj_genbin1_recobin3 acc 0.0337 eff 0.0148 outinratio 0.0083 

ZH126_4l_dphijj_genbin1_recobin3 acc 0.041 eff 0.0156 outinratio 0.0307 

ttH126_4l_dphijj_genbin1_recobin3 acc 0.1454 eff 0.0222 outinratio 0.0421 

ggH126_4l_dphijj_genbin2_recobin3 acc 0.0112 eff 0.0316 outinratio 0.0079 

VBFH126_4l_dphijj_genbin2_recobin3 acc 0.0444 eff 0.0139 outinratio 0.0087 

WminusH126_4l_dphijj_genbin2_recobin3 acc 0.0492 eff 0.0235 outinratio 0.0143 

WplusH126_4l_dphijj_genbin2_recobin3 acc 0.045 eff 0.0266 outinratio 0.0083 

ZH126_4l_dphijj_genbin2_recobin3 acc 0.0484 eff 0.0221 outinratio 0.0307 

ttH126_4l_dphijj_genbin2_recobin3 acc 0.0872 eff 0.028 outinratio 0.0421 

ggH126_4l_dphijj_genbin3_recobin3 acc 0.0108 eff 0.3967 outinratio 0.0079 

VBFH126_4l_dphijj_genbin3_recobin3 acc 0.0421 eff 0.4495 outinratio 0.0087 

WminusH126_4l_dphijj_genbin3_recobin3 acc 0.049 eff 0.3918 outinratio 0.0143 

WplusH126_4l_dphijj_genbin3_recobin3 acc 0.0464 eff 0.3776 outinratio 0.0083 

ZH126_4l_dphijj_genbin3_recobin3 acc 0.0486 eff 0.3801 outinratio 0.0307 

ttH126_4l_dphijj_genbin3_recobin3 acc 0.0896 eff 0.247 outinratio 0.0421 

ggH126_4l_dphijj_genbin4_recobin3 acc 0.0108 eff 0.0169 outinratio 0.0079 

VBFH126_4l_dphijj_genbin4_recobin3 acc 0.0534 eff 0.008 outinratio 0.0087 

WminusH126_4l_dphijj_genbin4_recobin3 acc 0.0383 eff 0.0186 outinratio 0.0143 

WplusH126_4l_dphijj_genbin4_recobin3 acc 0.033 eff 0.0196 outinratio 0.0083 

ZH126_4l_dphijj_genbin4_recobin3 acc 0.0425 eff 0.0124 outinratio 0.0307 

ttH126_4l_dphijj_genbin4_recobin3 acc 0.1513 eff 0.0194 outinratio 0.0421 

ggH126_4l_dphijj_genbin0_recobin4 acc 0.4045 eff 0.0035 outinratio 0.0124 

VBFH126_4l_dphijj_genbin0_recobin4 acc 0.2888 eff 0.0154 outinratio 0.003 

WminusH126_4l_dphijj_genbin0_recobin4 acc 0.2392 eff 0.0182 outinratio 0.0106 

WplusH126_4l_dphijj_genbin0_recobin4 acc 0.2068 eff 0.0164 outinratio 0.0094 

ZH126_4l_dphijj_genbin0_recobin4 acc 0.2098 eff 0.0134 outinratio 0.0396 

ttH126_4l_dphijj_genbin0_recobin4 acc 0.0145 eff 0.0723 outinratio 0.0334 

ggH126_4l_dphijj_genbin1_recobin4 acc 0.0111 eff 0.0194 outinratio 0.0124 

VBFH126_4l_dphijj_genbin1_recobin4 acc 0.0532 eff 0.0085 outinratio 0.003 

WminusH126_4l_dphijj_genbin1_recobin4 acc 0.0382 eff 0.0356 outinratio 0.0106 

WplusH126_4l_dphijj_genbin1_recobin4 acc 0.0337 eff 0.0274 outinratio 0.0094 

ZH126_4l_dphijj_genbin1_recobin4 acc 0.041 eff 0.0274 outinratio 0.0396 

ttH126_4l_dphijj_genbin1_recobin4 acc 0.1454 eff 0.0351 outinratio 0.0334 

ggH126_4l_dphijj_genbin2_recobin4 acc 0.0112 eff 0.0078 outinratio 0.0124 

VBFH126_4l_dphijj_genbin2_recobin4 acc 0.0444 eff 0.0035 outinratio 0.003 

WminusH126_4l_dphijj_genbin2_recobin4 acc 0.0492 eff 0.0173 outinratio 0.0106 

WplusH126_4l_dphijj_genbin2_recobin4 acc 0.045 eff 0.0147 outinratio 0.0094 

ZH126_4l_dphijj_genbin2_recobin4 acc 0.0484 eff 0.0134 outinratio 0.0396 

ttH126_4l_dphijj_genbin2_recobin4 acc 0.0872 eff 0.0528 outinratio 0.0334 

ggH126_4l_dphijj_genbin3_recobin4 acc 0.0108 eff 0.0198 outinratio 0.0124 

VBFH126_4l_dphijj_genbin3_recobin4 acc 0.0421 eff 0.0132 outinratio 0.003 

WminusH126_4l_dphijj_genbin3_recobin4 acc 0.049 eff 0.0204 outinratio 0.0106 

WplusH126_4l_dphijj_genbin3_recobin4 acc 0.0464 eff 0.0121 outinratio 0.0094 

ZH126_4l_dphijj_genbin3_recobin4 acc 0.0486 eff 0.0166 outinratio 0.0396 

ttH126_4l_dphijj_genbin3_recobin4 acc 0.0896 eff 0.0473 outinratio 0.0334 

ggH126_4l_dphijj_genbin4_recobin4 acc 0.0108 eff 0.3592 outinratio 0.0124 

VBFH126_4l_dphijj_genbin4_recobin4 acc 0.0534 eff 0.4254 outinratio 0.003 

WminusH126_4l_dphijj_genbin4_recobin4 acc 0.0383 eff 0.3427 outinratio 0.0106 

WplusH126_4l_dphijj_genbin4_recobin4 acc 0.033 eff 0.3462 outinratio 0.0094 

ZH126_4l_dphijj_genbin4_recobin4 acc 0.0425 eff 0.3076 outinratio 0.0396 

ttH126_4l_dphijj_genbin4_recobin4 acc 0.1513 eff 0.2898 outinratio 0.0334 

ggH126_4e_dphijj_genbin0_recobin0 acc 0.3854 eff 0.3608 outinratio 0.0112 

VBFH126_4e_dphijj_genbin0_recobin0 acc 0.2813 eff 0.3925 outinratio 0.0196 

WminusH126_4e_dphijj_genbin0_recobin0 acc 0.2276 eff 0.3038 outinratio 0.0301 

WplusH126_4e_dphijj_genbin0_recobin0 acc 0.1954 eff 0.3169 outinratio 0.0343 

ZH126_4e_dphijj_genbin0_recobin0 acc 0.202 eff 0.3257 outinratio 0.0726 

ttH126_4e_dphijj_genbin0_recobin0 acc 0.0159 eff 0.1635 outinratio 0.0383 

ggH126_4e_dphijj_genbin1_recobin0 acc 0.0113 eff 0.0364 outinratio 0.0112 

VBFH126_4e_dphijj_genbin1_recobin0 acc 0.0525 eff 0.0637 outinratio 0.0196 

WminusH126_4e_dphijj_genbin1_recobin0 acc 0.0384 eff 0.0462 outinratio 0.0301 

WplusH126_4e_dphijj_genbin1_recobin0 acc 0.0316 eff 0.0268 outinratio 0.0343 

ZH126_4e_dphijj_genbin1_recobin0 acc 0.0386 eff 0.0363 outinratio 0.0726 

ttH126_4e_dphijj_genbin1_recobin0 acc 0.1396 eff 0.0042 outinratio 0.0383 

ggH126_4e_dphijj_genbin2_recobin0 acc 0.0103 eff 0.0754 outinratio 0.0112 

VBFH126_4e_dphijj_genbin2_recobin0 acc 0.0388 eff 0.0607 outinratio 0.0196 

WminusH126_4e_dphijj_genbin2_recobin0 acc 0.0499 eff 0.0459 outinratio 0.0301 

WplusH126_4e_dphijj_genbin2_recobin0 acc 0.0447 eff 0.0376 outinratio 0.0343 

ZH126_4e_dphijj_genbin2_recobin0 acc 0.0482 eff 0.052 outinratio 0.0726 

ttH126_4e_dphijj_genbin2_recobin0 acc 0.0866 eff 0.0082 outinratio 0.0383 

ggH126_4e_dphijj_genbin3_recobin0 acc 0.0101 eff 0.0529 outinratio 0.0112 

VBFH126_4e_dphijj_genbin3_recobin0 acc 0.0377 eff 0.0638 outinratio 0.0196 

WminusH126_4e_dphijj_genbin3_recobin0 acc 0.0472 eff 0.046 outinratio 0.0301 

WplusH126_4e_dphijj_genbin3_recobin0 acc 0.0459 eff 0.0435 outinratio 0.0343 

ZH126_4e_dphijj_genbin3_recobin0 acc 0.0472 eff 0.0501 outinratio 0.0726 

ttH126_4e_dphijj_genbin3_recobin0 acc 0.0889 eff 0.0032 outinratio 0.0383 

ggH126_4e_dphijj_genbin4_recobin0 acc 0.0098 eff 0.0519 outinratio 0.0112 

VBFH126_4e_dphijj_genbin4_recobin0 acc 0.0508 eff 0.0556 outinratio 0.0196 

WminusH126_4e_dphijj_genbin4_recobin0 acc 0.0362 eff 0.0226 outinratio 0.0301 

WplusH126_4e_dphijj_genbin4_recobin0 acc 0.0312 eff 0.0386 outinratio 0.0343 

ZH126_4e_dphijj_genbin4_recobin0 acc 0.0397 eff 0.0418 outinratio 0.0726 

ttH126_4e_dphijj_genbin4_recobin0 acc 0.1448 eff 0.0058 outinratio 0.0383 

ggH126_4e_dphijj_genbin0_recobin1 acc 0.3854 eff 0.0024 outinratio 0.0148 

VBFH126_4e_dphijj_genbin0_recobin1 acc 0.2813 eff 0.0186 outinratio 0.0135 

WminusH126_4e_dphijj_genbin0_recobin1 acc 0.2276 eff 0.0138 outinratio 0.0148 

WplusH126_4e_dphijj_genbin0_recobin1 acc 0.1954 eff 0.0131 outinratio 0.0236 

ZH126_4e_dphijj_genbin0_recobin1 acc 0.202 eff 0.0131 outinratio 0.0296 

ttH126_4e_dphijj_genbin0_recobin1 acc 0.0159 eff 0.0365 outinratio 0.0514 

ggH126_4e_dphijj_genbin1_recobin1 acc 0.0113 eff 0.3 outinratio 0.0148 

VBFH126_4e_dphijj_genbin1_recobin1 acc 0.0525 eff 0.3361 outinratio 0.0135 

WminusH126_4e_dphijj_genbin1_recobin1 acc 0.0384 eff 0.2561 outinratio 0.0148 

WplusH126_4e_dphijj_genbin1_recobin1 acc 0.0316 eff 0.2727 outinratio 0.0236 

ZH126_4e_dphijj_genbin1_recobin1 acc 0.0386 eff 0.2472 outinratio 0.0296 

ttH126_4e_dphijj_genbin1_recobin1 acc 0.1396 eff 0.2531 outinratio 0.0514 

ggH126_4e_dphijj_genbin2_recobin1 acc 0.0103 eff 0.023 outinratio 0.0148 

VBFH126_4e_dphijj_genbin2_recobin1 acc 0.0388 eff 0.0073 outinratio 0.0135 

WminusH126_4e_dphijj_genbin2_recobin1 acc 0.0499 eff 0.0078 outinratio 0.0148 

WplusH126_4e_dphijj_genbin2_recobin1 acc 0.0447 eff 0.0154 outinratio 0.0236 

ZH126_4e_dphijj_genbin2_recobin1 acc 0.0482 eff 0.0079 outinratio 0.0296 

ttH126_4e_dphijj_genbin2_recobin1 acc 0.0866 eff 0.0264 outinratio 0.0514 

ggH126_4e_dphijj_genbin3_recobin1 acc 0.0101 eff 0.0028 outinratio 0.0148 

VBFH126_4e_dphijj_genbin3_recobin1 acc 0.0377 eff 0.0 outinratio 0.0135 

WminusH126_4e_dphijj_genbin3_recobin1 acc 0.0472 eff 0.0107 outinratio 0.0148 

WplusH126_4e_dphijj_genbin3_recobin1 acc 0.0459 eff 0.0114 outinratio 0.0236 

ZH126_4e_dphijj_genbin3_recobin1 acc 0.0472 eff 0.0201 outinratio 0.0296 

ttH126_4e_dphijj_genbin3_recobin1 acc 0.0889 eff 0.0379 outinratio 0.0514 

ggH126_4e_dphijj_genbin4_recobin1 acc 0.0098 eff 0.0088 outinratio 0.0148 

VBFH126_4e_dphijj_genbin4_recobin1 acc 0.0508 eff 0.0112 outinratio 0.0135 

WminusH126_4e_dphijj_genbin4_recobin1 acc 0.0362 eff 0.0324 outinratio 0.0148 

WplusH126_4e_dphijj_genbin4_recobin1 acc 0.0312 eff 0.0265 outinratio 0.0236 

ZH126_4e_dphijj_genbin4_recobin1 acc 0.0397 eff 0.0172 outinratio 0.0296 

ttH126_4e_dphijj_genbin4_recobin1 acc 0.1448 eff 0.0375 outinratio 0.0514 

ggH126_4e_dphijj_genbin0_recobin2 acc 0.3854 eff 0.003 outinratio 0.0128 

VBFH126_4e_dphijj_genbin0_recobin2 acc 0.2813 eff 0.01 outinratio 0.4379 

WminusH126_4e_dphijj_genbin0_recobin2 acc 0.2276 eff 0.0105 outinratio 0.0161 

WplusH126_4e_dphijj_genbin0_recobin2 acc 0.1954 eff 0.0148 outinratio 0.0156 

ZH126_4e_dphijj_genbin0_recobin2 acc 0.202 eff 0.01 outinratio 0.0391 

ttH126_4e_dphijj_genbin0_recobin2 acc 0.0159 eff 0.0 outinratio 0.0477 

ggH126_4e_dphijj_genbin1_recobin2 acc 0.0113 eff 0.0032 outinratio 0.0128 

VBFH126_4e_dphijj_genbin1_recobin2 acc 0.0525 eff 0.0033 outinratio 0.4379 

WminusH126_4e_dphijj_genbin1_recobin2 acc 0.0384 eff 0.0084 outinratio 0.0161 

WplusH126_4e_dphijj_genbin1_recobin2 acc 0.0316 eff 0.012 outinratio 0.0156 

ZH126_4e_dphijj_genbin1_recobin2 acc 0.0386 eff 0.0113 outinratio 0.0391 

ttH126_4e_dphijj_genbin1_recobin2 acc 0.1396 eff 0.0163 outinratio 0.0477 

ggH126_4e_dphijj_genbin2_recobin2 acc 0.0103 eff 0.3388 outinratio 0.0128 

VBFH126_4e_dphijj_genbin2_recobin2 acc 0.0388 eff 0.4409 outinratio 0.4379 

WminusH126_4e_dphijj_genbin2_recobin2 acc 0.0499 eff 0.3615 outinratio 0.0161 

WplusH126_4e_dphijj_genbin2_recobin2 acc 0.0447 eff 0.3416 outinratio 0.0156 

ZH126_4e_dphijj_genbin2_recobin2 acc 0.0482 eff 0.3146 outinratio 0.0391 

ttH126_4e_dphijj_genbin2_recobin2 acc 0.0866 eff 0.1897 outinratio 0.0477 

ggH126_4e_dphijj_genbin3_recobin2 acc 0.0101 eff 0.0205 outinratio 0.0128 

VBFH126_4e_dphijj_genbin3_recobin2 acc 0.0377 eff 0.0118 outinratio 0.4379 

WminusH126_4e_dphijj_genbin3_recobin2 acc 0.0472 eff 0.0137 outinratio 0.0161 

WplusH126_4e_dphijj_genbin3_recobin2 acc 0.0459 eff 0.0286 outinratio 0.0156 

ZH126_4e_dphijj_genbin3_recobin2 acc 0.0472 eff 0.0209 outinratio 0.0391 

ttH126_4e_dphijj_genbin3_recobin2 acc 0.0889 eff 0.0227 outinratio 0.0477 

ggH126_4e_dphijj_genbin4_recobin2 acc 0.0098 eff 0.0015 outinratio 0.0128 

VBFH126_4e_dphijj_genbin4_recobin2 acc 0.0508 eff 0.0 outinratio 0.4379 

WminusH126_4e_dphijj_genbin4_recobin2 acc 0.0362 eff 0.0083 outinratio 0.0161 

WplusH126_4e_dphijj_genbin4_recobin2 acc 0.0312 eff 0.0069 outinratio 0.0156 

ZH126_4e_dphijj_genbin4_recobin2 acc 0.0397 eff 0.0098 outinratio 0.0391 

ttH126_4e_dphijj_genbin4_recobin2 acc 0.1448 eff 0.0199 outinratio 0.0477 

ggH126_4e_dphijj_genbin0_recobin3 acc 0.3854 eff 0.0018 outinratio 0.01 

VBFH126_4e_dphijj_genbin0_recobin3 acc 0.2813 eff 0.0106 outinratio 0.0289 

WminusH126_4e_dphijj_genbin0_recobin3 acc 0.2276 eff 0.0063 outinratio 0.0236 

WplusH126_4e_dphijj_genbin0_recobin3 acc 0.1954 eff 0.0088 outinratio 0.018 

ZH126_4e_dphijj_genbin0_recobin3 acc 0.202 eff 0.0082 outinratio 0.0209 

ttH126_4e_dphijj_genbin0_recobin3 acc 0.0159 eff 0.0506 outinratio 0.0382 

ggH126_4e_dphijj_genbin1_recobin3 acc 0.0113 eff 0.0085 outinratio 0.01 

VBFH126_4e_dphijj_genbin1_recobin3 acc 0.0525 eff 0.0092 outinratio 0.0289 

WminusH126_4e_dphijj_genbin1_recobin3 acc 0.0384 eff 0.006 outinratio 0.0236 

WplusH126_4e_dphijj_genbin1_recobin3 acc 0.0316 eff 0.0153 outinratio 0.018 

ZH126_4e_dphijj_genbin1_recobin3 acc 0.0386 eff 0.0106 outinratio 0.0209 

ttH126_4e_dphijj_genbin1_recobin3 acc 0.1396 eff 0.0309 outinratio 0.0382 

ggH126_4e_dphijj_genbin2_recobin3 acc 0.0103 eff 0.0258 outinratio 0.01 

VBFH126_4e_dphijj_genbin2_recobin3 acc 0.0388 eff 0.0 outinratio 0.0289 

WminusH126_4e_dphijj_genbin2_recobin3 acc 0.0499 eff 0.0224 outinratio 0.0236 

WplusH126_4e_dphijj_genbin2_recobin3 acc 0.0447 eff 0.022 outinratio 0.018 

ZH126_4e_dphijj_genbin2_recobin3 acc 0.0482 eff 0.0133 outinratio 0.0209 

ttH126_4e_dphijj_genbin2_recobin3 acc 0.0866 eff 0.0165 outinratio 0.0382 

ggH126_4e_dphijj_genbin3_recobin3 acc 0.0101 eff 0.3585 outinratio 0.01 

VBFH126_4e_dphijj_genbin3_recobin3 acc 0.0377 eff 0.3603 outinratio 0.0289 

WminusH126_4e_dphijj_genbin3_recobin3 acc 0.0472 eff 0.3164 outinratio 0.0236 

WplusH126_4e_dphijj_genbin3_recobin3 acc 0.0459 eff 0.3211 outinratio 0.018 

ZH126_4e_dphijj_genbin3_recobin3 acc 0.0472 eff 0.3191 outinratio 0.0209 

ttH126_4e_dphijj_genbin3_recobin3 acc 0.0889 eff 0.2231 outinratio 0.0382 

ggH126_4e_dphijj_genbin4_recobin3 acc 0.0098 eff 0.0177 outinratio 0.01 

VBFH126_4e_dphijj_genbin4_recobin3 acc 0.0508 eff 0.0 outinratio 0.0289 

WminusH126_4e_dphijj_genbin4_recobin3 acc 0.0362 eff 0.0172 outinratio 0.0236 

WplusH126_4e_dphijj_genbin4_recobin3 acc 0.0312 eff 0.0115 outinratio 0.018 

ZH126_4e_dphijj_genbin4_recobin3 acc 0.0397 eff 0.012 outinratio 0.0209 

ttH126_4e_dphijj_genbin4_recobin3 acc 0.1448 eff 0.0199 outinratio 0.0382 

ggH126_4e_dphijj_genbin0_recobin4 acc 0.3854 eff 0.0017 outinratio 0.0217 

VBFH126_4e_dphijj_genbin0_recobin4 acc 0.2813 eff 0.0109 outinratio 0.0 

WminusH126_4e_dphijj_genbin0_recobin4 acc 0.2276 eff 0.0141 outinratio 0.0117 

WplusH126_4e_dphijj_genbin0_recobin4 acc 0.1954 eff 0.0099 outinratio 0.0168 

ZH126_4e_dphijj_genbin0_recobin4 acc 0.202 eff 0.0111 outinratio 0.0735 

ttH126_4e_dphijj_genbin0_recobin4 acc 0.0159 eff 0.0334 outinratio 0.0303 

ggH126_4e_dphijj_genbin1_recobin4 acc 0.0113 eff 0.0127 outinratio 0.0217 

VBFH126_4e_dphijj_genbin1_recobin4 acc 0.0525 eff 0.0 outinratio 0.0 

WminusH126_4e_dphijj_genbin1_recobin4 acc 0.0384 eff 0.0281 outinratio 0.0117 

WplusH126_4e_dphijj_genbin1_recobin4 acc 0.0316 eff 0.0215 outinratio 0.0168 

ZH126_4e_dphijj_genbin1_recobin4 acc 0.0386 eff 0.0234 outinratio 0.0735 

ttH126_4e_dphijj_genbin1_recobin4 acc 0.1396 eff 0.0294 outinratio 0.0303 

ggH126_4e_dphijj_genbin2_recobin4 acc 0.0103 eff 0.0 outinratio 0.0217 

VBFH126_4e_dphijj_genbin2_recobin4 acc 0.0388 eff 0.0116 outinratio 0.0 

WminusH126_4e_dphijj_genbin2_recobin4 acc 0.0499 eff 0.0096 outinratio 0.0117 

WplusH126_4e_dphijj_genbin2_recobin4 acc 0.0447 eff 0.0161 outinratio 0.0168 

ZH126_4e_dphijj_genbin2_recobin4 acc 0.0482 eff 0.0115 outinratio 0.0735 

ttH126_4e_dphijj_genbin2_recobin4 acc 0.0866 eff 0.0502 outinratio 0.0303 

ggH126_4e_dphijj_genbin3_recobin4 acc 0.0101 eff 0.0125 outinratio 0.0217 

VBFH126_4e_dphijj_genbin3_recobin4 acc 0.0377 eff 0.0162 outinratio 0.0 

WminusH126_4e_dphijj_genbin3_recobin4 acc 0.0472 eff 0.0179 outinratio 0.0117 

WplusH126_4e_dphijj_genbin3_recobin4 acc 0.0459 eff 0.0067 outinratio 0.0168 

ZH126_4e_dphijj_genbin3_recobin4 acc 0.0472 eff 0.0193 outinratio 0.0735 

ttH126_4e_dphijj_genbin3_recobin4 acc 0.0889 eff 0.033 outinratio 0.0303 

ggH126_4e_dphijj_genbin4_recobin4 acc 0.0098 eff 0.2554 outinratio 0.0217 

VBFH126_4e_dphijj_genbin4_recobin4 acc 0.0508 eff 0.3709 outinratio 0.0 

WminusH126_4e_dphijj_genbin4_recobin4 acc 0.0362 eff 0.2821 outinratio 0.0117 

WplusH126_4e_dphijj_genbin4_recobin4 acc 0.0312 eff 0.2685 outinratio 0.0168 

ZH126_4e_dphijj_genbin4_recobin4 acc 0.0397 eff 0.236 outinratio 0.0735 

ttH126_4e_dphijj_genbin4_recobin4 acc 0.1448 eff 0.2564 outinratio 0.0303 

ggH126_4mu_dphijj_genbin0_recobin0 acc 0.4309 eff 0.5816 outinratio 0.0068 

VBFH126_4mu_dphijj_genbin0_recobin0 acc 0.3125 eff 0.5432 outinratio 0.0078 

WminusH126_4mu_dphijj_genbin0_recobin0 acc 0.2547 eff 0.4915 outinratio 0.0218 

WplusH126_4mu_dphijj_genbin0_recobin0 acc 0.2223 eff 0.4864 outinratio 0.0172 

ZH126_4mu_dphijj_genbin0_recobin0 acc 0.2216 eff 0.502 outinratio 0.0596 

ttH126_4mu_dphijj_genbin0_recobin0 acc 0.0155 eff 0.2422 outinratio 0.0499 

ggH126_4mu_dphijj_genbin1_recobin0 acc 0.012 eff 0.0906 outinratio 0.0068 

VBFH126_4mu_dphijj_genbin1_recobin0 acc 0.0584 eff 0.0625 outinratio 0.0078 

WminusH126_4mu_dphijj_genbin1_recobin0 acc 0.0385 eff 0.0726 outinratio 0.0218 

WplusH126_4mu_dphijj_genbin1_recobin0 acc 0.0355 eff 0.0647 outinratio 0.0172 

ZH126_4mu_dphijj_genbin1_recobin0 acc 0.0449 eff 0.0982 outinratio 0.0596 

ttH126_4mu_dphijj_genbin1_recobin0 acc 0.1571 eff 0.0067 outinratio 0.0499 

ggH126_4mu_dphijj_genbin2_recobin0 acc 0.0109 eff 0.0952 outinratio 0.0068 

VBFH126_4mu_dphijj_genbin2_recobin0 acc 0.0473 eff 0.1144 outinratio 0.0078 

WminusH126_4mu_dphijj_genbin2_recobin0 acc 0.0497 eff 0.0467 outinratio 0.0218 

WplusH126_4mu_dphijj_genbin2_recobin0 acc 0.0444 eff 0.0656 outinratio 0.0172 

ZH126_4mu_dphijj_genbin2_recobin0 acc 0.0508 eff 0.0895 outinratio 0.0596 

ttH126_4mu_dphijj_genbin2_recobin0 acc 0.0962 eff 0.0087 outinratio 0.0499 

ggH126_4mu_dphijj_genbin3_recobin0 acc 0.012 eff 0.0886 outinratio 0.0068 

VBFH126_4mu_dphijj_genbin3_recobin0 acc 0.0448 eff 0.1049 outinratio 0.0078 

WminusH126_4mu_dphijj_genbin3_recobin0 acc 0.0521 eff 0.0715 outinratio 0.0218 

WplusH126_4mu_dphijj_genbin3_recobin0 acc 0.0465 eff 0.067 outinratio 0.0172 

ZH126_4mu_dphijj_genbin3_recobin0 acc 0.0476 eff 0.0692 outinratio 0.0596 

ttH126_4mu_dphijj_genbin3_recobin0 acc 0.0898 eff 0.007 outinratio 0.0499 

ggH126_4mu_dphijj_genbin4_recobin0 acc 0.0112 eff 0.0737 outinratio 0.0068 

VBFH126_4mu_dphijj_genbin4_recobin0 acc 0.058 eff 0.0699 outinratio 0.0078 

WminusH126_4mu_dphijj_genbin4_recobin0 acc 0.0414 eff 0.0949 outinratio 0.0218 

WplusH126_4mu_dphijj_genbin4_recobin0 acc 0.0333 eff 0.0725 outinratio 0.0172 

ZH126_4mu_dphijj_genbin4_recobin0 acc 0.0462 eff 0.1128 outinratio 0.0596 

ttH126_4mu_dphijj_genbin4_recobin0 acc 0.1701 eff 0.0094 outinratio 0.0499 

ggH126_4mu_dphijj_genbin0_recobin1 acc 0.4309 eff 0.0057 outinratio 0.0066 

VBFH126_4mu_dphijj_genbin0_recobin1 acc 0.3125 eff 0.0132 outinratio 0.0087 

WminusH126_4mu_dphijj_genbin0_recobin1 acc 0.2547 eff 0.0158 outinratio 0.0098 

WplusH126_4mu_dphijj_genbin0_recobin1 acc 0.2223 eff 0.0173 outinratio 0.0066 

ZH126_4mu_dphijj_genbin0_recobin1 acc 0.2216 eff 0.0154 outinratio 0.0512 

ttH126_4mu_dphijj_genbin0_recobin1 acc 0.0155 eff 0.0587 outinratio 0.034 

ggH126_4mu_dphijj_genbin1_recobin1 acc 0.012 eff 0.4243 outinratio 0.0066 

VBFH126_4mu_dphijj_genbin1_recobin1 acc 0.0584 eff 0.4949 outinratio 0.0087 

WminusH126_4mu_dphijj_genbin1_recobin1 acc 0.0385 eff 0.4002 outinratio 0.0098 

WplusH126_4mu_dphijj_genbin1_recobin1 acc 0.0355 eff 0.401 outinratio 0.0066 

ZH126_4mu_dphijj_genbin1_recobin1 acc 0.0449 eff 0.3679 outinratio 0.0512 

ttH126_4mu_dphijj_genbin1_recobin1 acc 0.1571 eff 0.3644 outinratio 0.034 

ggH126_4mu_dphijj_genbin2_recobin1 acc 0.0109 eff 0.0196 outinratio 0.0066 

VBFH126_4mu_dphijj_genbin2_recobin1 acc 0.0473 eff 0.0096 outinratio 0.0087 

WminusH126_4mu_dphijj_genbin2_recobin1 acc 0.0497 eff 0.0164 outinratio 0.0098 

WplusH126_4mu_dphijj_genbin2_recobin1 acc 0.0444 eff 0.0158 outinratio 0.0066 

ZH126_4mu_dphijj_genbin2_recobin1 acc 0.0508 eff 0.0254 outinratio 0.0512 

ttH126_4mu_dphijj_genbin2_recobin1 acc 0.0962 eff 0.0519 outinratio 0.034 

ggH126_4mu_dphijj_genbin3_recobin1 acc 0.012 eff 0.0151 outinratio 0.0066 

VBFH126_4mu_dphijj_genbin3_recobin1 acc 0.0448 eff 0.0049 outinratio 0.0087 

WminusH126_4mu_dphijj_genbin3_recobin1 acc 0.0521 eff 0.0174 outinratio 0.0098 

WplusH126_4mu_dphijj_genbin3_recobin1 acc 0.0465 eff 0.0139 outinratio 0.0066 

ZH126_4mu_dphijj_genbin3_recobin1 acc 0.0476 eff 0.0148 outinratio 0.0512 

ttH126_4mu_dphijj_genbin3_recobin1 acc 0.0898 eff 0.0523 outinratio 0.034 

ggH126_4mu_dphijj_genbin4_recobin1 acc 0.0112 eff 0.0175 outinratio 0.0066 

VBFH126_4mu_dphijj_genbin4_recobin1 acc 0.058 eff 0.0027 outinratio 0.0087 

WminusH126_4mu_dphijj_genbin4_recobin1 acc 0.0414 eff 0.0432 outinratio 0.0098 

WplusH126_4mu_dphijj_genbin4_recobin1 acc 0.0333 eff 0.0408 outinratio 0.0066 

ZH126_4mu_dphijj_genbin4_recobin1 acc 0.0462 eff 0.0423 outinratio 0.0512 

ttH126_4mu_dphijj_genbin4_recobin1 acc 0.1701 eff 0.0459 outinratio 0.034 

ggH126_4mu_dphijj_genbin0_recobin2 acc 0.4309 eff 0.0051 outinratio 0.0 

VBFH126_4mu_dphijj_genbin0_recobin2 acc 0.3125 eff 0.0126 outinratio 0.0047 

WminusH126_4mu_dphijj_genbin0_recobin2 acc 0.2547 eff 0.0117 outinratio 0.0084 

WplusH126_4mu_dphijj_genbin0_recobin2 acc 0.2223 eff 0.0154 outinratio 0.005 

ZH126_4mu_dphijj_genbin0_recobin2 acc 0.2216 eff 0.0138 outinratio 0.0239 

ttH126_4mu_dphijj_genbin0_recobin2 acc 0.0155 eff 0.0021 outinratio 0.031 

ggH126_4mu_dphijj_genbin1_recobin2 acc 0.012 eff 0.0242 outinratio 0.0 

VBFH126_4mu_dphijj_genbin1_recobin2 acc 0.0584 eff 0.0042 outinratio 0.0047 

WminusH126_4mu_dphijj_genbin1_recobin2 acc 0.0385 eff 0.0271 outinratio 0.0084 

WplusH126_4mu_dphijj_genbin1_recobin2 acc 0.0355 eff 0.019 outinratio 0.005 

ZH126_4mu_dphijj_genbin1_recobin2 acc 0.0449 eff 0.0227 outinratio 0.0239 

ttH126_4mu_dphijj_genbin1_recobin2 acc 0.1571 eff 0.0318 outinratio 0.031 

ggH126_4mu_dphijj_genbin2_recobin2 acc 0.0109 eff 0.5197 outinratio 0.0 

VBFH126_4mu_dphijj_genbin2_recobin2 acc 0.0473 eff 0.5085 outinratio 0.0047 

WminusH126_4mu_dphijj_genbin2_recobin2 acc 0.0497 eff 0.4573 outinratio 0.0084 

WplusH126_4mu_dphijj_genbin2_recobin2 acc 0.0444 eff 0.4507 outinratio 0.005 

ZH126_4mu_dphijj_genbin2_recobin2 acc 0.0508 eff 0.4677 outinratio 0.0239 

ttH126_4mu_dphijj_genbin2_recobin2 acc 0.0962 eff 0.3072 outinratio 0.031 

ggH126_4mu_dphijj_genbin3_recobin2 acc 0.012 eff 0.0163 outinratio 0.0 

VBFH126_4mu_dphijj_genbin3_recobin2 acc 0.0448 eff 0.0274 outinratio 0.0047 

WminusH126_4mu_dphijj_genbin3_recobin2 acc 0.0521 eff 0.0308 outinratio 0.0084 

WplusH126_4mu_dphijj_genbin3_recobin2 acc 0.0465 eff 0.0278 outinratio 0.005 

ZH126_4mu_dphijj_genbin3_recobin2 acc 0.0476 eff 0.027 outinratio 0.0239 

ttH126_4mu_dphijj_genbin3_recobin2 acc 0.0898 eff 0.0307 outinratio 0.031 

ggH126_4mu_dphijj_genbin4_recobin2 acc 0.0112 eff 0.0102 outinratio 0.0 

VBFH126_4mu_dphijj_genbin4_recobin2 acc 0.058 eff 0.0036 outinratio 0.0047 

WminusH126_4mu_dphijj_genbin4_recobin2 acc 0.0414 eff 0.0241 outinratio 0.0084 

WplusH126_4mu_dphijj_genbin4_recobin2 acc 0.0333 eff 0.0179 outinratio 0.005 

ZH126_4mu_dphijj_genbin4_recobin2 acc 0.0462 eff 0.0125 outinratio 0.0239 

ttH126_4mu_dphijj_genbin4_recobin2 acc 0.1701 eff 0.016 outinratio 0.031 

ggH126_4mu_dphijj_genbin0_recobin3 acc 0.4309 eff 0.0044 outinratio 0.0113 

VBFH126_4mu_dphijj_genbin0_recobin3 acc 0.3125 eff 0.017 outinratio 0.0 

WminusH126_4mu_dphijj_genbin0_recobin3 acc 0.2547 eff 0.0169 outinratio 0.0161 

WplusH126_4mu_dphijj_genbin0_recobin3 acc 0.2223 eff 0.0174 outinratio 0.0009 

ZH126_4mu_dphijj_genbin0_recobin3 acc 0.2216 eff 0.0116 outinratio 0.0196 

ttH126_4mu_dphijj_genbin0_recobin3 acc 0.0155 eff 0.037 outinratio 0.0543 

ggH126_4mu_dphijj_genbin1_recobin3 acc 0.012 eff 0.0164 outinratio 0.0113 

VBFH126_4mu_dphijj_genbin1_recobin3 acc 0.0584 eff 0.0 outinratio 0.0 

WminusH126_4mu_dphijj_genbin1_recobin3 acc 0.0385 eff 0.0159 outinratio 0.0161 

WplusH126_4mu_dphijj_genbin1_recobin3 acc 0.0355 eff 0.0165 outinratio 0.0009 

ZH126_4mu_dphijj_genbin1_recobin3 acc 0.0449 eff 0.0188 outinratio 0.0196 

ttH126_4mu_dphijj_genbin1_recobin3 acc 0.1571 eff 0.0219 outinratio 0.0543 

ggH126_4mu_dphijj_genbin2_recobin3 acc 0.0109 eff 0.0363 outinratio 0.0113 

VBFH126_4mu_dphijj_genbin2_recobin3 acc 0.0473 eff 0.0188 outinratio 0.0 

WminusH126_4mu_dphijj_genbin2_recobin3 acc 0.0497 eff 0.0195 outinratio 0.0161 

WplusH126_4mu_dphijj_genbin2_recobin3 acc 0.0444 eff 0.0318 outinratio 0.0009 

ZH126_4mu_dphijj_genbin2_recobin3 acc 0.0508 eff 0.0246 outinratio 0.0196 

ttH126_4mu_dphijj_genbin2_recobin3 acc 0.0962 eff 0.0366 outinratio 0.0543 

ggH126_4mu_dphijj_genbin3_recobin3 acc 0.012 eff 0.4586 outinratio 0.0113 

VBFH126_4mu_dphijj_genbin3_recobin3 acc 0.0448 eff 0.5635 outinratio 0.0 

WminusH126_4mu_dphijj_genbin3_recobin3 acc 0.0521 eff 0.4684 outinratio 0.0161 

WplusH126_4mu_dphijj_genbin3_recobin3 acc 0.0465 eff 0.4459 outinratio 0.0009 

ZH126_4mu_dphijj_genbin3_recobin3 acc 0.0476 eff 0.4514 outinratio 0.0196 

ttH126_4mu_dphijj_genbin3_recobin3 acc 0.0898 eff 0.2762 outinratio 0.0543 

ggH126_4mu_dphijj_genbin4_recobin3 acc 0.0112 eff 0.0313 outinratio 0.0113 

VBFH126_4mu_dphijj_genbin4_recobin3 acc 0.058 eff 0.0104 outinratio 0.0 

WminusH126_4mu_dphijj_genbin4_recobin3 acc 0.0414 eff 0.0225 outinratio 0.0161 

WplusH126_4mu_dphijj_genbin4_recobin3 acc 0.0333 eff 0.0227 outinratio 0.0009 

ZH126_4mu_dphijj_genbin4_recobin3 acc 0.0462 eff 0.0186 outinratio 0.0196 

ttH126_4mu_dphijj_genbin4_recobin3 acc 0.1701 eff 0.0283 outinratio 0.0543 

ggH126_4mu_dphijj_genbin0_recobin4 acc 0.4309 eff 0.0038 outinratio 0.0164 

VBFH126_4mu_dphijj_genbin0_recobin4 acc 0.3125 eff 0.0236 outinratio 0.0 

WminusH126_4mu_dphijj_genbin0_recobin4 acc 0.2547 eff 0.0186 outinratio 0.0088 

WplusH126_4mu_dphijj_genbin0_recobin4 acc 0.2223 eff 0.0222 outinratio 0.0074 

ZH126_4mu_dphijj_genbin0_recobin4 acc 0.2216 eff 0.0174 outinratio 0.0132 

ttH126_4mu_dphijj_genbin0_recobin4 acc 0.0155 eff 0.103 outinratio 0.0189 

ggH126_4mu_dphijj_genbin1_recobin4 acc 0.012 eff 0.032 outinratio 0.0164 

VBFH126_4mu_dphijj_genbin1_recobin4 acc 0.0584 eff 0.0143 outinratio 0.0 

WminusH126_4mu_dphijj_genbin1_recobin4 acc 0.0385 eff 0.0464 outinratio 0.0088 

WplusH126_4mu_dphijj_genbin1_recobin4 acc 0.0355 eff 0.0343 outinratio 0.0074 

ZH126_4mu_dphijj_genbin1_recobin4 acc 0.0449 eff 0.0375 outinratio 0.0132 

ttH126_4mu_dphijj_genbin1_recobin4 acc 0.1571 eff 0.0383 outinratio 0.0189 

ggH126_4mu_dphijj_genbin2_recobin4 acc 0.0109 eff 0.0063 outinratio 0.0164 

VBFH126_4mu_dphijj_genbin2_recobin4 acc 0.0473 eff 0.0 outinratio 0.0 

WminusH126_4mu_dphijj_genbin2_recobin4 acc 0.0497 eff 0.025 outinratio 0.0088 

WplusH126_4mu_dphijj_genbin2_recobin4 acc 0.0444 eff 0.0137 outinratio 0.0074 

ZH126_4mu_dphijj_genbin2_recobin4 acc 0.0508 eff 0.0173 outinratio 0.0132 

ttH126_4mu_dphijj_genbin2_recobin4 acc 0.0962 eff 0.0433 outinratio 0.0189 

ggH126_4mu_dphijj_genbin3_recobin4 acc 0.012 eff 0.0113 outinratio 0.0164 

VBFH126_4mu_dphijj_genbin3_recobin4 acc 0.0448 eff 0.0102 outinratio 0.0 

WminusH126_4mu_dphijj_genbin3_recobin4 acc 0.0521 eff 0.0201 outinratio 0.0088 

WplusH126_4mu_dphijj_genbin3_recobin4 acc 0.0465 eff 0.0164 outinratio 0.0074 

ZH126_4mu_dphijj_genbin3_recobin4 acc 0.0476 eff 0.015 outinratio 0.0132 

ttH126_4mu_dphijj_genbin3_recobin4 acc 0.0898 eff 0.0578 outinratio 0.0189 

ggH126_4mu_dphijj_genbin4_recobin4 acc 0.0112 eff 0.4276 outinratio 0.0164 

VBFH126_4mu_dphijj_genbin4_recobin4 acc 0.058 eff 0.5073 outinratio 0.0 

WminusH126_4mu_dphijj_genbin4_recobin4 acc 0.0414 eff 0.3702 outinratio 0.0088 

WplusH126_4mu_dphijj_genbin4_recobin4 acc 0.0333 eff 0.4252 outinratio 0.0074 

ZH126_4mu_dphijj_genbin4_recobin4 acc 0.0462 eff 0.37 outinratio 0.0132 

ttH126_4mu_dphijj_genbin4_recobin4 acc 0.1701 eff 0.3497 outinratio 0.0189 

ggH126_2e2mu_dphijj_genbin0_recobin0 acc 0.4006 eff 0.4598 outinratio 0.0071 

VBFH126_2e2mu_dphijj_genbin0_recobin0 acc 0.2799 eff 0.4352 outinratio 0.0043 

WminusH126_2e2mu_dphijj_genbin0_recobin0 acc 0.237 eff 0.3899 outinratio 0.0257 

WplusH126_2e2mu_dphijj_genbin0_recobin0 acc 0.2047 eff 0.3884 outinratio 0.024 

ZH126_2e2mu_dphijj_genbin0_recobin0 acc 0.2077 eff 0.3955 outinratio 0.0729 

ttH126_2e2mu_dphijj_genbin0_recobin0 acc 0.0132 eff 0.1209 outinratio 0.0237 

ggH126_2e2mu_dphijj_genbin1_recobin0 acc 0.0104 eff 0.0643 outinratio 0.0071 

VBFH126_2e2mu_dphijj_genbin1_recobin0 acc 0.0507 eff 0.0904 outinratio 0.0043 

WminusH126_2e2mu_dphijj_genbin1_recobin0 acc 0.038 eff 0.0508 outinratio 0.0257 

WplusH126_2e2mu_dphijj_genbin1_recobin0 acc 0.0339 eff 0.0585 outinratio 0.024 

ZH126_2e2mu_dphijj_genbin1_recobin0 acc 0.0401 eff 0.0761 outinratio 0.0729 

ttH126_2e2mu_dphijj_genbin1_recobin0 acc 0.1422 eff 0.003 outinratio 0.0237 

ggH126_2e2mu_dphijj_genbin2_recobin0 acc 0.0119 eff 0.1023 outinratio 0.0071 

VBFH126_2e2mu_dphijj_genbin2_recobin0 acc 0.0459 eff 0.093 outinratio 0.0043 

WminusH126_2e2mu_dphijj_genbin2_recobin0 acc 0.0486 eff 0.0618 outinratio 0.0257 

WplusH126_2e2mu_dphijj_genbin2_recobin0 acc 0.0454 eff 0.0444 outinratio 0.024 

ZH126_2e2mu_dphijj_genbin2_recobin0 acc 0.0472 eff 0.0591 outinratio 0.0729 

ttH126_2e2mu_dphijj_genbin2_recobin0 acc 0.0827 eff 0.004 outinratio 0.0237 

ggH126_2e2mu_dphijj_genbin3_recobin0 acc 0.0106 eff 0.0809 outinratio 0.0071 

VBFH126_2e2mu_dphijj_genbin3_recobin0 acc 0.043 eff 0.0833 outinratio 0.0043 

WminusH126_2e2mu_dphijj_genbin3_recobin0 acc 0.0482 eff 0.0616 outinratio 0.0257 

WplusH126_2e2mu_dphijj_genbin3_recobin0 acc 0.0466 eff 0.0518 outinratio 0.024 

ZH126_2e2mu_dphijj_genbin3_recobin0 acc 0.0499 eff 0.0619 outinratio 0.0729 

ttH126_2e2mu_dphijj_genbin3_recobin0 acc 0.09 eff 0.0076 outinratio 0.0237 

ggH126_2e2mu_dphijj_genbin4_recobin0 acc 0.0111 eff 0.0507 outinratio 0.0071 

VBFH126_2e2mu_dphijj_genbin4_recobin0 acc 0.0522 eff 0.0595 outinratio 0.0043 

WminusH126_2e2mu_dphijj_genbin4_recobin0 acc 0.0377 eff 0.0545 outinratio 0.0257 

WplusH126_2e2mu_dphijj_genbin4_recobin0 acc 0.0339 eff 0.0603 outinratio 0.024 

ZH126_2e2mu_dphijj_genbin4_recobin0 acc 0.042 eff 0.0851 outinratio 0.0729 

ttH126_2e2mu_dphijj_genbin4_recobin0 acc 0.1446 eff 0.005 outinratio 0.0237 

ggH126_2e2mu_dphijj_genbin0_recobin1 acc 0.4006 eff 0.0049 outinratio 0.0032 

VBFH126_2e2mu_dphijj_genbin0_recobin1 acc 0.2799 eff 0.0181 outinratio 0.0 

WminusH126_2e2mu_dphijj_genbin0_recobin1 acc 0.237 eff 0.0159 outinratio 0.0157 

WplusH126_2e2mu_dphijj_genbin0_recobin1 acc 0.2047 eff 0.0143 outinratio 0.0061 

ZH126_2e2mu_dphijj_genbin0_recobin1 acc 0.2077 eff 0.0116 outinratio 0.0544 

ttH126_2e2mu_dphijj_genbin0_recobin1 acc 0.0132 eff 0.1034 outinratio 0.0401 

ggH126_2e2mu_dphijj_genbin1_recobin1 acc 0.0104 eff 0.3566 outinratio 0.0032 

VBFH126_2e2mu_dphijj_genbin1_recobin1 acc 0.0507 eff 0.4758 outinratio 0.0 

WminusH126_2e2mu_dphijj_genbin1_recobin1 acc 0.038 eff 0.3235 outinratio 0.0157 

WplusH126_2e2mu_dphijj_genbin1_recobin1 acc 0.0339 eff 0.3502 outinratio 0.0061 

ZH126_2e2mu_dphijj_genbin1_recobin1 acc 0.0401 eff 0.34 outinratio 0.0544 

ttH126_2e2mu_dphijj_genbin1_recobin1 acc 0.1422 eff 0.2761 outinratio 0.0401 

ggH126_2e2mu_dphijj_genbin2_recobin1 acc 0.0119 eff 0.017 outinratio 0.0032 

VBFH126_2e2mu_dphijj_genbin2_recobin1 acc 0.0459 eff 0.0178 outinratio 0.0 

WminusH126_2e2mu_dphijj_genbin2_recobin1 acc 0.0486 eff 0.0147 outinratio 0.0157 

WplusH126_2e2mu_dphijj_genbin2_recobin1 acc 0.0454 eff 0.0154 outinratio 0.0061 

ZH126_2e2mu_dphijj_genbin2_recobin1 acc 0.0472 eff 0.0123 outinratio 0.0544 

ttH126_2e2mu_dphijj_genbin2_recobin1 acc 0.0827 eff 0.0466 outinratio 0.0401 

ggH126_2e2mu_dphijj_genbin3_recobin1 acc 0.0106 eff 0.008 outinratio 0.0032 

VBFH126_2e2mu_dphijj_genbin3_recobin1 acc 0.043 eff 0.0 outinratio 0.0 

WminusH126_2e2mu_dphijj_genbin3_recobin1 acc 0.0482 eff 0.014 outinratio 0.0157 

WplusH126_2e2mu_dphijj_genbin3_recobin1 acc 0.0466 eff 0.0137 outinratio 0.0061 

ZH126_2e2mu_dphijj_genbin3_recobin1 acc 0.0499 eff 0.0077 outinratio 0.0544 

ttH126_2e2mu_dphijj_genbin3_recobin1 acc 0.09 eff 0.0586 outinratio 0.0401 

ggH126_2e2mu_dphijj_genbin4_recobin1 acc 0.0111 eff 0.024 outinratio 0.0032 

VBFH126_2e2mu_dphijj_genbin4_recobin1 acc 0.0522 eff 0.0007 outinratio 0.0 

WminusH126_2e2mu_dphijj_genbin4_recobin1 acc 0.0377 eff 0.025 outinratio 0.0157 

WplusH126_2e2mu_dphijj_genbin4_recobin1 acc 0.0339 eff 0.0248 outinratio 0.0061 

ZH126_2e2mu_dphijj_genbin4_recobin1 acc 0.042 eff 0.026 outinratio 0.0544 

ttH126_2e2mu_dphijj_genbin4_recobin1 acc 0.1446 eff 0.0431 outinratio 0.0401 

ggH126_2e2mu_dphijj_genbin0_recobin2 acc 0.4006 eff 0.0033 outinratio 0.0157 

VBFH126_2e2mu_dphijj_genbin0_recobin2 acc 0.2799 eff 0.0139 outinratio 0.0 

WminusH126_2e2mu_dphijj_genbin0_recobin2 acc 0.237 eff 0.0121 outinratio 0.0122 

WplusH126_2e2mu_dphijj_genbin0_recobin2 acc 0.2047 eff 0.0137 outinratio 0.013 

ZH126_2e2mu_dphijj_genbin0_recobin2 acc 0.2077 eff 0.0105 outinratio 0.0321 

ttH126_2e2mu_dphijj_genbin0_recobin2 acc 0.0132 eff 0.0143 outinratio 0.056 

ggH126_2e2mu_dphijj_genbin1_recobin2 acc 0.0104 eff 0.0246 outinratio 0.0157 

VBFH126_2e2mu_dphijj_genbin1_recobin2 acc 0.0507 eff 0.0037 outinratio 0.0 

WminusH126_2e2mu_dphijj_genbin1_recobin2 acc 0.038 eff 0.0224 outinratio 0.0122 

WplusH126_2e2mu_dphijj_genbin1_recobin2 acc 0.0339 eff 0.0135 outinratio 0.013 

ZH126_2e2mu_dphijj_genbin1_recobin2 acc 0.0401 eff 0.0172 outinratio 0.0321 

ttH126_2e2mu_dphijj_genbin1_recobin2 acc 0.1422 eff 0.0266 outinratio 0.056 

ggH126_2e2mu_dphijj_genbin2_recobin2 acc 0.0119 eff 0.3305 outinratio 0.0157 

VBFH126_2e2mu_dphijj_genbin2_recobin2 acc 0.0459 eff 0.3838 outinratio 0.0 

WminusH126_2e2mu_dphijj_genbin2_recobin2 acc 0.0486 eff 0.3792 outinratio 0.0122 

WplusH126_2e2mu_dphijj_genbin2_recobin2 acc 0.0454 eff 0.3907 outinratio 0.013 

ZH126_2e2mu_dphijj_genbin2_recobin2 acc 0.0472 eff 0.3779 outinratio 0.0321 

ttH126_2e2mu_dphijj_genbin2_recobin2 acc 0.0827 eff 0.2667 outinratio 0.056 

ggH126_2e2mu_dphijj_genbin3_recobin2 acc 0.0106 eff 0.0169 outinratio 0.0157 

VBFH126_2e2mu_dphijj_genbin3_recobin2 acc 0.043 eff 0.0173 outinratio 0.0 

WminusH126_2e2mu_dphijj_genbin3_recobin2 acc 0.0482 eff 0.0187 outinratio 0.0122 

WplusH126_2e2mu_dphijj_genbin3_recobin2 acc 0.0466 eff 0.028 outinratio 0.013 

ZH126_2e2mu_dphijj_genbin3_recobin2 acc 0.0499 eff 0.0176 outinratio 0.0321 

ttH126_2e2mu_dphijj_genbin3_recobin2 acc 0.09 eff 0.0203 outinratio 0.056 

ggH126_2e2mu_dphijj_genbin4_recobin2 acc 0.0111 eff 0.0139 outinratio 0.0157 

VBFH126_2e2mu_dphijj_genbin4_recobin2 acc 0.0522 eff 0.0192 outinratio 0.0 

WminusH126_2e2mu_dphijj_genbin4_recobin2 acc 0.0377 eff 0.0192 outinratio 0.0122 

WplusH126_2e2mu_dphijj_genbin4_recobin2 acc 0.0339 eff 0.0155 outinratio 0.013 

ZH126_2e2mu_dphijj_genbin4_recobin2 acc 0.042 eff 0.0063 outinratio 0.0321 

ttH126_2e2mu_dphijj_genbin4_recobin2 acc 0.1446 eff 0.0234 outinratio 0.056 

ggH126_2e2mu_dphijj_genbin0_recobin3 acc 0.4006 eff 0.0033 outinratio 0.0044 

VBFH126_2e2mu_dphijj_genbin0_recobin3 acc 0.2799 eff 0.0129 outinratio 0.0071 

WminusH126_2e2mu_dphijj_genbin0_recobin3 acc 0.237 eff 0.0115 outinratio 0.0091 

WplusH126_2e2mu_dphijj_genbin0_recobin3 acc 0.2047 eff 0.0137 outinratio 0.009 

ZH126_2e2mu_dphijj_genbin0_recobin3 acc 0.2077 eff 0.0098 outinratio 0.0419 

ttH126_2e2mu_dphijj_genbin0_recobin3 acc 0.0132 eff 0.027 outinratio 0.0357 

ggH126_2e2mu_dphijj_genbin1_recobin3 acc 0.0104 eff 0.0095 outinratio 0.0044 

VBFH126_2e2mu_dphijj_genbin1_recobin3 acc 0.0507 eff 0.0 outinratio 0.0071 

WminusH126_2e2mu_dphijj_genbin1_recobin3 acc 0.038 eff 0.0205 outinratio 0.0091 

WplusH126_2e2mu_dphijj_genbin1_recobin3 acc 0.0339 eff 0.0136 outinratio 0.009 

ZH126_2e2mu_dphijj_genbin1_recobin3 acc 0.0401 eff 0.0163 outinratio 0.0419 

ttH126_2e2mu_dphijj_genbin1_recobin3 acc 0.1422 eff 0.0176 outinratio 0.0357 

ggH126_2e2mu_dphijj_genbin2_recobin3 acc 0.0119 eff 0.032 outinratio 0.0044 

VBFH126_2e2mu_dphijj_genbin2_recobin3 acc 0.0459 eff 0.0177 outinratio 0.0071 

WminusH126_2e2mu_dphijj_genbin2_recobin3 acc 0.0486 eff 0.0263 outinratio 0.0091 

WplusH126_2e2mu_dphijj_genbin2_recobin3 acc 0.0454 eff 0.0262 outinratio 0.009 

ZH126_2e2mu_dphijj_genbin2_recobin3 acc 0.0472 eff 0.0255 outinratio 0.0419 

ttH126_2e2mu_dphijj_genbin2_recobin3 acc 0.0827 eff 0.0292 outinratio 0.0357 

ggH126_2e2mu_dphijj_genbin3_recobin3 acc 0.0106 eff 0.3785 outinratio 0.0044 

VBFH126_2e2mu_dphijj_genbin3_recobin3 acc 0.043 eff 0.4273 outinratio 0.0071 

WminusH126_2e2mu_dphijj_genbin3_recobin3 acc 0.0482 eff 0.3866 outinratio 0.0091 

WplusH126_2e2mu_dphijj_genbin3_recobin3 acc 0.0466 eff 0.371 outinratio 0.009 

ZH126_2e2mu_dphijj_genbin3_recobin3 acc 0.0499 eff 0.3751 outinratio 0.0419 

ttH126_2e2mu_dphijj_genbin3_recobin3 acc 0.09 eff 0.2441 outinratio 0.0357 

ggH126_2e2mu_dphijj_genbin4_recobin3 acc 0.0111 eff 0.0086 outinratio 0.0044 

VBFH126_2e2mu_dphijj_genbin4_recobin3 acc 0.0522 eff 0.011 outinratio 0.0071 

WminusH126_2e2mu_dphijj_genbin4_recobin3 acc 0.0377 eff 0.0169 outinratio 0.0091 

WplusH126_2e2mu_dphijj_genbin4_recobin3 acc 0.0339 eff 0.022 outinratio 0.009 

ZH126_2e2mu_dphijj_genbin4_recobin3 acc 0.042 eff 0.009 outinratio 0.0419 

ttH126_2e2mu_dphijj_genbin4_recobin3 acc 0.1446 eff 0.0133 outinratio 0.0357 

ggH126_2e2mu_dphijj_genbin0_recobin4 acc 0.4006 eff 0.0043 outinratio 0.0074 

VBFH126_2e2mu_dphijj_genbin0_recobin4 acc 0.2799 eff 0.0129 outinratio 0.0069 

WminusH126_2e2mu_dphijj_genbin0_recobin4 acc 0.237 eff 0.02 outinratio 0.0113 

WplusH126_2e2mu_dphijj_genbin0_recobin4 acc 0.2047 eff 0.0163 outinratio 0.008 

ZH126_2e2mu_dphijj_genbin0_recobin4 acc 0.2077 eff 0.0123 outinratio 0.0443 

ttH126_2e2mu_dphijj_genbin0_recobin4 acc 0.0132 eff 0.0785 outinratio 0.0459 

ggH126_2e2mu_dphijj_genbin1_recobin4 acc 0.0104 eff 0.0155 outinratio 0.0074 

VBFH126_2e2mu_dphijj_genbin1_recobin4 acc 0.0507 eff 0.0098 outinratio 0.0069 

WminusH126_2e2mu_dphijj_genbin1_recobin4 acc 0.038 eff 0.0337 outinratio 0.0113 

WplusH126_2e2mu_dphijj_genbin1_recobin4 acc 0.0339 eff 0.0265 outinratio 0.008 

ZH126_2e2mu_dphijj_genbin1_recobin4 acc 0.0401 eff 0.0235 outinratio 0.0443 

ttH126_2e2mu_dphijj_genbin1_recobin4 acc 0.1422 eff 0.0364 outinratio 0.0459 

ggH126_2e2mu_dphijj_genbin2_recobin4 acc 0.0119 eff 0.0122 outinratio 0.0074 

VBFH126_2e2mu_dphijj_genbin2_recobin4 acc 0.0459 eff 0.0016 outinratio 0.0069 

WminusH126_2e2mu_dphijj_genbin2_recobin4 acc 0.0486 eff 0.0173 outinratio 0.0113 

WplusH126_2e2mu_dphijj_genbin2_recobin4 acc 0.0454 eff 0.0145 outinratio 0.008 

ZH126_2e2mu_dphijj_genbin2_recobin4 acc 0.0472 eff 0.0121 outinratio 0.0443 

ttH126_2e2mu_dphijj_genbin2_recobin4 acc 0.0827 eff 0.0603 outinratio 0.0459 

ggH126_2e2mu_dphijj_genbin3_recobin4 acc 0.0106 eff 0.0288 outinratio 0.0074 

VBFH126_2e2mu_dphijj_genbin3_recobin4 acc 0.043 eff 0.0136 outinratio 0.0069 

WminusH126_2e2mu_dphijj_genbin3_recobin4 acc 0.0482 eff 0.0219 outinratio 0.0113 

WplusH126_2e2mu_dphijj_genbin3_recobin4 acc 0.0466 eff 0.0126 outinratio 0.008 

ZH126_2e2mu_dphijj_genbin3_recobin4 acc 0.0499 eff 0.0161 outinratio 0.0443 

ttH126_2e2mu_dphijj_genbin3_recobin4 acc 0.09 eff 0.0494 outinratio 0.0459 

ggH126_2e2mu_dphijj_genbin4_recobin4 acc 0.0111 eff 0.372 outinratio 0.0074 

VBFH126_2e2mu_dphijj_genbin4_recobin4 acc 0.0522 eff 0.4046 outinratio 0.0069 

WminusH126_2e2mu_dphijj_genbin4_recobin4 acc 0.0377 eff 0.3581 outinratio 0.0113 

WplusH126_2e2mu_dphijj_genbin4_recobin4 acc 0.0339 eff 0.343 outinratio 0.008 

ZH126_2e2mu_dphijj_genbin4_recobin4 acc 0.042 eff 0.3076 outinratio 0.0443 

ttH126_2e2mu_dphijj_genbin4_recobin4 acc 0.1446 eff 0.2698 outinratio 0.0459 

Coeff fullNNLOPS
