Welcome in RunCoefficients!
OPT SPLIT
DEBUG opt.YEAR = 2022EE_6
It is a single-differential measurement, binning [0.0, 1.0, 2.0, 3.0, 4.0, 20.0]
Nj
Following observables extracted from dictionary: RECO =  Nj  GEN =  GENNj
LUMI: 4.4454666666666665
ttH126 0.00016778593
Processing ggH126 2022EE_6
Signal created
Signal failed created
Processing VBFH126 2022EE_6
Signal created
Signal failed created
Processing WminusH126 2022EE_6
Signal created
Signal failed created
Processing WplusH126 2022EE_6
Signal created
Signal failed created
Processing ZH126 2022EE_6
Signal created
Signal failed created
Processing ttH126 2022EE_6
Signal created
Signal failed created
2022EE_6 SKIMMED df CREATED
2022EE_6 ggH126
2022EE_6 VBFH126
2022EE_6 WminusH126
2022EE_6 WplusH126
2022EE_6 ZH126
2022EE_6 ttH126
Dataframes created successfully
Coeff std
ggH126_4l_Nj_genbin0_recobin0 acc 0.2919 eff 0.4378 outinratio 0.0076 

VBFH126_4l_Nj_genbin0_recobin0 acc 0.0692 eff 0.3604 outinratio 0.0 

WminusH126_4l_Nj_genbin0_recobin0 acc 0.1023 eff 0.3365 outinratio 0.0301 

WplusH126_4l_Nj_genbin0_recobin0 acc 0.0874 eff 0.3352 outinratio 0.0387 

ZH126_4l_Nj_genbin0_recobin0 acc 0.0832 eff 0.3984 outinratio 0.069 

ttH126_4l_Nj_genbin0_recobin0 acc 0.0016 eff 0.115 outinratio 0.1031 

ggH126_4l_Nj_genbin1_recobin0 acc 0.1115 eff 0.062 outinratio 0.0076 

VBFH126_4l_Nj_genbin1_recobin0 acc 0.2214 eff 0.0274 outinratio 0.0 

WminusH126_4l_Nj_genbin1_recobin0 acc 0.1375 eff 0.034 outinratio 0.0301 

WplusH126_4l_Nj_genbin1_recobin0 acc 0.1187 eff 0.0311 outinratio 0.0387 

ZH126_4l_Nj_genbin1_recobin0 acc 0.1265 eff 0.0417 outinratio 0.069 

ttH126_4l_Nj_genbin1_recobin0 acc 0.0125 eff 0.022 outinratio 0.1031 

ggH126_4l_Nj_genbin2_recobin0 acc 0.0327 eff 0.007 outinratio 0.0076 

VBFH126_4l_Nj_genbin2_recobin0 acc 0.1683 eff 0.0074 outinratio 0.0 

WminusH126_4l_Nj_genbin2_recobin0 acc 0.1147 eff 0.0044 outinratio 0.0301 

WplusH126_4l_Nj_genbin2_recobin0 acc 0.1037 eff 0.0046 outinratio 0.0387 

ZH126_4l_Nj_genbin2_recobin0 acc 0.1202 eff 0.0083 outinratio 0.069 

ttH126_4l_Nj_genbin2_recobin0 acc 0.049 eff 0.0025 outinratio 0.1031 

ggH126_4l_Nj_genbin3_recobin0 acc 0.0083 eff 0.0 outinratio 0.0076 

VBFH126_4l_Nj_genbin3_recobin0 acc 0.0192 eff 0.0 outinratio 0.0 

WminusH126_4l_Nj_genbin3_recobin0 acc 0.0394 eff 0.0003 outinratio 0.0301 

WplusH126_4l_Nj_genbin3_recobin0 acc 0.0358 eff 0.0009 outinratio 0.0387 

ZH126_4l_Nj_genbin3_recobin0 acc 0.0417 eff 0.001 outinratio 0.069 

ttH126_4l_Nj_genbin3_recobin0 acc 0.0964 eff 0.0 outinratio 0.1031 

ggH126_4l_Nj_genbin4_recobin0 acc 0.0028 eff 0.0 outinratio 0.0076 

VBFH126_4l_Nj_genbin4_recobin0 acc 0.0029 eff 0.0 outinratio 0.0 

WminusH126_4l_Nj_genbin4_recobin0 acc 0.018 eff 0.0 outinratio 0.0301 

WplusH126_4l_Nj_genbin4_recobin0 acc 0.0173 eff 0.0 outinratio 0.0387 

ZH126_4l_Nj_genbin4_recobin0 acc 0.0207 eff 0.0 outinratio 0.069 

ttH126_4l_Nj_genbin4_recobin0 acc 0.3266 eff 0.0 outinratio 0.1031 

ggH126_4l_Nj_genbin0_recobin1 acc 0.2919 eff 0.0502 outinratio 0.0086 

VBFH126_4l_Nj_genbin0_recobin1 acc 0.0692 eff 0.1464 outinratio 0.0098 

WminusH126_4l_Nj_genbin0_recobin1 acc 0.1023 eff 0.1174 outinratio 0.0175 

WplusH126_4l_Nj_genbin0_recobin1 acc 0.0874 eff 0.1123 outinratio 0.0176 

ZH126_4l_Nj_genbin0_recobin1 acc 0.0832 eff 0.0653 outinratio 0.0558 

ttH126_4l_Nj_genbin0_recobin1 acc 0.0016 eff 0.1337 outinratio 0.1379 

ggH126_4l_Nj_genbin1_recobin1 acc 0.1115 eff 0.3872 outinratio 0.0086 

VBFH126_4l_Nj_genbin1_recobin1 acc 0.2214 eff 0.4096 outinratio 0.0098 

WminusH126_4l_Nj_genbin1_recobin1 acc 0.1375 eff 0.3248 outinratio 0.0175 

WplusH126_4l_Nj_genbin1_recobin1 acc 0.1187 eff 0.3317 outinratio 0.0176 

ZH126_4l_Nj_genbin1_recobin1 acc 0.1265 eff 0.3359 outinratio 0.0558 

ttH126_4l_Nj_genbin1_recobin1 acc 0.0125 eff 0.1181 outinratio 0.1379 

ggH126_4l_Nj_genbin2_recobin1 acc 0.0327 eff 0.0982 outinratio 0.0086 

VBFH126_4l_Nj_genbin2_recobin1 acc 0.1683 eff 0.1012 outinratio 0.0098 

WminusH126_4l_Nj_genbin2_recobin1 acc 0.1147 eff 0.0739 outinratio 0.0175 

WplusH126_4l_Nj_genbin2_recobin1 acc 0.1037 eff 0.0689 outinratio 0.0176 

ZH126_4l_Nj_genbin2_recobin1 acc 0.1202 eff 0.0859 outinratio 0.0558 

ttH126_4l_Nj_genbin2_recobin1 acc 0.049 eff 0.0323 outinratio 0.1379 

ggH126_4l_Nj_genbin3_recobin1 acc 0.0083 eff 0.0188 outinratio 0.0086 

VBFH126_4l_Nj_genbin3_recobin1 acc 0.0192 eff 0.0047 outinratio 0.0098 

WminusH126_4l_Nj_genbin3_recobin1 acc 0.0394 eff 0.0144 outinratio 0.0175 

WplusH126_4l_Nj_genbin3_recobin1 acc 0.0358 eff 0.0123 outinratio 0.0176 

ZH126_4l_Nj_genbin3_recobin1 acc 0.0417 eff 0.0188 outinratio 0.0558 

ttH126_4l_Nj_genbin3_recobin1 acc 0.0964 eff 0.0059 outinratio 0.1379 

ggH126_4l_Nj_genbin4_recobin1 acc 0.0028 eff 0.0 outinratio 0.0086 

VBFH126_4l_Nj_genbin4_recobin1 acc 0.0029 eff 0.0 outinratio 0.0098 

WminusH126_4l_Nj_genbin4_recobin1 acc 0.018 eff 0.0009 outinratio 0.0175 

WplusH126_4l_Nj_genbin4_recobin1 acc 0.0173 eff 0.0006 outinratio 0.0176 

ZH126_4l_Nj_genbin4_recobin1 acc 0.0207 eff 0.0019 outinratio 0.0558 

ttH126_4l_Nj_genbin4_recobin1 acc 0.3266 eff 0.0007 outinratio 0.1379 

ggH126_4l_Nj_genbin0_recobin2 acc 0.2919 eff 0.004 outinratio 0.0072 

VBFH126_4l_Nj_genbin0_recobin2 acc 0.0692 eff 0.0114 outinratio 0.0037 

WminusH126_4l_Nj_genbin0_recobin2 acc 0.1023 eff 0.015 outinratio 0.0122 

WplusH126_4l_Nj_genbin0_recobin2 acc 0.0874 eff 0.0099 outinratio 0.0128 

ZH126_4l_Nj_genbin0_recobin2 acc 0.0832 eff 0.0096 outinratio 0.0348 

ttH126_4l_Nj_genbin0_recobin2 acc 0.0016 eff 0.0 outinratio 0.0733 

ggH126_4l_Nj_genbin1_recobin2 acc 0.1115 eff 0.0497 outinratio 0.0072 

VBFH126_4l_Nj_genbin1_recobin2 acc 0.2214 eff 0.0946 outinratio 0.0037 

WminusH126_4l_Nj_genbin1_recobin2 acc 0.1375 eff 0.0909 outinratio 0.0122 

WplusH126_4l_Nj_genbin1_recobin2 acc 0.1187 eff 0.0904 outinratio 0.0128 

ZH126_4l_Nj_genbin1_recobin2 acc 0.1265 eff 0.0768 outinratio 0.0348 

ttH126_4l_Nj_genbin1_recobin2 acc 0.0125 eff 0.1329 outinratio 0.0733 

ggH126_4l_Nj_genbin2_recobin2 acc 0.0327 eff 0.3475 outinratio 0.0072 

VBFH126_4l_Nj_genbin2_recobin2 acc 0.1683 eff 0.3748 outinratio 0.0037 

WminusH126_4l_Nj_genbin2_recobin2 acc 0.1147 eff 0.3496 outinratio 0.0122 

WplusH126_4l_Nj_genbin2_recobin2 acc 0.1037 eff 0.3593 outinratio 0.0128 

ZH126_4l_Nj_genbin2_recobin2 acc 0.1202 eff 0.3435 outinratio 0.0348 

ttH126_4l_Nj_genbin2_recobin2 acc 0.049 eff 0.1572 outinratio 0.0733 

ggH126_4l_Nj_genbin3_recobin2 acc 0.0083 eff 0.1246 outinratio 0.0072 

VBFH126_4l_Nj_genbin3_recobin2 acc 0.0192 eff 0.1426 outinratio 0.0037 

WminusH126_4l_Nj_genbin3_recobin2 acc 0.0394 eff 0.1054 outinratio 0.0122 

WplusH126_4l_Nj_genbin3_recobin2 acc 0.0358 eff 0.1224 outinratio 0.0128 

ZH126_4l_Nj_genbin3_recobin2 acc 0.0417 eff 0.1092 outinratio 0.0348 

ttH126_4l_Nj_genbin3_recobin2 acc 0.0964 eff 0.0658 outinratio 0.0733 

ggH126_4l_Nj_genbin4_recobin2 acc 0.0028 eff 0.0161 outinratio 0.0072 

VBFH126_4l_Nj_genbin4_recobin2 acc 0.0029 eff 0.0 outinratio 0.0037 

WminusH126_4l_Nj_genbin4_recobin2 acc 0.018 eff 0.0174 outinratio 0.0122 

WplusH126_4l_Nj_genbin4_recobin2 acc 0.0173 eff 0.019 outinratio 0.0128 

ZH126_4l_Nj_genbin4_recobin2 acc 0.0207 eff 0.0185 outinratio 0.0348 

ttH126_4l_Nj_genbin4_recobin2 acc 0.3266 eff 0.008 outinratio 0.0733 

ggH126_4l_Nj_genbin0_recobin3 acc 0.2919 eff 0.0003 outinratio 0.0103 

VBFH126_4l_Nj_genbin0_recobin3 acc 0.0692 eff 0.0 outinratio 0.0 

WminusH126_4l_Nj_genbin0_recobin3 acc 0.1023 eff 0.0019 outinratio 0.0122 

WplusH126_4l_Nj_genbin0_recobin3 acc 0.0874 eff 0.0009 outinratio 0.0091 

ZH126_4l_Nj_genbin0_recobin3 acc 0.0832 eff 0.0004 outinratio 0.0272 

ttH126_4l_Nj_genbin0_recobin3 acc 0.0016 eff 0.0 outinratio 0.0533 

ggH126_4l_Nj_genbin1_recobin3 acc 0.1115 eff 0.0037 outinratio 0.0103 

VBFH126_4l_Nj_genbin1_recobin3 acc 0.2214 eff 0.0026 outinratio 0.0 

WminusH126_4l_Nj_genbin1_recobin3 acc 0.1375 eff 0.0085 outinratio 0.0122 

WplusH126_4l_Nj_genbin1_recobin3 acc 0.1187 eff 0.0089 outinratio 0.0091 

ZH126_4l_Nj_genbin1_recobin3 acc 0.1265 eff 0.0086 outinratio 0.0272 

ttH126_4l_Nj_genbin1_recobin3 acc 0.0125 eff 0.0467 outinratio 0.0533 

ggH126_4l_Nj_genbin2_recobin3 acc 0.0327 eff 0.0529 outinratio 0.0103 

VBFH126_4l_Nj_genbin2_recobin3 acc 0.1683 eff 0.0284 outinratio 0.0 

WminusH126_4l_Nj_genbin2_recobin3 acc 0.1147 eff 0.0536 outinratio 0.0122 

WplusH126_4l_Nj_genbin2_recobin3 acc 0.1037 eff 0.056 outinratio 0.0091 

ZH126_4l_Nj_genbin2_recobin3 acc 0.1202 eff 0.0507 outinratio 0.0272 

ttH126_4l_Nj_genbin2_recobin3 acc 0.049 eff 0.1294 outinratio 0.0533 

ggH126_4l_Nj_genbin3_recobin3 acc 0.0083 eff 0.3276 outinratio 0.0103 

VBFH126_4l_Nj_genbin3_recobin3 acc 0.0192 eff 0.3179 outinratio 0.0 

WminusH126_4l_Nj_genbin3_recobin3 acc 0.0394 eff 0.296 outinratio 0.0122 

WplusH126_4l_Nj_genbin3_recobin3 acc 0.0358 eff 0.3011 outinratio 0.0091 

ZH126_4l_Nj_genbin3_recobin3 acc 0.0417 eff 0.2937 outinratio 0.0272 

ttH126_4l_Nj_genbin3_recobin3 acc 0.0964 eff 0.1853 outinratio 0.0533 

ggH126_4l_Nj_genbin4_recobin3 acc 0.0028 eff 0.1342 outinratio 0.0103 

VBFH126_4l_Nj_genbin4_recobin3 acc 0.0029 eff 0.0827 outinratio 0.0 

WminusH126_4l_Nj_genbin4_recobin3 acc 0.018 eff 0.1115 outinratio 0.0122 

WplusH126_4l_Nj_genbin4_recobin3 acc 0.0173 eff 0.0988 outinratio 0.0091 

ZH126_4l_Nj_genbin4_recobin3 acc 0.0207 eff 0.0993 outinratio 0.0272 

ttH126_4l_Nj_genbin4_recobin3 acc 0.3266 eff 0.0431 outinratio 0.0533 

ggH126_4l_Nj_genbin0_recobin4 acc 0.2919 eff 0.0 outinratio 0.0107 

VBFH126_4l_Nj_genbin0_recobin4 acc 0.0692 eff 0.0 outinratio 0.0 

WminusH126_4l_Nj_genbin0_recobin4 acc 0.1023 eff 0.0 outinratio 0.0107 

WplusH126_4l_Nj_genbin0_recobin4 acc 0.0874 eff 0.0 outinratio 0.0131 

ZH126_4l_Nj_genbin0_recobin4 acc 0.0832 eff 0.0 outinratio 0.0384 

ttH126_4l_Nj_genbin0_recobin4 acc 0.0016 eff 0.0 outinratio 0.0311 

ggH126_4l_Nj_genbin1_recobin4 acc 0.1115 eff 0.0004 outinratio 0.0107 

VBFH126_4l_Nj_genbin1_recobin4 acc 0.2214 eff 0.0 outinratio 0.0 

WminusH126_4l_Nj_genbin1_recobin4 acc 0.1375 eff 0.0009 outinratio 0.0107 

WplusH126_4l_Nj_genbin1_recobin4 acc 0.1187 eff 0.0003 outinratio 0.0131 

ZH126_4l_Nj_genbin1_recobin4 acc 0.1265 eff 0.0011 outinratio 0.0384 

ttH126_4l_Nj_genbin1_recobin4 acc 0.0125 eff 0.0151 outinratio 0.0311 

ggH126_4l_Nj_genbin2_recobin4 acc 0.0327 eff 0.0035 outinratio 0.0107 

VBFH126_4l_Nj_genbin2_recobin4 acc 0.1683 eff 0.0037 outinratio 0.0 

WminusH126_4l_Nj_genbin2_recobin4 acc 0.1147 eff 0.0069 outinratio 0.0107 

WplusH126_4l_Nj_genbin2_recobin4 acc 0.1037 eff 0.0054 outinratio 0.0131 

ZH126_4l_Nj_genbin2_recobin4 acc 0.1202 eff 0.0048 outinratio 0.0384 

ttH126_4l_Nj_genbin2_recobin4 acc 0.049 eff 0.0371 outinratio 0.0311 

ggH126_4l_Nj_genbin3_recobin4 acc 0.0083 eff 0.0442 outinratio 0.0107 

VBFH126_4l_Nj_genbin3_recobin4 acc 0.0192 eff 0.0355 outinratio 0.0 

WminusH126_4l_Nj_genbin3_recobin4 acc 0.0394 eff 0.0523 outinratio 0.0107 

WplusH126_4l_Nj_genbin3_recobin4 acc 0.0358 eff 0.0536 outinratio 0.0131 

ZH126_4l_Nj_genbin3_recobin4 acc 0.0417 eff 0.0469 outinratio 0.0384 

ttH126_4l_Nj_genbin3_recobin4 acc 0.0964 eff 0.123 outinratio 0.0311 

ggH126_4l_Nj_genbin4_recobin4 acc 0.0028 eff 0.3917 outinratio 0.0107 

VBFH126_4l_Nj_genbin4_recobin4 acc 0.0029 eff 0.5682 outinratio 0.0 

WminusH126_4l_Nj_genbin4_recobin4 acc 0.018 eff 0.3423 outinratio 0.0107 

WplusH126_4l_Nj_genbin4_recobin4 acc 0.0173 eff 0.348 outinratio 0.0131 

ZH126_4l_Nj_genbin4_recobin4 acc 0.0207 eff 0.3527 outinratio 0.0384 

ttH126_4l_Nj_genbin4_recobin4 acc 0.3266 eff 0.3494 outinratio 0.0311 

ggH126_4e_Nj_genbin0_recobin0 acc 0.2819 eff 0.2794 outinratio 0.0091 

VBFH126_4e_Nj_genbin0_recobin0 acc 0.0671 eff 0.2985 outinratio 0.0 

WminusH126_4e_Nj_genbin0_recobin0 acc 0.0993 eff 0.2177 outinratio 0.0297 

WplusH126_4e_Nj_genbin0_recobin0 acc 0.0879 eff 0.2427 outinratio 0.0356 

ZH126_4e_Nj_genbin0_recobin0 acc 0.0799 eff 0.2773 outinratio 0.0562 

ttH126_4e_Nj_genbin0_recobin0 acc 0.001 eff -1.0 outinratio 0.1789 

ggH126_4e_Nj_genbin1_recobin0 acc 0.106 eff 0.0444 outinratio 0.0091 

VBFH126_4e_Nj_genbin1_recobin0 acc 0.2151 eff 0.0188 outinratio 0.0 

WminusH126_4e_Nj_genbin1_recobin0 acc 0.1326 eff 0.0209 outinratio 0.0297 

WplusH126_4e_Nj_genbin1_recobin0 acc 0.116 eff 0.0244 outinratio 0.0356 

ZH126_4e_Nj_genbin1_recobin0 acc 0.1208 eff 0.0265 outinratio 0.0562 

ttH126_4e_Nj_genbin1_recobin0 acc 0.0122 eff 0.0 outinratio 0.1789 

ggH126_4e_Nj_genbin2_recobin0 acc 0.0314 eff 0.0063 outinratio 0.0091 

VBFH126_4e_Nj_genbin2_recobin0 acc 0.1569 eff 0.0047 outinratio 0.0 

WminusH126_4e_Nj_genbin2_recobin0 acc 0.1105 eff 0.0027 outinratio 0.0297 

WplusH126_4e_Nj_genbin2_recobin0 acc 0.1029 eff 0.0029 outinratio 0.0356 

ZH126_4e_Nj_genbin2_recobin0 acc 0.1162 eff 0.0037 outinratio 0.0562 

ttH126_4e_Nj_genbin2_recobin0 acc 0.0489 eff 0.0022 outinratio 0.1789 

ggH126_4e_Nj_genbin3_recobin0 acc 0.008 eff 0.0 outinratio 0.0091 

VBFH126_4e_Nj_genbin3_recobin0 acc 0.0184 eff 0.0 outinratio 0.0 

WminusH126_4e_Nj_genbin3_recobin0 acc 0.0386 eff 0.0 outinratio 0.0297 

WplusH126_4e_Nj_genbin3_recobin0 acc 0.0351 eff 0.0007 outinratio 0.0356 

ZH126_4e_Nj_genbin3_recobin0 acc 0.0399 eff 0.0004 outinratio 0.0562 

ttH126_4e_Nj_genbin3_recobin0 acc 0.0913 eff 0.0 outinratio 0.1789 

ggH126_4e_Nj_genbin4_recobin0 acc 0.0026 eff 0.0 outinratio 0.0091 

VBFH126_4e_Nj_genbin4_recobin0 acc 0.003 eff -1.0 outinratio 0.0 

WminusH126_4e_Nj_genbin4_recobin0 acc 0.0162 eff 0.0 outinratio 0.0297 

WplusH126_4e_Nj_genbin4_recobin0 acc 0.0179 eff 0.0 outinratio 0.0356 

ZH126_4e_Nj_genbin4_recobin0 acc 0.0201 eff 0.0 outinratio 0.0562 

ttH126_4e_Nj_genbin4_recobin0 acc 0.3063 eff 0.0 outinratio 0.1789 

ggH126_4e_Nj_genbin0_recobin1 acc 0.2819 eff 0.033 outinratio 0.0138 

VBFH126_4e_Nj_genbin0_recobin1 acc 0.0671 eff 0.0565 outinratio 0.0212 

WminusH126_4e_Nj_genbin0_recobin1 acc 0.0993 eff 0.0802 outinratio 0.026 

WplusH126_4e_Nj_genbin0_recobin1 acc 0.0879 eff 0.0727 outinratio 0.0274 

ZH126_4e_Nj_genbin0_recobin1 acc 0.0799 eff 0.0423 outinratio 0.0437 

ttH126_4e_Nj_genbin0_recobin1 acc 0.001 eff -1.0 outinratio 0.1417 

ggH126_4e_Nj_genbin1_recobin1 acc 0.106 eff 0.2581 outinratio 0.0138 

VBFH126_4e_Nj_genbin1_recobin1 acc 0.2151 eff 0.2808 outinratio 0.0212 

WminusH126_4e_Nj_genbin1_recobin1 acc 0.1326 eff 0.2185 outinratio 0.026 

WplusH126_4e_Nj_genbin1_recobin1 acc 0.116 eff 0.2274 outinratio 0.0274 

ZH126_4e_Nj_genbin1_recobin1 acc 0.1208 eff 0.2335 outinratio 0.0437 

ttH126_4e_Nj_genbin1_recobin1 acc 0.0122 eff 0.0681 outinratio 0.1417 

ggH126_4e_Nj_genbin2_recobin1 acc 0.0314 eff 0.0607 outinratio 0.0138 

VBFH126_4e_Nj_genbin2_recobin1 acc 0.1569 eff 0.0801 outinratio 0.0212 

WminusH126_4e_Nj_genbin2_recobin1 acc 0.1105 eff 0.0522 outinratio 0.026 

WplusH126_4e_Nj_genbin2_recobin1 acc 0.1029 eff 0.0445 outinratio 0.0274 

ZH126_4e_Nj_genbin2_recobin1 acc 0.1162 eff 0.0616 outinratio 0.0437 

ttH126_4e_Nj_genbin2_recobin1 acc 0.0489 eff 0.0257 outinratio 0.1417 

ggH126_4e_Nj_genbin3_recobin1 acc 0.008 eff 0.0219 outinratio 0.0138 

VBFH126_4e_Nj_genbin3_recobin1 acc 0.0184 eff 0.0 outinratio 0.0212 

WminusH126_4e_Nj_genbin3_recobin1 acc 0.0386 eff 0.0077 outinratio 0.026 

WplusH126_4e_Nj_genbin3_recobin1 acc 0.0351 eff 0.0108 outinratio 0.0274 

ZH126_4e_Nj_genbin3_recobin1 acc 0.0399 eff 0.0061 outinratio 0.0437 

ttH126_4e_Nj_genbin3_recobin1 acc 0.0913 eff 0.0076 outinratio 0.1417 

ggH126_4e_Nj_genbin4_recobin1 acc 0.0026 eff 0.0 outinratio 0.0138 

VBFH126_4e_Nj_genbin4_recobin1 acc 0.003 eff -1.0 outinratio 0.0212 

WminusH126_4e_Nj_genbin4_recobin1 acc 0.0162 eff 0.0003 outinratio 0.026 

WplusH126_4e_Nj_genbin4_recobin1 acc 0.0179 eff 0.0 outinratio 0.0274 

ZH126_4e_Nj_genbin4_recobin1 acc 0.0201 eff 0.0 outinratio 0.0437 

ttH126_4e_Nj_genbin4_recobin1 acc 0.3063 eff 0.0017 outinratio 0.1417 

ggH126_4e_Nj_genbin0_recobin2 acc 0.2819 eff 0.0022 outinratio 0.0123 

VBFH126_4e_Nj_genbin0_recobin2 acc 0.0671 eff 0.0 outinratio 0.0096 

WminusH126_4e_Nj_genbin0_recobin2 acc 0.0993 eff 0.0101 outinratio 0.0182 

WplusH126_4e_Nj_genbin0_recobin2 acc 0.0879 eff 0.0074 outinratio 0.0164 

ZH126_4e_Nj_genbin0_recobin2 acc 0.0799 eff 0.0074 outinratio 0.0327 

ttH126_4e_Nj_genbin0_recobin2 acc 0.001 eff -1.0 outinratio 0.0867 

ggH126_4e_Nj_genbin1_recobin2 acc 0.106 eff 0.0287 outinratio 0.0123 

VBFH126_4e_Nj_genbin1_recobin2 acc 0.2151 eff 0.0469 outinratio 0.0096 

WminusH126_4e_Nj_genbin1_recobin2 acc 0.1326 eff 0.0579 outinratio 0.0182 

WplusH126_4e_Nj_genbin1_recobin2 acc 0.116 eff 0.0616 outinratio 0.0164 

ZH126_4e_Nj_genbin1_recobin2 acc 0.1208 eff 0.049 outinratio 0.0327 

ttH126_4e_Nj_genbin1_recobin2 acc 0.0122 eff 0.1112 outinratio 0.0867 

ggH126_4e_Nj_genbin2_recobin2 acc 0.0314 eff 0.2465 outinratio 0.0123 

VBFH126_4e_Nj_genbin2_recobin2 acc 0.1569 eff 0.2542 outinratio 0.0096 

WminusH126_4e_Nj_genbin2_recobin2 acc 0.1105 eff 0.2533 outinratio 0.0182 

WplusH126_4e_Nj_genbin2_recobin2 acc 0.1029 eff 0.2696 outinratio 0.0164 

ZH126_4e_Nj_genbin2_recobin2 acc 0.1162 eff 0.2343 outinratio 0.0327 

ttH126_4e_Nj_genbin2_recobin2 acc 0.0489 eff 0.1069 outinratio 0.0867 

ggH126_4e_Nj_genbin3_recobin2 acc 0.008 eff 0.0784 outinratio 0.0123 

VBFH126_4e_Nj_genbin3_recobin2 acc 0.0184 eff 0.1519 outinratio 0.0096 

WminusH126_4e_Nj_genbin3_recobin2 acc 0.0386 eff 0.0682 outinratio 0.0182 

WplusH126_4e_Nj_genbin3_recobin2 acc 0.0351 eff 0.0986 outinratio 0.0164 

ZH126_4e_Nj_genbin3_recobin2 acc 0.0399 eff 0.079 outinratio 0.0327 

ttH126_4e_Nj_genbin3_recobin2 acc 0.0913 eff 0.0559 outinratio 0.0867 

ggH126_4e_Nj_genbin4_recobin2 acc 0.0026 eff 0.0272 outinratio 0.0123 

VBFH126_4e_Nj_genbin4_recobin2 acc 0.003 eff -1.0 outinratio 0.0096 

WminusH126_4e_Nj_genbin4_recobin2 acc 0.0162 eff 0.0157 outinratio 0.0182 

WplusH126_4e_Nj_genbin4_recobin2 acc 0.0179 eff 0.0152 outinratio 0.0164 

ZH126_4e_Nj_genbin4_recobin2 acc 0.0201 eff 0.0186 outinratio 0.0327 

ttH126_4e_Nj_genbin4_recobin2 acc 0.3063 eff 0.0026 outinratio 0.0867 

ggH126_4e_Nj_genbin0_recobin3 acc 0.2819 eff 0.0001 outinratio 0.0134 

VBFH126_4e_Nj_genbin0_recobin3 acc 0.0671 eff 0.0 outinratio 0.0 

WminusH126_4e_Nj_genbin0_recobin3 acc 0.0993 eff 0.0007 outinratio 0.0121 

WplusH126_4e_Nj_genbin0_recobin3 acc 0.0879 eff 0.0 outinratio 0.0126 

ZH126_4e_Nj_genbin0_recobin3 acc 0.0799 eff 0.0 outinratio 0.0283 

ttH126_4e_Nj_genbin0_recobin3 acc 0.001 eff -1.0 outinratio 0.0282 

ggH126_4e_Nj_genbin1_recobin3 acc 0.106 eff 0.002 outinratio 0.0134 

VBFH126_4e_Nj_genbin1_recobin3 acc 0.2151 eff 0.0 outinratio 0.0 

WminusH126_4e_Nj_genbin1_recobin3 acc 0.1326 eff 0.0065 outinratio 0.0121 

WplusH126_4e_Nj_genbin1_recobin3 acc 0.116 eff 0.0075 outinratio 0.0126 

ZH126_4e_Nj_genbin1_recobin3 acc 0.1208 eff 0.0059 outinratio 0.0283 

ttH126_4e_Nj_genbin1_recobin3 acc 0.0122 eff 0.0316 outinratio 0.0282 

ggH126_4e_Nj_genbin2_recobin3 acc 0.0314 eff 0.0336 outinratio 0.0134 

VBFH126_4e_Nj_genbin2_recobin3 acc 0.1569 eff 0.0223 outinratio 0.0 

WminusH126_4e_Nj_genbin2_recobin3 acc 0.1105 eff 0.0416 outinratio 0.0121 

WplusH126_4e_Nj_genbin2_recobin3 acc 0.1029 eff 0.0426 outinratio 0.0126 

ZH126_4e_Nj_genbin2_recobin3 acc 0.1162 eff 0.0326 outinratio 0.0283 

ttH126_4e_Nj_genbin2_recobin3 acc 0.0489 eff 0.0778 outinratio 0.0282 

ggH126_4e_Nj_genbin3_recobin3 acc 0.008 eff 0.207 outinratio 0.0134 

VBFH126_4e_Nj_genbin3_recobin3 acc 0.0184 eff 0.2328 outinratio 0.0 

WminusH126_4e_Nj_genbin3_recobin3 acc 0.0386 eff 0.2066 outinratio 0.0121 

WplusH126_4e_Nj_genbin3_recobin3 acc 0.0351 eff 0.1803 outinratio 0.0126 

ZH126_4e_Nj_genbin3_recobin3 acc 0.0399 eff 0.2122 outinratio 0.0283 

ttH126_4e_Nj_genbin3_recobin3 acc 0.0913 eff 0.1587 outinratio 0.0282 

ggH126_4e_Nj_genbin4_recobin3 acc 0.0026 eff 0.1018 outinratio 0.0134 

VBFH126_4e_Nj_genbin4_recobin3 acc 0.003 eff -1.0 outinratio 0.0 

WminusH126_4e_Nj_genbin4_recobin3 acc 0.0162 eff 0.0737 outinratio 0.0121 

WplusH126_4e_Nj_genbin4_recobin3 acc 0.0179 eff 0.0754 outinratio 0.0126 

ZH126_4e_Nj_genbin4_recobin3 acc 0.0201 eff 0.0595 outinratio 0.0283 

ttH126_4e_Nj_genbin4_recobin3 acc 0.3063 eff 0.0383 outinratio 0.0282 

ggH126_4e_Nj_genbin0_recobin4 acc 0.2819 eff 0.0 outinratio 0.0 

VBFH126_4e_Nj_genbin0_recobin4 acc 0.0671 eff 0.0 outinratio 0.0 

WminusH126_4e_Nj_genbin0_recobin4 acc 0.0993 eff 0.0 outinratio 0.0184 

WplusH126_4e_Nj_genbin0_recobin4 acc 0.0879 eff 0.0 outinratio 0.0117 

ZH126_4e_Nj_genbin0_recobin4 acc 0.0799 eff 0.0 outinratio 0.039 

ttH126_4e_Nj_genbin0_recobin4 acc 0.001 eff -1.0 outinratio 0.0425 

ggH126_4e_Nj_genbin1_recobin4 acc 0.106 eff 0.0004 outinratio 0.0 

VBFH126_4e_Nj_genbin1_recobin4 acc 0.2151 eff 0.0 outinratio 0.0 

WminusH126_4e_Nj_genbin1_recobin4 acc 0.1326 eff 0.0 outinratio 0.0184 

WplusH126_4e_Nj_genbin1_recobin4 acc 0.116 eff 0.0 outinratio 0.0117 

ZH126_4e_Nj_genbin1_recobin4 acc 0.1208 eff 0.0011 outinratio 0.039 

ttH126_4e_Nj_genbin1_recobin4 acc 0.0122 eff 0.0102 outinratio 0.0425 

ggH126_4e_Nj_genbin2_recobin4 acc 0.0314 eff 0.0017 outinratio 0.0 

VBFH126_4e_Nj_genbin2_recobin4 acc 0.1569 eff 0.0 outinratio 0.0 

WminusH126_4e_Nj_genbin2_recobin4 acc 0.1105 eff 0.0059 outinratio 0.0184 

WplusH126_4e_Nj_genbin2_recobin4 acc 0.1029 eff 0.0036 outinratio 0.0117 

ZH126_4e_Nj_genbin2_recobin4 acc 0.1162 eff 0.0018 outinratio 0.039 

ttH126_4e_Nj_genbin2_recobin4 acc 0.0489 eff 0.0347 outinratio 0.0425 

ggH126_4e_Nj_genbin3_recobin4 acc 0.008 eff 0.0193 outinratio 0.0 

VBFH126_4e_Nj_genbin3_recobin4 acc 0.0184 eff 0.0 outinratio 0.0 

WminusH126_4e_Nj_genbin3_recobin4 acc 0.0386 eff 0.044 outinratio 0.0184 

WplusH126_4e_Nj_genbin3_recobin4 acc 0.0351 eff 0.0346 outinratio 0.0117 

ZH126_4e_Nj_genbin3_recobin4 acc 0.0399 eff 0.0325 outinratio 0.039 

ttH126_4e_Nj_genbin3_recobin4 acc 0.0913 eff 0.0855 outinratio 0.0425 

ggH126_4e_Nj_genbin4_recobin4 acc 0.0026 eff 0.2639 outinratio 0.0 

VBFH126_4e_Nj_genbin4_recobin4 acc 0.003 eff -1.0 outinratio 0.0 

WminusH126_4e_Nj_genbin4_recobin4 acc 0.0162 eff 0.2368 outinratio 0.0184 

WplusH126_4e_Nj_genbin4_recobin4 acc 0.0179 eff 0.2464 outinratio 0.0117 

ZH126_4e_Nj_genbin4_recobin4 acc 0.0201 eff 0.2574 outinratio 0.039 

ttH126_4e_Nj_genbin4_recobin4 acc 0.3063 eff 0.2571 outinratio 0.0425 

ggH126_4mu_Nj_genbin0_recobin0 acc 0.3093 eff 0.6081 outinratio 0.0059 

VBFH126_4mu_Nj_genbin0_recobin0 acc 0.0796 eff 0.5263 outinratio 0.0 

WminusH126_4mu_Nj_genbin0_recobin0 acc 0.1105 eff 0.4609 outinratio 0.0221 

WplusH126_4mu_Nj_genbin0_recobin0 acc 0.0916 eff 0.4797 outinratio 0.0267 

ZH126_4mu_Nj_genbin0_recobin0 acc 0.0872 eff 0.5431 outinratio 0.0834 

ttH126_4mu_Nj_genbin0_recobin0 acc 0.0019 eff 0.0983 outinratio 0.0 

ggH126_4mu_Nj_genbin1_recobin0 acc 0.1202 eff 0.0805 outinratio 0.0059 

VBFH126_4mu_Nj_genbin1_recobin0 acc 0.2466 eff 0.0251 outinratio 0.0 

WminusH126_4mu_Nj_genbin1_recobin0 acc 0.1475 eff 0.0469 outinratio 0.0221 

WplusH126_4mu_Nj_genbin1_recobin0 acc 0.1241 eff 0.0407 outinratio 0.0267 

ZH126_4mu_Nj_genbin1_recobin0 acc 0.1347 eff 0.0554 outinratio 0.0834 

ttH126_4mu_Nj_genbin1_recobin0 acc 0.0141 eff 0.0587 outinratio 0.0 

ggH126_4mu_Nj_genbin2_recobin0 acc 0.0356 eff 0.0106 outinratio 0.0059 

VBFH126_4mu_Nj_genbin2_recobin0 acc 0.1753 eff 0.0123 outinratio 0.0 

WminusH126_4mu_Nj_genbin2_recobin0 acc 0.1213 eff 0.0066 outinratio 0.0221 

WplusH126_4mu_Nj_genbin2_recobin0 acc 0.1088 eff 0.0065 outinratio 0.0267 

ZH126_4mu_Nj_genbin2_recobin0 acc 0.1279 eff 0.0127 outinratio 0.0834 

ttH126_4mu_Nj_genbin2_recobin0 acc 0.0489 eff 0.0 outinratio 0.0 

ggH126_4mu_Nj_genbin3_recobin0 acc 0.0085 eff 0.0 outinratio 0.0059 

VBFH126_4mu_Nj_genbin3_recobin0 acc 0.0226 eff 0.0 outinratio 0.0 

WminusH126_4mu_Nj_genbin3_recobin0 acc 0.0416 eff 0.0007 outinratio 0.0221 

WplusH126_4mu_Nj_genbin3_recobin0 acc 0.0381 eff 0.0017 outinratio 0.0267 

ZH126_4mu_Nj_genbin3_recobin0 acc 0.0436 eff 0.0019 outinratio 0.0834 

ttH126_4mu_Nj_genbin3_recobin0 acc 0.1108 eff 0.0 outinratio 0.0 

ggH126_4mu_Nj_genbin4_recobin0 acc 0.003 eff 0.0 outinratio 0.0059 

VBFH126_4mu_Nj_genbin4_recobin0 acc 0.0024 eff -1.0 outinratio 0.0 

WminusH126_4mu_Nj_genbin4_recobin0 acc 0.0196 eff 0.0 outinratio 0.0221 

WplusH126_4mu_Nj_genbin4_recobin0 acc 0.0174 eff 0.0 outinratio 0.0267 

ZH126_4mu_Nj_genbin4_recobin0 acc 0.0228 eff 0.0 outinratio 0.0834 

ttH126_4mu_Nj_genbin4_recobin0 acc 0.3426 eff 0.0 outinratio 0.0 

ggH126_4mu_Nj_genbin0_recobin1 acc 0.3093 eff 0.0676 outinratio 0.0069 

VBFH126_4mu_Nj_genbin0_recobin1 acc 0.0796 eff 0.1905 outinratio 0.0048 

WminusH126_4mu_Nj_genbin0_recobin1 acc 0.1105 eff 0.1619 outinratio 0.0129 

WplusH126_4mu_Nj_genbin0_recobin1 acc 0.0916 eff 0.1463 outinratio 0.0106 

ZH126_4mu_Nj_genbin0_recobin1 acc 0.0872 eff 0.085 outinratio 0.0522 

ttH126_4mu_Nj_genbin0_recobin1 acc 0.0019 eff 0.234 outinratio 0.116 

ggH126_4mu_Nj_genbin1_recobin1 acc 0.1202 eff 0.5333 outinratio 0.0069 

VBFH126_4mu_Nj_genbin1_recobin1 acc 0.2466 eff 0.5468 outinratio 0.0048 

WminusH126_4mu_Nj_genbin1_recobin1 acc 0.1475 eff 0.4345 outinratio 0.0129 

WplusH126_4mu_Nj_genbin1_recobin1 acc 0.1241 eff 0.4438 outinratio 0.0106 

ZH126_4mu_Nj_genbin1_recobin1 acc 0.1347 eff 0.4315 outinratio 0.0522 

ttH126_4mu_Nj_genbin1_recobin1 acc 0.0141 eff 0.1859 outinratio 0.116 

ggH126_4mu_Nj_genbin2_recobin1 acc 0.0356 eff 0.1333 outinratio 0.0069 

VBFH126_4mu_Nj_genbin2_recobin1 acc 0.1753 eff 0.1379 outinratio 0.0048 

WminusH126_4mu_Nj_genbin2_recobin1 acc 0.1213 eff 0.1006 outinratio 0.0129 

WplusH126_4mu_Nj_genbin2_recobin1 acc 0.1088 eff 0.0967 outinratio 0.0106 

ZH126_4mu_Nj_genbin2_recobin1 acc 0.1279 eff 0.1219 outinratio 0.0522 

ttH126_4mu_Nj_genbin2_recobin1 acc 0.0489 eff 0.0495 outinratio 0.116 

ggH126_4mu_Nj_genbin3_recobin1 acc 0.0085 eff 0.0242 outinratio 0.0069 

VBFH126_4mu_Nj_genbin3_recobin1 acc 0.0226 eff 0.015 outinratio 0.0048 

WminusH126_4mu_Nj_genbin3_recobin1 acc 0.0416 eff 0.0179 outinratio 0.0129 

WplusH126_4mu_Nj_genbin3_recobin1 acc 0.0381 eff 0.0137 outinratio 0.0106 

ZH126_4mu_Nj_genbin3_recobin1 acc 0.0436 eff 0.0276 outinratio 0.0522 

ttH126_4mu_Nj_genbin3_recobin1 acc 0.1108 eff 0.0067 outinratio 0.116 

ggH126_4mu_Nj_genbin4_recobin1 acc 0.003 eff 0.0 outinratio 0.0069 

VBFH126_4mu_Nj_genbin4_recobin1 acc 0.0024 eff -1.0 outinratio 0.0048 

WminusH126_4mu_Nj_genbin4_recobin1 acc 0.0196 eff 0.0 outinratio 0.0129 

WplusH126_4mu_Nj_genbin4_recobin1 acc 0.0174 eff 0.0 outinratio 0.0106 

ZH126_4mu_Nj_genbin4_recobin1 acc 0.0228 eff 0.0048 outinratio 0.0522 

ttH126_4mu_Nj_genbin4_recobin1 acc 0.3426 eff 0.0 outinratio 0.116 

ggH126_4mu_Nj_genbin0_recobin2 acc 0.3093 eff 0.0061 outinratio 0.0036 

VBFH126_4mu_Nj_genbin0_recobin2 acc 0.0796 eff 0.0089 outinratio 0.0028 

WminusH126_4mu_Nj_genbin0_recobin2 acc 0.1105 eff 0.0178 outinratio 0.0081 

WplusH126_4mu_Nj_genbin0_recobin2 acc 0.0916 eff 0.0158 outinratio 0.0052 

ZH126_4mu_Nj_genbin0_recobin2 acc 0.0872 eff 0.0121 outinratio 0.0362 

ttH126_4mu_Nj_genbin0_recobin2 acc 0.0019 eff 0.0 outinratio 0.043 

ggH126_4mu_Nj_genbin1_recobin2 acc 0.1202 eff 0.0758 outinratio 0.0036 

VBFH126_4mu_Nj_genbin1_recobin2 acc 0.2466 eff 0.1369 outinratio 0.0028 

WminusH126_4mu_Nj_genbin1_recobin2 acc 0.1475 eff 0.1265 outinratio 0.0081 

WplusH126_4mu_Nj_genbin1_recobin2 acc 0.1241 eff 0.1312 outinratio 0.0052 

ZH126_4mu_Nj_genbin1_recobin2 acc 0.1347 eff 0.1004 outinratio 0.0362 

ttH126_4mu_Nj_genbin1_recobin2 acc 0.0141 eff 0.174 outinratio 0.043 

ggH126_4mu_Nj_genbin2_recobin2 acc 0.0356 eff 0.4641 outinratio 0.0036 

VBFH126_4mu_Nj_genbin2_recobin2 acc 0.1753 eff 0.4907 outinratio 0.0028 

WminusH126_4mu_Nj_genbin2_recobin2 acc 0.1213 eff 0.461 outinratio 0.0081 

WplusH126_4mu_Nj_genbin2_recobin2 acc 0.1088 eff 0.4748 outinratio 0.0052 

ZH126_4mu_Nj_genbin2_recobin2 acc 0.1279 eff 0.437 outinratio 0.0362 

ttH126_4mu_Nj_genbin2_recobin2 acc 0.0489 eff 0.2557 outinratio 0.043 

ggH126_4mu_Nj_genbin3_recobin2 acc 0.0085 eff 0.1773 outinratio 0.0036 

VBFH126_4mu_Nj_genbin3_recobin2 acc 0.0226 eff 0.1844 outinratio 0.0028 

WminusH126_4mu_Nj_genbin3_recobin2 acc 0.0416 eff 0.1394 outinratio 0.0081 

WplusH126_4mu_Nj_genbin3_recobin2 acc 0.0381 eff 0.1531 outinratio 0.0052 

ZH126_4mu_Nj_genbin3_recobin2 acc 0.0436 eff 0.1435 outinratio 0.0362 

ttH126_4mu_Nj_genbin3_recobin2 acc 0.1108 eff 0.0818 outinratio 0.043 

ggH126_4mu_Nj_genbin4_recobin2 acc 0.003 eff 0.0137 outinratio 0.0036 

VBFH126_4mu_Nj_genbin4_recobin2 acc 0.0024 eff -1.0 outinratio 0.0028 

WminusH126_4mu_Nj_genbin4_recobin2 acc 0.0196 eff 0.0327 outinratio 0.0081 

WplusH126_4mu_Nj_genbin4_recobin2 acc 0.0174 eff 0.019 outinratio 0.0052 

ZH126_4mu_Nj_genbin4_recobin2 acc 0.0228 eff 0.0251 outinratio 0.0362 

ttH126_4mu_Nj_genbin4_recobin2 acc 0.3426 eff 0.0102 outinratio 0.043 

ggH126_4mu_Nj_genbin0_recobin3 acc 0.3093 eff 0.0005 outinratio 0.0198 

VBFH126_4mu_Nj_genbin0_recobin3 acc 0.0796 eff 0.0 outinratio 0.0 

WminusH126_4mu_Nj_genbin0_recobin3 acc 0.1105 eff 0.0027 outinratio 0.0103 

WplusH126_4mu_Nj_genbin0_recobin3 acc 0.0916 eff 0.0026 outinratio 0.0052 

ZH126_4mu_Nj_genbin0_recobin3 acc 0.0872 eff 0.0007 outinratio 0.0242 

ttH126_4mu_Nj_genbin0_recobin3 acc 0.0019 eff 0.0 outinratio 0.061 

ggH126_4mu_Nj_genbin1_recobin3 acc 0.1202 eff 0.0054 outinratio 0.0198 

VBFH126_4mu_Nj_genbin1_recobin3 acc 0.2466 eff 0.0036 outinratio 0.0 

WminusH126_4mu_Nj_genbin1_recobin3 acc 0.1475 eff 0.0099 outinratio 0.0103 

WplusH126_4mu_Nj_genbin1_recobin3 acc 0.1241 eff 0.0109 outinratio 0.0052 

ZH126_4mu_Nj_genbin1_recobin3 acc 0.1347 eff 0.0117 outinratio 0.0242 

ttH126_4mu_Nj_genbin1_recobin3 acc 0.0141 eff 0.0368 outinratio 0.061 

ggH126_4mu_Nj_genbin2_recobin3 acc 0.0356 eff 0.0671 outinratio 0.0198 

VBFH126_4mu_Nj_genbin2_recobin3 acc 0.1753 eff 0.0257 outinratio 0.0 

WminusH126_4mu_Nj_genbin2_recobin3 acc 0.1213 eff 0.0727 outinratio 0.0103 

WplusH126_4mu_Nj_genbin2_recobin3 acc 0.1088 eff 0.0715 outinratio 0.0052 

ZH126_4mu_Nj_genbin2_recobin3 acc 0.1279 eff 0.0693 outinratio 0.0242 

ttH126_4mu_Nj_genbin2_recobin3 acc 0.0489 eff 0.1682 outinratio 0.061 

ggH126_4mu_Nj_genbin3_recobin3 acc 0.0085 eff 0.4301 outinratio 0.0198 

VBFH126_4mu_Nj_genbin3_recobin3 acc 0.0226 eff 0.357 outinratio 0.0 

WminusH126_4mu_Nj_genbin3_recobin3 acc 0.0416 eff 0.4152 outinratio 0.0103 

WplusH126_4mu_Nj_genbin3_recobin3 acc 0.0381 eff 0.4059 outinratio 0.0052 

ZH126_4mu_Nj_genbin3_recobin3 acc 0.0436 eff 0.3571 outinratio 0.0242 

ttH126_4mu_Nj_genbin3_recobin3 acc 0.1108 eff 0.2314 outinratio 0.061 

ggH126_4mu_Nj_genbin4_recobin3 acc 0.003 eff 0.1537 outinratio 0.0198 

VBFH126_4mu_Nj_genbin4_recobin3 acc 0.0024 eff -1.0 outinratio 0.0 

WminusH126_4mu_Nj_genbin4_recobin3 acc 0.0196 eff 0.1372 outinratio 0.0103 

WplusH126_4mu_Nj_genbin4_recobin3 acc 0.0174 eff 0.1448 outinratio 0.0052 

ZH126_4mu_Nj_genbin4_recobin3 acc 0.0228 eff 0.1478 outinratio 0.0242 

ttH126_4mu_Nj_genbin4_recobin3 acc 0.3426 eff 0.0548 outinratio 0.061 

ggH126_4mu_Nj_genbin0_recobin4 acc 0.3093 eff 0.0 outinratio 0.024 

VBFH126_4mu_Nj_genbin0_recobin4 acc 0.0796 eff 0.0 outinratio 0.0 

WminusH126_4mu_Nj_genbin0_recobin4 acc 0.1105 eff 0.0 outinratio 0.0092 

WplusH126_4mu_Nj_genbin0_recobin4 acc 0.0916 eff 0.0 outinratio 0.0074 

ZH126_4mu_Nj_genbin0_recobin4 acc 0.0872 eff 0.0 outinratio 0.0292 

ttH126_4mu_Nj_genbin0_recobin4 acc 0.0019 eff 0.0 outinratio 0.0239 

ggH126_4mu_Nj_genbin1_recobin4 acc 0.1202 eff 0.0001 outinratio 0.024 

VBFH126_4mu_Nj_genbin1_recobin4 acc 0.2466 eff 0.0 outinratio 0.0 

WminusH126_4mu_Nj_genbin1_recobin4 acc 0.1475 eff 0.001 outinratio 0.0092 

WplusH126_4mu_Nj_genbin1_recobin4 acc 0.1241 eff -0.0 outinratio 0.0074 

ZH126_4mu_Nj_genbin1_recobin4 acc 0.1347 eff 0.001 outinratio 0.0292 

ttH126_4mu_Nj_genbin1_recobin4 acc 0.0141 eff 0.0059 outinratio 0.0239 

ggH126_4mu_Nj_genbin2_recobin4 acc 0.0356 eff 0.0035 outinratio 0.024 

VBFH126_4mu_Nj_genbin2_recobin4 acc 0.1753 eff 0.0076 outinratio 0.0 

WminusH126_4mu_Nj_genbin2_recobin4 acc 0.1213 eff 0.0091 outinratio 0.0092 

WplusH126_4mu_Nj_genbin2_recobin4 acc 0.1088 eff 0.0055 outinratio 0.0074 

ZH126_4mu_Nj_genbin2_recobin4 acc 0.1279 eff 0.0072 outinratio 0.0292 

ttH126_4mu_Nj_genbin2_recobin4 acc 0.0489 eff 0.0535 outinratio 0.0239 

ggH126_4mu_Nj_genbin3_recobin4 acc 0.0085 eff 0.0509 outinratio 0.024 

VBFH126_4mu_Nj_genbin3_recobin4 acc 0.0226 eff 0.1132 outinratio 0.0 

WminusH126_4mu_Nj_genbin3_recobin4 acc 0.0416 eff 0.0601 outinratio 0.0092 

WplusH126_4mu_Nj_genbin3_recobin4 acc 0.0381 eff 0.067 outinratio 0.0074 

ZH126_4mu_Nj_genbin3_recobin4 acc 0.0436 eff 0.065 outinratio 0.0292 

ttH126_4mu_Nj_genbin3_recobin4 acc 0.1108 eff 0.1326 outinratio 0.0239 

ggH126_4mu_Nj_genbin4_recobin4 acc 0.003 eff 0.5492 outinratio 0.024 

VBFH126_4mu_Nj_genbin4_recobin4 acc 0.0024 eff -1.0 outinratio 0.0 

WminusH126_4mu_Nj_genbin4_recobin4 acc 0.0196 eff 0.4249 outinratio 0.0092 

WplusH126_4mu_Nj_genbin4_recobin4 acc 0.0174 eff 0.4615 outinratio 0.0074 

ZH126_4mu_Nj_genbin4_recobin4 acc 0.0228 eff 0.4462 outinratio 0.0292 

ttH126_4mu_Nj_genbin4_recobin4 acc 0.3426 eff 0.449 outinratio 0.0239 

ggH126_2e2mu_Nj_genbin0_recobin0 acc 0.2879 eff 0.4222 outinratio 0.0084 

VBFH126_2e2mu_Nj_genbin0_recobin0 acc 0.0645 eff 0.2797 outinratio 0.0 

WminusH126_2e2mu_Nj_genbin0_recobin0 acc 0.0994 eff 0.3264 outinratio 0.037 

WplusH126_2e2mu_Nj_genbin0_recobin0 acc 0.0847 eff 0.3004 outinratio 0.0514 

ZH126_2e2mu_Nj_genbin0_recobin0 acc 0.0828 eff 0.38 outinratio 0.0621 

ttH126_2e2mu_Nj_genbin0_recobin0 acc 0.0017 eff 0.0665 outinratio 0.1971 

ggH126_2e2mu_Nj_genbin1_recobin0 acc 0.1097 eff 0.0602 outinratio 0.0084 

VBFH126_2e2mu_Nj_genbin1_recobin0 acc 0.2105 eff 0.034 outinratio 0.0 

WminusH126_2e2mu_Nj_genbin1_recobin0 acc 0.1347 eff 0.0333 outinratio 0.037 

WplusH126_2e2mu_Nj_genbin1_recobin0 acc 0.1172 eff 0.0291 outinratio 0.0514 

ZH126_2e2mu_Nj_genbin1_recobin0 acc 0.1253 eff 0.0417 outinratio 0.0621 

ttH126_2e2mu_Nj_genbin1_recobin0 acc 0.0119 eff 0.0102 outinratio 0.1971 

ggH126_2e2mu_Nj_genbin2_recobin0 acc 0.0317 eff 0.0052 outinratio 0.0084 

VBFH126_2e2mu_Nj_genbin2_recobin0 acc 0.1709 eff 0.006 outinratio 0.0 

WminusH126_2e2mu_Nj_genbin2_recobin0 acc 0.1133 eff 0.0039 outinratio 0.037 

WplusH126_2e2mu_Nj_genbin2_recobin0 acc 0.1013 eff 0.0043 outinratio 0.0514 

ZH126_2e2mu_Nj_genbin2_recobin0 acc 0.1182 eff 0.0082 outinratio 0.0621 

ttH126_2e2mu_Nj_genbin2_recobin0 acc 0.0491 eff 0.0041 outinratio 0.1971 

ggH126_2e2mu_Nj_genbin3_recobin0 acc 0.0083 eff 0.0 outinratio 0.0084 

VBFH126_2e2mu_Nj_genbin3_recobin0 acc 0.0177 eff 0.0 outinratio 0.0 

WminusH126_2e2mu_Nj_genbin3_recobin0 acc 0.0387 eff 0.0003 outinratio 0.037 

WplusH126_2e2mu_Nj_genbin3_recobin0 acc 0.0349 eff 0.0004 outinratio 0.0514 

ZH126_2e2mu_Nj_genbin3_recobin0 acc 0.0416 eff 0.0007 outinratio 0.0621 

ttH126_2e2mu_Nj_genbin3_recobin0 acc 0.0912 eff 0.0 outinratio 0.1971 

ggH126_2e2mu_Nj_genbin4_recobin0 acc 0.0029 eff 0.0 outinratio 0.0084 

VBFH126_2e2mu_Nj_genbin4_recobin0 acc 0.0031 eff -1.0 outinratio 0.0 

WminusH126_2e2mu_Nj_genbin4_recobin0 acc 0.0181 eff 0.0 outinratio 0.037 

WplusH126_2e2mu_Nj_genbin4_recobin0 acc 0.0169 eff 0.0 outinratio 0.0514 

ZH126_2e2mu_Nj_genbin4_recobin0 acc 0.02 eff 0.0 outinratio 0.0621 

ttH126_2e2mu_Nj_genbin4_recobin0 acc 0.3288 eff 0.0 outinratio 0.1971 

ggH126_2e2mu_Nj_genbin0_recobin1 acc 0.2879 eff 0.0491 outinratio 0.0083 

VBFH126_2e2mu_Nj_genbin0_recobin1 acc 0.0645 eff 0.1689 outinratio 0.0097 

WminusH126_2e2mu_Nj_genbin0_recobin1 acc 0.0994 eff 0.1108 outinratio 0.018 

WplusH126_2e2mu_Nj_genbin0_recobin1 acc 0.0847 eff 0.1141 outinratio 0.0195 

ZH126_2e2mu_Nj_genbin0_recobin1 acc 0.0828 eff 0.0662 outinratio 0.0631 

ttH126_2e2mu_Nj_genbin0_recobin1 acc 0.0017 eff 0.1019 outinratio 0.1587 

ggH126_2e2mu_Nj_genbin1_recobin1 acc 0.1097 eff 0.3676 outinratio 0.0083 

VBFH126_2e2mu_Nj_genbin1_recobin1 acc 0.2105 eff 0.393 outinratio 0.0097 

WminusH126_2e2mu_Nj_genbin1_recobin1 acc 0.1347 eff 0.3169 outinratio 0.018 

WplusH126_2e2mu_Nj_genbin1_recobin1 acc 0.1172 eff 0.3216 outinratio 0.0195 

ZH126_2e2mu_Nj_genbin1_recobin1 acc 0.1253 eff 0.3342 outinratio 0.0631 

ttH126_2e2mu_Nj_genbin1_recobin1 acc 0.0119 eff 0.1017 outinratio 0.1587 

ggH126_2e2mu_Nj_genbin2_recobin1 acc 0.0317 eff 0.097 outinratio 0.0083 

VBFH126_2e2mu_Nj_genbin2_recobin1 acc 0.1709 eff 0.0907 outinratio 0.0097 

WminusH126_2e2mu_Nj_genbin2_recobin1 acc 0.1133 eff 0.07 outinratio 0.018 

WplusH126_2e2mu_Nj_genbin2_recobin1 acc 0.1013 eff 0.0657 outinratio 0.0195 

ZH126_2e2mu_Nj_genbin2_recobin1 acc 0.1182 eff 0.078 outinratio 0.0631 

ttH126_2e2mu_Nj_genbin2_recobin1 acc 0.0491 eff 0.0265 outinratio 0.1587 

ggH126_2e2mu_Nj_genbin3_recobin1 acc 0.0083 eff 0.0141 outinratio 0.0083 

VBFH126_2e2mu_Nj_genbin3_recobin1 acc 0.0177 eff 0.0 outinratio 0.0097 

WminusH126_2e2mu_Nj_genbin3_recobin1 acc 0.0387 eff 0.016 outinratio 0.018 

WplusH126_2e2mu_Nj_genbin3_recobin1 acc 0.0349 eff 0.0123 outinratio 0.0195 

ZH126_2e2mu_Nj_genbin3_recobin1 acc 0.0416 eff 0.0204 outinratio 0.0631 

ttH126_2e2mu_Nj_genbin3_recobin1 acc 0.0912 eff 0.0044 outinratio 0.1587 

ggH126_2e2mu_Nj_genbin4_recobin1 acc 0.0029 eff 0.0 outinratio 0.0083 

VBFH126_2e2mu_Nj_genbin4_recobin1 acc 0.0031 eff -1.0 outinratio 0.0097 

WminusH126_2e2mu_Nj_genbin4_recobin1 acc 0.0181 eff 0.0017 outinratio 0.018 

WplusH126_2e2mu_Nj_genbin4_recobin1 acc 0.0169 eff 0.0013 outinratio 0.0195 

ZH126_2e2mu_Nj_genbin4_recobin1 acc 0.02 eff 0.0011 outinratio 0.0631 

ttH126_2e2mu_Nj_genbin4_recobin1 acc 0.3288 eff 0.0007 outinratio 0.1587 

ggH126_2e2mu_Nj_genbin0_recobin2 acc 0.2879 eff 0.0037 outinratio 0.0085 

VBFH126_2e2mu_Nj_genbin0_recobin2 acc 0.0645 eff 0.0199 outinratio 0.0025 

WminusH126_2e2mu_Nj_genbin0_recobin2 acc 0.0994 eff 0.016 outinratio 0.0133 

WplusH126_2e2mu_Nj_genbin0_recobin2 acc 0.0847 eff 0.0078 outinratio 0.0177 

ZH126_2e2mu_Nj_genbin0_recobin2 acc 0.0828 eff 0.0094 outinratio 0.0345 

ttH126_2e2mu_Nj_genbin0_recobin2 acc 0.0017 eff 0.0 outinratio 0.0958 

ggH126_2e2mu_Nj_genbin1_recobin2 acc 0.1097 eff 0.045 outinratio 0.0085 

VBFH126_2e2mu_Nj_genbin1_recobin2 acc 0.2105 eff 0.0941 outinratio 0.0025 

WminusH126_2e2mu_Nj_genbin1_recobin2 acc 0.1347 eff 0.0874 outinratio 0.0133 

WplusH126_2e2mu_Nj_genbin1_recobin2 acc 0.1172 eff 0.0819 outinratio 0.0177 

ZH126_2e2mu_Nj_genbin1_recobin2 acc 0.1253 eff 0.0778 outinratio 0.0345 

ttH126_2e2mu_Nj_genbin1_recobin2 acc 0.0119 eff 0.1181 outinratio 0.0958 

ggH126_2e2mu_Nj_genbin2_recobin2 acc 0.0317 eff 0.3306 outinratio 0.0085 

VBFH126_2e2mu_Nj_genbin2_recobin2 acc 0.1709 eff 0.3701 outinratio 0.0025 

WminusH126_2e2mu_Nj_genbin2_recobin2 acc 0.1133 eff 0.3363 outinratio 0.0133 

WplusH126_2e2mu_Nj_genbin2_recobin2 acc 0.1013 eff 0.3396 outinratio 0.0177 

ZH126_2e2mu_Nj_genbin2_recobin2 acc 0.1182 eff 0.3474 outinratio 0.0345 

ttH126_2e2mu_Nj_genbin2_recobin2 acc 0.0491 eff 0.1305 outinratio 0.0958 

ggH126_2e2mu_Nj_genbin3_recobin2 acc 0.0083 eff 0.1194 outinratio 0.0085 

VBFH126_2e2mu_Nj_genbin3_recobin2 acc 0.0177 eff 0.1064 outinratio 0.0025 

WminusH126_2e2mu_Nj_genbin3_recobin2 acc 0.0387 eff 0.1058 outinratio 0.0133 

WplusH126_2e2mu_Nj_genbin3_recobin2 acc 0.0349 eff 0.1167 outinratio 0.0177 

ZH126_2e2mu_Nj_genbin3_recobin2 acc 0.0416 eff 0.1055 outinratio 0.0345 

ttH126_2e2mu_Nj_genbin3_recobin2 acc 0.0912 eff 0.0606 outinratio 0.0958 

ggH126_2e2mu_Nj_genbin4_recobin2 acc 0.0029 eff 0.012 outinratio 0.0085 

VBFH126_2e2mu_Nj_genbin4_recobin2 acc 0.0031 eff -1.0 outinratio 0.0025 

WminusH126_2e2mu_Nj_genbin4_recobin2 acc 0.0181 eff 0.0093 outinratio 0.0133 

WplusH126_2e2mu_Nj_genbin4_recobin2 acc 0.0169 eff 0.0212 outinratio 0.0177 

ZH126_2e2mu_Nj_genbin4_recobin2 acc 0.02 eff 0.0143 outinratio 0.0345 

ttH126_2e2mu_Nj_genbin4_recobin2 acc 0.3288 eff 0.0094 outinratio 0.0958 

ggH126_2e2mu_Nj_genbin0_recobin3 acc 0.2879 eff 0.0002 outinratio 0.0021 

VBFH126_2e2mu_Nj_genbin0_recobin3 acc 0.0645 eff 0.0 outinratio 0.0 

WminusH126_2e2mu_Nj_genbin0_recobin3 acc 0.0994 eff 0.0021 outinratio 0.0139 

WplusH126_2e2mu_Nj_genbin0_recobin3 acc 0.0847 eff 0.0004 outinratio 0.0109 

ZH126_2e2mu_Nj_genbin0_recobin3 acc 0.0828 eff 0.0004 outinratio 0.0291 

ttH126_2e2mu_Nj_genbin0_recobin3 acc 0.0017 eff 0.0 outinratio 0.0586 

ggH126_2e2mu_Nj_genbin1_recobin3 acc 0.1097 eff 0.0035 outinratio 0.0021 

VBFH126_2e2mu_Nj_genbin1_recobin3 acc 0.2105 eff 0.0036 outinratio 0.0 

WminusH126_2e2mu_Nj_genbin1_recobin3 acc 0.1347 eff 0.0088 outinratio 0.0139 

WplusH126_2e2mu_Nj_genbin1_recobin3 acc 0.1172 eff 0.0085 outinratio 0.0109 

ZH126_2e2mu_Nj_genbin1_recobin3 acc 0.1253 eff 0.0081 outinratio 0.0291 

ttH126_2e2mu_Nj_genbin1_recobin3 acc 0.0119 eff 0.0616 outinratio 0.0586 

ggH126_2e2mu_Nj_genbin2_recobin3 acc 0.0317 eff 0.0547 outinratio 0.0021 

VBFH126_2e2mu_Nj_genbin2_recobin3 acc 0.1709 eff 0.0331 outinratio 0.0 

WminusH126_2e2mu_Nj_genbin2_recobin3 acc 0.1133 eff 0.049 outinratio 0.0139 

WplusH126_2e2mu_Nj_genbin2_recobin3 acc 0.1013 eff 0.0542 outinratio 0.0109 

ZH126_2e2mu_Nj_genbin2_recobin3 acc 0.1182 eff 0.0495 outinratio 0.0291 

ttH126_2e2mu_Nj_genbin2_recobin3 acc 0.0491 eff 0.1362 outinratio 0.0586 

ggH126_2e2mu_Nj_genbin3_recobin3 acc 0.0083 eff 0.3337 outinratio 0.0021 

VBFH126_2e2mu_Nj_genbin3_recobin3 acc 0.0177 eff 0.3401 outinratio 0.0 

WminusH126_2e2mu_Nj_genbin3_recobin3 acc 0.0387 eff 0.2753 outinratio 0.0139 

WplusH126_2e2mu_Nj_genbin3_recobin3 acc 0.0349 eff 0.3032 outinratio 0.0109 

ZH126_2e2mu_Nj_genbin3_recobin3 acc 0.0416 eff 0.3004 outinratio 0.0291 

ttH126_2e2mu_Nj_genbin3_recobin3 acc 0.0912 eff 0.1688 outinratio 0.0586 

ggH126_2e2mu_Nj_genbin4_recobin3 acc 0.0029 eff 0.139 outinratio 0.0021 

VBFH126_2e2mu_Nj_genbin4_recobin3 acc 0.0031 eff -1.0 outinratio 0.0 

WminusH126_2e2mu_Nj_genbin4_recobin3 acc 0.0181 eff 0.1149 outinratio 0.0139 

WplusH126_2e2mu_Nj_genbin4_recobin3 acc 0.0169 eff 0.086 outinratio 0.0109 

ZH126_2e2mu_Nj_genbin4_recobin3 acc 0.02 eff 0.0913 outinratio 0.0291 

ttH126_2e2mu_Nj_genbin4_recobin3 acc 0.3288 eff 0.0389 outinratio 0.0586 

ggH126_2e2mu_Nj_genbin0_recobin4 acc 0.2879 eff 0.0001 outinratio 0.0043 

VBFH126_2e2mu_Nj_genbin0_recobin4 acc 0.0645 eff 0.0 outinratio 0.0 

WminusH126_2e2mu_Nj_genbin0_recobin4 acc 0.0994 eff 0.0 outinratio 0.009 

WplusH126_2e2mu_Nj_genbin0_recobin4 acc 0.0847 eff 0.0 outinratio 0.0178 

ZH126_2e2mu_Nj_genbin0_recobin4 acc 0.0828 eff 0.0 outinratio 0.0455 

ttH126_2e2mu_Nj_genbin0_recobin4 acc 0.0017 eff 0.0 outinratio 0.032 

ggH126_2e2mu_Nj_genbin1_recobin4 acc 0.1097 eff 0.0005 outinratio 0.0043 

VBFH126_2e2mu_Nj_genbin1_recobin4 acc 0.2105 eff 0.0 outinratio 0.0 

WminusH126_2e2mu_Nj_genbin1_recobin4 acc 0.1347 eff 0.0012 outinratio 0.009 

WplusH126_2e2mu_Nj_genbin1_recobin4 acc 0.1172 eff 0.0006 outinratio 0.0178 

ZH126_2e2mu_Nj_genbin1_recobin4 acc 0.1253 eff 0.0011 outinratio 0.0455 

ttH126_2e2mu_Nj_genbin1_recobin4 acc 0.0119 eff 0.0238 outinratio 0.032 

ggH126_2e2mu_Nj_genbin2_recobin4 acc 0.0317 eff 0.0044 outinratio 0.0043 

VBFH126_2e2mu_Nj_genbin2_recobin4 acc 0.1709 eff 0.0033 outinratio 0.0 

WminusH126_2e2mu_Nj_genbin2_recobin4 acc 0.1133 eff 0.006 outinratio 0.009 

WplusH126_2e2mu_Nj_genbin2_recobin4 acc 0.1013 eff 0.0063 outinratio 0.0178 

ZH126_2e2mu_Nj_genbin2_recobin4 acc 0.1182 eff 0.0049 outinratio 0.0455 

ttH126_2e2mu_Nj_genbin2_recobin4 acc 0.0491 eff 0.0294 outinratio 0.032 

ggH126_2e2mu_Nj_genbin3_recobin4 acc 0.0083 eff 0.0537 outinratio 0.0043 

VBFH126_2e2mu_Nj_genbin3_recobin4 acc 0.0177 eff 0.0 outinratio 0.0 

WminusH126_2e2mu_Nj_genbin3_recobin4 acc 0.0387 eff 0.0523 outinratio 0.009 

WplusH126_2e2mu_Nj_genbin3_recobin4 acc 0.0349 eff 0.0559 outinratio 0.0178 

ZH126_2e2mu_Nj_genbin3_recobin4 acc 0.0416 eff 0.0442 outinratio 0.0455 

ttH126_2e2mu_Nj_genbin3_recobin4 acc 0.0912 eff 0.137 outinratio 0.032 

ggH126_2e2mu_Nj_genbin4_recobin4 acc 0.0029 eff 0.3638 outinratio 0.0043 

VBFH126_2e2mu_Nj_genbin4_recobin4 acc 0.0031 eff -1.0 outinratio 0.0 

WminusH126_2e2mu_Nj_genbin4_recobin4 acc 0.0181 eff 0.3455 outinratio 0.009 

WplusH126_2e2mu_Nj_genbin4_recobin4 acc 0.0169 eff 0.3416 outinratio 0.0178 

ZH126_2e2mu_Nj_genbin4_recobin4 acc 0.02 eff 0.3473 outinratio 0.0455 

ttH126_2e2mu_Nj_genbin4_recobin4 acc 0.3288 eff 0.339 outinratio 0.032 

Coeff fullNNLOPS
