Welcome in RunCoefficients!
OPT SPLIT
DEBUG opt.YEAR = 2022EE_2
It is a single-differential measurement, binning [105.0, 160.0]
ZZMass
Following observables extracted from dictionary: RECO =  ZZMass  GEN =  GENmass4l
LUMI: 4.4454666666666665
ttH126 0.00016778591
Processing ggH126 2022EE_2
Signal created
Signal failed created
Processing VBFH126 2022EE_2
Signal created
Signal failed created
Processing WminusH126 2022EE_2
Signal created
Signal failed created
Processing WplusH126 2022EE_2
Signal created
Signal failed created
Processing ZH126 2022EE_2
Signal created
Signal failed created
Processing ttH126 2022EE_2
Signal created
Signal failed created
2022EE_2 SKIMMED df CREATED
2022EE_2 ggH126
2022EE_2 VBFH126
2022EE_2 WminusH126
2022EE_2 WplusH126
2022EE_2 ZH126
2022EE_2 ttH126
Dataframes created successfully
Coeff std
ggH126_4l_mass4l_genbin0_recobin0 acc 0.4475 eff 0.4974 outinratio 0.0073 

VBFH126_4l_mass4l_genbin0_recobin0 acc 0.4804 eff 0.5472 outinratio 0.0061 

WminusH126_4l_mass4l_genbin0_recobin0 acc 0.4086 eff 0.4811 outinratio 0.0168 

WplusH126_4l_mass4l_genbin0_recobin0 acc 0.3647 eff 0.4715 outinratio 0.0187 

ZH126_4l_mass4l_genbin0_recobin0 acc 0.3929 eff 0.481 outinratio 0.0484 

ttH126_4l_mass4l_genbin0_recobin0 acc 0.488 eff 0.3919 outinratio 0.0479 

ggH126_4e_mass4l_genbin0_recobin0 acc 0.4308 eff 0.3217 outinratio 0.0104 

VBFH126_4e_mass4l_genbin0_recobin0 acc 0.4655 eff 0.4044 outinratio 0.0124 

WminusH126_4e_mass4l_genbin0_recobin0 acc 0.3912 eff 0.3327 outinratio 0.0175 

WplusH126_4e_mass4l_genbin0_recobin0 acc 0.354 eff 0.3288 outinratio 0.026 

ZH126_4e_mass4l_genbin0_recobin0 acc 0.3854 eff 0.3287 outinratio 0.0488 

ttH126_4e_mass4l_genbin0_recobin0 acc 0.4712 eff 0.3051 outinratio 0.0596 

ggH126_4mu_mass4l_genbin0_recobin0 acc 0.4785 eff 0.6856 outinratio 0.0058 

VBFH126_4mu_mass4l_genbin0_recobin0 acc 0.5177 eff 0.7136 outinratio 0.0084 

WminusH126_4mu_mass4l_genbin0_recobin0 acc 0.4393 eff 0.6479 outinratio 0.0104 

WplusH126_4mu_mass4l_genbin0_recobin0 acc 0.3874 eff 0.637 outinratio 0.0128 

ZH126_4mu_mass4l_genbin0_recobin0 acc 0.414 eff 0.6487 outinratio 0.0492 

ttH126_4mu_mass4l_genbin0_recobin0 acc 0.525 eff 0.4849 outinratio 0.0411 

ggH126_2e2mu_mass4l_genbin0_recobin0 acc 0.4398 eff 0.4795 outinratio 0.0076 

VBFH126_2e2mu_mass4l_genbin0_recobin0 acc 0.4675 eff 0.5227 outinratio 0.0014 

WminusH126_2e2mu_mass4l_genbin0_recobin0 acc 0.4013 eff 0.4607 outinratio 0.0221 

WplusH126_2e2mu_mass4l_genbin0_recobin0 acc 0.3582 eff 0.4517 outinratio 0.0207 

ZH126_2e2mu_mass4l_genbin0_recobin0 acc 0.3855 eff 0.4664 outinratio 0.0476 

ttH126_2e2mu_mass4l_genbin0_recobin0 acc 0.4768 eff 0.3823 outinratio 0.0481 

Coeff fullNNLOPS
