Welcome in RunCoefficients!
OPT SPLIT
DEBUG opt.YEAR = 2022_2
It is a single-differential measurement, binning [-100.0, 0.0, 92.0, 224.0, 10000.0]
mjj
Following observables extracted from dictionary: RECO =  mjj  GEN =  GENmjj
LUMI: 1.9951
ttH126 0.00016778593
Processing ggH126 2022_2
Signal created
Signal failed created
Processing VBFH126 2022_2
Signal created
Signal failed created
Processing WminusH126 2022_2
Signal created
Signal failed created
Processing WplusH126 2022_2
Signal created
Signal failed created
Processing ZH126 2022_2
Signal created
Signal failed created
Processing ttH126 2022_2
Signal created
Signal failed created
2022_2 SKIMMED df CREATED
2022_2 ggH126
2022_2 VBFH126
2022_2 WminusH126
2022_2 WplusH126
2022_2 ZH126
2022_2 ttH126
Dataframes created successfully
Coeff std
ggH126_4l_mjj_genbin0_recobin0 acc 0.4045 eff 0.4689 outinratio 0.0078 

VBFH126_4l_mjj_genbin0_recobin0 acc 0.2888 eff 0.4548 outinratio 0.0088 

WminusH126_4l_mjj_genbin0_recobin0 acc 0.2392 eff 0.3969 outinratio 0.0252 

WplusH126_4l_mjj_genbin0_recobin0 acc 0.2068 eff 0.3982 outinratio 0.0237 

ZH126_4l_mjj_genbin0_recobin0 acc 0.2098 eff 0.407 outinratio 0.0683 

ttH126_4l_mjj_genbin0_recobin0 acc 0.0145 eff 0.1669 outinratio 0.0378 

ggH126_4l_mjj_genbin1_recobin0 acc 0.011 eff 0.1198 outinratio 0.0078 

VBFH126_4l_mjj_genbin1_recobin0 acc 0.0125 eff 0.0531 outinratio 0.0088 

WminusH126_4l_mjj_genbin1_recobin0 acc 0.0958 eff 0.0761 outinratio 0.0252 

WplusH126_4l_mjj_genbin1_recobin0 acc 0.0877 eff 0.0725 outinratio 0.0237 

ZH126_4l_mjj_genbin1_recobin0 acc 0.0836 eff 0.1021 outinratio 0.0683 

ttH126_4l_mjj_genbin1_recobin0 acc 0.0523 eff 0.0084 outinratio 0.0378 

ggH126_4l_mjj_genbin2_recobin0 acc 0.0181 eff 0.0657 outinratio 0.0078 

VBFH126_4l_mjj_genbin2_recobin0 acc 0.027 eff 0.1029 outinratio 0.0088 

WminusH126_4l_mjj_genbin2_recobin0 acc 0.0494 eff 0.044 outinratio 0.0252 

WplusH126_4l_mjj_genbin2_recobin0 acc 0.0415 eff 0.0377 outinratio 0.0237 

ZH126_4l_mjj_genbin2_recobin0 acc 0.0659 eff 0.0516 outinratio 0.0683 

ttH126_4l_mjj_genbin2_recobin0 acc 0.2011 eff 0.0102 outinratio 0.0378 

ggH126_4l_mjj_genbin3_recobin0 acc 0.0148 eff 0.0473 outinratio 0.0078 

VBFH126_4l_mjj_genbin3_recobin0 acc 0.1535 eff 0.0747 outinratio 0.0088 

WminusH126_4l_mjj_genbin3_recobin0 acc 0.0294 eff 0.0159 outinratio 0.0252 

WplusH126_4l_mjj_genbin3_recobin0 acc 0.029 eff 0.0143 outinratio 0.0237 

ZH126_4l_mjj_genbin3_recobin0 acc 0.0309 eff 0.0212 outinratio 0.0683 

ttH126_4l_mjj_genbin3_recobin0 acc 0.2201 eff 0.0011 outinratio 0.0378 

ggH126_4l_mjj_genbin0_recobin1 acc 0.4045 eff 0.0052 outinratio 0.0131 

VBFH126_4l_mjj_genbin0_recobin1 acc 0.2888 eff 0.0033 outinratio 0.0 

WminusH126_4l_mjj_genbin0_recobin1 acc 0.2392 eff 0.0219 outinratio 0.0132 

WplusH126_4l_mjj_genbin0_recobin1 acc 0.2068 eff 0.0261 outinratio 0.0085 

ZH126_4l_mjj_genbin0_recobin1 acc 0.2098 eff 0.0156 outinratio 0.0336 

ttH126_4l_mjj_genbin0_recobin1 acc 0.0145 eff 0.0367 outinratio 0.0392 

ggH126_4l_mjj_genbin1_recobin1 acc 0.011 eff 0.3211 outinratio 0.0131 

VBFH126_4l_mjj_genbin1_recobin1 acc 0.0125 eff 0.3389 outinratio 0.0 

WminusH126_4l_mjj_genbin1_recobin1 acc 0.0958 eff 0.3363 outinratio 0.0132 

WplusH126_4l_mjj_genbin1_recobin1 acc 0.0877 eff 0.3384 outinratio 0.0085 

ZH126_4l_mjj_genbin1_recobin1 acc 0.0836 eff 0.2549 outinratio 0.0336 

ttH126_4l_mjj_genbin1_recobin1 acc 0.0523 eff 0.1869 outinratio 0.0392 

ggH126_4l_mjj_genbin2_recobin1 acc 0.0181 eff 0.024 outinratio 0.0131 

VBFH126_4l_mjj_genbin2_recobin1 acc 0.027 eff 0.0158 outinratio 0.0 

WminusH126_4l_mjj_genbin2_recobin1 acc 0.0494 eff 0.0414 outinratio 0.0132 

WplusH126_4l_mjj_genbin2_recobin1 acc 0.0415 eff 0.042 outinratio 0.0085 

ZH126_4l_mjj_genbin2_recobin1 acc 0.0659 eff 0.0658 outinratio 0.0336 

ttH126_4l_mjj_genbin2_recobin1 acc 0.2011 eff 0.0263 outinratio 0.0392 

ggH126_4l_mjj_genbin3_recobin1 acc 0.0148 eff 0.0033 outinratio 0.0131 

VBFH126_4l_mjj_genbin3_recobin1 acc 0.1535 eff 0.002 outinratio 0.0 

WminusH126_4l_mjj_genbin3_recobin1 acc 0.0294 eff 0.0081 outinratio 0.0132 

WplusH126_4l_mjj_genbin3_recobin1 acc 0.029 eff 0.0113 outinratio 0.0085 

ZH126_4l_mjj_genbin3_recobin1 acc 0.0309 eff 0.0047 outinratio 0.0336 

ttH126_4l_mjj_genbin3_recobin1 acc 0.2201 eff 0.0067 outinratio 0.0392 

ggH126_4l_mjj_genbin0_recobin2 acc 0.4045 eff 0.0065 outinratio 0.0067 

VBFH126_4l_mjj_genbin0_recobin2 acc 0.2888 eff 0.012 outinratio 0.0027 

WminusH126_4l_mjj_genbin0_recobin2 acc 0.2392 eff 0.0281 outinratio 0.0098 

WplusH126_4l_mjj_genbin0_recobin2 acc 0.2068 eff 0.0268 outinratio 0.0108 

ZH126_4l_mjj_genbin0_recobin2 acc 0.2098 eff 0.0281 outinratio 0.0343 

ttH126_4l_mjj_genbin0_recobin2 acc 0.0145 eff 0.0939 outinratio 0.0419 

ggH126_4l_mjj_genbin1_recobin2 acc 0.011 eff 0.0437 outinratio 0.0067 

VBFH126_4l_mjj_genbin1_recobin2 acc 0.0125 eff 0.0587 outinratio 0.0027 

WminusH126_4l_mjj_genbin1_recobin2 acc 0.0958 eff 0.0774 outinratio 0.0098 

WplusH126_4l_mjj_genbin1_recobin2 acc 0.0877 eff 0.0755 outinratio 0.0108 

ZH126_4l_mjj_genbin1_recobin2 acc 0.0836 eff 0.1296 outinratio 0.0343 

ttH126_4l_mjj_genbin1_recobin2 acc 0.0523 eff 0.1297 outinratio 0.0419 

ggH126_4l_mjj_genbin2_recobin2 acc 0.0181 eff 0.3707 outinratio 0.0067 

VBFH126_4l_mjj_genbin2_recobin2 acc 0.027 eff 0.3182 outinratio 0.0027 

WminusH126_4l_mjj_genbin2_recobin2 acc 0.0494 eff 0.3526 outinratio 0.0098 

WplusH126_4l_mjj_genbin2_recobin2 acc 0.0415 eff 0.3463 outinratio 0.0108 

ZH126_4l_mjj_genbin2_recobin2 acc 0.0659 eff 0.3166 outinratio 0.0343 

ttH126_4l_mjj_genbin2_recobin2 acc 0.2011 eff 0.2762 outinratio 0.0419 

ggH126_4l_mjj_genbin3_recobin2 acc 0.0148 eff 0.0383 outinratio 0.0067 

VBFH126_4l_mjj_genbin3_recobin2 acc 0.1535 eff 0.0062 outinratio 0.0027 

WminusH126_4l_mjj_genbin3_recobin2 acc 0.0294 eff 0.0472 outinratio 0.0098 

WplusH126_4l_mjj_genbin3_recobin2 acc 0.029 eff 0.0382 outinratio 0.0108 

ZH126_4l_mjj_genbin3_recobin2 acc 0.0309 eff 0.0426 outinratio 0.0343 

ttH126_4l_mjj_genbin3_recobin2 acc 0.2201 eff 0.0428 outinratio 0.0419 

ggH126_4l_mjj_genbin0_recobin3 acc 0.4045 eff 0.0033 outinratio 0.0091 

VBFH126_4l_mjj_genbin0_recobin3 acc 0.2888 eff 0.0429 outinratio 0.0329 

WminusH126_4l_mjj_genbin0_recobin3 acc 0.2392 eff 0.0069 outinratio 0.0171 

WplusH126_4l_mjj_genbin0_recobin3 acc 0.2068 eff 0.0063 outinratio 0.0108 

ZH126_4l_mjj_genbin0_recobin3 acc 0.2098 eff 0.0039 outinratio 0.0487 

ttH126_4l_mjj_genbin0_recobin3 acc 0.0145 eff 0.0568 outinratio 0.0374 

ggH126_4l_mjj_genbin1_recobin3 acc 0.011 eff 0.0124 outinratio 0.0091 

VBFH126_4l_mjj_genbin1_recobin3 acc 0.0125 eff 0.0943 outinratio 0.0329 

WminusH126_4l_mjj_genbin1_recobin3 acc 0.0958 eff 0.007 outinratio 0.0171 

WplusH126_4l_mjj_genbin1_recobin3 acc 0.0877 eff 0.0082 outinratio 0.0108 

ZH126_4l_mjj_genbin1_recobin3 acc 0.0836 eff 0.0063 outinratio 0.0487 

ttH126_4l_mjj_genbin1_recobin3 acc 0.0523 eff 0.048 outinratio 0.0374 

ggH126_4l_mjj_genbin2_recobin3 acc 0.0181 eff 0.0348 outinratio 0.0091 

VBFH126_4l_mjj_genbin2_recobin3 acc 0.027 eff 0.0751 outinratio 0.0329 

WminusH126_4l_mjj_genbin2_recobin3 acc 0.0494 eff 0.0374 outinratio 0.0171 

WplusH126_4l_mjj_genbin2_recobin3 acc 0.0415 eff 0.0363 outinratio 0.0108 

ZH126_4l_mjj_genbin2_recobin3 acc 0.0659 eff 0.0271 outinratio 0.0487 

ttH126_4l_mjj_genbin2_recobin3 acc 0.2011 eff 0.0589 outinratio 0.0374 

ggH126_4l_mjj_genbin3_recobin3 acc 0.0148 eff 0.4109 outinratio 0.0091 

VBFH126_4l_mjj_genbin3_recobin3 acc 0.1535 eff 0.4602 outinratio 0.0329 

WminusH126_4l_mjj_genbin3_recobin3 acc 0.0294 eff 0.3962 outinratio 0.0171 

WplusH126_4l_mjj_genbin3_recobin3 acc 0.029 eff 0.3887 outinratio 0.0108 

ZH126_4l_mjj_genbin3_recobin3 acc 0.0309 eff 0.3829 outinratio 0.0487 

ttH126_4l_mjj_genbin3_recobin3 acc 0.2201 eff 0.3406 outinratio 0.0374 

ggH126_4e_mjj_genbin0_recobin0 acc 0.3854 eff 0.3608 outinratio 0.0112 

VBFH126_4e_mjj_genbin0_recobin0 acc 0.2813 eff 0.3925 outinratio 0.0196 

WminusH126_4e_mjj_genbin0_recobin0 acc 0.2276 eff 0.3038 outinratio 0.0301 

WplusH126_4e_mjj_genbin0_recobin0 acc 0.1954 eff 0.3169 outinratio 0.0343 

ZH126_4e_mjj_genbin0_recobin0 acc 0.202 eff 0.3257 outinratio 0.0726 

ttH126_4e_mjj_genbin0_recobin0 acc 0.0159 eff 0.1635 outinratio 0.0383 

ggH126_4e_mjj_genbin1_recobin0 acc 0.0107 eff 0.1073 outinratio 0.0112 

VBFH126_4e_mjj_genbin1_recobin0 acc 0.0109 eff 0.0 outinratio 0.0196 

WminusH126_4e_mjj_genbin1_recobin0 acc 0.0939 eff 0.0518 outinratio 0.0301 

WplusH126_4e_mjj_genbin1_recobin0 acc 0.0864 eff 0.055 outinratio 0.0343 

ZH126_4e_mjj_genbin1_recobin0 acc 0.0797 eff 0.0606 outinratio 0.0726 

ttH126_4e_mjj_genbin1_recobin0 acc 0.0527 eff 0.0108 outinratio 0.0383 

ggH126_4e_mjj_genbin2_recobin0 acc 0.0174 eff 0.0348 outinratio 0.0112 

VBFH126_4e_mjj_genbin2_recobin0 acc 0.0211 eff 0.101 outinratio 0.0196 

WminusH126_4e_mjj_genbin2_recobin0 acc 0.0485 eff 0.0376 outinratio 0.0301 

WplusH126_4e_mjj_genbin2_recobin0 acc 0.0393 eff 0.0172 outinratio 0.0343 

ZH126_4e_mjj_genbin2_recobin0 acc 0.066 eff 0.0396 outinratio 0.0726 

ttH126_4e_mjj_genbin2_recobin0 acc 0.1908 eff 0.0093 outinratio 0.0383 

ggH126_4e_mjj_genbin3_recobin0 acc 0.0135 eff 0.0357 outinratio 0.0112 

VBFH126_4e_mjj_genbin3_recobin0 acc 0.1477 eff 0.0595 outinratio 0.0196 

WminusH126_4e_mjj_genbin3_recobin0 acc 0.0292 eff 0.0124 outinratio 0.0301 

WplusH126_4e_mjj_genbin3_recobin0 acc 0.0278 eff 0.0108 outinratio 0.0343 

ZH126_4e_mjj_genbin3_recobin0 acc 0.0279 eff 0.0171 outinratio 0.0726 

ttH126_4e_mjj_genbin3_recobin0 acc 0.2164 eff 0.0003 outinratio 0.0383 

ggH126_4e_mjj_genbin0_recobin1 acc 0.3854 eff 0.0031 outinratio 0.0171 

VBFH126_4e_mjj_genbin0_recobin1 acc 0.2813 eff 0.0018 outinratio 0.0 

WminusH126_4e_mjj_genbin0_recobin1 acc 0.2276 eff 0.0168 outinratio 0.02 

WplusH126_4e_mjj_genbin0_recobin1 acc 0.1954 eff 0.0206 outinratio 0.0157 

ZH126_4e_mjj_genbin0_recobin1 acc 0.202 eff 0.0153 outinratio 0.0302 

ttH126_4e_mjj_genbin0_recobin1 acc 0.0159 eff 0.0547 outinratio 0.0194 

ggH126_4e_mjj_genbin1_recobin1 acc 0.0107 eff 0.2844 outinratio 0.0171 

VBFH126_4e_mjj_genbin1_recobin1 acc 0.0109 eff 0.1851 outinratio 0.0 

WminusH126_4e_mjj_genbin1_recobin1 acc 0.0939 eff 0.2767 outinratio 0.02 

WplusH126_4e_mjj_genbin1_recobin1 acc 0.0864 eff 0.2848 outinratio 0.0157 

ZH126_4e_mjj_genbin1_recobin1 acc 0.0797 eff 0.2123 outinratio 0.0302 

ttH126_4e_mjj_genbin1_recobin1 acc 0.0527 eff 0.1367 outinratio 0.0194 

ggH126_4e_mjj_genbin2_recobin1 acc 0.0174 eff 0.0222 outinratio 0.0171 

VBFH126_4e_mjj_genbin2_recobin1 acc 0.0211 eff 0.0123 outinratio 0.0 

WminusH126_4e_mjj_genbin2_recobin1 acc 0.0485 eff 0.0264 outinratio 0.02 

WplusH126_4e_mjj_genbin2_recobin1 acc 0.0393 eff 0.03 outinratio 0.0157 

ZH126_4e_mjj_genbin2_recobin1 acc 0.066 eff 0.0531 outinratio 0.0302 

ttH126_4e_mjj_genbin2_recobin1 acc 0.1908 eff 0.0179 outinratio 0.0194 

ggH126_4e_mjj_genbin3_recobin1 acc 0.0135 eff 0.0 outinratio 0.0171 

VBFH126_4e_mjj_genbin3_recobin1 acc 0.1477 eff 0.0031 outinratio 0.0 

WminusH126_4e_mjj_genbin3_recobin1 acc 0.0292 eff 0.0095 outinratio 0.02 

WplusH126_4e_mjj_genbin3_recobin1 acc 0.0278 eff 0.0095 outinratio 0.0157 

ZH126_4e_mjj_genbin3_recobin1 acc 0.0279 eff 0.0 outinratio 0.0302 

ttH126_4e_mjj_genbin3_recobin1 acc 0.2164 eff 0.0087 outinratio 0.0194 

ggH126_4e_mjj_genbin0_recobin2 acc 0.3854 eff 0.0038 outinratio 0.009 

VBFH126_4e_mjj_genbin0_recobin2 acc 0.2813 eff 0.0115 outinratio 0.0 

WminusH126_4e_mjj_genbin0_recobin2 acc 0.2276 eff 0.0206 outinratio 0.0099 

WplusH126_4e_mjj_genbin0_recobin2 acc 0.1954 eff 0.0212 outinratio 0.0172 

ZH126_4e_mjj_genbin0_recobin2 acc 0.202 eff 0.0232 outinratio 0.0338 

ttH126_4e_mjj_genbin0_recobin2 acc 0.0159 eff 0.0516 outinratio 0.0442 

ggH126_4e_mjj_genbin1_recobin2 acc 0.0107 eff 0.0507 outinratio 0.009 

VBFH126_4e_mjj_genbin1_recobin2 acc 0.0109 eff 0.0 outinratio 0.0 

WminusH126_4e_mjj_genbin1_recobin2 acc 0.0939 eff 0.0602 outinratio 0.0099 

WplusH126_4e_mjj_genbin1_recobin2 acc 0.0864 eff 0.0614 outinratio 0.0172 

ZH126_4e_mjj_genbin1_recobin2 acc 0.0797 eff 0.1029 outinratio 0.0338 

ttH126_4e_mjj_genbin1_recobin2 acc 0.0527 eff 0.1114 outinratio 0.0442 

ggH126_4e_mjj_genbin2_recobin2 acc 0.0174 eff 0.2703 outinratio 0.009 

VBFH126_4e_mjj_genbin2_recobin2 acc 0.0211 eff 0.254 outinratio 0.0 

WminusH126_4e_mjj_genbin2_recobin2 acc 0.0485 eff 0.3039 outinratio 0.0099 

WplusH126_4e_mjj_genbin2_recobin2 acc 0.0393 eff 0.2842 outinratio 0.0172 

ZH126_4e_mjj_genbin2_recobin2 acc 0.066 eff 0.2537 outinratio 0.0338 

ttH126_4e_mjj_genbin2_recobin2 acc 0.1908 eff 0.2216 outinratio 0.0442 

ggH126_4e_mjj_genbin3_recobin2 acc 0.0135 eff 0.0183 outinratio 0.009 

VBFH126_4e_mjj_genbin3_recobin2 acc 0.1477 eff 0.0 outinratio 0.0 

WminusH126_4e_mjj_genbin3_recobin2 acc 0.0292 eff 0.0219 outinratio 0.0099 

WplusH126_4e_mjj_genbin3_recobin2 acc 0.0278 eff 0.0325 outinratio 0.0172 

ZH126_4e_mjj_genbin3_recobin2 acc 0.0279 eff 0.057 outinratio 0.0338 

ttH126_4e_mjj_genbin3_recobin2 acc 0.2164 eff 0.0387 outinratio 0.0442 

ggH126_4e_mjj_genbin0_recobin3 acc 0.3854 eff 0.002 outinratio 0.0181 

VBFH126_4e_mjj_genbin0_recobin3 acc 0.2813 eff 0.0368 outinratio 0.1353 

WminusH126_4e_mjj_genbin0_recobin3 acc 0.2276 eff 0.0072 outinratio 0.0223 

WplusH126_4e_mjj_genbin0_recobin3 acc 0.1954 eff 0.0048 outinratio 0.0261 

ZH126_4e_mjj_genbin0_recobin3 acc 0.202 eff 0.0038 outinratio 0.0756 

ttH126_4e_mjj_genbin0_recobin3 acc 0.0159 eff 0.0142 outinratio 0.0429 

ggH126_4e_mjj_genbin1_recobin3 acc 0.0107 eff 0.0055 outinratio 0.0181 

VBFH126_4e_mjj_genbin1_recobin3 acc 0.0109 eff 0.2337 outinratio 0.1353 

WminusH126_4e_mjj_genbin1_recobin3 acc 0.0939 eff 0.0051 outinratio 0.0223 

WplusH126_4e_mjj_genbin1_recobin3 acc 0.0864 eff 0.0072 outinratio 0.0261 

ZH126_4e_mjj_genbin1_recobin3 acc 0.0797 eff 0.0074 outinratio 0.0756 

ttH126_4e_mjj_genbin1_recobin3 acc 0.0527 eff 0.0278 outinratio 0.0429 

ggH126_4e_mjj_genbin2_recobin3 acc 0.0174 eff 0.0241 outinratio 0.0181 

VBFH126_4e_mjj_genbin2_recobin3 acc 0.0211 eff 0.0367 outinratio 0.1353 

WminusH126_4e_mjj_genbin2_recobin3 acc 0.0485 eff 0.0226 outinratio 0.0223 

WplusH126_4e_mjj_genbin2_recobin3 acc 0.0393 eff 0.0341 outinratio 0.0261 

ZH126_4e_mjj_genbin2_recobin3 acc 0.066 eff 0.0167 outinratio 0.0756 

ttH126_4e_mjj_genbin2_recobin3 acc 0.1908 eff 0.0479 outinratio 0.0429 

ggH126_4e_mjj_genbin3_recobin3 acc 0.0135 eff 0.374 outinratio 0.0181 

VBFH126_4e_mjj_genbin3_recobin3 acc 0.1477 eff 0.3977 outinratio 0.1353 

WminusH126_4e_mjj_genbin3_recobin3 acc 0.0292 eff 0.3613 outinratio 0.0223 

WplusH126_4e_mjj_genbin3_recobin3 acc 0.0278 eff 0.328 outinratio 0.0261 

ZH126_4e_mjj_genbin3_recobin3 acc 0.0279 eff 0.2923 outinratio 0.0756 

ttH126_4e_mjj_genbin3_recobin3 acc 0.2164 eff 0.3111 outinratio 0.0429 

ggH126_4mu_mjj_genbin0_recobin0 acc 0.4309 eff 0.5816 outinratio 0.0068 

VBFH126_4mu_mjj_genbin0_recobin0 acc 0.3125 eff 0.5432 outinratio 0.0078 

WminusH126_4mu_mjj_genbin0_recobin0 acc 0.2547 eff 0.4915 outinratio 0.0218 

WplusH126_4mu_mjj_genbin0_recobin0 acc 0.2223 eff 0.4864 outinratio 0.0172 

ZH126_4mu_mjj_genbin0_recobin0 acc 0.2216 eff 0.502 outinratio 0.0596 

ttH126_4mu_mjj_genbin0_recobin0 acc 0.0155 eff 0.2422 outinratio 0.0499 

ggH126_4mu_mjj_genbin1_recobin0 acc 0.0117 eff 0.137 outinratio 0.0068 

VBFH126_4mu_mjj_genbin1_recobin0 acc 0.0132 eff 0.0718 outinratio 0.0078 

WminusH126_4mu_mjj_genbin1_recobin0 acc 0.0984 eff 0.0951 outinratio 0.0218 

WplusH126_4mu_mjj_genbin1_recobin0 acc 0.0874 eff 0.0934 outinratio 0.0172 

ZH126_4mu_mjj_genbin1_recobin0 acc 0.0853 eff 0.141 outinratio 0.0596 

ttH126_4mu_mjj_genbin1_recobin0 acc 0.0529 eff 0.0103 outinratio 0.0499 

ggH126_4mu_mjj_genbin2_recobin0 acc 0.0191 eff 0.0747 outinratio 0.0068 

VBFH126_4mu_mjj_genbin2_recobin0 acc 0.0313 eff 0.143 outinratio 0.0078 

WminusH126_4mu_mjj_genbin2_recobin0 acc 0.0533 eff 0.0548 outinratio 0.0218 

WplusH126_4mu_mjj_genbin2_recobin0 acc 0.0421 eff 0.0527 outinratio 0.0172 

ZH126_4mu_mjj_genbin2_recobin0 acc 0.0692 eff 0.0637 outinratio 0.0596 

ttH126_4mu_mjj_genbin2_recobin0 acc 0.2193 eff 0.0126 outinratio 0.0499 

ggH126_4mu_mjj_genbin3_recobin0 acc 0.0152 eff 0.0643 outinratio 0.0068 

VBFH126_4mu_mjj_genbin3_recobin0 acc 0.1641 eff 0.0756 outinratio 0.0078 

WminusH126_4mu_mjj_genbin3_recobin0 acc 0.03 eff 0.0162 outinratio 0.0218 

WplusH126_4mu_mjj_genbin3_recobin0 acc 0.0303 eff 0.0121 outinratio 0.0172 

ZH126_4mu_mjj_genbin3_recobin0 acc 0.0351 eff 0.0295 outinratio 0.0596 

ttH126_4mu_mjj_genbin3_recobin0 acc 0.2408 eff 0.0034 outinratio 0.0499 

ggH126_4mu_mjj_genbin0_recobin1 acc 0.4309 eff 0.0074 outinratio 0.0132 

VBFH126_4mu_mjj_genbin0_recobin1 acc 0.3125 eff 0.0004 outinratio 0.0 

WminusH126_4mu_mjj_genbin0_recobin1 acc 0.2547 eff 0.0288 outinratio 0.0112 

WplusH126_4mu_mjj_genbin0_recobin1 acc 0.2223 eff 0.0323 outinratio 0.0034 

ZH126_4mu_mjj_genbin0_recobin1 acc 0.2216 eff 0.0198 outinratio 0.0318 

ttH126_4mu_mjj_genbin0_recobin1 acc 0.0155 eff 0.0167 outinratio 0.0361 

ggH126_4mu_mjj_genbin1_recobin1 acc 0.0117 eff 0.4093 outinratio 0.0132 

VBFH126_4mu_mjj_genbin1_recobin1 acc 0.0132 eff 0.3758 outinratio 0.0 

WminusH126_4mu_mjj_genbin1_recobin1 acc 0.0984 eff 0.4038 outinratio 0.0112 

WplusH126_4mu_mjj_genbin1_recobin1 acc 0.0874 eff 0.3977 outinratio 0.0034 

ZH126_4mu_mjj_genbin1_recobin1 acc 0.0853 eff 0.3105 outinratio 0.0318 

ttH126_4mu_mjj_genbin1_recobin1 acc 0.0529 eff 0.2457 outinratio 0.0361 

ggH126_4mu_mjj_genbin2_recobin1 acc 0.0191 eff 0.0388 outinratio 0.0132 

VBFH126_4mu_mjj_genbin2_recobin1 acc 0.0313 eff 0.023 outinratio 0.0 

WminusH126_4mu_mjj_genbin2_recobin1 acc 0.0533 eff 0.0544 outinratio 0.0112 

WplusH126_4mu_mjj_genbin2_recobin1 acc 0.0421 eff 0.0537 outinratio 0.0034 

ZH126_4mu_mjj_genbin2_recobin1 acc 0.0692 eff 0.0761 outinratio 0.0318 

ttH126_4mu_mjj_genbin2_recobin1 acc 0.2193 eff 0.0349 outinratio 0.0361 

ggH126_4mu_mjj_genbin3_recobin1 acc 0.0152 eff 0.0087 outinratio 0.0132 

VBFH126_4mu_mjj_genbin3_recobin1 acc 0.1641 eff 0.0 outinratio 0.0 

WminusH126_4mu_mjj_genbin3_recobin1 acc 0.03 eff 0.0038 outinratio 0.0112 

WplusH126_4mu_mjj_genbin3_recobin1 acc 0.0303 eff 0.0097 outinratio 0.0034 

ZH126_4mu_mjj_genbin3_recobin1 acc 0.0351 eff 0.0072 outinratio 0.0318 

ttH126_4mu_mjj_genbin3_recobin1 acc 0.2408 eff 0.007 outinratio 0.0361 

ggH126_4mu_mjj_genbin0_recobin2 acc 0.4309 eff 0.0081 outinratio 0.0036 

VBFH126_4mu_mjj_genbin0_recobin2 acc 0.3125 eff 0.0158 outinratio 0.0072 

WminusH126_4mu_mjj_genbin0_recobin2 acc 0.2547 eff 0.0284 outinratio 0.0072 

WplusH126_4mu_mjj_genbin0_recobin2 acc 0.2223 eff 0.0333 outinratio 0.0065 

ZH126_4mu_mjj_genbin0_recobin2 acc 0.2216 eff 0.0352 outinratio 0.0206 

ttH126_4mu_mjj_genbin0_recobin2 acc 0.0155 eff 0.1363 outinratio 0.0414 

ggH126_4mu_mjj_genbin1_recobin2 acc 0.0117 eff 0.0442 outinratio 0.0036 

VBFH126_4mu_mjj_genbin1_recobin2 acc 0.0132 eff 0.0837 outinratio 0.0072 

WminusH126_4mu_mjj_genbin1_recobin2 acc 0.0984 eff 0.0818 outinratio 0.0072 

WplusH126_4mu_mjj_genbin1_recobin2 acc 0.0874 eff 0.0906 outinratio 0.0065 

ZH126_4mu_mjj_genbin1_recobin2 acc 0.0853 eff 0.1618 outinratio 0.0206 

ttH126_4mu_mjj_genbin1_recobin2 acc 0.0529 eff 0.1465 outinratio 0.0414 

ggH126_4mu_mjj_genbin2_recobin2 acc 0.0191 eff 0.4598 outinratio 0.0036 

VBFH126_4mu_mjj_genbin2_recobin2 acc 0.0313 eff 0.3576 outinratio 0.0072 

WminusH126_4mu_mjj_genbin2_recobin2 acc 0.0533 eff 0.4184 outinratio 0.0072 

WplusH126_4mu_mjj_genbin2_recobin2 acc 0.0421 eff 0.4078 outinratio 0.0065 

ZH126_4mu_mjj_genbin2_recobin2 acc 0.0692 eff 0.3794 outinratio 0.0206 

ttH126_4mu_mjj_genbin2_recobin2 acc 0.2193 eff 0.3243 outinratio 0.0414 

ggH126_4mu_mjj_genbin3_recobin2 acc 0.0152 eff 0.0474 outinratio 0.0036 

VBFH126_4mu_mjj_genbin3_recobin2 acc 0.1641 eff 0.0133 outinratio 0.0072 

WminusH126_4mu_mjj_genbin3_recobin2 acc 0.03 eff 0.0639 outinratio 0.0072 

WplusH126_4mu_mjj_genbin3_recobin2 acc 0.0303 eff 0.0485 outinratio 0.0065 

ZH126_4mu_mjj_genbin3_recobin2 acc 0.0351 eff 0.0512 outinratio 0.0206 

ttH126_4mu_mjj_genbin3_recobin2 acc 0.2408 eff 0.0439 outinratio 0.0414 

ggH126_4mu_mjj_genbin0_recobin3 acc 0.4309 eff 0.0036 outinratio 0.0102 

VBFH126_4mu_mjj_genbin0_recobin3 acc 0.3125 eff 0.05 outinratio 0.0027 

WminusH126_4mu_mjj_genbin0_recobin3 acc 0.2547 eff 0.0058 outinratio 0.0189 

WplusH126_4mu_mjj_genbin0_recobin3 acc 0.2223 eff 0.0067 outinratio 0.0047 

ZH126_4mu_mjj_genbin0_recobin3 acc 0.2216 eff 0.0032 outinratio 0.032 

ttH126_4mu_mjj_genbin0_recobin3 acc 0.0155 eff 0.0478 outinratio 0.0232 

ggH126_4mu_mjj_genbin1_recobin3 acc 0.0117 eff 0.0112 outinratio 0.0102 

VBFH126_4mu_mjj_genbin1_recobin3 acc 0.0132 eff 0.0765 outinratio 0.0027 

WminusH126_4mu_mjj_genbin1_recobin3 acc 0.0984 eff 0.0106 outinratio 0.0189 

WplusH126_4mu_mjj_genbin1_recobin3 acc 0.0874 eff 0.0102 outinratio 0.0047 

ZH126_4mu_mjj_genbin1_recobin3 acc 0.0853 eff 0.0128 outinratio 0.032 

ttH126_4mu_mjj_genbin1_recobin3 acc 0.0529 eff 0.0323 outinratio 0.0232 

ggH126_4mu_mjj_genbin2_recobin3 acc 0.0191 eff 0.0356 outinratio 0.0102 

VBFH126_4mu_mjj_genbin2_recobin3 acc 0.0313 eff 0.0942 outinratio 0.0027 

WminusH126_4mu_mjj_genbin2_recobin3 acc 0.0533 eff 0.042 outinratio 0.0189 

WplusH126_4mu_mjj_genbin2_recobin3 acc 0.0421 eff 0.0311 outinratio 0.0047 

ZH126_4mu_mjj_genbin2_recobin3 acc 0.0692 eff 0.0386 outinratio 0.032 

ttH126_4mu_mjj_genbin2_recobin3 acc 0.2193 eff 0.0681 outinratio 0.0232 

ggH126_4mu_mjj_genbin3_recobin3 acc 0.0152 eff 0.4753 outinratio 0.0102 

VBFH126_4mu_mjj_genbin3_recobin3 acc 0.1641 eff 0.5415 outinratio 0.0027 

WminusH126_4mu_mjj_genbin3_recobin3 acc 0.03 eff 0.4434 outinratio 0.0189 

WplusH126_4mu_mjj_genbin3_recobin3 acc 0.0303 eff 0.4529 outinratio 0.0047 

ZH126_4mu_mjj_genbin3_recobin3 acc 0.0351 eff 0.409 outinratio 0.032 

ttH126_4mu_mjj_genbin3_recobin3 acc 0.2408 eff 0.4058 outinratio 0.0232 

ggH126_2e2mu_mjj_genbin0_recobin0 acc 0.4006 eff 0.4598 outinratio 0.0071 

VBFH126_2e2mu_mjj_genbin0_recobin0 acc 0.2799 eff 0.4352 outinratio 0.0043 

WminusH126_2e2mu_mjj_genbin0_recobin0 acc 0.237 eff 0.3899 outinratio 0.0257 

WplusH126_2e2mu_mjj_genbin0_recobin0 acc 0.2047 eff 0.3884 outinratio 0.024 

ZH126_2e2mu_mjj_genbin0_recobin0 acc 0.2077 eff 0.3955 outinratio 0.0729 

ttH126_2e2mu_mjj_genbin0_recobin0 acc 0.0132 eff 0.1209 outinratio 0.0237 

ggH126_2e2mu_mjj_genbin1_recobin0 acc 0.0109 eff 0.1164 outinratio 0.0071 

VBFH126_2e2mu_mjj_genbin1_recobin0 acc 0.013 eff 0.0675 outinratio 0.0043 

WminusH126_2e2mu_mjj_genbin1_recobin0 acc 0.0955 eff 0.0784 outinratio 0.0257 

WplusH126_2e2mu_mjj_genbin1_recobin0 acc 0.0886 eff 0.0707 outinratio 0.024 

ZH126_2e2mu_mjj_genbin1_recobin0 acc 0.0848 eff 0.1023 outinratio 0.0729 

ttH126_2e2mu_mjj_genbin1_recobin0 acc 0.0517 eff 0.006 outinratio 0.0237 

ggH126_2e2mu_mjj_genbin2_recobin0 acc 0.018 eff 0.0769 outinratio 0.0071 

VBFH126_2e2mu_mjj_genbin2_recobin0 acc 0.028 eff 0.0788 outinratio 0.0043 

WminusH126_2e2mu_mjj_genbin2_recobin0 acc 0.0478 eff 0.0409 outinratio 0.0257 

WplusH126_2e2mu_mjj_genbin2_recobin0 acc 0.0423 eff 0.04 outinratio 0.024 

ZH126_2e2mu_mjj_genbin2_recobin0 acc 0.0641 eff 0.0513 outinratio 0.0729 

ttH126_2e2mu_mjj_genbin2_recobin0 acc 0.1969 eff 0.0092 outinratio 0.0237 

ggH126_2e2mu_mjj_genbin3_recobin0 acc 0.0152 eff 0.0437 outinratio 0.0071 

VBFH126_2e2mu_mjj_genbin3_recobin0 acc 0.151 eff 0.0825 outinratio 0.0043 

WminusH126_2e2mu_mjj_genbin3_recobin0 acc 0.0293 eff 0.0177 outinratio 0.0257 

WplusH126_2e2mu_mjj_genbin3_recobin0 acc 0.0289 eff 0.0174 outinratio 0.024 

ZH126_2e2mu_mjj_genbin3_recobin0 acc 0.0304 eff 0.018 outinratio 0.0729 

ttH126_2e2mu_mjj_genbin3_recobin0 acc 0.2108 eff 0.0002 outinratio 0.0237 

ggH126_2e2mu_mjj_genbin0_recobin1 acc 0.4006 eff 0.005 outinratio 0.0112 

VBFH126_2e2mu_mjj_genbin0_recobin1 acc 0.2799 eff 0.0059 outinratio 0.0 

WminusH126_2e2mu_mjj_genbin0_recobin1 acc 0.237 eff 0.0205 outinratio 0.0116 

WplusH126_2e2mu_mjj_genbin0_recobin1 acc 0.2047 eff 0.0252 outinratio 0.0087 

ZH126_2e2mu_mjj_genbin0_recobin1 acc 0.2077 eff 0.0133 outinratio 0.0364 

ttH126_2e2mu_mjj_genbin0_recobin1 acc 0.0132 eff 0.0375 outinratio 0.0506 

ggH126_2e2mu_mjj_genbin1_recobin1 acc 0.0109 eff 0.2892 outinratio 0.0112 

VBFH126_2e2mu_mjj_genbin1_recobin1 acc 0.013 eff 0.3905 outinratio 0.0 

WminusH126_2e2mu_mjj_genbin1_recobin1 acc 0.0955 eff 0.33 outinratio 0.0116 

WplusH126_2e2mu_mjj_genbin1_recobin1 acc 0.0886 eff 0.3352 outinratio 0.0087 

ZH126_2e2mu_mjj_genbin1_recobin1 acc 0.0848 eff 0.2466 outinratio 0.0364 

ttH126_2e2mu_mjj_genbin1_recobin1 acc 0.0517 eff 0.1822 outinratio 0.0506 

ggH126_2e2mu_mjj_genbin2_recobin1 acc 0.018 eff 0.0163 outinratio 0.0112 

VBFH126_2e2mu_mjj_genbin2_recobin1 acc 0.028 eff 0.0128 outinratio 0.0 

WminusH126_2e2mu_mjj_genbin2_recobin1 acc 0.0478 eff 0.0418 outinratio 0.0116 

WplusH126_2e2mu_mjj_genbin2_recobin1 acc 0.0423 eff 0.0418 outinratio 0.0087 

ZH126_2e2mu_mjj_genbin2_recobin1 acc 0.0641 eff 0.067 outinratio 0.0364 

ttH126_2e2mu_mjj_genbin2_recobin1 acc 0.1969 eff 0.0256 outinratio 0.0506 

ggH126_2e2mu_mjj_genbin3_recobin1 acc 0.0152 eff 0.0019 outinratio 0.0112 

VBFH126_2e2mu_mjj_genbin3_recobin1 acc 0.151 eff 0.0027 outinratio 0.0 

WminusH126_2e2mu_mjj_genbin3_recobin1 acc 0.0293 eff 0.0098 outinratio 0.0116 

WplusH126_2e2mu_mjj_genbin3_recobin1 acc 0.0289 eff 0.0132 outinratio 0.0087 

ZH126_2e2mu_mjj_genbin3_recobin1 acc 0.0304 eff 0.0055 outinratio 0.0364 

ttH126_2e2mu_mjj_genbin3_recobin1 acc 0.2108 eff 0.0055 outinratio 0.0506 

ggH126_2e2mu_mjj_genbin0_recobin2 acc 0.4006 eff 0.007 outinratio 0.008 

VBFH126_2e2mu_mjj_genbin0_recobin2 acc 0.2799 eff 0.01 outinratio 0.0 

WminusH126_2e2mu_mjj_genbin0_recobin2 acc 0.237 eff 0.0319 outinratio 0.0114 

WplusH126_2e2mu_mjj_genbin0_recobin2 acc 0.2047 eff 0.0259 outinratio 0.0108 

ZH126_2e2mu_mjj_genbin0_recobin2 acc 0.2077 eff 0.0266 outinratio 0.0444 

ttH126_2e2mu_mjj_genbin0_recobin2 acc 0.0132 eff 0.0949 outinratio 0.0412 

ggH126_2e2mu_mjj_genbin1_recobin2 acc 0.0109 eff 0.0397 outinratio 0.008 

VBFH126_2e2mu_mjj_genbin1_recobin2 acc 0.013 eff 0.0723 outinratio 0.0 

WminusH126_2e2mu_mjj_genbin1_recobin2 acc 0.0955 eff 0.0844 outinratio 0.0114 

WplusH126_2e2mu_mjj_genbin1_recobin2 acc 0.0886 eff 0.0748 outinratio 0.0108 

ZH126_2e2mu_mjj_genbin1_recobin2 acc 0.0848 eff 0.1258 outinratio 0.0444 

ttH126_2e2mu_mjj_genbin1_recobin2 acc 0.0517 eff 0.1306 outinratio 0.0412 

ggH126_2e2mu_mjj_genbin2_recobin2 acc 0.018 eff 0.3722 outinratio 0.008 

VBFH126_2e2mu_mjj_genbin2_recobin2 acc 0.028 eff 0.321 outinratio 0.0 

WminusH126_2e2mu_mjj_genbin2_recobin2 acc 0.0478 eff 0.3391 outinratio 0.0114 

WplusH126_2e2mu_mjj_genbin2_recobin2 acc 0.0423 eff 0.3445 outinratio 0.0108 

ZH126_2e2mu_mjj_genbin2_recobin2 acc 0.0641 eff 0.3155 outinratio 0.0444 

ttH126_2e2mu_mjj_genbin2_recobin2 acc 0.1969 eff 0.2763 outinratio 0.0412 

ggH126_2e2mu_mjj_genbin3_recobin2 acc 0.0152 eff 0.0431 outinratio 0.008 

VBFH126_2e2mu_mjj_genbin3_recobin2 acc 0.151 eff 0.0054 outinratio 0.0 

WminusH126_2e2mu_mjj_genbin3_recobin2 acc 0.0293 eff 0.0517 outinratio 0.0114 

WplusH126_2e2mu_mjj_genbin3_recobin2 acc 0.0289 eff 0.0352 outinratio 0.0108 

ZH126_2e2mu_mjj_genbin3_recobin2 acc 0.0304 eff 0.0299 outinratio 0.0444 

ttH126_2e2mu_mjj_genbin3_recobin2 acc 0.2108 eff 0.0445 outinratio 0.0412 

ggH126_2e2mu_mjj_genbin0_recobin3 acc 0.4006 eff 0.0038 outinratio 0.0047 

VBFH126_2e2mu_mjj_genbin0_recobin3 acc 0.2799 eff 0.0419 outinratio 0.0042 

WminusH126_2e2mu_mjj_genbin0_recobin3 acc 0.237 eff 0.0074 outinratio 0.0135 

WplusH126_2e2mu_mjj_genbin0_recobin3 acc 0.2047 eff 0.0069 outinratio 0.008 

ZH126_2e2mu_mjj_genbin0_recobin3 acc 0.2077 eff 0.0043 outinratio 0.0497 

ttH126_2e2mu_mjj_genbin0_recobin3 acc 0.0132 eff 0.0909 outinratio 0.0454 

ggH126_2e2mu_mjj_genbin1_recobin3 acc 0.0109 eff 0.0169 outinratio 0.0047 

VBFH126_2e2mu_mjj_genbin1_recobin3 acc 0.013 eff 0.0388 outinratio 0.0042 

WminusH126_2e2mu_mjj_genbin1_recobin3 acc 0.0955 eff 0.0059 outinratio 0.0135 

WplusH126_2e2mu_mjj_genbin1_recobin3 acc 0.0886 eff 0.0076 outinratio 0.008 

ZH126_2e2mu_mjj_genbin1_recobin3 acc 0.0848 eff 0.0023 outinratio 0.0497 

ttH126_2e2mu_mjj_genbin1_recobin3 acc 0.0517 eff 0.0681 outinratio 0.0454 

ggH126_2e2mu_mjj_genbin2_recobin3 acc 0.018 eff 0.04 outinratio 0.0047 

VBFH126_2e2mu_mjj_genbin2_recobin3 acc 0.028 eff 0.0795 outinratio 0.0042 

WminusH126_2e2mu_mjj_genbin2_recobin3 acc 0.0478 eff 0.0428 outinratio 0.0135 

WplusH126_2e2mu_mjj_genbin2_recobin3 acc 0.0423 eff 0.0402 outinratio 0.008 

ZH126_2e2mu_mjj_genbin2_recobin3 acc 0.0641 eff 0.0262 outinratio 0.0497 

ttH126_2e2mu_mjj_genbin2_recobin3 acc 0.1969 eff 0.0592 outinratio 0.0454 

ggH126_2e2mu_mjj_genbin3_recobin3 acc 0.0152 eff 0.3936 outinratio 0.0047 

VBFH126_2e2mu_mjj_genbin3_recobin3 acc 0.151 eff 0.4454 outinratio 0.0042 

WminusH126_2e2mu_mjj_genbin3_recobin3 acc 0.0293 eff 0.3886 outinratio 0.0135 

WplusH126_2e2mu_mjj_genbin3_recobin3 acc 0.0289 eff 0.3839 outinratio 0.008 

ZH126_2e2mu_mjj_genbin3_recobin3 acc 0.0304 eff 0.4121 outinratio 0.0497 

ttH126_2e2mu_mjj_genbin3_recobin3 acc 0.2108 eff 0.3166 outinratio 0.0454 

Coeff fullNNLOPS
