Welcome in RunCoefficients!
OPT SPLIT
DEBUG opt.YEAR = 2022EE_6
It is a double-differential measurement, binning for the 1st variable {0: [0.0, 10000.0], 1: [0.0, 45.0], 2: [45.0, 70.0], 3: [70.0, 95.0], 4: [95.0, 10000.0], 5: [0.0, 175.0], 6: [175.0, 10000.0]} and for the 2nd variable {0: [-100.0, 0.0], 1: [0.0, 50.0], 2: [0.0, 50.0], 3: [0.0, 50.0], 4: [0.0, 50.0], 5: [50.0, 10000.0], 6: [50.0, 10000.0]}
{0: [0.0, 10000.0, -100.0, 0.0], 1: [0.0, 45.0, 0.0, 50.0], 2: [45.0, 70.0, 0.0, 50.0], 3: [70.0, 95.0, 0.0, 50.0], 4: [95.0, 10000.0, 0.0, 50.0], 5: [0.0, 175.0, 50.0, 10000.0], 6: [175.0, 10000.0, 50.0, 10000.0]}
ZZPt
Following observables extracted from dictionary: RECO =  ZZPt  GEN =  GENpT4l
It is a double-differential measurement: RECO_2nd =  pTHj  GEN_2nd =  GENpTHj
LUMI: 4.4454666666666665
ttH126 0.00016778593
Processing ggH126 2022EE_6
Signal created
Signal failed created
Processing VBFH126 2022EE_6
Signal created
Signal failed created
Processing WminusH126 2022EE_6
Signal created
Signal failed created
Processing WplusH126 2022EE_6
Signal created
Signal failed created
Processing ZH126 2022EE_6
Signal created
Signal failed created
Processing ttH126 2022EE_6
Signal created
Signal failed created
2022EE_6 SKIMMED df CREATED
2022EE_6 ggH126
2022EE_6 VBFH126
2022EE_6 WminusH126
2022EE_6 WplusH126
2022EE_6 ZH126
2022EE_6 ttH126
Dataframes created successfully
Coeff std
ggH126_4l_pT4l_pTHj_genbin0_recobin0 acc 0.2919 eff 0.4378 outinratio 0.0076 

VBFH126_4l_pT4l_pTHj_genbin0_recobin0 acc 0.0692 eff 0.3604 outinratio 0.0 

WminusH126_4l_pT4l_pTHj_genbin0_recobin0 acc 0.1023 eff 0.3365 outinratio 0.0301 

WplusH126_4l_pT4l_pTHj_genbin0_recobin0 acc 0.0874 eff 0.3352 outinratio 0.0387 

ZH126_4l_pT4l_pTHj_genbin0_recobin0 acc 0.0832 eff 0.3984 outinratio 0.069 

ttH126_4l_pT4l_pTHj_genbin0_recobin0 acc 0.0016 eff 0.115 outinratio 0.1031 

ggH126_4l_pT4l_pTHj_genbin1_recobin0 acc 0.0313 eff 0.1093 outinratio 0.0076 

VBFH126_4l_pT4l_pTHj_genbin1_recobin0 acc 0.0365 eff 0.0547 outinratio 0.0 

WminusH126_4l_pT4l_pTHj_genbin1_recobin0 acc 0.0421 eff 0.0475 outinratio 0.0301 

WplusH126_4l_pT4l_pTHj_genbin1_recobin0 acc 0.0336 eff 0.0482 outinratio 0.0387 

ZH126_4l_pT4l_pTHj_genbin1_recobin0 acc 0.0396 eff 0.0542 outinratio 0.069 

ttH126_4l_pT4l_pTHj_genbin1_recobin0 acc 0.0042 eff 0.0 outinratio 0.1031 

ggH126_4l_pT4l_pTHj_genbin2_recobin0 acc 0.0391 eff 0.0648 outinratio 0.0076 

VBFH126_4l_pT4l_pTHj_genbin2_recobin0 acc 0.0519 eff 0.0119 outinratio 0.0 

WminusH126_4l_pT4l_pTHj_genbin2_recobin0 acc 0.046 eff 0.0282 outinratio 0.0301 

WplusH126_4l_pT4l_pTHj_genbin2_recobin0 acc 0.0382 eff 0.0233 outinratio 0.0387 

ZH126_4l_pT4l_pTHj_genbin2_recobin0 acc 0.0432 eff 0.0394 outinratio 0.069 

ttH126_4l_pT4l_pTHj_genbin2_recobin0 acc 0.01 eff 0.0052 outinratio 0.1031 

ggH126_4l_pT4l_pTHj_genbin3_recobin0 acc 0.0227 eff 0.0237 outinratio 0.0076 

VBFH126_4l_pT4l_pTHj_genbin3_recobin0 acc 0.0589 eff 0.0404 outinratio 0.0 

WminusH126_4l_pT4l_pTHj_genbin3_recobin0 acc 0.0365 eff 0.0111 outinratio 0.0301 

WplusH126_4l_pT4l_pTHj_genbin3_recobin0 acc 0.0302 eff 0.0142 outinratio 0.0387 

ZH126_4l_pT4l_pTHj_genbin3_recobin0 acc 0.0342 eff 0.0172 outinratio 0.069 

ttH126_4l_pT4l_pTHj_genbin3_recobin0 acc 0.0132 eff 0.0038 outinratio 0.1031 

ggH126_4l_pT4l_pTHj_genbin4_recobin0 acc 0.0239 eff 0.0046 outinratio 0.0076 

VBFH126_4l_pT4l_pTHj_genbin4_recobin0 acc 0.0948 eff 0.0045 outinratio 0.0 

WminusH126_4l_pT4l_pTHj_genbin4_recobin0 acc 0.0442 eff 0.003 outinratio 0.0301 

WplusH126_4l_pT4l_pTHj_genbin4_recobin0 acc 0.0407 eff 0.0032 outinratio 0.0387 

ZH126_4l_pT4l_pTHj_genbin4_recobin0 acc 0.0438 eff 0.0037 outinratio 0.069 

ttH126_4l_pT4l_pTHj_genbin4_recobin0 acc 0.0331 eff 0.0017 outinratio 0.1031 

ggH126_4l_pT4l_pTHj_genbin5_recobin0 acc 0.0292 eff 0.0183 outinratio 0.0076 

VBFH126_4l_pT4l_pTHj_genbin5_recobin0 acc 0.1316 eff 0.0131 outinratio 0.0 

WminusH126_4l_pT4l_pTHj_genbin5_recobin0 acc 0.1062 eff 0.0112 outinratio 0.0301 

WplusH126_4l_pT4l_pTHj_genbin5_recobin0 acc 0.0949 eff 0.0103 outinratio 0.0387 

ZH126_4l_pT4l_pTHj_genbin5_recobin0 acc 0.1113 eff 0.0139 outinratio 0.069 

ttH126_4l_pT4l_pTHj_genbin5_recobin0 acc 0.3099 eff 0.0007 outinratio 0.1031 

ggH126_4l_pT4l_pTHj_genbin6_recobin0 acc 0.0091 eff 0.0013 outinratio 0.0076 

VBFH126_4l_pT4l_pTHj_genbin6_recobin0 acc 0.038 eff 0.0044 outinratio 0.0 

WminusH126_4l_pT4l_pTHj_genbin6_recobin0 acc 0.0346 eff 0.0047 outinratio 0.0301 

WplusH126_4l_pT4l_pTHj_genbin6_recobin0 acc 0.0379 eff 0.0041 outinratio 0.0387 

ZH126_4l_pT4l_pTHj_genbin6_recobin0 acc 0.0371 eff 0.0045 outinratio 0.069 

ttH126_4l_pT4l_pTHj_genbin6_recobin0 acc 0.1141 eff 0.0002 outinratio 0.1031 

ggH126_4l_pT4l_pTHj_genbin0_recobin1 acc 0.2919 eff 0.0321 outinratio 0.0075 

VBFH126_4l_pT4l_pTHj_genbin0_recobin1 acc 0.0692 eff 0.0775 outinratio 0.0051 

WminusH126_4l_pT4l_pTHj_genbin0_recobin1 acc 0.1023 eff 0.0316 outinratio 0.0156 

WplusH126_4l_pT4l_pTHj_genbin0_recobin1 acc 0.0874 eff 0.0235 outinratio 0.0128 

ZH126_4l_pT4l_pTHj_genbin0_recobin1 acc 0.0832 eff 0.0216 outinratio 0.0378 

ttH126_4l_pT4l_pTHj_genbin0_recobin1 acc 0.0016 eff 0.0 outinratio 0.0871 

ggH126_4l_pT4l_pTHj_genbin1_recobin1 acc 0.0313 eff 0.3287 outinratio 0.0075 

VBFH126_4l_pT4l_pTHj_genbin1_recobin1 acc 0.0365 eff 0.3335 outinratio 0.0051 

WminusH126_4l_pT4l_pTHj_genbin1_recobin1 acc 0.0421 eff 0.3144 outinratio 0.0156 

WplusH126_4l_pT4l_pTHj_genbin1_recobin1 acc 0.0336 eff 0.3361 outinratio 0.0128 

ZH126_4l_pT4l_pTHj_genbin1_recobin1 acc 0.0396 eff 0.3058 outinratio 0.0378 

ttH126_4l_pT4l_pTHj_genbin1_recobin1 acc 0.0042 eff 0.0801 outinratio 0.0871 

ggH126_4l_pT4l_pTHj_genbin2_recobin1 acc 0.0391 eff 0.0124 outinratio 0.0075 

VBFH126_4l_pT4l_pTHj_genbin2_recobin1 acc 0.0519 eff 0.0077 outinratio 0.0051 

WminusH126_4l_pT4l_pTHj_genbin2_recobin1 acc 0.046 eff 0.0098 outinratio 0.0156 

WplusH126_4l_pT4l_pTHj_genbin2_recobin1 acc 0.0382 eff 0.011 outinratio 0.0128 

ZH126_4l_pT4l_pTHj_genbin2_recobin1 acc 0.0432 eff 0.0097 outinratio 0.0378 

ttH126_4l_pT4l_pTHj_genbin2_recobin1 acc 0.01 eff 0.0 outinratio 0.0871 

ggH126_4l_pT4l_pTHj_genbin3_recobin1 acc 0.0227 eff 0.0 outinratio 0.0075 

VBFH126_4l_pT4l_pTHj_genbin3_recobin1 acc 0.0589 eff 0.0 outinratio 0.0051 

WminusH126_4l_pT4l_pTHj_genbin3_recobin1 acc 0.0365 eff 0.0 outinratio 0.0156 

WplusH126_4l_pT4l_pTHj_genbin3_recobin1 acc 0.0302 eff 0.0 outinratio 0.0128 

ZH126_4l_pT4l_pTHj_genbin3_recobin1 acc 0.0342 eff 0.0 outinratio 0.0378 

ttH126_4l_pT4l_pTHj_genbin3_recobin1 acc 0.0132 eff 0.0 outinratio 0.0871 

ggH126_4l_pT4l_pTHj_genbin4_recobin1 acc 0.0239 eff 0.0 outinratio 0.0075 

VBFH126_4l_pT4l_pTHj_genbin4_recobin1 acc 0.0948 eff 0.0 outinratio 0.0051 

WminusH126_4l_pT4l_pTHj_genbin4_recobin1 acc 0.0442 eff 0.0 outinratio 0.0156 

WplusH126_4l_pT4l_pTHj_genbin4_recobin1 acc 0.0407 eff 0.0 outinratio 0.0128 

ZH126_4l_pT4l_pTHj_genbin4_recobin1 acc 0.0438 eff 0.0 outinratio 0.0378 

ttH126_4l_pT4l_pTHj_genbin4_recobin1 acc 0.0331 eff 0.0 outinratio 0.0871 

ggH126_4l_pT4l_pTHj_genbin5_recobin1 acc 0.0292 eff 0.0078 outinratio 0.0075 

VBFH126_4l_pT4l_pTHj_genbin5_recobin1 acc 0.1316 eff 0.0065 outinratio 0.0051 

WminusH126_4l_pT4l_pTHj_genbin5_recobin1 acc 0.1062 eff 0.0066 outinratio 0.0156 

WplusH126_4l_pT4l_pTHj_genbin5_recobin1 acc 0.0949 eff 0.0076 outinratio 0.0128 

ZH126_4l_pT4l_pTHj_genbin5_recobin1 acc 0.1113 eff 0.007 outinratio 0.0378 

ttH126_4l_pT4l_pTHj_genbin5_recobin1 acc 0.3099 eff 0.003 outinratio 0.0871 

ggH126_4l_pT4l_pTHj_genbin6_recobin1 acc 0.0091 eff 0.0 outinratio 0.0075 

VBFH126_4l_pT4l_pTHj_genbin6_recobin1 acc 0.038 eff 0.0 outinratio 0.0051 

WminusH126_4l_pT4l_pTHj_genbin6_recobin1 acc 0.0346 eff 0.0 outinratio 0.0156 

WplusH126_4l_pT4l_pTHj_genbin6_recobin1 acc 0.0379 eff 0.0 outinratio 0.0128 

ZH126_4l_pT4l_pTHj_genbin6_recobin1 acc 0.0371 eff 0.0 outinratio 0.0378 

ttH126_4l_pT4l_pTHj_genbin6_recobin1 acc 0.1141 eff 0.0 outinratio 0.0871 

ggH126_4l_pT4l_pTHj_genbin0_recobin2 acc 0.2919 eff 0.0071 outinratio 0.0087 

VBFH126_4l_pT4l_pTHj_genbin0_recobin2 acc 0.0692 eff 0.0412 outinratio 0.0114 

WminusH126_4l_pT4l_pTHj_genbin0_recobin2 acc 0.1023 eff 0.0191 outinratio 0.0101 

WplusH126_4l_pT4l_pTHj_genbin0_recobin2 acc 0.0874 eff 0.016 outinratio 0.0118 

ZH126_4l_pT4l_pTHj_genbin0_recobin2 acc 0.0832 eff 0.011 outinratio 0.0404 

ttH126_4l_pT4l_pTHj_genbin0_recobin2 acc 0.0016 eff 0.0399 outinratio 0.031 

ggH126_4l_pT4l_pTHj_genbin1_recobin2 acc 0.0313 eff 0.0095 outinratio 0.0087 

VBFH126_4l_pT4l_pTHj_genbin1_recobin2 acc 0.0365 eff 0.0029 outinratio 0.0114 

WminusH126_4l_pT4l_pTHj_genbin1_recobin2 acc 0.0421 eff 0.0087 outinratio 0.0101 

WplusH126_4l_pT4l_pTHj_genbin1_recobin2 acc 0.0336 eff 0.0084 outinratio 0.0118 

ZH126_4l_pT4l_pTHj_genbin1_recobin2 acc 0.0396 eff 0.0064 outinratio 0.0404 

ttH126_4l_pT4l_pTHj_genbin1_recobin2 acc 0.0042 eff 0.0 outinratio 0.031 

ggH126_4l_pT4l_pTHj_genbin2_recobin2 acc 0.0391 eff 0.3836 outinratio 0.0087 

VBFH126_4l_pT4l_pTHj_genbin2_recobin2 acc 0.0519 eff 0.4043 outinratio 0.0114 

WminusH126_4l_pT4l_pTHj_genbin2_recobin2 acc 0.046 eff 0.3676 outinratio 0.0101 

WplusH126_4l_pT4l_pTHj_genbin2_recobin2 acc 0.0382 eff 0.3626 outinratio 0.0118 

ZH126_4l_pT4l_pTHj_genbin2_recobin2 acc 0.0432 eff 0.3472 outinratio 0.0404 

ttH126_4l_pT4l_pTHj_genbin2_recobin2 acc 0.01 eff 0.1942 outinratio 0.031 

ggH126_4l_pT4l_pTHj_genbin3_recobin2 acc 0.0227 eff 0.0196 outinratio 0.0087 

VBFH126_4l_pT4l_pTHj_genbin3_recobin2 acc 0.0589 eff 0.0134 outinratio 0.0114 

WminusH126_4l_pT4l_pTHj_genbin3_recobin2 acc 0.0365 eff 0.0191 outinratio 0.0101 

WplusH126_4l_pT4l_pTHj_genbin3_recobin2 acc 0.0302 eff 0.018 outinratio 0.0118 

ZH126_4l_pT4l_pTHj_genbin3_recobin2 acc 0.0342 eff 0.0165 outinratio 0.0404 

ttH126_4l_pT4l_pTHj_genbin3_recobin2 acc 0.0132 eff 0.0118 outinratio 0.031 

ggH126_4l_pT4l_pTHj_genbin4_recobin2 acc 0.0239 eff 0.0 outinratio 0.0087 

VBFH126_4l_pT4l_pTHj_genbin4_recobin2 acc 0.0948 eff 0.0 outinratio 0.0114 

WminusH126_4l_pT4l_pTHj_genbin4_recobin2 acc 0.0442 eff 0.0001 outinratio 0.0101 

WplusH126_4l_pT4l_pTHj_genbin4_recobin2 acc 0.0407 eff 0.0 outinratio 0.0118 

ZH126_4l_pT4l_pTHj_genbin4_recobin2 acc 0.0438 eff 0.0 outinratio 0.0404 

ttH126_4l_pT4l_pTHj_genbin4_recobin2 acc 0.0331 eff 0.0 outinratio 0.031 

ggH126_4l_pT4l_pTHj_genbin5_recobin2 acc 0.0292 eff 0.0115 outinratio 0.0087 

VBFH126_4l_pT4l_pTHj_genbin5_recobin2 acc 0.1316 eff 0.0059 outinratio 0.0114 

WminusH126_4l_pT4l_pTHj_genbin5_recobin2 acc 0.1062 eff 0.0079 outinratio 0.0101 

WplusH126_4l_pT4l_pTHj_genbin5_recobin2 acc 0.0949 eff 0.0071 outinratio 0.0118 

ZH126_4l_pT4l_pTHj_genbin5_recobin2 acc 0.1113 eff 0.0085 outinratio 0.0404 

ttH126_4l_pT4l_pTHj_genbin5_recobin2 acc 0.3099 eff 0.0039 outinratio 0.031 

ggH126_4l_pT4l_pTHj_genbin6_recobin2 acc 0.0091 eff 0.0 outinratio 0.0087 

VBFH126_4l_pT4l_pTHj_genbin6_recobin2 acc 0.038 eff 0.0 outinratio 0.0114 

WminusH126_4l_pT4l_pTHj_genbin6_recobin2 acc 0.0346 eff 0.0 outinratio 0.0101 

WplusH126_4l_pT4l_pTHj_genbin6_recobin2 acc 0.0379 eff 0.0 outinratio 0.0118 

ZH126_4l_pT4l_pTHj_genbin6_recobin2 acc 0.0371 eff 0.0 outinratio 0.0404 

ttH126_4l_pT4l_pTHj_genbin6_recobin2 acc 0.1141 eff 0.0 outinratio 0.031 

ggH126_4l_pT4l_pTHj_genbin0_recobin3 acc 0.2919 eff 0.0012 outinratio 0.0055 

VBFH126_4l_pT4l_pTHj_genbin0_recobin3 acc 0.0692 eff 0.016 outinratio 0.0092 

WminusH126_4l_pT4l_pTHj_genbin0_recobin3 acc 0.1023 eff 0.0095 outinratio 0.0131 

WplusH126_4l_pT4l_pTHj_genbin0_recobin3 acc 0.0874 eff 0.0081 outinratio 0.0144 

ZH126_4l_pT4l_pTHj_genbin0_recobin3 acc 0.0832 eff 0.0029 outinratio 0.0401 

ttH126_4l_pT4l_pTHj_genbin0_recobin3 acc 0.0016 eff 0.0 outinratio 0.0536 

ggH126_4l_pT4l_pTHj_genbin1_recobin3 acc 0.0313 eff 0.0 outinratio 0.0055 

VBFH126_4l_pT4l_pTHj_genbin1_recobin3 acc 0.0365 eff 0.0 outinratio 0.0092 

WminusH126_4l_pT4l_pTHj_genbin1_recobin3 acc 0.0421 eff 0.0 outinratio 0.0131 

WplusH126_4l_pT4l_pTHj_genbin1_recobin3 acc 0.0336 eff 0.0 outinratio 0.0144 

ZH126_4l_pT4l_pTHj_genbin1_recobin3 acc 0.0396 eff 0.0 outinratio 0.0401 

ttH126_4l_pT4l_pTHj_genbin1_recobin3 acc 0.0042 eff 0.0 outinratio 0.0536 

ggH126_4l_pT4l_pTHj_genbin2_recobin3 acc 0.0391 eff 0.0095 outinratio 0.0055 

VBFH126_4l_pT4l_pTHj_genbin2_recobin3 acc 0.0519 eff 0.0104 outinratio 0.0092 

WminusH126_4l_pT4l_pTHj_genbin2_recobin3 acc 0.046 eff 0.0082 outinratio 0.0131 

WplusH126_4l_pT4l_pTHj_genbin2_recobin3 acc 0.0382 eff 0.0072 outinratio 0.0144 

ZH126_4l_pT4l_pTHj_genbin2_recobin3 acc 0.0432 eff 0.011 outinratio 0.0401 

ttH126_4l_pT4l_pTHj_genbin2_recobin3 acc 0.01 eff 0.01 outinratio 0.0536 

ggH126_4l_pT4l_pTHj_genbin3_recobin3 acc 0.0227 eff 0.4258 outinratio 0.0055 

VBFH126_4l_pT4l_pTHj_genbin3_recobin3 acc 0.0589 eff 0.4386 outinratio 0.0092 

WminusH126_4l_pT4l_pTHj_genbin3_recobin3 acc 0.0365 eff 0.394 outinratio 0.0131 

WplusH126_4l_pT4l_pTHj_genbin3_recobin3 acc 0.0302 eff 0.4015 outinratio 0.0144 

ZH126_4l_pT4l_pTHj_genbin3_recobin3 acc 0.0342 eff 0.3839 outinratio 0.0401 

ttH126_4l_pT4l_pTHj_genbin3_recobin3 acc 0.0132 eff 0.1662 outinratio 0.0536 

ggH126_4l_pT4l_pTHj_genbin4_recobin3 acc 0.0239 eff 0.0125 outinratio 0.0055 

VBFH126_4l_pT4l_pTHj_genbin4_recobin3 acc 0.0948 eff 0.0138 outinratio 0.0092 

WminusH126_4l_pT4l_pTHj_genbin4_recobin3 acc 0.0442 eff 0.0123 outinratio 0.0131 

WplusH126_4l_pT4l_pTHj_genbin4_recobin3 acc 0.0407 eff 0.0135 outinratio 0.0144 

ZH126_4l_pT4l_pTHj_genbin4_recobin3 acc 0.0438 eff 0.009 outinratio 0.0401 

ttH126_4l_pT4l_pTHj_genbin4_recobin3 acc 0.0331 eff 0.0049 outinratio 0.0536 

ggH126_4l_pT4l_pTHj_genbin5_recobin3 acc 0.0292 eff 0.0169 outinratio 0.0055 

VBFH126_4l_pT4l_pTHj_genbin5_recobin3 acc 0.1316 eff 0.008 outinratio 0.0092 

WminusH126_4l_pT4l_pTHj_genbin5_recobin3 acc 0.1062 eff 0.0093 outinratio 0.0131 

WplusH126_4l_pT4l_pTHj_genbin5_recobin3 acc 0.0949 eff 0.0094 outinratio 0.0144 

ZH126_4l_pT4l_pTHj_genbin5_recobin3 acc 0.1113 eff 0.0088 outinratio 0.0401 

ttH126_4l_pT4l_pTHj_genbin5_recobin3 acc 0.3099 eff 0.0029 outinratio 0.0536 

ggH126_4l_pT4l_pTHj_genbin6_recobin3 acc 0.0091 eff 0.0 outinratio 0.0055 

VBFH126_4l_pT4l_pTHj_genbin6_recobin3 acc 0.038 eff 0.0 outinratio 0.0092 

WminusH126_4l_pT4l_pTHj_genbin6_recobin3 acc 0.0346 eff 0.0 outinratio 0.0131 

WplusH126_4l_pT4l_pTHj_genbin6_recobin3 acc 0.0379 eff 0.0 outinratio 0.0144 

ZH126_4l_pT4l_pTHj_genbin6_recobin3 acc 0.0371 eff 0.0 outinratio 0.0401 

ttH126_4l_pT4l_pTHj_genbin6_recobin3 acc 0.1141 eff 0.0 outinratio 0.0536 

ggH126_4l_pT4l_pTHj_genbin0_recobin4 acc 0.2919 eff 0.0001 outinratio 0.0115 

VBFH126_4l_pT4l_pTHj_genbin0_recobin4 acc 0.0692 eff 0.0 outinratio 0.0019 

WminusH126_4l_pT4l_pTHj_genbin0_recobin4 acc 0.1023 eff 0.007 outinratio 0.0103 

WplusH126_4l_pT4l_pTHj_genbin0_recobin4 acc 0.0874 eff 0.0062 outinratio 0.0085 

ZH126_4l_pT4l_pTHj_genbin0_recobin4 acc 0.0832 eff 0.0003 outinratio 0.0244 

ttH126_4l_pT4l_pTHj_genbin0_recobin4 acc 0.0016 eff 0.0156 outinratio 0.0281 

ggH126_4l_pT4l_pTHj_genbin1_recobin4 acc 0.0313 eff 0.0 outinratio 0.0115 

VBFH126_4l_pT4l_pTHj_genbin1_recobin4 acc 0.0365 eff 0.0 outinratio 0.0019 

WminusH126_4l_pT4l_pTHj_genbin1_recobin4 acc 0.0421 eff 0.0 outinratio 0.0103 

WplusH126_4l_pT4l_pTHj_genbin1_recobin4 acc 0.0336 eff 0.0 outinratio 0.0085 

ZH126_4l_pT4l_pTHj_genbin1_recobin4 acc 0.0396 eff 0.0 outinratio 0.0244 

ttH126_4l_pT4l_pTHj_genbin1_recobin4 acc 0.0042 eff 0.0 outinratio 0.0281 

ggH126_4l_pT4l_pTHj_genbin2_recobin4 acc 0.0391 eff 0.0 outinratio 0.0115 

VBFH126_4l_pT4l_pTHj_genbin2_recobin4 acc 0.0519 eff 0.0 outinratio 0.0019 

WminusH126_4l_pT4l_pTHj_genbin2_recobin4 acc 0.046 eff 0.0 outinratio 0.0103 

WplusH126_4l_pT4l_pTHj_genbin2_recobin4 acc 0.0382 eff 0.0 outinratio 0.0085 

ZH126_4l_pT4l_pTHj_genbin2_recobin4 acc 0.0432 eff 0.0 outinratio 0.0244 

ttH126_4l_pT4l_pTHj_genbin2_recobin4 acc 0.01 eff 0.0 outinratio 0.0281 

ggH126_4l_pT4l_pTHj_genbin3_recobin4 acc 0.0227 eff 0.0074 outinratio 0.0115 

VBFH126_4l_pT4l_pTHj_genbin3_recobin4 acc 0.0589 eff 0.0137 outinratio 0.0019 

WminusH126_4l_pT4l_pTHj_genbin3_recobin4 acc 0.0365 eff 0.0086 outinratio 0.0103 

WplusH126_4l_pT4l_pTHj_genbin3_recobin4 acc 0.0302 eff 0.0089 outinratio 0.0085 

ZH126_4l_pT4l_pTHj_genbin3_recobin4 acc 0.0342 eff 0.0056 outinratio 0.0244 

ttH126_4l_pT4l_pTHj_genbin3_recobin4 acc 0.0132 eff 0.0151 outinratio 0.0281 

ggH126_4l_pT4l_pTHj_genbin4_recobin4 acc 0.0239 eff 0.4601 outinratio 0.0115 

VBFH126_4l_pT4l_pTHj_genbin4_recobin4 acc 0.0948 eff 0.4514 outinratio 0.0019 

WminusH126_4l_pT4l_pTHj_genbin4_recobin4 acc 0.0442 eff 0.4141 outinratio 0.0103 

WplusH126_4l_pT4l_pTHj_genbin4_recobin4 acc 0.0407 eff 0.4304 outinratio 0.0085 

ZH126_4l_pT4l_pTHj_genbin4_recobin4 acc 0.0438 eff 0.4215 outinratio 0.0244 

ttH126_4l_pT4l_pTHj_genbin4_recobin4 acc 0.0331 eff 0.2935 outinratio 0.0281 

ggH126_4l_pT4l_pTHj_genbin5_recobin4 acc 0.0292 eff 0.0243 outinratio 0.0115 

VBFH126_4l_pT4l_pTHj_genbin5_recobin4 acc 0.1316 eff 0.0457 outinratio 0.0019 

WminusH126_4l_pT4l_pTHj_genbin5_recobin4 acc 0.1062 eff 0.0247 outinratio 0.0103 

WplusH126_4l_pT4l_pTHj_genbin5_recobin4 acc 0.0949 eff 0.0247 outinratio 0.0085 

ZH126_4l_pT4l_pTHj_genbin5_recobin4 acc 0.1113 eff 0.0198 outinratio 0.0244 

ttH126_4l_pT4l_pTHj_genbin5_recobin4 acc 0.3099 eff 0.0079 outinratio 0.0281 

ggH126_4l_pT4l_pTHj_genbin6_recobin4 acc 0.0091 eff 0.0294 outinratio 0.0115 

VBFH126_4l_pT4l_pTHj_genbin6_recobin4 acc 0.038 eff 0.0408 outinratio 0.0019 

WminusH126_4l_pT4l_pTHj_genbin6_recobin4 acc 0.0346 eff 0.0328 outinratio 0.0103 

WplusH126_4l_pT4l_pTHj_genbin6_recobin4 acc 0.0379 eff 0.039 outinratio 0.0085 

ZH126_4l_pT4l_pTHj_genbin6_recobin4 acc 0.0371 eff 0.0248 outinratio 0.0244 

ttH126_4l_pT4l_pTHj_genbin6_recobin4 acc 0.1141 eff 0.0082 outinratio 0.0281 

ggH126_4l_pT4l_pTHj_genbin0_recobin5 acc 0.2919 eff 0.014 outinratio 0.0087 

VBFH126_4l_pT4l_pTHj_genbin0_recobin5 acc 0.0692 eff 0.0232 outinratio 0.0078 

WminusH126_4l_pT4l_pTHj_genbin0_recobin5 acc 0.1023 eff 0.0567 outinratio 0.0163 

WplusH126_4l_pT4l_pTHj_genbin0_recobin5 acc 0.0874 eff 0.055 outinratio 0.0173 

ZH126_4l_pT4l_pTHj_genbin0_recobin5 acc 0.0832 eff 0.036 outinratio 0.0477 

ttH126_4l_pT4l_pTHj_genbin0_recobin5 acc 0.0016 eff 0.0141 outinratio 0.0477 

ggH126_4l_pT4l_pTHj_genbin1_recobin5 acc 0.0313 eff 0.0293 outinratio 0.0087 

VBFH126_4l_pT4l_pTHj_genbin1_recobin5 acc 0.0365 eff 0.1392 outinratio 0.0078 

WminusH126_4l_pT4l_pTHj_genbin1_recobin5 acc 0.0421 eff 0.0641 outinratio 0.0163 

WplusH126_4l_pT4l_pTHj_genbin1_recobin5 acc 0.0336 eff 0.0717 outinratio 0.0173 

ZH126_4l_pT4l_pTHj_genbin1_recobin5 acc 0.0396 eff 0.0777 outinratio 0.0477 

ttH126_4l_pT4l_pTHj_genbin1_recobin5 acc 0.0042 eff 0.1143 outinratio 0.0477 

ggH126_4l_pT4l_pTHj_genbin2_recobin5 acc 0.0391 eff 0.0211 outinratio 0.0087 

VBFH126_4l_pT4l_pTHj_genbin2_recobin5 acc 0.0519 eff 0.0651 outinratio 0.0078 

WminusH126_4l_pT4l_pTHj_genbin2_recobin5 acc 0.046 eff 0.0471 outinratio 0.0163 

WplusH126_4l_pT4l_pTHj_genbin2_recobin5 acc 0.0382 eff 0.0396 outinratio 0.0173 

ZH126_4l_pT4l_pTHj_genbin2_recobin5 acc 0.0432 eff 0.0486 outinratio 0.0477 

ttH126_4l_pT4l_pTHj_genbin2_recobin5 acc 0.01 eff 0.1183 outinratio 0.0477 

ggH126_4l_pT4l_pTHj_genbin3_recobin5 acc 0.0227 eff 0.0334 outinratio 0.0087 

VBFH126_4l_pT4l_pTHj_genbin3_recobin5 acc 0.0589 eff 0.0572 outinratio 0.0078 

WminusH126_4l_pT4l_pTHj_genbin3_recobin5 acc 0.0365 eff 0.047 outinratio 0.0163 

WplusH126_4l_pT4l_pTHj_genbin3_recobin5 acc 0.0302 eff 0.05 outinratio 0.0173 

ZH126_4l_pT4l_pTHj_genbin3_recobin5 acc 0.0342 eff 0.0471 outinratio 0.0477 

ttH126_4l_pT4l_pTHj_genbin3_recobin5 acc 0.0132 eff 0.1446 outinratio 0.0477 

ggH126_4l_pT4l_pTHj_genbin4_recobin5 acc 0.0239 eff 0.0512 outinratio 0.0087 

VBFH126_4l_pT4l_pTHj_genbin4_recobin5 acc 0.0948 eff 0.0622 outinratio 0.0078 

WminusH126_4l_pT4l_pTHj_genbin4_recobin5 acc 0.0442 eff 0.0613 outinratio 0.0163 

WplusH126_4l_pT4l_pTHj_genbin4_recobin5 acc 0.0407 eff 0.0474 outinratio 0.0173 

ZH126_4l_pT4l_pTHj_genbin4_recobin5 acc 0.0438 eff 0.0566 outinratio 0.0477 

ttH126_4l_pT4l_pTHj_genbin4_recobin5 acc 0.0331 eff 0.0774 outinratio 0.0477 

ggH126_4l_pT4l_pTHj_genbin5_recobin5 acc 0.0292 eff 0.412 outinratio 0.0087 

VBFH126_4l_pT4l_pTHj_genbin5_recobin5 acc 0.1316 eff 0.4228 outinratio 0.0078 

WminusH126_4l_pT4l_pTHj_genbin5_recobin5 acc 0.1062 eff 0.3854 outinratio 0.0163 

WplusH126_4l_pT4l_pTHj_genbin5_recobin5 acc 0.0949 eff 0.3855 outinratio 0.0173 

ZH126_4l_pT4l_pTHj_genbin5_recobin5 acc 0.1113 eff 0.4013 outinratio 0.0477 

ttH126_4l_pT4l_pTHj_genbin5_recobin5 acc 0.3099 eff 0.3436 outinratio 0.0477 

ggH126_4l_pT4l_pTHj_genbin6_recobin5 acc 0.0091 eff 0.0136 outinratio 0.0087 

VBFH126_4l_pT4l_pTHj_genbin6_recobin5 acc 0.038 eff 0.0055 outinratio 0.0078 

WminusH126_4l_pT4l_pTHj_genbin6_recobin5 acc 0.0346 eff 0.0126 outinratio 0.0163 

WplusH126_4l_pT4l_pTHj_genbin6_recobin5 acc 0.0379 eff 0.0105 outinratio 0.0173 

ZH126_4l_pT4l_pTHj_genbin6_recobin5 acc 0.0371 eff 0.0102 outinratio 0.0477 

ttH126_4l_pT4l_pTHj_genbin6_recobin5 acc 0.1141 eff 0.0056 outinratio 0.0477 

ggH126_4l_pT4l_pTHj_genbin0_recobin6 acc 0.2919 eff 0.0 outinratio 0.01 

VBFH126_4l_pT4l_pTHj_genbin0_recobin6 acc 0.0692 eff 0.0 outinratio 0.0064 

WminusH126_4l_pT4l_pTHj_genbin0_recobin6 acc 0.1023 eff 0.0103 outinratio 0.018 

WplusH126_4l_pT4l_pTHj_genbin0_recobin6 acc 0.0874 eff 0.0143 outinratio 0.016 

ZH126_4l_pT4l_pTHj_genbin0_recobin6 acc 0.0832 eff 0.0036 outinratio 0.0536 

ttH126_4l_pT4l_pTHj_genbin0_recobin6 acc 0.0016 eff 0.064 outinratio 0.0325 

ggH126_4l_pT4l_pTHj_genbin1_recobin6 acc 0.0313 eff 0.0 outinratio 0.01 

VBFH126_4l_pT4l_pTHj_genbin1_recobin6 acc 0.0365 eff 0.0 outinratio 0.0064 

WminusH126_4l_pT4l_pTHj_genbin1_recobin6 acc 0.0421 eff 0.0 outinratio 0.018 

WplusH126_4l_pT4l_pTHj_genbin1_recobin6 acc 0.0336 eff 0.0 outinratio 0.016 

ZH126_4l_pT4l_pTHj_genbin1_recobin6 acc 0.0396 eff 0.0 outinratio 0.0536 

ttH126_4l_pT4l_pTHj_genbin1_recobin6 acc 0.0042 eff 0.0 outinratio 0.0325 

ggH126_4l_pT4l_pTHj_genbin2_recobin6 acc 0.0391 eff 0.0 outinratio 0.01 

VBFH126_4l_pT4l_pTHj_genbin2_recobin6 acc 0.0519 eff 0.0 outinratio 0.0064 

WminusH126_4l_pT4l_pTHj_genbin2_recobin6 acc 0.046 eff 0.0 outinratio 0.018 

WplusH126_4l_pT4l_pTHj_genbin2_recobin6 acc 0.0382 eff 0.0 outinratio 0.016 

ZH126_4l_pT4l_pTHj_genbin2_recobin6 acc 0.0432 eff 0.0 outinratio 0.0536 

ttH126_4l_pT4l_pTHj_genbin2_recobin6 acc 0.01 eff 0.0 outinratio 0.0325 

ggH126_4l_pT4l_pTHj_genbin3_recobin6 acc 0.0227 eff 0.0 outinratio 0.01 

VBFH126_4l_pT4l_pTHj_genbin3_recobin6 acc 0.0589 eff 0.0 outinratio 0.0064 

WminusH126_4l_pT4l_pTHj_genbin3_recobin6 acc 0.0365 eff 0.0 outinratio 0.018 

WplusH126_4l_pT4l_pTHj_genbin3_recobin6 acc 0.0302 eff 0.0 outinratio 0.016 

ZH126_4l_pT4l_pTHj_genbin3_recobin6 acc 0.0342 eff 0.0 outinratio 0.0536 

ttH126_4l_pT4l_pTHj_genbin3_recobin6 acc 0.0132 eff 0.0 outinratio 0.0325 

ggH126_4l_pT4l_pTHj_genbin4_recobin6 acc 0.0239 eff 0.0206 outinratio 0.01 

VBFH126_4l_pT4l_pTHj_genbin4_recobin6 acc 0.0948 eff 0.0123 outinratio 0.0064 

WminusH126_4l_pT4l_pTHj_genbin4_recobin6 acc 0.0442 eff 0.0175 outinratio 0.018 

WplusH126_4l_pT4l_pTHj_genbin4_recobin6 acc 0.0407 eff 0.0246 outinratio 0.016 

ZH126_4l_pT4l_pTHj_genbin4_recobin6 acc 0.0438 eff 0.0203 outinratio 0.0536 

ttH126_4l_pT4l_pTHj_genbin4_recobin6 acc 0.0331 eff 0.0186 outinratio 0.0325 

ggH126_4l_pT4l_pTHj_genbin5_recobin6 acc 0.0292 eff 0.0011 outinratio 0.01 

VBFH126_4l_pT4l_pTHj_genbin5_recobin6 acc 0.1316 eff 0.0011 outinratio 0.0064 

WminusH126_4l_pT4l_pTHj_genbin5_recobin6 acc 0.1062 eff 0.0015 outinratio 0.018 

WplusH126_4l_pT4l_pTHj_genbin5_recobin6 acc 0.0949 eff 0.0021 outinratio 0.016 

ZH126_4l_pT4l_pTHj_genbin5_recobin6 acc 0.1113 eff 0.0018 outinratio 0.0536 

ttH126_4l_pT4l_pTHj_genbin5_recobin6 acc 0.3099 eff 0.0018 outinratio 0.0325 

ggH126_4l_pT4l_pTHj_genbin6_recobin6 acc 0.0091 eff 0.5422 outinratio 0.01 

VBFH126_4l_pT4l_pTHj_genbin6_recobin6 acc 0.038 eff 0.4813 outinratio 0.0064 

WminusH126_4l_pT4l_pTHj_genbin6_recobin6 acc 0.0346 eff 0.5044 outinratio 0.018 

WplusH126_4l_pT4l_pTHj_genbin6_recobin6 acc 0.0379 eff 0.495 outinratio 0.016 

ZH126_4l_pT4l_pTHj_genbin6_recobin6 acc 0.0371 eff 0.5082 outinratio 0.0536 

ttH126_4l_pT4l_pTHj_genbin6_recobin6 acc 0.1141 eff 0.468 outinratio 0.0325 

ggH126_4e_pT4l_pTHj_genbin0_recobin0 acc 0.2819 eff 0.2794 outinratio 0.0091 

VBFH126_4e_pT4l_pTHj_genbin0_recobin0 acc 0.0671 eff 0.2985 outinratio 0.0 

WminusH126_4e_pT4l_pTHj_genbin0_recobin0 acc 0.0993 eff 0.2177 outinratio 0.0297 

WplusH126_4e_pT4l_pTHj_genbin0_recobin0 acc 0.0879 eff 0.2427 outinratio 0.0356 

ZH126_4e_pT4l_pTHj_genbin0_recobin0 acc 0.0799 eff 0.2773 outinratio 0.0562 

ttH126_4e_pT4l_pTHj_genbin0_recobin0 acc 0.001 eff -1.0 outinratio 0.1789 

ggH126_4e_pT4l_pTHj_genbin1_recobin0 acc 0.0293 eff 0.0717 outinratio 0.0091 

VBFH126_4e_pT4l_pTHj_genbin1_recobin0 acc 0.0362 eff 0.0474 outinratio 0.0 

WminusH126_4e_pT4l_pTHj_genbin1_recobin0 acc 0.0404 eff 0.0265 outinratio 0.0297 

WplusH126_4e_pT4l_pTHj_genbin1_recobin0 acc 0.0322 eff 0.034 outinratio 0.0356 

ZH126_4e_pT4l_pTHj_genbin1_recobin0 acc 0.0401 eff 0.0318 outinratio 0.0562 

ttH126_4e_pT4l_pTHj_genbin1_recobin0 acc 0.0043 eff 0.0 outinratio 0.1789 

ggH126_4e_pT4l_pTHj_genbin2_recobin0 acc 0.0379 eff 0.0497 outinratio 0.0091 

VBFH126_4e_pT4l_pTHj_genbin2_recobin0 acc 0.0452 eff 0.0 outinratio 0.0 

WminusH126_4e_pT4l_pTHj_genbin2_recobin0 acc 0.0436 eff 0.016 outinratio 0.0297 

WplusH126_4e_pT4l_pTHj_genbin2_recobin0 acc 0.0379 eff 0.0161 outinratio 0.0356 

ZH126_4e_pT4l_pTHj_genbin2_recobin0 acc 0.0411 eff 0.0226 outinratio 0.0562 

ttH126_4e_pT4l_pTHj_genbin2_recobin0 acc 0.0098 eff 0.0 outinratio 0.1789 

ggH126_4e_pT4l_pTHj_genbin3_recobin0 acc 0.0214 eff 0.0207 outinratio 0.0091 

VBFH126_4e_pT4l_pTHj_genbin3_recobin0 acc 0.0576 eff 0.0246 outinratio 0.0 

WminusH126_4e_pT4l_pTHj_genbin3_recobin0 acc 0.0358 eff 0.0084 outinratio 0.0297 

WplusH126_4e_pT4l_pTHj_genbin3_recobin0 acc 0.0294 eff 0.0137 outinratio 0.0356 

ZH126_4e_pT4l_pTHj_genbin3_recobin0 acc 0.0327 eff 0.0104 outinratio 0.0562 

ttH126_4e_pT4l_pTHj_genbin3_recobin0 acc 0.0115 eff 0.0 outinratio 0.1789 

ggH126_4e_pT4l_pTHj_genbin4_recobin0 acc 0.0233 eff 0.0043 outinratio 0.0091 

VBFH126_4e_pT4l_pTHj_genbin4_recobin0 acc 0.0963 eff 0.0126 outinratio 0.0 

WminusH126_4e_pT4l_pTHj_genbin4_recobin0 acc 0.0422 eff 0.0029 outinratio 0.0297 

WplusH126_4e_pT4l_pTHj_genbin4_recobin0 acc 0.0395 eff 0.0035 outinratio 0.0356 

ZH126_4e_pT4l_pTHj_genbin4_recobin0 acc 0.041 eff 0.0018 outinratio 0.0562 

ttH126_4e_pT4l_pTHj_genbin4_recobin0 acc 0.0349 eff 0.0 outinratio 0.1789 

ggH126_4e_pT4l_pTHj_genbin5_recobin0 acc 0.0273 eff 0.013 outinratio 0.0091 

VBFH126_4e_pT4l_pTHj_genbin5_recobin0 acc 0.126 eff 0.0035 outinratio 0.0 

WminusH126_4e_pT4l_pTHj_genbin5_recobin0 acc 0.1027 eff 0.0073 outinratio 0.0297 

WplusH126_4e_pT4l_pTHj_genbin5_recobin0 acc 0.0949 eff 0.0072 outinratio 0.0356 

ZH126_4e_pT4l_pTHj_genbin5_recobin0 acc 0.1065 eff 0.0085 outinratio 0.0562 

ttH126_4e_pT4l_pTHj_genbin5_recobin0 acc 0.2871 eff 0.0 outinratio 0.1789 

ggH126_4e_pT4l_pTHj_genbin6_recobin0 acc 0.0087 eff 0.002 outinratio 0.0091 

VBFH126_4e_pT4l_pTHj_genbin6_recobin0 acc 0.0321 eff 0.0 outinratio 0.0 

WminusH126_4e_pT4l_pTHj_genbin6_recobin0 acc 0.0333 eff 0.0038 outinratio 0.0297 

WplusH126_4e_pT4l_pTHj_genbin6_recobin0 acc 0.0379 eff 0.0058 outinratio 0.0356 

ZH126_4e_pT4l_pTHj_genbin6_recobin0 acc 0.0357 eff 0.0034 outinratio 0.0562 

ttH126_4e_pT4l_pTHj_genbin6_recobin0 acc 0.1111 eff 0.001 outinratio 0.1789 

ggH126_4e_pT4l_pTHj_genbin0_recobin1 acc 0.2819 eff 0.0209 outinratio 0.011 

VBFH126_4e_pT4l_pTHj_genbin0_recobin1 acc 0.0671 eff 0.0229 outinratio 0.0349 

WminusH126_4e_pT4l_pTHj_genbin0_recobin1 acc 0.0993 eff 0.0196 outinratio 0.0259 

WplusH126_4e_pT4l_pTHj_genbin0_recobin1 acc 0.0879 eff 0.0142 outinratio 0.0313 

ZH126_4e_pT4l_pTHj_genbin0_recobin1 acc 0.0799 eff 0.0166 outinratio 0.0287 

ttH126_4e_pT4l_pTHj_genbin0_recobin1 acc 0.001 eff -1.0 outinratio 0.1951 

ggH126_4e_pT4l_pTHj_genbin1_recobin1 acc 0.0293 eff 0.2033 outinratio 0.011 

VBFH126_4e_pT4l_pTHj_genbin1_recobin1 acc 0.0362 eff 0.2213 outinratio 0.0349 

WminusH126_4e_pT4l_pTHj_genbin1_recobin1 acc 0.0404 eff 0.1956 outinratio 0.0259 

WplusH126_4e_pT4l_pTHj_genbin1_recobin1 acc 0.0322 eff 0.2114 outinratio 0.0313 

ZH126_4e_pT4l_pTHj_genbin1_recobin1 acc 0.0401 eff 0.199 outinratio 0.0287 

ttH126_4e_pT4l_pTHj_genbin1_recobin1 acc 0.0043 eff 0.0828 outinratio 0.1951 

ggH126_4e_pT4l_pTHj_genbin2_recobin1 acc 0.0379 eff 0.0097 outinratio 0.011 

VBFH126_4e_pT4l_pTHj_genbin2_recobin1 acc 0.0452 eff 0.0084 outinratio 0.0349 

WminusH126_4e_pT4l_pTHj_genbin2_recobin1 acc 0.0436 eff 0.0105 outinratio 0.0259 

WplusH126_4e_pT4l_pTHj_genbin2_recobin1 acc 0.0379 eff 0.006 outinratio 0.0313 

ZH126_4e_pT4l_pTHj_genbin2_recobin1 acc 0.0411 eff 0.011 outinratio 0.0287 

ttH126_4e_pT4l_pTHj_genbin2_recobin1 acc 0.0098 eff 0.0 outinratio 0.1951 

ggH126_4e_pT4l_pTHj_genbin3_recobin1 acc 0.0214 eff 0.0 outinratio 0.011 

VBFH126_4e_pT4l_pTHj_genbin3_recobin1 acc 0.0576 eff 0.0 outinratio 0.0349 

WminusH126_4e_pT4l_pTHj_genbin3_recobin1 acc 0.0358 eff 0.0 outinratio 0.0259 

WplusH126_4e_pT4l_pTHj_genbin3_recobin1 acc 0.0294 eff 0.0 outinratio 0.0313 

ZH126_4e_pT4l_pTHj_genbin3_recobin1 acc 0.0327 eff 0.0 outinratio 0.0287 

ttH126_4e_pT4l_pTHj_genbin3_recobin1 acc 0.0115 eff 0.0 outinratio 0.1951 

ggH126_4e_pT4l_pTHj_genbin4_recobin1 acc 0.0233 eff 0.0 outinratio 0.011 

VBFH126_4e_pT4l_pTHj_genbin4_recobin1 acc 0.0963 eff 0.0 outinratio 0.0349 

WminusH126_4e_pT4l_pTHj_genbin4_recobin1 acc 0.0422 eff 0.0 outinratio 0.0259 

WplusH126_4e_pT4l_pTHj_genbin4_recobin1 acc 0.0395 eff 0.0 outinratio 0.0313 

ZH126_4e_pT4l_pTHj_genbin4_recobin1 acc 0.041 eff 0.0 outinratio 0.0287 

ttH126_4e_pT4l_pTHj_genbin4_recobin1 acc 0.0349 eff 0.0 outinratio 0.1951 

ggH126_4e_pT4l_pTHj_genbin5_recobin1 acc 0.0273 eff 0.0083 outinratio 0.011 

VBFH126_4e_pT4l_pTHj_genbin5_recobin1 acc 0.126 eff 0.0029 outinratio 0.0349 

WminusH126_4e_pT4l_pTHj_genbin5_recobin1 acc 0.1027 eff 0.0029 outinratio 0.0259 

WplusH126_4e_pT4l_pTHj_genbin5_recobin1 acc 0.0949 eff 0.0033 outinratio 0.0313 

ZH126_4e_pT4l_pTHj_genbin5_recobin1 acc 0.1065 eff 0.0039 outinratio 0.0287 

ttH126_4e_pT4l_pTHj_genbin5_recobin1 acc 0.2871 eff 0.0016 outinratio 0.1951 

ggH126_4e_pT4l_pTHj_genbin6_recobin1 acc 0.0087 eff 0.0 outinratio 0.011 

VBFH126_4e_pT4l_pTHj_genbin6_recobin1 acc 0.0321 eff 0.0 outinratio 0.0349 

WminusH126_4e_pT4l_pTHj_genbin6_recobin1 acc 0.0333 eff 0.0 outinratio 0.0259 

WplusH126_4e_pT4l_pTHj_genbin6_recobin1 acc 0.0379 eff 0.0 outinratio 0.0313 

ZH126_4e_pT4l_pTHj_genbin6_recobin1 acc 0.0357 eff 0.0 outinratio 0.0287 

ttH126_4e_pT4l_pTHj_genbin6_recobin1 acc 0.1111 eff 0.0 outinratio 0.1951 

ggH126_4e_pT4l_pTHj_genbin0_recobin2 acc 0.2819 eff 0.0056 outinratio 0.0142 

VBFH126_4e_pT4l_pTHj_genbin0_recobin2 acc 0.0671 eff 0.0158 outinratio 0.0493 

WminusH126_4e_pT4l_pTHj_genbin0_recobin2 acc 0.0993 eff 0.0165 outinratio 0.0201 

WplusH126_4e_pT4l_pTHj_genbin0_recobin2 acc 0.0879 eff 0.0079 outinratio 0.023 

ZH126_4e_pT4l_pTHj_genbin0_recobin2 acc 0.0799 eff 0.0094 outinratio 0.0378 

ttH126_4e_pT4l_pTHj_genbin0_recobin2 acc 0.001 eff -1.0 outinratio 0.0254 

ggH126_4e_pT4l_pTHj_genbin1_recobin2 acc 0.0293 eff 0.0081 outinratio 0.0142 

VBFH126_4e_pT4l_pTHj_genbin1_recobin2 acc 0.0362 eff 0.0 outinratio 0.0493 

WminusH126_4e_pT4l_pTHj_genbin1_recobin2 acc 0.0404 eff 0.0078 outinratio 0.0201 

WplusH126_4e_pT4l_pTHj_genbin1_recobin2 acc 0.0322 eff 0.0085 outinratio 0.023 

ZH126_4e_pT4l_pTHj_genbin1_recobin2 acc 0.0401 eff 0.0058 outinratio 0.0378 

ttH126_4e_pT4l_pTHj_genbin1_recobin2 acc 0.0043 eff 0.0 outinratio 0.0254 

ggH126_4e_pT4l_pTHj_genbin2_recobin2 acc 0.0379 eff 0.2481 outinratio 0.0142 

VBFH126_4e_pT4l_pTHj_genbin2_recobin2 acc 0.0452 eff 0.2542 outinratio 0.0493 

WminusH126_4e_pT4l_pTHj_genbin2_recobin2 acc 0.0436 eff 0.2433 outinratio 0.0201 

WplusH126_4e_pT4l_pTHj_genbin2_recobin2 acc 0.0379 eff 0.2029 outinratio 0.023 

ZH126_4e_pT4l_pTHj_genbin2_recobin2 acc 0.0411 eff 0.2384 outinratio 0.0378 

ttH126_4e_pT4l_pTHj_genbin2_recobin2 acc 0.0098 eff 0.0784 outinratio 0.0254 

ggH126_4e_pT4l_pTHj_genbin3_recobin2 acc 0.0214 eff 0.0152 outinratio 0.0142 

VBFH126_4e_pT4l_pTHj_genbin3_recobin2 acc 0.0576 eff 0.0144 outinratio 0.0493 

WminusH126_4e_pT4l_pTHj_genbin3_recobin2 acc 0.0358 eff 0.0171 outinratio 0.0201 

WplusH126_4e_pT4l_pTHj_genbin3_recobin2 acc 0.0294 eff 0.0227 outinratio 0.023 

ZH126_4e_pT4l_pTHj_genbin3_recobin2 acc 0.0327 eff 0.0209 outinratio 0.0378 

ttH126_4e_pT4l_pTHj_genbin3_recobin2 acc 0.0115 eff 0.0519 outinratio 0.0254 

ggH126_4e_pT4l_pTHj_genbin4_recobin2 acc 0.0233 eff 0.0 outinratio 0.0142 

VBFH126_4e_pT4l_pTHj_genbin4_recobin2 acc 0.0963 eff 0.0 outinratio 0.0493 

WminusH126_4e_pT4l_pTHj_genbin4_recobin2 acc 0.0422 eff 0.0 outinratio 0.0201 

WplusH126_4e_pT4l_pTHj_genbin4_recobin2 acc 0.0395 eff 0.0 outinratio 0.023 

ZH126_4e_pT4l_pTHj_genbin4_recobin2 acc 0.041 eff 0.0 outinratio 0.0378 

ttH126_4e_pT4l_pTHj_genbin4_recobin2 acc 0.0349 eff 0.0 outinratio 0.0254 

ggH126_4e_pT4l_pTHj_genbin5_recobin2 acc 0.0273 eff 0.005 outinratio 0.0142 

VBFH126_4e_pT4l_pTHj_genbin5_recobin2 acc 0.126 eff 0.0062 outinratio 0.0493 

WminusH126_4e_pT4l_pTHj_genbin5_recobin2 acc 0.1027 eff 0.0055 outinratio 0.0201 

WplusH126_4e_pT4l_pTHj_genbin5_recobin2 acc 0.0949 eff 0.0064 outinratio 0.023 

ZH126_4e_pT4l_pTHj_genbin5_recobin2 acc 0.1065 eff 0.0042 outinratio 0.0378 

ttH126_4e_pT4l_pTHj_genbin5_recobin2 acc 0.2871 eff 0.0022 outinratio 0.0254 

ggH126_4e_pT4l_pTHj_genbin6_recobin2 acc 0.0087 eff 0.0 outinratio 0.0142 

VBFH126_4e_pT4l_pTHj_genbin6_recobin2 acc 0.0321 eff 0.0 outinratio 0.0493 

WminusH126_4e_pT4l_pTHj_genbin6_recobin2 acc 0.0333 eff 0.0 outinratio 0.0201 

WplusH126_4e_pT4l_pTHj_genbin6_recobin2 acc 0.0379 eff 0.0 outinratio 0.023 

ZH126_4e_pT4l_pTHj_genbin6_recobin2 acc 0.0357 eff 0.0 outinratio 0.0378 

ttH126_4e_pT4l_pTHj_genbin6_recobin2 acc 0.1111 eff 0.0 outinratio 0.0254 

ggH126_4e_pT4l_pTHj_genbin0_recobin3 acc 0.2819 eff 0.0007 outinratio 0.0073 

VBFH126_4e_pT4l_pTHj_genbin0_recobin3 acc 0.0671 eff 0.002 outinratio 0.0 

WminusH126_4e_pT4l_pTHj_genbin0_recobin3 acc 0.0993 eff 0.0075 outinratio 0.0157 

WplusH126_4e_pT4l_pTHj_genbin0_recobin3 acc 0.0879 eff 0.0068 outinratio 0.0371 

ZH126_4e_pT4l_pTHj_genbin0_recobin3 acc 0.0799 eff 0.0015 outinratio 0.0333 

ttH126_4e_pT4l_pTHj_genbin0_recobin3 acc 0.001 eff -1.0 outinratio 0.0581 

ggH126_4e_pT4l_pTHj_genbin1_recobin3 acc 0.0293 eff 0.0 outinratio 0.0073 

VBFH126_4e_pT4l_pTHj_genbin1_recobin3 acc 0.0362 eff 0.0 outinratio 0.0 

WminusH126_4e_pT4l_pTHj_genbin1_recobin3 acc 0.0404 eff 0.0 outinratio 0.0157 

WplusH126_4e_pT4l_pTHj_genbin1_recobin3 acc 0.0322 eff 0.0 outinratio 0.0371 

ZH126_4e_pT4l_pTHj_genbin1_recobin3 acc 0.0401 eff 0.0 outinratio 0.0333 

ttH126_4e_pT4l_pTHj_genbin1_recobin3 acc 0.0043 eff 0.0 outinratio 0.0581 

ggH126_4e_pT4l_pTHj_genbin2_recobin3 acc 0.0379 eff 0.0077 outinratio 0.0073 

VBFH126_4e_pT4l_pTHj_genbin2_recobin3 acc 0.0452 eff 0.0 outinratio 0.0 

WminusH126_4e_pT4l_pTHj_genbin2_recobin3 acc 0.0436 eff 0.0064 outinratio 0.0157 

WplusH126_4e_pT4l_pTHj_genbin2_recobin3 acc 0.0379 eff 0.008 outinratio 0.0371 

ZH126_4e_pT4l_pTHj_genbin2_recobin3 acc 0.0411 eff 0.0093 outinratio 0.0333 

ttH126_4e_pT4l_pTHj_genbin2_recobin3 acc 0.0098 eff 0.0 outinratio 0.0581 

ggH126_4e_pT4l_pTHj_genbin3_recobin3 acc 0.0214 eff 0.2783 outinratio 0.0073 

VBFH126_4e_pT4l_pTHj_genbin3_recobin3 acc 0.0576 eff 0.3848 outinratio 0.0 

WminusH126_4e_pT4l_pTHj_genbin3_recobin3 acc 0.0358 eff 0.253 outinratio 0.0157 

WplusH126_4e_pT4l_pTHj_genbin3_recobin3 acc 0.0294 eff 0.2708 outinratio 0.0371 

ZH126_4e_pT4l_pTHj_genbin3_recobin3 acc 0.0327 eff 0.2609 outinratio 0.0333 

ttH126_4e_pT4l_pTHj_genbin3_recobin3 acc 0.0115 eff 0.184 outinratio 0.0581 

ggH126_4e_pT4l_pTHj_genbin4_recobin3 acc 0.0233 eff 0.0163 outinratio 0.0073 

VBFH126_4e_pT4l_pTHj_genbin4_recobin3 acc 0.0963 eff 0.0235 outinratio 0.0 

WminusH126_4e_pT4l_pTHj_genbin4_recobin3 acc 0.0422 eff 0.0103 outinratio 0.0157 

WplusH126_4e_pT4l_pTHj_genbin4_recobin3 acc 0.0395 eff 0.0146 outinratio 0.0371 

ZH126_4e_pT4l_pTHj_genbin4_recobin3 acc 0.041 eff 0.0058 outinratio 0.0333 

ttH126_4e_pT4l_pTHj_genbin4_recobin3 acc 0.0349 eff 0.0025 outinratio 0.0581 

ggH126_4e_pT4l_pTHj_genbin5_recobin3 acc 0.0273 eff 0.0089 outinratio 0.0073 

VBFH126_4e_pT4l_pTHj_genbin5_recobin3 acc 0.126 eff 0.0077 outinratio 0.0 

WminusH126_4e_pT4l_pTHj_genbin5_recobin3 acc 0.1027 eff 0.0066 outinratio 0.0157 

WplusH126_4e_pT4l_pTHj_genbin5_recobin3 acc 0.0949 eff 0.0061 outinratio 0.0371 

ZH126_4e_pT4l_pTHj_genbin5_recobin3 acc 0.1065 eff 0.0073 outinratio 0.0333 

ttH126_4e_pT4l_pTHj_genbin5_recobin3 acc 0.2871 eff 0.0013 outinratio 0.0581 

ggH126_4e_pT4l_pTHj_genbin6_recobin3 acc 0.0087 eff 0.0 outinratio 0.0073 

VBFH126_4e_pT4l_pTHj_genbin6_recobin3 acc 0.0321 eff 0.0 outinratio 0.0 

WminusH126_4e_pT4l_pTHj_genbin6_recobin3 acc 0.0333 eff 0.0 outinratio 0.0157 

WplusH126_4e_pT4l_pTHj_genbin6_recobin3 acc 0.0379 eff 0.0 outinratio 0.0371 

ZH126_4e_pT4l_pTHj_genbin6_recobin3 acc 0.0357 eff 0.0 outinratio 0.0333 

ttH126_4e_pT4l_pTHj_genbin6_recobin3 acc 0.1111 eff 0.0 outinratio 0.0581 

ggH126_4e_pT4l_pTHj_genbin0_recobin4 acc 0.2819 eff 0.0 outinratio 0.0198 

VBFH126_4e_pT4l_pTHj_genbin0_recobin4 acc 0.0671 eff 0.0 outinratio 0.0 

WminusH126_4e_pT4l_pTHj_genbin0_recobin4 acc 0.0993 eff 0.0056 outinratio 0.0133 

WplusH126_4e_pT4l_pTHj_genbin0_recobin4 acc 0.0879 eff 0.0035 outinratio 0.0103 

ZH126_4e_pT4l_pTHj_genbin0_recobin4 acc 0.0799 eff 0.0 outinratio 0.0229 

ttH126_4e_pT4l_pTHj_genbin0_recobin4 acc 0.001 eff -1.0 outinratio 0.0363 

ggH126_4e_pT4l_pTHj_genbin1_recobin4 acc 0.0293 eff 0.0 outinratio 0.0198 

VBFH126_4e_pT4l_pTHj_genbin1_recobin4 acc 0.0362 eff 0.0 outinratio 0.0 

WminusH126_4e_pT4l_pTHj_genbin1_recobin4 acc 0.0404 eff 0.0 outinratio 0.0133 

WplusH126_4e_pT4l_pTHj_genbin1_recobin4 acc 0.0322 eff 0.0 outinratio 0.0103 

ZH126_4e_pT4l_pTHj_genbin1_recobin4 acc 0.0401 eff 0.0 outinratio 0.0229 

ttH126_4e_pT4l_pTHj_genbin1_recobin4 acc 0.0043 eff 0.0 outinratio 0.0363 

ggH126_4e_pT4l_pTHj_genbin2_recobin4 acc 0.0379 eff 0.0 outinratio 0.0198 

VBFH126_4e_pT4l_pTHj_genbin2_recobin4 acc 0.0452 eff 0.0 outinratio 0.0 

WminusH126_4e_pT4l_pTHj_genbin2_recobin4 acc 0.0436 eff 0.0 outinratio 0.0133 

WplusH126_4e_pT4l_pTHj_genbin2_recobin4 acc 0.0379 eff 0.0 outinratio 0.0103 

ZH126_4e_pT4l_pTHj_genbin2_recobin4 acc 0.0411 eff 0.0 outinratio 0.0229 

ttH126_4e_pT4l_pTHj_genbin2_recobin4 acc 0.0098 eff 0.0 outinratio 0.0363 

ggH126_4e_pT4l_pTHj_genbin3_recobin4 acc 0.0214 eff 0.0047 outinratio 0.0198 

VBFH126_4e_pT4l_pTHj_genbin3_recobin4 acc 0.0576 eff 0.0074 outinratio 0.0 

WminusH126_4e_pT4l_pTHj_genbin3_recobin4 acc 0.0358 eff 0.0036 outinratio 0.0133 

WplusH126_4e_pT4l_pTHj_genbin3_recobin4 acc 0.0294 eff 0.0041 outinratio 0.0103 

ZH126_4e_pT4l_pTHj_genbin3_recobin4 acc 0.0327 eff 0.0038 outinratio 0.0229 

ttH126_4e_pT4l_pTHj_genbin3_recobin4 acc 0.0115 eff 0.0221 outinratio 0.0363 

ggH126_4e_pT4l_pTHj_genbin4_recobin4 acc 0.0233 eff 0.317 outinratio 0.0198 

VBFH126_4e_pT4l_pTHj_genbin4_recobin4 acc 0.0963 eff 0.3071 outinratio 0.0 

WminusH126_4e_pT4l_pTHj_genbin4_recobin4 acc 0.0422 eff 0.2912 outinratio 0.0133 

WplusH126_4e_pT4l_pTHj_genbin4_recobin4 acc 0.0395 eff 0.3053 outinratio 0.0103 

ZH126_4e_pT4l_pTHj_genbin4_recobin4 acc 0.041 eff 0.3057 outinratio 0.0229 

ttH126_4e_pT4l_pTHj_genbin4_recobin4 acc 0.0349 eff 0.1884 outinratio 0.0363 

ggH126_4e_pT4l_pTHj_genbin5_recobin4 acc 0.0273 eff 0.0111 outinratio 0.0198 

VBFH126_4e_pT4l_pTHj_genbin5_recobin4 acc 0.126 eff 0.0256 outinratio 0.0 

WminusH126_4e_pT4l_pTHj_genbin5_recobin4 acc 0.1027 eff 0.0222 outinratio 0.0133 

WplusH126_4e_pT4l_pTHj_genbin5_recobin4 acc 0.0949 eff 0.0189 outinratio 0.0103 

ZH126_4e_pT4l_pTHj_genbin5_recobin4 acc 0.1065 eff 0.0143 outinratio 0.0229 

ttH126_4e_pT4l_pTHj_genbin5_recobin4 acc 0.2871 eff 0.0084 outinratio 0.0363 

ggH126_4e_pT4l_pTHj_genbin6_recobin4 acc 0.0087 eff 0.034 outinratio 0.0198 

VBFH126_4e_pT4l_pTHj_genbin6_recobin4 acc 0.0321 eff 0.0188 outinratio 0.0 

WminusH126_4e_pT4l_pTHj_genbin6_recobin4 acc 0.0333 eff 0.0268 outinratio 0.0133 

WplusH126_4e_pT4l_pTHj_genbin6_recobin4 acc 0.0379 eff 0.0374 outinratio 0.0103 

ZH126_4e_pT4l_pTHj_genbin6_recobin4 acc 0.0357 eff 0.0179 outinratio 0.0229 

ttH126_4e_pT4l_pTHj_genbin6_recobin4 acc 0.1111 eff 0.004 outinratio 0.0363 

ggH126_4e_pT4l_pTHj_genbin0_recobin5 acc 0.2819 eff 0.0081 outinratio 0.0154 

VBFH126_4e_pT4l_pTHj_genbin0_recobin5 acc 0.0671 eff 0.0159 outinratio 0.021 

WminusH126_4e_pT4l_pTHj_genbin0_recobin5 acc 0.0993 eff 0.0349 outinratio 0.0266 

WplusH126_4e_pT4l_pTHj_genbin0_recobin5 acc 0.0879 eff 0.0348 outinratio 0.0169 

ZH126_4e_pT4l_pTHj_genbin0_recobin5 acc 0.0799 eff 0.021 outinratio 0.046 

ttH126_4e_pT4l_pTHj_genbin0_recobin5 acc 0.001 eff -1.0 outinratio 0.0418 

ggH126_4e_pT4l_pTHj_genbin1_recobin5 acc 0.0293 eff 0.0151 outinratio 0.0154 

VBFH126_4e_pT4l_pTHj_genbin1_recobin5 acc 0.0362 eff 0.0944 outinratio 0.021 

WminusH126_4e_pT4l_pTHj_genbin1_recobin5 acc 0.0404 eff 0.0415 outinratio 0.0266 

WplusH126_4e_pT4l_pTHj_genbin1_recobin5 acc 0.0322 eff 0.0413 outinratio 0.0169 

ZH126_4e_pT4l_pTHj_genbin1_recobin5 acc 0.0401 eff 0.0445 outinratio 0.046 

ttH126_4e_pT4l_pTHj_genbin1_recobin5 acc 0.0043 eff 0.0285 outinratio 0.0418 

ggH126_4e_pT4l_pTHj_genbin2_recobin5 acc 0.0379 eff 0.0138 outinratio 0.0154 

VBFH126_4e_pT4l_pTHj_genbin2_recobin5 acc 0.0452 eff 0.0476 outinratio 0.021 

WminusH126_4e_pT4l_pTHj_genbin2_recobin5 acc 0.0436 eff 0.0405 outinratio 0.0266 

WplusH126_4e_pT4l_pTHj_genbin2_recobin5 acc 0.0379 eff 0.0347 outinratio 0.0169 

ZH126_4e_pT4l_pTHj_genbin2_recobin5 acc 0.0411 eff 0.0296 outinratio 0.046 

ttH126_4e_pT4l_pTHj_genbin2_recobin5 acc 0.0098 eff 0.0396 outinratio 0.0418 

ggH126_4e_pT4l_pTHj_genbin3_recobin5 acc 0.0214 eff 0.0234 outinratio 0.0154 

VBFH126_4e_pT4l_pTHj_genbin3_recobin5 acc 0.0576 eff 0.0211 outinratio 0.021 

WminusH126_4e_pT4l_pTHj_genbin3_recobin5 acc 0.0358 eff 0.0338 outinratio 0.0266 

WplusH126_4e_pT4l_pTHj_genbin3_recobin5 acc 0.0294 eff 0.0295 outinratio 0.0169 

ZH126_4e_pT4l_pTHj_genbin3_recobin5 acc 0.0327 eff 0.0309 outinratio 0.046 

ttH126_4e_pT4l_pTHj_genbin3_recobin5 acc 0.0115 eff 0.0739 outinratio 0.0418 

ggH126_4e_pT4l_pTHj_genbin4_recobin5 acc 0.0233 eff 0.0336 outinratio 0.0154 

VBFH126_4e_pT4l_pTHj_genbin4_recobin5 acc 0.0963 eff 0.012 outinratio 0.021 

WminusH126_4e_pT4l_pTHj_genbin4_recobin5 acc 0.0422 eff 0.0419 outinratio 0.0266 

WplusH126_4e_pT4l_pTHj_genbin4_recobin5 acc 0.0395 eff 0.0387 outinratio 0.0169 

ZH126_4e_pT4l_pTHj_genbin4_recobin5 acc 0.041 eff 0.046 outinratio 0.046 

ttH126_4e_pT4l_pTHj_genbin4_recobin5 acc 0.0349 eff 0.0625 outinratio 0.0418 

ggH126_4e_pT4l_pTHj_genbin5_recobin5 acc 0.0273 eff 0.2706 outinratio 0.0154 

VBFH126_4e_pT4l_pTHj_genbin5_recobin5 acc 0.126 eff 0.2851 outinratio 0.021 

WminusH126_4e_pT4l_pTHj_genbin5_recobin5 acc 0.1027 eff 0.2637 outinratio 0.0266 

WplusH126_4e_pT4l_pTHj_genbin5_recobin5 acc 0.0949 eff 0.2916 outinratio 0.0169 

ZH126_4e_pT4l_pTHj_genbin5_recobin5 acc 0.1065 eff 0.2713 outinratio 0.046 

ttH126_4e_pT4l_pTHj_genbin5_recobin5 acc 0.2871 eff 0.2537 outinratio 0.0418 

ggH126_4e_pT4l_pTHj_genbin6_recobin5 acc 0.0087 eff 0.017 outinratio 0.0154 

VBFH126_4e_pT4l_pTHj_genbin6_recobin5 acc 0.0321 eff 0.0 outinratio 0.021 

WminusH126_4e_pT4l_pTHj_genbin6_recobin5 acc 0.0333 eff 0.0104 outinratio 0.0266 

WplusH126_4e_pT4l_pTHj_genbin6_recobin5 acc 0.0379 eff 0.0093 outinratio 0.0169 

ZH126_4e_pT4l_pTHj_genbin6_recobin5 acc 0.0357 eff 0.0098 outinratio 0.046 

ttH126_4e_pT4l_pTHj_genbin6_recobin5 acc 0.1111 eff 0.0057 outinratio 0.0418 

ggH126_4e_pT4l_pTHj_genbin0_recobin6 acc 0.2819 eff 0.0 outinratio 0.0067 

VBFH126_4e_pT4l_pTHj_genbin0_recobin6 acc 0.0671 eff 0.0 outinratio 0.0121 

WminusH126_4e_pT4l_pTHj_genbin0_recobin6 acc 0.0993 eff 0.0068 outinratio 0.0135 

WplusH126_4e_pT4l_pTHj_genbin0_recobin6 acc 0.0879 eff 0.0129 outinratio 0.0175 

ZH126_4e_pT4l_pTHj_genbin0_recobin6 acc 0.0799 eff 0.0012 outinratio 0.0358 

ttH126_4e_pT4l_pTHj_genbin0_recobin6 acc 0.001 eff -1.0 outinratio 0.0527 

ggH126_4e_pT4l_pTHj_genbin1_recobin6 acc 0.0293 eff 0.0 outinratio 0.0067 

VBFH126_4e_pT4l_pTHj_genbin1_recobin6 acc 0.0362 eff 0.0 outinratio 0.0121 

WminusH126_4e_pT4l_pTHj_genbin1_recobin6 acc 0.0404 eff 0.0 outinratio 0.0135 

WplusH126_4e_pT4l_pTHj_genbin1_recobin6 acc 0.0322 eff 0.0 outinratio 0.0175 

ZH126_4e_pT4l_pTHj_genbin1_recobin6 acc 0.0401 eff 0.0 outinratio 0.0358 

ttH126_4e_pT4l_pTHj_genbin1_recobin6 acc 0.0043 eff 0.0 outinratio 0.0527 

ggH126_4e_pT4l_pTHj_genbin2_recobin6 acc 0.0379 eff 0.0 outinratio 0.0067 

VBFH126_4e_pT4l_pTHj_genbin2_recobin6 acc 0.0452 eff 0.0 outinratio 0.0121 

WminusH126_4e_pT4l_pTHj_genbin2_recobin6 acc 0.0436 eff 0.0 outinratio 0.0135 

WplusH126_4e_pT4l_pTHj_genbin2_recobin6 acc 0.0379 eff 0.0 outinratio 0.0175 

ZH126_4e_pT4l_pTHj_genbin2_recobin6 acc 0.0411 eff 0.0 outinratio 0.0358 

ttH126_4e_pT4l_pTHj_genbin2_recobin6 acc 0.0098 eff 0.0 outinratio 0.0527 

ggH126_4e_pT4l_pTHj_genbin3_recobin6 acc 0.0214 eff 0.0 outinratio 0.0067 

VBFH126_4e_pT4l_pTHj_genbin3_recobin6 acc 0.0576 eff 0.0 outinratio 0.0121 

WminusH126_4e_pT4l_pTHj_genbin3_recobin6 acc 0.0358 eff 0.0 outinratio 0.0135 

WplusH126_4e_pT4l_pTHj_genbin3_recobin6 acc 0.0294 eff 0.0 outinratio 0.0175 

ZH126_4e_pT4l_pTHj_genbin3_recobin6 acc 0.0327 eff 0.0 outinratio 0.0358 

ttH126_4e_pT4l_pTHj_genbin3_recobin6 acc 0.0115 eff 0.0 outinratio 0.0527 

ggH126_4e_pT4l_pTHj_genbin4_recobin6 acc 0.0233 eff 0.0123 outinratio 0.0067 

VBFH126_4e_pT4l_pTHj_genbin4_recobin6 acc 0.0963 eff 0.011 outinratio 0.0121 

WminusH126_4e_pT4l_pTHj_genbin4_recobin6 acc 0.0422 eff 0.0133 outinratio 0.0135 

WplusH126_4e_pT4l_pTHj_genbin4_recobin6 acc 0.0395 eff 0.0189 outinratio 0.0175 

ZH126_4e_pT4l_pTHj_genbin4_recobin6 acc 0.041 eff 0.0112 outinratio 0.0358 

ttH126_4e_pT4l_pTHj_genbin4_recobin6 acc 0.0349 eff -0.0054 outinratio 0.0527 

ggH126_4e_pT4l_pTHj_genbin5_recobin6 acc 0.0273 eff 0.0008 outinratio 0.0067 

VBFH126_4e_pT4l_pTHj_genbin5_recobin6 acc 0.126 eff 0.0 outinratio 0.0121 

WminusH126_4e_pT4l_pTHj_genbin5_recobin6 acc 0.1027 eff 0.001 outinratio 0.0135 

WplusH126_4e_pT4l_pTHj_genbin5_recobin6 acc 0.0949 eff 0.0024 outinratio 0.0175 

ZH126_4e_pT4l_pTHj_genbin5_recobin6 acc 0.1065 eff 0.0017 outinratio 0.0358 

ttH126_4e_pT4l_pTHj_genbin5_recobin6 acc 0.2871 eff 0.0014 outinratio 0.0527 

ggH126_4e_pT4l_pTHj_genbin6_recobin6 acc 0.0087 eff 0.3812 outinratio 0.0067 

VBFH126_4e_pT4l_pTHj_genbin6_recobin6 acc 0.0321 eff 0.2965 outinratio 0.0121 

WminusH126_4e_pT4l_pTHj_genbin6_recobin6 acc 0.0333 eff 0.394 outinratio 0.0135 

WplusH126_4e_pT4l_pTHj_genbin6_recobin6 acc 0.0379 eff 0.354 outinratio 0.0175 

ZH126_4e_pT4l_pTHj_genbin6_recobin6 acc 0.0357 eff 0.3573 outinratio 0.0358 

ttH126_4e_pT4l_pTHj_genbin6_recobin6 acc 0.1111 eff 0.3809 outinratio 0.0527 

ggH126_4mu_pT4l_pTHj_genbin0_recobin0 acc 0.3093 eff 0.6081 outinratio 0.0059 

VBFH126_4mu_pT4l_pTHj_genbin0_recobin0 acc 0.0796 eff 0.5263 outinratio 0.0 

WminusH126_4mu_pT4l_pTHj_genbin0_recobin0 acc 0.1105 eff 0.4609 outinratio 0.0221 

WplusH126_4mu_pT4l_pTHj_genbin0_recobin0 acc 0.0916 eff 0.4797 outinratio 0.0267 

ZH126_4mu_pT4l_pTHj_genbin0_recobin0 acc 0.0872 eff 0.5431 outinratio 0.0834 

ttH126_4mu_pT4l_pTHj_genbin0_recobin0 acc 0.0019 eff 0.0983 outinratio 0.0 

ggH126_4mu_pT4l_pTHj_genbin1_recobin0 acc 0.0329 eff 0.1506 outinratio 0.0059 

VBFH126_4mu_pT4l_pTHj_genbin1_recobin0 acc 0.0422 eff 0.0681 outinratio 0.0 

WminusH126_4mu_pT4l_pTHj_genbin1_recobin0 acc 0.0454 eff 0.0729 outinratio 0.0221 

WplusH126_4mu_pT4l_pTHj_genbin1_recobin0 acc 0.0351 eff 0.0627 outinratio 0.0267 

ZH126_4mu_pT4l_pTHj_genbin1_recobin0 acc 0.0411 eff 0.0682 outinratio 0.0834 

ttH126_4mu_pT4l_pTHj_genbin1_recobin0 acc 0.006 eff 0.0 outinratio 0.0 

ggH126_4mu_pT4l_pTHj_genbin2_recobin0 acc 0.0416 eff 0.0838 outinratio 0.0059 

VBFH126_4mu_pT4l_pTHj_genbin2_recobin0 acc 0.06 eff 0.0264 outinratio 0.0 

WminusH126_4mu_pT4l_pTHj_genbin2_recobin0 acc 0.048 eff 0.0384 outinratio 0.0221 

WplusH126_4mu_pT4l_pTHj_genbin2_recobin0 acc 0.0398 eff 0.0309 outinratio 0.0267 

ZH126_4mu_pT4l_pTHj_genbin2_recobin0 acc 0.047 eff 0.0601 outinratio 0.0834 

ttH126_4mu_pT4l_pTHj_genbin2_recobin0 acc 0.01 eff 0.0199 outinratio 0.0 

ggH126_4mu_pT4l_pTHj_genbin3_recobin0 acc 0.0257 eff 0.0237 outinratio 0.0059 

VBFH126_4mu_pT4l_pTHj_genbin3_recobin0 acc 0.0624 eff 0.0335 outinratio 0.0 

WminusH126_4mu_pT4l_pTHj_genbin3_recobin0 acc 0.0398 eff 0.0139 outinratio 0.0221 

WplusH126_4mu_pT4l_pTHj_genbin3_recobin0 acc 0.0327 eff 0.0149 outinratio 0.0267 

ZH126_4mu_pT4l_pTHj_genbin3_recobin0 acc 0.0373 eff 0.0227 outinratio 0.0834 

ttH126_4mu_pT4l_pTHj_genbin3_recobin0 acc 0.0138 eff 0.0138 outinratio 0.0 

ggH126_4mu_pT4l_pTHj_genbin4_recobin0 acc 0.0253 eff 0.0075 outinratio 0.0059 

VBFH126_4mu_pT4l_pTHj_genbin4_recobin0 acc 0.1087 eff -0.0034 outinratio 0.0 

WminusH126_4mu_pT4l_pTHj_genbin4_recobin0 acc 0.0472 eff 0.0044 outinratio 0.0221 

WplusH126_4mu_pT4l_pTHj_genbin4_recobin0 acc 0.0422 eff 0.0035 outinratio 0.0267 

ZH126_4mu_pT4l_pTHj_genbin4_recobin0 acc 0.0474 eff 0.0035 outinratio 0.0834 

ttH126_4mu_pT4l_pTHj_genbin4_recobin0 acc 0.0334 eff 0.0 outinratio 0.0 

ggH126_4mu_pT4l_pTHj_genbin5_recobin0 acc 0.0321 eff 0.0243 outinratio 0.0059 

VBFH126_4mu_pT4l_pTHj_genbin5_recobin0 acc 0.1361 eff 0.0139 outinratio 0.0 

WminusH126_4mu_pT4l_pTHj_genbin5_recobin0 acc 0.1133 eff 0.0142 outinratio 0.0221 

WplusH126_4mu_pT4l_pTHj_genbin5_recobin0 acc 0.1001 eff 0.0152 outinratio 0.0267 

ZH126_4mu_pT4l_pTHj_genbin5_recobin0 acc 0.118 eff 0.0193 outinratio 0.0834 

ttH126_4mu_pT4l_pTHj_genbin5_recobin0 acc 0.3308 eff 0.0013 outinratio 0.0 

ggH126_4mu_pT4l_pTHj_genbin6_recobin0 acc 0.0097 eff 0.0029 outinratio 0.0059 

VBFH126_4mu_pT4l_pTHj_genbin6_recobin0 acc 0.0374 eff 0.0071 outinratio 0.0 

WminusH126_4mu_pT4l_pTHj_genbin6_recobin0 acc 0.0363 eff 0.0063 outinratio 0.0221 

WplusH126_4mu_pT4l_pTHj_genbin6_recobin0 acc 0.0385 eff 0.0064 outinratio 0.0267 

ZH126_4mu_pT4l_pTHj_genbin6_recobin0 acc 0.0383 eff 0.0066 outinratio 0.0834 

ttH126_4mu_pT4l_pTHj_genbin6_recobin0 acc 0.1223 eff 0.0 outinratio 0.0 

ggH126_4mu_pT4l_pTHj_genbin0_recobin1 acc 0.3093 eff 0.0436 outinratio 0.0045 

VBFH126_4mu_pT4l_pTHj_genbin0_recobin1 acc 0.0796 eff 0.0869 outinratio 0.0 

WminusH126_4mu_pT4l_pTHj_genbin0_recobin1 acc 0.1105 eff 0.0431 outinratio 0.0096 

WplusH126_4mu_pT4l_pTHj_genbin0_recobin1 acc 0.0916 eff 0.0279 outinratio 0.0038 

ZH126_4mu_pT4l_pTHj_genbin0_recobin1 acc 0.0872 eff 0.0297 outinratio 0.033 

ttH126_4mu_pT4l_pTHj_genbin0_recobin1 acc 0.0019 eff 0.0 outinratio 0.1422 

ggH126_4mu_pT4l_pTHj_genbin1_recobin1 acc 0.0329 eff 0.4659 outinratio 0.0045 

VBFH126_4mu_pT4l_pTHj_genbin1_recobin1 acc 0.0422 eff 0.4518 outinratio 0.0 

WminusH126_4mu_pT4l_pTHj_genbin1_recobin1 acc 0.0454 eff 0.4258 outinratio 0.0096 

WplusH126_4mu_pT4l_pTHj_genbin1_recobin1 acc 0.0351 eff 0.4621 outinratio 0.0038 

ZH126_4mu_pT4l_pTHj_genbin1_recobin1 acc 0.0411 eff 0.4254 outinratio 0.033 

ttH126_4mu_pT4l_pTHj_genbin1_recobin1 acc 0.006 eff 0.1226 outinratio 0.1422 

ggH126_4mu_pT4l_pTHj_genbin2_recobin1 acc 0.0416 eff 0.0131 outinratio 0.0045 

VBFH126_4mu_pT4l_pTHj_genbin2_recobin1 acc 0.06 eff 0.0 outinratio 0.0 

WminusH126_4mu_pT4l_pTHj_genbin2_recobin1 acc 0.048 eff 0.0109 outinratio 0.0096 

WplusH126_4mu_pT4l_pTHj_genbin2_recobin1 acc 0.0398 eff 0.0114 outinratio 0.0038 

ZH126_4mu_pT4l_pTHj_genbin2_recobin1 acc 0.047 eff 0.0068 outinratio 0.033 

ttH126_4mu_pT4l_pTHj_genbin2_recobin1 acc 0.01 eff 0.0 outinratio 0.1422 

ggH126_4mu_pT4l_pTHj_genbin3_recobin1 acc 0.0257 eff 0.0 outinratio 0.0045 

VBFH126_4mu_pT4l_pTHj_genbin3_recobin1 acc 0.0624 eff 0.0 outinratio 0.0 

WminusH126_4mu_pT4l_pTHj_genbin3_recobin1 acc 0.0398 eff 0.0 outinratio 0.0096 

WplusH126_4mu_pT4l_pTHj_genbin3_recobin1 acc 0.0327 eff 0.0 outinratio 0.0038 

ZH126_4mu_pT4l_pTHj_genbin3_recobin1 acc 0.0373 eff 0.0 outinratio 0.033 

ttH126_4mu_pT4l_pTHj_genbin3_recobin1 acc 0.0138 eff 0.0 outinratio 0.1422 

ggH126_4mu_pT4l_pTHj_genbin4_recobin1 acc 0.0253 eff 0.0 outinratio 0.0045 

VBFH126_4mu_pT4l_pTHj_genbin4_recobin1 acc 0.1087 eff 0.0 outinratio 0.0 

WminusH126_4mu_pT4l_pTHj_genbin4_recobin1 acc 0.0472 eff 0.0 outinratio 0.0096 

WplusH126_4mu_pT4l_pTHj_genbin4_recobin1 acc 0.0422 eff 0.0 outinratio 0.0038 

ZH126_4mu_pT4l_pTHj_genbin4_recobin1 acc 0.0474 eff 0.0 outinratio 0.033 

ttH126_4mu_pT4l_pTHj_genbin4_recobin1 acc 0.0334 eff 0.0 outinratio 0.1422 

ggH126_4mu_pT4l_pTHj_genbin5_recobin1 acc 0.0321 eff 0.0077 outinratio 0.0045 

VBFH126_4mu_pT4l_pTHj_genbin5_recobin1 acc 0.1361 eff 0.0103 outinratio 0.0 

WminusH126_4mu_pT4l_pTHj_genbin5_recobin1 acc 0.1133 eff 0.0104 outinratio 0.0096 

WplusH126_4mu_pT4l_pTHj_genbin5_recobin1 acc 0.1001 eff 0.0106 outinratio 0.0038 

ZH126_4mu_pT4l_pTHj_genbin5_recobin1 acc 0.118 eff 0.0098 outinratio 0.033 

ttH126_4mu_pT4l_pTHj_genbin5_recobin1 acc 0.3308 eff 0.0034 outinratio 0.1422 

ggH126_4mu_pT4l_pTHj_genbin6_recobin1 acc 0.0097 eff 0.0 outinratio 0.0045 

VBFH126_4mu_pT4l_pTHj_genbin6_recobin1 acc 0.0374 eff 0.0 outinratio 0.0 

WminusH126_4mu_pT4l_pTHj_genbin6_recobin1 acc 0.0363 eff 0.0 outinratio 0.0096 

WplusH126_4mu_pT4l_pTHj_genbin6_recobin1 acc 0.0385 eff 0.0 outinratio 0.0038 

ZH126_4mu_pT4l_pTHj_genbin6_recobin1 acc 0.0383 eff 0.0 outinratio 0.033 

ttH126_4mu_pT4l_pTHj_genbin6_recobin1 acc 0.1223 eff 0.0 outinratio 0.1422 

ggH126_4mu_pT4l_pTHj_genbin0_recobin2 acc 0.3093 eff 0.0095 outinratio 0.0077 

VBFH126_4mu_pT4l_pTHj_genbin0_recobin2 acc 0.0796 eff 0.063 outinratio 0.0094 

WminusH126_4mu_pT4l_pTHj_genbin0_recobin2 acc 0.1105 eff 0.0259 outinratio 0.0066 

WplusH126_4mu_pT4l_pTHj_genbin0_recobin2 acc 0.0916 eff 0.0205 outinratio 0.007 

ZH126_4mu_pT4l_pTHj_genbin0_recobin2 acc 0.0872 eff 0.0138 outinratio 0.0428 

ttH126_4mu_pT4l_pTHj_genbin0_recobin2 acc 0.0019 eff 0.0 outinratio 0.0 

ggH126_4mu_pT4l_pTHj_genbin1_recobin2 acc 0.0329 eff 0.0137 outinratio 0.0077 

VBFH126_4mu_pT4l_pTHj_genbin1_recobin2 acc 0.0422 eff 0.0 outinratio 0.0094 

WminusH126_4mu_pT4l_pTHj_genbin1_recobin2 acc 0.0454 eff 0.0117 outinratio 0.0066 

WplusH126_4mu_pT4l_pTHj_genbin1_recobin2 acc 0.0351 eff 0.0099 outinratio 0.007 

ZH126_4mu_pT4l_pTHj_genbin1_recobin2 acc 0.0411 eff 0.0105 outinratio 0.0428 

ttH126_4mu_pT4l_pTHj_genbin1_recobin2 acc 0.006 eff 0.0 outinratio 0.0 

ggH126_4mu_pT4l_pTHj_genbin2_recobin2 acc 0.0416 eff 0.5406 outinratio 0.0077 

VBFH126_4mu_pT4l_pTHj_genbin2_recobin2 acc 0.06 eff 0.5802 outinratio 0.0094 

WminusH126_4mu_pT4l_pTHj_genbin2_recobin2 acc 0.048 eff 0.5121 outinratio 0.0066 

WplusH126_4mu_pT4l_pTHj_genbin2_recobin2 acc 0.0398 eff 0.5486 outinratio 0.007 

ZH126_4mu_pT4l_pTHj_genbin2_recobin2 acc 0.047 eff 0.4772 outinratio 0.0428 

ttH126_4mu_pT4l_pTHj_genbin2_recobin2 acc 0.01 eff 0.3072 outinratio 0.0 

ggH126_4mu_pT4l_pTHj_genbin3_recobin2 acc 0.0257 eff 0.0188 outinratio 0.0077 

VBFH126_4mu_pT4l_pTHj_genbin3_recobin2 acc 0.0624 eff 0.0111 outinratio 0.0094 

WminusH126_4mu_pT4l_pTHj_genbin3_recobin2 acc 0.0398 eff 0.0157 outinratio 0.0066 

WplusH126_4mu_pT4l_pTHj_genbin3_recobin2 acc 0.0327 eff 0.0139 outinratio 0.007 

ZH126_4mu_pT4l_pTHj_genbin3_recobin2 acc 0.0373 eff 0.0133 outinratio 0.0428 

ttH126_4mu_pT4l_pTHj_genbin3_recobin2 acc 0.0138 eff 0.0 outinratio 0.0 

ggH126_4mu_pT4l_pTHj_genbin4_recobin2 acc 0.0253 eff 0.0 outinratio 0.0077 

VBFH126_4mu_pT4l_pTHj_genbin4_recobin2 acc 0.1087 eff 0.0 outinratio 0.0094 

WminusH126_4mu_pT4l_pTHj_genbin4_recobin2 acc 0.0472 eff 0.0 outinratio 0.0066 

WplusH126_4mu_pT4l_pTHj_genbin4_recobin2 acc 0.0422 eff 0.0 outinratio 0.007 

ZH126_4mu_pT4l_pTHj_genbin4_recobin2 acc 0.0474 eff 0.0 outinratio 0.0428 

ttH126_4mu_pT4l_pTHj_genbin4_recobin2 acc 0.0334 eff 0.0 outinratio 0.0 

ggH126_4mu_pT4l_pTHj_genbin5_recobin2 acc 0.0321 eff 0.0207 outinratio 0.0077 

VBFH126_4mu_pT4l_pTHj_genbin5_recobin2 acc 0.1361 eff 0.0063 outinratio 0.0094 

WminusH126_4mu_pT4l_pTHj_genbin5_recobin2 acc 0.1133 eff 0.0119 outinratio 0.0066 

WplusH126_4mu_pT4l_pTHj_genbin5_recobin2 acc 0.1001 eff 0.0101 outinratio 0.007 

ZH126_4mu_pT4l_pTHj_genbin5_recobin2 acc 0.118 eff 0.0117 outinratio 0.0428 

ttH126_4mu_pT4l_pTHj_genbin5_recobin2 acc 0.3308 eff 0.0048 outinratio 0.0 

ggH126_4mu_pT4l_pTHj_genbin6_recobin2 acc 0.0097 eff 0.0 outinratio 0.0077 

VBFH126_4mu_pT4l_pTHj_genbin6_recobin2 acc 0.0374 eff 0.0 outinratio 0.0094 

WminusH126_4mu_pT4l_pTHj_genbin6_recobin2 acc 0.0363 eff 0.0 outinratio 0.0066 

WplusH126_4mu_pT4l_pTHj_genbin6_recobin2 acc 0.0385 eff 0.0 outinratio 0.007 

ZH126_4mu_pT4l_pTHj_genbin6_recobin2 acc 0.0383 eff 0.0 outinratio 0.0428 

ttH126_4mu_pT4l_pTHj_genbin6_recobin2 acc 0.1223 eff 0.0 outinratio 0.0 

ggH126_4mu_pT4l_pTHj_genbin0_recobin3 acc 0.3093 eff 0.0018 outinratio 0.0043 

VBFH126_4mu_pT4l_pTHj_genbin0_recobin3 acc 0.0796 eff 0.0252 outinratio 0.0 

WminusH126_4mu_pT4l_pTHj_genbin0_recobin3 acc 0.1105 eff 0.0134 outinratio 0.0063 

WplusH126_4mu_pT4l_pTHj_genbin0_recobin3 acc 0.0916 eff 0.0133 outinratio 0.0086 

ZH126_4mu_pT4l_pTHj_genbin0_recobin3 acc 0.0872 eff 0.0041 outinratio 0.0372 

ttH126_4mu_pT4l_pTHj_genbin0_recobin3 acc 0.0019 eff 0.0 outinratio 0.1055 

ggH126_4mu_pT4l_pTHj_genbin1_recobin3 acc 0.0329 eff 0.0 outinratio 0.0043 

VBFH126_4mu_pT4l_pTHj_genbin1_recobin3 acc 0.0422 eff 0.0 outinratio 0.0 

WminusH126_4mu_pT4l_pTHj_genbin1_recobin3 acc 0.0454 eff 0.0 outinratio 0.0063 

WplusH126_4mu_pT4l_pTHj_genbin1_recobin3 acc 0.0351 eff 0.0 outinratio 0.0086 

ZH126_4mu_pT4l_pTHj_genbin1_recobin3 acc 0.0411 eff 0.0 outinratio 0.0372 

ttH126_4mu_pT4l_pTHj_genbin1_recobin3 acc 0.006 eff 0.0 outinratio 0.1055 

ggH126_4mu_pT4l_pTHj_genbin2_recobin3 acc 0.0416 eff 0.0124 outinratio 0.0043 

VBFH126_4mu_pT4l_pTHj_genbin2_recobin3 acc 0.06 eff 0.0268 outinratio 0.0 

WminusH126_4mu_pT4l_pTHj_genbin2_recobin3 acc 0.048 eff 0.0073 outinratio 0.0063 

WplusH126_4mu_pT4l_pTHj_genbin2_recobin3 acc 0.0398 eff 0.0131 outinratio 0.0086 

ZH126_4mu_pT4l_pTHj_genbin2_recobin3 acc 0.047 eff 0.0088 outinratio 0.0372 

ttH126_4mu_pT4l_pTHj_genbin2_recobin3 acc 0.01 eff 0.0126 outinratio 0.1055 

ggH126_4mu_pT4l_pTHj_genbin3_recobin3 acc 0.0257 eff 0.6004 outinratio 0.0043 

VBFH126_4mu_pT4l_pTHj_genbin3_recobin3 acc 0.0624 eff 0.5621 outinratio 0.0 

WminusH126_4mu_pT4l_pTHj_genbin3_recobin3 acc 0.0398 eff 0.5419 outinratio 0.0063 

WplusH126_4mu_pT4l_pTHj_genbin3_recobin3 acc 0.0327 eff 0.5642 outinratio 0.0086 

ZH126_4mu_pT4l_pTHj_genbin3_recobin3 acc 0.0373 eff 0.5115 outinratio 0.0372 

ttH126_4mu_pT4l_pTHj_genbin3_recobin3 acc 0.0138 eff 0.1597 outinratio 0.1055 

ggH126_4mu_pT4l_pTHj_genbin4_recobin3 acc 0.0253 eff 0.0127 outinratio 0.0043 

VBFH126_4mu_pT4l_pTHj_genbin4_recobin3 acc 0.1087 eff 0.0053 outinratio 0.0 

WminusH126_4mu_pT4l_pTHj_genbin4_recobin3 acc 0.0472 eff 0.0094 outinratio 0.0063 

WplusH126_4mu_pT4l_pTHj_genbin4_recobin3 acc 0.0422 eff 0.0099 outinratio 0.0086 

ZH126_4mu_pT4l_pTHj_genbin4_recobin3 acc 0.0474 eff 0.0091 outinratio 0.0372 

ttH126_4mu_pT4l_pTHj_genbin4_recobin3 acc 0.0334 eff 0.0 outinratio 0.1055 

ggH126_4mu_pT4l_pTHj_genbin5_recobin3 acc 0.0321 eff 0.0248 outinratio 0.0043 

VBFH126_4mu_pT4l_pTHj_genbin5_recobin3 acc 0.1361 eff 0.0075 outinratio 0.0 

WminusH126_4mu_pT4l_pTHj_genbin5_recobin3 acc 0.1133 eff 0.0108 outinratio 0.0063 

WplusH126_4mu_pT4l_pTHj_genbin5_recobin3 acc 0.1001 eff 0.0099 outinratio 0.0086 

ZH126_4mu_pT4l_pTHj_genbin5_recobin3 acc 0.118 eff 0.0126 outinratio 0.0372 

ttH126_4mu_pT4l_pTHj_genbin5_recobin3 acc 0.3308 eff 0.0036 outinratio 0.1055 

ggH126_4mu_pT4l_pTHj_genbin6_recobin3 acc 0.0097 eff 0.0 outinratio 0.0043 

VBFH126_4mu_pT4l_pTHj_genbin6_recobin3 acc 0.0374 eff 0.0 outinratio 0.0 

WminusH126_4mu_pT4l_pTHj_genbin6_recobin3 acc 0.0363 eff 0.0 outinratio 0.0063 

WplusH126_4mu_pT4l_pTHj_genbin6_recobin3 acc 0.0385 eff 0.0 outinratio 0.0086 

ZH126_4mu_pT4l_pTHj_genbin6_recobin3 acc 0.0383 eff 0.0 outinratio 0.0372 

ttH126_4mu_pT4l_pTHj_genbin6_recobin3 acc 0.1223 eff 0.0 outinratio 0.1055 

ggH126_4mu_pT4l_pTHj_genbin0_recobin4 acc 0.3093 eff 0.0 outinratio 0.0136 

VBFH126_4mu_pT4l_pTHj_genbin0_recobin4 acc 0.0796 eff 0.0 outinratio 0.0 

WminusH126_4mu_pT4l_pTHj_genbin0_recobin4 acc 0.1105 eff 0.0083 outinratio 0.0115 

WplusH126_4mu_pT4l_pTHj_genbin0_recobin4 acc 0.0916 eff 0.0112 outinratio 0.0044 

ZH126_4mu_pT4l_pTHj_genbin0_recobin4 acc 0.0872 eff 0.0004 outinratio 0.0239 

ttH126_4mu_pT4l_pTHj_genbin0_recobin4 acc 0.0019 eff 0.0493 outinratio 0.0171 

ggH126_4mu_pT4l_pTHj_genbin1_recobin4 acc 0.0329 eff 0.0 outinratio 0.0136 

VBFH126_4mu_pT4l_pTHj_genbin1_recobin4 acc 0.0422 eff 0.0 outinratio 0.0 

WminusH126_4mu_pT4l_pTHj_genbin1_recobin4 acc 0.0454 eff 0.0 outinratio 0.0115 

WplusH126_4mu_pT4l_pTHj_genbin1_recobin4 acc 0.0351 eff 0.0 outinratio 0.0044 

ZH126_4mu_pT4l_pTHj_genbin1_recobin4 acc 0.0411 eff 0.0 outinratio 0.0239 

ttH126_4mu_pT4l_pTHj_genbin1_recobin4 acc 0.006 eff 0.0 outinratio 0.0171 

ggH126_4mu_pT4l_pTHj_genbin2_recobin4 acc 0.0416 eff 0.0 outinratio 0.0136 

VBFH126_4mu_pT4l_pTHj_genbin2_recobin4 acc 0.06 eff 0.0 outinratio 0.0 

WminusH126_4mu_pT4l_pTHj_genbin2_recobin4 acc 0.048 eff 0.0 outinratio 0.0115 

WplusH126_4mu_pT4l_pTHj_genbin2_recobin4 acc 0.0398 eff 0.0 outinratio 0.0044 

ZH126_4mu_pT4l_pTHj_genbin2_recobin4 acc 0.047 eff 0.0 outinratio 0.0239 

ttH126_4mu_pT4l_pTHj_genbin2_recobin4 acc 0.01 eff 0.0 outinratio 0.0171 

ggH126_4mu_pT4l_pTHj_genbin3_recobin4 acc 0.0257 eff 0.013 outinratio 0.0136 

VBFH126_4mu_pT4l_pTHj_genbin3_recobin4 acc 0.0624 eff 0.017 outinratio 0.0 

WminusH126_4mu_pT4l_pTHj_genbin3_recobin4 acc 0.0398 eff 0.0129 outinratio 0.0115 

WplusH126_4mu_pT4l_pTHj_genbin3_recobin4 acc 0.0327 eff 0.0151 outinratio 0.0044 

ZH126_4mu_pT4l_pTHj_genbin3_recobin4 acc 0.0373 eff 0.0065 outinratio 0.0239 

ttH126_4mu_pT4l_pTHj_genbin3_recobin4 acc 0.0138 eff 0.0 outinratio 0.0171 

ggH126_4mu_pT4l_pTHj_genbin4_recobin4 acc 0.0253 eff 0.6141 outinratio 0.0136 

VBFH126_4mu_pT4l_pTHj_genbin4_recobin4 acc 0.1087 eff 0.577 outinratio 0.0 

WminusH126_4mu_pT4l_pTHj_genbin4_recobin4 acc 0.0472 eff 0.5473 outinratio 0.0115 

WplusH126_4mu_pT4l_pTHj_genbin4_recobin4 acc 0.0422 eff 0.5666 outinratio 0.0044 

ZH126_4mu_pT4l_pTHj_genbin4_recobin4 acc 0.0474 eff 0.5409 outinratio 0.0239 

ttH126_4mu_pT4l_pTHj_genbin4_recobin4 acc 0.0334 eff 0.3878 outinratio 0.0171 

ggH126_4mu_pT4l_pTHj_genbin5_recobin4 acc 0.0321 eff 0.0341 outinratio 0.0136 

VBFH126_4mu_pT4l_pTHj_genbin5_recobin4 acc 0.1361 eff 0.0558 outinratio 0.0 

WminusH126_4mu_pT4l_pTHj_genbin5_recobin4 acc 0.1133 eff 0.0304 outinratio 0.0115 

WplusH126_4mu_pT4l_pTHj_genbin5_recobin4 acc 0.1001 eff 0.0366 outinratio 0.0044 

ZH126_4mu_pT4l_pTHj_genbin5_recobin4 acc 0.118 eff 0.0215 outinratio 0.0239 

ttH126_4mu_pT4l_pTHj_genbin5_recobin4 acc 0.3308 eff 0.0083 outinratio 0.0171 

ggH126_4mu_pT4l_pTHj_genbin6_recobin4 acc 0.0097 eff 0.0398 outinratio 0.0136 

VBFH126_4mu_pT4l_pTHj_genbin6_recobin4 acc 0.0374 eff 0.0578 outinratio 0.0 

WminusH126_4mu_pT4l_pTHj_genbin6_recobin4 acc 0.0363 eff 0.0358 outinratio 0.0115 

WplusH126_4mu_pT4l_pTHj_genbin6_recobin4 acc 0.0385 eff 0.0427 outinratio 0.0044 

ZH126_4mu_pT4l_pTHj_genbin6_recobin4 acc 0.0383 eff 0.0281 outinratio 0.0239 

ttH126_4mu_pT4l_pTHj_genbin6_recobin4 acc 0.1223 eff 0.0103 outinratio 0.0171 

ggH126_4mu_pT4l_pTHj_genbin0_recobin5 acc 0.3093 eff 0.0193 outinratio 0.0051 

VBFH126_4mu_pT4l_pTHj_genbin0_recobin5 acc 0.0796 eff 0.0244 outinratio 0.0041 

WminusH126_4mu_pT4l_pTHj_genbin0_recobin5 acc 0.1105 eff 0.0784 outinratio 0.0109 

WplusH126_4mu_pT4l_pTHj_genbin0_recobin5 acc 0.0916 eff 0.0744 outinratio 0.0076 

ZH126_4mu_pT4l_pTHj_genbin0_recobin5 acc 0.0872 eff 0.0435 outinratio 0.0458 

ttH126_4mu_pT4l_pTHj_genbin0_recobin5 acc 0.0019 eff 0.0 outinratio 0.0472 

ggH126_4mu_pT4l_pTHj_genbin1_recobin5 acc 0.0329 eff 0.0457 outinratio 0.0051 

VBFH126_4mu_pT4l_pTHj_genbin1_recobin5 acc 0.0422 eff 0.2343 outinratio 0.0041 

WminusH126_4mu_pT4l_pTHj_genbin1_recobin5 acc 0.0454 eff 0.092 outinratio 0.0109 

WplusH126_4mu_pT4l_pTHj_genbin1_recobin5 acc 0.0351 eff 0.0991 outinratio 0.0076 

ZH126_4mu_pT4l_pTHj_genbin1_recobin5 acc 0.0411 eff 0.1197 outinratio 0.0458 

ttH126_4mu_pT4l_pTHj_genbin1_recobin5 acc 0.006 eff 0.1297 outinratio 0.0472 

ggH126_4mu_pT4l_pTHj_genbin2_recobin5 acc 0.0416 eff 0.0299 outinratio 0.0051 

VBFH126_4mu_pT4l_pTHj_genbin2_recobin5 acc 0.06 eff 0.1134 outinratio 0.0041 

WminusH126_4mu_pT4l_pTHj_genbin2_recobin5 acc 0.048 eff 0.0708 outinratio 0.0109 

WplusH126_4mu_pT4l_pTHj_genbin2_recobin5 acc 0.0398 eff 0.0428 outinratio 0.0076 

ZH126_4mu_pT4l_pTHj_genbin2_recobin5 acc 0.047 eff 0.0581 outinratio 0.0458 

ttH126_4mu_pT4l_pTHj_genbin2_recobin5 acc 0.01 eff 0.1582 outinratio 0.0472 

ggH126_4mu_pT4l_pTHj_genbin3_recobin5 acc 0.0257 eff 0.0439 outinratio 0.0051 

VBFH126_4mu_pT4l_pTHj_genbin3_recobin5 acc 0.0624 eff 0.0771 outinratio 0.0041 

WminusH126_4mu_pT4l_pTHj_genbin3_recobin5 acc 0.0398 eff 0.06 outinratio 0.0109 

WplusH126_4mu_pT4l_pTHj_genbin3_recobin5 acc 0.0327 eff 0.074 outinratio 0.0076 

ZH126_4mu_pT4l_pTHj_genbin3_recobin5 acc 0.0373 eff 0.0576 outinratio 0.0458 

ttH126_4mu_pT4l_pTHj_genbin3_recobin5 acc 0.0138 eff 0.2546 outinratio 0.0472 

ggH126_4mu_pT4l_pTHj_genbin4_recobin5 acc 0.0253 eff 0.0715 outinratio 0.0051 

VBFH126_4mu_pT4l_pTHj_genbin4_recobin5 acc 0.1087 eff 0.0897 outinratio 0.0041 

WminusH126_4mu_pT4l_pTHj_genbin4_recobin5 acc 0.0472 eff 0.0842 outinratio 0.0109 

WplusH126_4mu_pT4l_pTHj_genbin4_recobin5 acc 0.0422 eff 0.0664 outinratio 0.0076 

ZH126_4mu_pT4l_pTHj_genbin4_recobin5 acc 0.0474 eff 0.0771 outinratio 0.0458 

ttH126_4mu_pT4l_pTHj_genbin4_recobin5 acc 0.0334 eff 0.1075 outinratio 0.0472 

ggH126_4mu_pT4l_pTHj_genbin5_recobin5 acc 0.0321 eff 0.546 outinratio 0.0051 

VBFH126_4mu_pT4l_pTHj_genbin5_recobin5 acc 0.1361 eff 0.5673 outinratio 0.0041 

WminusH126_4mu_pT4l_pTHj_genbin5_recobin5 acc 0.1133 eff 0.5244 outinratio 0.0109 

WplusH126_4mu_pT4l_pTHj_genbin5_recobin5 acc 0.1001 eff 0.5111 outinratio 0.0076 

ZH126_4mu_pT4l_pTHj_genbin5_recobin5 acc 0.118 eff 0.515 outinratio 0.0458 

ttH126_4mu_pT4l_pTHj_genbin5_recobin5 acc 0.3308 eff 0.4486 outinratio 0.0472 

ggH126_4mu_pT4l_pTHj_genbin6_recobin5 acc 0.0097 eff 0.0069 outinratio 0.0051 

VBFH126_4mu_pT4l_pTHj_genbin6_recobin5 acc 0.0374 eff 0.0 outinratio 0.0041 

WminusH126_4mu_pT4l_pTHj_genbin6_recobin5 acc 0.0363 eff 0.016 outinratio 0.0109 

WplusH126_4mu_pT4l_pTHj_genbin6_recobin5 acc 0.0385 eff 0.0134 outinratio 0.0076 

ZH126_4mu_pT4l_pTHj_genbin6_recobin5 acc 0.0383 eff 0.0139 outinratio 0.0458 

ttH126_4mu_pT4l_pTHj_genbin6_recobin5 acc 0.1223 eff 0.0084 outinratio 0.0472 

ggH126_4mu_pT4l_pTHj_genbin0_recobin6 acc 0.3093 eff 0.0 outinratio 0.0158 

VBFH126_4mu_pT4l_pTHj_genbin0_recobin6 acc 0.0796 eff 0.0 outinratio 0.014 

WminusH126_4mu_pT4l_pTHj_genbin0_recobin6 acc 0.1105 eff 0.0131 outinratio 0.0178 

WplusH126_4mu_pT4l_pTHj_genbin0_recobin6 acc 0.0916 eff 0.0174 outinratio 0.0137 

ZH126_4mu_pT4l_pTHj_genbin0_recobin6 acc 0.0872 eff 0.0063 outinratio 0.0498 

ttH126_4mu_pT4l_pTHj_genbin0_recobin6 acc 0.0019 eff 0.1847 outinratio 0.0114 

ggH126_4mu_pT4l_pTHj_genbin1_recobin6 acc 0.0329 eff 0.0 outinratio 0.0158 

VBFH126_4mu_pT4l_pTHj_genbin1_recobin6 acc 0.0422 eff 0.0 outinratio 0.014 

WminusH126_4mu_pT4l_pTHj_genbin1_recobin6 acc 0.0454 eff 0.0 outinratio 0.0178 

WplusH126_4mu_pT4l_pTHj_genbin1_recobin6 acc 0.0351 eff 0.0 outinratio 0.0137 

ZH126_4mu_pT4l_pTHj_genbin1_recobin6 acc 0.0411 eff 0.0 outinratio 0.0498 

ttH126_4mu_pT4l_pTHj_genbin1_recobin6 acc 0.006 eff 0.0 outinratio 0.0114 

ggH126_4mu_pT4l_pTHj_genbin2_recobin6 acc 0.0416 eff 0.0 outinratio 0.0158 

VBFH126_4mu_pT4l_pTHj_genbin2_recobin6 acc 0.06 eff 0.0 outinratio 0.014 

WminusH126_4mu_pT4l_pTHj_genbin2_recobin6 acc 0.048 eff 0.0 outinratio 0.0178 

WplusH126_4mu_pT4l_pTHj_genbin2_recobin6 acc 0.0398 eff 0.0 outinratio 0.0137 

ZH126_4mu_pT4l_pTHj_genbin2_recobin6 acc 0.047 eff 0.0 outinratio 0.0498 

ttH126_4mu_pT4l_pTHj_genbin2_recobin6 acc 0.01 eff 0.0 outinratio 0.0114 

ggH126_4mu_pT4l_pTHj_genbin3_recobin6 acc 0.0257 eff 0.0 outinratio 0.0158 

VBFH126_4mu_pT4l_pTHj_genbin3_recobin6 acc 0.0624 eff 0.0 outinratio 0.014 

WminusH126_4mu_pT4l_pTHj_genbin3_recobin6 acc 0.0398 eff 0.0 outinratio 0.0178 

WplusH126_4mu_pT4l_pTHj_genbin3_recobin6 acc 0.0327 eff 0.0 outinratio 0.0137 

ZH126_4mu_pT4l_pTHj_genbin3_recobin6 acc 0.0373 eff 0.0 outinratio 0.0498 

ttH126_4mu_pT4l_pTHj_genbin3_recobin6 acc 0.0138 eff 0.0 outinratio 0.0114 

ggH126_4mu_pT4l_pTHj_genbin4_recobin6 acc 0.0253 eff 0.0313 outinratio 0.0158 

VBFH126_4mu_pT4l_pTHj_genbin4_recobin6 acc 0.1087 eff 0.0209 outinratio 0.014 

WminusH126_4mu_pT4l_pTHj_genbin4_recobin6 acc 0.0472 eff 0.0214 outinratio 0.0178 

WplusH126_4mu_pT4l_pTHj_genbin4_recobin6 acc 0.0422 eff 0.021 outinratio 0.0137 

ZH126_4mu_pT4l_pTHj_genbin4_recobin6 acc 0.0474 eff 0.0221 outinratio 0.0498 

ttH126_4mu_pT4l_pTHj_genbin4_recobin6 acc 0.0334 eff 0.0339 outinratio 0.0114 

ggH126_4mu_pT4l_pTHj_genbin5_recobin6 acc 0.0321 eff 0.0015 outinratio 0.0158 

VBFH126_4mu_pT4l_pTHj_genbin5_recobin6 acc 0.1361 eff 0.0 outinratio 0.014 

WminusH126_4mu_pT4l_pTHj_genbin5_recobin6 acc 0.1133 eff 0.0021 outinratio 0.0178 

WplusH126_4mu_pT4l_pTHj_genbin5_recobin6 acc 0.1001 eff 0.0032 outinratio 0.0137 

ZH126_4mu_pT4l_pTHj_genbin5_recobin6 acc 0.118 eff 0.0016 outinratio 0.0498 

ttH126_4mu_pT4l_pTHj_genbin5_recobin6 acc 0.3308 eff 0.0024 outinratio 0.0114 

ggH126_4mu_pT4l_pTHj_genbin6_recobin6 acc 0.0097 eff 0.7077 outinratio 0.0158 

VBFH126_4mu_pT4l_pTHj_genbin6_recobin6 acc 0.0374 eff 0.5936 outinratio 0.014 

WminusH126_4mu_pT4l_pTHj_genbin6_recobin6 acc 0.0363 eff 0.6169 outinratio 0.0178 

WplusH126_4mu_pT4l_pTHj_genbin6_recobin6 acc 0.0385 eff 0.6167 outinratio 0.0137 

ZH126_4mu_pT4l_pTHj_genbin6_recobin6 acc 0.0383 eff 0.6316 outinratio 0.0498 

ttH126_4mu_pT4l_pTHj_genbin6_recobin6 acc 0.1223 eff 0.5708 outinratio 0.0114 

ggH126_2e2mu_pT4l_pTHj_genbin0_recobin0 acc 0.2879 eff 0.4222 outinratio 0.0084 

VBFH126_2e2mu_pT4l_pTHj_genbin0_recobin0 acc 0.0645 eff 0.2797 outinratio 0.0 

WminusH126_2e2mu_pT4l_pTHj_genbin0_recobin0 acc 0.0994 eff 0.3264 outinratio 0.037 

WplusH126_2e2mu_pT4l_pTHj_genbin0_recobin0 acc 0.0847 eff 0.3004 outinratio 0.0514 

ZH126_2e2mu_pT4l_pTHj_genbin0_recobin0 acc 0.0828 eff 0.38 outinratio 0.0621 

ttH126_2e2mu_pT4l_pTHj_genbin0_recobin0 acc 0.0017 eff 0.0665 outinratio 0.1971 

ggH126_2e2mu_pT4l_pTHj_genbin1_recobin0 acc 0.0315 eff 0.1047 outinratio 0.0084 

VBFH126_2e2mu_pT4l_pTHj_genbin1_recobin0 acc 0.0334 eff 0.0497 outinratio 0.0 

WminusH126_2e2mu_pT4l_pTHj_genbin1_recobin0 acc 0.0412 eff 0.0437 outinratio 0.037 

WplusH126_2e2mu_pT4l_pTHj_genbin1_recobin0 acc 0.0336 eff 0.0471 outinratio 0.0514 

ZH126_2e2mu_pT4l_pTHj_genbin1_recobin0 acc 0.0385 eff 0.0589 outinratio 0.0621 

ttH126_2e2mu_pT4l_pTHj_genbin1_recobin0 acc 0.0032 eff 0.0 outinratio 0.1971 

ggH126_2e2mu_pT4l_pTHj_genbin2_recobin0 acc 0.0384 eff 0.0616 outinratio 0.0084 

VBFH126_2e2mu_pT4l_pTHj_genbin2_recobin0 acc 0.0512 eff 0.0081 outinratio 0.0 

WminusH126_2e2mu_pT4l_pTHj_genbin2_recobin0 acc 0.0463 eff 0.0287 outinratio 0.037 

WplusH126_2e2mu_pT4l_pTHj_genbin2_recobin0 acc 0.0374 eff 0.0228 outinratio 0.0514 

ZH126_2e2mu_pT4l_pTHj_genbin2_recobin0 acc 0.0423 eff 0.0358 outinratio 0.0621 

ttH126_2e2mu_pT4l_pTHj_genbin2_recobin0 acc 0.0101 eff 0.0 outinratio 0.1971 

ggH126_2e2mu_pT4l_pTHj_genbin3_recobin0 acc 0.0217 eff 0.0252 outinratio 0.0084 

VBFH126_2e2mu_pT4l_pTHj_genbin3_recobin0 acc 0.0577 eff 0.0539 outinratio 0.0 

WminusH126_2e2mu_pT4l_pTHj_genbin3_recobin0 acc 0.035 eff 0.0108 outinratio 0.037 

WplusH126_2e2mu_pT4l_pTHj_genbin3_recobin0 acc 0.0292 eff 0.014 outinratio 0.0514 

ZH126_2e2mu_pT4l_pTHj_genbin3_recobin0 acc 0.0334 eff 0.0176 outinratio 0.0621 

ttH126_2e2mu_pT4l_pTHj_genbin3_recobin0 acc 0.0137 eff 0.0 outinratio 0.1971 

ggH126_2e2mu_pT4l_pTHj_genbin4_recobin0 acc 0.0234 eff 0.0029 outinratio 0.0084 

VBFH126_2e2mu_pT4l_pTHj_genbin4_recobin0 acc 0.086 eff 0.0049 outinratio 0.0 

WminusH126_2e2mu_pT4l_pTHj_genbin4_recobin0 acc 0.0436 eff 0.0022 outinratio 0.037 

WplusH126_2e2mu_pT4l_pTHj_genbin4_recobin0 acc 0.0406 eff 0.0028 outinratio 0.0514 

ZH126_2e2mu_pT4l_pTHj_genbin4_recobin0 acc 0.0434 eff 0.0048 outinratio 0.0621 

ttH126_2e2mu_pT4l_pTHj_genbin4_recobin0 acc 0.0321 eff 0.0038 outinratio 0.1971 

ggH126_2e2mu_pT4l_pTHj_genbin5_recobin0 acc 0.0287 eff 0.0174 outinratio 0.0084 

VBFH126_2e2mu_pT4l_pTHj_genbin5_recobin0 acc 0.1324 eff 0.0178 outinratio 0.0 

WminusH126_2e2mu_pT4l_pTHj_genbin5_recobin0 acc 0.1043 eff 0.0115 outinratio 0.037 

WplusH126_2e2mu_pT4l_pTHj_genbin5_recobin0 acc 0.0919 eff 0.0091 outinratio 0.0514 

ZH126_2e2mu_pT4l_pTHj_genbin5_recobin0 acc 0.1103 eff 0.0136 outinratio 0.0621 

ttH126_2e2mu_pT4l_pTHj_genbin5_recobin0 acc 0.3108 eff 0.0006 outinratio 0.1971 

ggH126_2e2mu_pT4l_pTHj_genbin6_recobin0 acc 0.0089 eff 0.0 outinratio 0.0084 

VBFH126_2e2mu_pT4l_pTHj_genbin6_recobin0 acc 0.0416 eff 0.005 outinratio 0.0 

WminusH126_2e2mu_pT4l_pTHj_genbin6_recobin0 acc 0.0343 eff 0.0042 outinratio 0.037 

WplusH126_2e2mu_pT4l_pTHj_genbin6_recobin0 acc 0.0376 eff 0.0019 outinratio 0.0514 

ZH126_2e2mu_pT4l_pTHj_genbin6_recobin0 acc 0.0372 eff 0.0038 outinratio 0.0621 

ttH126_2e2mu_pT4l_pTHj_genbin6_recobin0 acc 0.1111 eff 0.0 outinratio 0.1971 

ggH126_2e2mu_pT4l_pTHj_genbin0_recobin1 acc 0.2879 eff 0.0312 outinratio 0.0087 

VBFH126_2e2mu_pT4l_pTHj_genbin0_recobin1 acc 0.0645 eff 0.1034 outinratio 0.0 

WminusH126_2e2mu_pT4l_pTHj_genbin0_recobin1 acc 0.0994 eff 0.0311 outinratio 0.017 

WplusH126_2e2mu_pT4l_pTHj_genbin0_recobin1 acc 0.0847 eff 0.026 outinratio 0.0139 

ZH126_2e2mu_pT4l_pTHj_genbin0_recobin1 acc 0.0828 eff 0.0196 outinratio 0.0453 

ttH126_2e2mu_pT4l_pTHj_genbin0_recobin1 acc 0.0017 eff 0.0 outinratio 0.0 

ggH126_2e2mu_pT4l_pTHj_genbin1_recobin1 acc 0.0315 eff 0.3139 outinratio 0.0087 

VBFH126_2e2mu_pT4l_pTHj_genbin1_recobin1 acc 0.0334 eff 0.3176 outinratio 0.0 

WminusH126_2e2mu_pT4l_pTHj_genbin1_recobin1 acc 0.0412 eff 0.3115 outinratio 0.017 

WplusH126_2e2mu_pT4l_pTHj_genbin1_recobin1 acc 0.0336 eff 0.3277 outinratio 0.0139 

ZH126_2e2mu_pT4l_pTHj_genbin1_recobin1 acc 0.0385 eff 0.2975 outinratio 0.0453 

ttH126_2e2mu_pT4l_pTHj_genbin1_recobin1 acc 0.0032 eff 0.0335 outinratio 0.0 

ggH126_2e2mu_pT4l_pTHj_genbin2_recobin1 acc 0.0384 eff 0.0133 outinratio 0.0087 

VBFH126_2e2mu_pT4l_pTHj_genbin2_recobin1 acc 0.0512 eff 0.0126 outinratio 0.0 

WminusH126_2e2mu_pT4l_pTHj_genbin2_recobin1 acc 0.0463 eff 0.0089 outinratio 0.017 

WplusH126_2e2mu_pT4l_pTHj_genbin2_recobin1 acc 0.0374 eff 0.0136 outinratio 0.0139 

ZH126_2e2mu_pT4l_pTHj_genbin2_recobin1 acc 0.0423 eff 0.0108 outinratio 0.0453 

ttH126_2e2mu_pT4l_pTHj_genbin2_recobin1 acc 0.0101 eff 0.0 outinratio 0.0 

ggH126_2e2mu_pT4l_pTHj_genbin3_recobin1 acc 0.0217 eff 0.0 outinratio 0.0087 

VBFH126_2e2mu_pT4l_pTHj_genbin3_recobin1 acc 0.0577 eff 0.0 outinratio 0.0 

WminusH126_2e2mu_pT4l_pTHj_genbin3_recobin1 acc 0.035 eff 0.0 outinratio 0.017 

WplusH126_2e2mu_pT4l_pTHj_genbin3_recobin1 acc 0.0292 eff 0.0 outinratio 0.0139 

ZH126_2e2mu_pT4l_pTHj_genbin3_recobin1 acc 0.0334 eff 0.0 outinratio 0.0453 

ttH126_2e2mu_pT4l_pTHj_genbin3_recobin1 acc 0.0137 eff 0.0 outinratio 0.0 

ggH126_2e2mu_pT4l_pTHj_genbin4_recobin1 acc 0.0234 eff 0.0 outinratio 0.0087 

VBFH126_2e2mu_pT4l_pTHj_genbin4_recobin1 acc 0.086 eff 0.0 outinratio 0.0 

WminusH126_2e2mu_pT4l_pTHj_genbin4_recobin1 acc 0.0436 eff 0.0 outinratio 0.017 

WplusH126_2e2mu_pT4l_pTHj_genbin4_recobin1 acc 0.0406 eff 0.0 outinratio 0.0139 

ZH126_2e2mu_pT4l_pTHj_genbin4_recobin1 acc 0.0434 eff 0.0 outinratio 0.0453 

ttH126_2e2mu_pT4l_pTHj_genbin4_recobin1 acc 0.0321 eff 0.0 outinratio 0.0 

ggH126_2e2mu_pT4l_pTHj_genbin5_recobin1 acc 0.0287 eff 0.0075 outinratio 0.0087 

VBFH126_2e2mu_pT4l_pTHj_genbin5_recobin1 acc 0.1324 eff 0.0062 outinratio 0.0 

WminusH126_2e2mu_pT4l_pTHj_genbin5_recobin1 acc 0.1043 eff 0.0063 outinratio 0.017 

WplusH126_2e2mu_pT4l_pTHj_genbin5_recobin1 acc 0.0919 eff 0.0081 outinratio 0.0139 

ZH126_2e2mu_pT4l_pTHj_genbin5_recobin1 acc 0.1103 eff 0.007 outinratio 0.0453 

ttH126_2e2mu_pT4l_pTHj_genbin5_recobin1 acc 0.3108 eff 0.0035 outinratio 0.0 

ggH126_2e2mu_pT4l_pTHj_genbin6_recobin1 acc 0.0089 eff 0.0 outinratio 0.0087 

VBFH126_2e2mu_pT4l_pTHj_genbin6_recobin1 acc 0.0416 eff 0.0 outinratio 0.0 

WminusH126_2e2mu_pT4l_pTHj_genbin6_recobin1 acc 0.0343 eff 0.0 outinratio 0.017 

WplusH126_2e2mu_pT4l_pTHj_genbin6_recobin1 acc 0.0376 eff 0.0 outinratio 0.0139 

ZH126_2e2mu_pT4l_pTHj_genbin6_recobin1 acc 0.0372 eff 0.0 outinratio 0.0453 

ttH126_2e2mu_pT4l_pTHj_genbin6_recobin1 acc 0.1111 eff 0.0 outinratio 0.0 

ggH126_2e2mu_pT4l_pTHj_genbin0_recobin2 acc 0.2879 eff 0.0066 outinratio 0.0075 

VBFH126_2e2mu_pT4l_pTHj_genbin0_recobin2 acc 0.0645 eff 0.0409 outinratio 0.0 

WminusH126_2e2mu_pT4l_pTHj_genbin0_recobin2 acc 0.0994 eff 0.0164 outinratio 0.0092 

WplusH126_2e2mu_pT4l_pTHj_genbin0_recobin2 acc 0.0847 eff 0.0179 outinratio 0.0122 

ZH126_2e2mu_pT4l_pTHj_genbin0_recobin2 acc 0.0828 eff 0.0102 outinratio 0.0393 

ttH126_2e2mu_pT4l_pTHj_genbin0_recobin2 acc 0.0017 eff 0.078 outinratio 0.0563 

ggH126_2e2mu_pT4l_pTHj_genbin1_recobin2 acc 0.0315 eff 0.0078 outinratio 0.0075 

VBFH126_2e2mu_pT4l_pTHj_genbin1_recobin2 acc 0.0334 eff 0.0069 outinratio 0.0 

WminusH126_2e2mu_pT4l_pTHj_genbin1_recobin2 acc 0.0412 eff 0.0074 outinratio 0.0092 

WplusH126_2e2mu_pT4l_pTHj_genbin1_recobin2 acc 0.0336 eff 0.0075 outinratio 0.0122 

ZH126_2e2mu_pT4l_pTHj_genbin1_recobin2 acc 0.0385 eff 0.0043 outinratio 0.0393 

ttH126_2e2mu_pT4l_pTHj_genbin1_recobin2 acc 0.0032 eff 0.0 outinratio 0.0563 

ggH126_2e2mu_pT4l_pTHj_genbin2_recobin2 acc 0.0384 eff 0.3634 outinratio 0.0075 

VBFH126_2e2mu_pT4l_pTHj_genbin2_recobin2 acc 0.0512 eff 0.362 outinratio 0.0 

WminusH126_2e2mu_pT4l_pTHj_genbin2_recobin2 acc 0.0463 eff 0.3503 outinratio 0.0092 

WplusH126_2e2mu_pT4l_pTHj_genbin2_recobin2 acc 0.0374 eff 0.3404 outinratio 0.0122 

ZH126_2e2mu_pT4l_pTHj_genbin2_recobin2 acc 0.0423 eff 0.3269 outinratio 0.0393 

ttH126_2e2mu_pT4l_pTHj_genbin2_recobin2 acc 0.0101 eff 0.1938 outinratio 0.0563 

ggH126_2e2mu_pT4l_pTHj_genbin3_recobin2 acc 0.0217 eff 0.0226 outinratio 0.0075 

VBFH126_2e2mu_pT4l_pTHj_genbin3_recobin2 acc 0.0577 eff 0.0143 outinratio 0.0 

WminusH126_2e2mu_pT4l_pTHj_genbin3_recobin2 acc 0.035 eff 0.0223 outinratio 0.0092 

WplusH126_2e2mu_pT4l_pTHj_genbin3_recobin2 acc 0.0292 eff 0.018 outinratio 0.0122 

ZH126_2e2mu_pT4l_pTHj_genbin3_recobin2 acc 0.0334 eff 0.0161 outinratio 0.0393 

ttH126_2e2mu_pT4l_pTHj_genbin3_recobin2 acc 0.0137 eff 0.0 outinratio 0.0563 

ggH126_2e2mu_pT4l_pTHj_genbin4_recobin2 acc 0.0234 eff 0.0 outinratio 0.0075 

VBFH126_2e2mu_pT4l_pTHj_genbin4_recobin2 acc 0.086 eff 0.0 outinratio 0.0 

WminusH126_2e2mu_pT4l_pTHj_genbin4_recobin2 acc 0.0436 eff 0.0001 outinratio 0.0092 

WplusH126_2e2mu_pT4l_pTHj_genbin4_recobin2 acc 0.0406 eff 0.0 outinratio 0.0122 

ZH126_2e2mu_pT4l_pTHj_genbin4_recobin2 acc 0.0434 eff 0.0 outinratio 0.0393 

ttH126_2e2mu_pT4l_pTHj_genbin4_recobin2 acc 0.0321 eff 0.0 outinratio 0.0563 

ggH126_2e2mu_pT4l_pTHj_genbin5_recobin2 acc 0.0287 eff 0.0092 outinratio 0.0075 

VBFH126_2e2mu_pT4l_pTHj_genbin5_recobin2 acc 0.1324 eff 0.0055 outinratio 0.0 

WminusH126_2e2mu_pT4l_pTHj_genbin5_recobin2 acc 0.1043 eff 0.0068 outinratio 0.0092 

WplusH126_2e2mu_pT4l_pTHj_genbin5_recobin2 acc 0.0919 eff 0.0057 outinratio 0.0122 

ZH126_2e2mu_pT4l_pTHj_genbin5_recobin2 acc 0.1103 eff 0.0089 outinratio 0.0393 

ttH126_2e2mu_pT4l_pTHj_genbin5_recobin2 acc 0.3108 eff 0.0041 outinratio 0.0563 

ggH126_2e2mu_pT4l_pTHj_genbin6_recobin2 acc 0.0089 eff 0.0 outinratio 0.0075 

VBFH126_2e2mu_pT4l_pTHj_genbin6_recobin2 acc 0.0416 eff 0.0 outinratio 0.0 

WminusH126_2e2mu_pT4l_pTHj_genbin6_recobin2 acc 0.0343 eff 0.0 outinratio 0.0092 

WplusH126_2e2mu_pT4l_pTHj_genbin6_recobin2 acc 0.0376 eff 0.0 outinratio 0.0122 

ZH126_2e2mu_pT4l_pTHj_genbin6_recobin2 acc 0.0372 eff 0.0 outinratio 0.0393 

ttH126_2e2mu_pT4l_pTHj_genbin6_recobin2 acc 0.1111 eff 0.0 outinratio 0.0563 

ggH126_2e2mu_pT4l_pTHj_genbin0_recobin3 acc 0.2879 eff 0.0012 outinratio 0.0059 

VBFH126_2e2mu_pT4l_pTHj_genbin0_recobin3 acc 0.0645 eff 0.0179 outinratio 0.0225 

WminusH126_2e2mu_pT4l_pTHj_genbin0_recobin3 acc 0.0994 eff 0.0083 outinratio 0.0179 

WplusH126_2e2mu_pT4l_pTHj_genbin0_recobin3 acc 0.0847 eff 0.0057 outinratio 0.0103 

ZH126_2e2mu_pT4l_pTHj_genbin0_recobin3 acc 0.0828 eff 0.0031 outinratio 0.0451 

ttH126_2e2mu_pT4l_pTHj_genbin0_recobin3 acc 0.0017 eff 0.0 outinratio 0.0245 

ggH126_2e2mu_pT4l_pTHj_genbin1_recobin3 acc 0.0315 eff 0.0 outinratio 0.0059 

VBFH126_2e2mu_pT4l_pTHj_genbin1_recobin3 acc 0.0334 eff 0.0 outinratio 0.0225 

WminusH126_2e2mu_pT4l_pTHj_genbin1_recobin3 acc 0.0412 eff 0.0 outinratio 0.0179 

WplusH126_2e2mu_pT4l_pTHj_genbin1_recobin3 acc 0.0336 eff 0.0 outinratio 0.0103 

ZH126_2e2mu_pT4l_pTHj_genbin1_recobin3 acc 0.0385 eff 0.0 outinratio 0.0451 

ttH126_2e2mu_pT4l_pTHj_genbin1_recobin3 acc 0.0032 eff 0.0 outinratio 0.0245 

ggH126_2e2mu_pT4l_pTHj_genbin2_recobin3 acc 0.0384 eff 0.0087 outinratio 0.0059 

VBFH126_2e2mu_pT4l_pTHj_genbin2_recobin3 acc 0.0512 eff 0.0046 outinratio 0.0225 

WminusH126_2e2mu_pT4l_pTHj_genbin2_recobin3 acc 0.0463 eff 0.0095 outinratio 0.0179 

WplusH126_2e2mu_pT4l_pTHj_genbin2_recobin3 acc 0.0374 eff 0.0033 outinratio 0.0103 

ZH126_2e2mu_pT4l_pTHj_genbin2_recobin3 acc 0.0423 eff 0.0132 outinratio 0.0451 

ttH126_2e2mu_pT4l_pTHj_genbin2_recobin3 acc 0.0101 eff 0.0138 outinratio 0.0245 

ggH126_2e2mu_pT4l_pTHj_genbin3_recobin3 acc 0.0217 eff 0.392 outinratio 0.0059 

VBFH126_2e2mu_pT4l_pTHj_genbin3_recobin3 acc 0.0577 eff 0.3928 outinratio 0.0225 

WminusH126_2e2mu_pT4l_pTHj_genbin3_recobin3 acc 0.035 eff 0.3816 outinratio 0.0179 

WplusH126_2e2mu_pT4l_pTHj_genbin3_recobin3 acc 0.0292 eff 0.3714 outinratio 0.0103 

ZH126_2e2mu_pT4l_pTHj_genbin3_recobin3 acc 0.0334 eff 0.3725 outinratio 0.0451 

ttH126_2e2mu_pT4l_pTHj_genbin3_recobin3 acc 0.0137 eff 0.1618 outinratio 0.0245 

ggH126_2e2mu_pT4l_pTHj_genbin4_recobin3 acc 0.0234 eff 0.0103 outinratio 0.0059 

VBFH126_2e2mu_pT4l_pTHj_genbin4_recobin3 acc 0.086 eff 0.0136 outinratio 0.0225 

WminusH126_2e2mu_pT4l_pTHj_genbin4_recobin3 acc 0.0436 eff 0.0151 outinratio 0.0179 

WplusH126_2e2mu_pT4l_pTHj_genbin4_recobin3 acc 0.0406 eff 0.0151 outinratio 0.0103 

ZH126_2e2mu_pT4l_pTHj_genbin4_recobin3 acc 0.0434 eff 0.0105 outinratio 0.0451 

ttH126_2e2mu_pT4l_pTHj_genbin4_recobin3 acc 0.0321 eff 0.0092 outinratio 0.0245 

ggH126_2e2mu_pT4l_pTHj_genbin5_recobin3 acc 0.0287 eff 0.0162 outinratio 0.0059 

VBFH126_2e2mu_pT4l_pTHj_genbin5_recobin3 acc 0.1324 eff 0.0084 outinratio 0.0225 

WminusH126_2e2mu_pT4l_pTHj_genbin5_recobin3 acc 0.1043 eff 0.01 outinratio 0.0179 

WplusH126_2e2mu_pT4l_pTHj_genbin5_recobin3 acc 0.0919 eff 0.0109 outinratio 0.0103 

ZH126_2e2mu_pT4l_pTHj_genbin5_recobin3 acc 0.1103 eff 0.0074 outinratio 0.0451 

ttH126_2e2mu_pT4l_pTHj_genbin5_recobin3 acc 0.3108 eff 0.0033 outinratio 0.0245 

ggH126_2e2mu_pT4l_pTHj_genbin6_recobin3 acc 0.0089 eff 0.0 outinratio 0.0059 

VBFH126_2e2mu_pT4l_pTHj_genbin6_recobin3 acc 0.0416 eff 0.0 outinratio 0.0225 

WminusH126_2e2mu_pT4l_pTHj_genbin6_recobin3 acc 0.0343 eff 0.0 outinratio 0.0179 

WplusH126_2e2mu_pT4l_pTHj_genbin6_recobin3 acc 0.0376 eff 0.0 outinratio 0.0103 

ZH126_2e2mu_pT4l_pTHj_genbin6_recobin3 acc 0.0372 eff 0.0 outinratio 0.0451 

ttH126_2e2mu_pT4l_pTHj_genbin6_recobin3 acc 0.1111 eff 0.0 outinratio 0.0245 

ggH126_2e2mu_pT4l_pTHj_genbin0_recobin4 acc 0.2879 eff 0.0001 outinratio 0.0064 

VBFH126_2e2mu_pT4l_pTHj_genbin0_recobin4 acc 0.0645 eff 0.0 outinratio 0.0044 

WminusH126_2e2mu_pT4l_pTHj_genbin0_recobin4 acc 0.0994 eff 0.007 outinratio 0.0082 

WplusH126_2e2mu_pT4l_pTHj_genbin0_recobin4 acc 0.0847 eff 0.0048 outinratio 0.0111 

ZH126_2e2mu_pT4l_pTHj_genbin0_recobin4 acc 0.0828 eff 0.0003 outinratio 0.0252 

ttH126_2e2mu_pT4l_pTHj_genbin0_recobin4 acc 0.0017 eff 0.0 outinratio 0.0326 

ggH126_2e2mu_pT4l_pTHj_genbin1_recobin4 acc 0.0315 eff 0.0 outinratio 0.0064 

VBFH126_2e2mu_pT4l_pTHj_genbin1_recobin4 acc 0.0334 eff 0.0 outinratio 0.0044 

WminusH126_2e2mu_pT4l_pTHj_genbin1_recobin4 acc 0.0412 eff 0.0 outinratio 0.0082 

WplusH126_2e2mu_pT4l_pTHj_genbin1_recobin4 acc 0.0336 eff 0.0 outinratio 0.0111 

ZH126_2e2mu_pT4l_pTHj_genbin1_recobin4 acc 0.0385 eff 0.0 outinratio 0.0252 

ttH126_2e2mu_pT4l_pTHj_genbin1_recobin4 acc 0.0032 eff 0.0 outinratio 0.0326 

ggH126_2e2mu_pT4l_pTHj_genbin2_recobin4 acc 0.0384 eff 0.0 outinratio 0.0064 

VBFH126_2e2mu_pT4l_pTHj_genbin2_recobin4 acc 0.0512 eff 0.0 outinratio 0.0044 

WminusH126_2e2mu_pT4l_pTHj_genbin2_recobin4 acc 0.0463 eff 0.0 outinratio 0.0082 

WplusH126_2e2mu_pT4l_pTHj_genbin2_recobin4 acc 0.0374 eff 0.0 outinratio 0.0111 

ZH126_2e2mu_pT4l_pTHj_genbin2_recobin4 acc 0.0423 eff 0.0 outinratio 0.0252 

ttH126_2e2mu_pT4l_pTHj_genbin2_recobin4 acc 0.0101 eff 0.0 outinratio 0.0326 

ggH126_2e2mu_pT4l_pTHj_genbin3_recobin4 acc 0.0217 eff 0.0052 outinratio 0.0064 

VBFH126_2e2mu_pT4l_pTHj_genbin3_recobin4 acc 0.0577 eff 0.0153 outinratio 0.0044 

WminusH126_2e2mu_pT4l_pTHj_genbin3_recobin4 acc 0.035 eff 0.0088 outinratio 0.0082 

WplusH126_2e2mu_pT4l_pTHj_genbin3_recobin4 acc 0.0292 eff 0.0076 outinratio 0.0111 

ZH126_2e2mu_pT4l_pTHj_genbin3_recobin4 acc 0.0334 eff 0.0061 outinratio 0.0252 

ttH126_2e2mu_pT4l_pTHj_genbin3_recobin4 acc 0.0137 eff 0.0203 outinratio 0.0326 

ggH126_2e2mu_pT4l_pTHj_genbin4_recobin4 acc 0.0234 eff 0.4469 outinratio 0.0064 

VBFH126_2e2mu_pT4l_pTHj_genbin4_recobin4 acc 0.086 eff 0.453 outinratio 0.0044 

WminusH126_2e2mu_pT4l_pTHj_genbin4_recobin4 acc 0.0436 eff 0.4009 outinratio 0.0082 

WplusH126_2e2mu_pT4l_pTHj_genbin4_recobin4 acc 0.0406 eff 0.4178 outinratio 0.0111 

ZH126_2e2mu_pT4l_pTHj_genbin4_recobin4 acc 0.0434 eff 0.4108 outinratio 0.0252 

ttH126_2e2mu_pT4l_pTHj_genbin4_recobin4 acc 0.0321 eff 0.3016 outinratio 0.0326 

ggH126_2e2mu_pT4l_pTHj_genbin5_recobin4 acc 0.0287 eff 0.0251 outinratio 0.0064 

VBFH126_2e2mu_pT4l_pTHj_genbin5_recobin4 acc 0.1324 eff 0.0508 outinratio 0.0044 

WminusH126_2e2mu_pT4l_pTHj_genbin5_recobin4 acc 0.1043 eff 0.0226 outinratio 0.0082 

WplusH126_2e2mu_pT4l_pTHj_genbin5_recobin4 acc 0.0919 eff 0.0208 outinratio 0.0111 

ZH126_2e2mu_pT4l_pTHj_genbin5_recobin4 acc 0.1103 eff 0.0218 outinratio 0.0252 

ttH126_2e2mu_pT4l_pTHj_genbin5_recobin4 acc 0.3108 eff 0.0073 outinratio 0.0326 

ggH126_2e2mu_pT4l_pTHj_genbin6_recobin4 acc 0.0089 eff 0.0208 outinratio 0.0064 

VBFH126_2e2mu_pT4l_pTHj_genbin6_recobin4 acc 0.0416 eff 0.0419 outinratio 0.0044 

WminusH126_2e2mu_pT4l_pTHj_genbin6_recobin4 acc 0.0343 eff 0.0343 outinratio 0.0082 

WplusH126_2e2mu_pT4l_pTHj_genbin6_recobin4 acc 0.0376 eff 0.0378 outinratio 0.0111 

ZH126_2e2mu_pT4l_pTHj_genbin6_recobin4 acc 0.0372 eff 0.0265 outinratio 0.0252 

ttH126_2e2mu_pT4l_pTHj_genbin6_recobin4 acc 0.1111 eff 0.0092 outinratio 0.0326 

ggH126_2e2mu_pT4l_pTHj_genbin0_recobin5 acc 0.2879 eff 0.0139 outinratio 0.0094 

VBFH126_2e2mu_pT4l_pTHj_genbin0_recobin5 acc 0.0645 eff 0.0267 outinratio 0.0064 

WminusH126_2e2mu_pT4l_pTHj_genbin0_recobin5 acc 0.0994 eff 0.0556 outinratio 0.0169 

WplusH126_2e2mu_pT4l_pTHj_genbin0_recobin5 acc 0.0847 eff 0.0548 outinratio 0.0258 

ZH126_2e2mu_pT4l_pTHj_genbin0_recobin5 acc 0.0828 eff 0.0395 outinratio 0.0496 

ttH126_2e2mu_pT4l_pTHj_genbin0_recobin5 acc 0.0017 eff 0.0132 outinratio 0.0505 

ggH126_2e2mu_pT4l_pTHj_genbin1_recobin5 acc 0.0315 eff 0.0271 outinratio 0.0094 

VBFH126_2e2mu_pT4l_pTHj_genbin1_recobin5 acc 0.0334 eff 0.0984 outinratio 0.0064 

WminusH126_2e2mu_pT4l_pTHj_genbin1_recobin5 acc 0.0412 eff 0.0595 outinratio 0.0169 

WplusH126_2e2mu_pT4l_pTHj_genbin1_recobin5 acc 0.0336 eff 0.0717 outinratio 0.0258 

ZH126_2e2mu_pT4l_pTHj_genbin1_recobin5 acc 0.0385 eff 0.0723 outinratio 0.0496 

ttH126_2e2mu_pT4l_pTHj_genbin1_recobin5 acc 0.0032 eff 0.1618 outinratio 0.0505 

ggH126_2e2mu_pT4l_pTHj_genbin2_recobin5 acc 0.0384 eff 0.0198 outinratio 0.0094 

VBFH126_2e2mu_pT4l_pTHj_genbin2_recobin5 acc 0.0512 eff 0.0415 outinratio 0.0064 

WminusH126_2e2mu_pT4l_pTHj_genbin2_recobin5 acc 0.0463 eff 0.037 outinratio 0.0169 

WplusH126_2e2mu_pT4l_pTHj_genbin2_recobin5 acc 0.0374 eff 0.0405 outinratio 0.0258 

ZH126_2e2mu_pT4l_pTHj_genbin2_recobin5 acc 0.0423 eff 0.053 outinratio 0.0496 

ttH126_2e2mu_pT4l_pTHj_genbin2_recobin5 acc 0.0101 eff 0.1381 outinratio 0.0505 

ggH126_2e2mu_pT4l_pTHj_genbin3_recobin5 acc 0.0217 eff 0.0319 outinratio 0.0094 

VBFH126_2e2mu_pT4l_pTHj_genbin3_recobin5 acc 0.0577 eff 0.0655 outinratio 0.0064 

WminusH126_2e2mu_pT4l_pTHj_genbin3_recobin5 acc 0.035 eff 0.0464 outinratio 0.0169 

WplusH126_2e2mu_pT4l_pTHj_genbin3_recobin5 acc 0.0292 eff 0.0462 outinratio 0.0258 

ZH126_2e2mu_pT4l_pTHj_genbin3_recobin5 acc 0.0334 eff 0.0493 outinratio 0.0496 

ttH126_2e2mu_pT4l_pTHj_genbin3_recobin5 acc 0.0137 eff 0.1156 outinratio 0.0505 

ggH126_2e2mu_pT4l_pTHj_genbin4_recobin5 acc 0.0234 eff 0.0489 outinratio 0.0094 

VBFH126_2e2mu_pT4l_pTHj_genbin4_recobin5 acc 0.086 eff 0.0744 outinratio 0.0064 

WminusH126_2e2mu_pT4l_pTHj_genbin4_recobin5 acc 0.0436 eff 0.0581 outinratio 0.0169 

WplusH126_2e2mu_pT4l_pTHj_genbin4_recobin5 acc 0.0406 eff 0.0411 outinratio 0.0258 

ZH126_2e2mu_pT4l_pTHj_genbin4_recobin5 acc 0.0434 eff 0.05 outinratio 0.0496 

ttH126_2e2mu_pT4l_pTHj_genbin4_recobin5 acc 0.0321 eff 0.0689 outinratio 0.0505 

ggH126_2e2mu_pT4l_pTHj_genbin5_recobin5 acc 0.0287 eff 0.4033 outinratio 0.0094 

VBFH126_2e2mu_pT4l_pTHj_genbin5_recobin5 acc 0.1324 eff 0.4129 outinratio 0.0064 

WminusH126_2e2mu_pT4l_pTHj_genbin5_recobin5 acc 0.1043 eff 0.369 outinratio 0.0169 

WplusH126_2e2mu_pT4l_pTHj_genbin5_recobin5 acc 0.0919 eff 0.3619 outinratio 0.0258 

ZH126_2e2mu_pT4l_pTHj_genbin5_recobin5 acc 0.1103 eff 0.4041 outinratio 0.0496 

ttH126_2e2mu_pT4l_pTHj_genbin5_recobin5 acc 0.3108 eff 0.3271 outinratio 0.0505 

ggH126_2e2mu_pT4l_pTHj_genbin6_recobin5 acc 0.0089 eff 0.0159 outinratio 0.0094 

VBFH126_2e2mu_pT4l_pTHj_genbin6_recobin5 acc 0.0416 eff 0.0107 outinratio 0.0064 

WminusH126_2e2mu_pT4l_pTHj_genbin6_recobin5 acc 0.0343 eff 0.0118 outinratio 0.0169 

WplusH126_2e2mu_pT4l_pTHj_genbin6_recobin5 acc 0.0376 eff 0.0095 outinratio 0.0258 

ZH126_2e2mu_pT4l_pTHj_genbin6_recobin5 acc 0.0372 eff 0.0083 outinratio 0.0496 

ttH126_2e2mu_pT4l_pTHj_genbin6_recobin5 acc 0.1111 eff 0.0038 outinratio 0.0505 

ggH126_2e2mu_pT4l_pTHj_genbin0_recobin6 acc 0.2879 eff 0.0 outinratio 0.0066 

VBFH126_2e2mu_pT4l_pTHj_genbin0_recobin6 acc 0.0645 eff 0.0 outinratio 0.0 

WminusH126_2e2mu_pT4l_pTHj_genbin0_recobin6 acc 0.0994 eff 0.0106 outinratio 0.0201 

WplusH126_2e2mu_pT4l_pTHj_genbin0_recobin6 acc 0.0847 eff 0.0132 outinratio 0.017 

ZH126_2e2mu_pT4l_pTHj_genbin0_recobin6 acc 0.0828 eff 0.0033 outinratio 0.0624 

ttH126_2e2mu_pT4l_pTHj_genbin0_recobin6 acc 0.0017 eff 0.0107 outinratio 0.0397 

ggH126_2e2mu_pT4l_pTHj_genbin1_recobin6 acc 0.0315 eff 0.0 outinratio 0.0066 

VBFH126_2e2mu_pT4l_pTHj_genbin1_recobin6 acc 0.0334 eff 0.0 outinratio 0.0 

WminusH126_2e2mu_pT4l_pTHj_genbin1_recobin6 acc 0.0412 eff 0.0 outinratio 0.0201 

WplusH126_2e2mu_pT4l_pTHj_genbin1_recobin6 acc 0.0336 eff 0.0 outinratio 0.017 

ZH126_2e2mu_pT4l_pTHj_genbin1_recobin6 acc 0.0385 eff 0.0 outinratio 0.0624 

ttH126_2e2mu_pT4l_pTHj_genbin1_recobin6 acc 0.0032 eff 0.0 outinratio 0.0397 

ggH126_2e2mu_pT4l_pTHj_genbin2_recobin6 acc 0.0384 eff 0.0 outinratio 0.0066 

VBFH126_2e2mu_pT4l_pTHj_genbin2_recobin6 acc 0.0512 eff 0.0 outinratio 0.0 

WminusH126_2e2mu_pT4l_pTHj_genbin2_recobin6 acc 0.0463 eff 0.0 outinratio 0.0201 

WplusH126_2e2mu_pT4l_pTHj_genbin2_recobin6 acc 0.0374 eff 0.0 outinratio 0.017 

ZH126_2e2mu_pT4l_pTHj_genbin2_recobin6 acc 0.0423 eff 0.0 outinratio 0.0624 

ttH126_2e2mu_pT4l_pTHj_genbin2_recobin6 acc 0.0101 eff 0.0 outinratio 0.0397 

ggH126_2e2mu_pT4l_pTHj_genbin3_recobin6 acc 0.0217 eff 0.0 outinratio 0.0066 

VBFH126_2e2mu_pT4l_pTHj_genbin3_recobin6 acc 0.0577 eff 0.0 outinratio 0.0 

WminusH126_2e2mu_pT4l_pTHj_genbin3_recobin6 acc 0.035 eff 0.0 outinratio 0.0201 

WplusH126_2e2mu_pT4l_pTHj_genbin3_recobin6 acc 0.0292 eff 0.0 outinratio 0.017 

ZH126_2e2mu_pT4l_pTHj_genbin3_recobin6 acc 0.0334 eff 0.0 outinratio 0.0624 

ttH126_2e2mu_pT4l_pTHj_genbin3_recobin6 acc 0.0137 eff 0.0 outinratio 0.0397 

ggH126_2e2mu_pT4l_pTHj_genbin4_recobin6 acc 0.0234 eff 0.0187 outinratio 0.0066 

VBFH126_2e2mu_pT4l_pTHj_genbin4_recobin6 acc 0.086 eff 0.0069 outinratio 0.0 

WminusH126_2e2mu_pT4l_pTHj_genbin4_recobin6 acc 0.0436 eff 0.0174 outinratio 0.0201 

WplusH126_2e2mu_pT4l_pTHj_genbin4_recobin6 acc 0.0406 eff 0.0298 outinratio 0.017 

ZH126_2e2mu_pT4l_pTHj_genbin4_recobin6 acc 0.0434 eff 0.024 outinratio 0.0624 

ttH126_2e2mu_pT4l_pTHj_genbin4_recobin6 acc 0.0321 eff 0.0241 outinratio 0.0397 

ggH126_2e2mu_pT4l_pTHj_genbin5_recobin6 acc 0.0287 eff 0.001 outinratio 0.0066 

VBFH126_2e2mu_pT4l_pTHj_genbin5_recobin6 acc 0.1324 eff 0.0023 outinratio 0.0 

WminusH126_2e2mu_pT4l_pTHj_genbin5_recobin6 acc 0.1043 eff 0.0014 outinratio 0.0201 

WplusH126_2e2mu_pT4l_pTHj_genbin5_recobin6 acc 0.0919 eff 0.0012 outinratio 0.017 

ZH126_2e2mu_pT4l_pTHj_genbin5_recobin6 acc 0.1103 eff 0.002 outinratio 0.0624 

ttH126_2e2mu_pT4l_pTHj_genbin5_recobin6 acc 0.3108 eff 0.0017 outinratio 0.0397 

ggH126_2e2mu_pT4l_pTHj_genbin6_recobin6 acc 0.0089 eff 0.5292 outinratio 0.0066 

VBFH126_2e2mu_pT4l_pTHj_genbin6_recobin6 acc 0.0416 eff 0.5051 outinratio 0.0 

WminusH126_2e2mu_pT4l_pTHj_genbin6_recobin6 acc 0.0343 eff 0.4986 outinratio 0.0201 

WplusH126_2e2mu_pT4l_pTHj_genbin6_recobin6 acc 0.0376 eff 0.5028 outinratio 0.017 

ZH126_2e2mu_pT4l_pTHj_genbin6_recobin6 acc 0.0372 eff 0.5184 outinratio 0.0624 

ttH126_2e2mu_pT4l_pTHj_genbin6_recobin6 acc 0.1111 eff 0.4531 outinratio 0.0397 

Coeff fullNNLOPS
