Welcome in RunCoefficients!
OPT SPLIT
DEBUG opt.YEAR = 2022EE_1
It is a single-differential measurement, binning [-100.0, 0.0, 92.0, 224.0, 10000.0]
mjj
Following observables extracted from dictionary: RECO =  mjj  GEN =  GENmjj
LUMI: 4.4454666666666665
ttH126 0.00016778591
Processing ggH126 2022EE_1
Signal created
Signal failed created
Processing VBFH126 2022EE_1
Signal created
Signal failed created
Processing WminusH126 2022EE_1
Signal created
Signal failed created
Processing WplusH126 2022EE_1
Signal created
Signal failed created
Processing ZH126 2022EE_1
Signal created
Signal failed created
Processing ttH126 2022EE_1
Signal created
Signal failed created
2022EE_1 SKIMMED df CREATED
2022EE_1 ggH126
2022EE_1 VBFH126
2022EE_1 WminusH126
2022EE_1 WplusH126
2022EE_1 ZH126
2022EE_1 ttH126
Dataframes created successfully
Coeff std
ggH126_4l_mjj_genbin0_recobin0 acc 0.4033 eff 0.4727 outinratio 0.008 

VBFH126_4l_mjj_genbin0_recobin0 acc 0.2893 eff 0.4454 outinratio 0.0095 

WminusH126_4l_mjj_genbin0_recobin0 acc 0.2381 eff 0.408 outinratio 0.0219 

WplusH126_4l_mjj_genbin0_recobin0 acc 0.2075 eff 0.4008 outinratio 0.0203 

ZH126_4l_mjj_genbin0_recobin0 acc 0.2095 eff 0.4081 outinratio 0.0697 

ttH126_4l_mjj_genbin0_recobin0 acc 0.0158 eff 0.1756 outinratio 0.1586 

ggH126_4l_mjj_genbin1_recobin0 acc 0.0105 eff 0.1141 outinratio 0.008 

VBFH126_4l_mjj_genbin1_recobin0 acc 0.0105 eff 0.1481 outinratio 0.0095 

WminusH126_4l_mjj_genbin1_recobin0 acc 0.0964 eff 0.0747 outinratio 0.0219 

WplusH126_4l_mjj_genbin1_recobin0 acc 0.0892 eff 0.0727 outinratio 0.0203 

ZH126_4l_mjj_genbin1_recobin0 acc 0.0837 eff 0.0999 outinratio 0.0697 

ttH126_4l_mjj_genbin1_recobin0 acc 0.0539 eff 0.0102 outinratio 0.1586 

ggH126_4l_mjj_genbin2_recobin0 acc 0.018 eff 0.0895 outinratio 0.008 

VBFH126_4l_mjj_genbin2_recobin0 acc 0.0246 eff 0.0893 outinratio 0.0095 

WminusH126_4l_mjj_genbin2_recobin0 acc 0.0486 eff 0.0502 outinratio 0.0219 

WplusH126_4l_mjj_genbin2_recobin0 acc 0.041 eff 0.0404 outinratio 0.0203 

ZH126_4l_mjj_genbin2_recobin0 acc 0.0665 eff 0.0478 outinratio 0.0697 

ttH126_4l_mjj_genbin2_recobin0 acc 0.2017 eff 0.0075 outinratio 0.1586 

ggH126_4l_mjj_genbin3_recobin0 acc 0.0147 eff 0.0584 outinratio 0.008 

VBFH126_4l_mjj_genbin3_recobin0 acc 0.1652 eff 0.0869 outinratio 0.0095 

WminusH126_4l_mjj_genbin3_recobin0 acc 0.0295 eff 0.0158 outinratio 0.0219 

WplusH126_4l_mjj_genbin3_recobin0 acc 0.0297 eff 0.021 outinratio 0.0203 

ZH126_4l_mjj_genbin3_recobin0 acc 0.0311 eff 0.0191 outinratio 0.0697 

ttH126_4l_mjj_genbin3_recobin0 acc 0.2185 eff 0.0026 outinratio 0.1586 

ggH126_4l_mjj_genbin0_recobin1 acc 0.4033 eff 0.0059 outinratio 0.0044 

VBFH126_4l_mjj_genbin0_recobin1 acc 0.2893 eff 0.0089 outinratio 0.008 

WminusH126_4l_mjj_genbin0_recobin1 acc 0.2381 eff 0.0259 outinratio 0.0129 

WplusH126_4l_mjj_genbin0_recobin1 acc 0.2075 eff 0.027 outinratio 0.0136 

ZH126_4l_mjj_genbin0_recobin1 acc 0.2095 eff 0.021 outinratio 0.0352 

ttH126_4l_mjj_genbin0_recobin1 acc 0.0158 eff 0.0392 outinratio 0.0475 

ggH126_4l_mjj_genbin1_recobin1 acc 0.0105 eff 0.3271 outinratio 0.0044 

VBFH126_4l_mjj_genbin1_recobin1 acc 0.0105 eff 0.3705 outinratio 0.008 

WminusH126_4l_mjj_genbin1_recobin1 acc 0.0964 eff 0.3407 outinratio 0.0129 

WplusH126_4l_mjj_genbin1_recobin1 acc 0.0892 eff 0.3505 outinratio 0.0136 

ZH126_4l_mjj_genbin1_recobin1 acc 0.0837 eff 0.266 outinratio 0.0352 

ttH126_4l_mjj_genbin1_recobin1 acc 0.0539 eff 0.2141 outinratio 0.0475 

ggH126_4l_mjj_genbin2_recobin1 acc 0.018 eff 0.0353 outinratio 0.0044 

VBFH126_4l_mjj_genbin2_recobin1 acc 0.0246 eff 0.0185 outinratio 0.008 

WminusH126_4l_mjj_genbin2_recobin1 acc 0.0486 eff 0.0399 outinratio 0.0129 

WplusH126_4l_mjj_genbin2_recobin1 acc 0.041 eff 0.0429 outinratio 0.0136 

ZH126_4l_mjj_genbin2_recobin1 acc 0.0665 eff 0.0649 outinratio 0.0352 

ttH126_4l_mjj_genbin2_recobin1 acc 0.2017 eff 0.0284 outinratio 0.0475 

ggH126_4l_mjj_genbin3_recobin1 acc 0.0147 eff 0.0108 outinratio 0.0044 

VBFH126_4l_mjj_genbin3_recobin1 acc 0.1652 eff 0.0029 outinratio 0.008 

WminusH126_4l_mjj_genbin3_recobin1 acc 0.0295 eff 0.0085 outinratio 0.0129 

WplusH126_4l_mjj_genbin3_recobin1 acc 0.0297 eff 0.0175 outinratio 0.0136 

ZH126_4l_mjj_genbin3_recobin1 acc 0.0311 eff 0.0112 outinratio 0.0352 

ttH126_4l_mjj_genbin3_recobin1 acc 0.2185 eff 0.0072 outinratio 0.0475 

ggH126_4l_mjj_genbin0_recobin2 acc 0.4033 eff 0.0073 outinratio 0.0089 

VBFH126_4l_mjj_genbin0_recobin2 acc 0.2893 eff 0.0112 outinratio 0.0043 

WminusH126_4l_mjj_genbin0_recobin2 acc 0.2381 eff 0.0311 outinratio 0.0098 

WplusH126_4l_mjj_genbin0_recobin2 acc 0.2075 eff 0.0325 outinratio 0.0148 

ZH126_4l_mjj_genbin0_recobin2 acc 0.2095 eff 0.029 outinratio 0.0341 

ttH126_4l_mjj_genbin0_recobin2 acc 0.0158 eff 0.0695 outinratio 0.0438 

ggH126_4l_mjj_genbin1_recobin2 acc 0.0105 eff 0.0414 outinratio 0.0089 

VBFH126_4l_mjj_genbin1_recobin2 acc 0.0105 eff 0.0615 outinratio 0.0043 

WminusH126_4l_mjj_genbin1_recobin2 acc 0.0964 eff 0.0874 outinratio 0.0098 

WplusH126_4l_mjj_genbin1_recobin2 acc 0.0892 eff 0.084 outinratio 0.0148 

ZH126_4l_mjj_genbin1_recobin2 acc 0.0837 eff 0.1241 outinratio 0.0341 

ttH126_4l_mjj_genbin1_recobin2 acc 0.0539 eff 0.0983 outinratio 0.0438 

ggH126_4l_mjj_genbin2_recobin2 acc 0.018 eff 0.3535 outinratio 0.0089 

VBFH126_4l_mjj_genbin2_recobin2 acc 0.0246 eff 0.3465 outinratio 0.0043 

WminusH126_4l_mjj_genbin2_recobin2 acc 0.0486 eff 0.3442 outinratio 0.0098 

WplusH126_4l_mjj_genbin2_recobin2 acc 0.041 eff 0.3486 outinratio 0.0148 

ZH126_4l_mjj_genbin2_recobin2 acc 0.0665 eff 0.347 outinratio 0.0341 

ttH126_4l_mjj_genbin2_recobin2 acc 0.2017 eff 0.2947 outinratio 0.0438 

ggH126_4l_mjj_genbin3_recobin2 acc 0.0147 eff 0.0433 outinratio 0.0089 

VBFH126_4l_mjj_genbin3_recobin2 acc 0.1652 eff 0.0113 outinratio 0.0043 

WminusH126_4l_mjj_genbin3_recobin2 acc 0.0295 eff 0.0422 outinratio 0.0098 

WplusH126_4l_mjj_genbin3_recobin2 acc 0.0297 eff 0.043 outinratio 0.0148 

ZH126_4l_mjj_genbin3_recobin2 acc 0.0311 eff 0.0447 outinratio 0.0341 

ttH126_4l_mjj_genbin3_recobin2 acc 0.2185 eff 0.0409 outinratio 0.0438 

ggH126_4l_mjj_genbin0_recobin3 acc 0.4033 eff 0.0047 outinratio 0.0027 

VBFH126_4l_mjj_genbin0_recobin3 acc 0.2893 eff 0.047 outinratio 0.004 

WminusH126_4l_mjj_genbin0_recobin3 acc 0.2381 eff 0.0078 outinratio 0.017 

WplusH126_4l_mjj_genbin0_recobin3 acc 0.2075 eff 0.0077 outinratio 0.0091 

ZH126_4l_mjj_genbin0_recobin3 acc 0.2095 eff 0.0062 outinratio 0.0475 

ttH126_4l_mjj_genbin0_recobin3 acc 0.0158 eff 0.0538 outinratio 0.0397 

ggH126_4l_mjj_genbin1_recobin3 acc 0.0105 eff 0.0108 outinratio 0.0027 

VBFH126_4l_mjj_genbin1_recobin3 acc 0.0105 eff 0.0293 outinratio 0.004 

WminusH126_4l_mjj_genbin1_recobin3 acc 0.0964 eff 0.0079 outinratio 0.017 

WplusH126_4l_mjj_genbin1_recobin3 acc 0.0892 eff 0.0104 outinratio 0.0091 

ZH126_4l_mjj_genbin1_recobin3 acc 0.0837 eff 0.0088 outinratio 0.0475 

ttH126_4l_mjj_genbin1_recobin3 acc 0.0539 eff 0.0524 outinratio 0.0397 

ggH126_4l_mjj_genbin2_recobin3 acc 0.018 eff 0.0424 outinratio 0.0027 

VBFH126_4l_mjj_genbin2_recobin3 acc 0.0246 eff 0.075 outinratio 0.004 

WminusH126_4l_mjj_genbin2_recobin3 acc 0.0486 eff 0.0393 outinratio 0.017 

WplusH126_4l_mjj_genbin2_recobin3 acc 0.041 eff 0.0379 outinratio 0.0091 

ZH126_4l_mjj_genbin2_recobin3 acc 0.0665 eff 0.0298 outinratio 0.0475 

ttH126_4l_mjj_genbin2_recobin3 acc 0.2017 eff 0.0538 outinratio 0.0397 

ggH126_4l_mjj_genbin3_recobin3 acc 0.0147 eff 0.3938 outinratio 0.0027 

VBFH126_4l_mjj_genbin3_recobin3 acc 0.1652 eff 0.4485 outinratio 0.004 

WminusH126_4l_mjj_genbin3_recobin3 acc 0.0295 eff 0.3885 outinratio 0.017 

WplusH126_4l_mjj_genbin3_recobin3 acc 0.0297 eff 0.3827 outinratio 0.0091 

ZH126_4l_mjj_genbin3_recobin3 acc 0.0311 eff 0.39 outinratio 0.0475 

ttH126_4l_mjj_genbin3_recobin3 acc 0.2185 eff 0.3518 outinratio 0.0397 

ggH126_4e_mjj_genbin0_recobin0 acc 0.3871 eff 0.3064 outinratio 0.0129 

VBFH126_4e_mjj_genbin0_recobin0 acc 0.2781 eff 0.2976 outinratio 0.0207 

WminusH126_4e_mjj_genbin0_recobin0 acc 0.2253 eff 0.2646 outinratio 0.0304 

WplusH126_4e_mjj_genbin0_recobin0 acc 0.2005 eff 0.2672 outinratio 0.0222 

ZH126_4e_mjj_genbin0_recobin0 acc 0.2004 eff 0.2751 outinratio 0.0707 

ttH126_4e_mjj_genbin0_recobin0 acc 0.0159 eff 0.1278 outinratio 0.1124 

ggH126_4e_mjj_genbin1_recobin0 acc 0.011 eff 0.0619 outinratio 0.0129 

VBFH126_4e_mjj_genbin1_recobin0 acc 0.0103 eff 0.1437 outinratio 0.0207 

WminusH126_4e_mjj_genbin1_recobin0 acc 0.0936 eff 0.0529 outinratio 0.0304 

WplusH126_4e_mjj_genbin1_recobin0 acc 0.0872 eff 0.0454 outinratio 0.0222 

ZH126_4e_mjj_genbin1_recobin0 acc 0.079 eff 0.0668 outinratio 0.0707 

ttH126_4e_mjj_genbin1_recobin0 acc 0.0553 eff 0.0084 outinratio 0.1124 

ggH126_4e_mjj_genbin2_recobin0 acc 0.0168 eff 0.0763 outinratio 0.0129 

VBFH126_4e_mjj_genbin2_recobin0 acc 0.0249 eff 0.0481 outinratio 0.0207 

WminusH126_4e_mjj_genbin2_recobin0 acc 0.0458 eff 0.0353 outinratio 0.0304 

WplusH126_4e_mjj_genbin2_recobin0 acc 0.0393 eff 0.0197 outinratio 0.0222 

ZH126_4e_mjj_genbin2_recobin0 acc 0.064 eff 0.0297 outinratio 0.0707 

ttH126_4e_mjj_genbin2_recobin0 acc 0.1899 eff 0.003 outinratio 0.1124 

ggH126_4e_mjj_genbin3_recobin0 acc 0.0148 eff 0.05 outinratio 0.0129 

VBFH126_4e_mjj_genbin3_recobin0 acc 0.1515 eff 0.0609 outinratio 0.0207 

WminusH126_4e_mjj_genbin3_recobin0 acc 0.0316 eff 0.0118 outinratio 0.0304 

WplusH126_4e_mjj_genbin3_recobin0 acc 0.0279 eff 0.0095 outinratio 0.0222 

ZH126_4e_mjj_genbin3_recobin0 acc 0.0299 eff 0.0048 outinratio 0.0707 

ttH126_4e_mjj_genbin3_recobin0 acc 0.211 eff 0.0006 outinratio 0.1124 

ggH126_4e_mjj_genbin0_recobin1 acc 0.3871 eff 0.0036 outinratio 0.0103 

VBFH126_4e_mjj_genbin0_recobin1 acc 0.2781 eff 0.0021 outinratio 0.0 

WminusH126_4e_mjj_genbin0_recobin1 acc 0.2253 eff 0.0165 outinratio 0.0119 

WplusH126_4e_mjj_genbin0_recobin1 acc 0.2005 eff 0.0187 outinratio 0.0165 

ZH126_4e_mjj_genbin0_recobin1 acc 0.2004 eff 0.0153 outinratio 0.0528 

ttH126_4e_mjj_genbin0_recobin1 acc 0.0159 eff 0.031 outinratio 0.0754 

ggH126_4e_mjj_genbin1_recobin1 acc 0.011 eff 0.2438 outinratio 0.0103 

VBFH126_4e_mjj_genbin1_recobin1 acc 0.0103 eff 0.3186 outinratio 0.0 

WminusH126_4e_mjj_genbin1_recobin1 acc 0.0936 eff 0.2346 outinratio 0.0119 

WplusH126_4e_mjj_genbin1_recobin1 acc 0.0872 eff 0.2498 outinratio 0.0165 

ZH126_4e_mjj_genbin1_recobin1 acc 0.079 eff 0.1825 outinratio 0.0528 

ttH126_4e_mjj_genbin1_recobin1 acc 0.0553 eff 0.153 outinratio 0.0754 

ggH126_4e_mjj_genbin2_recobin1 acc 0.0168 eff 0.0114 outinratio 0.0103 

VBFH126_4e_mjj_genbin2_recobin1 acc 0.0249 eff 0.0 outinratio 0.0 

WminusH126_4e_mjj_genbin2_recobin1 acc 0.0458 eff 0.022 outinratio 0.0119 

WplusH126_4e_mjj_genbin2_recobin1 acc 0.0393 eff 0.0303 outinratio 0.0165 

ZH126_4e_mjj_genbin2_recobin1 acc 0.064 eff 0.0467 outinratio 0.0528 

ttH126_4e_mjj_genbin2_recobin1 acc 0.1899 eff 0.0209 outinratio 0.0754 

ggH126_4e_mjj_genbin3_recobin1 acc 0.0148 eff 0.001 outinratio 0.0103 

VBFH126_4e_mjj_genbin3_recobin1 acc 0.1515 eff 0.0015 outinratio 0.0 

WminusH126_4e_mjj_genbin3_recobin1 acc 0.0316 eff 0.0067 outinratio 0.0119 

WplusH126_4e_mjj_genbin3_recobin1 acc 0.0279 eff 0.0119 outinratio 0.0165 

ZH126_4e_mjj_genbin3_recobin1 acc 0.0299 eff 0.0088 outinratio 0.0528 

ttH126_4e_mjj_genbin3_recobin1 acc 0.211 eff 0.0085 outinratio 0.0754 

ggH126_4e_mjj_genbin0_recobin2 acc 0.3871 eff 0.0054 outinratio 0.0203 

VBFH126_4e_mjj_genbin0_recobin2 acc 0.2781 eff 0.0092 outinratio 0.0 

WminusH126_4e_mjj_genbin0_recobin2 acc 0.2253 eff 0.0211 outinratio 0.0167 

WplusH126_4e_mjj_genbin0_recobin2 acc 0.2005 eff 0.0192 outinratio 0.0196 

ZH126_4e_mjj_genbin0_recobin2 acc 0.2004 eff 0.0204 outinratio 0.037 

ttH126_4e_mjj_genbin0_recobin2 acc 0.0159 eff 0.0538 outinratio 0.0497 

ggH126_4e_mjj_genbin1_recobin2 acc 0.011 eff 0.0084 outinratio 0.0203 

VBFH126_4e_mjj_genbin1_recobin2 acc 0.0103 eff 0.0233 outinratio 0.0 

WminusH126_4e_mjj_genbin1_recobin2 acc 0.0936 eff 0.0623 outinratio 0.0167 

WplusH126_4e_mjj_genbin1_recobin2 acc 0.0872 eff 0.0556 outinratio 0.0196 

ZH126_4e_mjj_genbin1_recobin2 acc 0.079 eff 0.0906 outinratio 0.037 

ttH126_4e_mjj_genbin1_recobin2 acc 0.0553 eff 0.0863 outinratio 0.0497 

ggH126_4e_mjj_genbin2_recobin2 acc 0.0168 eff 0.2275 outinratio 0.0203 

VBFH126_4e_mjj_genbin2_recobin2 acc 0.0249 eff 0.2453 outinratio 0.0 

WminusH126_4e_mjj_genbin2_recobin2 acc 0.0458 eff 0.244 outinratio 0.0167 

WplusH126_4e_mjj_genbin2_recobin2 acc 0.0393 eff 0.2469 outinratio 0.0196 

ZH126_4e_mjj_genbin2_recobin2 acc 0.064 eff 0.2329 outinratio 0.037 

ttH126_4e_mjj_genbin2_recobin2 acc 0.1899 eff 0.2177 outinratio 0.0497 

ggH126_4e_mjj_genbin3_recobin2 acc 0.0148 eff 0.0496 outinratio 0.0203 

VBFH126_4e_mjj_genbin3_recobin2 acc 0.1515 eff 0.0089 outinratio 0.0 

WminusH126_4e_mjj_genbin3_recobin2 acc 0.0316 eff 0.0309 outinratio 0.0167 

WplusH126_4e_mjj_genbin3_recobin2 acc 0.0279 eff 0.0381 outinratio 0.0196 

ZH126_4e_mjj_genbin3_recobin2 acc 0.0299 eff 0.0309 outinratio 0.037 

ttH126_4e_mjj_genbin3_recobin2 acc 0.211 eff 0.0334 outinratio 0.0497 

ggH126_4e_mjj_genbin0_recobin3 acc 0.3871 eff 0.0032 outinratio 0.0095 

VBFH126_4e_mjj_genbin0_recobin3 acc 0.2781 eff 0.0313 outinratio 0.017 

WminusH126_4e_mjj_genbin0_recobin3 acc 0.2253 eff 0.0045 outinratio 0.0269 

WplusH126_4e_mjj_genbin0_recobin3 acc 0.2005 eff 0.0053 outinratio 0.0142 

ZH126_4e_mjj_genbin0_recobin3 acc 0.2004 eff 0.004 outinratio 0.0616 

ttH126_4e_mjj_genbin0_recobin3 acc 0.0159 eff 0.0345 outinratio 0.0564 

ggH126_4e_mjj_genbin1_recobin3 acc 0.011 eff 0.0 outinratio 0.0095 

VBFH126_4e_mjj_genbin1_recobin3 acc 0.0103 eff 0.0325 outinratio 0.017 

WminusH126_4e_mjj_genbin1_recobin3 acc 0.0936 eff 0.0041 outinratio 0.0269 

WplusH126_4e_mjj_genbin1_recobin3 acc 0.0872 eff 0.007 outinratio 0.0142 

ZH126_4e_mjj_genbin1_recobin3 acc 0.079 eff 0.0101 outinratio 0.0616 

ttH126_4e_mjj_genbin1_recobin3 acc 0.0553 eff 0.0533 outinratio 0.0564 

ggH126_4e_mjj_genbin2_recobin3 acc 0.0168 eff 0.0248 outinratio 0.0095 

VBFH126_4e_mjj_genbin2_recobin3 acc 0.0249 eff 0.056 outinratio 0.017 

WminusH126_4e_mjj_genbin2_recobin3 acc 0.0458 eff 0.0261 outinratio 0.0269 

WplusH126_4e_mjj_genbin2_recobin3 acc 0.0393 eff 0.0206 outinratio 0.0142 

ZH126_4e_mjj_genbin2_recobin3 acc 0.064 eff 0.0278 outinratio 0.0616 

ttH126_4e_mjj_genbin2_recobin3 acc 0.1899 eff 0.0467 outinratio 0.0564 

ggH126_4e_mjj_genbin3_recobin3 acc 0.0148 eff 0.2601 outinratio 0.0095 

VBFH126_4e_mjj_genbin3_recobin3 acc 0.1515 eff 0.3187 outinratio 0.017 

WminusH126_4e_mjj_genbin3_recobin3 acc 0.0316 eff 0.2873 outinratio 0.0269 

WplusH126_4e_mjj_genbin3_recobin3 acc 0.0279 eff 0.2417 outinratio 0.0142 

ZH126_4e_mjj_genbin3_recobin3 acc 0.0299 eff 0.2706 outinratio 0.0616 

ttH126_4e_mjj_genbin3_recobin3 acc 0.211 eff 0.252 outinratio 0.0564 

ggH126_4mu_mjj_genbin0_recobin0 acc 0.4269 eff 0.6508 outinratio 0.0042 

VBFH126_4mu_mjj_genbin0_recobin0 acc 0.3021 eff 0.618 outinratio 0.0049 

WminusH126_4mu_mjj_genbin0_recobin0 acc 0.2564 eff 0.5524 outinratio 0.0168 

WplusH126_4mu_mjj_genbin0_recobin0 acc 0.2221 eff 0.54 outinratio 0.0148 

ZH126_4mu_mjj_genbin0_recobin0 acc 0.2225 eff 0.5429 outinratio 0.0708 

ttH126_4mu_mjj_genbin0_recobin0 acc 0.0179 eff 0.2402 outinratio 0.145 

ggH126_4mu_mjj_genbin1_recobin0 acc 0.0115 eff 0.1602 outinratio 0.0042 

VBFH126_4mu_mjj_genbin1_recobin0 acc 0.0121 eff 0.1992 outinratio 0.0049 

WminusH126_4mu_mjj_genbin1_recobin0 acc 0.1 eff 0.114 outinratio 0.0168 

WplusH126_4mu_mjj_genbin1_recobin0 acc 0.0964 eff 0.0925 outinratio 0.0148 

ZH126_4mu_mjj_genbin1_recobin0 acc 0.0877 eff 0.1443 outinratio 0.0708 

ttH126_4mu_mjj_genbin1_recobin0 acc 0.0536 eff 0.0096 outinratio 0.145 

ggH126_4mu_mjj_genbin2_recobin0 acc 0.021 eff 0.104 outinratio 0.0042 

VBFH126_4mu_mjj_genbin2_recobin0 acc 0.0244 eff 0.1675 outinratio 0.0049 

WminusH126_4mu_mjj_genbin2_recobin0 acc 0.0521 eff 0.0656 outinratio 0.0168 

WplusH126_4mu_mjj_genbin2_recobin0 acc 0.0432 eff 0.059 outinratio 0.0148 

ZH126_4mu_mjj_genbin2_recobin0 acc 0.0704 eff 0.0668 outinratio 0.0708 

ttH126_4mu_mjj_genbin2_recobin0 acc 0.216 eff 0.0141 outinratio 0.145 

ggH126_4mu_mjj_genbin3_recobin0 acc 0.0148 eff 0.0791 outinratio 0.0042 

VBFH126_4mu_mjj_genbin3_recobin0 acc 0.18 eff 0.123 outinratio 0.0049 

WminusH126_4mu_mjj_genbin3_recobin0 acc 0.0306 eff 0.0162 outinratio 0.0168 

WplusH126_4mu_mjj_genbin3_recobin0 acc 0.0314 eff 0.0332 outinratio 0.0148 

ZH126_4mu_mjj_genbin3_recobin0 acc 0.0322 eff 0.0268 outinratio 0.0708 

ttH126_4mu_mjj_genbin3_recobin0 acc 0.2326 eff 0.0043 outinratio 0.145 

ggH126_4mu_mjj_genbin0_recobin1 acc 0.4269 eff 0.0086 outinratio 0.0018 

VBFH126_4mu_mjj_genbin0_recobin1 acc 0.3021 eff 0.0125 outinratio 0.0194 

WminusH126_4mu_mjj_genbin0_recobin1 acc 0.2564 eff 0.033 outinratio 0.0151 

WplusH126_4mu_mjj_genbin0_recobin1 acc 0.2221 eff 0.036 outinratio 0.0119 

ZH126_4mu_mjj_genbin0_recobin1 acc 0.2225 eff 0.0284 outinratio 0.0302 

ttH126_4mu_mjj_genbin0_recobin1 acc 0.0179 eff 0.0845 outinratio 0.0449 

ggH126_4mu_mjj_genbin1_recobin1 acc 0.0115 eff 0.4028 outinratio 0.0018 

VBFH126_4mu_mjj_genbin1_recobin1 acc 0.0121 eff 0.4298 outinratio 0.0194 

WminusH126_4mu_mjj_genbin1_recobin1 acc 0.1 eff 0.4516 outinratio 0.0151 

WplusH126_4mu_mjj_genbin1_recobin1 acc 0.0964 eff 0.4474 outinratio 0.0119 

ZH126_4mu_mjj_genbin1_recobin1 acc 0.0877 eff 0.3483 outinratio 0.0302 

ttH126_4mu_mjj_genbin1_recobin1 acc 0.0536 eff 0.263 outinratio 0.0449 

ggH126_4mu_mjj_genbin2_recobin1 acc 0.021 eff 0.0503 outinratio 0.0018 

VBFH126_4mu_mjj_genbin2_recobin1 acc 0.0244 eff 0.0655 outinratio 0.0194 

WminusH126_4mu_mjj_genbin2_recobin1 acc 0.0521 eff 0.055 outinratio 0.0151 

WplusH126_4mu_mjj_genbin2_recobin1 acc 0.0432 eff 0.0615 outinratio 0.0119 

ZH126_4mu_mjj_genbin2_recobin1 acc 0.0704 eff 0.0909 outinratio 0.0302 

ttH126_4mu_mjj_genbin2_recobin1 acc 0.216 eff 0.0358 outinratio 0.0449 

ggH126_4mu_mjj_genbin3_recobin1 acc 0.0148 eff 0.0089 outinratio 0.0018 

VBFH126_4mu_mjj_genbin3_recobin1 acc 0.18 eff 0.0059 outinratio 0.0194 

WminusH126_4mu_mjj_genbin3_recobin1 acc 0.0306 eff 0.0183 outinratio 0.0151 

WplusH126_4mu_mjj_genbin3_recobin1 acc 0.0314 eff 0.0293 outinratio 0.0119 

ZH126_4mu_mjj_genbin3_recobin1 acc 0.0322 eff 0.0123 outinratio 0.0302 

ttH126_4mu_mjj_genbin3_recobin1 acc 0.2326 eff 0.007 outinratio 0.0449 

ggH126_4mu_mjj_genbin0_recobin2 acc 0.4269 eff 0.0099 outinratio 0.0043 

VBFH126_4mu_mjj_genbin0_recobin2 acc 0.3021 eff 0.0145 outinratio 0.0 

WminusH126_4mu_mjj_genbin0_recobin2 acc 0.2564 eff 0.0445 outinratio 0.0024 

WplusH126_4mu_mjj_genbin0_recobin2 acc 0.2221 eff 0.0415 outinratio 0.0084 

ZH126_4mu_mjj_genbin0_recobin2 acc 0.2225 eff 0.0383 outinratio 0.0363 

ttH126_4mu_mjj_genbin0_recobin2 acc 0.0179 eff 0.1001 outinratio 0.0393 

ggH126_4mu_mjj_genbin1_recobin2 acc 0.0115 eff 0.0645 outinratio 0.0043 

VBFH126_4mu_mjj_genbin1_recobin2 acc 0.0121 eff 0.1467 outinratio 0.0 

WminusH126_4mu_mjj_genbin1_recobin2 acc 0.1 eff 0.1228 outinratio 0.0024 

WplusH126_4mu_mjj_genbin1_recobin2 acc 0.0964 eff 0.1168 outinratio 0.0084 

ZH126_4mu_mjj_genbin1_recobin2 acc 0.0877 eff 0.1569 outinratio 0.0363 

ttH126_4mu_mjj_genbin1_recobin2 acc 0.0536 eff 0.1259 outinratio 0.0393 

ggH126_4mu_mjj_genbin2_recobin2 acc 0.021 eff 0.458 outinratio 0.0043 

VBFH126_4mu_mjj_genbin2_recobin2 acc 0.0244 eff 0.4385 outinratio 0.0 

WminusH126_4mu_mjj_genbin2_recobin2 acc 0.0521 eff 0.455 outinratio 0.0024 

WplusH126_4mu_mjj_genbin2_recobin2 acc 0.0432 eff 0.4411 outinratio 0.0084 

ZH126_4mu_mjj_genbin2_recobin2 acc 0.0704 eff 0.4653 outinratio 0.0363 

ttH126_4mu_mjj_genbin2_recobin2 acc 0.216 eff 0.3724 outinratio 0.0393 

ggH126_4mu_mjj_genbin3_recobin2 acc 0.0148 eff 0.0645 outinratio 0.0043 

VBFH126_4mu_mjj_genbin3_recobin2 acc 0.18 eff 0.0142 outinratio 0.0 

WminusH126_4mu_mjj_genbin3_recobin2 acc 0.0306 eff 0.0676 outinratio 0.0024 

WplusH126_4mu_mjj_genbin3_recobin2 acc 0.0314 eff 0.0548 outinratio 0.0084 

ZH126_4mu_mjj_genbin3_recobin2 acc 0.0322 eff 0.0534 outinratio 0.0363 

ttH126_4mu_mjj_genbin3_recobin2 acc 0.2326 eff 0.0582 outinratio 0.0393 

ggH126_4mu_mjj_genbin0_recobin3 acc 0.4269 eff 0.0062 outinratio 0.0 

VBFH126_4mu_mjj_genbin0_recobin3 acc 0.3021 eff 0.0575 outinratio 0.001 

WminusH126_4mu_mjj_genbin0_recobin3 acc 0.2564 eff 0.0097 outinratio 0.0155 

WplusH126_4mu_mjj_genbin0_recobin3 acc 0.2221 eff 0.0099 outinratio 0.003 

ZH126_4mu_mjj_genbin0_recobin3 acc 0.2225 eff 0.0071 outinratio 0.0391 

ttH126_4mu_mjj_genbin0_recobin3 acc 0.0179 eff 0.0528 outinratio 0.0383 

ggH126_4mu_mjj_genbin1_recobin3 acc 0.0115 eff 0.0137 outinratio 0.0 

VBFH126_4mu_mjj_genbin1_recobin3 acc 0.0121 eff 0.0571 outinratio 0.001 

WminusH126_4mu_mjj_genbin1_recobin3 acc 0.1 eff 0.01 outinratio 0.0155 

WplusH126_4mu_mjj_genbin1_recobin3 acc 0.0964 eff 0.0192 outinratio 0.003 

ZH126_4mu_mjj_genbin1_recobin3 acc 0.0877 eff 0.0132 outinratio 0.0391 

ttH126_4mu_mjj_genbin1_recobin3 acc 0.0536 eff 0.0575 outinratio 0.0383 

ggH126_4mu_mjj_genbin2_recobin3 acc 0.021 eff 0.0704 outinratio 0.0 

VBFH126_4mu_mjj_genbin2_recobin3 acc 0.0244 eff 0.1125 outinratio 0.001 

WminusH126_4mu_mjj_genbin2_recobin3 acc 0.0521 eff 0.0487 outinratio 0.0155 

WplusH126_4mu_mjj_genbin2_recobin3 acc 0.0432 eff 0.0523 outinratio 0.003 

ZH126_4mu_mjj_genbin2_recobin3 acc 0.0704 eff 0.0398 outinratio 0.0391 

ttH126_4mu_mjj_genbin2_recobin3 acc 0.216 eff 0.0611 outinratio 0.0383 

ggH126_4mu_mjj_genbin3_recobin3 acc 0.0148 eff 0.5313 outinratio 0.0 

VBFH126_4mu_mjj_genbin3_recobin3 acc 0.18 eff 0.5832 outinratio 0.001 

WminusH126_4mu_mjj_genbin3_recobin3 acc 0.0306 eff 0.5016 outinratio 0.0155 

WplusH126_4mu_mjj_genbin3_recobin3 acc 0.0314 eff 0.5409 outinratio 0.003 

ZH126_4mu_mjj_genbin3_recobin3 acc 0.0322 eff 0.5019 outinratio 0.0391 

ttH126_4mu_mjj_genbin3_recobin3 acc 0.2326 eff 0.4465 outinratio 0.0383 

ggH126_2e2mu_mjj_genbin0_recobin0 acc 0.3993 eff 0.4576 outinratio 0.0093 

VBFH126_2e2mu_mjj_genbin0_recobin0 acc 0.2886 eff 0.4256 outinratio 0.0091 

WminusH126_2e2mu_mjj_genbin0_recobin0 acc 0.235 eff 0.3957 outinratio 0.0232 

WplusH126_2e2mu_mjj_genbin0_recobin0 acc 0.2033 eff 0.3894 outinratio 0.0242 

ZH126_2e2mu_mjj_genbin0_recobin0 acc 0.2073 eff 0.3994 outinratio 0.0684 

ttH126_2e2mu_mjj_genbin0_recobin0 acc 0.0145 eff 0.161 outinratio 0.1897 

ggH126_2e2mu_mjj_genbin1_recobin0 acc 0.0096 eff 0.1166 outinratio 0.0093 

VBFH126_2e2mu_mjj_genbin1_recobin0 acc 0.0098 eff 0.1159 outinratio 0.0091 

WminusH126_2e2mu_mjj_genbin1_recobin0 acc 0.0959 eff 0.0637 outinratio 0.0232 

WplusH126_2e2mu_mjj_genbin1_recobin0 acc 0.0864 eff 0.0758 outinratio 0.0242 

ZH126_2e2mu_mjj_genbin1_recobin0 acc 0.084 eff 0.0915 outinratio 0.0684 

ttH126_2e2mu_mjj_genbin1_recobin0 acc 0.0533 eff 0.0114 outinratio 0.1897 

ggH126_2e2mu_mjj_genbin2_recobin0 acc 0.0171 eff 0.087 outinratio 0.0093 

VBFH126_2e2mu_mjj_genbin2_recobin0 acc 0.0246 eff 0.0699 outinratio 0.0091 

WminusH126_2e2mu_mjj_genbin2_recobin0 acc 0.0481 eff 0.0487 outinratio 0.0232 

WplusH126_2e2mu_mjj_genbin2_recobin0 acc 0.0408 eff 0.0406 outinratio 0.0242 

ZH126_2e2mu_mjj_genbin2_recobin0 acc 0.0659 eff 0.0464 outinratio 0.0684 

ttH126_2e2mu_mjj_genbin2_recobin0 acc 0.2003 eff 0.0059 outinratio 0.1897 

ggH126_2e2mu_mjj_genbin3_recobin0 acc 0.0145 eff 0.0516 outinratio 0.0093 

VBFH126_2e2mu_mjj_genbin3_recobin0 acc 0.1646 eff 0.0786 outinratio 0.0091 

WminusH126_2e2mu_mjj_genbin3_recobin0 acc 0.0278 eff 0.018 outinratio 0.0232 

WplusH126_2e2mu_mjj_genbin3_recobin0 acc 0.0297 eff 0.0199 outinratio 0.0242 

ZH126_2e2mu_mjj_genbin3_recobin0 acc 0.0312 eff 0.0222 outinratio 0.0684 

ttH126_2e2mu_mjj_genbin3_recobin0 acc 0.2149 eff 0.0027 outinratio 0.1897 

ggH126_2e2mu_mjj_genbin0_recobin1 acc 0.3993 eff 0.0055 outinratio 0.0044 

VBFH126_2e2mu_mjj_genbin0_recobin1 acc 0.2886 eff 0.0105 outinratio 0.0 

WminusH126_2e2mu_mjj_genbin0_recobin1 acc 0.235 eff 0.0266 outinratio 0.0115 

WplusH126_2e2mu_mjj_genbin0_recobin1 acc 0.2033 eff 0.026 outinratio 0.0138 

ZH126_2e2mu_mjj_genbin0_recobin1 acc 0.2073 eff 0.0196 outinratio 0.0325 

ttH126_2e2mu_mjj_genbin0_recobin1 acc 0.0145 eff 0.0137 outinratio 0.0374 

ggH126_2e2mu_mjj_genbin1_recobin1 acc 0.0096 eff 0.33 outinratio 0.0044 

VBFH126_2e2mu_mjj_genbin1_recobin1 acc 0.0098 eff 0.3607 outinratio 0.0 

WminusH126_2e2mu_mjj_genbin1_recobin1 acc 0.0959 eff 0.3332 outinratio 0.0115 

WplusH126_2e2mu_mjj_genbin1_recobin1 acc 0.0864 eff 0.3467 outinratio 0.0138 

ZH126_2e2mu_mjj_genbin1_recobin1 acc 0.084 eff 0.262 outinratio 0.0325 

ttH126_2e2mu_mjj_genbin1_recobin1 acc 0.0533 eff 0.2221 outinratio 0.0374 

ggH126_2e2mu_mjj_genbin2_recobin1 acc 0.0171 eff 0.0382 outinratio 0.0044 

VBFH126_2e2mu_mjj_genbin2_recobin1 acc 0.0246 eff 0.0031 outinratio 0.0 

WminusH126_2e2mu_mjj_genbin2_recobin1 acc 0.0481 eff 0.0401 outinratio 0.0115 

WplusH126_2e2mu_mjj_genbin2_recobin1 acc 0.0408 eff 0.0388 outinratio 0.0138 

ZH126_2e2mu_mjj_genbin2_recobin1 acc 0.0659 eff 0.0595 outinratio 0.0325 

ttH126_2e2mu_mjj_genbin2_recobin1 acc 0.2003 eff 0.0279 outinratio 0.0374 

ggH126_2e2mu_mjj_genbin3_recobin1 acc 0.0145 eff 0.0175 outinratio 0.0044 

VBFH126_2e2mu_mjj_genbin3_recobin1 acc 0.1646 eff 0.0019 outinratio 0.0 

WminusH126_2e2mu_mjj_genbin3_recobin1 acc 0.0278 eff 0.0036 outinratio 0.0115 

WplusH126_2e2mu_mjj_genbin3_recobin1 acc 0.0297 eff 0.0134 outinratio 0.0138 

ZH126_2e2mu_mjj_genbin3_recobin1 acc 0.0312 eff 0.0119 outinratio 0.0325 

ttH126_2e2mu_mjj_genbin3_recobin1 acc 0.2149 eff 0.0065 outinratio 0.0374 

ggH126_2e2mu_mjj_genbin0_recobin2 acc 0.3993 eff 0.0069 outinratio 0.0084 

VBFH126_2e2mu_mjj_genbin0_recobin2 acc 0.2886 eff 0.0104 outinratio 0.0095 

WminusH126_2e2mu_mjj_genbin0_recobin2 acc 0.235 eff 0.0283 outinratio 0.0135 

WplusH126_2e2mu_mjj_genbin0_recobin2 acc 0.2033 eff 0.0342 outinratio 0.018 

ZH126_2e2mu_mjj_genbin0_recobin2 acc 0.2073 eff 0.028 outinratio 0.0312 

ttH126_2e2mu_mjj_genbin0_recobin2 acc 0.0145 eff 0.0584 outinratio 0.0448 

ggH126_2e2mu_mjj_genbin1_recobin2 acc 0.0096 eff 0.047 outinratio 0.0084 

VBFH126_2e2mu_mjj_genbin1_recobin2 acc 0.0098 eff 0.0259 outinratio 0.0095 

WminusH126_2e2mu_mjj_genbin1_recobin2 acc 0.0959 eff 0.0802 outinratio 0.0135 

WplusH126_2e2mu_mjj_genbin1_recobin2 acc 0.0864 eff 0.0796 outinratio 0.018 

ZH126_2e2mu_mjj_genbin1_recobin2 acc 0.084 eff 0.1226 outinratio 0.0312 

ttH126_2e2mu_mjj_genbin1_recobin2 acc 0.0533 eff 0.0899 outinratio 0.0448 

ggH126_2e2mu_mjj_genbin2_recobin2 acc 0.0171 eff 0.3516 outinratio 0.0084 

VBFH126_2e2mu_mjj_genbin2_recobin2 acc 0.0246 eff 0.3537 outinratio 0.0095 

WminusH126_2e2mu_mjj_genbin2_recobin2 acc 0.0481 eff 0.3297 outinratio 0.0135 

WplusH126_2e2mu_mjj_genbin2_recobin2 acc 0.0408 eff 0.3483 outinratio 0.018 

ZH126_2e2mu_mjj_genbin2_recobin2 acc 0.0659 eff 0.3385 outinratio 0.0312 

ttH126_2e2mu_mjj_genbin2_recobin2 acc 0.2003 eff 0.2891 outinratio 0.0448 

ggH126_2e2mu_mjj_genbin3_recobin2 acc 0.0145 eff 0.0279 outinratio 0.0084 

VBFH126_2e2mu_mjj_genbin3_recobin2 acc 0.1646 eff 0.0107 outinratio 0.0095 

WminusH126_2e2mu_mjj_genbin3_recobin2 acc 0.0278 eff 0.0337 outinratio 0.0135 

WplusH126_2e2mu_mjj_genbin3_recobin2 acc 0.0297 eff 0.0387 outinratio 0.018 

ZH126_2e2mu_mjj_genbin3_recobin2 acc 0.0312 eff 0.047 outinratio 0.0312 

ttH126_2e2mu_mjj_genbin3_recobin2 acc 0.2149 eff 0.0347 outinratio 0.0448 

ggH126_2e2mu_mjj_genbin0_recobin3 acc 0.3993 eff 0.0046 outinratio 0.0023 

VBFH126_2e2mu_mjj_genbin0_recobin3 acc 0.2886 eff 0.0494 outinratio 0.0014 

WminusH126_2e2mu_mjj_genbin0_recobin3 acc 0.235 eff 0.0083 outinratio 0.014 

WplusH126_2e2mu_mjj_genbin0_recobin3 acc 0.2033 eff 0.0076 outinratio 0.0127 

ZH126_2e2mu_mjj_genbin0_recobin3 acc 0.2073 eff 0.0068 outinratio 0.0483 

ttH126_2e2mu_mjj_genbin0_recobin3 acc 0.0145 eff 0.0661 outinratio 0.0341 

ggH126_2e2mu_mjj_genbin1_recobin3 acc 0.0096 eff 0.0158 outinratio 0.0023 

VBFH126_2e2mu_mjj_genbin1_recobin3 acc 0.0098 eff 0.0085 outinratio 0.0014 

WminusH126_2e2mu_mjj_genbin1_recobin3 acc 0.0959 eff 0.0088 outinratio 0.014 

WplusH126_2e2mu_mjj_genbin1_recobin3 acc 0.0864 eff 0.0068 outinratio 0.0127 

ZH126_2e2mu_mjj_genbin1_recobin3 acc 0.084 eff 0.0056 outinratio 0.0483 

ttH126_2e2mu_mjj_genbin1_recobin3 acc 0.0533 eff 0.0491 outinratio 0.0341 

ggH126_2e2mu_mjj_genbin2_recobin3 acc 0.0171 eff 0.033 outinratio 0.0023 

VBFH126_2e2mu_mjj_genbin2_recobin3 acc 0.0246 eff 0.0652 outinratio 0.0014 

WminusH126_2e2mu_mjj_genbin2_recobin3 acc 0.0481 eff 0.0405 outinratio 0.014 

WplusH126_2e2mu_mjj_genbin2_recobin3 acc 0.0408 eff 0.0387 outinratio 0.0127 

ZH126_2e2mu_mjj_genbin2_recobin3 acc 0.0659 eff 0.025 outinratio 0.0483 

ttH126_2e2mu_mjj_genbin2_recobin3 acc 0.2003 eff 0.0532 outinratio 0.0341 

ggH126_2e2mu_mjj_genbin3_recobin3 acc 0.0145 eff 0.3925 outinratio 0.0023 

VBFH126_2e2mu_mjj_genbin3_recobin3 acc 0.1646 eff 0.4342 outinratio 0.0014 

WminusH126_2e2mu_mjj_genbin3_recobin3 acc 0.0278 eff 0.3825 outinratio 0.014 

WplusH126_2e2mu_mjj_genbin3_recobin3 acc 0.0297 eff 0.3633 outinratio 0.0127 

ZH126_2e2mu_mjj_genbin3_recobin3 acc 0.0312 eff 0.3894 outinratio 0.0483 

ttH126_2e2mu_mjj_genbin3_recobin3 acc 0.2149 eff 0.3497 outinratio 0.0341 

Coeff fullNNLOPS
