Welcome in RunCoefficients!
OPT SPLIT
DEBUG opt.YEAR = 2024_3
It is a single-differential measurement, binning [-100.0, 0.0, 210.0, 275.0, 355.0, 460.0, 645.0, 10000.0]
mHj
Following observables extracted from dictionary: RECO =  mHj  GEN =  GENmHj
LUMI: 10.882200000000001
ttH126 0.00046886125
Processing ggH126 2024_3
Signal created
Signal failed created
Processing VBFH126 2024_3
Signal created
Signal failed created
Processing WminusH126 2024_3
Signal created
Signal failed created
Processing WplusH126 2024_3
Signal created
Signal failed created
Processing ZH126 2024_3
Signal created
Signal failed created
Processing ttH126 2024_3
Signal created
Signal failed created
2024_3 SKIMMED df CREATED
2024_3 ggH126
2024_3 VBFH126
2024_3 WminusH126
2024_3 WplusH126
2024_3 ZH126
2024_3 ttH126
Dataframes created successfully
Coeff std
ggH126_4l_mHj_genbin0_recobin0 acc 0.2574 eff 0.4626 outinratio 0.0484 

VBFH126_4l_mHj_genbin0_recobin0 acc 0.0396 eff 0.3815 outinratio 0.0346 

WminusH126_4l_mHj_genbin0_recobin0 acc 0.0844 eff 0.3767 outinratio 0.073 

WplusH126_4l_mHj_genbin0_recobin0 acc 0.0737 eff 0.3813 outinratio 0.0652 

ZH126_4l_mHj_genbin0_recobin0 acc 0.0768 eff 0.4239 outinratio 0.075 

ttH126_4l_mHj_genbin0_recobin0 acc 0.0008 eff 0.1331 outinratio 0.022 

ggH126_4l_mHj_genbin1_recobin0 acc 0.0375 eff 0.0944 outinratio 0.0484 

VBFH126_4l_mHj_genbin1_recobin0 acc 0.0241 eff 0.0556 outinratio 0.0346 

WminusH126_4l_mHj_genbin1_recobin0 acc 0.0818 eff 0.0382 outinratio 0.073 

WplusH126_4l_mHj_genbin1_recobin0 acc 0.0673 eff 0.0435 outinratio 0.0652 

ZH126_4l_mHj_genbin1_recobin0 acc 0.0749 eff 0.0424 outinratio 0.075 

ttH126_4l_mHj_genbin1_recobin0 acc 0.0267 eff 0.0031 outinratio 0.022 

ggH126_4l_mHj_genbin2_recobin0 acc 0.0383 eff 0.0426 outinratio 0.0484 

VBFH126_4l_mHj_genbin2_recobin0 acc 0.0625 eff 0.0276 outinratio 0.0346 

WminusH126_4l_mHj_genbin2_recobin0 acc 0.0835 eff 0.0132 outinratio 0.073 

WplusH126_4l_mHj_genbin2_recobin0 acc 0.0734 eff 0.0117 outinratio 0.0652 

ZH126_4l_mHj_genbin2_recobin0 acc 0.0837 eff 0.0109 outinratio 0.075 

ttH126_4l_mHj_genbin2_recobin0 acc 0.076 eff 0.0001 outinratio 0.022 

ggH126_4l_mHj_genbin3_recobin0 acc 0.0276 eff 0.0433 outinratio 0.0484 

VBFH126_4l_mHj_genbin3_recobin0 acc 0.0808 eff 0.0196 outinratio 0.0346 

WminusH126_4l_mHj_genbin3_recobin0 acc 0.0512 eff 0.0068 outinratio 0.073 

WplusH126_4l_mHj_genbin3_recobin0 acc 0.0456 eff 0.0066 outinratio 0.0652 

ZH126_4l_mHj_genbin3_recobin0 acc 0.0502 eff 0.0053 outinratio 0.075 

ttH126_4l_mHj_genbin3_recobin0 acc 0.0778 eff 0.0003 outinratio 0.022 

ggH126_4l_mHj_genbin4_recobin0 acc 0.0195 eff 0.0394 outinratio 0.0484 

VBFH126_4l_mHj_genbin4_recobin0 acc 0.0797 eff 0.018 outinratio 0.0346 

WminusH126_4l_mHj_genbin4_recobin0 acc 0.0294 eff 0.0034 outinratio 0.073 

WplusH126_4l_mHj_genbin4_recobin0 acc 0.0267 eff 0.0067 outinratio 0.0652 

ZH126_4l_mHj_genbin4_recobin0 acc 0.0298 eff 0.0022 outinratio 0.075 

ttH126_4l_mHj_genbin4_recobin0 acc 0.0604 eff 0.0002 outinratio 0.022 

ggH126_4l_mHj_genbin5_recobin0 acc 0.0162 eff 0.0386 outinratio 0.0484 

VBFH126_4l_mHj_genbin5_recobin0 acc 0.0807 eff 0.0173 outinratio 0.0346 

WminusH126_4l_mHj_genbin5_recobin0 acc 0.0155 eff 0.0086 outinratio 0.073 

WplusH126_4l_mHj_genbin5_recobin0 acc 0.0167 eff 0.0026 outinratio 0.0652 

ZH126_4l_mHj_genbin5_recobin0 acc 0.0188 eff 0.0032 outinratio 0.075 

ttH126_4l_mHj_genbin5_recobin0 acc 0.0439 eff 0.0 outinratio 0.022 

ggH126_4l_mHj_genbin6_recobin0 acc 0.0109 eff 0.025 outinratio 0.0484 

VBFH126_4l_mHj_genbin6_recobin0 acc 0.0853 eff 0.0117 outinratio 0.0346 

WminusH126_4l_mHj_genbin6_recobin0 acc 0.0083 eff 0.0 outinratio 0.073 

WplusH126_4l_mHj_genbin6_recobin0 acc 0.0104 eff 0.0019 outinratio 0.0652 

ZH126_4l_mHj_genbin6_recobin0 acc 0.0084 eff 0.0061 outinratio 0.075 

ttH126_4l_mHj_genbin6_recobin0 acc 0.0316 eff 0.0 outinratio 0.022 

ggH126_4l_mHj_genbin0_recobin1 acc 0.2574 eff 0.0358 outinratio 0.0845 

VBFH126_4l_mHj_genbin0_recobin1 acc 0.0396 eff 0.0437 outinratio 0.0481 

WminusH126_4l_mHj_genbin0_recobin1 acc 0.0844 eff 0.0794 outinratio 0.0963 

WplusH126_4l_mHj_genbin0_recobin1 acc 0.0737 eff 0.0774 outinratio 0.0859 

ZH126_4l_mHj_genbin0_recobin1 acc 0.0768 eff 0.0661 outinratio 0.0959 

ttH126_4l_mHj_genbin0_recobin1 acc 0.0008 eff 0.1194 outinratio 0.209 

ggH126_4l_mHj_genbin1_recobin1 acc 0.0375 eff 0.3923 outinratio 0.0845 

VBFH126_4l_mHj_genbin1_recobin1 acc 0.0241 eff 0.3587 outinratio 0.0481 

WminusH126_4l_mHj_genbin1_recobin1 acc 0.0818 eff 0.401 outinratio 0.0963 

WplusH126_4l_mHj_genbin1_recobin1 acc 0.0673 eff 0.4042 outinratio 0.0859 

ZH126_4l_mHj_genbin1_recobin1 acc 0.0749 eff 0.4013 outinratio 0.0959 

ttH126_4l_mHj_genbin1_recobin1 acc 0.0267 eff 0.332 outinratio 0.209 

ggH126_4l_mHj_genbin2_recobin1 acc 0.0383 eff 0.0574 outinratio 0.0845 

VBFH126_4l_mHj_genbin2_recobin1 acc 0.0625 eff 0.0299 outinratio 0.0481 

WminusH126_4l_mHj_genbin2_recobin1 acc 0.0835 eff 0.0543 outinratio 0.0963 

WplusH126_4l_mHj_genbin2_recobin1 acc 0.0734 eff 0.0546 outinratio 0.0859 

ZH126_4l_mHj_genbin2_recobin1 acc 0.0837 eff 0.0577 outinratio 0.0959 

ttH126_4l_mHj_genbin2_recobin1 acc 0.076 eff 0.0462 outinratio 0.209 

ggH126_4l_mHj_genbin3_recobin1 acc 0.0276 eff 0.0178 outinratio 0.0845 

VBFH126_4l_mHj_genbin3_recobin1 acc 0.0808 eff 0.0075 outinratio 0.0481 

WminusH126_4l_mHj_genbin3_recobin1 acc 0.0512 eff 0.0074 outinratio 0.0963 

WplusH126_4l_mHj_genbin3_recobin1 acc 0.0456 eff 0.0079 outinratio 0.0859 

ZH126_4l_mHj_genbin3_recobin1 acc 0.0502 eff 0.0081 outinratio 0.0959 

ttH126_4l_mHj_genbin3_recobin1 acc 0.0778 eff 0.0099 outinratio 0.209 

ggH126_4l_mHj_genbin4_recobin1 acc 0.0195 eff 0.0086 outinratio 0.0845 

VBFH126_4l_mHj_genbin4_recobin1 acc 0.0797 eff 0.006 outinratio 0.0481 

WminusH126_4l_mHj_genbin4_recobin1 acc 0.0294 eff 0.0024 outinratio 0.0963 

WplusH126_4l_mHj_genbin4_recobin1 acc 0.0267 eff 0.0067 outinratio 0.0859 

ZH126_4l_mHj_genbin4_recobin1 acc 0.0298 eff 0.0081 outinratio 0.0959 

ttH126_4l_mHj_genbin4_recobin1 acc 0.0604 eff 0.0052 outinratio 0.209 

ggH126_4l_mHj_genbin5_recobin1 acc 0.0162 eff 0.0029 outinratio 0.0845 

VBFH126_4l_mHj_genbin5_recobin1 acc 0.0807 eff 0.0039 outinratio 0.0481 

WminusH126_4l_mHj_genbin5_recobin1 acc 0.0155 eff 0.0033 outinratio 0.0963 

WplusH126_4l_mHj_genbin5_recobin1 acc 0.0167 eff 0.003 outinratio 0.0859 

ZH126_4l_mHj_genbin5_recobin1 acc 0.0188 eff 0.0017 outinratio 0.0959 

ttH126_4l_mHj_genbin5_recobin1 acc 0.0439 eff 0.0048 outinratio 0.209 

ggH126_4l_mHj_genbin6_recobin1 acc 0.0109 eff 0.0053 outinratio 0.0845 

VBFH126_4l_mHj_genbin6_recobin1 acc 0.0853 eff 0.0049 outinratio 0.0481 

WminusH126_4l_mHj_genbin6_recobin1 acc 0.0083 eff 0.0043 outinratio 0.0963 

WplusH126_4l_mHj_genbin6_recobin1 acc 0.0104 eff 0.0075 outinratio 0.0859 

ZH126_4l_mHj_genbin6_recobin1 acc 0.0084 eff 0.0 outinratio 0.0959 

ttH126_4l_mHj_genbin6_recobin1 acc 0.0316 eff 0.0021 outinratio 0.209 

ggH126_4l_mHj_genbin0_recobin2 acc 0.2574 eff 0.0117 outinratio 0.0627 

VBFH126_4l_mHj_genbin0_recobin2 acc 0.0396 eff 0.0242 outinratio 0.036 

WminusH126_4l_mHj_genbin0_recobin2 acc 0.0844 eff 0.046 outinratio 0.0915 

WplusH126_4l_mHj_genbin0_recobin2 acc 0.0737 eff 0.0422 outinratio 0.0802 

ZH126_4l_mHj_genbin0_recobin2 acc 0.0768 eff 0.0316 outinratio 0.0909 

ttH126_4l_mHj_genbin0_recobin2 acc 0.0008 eff 0.0574 outinratio 0.1858 

ggH126_4l_mHj_genbin1_recobin2 acc 0.0375 eff 0.0496 outinratio 0.0627 

VBFH126_4l_mHj_genbin1_recobin2 acc 0.0241 eff 0.0914 outinratio 0.036 

WminusH126_4l_mHj_genbin1_recobin2 acc 0.0818 eff 0.0772 outinratio 0.0915 

WplusH126_4l_mHj_genbin1_recobin2 acc 0.0673 eff 0.0707 outinratio 0.0802 

ZH126_4l_mHj_genbin1_recobin2 acc 0.0749 eff 0.073 outinratio 0.0909 

ttH126_4l_mHj_genbin1_recobin2 acc 0.0267 eff 0.1154 outinratio 0.1858 

ggH126_4l_mHj_genbin2_recobin2 acc 0.0383 eff 0.4077 outinratio 0.0627 

VBFH126_4l_mHj_genbin2_recobin2 acc 0.0625 eff 0.3774 outinratio 0.036 

WminusH126_4l_mHj_genbin2_recobin2 acc 0.0835 eff 0.4304 outinratio 0.0915 

WplusH126_4l_mHj_genbin2_recobin2 acc 0.0734 eff 0.4287 outinratio 0.0802 

ZH126_4l_mHj_genbin2_recobin2 acc 0.0837 eff 0.4085 outinratio 0.0909 

ttH126_4l_mHj_genbin2_recobin2 acc 0.076 eff 0.3953 outinratio 0.1858 

ggH126_4l_mHj_genbin3_recobin2 acc 0.0276 eff 0.0562 outinratio 0.0627 

VBFH126_4l_mHj_genbin3_recobin2 acc 0.0808 eff 0.0461 outinratio 0.036 

WminusH126_4l_mHj_genbin3_recobin2 acc 0.0512 eff 0.0631 outinratio 0.0915 

WplusH126_4l_mHj_genbin3_recobin2 acc 0.0456 eff 0.0607 outinratio 0.0802 

ZH126_4l_mHj_genbin3_recobin2 acc 0.0502 eff 0.0881 outinratio 0.0909 

ttH126_4l_mHj_genbin3_recobin2 acc 0.0778 eff 0.0649 outinratio 0.1858 

ggH126_4l_mHj_genbin4_recobin2 acc 0.0195 eff 0.0121 outinratio 0.0627 

VBFH126_4l_mHj_genbin4_recobin2 acc 0.0797 eff 0.0095 outinratio 0.036 

WminusH126_4l_mHj_genbin4_recobin2 acc 0.0294 eff 0.0015 outinratio 0.0915 

WplusH126_4l_mHj_genbin4_recobin2 acc 0.0267 eff 0.0109 outinratio 0.0802 

ZH126_4l_mHj_genbin4_recobin2 acc 0.0298 eff 0.0067 outinratio 0.0909 

ttH126_4l_mHj_genbin4_recobin2 acc 0.0604 eff 0.0135 outinratio 0.1858 

ggH126_4l_mHj_genbin5_recobin2 acc 0.0162 eff 0.0035 outinratio 0.0627 

VBFH126_4l_mHj_genbin5_recobin2 acc 0.0807 eff 0.0074 outinratio 0.036 

WminusH126_4l_mHj_genbin5_recobin2 acc 0.0155 eff 0.0113 outinratio 0.0915 

WplusH126_4l_mHj_genbin5_recobin2 acc 0.0167 eff 0.0064 outinratio 0.0802 

ZH126_4l_mHj_genbin5_recobin2 acc 0.0188 eff 0.0013 outinratio 0.0909 

ttH126_4l_mHj_genbin5_recobin2 acc 0.0439 eff 0.0106 outinratio 0.1858 

ggH126_4l_mHj_genbin6_recobin2 acc 0.0109 eff 0.0076 outinratio 0.0627 

VBFH126_4l_mHj_genbin6_recobin2 acc 0.0853 eff 0.008 outinratio 0.036 

WminusH126_4l_mHj_genbin6_recobin2 acc 0.0083 eff 0.0115 outinratio 0.0915 

WplusH126_4l_mHj_genbin6_recobin2 acc 0.0104 eff 0.0076 outinratio 0.0802 

ZH126_4l_mHj_genbin6_recobin2 acc 0.0084 eff 0.0075 outinratio 0.0909 

ttH126_4l_mHj_genbin6_recobin2 acc 0.0316 eff 0.0156 outinratio 0.1858 

ggH126_4l_mHj_genbin0_recobin3 acc 0.2574 eff 0.0079 outinratio 0.0505 

VBFH126_4l_mHj_genbin0_recobin3 acc 0.0396 eff 0.0271 outinratio 0.0349 

WminusH126_4l_mHj_genbin0_recobin3 acc 0.0844 eff 0.0182 outinratio 0.0529 

WplusH126_4l_mHj_genbin0_recobin3 acc 0.0737 eff 0.0173 outinratio 0.0713 

ZH126_4l_mHj_genbin0_recobin3 acc 0.0768 eff 0.0105 outinratio 0.0773 

ttH126_4l_mHj_genbin0_recobin3 acc 0.0008 eff 0.1805 outinratio 0.1723 

ggH126_4l_mHj_genbin1_recobin3 acc 0.0375 eff 0.0061 outinratio 0.0505 

VBFH126_4l_mHj_genbin1_recobin3 acc 0.0241 eff 0.0137 outinratio 0.0349 

WminusH126_4l_mHj_genbin1_recobin3 acc 0.0818 eff 0.0069 outinratio 0.0529 

WplusH126_4l_mHj_genbin1_recobin3 acc 0.0673 eff 0.0067 outinratio 0.0713 

ZH126_4l_mHj_genbin1_recobin3 acc 0.0749 eff 0.0075 outinratio 0.0773 

ttH126_4l_mHj_genbin1_recobin3 acc 0.0267 eff 0.0281 outinratio 0.1723 

ggH126_4l_mHj_genbin2_recobin3 acc 0.0383 eff 0.0421 outinratio 0.0505 

VBFH126_4l_mHj_genbin2_recobin3 acc 0.0625 eff 0.0877 outinratio 0.0349 

WminusH126_4l_mHj_genbin2_recobin3 acc 0.0835 eff 0.0565 outinratio 0.0529 

WplusH126_4l_mHj_genbin2_recobin3 acc 0.0734 eff 0.0505 outinratio 0.0713 

ZH126_4l_mHj_genbin2_recobin3 acc 0.0837 eff 0.0446 outinratio 0.0773 

ttH126_4l_mHj_genbin2_recobin3 acc 0.076 eff 0.06 outinratio 0.1723 

ggH126_4l_mHj_genbin3_recobin3 acc 0.0276 eff 0.4037 outinratio 0.0505 

VBFH126_4l_mHj_genbin3_recobin3 acc 0.0808 eff 0.383 outinratio 0.0349 

WminusH126_4l_mHj_genbin3_recobin3 acc 0.0512 eff 0.4231 outinratio 0.0529 

WplusH126_4l_mHj_genbin3_recobin3 acc 0.0456 eff 0.45 outinratio 0.0713 

ZH126_4l_mHj_genbin3_recobin3 acc 0.0502 eff 0.4531 outinratio 0.0773 

ttH126_4l_mHj_genbin3_recobin3 acc 0.0778 eff 0.3861 outinratio 0.1723 

ggH126_4l_mHj_genbin4_recobin3 acc 0.0195 eff 0.0674 outinratio 0.0505 

VBFH126_4l_mHj_genbin4_recobin3 acc 0.0797 eff 0.052 outinratio 0.0349 

WminusH126_4l_mHj_genbin4_recobin3 acc 0.0294 eff 0.0582 outinratio 0.0529 

WplusH126_4l_mHj_genbin4_recobin3 acc 0.0267 eff 0.0498 outinratio 0.0713 

ZH126_4l_mHj_genbin4_recobin3 acc 0.0298 eff 0.0681 outinratio 0.0773 

ttH126_4l_mHj_genbin4_recobin3 acc 0.0604 eff 0.0675 outinratio 0.1723 

ggH126_4l_mHj_genbin5_recobin3 acc 0.0162 eff 0.0053 outinratio 0.0505 

VBFH126_4l_mHj_genbin5_recobin3 acc 0.0807 eff 0.0085 outinratio 0.0349 

WminusH126_4l_mHj_genbin5_recobin3 acc 0.0155 eff 0.0165 outinratio 0.0529 

WplusH126_4l_mHj_genbin5_recobin3 acc 0.0167 eff 0.0028 outinratio 0.0713 

ZH126_4l_mHj_genbin5_recobin3 acc 0.0188 eff 0.0034 outinratio 0.0773 

ttH126_4l_mHj_genbin5_recobin3 acc 0.0439 eff 0.0085 outinratio 0.1723 

ggH126_4l_mHj_genbin6_recobin3 acc 0.0109 eff 0.0024 outinratio 0.0505 

VBFH126_4l_mHj_genbin6_recobin3 acc 0.0853 eff 0.009 outinratio 0.0349 

WminusH126_4l_mHj_genbin6_recobin3 acc 0.0083 eff 0.0025 outinratio 0.0529 

WplusH126_4l_mHj_genbin6_recobin3 acc 0.0104 eff 0.0041 outinratio 0.0713 

ZH126_4l_mHj_genbin6_recobin3 acc 0.0084 eff 0.0047 outinratio 0.0773 

ttH126_4l_mHj_genbin6_recobin3 acc 0.0316 eff 0.0066 outinratio 0.1723 

ggH126_4l_mHj_genbin0_recobin4 acc 0.2574 eff 0.0066 outinratio 0.0427 

VBFH126_4l_mHj_genbin0_recobin4 acc 0.0396 eff 0.0265 outinratio 0.0308 

WminusH126_4l_mHj_genbin0_recobin4 acc 0.0844 eff 0.0124 outinratio 0.0636 

WplusH126_4l_mHj_genbin0_recobin4 acc 0.0737 eff 0.0092 outinratio 0.0556 

ZH126_4l_mHj_genbin0_recobin4 acc 0.0768 eff 0.0125 outinratio 0.0665 

ttH126_4l_mHj_genbin0_recobin4 acc 0.0008 eff 0.0304 outinratio 0.1374 

ggH126_4l_mHj_genbin1_recobin4 acc 0.0375 eff 0.0041 outinratio 0.0427 

VBFH126_4l_mHj_genbin1_recobin4 acc 0.0241 eff 0.0099 outinratio 0.0308 

WminusH126_4l_mHj_genbin1_recobin4 acc 0.0818 eff 0.001 outinratio 0.0636 

WplusH126_4l_mHj_genbin1_recobin4 acc 0.0673 eff 0.0028 outinratio 0.0556 

ZH126_4l_mHj_genbin1_recobin4 acc 0.0749 eff 0.0024 outinratio 0.0665 

ttH126_4l_mHj_genbin1_recobin4 acc 0.0267 eff 0.0174 outinratio 0.1374 

ggH126_4l_mHj_genbin2_recobin4 acc 0.0383 eff 0.0026 outinratio 0.0427 

VBFH126_4l_mHj_genbin2_recobin4 acc 0.0625 eff 0.0112 outinratio 0.0308 

WminusH126_4l_mHj_genbin2_recobin4 acc 0.0835 eff 0.003 outinratio 0.0636 

WplusH126_4l_mHj_genbin2_recobin4 acc 0.0734 eff 0.0041 outinratio 0.0556 

ZH126_4l_mHj_genbin2_recobin4 acc 0.0837 eff 0.0046 outinratio 0.0665 

ttH126_4l_mHj_genbin2_recobin4 acc 0.076 eff 0.0131 outinratio 0.1374 

ggH126_4l_mHj_genbin3_recobin4 acc 0.0276 eff 0.0478 outinratio 0.0427 

VBFH126_4l_mHj_genbin3_recobin4 acc 0.0808 eff 0.078 outinratio 0.0308 

WminusH126_4l_mHj_genbin3_recobin4 acc 0.0512 eff 0.0552 outinratio 0.0636 

WplusH126_4l_mHj_genbin3_recobin4 acc 0.0456 eff 0.0471 outinratio 0.0556 

ZH126_4l_mHj_genbin3_recobin4 acc 0.0502 eff 0.0331 outinratio 0.0665 

ttH126_4l_mHj_genbin3_recobin4 acc 0.0778 eff 0.0563 outinratio 0.1374 

ggH126_4l_mHj_genbin4_recobin4 acc 0.0195 eff 0.417 outinratio 0.0427 

VBFH126_4l_mHj_genbin4_recobin4 acc 0.0797 eff 0.3969 outinratio 0.0308 

WminusH126_4l_mHj_genbin4_recobin4 acc 0.0294 eff 0.466 outinratio 0.0636 

WplusH126_4l_mHj_genbin4_recobin4 acc 0.0267 eff 0.4533 outinratio 0.0556 

ZH126_4l_mHj_genbin4_recobin4 acc 0.0298 eff 0.4356 outinratio 0.0665 

ttH126_4l_mHj_genbin4_recobin4 acc 0.0604 eff 0.4142 outinratio 0.1374 

ggH126_4l_mHj_genbin5_recobin4 acc 0.0162 eff 0.0654 outinratio 0.0427 

VBFH126_4l_mHj_genbin5_recobin4 acc 0.0807 eff 0.0458 outinratio 0.0308 

WminusH126_4l_mHj_genbin5_recobin4 acc 0.0155 eff 0.0574 outinratio 0.0636 

WplusH126_4l_mHj_genbin5_recobin4 acc 0.0167 eff 0.059 outinratio 0.0556 

ZH126_4l_mHj_genbin5_recobin4 acc 0.0188 eff 0.0526 outinratio 0.0665 

ttH126_4l_mHj_genbin5_recobin4 acc 0.0439 eff 0.0629 outinratio 0.1374 

ggH126_4l_mHj_genbin6_recobin4 acc 0.0109 eff 0.0041 outinratio 0.0427 

VBFH126_4l_mHj_genbin6_recobin4 acc 0.0853 eff 0.0084 outinratio 0.0308 

WminusH126_4l_mHj_genbin6_recobin4 acc 0.0083 eff 0.0083 outinratio 0.0636 

WplusH126_4l_mHj_genbin6_recobin4 acc 0.0104 eff 0.0071 outinratio 0.0556 

ZH126_4l_mHj_genbin6_recobin4 acc 0.0084 eff 0.01 outinratio 0.0665 

ttH126_4l_mHj_genbin6_recobin4 acc 0.0316 eff 0.0047 outinratio 0.1374 

ggH126_4l_mHj_genbin0_recobin5 acc 0.2574 eff 0.0067 outinratio 0.0425 

VBFH126_4l_mHj_genbin0_recobin5 acc 0.0396 eff 0.0211 outinratio 0.0292 

WminusH126_4l_mHj_genbin0_recobin5 acc 0.0844 eff 0.0072 outinratio 0.077 

WplusH126_4l_mHj_genbin0_recobin5 acc 0.0737 eff 0.0076 outinratio 0.0585 

ZH126_4l_mHj_genbin0_recobin5 acc 0.0768 eff 0.004 outinratio 0.0746 

ttH126_4l_mHj_genbin0_recobin5 acc 0.0008 eff 0.0735 outinratio 0.1448 

ggH126_4l_mHj_genbin1_recobin5 acc 0.0375 eff 0.0053 outinratio 0.0425 

VBFH126_4l_mHj_genbin1_recobin5 acc 0.0241 eff 0.0175 outinratio 0.0292 

WminusH126_4l_mHj_genbin1_recobin5 acc 0.0818 eff 0.0041 outinratio 0.077 

WplusH126_4l_mHj_genbin1_recobin5 acc 0.0673 eff 0.0033 outinratio 0.0585 

ZH126_4l_mHj_genbin1_recobin5 acc 0.0749 eff 0.0008 outinratio 0.0746 

ttH126_4l_mHj_genbin1_recobin5 acc 0.0267 eff 0.0045 outinratio 0.1448 

ggH126_4l_mHj_genbin2_recobin5 acc 0.0383 eff 0.0043 outinratio 0.0425 

VBFH126_4l_mHj_genbin2_recobin5 acc 0.0625 eff 0.0121 outinratio 0.0292 

WminusH126_4l_mHj_genbin2_recobin5 acc 0.0835 eff 0.0014 outinratio 0.077 

WplusH126_4l_mHj_genbin2_recobin5 acc 0.0734 eff 0.0023 outinratio 0.0585 

ZH126_4l_mHj_genbin2_recobin5 acc 0.0837 eff 0.0008 outinratio 0.0746 

ttH126_4l_mHj_genbin2_recobin5 acc 0.076 eff 0.0052 outinratio 0.1448 

ggH126_4l_mHj_genbin3_recobin5 acc 0.0276 eff 0.0027 outinratio 0.0425 

VBFH126_4l_mHj_genbin3_recobin5 acc 0.0808 eff 0.0087 outinratio 0.0292 

WminusH126_4l_mHj_genbin3_recobin5 acc 0.0512 eff 0.001 outinratio 0.077 

WplusH126_4l_mHj_genbin3_recobin5 acc 0.0456 eff 0.0033 outinratio 0.0585 

ZH126_4l_mHj_genbin3_recobin5 acc 0.0502 eff 0.0016 outinratio 0.0746 

ttH126_4l_mHj_genbin3_recobin5 acc 0.0778 eff 0.0074 outinratio 0.1448 

ggH126_4l_mHj_genbin4_recobin5 acc 0.0195 eff 0.0517 outinratio 0.0425 

VBFH126_4l_mHj_genbin4_recobin5 acc 0.0797 eff 0.079 outinratio 0.0292 

WminusH126_4l_mHj_genbin4_recobin5 acc 0.0294 eff 0.0352 outinratio 0.077 

WplusH126_4l_mHj_genbin4_recobin5 acc 0.0267 eff 0.0384 outinratio 0.0585 

ZH126_4l_mHj_genbin4_recobin5 acc 0.0298 eff 0.0453 outinratio 0.0746 

ttH126_4l_mHj_genbin4_recobin5 acc 0.0604 eff 0.0501 outinratio 0.1448 

ggH126_4l_mHj_genbin5_recobin5 acc 0.0162 eff 0.4481 outinratio 0.0425 

VBFH126_4l_mHj_genbin5_recobin5 acc 0.0807 eff 0.4467 outinratio 0.0292 

WminusH126_4l_mHj_genbin5_recobin5 acc 0.0155 eff 0.438 outinratio 0.077 

WplusH126_4l_mHj_genbin5_recobin5 acc 0.0167 eff 0.4756 outinratio 0.0585 

ZH126_4l_mHj_genbin5_recobin5 acc 0.0188 eff 0.4885 outinratio 0.0746 

ttH126_4l_mHj_genbin5_recobin5 acc 0.0439 eff 0.4463 outinratio 0.1448 

ggH126_4l_mHj_genbin6_recobin5 acc 0.0109 eff 0.0498 outinratio 0.0425 

VBFH126_4l_mHj_genbin6_recobin5 acc 0.0853 eff 0.032 outinratio 0.0292 

WminusH126_4l_mHj_genbin6_recobin5 acc 0.0083 eff 0.0435 outinratio 0.077 

WplusH126_4l_mHj_genbin6_recobin5 acc 0.0104 eff 0.0264 outinratio 0.0585 

ZH126_4l_mHj_genbin6_recobin5 acc 0.0084 eff 0.0242 outinratio 0.0746 

ttH126_4l_mHj_genbin6_recobin5 acc 0.0316 eff 0.0442 outinratio 0.1448 

ggH126_4l_mHj_genbin0_recobin6 acc 0.2574 eff 0.0058 outinratio 0.0575 

VBFH126_4l_mHj_genbin0_recobin6 acc 0.0396 eff 0.0155 outinratio 0.0319 

WminusH126_4l_mHj_genbin0_recobin6 acc 0.0844 eff 0.0071 outinratio 0.0703 

WplusH126_4l_mHj_genbin0_recobin6 acc 0.0737 eff 0.0073 outinratio 0.0637 

ZH126_4l_mHj_genbin0_recobin6 acc 0.0768 eff 0.0035 outinratio 0.0881 

ttH126_4l_mHj_genbin0_recobin6 acc 0.0008 eff 0.0 outinratio 0.1615 

ggH126_4l_mHj_genbin1_recobin6 acc 0.0375 eff 0.007 outinratio 0.0575 

VBFH126_4l_mHj_genbin1_recobin6 acc 0.0241 eff 0.0081 outinratio 0.0319 

WminusH126_4l_mHj_genbin1_recobin6 acc 0.0818 eff 0.0047 outinratio 0.0703 

WplusH126_4l_mHj_genbin1_recobin6 acc 0.0673 eff 0.0017 outinratio 0.0637 

ZH126_4l_mHj_genbin1_recobin6 acc 0.0749 eff 0.0025 outinratio 0.0881 

ttH126_4l_mHj_genbin1_recobin6 acc 0.0267 eff 0.0005 outinratio 0.1615 

ggH126_4l_mHj_genbin2_recobin6 acc 0.0383 eff 0.0038 outinratio 0.0575 

VBFH126_4l_mHj_genbin2_recobin6 acc 0.0625 eff 0.0118 outinratio 0.0319 

WminusH126_4l_mHj_genbin2_recobin6 acc 0.0835 eff 0.0021 outinratio 0.0703 

WplusH126_4l_mHj_genbin2_recobin6 acc 0.0734 eff 0.001 outinratio 0.0637 

ZH126_4l_mHj_genbin2_recobin6 acc 0.0837 eff 0.0008 outinratio 0.0881 

ttH126_4l_mHj_genbin2_recobin6 acc 0.076 eff 0.0055 outinratio 0.1615 

ggH126_4l_mHj_genbin3_recobin6 acc 0.0276 eff 0.0013 outinratio 0.0575 

VBFH126_4l_mHj_genbin3_recobin6 acc 0.0808 eff 0.0104 outinratio 0.0319 

WminusH126_4l_mHj_genbin3_recobin6 acc 0.0512 eff 0.0 outinratio 0.0703 

WplusH126_4l_mHj_genbin3_recobin6 acc 0.0456 eff 0.0016 outinratio 0.0637 

ZH126_4l_mHj_genbin3_recobin6 acc 0.0502 eff 0.0 outinratio 0.0881 

ttH126_4l_mHj_genbin3_recobin6 acc 0.0778 eff 0.0059 outinratio 0.1615 

ggH126_4l_mHj_genbin4_recobin6 acc 0.0195 eff 0.0021 outinratio 0.0575 

VBFH126_4l_mHj_genbin4_recobin6 acc 0.0797 eff 0.0095 outinratio 0.0319 

WminusH126_4l_mHj_genbin4_recobin6 acc 0.0294 eff 0.0021 outinratio 0.0703 

WplusH126_4l_mHj_genbin4_recobin6 acc 0.0267 eff 0.0033 outinratio 0.0637 

ZH126_4l_mHj_genbin4_recobin6 acc 0.0298 eff 0.0008 outinratio 0.0881 

ttH126_4l_mHj_genbin4_recobin6 acc 0.0604 eff 0.0062 outinratio 0.1615 

ggH126_4l_mHj_genbin5_recobin6 acc 0.0162 eff 0.0353 outinratio 0.0575 

VBFH126_4l_mHj_genbin5_recobin6 acc 0.0807 eff 0.0586 outinratio 0.0319 

WminusH126_4l_mHj_genbin5_recobin6 acc 0.0155 eff 0.0174 outinratio 0.0703 

WplusH126_4l_mHj_genbin5_recobin6 acc 0.0167 eff 0.035 outinratio 0.0637 

ZH126_4l_mHj_genbin5_recobin6 acc 0.0188 eff 0.0275 outinratio 0.0881 

ttH126_4l_mHj_genbin5_recobin6 acc 0.0439 eff 0.0284 outinratio 0.1615 

ggH126_4l_mHj_genbin6_recobin6 acc 0.0109 eff 0.4836 outinratio 0.0575 

VBFH126_4l_mHj_genbin6_recobin6 acc 0.0853 eff 0.5097 outinratio 0.0319 

WminusH126_4l_mHj_genbin6_recobin6 acc 0.0083 eff 0.4974 outinratio 0.0703 

WplusH126_4l_mHj_genbin6_recobin6 acc 0.0104 eff 0.5003 outinratio 0.0637 

ZH126_4l_mHj_genbin6_recobin6 acc 0.0084 eff 0.5016 outinratio 0.0881 

ttH126_4l_mHj_genbin6_recobin6 acc 0.0316 eff 0.4907 outinratio 0.1615 

ggH126_4e_mHj_genbin0_recobin0 acc 0.2504 eff 0.2743 outinratio 0.0465 

VBFH126_4e_mHj_genbin0_recobin0 acc 0.0384 eff 0.2266 outinratio 0.0256 

WminusH126_4e_mHj_genbin0_recobin0 acc 0.0817 eff 0.219 outinratio 0.0801 

WplusH126_4e_mHj_genbin0_recobin0 acc 0.0729 eff 0.2332 outinratio 0.0649 

ZH126_4e_mHj_genbin0_recobin0 acc 0.0758 eff 0.2874 outinratio 0.0782 

ttH126_4e_mHj_genbin0_recobin0 acc 0.0009 eff 0.2428 outinratio 0.0 

ggH126_4e_mHj_genbin1_recobin0 acc 0.0366 eff 0.0619 outinratio 0.0465 

VBFH126_4e_mHj_genbin1_recobin0 acc 0.0226 eff 0.0481 outinratio 0.0256 

WminusH126_4e_mHj_genbin1_recobin0 acc 0.0841 eff 0.0344 outinratio 0.0801 

WplusH126_4e_mHj_genbin1_recobin0 acc 0.0662 eff 0.0223 outinratio 0.0649 

ZH126_4e_mHj_genbin1_recobin0 acc 0.0743 eff 0.0246 outinratio 0.0782 

ttH126_4e_mHj_genbin1_recobin0 acc 0.0258 eff 0.0 outinratio 0.0 

ggH126_4e_mHj_genbin2_recobin0 acc 0.0355 eff 0.0214 outinratio 0.0465 

VBFH126_4e_mHj_genbin2_recobin0 acc 0.0613 eff 0.0156 outinratio 0.0256 

WminusH126_4e_mHj_genbin2_recobin0 acc 0.0819 eff 0.0083 outinratio 0.0801 

WplusH126_4e_mHj_genbin2_recobin0 acc 0.0725 eff 0.0066 outinratio 0.0649 

ZH126_4e_mHj_genbin2_recobin0 acc 0.0786 eff 0.0043 outinratio 0.0782 

ttH126_4e_mHj_genbin2_recobin0 acc 0.0772 eff 0.0005 outinratio 0.0 

ggH126_4e_mHj_genbin3_recobin0 acc 0.0262 eff 0.023 outinratio 0.0465 

VBFH126_4e_mHj_genbin3_recobin0 acc 0.0771 eff 0.0116 outinratio 0.0256 

WminusH126_4e_mHj_genbin3_recobin0 acc 0.0524 eff 0.0083 outinratio 0.0801 

WplusH126_4e_mHj_genbin3_recobin0 acc 0.0436 eff 0.0037 outinratio 0.0649 

ZH126_4e_mHj_genbin3_recobin0 acc 0.0495 eff 0.0 outinratio 0.0782 

ttH126_4e_mHj_genbin3_recobin0 acc 0.0757 eff 0.0 outinratio 0.0 

ggH126_4e_mHj_genbin4_recobin0 acc 0.0182 eff 0.02 outinratio 0.0465 

VBFH126_4e_mHj_genbin4_recobin0 acc 0.0759 eff 0.0158 outinratio 0.0256 

WminusH126_4e_mHj_genbin4_recobin0 acc 0.0307 eff 0.0055 outinratio 0.0801 

WplusH126_4e_mHj_genbin4_recobin0 acc 0.0285 eff 0.0057 outinratio 0.0649 

ZH126_4e_mHj_genbin4_recobin0 acc 0.0314 eff 0.0027 outinratio 0.0782 

ttH126_4e_mHj_genbin4_recobin0 acc 0.0588 eff 0.0009 outinratio 0.0 

ggH126_4e_mHj_genbin5_recobin0 acc 0.0158 eff 0.0306 outinratio 0.0465 

VBFH126_4e_mHj_genbin5_recobin0 acc 0.0776 eff 0.0112 outinratio 0.0256 

WminusH126_4e_mHj_genbin5_recobin0 acc 0.0153 eff 0.0 outinratio 0.0801 

WplusH126_4e_mHj_genbin5_recobin0 acc 0.0158 eff 0.0 outinratio 0.0649 

ZH126_4e_mHj_genbin5_recobin0 acc 0.0208 eff 0.007 outinratio 0.0782 

ttH126_4e_mHj_genbin5_recobin0 acc 0.0415 eff 0.0 outinratio 0.0 

ggH126_4e_mHj_genbin6_recobin0 acc 0.0096 eff 0.0208 outinratio 0.0465 

VBFH126_4e_mHj_genbin6_recobin0 acc 0.0851 eff 0.0071 outinratio 0.0256 

WminusH126_4e_mHj_genbin6_recobin0 acc 0.0076 eff 0.0 outinratio 0.0801 

WplusH126_4e_mHj_genbin6_recobin0 acc 0.0112 eff 0.0 outinratio 0.0649 

ZH126_4e_mHj_genbin6_recobin0 acc 0.009 eff 0.0 outinratio 0.0782 

ttH126_4e_mHj_genbin6_recobin0 acc 0.0319 eff 0.0 outinratio 0.0 

ggH126_4e_mHj_genbin0_recobin1 acc 0.2504 eff 0.0217 outinratio 0.0815 

VBFH126_4e_mHj_genbin0_recobin1 acc 0.0384 eff 0.0293 outinratio 0.075 

WminusH126_4e_mHj_genbin0_recobin1 acc 0.0817 eff 0.0511 outinratio 0.1039 

WplusH126_4e_mHj_genbin0_recobin1 acc 0.0729 eff 0.0388 outinratio 0.0846 

ZH126_4e_mHj_genbin0_recobin1 acc 0.0758 eff 0.0325 outinratio 0.1169 

ttH126_4e_mHj_genbin0_recobin1 acc 0.0009 eff 0.0 outinratio 0.2822 

ggH126_4e_mHj_genbin1_recobin1 acc 0.0366 eff 0.2296 outinratio 0.0815 

VBFH126_4e_mHj_genbin1_recobin1 acc 0.0226 eff 0.2104 outinratio 0.075 

WminusH126_4e_mHj_genbin1_recobin1 acc 0.0841 eff 0.2504 outinratio 0.1039 

WplusH126_4e_mHj_genbin1_recobin1 acc 0.0662 eff 0.2468 outinratio 0.0846 

ZH126_4e_mHj_genbin1_recobin1 acc 0.0743 eff 0.2479 outinratio 0.1169 

ttH126_4e_mHj_genbin1_recobin1 acc 0.0258 eff 0.1963 outinratio 0.2822 

ggH126_4e_mHj_genbin2_recobin1 acc 0.0355 eff 0.0435 outinratio 0.0815 

VBFH126_4e_mHj_genbin2_recobin1 acc 0.0613 eff 0.0206 outinratio 0.075 

WminusH126_4e_mHj_genbin2_recobin1 acc 0.0819 eff 0.0352 outinratio 0.1039 

WplusH126_4e_mHj_genbin2_recobin1 acc 0.0725 eff 0.0289 outinratio 0.0846 

ZH126_4e_mHj_genbin2_recobin1 acc 0.0786 eff 0.0484 outinratio 0.1169 

ttH126_4e_mHj_genbin2_recobin1 acc 0.0772 eff 0.0268 outinratio 0.2822 

ggH126_4e_mHj_genbin3_recobin1 acc 0.0262 eff 0.009 outinratio 0.0815 

VBFH126_4e_mHj_genbin3_recobin1 acc 0.0771 eff 0.0044 outinratio 0.075 

WminusH126_4e_mHj_genbin3_recobin1 acc 0.0524 eff 0.0015 outinratio 0.1039 

WplusH126_4e_mHj_genbin3_recobin1 acc 0.0436 eff 0.0035 outinratio 0.0846 

ZH126_4e_mHj_genbin3_recobin1 acc 0.0495 eff 0.0028 outinratio 0.1169 

ttH126_4e_mHj_genbin3_recobin1 acc 0.0757 eff 0.0048 outinratio 0.2822 

ggH126_4e_mHj_genbin4_recobin1 acc 0.0182 eff 0.0 outinratio 0.0815 

VBFH126_4e_mHj_genbin4_recobin1 acc 0.0759 eff 0.0045 outinratio 0.075 

WminusH126_4e_mHj_genbin4_recobin1 acc 0.0307 eff 0.0 outinratio 0.1039 

WplusH126_4e_mHj_genbin4_recobin1 acc 0.0285 eff 0.0058 outinratio 0.0846 

ZH126_4e_mHj_genbin4_recobin1 acc 0.0314 eff 0.0074 outinratio 0.1169 

ttH126_4e_mHj_genbin4_recobin1 acc 0.0588 eff 0.005 outinratio 0.2822 

ggH126_4e_mHj_genbin5_recobin1 acc 0.0158 eff 0.0008 outinratio 0.0815 

VBFH126_4e_mHj_genbin5_recobin1 acc 0.0776 eff 0.003 outinratio 0.075 

WminusH126_4e_mHj_genbin5_recobin1 acc 0.0153 eff 0.0 outinratio 0.1039 

WplusH126_4e_mHj_genbin5_recobin1 acc 0.0158 eff 0.0 outinratio 0.0846 

ZH126_4e_mHj_genbin5_recobin1 acc 0.0208 eff 0.0017 outinratio 0.1169 

ttH126_4e_mHj_genbin5_recobin1 acc 0.0415 eff 0.0049 outinratio 0.2822 

ggH126_4e_mHj_genbin6_recobin1 acc 0.0096 eff 0.0053 outinratio 0.0815 

VBFH126_4e_mHj_genbin6_recobin1 acc 0.0851 eff 0.0029 outinratio 0.075 

WminusH126_4e_mHj_genbin6_recobin1 acc 0.0076 eff 0.018 outinratio 0.1039 

WplusH126_4e_mHj_genbin6_recobin1 acc 0.0112 eff 0.0072 outinratio 0.0846 

ZH126_4e_mHj_genbin6_recobin1 acc 0.009 eff 0.0 outinratio 0.1169 

ttH126_4e_mHj_genbin6_recobin1 acc 0.0319 eff 0.0 outinratio 0.2822 

ggH126_4e_mHj_genbin0_recobin2 acc 0.2504 eff 0.0059 outinratio 0.0535 

VBFH126_4e_mHj_genbin0_recobin2 acc 0.0384 eff 0.0147 outinratio 0.044 

WminusH126_4e_mHj_genbin0_recobin2 acc 0.0817 eff 0.031 outinratio 0.0829 

WplusH126_4e_mHj_genbin0_recobin2 acc 0.0729 eff 0.0226 outinratio 0.0807 

ZH126_4e_mHj_genbin0_recobin2 acc 0.0758 eff 0.0075 outinratio 0.1116 

ttH126_4e_mHj_genbin0_recobin2 acc 0.0009 eff 0.0481 outinratio 0.1777 

ggH126_4e_mHj_genbin1_recobin2 acc 0.0366 eff 0.028 outinratio 0.0535 

VBFH126_4e_mHj_genbin1_recobin2 acc 0.0226 eff 0.0685 outinratio 0.044 

WminusH126_4e_mHj_genbin1_recobin2 acc 0.0841 eff 0.0464 outinratio 0.0829 

WplusH126_4e_mHj_genbin1_recobin2 acc 0.0662 eff 0.0353 outinratio 0.0807 

ZH126_4e_mHj_genbin1_recobin2 acc 0.0743 eff 0.0342 outinratio 0.1116 

ttH126_4e_mHj_genbin1_recobin2 acc 0.0258 eff 0.0671 outinratio 0.1777 

ggH126_4e_mHj_genbin2_recobin2 acc 0.0355 eff 0.2328 outinratio 0.0535 

VBFH126_4e_mHj_genbin2_recobin2 acc 0.0613 eff 0.2208 outinratio 0.044 

WminusH126_4e_mHj_genbin2_recobin2 acc 0.0819 eff 0.2661 outinratio 0.0829 

WplusH126_4e_mHj_genbin2_recobin2 acc 0.0725 eff 0.2715 outinratio 0.0807 

ZH126_4e_mHj_genbin2_recobin2 acc 0.0786 eff 0.251 outinratio 0.1116 

ttH126_4e_mHj_genbin2_recobin2 acc 0.0772 eff 0.24 outinratio 0.1777 

ggH126_4e_mHj_genbin3_recobin2 acc 0.0262 eff 0.0419 outinratio 0.0535 

VBFH126_4e_mHj_genbin3_recobin2 acc 0.0771 eff 0.0295 outinratio 0.044 

WminusH126_4e_mHj_genbin3_recobin2 acc 0.0524 eff 0.0379 outinratio 0.0829 

WplusH126_4e_mHj_genbin3_recobin2 acc 0.0436 eff 0.0428 outinratio 0.0807 

ZH126_4e_mHj_genbin3_recobin2 acc 0.0495 eff 0.0522 outinratio 0.1116 

ttH126_4e_mHj_genbin3_recobin2 acc 0.0757 eff 0.0433 outinratio 0.1777 

ggH126_4e_mHj_genbin4_recobin2 acc 0.0182 eff 0.0022 outinratio 0.0535 

VBFH126_4e_mHj_genbin4_recobin2 acc 0.0759 eff 0.0076 outinratio 0.044 

WminusH126_4e_mHj_genbin4_recobin2 acc 0.0307 eff 0.0026 outinratio 0.0829 

WplusH126_4e_mHj_genbin4_recobin2 acc 0.0285 eff 0.0029 outinratio 0.0807 

ZH126_4e_mHj_genbin4_recobin2 acc 0.0314 eff 0.0014 outinratio 0.1116 

ttH126_4e_mHj_genbin4_recobin2 acc 0.0588 eff 0.0106 outinratio 0.1777 

ggH126_4e_mHj_genbin5_recobin2 acc 0.0158 eff 0.0032 outinratio 0.0535 

VBFH126_4e_mHj_genbin5_recobin2 acc 0.0776 eff 0.0053 outinratio 0.044 

WminusH126_4e_mHj_genbin5_recobin2 acc 0.0153 eff 0.002 outinratio 0.0829 

WplusH126_4e_mHj_genbin5_recobin2 acc 0.0158 eff 0.0 outinratio 0.0807 

ZH126_4e_mHj_genbin5_recobin2 acc 0.0208 eff 0.0 outinratio 0.1116 

ttH126_4e_mHj_genbin5_recobin2 acc 0.0415 eff 0.0087 outinratio 0.1777 

ggH126_4e_mHj_genbin6_recobin2 acc 0.0096 eff 0.0029 outinratio 0.0535 

VBFH126_4e_mHj_genbin6_recobin2 acc 0.0851 eff 0.0043 outinratio 0.044 

WminusH126_4e_mHj_genbin6_recobin2 acc 0.0076 eff 0.0161 outinratio 0.0829 

WplusH126_4e_mHj_genbin6_recobin2 acc 0.0112 eff 0.005 outinratio 0.0807 

ZH126_4e_mHj_genbin6_recobin2 acc 0.009 eff 0.0 outinratio 0.1116 

ttH126_4e_mHj_genbin6_recobin2 acc 0.0319 eff 0.0053 outinratio 0.1777 

ggH126_4e_mHj_genbin0_recobin3 acc 0.2504 eff 0.0038 outinratio 0.0368 

VBFH126_4e_mHj_genbin0_recobin3 acc 0.0384 eff 0.0155 outinratio 0.0295 

WminusH126_4e_mHj_genbin0_recobin3 acc 0.0817 eff 0.006 outinratio 0.0347 

WplusH126_4e_mHj_genbin0_recobin3 acc 0.0729 eff 0.0124 outinratio 0.0846 

ZH126_4e_mHj_genbin0_recobin3 acc 0.0758 eff 0.0085 outinratio 0.066 

ttH126_4e_mHj_genbin0_recobin3 acc 0.0009 eff 0.0458 outinratio 0.2351 

ggH126_4e_mHj_genbin1_recobin3 acc 0.0366 eff 0.0015 outinratio 0.0368 

VBFH126_4e_mHj_genbin1_recobin3 acc 0.0226 eff 0.0034 outinratio 0.0295 

WminusH126_4e_mHj_genbin1_recobin3 acc 0.0841 eff 0.002 outinratio 0.0347 

WplusH126_4e_mHj_genbin1_recobin3 acc 0.0662 eff 0.0015 outinratio 0.0846 

ZH126_4e_mHj_genbin1_recobin3 acc 0.0743 eff 0.0018 outinratio 0.066 

ttH126_4e_mHj_genbin1_recobin3 acc 0.0258 eff 0.0192 outinratio 0.2351 

ggH126_4e_mHj_genbin2_recobin3 acc 0.0355 eff 0.0311 outinratio 0.0368 

VBFH126_4e_mHj_genbin2_recobin3 acc 0.0613 eff 0.0577 outinratio 0.0295 

WminusH126_4e_mHj_genbin2_recobin3 acc 0.0819 eff 0.0464 outinratio 0.0347 

WplusH126_4e_mHj_genbin2_recobin3 acc 0.0725 eff 0.029 outinratio 0.0846 

ZH126_4e_mHj_genbin2_recobin3 acc 0.0786 eff 0.0236 outinratio 0.066 

ttH126_4e_mHj_genbin2_recobin3 acc 0.0772 eff 0.0377 outinratio 0.2351 

ggH126_4e_mHj_genbin3_recobin3 acc 0.0262 eff 0.2129 outinratio 0.0368 

VBFH126_4e_mHj_genbin3_recobin3 acc 0.0771 eff 0.2428 outinratio 0.0295 

WminusH126_4e_mHj_genbin3_recobin3 acc 0.0524 eff 0.2683 outinratio 0.0347 

WplusH126_4e_mHj_genbin3_recobin3 acc 0.0436 eff 0.2791 outinratio 0.0846 

ZH126_4e_mHj_genbin3_recobin3 acc 0.0495 eff 0.308 outinratio 0.066 

ttH126_4e_mHj_genbin3_recobin3 acc 0.0757 eff 0.2326 outinratio 0.2351 

ggH126_4e_mHj_genbin4_recobin3 acc 0.0182 eff 0.0409 outinratio 0.0368 

VBFH126_4e_mHj_genbin4_recobin3 acc 0.0759 eff 0.0363 outinratio 0.0295 

WminusH126_4e_mHj_genbin4_recobin3 acc 0.0307 eff 0.0194 outinratio 0.0347 

WplusH126_4e_mHj_genbin4_recobin3 acc 0.0285 eff 0.0364 outinratio 0.0846 

ZH126_4e_mHj_genbin4_recobin3 acc 0.0314 eff 0.049 outinratio 0.066 

ttH126_4e_mHj_genbin4_recobin3 acc 0.0588 eff 0.0291 outinratio 0.2351 

ggH126_4e_mHj_genbin5_recobin3 acc 0.0158 eff 0.0017 outinratio 0.0368 

VBFH126_4e_mHj_genbin5_recobin3 acc 0.0776 eff 0.0045 outinratio 0.0295 

WminusH126_4e_mHj_genbin5_recobin3 acc 0.0153 eff 0.0163 outinratio 0.0347 

WplusH126_4e_mHj_genbin5_recobin3 acc 0.0158 eff 0.0 outinratio 0.0846 

ZH126_4e_mHj_genbin5_recobin3 acc 0.0208 eff 0.0 outinratio 0.066 

ttH126_4e_mHj_genbin5_recobin3 acc 0.0415 eff 0.0037 outinratio 0.2351 

ggH126_4e_mHj_genbin6_recobin3 acc 0.0096 eff 0.0 outinratio 0.0368 

VBFH126_4e_mHj_genbin6_recobin3 acc 0.0851 eff 0.0068 outinratio 0.0295 

WminusH126_4e_mHj_genbin6_recobin3 acc 0.0076 eff 0.0104 outinratio 0.0347 

WplusH126_4e_mHj_genbin6_recobin3 acc 0.0112 eff 0.0023 outinratio 0.0846 

ZH126_4e_mHj_genbin6_recobin3 acc 0.009 eff 0.0035 outinratio 0.066 

ttH126_4e_mHj_genbin6_recobin3 acc 0.0319 eff 0.0035 outinratio 0.2351 

ggH126_4e_mHj_genbin0_recobin4 acc 0.2504 eff 0.0044 outinratio 0.0377 

VBFH126_4e_mHj_genbin0_recobin4 acc 0.0384 eff 0.0134 outinratio 0.028 

WminusH126_4e_mHj_genbin0_recobin4 acc 0.0817 eff 0.0098 outinratio 0.0776 

WplusH126_4e_mHj_genbin0_recobin4 acc 0.0729 eff 0.0111 outinratio 0.0723 

ZH126_4e_mHj_genbin0_recobin4 acc 0.0758 eff 0.0074 outinratio 0.0243 

ttH126_4e_mHj_genbin0_recobin4 acc 0.0009 eff 0.0 outinratio 0.1559 

ggH126_4e_mHj_genbin1_recobin4 acc 0.0366 eff 0.0023 outinratio 0.0377 

VBFH126_4e_mHj_genbin1_recobin4 acc 0.0226 eff 0.0039 outinratio 0.028 

WminusH126_4e_mHj_genbin1_recobin4 acc 0.0841 eff 0.0 outinratio 0.0776 

WplusH126_4e_mHj_genbin1_recobin4 acc 0.0662 eff 0.0006 outinratio 0.0723 

ZH126_4e_mHj_genbin1_recobin4 acc 0.0743 eff 0.0012 outinratio 0.0243 

ttH126_4e_mHj_genbin1_recobin4 acc 0.0258 eff 0.0104 outinratio 0.1559 

ggH126_4e_mHj_genbin2_recobin4 acc 0.0355 eff 0.0022 outinratio 0.0377 

VBFH126_4e_mHj_genbin2_recobin4 acc 0.0613 eff 0.0031 outinratio 0.028 

WminusH126_4e_mHj_genbin2_recobin4 acc 0.0819 eff 0.0033 outinratio 0.0776 

WplusH126_4e_mHj_genbin2_recobin4 acc 0.0725 eff 0.0017 outinratio 0.0723 

ZH126_4e_mHj_genbin2_recobin4 acc 0.0786 eff 0.0034 outinratio 0.0243 

ttH126_4e_mHj_genbin2_recobin4 acc 0.0772 eff 0.0036 outinratio 0.1559 

ggH126_4e_mHj_genbin3_recobin4 acc 0.0262 eff 0.0279 outinratio 0.0377 

VBFH126_4e_mHj_genbin3_recobin4 acc 0.0771 eff 0.0415 outinratio 0.028 

WminusH126_4e_mHj_genbin3_recobin4 acc 0.0524 eff 0.0499 outinratio 0.0776 

WplusH126_4e_mHj_genbin3_recobin4 acc 0.0436 eff 0.0372 outinratio 0.0723 

ZH126_4e_mHj_genbin3_recobin4 acc 0.0495 eff 0.0244 outinratio 0.0243 

ttH126_4e_mHj_genbin3_recobin4 acc 0.0757 eff 0.0273 outinratio 0.1559 

ggH126_4e_mHj_genbin4_recobin4 acc 0.0182 eff 0.2397 outinratio 0.0377 

VBFH126_4e_mHj_genbin4_recobin4 acc 0.0759 eff 0.2461 outinratio 0.028 

WminusH126_4e_mHj_genbin4_recobin4 acc 0.0307 eff 0.2981 outinratio 0.0776 

WplusH126_4e_mHj_genbin4_recobin4 acc 0.0285 eff 0.2827 outinratio 0.0723 

ZH126_4e_mHj_genbin4_recobin4 acc 0.0314 eff 0.279 outinratio 0.0243 

ttH126_4e_mHj_genbin4_recobin4 acc 0.0588 eff 0.2694 outinratio 0.1559 

ggH126_4e_mHj_genbin5_recobin4 acc 0.0158 eff 0.0345 outinratio 0.0377 

VBFH126_4e_mHj_genbin5_recobin4 acc 0.0776 eff 0.0324 outinratio 0.028 

WminusH126_4e_mHj_genbin5_recobin4 acc 0.0153 eff 0.0154 outinratio 0.0776 

WplusH126_4e_mHj_genbin5_recobin4 acc 0.0158 eff 0.0297 outinratio 0.0723 

ZH126_4e_mHj_genbin5_recobin4 acc 0.0208 eff 0.0438 outinratio 0.0243 

ttH126_4e_mHj_genbin5_recobin4 acc 0.0415 eff 0.0459 outinratio 0.1559 

ggH126_4e_mHj_genbin6_recobin4 acc 0.0096 eff 0.0 outinratio 0.0377 

VBFH126_4e_mHj_genbin6_recobin4 acc 0.0851 eff 0.0048 outinratio 0.028 

WminusH126_4e_mHj_genbin6_recobin4 acc 0.0076 eff 0.0 outinratio 0.0776 

WplusH126_4e_mHj_genbin6_recobin4 acc 0.0112 eff 0.0034 outinratio 0.0723 

ZH126_4e_mHj_genbin6_recobin4 acc 0.009 eff 0.0 outinratio 0.0243 

ttH126_4e_mHj_genbin6_recobin4 acc 0.0319 eff 0.0029 outinratio 0.1559 

ggH126_4e_mHj_genbin0_recobin5 acc 0.2504 eff 0.0042 outinratio 0.0361 

VBFH126_4e_mHj_genbin0_recobin5 acc 0.0384 eff 0.015 outinratio 0.0271 

WminusH126_4e_mHj_genbin0_recobin5 acc 0.0817 eff 0.0061 outinratio 0.0926 

WplusH126_4e_mHj_genbin0_recobin5 acc 0.0729 eff 0.0036 outinratio 0.0902 

ZH126_4e_mHj_genbin0_recobin5 acc 0.0758 eff 0.0046 outinratio 0.0664 

ttH126_4e_mHj_genbin0_recobin5 acc 0.0009 eff 0.0494 outinratio 0.1956 

ggH126_4e_mHj_genbin1_recobin5 acc 0.0366 eff 0.0032 outinratio 0.0361 

VBFH126_4e_mHj_genbin1_recobin5 acc 0.0226 eff 0.0078 outinratio 0.0271 

WminusH126_4e_mHj_genbin1_recobin5 acc 0.0841 eff 0.0066 outinratio 0.0926 

WplusH126_4e_mHj_genbin1_recobin5 acc 0.0662 eff 0.0019 outinratio 0.0902 

ZH126_4e_mHj_genbin1_recobin5 acc 0.0743 eff 0.0 outinratio 0.0664 

ttH126_4e_mHj_genbin1_recobin5 acc 0.0258 eff 0.0 outinratio 0.1956 

ggH126_4e_mHj_genbin2_recobin5 acc 0.0355 eff 0.0039 outinratio 0.0361 

VBFH126_4e_mHj_genbin2_recobin5 acc 0.0613 eff 0.0086 outinratio 0.0271 

WminusH126_4e_mHj_genbin2_recobin5 acc 0.0819 eff 0.0 outinratio 0.0926 

WplusH126_4e_mHj_genbin2_recobin5 acc 0.0725 eff 0.0032 outinratio 0.0902 

ZH126_4e_mHj_genbin2_recobin5 acc 0.0786 eff 0.0005 outinratio 0.0664 

ttH126_4e_mHj_genbin2_recobin5 acc 0.0772 eff 0.0014 outinratio 0.1956 

ggH126_4e_mHj_genbin3_recobin5 acc 0.0262 eff 0.002 outinratio 0.0361 

VBFH126_4e_mHj_genbin3_recobin5 acc 0.0771 eff 0.0053 outinratio 0.0271 

WminusH126_4e_mHj_genbin3_recobin5 acc 0.0524 eff 0.0015 outinratio 0.0926 

WplusH126_4e_mHj_genbin3_recobin5 acc 0.0436 eff 0.0016 outinratio 0.0902 

ZH126_4e_mHj_genbin3_recobin5 acc 0.0495 eff 0.0 outinratio 0.0664 

ttH126_4e_mHj_genbin3_recobin5 acc 0.0757 eff 0.0029 outinratio 0.1956 

ggH126_4e_mHj_genbin4_recobin5 acc 0.0182 eff 0.0302 outinratio 0.0361 

VBFH126_4e_mHj_genbin4_recobin5 acc 0.0759 eff 0.0517 outinratio 0.0271 

WminusH126_4e_mHj_genbin4_recobin5 acc 0.0307 eff 0.0189 outinratio 0.0926 

WplusH126_4e_mHj_genbin4_recobin5 acc 0.0285 eff 0.0228 outinratio 0.0902 

ZH126_4e_mHj_genbin4_recobin5 acc 0.0314 eff 0.0328 outinratio 0.0664 

ttH126_4e_mHj_genbin4_recobin5 acc 0.0588 eff 0.0325 outinratio 0.1956 

ggH126_4e_mHj_genbin5_recobin5 acc 0.0158 eff 0.2992 outinratio 0.0361 

VBFH126_4e_mHj_genbin5_recobin5 acc 0.0776 eff 0.2883 outinratio 0.0271 

WminusH126_4e_mHj_genbin5_recobin5 acc 0.0153 eff 0.2581 outinratio 0.0926 

WplusH126_4e_mHj_genbin5_recobin5 acc 0.0158 eff 0.3181 outinratio 0.0902 

ZH126_4e_mHj_genbin5_recobin5 acc 0.0208 eff 0.3086 outinratio 0.0664 

ttH126_4e_mHj_genbin5_recobin5 acc 0.0415 eff 0.318 outinratio 0.1956 

ggH126_4e_mHj_genbin6_recobin5 acc 0.0096 eff 0.0244 outinratio 0.0361 

VBFH126_4e_mHj_genbin6_recobin5 acc 0.0851 eff 0.0218 outinratio 0.0271 

WminusH126_4e_mHj_genbin6_recobin5 acc 0.0076 eff 0.0 outinratio 0.0926 

WplusH126_4e_mHj_genbin6_recobin5 acc 0.0112 eff 0.0084 outinratio 0.0902 

ZH126_4e_mHj_genbin6_recobin5 acc 0.009 eff 0.0 outinratio 0.0664 

ttH126_4e_mHj_genbin6_recobin5 acc 0.0319 eff 0.0205 outinratio 0.1956 

ggH126_4e_mHj_genbin0_recobin6 acc 0.2504 eff 0.0019 outinratio 0.0457 

VBFH126_4e_mHj_genbin0_recobin6 acc 0.0384 eff 0.0111 outinratio 0.0206 

WminusH126_4e_mHj_genbin0_recobin6 acc 0.0817 eff 0.0083 outinratio 0.0713 

WplusH126_4e_mHj_genbin0_recobin6 acc 0.0729 eff 0.007 outinratio 0.0574 

ZH126_4e_mHj_genbin0_recobin6 acc 0.0758 eff 0.0074 outinratio 0.0641 

ttH126_4e_mHj_genbin0_recobin6 acc 0.0009 eff 0.0 outinratio 0.2046 

ggH126_4e_mHj_genbin1_recobin6 acc 0.0366 eff 0.0027 outinratio 0.0457 

VBFH126_4e_mHj_genbin1_recobin6 acc 0.0226 eff 0.0058 outinratio 0.0206 

WminusH126_4e_mHj_genbin1_recobin6 acc 0.0841 eff 0.0007 outinratio 0.0713 

WplusH126_4e_mHj_genbin1_recobin6 acc 0.0662 eff 0.0003 outinratio 0.0574 

ZH126_4e_mHj_genbin1_recobin6 acc 0.0743 eff 0.0011 outinratio 0.0641 

ttH126_4e_mHj_genbin1_recobin6 acc 0.0258 eff 0.0 outinratio 0.2046 

ggH126_4e_mHj_genbin2_recobin6 acc 0.0355 eff 0.0019 outinratio 0.0457 

VBFH126_4e_mHj_genbin2_recobin6 acc 0.0613 eff 0.0087 outinratio 0.0206 

WminusH126_4e_mHj_genbin2_recobin6 acc 0.0819 eff 0.0014 outinratio 0.0713 

WplusH126_4e_mHj_genbin2_recobin6 acc 0.0725 eff 0.0012 outinratio 0.0574 

ZH126_4e_mHj_genbin2_recobin6 acc 0.0786 eff 0.0007 outinratio 0.0641 

ttH126_4e_mHj_genbin2_recobin6 acc 0.0772 eff 0.0043 outinratio 0.2046 

ggH126_4e_mHj_genbin3_recobin6 acc 0.0262 eff 0.0 outinratio 0.0457 

VBFH126_4e_mHj_genbin3_recobin6 acc 0.0771 eff 0.0085 outinratio 0.0206 

WminusH126_4e_mHj_genbin3_recobin6 acc 0.0524 eff 0.0 outinratio 0.0713 

WplusH126_4e_mHj_genbin3_recobin6 acc 0.0436 eff 0.0005 outinratio 0.0574 

ZH126_4e_mHj_genbin3_recobin6 acc 0.0495 eff 0.0 outinratio 0.0641 

ttH126_4e_mHj_genbin3_recobin6 acc 0.0757 eff 0.0042 outinratio 0.2046 

ggH126_4e_mHj_genbin4_recobin6 acc 0.0182 eff 0.0 outinratio 0.0457 

VBFH126_4e_mHj_genbin4_recobin6 acc 0.0759 eff 0.0053 outinratio 0.0206 

WminusH126_4e_mHj_genbin4_recobin6 acc 0.0307 eff 0.0 outinratio 0.0713 

WplusH126_4e_mHj_genbin4_recobin6 acc 0.0285 eff 0.0013 outinratio 0.0574 

ZH126_4e_mHj_genbin4_recobin6 acc 0.0314 eff 0.0 outinratio 0.0641 

ttH126_4e_mHj_genbin4_recobin6 acc 0.0588 eff 0.0014 outinratio 0.2046 

ggH126_4e_mHj_genbin5_recobin6 acc 0.0158 eff 0.0148 outinratio 0.0457 

VBFH126_4e_mHj_genbin5_recobin6 acc 0.0776 eff 0.0339 outinratio 0.0206 

WminusH126_4e_mHj_genbin5_recobin6 acc 0.0153 eff 0.014 outinratio 0.0713 

WplusH126_4e_mHj_genbin5_recobin6 acc 0.0158 eff 0.0265 outinratio 0.0574 

ZH126_4e_mHj_genbin5_recobin6 acc 0.0208 eff 0.0281 outinratio 0.0641 

ttH126_4e_mHj_genbin5_recobin6 acc 0.0415 eff 0.0115 outinratio 0.2046 

ggH126_4e_mHj_genbin6_recobin6 acc 0.0096 eff 0.2996 outinratio 0.0457 

VBFH126_4e_mHj_genbin6_recobin6 acc 0.0851 eff 0.3286 outinratio 0.0206 

WminusH126_4e_mHj_genbin6_recobin6 acc 0.0076 eff 0.2743 outinratio 0.0713 

WplusH126_4e_mHj_genbin6_recobin6 acc 0.0112 eff 0.2879 outinratio 0.0574 

ZH126_4e_mHj_genbin6_recobin6 acc 0.009 eff 0.2059 outinratio 0.0641 

ttH126_4e_mHj_genbin6_recobin6 acc 0.0319 eff 0.338 outinratio 0.2046 

ggH126_4mu_mHj_genbin0_recobin0 acc 0.2705 eff 0.6812 outinratio 0.0468 

VBFH126_4mu_mHj_genbin0_recobin0 acc 0.041 eff 0.5699 outinratio 0.0359 

WminusH126_4mu_mHj_genbin0_recobin0 acc 0.0882 eff 0.537 outinratio 0.0752 

WplusH126_4mu_mHj_genbin0_recobin0 acc 0.08 eff 0.5454 outinratio 0.0547 

ZH126_4mu_mHj_genbin0_recobin0 acc 0.0826 eff 0.6017 outinratio 0.0689 

ttH126_4mu_mHj_genbin0_recobin0 acc 0.0007 eff 0.1844 outinratio 0.0 

ggH126_4mu_mHj_genbin1_recobin0 acc 0.0393 eff 0.1296 outinratio 0.0468 

VBFH126_4mu_mHj_genbin1_recobin0 acc 0.0266 eff 0.0808 outinratio 0.0359 

WminusH126_4mu_mHj_genbin1_recobin0 acc 0.0842 eff 0.0503 outinratio 0.0752 

WplusH126_4mu_mHj_genbin1_recobin0 acc 0.0704 eff 0.0662 outinratio 0.0547 

ZH126_4mu_mHj_genbin1_recobin0 acc 0.0783 eff 0.0604 outinratio 0.0689 

ttH126_4mu_mHj_genbin1_recobin0 acc 0.0301 eff 0.0076 outinratio 0.0 

ggH126_4mu_mHj_genbin2_recobin0 acc 0.0413 eff 0.0571 outinratio 0.0468 

VBFH126_4mu_mHj_genbin2_recobin0 acc 0.0661 eff 0.0414 outinratio 0.0359 

WminusH126_4mu_mHj_genbin2_recobin0 acc 0.0887 eff 0.0243 outinratio 0.0752 

WplusH126_4mu_mHj_genbin2_recobin0 acc 0.0764 eff 0.0131 outinratio 0.0547 

ZH126_4mu_mHj_genbin2_recobin0 acc 0.0872 eff 0.0142 outinratio 0.0689 

ttH126_4mu_mHj_genbin2_recobin0 acc 0.0819 eff 0.0 outinratio 0.0 

ggH126_4mu_mHj_genbin3_recobin0 acc 0.0288 eff 0.0562 outinratio 0.0468 

VBFH126_4mu_mHj_genbin3_recobin0 acc 0.0888 eff 0.0297 outinratio 0.0359 

WminusH126_4mu_mHj_genbin3_recobin0 acc 0.0516 eff 0.0069 outinratio 0.0752 

WplusH126_4mu_mHj_genbin3_recobin0 acc 0.0499 eff 0.0047 outinratio 0.0547 

ZH126_4mu_mHj_genbin3_recobin0 acc 0.0538 eff 0.0007 outinratio 0.0689 

ttH126_4mu_mHj_genbin3_recobin0 acc 0.0825 eff 0.0005 outinratio 0.0 

ggH126_4mu_mHj_genbin4_recobin0 acc 0.0219 eff 0.061 outinratio 0.0468 

VBFH126_4mu_mHj_genbin4_recobin0 acc 0.0825 eff 0.0243 outinratio 0.0359 

WminusH126_4mu_mHj_genbin4_recobin0 acc 0.0298 eff 0.0032 outinratio 0.0752 

WplusH126_4mu_mHj_genbin4_recobin0 acc 0.0266 eff 0.0071 outinratio 0.0547 

ZH126_4mu_mHj_genbin4_recobin0 acc 0.0285 eff 0.003 outinratio 0.0689 

ttH126_4mu_mHj_genbin4_recobin0 acc 0.065 eff 0.0 outinratio 0.0 

ggH126_4mu_mHj_genbin5_recobin0 acc 0.0177 eff 0.0412 outinratio 0.0468 

VBFH126_4mu_mHj_genbin5_recobin0 acc 0.083 eff 0.0221 outinratio 0.0359 

WminusH126_4mu_mHj_genbin5_recobin0 acc 0.0174 eff 0.0292 outinratio 0.0752 

WplusH126_4mu_mHj_genbin5_recobin0 acc 0.018 eff 0.0043 outinratio 0.0547 

ZH126_4mu_mHj_genbin5_recobin0 acc 0.0176 eff 0.005 outinratio 0.0689 

ttH126_4mu_mHj_genbin5_recobin0 acc 0.0463 eff 0.0 outinratio 0.0 

ggH126_4mu_mHj_genbin6_recobin0 acc 0.0118 eff 0.0343 outinratio 0.0468 

VBFH126_4mu_mHj_genbin6_recobin0 acc 0.0908 eff 0.0182 outinratio 0.0359 

WminusH126_4mu_mHj_genbin6_recobin0 acc 0.0095 eff 0.0 outinratio 0.0752 

WplusH126_4mu_mHj_genbin6_recobin0 acc 0.0107 eff 0.0069 outinratio 0.0547 

ZH126_4mu_mHj_genbin6_recobin0 acc 0.0086 eff 0.0117 outinratio 0.0689 

ttH126_4mu_mHj_genbin6_recobin0 acc 0.0338 eff 0.0 outinratio 0.0 

ggH126_4mu_mHj_genbin0_recobin1 acc 0.2705 eff 0.0501 outinratio 0.0721 

VBFH126_4mu_mHj_genbin0_recobin1 acc 0.041 eff 0.0734 outinratio 0.0406 

WminusH126_4mu_mHj_genbin0_recobin1 acc 0.0882 eff 0.1193 outinratio 0.0838 

WplusH126_4mu_mHj_genbin0_recobin1 acc 0.08 eff 0.1163 outinratio 0.0809 

ZH126_4mu_mHj_genbin0_recobin1 acc 0.0826 eff 0.095 outinratio 0.1033 

ttH126_4mu_mHj_genbin0_recobin1 acc 0.0007 eff 0.0646 outinratio 0.1548 

ggH126_4mu_mHj_genbin1_recobin1 acc 0.0393 eff 0.5904 outinratio 0.0721 

VBFH126_4mu_mHj_genbin1_recobin1 acc 0.0266 eff 0.5293 outinratio 0.0406 

WminusH126_4mu_mHj_genbin1_recobin1 acc 0.0842 eff 0.6075 outinratio 0.0838 

WplusH126_4mu_mHj_genbin1_recobin1 acc 0.0704 eff 0.59 outinratio 0.0809 

ZH126_4mu_mHj_genbin1_recobin1 acc 0.0783 eff 0.578 outinratio 0.1033 

ttH126_4mu_mHj_genbin1_recobin1 acc 0.0301 eff 0.513 outinratio 0.1548 

ggH126_4mu_mHj_genbin2_recobin1 acc 0.0413 eff 0.0758 outinratio 0.0721 

VBFH126_4mu_mHj_genbin2_recobin1 acc 0.0661 eff 0.0335 outinratio 0.0406 

WminusH126_4mu_mHj_genbin2_recobin1 acc 0.0887 eff 0.0791 outinratio 0.0838 

WplusH126_4mu_mHj_genbin2_recobin1 acc 0.0764 eff 0.0817 outinratio 0.0809 

ZH126_4mu_mHj_genbin2_recobin1 acc 0.0872 eff 0.0888 outinratio 0.1033 

ttH126_4mu_mHj_genbin2_recobin1 acc 0.0819 eff 0.0635 outinratio 0.1548 

ggH126_4mu_mHj_genbin3_recobin1 acc 0.0288 eff 0.0335 outinratio 0.0721 

VBFH126_4mu_mHj_genbin3_recobin1 acc 0.0888 eff 0.0142 outinratio 0.0406 

WminusH126_4mu_mHj_genbin3_recobin1 acc 0.0516 eff 0.0099 outinratio 0.0838 

WplusH126_4mu_mHj_genbin3_recobin1 acc 0.0499 eff 0.0122 outinratio 0.0809 

ZH126_4mu_mHj_genbin3_recobin1 acc 0.0538 eff 0.0143 outinratio 0.1033 

ttH126_4mu_mHj_genbin3_recobin1 acc 0.0825 eff 0.0149 outinratio 0.1548 

ggH126_4mu_mHj_genbin4_recobin1 acc 0.0219 eff 0.009 outinratio 0.0721 

VBFH126_4mu_mHj_genbin4_recobin1 acc 0.0825 eff 0.0067 outinratio 0.0406 

WminusH126_4mu_mHj_genbin4_recobin1 acc 0.0298 eff 0.0065 outinratio 0.0838 

WplusH126_4mu_mHj_genbin4_recobin1 acc 0.0266 eff 0.015 outinratio 0.0809 

ZH126_4mu_mHj_genbin4_recobin1 acc 0.0285 eff 0.0165 outinratio 0.1033 

ttH126_4mu_mHj_genbin4_recobin1 acc 0.065 eff 0.0041 outinratio 0.1548 

ggH126_4mu_mHj_genbin5_recobin1 acc 0.0177 eff 0.0078 outinratio 0.0721 

VBFH126_4mu_mHj_genbin5_recobin1 acc 0.083 eff 0.005 outinratio 0.0406 

WminusH126_4mu_mHj_genbin5_recobin1 acc 0.0174 eff 0.0112 outinratio 0.0838 

WplusH126_4mu_mHj_genbin5_recobin1 acc 0.018 eff 0.0016 outinratio 0.0809 

ZH126_4mu_mHj_genbin5_recobin1 acc 0.0176 eff 0.0051 outinratio 0.1033 

ttH126_4mu_mHj_genbin5_recobin1 acc 0.0463 eff 0.0089 outinratio 0.1548 

ggH126_4mu_mHj_genbin6_recobin1 acc 0.0118 eff 0.0086 outinratio 0.0721 

VBFH126_4mu_mHj_genbin6_recobin1 acc 0.0908 eff 0.0092 outinratio 0.0406 

WminusH126_4mu_mHj_genbin6_recobin1 acc 0.0095 eff 0.0 outinratio 0.0838 

WplusH126_4mu_mHj_genbin6_recobin1 acc 0.0107 eff 0.0051 outinratio 0.0809 

ZH126_4mu_mHj_genbin6_recobin1 acc 0.0086 eff 0.0 outinratio 0.1033 

ttH126_4mu_mHj_genbin6_recobin1 acc 0.0338 eff 0.0032 outinratio 0.1548 

ggH126_4mu_mHj_genbin0_recobin2 acc 0.2705 eff 0.0181 outinratio 0.0601 

VBFH126_4mu_mHj_genbin0_recobin2 acc 0.041 eff 0.0358 outinratio 0.029 

WminusH126_4mu_mHj_genbin0_recobin2 acc 0.0882 eff 0.0763 outinratio 0.0932 

WplusH126_4mu_mHj_genbin0_recobin2 acc 0.08 eff 0.0682 outinratio 0.085 

ZH126_4mu_mHj_genbin0_recobin2 acc 0.0826 eff 0.0488 outinratio 0.0823 

ttH126_4mu_mHj_genbin0_recobin2 acc 0.0007 eff 0.1372 outinratio 0.1605 

ggH126_4mu_mHj_genbin1_recobin2 acc 0.0393 eff 0.0811 outinratio 0.0601 

VBFH126_4mu_mHj_genbin1_recobin2 acc 0.0266 eff 0.1277 outinratio 0.029 

WminusH126_4mu_mHj_genbin1_recobin2 acc 0.0842 eff 0.1382 outinratio 0.0932 

WplusH126_4mu_mHj_genbin1_recobin2 acc 0.0704 eff 0.1146 outinratio 0.085 

ZH126_4mu_mHj_genbin1_recobin2 acc 0.0783 eff 0.1234 outinratio 0.0823 

ttH126_4mu_mHj_genbin1_recobin2 acc 0.0301 eff 0.1789 outinratio 0.1605 

ggH126_4mu_mHj_genbin2_recobin2 acc 0.0413 eff 0.6169 outinratio 0.0601 

VBFH126_4mu_mHj_genbin2_recobin2 acc 0.0661 eff 0.5537 outinratio 0.029 

WminusH126_4mu_mHj_genbin2_recobin2 acc 0.0887 eff 0.5999 outinratio 0.0932 

WplusH126_4mu_mHj_genbin2_recobin2 acc 0.0764 eff 0.619 outinratio 0.085 

ZH126_4mu_mHj_genbin2_recobin2 acc 0.0872 eff 0.6379 outinratio 0.0823 

ttH126_4mu_mHj_genbin2_recobin2 acc 0.0819 eff 0.5599 outinratio 0.1605 

ggH126_4mu_mHj_genbin3_recobin2 acc 0.0288 eff 0.0748 outinratio 0.0601 

VBFH126_4mu_mHj_genbin3_recobin2 acc 0.0888 eff 0.0608 outinratio 0.029 

WminusH126_4mu_mHj_genbin3_recobin2 acc 0.0516 eff 0.0659 outinratio 0.0932 

WplusH126_4mu_mHj_genbin3_recobin2 acc 0.0499 eff 0.0735 outinratio 0.085 

ZH126_4mu_mHj_genbin3_recobin2 acc 0.0538 eff 0.1215 outinratio 0.0823 

ttH126_4mu_mHj_genbin3_recobin2 acc 0.0825 eff 0.0926 outinratio 0.1605 

ggH126_4mu_mHj_genbin4_recobin2 acc 0.0219 eff 0.0111 outinratio 0.0601 

VBFH126_4mu_mHj_genbin4_recobin2 acc 0.0825 eff 0.0119 outinratio 0.029 

WminusH126_4mu_mHj_genbin4_recobin2 acc 0.0298 eff 0.003 outinratio 0.0932 

WplusH126_4mu_mHj_genbin4_recobin2 acc 0.0266 eff 0.0122 outinratio 0.085 

ZH126_4mu_mHj_genbin4_recobin2 acc 0.0285 eff 0.0086 outinratio 0.0823 

ttH126_4mu_mHj_genbin4_recobin2 acc 0.065 eff 0.0216 outinratio 0.1605 

ggH126_4mu_mHj_genbin5_recobin2 acc 0.0177 eff 0.0078 outinratio 0.0601 

VBFH126_4mu_mHj_genbin5_recobin2 acc 0.083 eff 0.0077 outinratio 0.029 

WminusH126_4mu_mHj_genbin5_recobin2 acc 0.0174 eff 0.0137 outinratio 0.0932 

WplusH126_4mu_mHj_genbin5_recobin2 acc 0.018 eff 0.0133 outinratio 0.085 

ZH126_4mu_mHj_genbin5_recobin2 acc 0.0176 eff 0.0055 outinratio 0.0823 

ttH126_4mu_mHj_genbin5_recobin2 acc 0.0463 eff 0.0169 outinratio 0.1605 

ggH126_4mu_mHj_genbin6_recobin2 acc 0.0118 eff 0.0196 outinratio 0.0601 

VBFH126_4mu_mHj_genbin6_recobin2 acc 0.0908 eff 0.0125 outinratio 0.029 

WminusH126_4mu_mHj_genbin6_recobin2 acc 0.0095 eff 0.0 outinratio 0.0932 

WplusH126_4mu_mHj_genbin6_recobin2 acc 0.0107 eff 0.0138 outinratio 0.085 

ZH126_4mu_mHj_genbin6_recobin2 acc 0.0086 eff 0.0111 outinratio 0.0823 

ttH126_4mu_mHj_genbin6_recobin2 acc 0.0338 eff 0.0169 outinratio 0.1605 

ggH126_4mu_mHj_genbin0_recobin3 acc 0.2705 eff 0.011 outinratio 0.0535 

VBFH126_4mu_mHj_genbin0_recobin3 acc 0.041 eff 0.031 outinratio 0.0335 

WminusH126_4mu_mHj_genbin0_recobin3 acc 0.0882 eff 0.0267 outinratio 0.0579 

WplusH126_4mu_mHj_genbin0_recobin3 acc 0.08 eff 0.0278 outinratio 0.0582 

ZH126_4mu_mHj_genbin0_recobin3 acc 0.0826 eff 0.0182 outinratio 0.093 

ttH126_4mu_mHj_genbin0_recobin3 acc 0.0007 eff 0.1134 outinratio 0.1522 

ggH126_4mu_mHj_genbin1_recobin3 acc 0.0393 eff 0.014 outinratio 0.0535 

VBFH126_4mu_mHj_genbin1_recobin3 acc 0.0266 eff 0.0263 outinratio 0.0335 

WminusH126_4mu_mHj_genbin1_recobin3 acc 0.0842 eff 0.0078 outinratio 0.0579 

WplusH126_4mu_mHj_genbin1_recobin3 acc 0.0704 eff 0.0131 outinratio 0.0582 

ZH126_4mu_mHj_genbin1_recobin3 acc 0.0783 eff 0.0133 outinratio 0.093 

ttH126_4mu_mHj_genbin1_recobin3 acc 0.0301 eff 0.0316 outinratio 0.1522 

ggH126_4mu_mHj_genbin2_recobin3 acc 0.0413 eff 0.0575 outinratio 0.0535 

VBFH126_4mu_mHj_genbin2_recobin3 acc 0.0661 eff 0.1251 outinratio 0.0335 

WminusH126_4mu_mHj_genbin2_recobin3 acc 0.0887 eff 0.0774 outinratio 0.0579 

WplusH126_4mu_mHj_genbin2_recobin3 acc 0.0764 eff 0.0653 outinratio 0.0582 

ZH126_4mu_mHj_genbin2_recobin3 acc 0.0872 eff 0.0704 outinratio 0.093 

ttH126_4mu_mHj_genbin2_recobin3 acc 0.0819 eff 0.0868 outinratio 0.1522 

ggH126_4mu_mHj_genbin3_recobin3 acc 0.0288 eff 0.5955 outinratio 0.0535 

VBFH126_4mu_mHj_genbin3_recobin3 acc 0.0888 eff 0.5519 outinratio 0.0335 

WminusH126_4mu_mHj_genbin3_recobin3 acc 0.0516 eff 0.6163 outinratio 0.0579 

WplusH126_4mu_mHj_genbin3_recobin3 acc 0.0499 eff 0.6694 outinratio 0.0582 

ZH126_4mu_mHj_genbin3_recobin3 acc 0.0538 eff 0.6327 outinratio 0.093 

ttH126_4mu_mHj_genbin3_recobin3 acc 0.0825 eff 0.5548 outinratio 0.1522 

ggH126_4mu_mHj_genbin4_recobin3 acc 0.0219 eff 0.0849 outinratio 0.0535 

VBFH126_4mu_mHj_genbin4_recobin3 acc 0.0825 eff 0.0684 outinratio 0.0335 

WminusH126_4mu_mHj_genbin4_recobin3 acc 0.0298 eff 0.1015 outinratio 0.0579 

WplusH126_4mu_mHj_genbin4_recobin3 acc 0.0266 eff 0.0674 outinratio 0.0582 

ZH126_4mu_mHj_genbin4_recobin3 acc 0.0285 eff 0.1 outinratio 0.093 

ttH126_4mu_mHj_genbin4_recobin3 acc 0.065 eff 0.0961 outinratio 0.1522 

ggH126_4mu_mHj_genbin5_recobin3 acc 0.0177 eff 0.0135 outinratio 0.0535 

VBFH126_4mu_mHj_genbin5_recobin3 acc 0.083 eff 0.0113 outinratio 0.0335 

WminusH126_4mu_mHj_genbin5_recobin3 acc 0.0174 eff 0.0 outinratio 0.0579 

WplusH126_4mu_mHj_genbin5_recobin3 acc 0.018 eff 0.0044 outinratio 0.0582 

ZH126_4mu_mHj_genbin5_recobin3 acc 0.0176 eff 0.0087 outinratio 0.093 

ttH126_4mu_mHj_genbin5_recobin3 acc 0.0463 eff 0.0154 outinratio 0.1522 

ggH126_4mu_mHj_genbin6_recobin3 acc 0.0118 eff 0.0044 outinratio 0.0535 

VBFH126_4mu_mHj_genbin6_recobin3 acc 0.0908 eff 0.0133 outinratio 0.0335 

WminusH126_4mu_mHj_genbin6_recobin3 acc 0.0095 eff 0.0 outinratio 0.0579 

WplusH126_4mu_mHj_genbin6_recobin3 acc 0.0107 eff 0.0127 outinratio 0.0582 

ZH126_4mu_mHj_genbin6_recobin3 acc 0.0086 eff 0.0 outinratio 0.093 

ttH126_4mu_mHj_genbin6_recobin3 acc 0.0338 eff 0.0086 outinratio 0.1522 

ggH126_4mu_mHj_genbin0_recobin4 acc 0.2705 eff 0.008 outinratio 0.0578 

VBFH126_4mu_mHj_genbin0_recobin4 acc 0.041 eff 0.0413 outinratio 0.0232 

WminusH126_4mu_mHj_genbin0_recobin4 acc 0.0882 eff 0.0113 outinratio 0.0735 

WplusH126_4mu_mHj_genbin0_recobin4 acc 0.08 eff 0.008 outinratio 0.044 

ZH126_4mu_mHj_genbin0_recobin4 acc 0.0826 eff 0.025 outinratio 0.0811 

ttH126_4mu_mHj_genbin0_recobin4 acc 0.0007 eff 0.127 outinratio 0.1092 

ggH126_4mu_mHj_genbin1_recobin4 acc 0.0393 eff 0.008 outinratio 0.0578 

VBFH126_4mu_mHj_genbin1_recobin4 acc 0.0266 eff 0.0057 outinratio 0.0232 

WminusH126_4mu_mHj_genbin1_recobin4 acc 0.0842 eff 0.0011 outinratio 0.0735 

WplusH126_4mu_mHj_genbin1_recobin4 acc 0.0704 eff 0.0031 outinratio 0.044 

ZH126_4mu_mHj_genbin1_recobin4 acc 0.0783 eff 0.003 outinratio 0.0811 

ttH126_4mu_mHj_genbin1_recobin4 acc 0.0301 eff 0.0155 outinratio 0.1092 

ggH126_4mu_mHj_genbin2_recobin4 acc 0.0413 eff 0.0044 outinratio 0.0578 

VBFH126_4mu_mHj_genbin2_recobin4 acc 0.0661 eff 0.0136 outinratio 0.0232 

WminusH126_4mu_mHj_genbin2_recobin4 acc 0.0887 eff 0.0028 outinratio 0.0735 

WplusH126_4mu_mHj_genbin2_recobin4 acc 0.0764 eff 0.0075 outinratio 0.044 

ZH126_4mu_mHj_genbin2_recobin4 acc 0.0872 eff 0.0086 outinratio 0.0811 

ttH126_4mu_mHj_genbin2_recobin4 acc 0.0819 eff 0.0219 outinratio 0.1092 

ggH126_4mu_mHj_genbin3_recobin4 acc 0.0288 eff 0.0708 outinratio 0.0578 

VBFH126_4mu_mHj_genbin3_recobin4 acc 0.0888 eff 0.1216 outinratio 0.0232 

WminusH126_4mu_mHj_genbin3_recobin4 acc 0.0516 eff 0.0798 outinratio 0.0735 

WplusH126_4mu_mHj_genbin3_recobin4 acc 0.0499 eff 0.0496 outinratio 0.044 

ZH126_4mu_mHj_genbin3_recobin4 acc 0.0538 eff 0.048 outinratio 0.0811 

ttH126_4mu_mHj_genbin3_recobin4 acc 0.0825 eff 0.0914 outinratio 0.1092 

ggH126_4mu_mHj_genbin4_recobin4 acc 0.0219 eff 0.601 outinratio 0.0578 

VBFH126_4mu_mHj_genbin4_recobin4 acc 0.0825 eff 0.5755 outinratio 0.0232 

WminusH126_4mu_mHj_genbin4_recobin4 acc 0.0298 eff 0.6851 outinratio 0.0735 

WplusH126_4mu_mHj_genbin4_recobin4 acc 0.0266 eff 0.6751 outinratio 0.044 

ZH126_4mu_mHj_genbin4_recobin4 acc 0.0285 eff 0.5977 outinratio 0.0811 

ttH126_4mu_mHj_genbin4_recobin4 acc 0.065 eff 0.603 outinratio 0.1092 

ggH126_4mu_mHj_genbin5_recobin4 acc 0.0177 eff 0.118 outinratio 0.0578 

VBFH126_4mu_mHj_genbin5_recobin4 acc 0.083 eff 0.063 outinratio 0.0232 

WminusH126_4mu_mHj_genbin5_recobin4 acc 0.0174 eff 0.0765 outinratio 0.0735 

WplusH126_4mu_mHj_genbin5_recobin4 acc 0.018 eff 0.0873 outinratio 0.044 

ZH126_4mu_mHj_genbin5_recobin4 acc 0.0176 eff 0.0276 outinratio 0.0811 

ttH126_4mu_mHj_genbin5_recobin4 acc 0.0463 eff 0.0845 outinratio 0.1092 

ggH126_4mu_mHj_genbin6_recobin4 acc 0.0118 eff 0.0 outinratio 0.0578 

VBFH126_4mu_mHj_genbin6_recobin4 acc 0.0908 eff 0.0124 outinratio 0.0232 

WminusH126_4mu_mHj_genbin6_recobin4 acc 0.0095 eff 0.0187 outinratio 0.0735 

WplusH126_4mu_mHj_genbin6_recobin4 acc 0.0107 eff 0.0 outinratio 0.044 

ZH126_4mu_mHj_genbin6_recobin4 acc 0.0086 eff 0.0045 outinratio 0.0811 

ttH126_4mu_mHj_genbin6_recobin4 acc 0.0338 eff 0.0105 outinratio 0.1092 

ggH126_4mu_mHj_genbin0_recobin5 acc 0.2705 eff 0.0089 outinratio 0.0341 

VBFH126_4mu_mHj_genbin0_recobin5 acc 0.041 eff 0.0372 outinratio 0.0299 

WminusH126_4mu_mHj_genbin0_recobin5 acc 0.0882 eff 0.0114 outinratio 0.0628 

WplusH126_4mu_mHj_genbin0_recobin5 acc 0.08 eff 0.0153 outinratio 0.062 

ZH126_4mu_mHj_genbin0_recobin5 acc 0.0826 eff 0.004 outinratio 0.094 

ttH126_4mu_mHj_genbin0_recobin5 acc 0.0007 eff 0.1036 outinratio 0.1096 

ggH126_4mu_mHj_genbin1_recobin5 acc 0.0393 eff 0.0054 outinratio 0.0341 

VBFH126_4mu_mHj_genbin1_recobin5 acc 0.0266 eff 0.0145 outinratio 0.0299 

WminusH126_4mu_mHj_genbin1_recobin5 acc 0.0842 eff 0.0017 outinratio 0.0628 

WplusH126_4mu_mHj_genbin1_recobin5 acc 0.0704 eff 0.0042 outinratio 0.062 

ZH126_4mu_mHj_genbin1_recobin5 acc 0.0783 eff 0.0017 outinratio 0.094 

ttH126_4mu_mHj_genbin1_recobin5 acc 0.0301 eff 0.0091 outinratio 0.1096 

ggH126_4mu_mHj_genbin2_recobin5 acc 0.0413 eff 0.0101 outinratio 0.0341 

VBFH126_4mu_mHj_genbin2_recobin5 acc 0.0661 eff 0.0144 outinratio 0.0299 

WminusH126_4mu_mHj_genbin2_recobin5 acc 0.0887 eff 0.0039 outinratio 0.0628 

WplusH126_4mu_mHj_genbin2_recobin5 acc 0.0764 eff 0.0019 outinratio 0.062 

ZH126_4mu_mHj_genbin2_recobin5 acc 0.0872 eff 0.0 outinratio 0.094 

ttH126_4mu_mHj_genbin2_recobin5 acc 0.0819 eff 0.0075 outinratio 0.1096 

ggH126_4mu_mHj_genbin3_recobin5 acc 0.0288 eff 0.0018 outinratio 0.0341 

VBFH126_4mu_mHj_genbin3_recobin5 acc 0.0888 eff 0.0132 outinratio 0.0299 

WminusH126_4mu_mHj_genbin3_recobin5 acc 0.0516 eff 0.0 outinratio 0.0628 

WplusH126_4mu_mHj_genbin3_recobin5 acc 0.0499 eff 0.0055 outinratio 0.062 

ZH126_4mu_mHj_genbin3_recobin5 acc 0.0538 eff 0.0039 outinratio 0.094 

ttH126_4mu_mHj_genbin3_recobin5 acc 0.0825 eff 0.0134 outinratio 0.1096 

ggH126_4mu_mHj_genbin4_recobin5 acc 0.0219 eff 0.0659 outinratio 0.0341 

VBFH126_4mu_mHj_genbin4_recobin5 acc 0.0825 eff 0.1146 outinratio 0.0299 

WminusH126_4mu_mHj_genbin4_recobin5 acc 0.0298 eff 0.0901 outinratio 0.0628 

WplusH126_4mu_mHj_genbin4_recobin5 acc 0.0266 eff 0.0698 outinratio 0.062 

ZH126_4mu_mHj_genbin4_recobin5 acc 0.0285 eff 0.0608 outinratio 0.094 

ttH126_4mu_mHj_genbin4_recobin5 acc 0.065 eff 0.0683 outinratio 0.1096 

ggH126_4mu_mHj_genbin5_recobin5 acc 0.0177 eff 0.6128 outinratio 0.0341 

VBFH126_4mu_mHj_genbin5_recobin5 acc 0.083 eff 0.6376 outinratio 0.0299 

WminusH126_4mu_mHj_genbin5_recobin5 acc 0.0174 eff 0.5977 outinratio 0.0628 

WplusH126_4mu_mHj_genbin5_recobin5 acc 0.018 eff 0.6664 outinratio 0.062 

ZH126_4mu_mHj_genbin5_recobin5 acc 0.0176 eff 0.6472 outinratio 0.094 

ttH126_4mu_mHj_genbin5_recobin5 acc 0.0463 eff 0.6071 outinratio 0.1096 

ggH126_4mu_mHj_genbin6_recobin5 acc 0.0118 eff 0.0718 outinratio 0.0341 

VBFH126_4mu_mHj_genbin6_recobin5 acc 0.0908 eff 0.042 outinratio 0.0299 

WminusH126_4mu_mHj_genbin6_recobin5 acc 0.0095 eff 0.0769 outinratio 0.0628 

WplusH126_4mu_mHj_genbin6_recobin5 acc 0.0107 eff 0.0449 outinratio 0.062 

ZH126_4mu_mHj_genbin6_recobin5 acc 0.0086 eff 0.0045 outinratio 0.094 

ttH126_4mu_mHj_genbin6_recobin5 acc 0.0338 eff 0.062 outinratio 0.1096 

ggH126_4mu_mHj_genbin0_recobin6 acc 0.2705 eff 0.0109 outinratio 0.0459 

VBFH126_4mu_mHj_genbin0_recobin6 acc 0.041 eff 0.0091 outinratio 0.0312 

WminusH126_4mu_mHj_genbin0_recobin6 acc 0.0882 eff 0.0091 outinratio 0.03 

WplusH126_4mu_mHj_genbin0_recobin6 acc 0.08 eff 0.0094 outinratio 0.0501 

ZH126_4mu_mHj_genbin0_recobin6 acc 0.0826 eff 0.0027 outinratio 0.088 

ttH126_4mu_mHj_genbin0_recobin6 acc 0.0007 eff 0.0 outinratio 0.1312 

ggH126_4mu_mHj_genbin1_recobin6 acc 0.0393 eff 0.0141 outinratio 0.0459 

VBFH126_4mu_mHj_genbin1_recobin6 acc 0.0266 eff 0.0096 outinratio 0.0312 

WminusH126_4mu_mHj_genbin1_recobin6 acc 0.0842 eff 0.0038 outinratio 0.03 

WplusH126_4mu_mHj_genbin1_recobin6 acc 0.0704 eff 0.0019 outinratio 0.0501 

ZH126_4mu_mHj_genbin1_recobin6 acc 0.0783 eff 0.0024 outinratio 0.088 

ttH126_4mu_mHj_genbin1_recobin6 acc 0.0301 eff 0.0 outinratio 0.1312 

ggH126_4mu_mHj_genbin2_recobin6 acc 0.0413 eff 0.0054 outinratio 0.0459 

VBFH126_4mu_mHj_genbin2_recobin6 acc 0.0661 eff 0.0163 outinratio 0.0312 

WminusH126_4mu_mHj_genbin2_recobin6 acc 0.0887 eff 0.0052 outinratio 0.03 

WplusH126_4mu_mHj_genbin2_recobin6 acc 0.0764 eff 0.0006 outinratio 0.0501 

ZH126_4mu_mHj_genbin2_recobin6 acc 0.0872 eff 0.0025 outinratio 0.088 

ttH126_4mu_mHj_genbin2_recobin6 acc 0.0819 eff 0.0068 outinratio 0.1312 

ggH126_4mu_mHj_genbin3_recobin6 acc 0.0288 eff 0.0044 outinratio 0.0459 

VBFH126_4mu_mHj_genbin3_recobin6 acc 0.0888 eff 0.016 outinratio 0.0312 

WminusH126_4mu_mHj_genbin3_recobin6 acc 0.0516 eff 0.0 outinratio 0.03 

WplusH126_4mu_mHj_genbin3_recobin6 acc 0.0499 eff 0.0029 outinratio 0.0501 

ZH126_4mu_mHj_genbin3_recobin6 acc 0.0538 eff 0.0 outinratio 0.088 

ttH126_4mu_mHj_genbin3_recobin6 acc 0.0825 eff 0.0094 outinratio 0.1312 

ggH126_4mu_mHj_genbin4_recobin6 acc 0.0219 eff 0.0065 outinratio 0.0459 

VBFH126_4mu_mHj_genbin4_recobin6 acc 0.0825 eff 0.0105 outinratio 0.0312 

WminusH126_4mu_mHj_genbin4_recobin6 acc 0.0298 eff 0.0013 outinratio 0.03 

WplusH126_4mu_mHj_genbin4_recobin6 acc 0.0266 eff 0.0103 outinratio 0.0501 

ZH126_4mu_mHj_genbin4_recobin6 acc 0.0285 eff 0.0 outinratio 0.088 

ttH126_4mu_mHj_genbin4_recobin6 acc 0.065 eff 0.0049 outinratio 0.1312 

ggH126_4mu_mHj_genbin5_recobin6 acc 0.0177 eff 0.0608 outinratio 0.0459 

VBFH126_4mu_mHj_genbin5_recobin6 acc 0.083 eff 0.0804 outinratio 0.0312 

WminusH126_4mu_mHj_genbin5_recobin6 acc 0.0174 eff 0.0313 outinratio 0.03 

WplusH126_4mu_mHj_genbin5_recobin6 acc 0.018 eff 0.0456 outinratio 0.0501 

ZH126_4mu_mHj_genbin5_recobin6 acc 0.0176 eff 0.0441 outinratio 0.088 

ttH126_4mu_mHj_genbin5_recobin6 acc 0.0463 eff 0.0344 outinratio 0.1312 

ggH126_4mu_mHj_genbin6_recobin6 acc 0.0118 eff 0.6649 outinratio 0.0459 

VBFH126_4mu_mHj_genbin6_recobin6 acc 0.0908 eff 0.7162 outinratio 0.0312 

WminusH126_4mu_mHj_genbin6_recobin6 acc 0.0095 eff 0.7662 outinratio 0.03 

WplusH126_4mu_mHj_genbin6_recobin6 acc 0.0107 eff 0.7618 outinratio 0.0501 

ZH126_4mu_mHj_genbin6_recobin6 acc 0.0086 eff 0.8651 outinratio 0.088 

ttH126_4mu_mHj_genbin6_recobin6 acc 0.0338 eff 0.7007 outinratio 0.1312 

ggH126_2e2mu_mHj_genbin0_recobin0 acc 0.2541 eff 0.4364 outinratio 0.0505 

VBFH126_2e2mu_mHj_genbin0_recobin0 acc 0.0394 eff 0.3582 outinratio 0.0366 

WminusH126_2e2mu_mHj_genbin0_recobin0 acc 0.0837 eff 0.3673 outinratio 0.0686 

WplusH126_2e2mu_mHj_genbin0_recobin0 acc 0.0706 eff 0.3633 outinratio 0.0749 

ZH126_2e2mu_mHj_genbin0_recobin0 acc 0.0743 eff 0.3918 outinratio 0.0793 

ttH126_2e2mu_mHj_genbin0_recobin0 acc 0.0008 eff 0.0426 outinratio 0.1023 

ggH126_2e2mu_mHj_genbin1_recobin0 acc 0.0371 eff 0.0915 outinratio 0.0505 

VBFH126_2e2mu_mHj_genbin1_recobin0 acc 0.0235 eff 0.0443 outinratio 0.0366 

WminusH126_2e2mu_mHj_genbin1_recobin0 acc 0.0792 eff 0.0334 outinratio 0.0686 

WplusH126_2e2mu_mHj_genbin1_recobin0 acc 0.0663 eff 0.0418 outinratio 0.0749 

ZH126_2e2mu_mHj_genbin1_recobin0 acc 0.0735 eff 0.0418 outinratio 0.0793 

ttH126_2e2mu_mHj_genbin1_recobin0 acc 0.0253 eff 0.0019 outinratio 0.1023 

ggH126_2e2mu_mHj_genbin2_recobin0 acc 0.0383 eff 0.0448 outinratio 0.0505 

VBFH126_2e2mu_mHj_genbin2_recobin0 acc 0.0612 eff 0.0262 outinratio 0.0366 

WminusH126_2e2mu_mHj_genbin2_recobin0 acc 0.0816 eff 0.0091 outinratio 0.0686 

WplusH126_2e2mu_mHj_genbin2_recobin0 acc 0.0721 eff 0.0138 outinratio 0.0749 

ZH126_2e2mu_mHj_genbin2_recobin0 acc 0.0845 eff 0.0124 outinratio 0.0793 

ttH126_2e2mu_mHj_genbin2_recobin0 acc 0.0721 eff 0.0 outinratio 0.1023 

ggH126_2e2mu_mHj_genbin3_recobin0 acc 0.0277 eff 0.0465 outinratio 0.0505 

VBFH126_2e2mu_mHj_genbin3_recobin0 acc 0.0785 eff 0.0177 outinratio 0.0366 

WminusH126_2e2mu_mHj_genbin3_recobin0 acc 0.0502 eff 0.006 outinratio 0.0686 

WplusH126_2e2mu_mHj_genbin3_recobin0 acc 0.0442 eff 0.0093 outinratio 0.0749 

ZH126_2e2mu_mHj_genbin3_recobin0 acc 0.0486 eff 0.0111 outinratio 0.0793 

ttH126_2e2mu_mHj_genbin3_recobin0 acc 0.0764 eff 0.0003 outinratio 0.1023 

ggH126_2e2mu_mHj_genbin4_recobin0 acc 0.0189 eff 0.0359 outinratio 0.0505 

VBFH126_2e2mu_mHj_genbin4_recobin0 acc 0.0801 eff 0.0157 outinratio 0.0366 

WminusH126_2e2mu_mHj_genbin4_recobin0 acc 0.0285 eff 0.0024 outinratio 0.0686 

WplusH126_2e2mu_mHj_genbin4_recobin0 acc 0.0258 eff 0.0071 outinratio 0.0749 

ZH126_2e2mu_mHj_genbin4_recobin0 acc 0.0297 eff 0.0016 outinratio 0.0793 

ttH126_2e2mu_mHj_genbin4_recobin0 acc 0.0587 eff 0.0 outinratio 0.1023 

ggH126_2e2mu_mHj_genbin5_recobin0 acc 0.0156 eff 0.0414 outinratio 0.0505 

VBFH126_2e2mu_mHj_genbin5_recobin0 acc 0.0811 eff 0.0179 outinratio 0.0366 

WminusH126_2e2mu_mHj_genbin5_recobin0 acc 0.0145 eff 0.0 outinratio 0.0686 

WplusH126_2e2mu_mHj_genbin5_recobin0 acc 0.0165 eff 0.0029 outinratio 0.0749 

ZH126_2e2mu_mHj_genbin5_recobin0 acc 0.0183 eff 0.0 outinratio 0.0793 

ttH126_2e2mu_mHj_genbin5_recobin0 acc 0.0439 eff 0.0 outinratio 0.1023 

ggH126_2e2mu_mHj_genbin6_recobin0 acc 0.0111 eff 0.0216 outinratio 0.0505 

VBFH126_2e2mu_mHj_genbin6_recobin0 acc 0.0824 eff 0.0104 outinratio 0.0366 

WminusH126_2e2mu_mHj_genbin6_recobin0 acc 0.008 eff 0.0 outinratio 0.0686 

WplusH126_2e2mu_mHj_genbin6_recobin0 acc 0.0098 eff 0.0 outinratio 0.0749 

ZH126_2e2mu_mHj_genbin6_recobin0 acc 0.008 eff 0.0066 outinratio 0.0793 

ttH126_2e2mu_mHj_genbin6_recobin0 acc 0.0302 eff 0.0 outinratio 0.1023 

ggH126_2e2mu_mHj_genbin0_recobin1 acc 0.2541 eff 0.035 outinratio 0.0965 

VBFH126_2e2mu_mHj_genbin0_recobin1 acc 0.0394 eff 0.0348 outinratio 0.0456 

WminusH126_2e2mu_mHj_genbin0_recobin1 acc 0.0837 eff 0.0712 outinratio 0.1054 

WplusH126_2e2mu_mHj_genbin0_recobin1 acc 0.0706 eff 0.0752 outinratio 0.091 

ZH126_2e2mu_mHj_genbin0_recobin1 acc 0.0743 eff 0.0672 outinratio 0.0817 

ttH126_2e2mu_mHj_genbin0_recobin1 acc 0.0008 eff 0.2174 outinratio 0.2389 

ggH126_2e2mu_mHj_genbin1_recobin1 acc 0.0371 eff 0.3651 outinratio 0.0965 

VBFH126_2e2mu_mHj_genbin1_recobin1 acc 0.0235 eff 0.3321 outinratio 0.0456 

WminusH126_2e2mu_mHj_genbin1_recobin1 acc 0.0792 eff 0.3669 outinratio 0.1054 

WplusH126_2e2mu_mHj_genbin1_recobin1 acc 0.0663 eff 0.3822 outinratio 0.091 

ZH126_2e2mu_mHj_genbin1_recobin1 acc 0.0735 eff 0.3828 outinratio 0.0817 

ttH126_2e2mu_mHj_genbin1_recobin1 acc 0.0253 eff 0.2885 outinratio 0.2389 

ggH126_2e2mu_mHj_genbin2_recobin1 acc 0.0383 eff 0.0535 outinratio 0.0965 

VBFH126_2e2mu_mHj_genbin2_recobin1 acc 0.0612 eff 0.0329 outinratio 0.0456 

WminusH126_2e2mu_mHj_genbin2_recobin1 acc 0.0816 eff 0.0498 outinratio 0.1054 

WplusH126_2e2mu_mHj_genbin2_recobin1 acc 0.0721 eff 0.0531 outinratio 0.091 

ZH126_2e2mu_mHj_genbin2_recobin1 acc 0.0845 eff 0.045 outinratio 0.0817 

ttH126_2e2mu_mHj_genbin2_recobin1 acc 0.0721 eff 0.0468 outinratio 0.2389 

ggH126_2e2mu_mHj_genbin3_recobin1 acc 0.0277 eff 0.0134 outinratio 0.0965 

VBFH126_2e2mu_mHj_genbin3_recobin1 acc 0.0785 eff 0.0051 outinratio 0.0456 

WminusH126_2e2mu_mHj_genbin3_recobin1 acc 0.0502 eff 0.0093 outinratio 0.1054 

WplusH126_2e2mu_mHj_genbin3_recobin1 acc 0.0442 eff 0.0076 outinratio 0.091 

ZH126_2e2mu_mHj_genbin3_recobin1 acc 0.0486 eff 0.0072 outinratio 0.0817 

ttH126_2e2mu_mHj_genbin3_recobin1 acc 0.0764 eff 0.0098 outinratio 0.2389 

ggH126_2e2mu_mHj_genbin4_recobin1 acc 0.0189 eff 0.0128 outinratio 0.0965 

VBFH126_2e2mu_mHj_genbin4_recobin1 acc 0.0801 eff 0.0064 outinratio 0.0456 

WminusH126_2e2mu_mHj_genbin4_recobin1 acc 0.0285 eff 0.0015 outinratio 0.1054 

WplusH126_2e2mu_mHj_genbin4_recobin1 acc 0.0258 eff 0.0025 outinratio 0.091 

ZH126_2e2mu_mHj_genbin4_recobin1 acc 0.0297 eff 0.004 outinratio 0.0817 

ttH126_2e2mu_mHj_genbin4_recobin1 acc 0.0587 eff 0.006 outinratio 0.2389 

ggH126_2e2mu_mHj_genbin5_recobin1 acc 0.0156 eff 0.0011 outinratio 0.0965 

VBFH126_2e2mu_mHj_genbin5_recobin1 acc 0.0811 eff 0.0038 outinratio 0.0456 

WminusH126_2e2mu_mHj_genbin5_recobin1 acc 0.0145 eff 0.0 outinratio 0.1054 

WplusH126_2e2mu_mHj_genbin5_recobin1 acc 0.0165 eff 0.0055 outinratio 0.091 

ZH126_2e2mu_mHj_genbin5_recobin1 acc 0.0183 eff 0.0 outinratio 0.0817 

ttH126_2e2mu_mHj_genbin5_recobin1 acc 0.0439 eff 0.0023 outinratio 0.2389 

ggH126_2e2mu_mHj_genbin6_recobin1 acc 0.0111 eff 0.0033 outinratio 0.0965 

VBFH126_2e2mu_mHj_genbin6_recobin1 acc 0.0824 eff 0.0035 outinratio 0.0456 

WminusH126_2e2mu_mHj_genbin6_recobin1 acc 0.008 eff 0.0 outinratio 0.1054 

WplusH126_2e2mu_mHj_genbin6_recobin1 acc 0.0098 eff 0.0092 outinratio 0.091 

ZH126_2e2mu_mHj_genbin6_recobin1 acc 0.008 eff 0.0 outinratio 0.0817 

ttH126_2e2mu_mHj_genbin6_recobin1 acc 0.0302 eff 0.0025 outinratio 0.2389 

ggH126_2e2mu_mHj_genbin0_recobin2 acc 0.2541 eff 0.0111 outinratio 0.0683 

VBFH126_2e2mu_mHj_genbin0_recobin2 acc 0.0394 eff 0.0226 outinratio 0.0393 

WminusH126_2e2mu_mHj_genbin0_recobin2 acc 0.0837 eff 0.0363 outinratio 0.093 

WplusH126_2e2mu_mHj_genbin0_recobin2 acc 0.0706 eff 0.0371 outinratio 0.0756 

ZH126_2e2mu_mHj_genbin0_recobin2 acc 0.0743 eff 0.0344 outinratio 0.0925 

ttH126_2e2mu_mHj_genbin0_recobin2 acc 0.0008 eff 0.0231 outinratio 0.2129 

ggH126_2e2mu_mHj_genbin1_recobin2 acc 0.0371 eff 0.0431 outinratio 0.0683 

VBFH126_2e2mu_mHj_genbin1_recobin2 acc 0.0235 eff 0.0813 outinratio 0.0393 

WminusH126_2e2mu_mHj_genbin1_recobin2 acc 0.0792 eff 0.0591 outinratio 0.093 

WplusH126_2e2mu_mHj_genbin1_recobin2 acc 0.0663 eff 0.0645 outinratio 0.0756 

ZH126_2e2mu_mHj_genbin1_recobin2 acc 0.0735 eff 0.0649 outinratio 0.0925 

ttH126_2e2mu_mHj_genbin1_recobin2 acc 0.0253 eff 0.1005 outinratio 0.2129 

ggH126_2e2mu_mHj_genbin2_recobin2 acc 0.0383 eff 0.3728 outinratio 0.0683 

VBFH126_2e2mu_mHj_genbin2_recobin2 acc 0.0612 eff 0.3602 outinratio 0.0393 

WminusH126_2e2mu_mHj_genbin2_recobin2 acc 0.0816 eff 0.4184 outinratio 0.093 

WplusH126_2e2mu_mHj_genbin2_recobin2 acc 0.0721 eff 0.4049 outinratio 0.0756 

ZH126_2e2mu_mHj_genbin2_recobin2 acc 0.0845 eff 0.3593 outinratio 0.0925 

ttH126_2e2mu_mHj_genbin2_recobin2 acc 0.0721 eff 0.383 outinratio 0.2129 

ggH126_2e2mu_mHj_genbin3_recobin2 acc 0.0277 eff 0.0531 outinratio 0.0683 

VBFH126_2e2mu_mHj_genbin3_recobin2 acc 0.0785 eff 0.0459 outinratio 0.0393 

WminusH126_2e2mu_mHj_genbin3_recobin2 acc 0.0502 eff 0.0758 outinratio 0.093 

WplusH126_2e2mu_mHj_genbin3_recobin2 acc 0.0442 eff 0.0625 outinratio 0.0756 

ZH126_2e2mu_mHj_genbin3_recobin2 acc 0.0486 eff 0.0879 outinratio 0.0925 

ttH126_2e2mu_mHj_genbin3_recobin2 acc 0.0764 eff 0.0601 outinratio 0.2129 

ggH126_2e2mu_mHj_genbin4_recobin2 acc 0.0189 eff 0.0179 outinratio 0.0683 

VBFH126_2e2mu_mHj_genbin4_recobin2 acc 0.0801 eff 0.0092 outinratio 0.0393 

WminusH126_2e2mu_mHj_genbin4_recobin2 acc 0.0285 eff 0.0 outinratio 0.093 

WplusH126_2e2mu_mHj_genbin4_recobin2 acc 0.0258 eff 0.015 outinratio 0.0756 

ZH126_2e2mu_mHj_genbin4_recobin2 acc 0.0297 eff 0.0086 outinratio 0.0925 

ttH126_2e2mu_mHj_genbin4_recobin2 acc 0.0587 eff 0.0101 outinratio 0.2129 

ggH126_2e2mu_mHj_genbin5_recobin2 acc 0.0156 eff 0.001 outinratio 0.0683 

VBFH126_2e2mu_mHj_genbin5_recobin2 acc 0.0811 eff 0.0083 outinratio 0.0393 

WminusH126_2e2mu_mHj_genbin5_recobin2 acc 0.0145 eff 0.015 outinratio 0.093 

WplusH126_2e2mu_mHj_genbin5_recobin2 acc 0.0165 eff 0.0057 outinratio 0.0756 

ZH126_2e2mu_mHj_genbin5_recobin2 acc 0.0183 eff 0.0 outinratio 0.0925 

ttH126_2e2mu_mHj_genbin5_recobin2 acc 0.0439 eff 0.0078 outinratio 0.2129 

ggH126_2e2mu_mHj_genbin6_recobin2 acc 0.0111 eff 0.0028 outinratio 0.0683 

VBFH126_2e2mu_mHj_genbin6_recobin2 acc 0.0824 eff 0.0075 outinratio 0.0393 

WminusH126_2e2mu_mHj_genbin6_recobin2 acc 0.008 eff 0.0167 outinratio 0.093 

WplusH126_2e2mu_mHj_genbin6_recobin2 acc 0.0098 eff 0.0054 outinratio 0.0756 

ZH126_2e2mu_mHj_genbin6_recobin2 acc 0.008 eff 0.0099 outinratio 0.0925 

ttH126_2e2mu_mHj_genbin6_recobin2 acc 0.0302 eff 0.0208 outinratio 0.2129 

ggH126_2e2mu_mHj_genbin0_recobin3 acc 0.2541 eff 0.0083 outinratio 0.0519 

VBFH126_2e2mu_mHj_genbin0_recobin3 acc 0.0394 eff 0.0311 outinratio 0.0381 

WminusH126_2e2mu_mHj_genbin0_recobin3 acc 0.0837 eff 0.0197 outinratio 0.0553 

WplusH126_2e2mu_mHj_genbin0_recobin3 acc 0.0706 eff 0.0136 outinratio 0.0792 

ZH126_2e2mu_mHj_genbin0_recobin3 acc 0.0743 eff 0.0069 outinratio 0.0673 

ttH126_2e2mu_mHj_genbin0_recobin3 acc 0.0008 eff 0.2936 outinratio 0.1694 

ggH126_2e2mu_mHj_genbin1_recobin3 acc 0.0371 eff 0.0039 outinratio 0.0519 

VBFH126_2e2mu_mHj_genbin1_recobin3 acc 0.0235 eff 0.0115 outinratio 0.0381 

WminusH126_2e2mu_mHj_genbin1_recobin3 acc 0.0792 eff 0.0093 outinratio 0.0553 

WplusH126_2e2mu_mHj_genbin1_recobin3 acc 0.0663 eff 0.0057 outinratio 0.0792 

ZH126_2e2mu_mHj_genbin1_recobin3 acc 0.0735 eff 0.0073 outinratio 0.0673 

ttH126_2e2mu_mHj_genbin1_recobin3 acc 0.0253 eff 0.0307 outinratio 0.1694 

ggH126_2e2mu_mHj_genbin2_recobin3 acc 0.0383 eff 0.0386 outinratio 0.0519 

VBFH126_2e2mu_mHj_genbin2_recobin3 acc 0.0612 eff 0.0824 outinratio 0.0381 

WminusH126_2e2mu_mHj_genbin2_recobin3 acc 0.0816 eff 0.0495 outinratio 0.0553 

WplusH126_2e2mu_mHj_genbin2_recobin3 acc 0.0721 eff 0.0539 outinratio 0.0792 

ZH126_2e2mu_mHj_genbin2_recobin3 acc 0.0845 eff 0.0408 outinratio 0.0673 

ttH126_2e2mu_mHj_genbin2_recobin3 acc 0.0721 eff 0.0563 outinratio 0.1694 

ggH126_2e2mu_mHj_genbin3_recobin3 acc 0.0277 eff 0.3933 outinratio 0.0519 

VBFH126_2e2mu_mHj_genbin3_recobin3 acc 0.0785 eff 0.3551 outinratio 0.0381 

WminusH126_2e2mu_mHj_genbin3_recobin3 acc 0.0502 eff 0.4015 outinratio 0.0553 

WplusH126_2e2mu_mHj_genbin3_recobin3 acc 0.0442 eff 0.4068 outinratio 0.0792 

ZH126_2e2mu_mHj_genbin3_recobin3 acc 0.0486 eff 0.4251 outinratio 0.0673 

ttH126_2e2mu_mHj_genbin3_recobin3 acc 0.0764 eff 0.3687 outinratio 0.1694 

ggH126_2e2mu_mHj_genbin4_recobin3 acc 0.0189 eff 0.0703 outinratio 0.0519 

VBFH126_2e2mu_mHj_genbin4_recobin3 acc 0.0801 eff 0.0509 outinratio 0.0381 

WminusH126_2e2mu_mHj_genbin4_recobin3 acc 0.0285 eff 0.056 outinratio 0.0553 

WplusH126_2e2mu_mHj_genbin4_recobin3 acc 0.0258 eff 0.0481 outinratio 0.0792 

ZH126_2e2mu_mHj_genbin4_recobin3 acc 0.0297 eff 0.0625 outinratio 0.0673 

ttH126_2e2mu_mHj_genbin4_recobin3 acc 0.0587 eff 0.0711 outinratio 0.1694 

ggH126_2e2mu_mHj_genbin5_recobin3 acc 0.0156 eff 0.0021 outinratio 0.0519 

VBFH126_2e2mu_mHj_genbin5_recobin3 acc 0.0811 eff 0.009 outinratio 0.0381 

WminusH126_2e2mu_mHj_genbin5_recobin3 acc 0.0145 eff 0.0276 outinratio 0.0553 

WplusH126_2e2mu_mHj_genbin5_recobin3 acc 0.0165 eff 0.0032 outinratio 0.0792 

ZH126_2e2mu_mHj_genbin5_recobin3 acc 0.0183 eff 0.0027 outinratio 0.0673 

ttH126_2e2mu_mHj_genbin5_recobin3 acc 0.0439 eff 0.0069 outinratio 0.1694 

ggH126_2e2mu_mHj_genbin6_recobin3 acc 0.0111 eff 0.0024 outinratio 0.0519 

VBFH126_2e2mu_mHj_genbin6_recobin3 acc 0.0824 eff 0.0076 outinratio 0.0381 

WminusH126_2e2mu_mHj_genbin6_recobin3 acc 0.008 eff 0.0 outinratio 0.0553 

WplusH126_2e2mu_mHj_genbin6_recobin3 acc 0.0098 eff 0.0 outinratio 0.0792 

ZH126_2e2mu_mHj_genbin6_recobin3 acc 0.008 eff 0.0082 outinratio 0.0673 

ttH126_2e2mu_mHj_genbin6_recobin3 acc 0.0302 eff 0.0072 outinratio 0.1694 

ggH126_2e2mu_mHj_genbin0_recobin4 acc 0.2541 eff 0.0069 outinratio 0.0299 

VBFH126_2e2mu_mHj_genbin0_recobin4 acc 0.0394 eff 0.0251 outinratio 0.0382 

WminusH126_2e2mu_mHj_genbin0_recobin4 acc 0.0837 eff 0.0145 outinratio 0.0492 

WplusH126_2e2mu_mHj_genbin0_recobin4 acc 0.0706 eff 0.0089 outinratio 0.0586 

ZH126_2e2mu_mHj_genbin0_recobin4 acc 0.0743 eff 0.0077 outinratio 0.0714 

ttH126_2e2mu_mHj_genbin0_recobin4 acc 0.0008 eff 0.0 outinratio 0.1582 

ggH126_2e2mu_mHj_genbin1_recobin4 acc 0.0371 eff 0.0028 outinratio 0.0299 

VBFH126_2e2mu_mHj_genbin1_recobin4 acc 0.0235 eff 0.0156 outinratio 0.0382 

WminusH126_2e2mu_mHj_genbin1_recobin4 acc 0.0792 eff 0.0016 outinratio 0.0492 

WplusH126_2e2mu_mHj_genbin1_recobin4 acc 0.0663 eff 0.0039 outinratio 0.0586 

ZH126_2e2mu_mHj_genbin1_recobin4 acc 0.0735 eff 0.0027 outinratio 0.0714 

ttH126_2e2mu_mHj_genbin1_recobin4 acc 0.0253 eff 0.0226 outinratio 0.1582 

ggH126_2e2mu_mHj_genbin2_recobin4 acc 0.0383 eff 0.0018 outinratio 0.0299 

VBFH126_2e2mu_mHj_genbin2_recobin4 acc 0.0612 eff 0.0142 outinratio 0.0382 

WminusH126_2e2mu_mHj_genbin2_recobin4 acc 0.0816 eff 0.0028 outinratio 0.0492 

WplusH126_2e2mu_mHj_genbin2_recobin4 acc 0.0721 eff 0.0034 outinratio 0.0586 

ZH126_2e2mu_mHj_genbin2_recobin4 acc 0.0845 eff 0.0031 outinratio 0.0714 

ttH126_2e2mu_mHj_genbin2_recobin4 acc 0.0721 eff 0.0131 outinratio 0.1582 

ggH126_2e2mu_mHj_genbin3_recobin4 acc 0.0277 eff 0.045 outinratio 0.0299 

VBFH126_2e2mu_mHj_genbin3_recobin4 acc 0.0785 eff 0.0709 outinratio 0.0382 

WminusH126_2e2mu_mHj_genbin3_recobin4 acc 0.0502 eff 0.0443 outinratio 0.0492 

WplusH126_2e2mu_mHj_genbin3_recobin4 acc 0.0442 eff 0.051 outinratio 0.0586 

ZH126_2e2mu_mHj_genbin3_recobin4 acc 0.0486 eff 0.0288 outinratio 0.0714 

ttH126_2e2mu_mHj_genbin3_recobin4 acc 0.0764 eff 0.0509 outinratio 0.1582 

ggH126_2e2mu_mHj_genbin4_recobin4 acc 0.0189 eff 0.3934 outinratio 0.0299 

VBFH126_2e2mu_mHj_genbin4_recobin4 acc 0.0801 eff 0.3757 outinratio 0.0382 

WminusH126_2e2mu_mHj_genbin4_recobin4 acc 0.0285 eff 0.4381 outinratio 0.0492 

WplusH126_2e2mu_mHj_genbin4_recobin4 acc 0.0258 eff 0.4316 outinratio 0.0586 

ZH126_2e2mu_mHj_genbin4_recobin4 acc 0.0297 eff 0.4403 outinratio 0.0714 

ttH126_2e2mu_mHj_genbin4_recobin4 acc 0.0587 eff 0.3779 outinratio 0.1582 

ggH126_2e2mu_mHj_genbin5_recobin4 acc 0.0156 eff 0.0497 outinratio 0.0299 

VBFH126_2e2mu_mHj_genbin5_recobin4 acc 0.0811 eff 0.0432 outinratio 0.0382 

WminusH126_2e2mu_mHj_genbin5_recobin4 acc 0.0145 eff 0.0689 outinratio 0.0492 

WplusH126_2e2mu_mHj_genbin5_recobin4 acc 0.0165 eff 0.0574 outinratio 0.0586 

ZH126_2e2mu_mHj_genbin5_recobin4 acc 0.0183 eff 0.0709 outinratio 0.0714 

ttH126_2e2mu_mHj_genbin5_recobin4 acc 0.0439 eff 0.0592 outinratio 0.1582 

ggH126_2e2mu_mHj_genbin6_recobin4 acc 0.0111 eff 0.0085 outinratio 0.0299 

VBFH126_2e2mu_mHj_genbin6_recobin4 acc 0.0824 eff 0.0081 outinratio 0.0382 

WminusH126_2e2mu_mHj_genbin6_recobin4 acc 0.008 eff 0.0057 outinratio 0.0492 

WplusH126_2e2mu_mHj_genbin6_recobin4 acc 0.0098 eff 0.0137 outinratio 0.0586 

ZH126_2e2mu_mHj_genbin6_recobin4 acc 0.008 eff 0.0193 outinratio 0.0714 

ttH126_2e2mu_mHj_genbin6_recobin4 acc 0.0302 eff 0.0022 outinratio 0.1582 

ggH126_2e2mu_mHj_genbin0_recobin5 acc 0.2541 eff 0.0069 outinratio 0.0519 

VBFH126_2e2mu_mHj_genbin0_recobin5 acc 0.0394 eff 0.0154 outinratio 0.0293 

WminusH126_2e2mu_mHj_genbin0_recobin5 acc 0.0837 eff 0.0053 outinratio 0.0861 

WplusH126_2e2mu_mHj_genbin0_recobin5 acc 0.0706 eff 0.005 outinratio 0.0427 

ZH126_2e2mu_mHj_genbin0_recobin5 acc 0.0743 eff 0.0037 outinratio 0.0651 

ttH126_2e2mu_mHj_genbin0_recobin5 acc 0.0008 eff 0.0726 outinratio 0.1561 

ggH126_2e2mu_mHj_genbin1_recobin5 acc 0.0371 eff 0.0064 outinratio 0.0519 

VBFH126_2e2mu_mHj_genbin1_recobin5 acc 0.0235 eff 0.0244 outinratio 0.0293 

WminusH126_2e2mu_mHj_genbin1_recobin5 acc 0.0792 eff 0.0041 outinratio 0.0861 

WplusH126_2e2mu_mHj_genbin1_recobin5 acc 0.0663 eff 0.0035 outinratio 0.0427 

ZH126_2e2mu_mHj_genbin1_recobin5 acc 0.0735 eff 0.0008 outinratio 0.0651 

ttH126_2e2mu_mHj_genbin1_recobin5 acc 0.0253 eff 0.004 outinratio 0.1561 

ggH126_2e2mu_mHj_genbin2_recobin5 acc 0.0383 eff 0.001 outinratio 0.0519 

VBFH126_2e2mu_mHj_genbin2_recobin5 acc 0.0612 eff 0.0127 outinratio 0.0293 

WminusH126_2e2mu_mHj_genbin2_recobin5 acc 0.0816 eff 0.0006 outinratio 0.0861 

WplusH126_2e2mu_mHj_genbin2_recobin5 acc 0.0721 eff 0.002 outinratio 0.0427 

ZH126_2e2mu_mHj_genbin2_recobin5 acc 0.0845 eff 0.0014 outinratio 0.0651 

ttH126_2e2mu_mHj_genbin2_recobin5 acc 0.0721 eff 0.006 outinratio 0.1561 

ggH126_2e2mu_mHj_genbin3_recobin5 acc 0.0277 eff 0.0036 outinratio 0.0519 

VBFH126_2e2mu_mHj_genbin3_recobin5 acc 0.0785 eff 0.0078 outinratio 0.0293 

WminusH126_2e2mu_mHj_genbin3_recobin5 acc 0.0502 eff 0.0014 outinratio 0.0861 

WplusH126_2e2mu_mHj_genbin3_recobin5 acc 0.0442 eff 0.0028 outinratio 0.0427 

ZH126_2e2mu_mHj_genbin3_recobin5 acc 0.0486 eff 0.0011 outinratio 0.0651 

ttH126_2e2mu_mHj_genbin3_recobin5 acc 0.0764 eff 0.0063 outinratio 0.1561 

ggH126_2e2mu_mHj_genbin4_recobin5 acc 0.0189 eff 0.054 outinratio 0.0519 

VBFH126_2e2mu_mHj_genbin4_recobin5 acc 0.0801 eff 0.0732 outinratio 0.0293 

WminusH126_2e2mu_mHj_genbin4_recobin5 acc 0.0285 eff 0.0132 outinratio 0.0861 

WplusH126_2e2mu_mHj_genbin4_recobin5 acc 0.0258 eff 0.0302 outinratio 0.0427 

ZH126_2e2mu_mHj_genbin4_recobin5 acc 0.0297 eff 0.0444 outinratio 0.0651 

ttH126_2e2mu_mHj_genbin4_recobin5 acc 0.0587 eff 0.0486 outinratio 0.1561 

ggH126_2e2mu_mHj_genbin5_recobin5 acc 0.0156 eff 0.4278 outinratio 0.0519 

VBFH126_2e2mu_mHj_genbin5_recobin5 acc 0.0811 eff 0.4238 outinratio 0.0293 

WminusH126_2e2mu_mHj_genbin5_recobin5 acc 0.0145 eff 0.4356 outinratio 0.0861 

WplusH126_2e2mu_mHj_genbin5_recobin5 acc 0.0165 eff 0.4438 outinratio 0.0427 

ZH126_2e2mu_mHj_genbin5_recobin5 acc 0.0183 eff 0.516 outinratio 0.0651 

ttH126_2e2mu_mHj_genbin5_recobin5 acc 0.0439 eff 0.4188 outinratio 0.1561 

ggH126_2e2mu_mHj_genbin6_recobin5 acc 0.0111 eff 0.0489 outinratio 0.0519 

VBFH126_2e2mu_mHj_genbin6_recobin5 acc 0.0824 eff 0.0318 outinratio 0.0293 

WminusH126_2e2mu_mHj_genbin6_recobin5 acc 0.008 eff 0.0438 outinratio 0.0861 

WplusH126_2e2mu_mHj_genbin6_recobin5 acc 0.0098 eff 0.0266 outinratio 0.0427 

ZH126_2e2mu_mHj_genbin6_recobin5 acc 0.008 eff 0.0503 outinratio 0.0651 

ttH126_2e2mu_mHj_genbin6_recobin5 acc 0.0302 eff 0.0468 outinratio 0.1561 

ggH126_2e2mu_mHj_genbin0_recobin6 acc 0.2541 eff 0.005 outinratio 0.072 

VBFH126_2e2mu_mHj_genbin0_recobin6 acc 0.0394 eff 0.0215 outinratio 0.0367 

WminusH126_2e2mu_mHj_genbin0_recobin6 acc 0.0837 eff 0.0052 outinratio 0.1138 

WplusH126_2e2mu_mHj_genbin0_recobin6 acc 0.0706 eff 0.0062 outinratio 0.0793 

ZH126_2e2mu_mHj_genbin0_recobin6 acc 0.0743 eff 0.0018 outinratio 0.0972 

ttH126_2e2mu_mHj_genbin0_recobin6 acc 0.0008 eff 0.0 outinratio 0.1719 

ggH126_2e2mu_mHj_genbin1_recobin6 acc 0.0371 eff 0.0051 outinratio 0.072 

VBFH126_2e2mu_mHj_genbin1_recobin6 acc 0.0235 eff 0.0084 outinratio 0.0367 

WminusH126_2e2mu_mHj_genbin1_recobin6 acc 0.0792 eff 0.0075 outinratio 0.1138 

WplusH126_2e2mu_mHj_genbin1_recobin6 acc 0.0663 eff 0.0023 outinratio 0.0793 

ZH126_2e2mu_mHj_genbin1_recobin6 acc 0.0735 eff 0.0034 outinratio 0.0972 

ttH126_2e2mu_mHj_genbin1_recobin6 acc 0.0253 eff 0.0011 outinratio 0.1719 

ggH126_2e2mu_mHj_genbin2_recobin6 acc 0.0383 eff 0.0039 outinratio 0.072 

VBFH126_2e2mu_mHj_genbin2_recobin6 acc 0.0612 eff 0.011 outinratio 0.0367 

WminusH126_2e2mu_mHj_genbin2_recobin6 acc 0.0816 eff 0.0006 outinratio 0.1138 

WplusH126_2e2mu_mHj_genbin2_recobin6 acc 0.0721 eff 0.0012 outinratio 0.0793 

ZH126_2e2mu_mHj_genbin2_recobin6 acc 0.0845 eff 0.0 outinratio 0.0972 

ttH126_2e2mu_mHj_genbin2_recobin6 acc 0.0721 eff 0.0055 outinratio 0.1719 

ggH126_2e2mu_mHj_genbin3_recobin6 acc 0.0277 eff 0.0002 outinratio 0.072 

VBFH126_2e2mu_mHj_genbin3_recobin6 acc 0.0785 eff 0.008 outinratio 0.0367 

WminusH126_2e2mu_mHj_genbin3_recobin6 acc 0.0502 eff 0.0 outinratio 0.1138 

WplusH126_2e2mu_mHj_genbin3_recobin6 acc 0.0442 eff 0.0013 outinratio 0.0793 

ZH126_2e2mu_mHj_genbin3_recobin6 acc 0.0486 eff 0.0 outinratio 0.0972 

ttH126_2e2mu_mHj_genbin3_recobin6 acc 0.0764 eff 0.0047 outinratio 0.1719 

ggH126_2e2mu_mHj_genbin4_recobin6 acc 0.0189 eff 0.0004 outinratio 0.072 

VBFH126_2e2mu_mHj_genbin4_recobin6 acc 0.0801 eff 0.0112 outinratio 0.0367 

WminusH126_2e2mu_mHj_genbin4_recobin6 acc 0.0285 eff 0.0037 outinratio 0.1138 

WplusH126_2e2mu_mHj_genbin4_recobin6 acc 0.0258 eff 0.0005 outinratio 0.0793 

ZH126_2e2mu_mHj_genbin4_recobin6 acc 0.0297 eff 0.0017 outinratio 0.0972 

ttH126_2e2mu_mHj_genbin4_recobin6 acc 0.0587 eff 0.0097 outinratio 0.1719 

ggH126_2e2mu_mHj_genbin5_recobin6 acc 0.0156 eff 0.0307 outinratio 0.072 

VBFH126_2e2mu_mHj_genbin5_recobin6 acc 0.0811 eff 0.0595 outinratio 0.0367 

WminusH126_2e2mu_mHj_genbin5_recobin6 acc 0.0145 eff 0.0102 outinratio 0.1138 

WplusH126_2e2mu_mHj_genbin5_recobin6 acc 0.0165 eff 0.0331 outinratio 0.0793 

ZH126_2e2mu_mHj_genbin5_recobin6 acc 0.0183 eff 0.0186 outinratio 0.0972 

ttH126_2e2mu_mHj_genbin5_recobin6 acc 0.0439 eff 0.0336 outinratio 0.1719 

ggH126_2e2mu_mHj_genbin6_recobin6 acc 0.0111 eff 0.4646 outinratio 0.072 

VBFH126_2e2mu_mHj_genbin6_recobin6 acc 0.0824 eff 0.4889 outinratio 0.0367 

WminusH126_2e2mu_mHj_genbin6_recobin6 acc 0.008 eff 0.4353 outinratio 0.1138 

WplusH126_2e2mu_mHj_genbin6_recobin6 acc 0.0098 eff 0.477 outinratio 0.0793 

ZH126_2e2mu_mHj_genbin6_recobin6 acc 0.008 eff 0.4673 outinratio 0.0972 

ttH126_2e2mu_mHj_genbin6_recobin6 acc 0.0302 eff 0.4484 outinratio 0.1719 

Coeff fullNNLOPS
