Welcome in RunCoefficients!
OPT SPLIT
DEBUG opt.YEAR = 2022EE_2
It is a single-differential measurement, binning [-100.0, 30.0, 55.0, 95.0, 200.0, 10000.0]
pTj1
Following observables extracted from dictionary: RECO =  pTj1  GEN =  GENpTj1
LUMI: 4.4454666666666665
ttH126 0.00016778591
Processing ggH126 2022EE_2
Signal created
Signal failed created
Processing VBFH126 2022EE_2
Signal created
Signal failed created
Processing WminusH126 2022EE_2
Signal created
Signal failed created
Processing WplusH126 2022EE_2
Signal created
Signal failed created
Processing ZH126 2022EE_2
Signal created
Signal failed created
Processing ttH126 2022EE_2
Signal created
Signal failed created
2022EE_2 SKIMMED df CREATED
2022EE_2 ggH126
2022EE_2 VBFH126
2022EE_2 WminusH126
2022EE_2 WplusH126
2022EE_2 ZH126
2022EE_2 ttH126
Dataframes created successfully
Coeff std
ggH126_4l_pTj1_genbin0_recobin0 acc 0.2931 eff 0.4384 outinratio 0.0078 

VBFH126_4l_pTj1_genbin0_recobin0 acc 0.0704 eff 0.3549 outinratio 0.0044 

WminusH126_4l_pTj1_genbin0_recobin0 acc 0.0984 eff 0.3457 outinratio 0.0305 

WplusH126_4l_pTj1_genbin0_recobin0 acc 0.0889 eff 0.3464 outinratio 0.029 

ZH126_4l_pTj1_genbin0_recobin0 acc 0.0812 eff 0.3999 outinratio 0.0771 

ttH126_4l_pTj1_genbin0_recobin0 acc 0.0014 eff 0.1015 outinratio 0.1913 

ggH126_4l_pTj1_genbin1_recobin0 acc 0.0694 eff 0.091 outinratio 0.0078 

VBFH126_4l_pTj1_genbin1_recobin0 acc 0.0744 eff 0.1018 outinratio 0.0044 

WminusH126_4l_pTj1_genbin1_recobin0 acc 0.0993 eff 0.0461 outinratio 0.0305 

WplusH126_4l_pTj1_genbin1_recobin0 acc 0.08 eff 0.0493 outinratio 0.029 

ZH126_4l_pTj1_genbin1_recobin0 acc 0.0881 eff 0.0545 outinratio 0.0771 

ttH126_4l_pTj1_genbin1_recobin0 acc 0.0124 eff 0.0133 outinratio 0.1913 

ggH126_4l_pTj1_genbin2_recobin0 acc 0.0495 eff 0.0175 outinratio 0.0078 

VBFH126_4l_pTj1_genbin2_recobin0 acc 0.1578 eff 0.0147 outinratio 0.0044 

WminusH126_4l_pTj1_genbin2_recobin0 acc 0.1149 eff 0.0051 outinratio 0.0305 

WplusH126_4l_pTj1_genbin2_recobin0 acc 0.1008 eff 0.0057 outinratio 0.029 

ZH126_4l_pTj1_genbin2_recobin0 acc 0.12 eff 0.0101 outinratio 0.0771 

ttH126_4l_pTj1_genbin2_recobin0 acc 0.1063 eff 0.0011 outinratio 0.1913 

ggH126_4l_pTj1_genbin3_recobin0 acc 0.0287 eff 0.0025 outinratio 0.0078 

VBFH126_4l_pTj1_genbin3_recobin0 acc 0.146 eff 0.0034 outinratio 0.0044 

WminusH126_4l_pTj1_genbin3_recobin0 acc 0.0778 eff 0.0014 outinratio 0.0305 

WplusH126_4l_pTj1_genbin3_recobin0 acc 0.0746 eff 0.0017 outinratio 0.029 

ZH126_4l_pTj1_genbin3_recobin0 acc 0.084 eff 0.0016 outinratio 0.0771 

ttH126_4l_pTj1_genbin3_recobin0 acc 0.2571 eff 0.0002 outinratio 0.1913 

ggH126_4l_pTj1_genbin4_recobin0 acc 0.0069 eff 0.0 outinratio 0.0078 

VBFH126_4l_pTj1_genbin4_recobin0 acc 0.0318 eff 0.0057 outinratio 0.0044 

WminusH126_4l_pTj1_genbin4_recobin0 acc 0.0181 eff 0.0 outinratio 0.0305 

WplusH126_4l_pTj1_genbin4_recobin0 acc 0.0203 eff 0.0 outinratio 0.029 

ZH126_4l_pTj1_genbin4_recobin0 acc 0.0195 eff 0.0 outinratio 0.0771 

ttH126_4l_pTj1_genbin4_recobin0 acc 0.1108 eff 0.0 outinratio 0.1913 

ggH126_4l_pTj1_genbin0_recobin1 acc 0.2931 eff 0.0417 outinratio 0.0065 

VBFH126_4l_pTj1_genbin0_recobin1 acc 0.0704 eff 0.1103 outinratio 0.0016 

WminusH126_4l_pTj1_genbin0_recobin1 acc 0.0984 eff 0.08 outinratio 0.0143 

WplusH126_4l_pTj1_genbin0_recobin1 acc 0.0889 eff 0.0722 outinratio 0.0189 

ZH126_4l_pTj1_genbin0_recobin1 acc 0.0812 eff 0.0587 outinratio 0.0435 

ttH126_4l_pTj1_genbin0_recobin1 acc 0.0014 eff 0.0608 outinratio 0.0836 

ggH126_4l_pTj1_genbin1_recobin1 acc 0.0694 eff 0.3354 outinratio 0.0065 

VBFH126_4l_pTj1_genbin1_recobin1 acc 0.0744 eff 0.2692 outinratio 0.0016 

WminusH126_4l_pTj1_genbin1_recobin1 acc 0.0993 eff 0.31 outinratio 0.0143 

WplusH126_4l_pTj1_genbin1_recobin1 acc 0.08 eff 0.2947 outinratio 0.0189 

ZH126_4l_pTj1_genbin1_recobin1 acc 0.0881 eff 0.2923 outinratio 0.0435 

ttH126_4l_pTj1_genbin1_recobin1 acc 0.0124 eff 0.1173 outinratio 0.0836 

ggH126_4l_pTj1_genbin2_recobin1 acc 0.0495 eff 0.0747 outinratio 0.0065 

VBFH126_4l_pTj1_genbin2_recobin1 acc 0.1578 eff 0.0387 outinratio 0.0016 

WminusH126_4l_pTj1_genbin2_recobin1 acc 0.1149 eff 0.0514 outinratio 0.0143 

WplusH126_4l_pTj1_genbin2_recobin1 acc 0.1008 eff 0.0529 outinratio 0.0189 

ZH126_4l_pTj1_genbin2_recobin1 acc 0.12 eff 0.0611 outinratio 0.0435 

ttH126_4l_pTj1_genbin2_recobin1 acc 0.1063 eff 0.0175 outinratio 0.0836 

ggH126_4l_pTj1_genbin3_recobin1 acc 0.0287 eff 0.0032 outinratio 0.0065 

VBFH126_4l_pTj1_genbin3_recobin1 acc 0.146 eff 0.0009 outinratio 0.0016 

WminusH126_4l_pTj1_genbin3_recobin1 acc 0.0778 eff 0.0017 outinratio 0.0143 

WplusH126_4l_pTj1_genbin3_recobin1 acc 0.0746 eff 0.0022 outinratio 0.0189 

ZH126_4l_pTj1_genbin3_recobin1 acc 0.084 eff 0.0025 outinratio 0.0435 

ttH126_4l_pTj1_genbin3_recobin1 acc 0.2571 eff 0.0003 outinratio 0.0836 

ggH126_4l_pTj1_genbin4_recobin1 acc 0.0069 eff 0.003 outinratio 0.0065 

VBFH126_4l_pTj1_genbin4_recobin1 acc 0.0318 eff 0.0 outinratio 0.0016 

WminusH126_4l_pTj1_genbin4_recobin1 acc 0.0181 eff 0.0 outinratio 0.0143 

WplusH126_4l_pTj1_genbin4_recobin1 acc 0.0203 eff 0.0007 outinratio 0.0189 

ZH126_4l_pTj1_genbin4_recobin1 acc 0.0195 eff 0.0005 outinratio 0.0435 

ttH126_4l_pTj1_genbin4_recobin1 acc 0.1108 eff 0.0 outinratio 0.0836 

ggH126_4l_pTj1_genbin0_recobin2 acc 0.2931 eff 0.0104 outinratio 0.0067 

VBFH126_4l_pTj1_genbin0_recobin2 acc 0.0704 eff 0.0519 outinratio 0.0038 

WminusH126_4l_pTj1_genbin0_recobin2 acc 0.0984 eff 0.0313 outinratio 0.0126 

WplusH126_4l_pTj1_genbin0_recobin2 acc 0.0889 eff 0.032 outinratio 0.0169 

ZH126_4l_pTj1_genbin0_recobin2 acc 0.0812 eff 0.0156 outinratio 0.0457 

ttH126_4l_pTj1_genbin0_recobin2 acc 0.0014 eff 0.0743 outinratio 0.0412 

ggH126_4l_pTj1_genbin1_recobin2 acc 0.0694 eff 0.0688 outinratio 0.0067 

VBFH126_4l_pTj1_genbin1_recobin2 acc 0.0744 eff 0.1164 outinratio 0.0038 

WminusH126_4l_pTj1_genbin1_recobin2 acc 0.0993 eff 0.1054 outinratio 0.0126 

WplusH126_4l_pTj1_genbin1_recobin2 acc 0.08 eff 0.1049 outinratio 0.0169 

ZH126_4l_pTj1_genbin1_recobin2 acc 0.0881 eff 0.1009 outinratio 0.0457 

ttH126_4l_pTj1_genbin1_recobin2 acc 0.0124 eff 0.1235 outinratio 0.0412 

ggH126_4l_pTj1_genbin2_recobin2 acc 0.0495 eff 0.3667 outinratio 0.0067 

VBFH126_4l_pTj1_genbin2_recobin2 acc 0.1578 eff 0.3713 outinratio 0.0038 

WminusH126_4l_pTj1_genbin2_recobin2 acc 0.1149 eff 0.3669 outinratio 0.0126 

WplusH126_4l_pTj1_genbin2_recobin2 acc 0.1008 eff 0.3508 outinratio 0.0169 

ZH126_4l_pTj1_genbin2_recobin2 acc 0.12 eff 0.3482 outinratio 0.0457 

ttH126_4l_pTj1_genbin2_recobin2 acc 0.1063 eff 0.248 outinratio 0.0412 

ggH126_4l_pTj1_genbin3_recobin2 acc 0.0287 eff 0.0575 outinratio 0.0067 

VBFH126_4l_pTj1_genbin3_recobin2 acc 0.146 eff 0.0548 outinratio 0.0038 

WminusH126_4l_pTj1_genbin3_recobin2 acc 0.0778 eff 0.0508 outinratio 0.0126 

WplusH126_4l_pTj1_genbin3_recobin2 acc 0.0746 eff 0.044 outinratio 0.0169 

ZH126_4l_pTj1_genbin3_recobin2 acc 0.084 eff 0.0491 outinratio 0.0457 

ttH126_4l_pTj1_genbin3_recobin2 acc 0.2571 eff 0.0306 outinratio 0.0412 

ggH126_4l_pTj1_genbin4_recobin2 acc 0.0069 eff 0.0034 outinratio 0.0067 

VBFH126_4l_pTj1_genbin4_recobin2 acc 0.0318 eff 0.0035 outinratio 0.0038 

WminusH126_4l_pTj1_genbin4_recobin2 acc 0.0181 eff 0.0 outinratio 0.0126 

WplusH126_4l_pTj1_genbin4_recobin2 acc 0.0203 eff 0.0006 outinratio 0.0169 

ZH126_4l_pTj1_genbin4_recobin2 acc 0.0195 eff 0.0014 outinratio 0.0457 

ttH126_4l_pTj1_genbin4_recobin2 acc 0.1108 eff 0.0005 outinratio 0.0412 

ggH126_4l_pTj1_genbin0_recobin3 acc 0.2931 eff 0.0005 outinratio 0.0049 

VBFH126_4l_pTj1_genbin0_recobin3 acc 0.0704 eff 0.0 outinratio 0.0089 

WminusH126_4l_pTj1_genbin0_recobin3 acc 0.0984 eff 0.0126 outinratio 0.0141 

WplusH126_4l_pTj1_genbin0_recobin3 acc 0.0889 eff 0.0133 outinratio 0.0143 

ZH126_4l_pTj1_genbin0_recobin3 acc 0.0812 eff 0.0036 outinratio 0.0346 

ttH126_4l_pTj1_genbin0_recobin3 acc 0.0014 eff 0.0301 outinratio 0.0496 

ggH126_4l_pTj1_genbin1_recobin3 acc 0.0694 eff 0.0008 outinratio 0.0049 

VBFH126_4l_pTj1_genbin1_recobin3 acc 0.0744 eff 0.0052 outinratio 0.0089 

WminusH126_4l_pTj1_genbin1_recobin3 acc 0.0993 eff 0.0052 outinratio 0.0141 

WplusH126_4l_pTj1_genbin1_recobin3 acc 0.08 eff 0.0058 outinratio 0.0143 

ZH126_4l_pTj1_genbin1_recobin3 acc 0.0881 eff 0.0028 outinratio 0.0346 

ttH126_4l_pTj1_genbin1_recobin3 acc 0.0124 eff 0.0322 outinratio 0.0496 

ggH126_4l_pTj1_genbin2_recobin3 acc 0.0495 eff 0.0484 outinratio 0.0049 

VBFH126_4l_pTj1_genbin2_recobin3 acc 0.1578 eff 0.0945 outinratio 0.0089 

WminusH126_4l_pTj1_genbin2_recobin3 acc 0.1149 eff 0.0644 outinratio 0.0141 

WplusH126_4l_pTj1_genbin2_recobin3 acc 0.1008 eff 0.0608 outinratio 0.0143 

ZH126_4l_pTj1_genbin2_recobin3 acc 0.12 eff 0.0589 outinratio 0.0346 

ttH126_4l_pTj1_genbin2_recobin3 acc 0.1063 eff 0.1068 outinratio 0.0496 

ggH126_4l_pTj1_genbin3_recobin3 acc 0.0287 eff 0.4481 outinratio 0.0049 

VBFH126_4l_pTj1_genbin3_recobin3 acc 0.146 eff 0.5058 outinratio 0.0089 

WminusH126_4l_pTj1_genbin3_recobin3 acc 0.0778 eff 0.421 outinratio 0.0141 

WplusH126_4l_pTj1_genbin3_recobin3 acc 0.0746 eff 0.4186 outinratio 0.0143 

ZH126_4l_pTj1_genbin3_recobin3 acc 0.084 eff 0.4353 outinratio 0.0346 

ttH126_4l_pTj1_genbin3_recobin3 acc 0.2571 eff 0.3409 outinratio 0.0496 

ggH126_4l_pTj1_genbin4_recobin3 acc 0.0069 eff 0.0422 outinratio 0.0049 

VBFH126_4l_pTj1_genbin4_recobin3 acc 0.0318 eff 0.0415 outinratio 0.0089 

WminusH126_4l_pTj1_genbin4_recobin3 acc 0.0181 eff 0.0445 outinratio 0.0141 

WplusH126_4l_pTj1_genbin4_recobin3 acc 0.0203 eff 0.0388 outinratio 0.0143 

ZH126_4l_pTj1_genbin4_recobin3 acc 0.0195 eff 0.0539 outinratio 0.0346 

ttH126_4l_pTj1_genbin4_recobin3 acc 0.1108 eff 0.0318 outinratio 0.0496 

ggH126_4l_pTj1_genbin0_recobin4 acc 0.2931 eff 0.0 outinratio 0.0155 

VBFH126_4l_pTj1_genbin0_recobin4 acc 0.0704 eff 0.0 outinratio 0.0123 

WminusH126_4l_pTj1_genbin0_recobin4 acc 0.0984 eff 0.0005 outinratio 0.0113 

WplusH126_4l_pTj1_genbin0_recobin4 acc 0.0889 eff 0.0021 outinratio 0.009 

ZH126_4l_pTj1_genbin0_recobin4 acc 0.0812 eff 0.0004 outinratio 0.0351 

ttH126_4l_pTj1_genbin0_recobin4 acc 0.0014 eff 0.0193 outinratio 0.0455 

ggH126_4l_pTj1_genbin1_recobin4 acc 0.0694 eff 0.0 outinratio 0.0155 

VBFH126_4l_pTj1_genbin1_recobin4 acc 0.0744 eff 0.0 outinratio 0.0123 

WminusH126_4l_pTj1_genbin1_recobin4 acc 0.0993 eff 0.0002 outinratio 0.0113 

WplusH126_4l_pTj1_genbin1_recobin4 acc 0.08 eff 0.0 outinratio 0.009 

ZH126_4l_pTj1_genbin1_recobin4 acc 0.0881 eff 0.0 outinratio 0.0351 

ttH126_4l_pTj1_genbin1_recobin4 acc 0.0124 eff 0.0037 outinratio 0.0455 

ggH126_4l_pTj1_genbin2_recobin4 acc 0.0495 eff 0.0 outinratio 0.0155 

VBFH126_4l_pTj1_genbin2_recobin4 acc 0.1578 eff 0.0 outinratio 0.0123 

WminusH126_4l_pTj1_genbin2_recobin4 acc 0.1149 eff 0.0002 outinratio 0.0113 

WplusH126_4l_pTj1_genbin2_recobin4 acc 0.1008 eff 0.0001 outinratio 0.009 

ZH126_4l_pTj1_genbin2_recobin4 acc 0.12 eff 0.0 outinratio 0.0351 

ttH126_4l_pTj1_genbin2_recobin4 acc 0.1063 eff 0.0024 outinratio 0.0455 

ggH126_4l_pTj1_genbin3_recobin4 acc 0.0287 eff 0.0183 outinratio 0.0155 

VBFH126_4l_pTj1_genbin3_recobin4 acc 0.146 eff 0.0314 outinratio 0.0123 

WminusH126_4l_pTj1_genbin3_recobin4 acc 0.0778 eff 0.0226 outinratio 0.0113 

WplusH126_4l_pTj1_genbin3_recobin4 acc 0.0746 eff 0.0234 outinratio 0.009 

ZH126_4l_pTj1_genbin3_recobin4 acc 0.084 eff 0.0183 outinratio 0.0351 

ttH126_4l_pTj1_genbin3_recobin4 acc 0.2571 eff 0.024 outinratio 0.0455 

ggH126_4l_pTj1_genbin4_recobin4 acc 0.0069 eff 0.5327 outinratio 0.0155 

VBFH126_4l_pTj1_genbin4_recobin4 acc 0.0318 eff 0.6055 outinratio 0.0123 

WminusH126_4l_pTj1_genbin4_recobin4 acc 0.0181 eff 0.4613 outinratio 0.0113 

WplusH126_4l_pTj1_genbin4_recobin4 acc 0.0203 eff 0.4592 outinratio 0.009 

ZH126_4l_pTj1_genbin4_recobin4 acc 0.0195 eff 0.4794 outinratio 0.0351 

ttH126_4l_pTj1_genbin4_recobin4 acc 0.1108 eff 0.3782 outinratio 0.0455 

ggH126_4e_pTj1_genbin0_recobin0 acc 0.2817 eff 0.277 outinratio 0.0119 

VBFH126_4e_pTj1_genbin0_recobin0 acc 0.0666 eff 0.2753 outinratio 0.0232 

WminusH126_4e_pTj1_genbin0_recobin0 acc 0.0956 eff 0.2366 outinratio 0.032 

WplusH126_4e_pTj1_genbin0_recobin0 acc 0.0876 eff 0.2415 outinratio 0.0372 

ZH126_4e_pTj1_genbin0_recobin0 acc 0.08 eff 0.2631 outinratio 0.0702 

ttH126_4e_pTj1_genbin0_recobin0 acc 0.002 eff 0.0442 outinratio 0.2428 

ggH126_4e_pTj1_genbin1_recobin0 acc 0.0667 eff 0.0567 outinratio 0.0119 

VBFH126_4e_pTj1_genbin1_recobin0 acc 0.0714 eff 0.0691 outinratio 0.0232 

WminusH126_4e_pTj1_genbin1_recobin0 acc 0.0967 eff 0.0354 outinratio 0.032 

WplusH126_4e_pTj1_genbin1_recobin0 acc 0.0798 eff 0.0341 outinratio 0.0372 

ZH126_4e_pTj1_genbin1_recobin0 acc 0.0849 eff 0.0314 outinratio 0.0702 

ttH126_4e_pTj1_genbin1_recobin0 acc 0.0129 eff 0.0108 outinratio 0.2428 

ggH126_4e_pTj1_genbin2_recobin0 acc 0.0477 eff 0.0069 outinratio 0.0119 

VBFH126_4e_pTj1_genbin2_recobin0 acc 0.1459 eff 0.0118 outinratio 0.0232 

WminusH126_4e_pTj1_genbin2_recobin0 acc 0.1062 eff 0.0046 outinratio 0.032 

WplusH126_4e_pTj1_genbin2_recobin0 acc 0.0952 eff 0.0043 outinratio 0.0372 

ZH126_4e_pTj1_genbin2_recobin0 acc 0.1179 eff 0.0086 outinratio 0.0702 

ttH126_4e_pTj1_genbin2_recobin0 acc 0.1066 eff 0.0025 outinratio 0.2428 

ggH126_4e_pTj1_genbin3_recobin0 acc 0.0277 eff 0.0017 outinratio 0.0119 

VBFH126_4e_pTj1_genbin3_recobin0 acc 0.1544 eff 0.0026 outinratio 0.0232 

WminusH126_4e_pTj1_genbin3_recobin0 acc 0.0745 eff 0.0014 outinratio 0.032 

WplusH126_4e_pTj1_genbin3_recobin0 acc 0.0714 eff 0.0005 outinratio 0.0372 

ZH126_4e_pTj1_genbin3_recobin0 acc 0.0834 eff 0.0011 outinratio 0.0702 

ttH126_4e_pTj1_genbin3_recobin0 acc 0.2431 eff 0.0006 outinratio 0.2428 

ggH126_4e_pTj1_genbin4_recobin0 acc 0.0071 eff 0.0 outinratio 0.0119 

VBFH126_4e_pTj1_genbin4_recobin0 acc 0.0272 eff 0.0 outinratio 0.0232 

WminusH126_4e_pTj1_genbin4_recobin0 acc 0.0182 eff 0.0 outinratio 0.032 

WplusH126_4e_pTj1_genbin4_recobin0 acc 0.0202 eff 0.0 outinratio 0.0372 

ZH126_4e_pTj1_genbin4_recobin0 acc 0.0192 eff 0.0 outinratio 0.0702 

ttH126_4e_pTj1_genbin4_recobin0 acc 0.1066 eff 0.0 outinratio 0.2428 

ggH126_4e_pTj1_genbin0_recobin1 acc 0.2817 eff 0.0244 outinratio 0.0096 

VBFH126_4e_pTj1_genbin0_recobin1 acc 0.0666 eff 0.0839 outinratio 0.0 

WminusH126_4e_pTj1_genbin0_recobin1 acc 0.0956 eff 0.0497 outinratio 0.0173 

WplusH126_4e_pTj1_genbin0_recobin1 acc 0.0876 eff 0.0471 outinratio 0.0283 

ZH126_4e_pTj1_genbin0_recobin1 acc 0.08 eff 0.0365 outinratio 0.0377 

ttH126_4e_pTj1_genbin0_recobin1 acc 0.002 eff 0.1608 outinratio 0.1043 

ggH126_4e_pTj1_genbin1_recobin1 acc 0.0667 eff 0.222 outinratio 0.0096 

VBFH126_4e_pTj1_genbin1_recobin1 acc 0.0714 eff 0.2475 outinratio 0.0 

WminusH126_4e_pTj1_genbin1_recobin1 acc 0.0967 eff 0.2077 outinratio 0.0173 

WplusH126_4e_pTj1_genbin1_recobin1 acc 0.0798 eff 0.2027 outinratio 0.0283 

ZH126_4e_pTj1_genbin1_recobin1 acc 0.0849 eff 0.1903 outinratio 0.0377 

ttH126_4e_pTj1_genbin1_recobin1 acc 0.0129 eff 0.0883 outinratio 0.1043 

ggH126_4e_pTj1_genbin2_recobin1 acc 0.0477 eff 0.0565 outinratio 0.0096 

VBFH126_4e_pTj1_genbin2_recobin1 acc 0.1459 eff 0.0226 outinratio 0.0 

WminusH126_4e_pTj1_genbin2_recobin1 acc 0.1062 eff 0.0384 outinratio 0.0173 

WplusH126_4e_pTj1_genbin2_recobin1 acc 0.0952 eff 0.0366 outinratio 0.0283 

ZH126_4e_pTj1_genbin2_recobin1 acc 0.1179 eff 0.0481 outinratio 0.0377 

ttH126_4e_pTj1_genbin2_recobin1 acc 0.1066 eff 0.015 outinratio 0.1043 

ggH126_4e_pTj1_genbin3_recobin1 acc 0.0277 eff 0.0009 outinratio 0.0096 

VBFH126_4e_pTj1_genbin3_recobin1 acc 0.1544 eff 0.002 outinratio 0.0 

WminusH126_4e_pTj1_genbin3_recobin1 acc 0.0745 eff 0.0008 outinratio 0.0173 

WplusH126_4e_pTj1_genbin3_recobin1 acc 0.0714 eff 0.002 outinratio 0.0283 

ZH126_4e_pTj1_genbin3_recobin1 acc 0.0834 eff 0.0026 outinratio 0.0377 

ttH126_4e_pTj1_genbin3_recobin1 acc 0.2431 eff 0.0004 outinratio 0.1043 

ggH126_4e_pTj1_genbin4_recobin1 acc 0.0071 eff 0.0 outinratio 0.0096 

VBFH126_4e_pTj1_genbin4_recobin1 acc 0.0272 eff 0.0 outinratio 0.0 

WminusH126_4e_pTj1_genbin4_recobin1 acc 0.0182 eff 0.0 outinratio 0.0173 

WplusH126_4e_pTj1_genbin4_recobin1 acc 0.0202 eff 0.0 outinratio 0.0283 

ZH126_4e_pTj1_genbin4_recobin1 acc 0.0192 eff 0.0 outinratio 0.0377 

ttH126_4e_pTj1_genbin4_recobin1 acc 0.1066 eff 0.0 outinratio 0.1043 

ggH126_4e_pTj1_genbin0_recobin2 acc 0.2817 eff 0.0072 outinratio 0.0076 

VBFH126_4e_pTj1_genbin0_recobin2 acc 0.0666 eff 0.058 outinratio 0.0054 

WminusH126_4e_pTj1_genbin0_recobin2 acc 0.0956 eff 0.024 outinratio 0.0068 

WplusH126_4e_pTj1_genbin0_recobin2 acc 0.0876 eff 0.0223 outinratio 0.0291 

ZH126_4e_pTj1_genbin0_recobin2 acc 0.08 eff 0.0108 outinratio 0.0559 

ttH126_4e_pTj1_genbin0_recobin2 acc 0.002 eff 0.0541 outinratio 0.0704 

ggH126_4e_pTj1_genbin1_recobin2 acc 0.0667 eff 0.0447 outinratio 0.0076 

VBFH126_4e_pTj1_genbin1_recobin2 acc 0.0714 eff 0.0674 outinratio 0.0054 

WminusH126_4e_pTj1_genbin1_recobin2 acc 0.0967 eff 0.0721 outinratio 0.0068 

WplusH126_4e_pTj1_genbin1_recobin2 acc 0.0798 eff 0.0832 outinratio 0.0291 

ZH126_4e_pTj1_genbin1_recobin2 acc 0.0849 eff 0.0726 outinratio 0.0559 

ttH126_4e_pTj1_genbin1_recobin2 acc 0.0129 eff 0.0999 outinratio 0.0704 

ggH126_4e_pTj1_genbin2_recobin2 acc 0.0477 eff 0.2407 outinratio 0.0076 

VBFH126_4e_pTj1_genbin2_recobin2 acc 0.1459 eff 0.2748 outinratio 0.0054 

WminusH126_4e_pTj1_genbin2_recobin2 acc 0.1062 eff 0.2413 outinratio 0.0068 

WplusH126_4e_pTj1_genbin2_recobin2 acc 0.0952 eff 0.2344 outinratio 0.0291 

ZH126_4e_pTj1_genbin2_recobin2 acc 0.1179 eff 0.2353 outinratio 0.0559 

ttH126_4e_pTj1_genbin2_recobin2 acc 0.1066 eff 0.19 outinratio 0.0704 

ggH126_4e_pTj1_genbin3_recobin2 acc 0.0277 eff 0.0417 outinratio 0.0076 

VBFH126_4e_pTj1_genbin3_recobin2 acc 0.1544 eff 0.0453 outinratio 0.0054 

WminusH126_4e_pTj1_genbin3_recobin2 acc 0.0745 eff 0.0397 outinratio 0.0068 

WplusH126_4e_pTj1_genbin3_recobin2 acc 0.0714 eff 0.0329 outinratio 0.0291 

ZH126_4e_pTj1_genbin3_recobin2 acc 0.0834 eff 0.0319 outinratio 0.0559 

ttH126_4e_pTj1_genbin3_recobin2 acc 0.2431 eff 0.0229 outinratio 0.0704 

ggH126_4e_pTj1_genbin4_recobin2 acc 0.0071 eff 0.0 outinratio 0.0076 

VBFH126_4e_pTj1_genbin4_recobin2 acc 0.0272 eff 0.0155 outinratio 0.0054 

WminusH126_4e_pTj1_genbin4_recobin2 acc 0.0182 eff 0.0 outinratio 0.0068 

WplusH126_4e_pTj1_genbin4_recobin2 acc 0.0202 eff 0.0 outinratio 0.0291 

ZH126_4e_pTj1_genbin4_recobin2 acc 0.0192 eff 0.0052 outinratio 0.0559 

ttH126_4e_pTj1_genbin4_recobin2 acc 0.1066 eff 0.0 outinratio 0.0704 

ggH126_4e_pTj1_genbin0_recobin3 acc 0.2817 eff 0.0003 outinratio 0.0026 

VBFH126_4e_pTj1_genbin0_recobin3 acc 0.0666 eff 0.0 outinratio 0.0231 

WminusH126_4e_pTj1_genbin0_recobin3 acc 0.0956 eff 0.0078 outinratio 0.0174 

WplusH126_4e_pTj1_genbin0_recobin3 acc 0.0876 eff 0.0081 outinratio 0.0125 

ZH126_4e_pTj1_genbin0_recobin3 acc 0.08 eff 0.0015 outinratio 0.0375 

ttH126_4e_pTj1_genbin0_recobin3 acc 0.002 eff 0.0 outinratio 0.0504 

ggH126_4e_pTj1_genbin1_recobin3 acc 0.0667 eff 0.0 outinratio 0.0026 

VBFH126_4e_pTj1_genbin1_recobin3 acc 0.0714 eff 0.0 outinratio 0.0231 

WminusH126_4e_pTj1_genbin1_recobin3 acc 0.0967 eff 0.0039 outinratio 0.0174 

WplusH126_4e_pTj1_genbin1_recobin3 acc 0.0798 eff 0.0037 outinratio 0.0125 

ZH126_4e_pTj1_genbin1_recobin3 acc 0.0849 eff 0.0017 outinratio 0.0375 

ttH126_4e_pTj1_genbin1_recobin3 acc 0.0129 eff 0.0216 outinratio 0.0504 

ggH126_4e_pTj1_genbin2_recobin3 acc 0.0477 eff 0.0312 outinratio 0.0026 

VBFH126_4e_pTj1_genbin2_recobin3 acc 0.1459 eff 0.0636 outinratio 0.0231 

WminusH126_4e_pTj1_genbin2_recobin3 acc 0.1062 eff 0.0436 outinratio 0.0174 

WplusH126_4e_pTj1_genbin2_recobin3 acc 0.0952 eff 0.044 outinratio 0.0125 

ZH126_4e_pTj1_genbin2_recobin3 acc 0.1179 eff 0.0426 outinratio 0.0375 

ttH126_4e_pTj1_genbin2_recobin3 acc 0.1066 eff 0.0756 outinratio 0.0504 

ggH126_4e_pTj1_genbin3_recobin3 acc 0.0277 eff 0.3296 outinratio 0.0026 

VBFH126_4e_pTj1_genbin3_recobin3 acc 0.1544 eff 0.339 outinratio 0.0231 

WminusH126_4e_pTj1_genbin3_recobin3 acc 0.0745 eff 0.3051 outinratio 0.0174 

WplusH126_4e_pTj1_genbin3_recobin3 acc 0.0714 eff 0.292 outinratio 0.0125 

ZH126_4e_pTj1_genbin3_recobin3 acc 0.0834 eff 0.3131 outinratio 0.0375 

ttH126_4e_pTj1_genbin3_recobin3 acc 0.2431 eff 0.2619 outinratio 0.0504 

ggH126_4e_pTj1_genbin4_recobin3 acc 0.0071 eff 0.0344 outinratio 0.0026 

VBFH126_4e_pTj1_genbin4_recobin3 acc 0.0272 eff 0.022 outinratio 0.0231 

WminusH126_4e_pTj1_genbin4_recobin3 acc 0.0182 eff 0.0284 outinratio 0.0174 

WplusH126_4e_pTj1_genbin4_recobin3 acc 0.0202 eff 0.0344 outinratio 0.0125 

ZH126_4e_pTj1_genbin4_recobin3 acc 0.0192 eff 0.0393 outinratio 0.0375 

ttH126_4e_pTj1_genbin4_recobin3 acc 0.1066 eff 0.0294 outinratio 0.0504 

ggH126_4e_pTj1_genbin0_recobin4 acc 0.2817 eff 0.0 outinratio 0.0177 

VBFH126_4e_pTj1_genbin0_recobin4 acc 0.0666 eff 0.0 outinratio 0.0 

WminusH126_4e_pTj1_genbin0_recobin4 acc 0.0956 eff 0.0003 outinratio 0.0204 

WplusH126_4e_pTj1_genbin0_recobin4 acc 0.0876 eff 0.0013 outinratio 0.018 

ZH126_4e_pTj1_genbin0_recobin4 acc 0.08 eff 0.0004 outinratio 0.0271 

ttH126_4e_pTj1_genbin0_recobin4 acc 0.002 eff 0.0 outinratio 0.0632 

ggH126_4e_pTj1_genbin1_recobin4 acc 0.0667 eff 0.0 outinratio 0.0177 

VBFH126_4e_pTj1_genbin1_recobin4 acc 0.0714 eff 0.0 outinratio 0.0 

WminusH126_4e_pTj1_genbin1_recobin4 acc 0.0967 eff 0.0 outinratio 0.0204 

WplusH126_4e_pTj1_genbin1_recobin4 acc 0.0798 eff 0.0 outinratio 0.018 

ZH126_4e_pTj1_genbin1_recobin4 acc 0.0849 eff 0.0 outinratio 0.0271 

ttH126_4e_pTj1_genbin1_recobin4 acc 0.0129 eff 0.0137 outinratio 0.0632 

ggH126_4e_pTj1_genbin2_recobin4 acc 0.0477 eff 0.0 outinratio 0.0177 

VBFH126_4e_pTj1_genbin2_recobin4 acc 0.1459 eff 0.0 outinratio 0.0 

WminusH126_4e_pTj1_genbin2_recobin4 acc 0.1062 eff 0.0 outinratio 0.0204 

WplusH126_4e_pTj1_genbin2_recobin4 acc 0.0952 eff 0.0 outinratio 0.018 

ZH126_4e_pTj1_genbin2_recobin4 acc 0.1179 eff 0.0 outinratio 0.0271 

ttH126_4e_pTj1_genbin2_recobin4 acc 0.1066 eff 0.0015 outinratio 0.0632 

ggH126_4e_pTj1_genbin3_recobin4 acc 0.0277 eff 0.0116 outinratio 0.0177 

VBFH126_4e_pTj1_genbin3_recobin4 acc 0.1544 eff 0.0136 outinratio 0.0 

WminusH126_4e_pTj1_genbin3_recobin4 acc 0.0745 eff 0.0177 outinratio 0.0204 

WplusH126_4e_pTj1_genbin3_recobin4 acc 0.0714 eff 0.0199 outinratio 0.018 

ZH126_4e_pTj1_genbin3_recobin4 acc 0.0834 eff 0.0111 outinratio 0.0271 

ttH126_4e_pTj1_genbin3_recobin4 acc 0.2431 eff 0.0195 outinratio 0.0632 

ggH126_4e_pTj1_genbin4_recobin4 acc 0.0071 eff 0.4411 outinratio 0.0177 

VBFH126_4e_pTj1_genbin4_recobin4 acc 0.0272 eff 0.5687 outinratio 0.0 

WminusH126_4e_pTj1_genbin4_recobin4 acc 0.0182 eff 0.3492 outinratio 0.0204 

WplusH126_4e_pTj1_genbin4_recobin4 acc 0.0202 eff 0.3307 outinratio 0.018 

ZH126_4e_pTj1_genbin4_recobin4 acc 0.0192 eff 0.3265 outinratio 0.0271 

ttH126_4e_pTj1_genbin4_recobin4 acc 0.1066 eff 0.3055 outinratio 0.0632 

ggH126_4mu_pTj1_genbin0_recobin0 acc 0.3148 eff 0.6098 outinratio 0.0057 

VBFH126_4mu_pTj1_genbin0_recobin0 acc 0.08 eff 0.4522 outinratio 0.0 

WminusH126_4mu_pTj1_genbin0_recobin0 acc 0.1074 eff 0.4806 outinratio 0.0188 

WplusH126_4mu_pTj1_genbin0_recobin0 acc 0.0949 eff 0.4762 outinratio 0.0198 

ZH126_4mu_pTj1_genbin0_recobin0 acc 0.0859 eff 0.5401 outinratio 0.0733 

ttH126_4mu_pTj1_genbin0_recobin0 acc 0.0016 eff 0.1651 outinratio 0.434 

ggH126_4mu_pTj1_genbin1_recobin0 acc 0.0751 eff 0.1308 outinratio 0.0057 

VBFH126_4mu_pTj1_genbin1_recobin0 acc 0.0824 eff 0.0991 outinratio 0.0 

WminusH126_4mu_pTj1_genbin1_recobin0 acc 0.1073 eff 0.0536 outinratio 0.0188 

WplusH126_4mu_pTj1_genbin1_recobin0 acc 0.0836 eff 0.0724 outinratio 0.0198 

ZH126_4mu_pTj1_genbin1_recobin0 acc 0.0947 eff 0.077 outinratio 0.0733 

ttH126_4mu_pTj1_genbin1_recobin0 acc 0.0134 eff 0.0078 outinratio 0.434 

ggH126_4mu_pTj1_genbin2_recobin0 acc 0.0519 eff 0.0254 outinratio 0.0057 

VBFH126_4mu_pTj1_genbin2_recobin0 acc 0.1642 eff 0.0165 outinratio 0.0 

WminusH126_4mu_pTj1_genbin2_recobin0 acc 0.124 eff 0.0057 outinratio 0.0188 

WplusH126_4mu_pTj1_genbin2_recobin0 acc 0.1083 eff 0.0061 outinratio 0.0198 

ZH126_4mu_pTj1_genbin2_recobin0 acc 0.1261 eff 0.0117 outinratio 0.0733 

ttH126_4mu_pTj1_genbin2_recobin0 acc 0.1139 eff 0.0008 outinratio 0.434 

ggH126_4mu_pTj1_genbin3_recobin0 acc 0.0295 eff 0.0023 outinratio 0.0057 

VBFH126_4mu_pTj1_genbin3_recobin0 acc 0.1569 eff 0.0053 outinratio 0.0 

WminusH126_4mu_pTj1_genbin3_recobin0 acc 0.0829 eff 0.0025 outinratio 0.0188 

WplusH126_4mu_pTj1_genbin3_recobin0 acc 0.0783 eff 0.0038 outinratio 0.0198 

ZH126_4mu_pTj1_genbin3_recobin0 acc 0.0874 eff 0.0025 outinratio 0.0733 

ttH126_4mu_pTj1_genbin3_recobin0 acc 0.2793 eff 0.0 outinratio 0.434 

ggH126_4mu_pTj1_genbin4_recobin0 acc 0.0073 eff 0.0 outinratio 0.0057 

VBFH126_4mu_pTj1_genbin4_recobin0 acc 0.0343 eff 0.0 outinratio 0.0 

WminusH126_4mu_pTj1_genbin4_recobin0 acc 0.0177 eff 0.0 outinratio 0.0188 

WplusH126_4mu_pTj1_genbin4_recobin0 acc 0.0223 eff 0.0 outinratio 0.0198 

ZH126_4mu_pTj1_genbin4_recobin0 acc 0.0198 eff 0.0 outinratio 0.0733 

ttH126_4mu_pTj1_genbin4_recobin0 acc 0.1168 eff 0.0 outinratio 0.434 

ggH126_4mu_pTj1_genbin0_recobin1 acc 0.3148 eff 0.0599 outinratio 0.0059 

VBFH126_4mu_pTj1_genbin0_recobin1 acc 0.08 eff 0.1734 outinratio 0.0 

WminusH126_4mu_pTj1_genbin0_recobin1 acc 0.1074 eff 0.1138 outinratio 0.007 

WplusH126_4mu_pTj1_genbin0_recobin1 acc 0.0949 eff 0.1014 outinratio 0.0106 

ZH126_4mu_pTj1_genbin0_recobin1 acc 0.0859 eff 0.0877 outinratio 0.0469 

ttH126_4mu_pTj1_genbin0_recobin1 acc 0.0016 eff 0.0 outinratio 0.0701 

ggH126_4mu_pTj1_genbin1_recobin1 acc 0.0751 eff 0.4545 outinratio 0.0059 

VBFH126_4mu_pTj1_genbin1_recobin1 acc 0.0824 eff 0.3593 outinratio 0.0 

WminusH126_4mu_pTj1_genbin1_recobin1 acc 0.1073 eff 0.427 outinratio 0.007 

WplusH126_4mu_pTj1_genbin1_recobin1 acc 0.0836 eff 0.4032 outinratio 0.0106 

ZH126_4mu_pTj1_genbin1_recobin1 acc 0.0947 eff 0.4112 outinratio 0.0469 

ttH126_4mu_pTj1_genbin1_recobin1 acc 0.0134 eff 0.1491 outinratio 0.0701 

ggH126_4mu_pTj1_genbin2_recobin1 acc 0.0519 eff 0.098 outinratio 0.0059 

VBFH126_4mu_pTj1_genbin2_recobin1 acc 0.1642 eff 0.057 outinratio 0.0 

WminusH126_4mu_pTj1_genbin2_recobin1 acc 0.124 eff 0.0687 outinratio 0.007 

WplusH126_4mu_pTj1_genbin2_recobin1 acc 0.1083 eff 0.0745 outinratio 0.0106 

ZH126_4mu_pTj1_genbin2_recobin1 acc 0.1261 eff 0.0786 outinratio 0.0469 

ttH126_4mu_pTj1_genbin2_recobin1 acc 0.1139 eff 0.027 outinratio 0.0701 

ggH126_4mu_pTj1_genbin3_recobin1 acc 0.0295 eff 0.0067 outinratio 0.0059 

VBFH126_4mu_pTj1_genbin3_recobin1 acc 0.1569 eff 0.0 outinratio 0.0 

WminusH126_4mu_pTj1_genbin3_recobin1 acc 0.0829 eff 0.0025 outinratio 0.007 

WplusH126_4mu_pTj1_genbin3_recobin1 acc 0.0783 eff 0.0033 outinratio 0.0106 

ZH126_4mu_pTj1_genbin3_recobin1 acc 0.0874 eff 0.0042 outinratio 0.0469 

ttH126_4mu_pTj1_genbin3_recobin1 acc 0.2793 eff 0.0007 outinratio 0.0701 

ggH126_4mu_pTj1_genbin4_recobin1 acc 0.0073 eff 0.0066 outinratio 0.0059 

VBFH126_4mu_pTj1_genbin4_recobin1 acc 0.0343 eff 0.0 outinratio 0.0 

WminusH126_4mu_pTj1_genbin4_recobin1 acc 0.0177 eff 0.0 outinratio 0.007 

WplusH126_4mu_pTj1_genbin4_recobin1 acc 0.0223 eff 0.0 outinratio 0.0106 

ZH126_4mu_pTj1_genbin4_recobin1 acc 0.0198 eff 0.0 outinratio 0.0469 

ttH126_4mu_pTj1_genbin4_recobin1 acc 0.1168 eff 0.0 outinratio 0.0701 

ggH126_4mu_pTj1_genbin0_recobin2 acc 0.3148 eff 0.0159 outinratio 0.0053 

VBFH126_4mu_pTj1_genbin0_recobin2 acc 0.08 eff 0.0526 outinratio 0.0038 

WminusH126_4mu_pTj1_genbin0_recobin2 acc 0.1074 eff 0.0391 outinratio 0.0102 

WplusH126_4mu_pTj1_genbin0_recobin2 acc 0.0949 eff 0.0428 outinratio 0.0096 

ZH126_4mu_pTj1_genbin0_recobin2 acc 0.0859 eff 0.0098 outinratio 0.0506 

ttH126_4mu_pTj1_genbin0_recobin2 acc 0.0016 eff 0.1811 outinratio 0.0283 

ggH126_4mu_pTj1_genbin1_recobin2 acc 0.0751 eff 0.0895 outinratio 0.0053 

VBFH126_4mu_pTj1_genbin1_recobin2 acc 0.0824 eff 0.1689 outinratio 0.0038 

WminusH126_4mu_pTj1_genbin1_recobin2 acc 0.1073 eff 0.1409 outinratio 0.0102 

WplusH126_4mu_pTj1_genbin1_recobin2 acc 0.0836 eff 0.1368 outinratio 0.0096 

ZH126_4mu_pTj1_genbin1_recobin2 acc 0.0947 eff 0.1314 outinratio 0.0506 

ttH126_4mu_pTj1_genbin1_recobin2 acc 0.0134 eff 0.0892 outinratio 0.0283 

ggH126_4mu_pTj1_genbin2_recobin2 acc 0.0519 eff 0.4932 outinratio 0.0053 

VBFH126_4mu_pTj1_genbin2_recobin2 acc 0.1642 eff 0.4822 outinratio 0.0038 

WminusH126_4mu_pTj1_genbin2_recobin2 acc 0.124 eff 0.5029 outinratio 0.0102 

WplusH126_4mu_pTj1_genbin2_recobin2 acc 0.1083 eff 0.4779 outinratio 0.0096 

ZH126_4mu_pTj1_genbin2_recobin2 acc 0.1261 eff 0.4751 outinratio 0.0506 

ttH126_4mu_pTj1_genbin2_recobin2 acc 0.1139 eff 0.3284 outinratio 0.0283 

ggH126_4mu_pTj1_genbin3_recobin2 acc 0.0295 eff 0.0723 outinratio 0.0053 

VBFH126_4mu_pTj1_genbin3_recobin2 acc 0.1569 eff 0.0721 outinratio 0.0038 

WminusH126_4mu_pTj1_genbin3_recobin2 acc 0.0829 eff 0.0649 outinratio 0.0102 

WplusH126_4mu_pTj1_genbin3_recobin2 acc 0.0783 eff 0.0602 outinratio 0.0096 

ZH126_4mu_pTj1_genbin3_recobin2 acc 0.0874 eff 0.0602 outinratio 0.0506 

ttH126_4mu_pTj1_genbin3_recobin2 acc 0.2793 eff 0.0393 outinratio 0.0283 

ggH126_4mu_pTj1_genbin4_recobin2 acc 0.0073 eff 0.0 outinratio 0.0053 

VBFH126_4mu_pTj1_genbin4_recobin2 acc 0.0343 eff 0.0 outinratio 0.0038 

WminusH126_4mu_pTj1_genbin4_recobin2 acc 0.0177 eff 0.0 outinratio 0.0102 

WplusH126_4mu_pTj1_genbin4_recobin2 acc 0.0223 eff 0.0012 outinratio 0.0096 

ZH126_4mu_pTj1_genbin4_recobin2 acc 0.0198 eff 0.0 outinratio 0.0506 

ttH126_4mu_pTj1_genbin4_recobin2 acc 0.1168 eff 0.0017 outinratio 0.0283 

ggH126_4mu_pTj1_genbin0_recobin3 acc 0.3148 eff 0.0008 outinratio 0.0042 

VBFH126_4mu_pTj1_genbin0_recobin3 acc 0.08 eff 0.0 outinratio 0.012 

WminusH126_4mu_pTj1_genbin0_recobin3 acc 0.1074 eff 0.0175 outinratio 0.0073 

WplusH126_4mu_pTj1_genbin0_recobin3 acc 0.0949 eff 0.0204 outinratio 0.0152 

ZH126_4mu_pTj1_genbin0_recobin3 acc 0.0859 eff 0.0029 outinratio 0.0326 

ttH126_4mu_pTj1_genbin0_recobin3 acc 0.0016 eff 0.0 outinratio 0.0441 

ggH126_4mu_pTj1_genbin1_recobin3 acc 0.0751 eff 0.0021 outinratio 0.0042 

VBFH126_4mu_pTj1_genbin1_recobin3 acc 0.0824 eff 0.0 outinratio 0.012 

WminusH126_4mu_pTj1_genbin1_recobin3 acc 0.1073 eff 0.0065 outinratio 0.0073 

WplusH126_4mu_pTj1_genbin1_recobin3 acc 0.0836 eff 0.01 outinratio 0.0152 

ZH126_4mu_pTj1_genbin1_recobin3 acc 0.0947 eff 0.003 outinratio 0.0326 

ttH126_4mu_pTj1_genbin1_recobin3 acc 0.0134 eff 0.0711 outinratio 0.0441 

ggH126_4mu_pTj1_genbin2_recobin3 acc 0.0519 eff 0.071 outinratio 0.0042 

VBFH126_4mu_pTj1_genbin2_recobin3 acc 0.1642 eff 0.1338 outinratio 0.012 

WminusH126_4mu_pTj1_genbin2_recobin3 acc 0.124 eff 0.0898 outinratio 0.0073 

WplusH126_4mu_pTj1_genbin2_recobin3 acc 0.1083 eff 0.079 outinratio 0.0152 

ZH126_4mu_pTj1_genbin2_recobin3 acc 0.1261 eff 0.084 outinratio 0.0326 

ttH126_4mu_pTj1_genbin2_recobin3 acc 0.1139 eff 0.1376 outinratio 0.0441 

ggH126_4mu_pTj1_genbin3_recobin3 acc 0.0295 eff 0.5917 outinratio 0.0042 

VBFH126_4mu_pTj1_genbin3_recobin3 acc 0.1569 eff 0.6922 outinratio 0.012 

WminusH126_4mu_pTj1_genbin3_recobin3 acc 0.0829 eff 0.5471 outinratio 0.0073 

WplusH126_4mu_pTj1_genbin3_recobin3 acc 0.0783 eff 0.5595 outinratio 0.0152 

ZH126_4mu_pTj1_genbin3_recobin3 acc 0.0874 eff 0.5862 outinratio 0.0326 

ttH126_4mu_pTj1_genbin3_recobin3 acc 0.2793 eff 0.4109 outinratio 0.0441 

ggH126_4mu_pTj1_genbin4_recobin3 acc 0.0073 eff 0.0642 outinratio 0.0042 

VBFH126_4mu_pTj1_genbin4_recobin3 acc 0.0343 eff 0.0238 outinratio 0.012 

WminusH126_4mu_pTj1_genbin4_recobin3 acc 0.0177 eff 0.0496 outinratio 0.0073 

WplusH126_4mu_pTj1_genbin4_recobin3 acc 0.0223 eff 0.0467 outinratio 0.0152 

ZH126_4mu_pTj1_genbin4_recobin3 acc 0.0198 eff 0.0714 outinratio 0.0326 

ttH126_4mu_pTj1_genbin4_recobin3 acc 0.1168 eff 0.0326 outinratio 0.0441 

ggH126_4mu_pTj1_genbin0_recobin4 acc 0.3148 eff 0.0 outinratio 0.0197 

VBFH126_4mu_pTj1_genbin0_recobin4 acc 0.08 eff 0.0 outinratio 0.038 

WminusH126_4mu_pTj1_genbin0_recobin4 acc 0.1074 eff 0.001 outinratio 0.0054 

WplusH126_4mu_pTj1_genbin0_recobin4 acc 0.0949 eff 0.0021 outinratio 0.0023 

ZH126_4mu_pTj1_genbin0_recobin4 acc 0.0859 eff 0.0004 outinratio 0.0313 

ttH126_4mu_pTj1_genbin0_recobin4 acc 0.0016 eff 0.0 outinratio 0.0398 

ggH126_4mu_pTj1_genbin1_recobin4 acc 0.0751 eff 0.0 outinratio 0.0197 

VBFH126_4mu_pTj1_genbin1_recobin4 acc 0.0824 eff 0.0 outinratio 0.038 

WminusH126_4mu_pTj1_genbin1_recobin4 acc 0.1073 eff 0.0 outinratio 0.0054 

WplusH126_4mu_pTj1_genbin1_recobin4 acc 0.0836 eff 0.0001 outinratio 0.0023 

ZH126_4mu_pTj1_genbin1_recobin4 acc 0.0947 eff 0.0 outinratio 0.0313 

ttH126_4mu_pTj1_genbin1_recobin4 acc 0.0134 eff 0.0 outinratio 0.0398 

ggH126_4mu_pTj1_genbin2_recobin4 acc 0.0519 eff 0.0 outinratio 0.0197 

VBFH126_4mu_pTj1_genbin2_recobin4 acc 0.1642 eff 0.0 outinratio 0.038 

WminusH126_4mu_pTj1_genbin2_recobin4 acc 0.124 eff 0.0 outinratio 0.0054 

WplusH126_4mu_pTj1_genbin2_recobin4 acc 0.1083 eff 0.0003 outinratio 0.0023 

ZH126_4mu_pTj1_genbin2_recobin4 acc 0.1261 eff 0.0 outinratio 0.0313 

ttH126_4mu_pTj1_genbin2_recobin4 acc 0.1139 eff 0.0039 outinratio 0.0398 

ggH126_4mu_pTj1_genbin3_recobin4 acc 0.0295 eff 0.0249 outinratio 0.0197 

VBFH126_4mu_pTj1_genbin3_recobin4 acc 0.1569 eff 0.0385 outinratio 0.038 

WminusH126_4mu_pTj1_genbin3_recobin4 acc 0.0829 eff 0.0312 outinratio 0.0054 

WplusH126_4mu_pTj1_genbin3_recobin4 acc 0.0783 eff 0.0241 outinratio 0.0023 

ZH126_4mu_pTj1_genbin3_recobin4 acc 0.0874 eff 0.0218 outinratio 0.0313 

ttH126_4mu_pTj1_genbin3_recobin4 acc 0.2793 eff 0.0278 outinratio 0.0398 

ggH126_4mu_pTj1_genbin4_recobin4 acc 0.0073 eff 0.6056 outinratio 0.0197 

VBFH126_4mu_pTj1_genbin4_recobin4 acc 0.0343 eff 0.6625 outinratio 0.038 

WminusH126_4mu_pTj1_genbin4_recobin4 acc 0.0177 eff 0.5574 outinratio 0.0054 

WplusH126_4mu_pTj1_genbin4_recobin4 acc 0.0223 eff 0.5657 outinratio 0.0023 

ZH126_4mu_pTj1_genbin4_recobin4 acc 0.0198 eff 0.6158 outinratio 0.0313 

ttH126_4mu_pTj1_genbin4_recobin4 acc 0.1168 eff 0.4744 outinratio 0.0398 

ggH126_2e2mu_pTj1_genbin0_recobin0 acc 0.2875 eff 0.4221 outinratio 0.0081 

VBFH126_2e2mu_pTj1_genbin0_recobin0 acc 0.0671 eff 0.3335 outinratio 0.0 

WminusH126_2e2mu_pTj1_genbin0_recobin0 acc 0.0951 eff 0.3227 outinratio 0.0404 

WplusH126_2e2mu_pTj1_genbin0_recobin0 acc 0.0865 eff 0.3274 outinratio 0.0337 

ZH126_2e2mu_pTj1_genbin0_recobin0 acc 0.0794 eff 0.393 outinratio 0.0828 

ttH126_2e2mu_pTj1_genbin0_recobin0 acc 0.001 eff 0.1099 outinratio 0.0 

ggH126_2e2mu_pTj1_genbin1_recobin0 acc 0.0677 eff 0.0853 outinratio 0.0081 

VBFH126_2e2mu_pTj1_genbin1_recobin0 acc 0.0716 eff 0.122 outinratio 0.0 

WminusH126_2e2mu_pTj1_genbin1_recobin0 acc 0.0964 eff 0.0474 outinratio 0.0404 

WplusH126_2e2mu_pTj1_genbin1_recobin0 acc 0.0781 eff 0.0444 outinratio 0.0337 

ZH126_2e2mu_pTj1_genbin1_recobin0 acc 0.0863 eff 0.0536 outinratio 0.0828 

ttH126_2e2mu_pTj1_genbin1_recobin0 acc 0.0115 eff 0.0184 outinratio 0.0 

ggH126_2e2mu_pTj1_genbin2_recobin0 acc 0.0493 eff 0.0185 outinratio 0.0081 

VBFH126_2e2mu_pTj1_genbin2_recobin0 acc 0.161 eff 0.0152 outinratio 0.0 

WminusH126_2e2mu_pTj1_genbin2_recobin0 acc 0.1147 eff 0.0049 outinratio 0.0404 

WplusH126_2e2mu_pTj1_genbin2_recobin0 acc 0.0999 eff 0.0061 outinratio 0.0337 

ZH126_2e2mu_pTj1_genbin2_recobin0 acc 0.1179 eff 0.01 outinratio 0.0828 

ttH126_2e2mu_pTj1_genbin2_recobin0 acc 0.1019 eff 0.0005 outinratio 0.0 

ggH126_2e2mu_pTj1_genbin3_recobin0 acc 0.0288 eff 0.003 outinratio 0.0081 

VBFH126_2e2mu_pTj1_genbin3_recobin0 acc 0.1349 eff 0.0026 outinratio 0.0 

WminusH126_2e2mu_pTj1_genbin3_recobin0 acc 0.0768 eff 0.0008 outinratio 0.0404 

WplusH126_2e2mu_pTj1_genbin3_recobin0 acc 0.0744 eff 0.0011 outinratio 0.0337 

ZH126_2e2mu_pTj1_genbin3_recobin0 acc 0.0824 eff 0.0013 outinratio 0.0828 

ttH126_2e2mu_pTj1_genbin3_recobin0 acc 0.2525 eff 0.0002 outinratio 0.0 

ggH126_2e2mu_pTj1_genbin4_recobin0 acc 0.0065 eff 0.0 outinratio 0.0081 

VBFH126_2e2mu_pTj1_genbin4_recobin0 acc 0.0329 eff 0.0118 outinratio 0.0 

WminusH126_2e2mu_pTj1_genbin4_recobin0 acc 0.0184 eff 0.0 outinratio 0.0404 

WplusH126_2e2mu_pTj1_genbin4_recobin0 acc 0.0193 eff 0.0 outinratio 0.0337 

ZH126_2e2mu_pTj1_genbin4_recobin0 acc 0.0196 eff 0.0 outinratio 0.0828 

ttH126_2e2mu_pTj1_genbin4_recobin0 acc 0.1098 eff 0.0 outinratio 0.0 

ggH126_2e2mu_pTj1_genbin0_recobin1 acc 0.2875 eff 0.0401 outinratio 0.0059 

VBFH126_2e2mu_pTj1_genbin0_recobin1 acc 0.0671 eff 0.0823 outinratio 0.0041 

WminusH126_2e2mu_pTj1_genbin0_recobin1 acc 0.0951 eff 0.0758 outinratio 0.0196 

WplusH126_2e2mu_pTj1_genbin0_recobin1 acc 0.0865 eff 0.0687 outinratio 0.0223 

ZH126_2e2mu_pTj1_genbin0_recobin1 acc 0.0794 eff 0.054 outinratio 0.0428 

ttH126_2e2mu_pTj1_genbin0_recobin1 acc 0.001 eff 0.0 outinratio 0.0849 

ggH126_2e2mu_pTj1_genbin1_recobin1 acc 0.0677 eff 0.3241 outinratio 0.0059 

VBFH126_2e2mu_pTj1_genbin1_recobin1 acc 0.0716 eff 0.2223 outinratio 0.0041 

WminusH126_2e2mu_pTj1_genbin1_recobin1 acc 0.0964 eff 0.2951 outinratio 0.0196 

WplusH126_2e2mu_pTj1_genbin1_recobin1 acc 0.0781 eff 0.2831 outinratio 0.0223 

ZH126_2e2mu_pTj1_genbin1_recobin1 acc 0.0863 eff 0.2763 outinratio 0.0428 

ttH126_2e2mu_pTj1_genbin1_recobin1 acc 0.0115 eff 0.1148 outinratio 0.0849 

ggH126_2e2mu_pTj1_genbin2_recobin1 acc 0.0493 eff 0.0709 outinratio 0.0059 

VBFH126_2e2mu_pTj1_genbin2_recobin1 acc 0.161 eff 0.0362 outinratio 0.0041 

WminusH126_2e2mu_pTj1_genbin2_recobin1 acc 0.1147 eff 0.0478 outinratio 0.0196 

WplusH126_2e2mu_pTj1_genbin2_recobin1 acc 0.0999 eff 0.0488 outinratio 0.0223 

ZH126_2e2mu_pTj1_genbin2_recobin1 acc 0.1179 eff 0.0581 outinratio 0.0428 

ttH126_2e2mu_pTj1_genbin2_recobin1 acc 0.1019 eff 0.0131 outinratio 0.0849 

ggH126_2e2mu_pTj1_genbin3_recobin1 acc 0.0288 eff 0.0024 outinratio 0.0059 

VBFH126_2e2mu_pTj1_genbin3_recobin1 acc 0.1349 eff 0.0008 outinratio 0.0041 

WminusH126_2e2mu_pTj1_genbin3_recobin1 acc 0.0768 eff 0.0016 outinratio 0.0196 

WplusH126_2e2mu_pTj1_genbin3_recobin1 acc 0.0744 eff 0.0018 outinratio 0.0223 

ZH126_2e2mu_pTj1_genbin3_recobin1 acc 0.0824 eff 0.0015 outinratio 0.0428 

ttH126_2e2mu_pTj1_genbin3_recobin1 acc 0.2525 eff 0.0 outinratio 0.0849 

ggH126_2e2mu_pTj1_genbin4_recobin1 acc 0.0065 eff 0.0026 outinratio 0.0059 

VBFH126_2e2mu_pTj1_genbin4_recobin1 acc 0.0329 eff 0.0 outinratio 0.0041 

WminusH126_2e2mu_pTj1_genbin4_recobin1 acc 0.0184 eff 0.0 outinratio 0.0196 

WplusH126_2e2mu_pTj1_genbin4_recobin1 acc 0.0193 eff 0.0016 outinratio 0.0223 

ZH126_2e2mu_pTj1_genbin4_recobin1 acc 0.0196 eff 0.0011 outinratio 0.0428 

ttH126_2e2mu_pTj1_genbin4_recobin1 acc 0.1098 eff 0.0 outinratio 0.0849 

ggH126_2e2mu_pTj1_genbin0_recobin2 acc 0.2875 eff 0.0088 outinratio 0.0074 

VBFH126_2e2mu_pTj1_genbin0_recobin2 acc 0.0671 eff 0.048 outinratio 0.0031 

WminusH126_2e2mu_pTj1_genbin0_recobin2 acc 0.0951 eff 0.0304 outinratio 0.0168 

WplusH126_2e2mu_pTj1_genbin0_recobin2 acc 0.0865 eff 0.031 outinratio 0.0182 

ZH126_2e2mu_pTj1_genbin0_recobin2 acc 0.0794 eff 0.0216 outinratio 0.0379 

ttH126_2e2mu_pTj1_genbin0_recobin2 acc 0.001 eff 0.0 outinratio 0.0387 

ggH126_2e2mu_pTj1_genbin1_recobin2 acc 0.0677 eff 0.0693 outinratio 0.0074 

VBFH126_2e2mu_pTj1_genbin1_recobin2 acc 0.0716 eff 0.1097 outinratio 0.0031 

WminusH126_2e2mu_pTj1_genbin1_recobin2 acc 0.0964 eff 0.1021 outinratio 0.0168 

WplusH126_2e2mu_pTj1_genbin1_recobin2 acc 0.0781 eff 0.0986 outinratio 0.0182 

ZH126_2e2mu_pTj1_genbin1_recobin2 acc 0.0863 eff 0.098 outinratio 0.0379 

ttH126_2e2mu_pTj1_genbin1_recobin2 acc 0.0115 eff 0.1601 outinratio 0.0387 

ggH126_2e2mu_pTj1_genbin2_recobin2 acc 0.0493 eff 0.3603 outinratio 0.0074 

VBFH126_2e2mu_pTj1_genbin2_recobin2 acc 0.161 eff 0.3563 outinratio 0.0031 

WminusH126_2e2mu_pTj1_genbin2_recobin2 acc 0.1147 eff 0.3503 outinratio 0.0168 

WplusH126_2e2mu_pTj1_genbin2_recobin2 acc 0.0999 eff 0.337 outinratio 0.0182 

ZH126_2e2mu_pTj1_genbin2_recobin2 acc 0.1179 eff 0.3362 outinratio 0.0379 

ttH126_2e2mu_pTj1_genbin2_recobin2 acc 0.1019 eff 0.2315 outinratio 0.0387 

ggH126_2e2mu_pTj1_genbin3_recobin2 acc 0.0288 eff 0.0575 outinratio 0.0074 

VBFH126_2e2mu_pTj1_genbin3_recobin2 acc 0.1349 eff 0.0496 outinratio 0.0031 

WminusH126_2e2mu_pTj1_genbin3_recobin2 acc 0.0768 eff 0.0483 outinratio 0.0168 

WplusH126_2e2mu_pTj1_genbin3_recobin2 acc 0.0744 eff 0.0405 outinratio 0.0182 

ZH126_2e2mu_pTj1_genbin3_recobin2 acc 0.0824 eff 0.0522 outinratio 0.0379 

ttH126_2e2mu_pTj1_genbin3_recobin2 acc 0.2525 eff 0.0293 outinratio 0.0387 

ggH126_2e2mu_pTj1_genbin4_recobin2 acc 0.0065 eff 0.0075 outinratio 0.0074 

VBFH126_2e2mu_pTj1_genbin4_recobin2 acc 0.0329 eff 0.0 outinratio 0.0031 

WminusH126_2e2mu_pTj1_genbin4_recobin2 acc 0.0184 eff 0.0 outinratio 0.0168 

WplusH126_2e2mu_pTj1_genbin4_recobin2 acc 0.0193 eff 0.0006 outinratio 0.0182 

ZH126_2e2mu_pTj1_genbin4_recobin2 acc 0.0196 eff 0.0 outinratio 0.0379 

ttH126_2e2mu_pTj1_genbin4_recobin2 acc 0.1098 eff 0.0 outinratio 0.0387 

ggH126_2e2mu_pTj1_genbin0_recobin3 acc 0.2875 eff 0.0004 outinratio 0.0065 

VBFH126_2e2mu_pTj1_genbin0_recobin3 acc 0.0671 eff 0.0 outinratio 0.0 

WminusH126_2e2mu_pTj1_genbin0_recobin3 acc 0.0951 eff 0.0122 outinratio 0.0183 

WplusH126_2e2mu_pTj1_genbin0_recobin3 acc 0.0865 eff 0.0121 outinratio 0.0143 

ZH126_2e2mu_pTj1_genbin0_recobin3 acc 0.0794 eff 0.0052 outinratio 0.0351 

ttH126_2e2mu_pTj1_genbin0_recobin3 acc 0.001 eff 0.0927 outinratio 0.0533 

ggH126_2e2mu_pTj1_genbin1_recobin3 acc 0.0677 eff 0.0004 outinratio 0.0065 

VBFH126_2e2mu_pTj1_genbin1_recobin3 acc 0.0716 eff 0.0116 outinratio 0.0 

WminusH126_2e2mu_pTj1_genbin1_recobin3 acc 0.0964 eff 0.0051 outinratio 0.0183 

WplusH126_2e2mu_pTj1_genbin1_recobin3 acc 0.0781 eff 0.0044 outinratio 0.0143 

ZH126_2e2mu_pTj1_genbin1_recobin3 acc 0.0863 eff 0.0033 outinratio 0.0351 

ttH126_2e2mu_pTj1_genbin1_recobin3 acc 0.0115 eff 0.0135 outinratio 0.0533 

ggH126_2e2mu_pTj1_genbin2_recobin3 acc 0.0493 eff 0.0444 outinratio 0.0065 

VBFH126_2e2mu_pTj1_genbin2_recobin3 acc 0.161 eff 0.0875 outinratio 0.0 

WminusH126_2e2mu_pTj1_genbin2_recobin3 acc 0.1147 eff 0.06 outinratio 0.0183 

WplusH126_2e2mu_pTj1_genbin2_recobin3 acc 0.0999 eff 0.0589 outinratio 0.0143 

ZH126_2e2mu_pTj1_genbin2_recobin3 acc 0.1179 eff 0.0533 outinratio 0.0351 

ttH126_2e2mu_pTj1_genbin2_recobin3 acc 0.1019 eff 0.1057 outinratio 0.0533 

ggH126_2e2mu_pTj1_genbin3_recobin3 acc 0.0288 eff 0.4301 outinratio 0.0065 

VBFH126_2e2mu_pTj1_genbin3_recobin3 acc 0.1349 eff 0.4903 outinratio 0.0 

WminusH126_2e2mu_pTj1_genbin3_recobin3 acc 0.0768 eff 0.4082 outinratio 0.0183 

WplusH126_2e2mu_pTj1_genbin3_recobin3 acc 0.0744 eff 0.4048 outinratio 0.0143 

ZH126_2e2mu_pTj1_genbin3_recobin3 acc 0.0824 eff 0.416 outinratio 0.0351 

ttH126_2e2mu_pTj1_genbin3_recobin3 acc 0.2525 eff 0.3399 outinratio 0.0533 

ggH126_2e2mu_pTj1_genbin4_recobin3 acc 0.0065 eff 0.0334 outinratio 0.0065 

VBFH126_2e2mu_pTj1_genbin4_recobin3 acc 0.0329 eff 0.061 outinratio 0.0 

WminusH126_2e2mu_pTj1_genbin4_recobin3 acc 0.0184 eff 0.0506 outinratio 0.0183 

WplusH126_2e2mu_pTj1_genbin4_recobin3 acc 0.0193 eff 0.0364 outinratio 0.0143 

ZH126_2e2mu_pTj1_genbin4_recobin3 acc 0.0196 eff 0.0521 outinratio 0.0351 

ttH126_2e2mu_pTj1_genbin4_recobin3 acc 0.1098 eff 0.0325 outinratio 0.0533 

ggH126_2e2mu_pTj1_genbin0_recobin4 acc 0.2875 eff 0.0 outinratio 0.0117 

VBFH126_2e2mu_pTj1_genbin0_recobin4 acc 0.0671 eff 0.0 outinratio 0.0 

WminusH126_2e2mu_pTj1_genbin0_recobin4 acc 0.0951 eff 0.0003 outinratio 0.0114 

WplusH126_2e2mu_pTj1_genbin0_recobin4 acc 0.0865 eff 0.0025 outinratio 0.0102 

ZH126_2e2mu_pTj1_genbin0_recobin4 acc 0.0794 eff 0.0004 outinratio 0.0405 

ttH126_2e2mu_pTj1_genbin0_recobin4 acc 0.001 eff 0.0595 outinratio 0.0418 

ggH126_2e2mu_pTj1_genbin1_recobin4 acc 0.0677 eff 0.0 outinratio 0.0117 

VBFH126_2e2mu_pTj1_genbin1_recobin4 acc 0.0716 eff 0.0 outinratio 0.0 

WminusH126_2e2mu_pTj1_genbin1_recobin4 acc 0.0964 eff 0.0004 outinratio 0.0114 

WplusH126_2e2mu_pTj1_genbin1_recobin4 acc 0.0781 eff 0.0 outinratio 0.0102 

ZH126_2e2mu_pTj1_genbin1_recobin4 acc 0.0863 eff 0.0 outinratio 0.0405 

ttH126_2e2mu_pTj1_genbin1_recobin4 acc 0.0115 eff 0.0 outinratio 0.0418 

ggH126_2e2mu_pTj1_genbin2_recobin4 acc 0.0493 eff 0.0 outinratio 0.0117 

VBFH126_2e2mu_pTj1_genbin2_recobin4 acc 0.161 eff 0.0 outinratio 0.0 

WminusH126_2e2mu_pTj1_genbin2_recobin4 acc 0.1147 eff 0.0003 outinratio 0.0114 

WplusH126_2e2mu_pTj1_genbin2_recobin4 acc 0.0999 eff 0.0 outinratio 0.0102 

ZH126_2e2mu_pTj1_genbin2_recobin4 acc 0.1179 eff 0.0 outinratio 0.0405 

ttH126_2e2mu_pTj1_genbin2_recobin4 acc 0.1019 eff 0.0021 outinratio 0.0418 

ggH126_2e2mu_pTj1_genbin3_recobin4 acc 0.0288 eff 0.0181 outinratio 0.0117 

VBFH126_2e2mu_pTj1_genbin3_recobin4 acc 0.1349 eff 0.0381 outinratio 0.0 

WminusH126_2e2mu_pTj1_genbin3_recobin4 acc 0.0768 eff 0.0201 outinratio 0.0114 

WplusH126_2e2mu_pTj1_genbin3_recobin4 acc 0.0744 eff 0.0248 outinratio 0.0102 

ZH126_2e2mu_pTj1_genbin3_recobin4 acc 0.0824 eff 0.0202 outinratio 0.0405 

ttH126_2e2mu_pTj1_genbin3_recobin4 acc 0.2525 eff 0.0241 outinratio 0.0418 

ggH126_2e2mu_pTj1_genbin4_recobin4 acc 0.0065 eff 0.5426 outinratio 0.0117 

VBFH126_2e2mu_pTj1_genbin4_recobin4 acc 0.0329 eff 0.5889 outinratio 0.0 

WminusH126_2e2mu_pTj1_genbin4_recobin4 acc 0.0184 eff 0.4718 outinratio 0.0114 

WplusH126_2e2mu_pTj1_genbin4_recobin4 acc 0.0193 eff 0.4662 outinratio 0.0102 

ZH126_2e2mu_pTj1_genbin4_recobin4 acc 0.0196 eff 0.4866 outinratio 0.0405 

ttH126_2e2mu_pTj1_genbin4_recobin4 acc 0.1098 eff 0.3603 outinratio 0.0418 

Coeff fullNNLOPS
