Welcome in RunCoefficients!
OPT SPLIT
DEBUG opt.YEAR = 2024_5
It is a single-differential measurement, binning [-100.0, 0.0, 12.0, 28.0, 40.0, 85.0, 10000.0]
pTHj
Following observables extracted from dictionary: RECO =  pTHj  GEN =  GENpTHj
LUMI: 10.882200000000001
ttH126 0.00046886125
Processing ggH126 2024_5
Signal created
Signal failed created
Processing VBFH126 2024_5
Signal created
Signal failed created
Processing WminusH126 2024_5
Signal created
Signal failed created
Processing WplusH126 2024_5
Signal created
Signal failed created
Processing ZH126 2024_5
Signal created
Signal failed created
Processing ttH126 2024_5
Signal created
Signal failed created
2024_5 SKIMMED df CREATED
2024_5 ggH126
2024_5 VBFH126
2024_5 WminusH126
2024_5 WplusH126
2024_5 ZH126
2024_5 ttH126
Dataframes created successfully
Coeff std
ggH126_4l_pTHj_genbin0_recobin0 acc 0.2591 eff 0.4695 outinratio 0.0397 

VBFH126_4l_pTHj_genbin0_recobin0 acc 0.0388 eff 0.3691 outinratio 0.0211 

WminusH126_4l_pTHj_genbin0_recobin0 acc 0.0827 eff 0.3713 outinratio 0.0645 

WplusH126_4l_pTHj_genbin0_recobin0 acc 0.0705 eff 0.3828 outinratio 0.0704 

ZH126_4l_pTHj_genbin0_recobin0 acc 0.0737 eff 0.4081 outinratio 0.094 

ttH126_4l_pTHj_genbin0_recobin0 acc 0.0007 eff 0.095 outinratio 0.548 

ggH126_4l_pTHj_genbin1_recobin0 acc 0.0267 eff 0.0736 outinratio 0.0397 

VBFH126_4l_pTHj_genbin1_recobin0 acc 0.0255 eff 0.0584 outinratio 0.0211 

WminusH126_4l_pTHj_genbin1_recobin0 acc 0.0132 eff 0.0175 outinratio 0.0645 

WplusH126_4l_pTHj_genbin1_recobin0 acc 0.0113 eff 0.0378 outinratio 0.0704 

ZH126_4l_pTHj_genbin1_recobin0 acc 0.0126 eff 0.019 outinratio 0.094 

ttH126_4l_pTHj_genbin1_recobin0 acc 0.0023 eff 0.0 outinratio 0.548 

ggH126_4l_pTHj_genbin2_recobin0 acc 0.0514 eff 0.0662 outinratio 0.0397 

VBFH126_4l_pTHj_genbin2_recobin0 acc 0.0926 eff 0.0385 outinratio 0.0211 

WminusH126_4l_pTHj_genbin2_recobin0 acc 0.0564 eff 0.0269 outinratio 0.0645 

WplusH126_4l_pTHj_genbin2_recobin0 acc 0.0462 eff 0.0304 outinratio 0.0704 

ZH126_4l_pTHj_genbin2_recobin0 acc 0.0476 eff 0.0454 outinratio 0.094 

ttH126_4l_pTHj_genbin2_recobin0 acc 0.0098 eff 0.0008 outinratio 0.548 

ggH126_4l_pTHj_genbin3_recobin0 acc 0.027 eff 0.0592 outinratio 0.0397 

VBFH126_4l_pTHj_genbin3_recobin0 acc 0.076 eff 0.0279 outinratio 0.0211 

WminusH126_4l_pTHj_genbin3_recobin0 acc 0.0467 eff 0.0242 outinratio 0.0645 

WplusH126_4l_pTHj_genbin3_recobin0 acc 0.0417 eff 0.0196 outinratio 0.0704 

ZH126_4l_pTHj_genbin3_recobin0 acc 0.048 eff 0.006 outinratio 0.094 

ttH126_4l_pTHj_genbin3_recobin0 acc 0.0123 eff 0.0 outinratio 0.548 

ggH126_4l_pTHj_genbin4_recobin0 acc 0.0374 eff 0.0244 outinratio 0.0397 

VBFH126_4l_pTHj_genbin4_recobin0 acc 0.1688 eff 0.0085 outinratio 0.0211 

WminusH126_4l_pTHj_genbin4_recobin0 acc 0.0988 eff 0.0107 outinratio 0.0645 

WplusH126_4l_pTHj_genbin4_recobin0 acc 0.0905 eff 0.0133 outinratio 0.0704 

ZH126_4l_pTHj_genbin4_recobin0 acc 0.1046 eff 0.0024 outinratio 0.094 

ttH126_4l_pTHj_genbin4_recobin0 acc 0.0694 eff 0.0005 outinratio 0.548 

ggH126_4l_pTHj_genbin5_recobin0 acc 0.0115 eff 0.0084 outinratio 0.0397 

VBFH126_4l_pTHj_genbin5_recobin0 acc 0.05 eff 0.0023 outinratio 0.0211 

WminusH126_4l_pTHj_genbin5_recobin0 acc 0.054 eff 0.01 outinratio 0.0645 

WplusH126_4l_pTHj_genbin5_recobin0 acc 0.0484 eff 0.0123 outinratio 0.0704 

ZH126_4l_pTHj_genbin5_recobin0 acc 0.0598 eff 0.0083 outinratio 0.094 

ttH126_4l_pTHj_genbin5_recobin0 acc 0.2245 eff 0.0004 outinratio 0.548 

ggH126_4l_pTHj_genbin0_recobin1 acc 0.2591 eff 0.0091 outinratio 0.0461 

VBFH126_4l_pTHj_genbin0_recobin1 acc 0.0388 eff 0.0195 outinratio 0.0343 

WminusH126_4l_pTHj_genbin0_recobin1 acc 0.0827 eff 0.0073 outinratio 0.0983 

WplusH126_4l_pTHj_genbin0_recobin1 acc 0.0705 eff 0.0093 outinratio 0.0658 

ZH126_4l_pTHj_genbin0_recobin1 acc 0.0737 eff 0.0054 outinratio 0.0915 

ttH126_4l_pTHj_genbin0_recobin1 acc 0.0007 eff 0.0 outinratio 0.111 

ggH126_4l_pTHj_genbin1_recobin1 acc 0.0267 eff 0.2762 outinratio 0.0461 

VBFH126_4l_pTHj_genbin1_recobin1 acc 0.0255 eff 0.2629 outinratio 0.0343 

WminusH126_4l_pTHj_genbin1_recobin1 acc 0.0132 eff 0.2166 outinratio 0.0983 

WplusH126_4l_pTHj_genbin1_recobin1 acc 0.0113 eff 0.2598 outinratio 0.0658 

ZH126_4l_pTHj_genbin1_recobin1 acc 0.0126 eff 0.247 outinratio 0.0915 

ttH126_4l_pTHj_genbin1_recobin1 acc 0.0023 eff 0.2022 outinratio 0.111 

ggH126_4l_pTHj_genbin2_recobin1 acc 0.0514 eff 0.0542 outinratio 0.0461 

VBFH126_4l_pTHj_genbin2_recobin1 acc 0.0926 eff 0.0516 outinratio 0.0343 

WminusH126_4l_pTHj_genbin2_recobin1 acc 0.0564 eff 0.0532 outinratio 0.0983 

WplusH126_4l_pTHj_genbin2_recobin1 acc 0.0462 eff 0.037 outinratio 0.0658 

ZH126_4l_pTHj_genbin2_recobin1 acc 0.0476 eff 0.0476 outinratio 0.0915 

ttH126_4l_pTHj_genbin2_recobin1 acc 0.0098 eff 0.0477 outinratio 0.111 

ggH126_4l_pTHj_genbin3_recobin1 acc 0.027 eff 0.008 outinratio 0.0461 

VBFH126_4l_pTHj_genbin3_recobin1 acc 0.076 eff 0.0059 outinratio 0.0343 

WminusH126_4l_pTHj_genbin3_recobin1 acc 0.0467 eff 0.0067 outinratio 0.0983 

WplusH126_4l_pTHj_genbin3_recobin1 acc 0.0417 eff 0.0 outinratio 0.0658 

ZH126_4l_pTHj_genbin3_recobin1 acc 0.048 eff 0.0123 outinratio 0.0915 

ttH126_4l_pTHj_genbin3_recobin1 acc 0.0123 eff 0.0072 outinratio 0.111 

ggH126_4l_pTHj_genbin4_recobin1 acc 0.0374 eff 0.0011 outinratio 0.0461 

VBFH126_4l_pTHj_genbin4_recobin1 acc 0.1688 eff 0.0013 outinratio 0.0343 

WminusH126_4l_pTHj_genbin4_recobin1 acc 0.0988 eff 0.0006 outinratio 0.0983 

WplusH126_4l_pTHj_genbin4_recobin1 acc 0.0905 eff 0.001 outinratio 0.0658 

ZH126_4l_pTHj_genbin4_recobin1 acc 0.1046 eff 0.0031 outinratio 0.0915 

ttH126_4l_pTHj_genbin4_recobin1 acc 0.0694 eff 0.0018 outinratio 0.111 

ggH126_4l_pTHj_genbin5_recobin1 acc 0.0115 eff 0.0 outinratio 0.0461 

VBFH126_4l_pTHj_genbin5_recobin1 acc 0.05 eff 0.0 outinratio 0.0343 

WminusH126_4l_pTHj_genbin5_recobin1 acc 0.054 eff 0.0 outinratio 0.0983 

WplusH126_4l_pTHj_genbin5_recobin1 acc 0.0484 eff 0.0 outinratio 0.0658 

ZH126_4l_pTHj_genbin5_recobin1 acc 0.0598 eff 0.0 outinratio 0.0915 

ttH126_4l_pTHj_genbin5_recobin1 acc 0.2245 eff 0.0006 outinratio 0.111 

ggH126_4l_pTHj_genbin0_recobin2 acc 0.2591 eff 0.0221 outinratio 0.0436 

VBFH126_4l_pTHj_genbin0_recobin2 acc 0.0388 eff 0.0664 outinratio 0.0332 

WminusH126_4l_pTHj_genbin0_recobin2 acc 0.0827 eff 0.0295 outinratio 0.061 

WplusH126_4l_pTHj_genbin0_recobin2 acc 0.0705 eff 0.0163 outinratio 0.0794 

ZH126_4l_pTHj_genbin0_recobin2 acc 0.0737 eff 0.0252 outinratio 0.0734 

ttH126_4l_pTHj_genbin0_recobin2 acc 0.0007 eff 0.0 outinratio 0.1707 

ggH126_4l_pTHj_genbin1_recobin2 acc 0.0267 eff 0.1665 outinratio 0.0436 

VBFH126_4l_pTHj_genbin1_recobin2 acc 0.0255 eff 0.2002 outinratio 0.0332 

WminusH126_4l_pTHj_genbin1_recobin2 acc 0.0132 eff 0.1945 outinratio 0.061 

WplusH126_4l_pTHj_genbin1_recobin2 acc 0.0113 eff 0.1555 outinratio 0.0794 

ZH126_4l_pTHj_genbin1_recobin2 acc 0.0126 eff 0.2709 outinratio 0.0734 

ttH126_4l_pTHj_genbin1_recobin2 acc 0.0023 eff 0.2349 outinratio 0.1707 

ggH126_4l_pTHj_genbin2_recobin2 acc 0.0514 eff 0.3255 outinratio 0.0436 

VBFH126_4l_pTHj_genbin2_recobin2 acc 0.0926 eff 0.3048 outinratio 0.0332 

WminusH126_4l_pTHj_genbin2_recobin2 acc 0.0564 eff 0.3386 outinratio 0.061 

WplusH126_4l_pTHj_genbin2_recobin2 acc 0.0462 eff 0.321 outinratio 0.0794 

ZH126_4l_pTHj_genbin2_recobin2 acc 0.0476 eff 0.332 outinratio 0.0734 

ttH126_4l_pTHj_genbin2_recobin2 acc 0.0098 eff 0.2348 outinratio 0.1707 

ggH126_4l_pTHj_genbin3_recobin2 acc 0.027 eff 0.0885 outinratio 0.0436 

VBFH126_4l_pTHj_genbin3_recobin2 acc 0.076 eff 0.0929 outinratio 0.0332 

WminusH126_4l_pTHj_genbin3_recobin2 acc 0.0467 eff 0.091 outinratio 0.061 

WplusH126_4l_pTHj_genbin3_recobin2 acc 0.0417 eff 0.0718 outinratio 0.0794 

ZH126_4l_pTHj_genbin3_recobin2 acc 0.048 eff 0.1127 outinratio 0.0734 

ttH126_4l_pTHj_genbin3_recobin2 acc 0.0123 eff 0.0759 outinratio 0.1707 

ggH126_4l_pTHj_genbin4_recobin2 acc 0.0374 eff 0.0064 outinratio 0.0436 

VBFH126_4l_pTHj_genbin4_recobin2 acc 0.1688 eff 0.0129 outinratio 0.0332 

WminusH126_4l_pTHj_genbin4_recobin2 acc 0.0988 eff 0.0124 outinratio 0.061 

WplusH126_4l_pTHj_genbin4_recobin2 acc 0.0905 eff 0.0098 outinratio 0.0794 

ZH126_4l_pTHj_genbin4_recobin2 acc 0.1046 eff 0.0113 outinratio 0.0734 

ttH126_4l_pTHj_genbin4_recobin2 acc 0.0694 eff 0.006 outinratio 0.1707 

ggH126_4l_pTHj_genbin5_recobin2 acc 0.0115 eff 0.0 outinratio 0.0436 

VBFH126_4l_pTHj_genbin5_recobin2 acc 0.05 eff 0.0011 outinratio 0.0332 

WminusH126_4l_pTHj_genbin5_recobin2 acc 0.054 eff 0.0035 outinratio 0.061 

WplusH126_4l_pTHj_genbin5_recobin2 acc 0.0484 eff 0.0044 outinratio 0.0794 

ZH126_4l_pTHj_genbin5_recobin2 acc 0.0598 eff 0.0 outinratio 0.0734 

ttH126_4l_pTHj_genbin5_recobin2 acc 0.2245 eff 0.0027 outinratio 0.1707 

ggH126_4l_pTHj_genbin0_recobin3 acc 0.2591 eff 0.0159 outinratio 0.0768 

VBFH126_4l_pTHj_genbin0_recobin3 acc 0.0388 eff 0.0414 outinratio 0.0308 

WminusH126_4l_pTHj_genbin0_recobin3 acc 0.0827 eff 0.028 outinratio 0.0748 

WplusH126_4l_pTHj_genbin0_recobin3 acc 0.0705 eff 0.0166 outinratio 0.0846 

ZH126_4l_pTHj_genbin0_recobin3 acc 0.0737 eff 0.0131 outinratio 0.0418 

ttH126_4l_pTHj_genbin0_recobin3 acc 0.0007 eff 0.0 outinratio 0.119 

ggH126_4l_pTHj_genbin1_recobin3 acc 0.0267 eff 0.0121 outinratio 0.0768 

VBFH126_4l_pTHj_genbin1_recobin3 acc 0.0255 eff 0.0278 outinratio 0.0308 

WminusH126_4l_pTHj_genbin1_recobin3 acc 0.0132 eff 0.0116 outinratio 0.0748 

WplusH126_4l_pTHj_genbin1_recobin3 acc 0.0113 eff 0.019 outinratio 0.0846 

ZH126_4l_pTHj_genbin1_recobin3 acc 0.0126 eff 0.0199 outinratio 0.0418 

ttH126_4l_pTHj_genbin1_recobin3 acc 0.0023 eff 0.056 outinratio 0.119 

ggH126_4l_pTHj_genbin2_recobin3 acc 0.0514 eff 0.07 outinratio 0.0768 

VBFH126_4l_pTHj_genbin2_recobin3 acc 0.0926 eff 0.0986 outinratio 0.0308 

WminusH126_4l_pTHj_genbin2_recobin3 acc 0.0564 eff 0.1049 outinratio 0.0748 

WplusH126_4l_pTHj_genbin2_recobin3 acc 0.0462 eff 0.0986 outinratio 0.0846 

ZH126_4l_pTHj_genbin2_recobin3 acc 0.0476 eff 0.0905 outinratio 0.0418 

ttH126_4l_pTHj_genbin2_recobin3 acc 0.0098 eff 0.1181 outinratio 0.119 

ggH126_4l_pTHj_genbin3_recobin3 acc 0.027 eff 0.3131 outinratio 0.0768 

VBFH126_4l_pTHj_genbin3_recobin3 acc 0.076 eff 0.2551 outinratio 0.0308 

WminusH126_4l_pTHj_genbin3_recobin3 acc 0.0467 eff 0.2756 outinratio 0.0748 

WplusH126_4l_pTHj_genbin3_recobin3 acc 0.0417 eff 0.3256 outinratio 0.0846 

ZH126_4l_pTHj_genbin3_recobin3 acc 0.048 eff 0.2843 outinratio 0.0418 

ttH126_4l_pTHj_genbin3_recobin3 acc 0.0123 eff 0.2338 outinratio 0.119 

ggH126_4l_pTHj_genbin4_recobin3 acc 0.0374 eff 0.0448 outinratio 0.0768 

VBFH126_4l_pTHj_genbin4_recobin3 acc 0.1688 eff 0.0498 outinratio 0.0308 

WminusH126_4l_pTHj_genbin4_recobin3 acc 0.0988 eff 0.0378 outinratio 0.0748 

WplusH126_4l_pTHj_genbin4_recobin3 acc 0.0905 eff 0.05 outinratio 0.0846 

ZH126_4l_pTHj_genbin4_recobin3 acc 0.1046 eff 0.0437 outinratio 0.0418 

ttH126_4l_pTHj_genbin4_recobin3 acc 0.0694 eff 0.0311 outinratio 0.119 

ggH126_4l_pTHj_genbin5_recobin3 acc 0.0115 eff 0.0 outinratio 0.0768 

VBFH126_4l_pTHj_genbin5_recobin3 acc 0.05 eff 0.0018 outinratio 0.0308 

WminusH126_4l_pTHj_genbin5_recobin3 acc 0.054 eff 0.0043 outinratio 0.0748 

WplusH126_4l_pTHj_genbin5_recobin3 acc 0.0484 eff 0.0011 outinratio 0.0846 

ZH126_4l_pTHj_genbin5_recobin3 acc 0.0598 eff 0.0064 outinratio 0.0418 

ttH126_4l_pTHj_genbin5_recobin3 acc 0.2245 eff 0.0029 outinratio 0.119 

ggH126_4l_pTHj_genbin0_recobin4 acc 0.2591 eff 0.0232 outinratio 0.0589 

VBFH126_4l_pTHj_genbin0_recobin4 acc 0.0388 eff 0.0528 outinratio 0.0319 

WminusH126_4l_pTHj_genbin0_recobin4 acc 0.0827 eff 0.0762 outinratio 0.0711 

WplusH126_4l_pTHj_genbin0_recobin4 acc 0.0705 eff 0.0802 outinratio 0.0534 

ZH126_4l_pTHj_genbin0_recobin4 acc 0.0737 eff 0.0337 outinratio 0.062 

ttH126_4l_pTHj_genbin0_recobin4 acc 0.0007 eff 0.1071 outinratio 0.1682 

ggH126_4l_pTHj_genbin1_recobin4 acc 0.0267 eff 0.0248 outinratio 0.0589 

VBFH126_4l_pTHj_genbin1_recobin4 acc 0.0255 eff 0.027 outinratio 0.0319 

WminusH126_4l_pTHj_genbin1_recobin4 acc 0.0132 eff 0.0147 outinratio 0.0711 

WplusH126_4l_pTHj_genbin1_recobin4 acc 0.0113 eff 0.0424 outinratio 0.0534 

ZH126_4l_pTHj_genbin1_recobin4 acc 0.0126 eff 0.0452 outinratio 0.062 

ttH126_4l_pTHj_genbin1_recobin4 acc 0.0023 eff 0.0231 outinratio 0.1682 

ggH126_4l_pTHj_genbin2_recobin4 acc 0.0514 eff 0.0284 outinratio 0.0589 

VBFH126_4l_pTHj_genbin2_recobin4 acc 0.0926 eff 0.0495 outinratio 0.0319 

WminusH126_4l_pTHj_genbin2_recobin4 acc 0.0564 eff 0.0368 outinratio 0.0711 

WplusH126_4l_pTHj_genbin2_recobin4 acc 0.0462 eff 0.059 outinratio 0.0534 

ZH126_4l_pTHj_genbin2_recobin4 acc 0.0476 eff 0.0487 outinratio 0.062 

ttH126_4l_pTHj_genbin2_recobin4 acc 0.0098 eff 0.0424 outinratio 0.1682 

ggH126_4l_pTHj_genbin3_recobin4 acc 0.027 eff 0.1345 outinratio 0.0589 

VBFH126_4l_pTHj_genbin3_recobin4 acc 0.076 eff 0.16 outinratio 0.0319 

WminusH126_4l_pTHj_genbin3_recobin4 acc 0.0467 eff 0.1398 outinratio 0.0711 

WplusH126_4l_pTHj_genbin3_recobin4 acc 0.0417 eff 0.1528 outinratio 0.0534 

ZH126_4l_pTHj_genbin3_recobin4 acc 0.048 eff 0.1018 outinratio 0.062 

ttH126_4l_pTHj_genbin3_recobin4 acc 0.0123 eff 0.1586 outinratio 0.1682 

ggH126_4l_pTHj_genbin4_recobin4 acc 0.0374 eff 0.4248 outinratio 0.0589 

VBFH126_4l_pTHj_genbin4_recobin4 acc 0.1688 eff 0.4466 outinratio 0.0319 

WminusH126_4l_pTHj_genbin4_recobin4 acc 0.0988 eff 0.4468 outinratio 0.0711 

WplusH126_4l_pTHj_genbin4_recobin4 acc 0.0905 eff 0.4119 outinratio 0.0534 

ZH126_4l_pTHj_genbin4_recobin4 acc 0.1046 eff 0.443 outinratio 0.062 

ttH126_4l_pTHj_genbin4_recobin4 acc 0.0694 eff 0.3834 outinratio 0.1682 

ggH126_4l_pTHj_genbin5_recobin4 acc 0.0115 eff 0.0716 outinratio 0.0589 

VBFH126_4l_pTHj_genbin5_recobin4 acc 0.05 eff 0.0745 outinratio 0.0319 

WminusH126_4l_pTHj_genbin5_recobin4 acc 0.054 eff 0.0709 outinratio 0.0711 

WplusH126_4l_pTHj_genbin5_recobin4 acc 0.0484 eff 0.0754 outinratio 0.0534 

ZH126_4l_pTHj_genbin5_recobin4 acc 0.0598 eff 0.0594 outinratio 0.062 

ttH126_4l_pTHj_genbin5_recobin4 acc 0.2245 eff 0.028 outinratio 0.1682 

ggH126_4l_pTHj_genbin0_recobin5 acc 0.2591 eff 0.0027 outinratio 0.0327 

VBFH126_4l_pTHj_genbin0_recobin5 acc 0.0388 eff 0.002 outinratio 0.0383 

WminusH126_4l_pTHj_genbin0_recobin5 acc 0.0827 eff 0.0319 outinratio 0.0821 

WplusH126_4l_pTHj_genbin0_recobin5 acc 0.0705 eff 0.048 outinratio 0.0882 

ZH126_4l_pTHj_genbin0_recobin5 acc 0.0737 eff 0.0203 outinratio 0.0535 

ttH126_4l_pTHj_genbin0_recobin5 acc 0.0007 eff 0.2526 outinratio 0.1615 

ggH126_4l_pTHj_genbin1_recobin5 acc 0.0267 eff 0.0049 outinratio 0.0327 

VBFH126_4l_pTHj_genbin1_recobin5 acc 0.0255 eff 0.007 outinratio 0.0383 

WminusH126_4l_pTHj_genbin1_recobin5 acc 0.0132 eff 0.021 outinratio 0.0821 

WplusH126_4l_pTHj_genbin1_recobin5 acc 0.0113 eff 0.0045 outinratio 0.0882 

ZH126_4l_pTHj_genbin1_recobin5 acc 0.0126 eff 0.0082 outinratio 0.0535 

ttH126_4l_pTHj_genbin1_recobin5 acc 0.0023 eff 0.1157 outinratio 0.1615 

ggH126_4l_pTHj_genbin2_recobin5 acc 0.0514 eff 0.0115 outinratio 0.0327 

VBFH126_4l_pTHj_genbin2_recobin5 acc 0.0926 eff 0.0083 outinratio 0.0383 

WminusH126_4l_pTHj_genbin2_recobin5 acc 0.0564 eff 0.0051 outinratio 0.0821 

WplusH126_4l_pTHj_genbin2_recobin5 acc 0.0462 eff 0.0108 outinratio 0.0882 

ZH126_4l_pTHj_genbin2_recobin5 acc 0.0476 eff 0.0048 outinratio 0.0535 

ttH126_4l_pTHj_genbin2_recobin5 acc 0.0098 eff 0.0838 outinratio 0.1615 

ggH126_4l_pTHj_genbin3_recobin5 acc 0.027 eff 0.0061 outinratio 0.0327 

VBFH126_4l_pTHj_genbin3_recobin5 acc 0.076 eff 0.0112 outinratio 0.0383 

WminusH126_4l_pTHj_genbin3_recobin5 acc 0.0467 eff 0.0144 outinratio 0.0821 

WplusH126_4l_pTHj_genbin3_recobin5 acc 0.0417 eff 0.0092 outinratio 0.0882 

ZH126_4l_pTHj_genbin3_recobin5 acc 0.048 eff 0.0022 outinratio 0.0535 

ttH126_4l_pTHj_genbin3_recobin5 acc 0.0123 eff 0.084 outinratio 0.1615 

ggH126_4l_pTHj_genbin4_recobin5 acc 0.0374 eff 0.0341 outinratio 0.0327 

VBFH126_4l_pTHj_genbin4_recobin5 acc 0.1688 eff 0.0563 outinratio 0.0383 

WminusH126_4l_pTHj_genbin4_recobin5 acc 0.0988 eff 0.0477 outinratio 0.0821 

WplusH126_4l_pTHj_genbin4_recobin5 acc 0.0905 eff 0.0489 outinratio 0.0882 

ZH126_4l_pTHj_genbin4_recobin5 acc 0.1046 eff 0.047 outinratio 0.0535 

ttH126_4l_pTHj_genbin4_recobin5 acc 0.0694 eff 0.1242 outinratio 0.1615 

ggH126_4l_pTHj_genbin5_recobin5 acc 0.0115 eff 0.5063 outinratio 0.0327 

VBFH126_4l_pTHj_genbin5_recobin5 acc 0.05 eff 0.5075 outinratio 0.0383 

WminusH126_4l_pTHj_genbin5_recobin5 acc 0.054 eff 0.474 outinratio 0.0821 

WplusH126_4l_pTHj_genbin5_recobin5 acc 0.0484 eff 0.4852 outinratio 0.0882 

ZH126_4l_pTHj_genbin5_recobin5 acc 0.0598 eff 0.5054 outinratio 0.0535 

ttH126_4l_pTHj_genbin5_recobin5 acc 0.2245 eff 0.5218 outinratio 0.1615 

ggH126_4e_pTHj_genbin0_recobin0 acc 0.2518 eff 0.2829 outinratio 0.0387 

VBFH126_4e_pTHj_genbin0_recobin0 acc 0.0355 eff 0.2181 outinratio 0.0286 

WminusH126_4e_pTHj_genbin0_recobin0 acc 0.0843 eff 0.2144 outinratio 0.0634 

WplusH126_4e_pTHj_genbin0_recobin0 acc 0.0592 eff 0.2314 outinratio 0.1537 

ZH126_4e_pTHj_genbin0_recobin0 acc 0.0722 eff 0.2101 outinratio 0.1221 

ttH126_4e_pTHj_genbin0_recobin0 acc 0.0006 eff 0.0326 outinratio 1.1865 

ggH126_4e_pTHj_genbin1_recobin0 acc 0.0277 eff 0.0197 outinratio 0.0387 

VBFH126_4e_pTHj_genbin1_recobin0 acc 0.0219 eff 0.0253 outinratio 0.0286 

WminusH126_4e_pTHj_genbin1_recobin0 acc 0.0115 eff 0.0248 outinratio 0.0634 

WplusH126_4e_pTHj_genbin1_recobin0 acc 0.0116 eff 0.0425 outinratio 0.1537 

ZH126_4e_pTHj_genbin1_recobin0 acc 0.0075 eff 0.0 outinratio 0.1221 

ttH126_4e_pTHj_genbin1_recobin0 acc 0.0022 eff 0.0 outinratio 1.1865 

ggH126_4e_pTHj_genbin2_recobin0 acc 0.0521 eff 0.0224 outinratio 0.0387 

VBFH126_4e_pTHj_genbin2_recobin0 acc 0.091 eff 0.0204 outinratio 0.0286 

WminusH126_4e_pTHj_genbin2_recobin0 acc 0.0503 eff 0.0125 outinratio 0.0634 

WplusH126_4e_pTHj_genbin2_recobin0 acc 0.0465 eff 0.0264 outinratio 0.1537 

ZH126_4e_pTHj_genbin2_recobin0 acc 0.046 eff 0.0 outinratio 0.1221 

ttH126_4e_pTHj_genbin2_recobin0 acc 0.0089 eff 0.0 outinratio 1.1865 

ggH126_4e_pTHj_genbin3_recobin0 acc 0.0215 eff 0.0494 outinratio 0.0387 

VBFH126_4e_pTHj_genbin3_recobin0 acc 0.0735 eff 0.0198 outinratio 0.0286 

WminusH126_4e_pTHj_genbin3_recobin0 acc 0.0446 eff 0.0122 outinratio 0.0634 

WplusH126_4e_pTHj_genbin3_recobin0 acc 0.0379 eff 0.0164 outinratio 0.1537 

ZH126_4e_pTHj_genbin3_recobin0 acc 0.0386 eff 0.0 outinratio 0.1221 

ttH126_4e_pTHj_genbin3_recobin0 acc 0.0117 eff 0.0 outinratio 1.1865 

ggH126_4e_pTHj_genbin4_recobin0 acc 0.0379 eff 0.0042 outinratio 0.0387 

VBFH126_4e_pTHj_genbin4_recobin0 acc 0.1677 eff 0.0057 outinratio 0.0286 

WminusH126_4e_pTHj_genbin4_recobin0 acc 0.0988 eff 0.0057 outinratio 0.0634 

WplusH126_4e_pTHj_genbin4_recobin0 acc 0.0908 eff 0.0146 outinratio 0.1537 

ZH126_4e_pTHj_genbin4_recobin0 acc 0.0977 eff 0.0 outinratio 0.1221 

ttH126_4e_pTHj_genbin4_recobin0 acc 0.0665 eff 0.0015 outinratio 1.1865 

ggH126_4e_pTHj_genbin5_recobin0 acc 0.0113 eff 0.0 outinratio 0.0387 

VBFH126_4e_pTHj_genbin5_recobin0 acc 0.0477 eff 0.0035 outinratio 0.0286 

WminusH126_4e_pTHj_genbin5_recobin0 acc 0.0582 eff 0.0038 outinratio 0.0634 

WplusH126_4e_pTHj_genbin5_recobin0 acc 0.0476 eff 0.0045 outinratio 0.1537 

ZH126_4e_pTHj_genbin5_recobin0 acc 0.0579 eff 0.0097 outinratio 0.1221 

ttH126_4e_pTHj_genbin5_recobin0 acc 0.2193 eff 0.0001 outinratio 1.1865 

ggH126_4e_pTHj_genbin0_recobin1 acc 0.2518 eff 0.0051 outinratio 0.0 

VBFH126_4e_pTHj_genbin0_recobin1 acc 0.0355 eff 0.0129 outinratio 0.0314 

WminusH126_4e_pTHj_genbin0_recobin1 acc 0.0843 eff 0.0018 outinratio 0.0778 

WplusH126_4e_pTHj_genbin0_recobin1 acc 0.0592 eff 0.0072 outinratio 0.0 

ZH126_4e_pTHj_genbin0_recobin1 acc 0.0722 eff 0.0 outinratio 0.0 

ttH126_4e_pTHj_genbin0_recobin1 acc 0.0006 eff 0.0 outinratio 0.018 

ggH126_4e_pTHj_genbin1_recobin1 acc 0.0277 eff 0.1877 outinratio 0.0 

VBFH126_4e_pTHj_genbin1_recobin1 acc 0.0219 eff 0.169 outinratio 0.0314 

WminusH126_4e_pTHj_genbin1_recobin1 acc 0.0115 eff 0.0892 outinratio 0.0778 

WplusH126_4e_pTHj_genbin1_recobin1 acc 0.0116 eff 0.1402 outinratio 0.0 

ZH126_4e_pTHj_genbin1_recobin1 acc 0.0075 eff 0.1008 outinratio 0.0 

ttH126_4e_pTHj_genbin1_recobin1 acc 0.0022 eff 0.1038 outinratio 0.018 

ggH126_4e_pTHj_genbin2_recobin1 acc 0.0521 eff 0.0422 outinratio 0.0 

VBFH126_4e_pTHj_genbin2_recobin1 acc 0.091 eff 0.0321 outinratio 0.0314 

WminusH126_4e_pTHj_genbin2_recobin1 acc 0.0503 eff 0.0147 outinratio 0.0778 

WplusH126_4e_pTHj_genbin2_recobin1 acc 0.0465 eff 0.0083 outinratio 0.0 

ZH126_4e_pTHj_genbin2_recobin1 acc 0.046 eff 0.0553 outinratio 0.0 

ttH126_4e_pTHj_genbin2_recobin1 acc 0.0089 eff 0.0346 outinratio 0.018 

ggH126_4e_pTHj_genbin3_recobin1 acc 0.0215 eff 0.0 outinratio 0.0 

VBFH126_4e_pTHj_genbin3_recobin1 acc 0.0735 eff 0.0083 outinratio 0.0314 

WminusH126_4e_pTHj_genbin3_recobin1 acc 0.0446 eff 0.0041 outinratio 0.0778 

WplusH126_4e_pTHj_genbin3_recobin1 acc 0.0379 eff 0.0 outinratio 0.0 

ZH126_4e_pTHj_genbin3_recobin1 acc 0.0386 eff 0.0 outinratio 0.0 

ttH126_4e_pTHj_genbin3_recobin1 acc 0.0117 eff 0.0071 outinratio 0.018 

ggH126_4e_pTHj_genbin4_recobin1 acc 0.0379 eff 0.0042 outinratio 0.0 

VBFH126_4e_pTHj_genbin4_recobin1 acc 0.1677 eff 0.0014 outinratio 0.0314 

WminusH126_4e_pTHj_genbin4_recobin1 acc 0.0988 eff 0.0011 outinratio 0.0778 

WplusH126_4e_pTHj_genbin4_recobin1 acc 0.0908 eff 0.0037 outinratio 0.0 

ZH126_4e_pTHj_genbin4_recobin1 acc 0.0977 eff 0.0 outinratio 0.0 

ttH126_4e_pTHj_genbin4_recobin1 acc 0.0665 eff 0.0002 outinratio 0.018 

ggH126_4e_pTHj_genbin5_recobin1 acc 0.0113 eff 0.0 outinratio 0.0 

VBFH126_4e_pTHj_genbin5_recobin1 acc 0.0477 eff 0.0 outinratio 0.0314 

WminusH126_4e_pTHj_genbin5_recobin1 acc 0.0582 eff 0.0 outinratio 0.0778 

WplusH126_4e_pTHj_genbin5_recobin1 acc 0.0476 eff 0.0 outinratio 0.0 

ZH126_4e_pTHj_genbin5_recobin1 acc 0.0579 eff 0.0 outinratio 0.0 

ttH126_4e_pTHj_genbin5_recobin1 acc 0.2193 eff 0.0 outinratio 0.018 

ggH126_4e_pTHj_genbin0_recobin2 acc 0.2518 eff 0.0121 outinratio 0.0593 

VBFH126_4e_pTHj_genbin0_recobin2 acc 0.0355 eff 0.0318 outinratio 0.0306 

WminusH126_4e_pTHj_genbin0_recobin2 acc 0.0843 eff 0.0223 outinratio 0.0426 

WplusH126_4e_pTHj_genbin0_recobin2 acc 0.0592 eff 0.0024 outinratio 0.1108 

ZH126_4e_pTHj_genbin0_recobin2 acc 0.0722 eff 0.0 outinratio 0.1244 

ttH126_4e_pTHj_genbin0_recobin2 acc 0.0006 eff 0.0 outinratio 0.1685 

ggH126_4e_pTHj_genbin1_recobin2 acc 0.0277 eff 0.0754 outinratio 0.0593 

VBFH126_4e_pTHj_genbin1_recobin2 acc 0.0219 eff 0.1098 outinratio 0.0306 

WminusH126_4e_pTHj_genbin1_recobin2 acc 0.0115 eff 0.096 outinratio 0.0426 

WplusH126_4e_pTHj_genbin1_recobin2 acc 0.0116 eff 0.1795 outinratio 0.1108 

ZH126_4e_pTHj_genbin1_recobin2 acc 0.0075 eff 0.102 outinratio 0.1244 

ttH126_4e_pTHj_genbin1_recobin2 acc 0.0022 eff 0.1854 outinratio 0.1685 

ggH126_4e_pTHj_genbin2_recobin2 acc 0.0521 eff 0.2097 outinratio 0.0593 

VBFH126_4e_pTHj_genbin2_recobin2 acc 0.091 eff 0.1856 outinratio 0.0306 

WminusH126_4e_pTHj_genbin2_recobin2 acc 0.0503 eff 0.1805 outinratio 0.0426 

WplusH126_4e_pTHj_genbin2_recobin2 acc 0.0465 eff 0.2126 outinratio 0.1108 

ZH126_4e_pTHj_genbin2_recobin2 acc 0.046 eff 0.1674 outinratio 0.1244 

ttH126_4e_pTHj_genbin2_recobin2 acc 0.0089 eff 0.1377 outinratio 0.1685 

ggH126_4e_pTHj_genbin3_recobin2 acc 0.0215 eff 0.0302 outinratio 0.0593 

VBFH126_4e_pTHj_genbin3_recobin2 acc 0.0735 eff 0.0634 outinratio 0.0306 

WminusH126_4e_pTHj_genbin3_recobin2 acc 0.0446 eff 0.0421 outinratio 0.0426 

WplusH126_4e_pTHj_genbin3_recobin2 acc 0.0379 eff 0.0779 outinratio 0.1108 

ZH126_4e_pTHj_genbin3_recobin2 acc 0.0386 eff 0.0785 outinratio 0.1244 

ttH126_4e_pTHj_genbin3_recobin2 acc 0.0117 eff 0.0395 outinratio 0.1685 

ggH126_4e_pTHj_genbin4_recobin2 acc 0.0379 eff 0.009 outinratio 0.0593 

VBFH126_4e_pTHj_genbin4_recobin2 acc 0.1677 eff 0.006 outinratio 0.0306 

WminusH126_4e_pTHj_genbin4_recobin2 acc 0.0988 eff 0.0091 outinratio 0.0426 

WplusH126_4e_pTHj_genbin4_recobin2 acc 0.0908 eff 0.0046 outinratio 0.1108 

ZH126_4e_pTHj_genbin4_recobin2 acc 0.0977 eff 0.0111 outinratio 0.1244 

ttH126_4e_pTHj_genbin4_recobin2 acc 0.0665 eff 0.0037 outinratio 0.1685 

ggH126_4e_pTHj_genbin5_recobin2 acc 0.0113 eff 0.0 outinratio 0.0593 

VBFH126_4e_pTHj_genbin5_recobin2 acc 0.0477 eff 0.0033 outinratio 0.0306 

WminusH126_4e_pTHj_genbin5_recobin2 acc 0.0582 eff 0.0051 outinratio 0.0426 

WplusH126_4e_pTHj_genbin5_recobin2 acc 0.0476 eff 0.0 outinratio 0.1108 

ZH126_4e_pTHj_genbin5_recobin2 acc 0.0579 eff 0.0 outinratio 0.1244 

ttH126_4e_pTHj_genbin5_recobin2 acc 0.2193 eff 0.0012 outinratio 0.1685 

ggH126_4e_pTHj_genbin0_recobin3 acc 0.2518 eff 0.0109 outinratio 0.1201 

VBFH126_4e_pTHj_genbin0_recobin3 acc 0.0355 eff 0.0263 outinratio 0.0333 

WminusH126_4e_pTHj_genbin0_recobin3 acc 0.0843 eff 0.0107 outinratio 0.0369 

WplusH126_4e_pTHj_genbin0_recobin3 acc 0.0592 eff 0.0101 outinratio 0.1582 

ZH126_4e_pTHj_genbin0_recobin3 acc 0.0722 eff 0.005 outinratio 0.0567 

ttH126_4e_pTHj_genbin0_recobin3 acc 0.0006 eff 0.0 outinratio 0.1216 

ggH126_4e_pTHj_genbin1_recobin3 acc 0.0277 eff 0.0061 outinratio 0.1201 

VBFH126_4e_pTHj_genbin1_recobin3 acc 0.0219 eff 0.0248 outinratio 0.0333 

WminusH126_4e_pTHj_genbin1_recobin3 acc 0.0115 eff 0.0 outinratio 0.0369 

WplusH126_4e_pTHj_genbin1_recobin3 acc 0.0116 eff 0.008 outinratio 0.1582 

ZH126_4e_pTHj_genbin1_recobin3 acc 0.0075 eff 0.0 outinratio 0.0567 

ttH126_4e_pTHj_genbin1_recobin3 acc 0.0022 eff 0.0228 outinratio 0.1216 

ggH126_4e_pTHj_genbin2_recobin3 acc 0.0521 eff 0.06 outinratio 0.1201 

VBFH126_4e_pTHj_genbin2_recobin3 acc 0.091 eff 0.0546 outinratio 0.0333 

WminusH126_4e_pTHj_genbin2_recobin3 acc 0.0503 eff 0.0794 outinratio 0.0369 

WplusH126_4e_pTHj_genbin2_recobin3 acc 0.0465 eff 0.0588 outinratio 0.1582 

ZH126_4e_pTHj_genbin2_recobin3 acc 0.046 eff 0.0947 outinratio 0.0567 

ttH126_4e_pTHj_genbin2_recobin3 acc 0.0089 eff 0.0542 outinratio 0.1216 

ggH126_4e_pTHj_genbin3_recobin3 acc 0.0215 eff 0.2314 outinratio 0.1201 

VBFH126_4e_pTHj_genbin3_recobin3 acc 0.0735 eff 0.1452 outinratio 0.0333 

WminusH126_4e_pTHj_genbin3_recobin3 acc 0.0446 eff 0.1726 outinratio 0.0369 

WplusH126_4e_pTHj_genbin3_recobin3 acc 0.0379 eff 0.112 outinratio 0.1582 

ZH126_4e_pTHj_genbin3_recobin3 acc 0.0386 eff 0.1819 outinratio 0.0567 

ttH126_4e_pTHj_genbin3_recobin3 acc 0.0117 eff 0.1491 outinratio 0.1216 

ggH126_4e_pTHj_genbin4_recobin3 acc 0.0379 eff 0.0273 outinratio 0.1201 

VBFH126_4e_pTHj_genbin4_recobin3 acc 0.1677 eff 0.0315 outinratio 0.0333 

WminusH126_4e_pTHj_genbin4_recobin3 acc 0.0988 eff 0.0166 outinratio 0.0369 

WplusH126_4e_pTHj_genbin4_recobin3 acc 0.0908 eff 0.0222 outinratio 0.1582 

ZH126_4e_pTHj_genbin4_recobin3 acc 0.0977 eff 0.0205 outinratio 0.0567 

ttH126_4e_pTHj_genbin4_recobin3 acc 0.0665 eff 0.021 outinratio 0.1216 

ggH126_4e_pTHj_genbin5_recobin3 acc 0.0113 eff 0.0 outinratio 0.1201 

VBFH126_4e_pTHj_genbin5_recobin3 acc 0.0477 eff 0.0005 outinratio 0.0333 

WminusH126_4e_pTHj_genbin5_recobin3 acc 0.0582 eff 0.0018 outinratio 0.0369 

WplusH126_4e_pTHj_genbin5_recobin3 acc 0.0476 eff 0.0 outinratio 0.1582 

ZH126_4e_pTHj_genbin5_recobin3 acc 0.0579 eff 0.0088 outinratio 0.0567 

ttH126_4e_pTHj_genbin5_recobin3 acc 0.2193 eff 0.003 outinratio 0.1216 

ggH126_4e_pTHj_genbin0_recobin4 acc 0.2518 eff 0.0144 outinratio 0.0327 

VBFH126_4e_pTHj_genbin0_recobin4 acc 0.0355 eff 0.0298 outinratio 0.0268 

WminusH126_4e_pTHj_genbin0_recobin4 acc 0.0843 eff 0.0337 outinratio 0.0618 

WplusH126_4e_pTHj_genbin0_recobin4 acc 0.0592 eff 0.0594 outinratio 0.046 

ZH126_4e_pTHj_genbin0_recobin4 acc 0.0722 eff 0.0083 outinratio 0.0505 

ttH126_4e_pTHj_genbin0_recobin4 acc 0.0006 eff 0.0787 outinratio 0.1988 

ggH126_4e_pTHj_genbin1_recobin4 acc 0.0277 eff 0.0074 outinratio 0.0327 

VBFH126_4e_pTHj_genbin1_recobin4 acc 0.0219 eff 0.0112 outinratio 0.0268 

WminusH126_4e_pTHj_genbin1_recobin4 acc 0.0115 eff 0.0 outinratio 0.0618 

WplusH126_4e_pTHj_genbin1_recobin4 acc 0.0116 eff 0.0142 outinratio 0.046 

ZH126_4e_pTHj_genbin1_recobin4 acc 0.0075 eff 0.0609 outinratio 0.0505 

ttH126_4e_pTHj_genbin1_recobin4 acc 0.0022 eff 0.0 outinratio 0.1988 

ggH126_4e_pTHj_genbin2_recobin4 acc 0.0521 eff 0.0172 outinratio 0.0327 

VBFH126_4e_pTHj_genbin2_recobin4 acc 0.091 eff 0.039 outinratio 0.0268 

WminusH126_4e_pTHj_genbin2_recobin4 acc 0.0503 eff 0.0213 outinratio 0.0618 

WplusH126_4e_pTHj_genbin2_recobin4 acc 0.0465 eff 0.0277 outinratio 0.046 

ZH126_4e_pTHj_genbin2_recobin4 acc 0.046 eff 0.0313 outinratio 0.0505 

ttH126_4e_pTHj_genbin2_recobin4 acc 0.0089 eff 0.0328 outinratio 0.1988 

ggH126_4e_pTHj_genbin3_recobin4 acc 0.0215 eff 0.1588 outinratio 0.0327 

VBFH126_4e_pTHj_genbin3_recobin4 acc 0.0735 eff 0.1077 outinratio 0.0268 

WminusH126_4e_pTHj_genbin3_recobin4 acc 0.0446 eff 0.0849 outinratio 0.0618 

WplusH126_4e_pTHj_genbin3_recobin4 acc 0.0379 eff 0.129 outinratio 0.046 

ZH126_4e_pTHj_genbin3_recobin4 acc 0.0386 eff 0.0747 outinratio 0.0505 

ttH126_4e_pTHj_genbin3_recobin4 acc 0.0117 eff 0.0961 outinratio 0.1988 

ggH126_4e_pTHj_genbin4_recobin4 acc 0.0379 eff 0.2813 outinratio 0.0327 

VBFH126_4e_pTHj_genbin4_recobin4 acc 0.1677 eff 0.272 outinratio 0.0268 

WminusH126_4e_pTHj_genbin4_recobin4 acc 0.0988 eff 0.2797 outinratio 0.0618 

WplusH126_4e_pTHj_genbin4_recobin4 acc 0.0908 eff 0.2761 outinratio 0.046 

ZH126_4e_pTHj_genbin4_recobin4 acc 0.0977 eff 0.3282 outinratio 0.0505 

ttH126_4e_pTHj_genbin4_recobin4 acc 0.0665 eff 0.2459 outinratio 0.1988 

ggH126_4e_pTHj_genbin5_recobin4 acc 0.0113 eff 0.0172 outinratio 0.0327 

VBFH126_4e_pTHj_genbin5_recobin4 acc 0.0477 eff 0.0398 outinratio 0.0268 

WminusH126_4e_pTHj_genbin5_recobin4 acc 0.0582 eff 0.05 outinratio 0.0618 

WplusH126_4e_pTHj_genbin5_recobin4 acc 0.0476 eff 0.038 outinratio 0.046 

ZH126_4e_pTHj_genbin5_recobin4 acc 0.0579 eff 0.076 outinratio 0.0505 

ttH126_4e_pTHj_genbin5_recobin4 acc 0.2193 eff 0.014 outinratio 0.1988 

ggH126_4e_pTHj_genbin0_recobin5 acc 0.2518 eff 0.001 outinratio 0.1033 

VBFH126_4e_pTHj_genbin0_recobin5 acc 0.0355 eff 0.0014 outinratio 0.024 

WminusH126_4e_pTHj_genbin0_recobin5 acc 0.0843 eff 0.0118 outinratio 0.098 

WplusH126_4e_pTHj_genbin0_recobin5 acc 0.0592 eff 0.0155 outinratio 0.117 

ZH126_4e_pTHj_genbin0_recobin5 acc 0.0722 eff 0.0163 outinratio 0.121 

ttH126_4e_pTHj_genbin0_recobin5 acc 0.0006 eff 0.1761 outinratio 0.2118 

ggH126_4e_pTHj_genbin1_recobin5 acc 0.0277 eff 0.0 outinratio 0.1033 

VBFH126_4e_pTHj_genbin1_recobin5 acc 0.0219 eff 0.0019 outinratio 0.024 

WminusH126_4e_pTHj_genbin1_recobin5 acc 0.0115 eff 0.0075 outinratio 0.098 

WplusH126_4e_pTHj_genbin1_recobin5 acc 0.0116 eff 0.0169 outinratio 0.117 

ZH126_4e_pTHj_genbin1_recobin5 acc 0.0075 eff 0.0 outinratio 0.121 

ttH126_4e_pTHj_genbin1_recobin5 acc 0.0022 eff 0.1306 outinratio 0.2118 

ggH126_4e_pTHj_genbin2_recobin5 acc 0.0521 eff 0.0 outinratio 0.1033 

VBFH126_4e_pTHj_genbin2_recobin5 acc 0.091 eff 0.0049 outinratio 0.024 

WminusH126_4e_pTHj_genbin2_recobin5 acc 0.0503 eff 0.0078 outinratio 0.098 

WplusH126_4e_pTHj_genbin2_recobin5 acc 0.0465 eff 0.0079 outinratio 0.117 

ZH126_4e_pTHj_genbin2_recobin5 acc 0.046 eff 0.0083 outinratio 0.121 

ttH126_4e_pTHj_genbin2_recobin5 acc 0.0089 eff 0.0639 outinratio 0.2118 

ggH126_4e_pTHj_genbin3_recobin5 acc 0.0215 eff 0.0 outinratio 0.1033 

VBFH126_4e_pTHj_genbin3_recobin5 acc 0.0735 eff 0.0043 outinratio 0.024 

WminusH126_4e_pTHj_genbin3_recobin5 acc 0.0446 eff 0.0099 outinratio 0.098 

WplusH126_4e_pTHj_genbin3_recobin5 acc 0.0379 eff 0.0095 outinratio 0.117 

ZH126_4e_pTHj_genbin3_recobin5 acc 0.0386 eff 0.0 outinratio 0.121 

ttH126_4e_pTHj_genbin3_recobin5 acc 0.0117 eff 0.0614 outinratio 0.2118 

ggH126_4e_pTHj_genbin4_recobin5 acc 0.0379 eff 0.0143 outinratio 0.1033 

VBFH126_4e_pTHj_genbin4_recobin5 acc 0.1677 eff 0.0323 outinratio 0.024 

WminusH126_4e_pTHj_genbin4_recobin5 acc 0.0988 eff 0.0417 outinratio 0.098 

WplusH126_4e_pTHj_genbin4_recobin5 acc 0.0908 eff 0.032 outinratio 0.117 

ZH126_4e_pTHj_genbin4_recobin5 acc 0.0977 eff 0.0137 outinratio 0.121 

ttH126_4e_pTHj_genbin4_recobin5 acc 0.0665 eff 0.0717 outinratio 0.2118 

ggH126_4e_pTHj_genbin5_recobin5 acc 0.0113 eff 0.2798 outinratio 0.1033 

VBFH126_4e_pTHj_genbin5_recobin5 acc 0.0477 eff 0.3237 outinratio 0.024 

WminusH126_4e_pTHj_genbin5_recobin5 acc 0.0582 eff 0.2935 outinratio 0.098 

WplusH126_4e_pTHj_genbin5_recobin5 acc 0.0476 eff 0.3704 outinratio 0.117 

ZH126_4e_pTHj_genbin5_recobin5 acc 0.0579 eff 0.273 outinratio 0.121 

ttH126_4e_pTHj_genbin5_recobin5 acc 0.2193 eff 0.3249 outinratio 0.2118 

ggH126_4mu_pTHj_genbin0_recobin0 acc 0.2663 eff 0.6669 outinratio 0.0436 

VBFH126_4mu_pTHj_genbin0_recobin0 acc 0.041 eff 0.5273 outinratio 0.0149 

WminusH126_4mu_pTHj_genbin0_recobin0 acc 0.0872 eff 0.5391 outinratio 0.0639 

WplusH126_4mu_pTHj_genbin0_recobin0 acc 0.0788 eff 0.52 outinratio 0.0564 

ZH126_4mu_pTHj_genbin0_recobin0 acc 0.0724 eff 0.6215 outinratio 0.0721 

ttH126_4mu_pTHj_genbin0_recobin0 acc 0.0004 eff -1.0 outinratio 0.6739 

ggH126_4mu_pTHj_genbin1_recobin0 acc 0.0264 eff 0.1219 outinratio 0.0436 

VBFH126_4mu_pTHj_genbin1_recobin0 acc 0.0282 eff 0.0826 outinratio 0.0149 

WminusH126_4mu_pTHj_genbin1_recobin0 acc 0.0147 eff 0.0407 outinratio 0.0639 

WplusH126_4mu_pTHj_genbin1_recobin0 acc 0.0097 eff 0.0978 outinratio 0.0564 

ZH126_4mu_pTHj_genbin1_recobin0 acc 0.0131 eff 0.0692 outinratio 0.0721 

ttH126_4mu_pTHj_genbin1_recobin0 acc 0.0029 eff 0.0 outinratio 0.6739 

ggH126_4mu_pTHj_genbin2_recobin0 acc 0.0499 eff 0.0984 outinratio 0.0436 

VBFH126_4mu_pTHj_genbin2_recobin0 acc 0.0959 eff 0.056 outinratio 0.0149 

WminusH126_4mu_pTHj_genbin2_recobin0 acc 0.0664 eff 0.0328 outinratio 0.0639 

WplusH126_4mu_pTHj_genbin2_recobin0 acc 0.0482 eff 0.0446 outinratio 0.0564 

ZH126_4mu_pTHj_genbin2_recobin0 acc 0.0534 eff 0.0989 outinratio 0.0721 

ttH126_4mu_pTHj_genbin2_recobin0 acc 0.0113 eff 0.0 outinratio 0.6739 

ggH126_4mu_pTHj_genbin3_recobin0 acc 0.0309 eff 0.0501 outinratio 0.0436 

VBFH126_4mu_pTHj_genbin3_recobin0 acc 0.0776 eff 0.0317 outinratio 0.0149 

WminusH126_4mu_pTHj_genbin3_recobin0 acc 0.0471 eff 0.0525 outinratio 0.0639 

WplusH126_4mu_pTHj_genbin3_recobin0 acc 0.0457 eff 0.0299 outinratio 0.0564 

ZH126_4mu_pTHj_genbin3_recobin0 acc 0.0564 eff 0.0148 outinratio 0.0721 

ttH126_4mu_pTHj_genbin3_recobin0 acc 0.0151 eff 0.0 outinratio 0.6739 

ggH126_4mu_pTHj_genbin4_recobin0 acc 0.0347 eff 0.0275 outinratio 0.0436 

VBFH126_4mu_pTHj_genbin4_recobin0 acc 0.181 eff 0.0144 outinratio 0.0149 

WminusH126_4mu_pTHj_genbin4_recobin0 acc 0.1037 eff 0.0141 outinratio 0.0639 

WplusH126_4mu_pTHj_genbin4_recobin0 acc 0.0919 eff 0.0056 outinratio 0.0564 

ZH126_4mu_pTHj_genbin4_recobin0 acc 0.1081 eff 0.0085 outinratio 0.0721 

ttH126_4mu_pTHj_genbin4_recobin0 acc 0.072 eff 0.0 outinratio 0.6739 

ggH126_4mu_pTHj_genbin5_recobin0 acc 0.0125 eff 0.03 outinratio 0.0436 

VBFH126_4mu_pTHj_genbin5_recobin0 acc 0.0558 eff 0.0011 outinratio 0.0149 

WminusH126_4mu_pTHj_genbin5_recobin0 acc 0.0537 eff 0.0055 outinratio 0.0639 

WplusH126_4mu_pTHj_genbin5_recobin0 acc 0.0507 eff 0.0154 outinratio 0.0564 

ZH126_4mu_pTHj_genbin5_recobin0 acc 0.0724 eff 0.0113 outinratio 0.0721 

ttH126_4mu_pTHj_genbin5_recobin0 acc 0.2403 eff 0.0008 outinratio 0.6739 

ggH126_4mu_pTHj_genbin0_recobin1 acc 0.2663 eff 0.0185 outinratio 0.0188 

VBFH126_4mu_pTHj_genbin0_recobin1 acc 0.041 eff 0.0284 outinratio 0.0238 

WminusH126_4mu_pTHj_genbin0_recobin1 acc 0.0872 eff 0.0191 outinratio 0.0418 

WplusH126_4mu_pTHj_genbin0_recobin1 acc 0.0788 eff 0.0151 outinratio 0.1297 

ZH126_4mu_pTHj_genbin0_recobin1 acc 0.0724 eff 0.0105 outinratio 0.124 

ttH126_4mu_pTHj_genbin0_recobin1 acc 0.0004 eff -1.0 outinratio 0.1991 

ggH126_4mu_pTHj_genbin1_recobin1 acc 0.0264 eff 0.3693 outinratio 0.0188 

VBFH126_4mu_pTHj_genbin1_recobin1 acc 0.0282 eff 0.3875 outinratio 0.0238 

WminusH126_4mu_pTHj_genbin1_recobin1 acc 0.0147 eff 0.2898 outinratio 0.0418 

WplusH126_4mu_pTHj_genbin1_recobin1 acc 0.0097 eff 0.3764 outinratio 0.1297 

ZH126_4mu_pTHj_genbin1_recobin1 acc 0.0131 eff 0.437 outinratio 0.124 

ttH126_4mu_pTHj_genbin1_recobin1 acc 0.0029 eff 0.267 outinratio 0.1991 

ggH126_4mu_pTHj_genbin2_recobin1 acc 0.0499 eff 0.0947 outinratio 0.0188 

VBFH126_4mu_pTHj_genbin2_recobin1 acc 0.0959 eff 0.0755 outinratio 0.0238 

WminusH126_4mu_pTHj_genbin2_recobin1 acc 0.0664 eff 0.093 outinratio 0.0418 

WplusH126_4mu_pTHj_genbin2_recobin1 acc 0.0482 eff 0.0348 outinratio 0.1297 

ZH126_4mu_pTHj_genbin2_recobin1 acc 0.0534 eff 0.0458 outinratio 0.124 

ttH126_4mu_pTHj_genbin2_recobin1 acc 0.0113 eff 0.066 outinratio 0.1991 

ggH126_4mu_pTHj_genbin3_recobin1 acc 0.0309 eff 0.0226 outinratio 0.0188 

VBFH126_4mu_pTHj_genbin3_recobin1 acc 0.0776 eff 0.002 outinratio 0.0238 

WminusH126_4mu_pTHj_genbin3_recobin1 acc 0.0471 eff 0.0177 outinratio 0.0418 

WplusH126_4mu_pTHj_genbin3_recobin1 acc 0.0457 eff 0.0 outinratio 0.1297 

ZH126_4mu_pTHj_genbin3_recobin1 acc 0.0564 eff 0.0329 outinratio 0.124 

ttH126_4mu_pTHj_genbin3_recobin1 acc 0.0151 eff 0.001 outinratio 0.1991 

ggH126_4mu_pTHj_genbin4_recobin1 acc 0.0347 eff 0.0 outinratio 0.0188 

VBFH126_4mu_pTHj_genbin4_recobin1 acc 0.181 eff 0.0015 outinratio 0.0238 

WminusH126_4mu_pTHj_genbin4_recobin1 acc 0.1037 eff 0.0 outinratio 0.0418 

WplusH126_4mu_pTHj_genbin4_recobin1 acc 0.0919 eff 0.0 outinratio 0.1297 

ZH126_4mu_pTHj_genbin4_recobin1 acc 0.1081 eff 0.0114 outinratio 0.124 

ttH126_4mu_pTHj_genbin4_recobin1 acc 0.072 eff 0.0037 outinratio 0.1991 

ggH126_4mu_pTHj_genbin5_recobin1 acc 0.0125 eff 0.0 outinratio 0.0188 

VBFH126_4mu_pTHj_genbin5_recobin1 acc 0.0558 eff 0.0 outinratio 0.0238 

WminusH126_4mu_pTHj_genbin5_recobin1 acc 0.0537 eff 0.0 outinratio 0.0418 

WplusH126_4mu_pTHj_genbin5_recobin1 acc 0.0507 eff 0.0 outinratio 0.1297 

ZH126_4mu_pTHj_genbin5_recobin1 acc 0.0724 eff 0.0 outinratio 0.124 

ttH126_4mu_pTHj_genbin5_recobin1 acc 0.2403 eff 0.0007 outinratio 0.1991 

ggH126_4mu_pTHj_genbin0_recobin2 acc 0.2663 eff 0.0349 outinratio 0.0357 

VBFH126_4mu_pTHj_genbin0_recobin2 acc 0.041 eff 0.1004 outinratio 0.0291 

WminusH126_4mu_pTHj_genbin0_recobin2 acc 0.0872 eff 0.0385 outinratio 0.0638 

WplusH126_4mu_pTHj_genbin0_recobin2 acc 0.0788 eff 0.0207 outinratio 0.0588 

ZH126_4mu_pTHj_genbin0_recobin2 acc 0.0724 eff 0.0626 outinratio 0.0988 

ttH126_4mu_pTHj_genbin0_recobin2 acc 0.0004 eff -1.0 outinratio 0.1735 

ggH126_4mu_pTHj_genbin1_recobin2 acc 0.0264 eff 0.2749 outinratio 0.0357 

VBFH126_4mu_pTHj_genbin1_recobin2 acc 0.0282 eff 0.2554 outinratio 0.0291 

WminusH126_4mu_pTHj_genbin1_recobin2 acc 0.0147 eff 0.3212 outinratio 0.0638 

WplusH126_4mu_pTHj_genbin1_recobin2 acc 0.0097 eff 0.2047 outinratio 0.0588 

ZH126_4mu_pTHj_genbin1_recobin2 acc 0.0131 eff 0.1802 outinratio 0.0988 

ttH126_4mu_pTHj_genbin1_recobin2 acc 0.0029 eff 0.2588 outinratio 0.1735 

ggH126_4mu_pTHj_genbin2_recobin2 acc 0.0499 eff 0.4458 outinratio 0.0357 

VBFH126_4mu_pTHj_genbin2_recobin2 acc 0.0959 eff 0.4308 outinratio 0.0291 

WminusH126_4mu_pTHj_genbin2_recobin2 acc 0.0664 eff 0.4955 outinratio 0.0638 

WplusH126_4mu_pTHj_genbin2_recobin2 acc 0.0482 eff 0.4874 outinratio 0.0588 

ZH126_4mu_pTHj_genbin2_recobin2 acc 0.0534 eff 0.4725 outinratio 0.0988 

ttH126_4mu_pTHj_genbin2_recobin2 acc 0.0113 eff 0.3191 outinratio 0.1735 

ggH126_4mu_pTHj_genbin3_recobin2 acc 0.0309 eff 0.1613 outinratio 0.0357 

VBFH126_4mu_pTHj_genbin3_recobin2 acc 0.0776 eff 0.133 outinratio 0.0291 

WminusH126_4mu_pTHj_genbin3_recobin2 acc 0.0471 eff 0.1402 outinratio 0.0638 

WplusH126_4mu_pTHj_genbin3_recobin2 acc 0.0457 eff 0.0997 outinratio 0.0588 

ZH126_4mu_pTHj_genbin3_recobin2 acc 0.0564 eff 0.1799 outinratio 0.0988 

ttH126_4mu_pTHj_genbin3_recobin2 acc 0.0151 eff 0.0983 outinratio 0.1735 

ggH126_4mu_pTHj_genbin4_recobin2 acc 0.0347 eff 0.0 outinratio 0.0357 

VBFH126_4mu_pTHj_genbin4_recobin2 acc 0.181 eff 0.0201 outinratio 0.0291 

WminusH126_4mu_pTHj_genbin4_recobin2 acc 0.1037 eff 0.0131 outinratio 0.0638 

WplusH126_4mu_pTHj_genbin4_recobin2 acc 0.0919 eff 0.0162 outinratio 0.0588 

ZH126_4mu_pTHj_genbin4_recobin2 acc 0.1081 eff 0.0104 outinratio 0.0988 

ttH126_4mu_pTHj_genbin4_recobin2 acc 0.072 eff 0.0063 outinratio 0.1735 

ggH126_4mu_pTHj_genbin5_recobin2 acc 0.0125 eff 0.0 outinratio 0.0357 

VBFH126_4mu_pTHj_genbin5_recobin2 acc 0.0558 eff 0.0 outinratio 0.0291 

WminusH126_4mu_pTHj_genbin5_recobin2 acc 0.0537 eff 0.0059 outinratio 0.0638 

WplusH126_4mu_pTHj_genbin5_recobin2 acc 0.0507 eff 0.0 outinratio 0.0588 

ZH126_4mu_pTHj_genbin5_recobin2 acc 0.0724 eff 0.0 outinratio 0.0988 

ttH126_4mu_pTHj_genbin5_recobin2 acc 0.2403 eff 0.0034 outinratio 0.1735 

ggH126_4mu_pTHj_genbin0_recobin3 acc 0.2663 eff 0.0278 outinratio 0.0784 

VBFH126_4mu_pTHj_genbin0_recobin3 acc 0.041 eff 0.0686 outinratio 0.0267 

WminusH126_4mu_pTHj_genbin0_recobin3 acc 0.0872 eff 0.0373 outinratio 0.0855 

WplusH126_4mu_pTHj_genbin0_recobin3 acc 0.0788 eff 0.0109 outinratio 0.0591 

ZH126_4mu_pTHj_genbin0_recobin3 acc 0.0724 eff 0.0264 outinratio 0.0214 

ttH126_4mu_pTHj_genbin0_recobin3 acc 0.0004 eff -1.0 outinratio 0.1027 

ggH126_4mu_pTHj_genbin1_recobin3 acc 0.0264 eff 0.0132 outinratio 0.0784 

VBFH126_4mu_pTHj_genbin1_recobin3 acc 0.0282 eff 0.0318 outinratio 0.0267 

WminusH126_4mu_pTHj_genbin1_recobin3 acc 0.0147 eff 0.0111 outinratio 0.0855 

WplusH126_4mu_pTHj_genbin1_recobin3 acc 0.0097 eff 0.027 outinratio 0.0591 

ZH126_4mu_pTHj_genbin1_recobin3 acc 0.0131 eff 0.0723 outinratio 0.0214 

ttH126_4mu_pTHj_genbin1_recobin3 acc 0.0029 eff 0.0369 outinratio 0.1027 

ggH126_4mu_pTHj_genbin2_recobin3 acc 0.0499 eff 0.1016 outinratio 0.0784 

VBFH126_4mu_pTHj_genbin2_recobin3 acc 0.0959 eff 0.163 outinratio 0.0267 

WminusH126_4mu_pTHj_genbin2_recobin3 acc 0.0664 eff 0.1126 outinratio 0.0855 

WplusH126_4mu_pTHj_genbin2_recobin3 acc 0.0482 eff 0.1509 outinratio 0.0591 

ZH126_4mu_pTHj_genbin2_recobin3 acc 0.0534 eff 0.1319 outinratio 0.0214 

ttH126_4mu_pTHj_genbin2_recobin3 acc 0.0113 eff 0.1985 outinratio 0.1027 

ggH126_4mu_pTHj_genbin3_recobin3 acc 0.0309 eff 0.4693 outinratio 0.0784 

VBFH126_4mu_pTHj_genbin3_recobin3 acc 0.0776 eff 0.3764 outinratio 0.0267 

WminusH126_4mu_pTHj_genbin3_recobin3 acc 0.0471 eff 0.4101 outinratio 0.0855 

WplusH126_4mu_pTHj_genbin3_recobin3 acc 0.0457 eff 0.4602 outinratio 0.0591 

ZH126_4mu_pTHj_genbin3_recobin3 acc 0.0564 eff 0.3968 outinratio 0.0214 

ttH126_4mu_pTHj_genbin3_recobin3 acc 0.0151 eff 0.3511 outinratio 0.1027 

ggH126_4mu_pTHj_genbin4_recobin3 acc 0.0347 eff 0.0819 outinratio 0.0784 

VBFH126_4mu_pTHj_genbin4_recobin3 acc 0.181 eff 0.0756 outinratio 0.0267 

WminusH126_4mu_pTHj_genbin4_recobin3 acc 0.1037 eff 0.0499 outinratio 0.0855 

WplusH126_4mu_pTHj_genbin4_recobin3 acc 0.0919 eff 0.0812 outinratio 0.0591 

ZH126_4mu_pTHj_genbin4_recobin3 acc 0.1081 eff 0.0623 outinratio 0.0214 

ttH126_4mu_pTHj_genbin4_recobin3 acc 0.072 eff 0.0407 outinratio 0.1027 

ggH126_4mu_pTHj_genbin5_recobin3 acc 0.0125 eff 0.0 outinratio 0.0784 

VBFH126_4mu_pTHj_genbin5_recobin3 acc 0.0558 eff 0.0054 outinratio 0.0267 

WminusH126_4mu_pTHj_genbin5_recobin3 acc 0.0537 eff 0.0 outinratio 0.0855 

WplusH126_4mu_pTHj_genbin5_recobin3 acc 0.0507 eff 0.0042 outinratio 0.0591 

ZH126_4mu_pTHj_genbin5_recobin3 acc 0.0724 eff 0.0 outinratio 0.0214 

ttH126_4mu_pTHj_genbin5_recobin3 acc 0.2403 eff 0.0035 outinratio 0.1027 

ggH126_4mu_pTHj_genbin0_recobin4 acc 0.2663 eff 0.0364 outinratio 0.073 

VBFH126_4mu_pTHj_genbin0_recobin4 acc 0.041 eff 0.1067 outinratio 0.0308 

WminusH126_4mu_pTHj_genbin0_recobin4 acc 0.0872 eff 0.1093 outinratio 0.0721 

WplusH126_4mu_pTHj_genbin0_recobin4 acc 0.0788 eff 0.127 outinratio 0.0505 

ZH126_4mu_pTHj_genbin0_recobin4 acc 0.0724 eff 0.0522 outinratio 0.0389 

ttH126_4mu_pTHj_genbin0_recobin4 acc 0.0004 eff -1.0 outinratio 0.147 

ggH126_4mu_pTHj_genbin1_recobin4 acc 0.0264 eff 0.03 outinratio 0.073 

VBFH126_4mu_pTHj_genbin1_recobin4 acc 0.0282 eff 0.0417 outinratio 0.0308 

WminusH126_4mu_pTHj_genbin1_recobin4 acc 0.0147 eff 0.0283 outinratio 0.0721 

WplusH126_4mu_pTHj_genbin1_recobin4 acc 0.0097 eff 0.0516 outinratio 0.0505 

ZH126_4mu_pTHj_genbin1_recobin4 acc 0.0131 eff 0.0707 outinratio 0.0389 

ttH126_4mu_pTHj_genbin1_recobin4 acc 0.0029 eff 0.0697 outinratio 0.147 

ggH126_4mu_pTHj_genbin2_recobin4 acc 0.0499 eff 0.042 outinratio 0.073 

VBFH126_4mu_pTHj_genbin2_recobin4 acc 0.0959 eff 0.062 outinratio 0.0308 

WminusH126_4mu_pTHj_genbin2_recobin4 acc 0.0664 eff 0.056 outinratio 0.0721 

WplusH126_4mu_pTHj_genbin2_recobin4 acc 0.0482 eff 0.1019 outinratio 0.0505 

ZH126_4mu_pTHj_genbin2_recobin4 acc 0.0534 eff 0.0436 outinratio 0.0389 

ttH126_4mu_pTHj_genbin2_recobin4 acc 0.0113 eff 0.0709 outinratio 0.147 

ggH126_4mu_pTHj_genbin3_recobin4 acc 0.0309 eff 0.1365 outinratio 0.073 

VBFH126_4mu_pTHj_genbin3_recobin4 acc 0.0776 eff 0.2471 outinratio 0.0308 

WminusH126_4mu_pTHj_genbin3_recobin4 acc 0.0471 eff 0.1874 outinratio 0.0721 

WplusH126_4mu_pTHj_genbin3_recobin4 acc 0.0457 eff 0.195 outinratio 0.0505 

ZH126_4mu_pTHj_genbin3_recobin4 acc 0.0564 eff 0.1317 outinratio 0.0389 

ttH126_4mu_pTHj_genbin3_recobin4 acc 0.0151 eff 0.2366 outinratio 0.147 

ggH126_4mu_pTHj_genbin4_recobin4 acc 0.0347 eff 0.5882 outinratio 0.073 

VBFH126_4mu_pTHj_genbin4_recobin4 acc 0.181 eff 0.6425 outinratio 0.0308 

WminusH126_4mu_pTHj_genbin4_recobin4 acc 0.1037 eff 0.6417 outinratio 0.0721 

WplusH126_4mu_pTHj_genbin4_recobin4 acc 0.0919 eff 0.5947 outinratio 0.0505 

ZH126_4mu_pTHj_genbin4_recobin4 acc 0.1081 eff 0.6217 outinratio 0.0389 

ttH126_4mu_pTHj_genbin4_recobin4 acc 0.072 eff 0.5432 outinratio 0.147 

ggH126_4mu_pTHj_genbin5_recobin4 acc 0.0125 eff 0.1169 outinratio 0.073 

VBFH126_4mu_pTHj_genbin5_recobin4 acc 0.0558 eff 0.0922 outinratio 0.0308 

WminusH126_4mu_pTHj_genbin5_recobin4 acc 0.0537 eff 0.1122 outinratio 0.0721 

WplusH126_4mu_pTHj_genbin5_recobin4 acc 0.0507 eff 0.1223 outinratio 0.0505 

ZH126_4mu_pTHj_genbin5_recobin4 acc 0.0724 eff 0.0452 outinratio 0.0389 

ttH126_4mu_pTHj_genbin5_recobin4 acc 0.2403 eff 0.0389 outinratio 0.147 

ggH126_4mu_pTHj_genbin0_recobin5 acc 0.2663 eff 0.008 outinratio 0.0 

VBFH126_4mu_pTHj_genbin0_recobin5 acc 0.041 eff 0.0014 outinratio 0.0311 

WminusH126_4mu_pTHj_genbin0_recobin5 acc 0.0872 eff 0.0645 outinratio 0.0661 

WplusH126_4mu_pTHj_genbin0_recobin5 acc 0.0788 eff 0.0888 outinratio 0.0514 

ZH126_4mu_pTHj_genbin0_recobin5 acc 0.0724 eff 0.0087 outinratio 0.029 

ttH126_4mu_pTHj_genbin0_recobin5 acc 0.0004 eff -1.0 outinratio 0.1424 

ggH126_4mu_pTHj_genbin1_recobin5 acc 0.0264 eff 0.0051 outinratio 0.0 

VBFH126_4mu_pTHj_genbin1_recobin5 acc 0.0282 eff 0.0051 outinratio 0.0311 

WminusH126_4mu_pTHj_genbin1_recobin5 acc 0.0147 eff 0.0419 outinratio 0.0661 

WplusH126_4mu_pTHj_genbin1_recobin5 acc 0.0097 eff 0.0 outinratio 0.0514 

ZH126_4mu_pTHj_genbin1_recobin5 acc 0.0131 eff 0.0 outinratio 0.029 

ttH126_4mu_pTHj_genbin1_recobin5 acc 0.0029 eff 0.1614 outinratio 0.1424 

ggH126_4mu_pTHj_genbin2_recobin5 acc 0.0499 eff 0.0187 outinratio 0.0 

VBFH126_4mu_pTHj_genbin2_recobin5 acc 0.0959 eff 0.0117 outinratio 0.0311 

WminusH126_4mu_pTHj_genbin2_recobin5 acc 0.0664 eff 0.0051 outinratio 0.0661 

WplusH126_4mu_pTHj_genbin2_recobin5 acc 0.0482 eff 0.0041 outinratio 0.0514 

ZH126_4mu_pTHj_genbin2_recobin5 acc 0.0534 eff 0.0093 outinratio 0.029 

ttH126_4mu_pTHj_genbin2_recobin5 acc 0.0113 eff 0.1117 outinratio 0.1424 

ggH126_4mu_pTHj_genbin3_recobin5 acc 0.0309 eff 0.0152 outinratio 0.0 

VBFH126_4mu_pTHj_genbin3_recobin5 acc 0.0776 eff 0.0133 outinratio 0.0311 

WminusH126_4mu_pTHj_genbin3_recobin5 acc 0.0471 eff 0.0143 outinratio 0.0661 

WplusH126_4mu_pTHj_genbin3_recobin5 acc 0.0457 eff 0.0112 outinratio 0.0514 

ZH126_4mu_pTHj_genbin3_recobin5 acc 0.0564 eff 0.0 outinratio 0.029 

ttH126_4mu_pTHj_genbin3_recobin5 acc 0.0151 eff 0.1318 outinratio 0.1424 

ggH126_4mu_pTHj_genbin4_recobin5 acc 0.0347 eff 0.0479 outinratio 0.0 

VBFH126_4mu_pTHj_genbin4_recobin5 acc 0.181 eff 0.0836 outinratio 0.0311 

WminusH126_4mu_pTHj_genbin4_recobin5 acc 0.1037 eff 0.0591 outinratio 0.0661 

WplusH126_4mu_pTHj_genbin4_recobin5 acc 0.0919 eff 0.0467 outinratio 0.0514 

ZH126_4mu_pTHj_genbin4_recobin5 acc 0.1081 eff 0.0896 outinratio 0.029 

ttH126_4mu_pTHj_genbin4_recobin5 acc 0.072 eff 0.1888 outinratio 0.1424 

ggH126_4mu_pTHj_genbin5_recobin5 acc 0.0125 eff 0.6288 outinratio 0.0 

VBFH126_4mu_pTHj_genbin5_recobin5 acc 0.0558 eff 0.7129 outinratio 0.0311 

WminusH126_4mu_pTHj_genbin5_recobin5 acc 0.0537 eff 0.7411 outinratio 0.0661 

WplusH126_4mu_pTHj_genbin5_recobin5 acc 0.0507 eff 0.7234 outinratio 0.0514 

ZH126_4mu_pTHj_genbin5_recobin5 acc 0.0724 eff 0.7666 outinratio 0.029 

ttH126_4mu_pTHj_genbin5_recobin5 acc 0.2403 eff 0.7414 outinratio 0.1424 

ggH126_2e2mu_pTHj_genbin0_recobin0 acc 0.2592 eff 0.4597 outinratio 0.0369 

VBFH126_2e2mu_pTHj_genbin0_recobin0 acc 0.0394 eff 0.3521 outinratio 0.0241 

WminusH126_2e2mu_pTHj_genbin0_recobin0 acc 0.0794 eff 0.3581 outinratio 0.0655 

WplusH126_2e2mu_pTHj_genbin0_recobin0 acc 0.0722 eff 0.3694 outinratio 0.0559 

ZH126_2e2mu_pTHj_genbin0_recobin0 acc 0.0752 eff 0.3948 outinratio 0.1071 

ttH126_2e2mu_pTHj_genbin0_recobin0 acc 0.0008 eff 0.043 outinratio 0.0 

ggH126_2e2mu_pTHj_genbin1_recobin0 acc 0.0262 eff 0.0787 outinratio 0.0369 

VBFH126_2e2mu_pTHj_genbin1_recobin0 acc 0.026 eff 0.059 outinratio 0.0241 

WminusH126_2e2mu_pTHj_genbin1_recobin0 acc 0.0132 eff 0.0 outinratio 0.0655 

WplusH126_2e2mu_pTHj_genbin1_recobin0 acc 0.0121 eff 0.009 outinratio 0.0559 

ZH126_2e2mu_pTHj_genbin1_recobin0 acc 0.0151 eff 0.0 outinratio 0.1071 

ttH126_2e2mu_pTHj_genbin1_recobin0 acc 0.0021 eff 0.0 outinratio 0.0 

ggH126_2e2mu_pTHj_genbin2_recobin0 acc 0.0519 eff 0.0738 outinratio 0.0369 

VBFH126_2e2mu_pTHj_genbin2_recobin0 acc 0.0916 eff 0.0381 outinratio 0.0241 

WminusH126_2e2mu_pTHj_genbin2_recobin0 acc 0.0541 eff 0.03 outinratio 0.0655 

WplusH126_2e2mu_pTHj_genbin2_recobin0 acc 0.0451 eff 0.0243 outinratio 0.0559 

ZH126_2e2mu_pTHj_genbin2_recobin0 acc 0.0453 eff 0.0347 outinratio 0.1071 

ttH126_2e2mu_pTHj_genbin2_recobin0 acc 0.0095 eff 0.0018 outinratio 0.0 

ggH126_2e2mu_pTHj_genbin3_recobin0 acc 0.0278 eff 0.0688 outinratio 0.0369 

VBFH126_2e2mu_pTHj_genbin3_recobin0 acc 0.0765 eff 0.0299 outinratio 0.0241 

WminusH126_2e2mu_pTHj_genbin3_recobin0 acc 0.0476 eff 0.0148 outinratio 0.0655 

WplusH126_2e2mu_pTHj_genbin3_recobin0 acc 0.0416 eff 0.0151 outinratio 0.0559 

ZH126_2e2mu_pTHj_genbin3_recobin0 acc 0.0482 eff 0.0028 outinratio 0.1071 

ttH126_2e2mu_pTHj_genbin3_recobin0 acc 0.011 eff 0.0 outinratio 0.0 

ggH126_2e2mu_pTHj_genbin4_recobin0 acc 0.0385 eff 0.0338 outinratio 0.0369 

VBFH126_2e2mu_pTHj_genbin4_recobin0 acc 0.1628 eff 0.0064 outinratio 0.0241 

WminusH126_2e2mu_pTHj_genbin4_recobin0 acc 0.0961 eff 0.0114 outinratio 0.0655 

WplusH126_2e2mu_pTHj_genbin4_recobin0 acc 0.0896 eff 0.0168 outinratio 0.0559 

ZH126_2e2mu_pTHj_genbin4_recobin0 acc 0.1063 eff 0.0001 outinratio 0.1071 

ttH126_2e2mu_pTHj_genbin4_recobin0 acc 0.0696 eff 0.0002 outinratio 0.0 

ggH126_2e2mu_pTHj_genbin5_recobin0 acc 0.0111 eff 0.0 outinratio 0.0369 

VBFH126_2e2mu_pTHj_genbin5_recobin0 acc 0.0481 eff 0.0026 outinratio 0.0241 

WminusH126_2e2mu_pTHj_genbin5_recobin0 acc 0.052 eff 0.0162 outinratio 0.0655 

WplusH126_2e2mu_pTHj_genbin5_recobin0 acc 0.0476 eff 0.0147 outinratio 0.0559 

ZH126_2e2mu_pTHj_genbin5_recobin0 acc 0.0538 eff 0.0053 outinratio 0.1071 

ttH126_2e2mu_pTHj_genbin5_recobin0 acc 0.2185 eff 0.0003 outinratio 0.0 

ggH126_2e2mu_pTHj_genbin0_recobin1 acc 0.2592 eff 0.006 outinratio 0.0937 

VBFH126_2e2mu_pTHj_genbin0_recobin1 acc 0.0394 eff 0.0177 outinratio 0.0448 

WminusH126_2e2mu_pTHj_genbin0_recobin1 acc 0.0794 eff 0.0033 outinratio 0.1705 

WplusH126_2e2mu_pTHj_genbin0_recobin1 acc 0.0722 eff 0.0068 outinratio 0.0456 

ZH126_2e2mu_pTHj_genbin0_recobin1 acc 0.0752 eff 0.0053 outinratio 0.0814 

ttH126_2e2mu_pTHj_genbin0_recobin1 acc 0.0008 eff 0.0 outinratio 0.0601 

ggH126_2e2mu_pTHj_genbin1_recobin1 acc 0.0262 eff 0.277 outinratio 0.0937 

VBFH126_2e2mu_pTHj_genbin1_recobin1 acc 0.026 eff 0.2315 outinratio 0.0448 

WminusH126_2e2mu_pTHj_genbin1_recobin1 acc 0.0132 eff 0.2305 outinratio 0.1705 

WplusH126_2e2mu_pTHj_genbin1_recobin1 acc 0.0121 eff 0.2715 outinratio 0.0456 

ZH126_2e2mu_pTHj_genbin1_recobin1 acc 0.0151 eff 0.1942 outinratio 0.0814 

ttH126_2e2mu_pTHj_genbin1_recobin1 acc 0.0021 eff 0.2087 outinratio 0.0601 

ggH126_2e2mu_pTHj_genbin2_recobin1 acc 0.0519 eff 0.0398 outinratio 0.0937 

VBFH126_2e2mu_pTHj_genbin2_recobin1 acc 0.0916 eff 0.0483 outinratio 0.0448 

WminusH126_2e2mu_pTHj_genbin2_recobin1 acc 0.0541 eff 0.0454 outinratio 0.1705 

WplusH126_2e2mu_pTHj_genbin2_recobin1 acc 0.0451 eff 0.0544 outinratio 0.0456 

ZH126_2e2mu_pTHj_genbin2_recobin1 acc 0.0453 eff 0.0447 outinratio 0.0814 

ttH126_2e2mu_pTHj_genbin2_recobin1 acc 0.0095 eff 0.0423 outinratio 0.0601 

ggH126_2e2mu_pTHj_genbin3_recobin1 acc 0.0278 eff 0.0026 outinratio 0.0937 

VBFH126_2e2mu_pTHj_genbin3_recobin1 acc 0.0765 eff 0.0068 outinratio 0.0448 

WminusH126_2e2mu_pTHj_genbin3_recobin1 acc 0.0476 eff 0.002 outinratio 0.1705 

WplusH126_2e2mu_pTHj_genbin3_recobin1 acc 0.0416 eff 0.0 outinratio 0.0456 

ZH126_2e2mu_pTHj_genbin3_recobin1 acc 0.0482 eff 0.0042 outinratio 0.0814 

ttH126_2e2mu_pTHj_genbin3_recobin1 acc 0.011 eff 0.0119 outinratio 0.0601 

ggH126_2e2mu_pTHj_genbin4_recobin1 acc 0.0385 eff 0.0 outinratio 0.0937 

VBFH126_2e2mu_pTHj_genbin4_recobin1 acc 0.1628 eff 0.0011 outinratio 0.0448 

WminusH126_2e2mu_pTHj_genbin4_recobin1 acc 0.0961 eff 0.0006 outinratio 0.1705 

WplusH126_2e2mu_pTHj_genbin4_recobin1 acc 0.0896 eff 0.0 outinratio 0.0456 

ZH126_2e2mu_pTHj_genbin4_recobin1 acc 0.1063 eff 0.0 outinratio 0.0814 

ttH126_2e2mu_pTHj_genbin4_recobin1 acc 0.0696 eff 0.0016 outinratio 0.0601 

ggH126_2e2mu_pTHj_genbin5_recobin1 acc 0.0111 eff 0.0 outinratio 0.0937 

VBFH126_2e2mu_pTHj_genbin5_recobin1 acc 0.0481 eff 0.0 outinratio 0.0448 

WminusH126_2e2mu_pTHj_genbin5_recobin1 acc 0.052 eff 0.0 outinratio 0.1705 

WplusH126_2e2mu_pTHj_genbin5_recobin1 acc 0.0476 eff 0.0 outinratio 0.0456 

ZH126_2e2mu_pTHj_genbin5_recobin1 acc 0.0538 eff 0.0 outinratio 0.0814 

ttH126_2e2mu_pTHj_genbin5_recobin1 acc 0.2185 eff 0.0008 outinratio 0.0601 

ggH126_2e2mu_pTHj_genbin0_recobin2 acc 0.2592 eff 0.0202 outinratio 0.0449 

VBFH126_2e2mu_pTHj_genbin0_recobin2 acc 0.0394 eff 0.0637 outinratio 0.0374 

WminusH126_2e2mu_pTHj_genbin0_recobin2 acc 0.0794 eff 0.0282 outinratio 0.0637 

WplusH126_2e2mu_pTHj_genbin0_recobin2 acc 0.0722 eff 0.0199 outinratio 0.0849 

ZH126_2e2mu_pTHj_genbin0_recobin2 acc 0.0752 eff 0.0181 outinratio 0.0381 

ttH126_2e2mu_pTHj_genbin0_recobin2 acc 0.0008 eff 0.0 outinratio 0.169 

ggH126_2e2mu_pTHj_genbin1_recobin2 acc 0.0262 eff 0.1606 outinratio 0.0449 

VBFH126_2e2mu_pTHj_genbin1_recobin2 acc 0.026 eff 0.2084 outinratio 0.0374 

WminusH126_2e2mu_pTHj_genbin1_recobin2 acc 0.0132 eff 0.1624 outinratio 0.0637 

WplusH126_2e2mu_pTHj_genbin1_recobin2 acc 0.0121 eff 0.1213 outinratio 0.0849 

ZH126_2e2mu_pTHj_genbin1_recobin2 acc 0.0151 eff 0.3583 outinratio 0.0381 

ttH126_2e2mu_pTHj_genbin1_recobin2 acc 0.0021 eff 0.2449 outinratio 0.169 

ggH126_2e2mu_pTHj_genbin2_recobin2 acc 0.0519 eff 0.327 outinratio 0.0449 

VBFH126_2e2mu_pTHj_genbin2_recobin2 acc 0.0916 eff 0.2963 outinratio 0.0374 

WminusH126_2e2mu_pTHj_genbin2_recobin2 acc 0.0541 eff 0.3105 outinratio 0.0637 

WplusH126_2e2mu_pTHj_genbin2_recobin2 acc 0.0451 eff 0.2856 outinratio 0.0849 

ZH126_2e2mu_pTHj_genbin2_recobin2 acc 0.0453 eff 0.3287 outinratio 0.0381 

ttH126_2e2mu_pTHj_genbin2_recobin2 acc 0.0095 eff 0.2282 outinratio 0.169 

ggH126_2e2mu_pTHj_genbin3_recobin2 acc 0.0278 eff 0.0695 outinratio 0.0449 

VBFH126_2e2mu_pTHj_genbin3_recobin2 acc 0.0765 eff 0.0859 outinratio 0.0374 

WminusH126_2e2mu_pTHj_genbin3_recobin2 acc 0.0476 eff 0.0884 outinratio 0.0637 

WplusH126_2e2mu_pTHj_genbin3_recobin2 acc 0.0416 eff 0.0521 outinratio 0.0849 

ZH126_2e2mu_pTHj_genbin3_recobin2 acc 0.0482 eff 0.0837 outinratio 0.0381 

ttH126_2e2mu_pTHj_genbin3_recobin2 acc 0.011 eff 0.0796 outinratio 0.169 

ggH126_2e2mu_pTHj_genbin4_recobin2 acc 0.0385 eff 0.008 outinratio 0.0449 

VBFH126_2e2mu_pTHj_genbin4_recobin2 acc 0.1628 eff 0.0124 outinratio 0.0374 

WminusH126_2e2mu_pTHj_genbin4_recobin2 acc 0.0961 eff 0.0137 outinratio 0.0637 

WplusH126_2e2mu_pTHj_genbin4_recobin2 acc 0.0896 eff 0.009 outinratio 0.0849 

ZH126_2e2mu_pTHj_genbin4_recobin2 acc 0.1063 eff 0.0118 outinratio 0.0381 

ttH126_2e2mu_pTHj_genbin4_recobin2 acc 0.0696 eff 0.0072 outinratio 0.169 

ggH126_2e2mu_pTHj_genbin5_recobin2 acc 0.0111 eff 0.0 outinratio 0.0449 

VBFH126_2e2mu_pTHj_genbin5_recobin2 acc 0.0481 eff 0.0006 outinratio 0.0374 

WminusH126_2e2mu_pTHj_genbin5_recobin2 acc 0.052 eff 0.0011 outinratio 0.0637 

WplusH126_2e2mu_pTHj_genbin5_recobin2 acc 0.0476 eff 0.0092 outinratio 0.0849 

ZH126_2e2mu_pTHj_genbin5_recobin2 acc 0.0538 eff 0.0 outinratio 0.0381 

ttH126_2e2mu_pTHj_genbin5_recobin2 acc 0.2185 eff 0.0032 outinratio 0.169 

ggH126_2e2mu_pTHj_genbin0_recobin3 acc 0.2592 eff 0.0119 outinratio 0.056 

VBFH126_2e2mu_pTHj_genbin0_recobin3 acc 0.0394 eff 0.0333 outinratio 0.0339 

WminusH126_2e2mu_pTHj_genbin0_recobin3 acc 0.0794 eff 0.0321 outinratio 0.0781 

WplusH126_2e2mu_pTHj_genbin0_recobin3 acc 0.0722 eff 0.0229 outinratio 0.0895 

ZH126_2e2mu_pTHj_genbin0_recobin3 acc 0.0752 eff 0.0102 outinratio 0.0574 

ttH126_2e2mu_pTHj_genbin0_recobin3 acc 0.0008 eff 0.0 outinratio 0.1354 

ggH126_2e2mu_pTHj_genbin1_recobin3 acc 0.0262 eff 0.015 outinratio 0.056 

VBFH126_2e2mu_pTHj_genbin1_recobin3 acc 0.026 eff 0.0269 outinratio 0.0339 

WminusH126_2e2mu_pTHj_genbin1_recobin3 acc 0.0132 eff 0.0172 outinratio 0.0781 

WplusH126_2e2mu_pTHj_genbin1_recobin3 acc 0.0121 eff 0.0213 outinratio 0.0895 

ZH126_2e2mu_pTHj_genbin1_recobin3 acc 0.0151 eff 0.0 outinratio 0.0574 

ttH126_2e2mu_pTHj_genbin1_recobin3 acc 0.0021 eff 0.0902 outinratio 0.1354 

ggH126_2e2mu_pTHj_genbin2_recobin3 acc 0.0519 eff 0.0591 outinratio 0.056 

VBFH126_2e2mu_pTHj_genbin2_recobin3 acc 0.0916 eff 0.0853 outinratio 0.0339 

WminusH126_2e2mu_pTHj_genbin2_recobin3 acc 0.0541 eff 0.1121 outinratio 0.0781 

WplusH126_2e2mu_pTHj_genbin2_recobin3 acc 0.0451 eff 0.0907 outinratio 0.0895 

ZH126_2e2mu_pTHj_genbin2_recobin3 acc 0.0453 eff 0.0612 outinratio 0.0574 

ttH126_2e2mu_pTHj_genbin2_recobin3 acc 0.0095 eff 0.0974 outinratio 0.1354 

ggH126_2e2mu_pTHj_genbin3_recobin3 acc 0.0278 eff 0.2539 outinratio 0.056 

VBFH126_2e2mu_pTHj_genbin3_recobin3 acc 0.0765 eff 0.2445 outinratio 0.0339 

WminusH126_2e2mu_pTHj_genbin3_recobin3 acc 0.0476 eff 0.2534 outinratio 0.0781 

WplusH126_2e2mu_pTHj_genbin3_recobin3 acc 0.0416 eff 0.3516 outinratio 0.0895 

ZH126_2e2mu_pTHj_genbin3_recobin3 acc 0.0482 eff 0.2548 outinratio 0.0574 

ttH126_2e2mu_pTHj_genbin3_recobin3 acc 0.011 eff 0.193 outinratio 0.1354 

ggH126_2e2mu_pTHj_genbin4_recobin3 acc 0.0385 eff 0.0362 outinratio 0.056 

VBFH126_2e2mu_pTHj_genbin4_recobin3 acc 0.1628 eff 0.0441 outinratio 0.0339 

WminusH126_2e2mu_pTHj_genbin4_recobin3 acc 0.0961 eff 0.0423 outinratio 0.0781 

WplusH126_2e2mu_pTHj_genbin4_recobin3 acc 0.0896 eff 0.0481 outinratio 0.0895 

ZH126_2e2mu_pTHj_genbin4_recobin3 acc 0.1063 eff 0.0446 outinratio 0.0574 

ttH126_2e2mu_pTHj_genbin4_recobin3 acc 0.0696 eff 0.0309 outinratio 0.1354 

ggH126_2e2mu_pTHj_genbin5_recobin3 acc 0.0111 eff 0.0 outinratio 0.056 

VBFH126_2e2mu_pTHj_genbin5_recobin3 acc 0.0481 eff 0.0003 outinratio 0.0339 

WminusH126_2e2mu_pTHj_genbin5_recobin3 acc 0.052 eff 0.0083 outinratio 0.0781 

WplusH126_2e2mu_pTHj_genbin5_recobin3 acc 0.0476 eff 0.0 outinratio 0.0895 

ZH126_2e2mu_pTHj_genbin5_recobin3 acc 0.0538 eff 0.0097 outinratio 0.0574 

ttH126_2e2mu_pTHj_genbin5_recobin3 acc 0.2185 eff 0.0026 outinratio 0.1354 

ggH126_2e2mu_pTHj_genbin0_recobin4 acc 0.2592 eff 0.0206 outinratio 0.0582 

VBFH126_2e2mu_pTHj_genbin0_recobin4 acc 0.0394 eff 0.0332 outinratio 0.0349 

WminusH126_2e2mu_pTHj_genbin0_recobin4 acc 0.0794 eff 0.08 outinratio 0.0735 

WplusH126_2e2mu_pTHj_genbin0_recobin4 acc 0.0722 eff 0.0618 outinratio 0.0589 

ZH126_2e2mu_pTHj_genbin0_recobin4 acc 0.0752 eff 0.0366 outinratio 0.0858 

ttH126_2e2mu_pTHj_genbin0_recobin4 acc 0.0008 eff 0.1461 outinratio 0.1765 

ggH126_2e2mu_pTHj_genbin1_recobin4 acc 0.0262 eff 0.0321 outinratio 0.0582 

VBFH126_2e2mu_pTHj_genbin1_recobin4 acc 0.026 eff 0.0254 outinratio 0.0349 

WminusH126_2e2mu_pTHj_genbin1_recobin4 acc 0.0132 eff 0.0132 outinratio 0.0735 

WplusH126_2e2mu_pTHj_genbin1_recobin4 acc 0.0121 eff 0.0533 outinratio 0.0589 

ZH126_2e2mu_pTHj_genbin1_recobin4 acc 0.0151 eff 0.0289 outinratio 0.0858 

ttH126_2e2mu_pTHj_genbin1_recobin4 acc 0.0021 eff 0.0 outinratio 0.1765 

ggH126_2e2mu_pTHj_genbin2_recobin4 acc 0.0519 eff 0.0276 outinratio 0.0582 

VBFH126_2e2mu_pTHj_genbin2_recobin4 acc 0.0916 eff 0.0479 outinratio 0.0349 

WminusH126_2e2mu_pTHj_genbin2_recobin4 acc 0.0541 eff 0.0315 outinratio 0.0735 

WplusH126_2e2mu_pTHj_genbin2_recobin4 acc 0.0451 eff 0.0517 outinratio 0.0589 

ZH126_2e2mu_pTHj_genbin2_recobin4 acc 0.0453 eff 0.0613 outinratio 0.0858 

ttH126_2e2mu_pTHj_genbin2_recobin4 acc 0.0095 eff 0.0284 outinratio 0.1765 

ggH126_2e2mu_pTHj_genbin3_recobin4 acc 0.0278 eff 0.123 outinratio 0.0582 

VBFH126_2e2mu_pTHj_genbin3_recobin4 acc 0.0765 eff 0.1387 outinratio 0.0349 

WminusH126_2e2mu_pTHj_genbin3_recobin4 acc 0.0476 eff 0.1411 outinratio 0.0735 

WplusH126_2e2mu_pTHj_genbin3_recobin4 acc 0.0416 eff 0.1394 outinratio 0.0589 

ZH126_2e2mu_pTHj_genbin3_recobin4 acc 0.0482 eff 0.0939 outinratio 0.0858 

ttH126_2e2mu_pTHj_genbin3_recobin4 acc 0.011 eff 0.135 outinratio 0.1765 

ggH126_2e2mu_pTHj_genbin4_recobin4 acc 0.0385 eff 0.4232 outinratio 0.0582 

VBFH126_2e2mu_pTHj_genbin4_recobin4 acc 0.1628 eff 0.4242 outinratio 0.0349 

WminusH126_2e2mu_pTHj_genbin4_recobin4 acc 0.0961 eff 0.422 outinratio 0.0735 

WplusH126_2e2mu_pTHj_genbin4_recobin4 acc 0.0896 eff 0.3854 outinratio 0.0589 

ZH126_2e2mu_pTHj_genbin4_recobin4 acc 0.1063 eff 0.3982 outinratio 0.0858 

ttH126_2e2mu_pTHj_genbin4_recobin4 acc 0.0696 eff 0.3625 outinratio 0.1765 

ggH126_2e2mu_pTHj_genbin5_recobin4 acc 0.0111 eff 0.0744 outinratio 0.0582 

VBFH126_2e2mu_pTHj_genbin5_recobin4 acc 0.0481 eff 0.0816 outinratio 0.0349 

WminusH126_2e2mu_pTHj_genbin5_recobin4 acc 0.052 eff 0.0598 outinratio 0.0735 

WplusH126_2e2mu_pTHj_genbin5_recobin4 acc 0.0476 eff 0.0687 outinratio 0.0589 

ZH126_2e2mu_pTHj_genbin5_recobin4 acc 0.0538 eff 0.0604 outinratio 0.0858 

ttH126_2e2mu_pTHj_genbin5_recobin4 acc 0.2185 eff 0.0288 outinratio 0.1765 

ggH126_2e2mu_pTHj_genbin0_recobin5 acc 0.2592 eff 0.0007 outinratio 0.0417 

VBFH126_2e2mu_pTHj_genbin0_recobin5 acc 0.0394 eff 0.0026 outinratio 0.05 

WminusH126_2e2mu_pTHj_genbin0_recobin5 acc 0.0794 eff 0.0235 outinratio 0.0914 

WplusH126_2e2mu_pTHj_genbin0_recobin5 acc 0.0722 eff 0.0383 outinratio 0.1098 

ZH126_2e2mu_pTHj_genbin0_recobin5 acc 0.0752 eff 0.0285 outinratio 0.0611 

ttH126_2e2mu_pTHj_genbin0_recobin5 acc 0.0008 eff 0.1405 outinratio 0.1613 

ggH126_2e2mu_pTHj_genbin1_recobin5 acc 0.0262 eff 0.0077 outinratio 0.0417 

VBFH126_2e2mu_pTHj_genbin1_recobin5 acc 0.026 eff 0.0105 outinratio 0.05 

WminusH126_2e2mu_pTHj_genbin1_recobin5 acc 0.0132 eff 0.0144 outinratio 0.0914 

WplusH126_2e2mu_pTHj_genbin1_recobin5 acc 0.0121 eff 0.0 outinratio 0.1098 

ZH126_2e2mu_pTHj_genbin1_recobin5 acc 0.0151 eff 0.0142 outinratio 0.0611 

ttH126_2e2mu_pTHj_genbin1_recobin5 acc 0.0021 eff 0.0713 outinratio 0.1613 

ggH126_2e2mu_pTHj_genbin2_recobin5 acc 0.0519 eff 0.0141 outinratio 0.0417 

VBFH126_2e2mu_pTHj_genbin2_recobin5 acc 0.0916 eff 0.0081 outinratio 0.05 

WminusH126_2e2mu_pTHj_genbin2_recobin5 acc 0.0541 eff 0.0038 outinratio 0.0914 

WplusH126_2e2mu_pTHj_genbin2_recobin5 acc 0.0451 eff 0.0163 outinratio 0.1098 

ZH126_2e2mu_pTHj_genbin2_recobin5 acc 0.0453 eff 0.0 outinratio 0.0611 

ttH126_2e2mu_pTHj_genbin2_recobin5 acc 0.0095 eff 0.0754 outinratio 0.1613 

ggH126_2e2mu_pTHj_genbin3_recobin5 acc 0.0278 eff 0.0032 outinratio 0.0417 

VBFH126_2e2mu_pTHj_genbin3_recobin5 acc 0.0765 eff 0.0136 outinratio 0.05 

WminusH126_2e2mu_pTHj_genbin3_recobin5 acc 0.0476 eff 0.0166 outinratio 0.0914 

WplusH126_2e2mu_pTHj_genbin3_recobin5 acc 0.0416 eff 0.0079 outinratio 0.1098 

ZH126_2e2mu_pTHj_genbin3_recobin5 acc 0.0482 eff 0.0046 outinratio 0.0611 

ttH126_2e2mu_pTHj_genbin3_recobin5 acc 0.011 eff 0.0608 outinratio 0.1613 

ggH126_2e2mu_pTHj_genbin4_recobin5 acc 0.0385 eff 0.0381 outinratio 0.0417 

VBFH126_2e2mu_pTHj_genbin4_recobin5 acc 0.1628 eff 0.053 outinratio 0.05 

WminusH126_2e2mu_pTHj_genbin4_recobin5 acc 0.0961 eff 0.0443 outinratio 0.0914 

WplusH126_2e2mu_pTHj_genbin4_recobin5 acc 0.0896 eff 0.0593 outinratio 0.1098 

ZH126_2e2mu_pTHj_genbin4_recobin5 acc 0.1063 eff 0.0391 outinratio 0.0611 

ttH126_2e2mu_pTHj_genbin4_recobin5 acc 0.0696 eff 0.1142 outinratio 0.1613 

ggH126_2e2mu_pTHj_genbin5_recobin5 acc 0.0111 eff 0.558 outinratio 0.0417 

VBFH126_2e2mu_pTHj_genbin5_recobin5 acc 0.0481 eff 0.475 outinratio 0.05 

WminusH126_2e2mu_pTHj_genbin5_recobin5 acc 0.052 eff 0.4292 outinratio 0.0914 

WplusH126_2e2mu_pTHj_genbin5_recobin5 acc 0.0476 eff 0.4104 outinratio 0.1098 

ZH126_2e2mu_pTHj_genbin5_recobin5 acc 0.0538 eff 0.4429 outinratio 0.0611 

ttH126_2e2mu_pTHj_genbin5_recobin5 acc 0.2185 eff 0.4946 outinratio 0.1613 

Coeff fullNNLOPS
