Welcome in RunCoefficients!
OPT SPLIT
DEBUG opt.YEAR = 2024_8
It is a single-differential measurement, binning [105.0, 160.0]
ZZMass
Following observables extracted from dictionary: RECO =  ZZMass  GEN =  GENmass4l
LUMI: 10.882200000000001
ttH126 0.00046886128
Processing ggH126 2024_8
Signal created
Signal failed created
Processing VBFH126 2024_8
Signal created
Signal failed created
Processing WminusH126 2024_8
Signal created
Signal failed created
Processing WplusH126 2024_8
Signal created
Signal failed created
Processing ZH126 2024_8
Signal created
Signal failed created
Processing ttH126 2024_8
Signal created
Signal failed created
2024_8 SKIMMED df CREATED
2024_8 ggH126
2024_8 VBFH126
2024_8 WminusH126
2024_8 WplusH126
2024_8 ZH126
2024_8 ttH126
Dataframes created successfully
Coeff std
ggH126_4l_mass4l_genbin0_recobin0 acc 0.4106 eff 0.5534 outinratio 0.0519 

VBFH126_4l_mass4l_genbin0_recobin0 acc 0.4505 eff 0.5732 outinratio 0.0352 

WminusH126_4l_mass4l_genbin0_recobin0 acc 0.3579 eff 0.548 outinratio 0.0641 

WplusH126_4l_mass4l_genbin0_recobin0 acc 0.3197 eff 0.5516 outinratio 0.0662 

ZH126_4l_mass4l_genbin0_recobin0 acc 0.3403 eff 0.5486 outinratio 0.0812 

ttH126_4l_mass4l_genbin0_recobin0 acc 0.3202 eff 0.5368 outinratio 0.1666 

ggH126_4e_mass4l_genbin0_recobin0 acc 0.3993 eff 0.324 outinratio 0.0623 

VBFH126_4e_mass4l_genbin0_recobin0 acc 0.4297 eff 0.3638 outinratio 0.0336 

WminusH126_4e_mass4l_genbin0_recobin0 acc 0.3489 eff 0.3366 outinratio 0.0692 

WplusH126_4e_mass4l_genbin0_recobin0 acc 0.3194 eff 0.3513 outinratio 0.065 

ZH126_4e_mass4l_genbin0_recobin0 acc 0.3312 eff 0.3368 outinratio 0.0682 

ttH126_4e_mass4l_genbin0_recobin0 acc 0.3141 eff 0.352 outinratio 0.1794 

ggH126_4mu_mass4l_genbin0_recobin0 acc 0.4283 eff 0.8159 outinratio 0.0398 

VBFH126_4mu_mass4l_genbin0_recobin0 acc 0.4796 eff 0.8262 outinratio 0.0328 

WminusH126_4mu_mass4l_genbin0_recobin0 acc 0.3757 eff 0.8077 outinratio 0.0496 

WplusH126_4mu_mass4l_genbin0_recobin0 acc 0.3479 eff 0.8001 outinratio 0.0618 

ZH126_4mu_mass4l_genbin0_recobin0 acc 0.3556 eff 0.8062 outinratio 0.0907 

ttH126_4mu_mass4l_genbin0_recobin0 acc 0.3427 eff 0.7626 outinratio 0.1501 

ggH126_2e2mu_mass4l_genbin0_recobin0 acc 0.4071 eff 0.5238 outinratio 0.0594 

VBFH126_2e2mu_mass4l_genbin0_recobin0 acc 0.446 eff 0.5342 outinratio 0.038 

WminusH126_2e2mu_mass4l_genbin0_recobin0 acc 0.3531 eff 0.5113 outinratio 0.0756 

WplusH126_2e2mu_mass4l_genbin0_recobin0 acc 0.3042 eff 0.5098 outinratio 0.0711 

ZH126_2e2mu_mass4l_genbin0_recobin0 acc 0.3369 eff 0.512 outinratio 0.0771 

ttH126_2e2mu_mass4l_genbin0_recobin0 acc 0.311 eff 0.5009 outinratio 0.1769 

Coeff fullNNLOPS
