Welcome in RunCoefficients!
OPT SPLIT
DEBUG opt.YEAR = 2022EE_6
It is a single-differential measurement, binning [105.0, 160.0]
ZZMass
Following observables extracted from dictionary: RECO =  ZZMass  GEN =  GENmass4l
LUMI: 4.4454666666666665
ttH126 0.00016778593
Processing ggH126 2022EE_6
Signal created
Signal failed created
Processing VBFH126 2022EE_6
Signal created
Signal failed created
Processing WminusH126 2022EE_6
Signal created
Signal failed created
Processing WplusH126 2022EE_6
Signal created
Signal failed created
Processing ZH126 2022EE_6
Signal created
Signal failed created
Processing ttH126 2022EE_6
Signal created
Signal failed created
2022EE_6 SKIMMED df CREATED
2022EE_6 ggH126
2022EE_6 VBFH126
2022EE_6 WminusH126
2022EE_6 WplusH126
2022EE_6 ZH126
2022EE_6 ttH126
Dataframes created successfully
Coeff std
ggH126_4l_mass4l_genbin0_recobin0 acc 0.4472 eff 0.4969 outinratio 0.0079 

VBFH126_4l_mass4l_genbin0_recobin0 acc 0.481 eff 0.5247 outinratio 0.0059 

WminusH126_4l_mass4l_genbin0_recobin0 acc 0.4118 eff 0.4716 outinratio 0.0176 

WplusH126_4l_mass4l_genbin0_recobin0 acc 0.3629 eff 0.4734 outinratio 0.019 

ZH126_4l_mass4l_genbin0_recobin0 acc 0.3923 eff 0.4761 outinratio 0.048 

ttH126_4l_mass4l_genbin0_recobin0 acc 0.4861 eff 0.3905 outinratio 0.0422 

ggH126_4e_mass4l_genbin0_recobin0 acc 0.4299 eff 0.3226 outinratio 0.0107 

VBFH126_4e_mass4l_genbin0_recobin0 acc 0.4605 eff 0.3565 outinratio 0.013 

WminusH126_4e_mass4l_genbin0_recobin0 acc 0.3972 eff 0.3225 outinratio 0.0223 

WplusH126_4e_mass4l_genbin0_recobin0 acc 0.3596 eff 0.3347 outinratio 0.0231 

ZH126_4e_mass4l_genbin0_recobin0 acc 0.3768 eff 0.3264 outinratio 0.041 

ttH126_4e_mass4l_genbin0_recobin0 acc 0.4598 eff 0.2937 outinratio 0.0462 

ggH126_4mu_mass4l_genbin0_recobin0 acc 0.4767 eff 0.6855 outinratio 0.0064 

VBFH126_4mu_mass4l_genbin0_recobin0 acc 0.5264 eff 0.6985 outinratio 0.0032 

WminusH126_4mu_mass4l_genbin0_recobin0 acc 0.4405 eff 0.6339 outinratio 0.013 

WplusH126_4mu_mass4l_genbin0_recobin0 acc 0.3801 eff 0.6404 outinratio 0.0115 

ZH126_4mu_mass4l_genbin0_recobin0 acc 0.4162 eff 0.6242 outinratio 0.0498 

ttH126_4mu_mass4l_genbin0_recobin0 acc 0.5183 eff 0.5 outinratio 0.0357 

ggH126_2e2mu_mass4l_genbin0_recobin0 acc 0.4405 eff 0.478 outinratio 0.0082 

VBFH126_2e2mu_mass4l_genbin0_recobin0 acc 0.4667 eff 0.5075 outinratio 0.0054 

WminusH126_2e2mu_mass4l_genbin0_recobin0 acc 0.4043 eff 0.4557 outinratio 0.0195 

WplusH126_2e2mu_mass4l_genbin0_recobin0 acc 0.355 eff 0.4503 outinratio 0.0237 

ZH126_2e2mu_mass4l_genbin0_recobin0 acc 0.3879 eff 0.4695 outinratio 0.0492 

ttH126_2e2mu_mass4l_genbin0_recobin0 acc 0.4827 eff 0.3759 outinratio 0.0457 

Coeff fullNNLOPS
