Welcome in RunCoefficients!
OPT SPLIT
DEBUG opt.YEAR = 2024_4
It is a single-differential measurement, binning [-100.0, 30.0, 55.0, 95.0, 200.0, 10000.0]
pTj1
Following observables extracted from dictionary: RECO =  pTj1  GEN =  GENpTj1
LUMI: 10.882200000000001
ttH126 0.00046886128
Processing ggH126 2024_4
Signal created
Signal failed created
Processing VBFH126 2024_4
Signal created
Signal failed created
Processing WminusH126 2024_4
Signal created
Signal failed created
Processing WplusH126 2024_4
Signal created
Signal failed created
Processing ZH126 2024_4
Signal created
Signal failed created
Processing ttH126 2024_4
Signal created
Signal failed created
2024_4 SKIMMED df CREATED
2024_4 ggH126
2024_4 VBFH126
2024_4 WminusH126
2024_4 WplusH126
2024_4 ZH126
2024_4 ttH126
Dataframes created successfully
Coeff std
ggH126_4l_pTj1_genbin0_recobin0 acc 0.2556 eff 0.4769 outinratio 0.0519 

VBFH126_4l_pTj1_genbin0_recobin0 acc 0.0378 eff 0.3551 outinratio 0.0132 

WminusH126_4l_pTj1_genbin0_recobin0 acc 0.0917 eff 0.2881 outinratio 0.2984 

WplusH126_4l_pTj1_genbin0_recobin0 acc 0.0743 eff 0.3851 outinratio 0.0596 

ZH126_4l_pTj1_genbin0_recobin0 acc 0.0753 eff 0.4345 outinratio 0.0805 

ttH126_4l_pTj1_genbin0_recobin0 acc 0.0006 eff -1.0 outinratio 1.34 

ggH126_4l_pTj1_genbin1_recobin0 acc 0.0749 eff 0.1045 outinratio 0.0519 

VBFH126_4l_pTj1_genbin1_recobin0 acc 0.0953 eff 0.0634 outinratio 0.0132 

WminusH126_4l_pTj1_genbin1_recobin0 acc 0.0917 eff 0.0194 outinratio 0.2984 

WplusH126_4l_pTj1_genbin1_recobin0 acc 0.0704 eff 0.0499 outinratio 0.0596 

ZH126_4l_pTj1_genbin1_recobin0 acc 0.0755 eff 0.0513 outinratio 0.0805 

ttH126_4l_pTj1_genbin1_recobin0 acc 0.0084 eff 0.0 outinratio 1.34 

ggH126_4l_pTj1_genbin2_recobin0 acc 0.0432 eff 0.0113 outinratio 0.0519 

VBFH126_4l_pTj1_genbin2_recobin0 acc 0.1549 eff 0.0129 outinratio 0.0132 

WminusH126_4l_pTj1_genbin2_recobin0 acc 0.0896 eff 0.0 outinratio 0.2984 

WplusH126_4l_pTj1_genbin2_recobin0 acc 0.0863 eff 0.0049 outinratio 0.0596 

ZH126_4l_pTj1_genbin2_recobin0 acc 0.1031 eff 0.006 outinratio 0.0805 

ttH126_4l_pTj1_genbin2_recobin0 acc 0.0678 eff 0.001 outinratio 1.34 

ggH126_4l_pTj1_genbin3_recobin0 acc 0.0271 eff 0.0015 outinratio 0.0519 

VBFH126_4l_pTj1_genbin3_recobin0 acc 0.1472 eff 0.0025 outinratio 0.0132 

WminusH126_4l_pTj1_genbin3_recobin0 acc 0.0554 eff 0.0 outinratio 0.2984 

WplusH126_4l_pTj1_genbin3_recobin0 acc 0.0655 eff 0.0013 outinratio 0.0596 

ZH126_4l_pTj1_genbin3_recobin0 acc 0.0729 eff 0.0016 outinratio 0.0805 

ttH126_4l_pTj1_genbin3_recobin0 acc 0.1773 eff 0.0 outinratio 1.34 

ggH126_4l_pTj1_genbin4_recobin0 acc 0.0062 eff 0.0 outinratio 0.0519 

VBFH126_4l_pTj1_genbin4_recobin0 acc 0.0256 eff 0.0 outinratio 0.0132 

WminusH126_4l_pTj1_genbin4_recobin0 acc 0.0235 eff 0.0 outinratio 0.2984 

WplusH126_4l_pTj1_genbin4_recobin0 acc 0.017 eff 0.0 outinratio 0.0596 

ZH126_4l_pTj1_genbin4_recobin0 acc 0.0165 eff 0.0 outinratio 0.0805 

ttH126_4l_pTj1_genbin4_recobin0 acc 0.0661 eff 0.0 outinratio 1.34 

ggH126_4l_pTj1_genbin0_recobin1 acc 0.2556 eff 0.0639 outinratio 0.0581 

VBFH126_4l_pTj1_genbin0_recobin1 acc 0.0378 eff 0.1419 outinratio 0.0411 

WminusH126_4l_pTj1_genbin0_recobin1 acc 0.0917 eff 0.0778 outinratio 0.0744 

WplusH126_4l_pTj1_genbin0_recobin1 acc 0.0743 eff 0.1005 outinratio 0.0757 

ZH126_4l_pTj1_genbin0_recobin1 acc 0.0753 eff 0.0726 outinratio 0.0717 

ttH126_4l_pTj1_genbin0_recobin1 acc 0.0006 eff -1.0 outinratio 0.1842 

ggH126_4l_pTj1_genbin1_recobin1 acc 0.0749 eff 0.3848 outinratio 0.0581 

VBFH126_4l_pTj1_genbin1_recobin1 acc 0.0953 eff 0.3539 outinratio 0.0411 

WminusH126_4l_pTj1_genbin1_recobin1 acc 0.0917 eff 0.3354 outinratio 0.0744 

WplusH126_4l_pTj1_genbin1_recobin1 acc 0.0704 eff 0.3662 outinratio 0.0757 

ZH126_4l_pTj1_genbin1_recobin1 acc 0.0755 eff 0.3782 outinratio 0.0717 

ttH126_4l_pTj1_genbin1_recobin1 acc 0.0084 eff 0.2257 outinratio 0.1842 

ggH126_4l_pTj1_genbin2_recobin1 acc 0.0432 eff 0.0695 outinratio 0.0581 

VBFH126_4l_pTj1_genbin2_recobin1 acc 0.1549 eff 0.0522 outinratio 0.0411 

WminusH126_4l_pTj1_genbin2_recobin1 acc 0.0896 eff 0.0 outinratio 0.0744 

WplusH126_4l_pTj1_genbin2_recobin1 acc 0.0863 eff 0.0528 outinratio 0.0757 

ZH126_4l_pTj1_genbin2_recobin1 acc 0.1031 eff 0.0548 outinratio 0.0717 

ttH126_4l_pTj1_genbin2_recobin1 acc 0.0678 eff 0.0166 outinratio 0.1842 

ggH126_4l_pTj1_genbin3_recobin1 acc 0.0271 eff 0.0013 outinratio 0.0581 

VBFH126_4l_pTj1_genbin3_recobin1 acc 0.1472 eff 0.0033 outinratio 0.0411 

WminusH126_4l_pTj1_genbin3_recobin1 acc 0.0554 eff 0.0 outinratio 0.0744 

WplusH126_4l_pTj1_genbin3_recobin1 acc 0.0655 eff 0.0021 outinratio 0.0757 

ZH126_4l_pTj1_genbin3_recobin1 acc 0.0729 eff 0.0017 outinratio 0.0717 

ttH126_4l_pTj1_genbin3_recobin1 acc 0.1773 eff 0.0009 outinratio 0.1842 

ggH126_4l_pTj1_genbin4_recobin1 acc 0.0062 eff 0.0 outinratio 0.0581 

VBFH126_4l_pTj1_genbin4_recobin1 acc 0.0256 eff 0.0 outinratio 0.0411 

WminusH126_4l_pTj1_genbin4_recobin1 acc 0.0235 eff 0.0 outinratio 0.0744 

WplusH126_4l_pTj1_genbin4_recobin1 acc 0.017 eff 0.0007 outinratio 0.0757 

ZH126_4l_pTj1_genbin4_recobin1 acc 0.0165 eff 0.0 outinratio 0.0717 

ttH126_4l_pTj1_genbin4_recobin1 acc 0.0661 eff 0.0 outinratio 0.1842 

ggH126_4l_pTj1_genbin0_recobin2 acc 0.2556 eff 0.0071 outinratio 0.0654 

VBFH126_4l_pTj1_genbin0_recobin2 acc 0.0378 eff 0.0305 outinratio 0.0449 

WminusH126_4l_pTj1_genbin0_recobin2 acc 0.0917 eff 0.0599 outinratio 0.0444 

WplusH126_4l_pTj1_genbin0_recobin2 acc 0.0743 eff 0.0338 outinratio 0.0839 

ZH126_4l_pTj1_genbin0_recobin2 acc 0.0753 eff 0.0276 outinratio 0.109 

ttH126_4l_pTj1_genbin0_recobin2 acc 0.0006 eff -1.0 outinratio 0.1336 

ggH126_4l_pTj1_genbin1_recobin2 acc 0.0749 eff 0.065 outinratio 0.0654 

VBFH126_4l_pTj1_genbin1_recobin2 acc 0.0953 eff 0.1409 outinratio 0.0449 

WminusH126_4l_pTj1_genbin1_recobin2 acc 0.0917 eff 0.1593 outinratio 0.0444 

WplusH126_4l_pTj1_genbin1_recobin2 acc 0.0704 eff 0.1151 outinratio 0.0839 

ZH126_4l_pTj1_genbin1_recobin2 acc 0.0755 eff 0.117 outinratio 0.109 

ttH126_4l_pTj1_genbin1_recobin2 acc 0.0084 eff 0.1742 outinratio 0.1336 

ggH126_4l_pTj1_genbin2_recobin2 acc 0.0432 eff 0.4419 outinratio 0.0654 

VBFH126_4l_pTj1_genbin2_recobin2 acc 0.1549 eff 0.3739 outinratio 0.0449 

WminusH126_4l_pTj1_genbin2_recobin2 acc 0.0896 eff 0.4539 outinratio 0.0444 

WplusH126_4l_pTj1_genbin2_recobin2 acc 0.0863 eff 0.4237 outinratio 0.0839 

ZH126_4l_pTj1_genbin2_recobin2 acc 0.1031 eff 0.4292 outinratio 0.109 

ttH126_4l_pTj1_genbin2_recobin2 acc 0.0678 eff 0.4365 outinratio 0.1336 

ggH126_4l_pTj1_genbin3_recobin2 acc 0.0271 eff 0.0654 outinratio 0.0654 

VBFH126_4l_pTj1_genbin3_recobin2 acc 0.1472 eff 0.0562 outinratio 0.0449 

WminusH126_4l_pTj1_genbin3_recobin2 acc 0.0554 eff 0.0 outinratio 0.0444 

WplusH126_4l_pTj1_genbin3_recobin2 acc 0.0655 eff 0.0487 outinratio 0.0839 

ZH126_4l_pTj1_genbin3_recobin2 acc 0.0729 eff 0.0473 outinratio 0.109 

ttH126_4l_pTj1_genbin3_recobin2 acc 0.1773 eff 0.0337 outinratio 0.1336 

ggH126_4l_pTj1_genbin4_recobin2 acc 0.0062 eff 0.0 outinratio 0.0654 

VBFH126_4l_pTj1_genbin4_recobin2 acc 0.0256 eff 0.0041 outinratio 0.0449 

WminusH126_4l_pTj1_genbin4_recobin2 acc 0.0235 eff 0.0 outinratio 0.0444 

WplusH126_4l_pTj1_genbin4_recobin2 acc 0.017 eff 0.0023 outinratio 0.0839 

ZH126_4l_pTj1_genbin4_recobin2 acc 0.0165 eff 0.0 outinratio 0.109 

ttH126_4l_pTj1_genbin4_recobin2 acc 0.0661 eff 0.0042 outinratio 0.1336 

ggH126_4l_pTj1_genbin0_recobin3 acc 0.2556 eff 0.0003 outinratio 0.0477 

VBFH126_4l_pTj1_genbin0_recobin3 acc 0.0378 eff 0.0 outinratio 0.0199 

WminusH126_4l_pTj1_genbin0_recobin3 acc 0.0917 eff 0.0056 outinratio 0.0 

WplusH126_4l_pTj1_genbin0_recobin3 acc 0.0743 eff 0.0152 outinratio 0.0665 

ZH126_4l_pTj1_genbin0_recobin3 acc 0.0753 eff 0.0051 outinratio 0.0709 

ttH126_4l_pTj1_genbin0_recobin3 acc 0.0006 eff -1.0 outinratio 0.1529 

ggH126_4l_pTj1_genbin1_recobin3 acc 0.0749 eff 0.0003 outinratio 0.0477 

VBFH126_4l_pTj1_genbin1_recobin3 acc 0.0953 eff 0.0025 outinratio 0.0199 

WminusH126_4l_pTj1_genbin1_recobin3 acc 0.0917 eff 0.0 outinratio 0.0 

WplusH126_4l_pTj1_genbin1_recobin3 acc 0.0704 eff 0.0065 outinratio 0.0665 

ZH126_4l_pTj1_genbin1_recobin3 acc 0.0755 eff 0.0017 outinratio 0.0709 

ttH126_4l_pTj1_genbin1_recobin3 acc 0.0084 eff 0.0892 outinratio 0.1529 

ggH126_4l_pTj1_genbin2_recobin3 acc 0.0432 eff 0.0468 outinratio 0.0477 

VBFH126_4l_pTj1_genbin2_recobin3 acc 0.1549 eff 0.0852 outinratio 0.0199 

WminusH126_4l_pTj1_genbin2_recobin3 acc 0.0896 eff 0.0251 outinratio 0.0 

WplusH126_4l_pTj1_genbin2_recobin3 acc 0.0863 eff 0.0731 outinratio 0.0665 

ZH126_4l_pTj1_genbin2_recobin3 acc 0.1031 eff 0.0615 outinratio 0.0709 

ttH126_4l_pTj1_genbin2_recobin3 acc 0.0678 eff 0.128 outinratio 0.1529 

ggH126_4l_pTj1_genbin3_recobin3 acc 0.0271 eff 0.4684 outinratio 0.0477 

VBFH126_4l_pTj1_genbin3_recobin3 acc 0.1472 eff 0.5415 outinratio 0.0199 

WminusH126_4l_pTj1_genbin3_recobin3 acc 0.0554 eff 0.5344 outinratio 0.0 

WplusH126_4l_pTj1_genbin3_recobin3 acc 0.0655 eff 0.4853 outinratio 0.0665 

ZH126_4l_pTj1_genbin3_recobin3 acc 0.0729 eff 0.4875 outinratio 0.0709 

ttH126_4l_pTj1_genbin3_recobin3 acc 0.1773 eff 0.4551 outinratio 0.1529 

ggH126_4l_pTj1_genbin4_recobin3 acc 0.0062 eff 0.0872 outinratio 0.0477 

VBFH126_4l_pTj1_genbin4_recobin3 acc 0.0256 eff 0.0541 outinratio 0.0199 

WminusH126_4l_pTj1_genbin4_recobin3 acc 0.0235 eff 0.0497 outinratio 0.0 

WplusH126_4l_pTj1_genbin4_recobin3 acc 0.017 eff 0.032 outinratio 0.0665 

ZH126_4l_pTj1_genbin4_recobin3 acc 0.0165 eff 0.021 outinratio 0.0709 

ttH126_4l_pTj1_genbin4_recobin3 acc 0.0661 eff 0.042 outinratio 0.1529 

ggH126_4l_pTj1_genbin0_recobin4 acc 0.2556 eff 0.0 outinratio 0.0509 

VBFH126_4l_pTj1_genbin0_recobin4 acc 0.0378 eff 0.0 outinratio 0.046 

WminusH126_4l_pTj1_genbin0_recobin4 acc 0.0917 eff 0.0 outinratio 0.0 

WplusH126_4l_pTj1_genbin0_recobin4 acc 0.0743 eff 0.001 outinratio 0.0672 

ZH126_4l_pTj1_genbin0_recobin4 acc 0.0753 eff 0.001 outinratio 0.0861 

ttH126_4l_pTj1_genbin0_recobin4 acc 0.0006 eff -1.0 outinratio 0.2262 

ggH126_4l_pTj1_genbin1_recobin4 acc 0.0749 eff 0.0 outinratio 0.0509 

VBFH126_4l_pTj1_genbin1_recobin4 acc 0.0953 eff 0.0 outinratio 0.046 

WminusH126_4l_pTj1_genbin1_recobin4 acc 0.0917 eff 0.0 outinratio 0.0 

WplusH126_4l_pTj1_genbin1_recobin4 acc 0.0704 eff 0.0002 outinratio 0.0672 

ZH126_4l_pTj1_genbin1_recobin4 acc 0.0755 eff 0.0 outinratio 0.0861 

ttH126_4l_pTj1_genbin1_recobin4 acc 0.0084 eff 0.0073 outinratio 0.2262 

ggH126_4l_pTj1_genbin2_recobin4 acc 0.0432 eff 0.0 outinratio 0.0509 

VBFH126_4l_pTj1_genbin2_recobin4 acc 0.1549 eff 0.0 outinratio 0.046 

WminusH126_4l_pTj1_genbin2_recobin4 acc 0.0896 eff 0.0 outinratio 0.0 

WplusH126_4l_pTj1_genbin2_recobin4 acc 0.0863 eff 0.0001 outinratio 0.0672 

ZH126_4l_pTj1_genbin2_recobin4 acc 0.1031 eff 0.0 outinratio 0.0861 

ttH126_4l_pTj1_genbin2_recobin4 acc 0.0678 eff 0.0026 outinratio 0.2262 

ggH126_4l_pTj1_genbin3_recobin4 acc 0.0271 eff 0.0253 outinratio 0.0509 

VBFH126_4l_pTj1_genbin3_recobin4 acc 0.1472 eff 0.027 outinratio 0.046 

WminusH126_4l_pTj1_genbin3_recobin4 acc 0.0554 eff 0.0107 outinratio 0.0 

WplusH126_4l_pTj1_genbin3_recobin4 acc 0.0655 eff 0.0259 outinratio 0.0672 

ZH126_4l_pTj1_genbin3_recobin4 acc 0.0729 eff 0.0286 outinratio 0.0861 

ttH126_4l_pTj1_genbin3_recobin4 acc 0.1773 eff 0.0235 outinratio 0.2262 

ggH126_4l_pTj1_genbin4_recobin4 acc 0.0062 eff 0.5123 outinratio 0.0509 

VBFH126_4l_pTj1_genbin4_recobin4 acc 0.0256 eff 0.5005 outinratio 0.046 

WminusH126_4l_pTj1_genbin4_recobin4 acc 0.0235 eff 0.6206 outinratio 0.0 

WplusH126_4l_pTj1_genbin4_recobin4 acc 0.017 eff 0.5231 outinratio 0.0672 

ZH126_4l_pTj1_genbin4_recobin4 acc 0.0165 eff 0.5528 outinratio 0.0861 

ttH126_4l_pTj1_genbin4_recobin4 acc 0.0661 eff 0.5087 outinratio 0.2262 

ggH126_4e_pTj1_genbin0_recobin0 acc 0.2453 eff 0.2808 outinratio 0.0445 

VBFH126_4e_pTj1_genbin0_recobin0 acc 0.0424 eff 0.2081 outinratio 0.0213 

WminusH126_4e_pTj1_genbin0_recobin0 acc 0.0698 eff -1.0 outinratio 0.0 

WplusH126_4e_pTj1_genbin0_recobin0 acc 0.0732 eff 0.2328 outinratio 0.0567 

ZH126_4e_pTj1_genbin0_recobin0 acc 0.0723 eff 0.2538 outinratio 0.0752 

ttH126_4e_pTj1_genbin0_recobin0 acc 0.0004 eff -1.0 outinratio 0.0 

ggH126_4e_pTj1_genbin1_recobin0 acc 0.0761 eff 0.0588 outinratio 0.0445 

VBFH126_4e_pTj1_genbin1_recobin0 acc 0.0903 eff 0.0557 outinratio 0.0213 

WminusH126_4e_pTj1_genbin1_recobin0 acc 0.0543 eff -1.0 outinratio 0.0 

WplusH126_4e_pTj1_genbin1_recobin0 acc 0.0677 eff 0.0273 outinratio 0.0567 

ZH126_4e_pTj1_genbin1_recobin0 acc 0.0723 eff 0.0373 outinratio 0.0752 

ttH126_4e_pTj1_genbin1_recobin0 acc 0.0137 eff 0.0 outinratio 0.0 

ggH126_4e_pTj1_genbin2_recobin0 acc 0.0446 eff 0.0017 outinratio 0.0445 

VBFH126_4e_pTj1_genbin2_recobin0 acc 0.1653 eff 0.0128 outinratio 0.0213 

WminusH126_4e_pTj1_genbin2_recobin0 acc 0.1008 eff 0.0 outinratio 0.0 

WplusH126_4e_pTj1_genbin2_recobin0 acc 0.0816 eff 0.0048 outinratio 0.0567 

ZH126_4e_pTj1_genbin2_recobin0 acc 0.0918 eff 0.0105 outinratio 0.0752 

ttH126_4e_pTj1_genbin2_recobin0 acc 0.0599 eff 0.0 outinratio 0.0 

ggH126_4e_pTj1_genbin3_recobin0 acc 0.0288 eff 0.0 outinratio 0.0445 

VBFH126_4e_pTj1_genbin3_recobin0 acc 0.1218 eff 0.0026 outinratio 0.0213 

WminusH126_4e_pTj1_genbin3_recobin0 acc 0.0465 eff -1.0 outinratio 0.0 

WplusH126_4e_pTj1_genbin3_recobin0 acc 0.062 eff 0.0018 outinratio 0.0567 

ZH126_4e_pTj1_genbin3_recobin0 acc 0.0736 eff 0.0 outinratio 0.0752 

ttH126_4e_pTj1_genbin3_recobin0 acc 0.1769 eff 0.0 outinratio 0.0 

ggH126_4e_pTj1_genbin4_recobin0 acc 0.006 eff 0.0 outinratio 0.0445 

VBFH126_4e_pTj1_genbin4_recobin0 acc 0.0261 eff 0.0 outinratio 0.0213 

WminusH126_4e_pTj1_genbin4_recobin0 acc 0.0233 eff -1.0 outinratio 0.0 

WplusH126_4e_pTj1_genbin4_recobin0 acc 0.0186 eff 0.0 outinratio 0.0567 

ZH126_4e_pTj1_genbin4_recobin0 acc 0.0153 eff 0.0 outinratio 0.0752 

ttH126_4e_pTj1_genbin4_recobin0 acc 0.0632 eff 0.0 outinratio 0.0 

ggH126_4e_pTj1_genbin0_recobin1 acc 0.2453 eff 0.0361 outinratio 0.0638 

VBFH126_4e_pTj1_genbin0_recobin1 acc 0.0424 eff 0.0717 outinratio 0.0207 

WminusH126_4e_pTj1_genbin0_recobin1 acc 0.0698 eff -1.0 outinratio 0.0 

WplusH126_4e_pTj1_genbin0_recobin1 acc 0.0732 eff 0.0499 outinratio 0.0792 

ZH126_4e_pTj1_genbin0_recobin1 acc 0.0723 eff 0.0427 outinratio 0.0868 

ttH126_4e_pTj1_genbin0_recobin1 acc 0.0004 eff -1.0 outinratio 0.1501 

ggH126_4e_pTj1_genbin1_recobin1 acc 0.0761 eff 0.2546 outinratio 0.0638 

VBFH126_4e_pTj1_genbin1_recobin1 acc 0.0903 eff 0.2885 outinratio 0.0207 

WminusH126_4e_pTj1_genbin1_recobin1 acc 0.0543 eff -1.0 outinratio 0.0 

WplusH126_4e_pTj1_genbin1_recobin1 acc 0.0677 eff 0.2124 outinratio 0.0792 

ZH126_4e_pTj1_genbin1_recobin1 acc 0.0723 eff 0.2263 outinratio 0.0868 

ttH126_4e_pTj1_genbin1_recobin1 acc 0.0137 eff 0.1255 outinratio 0.1501 

ggH126_4e_pTj1_genbin2_recobin1 acc 0.0446 eff 0.0567 outinratio 0.0638 

VBFH126_4e_pTj1_genbin2_recobin1 acc 0.1653 eff 0.0464 outinratio 0.0207 

WminusH126_4e_pTj1_genbin2_recobin1 acc 0.1008 eff 0.0 outinratio 0.0 

WplusH126_4e_pTj1_genbin2_recobin1 acc 0.0816 eff 0.0304 outinratio 0.0792 

ZH126_4e_pTj1_genbin2_recobin1 acc 0.0918 eff 0.0265 outinratio 0.0868 

ttH126_4e_pTj1_genbin2_recobin1 acc 0.0599 eff 0.0022 outinratio 0.1501 

ggH126_4e_pTj1_genbin3_recobin1 acc 0.0288 eff 0.0014 outinratio 0.0638 

VBFH126_4e_pTj1_genbin3_recobin1 acc 0.1218 eff 0.0 outinratio 0.0207 

WminusH126_4e_pTj1_genbin3_recobin1 acc 0.0465 eff -1.0 outinratio 0.0 

WplusH126_4e_pTj1_genbin3_recobin1 acc 0.062 eff 0.0029 outinratio 0.0792 

ZH126_4e_pTj1_genbin3_recobin1 acc 0.0736 eff 0.0033 outinratio 0.0868 

ttH126_4e_pTj1_genbin3_recobin1 acc 0.1769 eff 0.0 outinratio 0.1501 

ggH126_4e_pTj1_genbin4_recobin1 acc 0.006 eff 0.0 outinratio 0.0638 

VBFH126_4e_pTj1_genbin4_recobin1 acc 0.0261 eff 0.0 outinratio 0.0207 

WminusH126_4e_pTj1_genbin4_recobin1 acc 0.0233 eff -1.0 outinratio 0.0 

WplusH126_4e_pTj1_genbin4_recobin1 acc 0.0186 eff 0.0 outinratio 0.0792 

ZH126_4e_pTj1_genbin4_recobin1 acc 0.0153 eff 0.0 outinratio 0.0868 

ttH126_4e_pTj1_genbin4_recobin1 acc 0.0632 eff 0.0 outinratio 0.1501 

ggH126_4e_pTj1_genbin0_recobin2 acc 0.2453 eff 0.0051 outinratio 0.0676 

VBFH126_4e_pTj1_genbin0_recobin2 acc 0.0424 eff 0.0418 outinratio 0.0 

WminusH126_4e_pTj1_genbin0_recobin2 acc 0.0698 eff -1.0 outinratio 0.0 

WplusH126_4e_pTj1_genbin0_recobin2 acc 0.0732 eff 0.0136 outinratio 0.0865 

ZH126_4e_pTj1_genbin0_recobin2 acc 0.0723 eff 0.0134 outinratio 0.1394 

ttH126_4e_pTj1_genbin0_recobin2 acc 0.0004 eff -1.0 outinratio 0.1898 

ggH126_4e_pTj1_genbin1_recobin2 acc 0.0761 eff 0.0425 outinratio 0.0676 

VBFH126_4e_pTj1_genbin1_recobin2 acc 0.0903 eff 0.0847 outinratio 0.0 

WminusH126_4e_pTj1_genbin1_recobin2 acc 0.0543 eff -1.0 outinratio 0.0 

WplusH126_4e_pTj1_genbin1_recobin2 acc 0.0677 eff 0.0731 outinratio 0.0865 

ZH126_4e_pTj1_genbin1_recobin2 acc 0.0723 eff 0.0644 outinratio 0.1394 

ttH126_4e_pTj1_genbin1_recobin2 acc 0.0137 eff 0.0849 outinratio 0.1898 

ggH126_4e_pTj1_genbin2_recobin2 acc 0.0446 eff 0.2746 outinratio 0.0676 

VBFH126_4e_pTj1_genbin2_recobin2 acc 0.1653 eff 0.2242 outinratio 0.0 

WminusH126_4e_pTj1_genbin2_recobin2 acc 0.1008 eff 0.4684 outinratio 0.0 

WplusH126_4e_pTj1_genbin2_recobin2 acc 0.0816 eff 0.2663 outinratio 0.0865 

ZH126_4e_pTj1_genbin2_recobin2 acc 0.0918 eff 0.236 outinratio 0.1394 

ttH126_4e_pTj1_genbin2_recobin2 acc 0.0599 eff 0.284 outinratio 0.1898 

ggH126_4e_pTj1_genbin3_recobin2 acc 0.0288 eff 0.0425 outinratio 0.0676 

VBFH126_4e_pTj1_genbin3_recobin2 acc 0.1218 eff 0.0534 outinratio 0.0 

WminusH126_4e_pTj1_genbin3_recobin2 acc 0.0465 eff -1.0 outinratio 0.0 

WplusH126_4e_pTj1_genbin3_recobin2 acc 0.062 eff 0.0308 outinratio 0.0865 

ZH126_4e_pTj1_genbin3_recobin2 acc 0.0736 eff 0.0229 outinratio 0.1394 

ttH126_4e_pTj1_genbin3_recobin2 acc 0.1769 eff 0.0222 outinratio 0.1898 

ggH126_4e_pTj1_genbin4_recobin2 acc 0.006 eff 0.0 outinratio 0.0676 

VBFH126_4e_pTj1_genbin4_recobin2 acc 0.0261 eff 0.0 outinratio 0.0 

WminusH126_4e_pTj1_genbin4_recobin2 acc 0.0233 eff -1.0 outinratio 0.0 

WplusH126_4e_pTj1_genbin4_recobin2 acc 0.0186 eff 0.0 outinratio 0.0865 

ZH126_4e_pTj1_genbin4_recobin2 acc 0.0153 eff 0.0 outinratio 0.1394 

ttH126_4e_pTj1_genbin4_recobin2 acc 0.0632 eff 0.0 outinratio 0.1898 

ggH126_4e_pTj1_genbin0_recobin3 acc 0.2453 eff 0.0003 outinratio 0.0244 

VBFH126_4e_pTj1_genbin0_recobin3 acc 0.0424 eff 0.0 outinratio 0.0612 

WminusH126_4e_pTj1_genbin0_recobin3 acc 0.0698 eff -1.0 outinratio 0.0 

WplusH126_4e_pTj1_genbin0_recobin3 acc 0.0732 eff 0.0064 outinratio 0.0551 

ZH126_4e_pTj1_genbin0_recobin3 acc 0.0723 eff 0.0023 outinratio 0.0906 

ttH126_4e_pTj1_genbin0_recobin3 acc 0.0004 eff -1.0 outinratio 0.158 

ggH126_4e_pTj1_genbin1_recobin3 acc 0.0761 eff 0.0005 outinratio 0.0244 

VBFH126_4e_pTj1_genbin1_recobin3 acc 0.0903 eff 0.0 outinratio 0.0612 

WminusH126_4e_pTj1_genbin1_recobin3 acc 0.0543 eff -1.0 outinratio 0.0 

WplusH126_4e_pTj1_genbin1_recobin3 acc 0.0677 eff 0.0022 outinratio 0.0551 

ZH126_4e_pTj1_genbin1_recobin3 acc 0.0723 eff 0.0016 outinratio 0.0906 

ttH126_4e_pTj1_genbin1_recobin3 acc 0.0137 eff 0.0377 outinratio 0.158 

ggH126_4e_pTj1_genbin2_recobin3 acc 0.0446 eff 0.026 outinratio 0.0244 

VBFH126_4e_pTj1_genbin2_recobin3 acc 0.1653 eff 0.07 outinratio 0.0612 

WminusH126_4e_pTj1_genbin2_recobin3 acc 0.1008 eff 0.0399 outinratio 0.0 

WplusH126_4e_pTj1_genbin2_recobin3 acc 0.0816 eff 0.0477 outinratio 0.0551 

ZH126_4e_pTj1_genbin2_recobin3 acc 0.0918 eff 0.0303 outinratio 0.0906 

ttH126_4e_pTj1_genbin2_recobin3 acc 0.0599 eff 0.1112 outinratio 0.158 

ggH126_4e_pTj1_genbin3_recobin3 acc 0.0288 eff 0.3081 outinratio 0.0244 

VBFH126_4e_pTj1_genbin3_recobin3 acc 0.1218 eff 0.3272 outinratio 0.0612 

WminusH126_4e_pTj1_genbin3_recobin3 acc 0.0465 eff -1.0 outinratio 0.0 

WplusH126_4e_pTj1_genbin3_recobin3 acc 0.062 eff 0.3246 outinratio 0.0551 

ZH126_4e_pTj1_genbin3_recobin3 acc 0.0736 eff 0.269 outinratio 0.0906 

ttH126_4e_pTj1_genbin3_recobin3 acc 0.1769 eff 0.2944 outinratio 0.158 

ggH126_4e_pTj1_genbin4_recobin3 acc 0.006 eff 0.0561 outinratio 0.0244 

VBFH126_4e_pTj1_genbin4_recobin3 acc 0.0261 eff 0.0214 outinratio 0.0612 

WminusH126_4e_pTj1_genbin4_recobin3 acc 0.0233 eff -1.0 outinratio 0.0 

WplusH126_4e_pTj1_genbin4_recobin3 acc 0.0186 eff 0.0261 outinratio 0.0551 

ZH126_4e_pTj1_genbin4_recobin3 acc 0.0153 eff 0.0197 outinratio 0.0906 

ttH126_4e_pTj1_genbin4_recobin3 acc 0.0632 eff 0.0364 outinratio 0.158 

ggH126_4e_pTj1_genbin0_recobin4 acc 0.2453 eff 0.0 outinratio 0.0966 

VBFH126_4e_pTj1_genbin0_recobin4 acc 0.0424 eff 0.0 outinratio 0.0 

WminusH126_4e_pTj1_genbin0_recobin4 acc 0.0698 eff -1.0 outinratio 0.0 

WplusH126_4e_pTj1_genbin0_recobin4 acc 0.0732 eff 0.0007 outinratio 0.07 

ZH126_4e_pTj1_genbin0_recobin4 acc 0.0723 eff 0.003 outinratio 0.1384 

ttH126_4e_pTj1_genbin0_recobin4 acc 0.0004 eff -1.0 outinratio 0.2258 

ggH126_4e_pTj1_genbin1_recobin4 acc 0.0761 eff 0.0 outinratio 0.0966 

VBFH126_4e_pTj1_genbin1_recobin4 acc 0.0903 eff 0.0 outinratio 0.0 

WminusH126_4e_pTj1_genbin1_recobin4 acc 0.0543 eff -1.0 outinratio 0.0 

WplusH126_4e_pTj1_genbin1_recobin4 acc 0.0677 eff 0.0007 outinratio 0.07 

ZH126_4e_pTj1_genbin1_recobin4 acc 0.0723 eff 0.0 outinratio 0.1384 

ttH126_4e_pTj1_genbin1_recobin4 acc 0.0137 eff 0.0169 outinratio 0.2258 

ggH126_4e_pTj1_genbin2_recobin4 acc 0.0446 eff 0.0 outinratio 0.0966 

VBFH126_4e_pTj1_genbin2_recobin4 acc 0.1653 eff 0.0 outinratio 0.0 

WminusH126_4e_pTj1_genbin2_recobin4 acc 0.1008 eff 0.0 outinratio 0.0 

WplusH126_4e_pTj1_genbin2_recobin4 acc 0.0816 eff 0.0 outinratio 0.07 

ZH126_4e_pTj1_genbin2_recobin4 acc 0.0918 eff 0.0 outinratio 0.1384 

ttH126_4e_pTj1_genbin2_recobin4 acc 0.0599 eff 0.0034 outinratio 0.2258 

ggH126_4e_pTj1_genbin3_recobin4 acc 0.0288 eff 0.0124 outinratio 0.0966 

VBFH126_4e_pTj1_genbin3_recobin4 acc 0.1218 eff 0.0273 outinratio 0.0 

WminusH126_4e_pTj1_genbin3_recobin4 acc 0.0465 eff -1.0 outinratio 0.0 

WplusH126_4e_pTj1_genbin3_recobin4 acc 0.062 eff 0.0208 outinratio 0.07 

ZH126_4e_pTj1_genbin3_recobin4 acc 0.0736 eff 0.0316 outinratio 0.1384 

ttH126_4e_pTj1_genbin3_recobin4 acc 0.1769 eff 0.0126 outinratio 0.2258 

ggH126_4e_pTj1_genbin4_recobin4 acc 0.006 eff 0.3657 outinratio 0.0966 

VBFH126_4e_pTj1_genbin4_recobin4 acc 0.0261 eff 0.3309 outinratio 0.0 

WminusH126_4e_pTj1_genbin4_recobin4 acc 0.0233 eff -1.0 outinratio 0.0 

WplusH126_4e_pTj1_genbin4_recobin4 acc 0.0186 eff 0.3253 outinratio 0.07 

ZH126_4e_pTj1_genbin4_recobin4 acc 0.0153 eff 0.3981 outinratio 0.1384 

ttH126_4e_pTj1_genbin4_recobin4 acc 0.0632 eff 0.3507 outinratio 0.2258 

ggH126_4mu_pTj1_genbin0_recobin0 acc 0.2708 eff 0.7057 outinratio 0.0535 

VBFH126_4mu_pTj1_genbin0_recobin0 acc 0.0362 eff 0.4888 outinratio 0.013 

WminusH126_4mu_pTj1_genbin0_recobin0 acc 0.0909 eff -1.0 outinratio 0.282 

WplusH126_4mu_pTj1_genbin0_recobin0 acc 0.0802 eff 0.5472 outinratio 0.0537 

ZH126_4mu_pTj1_genbin0_recobin0 acc 0.0818 eff 0.6393 outinratio 0.0876 

ttH126_4mu_pTj1_genbin0_recobin0 acc 0.0018 eff -1.0 outinratio 1.34 

ggH126_4mu_pTj1_genbin1_recobin0 acc 0.0782 eff 0.1502 outinratio 0.0535 

VBFH126_4mu_pTj1_genbin1_recobin0 acc 0.0945 eff 0.0862 outinratio 0.013 

WminusH126_4mu_pTj1_genbin1_recobin0 acc 0.0818 eff -1.0 outinratio 0.282 

WplusH126_4mu_pTj1_genbin1_recobin0 acc 0.0748 eff 0.0697 outinratio 0.0537 

ZH126_4mu_pTj1_genbin1_recobin0 acc 0.0783 eff 0.066 outinratio 0.0876 

ttH126_4mu_pTj1_genbin1_recobin0 acc 0.006 eff 0.0 outinratio 1.34 

ggH126_4mu_pTj1_genbin2_recobin0 acc 0.0443 eff 0.0163 outinratio 0.0535 

VBFH126_4mu_pTj1_genbin2_recobin0 acc 0.1474 eff 0.0196 outinratio 0.013 

WminusH126_4mu_pTj1_genbin2_recobin0 acc 0.0818 eff -1.0 outinratio 0.282 

WplusH126_4mu_pTj1_genbin2_recobin0 acc 0.0917 eff 0.0047 outinratio 0.0537 

ZH126_4mu_pTj1_genbin2_recobin0 acc 0.117 eff 0.004 outinratio 0.0876 

ttH126_4mu_pTj1_genbin2_recobin0 acc 0.0764 eff 0.0033 outinratio 1.34 

ggH126_4mu_pTj1_genbin3_recobin0 acc 0.0269 eff 0.0027 outinratio 0.0535 

VBFH126_4mu_pTj1_genbin3_recobin0 acc 0.1713 eff 0.0042 outinratio 0.013 

WminusH126_4mu_pTj1_genbin3_recobin0 acc 0.0818 eff -1.0 outinratio 0.282 

WplusH126_4mu_pTj1_genbin3_recobin0 acc 0.0668 eff 0.0 outinratio 0.0537 

ZH126_4mu_pTj1_genbin3_recobin0 acc 0.0703 eff 0.0039 outinratio 0.0876 

ttH126_4mu_pTj1_genbin3_recobin0 acc 0.1916 eff 0.0 outinratio 1.34 

ggH126_4mu_pTj1_genbin4_recobin0 acc 0.0063 eff 0.0 outinratio 0.0535 

VBFH126_4mu_pTj1_genbin4_recobin0 acc 0.0239 eff 0.0 outinratio 0.013 

WminusH126_4mu_pTj1_genbin4_recobin0 acc 0.0182 eff -1.0 outinratio 0.282 

WplusH126_4mu_pTj1_genbin4_recobin0 acc 0.0184 eff 0.0 outinratio 0.0537 

ZH126_4mu_pTj1_genbin4_recobin0 acc 0.0195 eff 0.0 outinratio 0.0876 

ttH126_4mu_pTj1_genbin4_recobin0 acc 0.0668 eff 0.0 outinratio 1.34 

ggH126_4mu_pTj1_genbin0_recobin1 acc 0.2708 eff 0.0935 outinratio 0.0469 

VBFH126_4mu_pTj1_genbin0_recobin1 acc 0.0362 eff 0.2555 outinratio 0.0378 

WminusH126_4mu_pTj1_genbin0_recobin1 acc 0.0909 eff -1.0 outinratio 0.0 

WplusH126_4mu_pTj1_genbin0_recobin1 acc 0.0802 eff 0.1643 outinratio 0.0752 

ZH126_4mu_pTj1_genbin0_recobin1 acc 0.0818 eff 0.087 outinratio 0.065 

ttH126_4mu_pTj1_genbin0_recobin1 acc 0.0018 eff -1.0 outinratio 0.3201 

ggH126_4mu_pTj1_genbin1_recobin1 acc 0.0782 eff 0.5417 outinratio 0.0469 

VBFH126_4mu_pTj1_genbin1_recobin1 acc 0.0945 eff 0.4623 outinratio 0.0378 

WminusH126_4mu_pTj1_genbin1_recobin1 acc 0.0818 eff -1.0 outinratio 0.0 

WplusH126_4mu_pTj1_genbin1_recobin1 acc 0.0748 eff 0.5261 outinratio 0.0752 

ZH126_4mu_pTj1_genbin1_recobin1 acc 0.0783 eff 0.5951 outinratio 0.065 

ttH126_4mu_pTj1_genbin1_recobin1 acc 0.006 eff 0.3942 outinratio 0.3201 

ggH126_4mu_pTj1_genbin2_recobin1 acc 0.0443 eff 0.1058 outinratio 0.0469 

VBFH126_4mu_pTj1_genbin2_recobin1 acc 0.1474 eff 0.0838 outinratio 0.0378 

WminusH126_4mu_pTj1_genbin2_recobin1 acc 0.0818 eff -1.0 outinratio 0.0 

WplusH126_4mu_pTj1_genbin2_recobin1 acc 0.0917 eff 0.075 outinratio 0.0752 

ZH126_4mu_pTj1_genbin2_recobin1 acc 0.117 eff 0.093 outinratio 0.065 

ttH126_4mu_pTj1_genbin2_recobin1 acc 0.0764 eff 0.0194 outinratio 0.3201 

ggH126_4mu_pTj1_genbin3_recobin1 acc 0.0269 eff 0.0 outinratio 0.0469 

VBFH126_4mu_pTj1_genbin3_recobin1 acc 0.1713 eff 0.0074 outinratio 0.0378 

WminusH126_4mu_pTj1_genbin3_recobin1 acc 0.0818 eff -1.0 outinratio 0.0 

WplusH126_4mu_pTj1_genbin3_recobin1 acc 0.0668 eff 0.0007 outinratio 0.0752 

ZH126_4mu_pTj1_genbin3_recobin1 acc 0.0703 eff 0.0031 outinratio 0.065 

ttH126_4mu_pTj1_genbin3_recobin1 acc 0.1916 eff 0.0033 outinratio 0.3201 

ggH126_4mu_pTj1_genbin4_recobin1 acc 0.0063 eff 0.0 outinratio 0.0469 

VBFH126_4mu_pTj1_genbin4_recobin1 acc 0.0239 eff 0.0 outinratio 0.0378 

WminusH126_4mu_pTj1_genbin4_recobin1 acc 0.0182 eff -1.0 outinratio 0.0 

WplusH126_4mu_pTj1_genbin4_recobin1 acc 0.0184 eff 0.0 outinratio 0.0752 

ZH126_4mu_pTj1_genbin4_recobin1 acc 0.0195 eff 0.0 outinratio 0.065 

ttH126_4mu_pTj1_genbin4_recobin1 acc 0.0668 eff 0.0 outinratio 0.3201 

ggH126_4mu_pTj1_genbin0_recobin2 acc 0.2708 eff 0.0119 outinratio 0.0454 

VBFH126_4mu_pTj1_genbin0_recobin2 acc 0.0362 eff 0.0352 outinratio 0.0762 

WminusH126_4mu_pTj1_genbin0_recobin2 acc 0.0909 eff -1.0 outinratio 0.1712 

WplusH126_4mu_pTj1_genbin0_recobin2 acc 0.0802 eff 0.0572 outinratio 0.0753 

ZH126_4mu_pTj1_genbin0_recobin2 acc 0.0818 eff 0.022 outinratio 0.0867 

ttH126_4mu_pTj1_genbin0_recobin2 acc 0.0018 eff -1.0 outinratio 0.1595 

ggH126_4mu_pTj1_genbin1_recobin2 acc 0.0782 eff 0.0955 outinratio 0.0454 

VBFH126_4mu_pTj1_genbin1_recobin2 acc 0.0945 eff 0.2769 outinratio 0.0762 

WminusH126_4mu_pTj1_genbin1_recobin2 acc 0.0818 eff -1.0 outinratio 0.1712 

WplusH126_4mu_pTj1_genbin1_recobin2 acc 0.0748 eff 0.1575 outinratio 0.0753 

ZH126_4mu_pTj1_genbin1_recobin2 acc 0.0783 eff 0.2292 outinratio 0.0867 

ttH126_4mu_pTj1_genbin1_recobin2 acc 0.006 eff 0.4006 outinratio 0.1595 

ggH126_4mu_pTj1_genbin2_recobin2 acc 0.0443 eff 0.6437 outinratio 0.0454 

VBFH126_4mu_pTj1_genbin2_recobin2 acc 0.1474 eff 0.5552 outinratio 0.0762 

WminusH126_4mu_pTj1_genbin2_recobin2 acc 0.0818 eff -1.0 outinratio 0.1712 

WplusH126_4mu_pTj1_genbin2_recobin2 acc 0.0917 eff 0.6052 outinratio 0.0753 

ZH126_4mu_pTj1_genbin2_recobin2 acc 0.117 eff 0.6046 outinratio 0.0867 

ttH126_4mu_pTj1_genbin2_recobin2 acc 0.0764 eff 0.5851 outinratio 0.1595 

ggH126_4mu_pTj1_genbin3_recobin2 acc 0.0269 eff 0.0982 outinratio 0.0454 

VBFH126_4mu_pTj1_genbin3_recobin2 acc 0.1713 eff 0.0773 outinratio 0.0762 

WminusH126_4mu_pTj1_genbin3_recobin2 acc 0.0818 eff -1.0 outinratio 0.1712 

WplusH126_4mu_pTj1_genbin3_recobin2 acc 0.0668 eff 0.065 outinratio 0.0753 

ZH126_4mu_pTj1_genbin3_recobin2 acc 0.0703 eff 0.0584 outinratio 0.0867 

ttH126_4mu_pTj1_genbin3_recobin2 acc 0.1916 eff 0.0372 outinratio 0.1595 

ggH126_4mu_pTj1_genbin4_recobin2 acc 0.0063 eff 0.0 outinratio 0.0454 

VBFH126_4mu_pTj1_genbin4_recobin2 acc 0.0239 eff 0.0168 outinratio 0.0762 

WminusH126_4mu_pTj1_genbin4_recobin2 acc 0.0182 eff -1.0 outinratio 0.1712 

WplusH126_4mu_pTj1_genbin4_recobin2 acc 0.0184 eff 0.0082 outinratio 0.0753 

ZH126_4mu_pTj1_genbin4_recobin2 acc 0.0195 eff 0.0 outinratio 0.0867 

ttH126_4mu_pTj1_genbin4_recobin2 acc 0.0668 eff 0.0058 outinratio 0.1595 

ggH126_4mu_pTj1_genbin0_recobin3 acc 0.2708 eff 0.0007 outinratio 0.0549 

VBFH126_4mu_pTj1_genbin0_recobin3 acc 0.0362 eff 0.0 outinratio 0.0089 

WminusH126_4mu_pTj1_genbin0_recobin3 acc 0.0909 eff -1.0 outinratio 0.0 

WplusH126_4mu_pTj1_genbin0_recobin3 acc 0.0802 eff 0.0241 outinratio 0.0634 

ZH126_4mu_pTj1_genbin0_recobin3 acc 0.0818 eff 0.0044 outinratio 0.0847 

ttH126_4mu_pTj1_genbin0_recobin3 acc 0.0018 eff -1.0 outinratio 0.1259 

ggH126_4mu_pTj1_genbin1_recobin3 acc 0.0782 eff 0.0008 outinratio 0.0549 

VBFH126_4mu_pTj1_genbin1_recobin3 acc 0.0945 eff 0.0 outinratio 0.0089 

WminusH126_4mu_pTj1_genbin1_recobin3 acc 0.0818 eff -1.0 outinratio 0.0 

WplusH126_4mu_pTj1_genbin1_recobin3 acc 0.0748 eff 0.0108 outinratio 0.0634 

ZH126_4mu_pTj1_genbin1_recobin3 acc 0.0783 eff 0.0 outinratio 0.0847 

ttH126_4mu_pTj1_genbin1_recobin3 acc 0.006 eff 0.2903 outinratio 0.1259 

ggH126_4mu_pTj1_genbin2_recobin3 acc 0.0443 eff 0.0734 outinratio 0.0549 

VBFH126_4mu_pTj1_genbin2_recobin3 acc 0.1474 eff 0.1083 outinratio 0.0089 

WminusH126_4mu_pTj1_genbin2_recobin3 acc 0.0818 eff -1.0 outinratio 0.0 

WplusH126_4mu_pTj1_genbin2_recobin3 acc 0.0917 eff 0.1041 outinratio 0.0634 

ZH126_4mu_pTj1_genbin2_recobin3 acc 0.117 eff 0.0887 outinratio 0.0847 

ttH126_4mu_pTj1_genbin2_recobin3 acc 0.0764 eff 0.1667 outinratio 0.1259 

ggH126_4mu_pTj1_genbin3_recobin3 acc 0.0269 eff 0.6555 outinratio 0.0549 

VBFH126_4mu_pTj1_genbin3_recobin3 acc 0.1713 eff 0.7487 outinratio 0.0089 

WminusH126_4mu_pTj1_genbin3_recobin3 acc 0.0818 eff -1.0 outinratio 0.0 

WplusH126_4mu_pTj1_genbin3_recobin3 acc 0.0668 eff 0.7231 outinratio 0.0634 

ZH126_4mu_pTj1_genbin3_recobin3 acc 0.0703 eff 0.6835 outinratio 0.0847 

ttH126_4mu_pTj1_genbin3_recobin3 acc 0.1916 eff 0.6694 outinratio 0.1259 

ggH126_4mu_pTj1_genbin4_recobin3 acc 0.0063 eff 0.1216 outinratio 0.0549 

VBFH126_4mu_pTj1_genbin4_recobin3 acc 0.0239 eff 0.097 outinratio 0.0089 

WminusH126_4mu_pTj1_genbin4_recobin3 acc 0.0182 eff -1.0 outinratio 0.0 

WplusH126_4mu_pTj1_genbin4_recobin3 acc 0.0184 eff 0.0425 outinratio 0.0634 

ZH126_4mu_pTj1_genbin4_recobin3 acc 0.0195 eff 0.0244 outinratio 0.0847 

ttH126_4mu_pTj1_genbin4_recobin3 acc 0.0668 eff 0.0683 outinratio 0.1259 

ggH126_4mu_pTj1_genbin0_recobin4 acc 0.2708 eff 0.0 outinratio 0.0052 

VBFH126_4mu_pTj1_genbin0_recobin4 acc 0.0362 eff 0.0 outinratio 0.0867 

WminusH126_4mu_pTj1_genbin0_recobin4 acc 0.0909 eff -1.0 outinratio 0.0 

WplusH126_4mu_pTj1_genbin0_recobin4 acc 0.0802 eff 0.0019 outinratio 0.0531 

ZH126_4mu_pTj1_genbin0_recobin4 acc 0.0818 eff 0.001 outinratio 0.0253 

ttH126_4mu_pTj1_genbin0_recobin4 acc 0.0018 eff -1.0 outinratio 0.1779 

ggH126_4mu_pTj1_genbin1_recobin4 acc 0.0782 eff 0.0 outinratio 0.0052 

VBFH126_4mu_pTj1_genbin1_recobin4 acc 0.0945 eff 0.0 outinratio 0.0867 

WminusH126_4mu_pTj1_genbin1_recobin4 acc 0.0818 eff -1.0 outinratio 0.0 

WplusH126_4mu_pTj1_genbin1_recobin4 acc 0.0748 eff 0.0 outinratio 0.0531 

ZH126_4mu_pTj1_genbin1_recobin4 acc 0.0783 eff 0.0 outinratio 0.0253 

ttH126_4mu_pTj1_genbin1_recobin4 acc 0.006 eff 0.0 outinratio 0.1779 

ggH126_4mu_pTj1_genbin2_recobin4 acc 0.0443 eff 0.0 outinratio 0.0052 

VBFH126_4mu_pTj1_genbin2_recobin4 acc 0.1474 eff 0.0 outinratio 0.0867 

WminusH126_4mu_pTj1_genbin2_recobin4 acc 0.0818 eff -1.0 outinratio 0.0 

WplusH126_4mu_pTj1_genbin2_recobin4 acc 0.0917 eff 0.0 outinratio 0.0531 

ZH126_4mu_pTj1_genbin2_recobin4 acc 0.117 eff 0.0 outinratio 0.0253 

ttH126_4mu_pTj1_genbin2_recobin4 acc 0.0764 eff 0.0033 outinratio 0.1779 

ggH126_4mu_pTj1_genbin3_recobin4 acc 0.0269 eff 0.0451 outinratio 0.0052 

VBFH126_4mu_pTj1_genbin3_recobin4 acc 0.1713 eff 0.0354 outinratio 0.0867 

WminusH126_4mu_pTj1_genbin3_recobin4 acc 0.0818 eff -1.0 outinratio 0.0 

WplusH126_4mu_pTj1_genbin3_recobin4 acc 0.0668 eff 0.0265 outinratio 0.0531 

ZH126_4mu_pTj1_genbin3_recobin4 acc 0.0703 eff 0.0298 outinratio 0.0253 

ttH126_4mu_pTj1_genbin3_recobin4 acc 0.1916 eff 0.0202 outinratio 0.1779 

ggH126_4mu_pTj1_genbin4_recobin4 acc 0.0063 eff 0.7822 outinratio 0.0052 

VBFH126_4mu_pTj1_genbin4_recobin4 acc 0.0239 eff 0.6558 outinratio 0.0867 

WminusH126_4mu_pTj1_genbin4_recobin4 acc 0.0182 eff -1.0 outinratio 0.0 

WplusH126_4mu_pTj1_genbin4_recobin4 acc 0.0184 eff 0.7686 outinratio 0.0531 

ZH126_4mu_pTj1_genbin4_recobin4 acc 0.0195 eff 0.8175 outinratio 0.0253 

ttH126_4mu_pTj1_genbin4_recobin4 acc 0.0668 eff 0.7363 outinratio 0.1779 

ggH126_2e2mu_pTj1_genbin0_recobin0 acc 0.2529 eff 0.4456 outinratio 0.0529 

VBFH126_2e2mu_pTj1_genbin0_recobin0 acc 0.0362 eff 0.379 outinratio 0.0098 

WminusH126_2e2mu_pTj1_genbin0_recobin0 acc 0.1043 eff 0.2994 outinratio 0.3318 

WplusH126_2e2mu_pTj1_genbin0_recobin0 acc 0.0716 eff 0.3706 outinratio 0.0658 

ZH126_2e2mu_pTj1_genbin0_recobin0 acc 0.0735 eff 0.4073 outinratio 0.0759 

ttH126_2e2mu_pTj1_genbin0_recobin0 acc 0.0 eff -1.0 outinratio 0.0 

ggH126_2e2mu_pTj1_genbin1_recobin0 acc 0.0725 eff 0.1034 outinratio 0.0529 

VBFH126_2e2mu_pTj1_genbin1_recobin0 acc 0.0986 eff 0.0551 outinratio 0.0098 

WminusH126_2e2mu_pTj1_genbin1_recobin0 acc 0.1174 eff 0.0309 outinratio 0.3318 

WplusH126_2e2mu_pTj1_genbin1_recobin0 acc 0.0694 eff 0.0503 outinratio 0.0658 

ZH126_2e2mu_pTj1_genbin1_recobin0 acc 0.0756 eff 0.0504 outinratio 0.0759 

ttH126_2e2mu_pTj1_genbin1_recobin0 acc 0.0069 eff 0.0 outinratio 0.0 

ggH126_2e2mu_pTj1_genbin2_recobin0 acc 0.0419 eff 0.014 outinratio 0.0529 

VBFH126_2e2mu_pTj1_genbin2_recobin0 acc 0.1532 eff 0.0093 outinratio 0.0098 

WminusH126_2e2mu_pTj1_genbin2_recobin0 acc 0.087 eff 0.0 outinratio 0.3318 

WplusH126_2e2mu_pTj1_genbin2_recobin0 acc 0.0859 eff 0.0051 outinratio 0.0658 

ZH126_2e2mu_pTj1_genbin2_recobin0 acc 0.1016 eff 0.005 outinratio 0.0759 

ttH126_2e2mu_pTj1_genbin2_recobin0 acc 0.0673 eff 0.0 outinratio 0.0 

ggH126_2e2mu_pTj1_genbin3_recobin0 acc 0.0262 eff 0.0017 outinratio 0.0529 

VBFH126_2e2mu_pTj1_genbin3_recobin0 acc 0.1482 eff 0.0015 outinratio 0.0098 

WminusH126_2e2mu_pTj1_genbin3_recobin0 acc 0.0478 eff 0.0 outinratio 0.3318 

WplusH126_2e2mu_pTj1_genbin3_recobin0 acc 0.0667 eff 0.0018 outinratio 0.0658 

ZH126_2e2mu_pTj1_genbin3_recobin0 acc 0.0739 eff 0.0013 outinratio 0.0759 

ttH126_2e2mu_pTj1_genbin3_recobin0 acc 0.1696 eff 0.0 outinratio 0.0 

ggH126_2e2mu_pTj1_genbin4_recobin0 acc 0.0063 eff 0.0 outinratio 0.0529 

VBFH126_2e2mu_pTj1_genbin4_recobin0 acc 0.0262 eff 0.0 outinratio 0.0098 

WminusH126_2e2mu_pTj1_genbin4_recobin0 acc 0.0261 eff -1.0 outinratio 0.3318 

WplusH126_2e2mu_pTj1_genbin4_recobin0 acc 0.0153 eff 0.0 outinratio 0.0658 

ZH126_2e2mu_pTj1_genbin4_recobin0 acc 0.0156 eff 0.0 outinratio 0.0759 

ttH126_2e2mu_pTj1_genbin4_recobin0 acc 0.0673 eff 0.0 outinratio 0.0 

ggH126_2e2mu_pTj1_genbin0_recobin1 acc 0.2529 eff 0.0611 outinratio 0.0659 

VBFH126_2e2mu_pTj1_genbin0_recobin1 acc 0.0362 eff 0.1255 outinratio 0.054 

WminusH126_2e2mu_pTj1_genbin0_recobin1 acc 0.1043 eff 0.0261 outinratio 0.1561 

WplusH126_2e2mu_pTj1_genbin0_recobin1 acc 0.0716 eff 0.0896 outinratio 0.0751 

ZH126_2e2mu_pTj1_genbin0_recobin1 acc 0.0735 eff 0.0798 outinratio 0.0732 

ttH126_2e2mu_pTj1_genbin0_recobin1 acc 0.0 eff -1.0 outinratio 0.0748 

ggH126_2e2mu_pTj1_genbin1_recobin1 acc 0.0725 eff 0.3661 outinratio 0.0659 

VBFH126_2e2mu_pTj1_genbin1_recobin1 acc 0.0986 eff 0.33 outinratio 0.054 

WminusH126_2e2mu_pTj1_genbin1_recobin1 acc 0.1174 eff 0.2904 outinratio 0.1561 

WplusH126_2e2mu_pTj1_genbin1_recobin1 acc 0.0694 eff 0.3537 outinratio 0.0751 

ZH126_2e2mu_pTj1_genbin1_recobin1 acc 0.0756 eff 0.3352 outinratio 0.0732 

ttH126_2e2mu_pTj1_genbin1_recobin1 acc 0.0069 eff 0.2527 outinratio 0.0748 

ggH126_2e2mu_pTj1_genbin2_recobin1 acc 0.0419 eff 0.0558 outinratio 0.0659 

VBFH126_2e2mu_pTj1_genbin2_recobin1 acc 0.1532 eff 0.0387 outinratio 0.054 

WminusH126_2e2mu_pTj1_genbin2_recobin1 acc 0.087 eff 0.0 outinratio 0.1561 

WplusH126_2e2mu_pTj1_genbin2_recobin1 acc 0.0859 eff 0.0514 outinratio 0.0751 

ZH126_2e2mu_pTj1_genbin2_recobin1 acc 0.1016 eff 0.0449 outinratio 0.0732 

ttH126_2e2mu_pTj1_genbin2_recobin1 acc 0.0673 eff 0.0218 outinratio 0.0748 

ggH126_2e2mu_pTj1_genbin3_recobin1 acc 0.0262 eff 0.002 outinratio 0.0659 

VBFH126_2e2mu_pTj1_genbin3_recobin1 acc 0.1482 eff 0.0021 outinratio 0.054 

WminusH126_2e2mu_pTj1_genbin3_recobin1 acc 0.0478 eff 0.0 outinratio 0.1561 

WplusH126_2e2mu_pTj1_genbin3_recobin1 acc 0.0667 eff 0.0023 outinratio 0.0751 

ZH126_2e2mu_pTj1_genbin3_recobin1 acc 0.0739 eff 0.0 outinratio 0.0732 

ttH126_2e2mu_pTj1_genbin3_recobin1 acc 0.1696 eff 0.0 outinratio 0.0748 

ggH126_2e2mu_pTj1_genbin4_recobin1 acc 0.0063 eff 0.0 outinratio 0.0659 

VBFH126_2e2mu_pTj1_genbin4_recobin1 acc 0.0262 eff 0.0 outinratio 0.054 

WminusH126_2e2mu_pTj1_genbin4_recobin1 acc 0.0261 eff -1.0 outinratio 0.1561 

WplusH126_2e2mu_pTj1_genbin4_recobin1 acc 0.0153 eff 0.0017 outinratio 0.0751 

ZH126_2e2mu_pTj1_genbin4_recobin1 acc 0.0156 eff 0.0 outinratio 0.0732 

ttH126_2e2mu_pTj1_genbin4_recobin1 acc 0.0673 eff 0.0 outinratio 0.0748 

ggH126_2e2mu_pTj1_genbin0_recobin2 acc 0.2529 eff 0.0054 outinratio 0.0829 

VBFH126_2e2mu_pTj1_genbin0_recobin2 acc 0.0362 eff 0.0203 outinratio 0.034 

WminusH126_2e2mu_pTj1_genbin0_recobin2 acc 0.1043 eff 0.0274 outinratio 0.0 

WplusH126_2e2mu_pTj1_genbin0_recobin2 acc 0.0716 eff 0.0308 outinratio 0.0906 

ZH126_2e2mu_pTj1_genbin0_recobin2 acc 0.0735 eff 0.0385 outinratio 0.121 

ttH126_2e2mu_pTj1_genbin0_recobin2 acc 0.0 eff -1.0 outinratio 0.0929 

ggH126_2e2mu_pTj1_genbin1_recobin2 acc 0.0725 eff 0.0597 outinratio 0.0829 

VBFH126_2e2mu_pTj1_genbin1_recobin2 acc 0.0986 eff 0.0973 outinratio 0.034 

WminusH126_2e2mu_pTj1_genbin1_recobin2 acc 0.1174 eff 0.1987 outinratio 0.0 

WplusH126_2e2mu_pTj1_genbin1_recobin2 acc 0.0694 eff 0.1125 outinratio 0.0906 

ZH126_2e2mu_pTj1_genbin1_recobin2 acc 0.0756 eff 0.0814 outinratio 0.121 

ttH126_2e2mu_pTj1_genbin1_recobin2 acc 0.0069 eff 0.1612 outinratio 0.0929 

ggH126_2e2mu_pTj1_genbin2_recobin2 acc 0.0419 eff 0.4213 outinratio 0.0829 

VBFH126_2e2mu_pTj1_genbin2_recobin2 acc 0.1532 eff 0.3687 outinratio 0.034 

WminusH126_2e2mu_pTj1_genbin2_recobin2 acc 0.087 eff 0.3987 outinratio 0.0 

WplusH126_2e2mu_pTj1_genbin2_recobin2 acc 0.0859 eff 0.3991 outinratio 0.0906 

ZH126_2e2mu_pTj1_genbin2_recobin2 acc 0.1016 eff 0.4143 outinratio 0.121 

ttH126_2e2mu_pTj1_genbin2_recobin2 acc 0.0673 eff 0.4171 outinratio 0.0929 

ggH126_2e2mu_pTj1_genbin3_recobin2 acc 0.0262 eff 0.0606 outinratio 0.0829 

VBFH126_2e2mu_pTj1_genbin3_recobin2 acc 0.1482 eff 0.0438 outinratio 0.034 

WminusH126_2e2mu_pTj1_genbin3_recobin2 acc 0.0478 eff 0.0 outinratio 0.0 

WplusH126_2e2mu_pTj1_genbin3_recobin2 acc 0.0667 eff 0.0488 outinratio 0.0906 

ZH126_2e2mu_pTj1_genbin3_recobin2 acc 0.0739 eff 0.0547 outinratio 0.121 

ttH126_2e2mu_pTj1_genbin3_recobin2 acc 0.1696 eff 0.038 outinratio 0.0929 

ggH126_2e2mu_pTj1_genbin4_recobin2 acc 0.0063 eff 0.0 outinratio 0.0829 

VBFH126_2e2mu_pTj1_genbin4_recobin2 acc 0.0262 eff 0.0 outinratio 0.034 

WminusH126_2e2mu_pTj1_genbin4_recobin2 acc 0.0261 eff -1.0 outinratio 0.0 

WplusH126_2e2mu_pTj1_genbin4_recobin2 acc 0.0153 eff 0.0 outinratio 0.0906 

ZH126_2e2mu_pTj1_genbin4_recobin2 acc 0.0156 eff 0.0 outinratio 0.121 

ttH126_2e2mu_pTj1_genbin4_recobin2 acc 0.0673 eff 0.0054 outinratio 0.0929 

ggH126_2e2mu_pTj1_genbin0_recobin3 acc 0.2529 eff 0.0 outinratio 0.0509 

VBFH126_2e2mu_pTj1_genbin0_recobin3 acc 0.0362 eff 0.0 outinratio 0.0163 

WminusH126_2e2mu_pTj1_genbin0_recobin3 acc 0.1043 eff -0.019 outinratio 0.0 

WplusH126_2e2mu_pTj1_genbin0_recobin3 acc 0.0716 eff 0.0146 outinratio 0.0737 

ZH126_2e2mu_pTj1_genbin0_recobin3 acc 0.0735 eff 0.007 outinratio 0.0555 

ttH126_2e2mu_pTj1_genbin0_recobin3 acc 0.0 eff -1.0 outinratio 0.1783 

ggH126_2e2mu_pTj1_genbin1_recobin3 acc 0.0725 eff 0.0 outinratio 0.0509 

VBFH126_2e2mu_pTj1_genbin1_recobin3 acc 0.0986 eff 0.0052 outinratio 0.0163 

WminusH126_2e2mu_pTj1_genbin1_recobin3 acc 0.1174 eff 0.0 outinratio 0.0 

WplusH126_2e2mu_pTj1_genbin1_recobin3 acc 0.0694 eff 0.0062 outinratio 0.0737 

ZH126_2e2mu_pTj1_genbin1_recobin3 acc 0.0756 eff 0.0027 outinratio 0.0555 

ttH126_2e2mu_pTj1_genbin1_recobin3 acc 0.0069 eff 0.0474 outinratio 0.1783 

ggH126_2e2mu_pTj1_genbin2_recobin3 acc 0.0419 eff 0.0435 outinratio 0.0509 

VBFH126_2e2mu_pTj1_genbin2_recobin3 acc 0.1532 eff 0.0822 outinratio 0.0163 

WminusH126_2e2mu_pTj1_genbin2_recobin3 acc 0.087 eff 0.0267 outinratio 0.0 

WplusH126_2e2mu_pTj1_genbin2_recobin3 acc 0.0859 eff 0.0682 outinratio 0.0737 

ZH126_2e2mu_pTj1_genbin2_recobin3 acc 0.1016 eff 0.0599 outinratio 0.0555 

ttH126_2e2mu_pTj1_genbin2_recobin3 acc 0.0673 eff 0.1117 outinratio 0.1783 

ggH126_2e2mu_pTj1_genbin3_recobin3 acc 0.0262 eff 0.4583 outinratio 0.0509 

VBFH126_2e2mu_pTj1_genbin3_recobin3 acc 0.1482 eff 0.5082 outinratio 0.0163 

WminusH126_2e2mu_pTj1_genbin3_recobin3 acc 0.0478 eff 0.4473 outinratio 0.0 

WplusH126_2e2mu_pTj1_genbin3_recobin3 acc 0.0667 eff 0.4361 outinratio 0.0737 

ZH126_2e2mu_pTj1_genbin3_recobin3 acc 0.0739 eff 0.5042 outinratio 0.0555 

ttH126_2e2mu_pTj1_genbin3_recobin3 acc 0.1696 eff 0.4124 outinratio 0.1783 

ggH126_2e2mu_pTj1_genbin4_recobin3 acc 0.0063 eff 0.0845 outinratio 0.0509 

VBFH126_2e2mu_pTj1_genbin4_recobin3 acc 0.0262 eff 0.0508 outinratio 0.0163 

WminusH126_2e2mu_pTj1_genbin4_recobin3 acc 0.0261 eff -1.0 outinratio 0.0 

WplusH126_2e2mu_pTj1_genbin4_recobin3 acc 0.0153 eff 0.029 outinratio 0.0737 

ZH126_2e2mu_pTj1_genbin4_recobin3 acc 0.0156 eff 0.0194 outinratio 0.0555 

ttH126_2e2mu_pTj1_genbin4_recobin3 acc 0.0673 eff 0.0305 outinratio 0.1783 

ggH126_2e2mu_pTj1_genbin0_recobin4 acc 0.2529 eff 0.0 outinratio 0.0775 

VBFH126_2e2mu_pTj1_genbin0_recobin4 acc 0.0362 eff 0.0 outinratio 0.0353 

WminusH126_2e2mu_pTj1_genbin0_recobin4 acc 0.1043 eff 0.0 outinratio 0.0 

WplusH126_2e2mu_pTj1_genbin0_recobin4 acc 0.0716 eff 0.0006 outinratio 0.0793 

ZH126_2e2mu_pTj1_genbin0_recobin4 acc 0.0735 eff 0.0 outinratio 0.1251 

ttH126_2e2mu_pTj1_genbin0_recobin4 acc 0.0 eff -1.0 outinratio 0.265 

ggH126_2e2mu_pTj1_genbin1_recobin4 acc 0.0725 eff 0.0 outinratio 0.0775 

VBFH126_2e2mu_pTj1_genbin1_recobin4 acc 0.0986 eff 0.0 outinratio 0.0353 

WminusH126_2e2mu_pTj1_genbin1_recobin4 acc 0.1174 eff 0.0 outinratio 0.0 

WplusH126_2e2mu_pTj1_genbin1_recobin4 acc 0.0694 eff 0.0 outinratio 0.0793 

ZH126_2e2mu_pTj1_genbin1_recobin4 acc 0.0756 eff 0.0 outinratio 0.1251 

ttH126_2e2mu_pTj1_genbin1_recobin4 acc 0.0069 eff 0.0004 outinratio 0.265 

ggH126_2e2mu_pTj1_genbin2_recobin4 acc 0.0419 eff 0.0 outinratio 0.0775 

VBFH126_2e2mu_pTj1_genbin2_recobin4 acc 0.1532 eff 0.0 outinratio 0.0353 

WminusH126_2e2mu_pTj1_genbin2_recobin4 acc 0.087 eff 0.0 outinratio 0.0 

WplusH126_2e2mu_pTj1_genbin2_recobin4 acc 0.0859 eff 0.0001 outinratio 0.0793 

ZH126_2e2mu_pTj1_genbin2_recobin4 acc 0.1016 eff 0.0 outinratio 0.1251 

ttH126_2e2mu_pTj1_genbin2_recobin4 acc 0.0673 eff 0.0019 outinratio 0.265 

ggH126_2e2mu_pTj1_genbin3_recobin4 acc 0.0262 eff 0.0218 outinratio 0.0775 

VBFH126_2e2mu_pTj1_genbin3_recobin4 acc 0.1482 eff 0.0214 outinratio 0.0353 

WminusH126_2e2mu_pTj1_genbin3_recobin4 acc 0.0478 eff 0.0254 outinratio 0.0 

WplusH126_2e2mu_pTj1_genbin3_recobin4 acc 0.0667 eff 0.0283 outinratio 0.0793 

ZH126_2e2mu_pTj1_genbin3_recobin4 acc 0.0739 eff 0.0263 outinratio 0.1251 

ttH126_2e2mu_pTj1_genbin3_recobin4 acc 0.1696 eff 0.0317 outinratio 0.265 

ggH126_2e2mu_pTj1_genbin4_recobin4 acc 0.0063 eff 0.4413 outinratio 0.0775 

VBFH126_2e2mu_pTj1_genbin4_recobin4 acc 0.0262 eff 0.5178 outinratio 0.0353 

WminusH126_2e2mu_pTj1_genbin4_recobin4 acc 0.0261 eff -1.0 outinratio 0.0 

WplusH126_2e2mu_pTj1_genbin4_recobin4 acc 0.0153 eff 0.4926 outinratio 0.0793 

ZH126_2e2mu_pTj1_genbin4_recobin4 acc 0.0156 eff 0.4556 outinratio 0.1251 

ttH126_2e2mu_pTj1_genbin4_recobin4 acc 0.0673 eff 0.4645 outinratio 0.265 

Coeff fullNNLOPS
