Welcome in RunCoefficients!
OPT SPLIT
DEBUG opt.YEAR = 2024_9
It is a single-differential measurement, binning [-100.0, -3.14159265359, -1.5707963267948966, 0.0, 1.5707963267948966, 3.14159265359]
dphijj
Following observables extracted from dictionary: RECO =  dphijj  GEN =  GENdphijj
LUMI: 10.882200000000001
ttH126 0.00046886125
Processing ggH126 2024_9
Signal created
Signal failed created
Processing VBFH126 2024_9
Signal created
Signal failed created
Processing WminusH126 2024_9
Signal created
Signal failed created
Processing WplusH126 2024_9
Signal created
Signal failed created
Processing ZH126 2024_9
Signal created
Signal failed created
Processing ttH126 2024_9
Signal created
Signal failed created
2024_9 SKIMMED df CREATED
2024_9 ggH126
2024_9 VBFH126
2024_9 WminusH126
2024_9 WplusH126
2024_9 ZH126
2024_9 ttH126
Dataframes created successfully
Coeff std
ggH126_4l_dphijj_genbin0_recobin0 acc 0.3617 eff 0.514 outinratio 0.0487 

VBFH126_4l_dphijj_genbin0_recobin0 acc 0.2116 eff 0.4727 outinratio 0.0343 

WminusH126_4l_dphijj_genbin0_recobin0 acc 0.1977 eff 0.4553 outinratio 0.06 

WplusH126_4l_dphijj_genbin0_recobin0 acc 0.1829 eff 0.4652 outinratio 0.0585 

ZH126_4l_dphijj_genbin0_recobin0 acc 0.1799 eff 0.4629 outinratio 0.0729 

ttH126_4l_dphijj_genbin0_recobin0 acc 0.0081 eff 0.2237 outinratio 0.1614 

ggH126_4l_dphijj_genbin1_recobin0 acc 0.0107 eff 0.099 outinratio 0.0487 

VBFH126_4l_dphijj_genbin1_recobin0 acc 0.0657 eff 0.0818 outinratio 0.0343 

WminusH126_4l_dphijj_genbin1_recobin0 acc 0.0341 eff 0.0588 outinratio 0.06 

WplusH126_4l_dphijj_genbin1_recobin0 acc 0.0265 eff 0.052 outinratio 0.0585 

ZH126_4l_dphijj_genbin1_recobin0 acc 0.0378 eff 0.0673 outinratio 0.0729 

ttH126_4l_dphijj_genbin1_recobin0 acc 0.0979 eff 0.0032 outinratio 0.1614 

ggH126_4l_dphijj_genbin2_recobin0 acc 0.0126 eff 0.0962 outinratio 0.0487 

VBFH126_4l_dphijj_genbin2_recobin0 acc 0.0527 eff 0.0918 outinratio 0.0343 

WminusH126_4l_dphijj_genbin2_recobin0 acc 0.0446 eff 0.0537 outinratio 0.06 

WplusH126_4l_dphijj_genbin2_recobin0 acc 0.0401 eff 0.0391 outinratio 0.0585 

ZH126_4l_dphijj_genbin2_recobin0 acc 0.0437 eff 0.0512 outinratio 0.0729 

ttH126_4l_dphijj_genbin2_recobin0 acc 0.0583 eff 0.0053 outinratio 0.1614 

ggH126_4l_dphijj_genbin3_recobin0 acc 0.0098 eff 0.0867 outinratio 0.0487 

VBFH126_4l_dphijj_genbin3_recobin0 acc 0.0552 eff 0.0893 outinratio 0.0343 

WminusH126_4l_dphijj_genbin3_recobin0 acc 0.0435 eff 0.0516 outinratio 0.06 

WplusH126_4l_dphijj_genbin3_recobin0 acc 0.0396 eff 0.0553 outinratio 0.0585 

ZH126_4l_dphijj_genbin3_recobin0 acc 0.0461 eff 0.0642 outinratio 0.0729 

ttH126_4l_dphijj_genbin3_recobin0 acc 0.0579 eff 0.0057 outinratio 0.1614 

ggH126_4l_dphijj_genbin4_recobin0 acc 0.0115 eff 0.0715 outinratio 0.0487 

VBFH126_4l_dphijj_genbin4_recobin0 acc 0.0673 eff 0.0772 outinratio 0.0343 

WminusH126_4l_dphijj_genbin4_recobin0 acc 0.0326 eff 0.0613 outinratio 0.06 

WplusH126_4l_dphijj_genbin4_recobin0 acc 0.0245 eff 0.0362 outinratio 0.0585 

ZH126_4l_dphijj_genbin4_recobin0 acc 0.0385 eff 0.0674 outinratio 0.0729 

ttH126_4l_dphijj_genbin4_recobin0 acc 0.0967 eff 0.0028 outinratio 0.1614 

ggH126_4l_dphijj_genbin0_recobin1 acc 0.3617 eff 0.0072 outinratio 0.0679 

VBFH126_4l_dphijj_genbin0_recobin1 acc 0.2116 eff 0.0239 outinratio 0.0324 

WminusH126_4l_dphijj_genbin0_recobin1 acc 0.1977 eff 0.0216 outinratio 0.099 

WplusH126_4l_dphijj_genbin0_recobin1 acc 0.1829 eff 0.0171 outinratio 0.1385 

ZH126_4l_dphijj_genbin0_recobin1 acc 0.1799 eff 0.0202 outinratio 0.1109 

ttH126_4l_dphijj_genbin0_recobin1 acc 0.0081 eff 0.1111 outinratio 0.17 

ggH126_4l_dphijj_genbin1_recobin1 acc 0.0107 eff 0.3921 outinratio 0.0679 

VBFH126_4l_dphijj_genbin1_recobin1 acc 0.0657 eff 0.4541 outinratio 0.0324 

WminusH126_4l_dphijj_genbin1_recobin1 acc 0.0341 eff 0.4033 outinratio 0.099 

WplusH126_4l_dphijj_genbin1_recobin1 acc 0.0265 eff 0.4275 outinratio 0.1385 

ZH126_4l_dphijj_genbin1_recobin1 acc 0.0378 eff 0.3667 outinratio 0.1109 

ttH126_4l_dphijj_genbin1_recobin1 acc 0.0979 eff 0.426 outinratio 0.17 

ggH126_4l_dphijj_genbin2_recobin1 acc 0.0126 eff 0.0286 outinratio 0.0679 

VBFH126_4l_dphijj_genbin2_recobin1 acc 0.0527 eff 0.0132 outinratio 0.0324 

WminusH126_4l_dphijj_genbin2_recobin1 acc 0.0446 eff 0.0266 outinratio 0.099 

WplusH126_4l_dphijj_genbin2_recobin1 acc 0.0401 eff 0.0112 outinratio 0.1385 

ZH126_4l_dphijj_genbin2_recobin1 acc 0.0437 eff 0.0168 outinratio 0.1109 

ttH126_4l_dphijj_genbin2_recobin1 acc 0.0583 eff 0.0668 outinratio 0.17 

ggH126_4l_dphijj_genbin3_recobin1 acc 0.0098 eff 0.0157 outinratio 0.0679 

VBFH126_4l_dphijj_genbin3_recobin1 acc 0.0552 eff 0.0105 outinratio 0.0324 

WminusH126_4l_dphijj_genbin3_recobin1 acc 0.0435 eff 0.0125 outinratio 0.099 

WplusH126_4l_dphijj_genbin3_recobin1 acc 0.0396 eff 0.0213 outinratio 0.1385 

ZH126_4l_dphijj_genbin3_recobin1 acc 0.0461 eff 0.0115 outinratio 0.1109 

ttH126_4l_dphijj_genbin3_recobin1 acc 0.0579 eff 0.062 outinratio 0.17 

ggH126_4l_dphijj_genbin4_recobin1 acc 0.0115 eff 0.0176 outinratio 0.0679 

VBFH126_4l_dphijj_genbin4_recobin1 acc 0.0673 eff 0.0116 outinratio 0.0324 

WminusH126_4l_dphijj_genbin4_recobin1 acc 0.0326 eff 0.0505 outinratio 0.099 

WplusH126_4l_dphijj_genbin4_recobin1 acc 0.0245 eff 0.0248 outinratio 0.1385 

ZH126_4l_dphijj_genbin4_recobin1 acc 0.0385 eff 0.0397 outinratio 0.1109 

ttH126_4l_dphijj_genbin4_recobin1 acc 0.0967 eff 0.0593 outinratio 0.17 

ggH126_4l_dphijj_genbin0_recobin2 acc 0.3617 eff 0.0062 outinratio 0.0584 

VBFH126_4l_dphijj_genbin0_recobin2 acc 0.2116 eff 0.021 outinratio 0.0365 

WminusH126_4l_dphijj_genbin0_recobin2 acc 0.1977 eff 0.0156 outinratio 0.0736 

WplusH126_4l_dphijj_genbin0_recobin2 acc 0.1829 eff 0.0215 outinratio 0.0472 

ZH126_4l_dphijj_genbin0_recobin2 acc 0.1799 eff 0.0201 outinratio 0.0724 

ttH126_4l_dphijj_genbin0_recobin2 acc 0.0081 eff 0.0516 outinratio 0.1337 

ggH126_4l_dphijj_genbin1_recobin2 acc 0.0107 eff 0.0138 outinratio 0.0584 

VBFH126_4l_dphijj_genbin1_recobin2 acc 0.0657 eff 0.0145 outinratio 0.0365 

WminusH126_4l_dphijj_genbin1_recobin2 acc 0.0341 eff 0.0306 outinratio 0.0736 

WplusH126_4l_dphijj_genbin1_recobin2 acc 0.0265 eff 0.0216 outinratio 0.0472 

ZH126_4l_dphijj_genbin1_recobin2 acc 0.0378 eff 0.0217 outinratio 0.0724 

ttH126_4l_dphijj_genbin1_recobin2 acc 0.0979 eff 0.0331 outinratio 0.1337 

ggH126_4l_dphijj_genbin2_recobin2 acc 0.0126 eff 0.4291 outinratio 0.0584 

VBFH126_4l_dphijj_genbin2_recobin2 acc 0.0527 eff 0.4564 outinratio 0.0365 

WminusH126_4l_dphijj_genbin2_recobin2 acc 0.0446 eff 0.436 outinratio 0.0736 

WplusH126_4l_dphijj_genbin2_recobin2 acc 0.0401 eff 0.4779 outinratio 0.0472 

ZH126_4l_dphijj_genbin2_recobin2 acc 0.0437 eff 0.4741 outinratio 0.0724 

ttH126_4l_dphijj_genbin2_recobin2 acc 0.0583 eff 0.3847 outinratio 0.1337 

ggH126_4l_dphijj_genbin3_recobin2 acc 0.0098 eff 0.0173 outinratio 0.0584 

VBFH126_4l_dphijj_genbin3_recobin2 acc 0.0552 eff 0.0144 outinratio 0.0365 

WminusH126_4l_dphijj_genbin3_recobin2 acc 0.0435 eff 0.0415 outinratio 0.0736 

WplusH126_4l_dphijj_genbin3_recobin2 acc 0.0396 eff 0.0401 outinratio 0.0472 

ZH126_4l_dphijj_genbin3_recobin2 acc 0.0461 eff 0.0382 outinratio 0.0724 

ttH126_4l_dphijj_genbin3_recobin2 acc 0.0579 eff 0.0422 outinratio 0.1337 

ggH126_4l_dphijj_genbin4_recobin2 acc 0.0115 eff 0.0164 outinratio 0.0584 

VBFH126_4l_dphijj_genbin4_recobin2 acc 0.0673 eff 0.0107 outinratio 0.0365 

WminusH126_4l_dphijj_genbin4_recobin2 acc 0.0326 eff 0.0134 outinratio 0.0736 

WplusH126_4l_dphijj_genbin4_recobin2 acc 0.0245 eff 0.0139 outinratio 0.0472 

ZH126_4l_dphijj_genbin4_recobin2 acc 0.0385 eff 0.0182 outinratio 0.0724 

ttH126_4l_dphijj_genbin4_recobin2 acc 0.0967 eff 0.0299 outinratio 0.1337 

ggH126_4l_dphijj_genbin0_recobin3 acc 0.3617 eff 0.0056 outinratio 0.0977 

VBFH126_4l_dphijj_genbin0_recobin3 acc 0.2116 eff 0.0227 outinratio 0.0287 

WminusH126_4l_dphijj_genbin0_recobin3 acc 0.1977 eff 0.0167 outinratio 0.0709 

WplusH126_4l_dphijj_genbin0_recobin3 acc 0.1829 eff 0.0197 outinratio 0.0564 

ZH126_4l_dphijj_genbin0_recobin3 acc 0.1799 eff 0.0138 outinratio 0.0507 

ttH126_4l_dphijj_genbin0_recobin3 acc 0.0081 eff 0.0513 outinratio 0.1478 

ggH126_4l_dphijj_genbin1_recobin3 acc 0.0107 eff 0.017 outinratio 0.0977 

VBFH126_4l_dphijj_genbin1_recobin3 acc 0.0657 eff 0.006 outinratio 0.0287 

WminusH126_4l_dphijj_genbin1_recobin3 acc 0.0341 eff 0.0155 outinratio 0.0709 

WplusH126_4l_dphijj_genbin1_recobin3 acc 0.0265 eff 0.013 outinratio 0.0564 

ZH126_4l_dphijj_genbin1_recobin3 acc 0.0378 eff 0.0177 outinratio 0.0507 

ttH126_4l_dphijj_genbin1_recobin3 acc 0.0979 eff 0.031 outinratio 0.1478 

ggH126_4l_dphijj_genbin2_recobin3 acc 0.0126 eff 0.0285 outinratio 0.0977 

VBFH126_4l_dphijj_genbin2_recobin3 acc 0.0527 eff 0.0131 outinratio 0.0287 

WminusH126_4l_dphijj_genbin2_recobin3 acc 0.0446 eff 0.0293 outinratio 0.0709 

WplusH126_4l_dphijj_genbin2_recobin3 acc 0.0401 eff 0.0298 outinratio 0.0564 

ZH126_4l_dphijj_genbin2_recobin3 acc 0.0437 eff 0.0312 outinratio 0.0507 

ttH126_4l_dphijj_genbin2_recobin3 acc 0.0583 eff 0.0408 outinratio 0.1478 

ggH126_4l_dphijj_genbin3_recobin3 acc 0.0098 eff 0.4252 outinratio 0.0977 

VBFH126_4l_dphijj_genbin3_recobin3 acc 0.0552 eff 0.4239 outinratio 0.0287 

WminusH126_4l_dphijj_genbin3_recobin3 acc 0.0435 eff 0.4166 outinratio 0.0709 

WplusH126_4l_dphijj_genbin3_recobin3 acc 0.0396 eff 0.4373 outinratio 0.0564 

ZH126_4l_dphijj_genbin3_recobin3 acc 0.0461 eff 0.4632 outinratio 0.0507 

ttH126_4l_dphijj_genbin3_recobin3 acc 0.0579 eff 0.3923 outinratio 0.1478 

ggH126_4l_dphijj_genbin4_recobin3 acc 0.0115 eff 0.0093 outinratio 0.0977 

VBFH126_4l_dphijj_genbin4_recobin3 acc 0.0673 eff 0.0127 outinratio 0.0287 

WminusH126_4l_dphijj_genbin4_recobin3 acc 0.0326 eff 0.0255 outinratio 0.0709 

WplusH126_4l_dphijj_genbin4_recobin3 acc 0.0245 eff 0.0364 outinratio 0.0564 

ZH126_4l_dphijj_genbin4_recobin3 acc 0.0385 eff 0.0299 outinratio 0.0507 

ttH126_4l_dphijj_genbin4_recobin3 acc 0.0967 eff 0.0292 outinratio 0.1478 

ggH126_4l_dphijj_genbin0_recobin4 acc 0.3617 eff 0.0063 outinratio 0.0674 

VBFH126_4l_dphijj_genbin0_recobin4 acc 0.2116 eff 0.0269 outinratio 0.0375 

WminusH126_4l_dphijj_genbin0_recobin4 acc 0.1977 eff 0.02 outinratio 0.0982 

WplusH126_4l_dphijj_genbin0_recobin4 acc 0.1829 eff 0.0169 outinratio 0.1101 

ZH126_4l_dphijj_genbin0_recobin4 acc 0.1799 eff 0.0215 outinratio 0.0693 

ttH126_4l_dphijj_genbin0_recobin4 acc 0.0081 eff 0.0936 outinratio 0.1765 

ggH126_4l_dphijj_genbin1_recobin4 acc 0.0107 eff 0.0378 outinratio 0.0674 

VBFH126_4l_dphijj_genbin1_recobin4 acc 0.0657 eff 0.0129 outinratio 0.0375 

WminusH126_4l_dphijj_genbin1_recobin4 acc 0.0341 eff 0.0412 outinratio 0.0982 

WplusH126_4l_dphijj_genbin1_recobin4 acc 0.0265 eff 0.0357 outinratio 0.1101 

ZH126_4l_dphijj_genbin1_recobin4 acc 0.0378 eff 0.0424 outinratio 0.0693 

ttH126_4l_dphijj_genbin1_recobin4 acc 0.0979 eff 0.0564 outinratio 0.1765 

ggH126_4l_dphijj_genbin2_recobin4 acc 0.0126 eff 0.0166 outinratio 0.0674 

VBFH126_4l_dphijj_genbin2_recobin4 acc 0.0527 eff 0.0134 outinratio 0.0375 

WminusH126_4l_dphijj_genbin2_recobin4 acc 0.0446 eff 0.0161 outinratio 0.0982 

WplusH126_4l_dphijj_genbin2_recobin4 acc 0.0401 eff 0.0151 outinratio 0.1101 

ZH126_4l_dphijj_genbin2_recobin4 acc 0.0437 eff 0.0273 outinratio 0.0693 

ttH126_4l_dphijj_genbin2_recobin4 acc 0.0583 eff 0.0609 outinratio 0.1765 

ggH126_4l_dphijj_genbin3_recobin4 acc 0.0098 eff 0.0068 outinratio 0.0674 

VBFH126_4l_dphijj_genbin3_recobin4 acc 0.0552 eff 0.0165 outinratio 0.0375 

WminusH126_4l_dphijj_genbin3_recobin4 acc 0.0435 eff 0.0225 outinratio 0.0982 

WplusH126_4l_dphijj_genbin3_recobin4 acc 0.0396 eff 0.016 outinratio 0.1101 

ZH126_4l_dphijj_genbin3_recobin4 acc 0.0461 eff 0.0207 outinratio 0.0693 

ttH126_4l_dphijj_genbin3_recobin4 acc 0.0579 eff 0.0675 outinratio 0.1765 

ggH126_4l_dphijj_genbin4_recobin4 acc 0.0115 eff 0.4642 outinratio 0.0674 

VBFH126_4l_dphijj_genbin4_recobin4 acc 0.0673 eff 0.4522 outinratio 0.0375 

WminusH126_4l_dphijj_genbin4_recobin4 acc 0.0326 eff 0.3592 outinratio 0.0982 

WplusH126_4l_dphijj_genbin4_recobin4 acc 0.0245 eff 0.3889 outinratio 0.1101 

ZH126_4l_dphijj_genbin4_recobin4 acc 0.0385 eff 0.4163 outinratio 0.0693 

ttH126_4l_dphijj_genbin4_recobin4 acc 0.0967 eff 0.4268 outinratio 0.1765 

ggH126_4e_dphijj_genbin0_recobin0 acc 0.352 eff 0.3006 outinratio 0.0501 

VBFH126_4e_dphijj_genbin0_recobin0 acc 0.204 eff 0.2831 outinratio 0.0419 

WminusH126_4e_dphijj_genbin0_recobin0 acc 0.1904 eff 0.2822 outinratio 0.0391 

WplusH126_4e_dphijj_genbin0_recobin0 acc 0.1751 eff 0.2568 outinratio 0.0827 

ZH126_4e_dphijj_genbin0_recobin0 acc 0.1745 eff 0.28 outinratio 0.0695 

ttH126_4e_dphijj_genbin0_recobin0 acc 0.0085 eff 0.1278 outinratio 0.251 

ggH126_4e_dphijj_genbin1_recobin0 acc 0.0108 eff 0.0805 outinratio 0.0501 

VBFH126_4e_dphijj_genbin1_recobin0 acc 0.0642 eff 0.0639 outinratio 0.0419 

WminusH126_4e_dphijj_genbin1_recobin0 acc 0.0304 eff 0.0328 outinratio 0.0391 

WplusH126_4e_dphijj_genbin1_recobin0 acc 0.0258 eff 0.0262 outinratio 0.0827 

ZH126_4e_dphijj_genbin1_recobin0 acc 0.037 eff 0.0273 outinratio 0.0695 

ttH126_4e_dphijj_genbin1_recobin0 acc 0.0968 eff 0.0024 outinratio 0.251 

ggH126_4e_dphijj_genbin2_recobin0 acc 0.0125 eff 0.0538 outinratio 0.0501 

VBFH126_4e_dphijj_genbin2_recobin0 acc 0.0505 eff 0.0559 outinratio 0.0419 

WminusH126_4e_dphijj_genbin2_recobin0 acc 0.037 eff 0.0208 outinratio 0.0391 

WplusH126_4e_dphijj_genbin2_recobin0 acc 0.0389 eff 0.0106 outinratio 0.0827 

ZH126_4e_dphijj_genbin2_recobin0 acc 0.0385 eff 0.0241 outinratio 0.0695 

ttH126_4e_dphijj_genbin2_recobin0 acc 0.0546 eff 0.0033 outinratio 0.251 

ggH126_4e_dphijj_genbin3_recobin0 acc 0.01 eff 0.084 outinratio 0.0501 

VBFH126_4e_dphijj_genbin3_recobin0 acc 0.0552 eff 0.053 outinratio 0.0419 

WminusH126_4e_dphijj_genbin3_recobin0 acc 0.0441 eff 0.0248 outinratio 0.0391 

WplusH126_4e_dphijj_genbin3_recobin0 acc 0.0352 eff 0.038 outinratio 0.0827 

ZH126_4e_dphijj_genbin3_recobin0 acc 0.0439 eff 0.0516 outinratio 0.0695 

ttH126_4e_dphijj_genbin3_recobin0 acc 0.0558 eff 0.006 outinratio 0.251 

ggH126_4e_dphijj_genbin4_recobin0 acc 0.0108 eff 0.0185 outinratio 0.0501 

VBFH126_4e_dphijj_genbin4_recobin0 acc 0.0635 eff 0.0511 outinratio 0.0419 

WminusH126_4e_dphijj_genbin4_recobin0 acc 0.0317 eff 0.0279 outinratio 0.0391 

WplusH126_4e_dphijj_genbin4_recobin0 acc 0.0213 eff 0.0624 outinratio 0.0827 

ZH126_4e_dphijj_genbin4_recobin0 acc 0.0369 eff 0.0442 outinratio 0.0695 

ttH126_4e_dphijj_genbin4_recobin0 acc 0.0934 eff 0.003 outinratio 0.251 

ggH126_4e_dphijj_genbin0_recobin1 acc 0.352 eff 0.005 outinratio 0.0353 

VBFH126_4e_dphijj_genbin0_recobin1 acc 0.204 eff 0.0155 outinratio 0.0292 

WminusH126_4e_dphijj_genbin0_recobin1 acc 0.1904 eff 0.0093 outinratio 0.1341 

WplusH126_4e_dphijj_genbin0_recobin1 acc 0.1751 eff 0.0082 outinratio 0.1774 

ZH126_4e_dphijj_genbin0_recobin1 acc 0.1745 eff 0.0103 outinratio 0.1196 

ttH126_4e_dphijj_genbin0_recobin1 acc 0.0085 eff 0.0875 outinratio 0.208 

ggH126_4e_dphijj_genbin1_recobin1 acc 0.0108 eff 0.2916 outinratio 0.0353 

VBFH126_4e_dphijj_genbin1_recobin1 acc 0.0642 eff 0.2859 outinratio 0.0292 

WminusH126_4e_dphijj_genbin1_recobin1 acc 0.0304 eff 0.2548 outinratio 0.1341 

WplusH126_4e_dphijj_genbin1_recobin1 acc 0.0258 eff 0.2524 outinratio 0.1774 

ZH126_4e_dphijj_genbin1_recobin1 acc 0.037 eff 0.2621 outinratio 0.1196 

ttH126_4e_dphijj_genbin1_recobin1 acc 0.0968 eff 0.2484 outinratio 0.208 

ggH126_4e_dphijj_genbin2_recobin1 acc 0.0125 eff 0.0069 outinratio 0.0353 

VBFH126_4e_dphijj_genbin2_recobin1 acc 0.0505 eff 0.0117 outinratio 0.0292 

WminusH126_4e_dphijj_genbin2_recobin1 acc 0.037 eff 0.0168 outinratio 0.1341 

WplusH126_4e_dphijj_genbin2_recobin1 acc 0.0389 eff 0.0 outinratio 0.1774 

ZH126_4e_dphijj_genbin2_recobin1 acc 0.0385 eff 0.0116 outinratio 0.1196 

ttH126_4e_dphijj_genbin2_recobin1 acc 0.0546 eff 0.0459 outinratio 0.208 

ggH126_4e_dphijj_genbin3_recobin1 acc 0.01 eff 0.0205 outinratio 0.0353 

VBFH126_4e_dphijj_genbin3_recobin1 acc 0.0552 eff 0.0078 outinratio 0.0292 

WminusH126_4e_dphijj_genbin3_recobin1 acc 0.0441 eff 0.0027 outinratio 0.1341 

WplusH126_4e_dphijj_genbin3_recobin1 acc 0.0352 eff 0.0199 outinratio 0.1774 

ZH126_4e_dphijj_genbin3_recobin1 acc 0.0439 eff 0.0081 outinratio 0.1196 

ttH126_4e_dphijj_genbin3_recobin1 acc 0.0558 eff 0.0399 outinratio 0.208 

ggH126_4e_dphijj_genbin4_recobin1 acc 0.0108 eff 0.0 outinratio 0.0353 

VBFH126_4e_dphijj_genbin4_recobin1 acc 0.0635 eff 0.0097 outinratio 0.0292 

WminusH126_4e_dphijj_genbin4_recobin1 acc 0.0317 eff 0.0265 outinratio 0.1341 

WplusH126_4e_dphijj_genbin4_recobin1 acc 0.0213 eff 0.0188 outinratio 0.1774 

ZH126_4e_dphijj_genbin4_recobin1 acc 0.0369 eff 0.0317 outinratio 0.1196 

ttH126_4e_dphijj_genbin4_recobin1 acc 0.0934 eff 0.0355 outinratio 0.208 

ggH126_4e_dphijj_genbin0_recobin2 acc 0.352 eff 0.0047 outinratio 0.0606 

VBFH126_4e_dphijj_genbin0_recobin2 acc 0.204 eff 0.0129 outinratio 0.0347 

WminusH126_4e_dphijj_genbin0_recobin2 acc 0.1904 eff 0.0157 outinratio 0.0752 

WplusH126_4e_dphijj_genbin0_recobin2 acc 0.1751 eff 0.0137 outinratio 0.0 

ZH126_4e_dphijj_genbin0_recobin2 acc 0.1745 eff 0.0165 outinratio 0.0362 

ttH126_4e_dphijj_genbin0_recobin2 acc 0.0085 eff 0.026 outinratio 0.1209 

ggH126_4e_dphijj_genbin1_recobin2 acc 0.0108 eff 0.0 outinratio 0.0606 

VBFH126_4e_dphijj_genbin1_recobin2 acc 0.0642 eff 0.0049 outinratio 0.0347 

WminusH126_4e_dphijj_genbin1_recobin2 acc 0.0304 eff 0.0 outinratio 0.0752 

WplusH126_4e_dphijj_genbin1_recobin2 acc 0.0258 eff 0.0 outinratio 0.0 

ZH126_4e_dphijj_genbin1_recobin2 acc 0.037 eff 0.0324 outinratio 0.0362 

ttH126_4e_dphijj_genbin1_recobin2 acc 0.0968 eff 0.0221 outinratio 0.1209 

ggH126_4e_dphijj_genbin2_recobin2 acc 0.0125 eff 0.3615 outinratio 0.0606 

VBFH126_4e_dphijj_genbin2_recobin2 acc 0.0505 eff 0.2842 outinratio 0.0347 

WminusH126_4e_dphijj_genbin2_recobin2 acc 0.037 eff 0.2276 outinratio 0.0752 

WplusH126_4e_dphijj_genbin2_recobin2 acc 0.0389 eff 0.3895 outinratio 0.0 

ZH126_4e_dphijj_genbin2_recobin2 acc 0.0385 eff 0.2899 outinratio 0.0362 

ttH126_4e_dphijj_genbin2_recobin2 acc 0.0546 eff 0.2415 outinratio 0.1209 

ggH126_4e_dphijj_genbin3_recobin2 acc 0.01 eff 0.0 outinratio 0.0606 

VBFH126_4e_dphijj_genbin3_recobin2 acc 0.0552 eff 0.0115 outinratio 0.0347 

WminusH126_4e_dphijj_genbin3_recobin2 acc 0.0441 eff 0.021 outinratio 0.0752 

WplusH126_4e_dphijj_genbin3_recobin2 acc 0.0352 eff 0.0194 outinratio 0.0 

ZH126_4e_dphijj_genbin3_recobin2 acc 0.0439 eff 0.02 outinratio 0.0362 

ttH126_4e_dphijj_genbin3_recobin2 acc 0.0558 eff 0.0346 outinratio 0.1209 

ggH126_4e_dphijj_genbin4_recobin2 acc 0.0108 eff 0.0 outinratio 0.0606 

VBFH126_4e_dphijj_genbin4_recobin2 acc 0.0635 eff 0.0066 outinratio 0.0347 

WminusH126_4e_dphijj_genbin4_recobin2 acc 0.0317 eff 0.0171 outinratio 0.0752 

WplusH126_4e_dphijj_genbin4_recobin2 acc 0.0213 eff 0.0112 outinratio 0.0 

ZH126_4e_dphijj_genbin4_recobin2 acc 0.0369 eff 0.0082 outinratio 0.0362 

ttH126_4e_dphijj_genbin4_recobin2 acc 0.0934 eff 0.0168 outinratio 0.1209 

ggH126_4e_dphijj_genbin0_recobin3 acc 0.352 eff 0.0031 outinratio 0.1568 

VBFH126_4e_dphijj_genbin0_recobin3 acc 0.204 eff 0.0158 outinratio 0.0143 

WminusH126_4e_dphijj_genbin0_recobin3 acc 0.1904 eff 0.0099 outinratio 0.0777 

WplusH126_4e_dphijj_genbin0_recobin3 acc 0.1751 eff 0.0051 outinratio 0.058 

ZH126_4e_dphijj_genbin0_recobin3 acc 0.1745 eff 0.0129 outinratio 0.0408 

ttH126_4e_dphijj_genbin0_recobin3 acc 0.0085 eff 0.0415 outinratio 0.1603 

ggH126_4e_dphijj_genbin1_recobin3 acc 0.0108 eff 0.0128 outinratio 0.1568 

VBFH126_4e_dphijj_genbin1_recobin3 acc 0.0642 eff 0.0042 outinratio 0.0143 

WminusH126_4e_dphijj_genbin1_recobin3 acc 0.0304 eff 0.0071 outinratio 0.0777 

WplusH126_4e_dphijj_genbin1_recobin3 acc 0.0258 eff 0.0083 outinratio 0.058 

ZH126_4e_dphijj_genbin1_recobin3 acc 0.037 eff 0.0273 outinratio 0.0408 

ttH126_4e_dphijj_genbin1_recobin3 acc 0.0968 eff 0.023 outinratio 0.1603 

ggH126_4e_dphijj_genbin2_recobin3 acc 0.0125 eff 0.043 outinratio 0.1568 

VBFH126_4e_dphijj_genbin2_recobin3 acc 0.0505 eff 0.0058 outinratio 0.0143 

WminusH126_4e_dphijj_genbin2_recobin3 acc 0.037 eff 0.0314 outinratio 0.0777 

WplusH126_4e_dphijj_genbin2_recobin3 acc 0.0389 eff 0.0204 outinratio 0.058 

ZH126_4e_dphijj_genbin2_recobin3 acc 0.0385 eff 0.0255 outinratio 0.0408 

ttH126_4e_dphijj_genbin2_recobin3 acc 0.0546 eff 0.03 outinratio 0.1603 

ggH126_4e_dphijj_genbin3_recobin3 acc 0.01 eff 0.2616 outinratio 0.1568 

VBFH126_4e_dphijj_genbin3_recobin3 acc 0.0552 eff 0.2536 outinratio 0.0143 

WminusH126_4e_dphijj_genbin3_recobin3 acc 0.0441 eff 0.2338 outinratio 0.0777 

WplusH126_4e_dphijj_genbin3_recobin3 acc 0.0352 eff 0.2513 outinratio 0.058 

ZH126_4e_dphijj_genbin3_recobin3 acc 0.0439 eff 0.2914 outinratio 0.0408 

ttH126_4e_dphijj_genbin3_recobin3 acc 0.0558 eff 0.2455 outinratio 0.1603 

ggH126_4e_dphijj_genbin4_recobin3 acc 0.0108 eff 0.0 outinratio 0.1568 

VBFH126_4e_dphijj_genbin4_recobin3 acc 0.0635 eff 0.0102 outinratio 0.0143 

WminusH126_4e_dphijj_genbin4_recobin3 acc 0.0317 eff 0.0048 outinratio 0.0777 

WplusH126_4e_dphijj_genbin4_recobin3 acc 0.0213 eff 0.0551 outinratio 0.058 

ZH126_4e_dphijj_genbin4_recobin3 acc 0.0369 eff 0.0271 outinratio 0.0408 

ttH126_4e_dphijj_genbin4_recobin3 acc 0.0934 eff 0.0188 outinratio 0.1603 

ggH126_4e_dphijj_genbin0_recobin4 acc 0.352 eff 0.0041 outinratio 0.0411 

VBFH126_4e_dphijj_genbin0_recobin4 acc 0.204 eff 0.0161 outinratio 0.0486 

WminusH126_4e_dphijj_genbin0_recobin4 acc 0.1904 eff 0.0077 outinratio 0.1265 

WplusH126_4e_dphijj_genbin0_recobin4 acc 0.1751 eff 0.0081 outinratio 0.151 

ZH126_4e_dphijj_genbin0_recobin4 acc 0.1745 eff 0.0145 outinratio 0.103 

ttH126_4e_dphijj_genbin0_recobin4 acc 0.0085 eff 0.0794 outinratio 0.2741 

ggH126_4e_dphijj_genbin1_recobin4 acc 0.0108 eff 0.0333 outinratio 0.0411 

VBFH126_4e_dphijj_genbin1_recobin4 acc 0.0642 eff 0.0086 outinratio 0.0486 

WminusH126_4e_dphijj_genbin1_recobin4 acc 0.0304 eff 0.0158 outinratio 0.1265 

WplusH126_4e_dphijj_genbin1_recobin4 acc 0.0258 eff 0.0205 outinratio 0.151 

ZH126_4e_dphijj_genbin1_recobin4 acc 0.037 eff 0.017 outinratio 0.103 

ttH126_4e_dphijj_genbin1_recobin4 acc 0.0968 eff 0.0335 outinratio 0.2741 

ggH126_4e_dphijj_genbin2_recobin4 acc 0.0125 eff 0.0 outinratio 0.0411 

VBFH126_4e_dphijj_genbin2_recobin4 acc 0.0505 eff 0.0047 outinratio 0.0486 

WminusH126_4e_dphijj_genbin2_recobin4 acc 0.037 eff 0.0048 outinratio 0.1265 

WplusH126_4e_dphijj_genbin2_recobin4 acc 0.0389 eff 0.0082 outinratio 0.151 

ZH126_4e_dphijj_genbin2_recobin4 acc 0.0385 eff 0.013 outinratio 0.103 

ttH126_4e_dphijj_genbin2_recobin4 acc 0.0546 eff 0.0241 outinratio 0.2741 

ggH126_4e_dphijj_genbin3_recobin4 acc 0.01 eff 0.0073 outinratio 0.0411 

VBFH126_4e_dphijj_genbin3_recobin4 acc 0.0552 eff 0.0056 outinratio 0.0486 

WminusH126_4e_dphijj_genbin3_recobin4 acc 0.0441 eff 0.0 outinratio 0.1265 

WplusH126_4e_dphijj_genbin3_recobin4 acc 0.0352 eff 0.0 outinratio 0.151 

ZH126_4e_dphijj_genbin3_recobin4 acc 0.0439 eff 0.0167 outinratio 0.103 

ttH126_4e_dphijj_genbin3_recobin4 acc 0.0558 eff 0.0483 outinratio 0.2741 

ggH126_4e_dphijj_genbin4_recobin4 acc 0.0108 eff 0.295 outinratio 0.0411 

VBFH126_4e_dphijj_genbin4_recobin4 acc 0.0635 eff 0.2535 outinratio 0.0486 

WminusH126_4e_dphijj_genbin4_recobin4 acc 0.0317 eff 0.2057 outinratio 0.1265 

WplusH126_4e_dphijj_genbin4_recobin4 acc 0.0213 eff 0.2277 outinratio 0.151 

ZH126_4e_dphijj_genbin4_recobin4 acc 0.0369 eff 0.2578 outinratio 0.103 

ttH126_4e_dphijj_genbin4_recobin4 acc 0.0934 eff 0.2639 outinratio 0.2741 

ggH126_4mu_dphijj_genbin0_recobin0 acc 0.3765 eff 0.7645 outinratio 0.047 

VBFH126_4mu_dphijj_genbin0_recobin0 acc 0.2246 eff 0.6777 outinratio 0.0291 

WminusH126_4mu_dphijj_genbin0_recobin0 acc 0.2107 eff 0.6565 outinratio 0.067 

WplusH126_4mu_dphijj_genbin0_recobin0 acc 0.1977 eff 0.6705 outinratio 0.0496 

ZH126_4mu_dphijj_genbin0_recobin0 acc 0.1891 eff 0.6731 outinratio 0.0701 

ttH126_4mu_dphijj_genbin0_recobin0 acc 0.0078 eff 0.3561 outinratio 0.1016 

ggH126_4mu_dphijj_genbin1_recobin0 acc 0.0117 eff 0.0717 outinratio 0.047 

VBFH126_4mu_dphijj_genbin1_recobin0 acc 0.0702 eff 0.1094 outinratio 0.0291 

WminusH126_4mu_dphijj_genbin1_recobin0 acc 0.0355 eff 0.0769 outinratio 0.067 

WplusH126_4mu_dphijj_genbin1_recobin0 acc 0.0246 eff 0.1066 outinratio 0.0496 

ZH126_4mu_dphijj_genbin1_recobin0 acc 0.0398 eff 0.1084 outinratio 0.0701 

ttH126_4mu_dphijj_genbin1_recobin0 acc 0.1016 eff 0.0032 outinratio 0.1016 

ggH126_4mu_dphijj_genbin2_recobin0 acc 0.0136 eff 0.1736 outinratio 0.047 

VBFH126_4mu_dphijj_genbin2_recobin0 acc 0.0562 eff 0.1076 outinratio 0.0291 

WminusH126_4mu_dphijj_genbin2_recobin0 acc 0.0506 eff 0.0689 outinratio 0.067 

WplusH126_4mu_dphijj_genbin2_recobin0 acc 0.0459 eff 0.0718 outinratio 0.0496 

ZH126_4mu_dphijj_genbin2_recobin0 acc 0.047 eff 0.0639 outinratio 0.0701 

ttH126_4mu_dphijj_genbin2_recobin0 acc 0.0639 eff 0.0068 outinratio 0.1016 

ggH126_4mu_dphijj_genbin3_recobin0 acc 0.009 eff 0.0975 outinratio 0.047 

VBFH126_4mu_dphijj_genbin3_recobin0 acc 0.059 eff 0.1405 outinratio 0.0291 

WminusH126_4mu_dphijj_genbin3_recobin0 acc 0.0431 eff 0.0919 outinratio 0.067 

WplusH126_4mu_dphijj_genbin3_recobin0 acc 0.0463 eff 0.0697 outinratio 0.0496 

ZH126_4mu_dphijj_genbin3_recobin0 acc 0.049 eff 0.1025 outinratio 0.0701 

ttH126_4mu_dphijj_genbin3_recobin0 acc 0.0631 eff 0.0085 outinratio 0.1016 

ggH126_4mu_dphijj_genbin4_recobin0 acc 0.0128 eff 0.1243 outinratio 0.047 

VBFH126_4mu_dphijj_genbin4_recobin0 acc 0.0711 eff 0.1103 outinratio 0.0291 

WminusH126_4mu_dphijj_genbin4_recobin0 acc 0.0375 eff 0.0852 outinratio 0.067 

WplusH126_4mu_dphijj_genbin4_recobin0 acc 0.0254 eff 0.0432 outinratio 0.0496 

ZH126_4mu_dphijj_genbin4_recobin0 acc 0.0392 eff 0.1373 outinratio 0.0701 

ttH126_4mu_dphijj_genbin4_recobin0 acc 0.1056 eff 0.0032 outinratio 0.1016 

ggH126_4mu_dphijj_genbin0_recobin1 acc 0.3765 eff 0.0104 outinratio 0.071 

VBFH126_4mu_dphijj_genbin0_recobin1 acc 0.2246 eff 0.0377 outinratio 0.0358 

WminusH126_4mu_dphijj_genbin0_recobin1 acc 0.2107 eff 0.031 outinratio 0.0934 

WplusH126_4mu_dphijj_genbin0_recobin1 acc 0.1977 eff 0.0276 outinratio 0.1446 

ZH126_4mu_dphijj_genbin0_recobin1 acc 0.1891 eff 0.0369 outinratio 0.103 

ttH126_4mu_dphijj_genbin0_recobin1 acc 0.0078 eff 0.1623 outinratio 0.1568 

ggH126_4mu_dphijj_genbin1_recobin1 acc 0.0117 eff 0.6291 outinratio 0.071 

VBFH126_4mu_dphijj_genbin1_recobin1 acc 0.0702 eff 0.6474 outinratio 0.0358 

WminusH126_4mu_dphijj_genbin1_recobin1 acc 0.0355 eff 0.587 outinratio 0.0934 

WplusH126_4mu_dphijj_genbin1_recobin1 acc 0.0246 eff 0.6858 outinratio 0.1446 

ZH126_4mu_dphijj_genbin1_recobin1 acc 0.0398 eff 0.5662 outinratio 0.103 

ttH126_4mu_dphijj_genbin1_recobin1 acc 0.1016 eff 0.6267 outinratio 0.1568 

ggH126_4mu_dphijj_genbin2_recobin1 acc 0.0136 eff 0.0337 outinratio 0.071 

VBFH126_4mu_dphijj_genbin2_recobin1 acc 0.0562 eff 0.0168 outinratio 0.0358 

WminusH126_4mu_dphijj_genbin2_recobin1 acc 0.0506 eff 0.0427 outinratio 0.0934 

WplusH126_4mu_dphijj_genbin2_recobin1 acc 0.0459 eff 0.0345 outinratio 0.1446 

ZH126_4mu_dphijj_genbin2_recobin1 acc 0.047 eff 0.0254 outinratio 0.103 

ttH126_4mu_dphijj_genbin2_recobin1 acc 0.0639 eff 0.0889 outinratio 0.1568 

ggH126_4mu_dphijj_genbin3_recobin1 acc 0.009 eff 0.0 outinratio 0.071 

VBFH126_4mu_dphijj_genbin3_recobin1 acc 0.059 eff 0.0143 outinratio 0.0358 

WminusH126_4mu_dphijj_genbin3_recobin1 acc 0.0431 eff 0.0275 outinratio 0.0934 

WplusH126_4mu_dphijj_genbin3_recobin1 acc 0.0463 eff 0.0147 outinratio 0.1446 

ZH126_4mu_dphijj_genbin3_recobin1 acc 0.049 eff 0.0175 outinratio 0.103 

ttH126_4mu_dphijj_genbin3_recobin1 acc 0.0631 eff 0.0995 outinratio 0.1568 

ggH126_4mu_dphijj_genbin4_recobin1 acc 0.0128 eff 0.0206 outinratio 0.071 

VBFH126_4mu_dphijj_genbin4_recobin1 acc 0.0711 eff 0.0153 outinratio 0.0358 

WminusH126_4mu_dphijj_genbin4_recobin1 acc 0.0375 eff 0.1011 outinratio 0.0934 

WplusH126_4mu_dphijj_genbin4_recobin1 acc 0.0254 eff 0.0468 outinratio 0.1446 

ZH126_4mu_dphijj_genbin4_recobin1 acc 0.0392 eff 0.0417 outinratio 0.103 

ttH126_4mu_dphijj_genbin4_recobin1 acc 0.1056 eff 0.0969 outinratio 0.1568 

ggH126_4mu_dphijj_genbin0_recobin2 acc 0.3765 eff 0.0084 outinratio 0.0433 

VBFH126_4mu_dphijj_genbin0_recobin2 acc 0.2246 eff 0.0297 outinratio 0.0275 

WminusH126_4mu_dphijj_genbin0_recobin2 acc 0.2107 eff 0.0201 outinratio 0.1105 

WplusH126_4mu_dphijj_genbin0_recobin2 acc 0.1977 eff 0.0379 outinratio 0.0648 

ZH126_4mu_dphijj_genbin0_recobin2 acc 0.1891 eff 0.0286 outinratio 0.0484 

ttH126_4mu_dphijj_genbin0_recobin2 acc 0.0078 eff 0.0917 outinratio 0.1181 

ggH126_4mu_dphijj_genbin1_recobin2 acc 0.0117 eff 0.0338 outinratio 0.0433 

VBFH126_4mu_dphijj_genbin1_recobin2 acc 0.0702 eff 0.0199 outinratio 0.0275 

WminusH126_4mu_dphijj_genbin1_recobin2 acc 0.0355 eff 0.0225 outinratio 0.1105 

WplusH126_4mu_dphijj_genbin1_recobin2 acc 0.0246 eff 0.0753 outinratio 0.0648 

ZH126_4mu_dphijj_genbin1_recobin2 acc 0.0398 eff 0.0252 outinratio 0.0484 

ttH126_4mu_dphijj_genbin1_recobin2 acc 0.1016 eff 0.0447 outinratio 0.1181 

ggH126_4mu_dphijj_genbin2_recobin2 acc 0.0136 eff 0.5382 outinratio 0.0433 

VBFH126_4mu_dphijj_genbin2_recobin2 acc 0.0562 eff 0.6782 outinratio 0.0275 

WminusH126_4mu_dphijj_genbin2_recobin2 acc 0.0506 eff 0.6184 outinratio 0.1105 

WplusH126_4mu_dphijj_genbin2_recobin2 acc 0.0459 eff 0.6527 outinratio 0.0648 

ZH126_4mu_dphijj_genbin2_recobin2 acc 0.047 eff 0.6803 outinratio 0.0484 

ttH126_4mu_dphijj_genbin2_recobin2 acc 0.0639 eff 0.5302 outinratio 0.1181 

ggH126_4mu_dphijj_genbin3_recobin2 acc 0.009 eff 0.0239 outinratio 0.0433 

VBFH126_4mu_dphijj_genbin3_recobin2 acc 0.059 eff 0.0179 outinratio 0.0275 

WminusH126_4mu_dphijj_genbin3_recobin2 acc 0.0431 eff 0.0642 outinratio 0.1105 

WplusH126_4mu_dphijj_genbin3_recobin2 acc 0.0463 eff 0.0513 outinratio 0.0648 

ZH126_4mu_dphijj_genbin3_recobin2 acc 0.049 eff 0.0725 outinratio 0.0484 

ttH126_4mu_dphijj_genbin3_recobin2 acc 0.0631 eff 0.0602 outinratio 0.1181 

ggH126_4mu_dphijj_genbin4_recobin2 acc 0.0128 eff 0.0494 outinratio 0.0433 

VBFH126_4mu_dphijj_genbin4_recobin2 acc 0.0711 eff 0.0152 outinratio 0.0275 

WminusH126_4mu_dphijj_genbin4_recobin2 acc 0.0375 eff 0.0074 outinratio 0.1105 

WplusH126_4mu_dphijj_genbin4_recobin2 acc 0.0254 eff 0.0059 outinratio 0.0648 

ZH126_4mu_dphijj_genbin4_recobin2 acc 0.0392 eff 0.0349 outinratio 0.0484 

ttH126_4mu_dphijj_genbin4_recobin2 acc 0.1056 eff 0.0436 outinratio 0.1181 

ggH126_4mu_dphijj_genbin0_recobin3 acc 0.3765 eff 0.0081 outinratio 0.0679 

VBFH126_4mu_dphijj_genbin0_recobin3 acc 0.2246 eff 0.0301 outinratio 0.0306 

WminusH126_4mu_dphijj_genbin0_recobin3 acc 0.2107 eff 0.0186 outinratio 0.0561 

WplusH126_4mu_dphijj_genbin0_recobin3 acc 0.1977 eff 0.0349 outinratio 0.0523 

ZH126_4mu_dphijj_genbin0_recobin3 acc 0.1891 eff 0.0201 outinratio 0.0647 

ttH126_4mu_dphijj_genbin0_recobin3 acc 0.0078 eff 0.066 outinratio 0.1358 

ggH126_4mu_dphijj_genbin1_recobin3 acc 0.0117 eff 0.0034 outinratio 0.0679 

VBFH126_4mu_dphijj_genbin1_recobin3 acc 0.0702 eff 0.0111 outinratio 0.0306 

WminusH126_4mu_dphijj_genbin1_recobin3 acc 0.0355 eff 0.0261 outinratio 0.0561 

WplusH126_4mu_dphijj_genbin1_recobin3 acc 0.0246 eff 0.0 outinratio 0.0523 

ZH126_4mu_dphijj_genbin1_recobin3 acc 0.0398 eff 0.0179 outinratio 0.0647 

ttH126_4mu_dphijj_genbin1_recobin3 acc 0.1016 eff 0.0407 outinratio 0.1358 

ggH126_4mu_dphijj_genbin2_recobin3 acc 0.0136 eff 0.0338 outinratio 0.0679 

VBFH126_4mu_dphijj_genbin2_recobin3 acc 0.0562 eff 0.0156 outinratio 0.0306 

WminusH126_4mu_dphijj_genbin2_recobin3 acc 0.0506 eff 0.0463 outinratio 0.0561 

WplusH126_4mu_dphijj_genbin2_recobin3 acc 0.0459 eff 0.0386 outinratio 0.0523 

ZH126_4mu_dphijj_genbin2_recobin3 acc 0.047 eff 0.0371 outinratio 0.0647 

ttH126_4mu_dphijj_genbin2_recobin3 acc 0.0639 eff 0.0505 outinratio 0.1358 

ggH126_4mu_dphijj_genbin3_recobin3 acc 0.009 eff 0.6386 outinratio 0.0679 

VBFH126_4mu_dphijj_genbin3_recobin3 acc 0.059 eff 0.6318 outinratio 0.0306 

WminusH126_4mu_dphijj_genbin3_recobin3 acc 0.0431 eff 0.599 outinratio 0.0561 

WplusH126_4mu_dphijj_genbin3_recobin3 acc 0.0463 eff 0.6063 outinratio 0.0523 

ZH126_4mu_dphijj_genbin3_recobin3 acc 0.049 eff 0.6681 outinratio 0.0647 

ttH126_4mu_dphijj_genbin3_recobin3 acc 0.0631 eff 0.534 outinratio 0.1358 

ggH126_4mu_dphijj_genbin4_recobin3 acc 0.0128 eff 0.0143 outinratio 0.0679 

VBFH126_4mu_dphijj_genbin4_recobin3 acc 0.0711 eff 0.0211 outinratio 0.0306 

WminusH126_4mu_dphijj_genbin4_recobin3 acc 0.0375 eff 0.0656 outinratio 0.0561 

WplusH126_4mu_dphijj_genbin4_recobin3 acc 0.0254 eff 0.0591 outinratio 0.0523 

ZH126_4mu_dphijj_genbin4_recobin3 acc 0.0392 eff 0.0405 outinratio 0.0647 

ttH126_4mu_dphijj_genbin4_recobin3 acc 0.1056 eff 0.0388 outinratio 0.1358 

ggH126_4mu_dphijj_genbin0_recobin4 acc 0.3765 eff 0.01 outinratio 0.0279 

VBFH126_4mu_dphijj_genbin0_recobin4 acc 0.2246 eff 0.0413 outinratio 0.0351 

WminusH126_4mu_dphijj_genbin0_recobin4 acc 0.2107 eff 0.0311 outinratio 0.0521 

WplusH126_4mu_dphijj_genbin0_recobin4 acc 0.1977 eff 0.0156 outinratio 0.0484 

ZH126_4mu_dphijj_genbin0_recobin4 acc 0.1891 eff 0.0264 outinratio 0.0615 

ttH126_4mu_dphijj_genbin0_recobin4 acc 0.0078 eff 0.0958 outinratio 0.1504 

ggH126_4mu_dphijj_genbin1_recobin4 acc 0.0117 eff 0.0526 outinratio 0.0279 

VBFH126_4mu_dphijj_genbin1_recobin4 acc 0.0702 eff 0.0195 outinratio 0.0351 

WminusH126_4mu_dphijj_genbin1_recobin4 acc 0.0355 eff 0.0883 outinratio 0.0521 

WplusH126_4mu_dphijj_genbin1_recobin4 acc 0.0246 eff 0.021 outinratio 0.0484 

ZH126_4mu_dphijj_genbin1_recobin4 acc 0.0398 eff 0.0586 outinratio 0.0615 

ttH126_4mu_dphijj_genbin1_recobin4 acc 0.1016 eff 0.0798 outinratio 0.1504 

ggH126_4mu_dphijj_genbin2_recobin4 acc 0.0136 eff 0.0395 outinratio 0.0279 

VBFH126_4mu_dphijj_genbin2_recobin4 acc 0.0562 eff 0.0224 outinratio 0.0351 

WminusH126_4mu_dphijj_genbin2_recobin4 acc 0.0506 eff 0.0209 outinratio 0.0521 

WplusH126_4mu_dphijj_genbin2_recobin4 acc 0.0459 eff 0.0208 outinratio 0.0484 

ZH126_4mu_dphijj_genbin2_recobin4 acc 0.047 eff 0.0389 outinratio 0.0615 

ttH126_4mu_dphijj_genbin2_recobin4 acc 0.0639 eff 0.0985 outinratio 0.1504 

ggH126_4mu_dphijj_genbin3_recobin4 acc 0.009 eff 0.012 outinratio 0.0279 

VBFH126_4mu_dphijj_genbin3_recobin4 acc 0.059 eff 0.0292 outinratio 0.0351 

WminusH126_4mu_dphijj_genbin3_recobin4 acc 0.0431 eff 0.0669 outinratio 0.0521 

WplusH126_4mu_dphijj_genbin3_recobin4 acc 0.0463 eff 0.0518 outinratio 0.0484 

ZH126_4mu_dphijj_genbin3_recobin4 acc 0.049 eff 0.0184 outinratio 0.0615 

ttH126_4mu_dphijj_genbin3_recobin4 acc 0.0631 eff 0.0823 outinratio 0.1504 

ggH126_4mu_dphijj_genbin4_recobin4 acc 0.0128 eff 0.6006 outinratio 0.0279 

VBFH126_4mu_dphijj_genbin4_recobin4 acc 0.0711 eff 0.6669 outinratio 0.0351 

WminusH126_4mu_dphijj_genbin4_recobin4 acc 0.0375 eff 0.5351 outinratio 0.0521 

WplusH126_4mu_dphijj_genbin4_recobin4 acc 0.0254 eff 0.5427 outinratio 0.0484 

ZH126_4mu_dphijj_genbin4_recobin4 acc 0.0392 eff 0.5964 outinratio 0.0615 

ttH126_4mu_dphijj_genbin4_recobin4 acc 0.1056 eff 0.6113 outinratio 0.1504 

ggH126_2e2mu_dphijj_genbin0_recobin0 acc 0.3588 eff 0.4843 outinratio 0.0499 

VBFH126_2e2mu_dphijj_genbin0_recobin0 acc 0.2087 eff 0.4533 outinratio 0.0362 

WminusH126_2e2mu_dphijj_genbin0_recobin0 acc 0.1944 eff 0.4272 outinratio 0.0609 

WplusH126_2e2mu_dphijj_genbin0_recobin0 acc 0.1791 eff 0.4508 outinratio 0.0592 

ZH126_2e2mu_dphijj_genbin0_recobin0 acc 0.1778 eff 0.4397 outinratio 0.0765 

ttH126_2e2mu_dphijj_genbin0_recobin0 acc 0.0082 eff 0.2068 outinratio 0.1774 

ggH126_2e2mu_dphijj_genbin1_recobin0 acc 0.0102 eff 0.1272 outinratio 0.0499 

VBFH126_2e2mu_dphijj_genbin1_recobin0 acc 0.0641 eff 0.075 outinratio 0.0362 

WminusH126_2e2mu_dphijj_genbin1_recobin0 acc 0.0354 eff 0.0611 outinratio 0.0609 

WplusH126_2e2mu_dphijj_genbin1_recobin0 acc 0.0279 eff 0.0383 outinratio 0.0592 

ZH126_2e2mu_dphijj_genbin1_recobin0 acc 0.0372 eff 0.0651 outinratio 0.0765 

ttH126_2e2mu_dphijj_genbin1_recobin0 acc 0.0964 eff 0.0036 outinratio 0.1774 

ggH126_2e2mu_dphijj_genbin2_recobin0 acc 0.0121 eff 0.0723 outinratio 0.0499 

VBFH126_2e2mu_dphijj_genbin2_recobin0 acc 0.052 eff 0.1015 outinratio 0.0362 

WminusH126_2e2mu_dphijj_genbin2_recobin0 acc 0.0455 eff 0.0593 outinratio 0.0609 

WplusH126_2e2mu_dphijj_genbin2_recobin0 acc 0.0376 eff 0.033 outinratio 0.0592 

ZH126_2e2mu_dphijj_genbin2_recobin0 acc 0.0448 eff 0.0565 outinratio 0.0765 

ttH126_2e2mu_dphijj_genbin2_recobin0 acc 0.0571 eff 0.0054 outinratio 0.1774 

ggH126_2e2mu_dphijj_genbin3_recobin0 acc 0.0101 eff 0.0828 outinratio 0.0499 

VBFH126_2e2mu_dphijj_genbin3_recobin0 acc 0.0531 eff 0.0788 outinratio 0.0362 

WminusH126_2e2mu_dphijj_genbin3_recobin0 acc 0.0434 eff 0.0443 outinratio 0.0609 

WplusH126_2e2mu_dphijj_genbin3_recobin0 acc 0.0382 eff 0.0543 outinratio 0.0592 

ZH126_2e2mu_dphijj_genbin3_recobin0 acc 0.0458 eff 0.049 outinratio 0.0765 

ttH126_2e2mu_dphijj_genbin3_recobin0 acc 0.0562 eff 0.0039 outinratio 0.1774 

ggH126_2e2mu_dphijj_genbin4_recobin0 acc 0.0112 eff 0.0666 outinratio 0.0499 

VBFH126_2e2mu_dphijj_genbin4_recobin0 acc 0.0674 eff 0.0715 outinratio 0.0362 

WminusH126_2e2mu_dphijj_genbin4_recobin0 acc 0.0303 eff 0.0641 outinratio 0.0609 

WplusH126_2e2mu_dphijj_genbin4_recobin0 acc 0.0257 eff 0.0206 outinratio 0.0592 

ZH126_2e2mu_dphijj_genbin4_recobin0 acc 0.039 eff 0.0418 outinratio 0.0765 

ttH126_2e2mu_dphijj_genbin4_recobin0 acc 0.0937 eff 0.0024 outinratio 0.1774 

ggH126_2e2mu_dphijj_genbin0_recobin1 acc 0.3588 eff 0.0066 outinratio 0.0795 

VBFH126_2e2mu_dphijj_genbin0_recobin1 acc 0.2087 eff 0.0203 outinratio 0.0304 

WminusH126_2e2mu_dphijj_genbin0_recobin1 acc 0.1944 eff 0.0227 outinratio 0.0933 

WplusH126_2e2mu_dphijj_genbin0_recobin1 acc 0.1791 eff 0.0153 outinratio 0.1201 

ZH126_2e2mu_dphijj_genbin0_recobin1 acc 0.1778 eff 0.0159 outinratio 0.1155 

ttH126_2e2mu_dphijj_genbin0_recobin1 acc 0.0082 eff 0.0971 outinratio 0.1693 

ggH126_2e2mu_dphijj_genbin1_recobin1 acc 0.0102 eff 0.3011 outinratio 0.0795 

VBFH126_2e2mu_dphijj_genbin1_recobin1 acc 0.0641 eff 0.4302 outinratio 0.0304 

WminusH126_2e2mu_dphijj_genbin1_recobin1 acc 0.0354 eff 0.3706 outinratio 0.0933 

WplusH126_2e2mu_dphijj_genbin1_recobin1 acc 0.0279 eff 0.3896 outinratio 0.1201 

ZH126_2e2mu_dphijj_genbin1_recobin1 acc 0.0372 eff 0.309 outinratio 0.1155 

ttH126_2e2mu_dphijj_genbin1_recobin1 acc 0.0964 eff 0.4048 outinratio 0.1693 

ggH126_2e2mu_dphijj_genbin2_recobin1 acc 0.0121 eff 0.0378 outinratio 0.0795 

VBFH126_2e2mu_dphijj_genbin2_recobin1 acc 0.052 eff 0.0118 outinratio 0.0304 

WminusH126_2e2mu_dphijj_genbin2_recobin1 acc 0.0455 eff 0.0209 outinratio 0.0933 

WplusH126_2e2mu_dphijj_genbin2_recobin1 acc 0.0376 eff 0.0017 outinratio 0.1201 

ZH126_2e2mu_dphijj_genbin2_recobin1 acc 0.0448 eff 0.0144 outinratio 0.1155 

ttH126_2e2mu_dphijj_genbin2_recobin1 acc 0.0571 eff 0.0639 outinratio 0.1693 

ggH126_2e2mu_dphijj_genbin3_recobin1 acc 0.0101 eff 0.0209 outinratio 0.0795 

VBFH126_2e2mu_dphijj_genbin3_recobin1 acc 0.0531 eff 0.0097 outinratio 0.0304 

WminusH126_2e2mu_dphijj_genbin3_recobin1 acc 0.0434 eff 0.0096 outinratio 0.0933 

WplusH126_2e2mu_dphijj_genbin3_recobin1 acc 0.0382 eff 0.0265 outinratio 0.1201 

ZH126_2e2mu_dphijj_genbin3_recobin1 acc 0.0458 eff 0.0098 outinratio 0.1155 

ttH126_2e2mu_dphijj_genbin3_recobin1 acc 0.0562 eff 0.0504 outinratio 0.1693 

ggH126_2e2mu_dphijj_genbin4_recobin1 acc 0.0112 eff 0.0251 outinratio 0.0795 

VBFH126_2e2mu_dphijj_genbin4_recobin1 acc 0.0674 eff 0.0104 outinratio 0.0304 

WminusH126_2e2mu_dphijj_genbin4_recobin1 acc 0.0303 eff 0.0292 outinratio 0.0933 

WplusH126_2e2mu_dphijj_genbin4_recobin1 acc 0.0257 eff 0.0154 outinratio 0.1201 

ZH126_2e2mu_dphijj_genbin4_recobin1 acc 0.039 eff 0.0427 outinratio 0.1155 

ttH126_2e2mu_dphijj_genbin4_recobin1 acc 0.0937 eff 0.0486 outinratio 0.1693 

ggH126_2e2mu_dphijj_genbin0_recobin2 acc 0.3588 eff 0.0057 outinratio 0.0709 

VBFH126_2e2mu_dphijj_genbin0_recobin2 acc 0.2087 eff 0.0203 outinratio 0.0454 

WminusH126_2e2mu_dphijj_genbin0_recobin2 acc 0.1944 eff 0.0128 outinratio 0.0409 

WplusH126_2e2mu_dphijj_genbin0_recobin2 acc 0.1791 eff 0.0156 outinratio 0.0504 

ZH126_2e2mu_dphijj_genbin0_recobin2 acc 0.1778 eff 0.0172 outinratio 0.1066 

ttH126_2e2mu_dphijj_genbin0_recobin2 acc 0.0082 eff 0.0446 outinratio 0.1523 

ggH126_2e2mu_dphijj_genbin1_recobin2 acc 0.0102 eff 0.0093 outinratio 0.0709 

VBFH126_2e2mu_dphijj_genbin1_recobin2 acc 0.0641 eff 0.0165 outinratio 0.0454 

WminusH126_2e2mu_dphijj_genbin1_recobin2 acc 0.0354 eff 0.0501 outinratio 0.0409 

WplusH126_2e2mu_dphijj_genbin1_recobin2 acc 0.0279 eff 0.0062 outinratio 0.0504 

ZH126_2e2mu_dphijj_genbin1_recobin2 acc 0.0372 eff 0.0142 outinratio 0.1066 

ttH126_2e2mu_dphijj_genbin1_recobin2 acc 0.0964 eff 0.0322 outinratio 0.1523 

ggH126_2e2mu_dphijj_genbin2_recobin2 acc 0.0121 eff 0.4001 outinratio 0.0709 

VBFH126_2e2mu_dphijj_genbin2_recobin2 acc 0.052 eff 0.4169 outinratio 0.0454 

WminusH126_2e2mu_dphijj_genbin2_recobin2 acc 0.0455 eff 0.4164 outinratio 0.0409 

WplusH126_2e2mu_dphijj_genbin2_recobin2 acc 0.0376 eff 0.4093 outinratio 0.0504 

ZH126_2e2mu_dphijj_genbin2_recobin2 acc 0.0448 eff 0.4434 outinratio 0.1066 

ttH126_2e2mu_dphijj_genbin2_recobin2 acc 0.0571 eff 0.3684 outinratio 0.1523 

ggH126_2e2mu_dphijj_genbin3_recobin2 acc 0.0101 eff 0.0235 outinratio 0.0709 

VBFH126_2e2mu_dphijj_genbin3_recobin2 acc 0.0531 eff 0.0139 outinratio 0.0454 

WminusH126_2e2mu_dphijj_genbin3_recobin2 acc 0.0434 eff 0.0405 outinratio 0.0409 

WplusH126_2e2mu_dphijj_genbin3_recobin2 acc 0.0382 eff 0.0429 outinratio 0.0504 

ZH126_2e2mu_dphijj_genbin3_recobin2 acc 0.0458 eff 0.028 outinratio 0.1066 

ttH126_2e2mu_dphijj_genbin3_recobin2 acc 0.0562 eff 0.035 outinratio 0.1523 

ggH126_2e2mu_dphijj_genbin4_recobin2 acc 0.0112 eff 0.0044 outinratio 0.0709 

VBFH126_2e2mu_dphijj_genbin4_recobin2 acc 0.0674 eff 0.0101 outinratio 0.0454 

WminusH126_2e2mu_dphijj_genbin4_recobin2 acc 0.0303 eff 0.0153 outinratio 0.0409 

WplusH126_2e2mu_dphijj_genbin4_recobin2 acc 0.0257 eff 0.0195 outinratio 0.0504 

ZH126_2e2mu_dphijj_genbin4_recobin2 acc 0.039 eff 0.0142 outinratio 0.1066 

ttH126_2e2mu_dphijj_genbin4_recobin2 acc 0.0937 eff 0.0284 outinratio 0.1523 

ggH126_2e2mu_dphijj_genbin0_recobin3 acc 0.3588 eff 0.0055 outinratio 0.0996 

VBFH126_2e2mu_dphijj_genbin0_recobin3 acc 0.2087 eff 0.022 outinratio 0.0322 

WminusH126_2e2mu_dphijj_genbin0_recobin3 acc 0.1944 eff 0.0192 outinratio 0.0815 

WplusH126_2e2mu_dphijj_genbin0_recobin3 acc 0.1791 eff 0.0182 outinratio 0.0599 

ZH126_2e2mu_dphijj_genbin0_recobin3 acc 0.1778 eff 0.0107 outinratio 0.0424 

ttH126_2e2mu_dphijj_genbin0_recobin3 acc 0.0082 eff 0.0489 outinratio 0.1535 

ggH126_2e2mu_dphijj_genbin1_recobin3 acc 0.0102 eff 0.0281 outinratio 0.0996 

VBFH126_2e2mu_dphijj_genbin1_recobin3 acc 0.0641 eff 0.004 outinratio 0.0322 

WminusH126_2e2mu_dphijj_genbin1_recobin3 acc 0.0354 eff 0.0136 outinratio 0.0815 

WplusH126_2e2mu_dphijj_genbin1_recobin3 acc 0.0279 eff 0.0217 outinratio 0.0599 

ZH126_2e2mu_dphijj_genbin1_recobin3 acc 0.0372 eff 0.0125 outinratio 0.0424 

ttH126_2e2mu_dphijj_genbin1_recobin3 acc 0.0964 eff 0.0296 outinratio 0.1535 

ggH126_2e2mu_dphijj_genbin2_recobin3 acc 0.0121 eff 0.017 outinratio 0.0996 

VBFH126_2e2mu_dphijj_genbin2_recobin3 acc 0.052 eff 0.0155 outinratio 0.0322 

WminusH126_2e2mu_dphijj_genbin2_recobin3 acc 0.0455 eff 0.0176 outinratio 0.0815 

WplusH126_2e2mu_dphijj_genbin2_recobin3 acc 0.0376 eff 0.0292 outinratio 0.0599 

ZH126_2e2mu_dphijj_genbin2_recobin3 acc 0.0448 eff 0.0305 outinratio 0.0424 

ttH126_2e2mu_dphijj_genbin2_recobin3 acc 0.0571 eff 0.0404 outinratio 0.1535 

ggH126_2e2mu_dphijj_genbin3_recobin3 acc 0.0101 eff 0.4091 outinratio 0.0996 

VBFH126_2e2mu_dphijj_genbin3_recobin3 acc 0.0531 eff 0.3943 outinratio 0.0322 

WminusH126_2e2mu_dphijj_genbin3_recobin3 acc 0.0434 eff 0.4185 outinratio 0.0815 

WplusH126_2e2mu_dphijj_genbin3_recobin3 acc 0.0382 eff 0.4171 outinratio 0.0599 

ZH126_2e2mu_dphijj_genbin3_recobin3 acc 0.0458 eff 0.4345 outinratio 0.0424 

ttH126_2e2mu_dphijj_genbin3_recobin3 acc 0.0562 eff 0.3828 outinratio 0.1535 

ggH126_2e2mu_dphijj_genbin4_recobin3 acc 0.0112 eff 0.0112 outinratio 0.0996 

VBFH126_2e2mu_dphijj_genbin4_recobin3 acc 0.0674 eff 0.0091 outinratio 0.0322 

WminusH126_2e2mu_dphijj_genbin4_recobin3 acc 0.0303 eff 0.0095 outinratio 0.0815 

WplusH126_2e2mu_dphijj_genbin4_recobin3 acc 0.0257 eff 0.0156 outinratio 0.0599 

ZH126_2e2mu_dphijj_genbin4_recobin3 acc 0.039 eff 0.0257 outinratio 0.0424 

ttH126_2e2mu_dphijj_genbin4_recobin3 acc 0.0937 eff 0.0288 outinratio 0.1535 

ggH126_2e2mu_dphijj_genbin0_recobin4 acc 0.3588 eff 0.0054 outinratio 0.113 

VBFH126_2e2mu_dphijj_genbin0_recobin4 acc 0.2087 eff 0.0242 outinratio 0.0364 

WminusH126_2e2mu_dphijj_genbin0_recobin4 acc 0.1944 eff 0.02 outinratio 0.1446 

WplusH126_2e2mu_dphijj_genbin0_recobin4 acc 0.1791 eff 0.0224 outinratio 0.1453 

ZH126_2e2mu_dphijj_genbin0_recobin4 acc 0.1778 eff 0.0224 outinratio 0.0647 

ttH126_2e2mu_dphijj_genbin0_recobin4 acc 0.0082 eff 0.1004 outinratio 0.1668 

ggH126_2e2mu_dphijj_genbin1_recobin4 acc 0.0102 eff 0.0311 outinratio 0.113 

VBFH126_2e2mu_dphijj_genbin1_recobin4 acc 0.0641 eff 0.0113 outinratio 0.0364 

WminusH126_2e2mu_dphijj_genbin1_recobin4 acc 0.0354 eff 0.0267 outinratio 0.1446 

WplusH126_2e2mu_dphijj_genbin1_recobin4 acc 0.0279 eff 0.0505 outinratio 0.1453 

ZH126_2e2mu_dphijj_genbin1_recobin4 acc 0.0372 eff 0.0465 outinratio 0.0647 

ttH126_2e2mu_dphijj_genbin1_recobin4 acc 0.0964 eff 0.0552 outinratio 0.1668 

ggH126_2e2mu_dphijj_genbin2_recobin4 acc 0.0121 eff 0.0118 outinratio 0.113 

VBFH126_2e2mu_dphijj_genbin2_recobin4 acc 0.052 eff 0.0128 outinratio 0.0364 

WminusH126_2e2mu_dphijj_genbin2_recobin4 acc 0.0455 eff 0.0183 outinratio 0.1446 

WplusH126_2e2mu_dphijj_genbin2_recobin4 acc 0.0376 eff 0.0151 outinratio 0.1453 

ZH126_2e2mu_dphijj_genbin2_recobin4 acc 0.0448 eff 0.0273 outinratio 0.0647 

ttH126_2e2mu_dphijj_genbin2_recobin4 acc 0.0571 eff 0.0564 outinratio 0.1668 

ggH126_2e2mu_dphijj_genbin3_recobin4 acc 0.0101 eff 0.004 outinratio 0.113 

VBFH126_2e2mu_dphijj_genbin3_recobin4 acc 0.0531 eff 0.015 outinratio 0.0364 

WminusH126_2e2mu_dphijj_genbin3_recobin4 acc 0.0434 eff 0.0104 outinratio 0.1446 

WplusH126_2e2mu_dphijj_genbin3_recobin4 acc 0.0382 eff 0.0 outinratio 0.1453 

ZH126_2e2mu_dphijj_genbin3_recobin4 acc 0.0458 eff 0.0241 outinratio 0.0647 

ttH126_2e2mu_dphijj_genbin3_recobin4 acc 0.0562 eff 0.0685 outinratio 0.1668 

ggH126_2e2mu_dphijj_genbin4_recobin4 acc 0.0112 eff 0.4688 outinratio 0.113 

VBFH126_2e2mu_dphijj_genbin4_recobin4 acc 0.0674 eff 0.4306 outinratio 0.0364 

WminusH126_2e2mu_dphijj_genbin4_recobin4 acc 0.0303 eff 0.3261 outinratio 0.1446 

WplusH126_2e2mu_dphijj_genbin4_recobin4 acc 0.0257 eff 0.3775 outinratio 0.1453 

ZH126_2e2mu_dphijj_genbin4_recobin4 acc 0.039 eff 0.3998 outinratio 0.0647 

ttH126_2e2mu_dphijj_genbin4_recobin4 acc 0.0937 eff 0.3993 outinratio 0.1668 

Coeff fullNNLOPS
