Welcome in RunCoefficients!
OPT SPLIT
DEBUG opt.YEAR = 2022_3
It is a single-differential measurement, binning [-100.0, 0.0, 92.0, 224.0, 10000.0]
mjj
Following observables extracted from dictionary: RECO =  mjj  GEN =  GENmjj
LUMI: 1.9951
ttH126 0.00016778593
Processing ggH126 2022_3
Signal created
Signal failed created
Processing VBFH126 2022_3
Signal created
Signal failed created
Processing WminusH126 2022_3
Signal created
Signal failed created
Processing WplusH126 2022_3
Signal created
Signal failed created
Processing ZH126 2022_3
Signal created
Signal failed created
Processing ttH126 2022_3
Signal created
Signal failed created
2022_3 SKIMMED df CREATED
2022_3 ggH126
2022_3 VBFH126
2022_3 WminusH126
2022_3 WplusH126
2022_3 ZH126
2022_3 ttH126
Dataframes created successfully
Coeff std
ggH126_4l_mjj_genbin0_recobin0 acc 0.4009 eff 0.4715 outinratio 0.0088 

VBFH126_4l_mjj_genbin0_recobin0 acc 0.2914 eff 0.4481 outinratio 0.0056 

WminusH126_4l_mjj_genbin0_recobin0 acc 0.2399 eff 0.403 outinratio 0.0254 

WplusH126_4l_mjj_genbin0_recobin0 acc 0.208 eff 0.3991 outinratio 0.0238 

ZH126_4l_mjj_genbin0_recobin0 acc 0.2052 eff 0.4066 outinratio 0.0655 

ttH126_4l_mjj_genbin0_recobin0 acc 0.0131 eff 0.1796 outinratio 0.1501 

ggH126_4l_mjj_genbin1_recobin0 acc 0.0127 eff 0.1335 outinratio 0.0088 

VBFH126_4l_mjj_genbin1_recobin0 acc 0.01 eff 0.1652 outinratio 0.0056 

WminusH126_4l_mjj_genbin1_recobin0 acc 0.0989 eff 0.0792 outinratio 0.0254 

WplusH126_4l_mjj_genbin1_recobin0 acc 0.0877 eff 0.0687 outinratio 0.0238 

ZH126_4l_mjj_genbin1_recobin0 acc 0.0861 eff 0.0972 outinratio 0.0655 

ttH126_4l_mjj_genbin1_recobin0 acc 0.0531 eff 0.0186 outinratio 0.1501 

ggH126_4l_mjj_genbin2_recobin0 acc 0.0176 eff 0.0853 outinratio 0.0088 

VBFH126_4l_mjj_genbin2_recobin0 acc 0.0245 eff 0.0796 outinratio 0.0056 

WminusH126_4l_mjj_genbin2_recobin0 acc 0.0462 eff 0.0429 outinratio 0.0254 

WplusH126_4l_mjj_genbin2_recobin0 acc 0.0415 eff 0.0433 outinratio 0.0238 

ZH126_4l_mjj_genbin2_recobin0 acc 0.068 eff 0.0536 outinratio 0.0655 

ttH126_4l_mjj_genbin2_recobin0 acc 0.2077 eff 0.0062 outinratio 0.1501 

ggH126_4l_mjj_genbin3_recobin0 acc 0.0147 eff 0.0541 outinratio 0.0088 

VBFH126_4l_mjj_genbin3_recobin0 acc 0.1522 eff 0.0869 outinratio 0.0056 

WminusH126_4l_mjj_genbin3_recobin0 acc 0.0273 eff 0.0134 outinratio 0.0254 

WplusH126_4l_mjj_genbin3_recobin0 acc 0.0301 eff 0.014 outinratio 0.0238 

ZH126_4l_mjj_genbin3_recobin0 acc 0.0307 eff 0.0201 outinratio 0.0655 

ttH126_4l_mjj_genbin3_recobin0 acc 0.205 eff 0.0034 outinratio 0.1501 

ggH126_4l_mjj_genbin0_recobin1 acc 0.4009 eff 0.0051 outinratio 0.005 

VBFH126_4l_mjj_genbin0_recobin1 acc 0.2914 eff 0.0054 outinratio 0.0 

WminusH126_4l_mjj_genbin0_recobin1 acc 0.2399 eff 0.0251 outinratio 0.0082 

WplusH126_4l_mjj_genbin0_recobin1 acc 0.208 eff 0.0235 outinratio 0.0114 

ZH126_4l_mjj_genbin0_recobin1 acc 0.2052 eff 0.0162 outinratio 0.0373 

ttH126_4l_mjj_genbin0_recobin1 acc 0.0131 eff 0.0207 outinratio 0.0308 

ggH126_4l_mjj_genbin1_recobin1 acc 0.0127 eff 0.3278 outinratio 0.005 

VBFH126_4l_mjj_genbin1_recobin1 acc 0.01 eff 0.1802 outinratio 0.0 

WminusH126_4l_mjj_genbin1_recobin1 acc 0.0989 eff 0.3609 outinratio 0.0082 

WplusH126_4l_mjj_genbin1_recobin1 acc 0.0877 eff 0.3464 outinratio 0.0114 

ZH126_4l_mjj_genbin1_recobin1 acc 0.0861 eff 0.2567 outinratio 0.0373 

ttH126_4l_mjj_genbin1_recobin1 acc 0.0531 eff 0.1977 outinratio 0.0308 

ggH126_4l_mjj_genbin2_recobin1 acc 0.0176 eff 0.0232 outinratio 0.005 

VBFH126_4l_mjj_genbin2_recobin1 acc 0.0245 eff 0.0011 outinratio 0.0 

WminusH126_4l_mjj_genbin2_recobin1 acc 0.0462 eff 0.0457 outinratio 0.0082 

WplusH126_4l_mjj_genbin2_recobin1 acc 0.0415 eff 0.046 outinratio 0.0114 

ZH126_4l_mjj_genbin2_recobin1 acc 0.068 eff 0.0655 outinratio 0.0373 

ttH126_4l_mjj_genbin2_recobin1 acc 0.2077 eff 0.0274 outinratio 0.0308 

ggH126_4l_mjj_genbin3_recobin1 acc 0.0147 eff 0.0055 outinratio 0.005 

VBFH126_4l_mjj_genbin3_recobin1 acc 0.1522 eff 0.006 outinratio 0.0 

WminusH126_4l_mjj_genbin3_recobin1 acc 0.0273 eff 0.0073 outinratio 0.0082 

WplusH126_4l_mjj_genbin3_recobin1 acc 0.0301 eff 0.0091 outinratio 0.0114 

ZH126_4l_mjj_genbin3_recobin1 acc 0.0307 eff 0.0053 outinratio 0.0373 

ttH126_4l_mjj_genbin3_recobin1 acc 0.205 eff 0.0057 outinratio 0.0308 

ggH126_4l_mjj_genbin0_recobin2 acc 0.4009 eff 0.0056 outinratio 0.0084 

VBFH126_4l_mjj_genbin0_recobin2 acc 0.2914 eff 0.0144 outinratio 0.0153 

WminusH126_4l_mjj_genbin0_recobin2 acc 0.2399 eff 0.0275 outinratio 0.0294 

WplusH126_4l_mjj_genbin0_recobin2 acc 0.208 eff 0.0247 outinratio 0.0124 

ZH126_4l_mjj_genbin0_recobin2 acc 0.2052 eff 0.0294 outinratio 0.0351 

ttH126_4l_mjj_genbin0_recobin2 acc 0.0131 eff 0.1399 outinratio 0.0226 

ggH126_4l_mjj_genbin1_recobin2 acc 0.0127 eff 0.0507 outinratio 0.0084 

VBFH126_4l_mjj_genbin1_recobin2 acc 0.01 eff 0.0635 outinratio 0.0153 

WminusH126_4l_mjj_genbin1_recobin2 acc 0.0989 eff 0.0588 outinratio 0.0294 

WplusH126_4l_mjj_genbin1_recobin2 acc 0.0877 eff 0.0818 outinratio 0.0124 

ZH126_4l_mjj_genbin1_recobin2 acc 0.0861 eff 0.1366 outinratio 0.0351 

ttH126_4l_mjj_genbin1_recobin2 acc 0.0531 eff 0.1027 outinratio 0.0226 

ggH126_4l_mjj_genbin2_recobin2 acc 0.0176 eff 0.3698 outinratio 0.0084 

VBFH126_4l_mjj_genbin2_recobin2 acc 0.0245 eff 0.3378 outinratio 0.0153 

WminusH126_4l_mjj_genbin2_recobin2 acc 0.0462 eff 0.3032 outinratio 0.0294 

WplusH126_4l_mjj_genbin2_recobin2 acc 0.0415 eff 0.3553 outinratio 0.0124 

ZH126_4l_mjj_genbin2_recobin2 acc 0.068 eff 0.3435 outinratio 0.0351 

ttH126_4l_mjj_genbin2_recobin2 acc 0.2077 eff 0.2914 outinratio 0.0226 

ggH126_4l_mjj_genbin3_recobin2 acc 0.0147 eff 0.0311 outinratio 0.0084 

VBFH126_4l_mjj_genbin3_recobin2 acc 0.1522 eff 0.0119 outinratio 0.0153 

WminusH126_4l_mjj_genbin3_recobin2 acc 0.0273 eff 0.0298 outinratio 0.0294 

WplusH126_4l_mjj_genbin3_recobin2 acc 0.0301 eff 0.0463 outinratio 0.0124 

ZH126_4l_mjj_genbin3_recobin2 acc 0.0307 eff 0.04 outinratio 0.0351 

ttH126_4l_mjj_genbin3_recobin2 acc 0.205 eff 0.0438 outinratio 0.0226 

ggH126_4l_mjj_genbin0_recobin3 acc 0.4009 eff 0.0038 outinratio 0.0059 

VBFH126_4l_mjj_genbin0_recobin3 acc 0.2914 eff 0.0371 outinratio 0.0073 

WminusH126_4l_mjj_genbin0_recobin3 acc 0.2399 eff 0.0067 outinratio 0.0166 

WplusH126_4l_mjj_genbin0_recobin3 acc 0.208 eff 0.006 outinratio 0.018 

ZH126_4l_mjj_genbin0_recobin3 acc 0.2052 eff 0.0052 outinratio 0.0368 

ttH126_4l_mjj_genbin0_recobin3 acc 0.0131 eff 0.04 outinratio 0.0602 

ggH126_4l_mjj_genbin1_recobin3 acc 0.0127 eff 0.0139 outinratio 0.0059 

VBFH126_4l_mjj_genbin1_recobin3 acc 0.01 eff 0.1428 outinratio 0.0073 

WminusH126_4l_mjj_genbin1_recobin3 acc 0.0989 eff 0.0093 outinratio 0.0166 

WplusH126_4l_mjj_genbin1_recobin3 acc 0.0877 eff 0.0056 outinratio 0.018 

ZH126_4l_mjj_genbin1_recobin3 acc 0.0861 eff 0.0064 outinratio 0.0368 

ttH126_4l_mjj_genbin1_recobin3 acc 0.0531 eff 0.0389 outinratio 0.0602 

ggH126_4l_mjj_genbin2_recobin3 acc 0.0176 eff 0.0362 outinratio 0.0059 

VBFH126_4l_mjj_genbin2_recobin3 acc 0.0245 eff 0.0611 outinratio 0.0073 

WminusH126_4l_mjj_genbin2_recobin3 acc 0.0462 eff 0.0298 outinratio 0.0166 

WplusH126_4l_mjj_genbin2_recobin3 acc 0.0415 eff 0.0314 outinratio 0.018 

ZH126_4l_mjj_genbin2_recobin3 acc 0.068 eff 0.0288 outinratio 0.0368 

ttH126_4l_mjj_genbin2_recobin3 acc 0.2077 eff 0.0516 outinratio 0.0602 

ggH126_4l_mjj_genbin3_recobin3 acc 0.0147 eff 0.4547 outinratio 0.0059 

VBFH126_4l_mjj_genbin3_recobin3 acc 0.1522 eff 0.4412 outinratio 0.0073 

WminusH126_4l_mjj_genbin3_recobin3 acc 0.0273 eff 0.4314 outinratio 0.0166 

WplusH126_4l_mjj_genbin3_recobin3 acc 0.0301 eff 0.398 outinratio 0.018 

ZH126_4l_mjj_genbin3_recobin3 acc 0.0307 eff 0.3988 outinratio 0.0368 

ttH126_4l_mjj_genbin3_recobin3 acc 0.205 eff 0.329 outinratio 0.0602 

ggH126_4e_mjj_genbin0_recobin0 acc 0.3814 eff 0.3563 outinratio 0.009 

VBFH126_4e_mjj_genbin0_recobin0 acc 0.279 eff 0.3333 outinratio 0.0058 

WminusH126_4e_mjj_genbin0_recobin0 acc 0.2329 eff 0.3152 outinratio 0.0338 

WplusH126_4e_mjj_genbin0_recobin0 acc 0.2009 eff 0.3065 outinratio 0.0322 

ZH126_4e_mjj_genbin0_recobin0 acc 0.1978 eff 0.3195 outinratio 0.0639 

ttH126_4e_mjj_genbin0_recobin0 acc 0.014 eff 0.0443 outinratio 0.4653 

ggH126_4e_mjj_genbin1_recobin0 acc 0.0128 eff 0.1054 outinratio 0.009 

VBFH126_4e_mjj_genbin1_recobin0 acc 0.009 eff 0.2709 outinratio 0.0058 

WminusH126_4e_mjj_genbin1_recobin0 acc 0.094 eff 0.0671 outinratio 0.0338 

WplusH126_4e_mjj_genbin1_recobin0 acc 0.0835 eff 0.0461 outinratio 0.0322 

ZH126_4e_mjj_genbin1_recobin0 acc 0.0871 eff 0.0804 outinratio 0.0639 

ttH126_4e_mjj_genbin1_recobin0 acc 0.049 eff 0.0172 outinratio 0.4653 

ggH126_4e_mjj_genbin2_recobin0 acc 0.0168 eff 0.0735 outinratio 0.009 

VBFH126_4e_mjj_genbin2_recobin0 acc 0.0241 eff 0.133 outinratio 0.0058 

WminusH126_4e_mjj_genbin2_recobin0 acc 0.0501 eff 0.0424 outinratio 0.0338 

WplusH126_4e_mjj_genbin2_recobin0 acc 0.0413 eff 0.0432 outinratio 0.0322 

ZH126_4e_mjj_genbin2_recobin0 acc 0.067 eff 0.0386 outinratio 0.0639 

ttH126_4e_mjj_genbin2_recobin0 acc 0.2001 eff 0.0048 outinratio 0.4653 

ggH126_4e_mjj_genbin3_recobin0 acc 0.0149 eff 0.0487 outinratio 0.009 

VBFH126_4e_mjj_genbin3_recobin0 acc 0.1342 eff 0.0794 outinratio 0.0058 

WminusH126_4e_mjj_genbin3_recobin0 acc 0.027 eff 0.0 outinratio 0.0338 

WplusH126_4e_mjj_genbin3_recobin0 acc 0.0284 eff 0.0115 outinratio 0.0322 

ZH126_4e_mjj_genbin3_recobin0 acc 0.0293 eff 0.0185 outinratio 0.0639 

ttH126_4e_mjj_genbin3_recobin0 acc 0.2049 eff 0.0038 outinratio 0.4653 

ggH126_4e_mjj_genbin0_recobin1 acc 0.3814 eff 0.0036 outinratio 0.0 

VBFH126_4e_mjj_genbin0_recobin1 acc 0.279 eff 0.0 outinratio 0.0 

WminusH126_4e_mjj_genbin0_recobin1 acc 0.2329 eff 0.0254 outinratio 0.0119 

WplusH126_4e_mjj_genbin0_recobin1 acc 0.2009 eff 0.0176 outinratio 0.0181 

ZH126_4e_mjj_genbin0_recobin1 acc 0.1978 eff 0.0092 outinratio 0.0339 

ttH126_4e_mjj_genbin0_recobin1 acc 0.014 eff 0.043 outinratio 0.0494 

ggH126_4e_mjj_genbin1_recobin1 acc 0.0128 eff 0.3158 outinratio 0.0 

VBFH126_4e_mjj_genbin1_recobin1 acc 0.009 eff 0.0197 outinratio 0.0 

WminusH126_4e_mjj_genbin1_recobin1 acc 0.094 eff 0.2816 outinratio 0.0119 

WplusH126_4e_mjj_genbin1_recobin1 acc 0.0835 eff 0.311 outinratio 0.0181 

ZH126_4e_mjj_genbin1_recobin1 acc 0.0871 eff 0.2154 outinratio 0.0339 

ttH126_4e_mjj_genbin1_recobin1 acc 0.049 eff 0.1754 outinratio 0.0494 

ggH126_4e_mjj_genbin2_recobin1 acc 0.0168 eff 0.0239 outinratio 0.0 

VBFH126_4e_mjj_genbin2_recobin1 acc 0.0241 eff 0.0 outinratio 0.0 

WminusH126_4e_mjj_genbin2_recobin1 acc 0.0501 eff 0.0467 outinratio 0.0119 

WplusH126_4e_mjj_genbin2_recobin1 acc 0.0413 eff 0.0328 outinratio 0.0181 

ZH126_4e_mjj_genbin2_recobin1 acc 0.067 eff 0.0474 outinratio 0.0339 

ttH126_4e_mjj_genbin2_recobin1 acc 0.2001 eff 0.0263 outinratio 0.0494 

ggH126_4e_mjj_genbin3_recobin1 acc 0.0149 eff 0.0083 outinratio 0.0 

VBFH126_4e_mjj_genbin3_recobin1 acc 0.1342 eff 0.0 outinratio 0.0 

WminusH126_4e_mjj_genbin3_recobin1 acc 0.027 eff 0.0 outinratio 0.0119 

WplusH126_4e_mjj_genbin3_recobin1 acc 0.0284 eff 0.0067 outinratio 0.0181 

ZH126_4e_mjj_genbin3_recobin1 acc 0.0293 eff 0.0059 outinratio 0.0339 

ttH126_4e_mjj_genbin3_recobin1 acc 0.2049 eff 0.0074 outinratio 0.0494 

ggH126_4e_mjj_genbin0_recobin2 acc 0.3814 eff 0.0051 outinratio 0.0104 

VBFH126_4e_mjj_genbin0_recobin2 acc 0.279 eff 0.0153 outinratio 0.0551 

WminusH126_4e_mjj_genbin0_recobin2 acc 0.2329 eff 0.031 outinratio 0.0583 

WplusH126_4e_mjj_genbin0_recobin2 acc 0.2009 eff 0.0197 outinratio 0.0242 

ZH126_4e_mjj_genbin0_recobin2 acc 0.1978 eff 0.0216 outinratio 0.0157 

ttH126_4e_mjj_genbin0_recobin2 acc 0.014 eff 0.1758 outinratio 0.0187 

ggH126_4e_mjj_genbin1_recobin2 acc 0.0128 eff 0.0471 outinratio 0.0104 

VBFH126_4e_mjj_genbin1_recobin2 acc 0.009 eff 0.122 outinratio 0.0551 

WminusH126_4e_mjj_genbin1_recobin2 acc 0.094 eff 0.0411 outinratio 0.0583 

WplusH126_4e_mjj_genbin1_recobin2 acc 0.0835 eff 0.064 outinratio 0.0242 

ZH126_4e_mjj_genbin1_recobin2 acc 0.0871 eff 0.0982 outinratio 0.0157 

ttH126_4e_mjj_genbin1_recobin2 acc 0.049 eff 0.0732 outinratio 0.0187 

ggH126_4e_mjj_genbin2_recobin2 acc 0.0168 eff 0.2811 outinratio 0.0104 

VBFH126_4e_mjj_genbin2_recobin2 acc 0.0241 eff 0.1489 outinratio 0.0551 

WminusH126_4e_mjj_genbin2_recobin2 acc 0.0501 eff 0.251 outinratio 0.0583 

WplusH126_4e_mjj_genbin2_recobin2 acc 0.0413 eff 0.2903 outinratio 0.0242 

ZH126_4e_mjj_genbin2_recobin2 acc 0.067 eff 0.3018 outinratio 0.0157 

ttH126_4e_mjj_genbin2_recobin2 acc 0.2001 eff 0.2377 outinratio 0.0187 

ggH126_4e_mjj_genbin3_recobin2 acc 0.0149 eff 0.0391 outinratio 0.0104 

VBFH126_4e_mjj_genbin3_recobin2 acc 0.1342 eff 0.0 outinratio 0.0551 

WminusH126_4e_mjj_genbin3_recobin2 acc 0.027 eff 0.0032 outinratio 0.0583 

WplusH126_4e_mjj_genbin3_recobin2 acc 0.0284 eff 0.0349 outinratio 0.0242 

ZH126_4e_mjj_genbin3_recobin2 acc 0.0293 eff 0.0339 outinratio 0.0157 

ttH126_4e_mjj_genbin3_recobin2 acc 0.2049 eff 0.0287 outinratio 0.0187 

ggH126_4e_mjj_genbin0_recobin3 acc 0.3814 eff 0.0027 outinratio 0.0023 

VBFH126_4e_mjj_genbin0_recobin3 acc 0.279 eff 0.0406 outinratio 0.0 

WminusH126_4e_mjj_genbin0_recobin3 acc 0.2329 eff 0.0078 outinratio 0.0395 

WplusH126_4e_mjj_genbin0_recobin3 acc 0.2009 eff 0.0024 outinratio 0.0434 

ZH126_4e_mjj_genbin0_recobin3 acc 0.1978 eff 0.0028 outinratio 0.049 

ttH126_4e_mjj_genbin0_recobin3 acc 0.014 eff 0.0303 outinratio 0.0608 

ggH126_4e_mjj_genbin1_recobin3 acc 0.0128 eff 0.024 outinratio 0.0023 

VBFH126_4e_mjj_genbin1_recobin3 acc 0.009 eff 0.1515 outinratio 0.0 

WminusH126_4e_mjj_genbin1_recobin3 acc 0.094 eff 0.0067 outinratio 0.0395 

WplusH126_4e_mjj_genbin1_recobin3 acc 0.0835 eff 0.0046 outinratio 0.0434 

ZH126_4e_mjj_genbin1_recobin3 acc 0.0871 eff 0.0039 outinratio 0.049 

ttH126_4e_mjj_genbin1_recobin3 acc 0.049 eff 0.0518 outinratio 0.0608 

ggH126_4e_mjj_genbin2_recobin3 acc 0.0168 eff 0.017 outinratio 0.0023 

VBFH126_4e_mjj_genbin2_recobin3 acc 0.0241 eff 0.0777 outinratio 0.0 

WminusH126_4e_mjj_genbin2_recobin3 acc 0.0501 eff 0.0115 outinratio 0.0395 

WplusH126_4e_mjj_genbin2_recobin3 acc 0.0413 eff 0.0165 outinratio 0.0434 

ZH126_4e_mjj_genbin2_recobin3 acc 0.067 eff 0.025 outinratio 0.049 

ttH126_4e_mjj_genbin2_recobin3 acc 0.2001 eff 0.038 outinratio 0.0608 

ggH126_4e_mjj_genbin3_recobin3 acc 0.0149 eff 0.4204 outinratio 0.0023 

VBFH126_4e_mjj_genbin3_recobin3 acc 0.1342 eff 0.3474 outinratio 0.0 

WminusH126_4e_mjj_genbin3_recobin3 acc 0.027 eff 0.3483 outinratio 0.0395 

WplusH126_4e_mjj_genbin3_recobin3 acc 0.0284 eff 0.3071 outinratio 0.0434 

ZH126_4e_mjj_genbin3_recobin3 acc 0.0293 eff 0.3534 outinratio 0.049 

ttH126_4e_mjj_genbin3_recobin3 acc 0.2049 eff 0.2918 outinratio 0.0608 

ggH126_4mu_mjj_genbin0_recobin0 acc 0.4322 eff 0.5915 outinratio 0.0072 

VBFH126_4mu_mjj_genbin0_recobin0 acc 0.3201 eff 0.5544 outinratio 0.0037 

WminusH126_4mu_mjj_genbin0_recobin0 acc 0.2556 eff 0.4906 outinratio 0.015 

WplusH126_4mu_mjj_genbin0_recobin0 acc 0.2185 eff 0.4846 outinratio 0.0105 

ZH126_4mu_mjj_genbin0_recobin0 acc 0.2148 eff 0.4818 outinratio 0.0737 

ttH126_4mu_mjj_genbin0_recobin0 acc 0.0138 eff 0.4042 outinratio -0.018 

ggH126_4mu_mjj_genbin1_recobin0 acc 0.014 eff 0.1805 outinratio 0.0072 

VBFH126_4mu_mjj_genbin1_recobin0 acc 0.0084 eff 0.2292 outinratio 0.0037 

WminusH126_4mu_mjj_genbin1_recobin0 acc 0.1024 eff 0.094 outinratio 0.015 

WplusH126_4mu_mjj_genbin1_recobin0 acc 0.0903 eff 0.0783 outinratio 0.0105 

ZH126_4mu_mjj_genbin1_recobin0 acc 0.0872 eff 0.1188 outinratio 0.0737 

ttH126_4mu_mjj_genbin1_recobin0 acc 0.0595 eff 0.0322 outinratio -0.018 

ggH126_4mu_mjj_genbin2_recobin0 acc 0.0196 eff 0.0887 outinratio 0.0072 

VBFH126_4mu_mjj_genbin2_recobin0 acc 0.026 eff 0.1012 outinratio 0.0037 

WminusH126_4mu_mjj_genbin2_recobin0 acc 0.0511 eff 0.0371 outinratio 0.015 

WplusH126_4mu_mjj_genbin2_recobin0 acc 0.0438 eff 0.0524 outinratio 0.0105 

ZH126_4mu_mjj_genbin2_recobin0 acc 0.0698 eff 0.0591 outinratio 0.0737 

ttH126_4mu_mjj_genbin2_recobin0 acc 0.2172 eff 0.0072 outinratio -0.018 

ggH126_4mu_mjj_genbin3_recobin0 acc 0.0156 eff 0.0585 outinratio 0.0072 

VBFH126_4mu_mjj_genbin3_recobin0 acc 0.1616 eff 0.0806 outinratio 0.0037 

WminusH126_4mu_mjj_genbin3_recobin0 acc 0.0264 eff 0.0225 outinratio 0.015 

WplusH126_4mu_mjj_genbin3_recobin0 acc 0.0333 eff 0.0134 outinratio 0.0105 

ZH126_4mu_mjj_genbin3_recobin0 acc 0.0288 eff 0.0303 outinratio 0.0737 

ttH126_4mu_mjj_genbin3_recobin0 acc 0.2277 eff 0.001 outinratio -0.018 

ggH126_4mu_mjj_genbin0_recobin1 acc 0.4322 eff 0.0058 outinratio 0.0154 

VBFH126_4mu_mjj_genbin0_recobin1 acc 0.3201 eff 0.0096 outinratio 0.0 

WminusH126_4mu_mjj_genbin0_recobin1 acc 0.2556 eff 0.0284 outinratio 0.0084 

WplusH126_4mu_mjj_genbin0_recobin1 acc 0.2185 eff 0.0343 outinratio 0.0042 

ZH126_4mu_mjj_genbin0_recobin1 acc 0.2148 eff 0.0215 outinratio 0.0455 

ttH126_4mu_mjj_genbin0_recobin1 acc 0.0138 eff 0.0 outinratio 0.0 

ggH126_4mu_mjj_genbin1_recobin1 acc 0.014 eff 0.3818 outinratio 0.0154 

VBFH126_4mu_mjj_genbin1_recobin1 acc 0.0084 eff 0.3324 outinratio 0.0 

WminusH126_4mu_mjj_genbin1_recobin1 acc 0.1024 eff 0.4178 outinratio 0.0084 

WplusH126_4mu_mjj_genbin1_recobin1 acc 0.0903 eff 0.4012 outinratio 0.0042 

ZH126_4mu_mjj_genbin1_recobin1 acc 0.0872 eff 0.3176 outinratio 0.0455 

ttH126_4mu_mjj_genbin1_recobin1 acc 0.0595 eff 0.1624 outinratio 0.0 

ggH126_4mu_mjj_genbin2_recobin1 acc 0.0196 eff 0.0167 outinratio 0.0154 

VBFH126_4mu_mjj_genbin2_recobin1 acc 0.026 eff 0.0042 outinratio 0.0 

WminusH126_4mu_mjj_genbin2_recobin1 acc 0.0511 eff 0.0574 outinratio 0.0084 

WplusH126_4mu_mjj_genbin2_recobin1 acc 0.0438 eff 0.0436 outinratio 0.0042 

ZH126_4mu_mjj_genbin2_recobin1 acc 0.0698 eff 0.082 outinratio 0.0455 

ttH126_4mu_mjj_genbin2_recobin1 acc 0.2172 eff 0.0365 outinratio 0.0 

ggH126_4mu_mjj_genbin3_recobin1 acc 0.0156 eff 0.0028 outinratio 0.0154 

VBFH126_4mu_mjj_genbin3_recobin1 acc 0.1616 eff 0.0 outinratio 0.0 

WminusH126_4mu_mjj_genbin3_recobin1 acc 0.0264 eff 0.0108 outinratio 0.0084 

WplusH126_4mu_mjj_genbin3_recobin1 acc 0.0333 eff 0.0099 outinratio 0.0042 

ZH126_4mu_mjj_genbin3_recobin1 acc 0.0288 eff 0.0132 outinratio 0.0455 

ttH126_4mu_mjj_genbin3_recobin1 acc 0.2277 eff 0.0087 outinratio 0.0 

ggH126_4mu_mjj_genbin0_recobin2 acc 0.4322 eff 0.005 outinratio 0.008 

VBFH126_4mu_mjj_genbin0_recobin2 acc 0.3201 eff 0.0265 outinratio 0.0167 

WminusH126_4mu_mjj_genbin0_recobin2 acc 0.2556 eff 0.026 outinratio 0.0164 

WplusH126_4mu_mjj_genbin0_recobin2 acc 0.2185 eff 0.0334 outinratio 0.0063 

ZH126_4mu_mjj_genbin0_recobin2 acc 0.2148 eff 0.0349 outinratio 0.0327 

ttH126_4mu_mjj_genbin0_recobin2 acc 0.0138 eff 0.0518 outinratio 0.0166 

ggH126_4mu_mjj_genbin1_recobin2 acc 0.014 eff 0.0718 outinratio 0.008 

VBFH126_4mu_mjj_genbin1_recobin2 acc 0.0084 eff 0.0447 outinratio 0.0167 

WminusH126_4mu_mjj_genbin1_recobin2 acc 0.1024 eff 0.0796 outinratio 0.0164 

WplusH126_4mu_mjj_genbin1_recobin2 acc 0.0903 eff 0.1037 outinratio 0.0063 

ZH126_4mu_mjj_genbin1_recobin2 acc 0.0872 eff 0.1686 outinratio 0.0327 

ttH126_4mu_mjj_genbin1_recobin2 acc 0.0595 eff 0.1442 outinratio 0.0166 

ggH126_4mu_mjj_genbin2_recobin2 acc 0.0196 eff 0.4651 outinratio 0.008 

VBFH126_4mu_mjj_genbin2_recobin2 acc 0.026 eff 0.4056 outinratio 0.0167 

WminusH126_4mu_mjj_genbin2_recobin2 acc 0.0511 eff 0.3935 outinratio 0.0164 

WplusH126_4mu_mjj_genbin2_recobin2 acc 0.0438 eff 0.4214 outinratio 0.0063 

ZH126_4mu_mjj_genbin2_recobin2 acc 0.0698 eff 0.4112 outinratio 0.0327 

ttH126_4mu_mjj_genbin2_recobin2 acc 0.2172 eff 0.3543 outinratio 0.0166 

ggH126_4mu_mjj_genbin3_recobin2 acc 0.0156 eff 0.0429 outinratio 0.008 

VBFH126_4mu_mjj_genbin3_recobin2 acc 0.1616 eff 0.0252 outinratio 0.0167 

WminusH126_4mu_mjj_genbin3_recobin2 acc 0.0264 eff 0.0852 outinratio 0.0164 

WplusH126_4mu_mjj_genbin3_recobin2 acc 0.0333 eff 0.0653 outinratio 0.0063 

ZH126_4mu_mjj_genbin3_recobin2 acc 0.0288 eff 0.063 outinratio 0.0327 

ttH126_4mu_mjj_genbin3_recobin2 acc 0.2277 eff 0.0497 outinratio 0.0166 

ggH126_4mu_mjj_genbin0_recobin3 acc 0.4322 eff 0.0052 outinratio 0.005 

VBFH126_4mu_mjj_genbin0_recobin3 acc 0.3201 eff 0.0331 outinratio 0.0094 

WminusH126_4mu_mjj_genbin0_recobin3 acc 0.2556 eff 0.0101 outinratio 0.0061 

WplusH126_4mu_mjj_genbin0_recobin3 acc 0.2185 eff 0.0093 outinratio 0.0085 

ZH126_4mu_mjj_genbin0_recobin3 acc 0.2148 eff 0.0035 outinratio 0.0506 

ttH126_4mu_mjj_genbin0_recobin3 acc 0.0138 eff 0.0755 outinratio 0.0378 

ggH126_4mu_mjj_genbin1_recobin3 acc 0.014 eff 0.0116 outinratio 0.005 

VBFH126_4mu_mjj_genbin1_recobin3 acc 0.0084 eff 0.1858 outinratio 0.0094 

WminusH126_4mu_mjj_genbin1_recobin3 acc 0.1024 eff 0.0123 outinratio 0.0061 

WplusH126_4mu_mjj_genbin1_recobin3 acc 0.0903 eff 0.0086 outinratio 0.0085 

ZH126_4mu_mjj_genbin1_recobin3 acc 0.0872 eff 0.0073 outinratio 0.0506 

ttH126_4mu_mjj_genbin1_recobin3 acc 0.0595 eff 0.0241 outinratio 0.0378 

ggH126_4mu_mjj_genbin2_recobin3 acc 0.0196 eff 0.0401 outinratio 0.005 

VBFH126_4mu_mjj_genbin2_recobin3 acc 0.026 eff 0.007 outinratio 0.0094 

WminusH126_4mu_mjj_genbin2_recobin3 acc 0.0511 eff 0.0514 outinratio 0.0061 

WplusH126_4mu_mjj_genbin2_recobin3 acc 0.0438 eff 0.0459 outinratio 0.0085 

ZH126_4mu_mjj_genbin2_recobin3 acc 0.0698 eff 0.0312 outinratio 0.0506 

ttH126_4mu_mjj_genbin2_recobin3 acc 0.2172 eff 0.0508 outinratio 0.0378 

ggH126_4mu_mjj_genbin3_recobin3 acc 0.0156 eff 0.5282 outinratio 0.005 

VBFH126_4mu_mjj_genbin3_recobin3 acc 0.1616 eff 0.5345 outinratio 0.0094 

WminusH126_4mu_mjj_genbin3_recobin3 acc 0.0264 eff 0.515 outinratio 0.0061 

WplusH126_4mu_mjj_genbin3_recobin3 acc 0.0333 eff 0.4545 outinratio 0.0085 

ZH126_4mu_mjj_genbin3_recobin3 acc 0.0288 eff 0.4095 outinratio 0.0506 

ttH126_4mu_mjj_genbin3_recobin3 acc 0.2277 eff 0.3999 outinratio 0.0378 

ggH126_2e2mu_mjj_genbin0_recobin0 acc 0.3946 eff 0.4611 outinratio 0.01 

VBFH126_2e2mu_mjj_genbin0_recobin0 acc 0.2829 eff 0.4453 outinratio 0.0069 

WminusH126_2e2mu_mjj_genbin0_recobin0 acc 0.2351 eff 0.3982 outinratio 0.0293 

WplusH126_2e2mu_mjj_genbin0_recobin0 acc 0.2061 eff 0.3983 outinratio 0.0297 

ZH126_2e2mu_mjj_genbin0_recobin0 acc 0.2039 eff 0.4089 outinratio 0.0605 

ttH126_2e2mu_mjj_genbin0_recobin0 acc 0.0122 eff 0.1273 outinratio 0.2171 

ggH126_2e2mu_mjj_genbin1_recobin0 acc 0.0118 eff 0.1198 outinratio 0.01 

VBFH126_2e2mu_mjj_genbin1_recobin0 acc 0.0114 eff 0.0947 outinratio 0.0069 

WminusH126_2e2mu_mjj_genbin1_recobin0 acc 0.0996 eff 0.077 outinratio 0.0293 

WplusH126_2e2mu_mjj_genbin1_recobin0 acc 0.0885 eff 0.075 outinratio 0.0297 

ZH126_2e2mu_mjj_genbin1_recobin0 acc 0.0849 eff 0.0943 outinratio 0.0605 

ttH126_2e2mu_mjj_genbin1_recobin0 acc 0.0519 eff 0.0107 outinratio 0.2171 

ggH126_2e2mu_mjj_genbin2_recobin0 acc 0.0169 eff 0.0897 outinratio 0.01 

VBFH126_2e2mu_mjj_genbin2_recobin0 acc 0.024 eff 0.0382 outinratio 0.0069 

WminusH126_2e2mu_mjj_genbin2_recobin0 acc 0.0413 eff 0.0471 outinratio 0.0293 

WplusH126_2e2mu_mjj_genbin2_recobin0 acc 0.0403 eff 0.038 outinratio 0.0297 

ZH126_2e2mu_mjj_genbin2_recobin0 acc 0.0675 eff 0.0585 outinratio 0.0605 

ttH126_2e2mu_mjj_genbin2_recobin0 acc 0.2068 eff 0.0064 outinratio 0.2171 

ggH126_2e2mu_mjj_genbin3_recobin0 acc 0.0142 eff 0.0547 outinratio 0.01 

VBFH126_2e2mu_mjj_genbin3_recobin0 acc 0.1569 eff 0.0937 outinratio 0.0069 

WminusH126_2e2mu_mjj_genbin3_recobin0 acc 0.0278 eff 0.0157 outinratio 0.0293 

WplusH126_2e2mu_mjj_genbin3_recobin0 acc 0.0294 eff 0.0157 outinratio 0.0297 

ZH126_2e2mu_mjj_genbin3_recobin0 acc 0.0326 eff 0.0159 outinratio 0.0605 

ttH126_2e2mu_mjj_genbin3_recobin0 acc 0.1925 eff 0.0046 outinratio 0.2171 

ggH126_2e2mu_mjj_genbin0_recobin1 acc 0.3946 eff 0.0055 outinratio 0.0 

VBFH126_2e2mu_mjj_genbin0_recobin1 acc 0.2829 eff 0.0058 outinratio 0.0 

WminusH126_2e2mu_mjj_genbin0_recobin1 acc 0.2351 eff 0.023 outinratio 0.0066 

WplusH126_2e2mu_mjj_genbin0_recobin1 acc 0.2061 eff 0.0203 outinratio 0.0133 

ZH126_2e2mu_mjj_genbin0_recobin1 acc 0.2039 eff 0.0168 outinratio 0.0328 

ttH126_2e2mu_mjj_genbin0_recobin1 acc 0.0122 eff 0.0192 outinratio 0.0404 

ggH126_2e2mu_mjj_genbin1_recobin1 acc 0.0118 eff 0.2998 outinratio 0.0 

VBFH126_2e2mu_mjj_genbin1_recobin1 acc 0.0114 eff 0.1891 outinratio 0.0 

WminusH126_2e2mu_mjj_genbin1_recobin1 acc 0.0996 eff 0.3695 outinratio 0.0066 

WplusH126_2e2mu_mjj_genbin1_recobin1 acc 0.0885 eff 0.3338 outinratio 0.0133 

ZH126_2e2mu_mjj_genbin1_recobin1 acc 0.0849 eff 0.2454 outinratio 0.0328 

ttH126_2e2mu_mjj_genbin1_recobin1 acc 0.0519 eff 0.2322 outinratio 0.0404 

ggH126_2e2mu_mjj_genbin2_recobin1 acc 0.0169 eff 0.027 outinratio 0.0 

VBFH126_2e2mu_mjj_genbin2_recobin1 acc 0.024 eff 0.0 outinratio 0.0 

WminusH126_2e2mu_mjj_genbin2_recobin1 acc 0.0413 eff 0.0371 outinratio 0.0066 

WplusH126_2e2mu_mjj_genbin2_recobin1 acc 0.0403 eff 0.0547 outinratio 0.0133 

ZH126_2e2mu_mjj_genbin2_recobin1 acc 0.0675 eff 0.0659 outinratio 0.0328 

ttH126_2e2mu_mjj_genbin2_recobin1 acc 0.2068 eff 0.0227 outinratio 0.0404 

ggH126_2e2mu_mjj_genbin3_recobin1 acc 0.0142 eff 0.0054 outinratio 0.0 

VBFH126_2e2mu_mjj_genbin3_recobin1 acc 0.1569 eff 0.0121 outinratio 0.0 

WminusH126_2e2mu_mjj_genbin3_recobin1 acc 0.0278 eff 0.0094 outinratio 0.0066 

WplusH126_2e2mu_mjj_genbin3_recobin1 acc 0.0294 eff 0.0099 outinratio 0.0133 

ZH126_2e2mu_mjj_genbin3_recobin1 acc 0.0326 eff 0.0012 outinratio 0.0328 

ttH126_2e2mu_mjj_genbin3_recobin1 acc 0.1925 eff 0.0026 outinratio 0.0404 

ggH126_2e2mu_mjj_genbin0_recobin2 acc 0.3946 eff 0.0063 outinratio 0.0078 

VBFH126_2e2mu_mjj_genbin0_recobin2 acc 0.2829 eff 0.0068 outinratio 0.0 

WminusH126_2e2mu_mjj_genbin0_recobin2 acc 0.2351 eff 0.0264 outinratio 0.0247 

WplusH126_2e2mu_mjj_genbin0_recobin2 acc 0.2061 eff 0.0223 outinratio 0.0117 

ZH126_2e2mu_mjj_genbin0_recobin2 acc 0.2039 eff 0.0304 outinratio 0.0455 

ttH126_2e2mu_mjj_genbin0_recobin2 acc 0.0122 eff 0.1716 outinratio 0.0287 

ggH126_2e2mu_mjj_genbin1_recobin2 acc 0.0118 eff 0.0392 outinratio 0.0078 

VBFH126_2e2mu_mjj_genbin1_recobin2 acc 0.0114 eff 0.0458 outinratio 0.0 

WminusH126_2e2mu_mjj_genbin1_recobin2 acc 0.0996 eff 0.0562 outinratio 0.0247 

WplusH126_2e2mu_mjj_genbin1_recobin2 acc 0.0885 eff 0.0787 outinratio 0.0117 

ZH126_2e2mu_mjj_genbin1_recobin2 acc 0.0849 eff 0.1399 outinratio 0.0455 

ttH126_2e2mu_mjj_genbin1_recobin2 acc 0.0519 eff 0.0921 outinratio 0.0287 

ggH126_2e2mu_mjj_genbin2_recobin2 acc 0.0169 eff 0.3578 outinratio 0.0078 

VBFH126_2e2mu_mjj_genbin2_recobin2 acc 0.024 eff 0.4012 outinratio 0.0 

WminusH126_2e2mu_mjj_genbin2_recobin2 acc 0.0413 eff 0.2764 outinratio 0.0247 

WplusH126_2e2mu_mjj_genbin2_recobin2 acc 0.0403 eff 0.352 outinratio 0.0117 

ZH126_2e2mu_mjj_genbin2_recobin2 acc 0.0675 eff 0.3276 outinratio 0.0455 

ttH126_2e2mu_mjj_genbin2_recobin2 acc 0.2068 eff 0.2842 outinratio 0.0287 

ggH126_2e2mu_mjj_genbin3_recobin2 acc 0.0142 eff 0.0194 outinratio 0.0078 

VBFH126_2e2mu_mjj_genbin3_recobin2 acc 0.1569 eff 0.0101 outinratio 0.0 

WminusH126_2e2mu_mjj_genbin3_recobin2 acc 0.0278 eff 0.0149 outinratio 0.0247 

WplusH126_2e2mu_mjj_genbin3_recobin2 acc 0.0294 eff 0.0405 outinratio 0.0117 

ZH126_2e2mu_mjj_genbin3_recobin2 acc 0.0326 eff 0.0319 outinratio 0.0455 

ttH126_2e2mu_mjj_genbin3_recobin2 acc 0.1925 eff 0.049 outinratio 0.0287 

ggH126_2e2mu_mjj_genbin0_recobin3 acc 0.3946 eff 0.0036 outinratio 0.0084 

VBFH126_2e2mu_mjj_genbin0_recobin3 acc 0.2829 eff 0.0377 outinratio 0.0088 

WminusH126_2e2mu_mjj_genbin0_recobin3 acc 0.2351 eff 0.0041 outinratio 0.0139 

WplusH126_2e2mu_mjj_genbin0_recobin3 acc 0.2061 eff 0.006 outinratio 0.0153 

ZH126_2e2mu_mjj_genbin0_recobin3 acc 0.2039 eff 0.0073 outinratio 0.0254 

ttH126_2e2mu_mjj_genbin0_recobin3 acc 0.0122 eff 0.0241 outinratio 0.0774 

ggH126_2e2mu_mjj_genbin1_recobin3 acc 0.0118 eff 0.0092 outinratio 0.0084 

VBFH126_2e2mu_mjj_genbin1_recobin3 acc 0.0114 eff 0.1223 outinratio 0.0088 

WminusH126_2e2mu_mjj_genbin1_recobin3 acc 0.0996 eff 0.0091 outinratio 0.0139 

WplusH126_2e2mu_mjj_genbin1_recobin3 acc 0.0885 eff 0.0044 outinratio 0.0153 

ZH126_2e2mu_mjj_genbin1_recobin3 acc 0.0849 eff 0.0073 outinratio 0.0254 

ttH126_2e2mu_mjj_genbin1_recobin3 acc 0.0519 eff 0.0414 outinratio 0.0774 

ggH126_2e2mu_mjj_genbin2_recobin3 acc 0.0169 eff 0.0443 outinratio 0.0084 

VBFH126_2e2mu_mjj_genbin2_recobin3 acc 0.024 eff 0.0832 outinratio 0.0088 

WminusH126_2e2mu_mjj_genbin2_recobin3 acc 0.0413 eff 0.0272 outinratio 0.0139 

WplusH126_2e2mu_mjj_genbin2_recobin3 acc 0.0403 eff 0.0311 outinratio 0.0153 

ZH126_2e2mu_mjj_genbin2_recobin3 acc 0.0675 eff 0.0294 outinratio 0.0254 

ttH126_2e2mu_mjj_genbin2_recobin3 acc 0.2068 eff 0.0595 outinratio 0.0774 

ggH126_2e2mu_mjj_genbin3_recobin3 acc 0.0142 eff 0.4305 outinratio 0.0084 

VBFH126_2e2mu_mjj_genbin3_recobin3 acc 0.1569 eff 0.4335 outinratio 0.0088 

WminusH126_2e2mu_mjj_genbin3_recobin3 acc 0.0278 eff 0.4319 outinratio 0.0139 

WplusH126_2e2mu_mjj_genbin3_recobin3 acc 0.0294 eff 0.4107 outinratio 0.0153 

ZH126_2e2mu_mjj_genbin3_recobin3 acc 0.0326 eff 0.4157 outinratio 0.0254 

ttH126_2e2mu_mjj_genbin3_recobin3 acc 0.1925 eff 0.3051 outinratio 0.0774 

Coeff fullNNLOPS
