Welcome in RunCoefficients!
OPT SPLIT
DEBUG opt.YEAR = 2024_1
It is a single-differential measurement, binning [-100.0, 0.0, 210.0, 275.0, 355.0, 460.0, 645.0, 10000.0]
mHj
Following observables extracted from dictionary: RECO =  mHj  GEN =  GENmHj
LUMI: 10.882200000000001
ttH126 0.00046886125
Processing ggH126 2024_1
Signal created
Signal failed created
Processing VBFH126 2024_1
Signal created
Signal failed created
Processing WminusH126 2024_1
Signal created
Signal failed created
Processing WplusH126 2024_1
Signal created
Signal failed created
Processing ZH126 2024_1
Signal created
Signal failed created
Processing ttH126 2024_1
Signal created
Signal failed created
2024_1 SKIMMED df CREATED
2024_1 ggH126
2024_1 VBFH126
2024_1 WminusH126
2024_1 WplusH126
2024_1 ZH126
2024_1 ttH126
Dataframes created successfully
Coeff std
ggH126_4l_mHj_genbin0_recobin0 acc 0.2568 eff 0.4716 outinratio 0.0479 

VBFH126_4l_mHj_genbin0_recobin0 acc 0.0393 eff 0.386 outinratio 0.031 

WminusH126_4l_mHj_genbin0_recobin0 acc 0.0929 eff 0.3729 outinratio 0.0204 

WplusH126_4l_mHj_genbin0_recobin0 acc 0.0736 eff 0.364 outinratio 0.0679 

ZH126_4l_mHj_genbin0_recobin0 acc 0.0738 eff 0.4269 outinratio 0.0902 

ttH126_4l_mHj_genbin0_recobin0 acc 0.0007 eff 0.095 outinratio 0.548 

ggH126_4l_mHj_genbin1_recobin0 acc 0.0385 eff 0.0883 outinratio 0.0479 

VBFH126_4l_mHj_genbin1_recobin0 acc 0.024 eff 0.053 outinratio 0.031 

WminusH126_4l_mHj_genbin1_recobin0 acc 0.0887 eff 0.0617 outinratio 0.0204 

WplusH126_4l_mHj_genbin1_recobin0 acc 0.0651 eff 0.0377 outinratio 0.0679 

ZH126_4l_mHj_genbin1_recobin0 acc 0.0752 eff 0.039 outinratio 0.0902 

ttH126_4l_mHj_genbin1_recobin0 acc 0.0261 eff 0.0034 outinratio 0.548 

ggH126_4l_mHj_genbin2_recobin0 acc 0.0373 eff 0.0416 outinratio 0.0479 

VBFH126_4l_mHj_genbin2_recobin0 acc 0.0635 eff 0.0275 outinratio 0.031 

WminusH126_4l_mHj_genbin2_recobin0 acc 0.0848 eff 0.0175 outinratio 0.0204 

WplusH126_4l_mHj_genbin2_recobin0 acc 0.0726 eff 0.0111 outinratio 0.0679 

ZH126_4l_mHj_genbin2_recobin0 acc 0.0868 eff 0.0146 outinratio 0.0902 

ttH126_4l_mHj_genbin2_recobin0 acc 0.0779 eff 0.0003 outinratio 0.548 

ggH126_4l_mHj_genbin3_recobin0 acc 0.0277 eff 0.0423 outinratio 0.0479 

VBFH126_4l_mHj_genbin3_recobin0 acc 0.0784 eff 0.0216 outinratio 0.031 

WminusH126_4l_mHj_genbin3_recobin0 acc 0.0454 eff 0.0036 outinratio 0.0204 

WplusH126_4l_mHj_genbin3_recobin0 acc 0.0469 eff 0.0034 outinratio 0.0679 

ZH126_4l_mHj_genbin3_recobin0 acc 0.053 eff 0.0071 outinratio 0.0902 

ttH126_4l_mHj_genbin3_recobin0 acc 0.0772 eff 0.0002 outinratio 0.548 

ggH126_4l_mHj_genbin4_recobin0 acc 0.0201 eff 0.0375 outinratio 0.0479 

VBFH126_4l_mHj_genbin4_recobin0 acc 0.0819 eff 0.0175 outinratio 0.031 

WminusH126_4l_mHj_genbin4_recobin0 acc 0.0287 eff 0.0021 outinratio 0.0204 

WplusH126_4l_mHj_genbin4_recobin0 acc 0.0261 eff 0.0035 outinratio 0.0679 

ZH126_4l_mHj_genbin4_recobin0 acc 0.0293 eff 0.0056 outinratio 0.0902 

ttH126_4l_mHj_genbin4_recobin0 acc 0.0594 eff 0.0 outinratio 0.548 

ggH126_4l_mHj_genbin5_recobin0 acc 0.0154 eff 0.0298 outinratio 0.0479 

VBFH126_4l_mHj_genbin5_recobin0 acc 0.0816 eff 0.0165 outinratio 0.031 

WminusH126_4l_mHj_genbin5_recobin0 acc 0.0172 eff 0.0 outinratio 0.0204 

WplusH126_4l_mHj_genbin5_recobin0 acc 0.0172 eff 0.0021 outinratio 0.0679 

ZH126_4l_mHj_genbin5_recobin0 acc 0.0175 eff 0.0065 outinratio 0.0902 

ttH126_4l_mHj_genbin5_recobin0 acc 0.0461 eff 0.0 outinratio 0.548 

ggH126_4l_mHj_genbin6_recobin0 acc 0.0112 eff 0.0344 outinratio 0.0479 

VBFH126_4l_mHj_genbin6_recobin0 acc 0.0842 eff 0.0115 outinratio 0.031 

WminusH126_4l_mHj_genbin6_recobin0 acc 0.0079 eff 0.0 outinratio 0.0204 

WplusH126_4l_mHj_genbin6_recobin0 acc 0.0108 eff 0.0019 outinratio 0.0679 

ZH126_4l_mHj_genbin6_recobin0 acc 0.0096 eff 0.0141 outinratio 0.0902 

ttH126_4l_mHj_genbin6_recobin0 acc 0.0315 eff 0.0 outinratio 0.548 

ggH126_4l_mHj_genbin0_recobin1 acc 0.2568 eff 0.0358 outinratio 0.0718 

VBFH126_4l_mHj_genbin0_recobin1 acc 0.0393 eff 0.0432 outinratio 0.0483 

WminusH126_4l_mHj_genbin0_recobin1 acc 0.0929 eff 0.0642 outinratio 0.0889 

WplusH126_4l_mHj_genbin0_recobin1 acc 0.0736 eff 0.0696 outinratio 0.0791 

ZH126_4l_mHj_genbin0_recobin1 acc 0.0738 eff 0.0571 outinratio 0.1011 

ttH126_4l_mHj_genbin0_recobin1 acc 0.0007 eff 0.0531 outinratio 0.2103 

ggH126_4l_mHj_genbin1_recobin1 acc 0.0385 eff 0.391 outinratio 0.0718 

VBFH126_4l_mHj_genbin1_recobin1 acc 0.024 eff 0.3497 outinratio 0.0483 

WminusH126_4l_mHj_genbin1_recobin1 acc 0.0887 eff 0.3591 outinratio 0.0889 

WplusH126_4l_mHj_genbin1_recobin1 acc 0.0651 eff 0.392 outinratio 0.0791 

ZH126_4l_mHj_genbin1_recobin1 acc 0.0752 eff 0.4081 outinratio 0.1011 

ttH126_4l_mHj_genbin1_recobin1 acc 0.0261 eff 0.3366 outinratio 0.2103 

ggH126_4l_mHj_genbin2_recobin1 acc 0.0373 eff 0.0608 outinratio 0.0718 

VBFH126_4l_mHj_genbin2_recobin1 acc 0.0635 eff 0.0321 outinratio 0.0483 

WminusH126_4l_mHj_genbin2_recobin1 acc 0.0848 eff 0.0757 outinratio 0.0889 

WplusH126_4l_mHj_genbin2_recobin1 acc 0.0726 eff 0.0602 outinratio 0.0791 

ZH126_4l_mHj_genbin2_recobin1 acc 0.0868 eff 0.0639 outinratio 0.1011 

ttH126_4l_mHj_genbin2_recobin1 acc 0.0779 eff 0.0507 outinratio 0.2103 

ggH126_4l_mHj_genbin3_recobin1 acc 0.0277 eff 0.0116 outinratio 0.0718 

VBFH126_4l_mHj_genbin3_recobin1 acc 0.0784 eff 0.0063 outinratio 0.0483 

WminusH126_4l_mHj_genbin3_recobin1 acc 0.0454 eff -0.0011 outinratio 0.0889 

WplusH126_4l_mHj_genbin3_recobin1 acc 0.0469 eff 0.0086 outinratio 0.0791 

ZH126_4l_mHj_genbin3_recobin1 acc 0.053 eff 0.0079 outinratio 0.1011 

ttH126_4l_mHj_genbin3_recobin1 acc 0.0772 eff 0.0123 outinratio 0.2103 

ggH126_4l_mHj_genbin4_recobin1 acc 0.0201 eff 0.0086 outinratio 0.0718 

VBFH126_4l_mHj_genbin4_recobin1 acc 0.0819 eff 0.0046 outinratio 0.0483 

WminusH126_4l_mHj_genbin4_recobin1 acc 0.0287 eff 0.0122 outinratio 0.0889 

WplusH126_4l_mHj_genbin4_recobin1 acc 0.0261 eff 0.0077 outinratio 0.0791 

ZH126_4l_mHj_genbin4_recobin1 acc 0.0293 eff 0.0033 outinratio 0.1011 

ttH126_4l_mHj_genbin4_recobin1 acc 0.0594 eff 0.0064 outinratio 0.2103 

ggH126_4l_mHj_genbin5_recobin1 acc 0.0154 eff 0.0088 outinratio 0.0718 

VBFH126_4l_mHj_genbin5_recobin1 acc 0.0816 eff 0.0052 outinratio 0.0483 

WminusH126_4l_mHj_genbin5_recobin1 acc 0.0172 eff 0.0 outinratio 0.0889 

WplusH126_4l_mHj_genbin5_recobin1 acc 0.0172 eff 0.0042 outinratio 0.0791 

ZH126_4l_mHj_genbin5_recobin1 acc 0.0175 eff 0.0004 outinratio 0.1011 

ttH126_4l_mHj_genbin5_recobin1 acc 0.0461 eff 0.0029 outinratio 0.2103 

ggH126_4l_mHj_genbin6_recobin1 acc 0.0112 eff 0.0093 outinratio 0.0718 

VBFH126_4l_mHj_genbin6_recobin1 acc 0.0842 eff 0.0044 outinratio 0.0483 

WminusH126_4l_mHj_genbin6_recobin1 acc 0.0079 eff 0.0 outinratio 0.0889 

WplusH126_4l_mHj_genbin6_recobin1 acc 0.0108 eff 0.0 outinratio 0.0791 

ZH126_4l_mHj_genbin6_recobin1 acc 0.0096 eff 0.0009 outinratio 0.1011 

ttH126_4l_mHj_genbin6_recobin1 acc 0.0315 eff 0.0018 outinratio 0.2103 

ggH126_4l_mHj_genbin0_recobin2 acc 0.2568 eff 0.0101 outinratio 0.0558 

VBFH126_4l_mHj_genbin0_recobin2 acc 0.0393 eff 0.0347 outinratio 0.0362 

WminusH126_4l_mHj_genbin0_recobin2 acc 0.0929 eff 0.0557 outinratio 0.0718 

WplusH126_4l_mHj_genbin0_recobin2 acc 0.0736 eff 0.0355 outinratio 0.0829 

ZH126_4l_mHj_genbin0_recobin2 acc 0.0738 eff 0.0254 outinratio 0.0864 

ttH126_4l_mHj_genbin0_recobin2 acc 0.0007 eff 0.095 outinratio 0.192 

ggH126_4l_mHj_genbin1_recobin2 acc 0.0385 eff 0.0476 outinratio 0.0558 

VBFH126_4l_mHj_genbin1_recobin2 acc 0.024 eff 0.0945 outinratio 0.0362 

WminusH126_4l_mHj_genbin1_recobin2 acc 0.0887 eff 0.077 outinratio 0.0718 

WplusH126_4l_mHj_genbin1_recobin2 acc 0.0651 eff 0.0723 outinratio 0.0829 

ZH126_4l_mHj_genbin1_recobin2 acc 0.0752 eff 0.0735 outinratio 0.0864 

ttH126_4l_mHj_genbin1_recobin2 acc 0.0261 eff 0.1137 outinratio 0.192 

ggH126_4l_mHj_genbin2_recobin2 acc 0.0373 eff 0.3931 outinratio 0.0558 

VBFH126_4l_mHj_genbin2_recobin2 acc 0.0635 eff 0.3808 outinratio 0.0362 

WminusH126_4l_mHj_genbin2_recobin2 acc 0.0848 eff 0.4335 outinratio 0.0718 

WplusH126_4l_mHj_genbin2_recobin2 acc 0.0726 eff 0.4321 outinratio 0.0829 

ZH126_4l_mHj_genbin2_recobin2 acc 0.0868 eff 0.4142 outinratio 0.0864 

ttH126_4l_mHj_genbin2_recobin2 acc 0.0779 eff 0.4005 outinratio 0.192 

ggH126_4l_mHj_genbin3_recobin2 acc 0.0277 eff 0.0674 outinratio 0.0558 

VBFH126_4l_mHj_genbin3_recobin2 acc 0.0784 eff 0.0492 outinratio 0.0362 

WminusH126_4l_mHj_genbin3_recobin2 acc 0.0454 eff 0.0816 outinratio 0.0718 

WplusH126_4l_mHj_genbin3_recobin2 acc 0.0469 eff 0.0619 outinratio 0.0829 

ZH126_4l_mHj_genbin3_recobin2 acc 0.053 eff 0.08 outinratio 0.0864 

ttH126_4l_mHj_genbin3_recobin2 acc 0.0772 eff 0.0695 outinratio 0.192 

ggH126_4l_mHj_genbin4_recobin2 acc 0.0201 eff 0.0077 outinratio 0.0558 

VBFH126_4l_mHj_genbin4_recobin2 acc 0.0819 eff 0.0088 outinratio 0.0362 

WminusH126_4l_mHj_genbin4_recobin2 acc 0.0287 eff 0.0139 outinratio 0.0718 

WplusH126_4l_mHj_genbin4_recobin2 acc 0.0261 eff 0.0061 outinratio 0.0829 

ZH126_4l_mHj_genbin4_recobin2 acc 0.0293 eff 0.0078 outinratio 0.0864 

ttH126_4l_mHj_genbin4_recobin2 acc 0.0594 eff 0.0159 outinratio 0.192 

ggH126_4l_mHj_genbin5_recobin2 acc 0.0154 eff 0.0062 outinratio 0.0558 

VBFH126_4l_mHj_genbin5_recobin2 acc 0.0816 eff 0.0077 outinratio 0.0362 

WminusH126_4l_mHj_genbin5_recobin2 acc 0.0172 eff 0.0081 outinratio 0.0718 

WplusH126_4l_mHj_genbin5_recobin2 acc 0.0172 eff 0.0056 outinratio 0.0829 

ZH126_4l_mHj_genbin5_recobin2 acc 0.0175 eff 0.0061 outinratio 0.0864 

ttH126_4l_mHj_genbin5_recobin2 acc 0.0461 eff 0.0105 outinratio 0.192 

ggH126_4l_mHj_genbin6_recobin2 acc 0.0112 eff 0.0048 outinratio 0.0558 

VBFH126_4l_mHj_genbin6_recobin2 acc 0.0842 eff 0.0073 outinratio 0.0362 

WminusH126_4l_mHj_genbin6_recobin2 acc 0.0079 eff 0.0 outinratio 0.0718 

WplusH126_4l_mHj_genbin6_recobin2 acc 0.0108 eff 0.002 outinratio 0.0829 

ZH126_4l_mHj_genbin6_recobin2 acc 0.0096 eff 0.008 outinratio 0.0864 

ttH126_4l_mHj_genbin6_recobin2 acc 0.0315 eff 0.0068 outinratio 0.192 

ggH126_4l_mHj_genbin0_recobin3 acc 0.2568 eff 0.0079 outinratio 0.0514 

VBFH126_4l_mHj_genbin0_recobin3 acc 0.0393 eff 0.031 outinratio 0.0362 

WminusH126_4l_mHj_genbin0_recobin3 acc 0.0929 eff 0.0262 outinratio 0.0769 

WplusH126_4l_mHj_genbin0_recobin3 acc 0.0736 eff 0.0204 outinratio 0.0624 

ZH126_4l_mHj_genbin0_recobin3 acc 0.0738 eff 0.0164 outinratio 0.0557 

ttH126_4l_mHj_genbin0_recobin3 acc 0.0007 eff 0.0785 outinratio 0.1635 

ggH126_4l_mHj_genbin1_recobin3 acc 0.0385 eff 0.0055 outinratio 0.0514 

VBFH126_4l_mHj_genbin1_recobin3 acc 0.024 eff 0.0153 outinratio 0.0362 

WminusH126_4l_mHj_genbin1_recobin3 acc 0.0887 eff 0.0055 outinratio 0.0769 

WplusH126_4l_mHj_genbin1_recobin3 acc 0.0651 eff 0.0071 outinratio 0.0624 

ZH126_4l_mHj_genbin1_recobin3 acc 0.0752 eff 0.0069 outinratio 0.0557 

ttH126_4l_mHj_genbin1_recobin3 acc 0.0261 eff 0.0306 outinratio 0.1635 

ggH126_4l_mHj_genbin2_recobin3 acc 0.0373 eff 0.0495 outinratio 0.0514 

VBFH126_4l_mHj_genbin2_recobin3 acc 0.0635 eff 0.0852 outinratio 0.0362 

WminusH126_4l_mHj_genbin2_recobin3 acc 0.0848 eff 0.0447 outinratio 0.0769 

WplusH126_4l_mHj_genbin2_recobin3 acc 0.0726 eff 0.0573 outinratio 0.0624 

ZH126_4l_mHj_genbin2_recobin3 acc 0.0868 eff 0.0488 outinratio 0.0557 

ttH126_4l_mHj_genbin2_recobin3 acc 0.0779 eff 0.063 outinratio 0.1635 

ggH126_4l_mHj_genbin3_recobin3 acc 0.0277 eff 0.3878 outinratio 0.0514 

VBFH126_4l_mHj_genbin3_recobin3 acc 0.0784 eff 0.3812 outinratio 0.0362 

WminusH126_4l_mHj_genbin3_recobin3 acc 0.0454 eff 0.4073 outinratio 0.0769 

WplusH126_4l_mHj_genbin3_recobin3 acc 0.0469 eff 0.4247 outinratio 0.0624 

ZH126_4l_mHj_genbin3_recobin3 acc 0.053 eff 0.4233 outinratio 0.0557 

ttH126_4l_mHj_genbin3_recobin3 acc 0.0772 eff 0.4074 outinratio 0.1635 

ggH126_4l_mHj_genbin4_recobin3 acc 0.0201 eff 0.0732 outinratio 0.0514 

VBFH126_4l_mHj_genbin4_recobin3 acc 0.0819 eff 0.053 outinratio 0.0362 

WminusH126_4l_mHj_genbin4_recobin3 acc 0.0287 eff 0.0369 outinratio 0.0769 

WplusH126_4l_mHj_genbin4_recobin3 acc 0.0261 eff 0.0568 outinratio 0.0624 

ZH126_4l_mHj_genbin4_recobin3 acc 0.0293 eff 0.0583 outinratio 0.0557 

ttH126_4l_mHj_genbin4_recobin3 acc 0.0594 eff 0.0605 outinratio 0.1635 

ggH126_4l_mHj_genbin5_recobin3 acc 0.0154 eff 0.0049 outinratio 0.0514 

VBFH126_4l_mHj_genbin5_recobin3 acc 0.0816 eff 0.0096 outinratio 0.0362 

WminusH126_4l_mHj_genbin5_recobin3 acc 0.0172 eff 0.0132 outinratio 0.0769 

WplusH126_4l_mHj_genbin5_recobin3 acc 0.0172 eff 0.0073 outinratio 0.0624 

ZH126_4l_mHj_genbin5_recobin3 acc 0.0175 eff 0.0056 outinratio 0.0557 

ttH126_4l_mHj_genbin5_recobin3 acc 0.0461 eff 0.0091 outinratio 0.1635 

ggH126_4l_mHj_genbin6_recobin3 acc 0.0112 eff 0.0028 outinratio 0.0514 

VBFH126_4l_mHj_genbin6_recobin3 acc 0.0842 eff 0.0081 outinratio 0.0362 

WminusH126_4l_mHj_genbin6_recobin3 acc 0.0079 eff 0.0 outinratio 0.0769 

WplusH126_4l_mHj_genbin6_recobin3 acc 0.0108 eff 0.0012 outinratio 0.0624 

ZH126_4l_mHj_genbin6_recobin3 acc 0.0096 eff 0.0006 outinratio 0.0557 

ttH126_4l_mHj_genbin6_recobin3 acc 0.0315 eff 0.0064 outinratio 0.1635 

ggH126_4l_mHj_genbin0_recobin4 acc 0.2568 eff 0.0061 outinratio 0.0492 

VBFH126_4l_mHj_genbin0_recobin4 acc 0.0393 eff 0.0217 outinratio 0.0323 

WminusH126_4l_mHj_genbin0_recobin4 acc 0.0929 eff 0.011 outinratio 0.0808 

WplusH126_4l_mHj_genbin0_recobin4 acc 0.0736 eff 0.0104 outinratio 0.0629 

ZH126_4l_mHj_genbin0_recobin4 acc 0.0738 eff 0.0114 outinratio 0.0776 

ttH126_4l_mHj_genbin0_recobin4 acc 0.0007 eff 0.0 outinratio 0.1284 

ggH126_4l_mHj_genbin1_recobin4 acc 0.0385 eff 0.0057 outinratio 0.0492 

VBFH126_4l_mHj_genbin1_recobin4 acc 0.024 eff 0.0119 outinratio 0.0323 

WminusH126_4l_mHj_genbin1_recobin4 acc 0.0887 eff 0.0024 outinratio 0.0808 

WplusH126_4l_mHj_genbin1_recobin4 acc 0.0651 eff 0.0048 outinratio 0.0629 

ZH126_4l_mHj_genbin1_recobin4 acc 0.0752 eff 0.003 outinratio 0.0776 

ttH126_4l_mHj_genbin1_recobin4 acc 0.0261 eff 0.0207 outinratio 0.1284 

ggH126_4l_mHj_genbin2_recobin4 acc 0.0373 eff 0.0052 outinratio 0.0492 

VBFH126_4l_mHj_genbin2_recobin4 acc 0.0635 eff 0.0112 outinratio 0.0323 

WminusH126_4l_mHj_genbin2_recobin4 acc 0.0848 eff 0.0033 outinratio 0.0808 

WplusH126_4l_mHj_genbin2_recobin4 acc 0.0726 eff 0.0038 outinratio 0.0629 

ZH126_4l_mHj_genbin2_recobin4 acc 0.0868 eff 0.0041 outinratio 0.0776 

ttH126_4l_mHj_genbin2_recobin4 acc 0.0779 eff 0.0131 outinratio 0.1284 

ggH126_4l_mHj_genbin3_recobin4 acc 0.0277 eff 0.0515 outinratio 0.0492 

VBFH126_4l_mHj_genbin3_recobin4 acc 0.0784 eff 0.0825 outinratio 0.0323 

WminusH126_4l_mHj_genbin3_recobin4 acc 0.0454 eff 0.0398 outinratio 0.0808 

WplusH126_4l_mHj_genbin3_recobin4 acc 0.0469 eff 0.0392 outinratio 0.0629 

ZH126_4l_mHj_genbin3_recobin4 acc 0.053 eff 0.0394 outinratio 0.0776 

ttH126_4l_mHj_genbin3_recobin4 acc 0.0772 eff 0.0508 outinratio 0.1284 

ggH126_4l_mHj_genbin4_recobin4 acc 0.0201 eff 0.3894 outinratio 0.0492 

VBFH126_4l_mHj_genbin4_recobin4 acc 0.0819 eff 0.3964 outinratio 0.0323 

WminusH126_4l_mHj_genbin4_recobin4 acc 0.0287 eff 0.4628 outinratio 0.0808 

WplusH126_4l_mHj_genbin4_recobin4 acc 0.0261 eff 0.4399 outinratio 0.0629 

ZH126_4l_mHj_genbin4_recobin4 acc 0.0293 eff 0.473 outinratio 0.0776 

ttH126_4l_mHj_genbin4_recobin4 acc 0.0594 eff 0.443 outinratio 0.1284 

ggH126_4l_mHj_genbin5_recobin4 acc 0.0154 eff 0.0616 outinratio 0.0492 

VBFH126_4l_mHj_genbin5_recobin4 acc 0.0816 eff 0.0514 outinratio 0.0323 

WminusH126_4l_mHj_genbin5_recobin4 acc 0.0172 eff 0.0517 outinratio 0.0808 

WplusH126_4l_mHj_genbin5_recobin4 acc 0.0172 eff 0.0538 outinratio 0.0629 

ZH126_4l_mHj_genbin5_recobin4 acc 0.0175 eff 0.0412 outinratio 0.0776 

ttH126_4l_mHj_genbin5_recobin4 acc 0.0461 eff 0.0527 outinratio 0.1284 

ggH126_4l_mHj_genbin6_recobin4 acc 0.0112 eff 0.006 outinratio 0.0492 

VBFH126_4l_mHj_genbin6_recobin4 acc 0.0842 eff 0.0087 outinratio 0.0323 

WminusH126_4l_mHj_genbin6_recobin4 acc 0.0079 eff 0.0 outinratio 0.0808 

WplusH126_4l_mHj_genbin6_recobin4 acc 0.0108 eff 0.0035 outinratio 0.0629 

ZH126_4l_mHj_genbin6_recobin4 acc 0.0096 eff 0.0009 outinratio 0.0776 

ttH126_4l_mHj_genbin6_recobin4 acc 0.0315 eff 0.0066 outinratio 0.1284 

ggH126_4l_mHj_genbin0_recobin5 acc 0.2568 eff 0.007 outinratio 0.0452 

VBFH126_4l_mHj_genbin0_recobin5 acc 0.0393 eff 0.0219 outinratio 0.0352 

WminusH126_4l_mHj_genbin0_recobin5 acc 0.0929 eff 0.0032 outinratio 0.055 

WplusH126_4l_mHj_genbin0_recobin5 acc 0.0736 eff 0.0114 outinratio 0.0491 

ZH126_4l_mHj_genbin0_recobin5 acc 0.0738 eff 0.0049 outinratio 0.0655 

ttH126_4l_mHj_genbin0_recobin5 acc 0.0007 eff 0.1146 outinratio 0.1252 

ggH126_4l_mHj_genbin1_recobin5 acc 0.0385 eff 0.0046 outinratio 0.0452 

VBFH126_4l_mHj_genbin1_recobin5 acc 0.024 eff 0.0129 outinratio 0.0352 

WminusH126_4l_mHj_genbin1_recobin5 acc 0.0887 eff 0.0 outinratio 0.055 

WplusH126_4l_mHj_genbin1_recobin5 acc 0.0651 eff 0.0016 outinratio 0.0491 

ZH126_4l_mHj_genbin1_recobin5 acc 0.0752 eff 0.0033 outinratio 0.0655 

ttH126_4l_mHj_genbin1_recobin5 acc 0.0261 eff 0.0081 outinratio 0.1252 

ggH126_4l_mHj_genbin2_recobin5 acc 0.0373 eff 0.0033 outinratio 0.0452 

VBFH126_4l_mHj_genbin2_recobin5 acc 0.0635 eff 0.0109 outinratio 0.0352 

WminusH126_4l_mHj_genbin2_recobin5 acc 0.0848 eff 0.0086 outinratio 0.055 

WplusH126_4l_mHj_genbin2_recobin5 acc 0.0726 eff 0.0019 outinratio 0.0491 

ZH126_4l_mHj_genbin2_recobin5 acc 0.0868 eff 0.0032 outinratio 0.0655 

ttH126_4l_mHj_genbin2_recobin5 acc 0.0779 eff 0.0052 outinratio 0.1252 

ggH126_4l_mHj_genbin3_recobin5 acc 0.0277 eff 0.0058 outinratio 0.0452 

VBFH126_4l_mHj_genbin3_recobin5 acc 0.0784 eff 0.0098 outinratio 0.0352 

WminusH126_4l_mHj_genbin3_recobin5 acc 0.0454 eff 0.0 outinratio 0.055 

WplusH126_4l_mHj_genbin3_recobin5 acc 0.0469 eff 0.0003 outinratio 0.0491 

ZH126_4l_mHj_genbin3_recobin5 acc 0.053 eff 0.0005 outinratio 0.0655 

ttH126_4l_mHj_genbin3_recobin5 acc 0.0772 eff 0.0071 outinratio 0.1252 

ggH126_4l_mHj_genbin4_recobin5 acc 0.0201 eff 0.047 outinratio 0.0452 

VBFH126_4l_mHj_genbin4_recobin5 acc 0.0819 eff 0.0794 outinratio 0.0352 

WminusH126_4l_mHj_genbin4_recobin5 acc 0.0287 eff 0.0432 outinratio 0.055 

WplusH126_4l_mHj_genbin4_recobin5 acc 0.0261 eff 0.0521 outinratio 0.0491 

ZH126_4l_mHj_genbin4_recobin5 acc 0.0293 eff 0.0509 outinratio 0.0655 

ttH126_4l_mHj_genbin4_recobin5 acc 0.0594 eff 0.043 outinratio 0.1252 

ggH126_4l_mHj_genbin5_recobin5 acc 0.0154 eff 0.4319 outinratio 0.0452 

VBFH126_4l_mHj_genbin5_recobin5 acc 0.0816 eff 0.4379 outinratio 0.0352 

WminusH126_4l_mHj_genbin5_recobin5 acc 0.0172 eff 0.4467 outinratio 0.055 

WplusH126_4l_mHj_genbin5_recobin5 acc 0.0172 eff 0.4531 outinratio 0.0491 

ZH126_4l_mHj_genbin5_recobin5 acc 0.0175 eff 0.4993 outinratio 0.0655 

ttH126_4l_mHj_genbin5_recobin5 acc 0.0461 eff 0.4668 outinratio 0.1252 

ggH126_4l_mHj_genbin6_recobin5 acc 0.0112 eff 0.0515 outinratio 0.0452 

VBFH126_4l_mHj_genbin6_recobin5 acc 0.0842 eff 0.034 outinratio 0.0352 

WminusH126_4l_mHj_genbin6_recobin5 acc 0.0079 eff 0.0278 outinratio 0.055 

WplusH126_4l_mHj_genbin6_recobin5 acc 0.0108 eff 0.0469 outinratio 0.0491 

ZH126_4l_mHj_genbin6_recobin5 acc 0.0096 eff 0.0282 outinratio 0.0655 

ttH126_4l_mHj_genbin6_recobin5 acc 0.0315 eff 0.0475 outinratio 0.1252 

ggH126_4l_mHj_genbin0_recobin6 acc 0.2568 eff 0.0059 outinratio 0.0428 

VBFH126_4l_mHj_genbin0_recobin6 acc 0.0393 eff 0.017 outinratio 0.0337 

WminusH126_4l_mHj_genbin0_recobin6 acc 0.0929 eff 0.0072 outinratio 0.1897 

WplusH126_4l_mHj_genbin0_recobin6 acc 0.0736 eff 0.0084 outinratio 0.0527 

ZH126_4l_mHj_genbin0_recobin6 acc 0.0738 eff 0.0073 outinratio 0.0829 

ttH126_4l_mHj_genbin0_recobin6 acc 0.0007 eff 0.0186 outinratio 0.1614 

ggH126_4l_mHj_genbin1_recobin6 acc 0.0385 eff 0.0058 outinratio 0.0428 

VBFH126_4l_mHj_genbin1_recobin6 acc 0.024 eff 0.0128 outinratio 0.0337 

WminusH126_4l_mHj_genbin1_recobin6 acc 0.0887 eff 0.0083 outinratio 0.1897 

WplusH126_4l_mHj_genbin1_recobin6 acc 0.0651 eff 0.0043 outinratio 0.0527 

ZH126_4l_mHj_genbin1_recobin6 acc 0.0752 eff 0.0015 outinratio 0.0829 

ttH126_4l_mHj_genbin1_recobin6 acc 0.0261 eff 0.0019 outinratio 0.1614 

ggH126_4l_mHj_genbin2_recobin6 acc 0.0373 eff 0.003 outinratio 0.0428 

VBFH126_4l_mHj_genbin2_recobin6 acc 0.0635 eff 0.0111 outinratio 0.0337 

WminusH126_4l_mHj_genbin2_recobin6 acc 0.0848 eff 0.0 outinratio 0.1897 

WplusH126_4l_mHj_genbin2_recobin6 acc 0.0726 eff 0.0 outinratio 0.0527 

ZH126_4l_mHj_genbin2_recobin6 acc 0.0868 eff 0.0007 outinratio 0.0829 

ttH126_4l_mHj_genbin2_recobin6 acc 0.0779 eff 0.005 outinratio 0.1614 

ggH126_4l_mHj_genbin3_recobin6 acc 0.0277 eff 0.0038 outinratio 0.0428 

VBFH126_4l_mHj_genbin3_recobin6 acc 0.0784 eff 0.008 outinratio 0.0337 

WminusH126_4l_mHj_genbin3_recobin6 acc 0.0454 eff 0.0 outinratio 0.1897 

WplusH126_4l_mHj_genbin3_recobin6 acc 0.0469 eff 0.0008 outinratio 0.0527 

ZH126_4l_mHj_genbin3_recobin6 acc 0.053 eff 0.0011 outinratio 0.0829 

ttH126_4l_mHj_genbin3_recobin6 acc 0.0772 eff 0.0041 outinratio 0.1614 

ggH126_4l_mHj_genbin4_recobin6 acc 0.0201 eff 0.004 outinratio 0.0428 

VBFH126_4l_mHj_genbin4_recobin6 acc 0.0819 eff 0.0082 outinratio 0.0337 

WminusH126_4l_mHj_genbin4_recobin6 acc 0.0287 eff 0.0117 outinratio 0.1897 

WplusH126_4l_mHj_genbin4_recobin6 acc 0.0261 eff 0.0016 outinratio 0.0527 

ZH126_4l_mHj_genbin4_recobin6 acc 0.0293 eff 0.0018 outinratio 0.0829 

ttH126_4l_mHj_genbin4_recobin6 acc 0.0594 eff 0.0056 outinratio 0.1614 

ggH126_4l_mHj_genbin5_recobin6 acc 0.0154 eff 0.036 outinratio 0.0428 

VBFH126_4l_mHj_genbin5_recobin6 acc 0.0816 eff 0.058 outinratio 0.0337 

WminusH126_4l_mHj_genbin5_recobin6 acc 0.0172 eff 0.0441 outinratio 0.1897 

WplusH126_4l_mHj_genbin5_recobin6 acc 0.0172 eff 0.038 outinratio 0.0527 

ZH126_4l_mHj_genbin5_recobin6 acc 0.0175 eff 0.0273 outinratio 0.0829 

ttH126_4l_mHj_genbin5_recobin6 acc 0.0461 eff 0.0317 outinratio 0.1614 

ggH126_4l_mHj_genbin6_recobin6 acc 0.0112 eff 0.4778 outinratio 0.0428 

VBFH126_4l_mHj_genbin6_recobin6 acc 0.0842 eff 0.5129 outinratio 0.0337 

WminusH126_4l_mHj_genbin6_recobin6 acc 0.0079 eff 0.7108 outinratio 0.1897 

WplusH126_4l_mHj_genbin6_recobin6 acc 0.0108 eff 0.5191 outinratio 0.0527 

ZH126_4l_mHj_genbin6_recobin6 acc 0.0096 eff 0.5439 outinratio 0.0829 

ttH126_4l_mHj_genbin6_recobin6 acc 0.0315 eff 0.497 outinratio 0.1614 

ggH126_4e_mHj_genbin0_recobin0 acc 0.2481 eff 0.276 outinratio 0.0527 

VBFH126_4e_mHj_genbin0_recobin0 acc 0.0372 eff 0.2204 outinratio 0.0292 

WminusH126_4e_mHj_genbin0_recobin0 acc 0.0868 eff 0.1934 outinratio 0.0515 

WplusH126_4e_mHj_genbin0_recobin0 acc 0.0772 eff 0.2195 outinratio 0.0464 

ZH126_4e_mHj_genbin0_recobin0 acc 0.0731 eff 0.26 outinratio 0.0761 

ttH126_4e_mHj_genbin0_recobin0 acc 0.0006 eff 0.0326 outinratio 1.1865 

ggH126_4e_mHj_genbin1_recobin0 acc 0.0373 eff 0.0549 outinratio 0.0527 

VBFH126_4e_mHj_genbin1_recobin0 acc 0.0224 eff 0.0304 outinratio 0.0292 

WminusH126_4e_mHj_genbin1_recobin0 acc 0.0912 eff 0.0542 outinratio 0.0515 

WplusH126_4e_mHj_genbin1_recobin0 acc 0.063 eff 0.0243 outinratio 0.0464 

ZH126_4e_mHj_genbin1_recobin0 acc 0.0742 eff 0.0202 outinratio 0.0761 

ttH126_4e_mHj_genbin1_recobin0 acc 0.0264 eff 0.0048 outinratio 1.1865 

ggH126_4e_mHj_genbin2_recobin0 acc 0.0362 eff 0.0268 outinratio 0.0527 

VBFH126_4e_mHj_genbin2_recobin0 acc 0.0611 eff 0.0156 outinratio 0.0292 

WminusH126_4e_mHj_genbin2_recobin0 acc 0.0861 eff 0.0072 outinratio 0.0515 

WplusH126_4e_mHj_genbin2_recobin0 acc 0.0704 eff 0.0033 outinratio 0.0464 

ZH126_4e_mHj_genbin2_recobin0 acc 0.0831 eff 0.0097 outinratio 0.0761 

ttH126_4e_mHj_genbin2_recobin0 acc 0.0751 eff 0.0 outinratio 1.1865 

ggH126_4e_mHj_genbin3_recobin0 acc 0.0261 eff 0.024 outinratio 0.0527 

VBFH126_4e_mHj_genbin3_recobin0 acc 0.0754 eff 0.0112 outinratio 0.0292 

WminusH126_4e_mHj_genbin3_recobin0 acc 0.0438 eff 0.0 outinratio 0.0515 

WplusH126_4e_mHj_genbin3_recobin0 acc 0.0456 eff 0.0019 outinratio 0.0464 

ZH126_4e_mHj_genbin3_recobin0 acc 0.0499 eff 0.0015 outinratio 0.0761 

ttH126_4e_mHj_genbin3_recobin0 acc 0.0729 eff 0.0 outinratio 1.1865 

ggH126_4e_mHj_genbin4_recobin0 acc 0.0191 eff 0.0223 outinratio 0.0527 

VBFH126_4e_mHj_genbin4_recobin0 acc 0.0773 eff 0.008 outinratio 0.0292 

WminusH126_4e_mHj_genbin4_recobin0 acc 0.0252 eff 0.0 outinratio 0.0515 

WplusH126_4e_mHj_genbin4_recobin0 acc 0.0256 eff 0.0 outinratio 0.0464 

ZH126_4e_mHj_genbin4_recobin0 acc 0.0292 eff 0.0033 outinratio 0.0761 

ttH126_4e_mHj_genbin4_recobin0 acc 0.0587 eff 0.0 outinratio 1.1865 

ggH126_4e_mHj_genbin5_recobin0 acc 0.015 eff 0.0173 outinratio 0.0527 

VBFH126_4e_mHj_genbin5_recobin0 acc 0.0784 eff 0.0123 outinratio 0.0292 

WminusH126_4e_mHj_genbin5_recobin0 acc 0.0223 eff 0.0 outinratio 0.0515 

WplusH126_4e_mHj_genbin5_recobin0 acc 0.0138 eff 0.0 outinratio 0.0464 

ZH126_4e_mHj_genbin5_recobin0 acc 0.0164 eff 0.0017 outinratio 0.0761 

ttH126_4e_mHj_genbin5_recobin0 acc 0.045 eff 0.0 outinratio 1.1865 

ggH126_4e_mHj_genbin6_recobin0 acc 0.0107 eff 0.0188 outinratio 0.0527 

VBFH126_4e_mHj_genbin6_recobin0 acc 0.0837 eff 0.0069 outinratio 0.0292 

WminusH126_4e_mHj_genbin6_recobin0 acc 0.0067 eff -1.0 outinratio 0.0515 

WplusH126_4e_mHj_genbin6_recobin0 acc 0.011 eff 0.0071 outinratio 0.0464 

ZH126_4e_mHj_genbin6_recobin0 acc 0.0084 eff 0.0 outinratio 0.0761 

ttH126_4e_mHj_genbin6_recobin0 acc 0.0305 eff 0.0 outinratio 1.1865 

ggH126_4e_mHj_genbin0_recobin1 acc 0.2481 eff 0.0195 outinratio 0.0805 

VBFH126_4e_mHj_genbin0_recobin1 acc 0.0372 eff 0.0237 outinratio 0.0549 

WminusH126_4e_mHj_genbin0_recobin1 acc 0.0868 eff 0.053 outinratio 0.0817 

WplusH126_4e_mHj_genbin0_recobin1 acc 0.0772 eff 0.0527 outinratio 0.085 

ZH126_4e_mHj_genbin0_recobin1 acc 0.0731 eff 0.0253 outinratio 0.1174 

ttH126_4e_mHj_genbin0_recobin1 acc 0.0006 eff 0.0 outinratio 0.272 

ggH126_4e_mHj_genbin1_recobin1 acc 0.0373 eff 0.2188 outinratio 0.0805 

VBFH126_4e_mHj_genbin1_recobin1 acc 0.0224 eff 0.2157 outinratio 0.0549 

WminusH126_4e_mHj_genbin1_recobin1 acc 0.0912 eff 0.2196 outinratio 0.0817 

WplusH126_4e_mHj_genbin1_recobin1 acc 0.063 eff 0.2252 outinratio 0.085 

ZH126_4e_mHj_genbin1_recobin1 acc 0.0742 eff 0.2495 outinratio 0.1174 

ttH126_4e_mHj_genbin1_recobin1 acc 0.0264 eff 0.2181 outinratio 0.272 

ggH126_4e_mHj_genbin2_recobin1 acc 0.0362 eff 0.0415 outinratio 0.0805 

VBFH126_4e_mHj_genbin2_recobin1 acc 0.0611 eff 0.0206 outinratio 0.0549 

WminusH126_4e_mHj_genbin2_recobin1 acc 0.0861 eff 0.0349 outinratio 0.0817 

WplusH126_4e_mHj_genbin2_recobin1 acc 0.0704 eff 0.0264 outinratio 0.085 

ZH126_4e_mHj_genbin2_recobin1 acc 0.0831 eff 0.0409 outinratio 0.1174 

ttH126_4e_mHj_genbin2_recobin1 acc 0.0751 eff 0.0346 outinratio 0.272 

ggH126_4e_mHj_genbin3_recobin1 acc 0.0261 eff 0.0069 outinratio 0.0805 

VBFH126_4e_mHj_genbin3_recobin1 acc 0.0754 eff 0.0042 outinratio 0.0549 

WminusH126_4e_mHj_genbin3_recobin1 acc 0.0438 eff 0.0 outinratio 0.0817 

WplusH126_4e_mHj_genbin3_recobin1 acc 0.0456 eff 0.0 outinratio 0.085 

ZH126_4e_mHj_genbin3_recobin1 acc 0.0499 eff 0.0 outinratio 0.1174 

ttH126_4e_mHj_genbin3_recobin1 acc 0.0729 eff 0.011 outinratio 0.272 

ggH126_4e_mHj_genbin4_recobin1 acc 0.0191 eff 0.0082 outinratio 0.0805 

VBFH126_4e_mHj_genbin4_recobin1 acc 0.0773 eff 0.0023 outinratio 0.0549 

WminusH126_4e_mHj_genbin4_recobin1 acc 0.0252 eff 0.0 outinratio 0.0817 

WplusH126_4e_mHj_genbin4_recobin1 acc 0.0256 eff 0.0027 outinratio 0.085 

ZH126_4e_mHj_genbin4_recobin1 acc 0.0292 eff 0.0 outinratio 0.1174 

ttH126_4e_mHj_genbin4_recobin1 acc 0.0587 eff 0.0041 outinratio 0.272 

ggH126_4e_mHj_genbin5_recobin1 acc 0.015 eff 0.0028 outinratio 0.0805 

VBFH126_4e_mHj_genbin5_recobin1 acc 0.0784 eff 0.0034 outinratio 0.0549 

WminusH126_4e_mHj_genbin5_recobin1 acc 0.0223 eff 0.0 outinratio 0.0817 

WplusH126_4e_mHj_genbin5_recobin1 acc 0.0138 eff 0.0 outinratio 0.085 

ZH126_4e_mHj_genbin5_recobin1 acc 0.0164 eff 0.0 outinratio 0.1174 

ttH126_4e_mHj_genbin5_recobin1 acc 0.045 eff 0.0033 outinratio 0.272 

ggH126_4e_mHj_genbin6_recobin1 acc 0.0107 eff 0.002 outinratio 0.0805 

VBFH126_4e_mHj_genbin6_recobin1 acc 0.0837 eff 0.0032 outinratio 0.0549 

WminusH126_4e_mHj_genbin6_recobin1 acc 0.0067 eff -1.0 outinratio 0.0817 

WplusH126_4e_mHj_genbin6_recobin1 acc 0.011 eff 0.0 outinratio 0.085 

ZH126_4e_mHj_genbin6_recobin1 acc 0.0084 eff 0.0 outinratio 0.1174 

ttH126_4e_mHj_genbin6_recobin1 acc 0.0305 eff 0.0023 outinratio 0.272 

ggH126_4e_mHj_genbin0_recobin2 acc 0.2481 eff 0.0048 outinratio 0.0536 

VBFH126_4e_mHj_genbin0_recobin2 acc 0.0372 eff 0.0247 outinratio 0.0345 

WminusH126_4e_mHj_genbin0_recobin2 acc 0.0868 eff 0.008 outinratio 0.057 

WplusH126_4e_mHj_genbin0_recobin2 acc 0.0772 eff 0.0249 outinratio 0.0808 

ZH126_4e_mHj_genbin0_recobin2 acc 0.0731 eff 0.0123 outinratio 0.0861 

ttH126_4e_mHj_genbin0_recobin2 acc 0.0006 eff 0.1363 outinratio 0.2918 

ggH126_4e_mHj_genbin1_recobin2 acc 0.0373 eff 0.0221 outinratio 0.0536 

VBFH126_4e_mHj_genbin1_recobin2 acc 0.0224 eff 0.049 outinratio 0.0345 

WminusH126_4e_mHj_genbin1_recobin2 acc 0.0912 eff 0.0365 outinratio 0.057 

WplusH126_4e_mHj_genbin1_recobin2 acc 0.063 eff 0.0439 outinratio 0.0808 

ZH126_4e_mHj_genbin1_recobin2 acc 0.0742 eff 0.0387 outinratio 0.0861 

ttH126_4e_mHj_genbin1_recobin2 acc 0.0264 eff 0.0505 outinratio 0.2918 

ggH126_4e_mHj_genbin2_recobin2 acc 0.0362 eff 0.232 outinratio 0.0536 

VBFH126_4e_mHj_genbin2_recobin2 acc 0.0611 eff 0.2303 outinratio 0.0345 

WminusH126_4e_mHj_genbin2_recobin2 acc 0.0861 eff 0.3317 outinratio 0.057 

WplusH126_4e_mHj_genbin2_recobin2 acc 0.0704 eff 0.2812 outinratio 0.0808 

ZH126_4e_mHj_genbin2_recobin2 acc 0.0831 eff 0.2567 outinratio 0.0861 

ttH126_4e_mHj_genbin2_recobin2 acc 0.0751 eff 0.25 outinratio 0.2918 

ggH126_4e_mHj_genbin3_recobin2 acc 0.0261 eff 0.0425 outinratio 0.0536 

VBFH126_4e_mHj_genbin3_recobin2 acc 0.0754 eff 0.0313 outinratio 0.0345 

WminusH126_4e_mHj_genbin3_recobin2 acc 0.0438 eff 0.0725 outinratio 0.057 

WplusH126_4e_mHj_genbin3_recobin2 acc 0.0456 eff 0.0489 outinratio 0.0808 

ZH126_4e_mHj_genbin3_recobin2 acc 0.0499 eff 0.0755 outinratio 0.0861 

ttH126_4e_mHj_genbin3_recobin2 acc 0.0729 eff 0.0401 outinratio 0.2918 

ggH126_4e_mHj_genbin4_recobin2 acc 0.0191 eff 0.0037 outinratio 0.0536 

VBFH126_4e_mHj_genbin4_recobin2 acc 0.0773 eff 0.005 outinratio 0.0345 

WminusH126_4e_mHj_genbin4_recobin2 acc 0.0252 eff 0.0 outinratio 0.057 

WplusH126_4e_mHj_genbin4_recobin2 acc 0.0256 eff 0.0 outinratio 0.0808 

ZH126_4e_mHj_genbin4_recobin2 acc 0.0292 eff 0.0035 outinratio 0.0861 

ttH126_4e_mHj_genbin4_recobin2 acc 0.0587 eff 0.0116 outinratio 0.2918 

ggH126_4e_mHj_genbin5_recobin2 acc 0.015 eff 0.0097 outinratio 0.0536 

VBFH126_4e_mHj_genbin5_recobin2 acc 0.0784 eff 0.0045 outinratio 0.0345 

WminusH126_4e_mHj_genbin5_recobin2 acc 0.0223 eff 0.0 outinratio 0.057 

WplusH126_4e_mHj_genbin5_recobin2 acc 0.0138 eff 0.0092 outinratio 0.0808 

ZH126_4e_mHj_genbin5_recobin2 acc 0.0164 eff 0.0079 outinratio 0.0861 

ttH126_4e_mHj_genbin5_recobin2 acc 0.045 eff 0.0044 outinratio 0.2918 

ggH126_4e_mHj_genbin6_recobin2 acc 0.0107 eff 0.001 outinratio 0.0536 

VBFH126_4e_mHj_genbin6_recobin2 acc 0.0837 eff 0.0038 outinratio 0.0345 

WminusH126_4e_mHj_genbin6_recobin2 acc 0.0067 eff -1.0 outinratio 0.057 

WplusH126_4e_mHj_genbin6_recobin2 acc 0.011 eff 0.0 outinratio 0.0808 

ZH126_4e_mHj_genbin6_recobin2 acc 0.0084 eff 0.0197 outinratio 0.0861 

ttH126_4e_mHj_genbin6_recobin2 acc 0.0305 eff 0.0085 outinratio 0.2918 

ggH126_4e_mHj_genbin0_recobin3 acc 0.2481 eff 0.0041 outinratio 0.0458 

VBFH126_4e_mHj_genbin0_recobin3 acc 0.0372 eff 0.0169 outinratio 0.0372 

WminusH126_4e_mHj_genbin0_recobin3 acc 0.0868 eff 0.0393 outinratio 0.0135 

WplusH126_4e_mHj_genbin0_recobin3 acc 0.0772 eff 0.0101 outinratio 0.1031 

ZH126_4e_mHj_genbin0_recobin3 acc 0.0731 eff 0.0104 outinratio 0.0608 

ttH126_4e_mHj_genbin0_recobin3 acc 0.0006 eff 0.1185 outinratio 0.179 

ggH126_4e_mHj_genbin1_recobin3 acc 0.0373 eff 0.005 outinratio 0.0458 

VBFH126_4e_mHj_genbin1_recobin3 acc 0.0224 eff 0.0115 outinratio 0.0372 

WminusH126_4e_mHj_genbin1_recobin3 acc 0.0912 eff 0.0178 outinratio 0.0135 

WplusH126_4e_mHj_genbin1_recobin3 acc 0.063 eff 0.0025 outinratio 0.1031 

ZH126_4e_mHj_genbin1_recobin3 acc 0.0742 eff 0.0039 outinratio 0.0608 

ttH126_4e_mHj_genbin1_recobin3 acc 0.0264 eff 0.0066 outinratio 0.179 

ggH126_4e_mHj_genbin2_recobin3 acc 0.0362 eff 0.0245 outinratio 0.0458 

VBFH126_4e_mHj_genbin2_recobin3 acc 0.0611 eff 0.053 outinratio 0.0372 

WminusH126_4e_mHj_genbin2_recobin3 acc 0.0861 eff 0.0199 outinratio 0.0135 

WplusH126_4e_mHj_genbin2_recobin3 acc 0.0704 eff 0.0383 outinratio 0.1031 

ZH126_4e_mHj_genbin2_recobin3 acc 0.0831 eff 0.0239 outinratio 0.0608 

ttH126_4e_mHj_genbin2_recobin3 acc 0.0751 eff 0.0428 outinratio 0.179 

ggH126_4e_mHj_genbin3_recobin3 acc 0.0261 eff 0.2586 outinratio 0.0458 

VBFH126_4e_mHj_genbin3_recobin3 acc 0.0754 eff 0.2357 outinratio 0.0372 

WminusH126_4e_mHj_genbin3_recobin3 acc 0.0438 eff 0.2255 outinratio 0.0135 

WplusH126_4e_mHj_genbin3_recobin3 acc 0.0456 eff 0.2601 outinratio 0.1031 

ZH126_4e_mHj_genbin3_recobin3 acc 0.0499 eff 0.2693 outinratio 0.0608 

ttH126_4e_mHj_genbin3_recobin3 acc 0.0729 eff 0.2628 outinratio 0.179 

ggH126_4e_mHj_genbin4_recobin3 acc 0.0191 eff 0.0497 outinratio 0.0458 

VBFH126_4e_mHj_genbin4_recobin3 acc 0.0773 eff 0.0326 outinratio 0.0372 

WminusH126_4e_mHj_genbin4_recobin3 acc 0.0252 eff 0.0177 outinratio 0.0135 

WplusH126_4e_mHj_genbin4_recobin3 acc 0.0256 eff 0.0584 outinratio 0.1031 

ZH126_4e_mHj_genbin4_recobin3 acc 0.0292 eff 0.0394 outinratio 0.0608 

ttH126_4e_mHj_genbin4_recobin3 acc 0.0587 eff 0.0364 outinratio 0.179 

ggH126_4e_mHj_genbin5_recobin3 acc 0.015 eff 0.0011 outinratio 0.0458 

VBFH126_4e_mHj_genbin5_recobin3 acc 0.0784 eff 0.0061 outinratio 0.0372 

WminusH126_4e_mHj_genbin5_recobin3 acc 0.0223 eff 0.0 outinratio 0.0135 

WplusH126_4e_mHj_genbin5_recobin3 acc 0.0138 eff 0.0 outinratio 0.1031 

ZH126_4e_mHj_genbin5_recobin3 acc 0.0164 eff 0.0038 outinratio 0.0608 

ttH126_4e_mHj_genbin5_recobin3 acc 0.045 eff 0.0051 outinratio 0.179 

ggH126_4e_mHj_genbin6_recobin3 acc 0.0107 eff 0.0 outinratio 0.0458 

VBFH126_4e_mHj_genbin6_recobin3 acc 0.0837 eff 0.005 outinratio 0.0372 

WminusH126_4e_mHj_genbin6_recobin3 acc 0.0067 eff -1.0 outinratio 0.0135 

WplusH126_4e_mHj_genbin6_recobin3 acc 0.011 eff 0.0 outinratio 0.1031 

ZH126_4e_mHj_genbin6_recobin3 acc 0.0084 eff 0.0 outinratio 0.0608 

ttH126_4e_mHj_genbin6_recobin3 acc 0.0305 eff -0.0005 outinratio 0.179 

ggH126_4e_mHj_genbin0_recobin4 acc 0.2481 eff 0.0042 outinratio 0.0428 

VBFH126_4e_mHj_genbin0_recobin4 acc 0.0372 eff 0.0123 outinratio 0.0265 

WminusH126_4e_mHj_genbin0_recobin4 acc 0.0868 eff 0.0111 outinratio 0.1476 

WplusH126_4e_mHj_genbin0_recobin4 acc 0.0772 eff 0.0038 outinratio 0.0519 

ZH126_4e_mHj_genbin0_recobin4 acc 0.0731 eff 0.004 outinratio 0.0423 

ttH126_4e_mHj_genbin0_recobin4 acc 0.0006 eff 0.0 outinratio 0.147 

ggH126_4e_mHj_genbin1_recobin4 acc 0.0373 eff 0.0032 outinratio 0.0428 

VBFH126_4e_mHj_genbin1_recobin4 acc 0.0224 eff 0.0061 outinratio 0.0265 

WminusH126_4e_mHj_genbin1_recobin4 acc 0.0912 eff 0.0089 outinratio 0.1476 

WplusH126_4e_mHj_genbin1_recobin4 acc 0.063 eff 0.0057 outinratio 0.0519 

ZH126_4e_mHj_genbin1_recobin4 acc 0.0742 eff 0.003 outinratio 0.0423 

ttH126_4e_mHj_genbin1_recobin4 acc 0.0264 eff 0.0071 outinratio 0.147 

ggH126_4e_mHj_genbin2_recobin4 acc 0.0362 eff 0.0041 outinratio 0.0428 

VBFH126_4e_mHj_genbin2_recobin4 acc 0.0611 eff 0.0048 outinratio 0.0265 

WminusH126_4e_mHj_genbin2_recobin4 acc 0.0861 eff 0.0 outinratio 0.1476 

WplusH126_4e_mHj_genbin2_recobin4 acc 0.0704 eff 0.0003 outinratio 0.0519 

ZH126_4e_mHj_genbin2_recobin4 acc 0.0831 eff 0.0027 outinratio 0.0423 

ttH126_4e_mHj_genbin2_recobin4 acc 0.0751 eff 0.0076 outinratio 0.147 

ggH126_4e_mHj_genbin3_recobin4 acc 0.0261 eff 0.0203 outinratio 0.0428 

VBFH126_4e_mHj_genbin3_recobin4 acc 0.0754 eff 0.0498 outinratio 0.0265 

WminusH126_4e_mHj_genbin3_recobin4 acc 0.0438 eff 0.0202 outinratio 0.1476 

WplusH126_4e_mHj_genbin3_recobin4 acc 0.0456 eff 0.0235 outinratio 0.0519 

ZH126_4e_mHj_genbin3_recobin4 acc 0.0499 eff 0.0255 outinratio 0.0423 

ttH126_4e_mHj_genbin3_recobin4 acc 0.0729 eff 0.0278 outinratio 0.147 

ggH126_4e_mHj_genbin4_recobin4 acc 0.0191 eff 0.2353 outinratio 0.0428 

VBFH126_4e_mHj_genbin4_recobin4 acc 0.0773 eff 0.2491 outinratio 0.0265 

WminusH126_4e_mHj_genbin4_recobin4 acc 0.0252 eff 0.2205 outinratio 0.1476 

WplusH126_4e_mHj_genbin4_recobin4 acc 0.0256 eff 0.2883 outinratio 0.0519 

ZH126_4e_mHj_genbin4_recobin4 acc 0.0292 eff 0.3382 outinratio 0.0423 

ttH126_4e_mHj_genbin4_recobin4 acc 0.0587 eff 0.2895 outinratio 0.147 

ggH126_4e_mHj_genbin5_recobin4 acc 0.015 eff 0.0519 outinratio 0.0428 

VBFH126_4e_mHj_genbin5_recobin4 acc 0.0784 eff 0.0328 outinratio 0.0265 

WminusH126_4e_mHj_genbin5_recobin4 acc 0.0223 eff 0.0135 outinratio 0.1476 

WplusH126_4e_mHj_genbin5_recobin4 acc 0.0138 eff 0.0168 outinratio 0.0519 

ZH126_4e_mHj_genbin5_recobin4 acc 0.0164 eff 0.035 outinratio 0.0423 

ttH126_4e_mHj_genbin5_recobin4 acc 0.045 eff 0.0257 outinratio 0.147 

ggH126_4e_mHj_genbin6_recobin4 acc 0.0107 eff 0.0035 outinratio 0.0428 

VBFH126_4e_mHj_genbin6_recobin4 acc 0.0837 eff 0.0053 outinratio 0.0265 

WminusH126_4e_mHj_genbin6_recobin4 acc 0.0067 eff -1.0 outinratio 0.1476 

WplusH126_4e_mHj_genbin6_recobin4 acc 0.011 eff 0.0099 outinratio 0.0519 

ZH126_4e_mHj_genbin6_recobin4 acc 0.0084 eff 0.0 outinratio 0.0423 

ttH126_4e_mHj_genbin6_recobin4 acc 0.0305 eff 0.0038 outinratio 0.147 

ggH126_4e_mHj_genbin0_recobin5 acc 0.2481 eff 0.0047 outinratio 0.0247 

VBFH126_4e_mHj_genbin0_recobin5 acc 0.0372 eff 0.0095 outinratio 0.037 

WminusH126_4e_mHj_genbin0_recobin5 acc 0.0868 eff 0.0 outinratio 0.0786 

WplusH126_4e_mHj_genbin0_recobin5 acc 0.0772 eff 0.006 outinratio 0.0569 

ZH126_4e_mHj_genbin0_recobin5 acc 0.0731 eff 0.0113 outinratio 0.0644 

ttH126_4e_mHj_genbin0_recobin5 acc 0.0006 eff 0.0 outinratio 0.1102 

ggH126_4e_mHj_genbin1_recobin5 acc 0.0373 eff 0.0014 outinratio 0.0247 

VBFH126_4e_mHj_genbin1_recobin5 acc 0.0224 eff 0.0127 outinratio 0.037 

WminusH126_4e_mHj_genbin1_recobin5 acc 0.0912 eff 0.0 outinratio 0.0786 

WplusH126_4e_mHj_genbin1_recobin5 acc 0.063 eff 0.0 outinratio 0.0569 

ZH126_4e_mHj_genbin1_recobin5 acc 0.0742 eff 0.0033 outinratio 0.0644 

ttH126_4e_mHj_genbin1_recobin5 acc 0.0264 eff 0.0013 outinratio 0.1102 

ggH126_4e_mHj_genbin2_recobin5 acc 0.0362 eff 0.0034 outinratio 0.0247 

VBFH126_4e_mHj_genbin2_recobin5 acc 0.0611 eff 0.0052 outinratio 0.037 

WminusH126_4e_mHj_genbin2_recobin5 acc 0.0861 eff 0.0 outinratio 0.0786 

WplusH126_4e_mHj_genbin2_recobin5 acc 0.0704 eff 0.0045 outinratio 0.0569 

ZH126_4e_mHj_genbin2_recobin5 acc 0.0831 eff 0.0016 outinratio 0.0644 

ttH126_4e_mHj_genbin2_recobin5 acc 0.0751 eff 0.0034 outinratio 0.1102 

ggH126_4e_mHj_genbin3_recobin5 acc 0.0261 eff 0.0018 outinratio 0.0247 

VBFH126_4e_mHj_genbin3_recobin5 acc 0.0754 eff 0.0072 outinratio 0.037 

WminusH126_4e_mHj_genbin3_recobin5 acc 0.0438 eff 0.0 outinratio 0.0786 

WplusH126_4e_mHj_genbin3_recobin5 acc 0.0456 eff 0.0013 outinratio 0.0569 

ZH126_4e_mHj_genbin3_recobin5 acc 0.0499 eff 0.0 outinratio 0.0644 

ttH126_4e_mHj_genbin3_recobin5 acc 0.0729 eff 0.0064 outinratio 0.1102 

ggH126_4e_mHj_genbin4_recobin5 acc 0.0191 eff 0.034 outinratio 0.0247 

VBFH126_4e_mHj_genbin4_recobin5 acc 0.0773 eff 0.0548 outinratio 0.037 

WminusH126_4e_mHj_genbin4_recobin5 acc 0.0252 eff 0.0787 outinratio 0.0786 

WplusH126_4e_mHj_genbin4_recobin5 acc 0.0256 eff 0.018 outinratio 0.0569 

ZH126_4e_mHj_genbin4_recobin5 acc 0.0292 eff 0.0099 outinratio 0.0644 

ttH126_4e_mHj_genbin4_recobin5 acc 0.0587 eff 0.0251 outinratio 0.1102 

ggH126_4e_mHj_genbin5_recobin5 acc 0.015 eff 0.3018 outinratio 0.0247 

VBFH126_4e_mHj_genbin5_recobin5 acc 0.0784 eff 0.2748 outinratio 0.037 

WminusH126_4e_mHj_genbin5_recobin5 acc 0.0223 eff 0.279 outinratio 0.0786 

WplusH126_4e_mHj_genbin5_recobin5 acc 0.0138 eff 0.2925 outinratio 0.0569 

ZH126_4e_mHj_genbin5_recobin5 acc 0.0164 eff 0.3494 outinratio 0.0644 

ttH126_4e_mHj_genbin5_recobin5 acc 0.045 eff 0.2997 outinratio 0.1102 

ggH126_4e_mHj_genbin6_recobin5 acc 0.0107 eff 0.0273 outinratio 0.0247 

VBFH126_4e_mHj_genbin6_recobin5 acc 0.0837 eff 0.02 outinratio 0.037 

WminusH126_4e_mHj_genbin6_recobin5 acc 0.0067 eff -1.0 outinratio 0.0786 

WplusH126_4e_mHj_genbin6_recobin5 acc 0.011 eff 0.0105 outinratio 0.0569 

ZH126_4e_mHj_genbin6_recobin5 acc 0.0084 eff 0.0299 outinratio 0.0644 

ttH126_4e_mHj_genbin6_recobin5 acc 0.0305 eff 0.0284 outinratio 0.1102 

ggH126_4e_mHj_genbin0_recobin6 acc 0.2481 eff 0.0038 outinratio 0.0348 

VBFH126_4e_mHj_genbin0_recobin6 acc 0.0372 eff 0.0091 outinratio 0.0327 

WminusH126_4e_mHj_genbin0_recobin6 acc 0.0868 eff 0.0026 outinratio 0.0 

WplusH126_4e_mHj_genbin0_recobin6 acc 0.0772 eff 0.0052 outinratio 0.0318 

ZH126_4e_mHj_genbin0_recobin6 acc 0.0731 eff -0.0002 outinratio 0.0176 

ttH126_4e_mHj_genbin0_recobin6 acc 0.0006 eff 0.0 outinratio 0.2588 

ggH126_4e_mHj_genbin1_recobin6 acc 0.0373 eff 0.0045 outinratio 0.0348 

VBFH126_4e_mHj_genbin1_recobin6 acc 0.0224 eff 0.0051 outinratio 0.0327 

WminusH126_4e_mHj_genbin1_recobin6 acc 0.0912 eff 0.0193 outinratio 0.0 

WplusH126_4e_mHj_genbin1_recobin6 acc 0.063 eff 0.001 outinratio 0.0318 

ZH126_4e_mHj_genbin1_recobin6 acc 0.0742 eff 0.0025 outinratio 0.0176 

ttH126_4e_mHj_genbin1_recobin6 acc 0.0264 eff -0.0026 outinratio 0.2588 

ggH126_4e_mHj_genbin2_recobin6 acc 0.0362 eff 0.002 outinratio 0.0348 

VBFH126_4e_mHj_genbin2_recobin6 acc 0.0611 eff 0.0057 outinratio 0.0327 

WminusH126_4e_mHj_genbin2_recobin6 acc 0.0861 eff 0.0 outinratio 0.0 

WplusH126_4e_mHj_genbin2_recobin6 acc 0.0704 eff 0.0 outinratio 0.0318 

ZH126_4e_mHj_genbin2_recobin6 acc 0.0831 eff 0.0 outinratio 0.0176 

ttH126_4e_mHj_genbin2_recobin6 acc 0.0751 eff 0.0035 outinratio 0.2588 

ggH126_4e_mHj_genbin3_recobin6 acc 0.0261 eff 0.0038 outinratio 0.0348 

VBFH126_4e_mHj_genbin3_recobin6 acc 0.0754 eff 0.0045 outinratio 0.0327 

WminusH126_4e_mHj_genbin3_recobin6 acc 0.0438 eff 0.0 outinratio 0.0 

WplusH126_4e_mHj_genbin3_recobin6 acc 0.0456 eff 0.0 outinratio 0.0318 

ZH126_4e_mHj_genbin3_recobin6 acc 0.0499 eff 0.0016 outinratio 0.0176 

ttH126_4e_mHj_genbin3_recobin6 acc 0.0729 eff 0.0022 outinratio 0.2588 

ggH126_4e_mHj_genbin4_recobin6 acc 0.0191 eff 0.0016 outinratio 0.0348 

VBFH126_4e_mHj_genbin4_recobin6 acc 0.0773 eff 0.0046 outinratio 0.0327 

WminusH126_4e_mHj_genbin4_recobin6 acc 0.0252 eff 0.0 outinratio 0.0 

WplusH126_4e_mHj_genbin4_recobin6 acc 0.0256 eff 0.0 outinratio 0.0318 

ZH126_4e_mHj_genbin4_recobin6 acc 0.0292 eff 0.0 outinratio 0.0176 

ttH126_4e_mHj_genbin4_recobin6 acc 0.0587 eff 0.0015 outinratio 0.2588 

ggH126_4e_mHj_genbin5_recobin6 acc 0.015 eff 0.0298 outinratio 0.0348 

VBFH126_4e_mHj_genbin5_recobin6 acc 0.0784 eff 0.0347 outinratio 0.0327 

WminusH126_4e_mHj_genbin5_recobin6 acc 0.0223 eff 0.0209 outinratio 0.0 

WplusH126_4e_mHj_genbin5_recobin6 acc 0.0138 eff 0.0175 outinratio 0.0318 

ZH126_4e_mHj_genbin5_recobin6 acc 0.0164 eff 0.0197 outinratio 0.0176 

ttH126_4e_mHj_genbin5_recobin6 acc 0.045 eff 0.0118 outinratio 0.2588 

ggH126_4e_mHj_genbin6_recobin6 acc 0.0107 eff 0.3078 outinratio 0.0348 

VBFH126_4e_mHj_genbin6_recobin6 acc 0.0837 eff 0.3199 outinratio 0.0327 

WminusH126_4e_mHj_genbin6_recobin6 acc 0.0067 eff -1.0 outinratio 0.0 

WplusH126_4e_mHj_genbin6_recobin6 acc 0.011 eff 0.3344 outinratio 0.0318 

ZH126_4e_mHj_genbin6_recobin6 acc 0.0084 eff 0.3858 outinratio 0.0176 

ttH126_4e_mHj_genbin6_recobin6 acc 0.0305 eff 0.2848 outinratio 0.2588 

ggH126_4mu_mHj_genbin0_recobin0 acc 0.2736 eff 0.6979 outinratio 0.0433 

VBFH126_4mu_mHj_genbin0_recobin0 acc 0.0428 eff 0.5522 outinratio 0.0312 

WminusH126_4mu_mHj_genbin0_recobin0 acc 0.1057 eff 0.5822 outinratio 0.0165 

WplusH126_4mu_mHj_genbin0_recobin0 acc 0.0753 eff 0.5642 outinratio 0.0449 

ZH126_4mu_mHj_genbin0_recobin0 acc 0.0784 eff 0.603 outinratio 0.1052 

ttH126_4mu_mHj_genbin0_recobin0 acc 0.0004 eff -1.0 outinratio 0.6739 

ggH126_4mu_mHj_genbin1_recobin0 acc 0.041 eff 0.1303 outinratio 0.0433 

VBFH126_4mu_mHj_genbin1_recobin0 acc 0.0262 eff 0.0835 outinratio 0.0312 

WminusH126_4mu_mHj_genbin1_recobin0 acc 0.0949 eff 0.0523 outinratio 0.0165 

WplusH126_4mu_mHj_genbin1_recobin0 acc 0.0681 eff 0.0669 outinratio 0.0449 

ZH126_4mu_mHj_genbin1_recobin0 acc 0.0795 eff 0.0542 outinratio 0.1052 

ttH126_4mu_mHj_genbin1_recobin0 acc 0.0276 eff 0.0068 outinratio 0.6739 

ggH126_4mu_mHj_genbin2_recobin0 acc 0.0396 eff 0.061 outinratio 0.0433 

VBFH126_4mu_mHj_genbin2_recobin0 acc 0.0681 eff 0.0434 outinratio 0.0312 

WminusH126_4mu_mHj_genbin2_recobin0 acc 0.1018 eff 0.0298 outinratio 0.0165 

WplusH126_4mu_mHj_genbin2_recobin0 acc 0.0769 eff 0.0177 outinratio 0.0449 

ZH126_4mu_mHj_genbin2_recobin0 acc 0.0905 eff 0.021 outinratio 0.1052 

ttH126_4mu_mHj_genbin2_recobin0 acc 0.0816 eff 0.0 outinratio 0.6739 

ggH126_4mu_mHj_genbin3_recobin0 acc 0.029 eff 0.0626 outinratio 0.0433 

VBFH126_4mu_mHj_genbin3_recobin0 acc 0.0826 eff 0.0331 outinratio 0.0312 

WminusH126_4mu_mHj_genbin3_recobin0 acc 0.0505 eff 0.0124 outinratio 0.0165 

WplusH126_4mu_mHj_genbin3_recobin0 acc 0.0502 eff 0.0022 outinratio 0.0449 

ZH126_4mu_mHj_genbin3_recobin0 acc 0.0546 eff 0.0108 outinratio 0.1052 

ttH126_4mu_mHj_genbin3_recobin0 acc 0.0831 eff 0.0 outinratio 0.6739 

ggH126_4mu_mHj_genbin4_recobin0 acc 0.0209 eff 0.0513 outinratio 0.0433 

VBFH126_4mu_mHj_genbin4_recobin0 acc 0.0878 eff 0.029 outinratio 0.0312 

WminusH126_4mu_mHj_genbin4_recobin0 acc 0.0299 eff 0.0 outinratio 0.0165 

WplusH126_4mu_mHj_genbin4_recobin0 acc 0.028 eff 0.0117 outinratio 0.0449 

ZH126_4mu_mHj_genbin4_recobin0 acc 0.0289 eff 0.0 outinratio 0.1052 

ttH126_4mu_mHj_genbin4_recobin0 acc 0.0631 eff 0.0 outinratio 0.6739 

ggH126_4mu_mHj_genbin5_recobin0 acc 0.0165 eff 0.0439 outinratio 0.0433 

VBFH126_4mu_mHj_genbin5_recobin0 acc 0.0868 eff 0.0218 outinratio 0.0312 

WminusH126_4mu_mHj_genbin5_recobin0 acc 0.0153 eff 0.0 outinratio 0.0165 

WplusH126_4mu_mHj_genbin5_recobin0 acc 0.0195 eff 0.0 outinratio 0.0449 

ZH126_4mu_mHj_genbin5_recobin0 acc 0.0179 eff 0.0129 outinratio 0.1052 

ttH126_4mu_mHj_genbin5_recobin0 acc 0.0506 eff 0.0 outinratio 0.6739 

ggH126_4mu_mHj_genbin6_recobin0 acc 0.0117 eff 0.046 outinratio 0.0433 

VBFH126_4mu_mHj_genbin6_recobin0 acc 0.0891 eff 0.018 outinratio 0.0312 

WminusH126_4mu_mHj_genbin6_recobin0 acc 0.0054 eff -1.0 outinratio 0.0165 

WplusH126_4mu_mHj_genbin6_recobin0 acc 0.0139 eff 0.0 outinratio 0.0449 

ZH126_4mu_mHj_genbin6_recobin0 acc 0.01 eff 0.0403 outinratio 0.1052 

ttH126_4mu_mHj_genbin6_recobin0 acc 0.0356 eff 0.0 outinratio 0.6739 

ggH126_4mu_mHj_genbin0_recobin1 acc 0.2736 eff 0.0541 outinratio 0.0697 

VBFH126_4mu_mHj_genbin0_recobin1 acc 0.0428 eff 0.0739 outinratio 0.053 

WminusH126_4mu_mHj_genbin0_recobin1 acc 0.1057 eff 0.0666 outinratio 0.0895 

WplusH126_4mu_mHj_genbin0_recobin1 acc 0.0753 eff 0.1027 outinratio 0.0728 

ZH126_4mu_mHj_genbin0_recobin1 acc 0.0784 eff 0.0922 outinratio 0.1013 

ttH126_4mu_mHj_genbin0_recobin1 acc 0.0004 eff -1.0 outinratio 0.196 

ggH126_4mu_mHj_genbin1_recobin1 acc 0.041 eff 0.5681 outinratio 0.0697 

VBFH126_4mu_mHj_genbin1_recobin1 acc 0.0262 eff 0.5027 outinratio 0.053 

WminusH126_4mu_mHj_genbin1_recobin1 acc 0.0949 eff 0.5339 outinratio 0.0895 

WplusH126_4mu_mHj_genbin1_recobin1 acc 0.0681 eff 0.6143 outinratio 0.0728 

ZH126_4mu_mHj_genbin1_recobin1 acc 0.0795 eff 0.6223 outinratio 0.1013 

ttH126_4mu_mHj_genbin1_recobin1 acc 0.0276 eff 0.5024 outinratio 0.196 

ggH126_4mu_mHj_genbin2_recobin1 acc 0.0396 eff 0.0803 outinratio 0.0697 

VBFH126_4mu_mHj_genbin2_recobin1 acc 0.0681 eff 0.0449 outinratio 0.053 

WminusH126_4mu_mHj_genbin2_recobin1 acc 0.1018 eff 0.0968 outinratio 0.0895 

WplusH126_4mu_mHj_genbin2_recobin1 acc 0.0769 eff 0.0855 outinratio 0.0728 

ZH126_4mu_mHj_genbin2_recobin1 acc 0.0905 eff 0.0922 outinratio 0.1013 

ttH126_4mu_mHj_genbin2_recobin1 acc 0.0816 eff 0.0815 outinratio 0.196 

ggH126_4mu_mHj_genbin3_recobin1 acc 0.029 eff 0.012 outinratio 0.0697 

VBFH126_4mu_mHj_genbin3_recobin1 acc 0.0826 eff 0.0085 outinratio 0.053 

WminusH126_4mu_mHj_genbin3_recobin1 acc 0.0505 eff -0.0039 outinratio 0.0895 

WplusH126_4mu_mHj_genbin3_recobin1 acc 0.0502 eff 0.008 outinratio 0.0728 

ZH126_4mu_mHj_genbin3_recobin1 acc 0.0546 eff 0.0147 outinratio 0.1013 

ttH126_4mu_mHj_genbin3_recobin1 acc 0.0831 eff 0.0185 outinratio 0.196 

ggH126_4mu_mHj_genbin4_recobin1 acc 0.0209 eff 0.0118 outinratio 0.0697 

VBFH126_4mu_mHj_genbin4_recobin1 acc 0.0878 eff 0.0081 outinratio 0.053 

WminusH126_4mu_mHj_genbin4_recobin1 acc 0.0299 eff 0.0 outinratio 0.0895 

WplusH126_4mu_mHj_genbin4_recobin1 acc 0.028 eff 0.0256 outinratio 0.0728 

ZH126_4mu_mHj_genbin4_recobin1 acc 0.0289 eff 0.0089 outinratio 0.1013 

ttH126_4mu_mHj_genbin4_recobin1 acc 0.0631 eff 0.01 outinratio 0.196 

ggH126_4mu_mHj_genbin5_recobin1 acc 0.0165 eff 0.0124 outinratio 0.0697 

VBFH126_4mu_mHj_genbin5_recobin1 acc 0.0868 eff 0.0074 outinratio 0.053 

WminusH126_4mu_mHj_genbin5_recobin1 acc 0.0153 eff 0.0 outinratio 0.0895 

WplusH126_4mu_mHj_genbin5_recobin1 acc 0.0195 eff 0.0 outinratio 0.0728 

ZH126_4mu_mHj_genbin5_recobin1 acc 0.0179 eff 0.0014 outinratio 0.1013 

ttH126_4mu_mHj_genbin5_recobin1 acc 0.0506 eff 0.0049 outinratio 0.196 

ggH126_4mu_mHj_genbin6_recobin1 acc 0.0117 eff 0.0214 outinratio 0.0697 

VBFH126_4mu_mHj_genbin6_recobin1 acc 0.0891 eff 0.0052 outinratio 0.053 

WminusH126_4mu_mHj_genbin6_recobin1 acc 0.0054 eff -1.0 outinratio 0.0895 

WplusH126_4mu_mHj_genbin6_recobin1 acc 0.0139 eff 0.0 outinratio 0.0728 

ZH126_4mu_mHj_genbin6_recobin1 acc 0.01 eff 0.0032 outinratio 0.1013 

ttH126_4mu_mHj_genbin6_recobin1 acc 0.0356 eff 0.0014 outinratio 0.196 

ggH126_4mu_mHj_genbin0_recobin2 acc 0.2736 eff 0.0163 outinratio 0.0571 

VBFH126_4mu_mHj_genbin0_recobin2 acc 0.0428 eff 0.0541 outinratio 0.0381 

WminusH126_4mu_mHj_genbin0_recobin2 acc 0.1057 eff 0.0493 outinratio 0.0816 

WplusH126_4mu_mHj_genbin0_recobin2 acc 0.0753 eff 0.0376 outinratio 0.0728 

ZH126_4mu_mHj_genbin0_recobin2 acc 0.0784 eff 0.0449 outinratio 0.0908 

ttH126_4mu_mHj_genbin0_recobin2 acc 0.0004 eff -1.0 outinratio 0.1636 

ggH126_4mu_mHj_genbin1_recobin2 acc 0.041 eff 0.0697 outinratio 0.0571 

VBFH126_4mu_mHj_genbin1_recobin2 acc 0.0262 eff 0.1339 outinratio 0.0381 

WminusH126_4mu_mHj_genbin1_recobin2 acc 0.0949 eff 0.1329 outinratio 0.0816 

WplusH126_4mu_mHj_genbin1_recobin2 acc 0.0681 eff 0.08 outinratio 0.0728 

ZH126_4mu_mHj_genbin1_recobin2 acc 0.0795 eff 0.1214 outinratio 0.0908 

ttH126_4mu_mHj_genbin1_recobin2 acc 0.0276 eff 0.1687 outinratio 0.1636 

ggH126_4mu_mHj_genbin2_recobin2 acc 0.0396 eff 0.5752 outinratio 0.0571 

VBFH126_4mu_mHj_genbin2_recobin2 acc 0.0681 eff 0.5498 outinratio 0.0381 

WminusH126_4mu_mHj_genbin2_recobin2 acc 0.1018 eff 0.5946 outinratio 0.0816 

WplusH126_4mu_mHj_genbin2_recobin2 acc 0.0769 eff 0.6366 outinratio 0.0728 

ZH126_4mu_mHj_genbin2_recobin2 acc 0.0905 eff 0.6051 outinratio 0.0908 

ttH126_4mu_mHj_genbin2_recobin2 acc 0.0816 eff 0.586 outinratio 0.1636 

ggH126_4mu_mHj_genbin3_recobin2 acc 0.029 eff 0.0991 outinratio 0.0571 

VBFH126_4mu_mHj_genbin3_recobin2 acc 0.0826 eff 0.0764 outinratio 0.0381 

WminusH126_4mu_mHj_genbin3_recobin2 acc 0.0505 eff 0.0799 outinratio 0.0816 

WplusH126_4mu_mHj_genbin3_recobin2 acc 0.0502 eff 0.0646 outinratio 0.0728 

ZH126_4mu_mHj_genbin3_recobin2 acc 0.0546 eff 0.1197 outinratio 0.0908 

ttH126_4mu_mHj_genbin3_recobin2 acc 0.0831 eff 0.105 outinratio 0.1636 

ggH126_4mu_mHj_genbin4_recobin2 acc 0.0209 eff 0.0118 outinratio 0.0571 

VBFH126_4mu_mHj_genbin4_recobin2 acc 0.0878 eff 0.0119 outinratio 0.0381 

WminusH126_4mu_mHj_genbin4_recobin2 acc 0.0299 eff 0.0 outinratio 0.0816 

WplusH126_4mu_mHj_genbin4_recobin2 acc 0.028 eff 0.0109 outinratio 0.0728 

ZH126_4mu_mHj_genbin4_recobin2 acc 0.0289 eff 0.0132 outinratio 0.0908 

ttH126_4mu_mHj_genbin4_recobin2 acc 0.0631 eff 0.024 outinratio 0.1636 

ggH126_4mu_mHj_genbin5_recobin2 acc 0.0165 eff 0.0111 outinratio 0.0571 

VBFH126_4mu_mHj_genbin5_recobin2 acc 0.0868 eff 0.0108 outinratio 0.0381 

WminusH126_4mu_mHj_genbin5_recobin2 acc 0.0153 eff 0.0 outinratio 0.0816 

WplusH126_4mu_mHj_genbin5_recobin2 acc 0.0195 eff 0.0088 outinratio 0.0728 

ZH126_4mu_mHj_genbin5_recobin2 acc 0.0179 eff 0.0 outinratio 0.0908 

ttH126_4mu_mHj_genbin5_recobin2 acc 0.0506 eff 0.0232 outinratio 0.1636 

ggH126_4mu_mHj_genbin6_recobin2 acc 0.0117 eff 0.0141 outinratio 0.0571 

VBFH126_4mu_mHj_genbin6_recobin2 acc 0.0891 eff 0.0124 outinratio 0.0381 

WminusH126_4mu_mHj_genbin6_recobin2 acc 0.0054 eff -1.0 outinratio 0.0816 

WplusH126_4mu_mHj_genbin6_recobin2 acc 0.0139 eff 0.0059 outinratio 0.0728 

ZH126_4mu_mHj_genbin6_recobin2 acc 0.01 eff 0.0 outinratio 0.0908 

ttH126_4mu_mHj_genbin6_recobin2 acc 0.0356 eff 0.0064 outinratio 0.1636 

ggH126_4mu_mHj_genbin0_recobin3 acc 0.2736 eff 0.0131 outinratio 0.0535 

VBFH126_4mu_mHj_genbin0_recobin3 acc 0.0428 eff 0.0446 outinratio 0.0338 

WminusH126_4mu_mHj_genbin0_recobin3 acc 0.1057 eff 0.0329 outinratio 0.0719 

WplusH126_4mu_mHj_genbin0_recobin3 acc 0.0753 eff 0.0346 outinratio 0.0501 

ZH126_4mu_mHj_genbin0_recobin3 acc 0.0784 eff 0.0217 outinratio 0.0511 

ttH126_4mu_mHj_genbin0_recobin3 acc 0.0004 eff -1.0 outinratio 0.1587 

ggH126_4mu_mHj_genbin1_recobin3 acc 0.041 eff 0.0074 outinratio 0.0535 

VBFH126_4mu_mHj_genbin1_recobin3 acc 0.0262 eff 0.0227 outinratio 0.0338 

WminusH126_4mu_mHj_genbin1_recobin3 acc 0.0949 eff 0.002 outinratio 0.0719 

WplusH126_4mu_mHj_genbin1_recobin3 acc 0.0681 eff 0.0089 outinratio 0.0501 

ZH126_4mu_mHj_genbin1_recobin3 acc 0.0795 eff 0.0082 outinratio 0.0511 

ttH126_4mu_mHj_genbin1_recobin3 acc 0.0276 eff 0.039 outinratio 0.1587 

ggH126_4mu_mHj_genbin2_recobin3 acc 0.0396 eff 0.0907 outinratio 0.0535 

VBFH126_4mu_mHj_genbin2_recobin3 acc 0.0681 eff 0.124 outinratio 0.0338 

WminusH126_4mu_mHj_genbin2_recobin3 acc 0.1018 eff 0.0612 outinratio 0.0719 

WplusH126_4mu_mHj_genbin2_recobin3 acc 0.0769 eff 0.0793 outinratio 0.0501 

ZH126_4mu_mHj_genbin2_recobin3 acc 0.0905 eff 0.0791 outinratio 0.0511 

ttH126_4mu_mHj_genbin2_recobin3 acc 0.0816 eff 0.0793 outinratio 0.1587 

ggH126_4mu_mHj_genbin3_recobin3 acc 0.029 eff 0.5455 outinratio 0.0535 

VBFH126_4mu_mHj_genbin3_recobin3 acc 0.0826 eff 0.5372 outinratio 0.0338 

WminusH126_4mu_mHj_genbin3_recobin3 acc 0.0505 eff 0.603 outinratio 0.0719 

WplusH126_4mu_mHj_genbin3_recobin3 acc 0.0502 eff 0.6308 outinratio 0.0501 

ZH126_4mu_mHj_genbin3_recobin3 acc 0.0546 eff 0.5914 outinratio 0.0511 

ttH126_4mu_mHj_genbin3_recobin3 acc 0.0831 eff 0.5855 outinratio 0.1587 

ggH126_4mu_mHj_genbin4_recobin3 acc 0.0209 eff 0.1027 outinratio 0.0535 

VBFH126_4mu_mHj_genbin4_recobin3 acc 0.0878 eff 0.0756 outinratio 0.0338 

WminusH126_4mu_mHj_genbin4_recobin3 acc 0.0299 eff 0.0407 outinratio 0.0719 

WplusH126_4mu_mHj_genbin4_recobin3 acc 0.028 eff 0.0739 outinratio 0.0501 

ZH126_4mu_mHj_genbin4_recobin3 acc 0.0289 eff 0.1133 outinratio 0.0511 

ttH126_4mu_mHj_genbin4_recobin3 acc 0.0631 eff 0.0924 outinratio 0.1587 

ggH126_4mu_mHj_genbin5_recobin3 acc 0.0165 eff 0.0069 outinratio 0.0535 

VBFH126_4mu_mHj_genbin5_recobin3 acc 0.0868 eff 0.0138 outinratio 0.0338 

WminusH126_4mu_mHj_genbin5_recobin3 acc 0.0153 eff 0.0 outinratio 0.0719 

WplusH126_4mu_mHj_genbin5_recobin3 acc 0.0195 eff 0.0183 outinratio 0.0501 

ZH126_4mu_mHj_genbin5_recobin3 acc 0.0179 eff 0.0131 outinratio 0.0511 

ttH126_4mu_mHj_genbin5_recobin3 acc 0.0506 eff 0.0098 outinratio 0.1587 

ggH126_4mu_mHj_genbin6_recobin3 acc 0.0117 eff 0.0022 outinratio 0.0535 

VBFH126_4mu_mHj_genbin6_recobin3 acc 0.0891 eff 0.0126 outinratio 0.0338 

WminusH126_4mu_mHj_genbin6_recobin3 acc 0.0054 eff -1.0 outinratio 0.0719 

WplusH126_4mu_mHj_genbin6_recobin3 acc 0.0139 eff 0.0 outinratio 0.0501 

ZH126_4mu_mHj_genbin6_recobin3 acc 0.01 eff 0.0 outinratio 0.0511 

ttH126_4mu_mHj_genbin6_recobin3 acc 0.0356 eff 0.0175 outinratio 0.1587 

ggH126_4mu_mHj_genbin0_recobin4 acc 0.2736 eff 0.0096 outinratio 0.0416 

VBFH126_4mu_mHj_genbin0_recobin4 acc 0.0428 eff 0.0308 outinratio 0.0279 

WminusH126_4mu_mHj_genbin0_recobin4 acc 0.1057 eff 0.0197 outinratio 0.0643 

WplusH126_4mu_mHj_genbin0_recobin4 acc 0.0753 eff 0.016 outinratio 0.0627 

ZH126_4mu_mHj_genbin0_recobin4 acc 0.0784 eff 0.0196 outinratio 0.0833 

ttH126_4mu_mHj_genbin0_recobin4 acc 0.0004 eff -1.0 outinratio 0.1129 

ggH126_4mu_mHj_genbin1_recobin4 acc 0.041 eff 0.0093 outinratio 0.0416 

VBFH126_4mu_mHj_genbin1_recobin4 acc 0.0262 eff 0.0162 outinratio 0.0279 

WminusH126_4mu_mHj_genbin1_recobin4 acc 0.0949 eff 0.0 outinratio 0.0643 

WplusH126_4mu_mHj_genbin1_recobin4 acc 0.0681 eff 0.0092 outinratio 0.0627 

ZH126_4mu_mHj_genbin1_recobin4 acc 0.0795 eff 0.0035 outinratio 0.0833 

ttH126_4mu_mHj_genbin1_recobin4 acc 0.0276 eff 0.0313 outinratio 0.1129 

ggH126_4mu_mHj_genbin2_recobin4 acc 0.0396 eff 0.0058 outinratio 0.0416 

VBFH126_4mu_mHj_genbin2_recobin4 acc 0.0681 eff 0.0167 outinratio 0.0279 

WminusH126_4mu_mHj_genbin2_recobin4 acc 0.1018 eff 0.0 outinratio 0.0643 

WplusH126_4mu_mHj_genbin2_recobin4 acc 0.0769 eff 0.0029 outinratio 0.0627 

ZH126_4mu_mHj_genbin2_recobin4 acc 0.0905 eff 0.0102 outinratio 0.0833 

ttH126_4mu_mHj_genbin2_recobin4 acc 0.0816 eff 0.0195 outinratio 0.1129 

ggH126_4mu_mHj_genbin3_recobin4 acc 0.029 eff 0.0757 outinratio 0.0416 

VBFH126_4mu_mHj_genbin3_recobin4 acc 0.0826 eff 0.1184 outinratio 0.0279 

WminusH126_4mu_mHj_genbin3_recobin4 acc 0.0505 eff 0.101 outinratio 0.0643 

WplusH126_4mu_mHj_genbin3_recobin4 acc 0.0502 eff 0.0662 outinratio 0.0627 

ZH126_4mu_mHj_genbin3_recobin4 acc 0.0546 eff 0.0699 outinratio 0.0833 

ttH126_4mu_mHj_genbin3_recobin4 acc 0.0831 eff 0.0679 outinratio 0.1129 

ggH126_4mu_mHj_genbin4_recobin4 acc 0.0209 eff 0.5654 outinratio 0.0416 

VBFH126_4mu_mHj_genbin4_recobin4 acc 0.0878 eff 0.5661 outinratio 0.0279 

WminusH126_4mu_mHj_genbin4_recobin4 acc 0.0299 eff 0.5934 outinratio 0.0643 

WplusH126_4mu_mHj_genbin4_recobin4 acc 0.028 eff 0.6049 outinratio 0.0627 

ZH126_4mu_mHj_genbin4_recobin4 acc 0.0289 eff 0.65 outinratio 0.0833 

ttH126_4mu_mHj_genbin4_recobin4 acc 0.0631 eff 0.5902 outinratio 0.1129 

ggH126_4mu_mHj_genbin5_recobin4 acc 0.0165 eff 0.0827 outinratio 0.0416 

VBFH126_4mu_mHj_genbin5_recobin4 acc 0.0868 eff 0.0685 outinratio 0.0279 

WminusH126_4mu_mHj_genbin5_recobin4 acc 0.0153 eff 0.1415 outinratio 0.0643 

WplusH126_4mu_mHj_genbin5_recobin4 acc 0.0195 eff 0.0747 outinratio 0.0627 

ZH126_4mu_mHj_genbin5_recobin4 acc 0.0179 eff 0.0419 outinratio 0.0833 

ttH126_4mu_mHj_genbin5_recobin4 acc 0.0506 eff 0.078 outinratio 0.1129 

ggH126_4mu_mHj_genbin6_recobin4 acc 0.0117 eff 0.0113 outinratio 0.0416 

VBFH126_4mu_mHj_genbin6_recobin4 acc 0.0891 eff 0.013 outinratio 0.0279 

WminusH126_4mu_mHj_genbin6_recobin4 acc 0.0054 eff -1.0 outinratio 0.0643 

WplusH126_4mu_mHj_genbin6_recobin4 acc 0.0139 eff 0.0025 outinratio 0.0627 

ZH126_4mu_mHj_genbin6_recobin4 acc 0.01 eff 0.0 outinratio 0.0833 

ttH126_4mu_mHj_genbin6_recobin4 acc 0.0356 eff 0.0099 outinratio 0.1129 

ggH126_4mu_mHj_genbin0_recobin5 acc 0.2736 eff 0.0095 outinratio 0.0488 

VBFH126_4mu_mHj_genbin0_recobin5 acc 0.0428 eff 0.0332 outinratio 0.0313 

WminusH126_4mu_mHj_genbin0_recobin5 acc 0.1057 eff 0.0109 outinratio 0.0342 

WplusH126_4mu_mHj_genbin0_recobin5 acc 0.0753 eff 0.0142 outinratio 0.0555 

ZH126_4mu_mHj_genbin0_recobin5 acc 0.0784 eff 0.0002 outinratio 0.0527 

ttH126_4mu_mHj_genbin0_recobin5 acc 0.0004 eff -1.0 outinratio 0.1111 

ggH126_4mu_mHj_genbin1_recobin5 acc 0.041 eff 0.009 outinratio 0.0488 

VBFH126_4mu_mHj_genbin1_recobin5 acc 0.0262 eff 0.0192 outinratio 0.0313 

WminusH126_4mu_mHj_genbin1_recobin5 acc 0.0949 eff 0.0 outinratio 0.0342 

WplusH126_4mu_mHj_genbin1_recobin5 acc 0.0681 eff 0.0009 outinratio 0.0555 

ZH126_4mu_mHj_genbin1_recobin5 acc 0.0795 eff 0.0044 outinratio 0.0527 

ttH126_4mu_mHj_genbin1_recobin5 acc 0.0276 eff 0.013 outinratio 0.1111 

ggH126_4mu_mHj_genbin2_recobin5 acc 0.0396 eff 0.0046 outinratio 0.0488 

VBFH126_4mu_mHj_genbin2_recobin5 acc 0.0681 eff 0.0151 outinratio 0.0313 

WminusH126_4mu_mHj_genbin2_recobin5 acc 0.1018 eff 0.0029 outinratio 0.0342 

WplusH126_4mu_mHj_genbin2_recobin5 acc 0.0769 eff 0.0019 outinratio 0.0555 

ZH126_4mu_mHj_genbin2_recobin5 acc 0.0905 eff 0.0063 outinratio 0.0527 

ttH126_4mu_mHj_genbin2_recobin5 acc 0.0816 eff 0.0059 outinratio 0.1111 

ggH126_4mu_mHj_genbin3_recobin5 acc 0.029 eff 0.0095 outinratio 0.0488 

VBFH126_4mu_mHj_genbin3_recobin5 acc 0.0826 eff 0.0134 outinratio 0.0313 

WminusH126_4mu_mHj_genbin3_recobin5 acc 0.0505 eff 0.0 outinratio 0.0342 

WplusH126_4mu_mHj_genbin3_recobin5 acc 0.0502 eff 0.0 outinratio 0.0555 

ZH126_4mu_mHj_genbin3_recobin5 acc 0.0546 eff 0.0 outinratio 0.0527 

ttH126_4mu_mHj_genbin3_recobin5 acc 0.0831 eff 0.0078 outinratio 0.1111 

ggH126_4mu_mHj_genbin4_recobin5 acc 0.0209 eff 0.0628 outinratio 0.0488 

VBFH126_4mu_mHj_genbin4_recobin5 acc 0.0878 eff 0.1104 outinratio 0.0313 

WminusH126_4mu_mHj_genbin4_recobin5 acc 0.0299 eff 0.0387 outinratio 0.0342 

WplusH126_4mu_mHj_genbin4_recobin5 acc 0.028 eff 0.0903 outinratio 0.0555 

ZH126_4mu_mHj_genbin4_recobin5 acc 0.0289 eff 0.0753 outinratio 0.0527 

ttH126_4mu_mHj_genbin4_recobin5 acc 0.0631 eff 0.0587 outinratio 0.1111 

ggH126_4mu_mHj_genbin5_recobin5 acc 0.0165 eff 0.6128 outinratio 0.0488 

VBFH126_4mu_mHj_genbin5_recobin5 acc 0.0868 eff 0.6211 outinratio 0.0313 

WminusH126_4mu_mHj_genbin5_recobin5 acc 0.0153 eff 0.8147 outinratio 0.0342 

WplusH126_4mu_mHj_genbin5_recobin5 acc 0.0195 eff 0.6053 outinratio 0.0555 

ZH126_4mu_mHj_genbin5_recobin5 acc 0.0179 eff 0.7096 outinratio 0.0527 

ttH126_4mu_mHj_genbin5_recobin5 acc 0.0506 eff 0.6372 outinratio 0.1111 

ggH126_4mu_mHj_genbin6_recobin5 acc 0.0117 eff 0.0728 outinratio 0.0488 

VBFH126_4mu_mHj_genbin6_recobin5 acc 0.0891 eff 0.0444 outinratio 0.0313 

WminusH126_4mu_mHj_genbin6_recobin5 acc 0.0054 eff -1.0 outinratio 0.0342 

WplusH126_4mu_mHj_genbin6_recobin5 acc 0.0139 eff 0.0488 outinratio 0.0555 

ZH126_4mu_mHj_genbin6_recobin5 acc 0.01 eff 0.0272 outinratio 0.0527 

ttH126_4mu_mHj_genbin6_recobin5 acc 0.0356 eff 0.0645 outinratio 0.1111 

ggH126_4mu_mHj_genbin0_recobin6 acc 0.2736 eff 0.0092 outinratio 0.041 

VBFH126_4mu_mHj_genbin0_recobin6 acc 0.0428 eff 0.0262 outinratio 0.0314 

WminusH126_4mu_mHj_genbin0_recobin6 acc 0.1057 eff 0.0126 outinratio 0.0652 

WplusH126_4mu_mHj_genbin0_recobin6 acc 0.0753 eff 0.0127 outinratio 0.0632 

ZH126_4mu_mHj_genbin0_recobin6 acc 0.0784 eff 0.0099 outinratio 0.1004 

ttH126_4mu_mHj_genbin0_recobin6 acc 0.0004 eff -1.0 outinratio 0.1154 

ggH126_4mu_mHj_genbin1_recobin6 acc 0.041 eff 0.0064 outinratio 0.041 

VBFH126_4mu_mHj_genbin1_recobin6 acc 0.0262 eff 0.0176 outinratio 0.0314 

WminusH126_4mu_mHj_genbin1_recobin6 acc 0.0949 eff 0.0 outinratio 0.0652 

WplusH126_4mu_mHj_genbin1_recobin6 acc 0.0681 eff 0.0065 outinratio 0.0632 

ZH126_4mu_mHj_genbin1_recobin6 acc 0.0795 eff 0.0029 outinratio 0.1004 

ttH126_4mu_mHj_genbin1_recobin6 acc 0.0276 eff 0.0023 outinratio 0.1154 

ggH126_4mu_mHj_genbin2_recobin6 acc 0.0396 eff 0.0033 outinratio 0.041 

VBFH126_4mu_mHj_genbin2_recobin6 acc 0.0681 eff 0.016 outinratio 0.0314 

WminusH126_4mu_mHj_genbin2_recobin6 acc 0.1018 eff 0.0 outinratio 0.0652 

WplusH126_4mu_mHj_genbin2_recobin6 acc 0.0769 eff 0.0 outinratio 0.0632 

ZH126_4mu_mHj_genbin2_recobin6 acc 0.0905 eff 0.0014 outinratio 0.1004 

ttH126_4mu_mHj_genbin2_recobin6 acc 0.0816 eff 0.0089 outinratio 0.1154 

ggH126_4mu_mHj_genbin3_recobin6 acc 0.029 eff 0.0045 outinratio 0.041 

VBFH126_4mu_mHj_genbin3_recobin6 acc 0.0826 eff 0.0114 outinratio 0.0314 

WminusH126_4mu_mHj_genbin3_recobin6 acc 0.0505 eff 0.0 outinratio 0.0652 

WplusH126_4mu_mHj_genbin3_recobin6 acc 0.0502 eff 0.0013 outinratio 0.0632 

ZH126_4mu_mHj_genbin3_recobin6 acc 0.0546 eff 0.0011 outinratio 0.1004 

ttH126_4mu_mHj_genbin3_recobin6 acc 0.0831 eff 0.0086 outinratio 0.1154 

ggH126_4mu_mHj_genbin4_recobin6 acc 0.0209 eff 0.0084 outinratio 0.041 

VBFH126_4mu_mHj_genbin4_recobin6 acc 0.0878 eff 0.0124 outinratio 0.0314 

WminusH126_4mu_mHj_genbin4_recobin6 acc 0.0299 eff 0.0 outinratio 0.0652 

WplusH126_4mu_mHj_genbin4_recobin6 acc 0.028 eff 0.0029 outinratio 0.0632 

ZH126_4mu_mHj_genbin4_recobin6 acc 0.0289 eff 0.0031 outinratio 0.1004 

ttH126_4mu_mHj_genbin4_recobin6 acc 0.0631 eff 0.0083 outinratio 0.1154 

ggH126_4mu_mHj_genbin5_recobin6 acc 0.0165 eff 0.0412 outinratio 0.041 

VBFH126_4mu_mHj_genbin5_recobin6 acc 0.0868 eff 0.0831 outinratio 0.0314 

WminusH126_4mu_mHj_genbin5_recobin6 acc 0.0153 eff 0.1189 outinratio 0.0652 

WplusH126_4mu_mHj_genbin5_recobin6 acc 0.0195 eff 0.0572 outinratio 0.0632 

ZH126_4mu_mHj_genbin5_recobin6 acc 0.0179 eff 0.0193 outinratio 0.1004 

ttH126_4mu_mHj_genbin5_recobin6 acc 0.0506 eff 0.0546 outinratio 0.1154 

ggH126_4mu_mHj_genbin6_recobin6 acc 0.0117 eff 0.7047 outinratio 0.041 

VBFH126_4mu_mHj_genbin6_recobin6 acc 0.0891 eff 0.7397 outinratio 0.0314 

WminusH126_4mu_mHj_genbin6_recobin6 acc 0.0054 eff -1.0 outinratio 0.0652 

WplusH126_4mu_mHj_genbin6_recobin6 acc 0.0139 eff 0.7807 outinratio 0.0632 

ZH126_4mu_mHj_genbin6_recobin6 acc 0.01 eff 0.7354 outinratio 0.1004 

ttH126_4mu_mHj_genbin6_recobin6 acc 0.0356 eff 0.6907 outinratio 0.1154 

ggH126_2e2mu_mHj_genbin0_recobin0 acc 0.2524 eff 0.4436 outinratio 0.0506 

VBFH126_2e2mu_mHj_genbin0_recobin0 acc 0.0385 eff 0.373 outinratio 0.0313 

WminusH126_2e2mu_mHj_genbin0_recobin0 acc 0.0894 eff 0.336 outinratio 0.0139 

WplusH126_2e2mu_mHj_genbin0_recobin0 acc 0.0708 eff 0.3359 outinratio 0.0983 

ZH126_2e2mu_mHj_genbin0_recobin0 acc 0.0716 eff 0.4161 outinratio 0.0823 

ttH126_2e2mu_mHj_genbin0_recobin0 acc 0.0008 eff 0.043 outinratio 0.0 

ggH126_2e2mu_mHj_genbin1_recobin0 acc 0.0378 eff 0.0815 outinratio 0.0506 

VBFH126_2e2mu_mHj_genbin1_recobin0 acc 0.0236 eff 0.0462 outinratio 0.0313 

WminusH126_2e2mu_mHj_genbin1_recobin0 acc 0.084 eff 0.0722 outinratio 0.0139 

WplusH126_2e2mu_mHj_genbin1_recobin0 acc 0.0648 eff 0.0284 outinratio 0.0983 

ZH126_2e2mu_mHj_genbin1_recobin0 acc 0.0733 eff 0.0405 outinratio 0.0823 

ttH126_2e2mu_mHj_genbin1_recobin0 acc 0.0251 eff 0.0006 outinratio 0.0 

ggH126_2e2mu_mHj_genbin2_recobin0 acc 0.0366 eff 0.0383 outinratio 0.0506 

VBFH126_2e2mu_mHj_genbin2_recobin0 acc 0.0622 eff 0.0243 outinratio 0.0313 

WminusH126_2e2mu_mHj_genbin2_recobin0 acc 0.0748 eff 0.0151 outinratio 0.0139 

WplusH126_2e2mu_mHj_genbin2_recobin0 acc 0.0714 eff 0.0114 outinratio 0.0983 

ZH126_2e2mu_mHj_genbin2_recobin0 acc 0.0869 eff 0.0135 outinratio 0.0823 

ttH126_2e2mu_mHj_genbin2_recobin0 acc 0.0774 eff 0.0006 outinratio 0.0 

ggH126_2e2mu_mHj_genbin3_recobin0 acc 0.0278 eff 0.0402 outinratio 0.0506 

VBFH126_2e2mu_mHj_genbin3_recobin0 acc 0.0777 eff 0.0205 outinratio 0.0313 

WminusH126_2e2mu_mHj_genbin3_recobin0 acc 0.0434 eff 0.0 outinratio 0.0139 

WplusH126_2e2mu_mHj_genbin3_recobin0 acc 0.0458 eff 0.0049 outinratio 0.0983 

ZH126_2e2mu_mHj_genbin3_recobin0 acc 0.0539 eff 0.008 outinratio 0.0823 

ttH126_2e2mu_mHj_genbin3_recobin0 acc 0.0763 eff 0.0004 outinratio 0.0 

ggH126_2e2mu_mHj_genbin4_recobin0 acc 0.0202 eff 0.0376 outinratio 0.0506 

VBFH126_2e2mu_mHj_genbin4_recobin0 acc 0.0811 eff 0.0156 outinratio 0.0313 

WminusH126_2e2mu_mHj_genbin4_recobin0 acc 0.0301 eff 0.0043 outinratio 0.0139 

WplusH126_2e2mu_mHj_genbin4_recobin0 acc 0.0253 eff 0.0006 outinratio 0.0983 

ZH126_2e2mu_mHj_genbin4_recobin0 acc 0.0296 eff 0.0097 outinratio 0.0823 

ttH126_2e2mu_mHj_genbin4_recobin0 acc 0.0578 eff 0.0 outinratio 0.0 

ggH126_2e2mu_mHj_genbin5_recobin0 acc 0.015 eff 0.0282 outinratio 0.0506 

VBFH126_2e2mu_mHj_genbin5_recobin0 acc 0.0806 eff 0.0156 outinratio 0.0313 

WminusH126_2e2mu_mHj_genbin5_recobin0 acc 0.0155 eff 0.0 outinratio 0.0139 

WplusH126_2e2mu_mHj_genbin5_recobin0 acc 0.0179 eff 0.0042 outinratio 0.0983 

ZH126_2e2mu_mHj_genbin5_recobin0 acc 0.0179 eff 0.0055 outinratio 0.0823 

ttH126_2e2mu_mHj_genbin5_recobin0 acc 0.0443 eff 0.0 outinratio 0.0 

ggH126_2e2mu_mHj_genbin6_recobin0 acc 0.0113 eff 0.036 outinratio 0.0506 

VBFH126_2e2mu_mHj_genbin6_recobin0 acc 0.0818 eff 0.0102 outinratio 0.0313 

WminusH126_2e2mu_mHj_genbin6_recobin0 acc 0.01 eff 0.0 outinratio 0.0139 

WplusH126_2e2mu_mHj_genbin6_recobin0 acc 0.009 eff 0.0 outinratio 0.0983 

ZH126_2e2mu_mHj_genbin6_recobin0 acc 0.0101 eff 0.0066 outinratio 0.0823 

ttH126_2e2mu_mHj_genbin6_recobin0 acc 0.0298 eff 0.0 outinratio 0.0 

ggH126_2e2mu_mHj_genbin0_recobin1 acc 0.2524 eff 0.0338 outinratio 0.0709 

VBFH126_2e2mu_mHj_genbin0_recobin1 acc 0.0385 eff 0.0349 outinratio 0.0416 

WminusH126_2e2mu_mHj_genbin0_recobin1 acc 0.0894 eff 0.0688 outinratio 0.0911 

WplusH126_2e2mu_mHj_genbin0_recobin1 acc 0.0708 eff 0.0609 outinratio 0.0831 

ZH126_2e2mu_mHj_genbin0_recobin1 acc 0.0716 eff 0.0541 outinratio 0.0951 

ttH126_2e2mu_mHj_genbin0_recobin1 acc 0.0008 eff 0.0867 outinratio 0.1988 

ggH126_2e2mu_mHj_genbin1_recobin1 acc 0.0378 eff 0.3798 outinratio 0.0709 

VBFH126_2e2mu_mHj_genbin1_recobin1 acc 0.0236 eff 0.3267 outinratio 0.0416 

WminusH126_2e2mu_mHj_genbin1_recobin1 acc 0.084 eff 0.3366 outinratio 0.0911 

WplusH126_2e2mu_mHj_genbin1_recobin1 acc 0.0648 eff 0.3553 outinratio 0.0831 

ZH126_2e2mu_mHj_genbin1_recobin1 acc 0.0733 eff 0.3704 outinratio 0.0951 

ttH126_2e2mu_mHj_genbin1_recobin1 acc 0.0251 eff 0.3025 outinratio 0.1988 

ggH126_2e2mu_mHj_genbin2_recobin1 acc 0.0366 eff 0.0599 outinratio 0.0709 

VBFH126_2e2mu_mHj_genbin2_recobin1 acc 0.0622 eff 0.0306 outinratio 0.0416 

WminusH126_2e2mu_mHj_genbin2_recobin1 acc 0.0748 eff 0.0865 outinratio 0.0911 

WplusH126_2e2mu_mHj_genbin2_recobin1 acc 0.0714 eff 0.0637 outinratio 0.0831 

ZH126_2e2mu_mHj_genbin2_recobin1 acc 0.0869 eff 0.06 outinratio 0.0951 

ttH126_2e2mu_mHj_genbin2_recobin1 acc 0.0774 eff 0.0411 outinratio 0.1988 

ggH126_2e2mu_mHj_genbin3_recobin1 acc 0.0278 eff 0.0137 outinratio 0.0709 

VBFH126_2e2mu_mHj_genbin3_recobin1 acc 0.0777 eff 0.0061 outinratio 0.0416 

WminusH126_2e2mu_mHj_genbin3_recobin1 acc 0.0434 eff 0.0 outinratio 0.0911 

WplusH126_2e2mu_mHj_genbin3_recobin1 acc 0.0458 eff 0.0136 outinratio 0.0831 

ZH126_2e2mu_mHj_genbin3_recobin1 acc 0.0539 eff 0.0082 outinratio 0.0951 

ttH126_2e2mu_mHj_genbin3_recobin1 acc 0.0763 eff 0.0092 outinratio 0.1988 

ggH126_2e2mu_mHj_genbin4_recobin1 acc 0.0202 eff 0.0071 outinratio 0.0709 

VBFH126_2e2mu_mHj_genbin4_recobin1 acc 0.0811 eff 0.0037 outinratio 0.0416 

WminusH126_2e2mu_mHj_genbin4_recobin1 acc 0.0301 eff 0.0245 outinratio 0.0911 

WplusH126_2e2mu_mHj_genbin4_recobin1 acc 0.0253 eff 0.0 outinratio 0.0831 

ZH126_2e2mu_mHj_genbin4_recobin1 acc 0.0296 eff 0.0021 outinratio 0.0951 

ttH126_2e2mu_mHj_genbin4_recobin1 acc 0.0578 eff 0.0054 outinratio 0.1988 

ggH126_2e2mu_mHj_genbin5_recobin1 acc 0.015 eff 0.01 outinratio 0.0709 

VBFH126_2e2mu_mHj_genbin5_recobin1 acc 0.0806 eff 0.0049 outinratio 0.0416 

WminusH126_2e2mu_mHj_genbin5_recobin1 acc 0.0155 eff 0.0 outinratio 0.0911 

WplusH126_2e2mu_mHj_genbin5_recobin1 acc 0.0179 eff 0.0083 outinratio 0.0831 

ZH126_2e2mu_mHj_genbin5_recobin1 acc 0.0179 eff 0.0 outinratio 0.0951 

ttH126_2e2mu_mHj_genbin5_recobin1 acc 0.0443 eff 0.0015 outinratio 0.1988 

ggH126_2e2mu_mHj_genbin6_recobin1 acc 0.0113 eff 0.0062 outinratio 0.0709 

VBFH126_2e2mu_mHj_genbin6_recobin1 acc 0.0818 eff 0.0046 outinratio 0.0416 

WminusH126_2e2mu_mHj_genbin6_recobin1 acc 0.01 eff 0.0 outinratio 0.0911 

WplusH126_2e2mu_mHj_genbin6_recobin1 acc 0.009 eff 0.0 outinratio 0.0831 

ZH126_2e2mu_mHj_genbin6_recobin1 acc 0.0101 eff 0.0 outinratio 0.0951 

ttH126_2e2mu_mHj_genbin6_recobin1 acc 0.0298 eff 0.0018 outinratio 0.1988 

ggH126_2e2mu_mHj_genbin0_recobin2 acc 0.2524 eff 0.0093 outinratio 0.0552 

VBFH126_2e2mu_mHj_genbin0_recobin2 acc 0.0385 eff 0.0282 outinratio 0.0349 

WminusH126_2e2mu_mHj_genbin0_recobin2 acc 0.0894 eff 0.0858 outinratio 0.0687 

WplusH126_2e2mu_mHj_genbin0_recobin2 acc 0.0708 eff 0.0406 outinratio 0.092 

ZH126_2e2mu_mHj_genbin0_recobin2 acc 0.0716 eff 0.0211 outinratio 0.0825 

ttH126_2e2mu_mHj_genbin0_recobin2 acc 0.0008 eff 0.0309 outinratio 0.1843 

ggH126_2e2mu_mHj_genbin1_recobin2 acc 0.0378 eff 0.0484 outinratio 0.0552 

VBFH126_2e2mu_mHj_genbin1_recobin2 acc 0.0236 eff 0.0944 outinratio 0.0349 

WminusH126_2e2mu_mHj_genbin1_recobin2 acc 0.084 eff 0.0674 outinratio 0.0687 

WplusH126_2e2mu_mHj_genbin1_recobin2 acc 0.0648 eff 0.083 outinratio 0.092 

ZH126_2e2mu_mHj_genbin1_recobin2 acc 0.0733 eff 0.0646 outinratio 0.0825 

ttH126_2e2mu_mHj_genbin1_recobin2 acc 0.0251 eff 0.1158 outinratio 0.1843 

ggH126_2e2mu_mHj_genbin2_recobin2 acc 0.0366 eff 0.3735 outinratio 0.0552 

VBFH126_2e2mu_mHj_genbin2_recobin2 acc 0.0622 eff 0.3609 outinratio 0.0349 

WminusH126_2e2mu_mHj_genbin2_recobin2 acc 0.0748 eff 0.3797 outinratio 0.0687 

WplusH126_2e2mu_mHj_genbin2_recobin2 acc 0.0714 eff 0.3954 outinratio 0.092 

ZH126_2e2mu_mHj_genbin2_recobin2 acc 0.0869 eff 0.3892 outinratio 0.0825 

ttH126_2e2mu_mHj_genbin2_recobin2 acc 0.0774 eff 0.371 outinratio 0.1843 

ggH126_2e2mu_mHj_genbin3_recobin2 acc 0.0278 eff 0.0622 outinratio 0.0552 

VBFH126_2e2mu_mHj_genbin3_recobin2 acc 0.0777 eff 0.043 outinratio 0.0349 

WminusH126_2e2mu_mHj_genbin3_recobin2 acc 0.0434 eff 0.0878 outinratio 0.0687 

WplusH126_2e2mu_mHj_genbin3_recobin2 acc 0.0458 eff 0.0674 outinratio 0.092 

ZH126_2e2mu_mHj_genbin3_recobin2 acc 0.0539 eff 0.0605 outinratio 0.0825 

ttH126_2e2mu_mHj_genbin3_recobin2 acc 0.0763 eff 0.0633 outinratio 0.1843 

ggH126_2e2mu_mHj_genbin4_recobin2 acc 0.0202 eff 0.0075 outinratio 0.0552 

VBFH126_2e2mu_mHj_genbin4_recobin2 acc 0.0811 eff 0.009 outinratio 0.0349 

WminusH126_2e2mu_mHj_genbin4_recobin2 acc 0.0301 eff 0.028 outinratio 0.0687 

WplusH126_2e2mu_mHj_genbin4_recobin2 acc 0.0253 eff 0.0066 outinratio 0.092 

ZH126_2e2mu_mHj_genbin4_recobin2 acc 0.0296 eff 0.0073 outinratio 0.0825 

ttH126_2e2mu_mHj_genbin4_recobin2 acc 0.0578 eff 0.0134 outinratio 0.1843 

ggH126_2e2mu_mHj_genbin5_recobin2 acc 0.015 eff 0.0014 outinratio 0.0552 

VBFH126_2e2mu_mHj_genbin5_recobin2 acc 0.0806 eff 0.0075 outinratio 0.0349 

WminusH126_2e2mu_mHj_genbin5_recobin2 acc 0.0155 eff 0.0191 outinratio 0.0687 

WplusH126_2e2mu_mHj_genbin5_recobin2 acc 0.0179 eff 0.0023 outinratio 0.092 

ZH126_2e2mu_mHj_genbin5_recobin2 acc 0.0179 eff 0.0085 outinratio 0.0825 

ttH126_2e2mu_mHj_genbin5_recobin2 acc 0.0443 eff 0.0058 outinratio 0.1843 

ggH126_2e2mu_mHj_genbin6_recobin2 acc 0.0113 eff 0.0015 outinratio 0.0552 

VBFH126_2e2mu_mHj_genbin6_recobin2 acc 0.0818 eff 0.0061 outinratio 0.0349 

WminusH126_2e2mu_mHj_genbin6_recobin2 acc 0.01 eff 0.0 outinratio 0.0687 

WplusH126_2e2mu_mHj_genbin6_recobin2 acc 0.009 eff 0.0 outinratio 0.092 

ZH126_2e2mu_mHj_genbin6_recobin2 acc 0.0101 eff 0.007 outinratio 0.0825 

ttH126_2e2mu_mHj_genbin6_recobin2 acc 0.0298 eff 0.0061 outinratio 0.1843 

ggH126_2e2mu_mHj_genbin0_recobin3 acc 0.2524 eff 0.0068 outinratio 0.0515 

VBFH126_2e2mu_mHj_genbin0_recobin3 acc 0.0385 eff 0.0303 outinratio 0.038 

WminusH126_2e2mu_mHj_genbin0_recobin3 acc 0.0894 eff 0.0147 outinratio 0.1075 

WplusH126_2e2mu_mHj_genbin0_recobin3 acc 0.0708 eff 0.0185 outinratio 0.0587 

ZH126_2e2mu_mHj_genbin0_recobin3 acc 0.0716 eff 0.0166 outinratio 0.058 

ttH126_2e2mu_mHj_genbin0_recobin3 acc 0.0008 eff 0.0847 outinratio 0.1624 

ggH126_2e2mu_mHj_genbin1_recobin3 acc 0.0378 eff 0.0046 outinratio 0.0515 

VBFH126_2e2mu_mHj_genbin1_recobin3 acc 0.0236 eff 0.0128 outinratio 0.038 

WminusH126_2e2mu_mHj_genbin1_recobin3 acc 0.084 eff 0.0 outinratio 0.1075 

WplusH126_2e2mu_mHj_genbin1_recobin3 acc 0.0648 eff 0.0085 outinratio 0.0587 

ZH126_2e2mu_mHj_genbin1_recobin3 acc 0.0733 eff 0.0078 outinratio 0.058 

ttH126_2e2mu_mHj_genbin1_recobin3 acc 0.0251 eff 0.0391 outinratio 0.1624 

ggH126_2e2mu_mHj_genbin2_recobin3 acc 0.0366 eff 0.0389 outinratio 0.0515 

VBFH126_2e2mu_mHj_genbin2_recobin3 acc 0.0622 eff 0.0793 outinratio 0.038 

WminusH126_2e2mu_mHj_genbin2_recobin3 acc 0.0748 eff 0.0486 outinratio 0.1075 

WplusH126_2e2mu_mHj_genbin2_recobin3 acc 0.0714 eff 0.0547 outinratio 0.0587 

ZH126_2e2mu_mHj_genbin2_recobin3 acc 0.0869 eff 0.0448 outinratio 0.058 

ttH126_2e2mu_mHj_genbin2_recobin3 acc 0.0774 eff 0.064 outinratio 0.1624 

ggH126_2e2mu_mHj_genbin3_recobin3 acc 0.0278 eff 0.3648 outinratio 0.0515 

VBFH126_2e2mu_mHj_genbin3_recobin3 acc 0.0777 eff 0.3681 outinratio 0.038 

WminusH126_2e2mu_mHj_genbin3_recobin3 acc 0.0434 eff 0.3863 outinratio 0.1075 

WplusH126_2e2mu_mHj_genbin3_recobin3 acc 0.0458 eff 0.3931 outinratio 0.0587 

ZH126_2e2mu_mHj_genbin3_recobin3 acc 0.0539 eff 0.4091 outinratio 0.058 

ttH126_2e2mu_mHj_genbin3_recobin3 acc 0.0763 eff 0.3746 outinratio 0.1624 

ggH126_2e2mu_mHj_genbin4_recobin3 acc 0.0202 eff 0.0688 outinratio 0.0515 

VBFH126_2e2mu_mHj_genbin4_recobin3 acc 0.0811 eff 0.0504 outinratio 0.038 

WminusH126_2e2mu_mHj_genbin4_recobin3 acc 0.0301 eff 0.0439 outinratio 0.1075 

WplusH126_2e2mu_mHj_genbin4_recobin3 acc 0.0253 eff 0.0458 outinratio 0.0587 

ZH126_2e2mu_mHj_genbin4_recobin3 acc 0.0296 eff 0.0395 outinratio 0.058 

ttH126_2e2mu_mHj_genbin4_recobin3 acc 0.0578 eff 0.0543 outinratio 0.1624 

ggH126_2e2mu_mHj_genbin5_recobin3 acc 0.015 eff 0.0057 outinratio 0.0515 

VBFH126_2e2mu_mHj_genbin5_recobin3 acc 0.0806 eff 0.009 outinratio 0.038 

WminusH126_2e2mu_mHj_genbin5_recobin3 acc 0.0155 eff 0.0309 outinratio 0.1075 

WplusH126_2e2mu_mHj_genbin5_recobin3 acc 0.0179 eff 0.004 outinratio 0.0587 

ZH126_2e2mu_mHj_genbin5_recobin3 acc 0.0179 eff 0.0024 outinratio 0.058 

ttH126_2e2mu_mHj_genbin5_recobin3 acc 0.0443 eff 0.011 outinratio 0.1624 

ggH126_2e2mu_mHj_genbin6_recobin3 acc 0.0113 eff 0.0045 outinratio 0.0515 

VBFH126_2e2mu_mHj_genbin6_recobin3 acc 0.0818 eff 0.0071 outinratio 0.038 

WminusH126_2e2mu_mHj_genbin6_recobin3 acc 0.01 eff 0.0 outinratio 0.1075 

WplusH126_2e2mu_mHj_genbin6_recobin3 acc 0.009 eff 0.0029 outinratio 0.0587 

ZH126_2e2mu_mHj_genbin6_recobin3 acc 0.0101 eff 0.0011 outinratio 0.058 

ttH126_2e2mu_mHj_genbin6_recobin3 acc 0.0298 eff 0.0028 outinratio 0.1624 

ggH126_2e2mu_mHj_genbin0_recobin4 acc 0.2524 eff 0.005 outinratio 0.0581 

VBFH126_2e2mu_mHj_genbin0_recobin4 acc 0.0385 eff 0.0211 outinratio 0.0382 

WminusH126_2e2mu_mHj_genbin0_recobin4 acc 0.0894 eff 0.0052 outinratio 0.0765 

WplusH126_2e2mu_mHj_genbin0_recobin4 acc 0.0708 eff 0.0112 outinratio 0.067 

ZH126_2e2mu_mHj_genbin0_recobin4 acc 0.0716 eff 0.0107 outinratio 0.0872 

ttH126_2e2mu_mHj_genbin0_recobin4 acc 0.0008 eff 0.0 outinratio 0.1348 

ggH126_2e2mu_mHj_genbin1_recobin4 acc 0.0378 eff 0.0049 outinratio 0.0581 

VBFH126_2e2mu_mHj_genbin1_recobin4 acc 0.0236 eff 0.0123 outinratio 0.0382 

WminusH126_2e2mu_mHj_genbin1_recobin4 acc 0.084 eff 0.0 outinratio 0.0765 

WplusH126_2e2mu_mHj_genbin1_recobin4 acc 0.0648 eff 0.0019 outinratio 0.067 

ZH126_2e2mu_mHj_genbin1_recobin4 acc 0.0733 eff 0.0027 outinratio 0.0872 

ttH126_2e2mu_mHj_genbin1_recobin4 acc 0.0251 eff 0.022 outinratio 0.1348 

ggH126_2e2mu_mHj_genbin2_recobin4 acc 0.0366 eff 0.0055 outinratio 0.0581 

VBFH126_2e2mu_mHj_genbin2_recobin4 acc 0.0622 eff 0.0115 outinratio 0.0382 

WminusH126_2e2mu_mHj_genbin2_recobin4 acc 0.0748 eff 0.0079 outinratio 0.0765 

WplusH126_2e2mu_mHj_genbin2_recobin4 acc 0.0714 eff 0.0062 outinratio 0.067 

ZH126_2e2mu_mHj_genbin2_recobin4 acc 0.0869 eff 0.0015 outinratio 0.0872 

ttH126_2e2mu_mHj_genbin2_recobin4 acc 0.0774 eff 0.0123 outinratio 0.1348 

ggH126_2e2mu_mHj_genbin3_recobin4 acc 0.0278 eff 0.0539 outinratio 0.0581 

VBFH126_2e2mu_mHj_genbin3_recobin4 acc 0.0777 eff 0.0791 outinratio 0.0382 

WminusH126_2e2mu_mHj_genbin3_recobin4 acc 0.0434 eff 0.012 outinratio 0.0765 

WplusH126_2e2mu_mHj_genbin3_recobin4 acc 0.0458 eff 0.0319 outinratio 0.067 

ZH126_2e2mu_mHj_genbin3_recobin4 acc 0.0539 eff 0.0297 outinratio 0.0872 

ttH126_2e2mu_mHj_genbin3_recobin4 acc 0.0763 eff 0.0524 outinratio 0.1348 

ggH126_2e2mu_mHj_genbin4_recobin4 acc 0.0202 eff 0.3703 outinratio 0.0581 

VBFH126_2e2mu_mHj_genbin4_recobin4 acc 0.0811 eff 0.3731 outinratio 0.0382 

WminusH126_2e2mu_mHj_genbin4_recobin4 acc 0.0301 eff 0.5065 outinratio 0.0765 

WplusH126_2e2mu_mHj_genbin4_recobin4 acc 0.0253 eff 0.4254 outinratio 0.067 

ZH126_2e2mu_mHj_genbin4_recobin4 acc 0.0296 eff 0.4525 outinratio 0.0872 

ttH126_2e2mu_mHj_genbin4_recobin4 acc 0.0578 eff 0.4379 outinratio 0.1348 

ggH126_2e2mu_mHj_genbin5_recobin4 acc 0.015 eff 0.0543 outinratio 0.0581 

VBFH126_2e2mu_mHj_genbin5_recobin4 acc 0.0806 eff 0.0513 outinratio 0.0382 

WminusH126_2e2mu_mHj_genbin5_recobin4 acc 0.0155 eff 0.0341 outinratio 0.0765 

WplusH126_2e2mu_mHj_genbin5_recobin4 acc 0.0179 eff 0.0571 outinratio 0.067 

ZH126_2e2mu_mHj_genbin5_recobin4 acc 0.0179 eff 0.044 outinratio 0.0872 

ttH126_2e2mu_mHj_genbin5_recobin4 acc 0.0443 eff 0.0515 outinratio 0.1348 

ggH126_2e2mu_mHj_genbin6_recobin4 acc 0.0113 eff 0.0042 outinratio 0.0581 

VBFH126_2e2mu_mHj_genbin6_recobin4 acc 0.0818 eff 0.0081 outinratio 0.0382 

WminusH126_2e2mu_mHj_genbin6_recobin4 acc 0.01 eff 0.0 outinratio 0.0765 

WplusH126_2e2mu_mHj_genbin6_recobin4 acc 0.009 eff 0.0 outinratio 0.067 

ZH126_2e2mu_mHj_genbin6_recobin4 acc 0.0101 eff 0.0017 outinratio 0.0872 

ttH126_2e2mu_mHj_genbin6_recobin4 acc 0.0298 eff 0.006 outinratio 0.1348 

ggH126_2e2mu_mHj_genbin0_recobin5 acc 0.2524 eff 0.0067 outinratio 0.05 

VBFH126_2e2mu_mHj_genbin0_recobin5 acc 0.0385 eff 0.0216 outinratio 0.0381 

WminusH126_2e2mu_mHj_genbin0_recobin5 acc 0.0894 eff 0.0 outinratio 0.0637 

WplusH126_2e2mu_mHj_genbin0_recobin5 acc 0.0708 eff 0.013 outinratio 0.0419 

ZH126_2e2mu_mHj_genbin0_recobin5 acc 0.0716 eff 0.0042 outinratio 0.076 

ttH126_2e2mu_mHj_genbin0_recobin5 acc 0.0008 eff 0.054 outinratio 0.143 

ggH126_2e2mu_mHj_genbin1_recobin5 acc 0.0378 eff 0.0037 outinratio 0.05 

VBFH126_2e2mu_mHj_genbin1_recobin5 acc 0.0236 eff 0.0091 outinratio 0.0381 

WminusH126_2e2mu_mHj_genbin1_recobin5 acc 0.084 eff 0.0 outinratio 0.0637 

WplusH126_2e2mu_mHj_genbin1_recobin5 acc 0.0648 eff 0.0027 outinratio 0.0419 

ZH126_2e2mu_mHj_genbin1_recobin5 acc 0.0733 eff 0.0026 outinratio 0.076 

ttH126_2e2mu_mHj_genbin1_recobin5 acc 0.0251 eff 0.009 outinratio 0.143 

ggH126_2e2mu_mHj_genbin2_recobin5 acc 0.0366 eff 0.0025 outinratio 0.05 

VBFH126_2e2mu_mHj_genbin2_recobin5 acc 0.0622 eff 0.0115 outinratio 0.0381 

WminusH126_2e2mu_mHj_genbin2_recobin5 acc 0.0748 eff 0.0184 outinratio 0.0637 

WplusH126_2e2mu_mHj_genbin2_recobin5 acc 0.0714 eff 0.0005 outinratio 0.0419 

ZH126_2e2mu_mHj_genbin2_recobin5 acc 0.0869 eff 0.0023 outinratio 0.076 

ttH126_2e2mu_mHj_genbin2_recobin5 acc 0.0774 eff 0.0057 outinratio 0.143 

ggH126_2e2mu_mHj_genbin3_recobin5 acc 0.0278 eff 0.0058 outinratio 0.05 

VBFH126_2e2mu_mHj_genbin3_recobin5 acc 0.0777 eff 0.009 outinratio 0.0381 

WminusH126_2e2mu_mHj_genbin3_recobin5 acc 0.0434 eff 0.0 outinratio 0.0637 

WplusH126_2e2mu_mHj_genbin3_recobin5 acc 0.0458 eff 0.0 outinratio 0.0419 

ZH126_2e2mu_mHj_genbin3_recobin5 acc 0.0539 eff 0.0011 outinratio 0.076 

ttH126_2e2mu_mHj_genbin3_recobin5 acc 0.0763 eff 0.0071 outinratio 0.143 

ggH126_2e2mu_mHj_genbin4_recobin5 acc 0.0202 eff 0.0449 outinratio 0.05 

VBFH126_2e2mu_mHj_genbin4_recobin5 acc 0.0811 eff 0.0738 outinratio 0.0381 

WminusH126_2e2mu_mHj_genbin4_recobin5 acc 0.0301 eff 0.0289 outinratio 0.0637 

WplusH126_2e2mu_mHj_genbin4_recobin5 acc 0.0253 eff 0.0483 outinratio 0.0419 

ZH126_2e2mu_mHj_genbin4_recobin5 acc 0.0296 eff 0.0601 outinratio 0.076 

ttH126_2e2mu_mHj_genbin4_recobin5 acc 0.0578 eff 0.0433 outinratio 0.143 

ggH126_2e2mu_mHj_genbin5_recobin5 acc 0.015 eff 0.395 outinratio 0.05 

VBFH126_2e2mu_mHj_genbin5_recobin5 acc 0.0806 eff 0.4171 outinratio 0.0381 

WminusH126_2e2mu_mHj_genbin5_recobin5 acc 0.0155 eff 0.3838 outinratio 0.0637 

WplusH126_2e2mu_mHj_genbin5_recobin5 acc 0.0179 eff 0.432 outinratio 0.0419 

ZH126_2e2mu_mHj_genbin5_recobin5 acc 0.0179 eff 0.4607 outinratio 0.076 

ttH126_2e2mu_mHj_genbin5_recobin5 acc 0.0443 eff 0.4503 outinratio 0.143 

ggH126_2e2mu_mHj_genbin6_recobin5 acc 0.0113 eff 0.0521 outinratio 0.05 

VBFH126_2e2mu_mHj_genbin6_recobin5 acc 0.0818 eff 0.0358 outinratio 0.0381 

WminusH126_2e2mu_mHj_genbin6_recobin5 acc 0.01 eff 0.0 outinratio 0.0637 

WplusH126_2e2mu_mHj_genbin6_recobin5 acc 0.009 eff 0.0696 outinratio 0.0419 

ZH126_2e2mu_mHj_genbin6_recobin5 acc 0.0101 eff 0.028 outinratio 0.076 

ttH126_2e2mu_mHj_genbin6_recobin5 acc 0.0298 eff 0.0467 outinratio 0.143 

ggH126_2e2mu_mHj_genbin0_recobin6 acc 0.2524 eff 0.0052 outinratio 0.0475 

VBFH126_2e2mu_mHj_genbin0_recobin6 acc 0.0385 eff 0.0155 outinratio 0.0361 

WminusH126_2e2mu_mHj_genbin0_recobin6 acc 0.0894 eff 0.0062 outinratio 0.3616 

WplusH126_2e2mu_mHj_genbin0_recobin6 acc 0.0708 eff 0.0078 outinratio 0.048 

ZH126_2e2mu_mHj_genbin0_recobin6 acc 0.0716 eff 0.01 outinratio 0.0907 

ttH126_2e2mu_mHj_genbin0_recobin6 acc 0.0008 eff 0.0304 outinratio 0.1758 

ggH126_2e2mu_mHj_genbin1_recobin6 acc 0.0378 eff 0.0061 outinratio 0.0475 

VBFH126_2e2mu_mHj_genbin1_recobin6 acc 0.0236 eff 0.0138 outinratio 0.0361 

WminusH126_2e2mu_mHj_genbin1_recobin6 acc 0.084 eff 0.0067 outinratio 0.3616 

WplusH126_2e2mu_mHj_genbin1_recobin6 acc 0.0648 eff 0.0047 outinratio 0.048 

ZH126_2e2mu_mHj_genbin1_recobin6 acc 0.0733 eff 0.0001 outinratio 0.0907 

ttH126_2e2mu_mHj_genbin1_recobin6 acc 0.0251 eff 0.0042 outinratio 0.1758 

ggH126_2e2mu_mHj_genbin2_recobin6 acc 0.0366 eff 0.0034 outinratio 0.0475 

VBFH126_2e2mu_mHj_genbin2_recobin6 acc 0.0622 eff 0.011 outinratio 0.0361 

WminusH126_2e2mu_mHj_genbin2_recobin6 acc 0.0748 eff 0.0 outinratio 0.3616 

WplusH126_2e2mu_mHj_genbin2_recobin6 acc 0.0714 eff 0.0 outinratio 0.048 

ZH126_2e2mu_mHj_genbin2_recobin6 acc 0.0869 eff 0.0007 outinratio 0.0907 

ttH126_2e2mu_mHj_genbin2_recobin6 acc 0.0774 eff 0.0035 outinratio 0.1758 

ggH126_2e2mu_mHj_genbin3_recobin6 acc 0.0278 eff 0.0035 outinratio 0.0475 

VBFH126_2e2mu_mHj_genbin3_recobin6 acc 0.0777 eff 0.0079 outinratio 0.0361 

WminusH126_2e2mu_mHj_genbin3_recobin6 acc 0.0434 eff 0.0 outinratio 0.3616 

WplusH126_2e2mu_mHj_genbin3_recobin6 acc 0.0458 eff 0.0009 outinratio 0.048 

ZH126_2e2mu_mHj_genbin3_recobin6 acc 0.0539 eff 0.0008 outinratio 0.0907 

ttH126_2e2mu_mHj_genbin3_recobin6 acc 0.0763 eff 0.0024 outinratio 0.1758 

ggH126_2e2mu_mHj_genbin4_recobin6 acc 0.0202 eff 0.0027 outinratio 0.0475 

VBFH126_2e2mu_mHj_genbin4_recobin6 acc 0.0811 eff 0.0076 outinratio 0.0361 

WminusH126_2e2mu_mHj_genbin4_recobin6 acc 0.0301 eff 0.0236 outinratio 0.3616 

WplusH126_2e2mu_mHj_genbin4_recobin6 acc 0.0253 eff 0.0016 outinratio 0.048 

ZH126_2e2mu_mHj_genbin4_recobin6 acc 0.0296 eff 0.0021 outinratio 0.0907 

ttH126_2e2mu_mHj_genbin4_recobin6 acc 0.0578 eff 0.0062 outinratio 0.1758 

ggH126_2e2mu_mHj_genbin5_recobin6 acc 0.015 eff 0.0364 outinratio 0.0475 

VBFH126_2e2mu_mHj_genbin5_recobin6 acc 0.0806 eff 0.0556 outinratio 0.0361 

WminusH126_2e2mu_mHj_genbin5_recobin6 acc 0.0155 eff 0.0225 outinratio 0.3616 

WplusH126_2e2mu_mHj_genbin5_recobin6 acc 0.0179 eff 0.0354 outinratio 0.048 

ZH126_2e2mu_mHj_genbin5_recobin6 acc 0.0179 eff 0.0354 outinratio 0.0907 

ttH126_2e2mu_mHj_genbin5_recobin6 acc 0.0443 eff 0.0282 outinratio 0.1758 

ggH126_2e2mu_mHj_genbin6_recobin6 acc 0.0113 eff 0.4386 outinratio 0.0475 

VBFH126_2e2mu_mHj_genbin6_recobin6 acc 0.0818 eff 0.4864 outinratio 0.0361 

WminusH126_2e2mu_mHj_genbin6_recobin6 acc 0.01 eff 0.5941 outinratio 0.3616 

WplusH126_2e2mu_mHj_genbin6_recobin6 acc 0.009 eff 0.4258 outinratio 0.048 

ZH126_2e2mu_mHj_genbin6_recobin6 acc 0.0101 eff 0.5137 outinratio 0.0907 

ttH126_2e2mu_mHj_genbin6_recobin6 acc 0.0298 eff 0.4862 outinratio 0.1758 

Coeff fullNNLOPS
