Welcome in RunCoefficients!
OPT SPLIT
DEBUG opt.YEAR = 2024_5
It is a double-differential measurement, binning for the 1st variable {0: [0.0, 10000.0], 1: [0.0, 45.0], 2: [45.0, 70.0], 3: [70.0, 95.0], 4: [95.0, 10000.0], 5: [0.0, 175.0], 6: [175.0, 10000.0]} and for the 2nd variable {0: [-100.0, 0.0], 1: [0.0, 50.0], 2: [0.0, 50.0], 3: [0.0, 50.0], 4: [0.0, 50.0], 5: [50.0, 10000.0], 6: [50.0, 10000.0]}
{0: [0.0, 10000.0, -100.0, 0.0], 1: [0.0, 45.0, 0.0, 50.0], 2: [45.0, 70.0, 0.0, 50.0], 3: [70.0, 95.0, 0.0, 50.0], 4: [95.0, 10000.0, 0.0, 50.0], 5: [0.0, 175.0, 50.0, 10000.0], 6: [175.0, 10000.0, 50.0, 10000.0]}
ZZPt
Following observables extracted from dictionary: RECO =  ZZPt  GEN =  GENpT4l
It is a double-differential measurement: RECO_2nd =  pTHj  GEN_2nd =  GENpTHj
LUMI: 10.882200000000001
ttH126 0.00046886125
Processing ggH126 2024_5
Signal created
Signal failed created
Processing VBFH126 2024_5
Signal created
Signal failed created
Processing WminusH126 2024_5
Signal created
Signal failed created
Processing WplusH126 2024_5
Signal created
Signal failed created
Processing ZH126 2024_5
Signal created
Signal failed created
Processing ttH126 2024_5
Signal created
Signal failed created
2024_5 SKIMMED df CREATED
2024_5 ggH126
2024_5 VBFH126
2024_5 WminusH126
2024_5 WplusH126
2024_5 ZH126
2024_5 ttH126
Dataframes created successfully
Coeff std
ggH126_4l_pT4l_pTHj_genbin0_recobin0 acc 0.2591 eff 0.4695 outinratio 0.0397 

VBFH126_4l_pT4l_pTHj_genbin0_recobin0 acc 0.0388 eff 0.3691 outinratio 0.0211 

WminusH126_4l_pT4l_pTHj_genbin0_recobin0 acc 0.0827 eff 0.3713 outinratio 0.0645 

WplusH126_4l_pT4l_pTHj_genbin0_recobin0 acc 0.0705 eff 0.3828 outinratio 0.0704 

ZH126_4l_pT4l_pTHj_genbin0_recobin0 acc 0.0737 eff 0.4081 outinratio 0.094 

ttH126_4l_pT4l_pTHj_genbin0_recobin0 acc 0.0007 eff 0.095 outinratio 0.548 

ggH126_4l_pT4l_pTHj_genbin1_recobin0 acc 0.033 eff 0.1305 outinratio 0.0397 

VBFH126_4l_pT4l_pTHj_genbin1_recobin0 acc 0.0465 eff 0.068 outinratio 0.0211 

WminusH126_4l_pT4l_pTHj_genbin1_recobin0 acc 0.0376 eff 0.044 outinratio 0.0645 

WplusH126_4l_pT4l_pTHj_genbin1_recobin0 acc 0.0306 eff 0.0479 outinratio 0.0704 

ZH126_4l_pT4l_pTHj_genbin1_recobin0 acc 0.0357 eff 0.0488 outinratio 0.094 

ttH126_4l_pT4l_pTHj_genbin1_recobin0 acc 0.0026 eff 0.0 outinratio 0.548 

ggH126_4l_pT4l_pTHj_genbin2_recobin0 acc 0.0414 eff 0.0577 outinratio 0.0397 

VBFH126_4l_pT4l_pTHj_genbin2_recobin0 acc 0.062 eff 0.0465 outinratio 0.0211 

WminusH126_4l_pT4l_pTHj_genbin2_recobin0 acc 0.0386 eff 0.028 outinratio 0.0645 

WplusH126_4l_pT4l_pTHj_genbin2_recobin0 acc 0.0336 eff 0.0424 outinratio 0.0704 

ZH126_4l_pT4l_pTHj_genbin2_recobin0 acc 0.0391 eff 0.0167 outinratio 0.094 

ttH126_4l_pT4l_pTHj_genbin2_recobin0 acc 0.0058 eff 0.0014 outinratio 0.548 

ggH126_4l_pT4l_pTHj_genbin3_recobin0 acc 0.0206 eff 0.0207 outinratio 0.0397 

VBFH126_4l_pT4l_pTHj_genbin3_recobin0 acc 0.0564 eff 0.0249 outinratio 0.0211 

WminusH126_4l_pT4l_pTHj_genbin3_recobin0 acc 0.0323 eff 0.0208 outinratio 0.0645 

WplusH126_4l_pT4l_pTHj_genbin3_recobin0 acc 0.028 eff 0.0112 outinratio 0.0704 

ZH126_4l_pT4l_pTHj_genbin3_recobin0 acc 0.0308 eff 0.0096 outinratio 0.094 

ttH126_4l_pT4l_pTHj_genbin3_recobin0 acc 0.0076 eff 0.0 outinratio 0.548 

ggH126_4l_pT4l_pTHj_genbin4_recobin0 acc 0.0243 eff 0.0137 outinratio 0.0397 

VBFH126_4l_pT4l_pTHj_genbin4_recobin0 acc 0.0855 eff 0.0061 outinratio 0.0211 

WminusH126_4l_pT4l_pTHj_genbin4_recobin0 acc 0.0397 eff 0.0016 outinratio 0.0645 

WplusH126_4l_pT4l_pTHj_genbin4_recobin0 acc 0.0357 eff 0.0015 outinratio 0.0704 

ZH126_4l_pT4l_pTHj_genbin4_recobin0 acc 0.0369 eff 0.0 outinratio 0.094 

ttH126_4l_pT4l_pTHj_genbin4_recobin0 acc 0.0214 eff 0.0 outinratio 0.548 

ggH126_4l_pT4l_pTHj_genbin5_recobin0 acc 0.0249 eff 0.0209 outinratio 0.0397 

VBFH126_4l_pT4l_pTHj_genbin5_recobin0 acc 0.1246 eff 0.0053 outinratio 0.0211 

WminusH126_4l_pT4l_pTHj_genbin5_recobin0 acc 0.0891 eff 0.0089 outinratio 0.0645 

WplusH126_4l_pT4l_pTHj_genbin5_recobin0 acc 0.081 eff 0.0134 outinratio 0.0704 

ZH126_4l_pT4l_pTHj_genbin5_recobin0 acc 0.0978 eff 0.0076 outinratio 0.094 

ttH126_4l_pT4l_pTHj_genbin5_recobin0 acc 0.1932 eff 0.0005 outinratio 0.548 

ggH126_4l_pT4l_pTHj_genbin6_recobin0 acc 0.0097 eff 0.0 outinratio 0.0397 

VBFH126_4l_pT4l_pTHj_genbin6_recobin0 acc 0.038 eff 0.0023 outinratio 0.0211 

WminusH126_4l_pT4l_pTHj_genbin6_recobin0 acc 0.0317 eff 0.0066 outinratio 0.0645 

WplusH126_4l_pT4l_pTHj_genbin6_recobin0 acc 0.0293 eff 0.0035 outinratio 0.0704 

ZH126_4l_pT4l_pTHj_genbin6_recobin0 acc 0.0323 eff 0.0 outinratio 0.094 

ttH126_4l_pT4l_pTHj_genbin6_recobin0 acc 0.0877 eff 0.0003 outinratio 0.548 

ggH126_4l_pT4l_pTHj_genbin0_recobin1 acc 0.2591 eff 0.0461 outinratio 0.0673 

VBFH126_4l_pT4l_pTHj_genbin0_recobin1 acc 0.0388 eff 0.1005 outinratio 0.0324 

WminusH126_4l_pT4l_pTHj_genbin0_recobin1 acc 0.0827 eff 0.0397 outinratio 0.0579 

WplusH126_4l_pT4l_pTHj_genbin0_recobin1 acc 0.0705 eff 0.0399 outinratio 0.0722 

ZH126_4l_pT4l_pTHj_genbin0_recobin1 acc 0.0737 eff 0.0389 outinratio 0.0609 

ttH126_4l_pT4l_pTHj_genbin0_recobin1 acc 0.0007 eff 0.0177 outinratio 0.1722 

ggH126_4l_pT4l_pTHj_genbin1_recobin1 acc 0.033 eff 0.3485 outinratio 0.0673 

VBFH126_4l_pT4l_pTHj_genbin1_recobin1 acc 0.0465 eff 0.3669 outinratio 0.0324 

WminusH126_4l_pT4l_pTHj_genbin1_recobin1 acc 0.0376 eff 0.4139 outinratio 0.0579 

WplusH126_4l_pT4l_pTHj_genbin1_recobin1 acc 0.0306 eff 0.3917 outinratio 0.0722 

ZH126_4l_pT4l_pTHj_genbin1_recobin1 acc 0.0357 eff 0.3754 outinratio 0.0609 

ttH126_4l_pT4l_pTHj_genbin1_recobin1 acc 0.0026 eff 0.2229 outinratio 0.1722 

ggH126_4l_pT4l_pTHj_genbin2_recobin1 acc 0.0414 eff 0.0159 outinratio 0.0673 

VBFH126_4l_pT4l_pTHj_genbin2_recobin1 acc 0.062 eff 0.011 outinratio 0.0324 

WminusH126_4l_pT4l_pTHj_genbin2_recobin1 acc 0.0386 eff 0.0195 outinratio 0.0579 

WplusH126_4l_pT4l_pTHj_genbin2_recobin1 acc 0.0336 eff 0.0226 outinratio 0.0722 

ZH126_4l_pT4l_pTHj_genbin2_recobin1 acc 0.0391 eff 0.0261 outinratio 0.0609 

ttH126_4l_pT4l_pTHj_genbin2_recobin1 acc 0.0058 eff 0.0028 outinratio 0.1722 

ggH126_4l_pT4l_pTHj_genbin3_recobin1 acc 0.0206 eff 0.0 outinratio 0.0673 

VBFH126_4l_pT4l_pTHj_genbin3_recobin1 acc 0.0564 eff 0.0 outinratio 0.0324 

WminusH126_4l_pT4l_pTHj_genbin3_recobin1 acc 0.0323 eff 0.0 outinratio 0.0579 

WplusH126_4l_pT4l_pTHj_genbin3_recobin1 acc 0.028 eff 0.0 outinratio 0.0722 

ZH126_4l_pT4l_pTHj_genbin3_recobin1 acc 0.0308 eff 0.0 outinratio 0.0609 

ttH126_4l_pT4l_pTHj_genbin3_recobin1 acc 0.0076 eff 0.0 outinratio 0.1722 

ggH126_4l_pT4l_pTHj_genbin4_recobin1 acc 0.0243 eff 0.0 outinratio 0.0673 

VBFH126_4l_pT4l_pTHj_genbin4_recobin1 acc 0.0855 eff 0.0 outinratio 0.0324 

WminusH126_4l_pT4l_pTHj_genbin4_recobin1 acc 0.0397 eff 0.0 outinratio 0.0579 

WplusH126_4l_pT4l_pTHj_genbin4_recobin1 acc 0.0357 eff 0.0 outinratio 0.0722 

ZH126_4l_pT4l_pTHj_genbin4_recobin1 acc 0.0369 eff 0.0 outinratio 0.0609 

ttH126_4l_pT4l_pTHj_genbin4_recobin1 acc 0.0214 eff 0.0 outinratio 0.1722 

ggH126_4l_pT4l_pTHj_genbin5_recobin1 acc 0.0249 eff 0.0028 outinratio 0.0673 

VBFH126_4l_pT4l_pTHj_genbin5_recobin1 acc 0.1246 eff 0.0082 outinratio 0.0324 

WminusH126_4l_pT4l_pTHj_genbin5_recobin1 acc 0.0891 eff 0.0102 outinratio 0.0579 

WplusH126_4l_pT4l_pTHj_genbin5_recobin1 acc 0.081 eff 0.0062 outinratio 0.0722 

ZH126_4l_pT4l_pTHj_genbin5_recobin1 acc 0.0978 eff 0.0108 outinratio 0.0609 

ttH126_4l_pT4l_pTHj_genbin5_recobin1 acc 0.1932 eff 0.0021 outinratio 0.1722 

ggH126_4l_pT4l_pTHj_genbin6_recobin1 acc 0.0097 eff 0.0 outinratio 0.0673 

VBFH126_4l_pT4l_pTHj_genbin6_recobin1 acc 0.038 eff 0.0 outinratio 0.0324 

WminusH126_4l_pT4l_pTHj_genbin6_recobin1 acc 0.0317 eff 0.0 outinratio 0.0579 

WplusH126_4l_pT4l_pTHj_genbin6_recobin1 acc 0.0293 eff 0.0 outinratio 0.0722 

ZH126_4l_pT4l_pTHj_genbin6_recobin1 acc 0.0323 eff 0.0 outinratio 0.0609 

ttH126_4l_pT4l_pTHj_genbin6_recobin1 acc 0.0877 eff 0.0 outinratio 0.1722 

ggH126_4l_pT4l_pTHj_genbin0_recobin2 acc 0.2591 eff 0.0107 outinratio 0.0494 

VBFH126_4l_pT4l_pTHj_genbin0_recobin2 acc 0.0388 eff 0.047 outinratio 0.031 

WminusH126_4l_pT4l_pTHj_genbin0_recobin2 acc 0.0827 eff 0.0259 outinratio 0.1062 

WplusH126_4l_pT4l_pTHj_genbin0_recobin2 acc 0.0705 eff 0.013 outinratio 0.0962 

ZH126_4l_pT4l_pTHj_genbin0_recobin2 acc 0.0737 eff 0.0126 outinratio 0.0531 

ttH126_4l_pT4l_pTHj_genbin0_recobin2 acc 0.0007 eff 0.0 outinratio 0.1364 

ggH126_4l_pT4l_pTHj_genbin1_recobin2 acc 0.033 eff 0.0167 outinratio 0.0494 

VBFH126_4l_pT4l_pTHj_genbin1_recobin2 acc 0.0465 eff 0.0084 outinratio 0.031 

WminusH126_4l_pT4l_pTHj_genbin1_recobin2 acc 0.0376 eff 0.002 outinratio 0.1062 

WplusH126_4l_pT4l_pTHj_genbin1_recobin2 acc 0.0306 eff 0.0033 outinratio 0.0962 

ZH126_4l_pT4l_pTHj_genbin1_recobin2 acc 0.0357 eff 0.0066 outinratio 0.0531 

ttH126_4l_pT4l_pTHj_genbin1_recobin2 acc 0.0026 eff 0.0 outinratio 0.1364 

ggH126_4l_pT4l_pTHj_genbin2_recobin2 acc 0.0414 eff 0.4743 outinratio 0.0494 

VBFH126_4l_pT4l_pTHj_genbin2_recobin2 acc 0.062 eff 0.4305 outinratio 0.031 

WminusH126_4l_pT4l_pTHj_genbin2_recobin2 acc 0.0386 eff 0.44 outinratio 0.1062 

WplusH126_4l_pT4l_pTHj_genbin2_recobin2 acc 0.0336 eff 0.4535 outinratio 0.0962 

ZH126_4l_pT4l_pTHj_genbin2_recobin2 acc 0.0391 eff 0.4627 outinratio 0.0531 

ttH126_4l_pT4l_pTHj_genbin2_recobin2 acc 0.0058 eff 0.3499 outinratio 0.1364 

ggH126_4l_pT4l_pTHj_genbin3_recobin2 acc 0.0206 eff 0.0247 outinratio 0.0494 

VBFH126_4l_pT4l_pTHj_genbin3_recobin2 acc 0.0564 eff 0.0235 outinratio 0.031 

WminusH126_4l_pT4l_pTHj_genbin3_recobin2 acc 0.0323 eff 0.0208 outinratio 0.1062 

WplusH126_4l_pT4l_pTHj_genbin3_recobin2 acc 0.028 eff 0.0113 outinratio 0.0962 

ZH126_4l_pT4l_pTHj_genbin3_recobin2 acc 0.0308 eff 0.026 outinratio 0.0531 

ttH126_4l_pT4l_pTHj_genbin3_recobin2 acc 0.0076 eff 0.0073 outinratio 0.1364 

ggH126_4l_pT4l_pTHj_genbin4_recobin2 acc 0.0243 eff 0.0 outinratio 0.0494 

VBFH126_4l_pT4l_pTHj_genbin4_recobin2 acc 0.0855 eff 0.0 outinratio 0.031 

WminusH126_4l_pT4l_pTHj_genbin4_recobin2 acc 0.0397 eff 0.0 outinratio 0.1062 

WplusH126_4l_pT4l_pTHj_genbin4_recobin2 acc 0.0357 eff 0.0013 outinratio 0.0962 

ZH126_4l_pT4l_pTHj_genbin4_recobin2 acc 0.0369 eff 0.0 outinratio 0.0531 

ttH126_4l_pT4l_pTHj_genbin4_recobin2 acc 0.0214 eff 0.0 outinratio 0.1364 

ggH126_4l_pT4l_pTHj_genbin5_recobin2 acc 0.0249 eff 0.0078 outinratio 0.0494 

VBFH126_4l_pT4l_pTHj_genbin5_recobin2 acc 0.1246 eff 0.0059 outinratio 0.031 

WminusH126_4l_pT4l_pTHj_genbin5_recobin2 acc 0.0891 eff 0.0096 outinratio 0.1062 

WplusH126_4l_pT4l_pTHj_genbin5_recobin2 acc 0.081 eff 0.0136 outinratio 0.0962 

ZH126_4l_pT4l_pTHj_genbin5_recobin2 acc 0.0978 eff 0.0105 outinratio 0.0531 

ttH126_4l_pT4l_pTHj_genbin5_recobin2 acc 0.1932 eff 0.0039 outinratio 0.1364 

ggH126_4l_pT4l_pTHj_genbin6_recobin2 acc 0.0097 eff 0.0 outinratio 0.0494 

VBFH126_4l_pT4l_pTHj_genbin6_recobin2 acc 0.038 eff 0.0 outinratio 0.031 

WminusH126_4l_pT4l_pTHj_genbin6_recobin2 acc 0.0317 eff 0.0 outinratio 0.1062 

WplusH126_4l_pT4l_pTHj_genbin6_recobin2 acc 0.0293 eff 0.0 outinratio 0.0962 

ZH126_4l_pT4l_pTHj_genbin6_recobin2 acc 0.0323 eff 0.0 outinratio 0.0531 

ttH126_4l_pT4l_pTHj_genbin6_recobin2 acc 0.0877 eff 0.0 outinratio 0.1364 

ggH126_4l_pT4l_pTHj_genbin0_recobin3 acc 0.2591 eff 0.0006 outinratio 0.0493 

VBFH126_4l_pT4l_pTHj_genbin0_recobin3 acc 0.0388 eff 0.0032 outinratio 0.0398 

WminusH126_4l_pT4l_pTHj_genbin0_recobin3 acc 0.0827 eff 0.0162 outinratio 0.0516 

WplusH126_4l_pT4l_pTHj_genbin0_recobin3 acc 0.0705 eff 0.0061 outinratio 0.0895 

ZH126_4l_pT4l_pTHj_genbin0_recobin3 acc 0.0737 eff 0.0042 outinratio 0.0588 

ttH126_4l_pT4l_pTHj_genbin0_recobin3 acc 0.0007 eff 0.0 outinratio 0.1225 

ggH126_4l_pT4l_pTHj_genbin1_recobin3 acc 0.033 eff 0.0 outinratio 0.0493 

VBFH126_4l_pT4l_pTHj_genbin1_recobin3 acc 0.0465 eff 0.0 outinratio 0.0398 

WminusH126_4l_pT4l_pTHj_genbin1_recobin3 acc 0.0376 eff 0.0 outinratio 0.0516 

WplusH126_4l_pT4l_pTHj_genbin1_recobin3 acc 0.0306 eff 0.0 outinratio 0.0895 

ZH126_4l_pT4l_pTHj_genbin1_recobin3 acc 0.0357 eff 0.0 outinratio 0.0588 

ttH126_4l_pT4l_pTHj_genbin1_recobin3 acc 0.0026 eff 0.0 outinratio 0.1225 

ggH126_4l_pT4l_pTHj_genbin2_recobin3 acc 0.0414 eff 0.0053 outinratio 0.0493 

VBFH126_4l_pT4l_pTHj_genbin2_recobin3 acc 0.062 eff 0.0103 outinratio 0.0398 

WminusH126_4l_pT4l_pTHj_genbin2_recobin3 acc 0.0386 eff 0.0172 outinratio 0.0516 

WplusH126_4l_pT4l_pTHj_genbin2_recobin3 acc 0.0336 eff 0.0118 outinratio 0.0895 

ZH126_4l_pT4l_pTHj_genbin2_recobin3 acc 0.0391 eff 0.0043 outinratio 0.0588 

ttH126_4l_pT4l_pTHj_genbin2_recobin3 acc 0.0058 eff 0.0127 outinratio 0.1225 

ggH126_4l_pT4l_pTHj_genbin3_recobin3 acc 0.0206 eff 0.4197 outinratio 0.0493 

VBFH126_4l_pT4l_pTHj_genbin3_recobin3 acc 0.0564 eff 0.4449 outinratio 0.0398 

WminusH126_4l_pT4l_pTHj_genbin3_recobin3 acc 0.0323 eff 0.445 outinratio 0.0516 

WplusH126_4l_pT4l_pTHj_genbin3_recobin3 acc 0.028 eff 0.4328 outinratio 0.0895 

ZH126_4l_pT4l_pTHj_genbin3_recobin3 acc 0.0308 eff 0.4674 outinratio 0.0588 

ttH126_4l_pT4l_pTHj_genbin3_recobin3 acc 0.0076 eff 0.3581 outinratio 0.1225 

ggH126_4l_pT4l_pTHj_genbin4_recobin3 acc 0.0243 eff 0.0206 outinratio 0.0493 

VBFH126_4l_pT4l_pTHj_genbin4_recobin3 acc 0.0855 eff 0.0112 outinratio 0.0398 

WminusH126_4l_pT4l_pTHj_genbin4_recobin3 acc 0.0397 eff 0.0078 outinratio 0.0516 

WplusH126_4l_pT4l_pTHj_genbin4_recobin3 acc 0.0357 eff 0.0088 outinratio 0.0895 

ZH126_4l_pT4l_pTHj_genbin4_recobin3 acc 0.0369 eff 0.0127 outinratio 0.0588 

ttH126_4l_pT4l_pTHj_genbin4_recobin3 acc 0.0214 eff 0.0089 outinratio 0.1225 

ggH126_4l_pT4l_pTHj_genbin5_recobin3 acc 0.0249 eff 0.0164 outinratio 0.0493 

VBFH126_4l_pT4l_pTHj_genbin5_recobin3 acc 0.1246 eff 0.0138 outinratio 0.0398 

WminusH126_4l_pT4l_pTHj_genbin5_recobin3 acc 0.0891 eff 0.0085 outinratio 0.0516 

WplusH126_4l_pT4l_pTHj_genbin5_recobin3 acc 0.081 eff 0.0175 outinratio 0.0895 

ZH126_4l_pT4l_pTHj_genbin5_recobin3 acc 0.0978 eff 0.0109 outinratio 0.0588 

ttH126_4l_pT4l_pTHj_genbin5_recobin3 acc 0.1932 eff 0.0059 outinratio 0.1225 

ggH126_4l_pT4l_pTHj_genbin6_recobin3 acc 0.0097 eff 0.0 outinratio 0.0493 

VBFH126_4l_pT4l_pTHj_genbin6_recobin3 acc 0.038 eff 0.0 outinratio 0.0398 

WminusH126_4l_pT4l_pTHj_genbin6_recobin3 acc 0.0317 eff 0.0 outinratio 0.0516 

WplusH126_4l_pT4l_pTHj_genbin6_recobin3 acc 0.0293 eff 0.0 outinratio 0.0895 

ZH126_4l_pT4l_pTHj_genbin6_recobin3 acc 0.0323 eff 0.0 outinratio 0.0588 

ttH126_4l_pT4l_pTHj_genbin6_recobin3 acc 0.0877 eff 0.0 outinratio 0.1225 

ggH126_4l_pT4l_pTHj_genbin0_recobin4 acc 0.2591 eff 0.0 outinratio 0.0344 

VBFH126_4l_pT4l_pTHj_genbin0_recobin4 acc 0.0388 eff 0.0001 outinratio 0.0278 

WminusH126_4l_pT4l_pTHj_genbin0_recobin4 acc 0.0827 eff 0.0085 outinratio 0.073 

WplusH126_4l_pT4l_pTHj_genbin0_recobin4 acc 0.0705 eff 0.007 outinratio 0.0371 

ZH126_4l_pT4l_pTHj_genbin0_recobin4 acc 0.0737 eff 0.0026 outinratio 0.0679 

ttH126_4l_pT4l_pTHj_genbin0_recobin4 acc 0.0007 eff 0.0 outinratio 0.1703 

ggH126_4l_pT4l_pTHj_genbin1_recobin4 acc 0.033 eff 0.0 outinratio 0.0344 

VBFH126_4l_pT4l_pTHj_genbin1_recobin4 acc 0.0465 eff 0.0 outinratio 0.0278 

WminusH126_4l_pT4l_pTHj_genbin1_recobin4 acc 0.0376 eff 0.0 outinratio 0.073 

WplusH126_4l_pT4l_pTHj_genbin1_recobin4 acc 0.0306 eff 0.0 outinratio 0.0371 

ZH126_4l_pT4l_pTHj_genbin1_recobin4 acc 0.0357 eff 0.0 outinratio 0.0679 

ttH126_4l_pT4l_pTHj_genbin1_recobin4 acc 0.0026 eff 0.0 outinratio 0.1703 

ggH126_4l_pT4l_pTHj_genbin2_recobin4 acc 0.0414 eff 0.0 outinratio 0.0344 

VBFH126_4l_pT4l_pTHj_genbin2_recobin4 acc 0.062 eff 0.0 outinratio 0.0278 

WminusH126_4l_pT4l_pTHj_genbin2_recobin4 acc 0.0386 eff 0.0 outinratio 0.073 

WplusH126_4l_pT4l_pTHj_genbin2_recobin4 acc 0.0336 eff 0.0 outinratio 0.0371 

ZH126_4l_pT4l_pTHj_genbin2_recobin4 acc 0.0391 eff 0.0 outinratio 0.0679 

ttH126_4l_pT4l_pTHj_genbin2_recobin4 acc 0.0058 eff 0.0 outinratio 0.1703 

ggH126_4l_pT4l_pTHj_genbin3_recobin4 acc 0.0206 eff 0.0121 outinratio 0.0344 

VBFH126_4l_pT4l_pTHj_genbin3_recobin4 acc 0.0564 eff 0.0115 outinratio 0.0278 

WminusH126_4l_pT4l_pTHj_genbin3_recobin4 acc 0.0323 eff 0.003 outinratio 0.073 

WplusH126_4l_pT4l_pTHj_genbin3_recobin4 acc 0.028 eff 0.0097 outinratio 0.0371 

ZH126_4l_pT4l_pTHj_genbin3_recobin4 acc 0.0308 eff 0.0119 outinratio 0.0679 

ttH126_4l_pT4l_pTHj_genbin3_recobin4 acc 0.0076 eff 0.0199 outinratio 0.1703 

ggH126_4l_pT4l_pTHj_genbin4_recobin4 acc 0.0243 eff 0.5098 outinratio 0.0344 

VBFH126_4l_pT4l_pTHj_genbin4_recobin4 acc 0.0855 eff 0.4538 outinratio 0.0278 

WminusH126_4l_pT4l_pTHj_genbin4_recobin4 acc 0.0397 eff 0.4712 outinratio 0.073 

WplusH126_4l_pT4l_pTHj_genbin4_recobin4 acc 0.0357 eff 0.4805 outinratio 0.0371 

ZH126_4l_pT4l_pTHj_genbin4_recobin4 acc 0.0369 eff 0.4632 outinratio 0.0679 

ttH126_4l_pT4l_pTHj_genbin4_recobin4 acc 0.0214 eff 0.4011 outinratio 0.1703 

ggH126_4l_pT4l_pTHj_genbin5_recobin4 acc 0.0249 eff 0.0233 outinratio 0.0344 

VBFH126_4l_pT4l_pTHj_genbin5_recobin4 acc 0.1246 eff 0.0403 outinratio 0.0278 

WminusH126_4l_pT4l_pTHj_genbin5_recobin4 acc 0.0891 eff 0.0213 outinratio 0.073 

WplusH126_4l_pT4l_pTHj_genbin5_recobin4 acc 0.081 eff 0.0274 outinratio 0.0371 

ZH126_4l_pT4l_pTHj_genbin5_recobin4 acc 0.0978 eff 0.0252 outinratio 0.0679 

ttH126_4l_pT4l_pTHj_genbin5_recobin4 acc 0.1932 eff 0.0098 outinratio 0.1703 

ggH126_4l_pT4l_pTHj_genbin6_recobin4 acc 0.0097 eff 0.051 outinratio 0.0344 

VBFH126_4l_pT4l_pTHj_genbin6_recobin4 acc 0.038 eff 0.0406 outinratio 0.0278 

WminusH126_4l_pT4l_pTHj_genbin6_recobin4 acc 0.0317 eff 0.0279 outinratio 0.073 

WplusH126_4l_pT4l_pTHj_genbin6_recobin4 acc 0.0293 eff 0.0272 outinratio 0.0371 

ZH126_4l_pT4l_pTHj_genbin6_recobin4 acc 0.0323 eff 0.0113 outinratio 0.0679 

ttH126_4l_pT4l_pTHj_genbin6_recobin4 acc 0.0877 eff 0.0091 outinratio 0.1703 

ggH126_4l_pT4l_pTHj_genbin0_recobin5 acc 0.2591 eff 0.0155 outinratio 0.0728 

VBFH126_4l_pT4l_pTHj_genbin0_recobin5 acc 0.0388 eff 0.0312 outinratio 0.0361 

WminusH126_4l_pT4l_pTHj_genbin0_recobin5 acc 0.0827 eff 0.069 outinratio 0.076 

WplusH126_4l_pT4l_pTHj_genbin0_recobin5 acc 0.0705 eff 0.0902 outinratio 0.076 

ZH126_4l_pT4l_pTHj_genbin0_recobin5 acc 0.0737 eff 0.0341 outinratio 0.0782 

ttH126_4l_pT4l_pTHj_genbin0_recobin5 acc 0.0007 eff 0.2525 outinratio 0.1824 

ggH126_4l_pT4l_pTHj_genbin1_recobin5 acc 0.033 eff 0.0486 outinratio 0.0728 

VBFH126_4l_pT4l_pTHj_genbin1_recobin5 acc 0.0465 eff 0.0973 outinratio 0.0361 

WminusH126_4l_pT4l_pTHj_genbin1_recobin5 acc 0.0376 eff 0.0761 outinratio 0.076 

WplusH126_4l_pT4l_pTHj_genbin1_recobin5 acc 0.0306 eff 0.1059 outinratio 0.076 

ZH126_4l_pT4l_pTHj_genbin1_recobin5 acc 0.0357 eff 0.091 outinratio 0.0782 

ttH126_4l_pT4l_pTHj_genbin1_recobin5 acc 0.0026 eff 0.243 outinratio 0.1824 

ggH126_4l_pT4l_pTHj_genbin2_recobin5 acc 0.0414 eff 0.0426 outinratio 0.0728 

VBFH126_4l_pT4l_pTHj_genbin2_recobin5 acc 0.062 eff 0.0578 outinratio 0.0361 

WminusH126_4l_pT4l_pTHj_genbin2_recobin5 acc 0.0386 eff 0.0449 outinratio 0.076 

WplusH126_4l_pT4l_pTHj_genbin2_recobin5 acc 0.0336 eff 0.0428 outinratio 0.076 

ZH126_4l_pT4l_pTHj_genbin2_recobin5 acc 0.0391 eff 0.0655 outinratio 0.0782 

ttH126_4l_pT4l_pTHj_genbin2_recobin5 acc 0.0058 eff 0.2346 outinratio 0.1824 

ggH126_4l_pT4l_pTHj_genbin3_recobin5 acc 0.0206 eff 0.0322 outinratio 0.0728 

VBFH126_4l_pT4l_pTHj_genbin3_recobin5 acc 0.0564 eff 0.0562 outinratio 0.0361 

WminusH126_4l_pT4l_pTHj_genbin3_recobin5 acc 0.0323 eff 0.0435 outinratio 0.076 

WplusH126_4l_pT4l_pTHj_genbin3_recobin5 acc 0.028 eff 0.0511 outinratio 0.076 

ZH126_4l_pT4l_pTHj_genbin3_recobin5 acc 0.0308 eff 0.0641 outinratio 0.0782 

ttH126_4l_pT4l_pTHj_genbin3_recobin5 acc 0.0076 eff 0.1883 outinratio 0.1824 

ggH126_4l_pT4l_pTHj_genbin4_recobin5 acc 0.0243 eff 0.0368 outinratio 0.0728 

VBFH126_4l_pT4l_pTHj_genbin4_recobin5 acc 0.0855 eff 0.069 outinratio 0.0361 

WminusH126_4l_pT4l_pTHj_genbin4_recobin5 acc 0.0397 eff 0.0626 outinratio 0.076 

WplusH126_4l_pT4l_pTHj_genbin4_recobin5 acc 0.0357 eff 0.0642 outinratio 0.076 

ZH126_4l_pT4l_pTHj_genbin4_recobin5 acc 0.0369 eff 0.0368 outinratio 0.0782 

ttH126_4l_pT4l_pTHj_genbin4_recobin5 acc 0.0214 eff 0.1026 outinratio 0.1824 

ggH126_4l_pT4l_pTHj_genbin5_recobin5 acc 0.0249 eff 0.4534 outinratio 0.0728 

VBFH126_4l_pT4l_pTHj_genbin5_recobin5 acc 0.1246 eff 0.4922 outinratio 0.0361 

WminusH126_4l_pT4l_pTHj_genbin5_recobin5 acc 0.0891 eff 0.4826 outinratio 0.076 

WplusH126_4l_pT4l_pTHj_genbin5_recobin5 acc 0.081 eff 0.4585 outinratio 0.076 

ZH126_4l_pT4l_pTHj_genbin5_recobin5 acc 0.0978 eff 0.4729 outinratio 0.0782 

ttH126_4l_pT4l_pTHj_genbin5_recobin5 acc 0.1932 eff 0.5114 outinratio 0.1824 

ggH126_4l_pT4l_pTHj_genbin6_recobin5 acc 0.0097 eff 0.0 outinratio 0.0728 

VBFH126_4l_pT4l_pTHj_genbin6_recobin5 acc 0.038 eff 0.014 outinratio 0.0361 

WminusH126_4l_pT4l_pTHj_genbin6_recobin5 acc 0.0317 eff 0.0091 outinratio 0.076 

WplusH126_4l_pT4l_pTHj_genbin6_recobin5 acc 0.0293 eff 0.0143 outinratio 0.076 

ZH126_4l_pT4l_pTHj_genbin6_recobin5 acc 0.0323 eff 0.0083 outinratio 0.0782 

ttH126_4l_pT4l_pTHj_genbin6_recobin5 acc 0.0877 eff 0.012 outinratio 0.1824 

ggH126_4l_pT4l_pTHj_genbin0_recobin6 acc 0.2591 eff 0.0 outinratio 0.0 

VBFH126_4l_pT4l_pTHj_genbin0_recobin6 acc 0.0388 eff 0.0 outinratio 0.0288 

WminusH126_4l_pT4l_pTHj_genbin0_recobin6 acc 0.0827 eff 0.0136 outinratio 0.067 

WplusH126_4l_pT4l_pTHj_genbin0_recobin6 acc 0.0705 eff 0.0142 outinratio 0.0576 

ZH126_4l_pT4l_pTHj_genbin0_recobin6 acc 0.0737 eff 0.0053 outinratio 0.0106 

ttH126_4l_pT4l_pTHj_genbin0_recobin6 acc 0.0007 eff 0.0895 outinratio 0.1194 

ggH126_4l_pT4l_pTHj_genbin1_recobin6 acc 0.033 eff 0.0 outinratio 0.0 

VBFH126_4l_pT4l_pTHj_genbin1_recobin6 acc 0.0465 eff 0.0 outinratio 0.0288 

WminusH126_4l_pT4l_pTHj_genbin1_recobin6 acc 0.0376 eff 0.0 outinratio 0.067 

WplusH126_4l_pT4l_pTHj_genbin1_recobin6 acc 0.0306 eff 0.0 outinratio 0.0576 

ZH126_4l_pT4l_pTHj_genbin1_recobin6 acc 0.0357 eff 0.0 outinratio 0.0106 

ttH126_4l_pT4l_pTHj_genbin1_recobin6 acc 0.0026 eff 0.0 outinratio 0.1194 

ggH126_4l_pT4l_pTHj_genbin2_recobin6 acc 0.0414 eff 0.0 outinratio 0.0 

VBFH126_4l_pT4l_pTHj_genbin2_recobin6 acc 0.062 eff 0.0 outinratio 0.0288 

WminusH126_4l_pT4l_pTHj_genbin2_recobin6 acc 0.0386 eff 0.0 outinratio 0.067 

WplusH126_4l_pT4l_pTHj_genbin2_recobin6 acc 0.0336 eff 0.0 outinratio 0.0576 

ZH126_4l_pT4l_pTHj_genbin2_recobin6 acc 0.0391 eff 0.0 outinratio 0.0106 

ttH126_4l_pT4l_pTHj_genbin2_recobin6 acc 0.0058 eff 0.0 outinratio 0.1194 

ggH126_4l_pT4l_pTHj_genbin3_recobin6 acc 0.0206 eff 0.0 outinratio 0.0 

VBFH126_4l_pT4l_pTHj_genbin3_recobin6 acc 0.0564 eff 0.0 outinratio 0.0288 

WminusH126_4l_pT4l_pTHj_genbin3_recobin6 acc 0.0323 eff 0.0 outinratio 0.067 

WplusH126_4l_pT4l_pTHj_genbin3_recobin6 acc 0.028 eff 0.0 outinratio 0.0576 

ZH126_4l_pT4l_pTHj_genbin3_recobin6 acc 0.0308 eff 0.0 outinratio 0.0106 

ttH126_4l_pT4l_pTHj_genbin3_recobin6 acc 0.0076 eff 0.0 outinratio 0.1194 

ggH126_4l_pT4l_pTHj_genbin4_recobin6 acc 0.0243 eff 0.0103 outinratio 0.0 

VBFH126_4l_pT4l_pTHj_genbin4_recobin6 acc 0.0855 eff 0.0262 outinratio 0.0288 

WminusH126_4l_pT4l_pTHj_genbin4_recobin6 acc 0.0397 eff 0.0309 outinratio 0.067 

WplusH126_4l_pT4l_pTHj_genbin4_recobin6 acc 0.0357 eff 0.0148 outinratio 0.0576 

ZH126_4l_pT4l_pTHj_genbin4_recobin6 acc 0.0369 eff 0.0182 outinratio 0.0106 

ttH126_4l_pT4l_pTHj_genbin4_recobin6 acc 0.0214 eff 0.0325 outinratio 0.1194 

ggH126_4l_pT4l_pTHj_genbin5_recobin6 acc 0.0249 eff 0.0 outinratio 0.0 

VBFH126_4l_pT4l_pTHj_genbin5_recobin6 acc 0.1246 eff 0.0015 outinratio 0.0288 

WminusH126_4l_pT4l_pTHj_genbin5_recobin6 acc 0.0891 eff 0.0015 outinratio 0.067 

WplusH126_4l_pT4l_pTHj_genbin5_recobin6 acc 0.081 eff 0.0046 outinratio 0.0576 

ZH126_4l_pT4l_pTHj_genbin5_recobin6 acc 0.0978 eff 0.0035 outinratio 0.0106 

ttH126_4l_pT4l_pTHj_genbin5_recobin6 acc 0.1932 eff 0.003 outinratio 0.1194 

ggH126_4l_pT4l_pTHj_genbin6_recobin6 acc 0.0097 eff 0.5759 outinratio 0.0 

VBFH126_4l_pT4l_pTHj_genbin6_recobin6 acc 0.038 eff 0.5786 outinratio 0.0288 

WminusH126_4l_pT4l_pTHj_genbin6_recobin6 acc 0.0317 eff 0.5709 outinratio 0.067 

WplusH126_4l_pT4l_pTHj_genbin6_recobin6 acc 0.0293 eff 0.5501 outinratio 0.0576 

ZH126_4l_pT4l_pTHj_genbin6_recobin6 acc 0.0323 eff 0.6138 outinratio 0.0106 

ttH126_4l_pT4l_pTHj_genbin6_recobin6 acc 0.0877 eff 0.5712 outinratio 0.1194 

ggH126_4e_pT4l_pTHj_genbin0_recobin0 acc 0.2518 eff 0.2829 outinratio 0.0387 

VBFH126_4e_pT4l_pTHj_genbin0_recobin0 acc 0.0355 eff 0.2181 outinratio 0.0286 

WminusH126_4e_pT4l_pTHj_genbin0_recobin0 acc 0.0843 eff 0.2144 outinratio 0.0634 

WplusH126_4e_pT4l_pTHj_genbin0_recobin0 acc 0.0592 eff 0.2314 outinratio 0.1537 

ZH126_4e_pT4l_pTHj_genbin0_recobin0 acc 0.0722 eff 0.2101 outinratio 0.1221 

ttH126_4e_pT4l_pTHj_genbin0_recobin0 acc 0.0006 eff 0.0326 outinratio 1.1865 

ggH126_4e_pT4l_pTHj_genbin1_recobin0 acc 0.0277 eff 0.0555 outinratio 0.0387 

VBFH126_4e_pT4l_pTHj_genbin1_recobin0 acc 0.043 eff 0.0312 outinratio 0.0286 

WminusH126_4e_pT4l_pTHj_genbin1_recobin0 acc 0.0333 eff 0.0226 outinratio 0.0634 

WplusH126_4e_pT4l_pTHj_genbin1_recobin0 acc 0.0327 eff 0.0659 outinratio 0.1537 

ZH126_4e_pT4l_pTHj_genbin1_recobin0 acc 0.0261 eff 0.0 outinratio 0.1221 

ttH126_4e_pT4l_pTHj_genbin1_recobin0 acc 0.0032 eff 0.0 outinratio 1.1865 

ggH126_4e_pT4l_pTHj_genbin2_recobin0 acc 0.0406 eff 0.0224 outinratio 0.0387 

VBFH126_4e_pT4l_pTHj_genbin2_recobin0 acc 0.0574 eff 0.0318 outinratio 0.0286 

WminusH126_4e_pT4l_pTHj_genbin2_recobin0 acc 0.0358 eff 0.0255 outinratio 0.0634 

WplusH126_4e_pT4l_pTHj_genbin2_recobin0 acc 0.0324 eff 0.0312 outinratio 0.1537 

ZH126_4e_pT4l_pTHj_genbin2_recobin0 acc 0.0361 eff 0.0 outinratio 0.1221 

ttH126_4e_pT4l_pTHj_genbin2_recobin0 acc 0.0056 eff 0.0 outinratio 1.1865 

ggH126_4e_pT4l_pTHj_genbin3_recobin0 acc 0.0209 eff 0.0156 outinratio 0.0387 

VBFH126_4e_pT4l_pTHj_genbin3_recobin0 acc 0.0583 eff 0.011 outinratio 0.0286 

WminusH126_4e_pT4l_pTHj_genbin3_recobin0 acc 0.0309 eff 0.0114 outinratio 0.0634 

WplusH126_4e_pT4l_pTHj_genbin3_recobin0 acc 0.0257 eff 0.0068 outinratio 0.1537 

ZH126_4e_pT4l_pTHj_genbin3_recobin0 acc 0.0292 eff 0.0 outinratio 0.1221 

ttH126_4e_pT4l_pTHj_genbin3_recobin0 acc 0.0072 eff 0.0 outinratio 1.1865 

ggH126_4e_pT4l_pTHj_genbin4_recobin0 acc 0.0262 eff 0.006 outinratio 0.0387 

VBFH126_4e_pT4l_pTHj_genbin4_recobin0 acc 0.0847 eff 0.0093 outinratio 0.0286 

WminusH126_4e_pT4l_pTHj_genbin4_recobin0 acc 0.0344 eff 0.0 outinratio 0.0634 

WplusH126_4e_pT4l_pTHj_genbin4_recobin0 acc 0.0318 eff 0.0064 outinratio 0.1537 

ZH126_4e_pT4l_pTHj_genbin4_recobin0 acc 0.0317 eff 0.0 outinratio 0.1221 

ttH126_4e_pT4l_pTHj_genbin4_recobin0 acc 0.0199 eff 0.0 outinratio 1.1865 

ggH126_4e_pT4l_pTHj_genbin5_recobin0 acc 0.0243 eff 0.0 outinratio 0.0387 

VBFH126_4e_pT4l_pTHj_genbin5_recobin0 acc 0.1229 eff 0.0018 outinratio 0.0286 

WminusH126_4e_pT4l_pTHj_genbin5_recobin0 acc 0.0928 eff 0.0024 outinratio 0.0634 

WplusH126_4e_pT4l_pTHj_genbin5_recobin0 acc 0.0816 eff 0.0042 outinratio 0.1537 

ZH126_4e_pT4l_pTHj_genbin5_recobin0 acc 0.0933 eff 0.006 outinratio 0.1221 

ttH126_4e_pT4l_pTHj_genbin5_recobin0 acc 0.1877 eff 0.0007 outinratio 1.1865 

ggH126_4e_pT4l_pTHj_genbin6_recobin0 acc 0.0107 eff 0.0 outinratio 0.0387 

VBFH126_4e_pT4l_pTHj_genbin6_recobin0 acc 0.0354 eff 0.0047 outinratio 0.0286 

WminusH126_4e_pT4l_pTHj_genbin6_recobin0 acc 0.0361 eff 0.0 outinratio 0.0634 

WplusH126_4e_pT4l_pTHj_genbin6_recobin0 acc 0.0302 eff 0.0 outinratio 0.1537 

ZH126_4e_pT4l_pTHj_genbin6_recobin0 acc 0.0311 eff 0.0 outinratio 0.1221 

ttH126_4e_pT4l_pTHj_genbin6_recobin0 acc 0.085 eff 0.0 outinratio 1.1865 

ggH126_4e_pT4l_pTHj_genbin0_recobin1 acc 0.2518 eff 0.0324 outinratio 0.0727 

VBFH126_4e_pT4l_pTHj_genbin0_recobin1 acc 0.0355 eff 0.0457 outinratio 0.0459 

WminusH126_4e_pT4l_pTHj_genbin0_recobin1 acc 0.0843 eff 0.0228 outinratio 0.0252 

WplusH126_4e_pT4l_pTHj_genbin0_recobin1 acc 0.0592 eff 0.0182 outinratio 0.0279 

ZH126_4e_pT4l_pTHj_genbin0_recobin1 acc 0.0722 eff 0.005 outinratio 0.0512 

ttH126_4e_pT4l_pTHj_genbin0_recobin1 acc 0.0006 eff 0.0787 outinratio 0.2128 

ggH126_4e_pT4l_pTHj_genbin1_recobin1 acc 0.0277 eff 0.1937 outinratio 0.0727 

VBFH126_4e_pT4l_pTHj_genbin1_recobin1 acc 0.043 eff 0.2028 outinratio 0.0459 

WminusH126_4e_pT4l_pTHj_genbin1_recobin1 acc 0.0333 eff 0.2489 outinratio 0.0252 

WplusH126_4e_pT4l_pTHj_genbin1_recobin1 acc 0.0327 eff 0.2537 outinratio 0.0279 

ZH126_4e_pT4l_pTHj_genbin1_recobin1 acc 0.0261 eff 0.2617 outinratio 0.0512 

ttH126_4e_pT4l_pTHj_genbin1_recobin1 acc 0.0032 eff 0.1381 outinratio 0.2128 

ggH126_4e_pT4l_pTHj_genbin2_recobin1 acc 0.0406 eff 0.0168 outinratio 0.0727 

VBFH126_4e_pT4l_pTHj_genbin2_recobin1 acc 0.0574 eff 0.0092 outinratio 0.0459 

WminusH126_4e_pT4l_pTHj_genbin2_recobin1 acc 0.0358 eff 0.0018 outinratio 0.0252 

WplusH126_4e_pT4l_pTHj_genbin2_recobin1 acc 0.0324 eff 0.03 outinratio 0.0279 

ZH126_4e_pT4l_pTHj_genbin2_recobin1 acc 0.0361 eff 0.054 outinratio 0.0512 

ttH126_4e_pT4l_pTHj_genbin2_recobin1 acc 0.0056 eff 0.0 outinratio 0.2128 

ggH126_4e_pT4l_pTHj_genbin3_recobin1 acc 0.0209 eff 0.0 outinratio 0.0727 

VBFH126_4e_pT4l_pTHj_genbin3_recobin1 acc 0.0583 eff 0.0 outinratio 0.0459 

WminusH126_4e_pT4l_pTHj_genbin3_recobin1 acc 0.0309 eff 0.0 outinratio 0.0252 

WplusH126_4e_pT4l_pTHj_genbin3_recobin1 acc 0.0257 eff 0.0 outinratio 0.0279 

ZH126_4e_pT4l_pTHj_genbin3_recobin1 acc 0.0292 eff 0.0 outinratio 0.0512 

ttH126_4e_pT4l_pTHj_genbin3_recobin1 acc 0.0072 eff 0.0 outinratio 0.2128 

ggH126_4e_pT4l_pTHj_genbin4_recobin1 acc 0.0262 eff 0.0 outinratio 0.0727 

VBFH126_4e_pT4l_pTHj_genbin4_recobin1 acc 0.0847 eff 0.0 outinratio 0.0459 

WminusH126_4e_pT4l_pTHj_genbin4_recobin1 acc 0.0344 eff 0.0 outinratio 0.0252 

WplusH126_4e_pT4l_pTHj_genbin4_recobin1 acc 0.0318 eff 0.0 outinratio 0.0279 

ZH126_4e_pT4l_pTHj_genbin4_recobin1 acc 0.0317 eff 0.0 outinratio 0.0512 

ttH126_4e_pT4l_pTHj_genbin4_recobin1 acc 0.0199 eff 0.0 outinratio 0.2128 

ggH126_4e_pT4l_pTHj_genbin5_recobin1 acc 0.0243 eff 0.0109 outinratio 0.0727 

VBFH126_4e_pT4l_pTHj_genbin5_recobin1 acc 0.1229 eff 0.0066 outinratio 0.0459 

WminusH126_4e_pT4l_pTHj_genbin5_recobin1 acc 0.0928 eff 0.0044 outinratio 0.0252 

WplusH126_4e_pT4l_pTHj_genbin5_recobin1 acc 0.0816 eff 0.0045 outinratio 0.0279 

ZH126_4e_pT4l_pTHj_genbin5_recobin1 acc 0.0933 eff 0.0074 outinratio 0.0512 

ttH126_4e_pT4l_pTHj_genbin5_recobin1 acc 0.1877 eff 0.0003 outinratio 0.2128 

ggH126_4e_pT4l_pTHj_genbin6_recobin1 acc 0.0107 eff 0.0 outinratio 0.0727 

VBFH126_4e_pT4l_pTHj_genbin6_recobin1 acc 0.0354 eff 0.0 outinratio 0.0459 

WminusH126_4e_pT4l_pTHj_genbin6_recobin1 acc 0.0361 eff 0.0 outinratio 0.0252 

WplusH126_4e_pT4l_pTHj_genbin6_recobin1 acc 0.0302 eff 0.0 outinratio 0.0279 

ZH126_4e_pT4l_pTHj_genbin6_recobin1 acc 0.0311 eff 0.0 outinratio 0.0512 

ttH126_4e_pT4l_pTHj_genbin6_recobin1 acc 0.085 eff 0.0 outinratio 0.2128 

ggH126_4e_pT4l_pTHj_genbin0_recobin2 acc 0.2518 eff 0.004 outinratio 0.0808 

VBFH126_4e_pT4l_pTHj_genbin0_recobin2 acc 0.0355 eff 0.033 outinratio 0.0395 

WminusH126_4e_pT4l_pTHj_genbin0_recobin2 acc 0.0843 eff 0.0147 outinratio 0.0352 

WplusH126_4e_pT4l_pTHj_genbin0_recobin2 acc 0.0592 eff 0.0079 outinratio 0.2359 

ZH126_4e_pT4l_pTHj_genbin0_recobin2 acc 0.0722 eff -0.0062 outinratio 0.1176 

ttH126_4e_pT4l_pTHj_genbin0_recobin2 acc 0.0006 eff 0.0 outinratio 0.1593 

ggH126_4e_pT4l_pTHj_genbin1_recobin2 acc 0.0277 eff 0.0173 outinratio 0.0808 

VBFH126_4e_pT4l_pTHj_genbin1_recobin2 acc 0.043 eff 0.0074 outinratio 0.0395 

WminusH126_4e_pT4l_pTHj_genbin1_recobin2 acc 0.0333 eff 0.0 outinratio 0.0352 

WplusH126_4e_pT4l_pTHj_genbin1_recobin2 acc 0.0327 eff 0.0 outinratio 0.2359 

ZH126_4e_pT4l_pTHj_genbin1_recobin2 acc 0.0261 eff 0.0356 outinratio 0.1176 

ttH126_4e_pT4l_pTHj_genbin1_recobin2 acc 0.0032 eff 0.0 outinratio 0.1593 

ggH126_4e_pT4l_pTHj_genbin2_recobin2 acc 0.0406 eff 0.3377 outinratio 0.0808 

VBFH126_4e_pT4l_pTHj_genbin2_recobin2 acc 0.0574 eff 0.2585 outinratio 0.0395 

WminusH126_4e_pT4l_pTHj_genbin2_recobin2 acc 0.0358 eff 0.2406 outinratio 0.0352 

WplusH126_4e_pT4l_pTHj_genbin2_recobin2 acc 0.0324 eff 0.3183 outinratio 0.2359 

ZH126_4e_pT4l_pTHj_genbin2_recobin2 acc 0.0361 eff 0.1805 outinratio 0.1176 

ttH126_4e_pT4l_pTHj_genbin2_recobin2 acc 0.0056 eff 0.1362 outinratio 0.1593 

ggH126_4e_pT4l_pTHj_genbin3_recobin2 acc 0.0209 eff 0.0352 outinratio 0.0808 

VBFH126_4e_pT4l_pTHj_genbin3_recobin2 acc 0.0583 eff 0.0209 outinratio 0.0395 

WminusH126_4e_pT4l_pTHj_genbin3_recobin2 acc 0.0309 eff 0.012 outinratio 0.0352 

WplusH126_4e_pT4l_pTHj_genbin3_recobin2 acc 0.0257 eff 0.0209 outinratio 0.2359 

ZH126_4e_pT4l_pTHj_genbin3_recobin2 acc 0.0292 eff 0.0071 outinratio 0.1176 

ttH126_4e_pT4l_pTHj_genbin3_recobin2 acc 0.0072 eff 0.0163 outinratio 0.1593 

ggH126_4e_pT4l_pTHj_genbin4_recobin2 acc 0.0262 eff 0.0 outinratio 0.0808 

VBFH126_4e_pT4l_pTHj_genbin4_recobin2 acc 0.0847 eff 0.0 outinratio 0.0395 

WminusH126_4e_pT4l_pTHj_genbin4_recobin2 acc 0.0344 eff 0.0 outinratio 0.0352 

WplusH126_4e_pT4l_pTHj_genbin4_recobin2 acc 0.0318 eff 0.0 outinratio 0.2359 

ZH126_4e_pT4l_pTHj_genbin4_recobin2 acc 0.0317 eff 0.0 outinratio 0.1176 

ttH126_4e_pT4l_pTHj_genbin4_recobin2 acc 0.0199 eff 0.0 outinratio 0.1593 

ggH126_4e_pT4l_pTHj_genbin5_recobin2 acc 0.0243 eff 0.003 outinratio 0.0808 

VBFH126_4e_pT4l_pTHj_genbin5_recobin2 acc 0.1229 eff 0.0057 outinratio 0.0395 

WminusH126_4e_pT4l_pTHj_genbin5_recobin2 acc 0.0928 eff 0.0092 outinratio 0.0352 

WplusH126_4e_pT4l_pTHj_genbin5_recobin2 acc 0.0816 eff 0.0 outinratio 0.2359 

ZH126_4e_pT4l_pTHj_genbin5_recobin2 acc 0.0933 eff 0.0131 outinratio 0.1176 

ttH126_4e_pT4l_pTHj_genbin5_recobin2 acc 0.1877 eff 0.0018 outinratio 0.1593 

ggH126_4e_pT4l_pTHj_genbin6_recobin2 acc 0.0107 eff 0.0 outinratio 0.0808 

VBFH126_4e_pT4l_pTHj_genbin6_recobin2 acc 0.0354 eff 0.0 outinratio 0.0395 

WminusH126_4e_pT4l_pTHj_genbin6_recobin2 acc 0.0361 eff 0.0 outinratio 0.0352 

WplusH126_4e_pT4l_pTHj_genbin6_recobin2 acc 0.0302 eff 0.0 outinratio 0.2359 

ZH126_4e_pT4l_pTHj_genbin6_recobin2 acc 0.0311 eff 0.0 outinratio 0.1176 

ttH126_4e_pT4l_pTHj_genbin6_recobin2 acc 0.085 eff 0.0 outinratio 0.1593 

ggH126_4e_pT4l_pTHj_genbin0_recobin3 acc 0.2518 eff 0.0 outinratio 0.0 

VBFH126_4e_pT4l_pTHj_genbin0_recobin3 acc 0.0355 eff 0.0014 outinratio 0.0263 

WminusH126_4e_pT4l_pTHj_genbin0_recobin3 acc 0.0843 eff 0.0052 outinratio 0.0547 

WplusH126_4e_pT4l_pTHj_genbin0_recobin3 acc 0.0592 eff 0.0037 outinratio 0.0481 

ZH126_4e_pT4l_pTHj_genbin0_recobin3 acc 0.0722 eff 0.0 outinratio 0.1323 

ttH126_4e_pT4l_pTHj_genbin0_recobin3 acc 0.0006 eff 0.0 outinratio 0.1161 

ggH126_4e_pT4l_pTHj_genbin1_recobin3 acc 0.0277 eff 0.0 outinratio 0.0 

VBFH126_4e_pT4l_pTHj_genbin1_recobin3 acc 0.043 eff 0.0 outinratio 0.0263 

WminusH126_4e_pT4l_pTHj_genbin1_recobin3 acc 0.0333 eff 0.0 outinratio 0.0547 

WplusH126_4e_pT4l_pTHj_genbin1_recobin3 acc 0.0327 eff 0.0 outinratio 0.0481 

ZH126_4e_pT4l_pTHj_genbin1_recobin3 acc 0.0261 eff 0.0 outinratio 0.1323 

ttH126_4e_pT4l_pTHj_genbin1_recobin3 acc 0.0032 eff 0.0 outinratio 0.1161 

ggH126_4e_pT4l_pTHj_genbin2_recobin3 acc 0.0406 eff 0.0 outinratio 0.0 

VBFH126_4e_pT4l_pTHj_genbin2_recobin3 acc 0.0574 eff 0.0049 outinratio 0.0263 

WminusH126_4e_pT4l_pTHj_genbin2_recobin3 acc 0.0358 eff 0.0091 outinratio 0.0547 

WplusH126_4e_pT4l_pTHj_genbin2_recobin3 acc 0.0324 eff 0.0 outinratio 0.0481 

ZH126_4e_pT4l_pTHj_genbin2_recobin3 acc 0.0361 eff 0.0052 outinratio 0.1323 

ttH126_4e_pT4l_pTHj_genbin2_recobin3 acc 0.0056 eff 0.0316 outinratio 0.1161 

ggH126_4e_pT4l_pTHj_genbin3_recobin3 acc 0.0209 eff 0.2743 outinratio 0.0 

VBFH126_4e_pT4l_pTHj_genbin3_recobin3 acc 0.0583 eff 0.2791 outinratio 0.0263 

WminusH126_4e_pT4l_pTHj_genbin3_recobin3 acc 0.0309 eff 0.265 outinratio 0.0547 

WplusH126_4e_pT4l_pTHj_genbin3_recobin3 acc 0.0257 eff 0.2119 outinratio 0.0481 

ZH126_4e_pT4l_pTHj_genbin3_recobin3 acc 0.0292 eff 0.24 outinratio 0.1323 

ttH126_4e_pT4l_pTHj_genbin3_recobin3 acc 0.0072 eff 0.2223 outinratio 0.1161 

ggH126_4e_pT4l_pTHj_genbin4_recobin3 acc 0.0262 eff 0.0069 outinratio 0.0 

VBFH126_4e_pT4l_pTHj_genbin4_recobin3 acc 0.0847 eff 0.0118 outinratio 0.0263 

WminusH126_4e_pT4l_pTHj_genbin4_recobin3 acc 0.0344 eff 0.0031 outinratio 0.0547 

WplusH126_4e_pT4l_pTHj_genbin4_recobin3 acc 0.0318 eff 0.0026 outinratio 0.0481 

ZH126_4e_pT4l_pTHj_genbin4_recobin3 acc 0.0317 eff 0.0108 outinratio 0.1323 

ttH126_4e_pT4l_pTHj_genbin4_recobin3 acc 0.0199 eff 0.0049 outinratio 0.1161 

ggH126_4e_pT4l_pTHj_genbin5_recobin3 acc 0.0243 eff 0.0 outinratio 0.0 

VBFH126_4e_pT4l_pTHj_genbin5_recobin3 acc 0.1229 eff 0.0054 outinratio 0.0263 

WminusH126_4e_pT4l_pTHj_genbin5_recobin3 acc 0.0928 eff 0.0038 outinratio 0.0547 

WplusH126_4e_pT4l_pTHj_genbin5_recobin3 acc 0.0816 eff 0.011 outinratio 0.0481 

ZH126_4e_pT4l_pTHj_genbin5_recobin3 acc 0.0933 eff 0.0138 outinratio 0.1323 

ttH126_4e_pT4l_pTHj_genbin5_recobin3 acc 0.1877 eff 0.0037 outinratio 0.1161 

ggH126_4e_pT4l_pTHj_genbin6_recobin3 acc 0.0107 eff 0.0 outinratio 0.0 

VBFH126_4e_pT4l_pTHj_genbin6_recobin3 acc 0.0354 eff 0.0 outinratio 0.0263 

WminusH126_4e_pT4l_pTHj_genbin6_recobin3 acc 0.0361 eff 0.0 outinratio 0.0547 

WplusH126_4e_pT4l_pTHj_genbin6_recobin3 acc 0.0302 eff 0.0 outinratio 0.0481 

ZH126_4e_pT4l_pTHj_genbin6_recobin3 acc 0.0311 eff 0.0 outinratio 0.1323 

ttH126_4e_pT4l_pTHj_genbin6_recobin3 acc 0.085 eff 0.0 outinratio 0.1161 

ggH126_4e_pT4l_pTHj_genbin0_recobin4 acc 0.2518 eff 0.0 outinratio 0.0107 

VBFH126_4e_pT4l_pTHj_genbin0_recobin4 acc 0.0355 eff 0.0 outinratio 0.0175 

WminusH126_4e_pT4l_pTHj_genbin0_recobin4 acc 0.0843 eff 0.0053 outinratio 0.0303 

WplusH126_4e_pT4l_pTHj_genbin0_recobin4 acc 0.0592 eff 0.0075 outinratio 0.0805 

ZH126_4e_pT4l_pTHj_genbin0_recobin4 acc 0.0722 eff 0.0 outinratio 0.0507 

ttH126_4e_pT4l_pTHj_genbin0_recobin4 acc 0.0006 eff 0.0 outinratio 0.1734 

ggH126_4e_pT4l_pTHj_genbin1_recobin4 acc 0.0277 eff 0.0 outinratio 0.0107 

VBFH126_4e_pT4l_pTHj_genbin1_recobin4 acc 0.043 eff 0.0 outinratio 0.0175 

WminusH126_4e_pT4l_pTHj_genbin1_recobin4 acc 0.0333 eff 0.0 outinratio 0.0303 

WplusH126_4e_pT4l_pTHj_genbin1_recobin4 acc 0.0327 eff 0.0 outinratio 0.0805 

ZH126_4e_pT4l_pTHj_genbin1_recobin4 acc 0.0261 eff 0.0 outinratio 0.0507 

ttH126_4e_pT4l_pTHj_genbin1_recobin4 acc 0.0032 eff 0.0 outinratio 0.1734 

ggH126_4e_pT4l_pTHj_genbin2_recobin4 acc 0.0406 eff 0.0 outinratio 0.0107 

VBFH126_4e_pT4l_pTHj_genbin2_recobin4 acc 0.0574 eff 0.0 outinratio 0.0175 

WminusH126_4e_pT4l_pTHj_genbin2_recobin4 acc 0.0358 eff 0.0 outinratio 0.0303 

WplusH126_4e_pT4l_pTHj_genbin2_recobin4 acc 0.0324 eff 0.0 outinratio 0.0805 

ZH126_4e_pT4l_pTHj_genbin2_recobin4 acc 0.0361 eff 0.0 outinratio 0.0507 

ttH126_4e_pT4l_pTHj_genbin2_recobin4 acc 0.0056 eff 0.0 outinratio 0.1734 

ggH126_4e_pT4l_pTHj_genbin3_recobin4 acc 0.0209 eff 0.037 outinratio 0.0107 

VBFH126_4e_pT4l_pTHj_genbin3_recobin4 acc 0.0583 eff 0.0022 outinratio 0.0175 

WminusH126_4e_pT4l_pTHj_genbin3_recobin4 acc 0.0309 eff 0.0061 outinratio 0.0303 

WplusH126_4e_pT4l_pTHj_genbin3_recobin4 acc 0.0257 eff 0.0046 outinratio 0.0805 

ZH126_4e_pT4l_pTHj_genbin3_recobin4 acc 0.0292 eff 0.0 outinratio 0.0507 

ttH126_4e_pT4l_pTHj_genbin3_recobin4 acc 0.0072 eff 0.0272 outinratio 0.1734 

ggH126_4e_pT4l_pTHj_genbin4_recobin4 acc 0.0262 eff 0.3627 outinratio 0.0107 

VBFH126_4e_pT4l_pTHj_genbin4_recobin4 acc 0.0847 eff 0.2724 outinratio 0.0175 

WminusH126_4e_pT4l_pTHj_genbin4_recobin4 acc 0.0344 eff 0.2423 outinratio 0.0303 

WplusH126_4e_pT4l_pTHj_genbin4_recobin4 acc 0.0318 eff 0.274 outinratio 0.0805 

ZH126_4e_pT4l_pTHj_genbin4_recobin4 acc 0.0317 eff 0.3007 outinratio 0.0507 

ttH126_4e_pT4l_pTHj_genbin4_recobin4 acc 0.0199 eff 0.2454 outinratio 0.1734 

ggH126_4e_pT4l_pTHj_genbin5_recobin4 acc 0.0243 eff 0.0078 outinratio 0.0107 

VBFH126_4e_pT4l_pTHj_genbin5_recobin4 acc 0.1229 eff 0.0223 outinratio 0.0175 

WminusH126_4e_pT4l_pTHj_genbin5_recobin4 acc 0.0928 eff 0.0159 outinratio 0.0303 

WplusH126_4e_pT4l_pTHj_genbin5_recobin4 acc 0.0816 eff 0.0112 outinratio 0.0805 

ZH126_4e_pT4l_pTHj_genbin5_recobin4 acc 0.0933 eff 0.0092 outinratio 0.0507 

ttH126_4e_pT4l_pTHj_genbin5_recobin4 acc 0.1877 eff 0.0057 outinratio 0.1734 

ggH126_4e_pT4l_pTHj_genbin6_recobin4 acc 0.0107 eff 0.0098 outinratio 0.0107 

VBFH126_4e_pT4l_pTHj_genbin6_recobin4 acc 0.0354 eff 0.0341 outinratio 0.0175 

WminusH126_4e_pT4l_pTHj_genbin6_recobin4 acc 0.0361 eff 0.0299 outinratio 0.0303 

WplusH126_4e_pT4l_pTHj_genbin6_recobin4 acc 0.0302 eff 0.0064 outinratio 0.0805 

ZH126_4e_pT4l_pTHj_genbin6_recobin4 acc 0.0311 eff 0.0181 outinratio 0.0507 

ttH126_4e_pT4l_pTHj_genbin6_recobin4 acc 0.085 eff 0.0061 outinratio 0.1734 

ggH126_4e_pT4l_pTHj_genbin0_recobin5 acc 0.2518 eff 0.0072 outinratio 0.0967 

VBFH126_4e_pT4l_pTHj_genbin0_recobin5 acc 0.0355 eff 0.022 outinratio 0.0308 

WminusH126_4e_pT4l_pTHj_genbin0_recobin5 acc 0.0843 eff 0.0297 outinratio 0.1088 

WplusH126_4e_pT4l_pTHj_genbin0_recobin5 acc 0.0592 eff 0.0511 outinratio 0.0706 

ZH126_4e_pT4l_pTHj_genbin0_recobin5 acc 0.0722 eff 0.0174 outinratio 0.091 

ttH126_4e_pT4l_pTHj_genbin0_recobin5 acc 0.0006 eff 0.0597 outinratio 0.2359 

ggH126_4e_pT4l_pTHj_genbin1_recobin5 acc 0.0277 eff 0.0219 outinratio 0.0967 

VBFH126_4e_pT4l_pTHj_genbin1_recobin5 acc 0.043 eff 0.0511 outinratio 0.0308 

WminusH126_4e_pT4l_pTHj_genbin1_recobin5 acc 0.0333 eff 0.0653 outinratio 0.1088 

WplusH126_4e_pT4l_pTHj_genbin1_recobin5 acc 0.0327 eff 0.0599 outinratio 0.0706 

ZH126_4e_pT4l_pTHj_genbin1_recobin5 acc 0.0261 eff 0.046 outinratio 0.091 

ttH126_4e_pT4l_pTHj_genbin1_recobin5 acc 0.0032 eff 0.2105 outinratio 0.2359 

ggH126_4e_pT4l_pTHj_genbin2_recobin5 acc 0.0406 eff 0.0153 outinratio 0.0967 

VBFH126_4e_pT4l_pTHj_genbin2_recobin5 acc 0.0574 eff 0.0351 outinratio 0.0308 

WminusH126_4e_pT4l_pTHj_genbin2_recobin5 acc 0.0358 eff 0.0332 outinratio 0.1088 

WplusH126_4e_pT4l_pTHj_genbin2_recobin5 acc 0.0324 eff 0.0191 outinratio 0.0706 

ZH126_4e_pT4l_pTHj_genbin2_recobin5 acc 0.0361 eff 0.117 outinratio 0.091 

ttH126_4e_pT4l_pTHj_genbin2_recobin5 acc 0.0056 eff 0.2108 outinratio 0.2359 

ggH126_4e_pT4l_pTHj_genbin3_recobin5 acc 0.0209 eff 0.0364 outinratio 0.0967 

VBFH126_4e_pT4l_pTHj_genbin3_recobin5 acc 0.0583 eff 0.0291 outinratio 0.0308 

WminusH126_4e_pT4l_pTHj_genbin3_recobin5 acc 0.0309 eff 0.0317 outinratio 0.1088 

WplusH126_4e_pT4l_pTHj_genbin3_recobin5 acc 0.0257 eff 0.0459 outinratio 0.0706 

ZH126_4e_pT4l_pTHj_genbin3_recobin5 acc 0.0292 eff 0.0444 outinratio 0.091 

ttH126_4e_pT4l_pTHj_genbin3_recobin5 acc 0.0072 eff 0.08 outinratio 0.2359 

ggH126_4e_pT4l_pTHj_genbin4_recobin5 acc 0.0262 eff 0.0091 outinratio 0.0967 

VBFH126_4e_pT4l_pTHj_genbin4_recobin5 acc 0.0847 eff 0.045 outinratio 0.0308 

WminusH126_4e_pT4l_pTHj_genbin4_recobin5 acc 0.0344 eff 0.027 outinratio 0.1088 

WplusH126_4e_pT4l_pTHj_genbin4_recobin5 acc 0.0318 eff 0.0293 outinratio 0.0706 

ZH126_4e_pT4l_pTHj_genbin4_recobin5 acc 0.0317 eff 0.05 outinratio 0.091 

ttH126_4e_pT4l_pTHj_genbin4_recobin5 acc 0.0199 eff 0.0702 outinratio 0.2359 

ggH126_4e_pT4l_pTHj_genbin5_recobin5 acc 0.0243 eff 0.2716 outinratio 0.0967 

VBFH126_4e_pT4l_pTHj_genbin5_recobin5 acc 0.1229 eff 0.3145 outinratio 0.0308 

WminusH126_4e_pT4l_pTHj_genbin5_recobin5 acc 0.0928 eff 0.2861 outinratio 0.1088 

WplusH126_4e_pT4l_pTHj_genbin5_recobin5 acc 0.0816 eff 0.3159 outinratio 0.0706 

ZH126_4e_pT4l_pTHj_genbin5_recobin5 acc 0.0933 eff 0.3093 outinratio 0.091 

ttH126_4e_pT4l_pTHj_genbin5_recobin5 acc 0.1877 eff 0.314 outinratio 0.2359 

ggH126_4e_pT4l_pTHj_genbin6_recobin5 acc 0.0107 eff 0.0 outinratio 0.0967 

VBFH126_4e_pT4l_pTHj_genbin6_recobin5 acc 0.0354 eff 0.0156 outinratio 0.0308 

WminusH126_4e_pT4l_pTHj_genbin6_recobin5 acc 0.0361 eff 0.0084 outinratio 0.1088 

WplusH126_4e_pT4l_pTHj_genbin6_recobin5 acc 0.0302 eff 0.0271 outinratio 0.0706 

ZH126_4e_pT4l_pTHj_genbin6_recobin5 acc 0.0311 eff 0.012 outinratio 0.091 

ttH126_4e_pT4l_pTHj_genbin6_recobin5 acc 0.085 eff 0.0136 outinratio 0.2359 

ggH126_4e_pT4l_pTHj_genbin0_recobin6 acc 0.2518 eff 0.0 outinratio 0.0 

VBFH126_4e_pT4l_pTHj_genbin0_recobin6 acc 0.0355 eff 0.0 outinratio 0.0139 

WminusH126_4e_pT4l_pTHj_genbin0_recobin6 acc 0.0843 eff 0.0027 outinratio 0.0435 

WplusH126_4e_pT4l_pTHj_genbin0_recobin6 acc 0.0592 eff 0.0063 outinratio 0.0739 

ZH126_4e_pT4l_pTHj_genbin0_recobin6 acc 0.0722 eff 0.0134 outinratio 0.0 

ttH126_4e_pT4l_pTHj_genbin0_recobin6 acc 0.0006 eff 0.1164 outinratio 0.1517 

ggH126_4e_pT4l_pTHj_genbin1_recobin6 acc 0.0277 eff 0.0 outinratio 0.0 

VBFH126_4e_pT4l_pTHj_genbin1_recobin6 acc 0.043 eff 0.0 outinratio 0.0139 

WminusH126_4e_pT4l_pTHj_genbin1_recobin6 acc 0.0333 eff 0.0 outinratio 0.0435 

WplusH126_4e_pT4l_pTHj_genbin1_recobin6 acc 0.0327 eff 0.0 outinratio 0.0739 

ZH126_4e_pT4l_pTHj_genbin1_recobin6 acc 0.0261 eff 0.0 outinratio 0.0 

ttH126_4e_pT4l_pTHj_genbin1_recobin6 acc 0.0032 eff 0.0 outinratio 0.1517 

ggH126_4e_pT4l_pTHj_genbin2_recobin6 acc 0.0406 eff 0.0 outinratio 0.0 

VBFH126_4e_pT4l_pTHj_genbin2_recobin6 acc 0.0574 eff 0.0 outinratio 0.0139 

WminusH126_4e_pT4l_pTHj_genbin2_recobin6 acc 0.0358 eff 0.0 outinratio 0.0435 

WplusH126_4e_pT4l_pTHj_genbin2_recobin6 acc 0.0324 eff 0.0 outinratio 0.0739 

ZH126_4e_pT4l_pTHj_genbin2_recobin6 acc 0.0361 eff 0.0 outinratio 0.0 

ttH126_4e_pT4l_pTHj_genbin2_recobin6 acc 0.0056 eff 0.0 outinratio 0.1517 

ggH126_4e_pT4l_pTHj_genbin3_recobin6 acc 0.0209 eff 0.0 outinratio 0.0 

VBFH126_4e_pT4l_pTHj_genbin3_recobin6 acc 0.0583 eff 0.0 outinratio 0.0139 

WminusH126_4e_pT4l_pTHj_genbin3_recobin6 acc 0.0309 eff 0.0 outinratio 0.0435 

WplusH126_4e_pT4l_pTHj_genbin3_recobin6 acc 0.0257 eff 0.0 outinratio 0.0739 

ZH126_4e_pT4l_pTHj_genbin3_recobin6 acc 0.0292 eff 0.0 outinratio 0.0 

ttH126_4e_pT4l_pTHj_genbin3_recobin6 acc 0.0072 eff 0.0 outinratio 0.1517 

ggH126_4e_pT4l_pTHj_genbin4_recobin6 acc 0.0262 eff 0.0 outinratio 0.0 

VBFH126_4e_pT4l_pTHj_genbin4_recobin6 acc 0.0847 eff 0.0224 outinratio 0.0139 

WminusH126_4e_pT4l_pTHj_genbin4_recobin6 acc 0.0344 eff 0.0132 outinratio 0.0435 

WplusH126_4e_pT4l_pTHj_genbin4_recobin6 acc 0.0318 eff 0.005 outinratio 0.0739 

ZH126_4e_pT4l_pTHj_genbin4_recobin6 acc 0.0317 eff 0.0 outinratio 0.0 

ttH126_4e_pT4l_pTHj_genbin4_recobin6 acc 0.0199 eff 0.0277 outinratio 0.1517 

ggH126_4e_pT4l_pTHj_genbin5_recobin6 acc 0.0243 eff 0.0 outinratio 0.0 

VBFH126_4e_pT4l_pTHj_genbin5_recobin6 acc 0.1229 eff 0.0006 outinratio 0.0139 

WminusH126_4e_pT4l_pTHj_genbin5_recobin6 acc 0.0928 eff 0.0011 outinratio 0.0435 

WplusH126_4e_pT4l_pTHj_genbin5_recobin6 acc 0.0816 eff 0.0046 outinratio 0.0739 

ZH126_4e_pT4l_pTHj_genbin5_recobin6 acc 0.0933 eff 0.0087 outinratio 0.0 

ttH126_4e_pT4l_pTHj_genbin5_recobin6 acc 0.1877 eff 0.0013 outinratio 0.1517 

ggH126_4e_pT4l_pTHj_genbin6_recobin6 acc 0.0107 eff 0.3072 outinratio 0.0 

VBFH126_4e_pT4l_pTHj_genbin6_recobin6 acc 0.0354 eff 0.3261 outinratio 0.0139 

WminusH126_4e_pT4l_pTHj_genbin6_recobin6 acc 0.0361 eff 0.4126 outinratio 0.0435 

WplusH126_4e_pT4l_pTHj_genbin6_recobin6 acc 0.0302 eff 0.4236 outinratio 0.0739 

ZH126_4e_pT4l_pTHj_genbin6_recobin6 acc 0.0311 eff 0.3863 outinratio 0.0 

ttH126_4e_pT4l_pTHj_genbin6_recobin6 acc 0.085 eff 0.3566 outinratio 0.1517 

ggH126_4mu_pT4l_pTHj_genbin0_recobin0 acc 0.2663 eff 0.6669 outinratio 0.0436 

VBFH126_4mu_pT4l_pTHj_genbin0_recobin0 acc 0.041 eff 0.5273 outinratio 0.0149 

WminusH126_4mu_pT4l_pTHj_genbin0_recobin0 acc 0.0872 eff 0.5391 outinratio 0.0639 

WplusH126_4mu_pT4l_pTHj_genbin0_recobin0 acc 0.0788 eff 0.52 outinratio 0.0564 

ZH126_4mu_pT4l_pTHj_genbin0_recobin0 acc 0.0724 eff 0.6215 outinratio 0.0721 

ttH126_4mu_pT4l_pTHj_genbin0_recobin0 acc 0.0004 eff -1.0 outinratio 0.6739 

ggH126_4mu_pT4l_pTHj_genbin1_recobin0 acc 0.0352 eff 0.1867 outinratio 0.0436 

VBFH126_4mu_pT4l_pTHj_genbin1_recobin0 acc 0.0508 eff 0.0892 outinratio 0.0149 

WminusH126_4mu_pT4l_pTHj_genbin1_recobin0 acc 0.0431 eff 0.0686 outinratio 0.0639 

WplusH126_4mu_pT4l_pTHj_genbin1_recobin0 acc 0.0295 eff 0.0714 outinratio 0.0564 

ZH126_4mu_pT4l_pTHj_genbin1_recobin0 acc 0.041 eff 0.1047 outinratio 0.0721 

ttH126_4mu_pT4l_pTHj_genbin1_recobin0 acc 0.0026 eff 0.0 outinratio 0.6739 

ggH126_4mu_pT4l_pTHj_genbin2_recobin0 acc 0.043 eff 0.0686 outinratio 0.0436 

VBFH126_4mu_pT4l_pTHj_genbin2_recobin0 acc 0.0677 eff 0.0641 outinratio 0.0149 

WminusH126_4mu_pT4l_pTHj_genbin2_recobin0 acc 0.0424 eff 0.0419 outinratio 0.0639 

WplusH126_4mu_pT4l_pTHj_genbin2_recobin0 acc 0.0348 eff 0.0645 outinratio 0.0564 

ZH126_4mu_pT4l_pTHj_genbin2_recobin0 acc 0.0416 eff 0.0479 outinratio 0.0721 

ttH126_4mu_pT4l_pTHj_genbin2_recobin0 acc 0.0069 eff 0.0 outinratio 0.6739 

ggH126_4mu_pT4l_pTHj_genbin3_recobin0 acc 0.0203 eff 0.0157 outinratio 0.0436 

VBFH126_4mu_pT4l_pTHj_genbin3_recobin0 acc 0.0581 eff 0.0381 outinratio 0.0149 

WminusH126_4mu_pT4l_pTHj_genbin3_recobin0 acc 0.0334 eff 0.0433 outinratio 0.0639 

WplusH126_4mu_pT4l_pTHj_genbin3_recobin0 acc 0.0292 eff 0.0086 outinratio 0.0564 

ZH126_4mu_pT4l_pTHj_genbin3_recobin0 acc 0.0291 eff 0.0255 outinratio 0.0721 

ttH126_4mu_pT4l_pTHj_genbin3_recobin0 acc 0.0093 eff 0.0 outinratio 0.6739 

ggH126_4mu_pT4l_pTHj_genbin4_recobin0 acc 0.0205 eff 0.016 outinratio 0.0436 

VBFH126_4mu_pT4l_pTHj_genbin4_recobin0 acc 0.0859 eff 0.0067 outinratio 0.0149 

WminusH126_4mu_pT4l_pTHj_genbin4_recobin0 acc 0.0437 eff 0.0 outinratio 0.0639 

WplusH126_4mu_pT4l_pTHj_genbin4_recobin0 acc 0.0418 eff 0.0 outinratio 0.0564 

ZH126_4mu_pT4l_pTHj_genbin4_recobin0 acc 0.0439 eff 0.0 outinratio 0.0721 

ttH126_4mu_pT4l_pTHj_genbin4_recobin0 acc 0.024 eff 0.0 outinratio 0.6739 

ggH126_4mu_pT4l_pTHj_genbin5_recobin0 acc 0.0248 eff 0.0338 outinratio 0.0436 

VBFH126_4mu_pT4l_pTHj_genbin5_recobin0 acc 0.1332 eff 0.0087 outinratio 0.0149 

WminusH126_4mu_pT4l_pTHj_genbin5_recobin0 acc 0.0916 eff 0.0076 outinratio 0.0639 

WplusH126_4mu_pT4l_pTHj_genbin5_recobin0 acc 0.081 eff 0.0143 outinratio 0.0564 

ZH126_4mu_pT4l_pTHj_genbin5_recobin0 acc 0.1116 eff 0.0156 outinratio 0.0721 

ttH126_4mu_pT4l_pTHj_genbin5_recobin0 acc 0.205 eff 0.0009 outinratio 0.6739 

ggH126_4mu_pT4l_pTHj_genbin6_recobin0 acc 0.0107 eff 0.0 outinratio 0.0436 

VBFH126_4mu_pT4l_pTHj_genbin6_recobin0 acc 0.0428 eff 0.0 outinratio 0.0149 

WminusH126_4mu_pT4l_pTHj_genbin6_recobin0 acc 0.0314 eff 0.0038 outinratio 0.0639 

WplusH126_4mu_pT4l_pTHj_genbin6_recobin0 acc 0.0298 eff 0.0 outinratio 0.0564 

ZH126_4mu_pT4l_pTHj_genbin6_recobin0 acc 0.0362 eff 0.0 outinratio 0.0721 

ttH126_4mu_pT4l_pTHj_genbin6_recobin0 acc 0.0939 eff 0.0 outinratio 0.6739 

ggH126_4mu_pT4l_pTHj_genbin0_recobin1 acc 0.2663 eff 0.0839 outinratio 0.056 

VBFH126_4mu_pT4l_pTHj_genbin0_recobin1 acc 0.041 eff 0.1687 outinratio 0.0223 

WminusH126_4mu_pT4l_pTHj_genbin0_recobin1 acc 0.0872 eff 0.0631 outinratio 0.0611 

WplusH126_4mu_pT4l_pTHj_genbin0_recobin1 acc 0.0788 eff 0.0596 outinratio 0.0905 

ZH126_4mu_pT4l_pTHj_genbin0_recobin1 acc 0.0724 eff 0.0821 outinratio 0.0865 

ttH126_4mu_pT4l_pTHj_genbin0_recobin1 acc 0.0004 eff -1.0 outinratio 0.138 

ggH126_4mu_pT4l_pTHj_genbin1_recobin1 acc 0.0352 eff 0.4767 outinratio 0.056 

VBFH126_4mu_pT4l_pTHj_genbin1_recobin1 acc 0.0508 eff 0.5529 outinratio 0.0223 

WminusH126_4mu_pT4l_pTHj_genbin1_recobin1 acc 0.0431 eff 0.6287 outinratio 0.0611 

WplusH126_4mu_pT4l_pTHj_genbin1_recobin1 acc 0.0295 eff 0.5055 outinratio 0.0905 

ZH126_4mu_pT4l_pTHj_genbin1_recobin1 acc 0.041 eff 0.6378 outinratio 0.0865 

ttH126_4mu_pT4l_pTHj_genbin1_recobin1 acc 0.0026 eff 0.3644 outinratio 0.138 

ggH126_4mu_pT4l_pTHj_genbin2_recobin1 acc 0.043 eff 0.0104 outinratio 0.056 

VBFH126_4mu_pT4l_pTHj_genbin2_recobin1 acc 0.0677 eff 0.0105 outinratio 0.0223 

WminusH126_4mu_pT4l_pTHj_genbin2_recobin1 acc 0.0424 eff 0.0396 outinratio 0.0611 

WplusH126_4mu_pT4l_pTHj_genbin2_recobin1 acc 0.0348 eff 0.0367 outinratio 0.0905 

ZH126_4mu_pT4l_pTHj_genbin2_recobin1 acc 0.0416 eff 0.0351 outinratio 0.0865 

ttH126_4mu_pT4l_pTHj_genbin2_recobin1 acc 0.0069 eff 0.002 outinratio 0.138 

ggH126_4mu_pT4l_pTHj_genbin3_recobin1 acc 0.0203 eff 0.0 outinratio 0.056 

VBFH126_4mu_pT4l_pTHj_genbin3_recobin1 acc 0.0581 eff 0.0 outinratio 0.0223 

WminusH126_4mu_pT4l_pTHj_genbin3_recobin1 acc 0.0334 eff 0.0 outinratio 0.0611 

WplusH126_4mu_pT4l_pTHj_genbin3_recobin1 acc 0.0292 eff 0.0 outinratio 0.0905 

ZH126_4mu_pT4l_pTHj_genbin3_recobin1 acc 0.0291 eff 0.0 outinratio 0.0865 

ttH126_4mu_pT4l_pTHj_genbin3_recobin1 acc 0.0093 eff 0.0 outinratio 0.138 

ggH126_4mu_pT4l_pTHj_genbin4_recobin1 acc 0.0205 eff 0.0 outinratio 0.056 

VBFH126_4mu_pT4l_pTHj_genbin4_recobin1 acc 0.0859 eff 0.0 outinratio 0.0223 

WminusH126_4mu_pT4l_pTHj_genbin4_recobin1 acc 0.0437 eff 0.0 outinratio 0.0611 

WplusH126_4mu_pT4l_pTHj_genbin4_recobin1 acc 0.0418 eff 0.0 outinratio 0.0905 

ZH126_4mu_pT4l_pTHj_genbin4_recobin1 acc 0.0439 eff 0.0 outinratio 0.0865 

ttH126_4mu_pT4l_pTHj_genbin4_recobin1 acc 0.024 eff 0.0 outinratio 0.138 

ggH126_4mu_pT4l_pTHj_genbin5_recobin1 acc 0.0248 eff 0.0 outinratio 0.056 

VBFH126_4mu_pT4l_pTHj_genbin5_recobin1 acc 0.1332 eff 0.0087 outinratio 0.0223 

WminusH126_4mu_pT4l_pTHj_genbin5_recobin1 acc 0.0916 eff 0.0119 outinratio 0.0611 

WplusH126_4mu_pT4l_pTHj_genbin5_recobin1 acc 0.081 eff 0.0159 outinratio 0.0905 

ZH126_4mu_pT4l_pTHj_genbin5_recobin1 acc 0.1116 eff 0.0119 outinratio 0.0865 

ttH126_4mu_pT4l_pTHj_genbin5_recobin1 acc 0.205 eff 0.0031 outinratio 0.138 

ggH126_4mu_pT4l_pTHj_genbin6_recobin1 acc 0.0107 eff 0.0 outinratio 0.056 

VBFH126_4mu_pT4l_pTHj_genbin6_recobin1 acc 0.0428 eff 0.0 outinratio 0.0223 

WminusH126_4mu_pT4l_pTHj_genbin6_recobin1 acc 0.0314 eff 0.0 outinratio 0.0611 

WplusH126_4mu_pT4l_pTHj_genbin6_recobin1 acc 0.0298 eff 0.0 outinratio 0.0905 

ZH126_4mu_pT4l_pTHj_genbin6_recobin1 acc 0.0362 eff 0.0 outinratio 0.0865 

ttH126_4mu_pT4l_pTHj_genbin6_recobin1 acc 0.0939 eff 0.0 outinratio 0.138 

ggH126_4mu_pT4l_pTHj_genbin0_recobin2 acc 0.2663 eff 0.0117 outinratio 0.0569 

VBFH126_4mu_pT4l_pTHj_genbin0_recobin2 acc 0.041 eff 0.0661 outinratio 0.03 

WminusH126_4mu_pT4l_pTHj_genbin0_recobin2 acc 0.0872 eff 0.0247 outinratio 0.136 

WplusH126_4mu_pT4l_pTHj_genbin0_recobin2 acc 0.0788 eff 0.0121 outinratio 0.0581 

ZH126_4mu_pT4l_pTHj_genbin0_recobin2 acc 0.0724 eff 0.0304 outinratio 0.0447 

ttH126_4mu_pT4l_pTHj_genbin0_recobin2 acc 0.0004 eff -1.0 outinratio 0.1594 

ggH126_4mu_pT4l_pTHj_genbin1_recobin2 acc 0.0352 eff 0.03 outinratio 0.0569 

VBFH126_4mu_pT4l_pTHj_genbin1_recobin2 acc 0.0508 eff 0.0092 outinratio 0.03 

WminusH126_4mu_pT4l_pTHj_genbin1_recobin2 acc 0.0431 eff 0.0004 outinratio 0.136 

WplusH126_4mu_pT4l_pTHj_genbin1_recobin2 acc 0.0295 eff 0.0 outinratio 0.0581 

ZH126_4mu_pT4l_pTHj_genbin1_recobin2 acc 0.041 eff 0.0 outinratio 0.0447 

ttH126_4mu_pT4l_pTHj_genbin1_recobin2 acc 0.0026 eff 0.0 outinratio 0.1594 

ggH126_4mu_pT4l_pTHj_genbin2_recobin2 acc 0.043 eff 0.7135 outinratio 0.0569 

VBFH126_4mu_pT4l_pTHj_genbin2_recobin2 acc 0.0677 eff 0.6212 outinratio 0.03 

WminusH126_4mu_pT4l_pTHj_genbin2_recobin2 acc 0.0424 eff 0.6075 outinratio 0.136 

WplusH126_4mu_pT4l_pTHj_genbin2_recobin2 acc 0.0348 eff 0.6663 outinratio 0.0581 

ZH126_4mu_pT4l_pTHj_genbin2_recobin2 acc 0.0416 eff 0.7299 outinratio 0.0447 

ttH126_4mu_pT4l_pTHj_genbin2_recobin2 acc 0.0069 eff 0.4722 outinratio 0.1594 

ggH126_4mu_pT4l_pTHj_genbin3_recobin2 acc 0.0203 eff 0.0111 outinratio 0.0569 

VBFH126_4mu_pT4l_pTHj_genbin3_recobin2 acc 0.0581 eff 0.0243 outinratio 0.03 

WminusH126_4mu_pT4l_pTHj_genbin3_recobin2 acc 0.0334 eff 0.0199 outinratio 0.136 

WplusH126_4mu_pT4l_pTHj_genbin3_recobin2 acc 0.0292 eff 0.0 outinratio 0.0581 

ZH126_4mu_pT4l_pTHj_genbin3_recobin2 acc 0.0291 eff 0.0134 outinratio 0.0447 

ttH126_4mu_pT4l_pTHj_genbin3_recobin2 acc 0.0093 eff 0.0106 outinratio 0.1594 

ggH126_4mu_pT4l_pTHj_genbin4_recobin2 acc 0.0205 eff 0.0 outinratio 0.0569 

VBFH126_4mu_pT4l_pTHj_genbin4_recobin2 acc 0.0859 eff 0.0 outinratio 0.03 

WminusH126_4mu_pT4l_pTHj_genbin4_recobin2 acc 0.0437 eff 0.0 outinratio 0.136 

WplusH126_4mu_pT4l_pTHj_genbin4_recobin2 acc 0.0418 eff 0.0 outinratio 0.0581 

ZH126_4mu_pT4l_pTHj_genbin4_recobin2 acc 0.0439 eff 0.0 outinratio 0.0447 

ttH126_4mu_pT4l_pTHj_genbin4_recobin2 acc 0.024 eff 0.0 outinratio 0.1594 

ggH126_4mu_pT4l_pTHj_genbin5_recobin2 acc 0.0248 eff 0.0072 outinratio 0.0569 

VBFH126_4mu_pT4l_pTHj_genbin5_recobin2 acc 0.1332 eff 0.0083 outinratio 0.03 

WminusH126_4mu_pT4l_pTHj_genbin5_recobin2 acc 0.0916 eff 0.0075 outinratio 0.136 

WplusH126_4mu_pT4l_pTHj_genbin5_recobin2 acc 0.081 eff 0.0254 outinratio 0.0581 

ZH126_4mu_pT4l_pTHj_genbin5_recobin2 acc 0.1116 eff 0.0173 outinratio 0.0447 

ttH126_4mu_pT4l_pTHj_genbin5_recobin2 acc 0.205 eff 0.0065 outinratio 0.1594 

ggH126_4mu_pT4l_pTHj_genbin6_recobin2 acc 0.0107 eff 0.0 outinratio 0.0569 

VBFH126_4mu_pT4l_pTHj_genbin6_recobin2 acc 0.0428 eff 0.0 outinratio 0.03 

WminusH126_4mu_pT4l_pTHj_genbin6_recobin2 acc 0.0314 eff 0.0 outinratio 0.136 

WplusH126_4mu_pT4l_pTHj_genbin6_recobin2 acc 0.0298 eff 0.0 outinratio 0.0581 

ZH126_4mu_pT4l_pTHj_genbin6_recobin2 acc 0.0362 eff 0.0 outinratio 0.0447 

ttH126_4mu_pT4l_pTHj_genbin6_recobin2 acc 0.0939 eff 0.0 outinratio 0.1594 

ggH126_4mu_pT4l_pTHj_genbin0_recobin3 acc 0.2663 eff 0.0005 outinratio 0.064 

VBFH126_4mu_pT4l_pTHj_genbin0_recobin3 acc 0.041 eff 0.0039 outinratio 0.044 

WminusH126_4mu_pT4l_pTHj_genbin0_recobin3 acc 0.0872 eff 0.0232 outinratio 0.0258 

WplusH126_4mu_pT4l_pTHj_genbin0_recobin3 acc 0.0788 eff 0.0049 outinratio 0.0652 

ZH126_4mu_pT4l_pTHj_genbin0_recobin3 acc 0.0724 eff 0.0075 outinratio 0.0189 

ttH126_4mu_pT4l_pTHj_genbin0_recobin3 acc 0.0004 eff -1.0 outinratio 0.1155 

ggH126_4mu_pT4l_pTHj_genbin1_recobin3 acc 0.0352 eff 0.0 outinratio 0.064 

VBFH126_4mu_pT4l_pTHj_genbin1_recobin3 acc 0.0508 eff 0.0 outinratio 0.044 

WminusH126_4mu_pT4l_pTHj_genbin1_recobin3 acc 0.0431 eff 0.0 outinratio 0.0258 

WplusH126_4mu_pT4l_pTHj_genbin1_recobin3 acc 0.0295 eff 0.0 outinratio 0.0652 

ZH126_4mu_pT4l_pTHj_genbin1_recobin3 acc 0.041 eff 0.0 outinratio 0.0189 

ttH126_4mu_pT4l_pTHj_genbin1_recobin3 acc 0.0026 eff 0.0 outinratio 0.1155 

ggH126_4mu_pT4l_pTHj_genbin2_recobin3 acc 0.043 eff 0.0196 outinratio 0.064 

VBFH126_4mu_pT4l_pTHj_genbin2_recobin3 acc 0.0677 eff 0.0087 outinratio 0.044 

WminusH126_4mu_pT4l_pTHj_genbin2_recobin3 acc 0.0424 eff 0.0171 outinratio 0.0258 

WplusH126_4mu_pT4l_pTHj_genbin2_recobin3 acc 0.0348 eff 0.0165 outinratio 0.0652 

ZH126_4mu_pT4l_pTHj_genbin2_recobin3 acc 0.0416 eff 0.011 outinratio 0.0189 

ttH126_4mu_pT4l_pTHj_genbin2_recobin3 acc 0.0069 eff 0.0133 outinratio 0.1155 

ggH126_4mu_pT4l_pTHj_genbin3_recobin3 acc 0.0203 eff 0.6926 outinratio 0.064 

VBFH126_4mu_pT4l_pTHj_genbin3_recobin3 acc 0.0581 eff 0.658 outinratio 0.044 

WminusH126_4mu_pT4l_pTHj_genbin3_recobin3 acc 0.0334 eff 0.6816 outinratio 0.0258 

WplusH126_4mu_pT4l_pTHj_genbin3_recobin3 acc 0.0292 eff 0.6829 outinratio 0.0652 

ZH126_4mu_pT4l_pTHj_genbin3_recobin3 acc 0.0291 eff 0.6132 outinratio 0.0189 

ttH126_4mu_pT4l_pTHj_genbin3_recobin3 acc 0.0093 eff 0.5377 outinratio 0.1155 

ggH126_4mu_pT4l_pTHj_genbin4_recobin3 acc 0.0205 eff 0.0399 outinratio 0.064 

VBFH126_4mu_pT4l_pTHj_genbin4_recobin3 acc 0.0859 eff 0.0092 outinratio 0.044 

WminusH126_4mu_pT4l_pTHj_genbin4_recobin3 acc 0.0437 eff 0.0053 outinratio 0.0258 

WplusH126_4mu_pT4l_pTHj_genbin4_recobin3 acc 0.0418 eff 0.0132 outinratio 0.0652 

ZH126_4mu_pT4l_pTHj_genbin4_recobin3 acc 0.0439 eff 0.0326 outinratio 0.0189 

ttH126_4mu_pT4l_pTHj_genbin4_recobin3 acc 0.024 eff 0.0124 outinratio 0.1155 

ggH126_4mu_pT4l_pTHj_genbin5_recobin3 acc 0.0248 eff 0.0257 outinratio 0.064 

VBFH126_4mu_pT4l_pTHj_genbin5_recobin3 acc 0.1332 eff 0.0237 outinratio 0.044 

WminusH126_4mu_pT4l_pTHj_genbin5_recobin3 acc 0.0916 eff 0.0078 outinratio 0.0258 

WplusH126_4mu_pT4l_pTHj_genbin5_recobin3 acc 0.081 eff 0.0116 outinratio 0.0652 

ZH126_4mu_pT4l_pTHj_genbin5_recobin3 acc 0.1116 eff 0.0105 outinratio 0.0189 

ttH126_4mu_pT4l_pTHj_genbin5_recobin3 acc 0.205 eff 0.0054 outinratio 0.1155 

ggH126_4mu_pT4l_pTHj_genbin6_recobin3 acc 0.0107 eff 0.0 outinratio 0.064 

VBFH126_4mu_pT4l_pTHj_genbin6_recobin3 acc 0.0428 eff 0.0 outinratio 0.044 

WminusH126_4mu_pT4l_pTHj_genbin6_recobin3 acc 0.0314 eff 0.0 outinratio 0.0258 

WplusH126_4mu_pT4l_pTHj_genbin6_recobin3 acc 0.0298 eff 0.0 outinratio 0.0652 

ZH126_4mu_pT4l_pTHj_genbin6_recobin3 acc 0.0362 eff 0.0 outinratio 0.0189 

ttH126_4mu_pT4l_pTHj_genbin6_recobin3 acc 0.0939 eff 0.0 outinratio 0.1155 

ggH126_4mu_pT4l_pTHj_genbin0_recobin4 acc 0.2663 eff 0.0 outinratio 0.0437 

VBFH126_4mu_pT4l_pTHj_genbin0_recobin4 acc 0.041 eff 0.0 outinratio 0.0243 

WminusH126_4mu_pT4l_pTHj_genbin0_recobin4 acc 0.0872 eff 0.0127 outinratio 0.0896 

WplusH126_4mu_pT4l_pTHj_genbin0_recobin4 acc 0.0788 eff 0.0112 outinratio 0.0242 

ZH126_4mu_pT4l_pTHj_genbin0_recobin4 acc 0.0724 eff 0.0 outinratio 0.0713 

ttH126_4mu_pT4l_pTHj_genbin0_recobin4 acc 0.0004 eff -1.0 outinratio 0.1643 

ggH126_4mu_pT4l_pTHj_genbin1_recobin4 acc 0.0352 eff 0.0 outinratio 0.0437 

VBFH126_4mu_pT4l_pTHj_genbin1_recobin4 acc 0.0508 eff 0.0 outinratio 0.0243 

WminusH126_4mu_pT4l_pTHj_genbin1_recobin4 acc 0.0431 eff 0.0 outinratio 0.0896 

WplusH126_4mu_pT4l_pTHj_genbin1_recobin4 acc 0.0295 eff 0.0 outinratio 0.0242 

ZH126_4mu_pT4l_pTHj_genbin1_recobin4 acc 0.041 eff 0.0 outinratio 0.0713 

ttH126_4mu_pT4l_pTHj_genbin1_recobin4 acc 0.0026 eff 0.0 outinratio 0.1643 

ggH126_4mu_pT4l_pTHj_genbin2_recobin4 acc 0.043 eff 0.0 outinratio 0.0437 

VBFH126_4mu_pT4l_pTHj_genbin2_recobin4 acc 0.0677 eff 0.0 outinratio 0.0243 

WminusH126_4mu_pT4l_pTHj_genbin2_recobin4 acc 0.0424 eff 0.0 outinratio 0.0896 

WplusH126_4mu_pT4l_pTHj_genbin2_recobin4 acc 0.0348 eff 0.0 outinratio 0.0242 

ZH126_4mu_pT4l_pTHj_genbin2_recobin4 acc 0.0416 eff 0.0 outinratio 0.0713 

ttH126_4mu_pT4l_pTHj_genbin2_recobin4 acc 0.0069 eff 0.0 outinratio 0.1643 

ggH126_4mu_pT4l_pTHj_genbin3_recobin4 acc 0.0203 eff 0.0 outinratio 0.0437 

VBFH126_4mu_pT4l_pTHj_genbin3_recobin4 acc 0.0581 eff 0.0162 outinratio 0.0243 

WminusH126_4mu_pT4l_pTHj_genbin3_recobin4 acc 0.0334 eff 0.0019 outinratio 0.0896 

WplusH126_4mu_pT4l_pTHj_genbin3_recobin4 acc 0.0292 eff 0.0135 outinratio 0.0242 

ZH126_4mu_pT4l_pTHj_genbin3_recobin4 acc 0.0291 eff 0.0348 outinratio 0.0713 

ttH126_4mu_pT4l_pTHj_genbin3_recobin4 acc 0.0093 eff 0.01 outinratio 0.1643 

ggH126_4mu_pT4l_pTHj_genbin4_recobin4 acc 0.0205 eff 0.7116 outinratio 0.0437 

VBFH126_4mu_pT4l_pTHj_genbin4_recobin4 acc 0.0859 eff 0.6743 outinratio 0.0243 

WminusH126_4mu_pT4l_pTHj_genbin4_recobin4 acc 0.0437 eff 0.673 outinratio 0.0896 

WplusH126_4mu_pT4l_pTHj_genbin4_recobin4 acc 0.0418 eff 0.6651 outinratio 0.0242 

ZH126_4mu_pT4l_pTHj_genbin4_recobin4 acc 0.0439 eff 0.6686 outinratio 0.0713 

ttH126_4mu_pT4l_pTHj_genbin4_recobin4 acc 0.024 eff 0.5536 outinratio 0.1643 

ggH126_4mu_pT4l_pTHj_genbin5_recobin4 acc 0.0248 eff 0.0297 outinratio 0.0437 

VBFH126_4mu_pT4l_pTHj_genbin5_recobin4 acc 0.1332 eff 0.0693 outinratio 0.0243 

WminusH126_4mu_pT4l_pTHj_genbin5_recobin4 acc 0.0916 eff 0.029 outinratio 0.0896 

WplusH126_4mu_pT4l_pTHj_genbin5_recobin4 acc 0.081 eff 0.0322 outinratio 0.0242 

ZH126_4mu_pT4l_pTHj_genbin5_recobin4 acc 0.1116 eff 0.0342 outinratio 0.0713 

ttH126_4mu_pT4l_pTHj_genbin5_recobin4 acc 0.205 eff 0.0112 outinratio 0.1643 

ggH126_4mu_pT4l_pTHj_genbin6_recobin4 acc 0.0107 eff 0.0999 outinratio 0.0437 

VBFH126_4mu_pT4l_pTHj_genbin6_recobin4 acc 0.0428 eff 0.0577 outinratio 0.0243 

WminusH126_4mu_pT4l_pTHj_genbin6_recobin4 acc 0.0314 eff 0.0279 outinratio 0.0896 

WplusH126_4mu_pT4l_pTHj_genbin6_recobin4 acc 0.0298 eff 0.0153 outinratio 0.0242 

ZH126_4mu_pT4l_pTHj_genbin6_recobin4 acc 0.0362 eff 0.012 outinratio 0.0713 

ttH126_4mu_pT4l_pTHj_genbin6_recobin4 acc 0.0939 eff 0.0117 outinratio 0.1643 

ggH126_4mu_pT4l_pTHj_genbin0_recobin5 acc 0.2663 eff 0.0295 outinratio 0.0393 

VBFH126_4mu_pT4l_pTHj_genbin0_recobin5 acc 0.041 eff 0.0669 outinratio 0.0309 

WminusH126_4mu_pT4l_pTHj_genbin0_recobin5 acc 0.0872 eff 0.1191 outinratio 0.06 

WplusH126_4mu_pT4l_pTHj_genbin0_recobin5 acc 0.0788 eff 0.1424 outinratio 0.0574 

ZH126_4mu_pT4l_pTHj_genbin0_recobin5 acc 0.0724 eff 0.0404 outinratio 0.0456 

ttH126_4mu_pT4l_pTHj_genbin0_recobin5 acc 0.0004 eff -1.0 outinratio 0.1657 

ggH126_4mu_pT4l_pTHj_genbin1_recobin5 acc 0.0352 eff 0.0752 outinratio 0.0393 

VBFH126_4mu_pT4l_pTHj_genbin1_recobin5 acc 0.0508 eff 0.1238 outinratio 0.0309 

WminusH126_4mu_pT4l_pTHj_genbin1_recobin5 acc 0.0431 eff 0.0907 outinratio 0.06 

WplusH126_4mu_pT4l_pTHj_genbin1_recobin5 acc 0.0295 eff 0.1488 outinratio 0.0574 

ZH126_4mu_pT4l_pTHj_genbin1_recobin5 acc 0.041 eff 0.1104 outinratio 0.0456 

ttH126_4mu_pT4l_pTHj_genbin1_recobin5 acc 0.0026 eff 0.4278 outinratio 0.1657 

ggH126_4mu_pT4l_pTHj_genbin2_recobin5 acc 0.043 eff 0.0431 outinratio 0.0393 

VBFH126_4mu_pT4l_pTHj_genbin2_recobin5 acc 0.0677 eff 0.0796 outinratio 0.0309 

WminusH126_4mu_pT4l_pTHj_genbin2_recobin5 acc 0.0424 eff 0.056 outinratio 0.06 

WplusH126_4mu_pT4l_pTHj_genbin2_recobin5 acc 0.0348 eff 0.0356 outinratio 0.0574 

ZH126_4mu_pT4l_pTHj_genbin2_recobin5 acc 0.0416 eff 0.043 outinratio 0.0456 

ttH126_4mu_pT4l_pTHj_genbin2_recobin5 acc 0.0069 eff 0.3522 outinratio 0.1657 

ggH126_4mu_pT4l_pTHj_genbin3_recobin5 acc 0.0203 eff 0.0315 outinratio 0.0393 

VBFH126_4mu_pT4l_pTHj_genbin3_recobin5 acc 0.0581 eff 0.0868 outinratio 0.0309 

WminusH126_4mu_pT4l_pTHj_genbin3_recobin5 acc 0.0334 eff 0.0558 outinratio 0.06 

WplusH126_4mu_pT4l_pTHj_genbin3_recobin5 acc 0.0292 eff 0.0513 outinratio 0.0574 

ZH126_4mu_pT4l_pTHj_genbin3_recobin5 acc 0.0291 eff 0.0146 outinratio 0.0456 

ttH126_4mu_pT4l_pTHj_genbin3_recobin5 acc 0.0093 eff 0.2943 outinratio 0.1657 

ggH126_4mu_pT4l_pTHj_genbin4_recobin5 acc 0.0205 eff 0.0461 outinratio 0.0393 

VBFH126_4mu_pT4l_pTHj_genbin4_recobin5 acc 0.0859 eff 0.0997 outinratio 0.0309 

WminusH126_4mu_pT4l_pTHj_genbin4_recobin5 acc 0.0437 eff 0.0888 outinratio 0.06 

WplusH126_4mu_pT4l_pTHj_genbin4_recobin5 acc 0.0418 eff 0.1134 outinratio 0.0574 

ZH126_4mu_pT4l_pTHj_genbin4_recobin5 acc 0.0439 eff 0.0511 outinratio 0.0456 

ttH126_4mu_pT4l_pTHj_genbin4_recobin5 acc 0.024 eff 0.1376 outinratio 0.1657 

ggH126_4mu_pT4l_pTHj_genbin5_recobin5 acc 0.0248 eff 0.6068 outinratio 0.0393 

VBFH126_4mu_pT4l_pTHj_genbin5_recobin5 acc 0.1332 eff 0.6983 outinratio 0.0309 

WminusH126_4mu_pT4l_pTHj_genbin5_recobin5 acc 0.0916 eff 0.7141 outinratio 0.06 

WplusH126_4mu_pT4l_pTHj_genbin5_recobin5 acc 0.081 eff 0.7221 outinratio 0.0574 

ZH126_4mu_pT4l_pTHj_genbin5_recobin5 acc 0.1116 eff 0.666 outinratio 0.0456 

ttH126_4mu_pT4l_pTHj_genbin5_recobin5 acc 0.205 eff 0.7406 outinratio 0.1657 

ggH126_4mu_pT4l_pTHj_genbin6_recobin5 acc 0.0107 eff 0.0 outinratio 0.0393 

VBFH126_4mu_pT4l_pTHj_genbin6_recobin5 acc 0.0428 eff 0.0203 outinratio 0.0309 

WminusH126_4mu_pT4l_pTHj_genbin6_recobin5 acc 0.0314 eff 0.0081 outinratio 0.06 

WplusH126_4mu_pT4l_pTHj_genbin6_recobin5 acc 0.0298 eff 0.0188 outinratio 0.0574 

ZH126_4mu_pT4l_pTHj_genbin6_recobin5 acc 0.0362 eff 0.012 outinratio 0.0456 

ttH126_4mu_pT4l_pTHj_genbin6_recobin5 acc 0.0939 eff 0.0097 outinratio 0.1657 

ggH126_4mu_pT4l_pTHj_genbin0_recobin6 acc 0.2663 eff 0.0 outinratio 0.0 

VBFH126_4mu_pT4l_pTHj_genbin0_recobin6 acc 0.041 eff 0.0 outinratio 0.024 

WminusH126_4mu_pT4l_pTHj_genbin0_recobin6 acc 0.0872 eff 0.0258 outinratio 0.0587 

WplusH126_4mu_pT4l_pTHj_genbin0_recobin6 acc 0.0788 eff 0.0323 outinratio 0.0512 

ZH126_4mu_pT4l_pTHj_genbin0_recobin6 acc 0.0724 eff 0.0 outinratio 0.0132 

ttH126_4mu_pT4l_pTHj_genbin0_recobin6 acc 0.0004 eff -1.0 outinratio 0.0915 

ggH126_4mu_pT4l_pTHj_genbin1_recobin6 acc 0.0352 eff 0.0 outinratio 0.0 

VBFH126_4mu_pT4l_pTHj_genbin1_recobin6 acc 0.0508 eff 0.0 outinratio 0.024 

WminusH126_4mu_pT4l_pTHj_genbin1_recobin6 acc 0.0431 eff 0.0 outinratio 0.0587 

WplusH126_4mu_pT4l_pTHj_genbin1_recobin6 acc 0.0295 eff 0.0 outinratio 0.0512 

ZH126_4mu_pT4l_pTHj_genbin1_recobin6 acc 0.041 eff 0.0 outinratio 0.0132 

ttH126_4mu_pT4l_pTHj_genbin1_recobin6 acc 0.0026 eff 0.0 outinratio 0.0915 

ggH126_4mu_pT4l_pTHj_genbin2_recobin6 acc 0.043 eff 0.0 outinratio 0.0 

VBFH126_4mu_pT4l_pTHj_genbin2_recobin6 acc 0.0677 eff 0.0 outinratio 0.024 

WminusH126_4mu_pT4l_pTHj_genbin2_recobin6 acc 0.0424 eff 0.0 outinratio 0.0587 

WplusH126_4mu_pT4l_pTHj_genbin2_recobin6 acc 0.0348 eff 0.0 outinratio 0.0512 

ZH126_4mu_pT4l_pTHj_genbin2_recobin6 acc 0.0416 eff 0.0 outinratio 0.0132 

ttH126_4mu_pT4l_pTHj_genbin2_recobin6 acc 0.0069 eff 0.0 outinratio 0.0915 

ggH126_4mu_pT4l_pTHj_genbin3_recobin6 acc 0.0203 eff 0.0 outinratio 0.0 

VBFH126_4mu_pT4l_pTHj_genbin3_recobin6 acc 0.0581 eff 0.0 outinratio 0.024 

WminusH126_4mu_pT4l_pTHj_genbin3_recobin6 acc 0.0334 eff 0.0 outinratio 0.0587 

WplusH126_4mu_pT4l_pTHj_genbin3_recobin6 acc 0.0292 eff 0.0 outinratio 0.0512 

ZH126_4mu_pT4l_pTHj_genbin3_recobin6 acc 0.0291 eff 0.0 outinratio 0.0132 

ttH126_4mu_pT4l_pTHj_genbin3_recobin6 acc 0.0093 eff 0.0 outinratio 0.0915 

ggH126_4mu_pT4l_pTHj_genbin4_recobin6 acc 0.0205 eff 0.0415 outinratio 0.0 

VBFH126_4mu_pT4l_pTHj_genbin4_recobin6 acc 0.0859 eff 0.0383 outinratio 0.024 

WminusH126_4mu_pT4l_pTHj_genbin4_recobin6 acc 0.0437 eff 0.0624 outinratio 0.0587 

WplusH126_4mu_pT4l_pTHj_genbin4_recobin6 acc 0.0418 eff 0.0135 outinratio 0.0512 

ZH126_4mu_pT4l_pTHj_genbin4_recobin6 acc 0.0439 eff 0.01 outinratio 0.0132 

ttH126_4mu_pT4l_pTHj_genbin4_recobin6 acc 0.024 eff 0.0501 outinratio 0.0915 

ggH126_4mu_pT4l_pTHj_genbin5_recobin6 acc 0.0248 eff 0.0 outinratio 0.0 

VBFH126_4mu_pT4l_pTHj_genbin5_recobin6 acc 0.1332 eff 0.004 outinratio 0.024 

WminusH126_4mu_pT4l_pTHj_genbin5_recobin6 acc 0.0916 eff 0.0017 outinratio 0.0587 

WplusH126_4mu_pT4l_pTHj_genbin5_recobin6 acc 0.081 eff 0.0 outinratio 0.0512 

ZH126_4mu_pT4l_pTHj_genbin5_recobin6 acc 0.1116 eff 0.0028 outinratio 0.0132 

ttH126_4mu_pT4l_pTHj_genbin5_recobin6 acc 0.205 eff 0.0047 outinratio 0.0915 

ggH126_4mu_pT4l_pTHj_genbin6_recobin6 acc 0.0107 eff 0.7877 outinratio 0.0 

VBFH126_4mu_pT4l_pTHj_genbin6_recobin6 acc 0.0428 eff 0.8044 outinratio 0.024 

WminusH126_4mu_pT4l_pTHj_genbin6_recobin6 acc 0.0314 eff 0.8723 outinratio 0.0587 

WplusH126_4mu_pT4l_pTHj_genbin6_recobin6 acc 0.0298 eff 0.7516 outinratio 0.0512 

ZH126_4mu_pT4l_pTHj_genbin6_recobin6 acc 0.0362 eff 0.8961 outinratio 0.0132 

ttH126_4mu_pT4l_pTHj_genbin6_recobin6 acc 0.0939 eff 0.7989 outinratio 0.0915 

ggH126_2e2mu_pT4l_pTHj_genbin0_recobin0 acc 0.2592 eff 0.4597 outinratio 0.0369 

VBFH126_2e2mu_pT4l_pTHj_genbin0_recobin0 acc 0.0394 eff 0.3521 outinratio 0.0241 

WminusH126_2e2mu_pT4l_pTHj_genbin0_recobin0 acc 0.0794 eff 0.3581 outinratio 0.0655 

WplusH126_2e2mu_pT4l_pTHj_genbin0_recobin0 acc 0.0722 eff 0.3694 outinratio 0.0559 

ZH126_2e2mu_pT4l_pTHj_genbin0_recobin0 acc 0.0752 eff 0.3948 outinratio 0.1071 

ttH126_2e2mu_pT4l_pTHj_genbin0_recobin0 acc 0.0008 eff 0.043 outinratio 0.0 

ggH126_2e2mu_pT4l_pTHj_genbin1_recobin0 acc 0.0346 eff 0.1327 outinratio 0.0369 

VBFH126_2e2mu_pT4l_pTHj_genbin1_recobin0 acc 0.0461 eff 0.0736 outinratio 0.0241 

WminusH126_2e2mu_pT4l_pTHj_genbin1_recobin0 acc 0.0369 eff 0.0385 outinratio 0.0655 

WplusH126_2e2mu_pT4l_pTHj_genbin1_recobin0 acc 0.03 eff 0.0247 outinratio 0.0559 

ZH126_2e2mu_pT4l_pTHj_genbin1_recobin0 acc 0.0377 eff 0.033 outinratio 0.1071 

ttH126_2e2mu_pT4l_pTHj_genbin1_recobin0 acc 0.0023 eff 0.0 outinratio 0.0 

ggH126_2e2mu_pT4l_pTHj_genbin2_recobin0 acc 0.0411 eff 0.0708 outinratio 0.0369 

VBFH126_2e2mu_pT4l_pTHj_genbin2_recobin0 acc 0.0613 eff 0.0433 outinratio 0.0241 

WminusH126_2e2mu_pT4l_pTHj_genbin2_recobin0 acc 0.038 eff 0.0207 outinratio 0.0655 

WplusH126_2e2mu_pT4l_pTHj_genbin2_recobin0 acc 0.0336 eff 0.036 outinratio 0.0559 

ZH126_2e2mu_pT4l_pTHj_genbin2_recobin0 acc 0.0394 eff 0.0065 outinratio 0.1071 

ttH126_2e2mu_pT4l_pTHj_genbin2_recobin0 acc 0.0054 eff 0.0032 outinratio 0.0 

ggH126_2e2mu_pT4l_pTHj_genbin3_recobin0 acc 0.0206 eff 0.0262 outinratio 0.0369 

VBFH126_2e2mu_pT4l_pTHj_genbin3_recobin0 acc 0.0545 eff 0.0251 outinratio 0.0241 

WminusH126_2e2mu_pT4l_pTHj_genbin3_recobin0 acc 0.0324 eff 0.0128 outinratio 0.0655 

WplusH126_2e2mu_pT4l_pTHj_genbin3_recobin0 acc 0.0286 eff 0.0147 outinratio 0.0559 

ZH126_2e2mu_pT4l_pTHj_genbin3_recobin0 acc 0.0325 eff 0.0064 outinratio 0.1071 

ttH126_2e2mu_pT4l_pTHj_genbin3_recobin0 acc 0.007 eff 0.0 outinratio 0.0 

ggH126_2e2mu_pT4l_pTHj_genbin4_recobin0 acc 0.0254 eff 0.0172 outinratio 0.0369 

VBFH126_2e2mu_pT4l_pTHj_genbin4_recobin0 acc 0.0857 eff 0.0042 outinratio 0.0241 

WminusH126_2e2mu_pT4l_pTHj_genbin4_recobin0 acc 0.0403 eff 0.0032 outinratio 0.0655 

WplusH126_2e2mu_pT4l_pTHj_genbin4_recobin0 acc 0.0345 eff 0.0 outinratio 0.0559 

ZH126_2e2mu_pT4l_pTHj_genbin4_recobin0 acc 0.0358 eff 0.0 outinratio 0.1071 

ttH126_2e2mu_pT4l_pTHj_genbin4_recobin0 acc 0.0207 eff 0.0 outinratio 0.0 

ggH126_2e2mu_pT4l_pTHj_genbin5_recobin0 acc 0.0252 eff 0.0251 outinratio 0.0369 

VBFH126_2e2mu_pT4l_pTHj_genbin5_recobin0 acc 0.1207 eff 0.0051 outinratio 0.0241 

WminusH126_2e2mu_pT4l_pTHj_genbin5_recobin0 acc 0.0858 eff 0.0134 outinratio 0.0655 

WplusH126_2e2mu_pT4l_pTHj_genbin5_recobin0 acc 0.0806 eff 0.018 outinratio 0.0559 

ZH126_2e2mu_pT4l_pTHj_genbin5_recobin0 acc 0.0926 eff 0.0032 outinratio 0.1071 

ttH126_2e2mu_pT4l_pTHj_genbin5_recobin0 acc 0.1896 eff 0.0002 outinratio 0.0 

ggH126_2e2mu_pT4l_pTHj_genbin6_recobin0 acc 0.0086 eff 0.0 outinratio 0.0369 

VBFH126_2e2mu_pT4l_pTHj_genbin6_recobin0 acc 0.0367 eff 0.0025 outinratio 0.0241 

WminusH126_2e2mu_pT4l_pTHj_genbin6_recobin0 acc 0.0296 eff 0.0125 outinratio 0.0655 

WplusH126_2e2mu_pT4l_pTHj_genbin6_recobin0 acc 0.0286 eff 0.0075 outinratio 0.0559 

ZH126_2e2mu_pT4l_pTHj_genbin6_recobin0 acc 0.0309 eff 0.0 outinratio 0.1071 

ttH126_2e2mu_pT4l_pTHj_genbin6_recobin0 acc 0.0857 eff 0.0006 outinratio 0.0 

ggH126_2e2mu_pT4l_pTHj_genbin0_recobin1 acc 0.2592 eff 0.0325 outinratio 0.0766 

VBFH126_2e2mu_pT4l_pTHj_genbin0_recobin1 acc 0.0394 eff 0.0882 outinratio 0.0383 

WminusH126_2e2mu_pT4l_pTHj_genbin0_recobin1 acc 0.0794 eff 0.0351 outinratio 0.0648 

WplusH126_2e2mu_pT4l_pTHj_genbin0_recobin1 acc 0.0722 eff 0.0379 outinratio 0.0747 

ZH126_2e2mu_pT4l_pTHj_genbin0_recobin1 acc 0.0752 eff 0.0331 outinratio 0.0286 

ttH126_2e2mu_pT4l_pTHj_genbin0_recobin1 acc 0.0008 eff 0.0 outinratio 0.1913 

ggH126_2e2mu_pT4l_pTHj_genbin1_recobin1 acc 0.0346 eff 0.3463 outinratio 0.0766 

VBFH126_2e2mu_pT4l_pTHj_genbin1_recobin1 acc 0.0461 eff 0.337 outinratio 0.0383 

WminusH126_2e2mu_pT4l_pTHj_genbin1_recobin1 acc 0.0369 eff 0.3546 outinratio 0.0648 

WplusH126_2e2mu_pT4l_pTHj_genbin1_recobin1 acc 0.03 eff 0.4129 outinratio 0.0747 

ZH126_2e2mu_pT4l_pTHj_genbin1_recobin1 acc 0.0377 eff 0.2594 outinratio 0.0286 

ttH126_2e2mu_pT4l_pTHj_genbin1_recobin1 acc 0.0023 eff 0.1992 outinratio 0.1913 

ggH126_2e2mu_pT4l_pTHj_genbin2_recobin1 acc 0.0411 eff 0.0185 outinratio 0.0766 

VBFH126_2e2mu_pT4l_pTHj_genbin2_recobin1 acc 0.0613 eff 0.0122 outinratio 0.0383 

WminusH126_2e2mu_pT4l_pTHj_genbin2_recobin1 acc 0.038 eff 0.016 outinratio 0.0648 

WplusH126_2e2mu_pT4l_pTHj_genbin2_recobin1 acc 0.0336 eff 0.0108 outinratio 0.0747 

ZH126_2e2mu_pT4l_pTHj_genbin2_recobin1 acc 0.0394 eff 0.0073 outinratio 0.0286 

ttH126_2e2mu_pT4l_pTHj_genbin2_recobin1 acc 0.0054 eff 0.0049 outinratio 0.1913 

ggH126_2e2mu_pT4l_pTHj_genbin3_recobin1 acc 0.0206 eff 0.0 outinratio 0.0766 

VBFH126_2e2mu_pT4l_pTHj_genbin3_recobin1 acc 0.0545 eff 0.0 outinratio 0.0383 

WminusH126_2e2mu_pT4l_pTHj_genbin3_recobin1 acc 0.0324 eff 0.0 outinratio 0.0648 

WplusH126_2e2mu_pT4l_pTHj_genbin3_recobin1 acc 0.0286 eff 0.0 outinratio 0.0747 

ZH126_2e2mu_pT4l_pTHj_genbin3_recobin1 acc 0.0325 eff 0.0 outinratio 0.0286 

ttH126_2e2mu_pT4l_pTHj_genbin3_recobin1 acc 0.007 eff 0.0 outinratio 0.1913 

ggH126_2e2mu_pT4l_pTHj_genbin4_recobin1 acc 0.0254 eff 0.0 outinratio 0.0766 

VBFH126_2e2mu_pT4l_pTHj_genbin4_recobin1 acc 0.0857 eff 0.0 outinratio 0.0383 

WminusH126_2e2mu_pT4l_pTHj_genbin4_recobin1 acc 0.0403 eff 0.0 outinratio 0.0648 

WplusH126_2e2mu_pT4l_pTHj_genbin4_recobin1 acc 0.0345 eff 0.0 outinratio 0.0747 

ZH126_2e2mu_pT4l_pTHj_genbin4_recobin1 acc 0.0358 eff 0.0 outinratio 0.0286 

ttH126_2e2mu_pT4l_pTHj_genbin4_recobin1 acc 0.0207 eff 0.0 outinratio 0.1913 

ggH126_2e2mu_pT4l_pTHj_genbin5_recobin1 acc 0.0252 eff 0.0 outinratio 0.0766 

VBFH126_2e2mu_pT4l_pTHj_genbin5_recobin1 acc 0.1207 eff 0.0088 outinratio 0.0383 

WminusH126_2e2mu_pT4l_pTHj_genbin5_recobin1 acc 0.0858 eff 0.0125 outinratio 0.0648 

WplusH126_2e2mu_pT4l_pTHj_genbin5_recobin1 acc 0.0806 eff 0.0018 outinratio 0.0747 

ZH126_2e2mu_pT4l_pTHj_genbin5_recobin1 acc 0.0926 eff 0.0118 outinratio 0.0286 

ttH126_2e2mu_pT4l_pTHj_genbin5_recobin1 acc 0.1896 eff 0.0025 outinratio 0.1913 

ggH126_2e2mu_pT4l_pTHj_genbin6_recobin1 acc 0.0086 eff 0.0 outinratio 0.0766 

VBFH126_2e2mu_pT4l_pTHj_genbin6_recobin1 acc 0.0367 eff 0.0 outinratio 0.0383 

WminusH126_2e2mu_pT4l_pTHj_genbin6_recobin1 acc 0.0296 eff 0.0 outinratio 0.0648 

WplusH126_2e2mu_pT4l_pTHj_genbin6_recobin1 acc 0.0286 eff 0.0 outinratio 0.0747 

ZH126_2e2mu_pT4l_pTHj_genbin6_recobin1 acc 0.0309 eff 0.0 outinratio 0.0286 

ttH126_2e2mu_pT4l_pTHj_genbin6_recobin1 acc 0.0857 eff 0.0 outinratio 0.1913 

ggH126_2e2mu_pT4l_pTHj_genbin0_recobin2 acc 0.2592 eff 0.0138 outinratio 0.03 

VBFH126_2e2mu_pT4l_pTHj_genbin0_recobin2 acc 0.0394 eff 0.0429 outinratio 0.0289 

WminusH126_2e2mu_pT4l_pTHj_genbin0_recobin2 acc 0.0794 eff 0.0329 outinratio 0.1032 

WplusH126_2e2mu_pT4l_pTHj_genbin0_recobin2 acc 0.0722 eff 0.0158 outinratio 0.077 

ZH126_2e2mu_pT4l_pTHj_genbin0_recobin2 acc 0.0752 eff 0.0126 outinratio 0.0469 

ttH126_2e2mu_pT4l_pTHj_genbin0_recobin2 acc 0.0008 eff 0.0 outinratio 0.1088 

ggH126_2e2mu_pT4l_pTHj_genbin1_recobin2 acc 0.0346 eff 0.0092 outinratio 0.03 

VBFH126_2e2mu_pT4l_pTHj_genbin1_recobin2 acc 0.0461 eff 0.0084 outinratio 0.0289 

WminusH126_2e2mu_pT4l_pTHj_genbin1_recobin2 acc 0.0369 eff 0.0039 outinratio 0.1032 

WplusH126_2e2mu_pT4l_pTHj_genbin1_recobin2 acc 0.03 eff 0.0071 outinratio 0.077 

ZH126_2e2mu_pT4l_pTHj_genbin1_recobin2 acc 0.0377 eff 0.0 outinratio 0.0469 

ttH126_2e2mu_pT4l_pTHj_genbin1_recobin2 acc 0.0023 eff 0.0 outinratio 0.1088 

ggH126_2e2mu_pT4l_pTHj_genbin2_recobin2 acc 0.0411 eff 0.4135 outinratio 0.03 

VBFH126_2e2mu_pT4l_pTHj_genbin2_recobin2 acc 0.0613 eff 0.4018 outinratio 0.0289 

WminusH126_2e2mu_pT4l_pTHj_genbin2_recobin2 acc 0.038 eff 0.4366 outinratio 0.1032 

WplusH126_2e2mu_pT4l_pTHj_genbin2_recobin2 acc 0.0336 eff 0.4051 outinratio 0.077 

ZH126_2e2mu_pT4l_pTHj_genbin2_recobin2 acc 0.0394 eff 0.4432 outinratio 0.0469 

ttH126_2e2mu_pT4l_pTHj_genbin2_recobin2 acc 0.0054 eff 0.3826 outinratio 0.1088 

ggH126_2e2mu_pT4l_pTHj_genbin3_recobin2 acc 0.0206 eff 0.026 outinratio 0.03 

VBFH126_2e2mu_pT4l_pTHj_genbin3_recobin2 acc 0.0545 eff 0.0245 outinratio 0.0289 

WminusH126_2e2mu_pT4l_pTHj_genbin3_recobin2 acc 0.0324 eff 0.0258 outinratio 0.1032 

WplusH126_2e2mu_pT4l_pTHj_genbin3_recobin2 acc 0.0286 eff 0.013 outinratio 0.077 

ZH126_2e2mu_pT4l_pTHj_genbin3_recobin2 acc 0.0325 eff 0.0411 outinratio 0.0469 

ttH126_2e2mu_pT4l_pTHj_genbin3_recobin2 acc 0.007 eff 0.0 outinratio 0.1088 

ggH126_2e2mu_pT4l_pTHj_genbin4_recobin2 acc 0.0254 eff 0.0 outinratio 0.03 

VBFH126_2e2mu_pT4l_pTHj_genbin4_recobin2 acc 0.0857 eff 0.0 outinratio 0.0289 

WminusH126_2e2mu_pT4l_pTHj_genbin4_recobin2 acc 0.0403 eff 0.0 outinratio 0.1032 

WplusH126_2e2mu_pT4l_pTHj_genbin4_recobin2 acc 0.0345 eff 0.0029 outinratio 0.077 

ZH126_2e2mu_pT4l_pTHj_genbin4_recobin2 acc 0.0358 eff 0.0 outinratio 0.0469 

ttH126_2e2mu_pT4l_pTHj_genbin4_recobin2 acc 0.0207 eff 0.0 outinratio 0.1088 

ggH126_2e2mu_pT4l_pTHj_genbin5_recobin2 acc 0.0252 eff 0.0105 outinratio 0.03 

VBFH126_2e2mu_pT4l_pTHj_genbin5_recobin2 acc 0.1207 eff 0.0046 outinratio 0.0289 

WminusH126_2e2mu_pT4l_pTHj_genbin5_recobin2 acc 0.0858 eff 0.011 outinratio 0.1032 

WplusH126_2e2mu_pT4l_pTHj_genbin5_recobin2 acc 0.0806 eff 0.0148 outinratio 0.077 

ZH126_2e2mu_pT4l_pTHj_genbin5_recobin2 acc 0.0926 eff 0.0046 outinratio 0.0469 

ttH126_2e2mu_pT4l_pTHj_genbin5_recobin2 acc 0.1896 eff 0.0035 outinratio 0.1088 

ggH126_2e2mu_pT4l_pTHj_genbin6_recobin2 acc 0.0086 eff 0.0 outinratio 0.03 

VBFH126_2e2mu_pT4l_pTHj_genbin6_recobin2 acc 0.0367 eff 0.0 outinratio 0.0289 

WminusH126_2e2mu_pT4l_pTHj_genbin6_recobin2 acc 0.0296 eff 0.0 outinratio 0.1032 

WplusH126_2e2mu_pT4l_pTHj_genbin6_recobin2 acc 0.0286 eff 0.0 outinratio 0.077 

ZH126_2e2mu_pT4l_pTHj_genbin6_recobin2 acc 0.0309 eff 0.0 outinratio 0.0469 

ttH126_2e2mu_pT4l_pTHj_genbin6_recobin2 acc 0.0857 eff 0.0 outinratio 0.1088 

ggH126_2e2mu_pT4l_pTHj_genbin0_recobin3 acc 0.2592 eff 0.001 outinratio 0.0529 

VBFH126_2e2mu_pT4l_pTHj_genbin0_recobin3 acc 0.0394 eff 0.0037 outinratio 0.041 

WminusH126_2e2mu_pT4l_pTHj_genbin0_recobin3 acc 0.0794 eff 0.0182 outinratio 0.0731 

WplusH126_2e2mu_pT4l_pTHj_genbin0_recobin3 acc 0.0722 eff 0.0078 outinratio 0.1194 

ZH126_2e2mu_pT4l_pTHj_genbin0_recobin3 acc 0.0752 eff 0.0045 outinratio 0.0661 

ttH126_2e2mu_pT4l_pTHj_genbin0_recobin3 acc 0.0008 eff 0.0 outinratio 0.1316 

ggH126_2e2mu_pT4l_pTHj_genbin1_recobin3 acc 0.0346 eff 0.0 outinratio 0.0529 

VBFH126_2e2mu_pT4l_pTHj_genbin1_recobin3 acc 0.0461 eff 0.0 outinratio 0.041 

WminusH126_2e2mu_pT4l_pTHj_genbin1_recobin3 acc 0.0369 eff 0.0 outinratio 0.0731 

WplusH126_2e2mu_pT4l_pTHj_genbin1_recobin3 acc 0.03 eff 0.0 outinratio 0.1194 

ZH126_2e2mu_pT4l_pTHj_genbin1_recobin3 acc 0.0377 eff 0.0 outinratio 0.0661 

ttH126_2e2mu_pT4l_pTHj_genbin1_recobin3 acc 0.0023 eff 0.0 outinratio 0.1316 

ggH126_2e2mu_pT4l_pTHj_genbin2_recobin3 acc 0.0411 eff 0.0 outinratio 0.0529 

VBFH126_2e2mu_pT4l_pTHj_genbin2_recobin3 acc 0.0613 eff 0.014 outinratio 0.041 

WminusH126_2e2mu_pT4l_pTHj_genbin2_recobin3 acc 0.038 eff 0.0214 outinratio 0.0731 

WplusH126_2e2mu_pT4l_pTHj_genbin2_recobin3 acc 0.0336 eff 0.0154 outinratio 0.1194 

ZH126_2e2mu_pT4l_pTHj_genbin2_recobin3 acc 0.0394 eff 0.0 outinratio 0.0661 

ttH126_2e2mu_pT4l_pTHj_genbin2_recobin3 acc 0.0054 eff 0.0017 outinratio 0.1316 

ggH126_2e2mu_pT4l_pTHj_genbin3_recobin3 acc 0.0206 eff 0.356 outinratio 0.0529 

VBFH126_2e2mu_pT4l_pTHj_genbin3_recobin3 acc 0.0545 eff 0.416 outinratio 0.041 

WminusH126_2e2mu_pT4l_pTHj_genbin3_recobin3 acc 0.0324 eff 0.4018 outinratio 0.0731 

WplusH126_2e2mu_pT4l_pTHj_genbin3_recobin3 acc 0.0286 eff 0.4028 outinratio 0.1194 

ZH126_2e2mu_pT4l_pTHj_genbin3_recobin3 acc 0.0325 eff 0.5032 outinratio 0.0661 

ttH126_2e2mu_pT4l_pTHj_genbin3_recobin3 acc 0.007 eff 0.3009 outinratio 0.1316 

ggH126_2e2mu_pT4l_pTHj_genbin4_recobin3 acc 0.0254 eff 0.02 outinratio 0.0529 

VBFH126_2e2mu_pT4l_pTHj_genbin4_recobin3 acc 0.0857 eff 0.0119 outinratio 0.041 

WminusH126_2e2mu_pT4l_pTHj_genbin4_recobin3 acc 0.0403 eff 0.0114 outinratio 0.0731 

WplusH126_2e2mu_pT4l_pTHj_genbin4_recobin3 acc 0.0345 eff 0.0091 outinratio 0.1194 

ZH126_2e2mu_pT4l_pTHj_genbin4_recobin3 acc 0.0358 eff 0.0 outinratio 0.0661 

ttH126_2e2mu_pT4l_pTHj_genbin4_recobin3 acc 0.0207 eff 0.0087 outinratio 0.1316 

ggH126_2e2mu_pT4l_pTHj_genbin5_recobin3 acc 0.0252 eff 0.0202 outinratio 0.0529 

VBFH126_2e2mu_pT4l_pTHj_genbin5_recobin3 acc 0.1207 eff 0.0124 outinratio 0.041 

WminusH126_2e2mu_pT4l_pTHj_genbin5_recobin3 acc 0.0858 eff 0.0116 outinratio 0.0731 

WplusH126_2e2mu_pT4l_pTHj_genbin5_recobin3 acc 0.0806 eff 0.0242 outinratio 0.1194 

ZH126_2e2mu_pT4l_pTHj_genbin5_recobin3 acc 0.0926 eff 0.0095 outinratio 0.0661 

ttH126_2e2mu_pT4l_pTHj_genbin5_recobin3 acc 0.1896 eff 0.0074 outinratio 0.1316 

ggH126_2e2mu_pT4l_pTHj_genbin6_recobin3 acc 0.0086 eff 0.0 outinratio 0.0529 

VBFH126_2e2mu_pT4l_pTHj_genbin6_recobin3 acc 0.0367 eff 0.0 outinratio 0.041 

WminusH126_2e2mu_pT4l_pTHj_genbin6_recobin3 acc 0.0296 eff 0.0 outinratio 0.0731 

WplusH126_2e2mu_pT4l_pTHj_genbin6_recobin3 acc 0.0286 eff 0.0 outinratio 0.1194 

ZH126_2e2mu_pT4l_pTHj_genbin6_recobin3 acc 0.0309 eff 0.0 outinratio 0.0661 

ttH126_2e2mu_pT4l_pTHj_genbin6_recobin3 acc 0.0857 eff 0.0 outinratio 0.1316 

ggH126_2e2mu_pT4l_pTHj_genbin0_recobin4 acc 0.2592 eff 0.0 outinratio 0.0383 

VBFH126_2e2mu_pT4l_pTHj_genbin0_recobin4 acc 0.0394 eff 0.0003 outinratio 0.0344 

WminusH126_2e2mu_pT4l_pTHj_genbin0_recobin4 acc 0.0794 eff 0.0077 outinratio 0.0707 

WplusH126_2e2mu_pT4l_pTHj_genbin0_recobin4 acc 0.0722 eff 0.0044 outinratio 0.0361 

ZH126_2e2mu_pT4l_pTHj_genbin0_recobin4 acc 0.0752 eff 0.0053 outinratio 0.0698 

ttH126_2e2mu_pT4l_pTHj_genbin0_recobin4 acc 0.0008 eff 0.0 outinratio 0.1744 

ggH126_2e2mu_pT4l_pTHj_genbin1_recobin4 acc 0.0346 eff 0.0 outinratio 0.0383 

VBFH126_2e2mu_pT4l_pTHj_genbin1_recobin4 acc 0.0461 eff 0.0 outinratio 0.0344 

WminusH126_2e2mu_pT4l_pTHj_genbin1_recobin4 acc 0.0369 eff 0.0 outinratio 0.0707 

WplusH126_2e2mu_pT4l_pTHj_genbin1_recobin4 acc 0.03 eff 0.0 outinratio 0.0361 

ZH126_2e2mu_pT4l_pTHj_genbin1_recobin4 acc 0.0377 eff 0.0 outinratio 0.0698 

ttH126_2e2mu_pT4l_pTHj_genbin1_recobin4 acc 0.0023 eff 0.0 outinratio 0.1744 

ggH126_2e2mu_pT4l_pTHj_genbin2_recobin4 acc 0.0411 eff 0.0 outinratio 0.0383 

VBFH126_2e2mu_pT4l_pTHj_genbin2_recobin4 acc 0.0613 eff 0.0 outinratio 0.0344 

WminusH126_2e2mu_pT4l_pTHj_genbin2_recobin4 acc 0.038 eff 0.0 outinratio 0.0707 

WplusH126_2e2mu_pT4l_pTHj_genbin2_recobin4 acc 0.0336 eff 0.0 outinratio 0.0361 

ZH126_2e2mu_pT4l_pTHj_genbin2_recobin4 acc 0.0394 eff 0.0 outinratio 0.0698 

ttH126_2e2mu_pT4l_pTHj_genbin2_recobin4 acc 0.0054 eff 0.0 outinratio 0.1744 

ggH126_2e2mu_pT4l_pTHj_genbin3_recobin4 acc 0.0206 eff 0.0046 outinratio 0.0383 

VBFH126_2e2mu_pT4l_pTHj_genbin3_recobin4 acc 0.0545 eff 0.0141 outinratio 0.0344 

WminusH126_2e2mu_pT4l_pTHj_genbin3_recobin4 acc 0.0324 eff 0.002 outinratio 0.0707 

WplusH126_2e2mu_pT4l_pTHj_genbin3_recobin4 acc 0.0286 eff 0.0101 outinratio 0.0361 

ZH126_2e2mu_pT4l_pTHj_genbin3_recobin4 acc 0.0325 eff 0.0062 outinratio 0.0698 

ttH126_2e2mu_pT4l_pTHj_genbin3_recobin4 acc 0.007 eff 0.0231 outinratio 0.1744 

ggH126_2e2mu_pT4l_pTHj_genbin4_recobin4 acc 0.0254 eff 0.5052 outinratio 0.0383 

VBFH126_2e2mu_pT4l_pTHj_genbin4_recobin4 acc 0.0857 eff 0.4294 outinratio 0.0344 

WminusH126_2e2mu_pT4l_pTHj_genbin4_recobin4 acc 0.0403 eff 0.4544 outinratio 0.0707 

WplusH126_2e2mu_pT4l_pTHj_genbin4_recobin4 acc 0.0345 eff 0.4634 outinratio 0.0361 

ZH126_2e2mu_pT4l_pTHj_genbin4_recobin4 acc 0.0358 eff 0.3998 outinratio 0.0698 

ttH126_2e2mu_pT4l_pTHj_genbin4_recobin4 acc 0.0207 eff 0.3836 outinratio 0.1744 

ggH126_2e2mu_pT4l_pTHj_genbin5_recobin4 acc 0.0252 eff 0.0283 outinratio 0.0383 

VBFH126_2e2mu_pT4l_pTHj_genbin5_recobin4 acc 0.1207 eff 0.0325 outinratio 0.0344 

WminusH126_2e2mu_pT4l_pTHj_genbin5_recobin4 acc 0.0858 eff 0.02 outinratio 0.0707 

WplusH126_2e2mu_pT4l_pTHj_genbin5_recobin4 acc 0.0806 eff 0.0336 outinratio 0.0361 

ZH126_2e2mu_pT4l_pTHj_genbin5_recobin4 acc 0.0926 eff 0.0277 outinratio 0.0698 

ttH126_2e2mu_pT4l_pTHj_genbin5_recobin4 acc 0.1896 eff 0.0112 outinratio 0.1744 

ggH126_2e2mu_pT4l_pTHj_genbin6_recobin4 acc 0.0086 eff 0.0467 outinratio 0.0383 

VBFH126_2e2mu_pT4l_pTHj_genbin6_recobin4 acc 0.0367 eff 0.0331 outinratio 0.0344 

WminusH126_2e2mu_pT4l_pTHj_genbin6_recobin4 acc 0.0296 eff 0.0267 outinratio 0.0707 

WplusH126_2e2mu_pT4l_pTHj_genbin6_recobin4 acc 0.0286 eff 0.0458 outinratio 0.0361 

ZH126_2e2mu_pT4l_pTHj_genbin6_recobin4 acc 0.0309 eff 0.0073 outinratio 0.0698 

ttH126_2e2mu_pT4l_pTHj_genbin6_recobin4 acc 0.0857 eff 0.0092 outinratio 0.1744 

ggH126_2e2mu_pT4l_pTHj_genbin0_recobin5 acc 0.2592 eff 0.0122 outinratio 0.0914 

VBFH126_2e2mu_pT4l_pTHj_genbin0_recobin5 acc 0.0394 eff 0.0153 outinratio 0.0428 

WminusH126_2e2mu_pT4l_pTHj_genbin0_recobin5 acc 0.0794 eff 0.0608 outinratio 0.0794 

WplusH126_2e2mu_pT4l_pTHj_genbin0_recobin5 acc 0.0722 eff 0.0769 outinratio 0.0962 

ZH126_2e2mu_pT4l_pTHj_genbin0_recobin5 acc 0.0752 eff 0.0393 outinratio 0.1028 

ttH126_2e2mu_pT4l_pTHj_genbin0_recobin5 acc 0.0008 eff 0.204 outinratio 0.1789 

ggH126_2e2mu_pT4l_pTHj_genbin1_recobin5 acc 0.0346 eff 0.0458 outinratio 0.0914 

VBFH126_2e2mu_pT4l_pTHj_genbin1_recobin5 acc 0.0461 eff 0.1045 outinratio 0.0428 

WminusH126_2e2mu_pT4l_pTHj_genbin1_recobin5 acc 0.0369 eff 0.0718 outinratio 0.0794 

WplusH126_2e2mu_pT4l_pTHj_genbin1_recobin5 acc 0.03 eff 0.1103 outinratio 0.0962 

ZH126_2e2mu_pT4l_pTHj_genbin1_recobin5 acc 0.0377 eff 0.0958 outinratio 0.1028 

ttH126_2e2mu_pT4l_pTHj_genbin1_recobin5 acc 0.0023 eff 0.1527 outinratio 0.1789 

ggH126_2e2mu_pT4l_pTHj_genbin2_recobin5 acc 0.0411 eff 0.0571 outinratio 0.0914 

VBFH126_2e2mu_pT4l_pTHj_genbin2_recobin5 acc 0.0613 eff 0.0559 outinratio 0.0428 

WminusH126_2e2mu_pT4l_pTHj_genbin2_recobin5 acc 0.038 eff 0.0438 outinratio 0.0794 

WplusH126_2e2mu_pT4l_pTHj_genbin2_recobin5 acc 0.0336 eff 0.0592 outinratio 0.0962 

ZH126_2e2mu_pT4l_pTHj_genbin2_recobin5 acc 0.0394 eff 0.0536 outinratio 0.1028 

ttH126_2e2mu_pT4l_pTHj_genbin2_recobin5 acc 0.0054 eff 0.1644 outinratio 0.1789 

ggH126_2e2mu_pT4l_pTHj_genbin3_recobin5 acc 0.0206 eff 0.0303 outinratio 0.0914 

VBFH126_2e2mu_pT4l_pTHj_genbin3_recobin5 acc 0.0545 eff 0.0538 outinratio 0.0428 

WminusH126_2e2mu_pT4l_pTHj_genbin3_recobin5 acc 0.0324 eff 0.0424 outinratio 0.0794 

WplusH126_2e2mu_pT4l_pTHj_genbin3_recobin5 acc 0.0286 eff 0.0535 outinratio 0.0962 

ZH126_2e2mu_pT4l_pTHj_genbin3_recobin5 acc 0.0325 eff 0.098 outinratio 0.1028 

ttH126_2e2mu_pT4l_pTHj_genbin3_recobin5 acc 0.007 eff 0.1703 outinratio 0.1789 

ggH126_2e2mu_pT4l_pTHj_genbin4_recobin5 acc 0.0254 eff 0.0485 outinratio 0.0914 

VBFH126_2e2mu_pT4l_pTHj_genbin4_recobin5 acc 0.0857 eff 0.0649 outinratio 0.0428 

WminusH126_2e2mu_pT4l_pTHj_genbin4_recobin5 acc 0.0403 eff 0.0631 outinratio 0.0794 

WplusH126_2e2mu_pT4l_pTHj_genbin4_recobin5 acc 0.0345 eff 0.0494 outinratio 0.0962 

ZH126_2e2mu_pT4l_pTHj_genbin4_recobin5 acc 0.0358 eff 0.0208 outinratio 0.1028 

ttH126_2e2mu_pT4l_pTHj_genbin4_recobin5 acc 0.0207 eff 0.0968 outinratio 0.1789 

ggH126_2e2mu_pT4l_pTHj_genbin5_recobin5 acc 0.0252 eff 0.4685 outinratio 0.0914 

VBFH126_2e2mu_pT4l_pTHj_genbin5_recobin5 acc 0.1207 eff 0.4651 outinratio 0.0428 

WminusH126_2e2mu_pT4l_pTHj_genbin5_recobin5 acc 0.0858 eff 0.4593 outinratio 0.0794 

WplusH126_2e2mu_pT4l_pTHj_genbin5_recobin5 acc 0.0806 eff 0.3938 outinratio 0.0962 

ZH126_2e2mu_pT4l_pTHj_genbin5_recobin5 acc 0.0926 eff 0.4312 outinratio 0.1028 

ttH126_2e2mu_pT4l_pTHj_genbin5_recobin5 acc 0.1896 eff 0.4794 outinratio 0.1789 

ggH126_2e2mu_pT4l_pTHj_genbin6_recobin5 acc 0.0086 eff 0.0 outinratio 0.0914 

VBFH126_2e2mu_pT4l_pTHj_genbin6_recobin5 acc 0.0367 eff 0.0091 outinratio 0.0428 

WminusH126_2e2mu_pT4l_pTHj_genbin6_recobin5 acc 0.0296 eff 0.0101 outinratio 0.0794 

WplusH126_2e2mu_pT4l_pTHj_genbin6_recobin5 acc 0.0286 eff 0.0044 outinratio 0.0962 

ZH126_2e2mu_pT4l_pTHj_genbin6_recobin5 acc 0.0309 eff 0.0039 outinratio 0.1028 

ttH126_2e2mu_pT4l_pTHj_genbin6_recobin5 acc 0.0857 eff 0.0126 outinratio 0.1789 

ggH126_2e2mu_pT4l_pTHj_genbin0_recobin6 acc 0.2592 eff 0.0 outinratio 0.0 

VBFH126_2e2mu_pT4l_pTHj_genbin0_recobin6 acc 0.0394 eff 0.0 outinratio 0.038 

WminusH126_2e2mu_pT4l_pTHj_genbin0_recobin6 acc 0.0794 eff 0.0124 outinratio 0.0876 

WplusH126_2e2mu_pT4l_pTHj_genbin0_recobin6 acc 0.0722 eff 0.0071 outinratio 0.0556 

ZH126_2e2mu_pT4l_pTHj_genbin0_recobin6 acc 0.0752 eff 0.0041 outinratio 0.0122 

ttH126_2e2mu_pT4l_pTHj_genbin0_recobin6 acc 0.0008 eff 0.0826 outinratio 0.1329 

ggH126_2e2mu_pT4l_pTHj_genbin1_recobin6 acc 0.0346 eff 0.0 outinratio 0.0 

VBFH126_2e2mu_pT4l_pTHj_genbin1_recobin6 acc 0.0461 eff 0.0 outinratio 0.038 

WminusH126_2e2mu_pT4l_pTHj_genbin1_recobin6 acc 0.0369 eff 0.0 outinratio 0.0876 

WplusH126_2e2mu_pT4l_pTHj_genbin1_recobin6 acc 0.03 eff 0.0 outinratio 0.0556 

ZH126_2e2mu_pT4l_pTHj_genbin1_recobin6 acc 0.0377 eff 0.0 outinratio 0.0122 

ttH126_2e2mu_pT4l_pTHj_genbin1_recobin6 acc 0.0023 eff 0.0 outinratio 0.1329 

ggH126_2e2mu_pT4l_pTHj_genbin2_recobin6 acc 0.0411 eff 0.0 outinratio 0.0 

VBFH126_2e2mu_pT4l_pTHj_genbin2_recobin6 acc 0.0613 eff 0.0 outinratio 0.038 

WminusH126_2e2mu_pT4l_pTHj_genbin2_recobin6 acc 0.038 eff 0.0 outinratio 0.0876 

WplusH126_2e2mu_pT4l_pTHj_genbin2_recobin6 acc 0.0336 eff 0.0 outinratio 0.0556 

ZH126_2e2mu_pT4l_pTHj_genbin2_recobin6 acc 0.0394 eff 0.0 outinratio 0.0122 

ttH126_2e2mu_pT4l_pTHj_genbin2_recobin6 acc 0.0054 eff 0.0 outinratio 0.1329 

ggH126_2e2mu_pT4l_pTHj_genbin3_recobin6 acc 0.0206 eff 0.0 outinratio 0.0 

VBFH126_2e2mu_pT4l_pTHj_genbin3_recobin6 acc 0.0545 eff 0.0 outinratio 0.038 

WminusH126_2e2mu_pT4l_pTHj_genbin3_recobin6 acc 0.0324 eff 0.0 outinratio 0.0876 

WplusH126_2e2mu_pT4l_pTHj_genbin3_recobin6 acc 0.0286 eff 0.0 outinratio 0.0556 

ZH126_2e2mu_pT4l_pTHj_genbin3_recobin6 acc 0.0325 eff 0.0 outinratio 0.0122 

ttH126_2e2mu_pT4l_pTHj_genbin3_recobin6 acc 0.007 eff 0.0 outinratio 0.1329 

ggH126_2e2mu_pT4l_pTHj_genbin4_recobin6 acc 0.0254 eff 0.0025 outinratio 0.0 

VBFH126_2e2mu_pT4l_pTHj_genbin4_recobin6 acc 0.0857 eff 0.0215 outinratio 0.038 

WminusH126_2e2mu_pT4l_pTHj_genbin4_recobin6 acc 0.0403 eff 0.0201 outinratio 0.0876 

WplusH126_2e2mu_pT4l_pTHj_genbin4_recobin6 acc 0.0345 eff 0.0207 outinratio 0.0556 

ZH126_2e2mu_pT4l_pTHj_genbin4_recobin6 acc 0.0358 eff 0.0322 outinratio 0.0122 

ttH126_2e2mu_pT4l_pTHj_genbin4_recobin6 acc 0.0207 eff 0.0237 outinratio 0.1329 

ggH126_2e2mu_pT4l_pTHj_genbin5_recobin6 acc 0.0252 eff 0.0 outinratio 0.0 

VBFH126_2e2mu_pT4l_pTHj_genbin5_recobin6 acc 0.1207 eff 0.0006 outinratio 0.038 

WminusH126_2e2mu_pT4l_pTHj_genbin5_recobin6 acc 0.0858 eff 0.0016 outinratio 0.0876 

WplusH126_2e2mu_pT4l_pTHj_genbin5_recobin6 acc 0.0806 eff 0.0071 outinratio 0.0556 

ZH126_2e2mu_pT4l_pTHj_genbin5_recobin6 acc 0.0926 eff 0.0011 outinratio 0.0122 

ttH126_2e2mu_pT4l_pTHj_genbin5_recobin6 acc 0.1896 eff 0.0029 outinratio 0.1329 

ggH126_2e2mu_pT4l_pTHj_genbin6_recobin6 acc 0.0086 eff 0.6183 outinratio 0.0 

VBFH126_2e2mu_pT4l_pTHj_genbin6_recobin6 acc 0.0367 eff 0.5655 outinratio 0.038 

WminusH126_2e2mu_pT4l_pTHj_genbin6_recobin6 acc 0.0296 eff 0.4974 outinratio 0.0876 

WplusH126_2e2mu_pT4l_pTHj_genbin6_recobin6 acc 0.0286 eff 0.5093 outinratio 0.0556 

ZH126_2e2mu_pT4l_pTHj_genbin6_recobin6 acc 0.0309 eff 0.5517 outinratio 0.0122 

ttH126_2e2mu_pT4l_pTHj_genbin6_recobin6 acc 0.0857 eff 0.5478 outinratio 0.1329 

Coeff fullNNLOPS
