Welcome in RunCoefficients!
OPT SPLIT
DEBUG opt.YEAR = 2022EE_3
It is a double-differential measurement, binning for the 1st variable {0: [-100.0, 0.0], 1: [0.0, 3.0], 2: [3.0, 10.0], 3: [3.0, 10.0]} and for the 2nd variable {0: [-100.0, 0.0], 1: [0.0, 10000.0], 2: [0.0, 450.0], 3: [450.0, 10000.0]}
{0: [-100.0, 0.0, -100.0, 0.0], 1: [0.0, 3.0, 0.0, 10000.0], 2: [3.0, 10.0, 0.0, 450.0], 3: [3.0, 10.0, 450.0, 10000.0]}
absdetajj
Following observables extracted from dictionary: RECO =  absdetajj  GEN =  GENabsdetajj
It is a double-differential measurement: RECO_2nd =  mjj  GEN_2nd =  GENmjj
LUMI: 4.4454666666666665
ttH126 0.0001677859
Processing ggH126 2022EE_3
Signal created
Signal failed created
Processing VBFH126 2022EE_3
Signal created
Signal failed created
Processing WminusH126 2022EE_3
Signal created
Signal failed created
Processing WplusH126 2022EE_3
Signal created
Signal failed created
Processing ZH126 2022EE_3
Signal created
Signal failed created
Processing ttH126 2022EE_3
Signal created
Signal failed created
2022EE_3 SKIMMED df CREATED
2022EE_3 ggH126
2022EE_3 VBFH126
2022EE_3 WminusH126
2022EE_3 WplusH126
2022EE_3 ZH126
2022EE_3 ttH126
Dataframes created successfully
Coeff std
ggH126_4l_absdetajj_mjj_genbin0_recobin0 acc 0.4066 eff 0.4756 outinratio 0.0071 

VBFH126_4l_absdetajj_mjj_genbin0_recobin0 acc 0.2906 eff 0.4431 outinratio 0.0073 

WminusH126_4l_absdetajj_mjj_genbin0_recobin0 acc 0.2384 eff 0.395 outinratio 0.0251 

WplusH126_4l_absdetajj_mjj_genbin0_recobin0 acc 0.2075 eff 0.3993 outinratio 0.0241 

ZH126_4l_absdetajj_mjj_genbin0_recobin0 acc 0.2072 eff 0.4165 outinratio 0.0663 

ttH126_4l_absdetajj_mjj_genbin0_recobin0 acc 0.0149 eff 0.1299 outinratio 0.1455 

ggH126_4l_absdetajj_mjj_genbin1_recobin0 acc 0.036 eff 0.0912 outinratio 0.0071 

VBFH126_4l_absdetajj_mjj_genbin1_recobin0 acc 0.0574 eff 0.0664 outinratio 0.0073 

WminusH126_4l_absdetajj_mjj_genbin1_recobin0 acc 0.1645 eff 0.0571 outinratio 0.0251 

WplusH126_4l_absdetajj_mjj_genbin1_recobin0 acc 0.1517 eff 0.056 outinratio 0.0241 

ZH126_4l_absdetajj_mjj_genbin1_recobin0 acc 0.1769 eff 0.0692 outinratio 0.0663 

ttH126_4l_absdetajj_mjj_genbin1_recobin0 acc 0.4525 eff 0.0067 outinratio 0.1455 

ggH126_4l_absdetajj_mjj_genbin2_recobin0 acc 0.0032 eff 0.1537 outinratio 0.0071 

VBFH126_4l_absdetajj_mjj_genbin2_recobin0 acc 0.0235 eff 0.1092 outinratio 0.0073 

WminusH126_4l_absdetajj_mjj_genbin2_recobin0 acc 0.0037 eff 0.0727 outinratio 0.0251 

WplusH126_4l_absdetajj_mjj_genbin2_recobin0 acc 0.0032 eff 0.0534 outinratio 0.0241 

ZH126_4l_absdetajj_mjj_genbin2_recobin0 acc 0.0036 eff 0.0597 outinratio 0.0663 

ttH126_4l_absdetajj_mjj_genbin2_recobin0 acc 0.0043 eff 0.0176 outinratio 0.1455 

ggH126_4l_absdetajj_mjj_genbin3_recobin0 acc 0.0039 eff 0.0533 outinratio 0.0071 

VBFH126_4l_absdetajj_mjj_genbin3_recobin0 acc 0.1129 eff 0.0838 outinratio 0.0073 

WminusH126_4l_absdetajj_mjj_genbin3_recobin0 acc 0.0036 eff 0.0305 outinratio 0.0251 

WplusH126_4l_absdetajj_mjj_genbin3_recobin0 acc 0.0036 eff 0.02 outinratio 0.0241 

ZH126_4l_absdetajj_mjj_genbin3_recobin0 acc 0.0037 eff 0.039 outinratio 0.0663 

ttH126_4l_absdetajj_mjj_genbin3_recobin0 acc 0.0197 eff 0.0013 outinratio 0.1455 

ggH126_4l_absdetajj_mjj_genbin0_recobin1 acc 0.4066 eff 0.0127 outinratio 0.0047 

VBFH126_4l_absdetajj_mjj_genbin0_recobin1 acc 0.2906 eff 0.0252 outinratio 0.0101 

WminusH126_4l_absdetajj_mjj_genbin0_recobin1 acc 0.2384 eff 0.0593 outinratio 0.0104 

WplusH126_4l_absdetajj_mjj_genbin0_recobin1 acc 0.2075 eff 0.0588 outinratio 0.0118 

ZH126_4l_absdetajj_mjj_genbin0_recobin1 acc 0.2072 eff 0.0556 outinratio 0.0296 

ttH126_4l_absdetajj_mjj_genbin0_recobin1 acc 0.0149 eff 0.1674 outinratio 0.037 

ggH126_4l_absdetajj_mjj_genbin1_recobin1 acc 0.036 eff 0.4323 outinratio 0.0047 

VBFH126_4l_absdetajj_mjj_genbin1_recobin1 acc 0.0574 eff 0.4233 outinratio 0.0101 

WminusH126_4l_absdetajj_mjj_genbin1_recobin1 acc 0.1645 eff 0.4272 outinratio 0.0104 

WplusH126_4l_absdetajj_mjj_genbin1_recobin1 acc 0.1517 eff 0.4257 outinratio 0.0118 

ZH126_4l_absdetajj_mjj_genbin1_recobin1 acc 0.1769 eff 0.4184 outinratio 0.0296 

ttH126_4l_absdetajj_mjj_genbin1_recobin1 acc 0.4525 eff 0.3797 outinratio 0.037 

ggH126_4l_absdetajj_mjj_genbin2_recobin1 acc 0.0032 eff 0.0387 outinratio 0.0047 

VBFH126_4l_absdetajj_mjj_genbin2_recobin1 acc 0.0235 eff 0.0236 outinratio 0.0101 

WminusH126_4l_absdetajj_mjj_genbin2_recobin1 acc 0.0037 eff 0.0907 outinratio 0.0104 

WplusH126_4l_absdetajj_mjj_genbin2_recobin1 acc 0.0032 eff 0.0944 outinratio 0.0118 

ZH126_4l_absdetajj_mjj_genbin2_recobin1 acc 0.0036 eff 0.0686 outinratio 0.0296 

ttH126_4l_absdetajj_mjj_genbin2_recobin1 acc 0.0043 eff 0.1757 outinratio 0.037 

ggH126_4l_absdetajj_mjj_genbin3_recobin1 acc 0.0039 eff 0.0332 outinratio 0.0047 

VBFH126_4l_absdetajj_mjj_genbin3_recobin1 acc 0.1129 eff 0.009 outinratio 0.0101 

WminusH126_4l_absdetajj_mjj_genbin3_recobin1 acc 0.0036 eff 0.0901 outinratio 0.0104 

WplusH126_4l_absdetajj_mjj_genbin3_recobin1 acc 0.0036 eff 0.0688 outinratio 0.0118 

ZH126_4l_absdetajj_mjj_genbin3_recobin1 acc 0.0037 eff 0.0597 outinratio 0.0296 

ttH126_4l_absdetajj_mjj_genbin3_recobin1 acc 0.0197 eff 0.091 outinratio 0.037 

ggH126_4l_absdetajj_mjj_genbin0_recobin2 acc 0.4066 eff 0.0021 outinratio 0.0075 

VBFH126_4l_absdetajj_mjj_genbin0_recobin2 acc 0.2906 eff 0.011 outinratio 0.0069 

WminusH126_4l_absdetajj_mjj_genbin0_recobin2 acc 0.2384 eff 0.0024 outinratio 0.01 

WplusH126_4l_absdetajj_mjj_genbin0_recobin2 acc 0.2075 eff 0.0029 outinratio 0.0073 

ZH126_4l_absdetajj_mjj_genbin0_recobin2 acc 0.2072 eff 0.0026 outinratio 0.045 

ttH126_4l_absdetajj_mjj_genbin0_recobin2 acc 0.0149 eff 0.0026 outinratio 0.087 

ggH126_4l_absdetajj_mjj_genbin1_recobin2 acc 0.036 eff 0.0037 outinratio 0.0075 

VBFH126_4l_absdetajj_mjj_genbin1_recobin2 acc 0.0574 eff 0.0055 outinratio 0.0069 

WminusH126_4l_absdetajj_mjj_genbin1_recobin2 acc 0.1645 eff 0.0025 outinratio 0.01 

WplusH126_4l_absdetajj_mjj_genbin1_recobin2 acc 0.1517 eff 0.0032 outinratio 0.0073 

ZH126_4l_absdetajj_mjj_genbin1_recobin2 acc 0.1769 eff 0.0018 outinratio 0.045 

ttH126_4l_absdetajj_mjj_genbin1_recobin2 acc 0.4525 eff 0.0011 outinratio 0.087 

ggH126_4l_absdetajj_mjj_genbin2_recobin2 acc 0.0032 eff 0.3514 outinratio 0.0075 

VBFH126_4l_absdetajj_mjj_genbin2_recobin2 acc 0.0235 eff 0.2932 outinratio 0.0069 

WminusH126_4l_absdetajj_mjj_genbin2_recobin2 acc 0.0037 eff 0.2688 outinratio 0.01 

WplusH126_4l_absdetajj_mjj_genbin2_recobin2 acc 0.0032 eff 0.2504 outinratio 0.0073 

ZH126_4l_absdetajj_mjj_genbin2_recobin2 acc 0.0036 eff 0.2379 outinratio 0.045 

ttH126_4l_absdetajj_mjj_genbin2_recobin2 acc 0.0043 eff 0.1121 outinratio 0.087 

ggH126_4l_absdetajj_mjj_genbin3_recobin2 acc 0.0039 eff 0.0236 outinratio 0.0075 

VBFH126_4l_absdetajj_mjj_genbin3_recobin2 acc 0.1129 eff 0.0097 outinratio 0.0069 

WminusH126_4l_absdetajj_mjj_genbin3_recobin2 acc 0.0036 eff 0.0172 outinratio 0.01 

WplusH126_4l_absdetajj_mjj_genbin3_recobin2 acc 0.0036 eff 0.0143 outinratio 0.0073 

ZH126_4l_absdetajj_mjj_genbin3_recobin2 acc 0.0037 eff 0.0236 outinratio 0.045 

ttH126_4l_absdetajj_mjj_genbin3_recobin2 acc 0.0197 eff 0.0076 outinratio 0.087 

ggH126_4l_absdetajj_mjj_genbin0_recobin3 acc 0.4066 eff 0.0015 outinratio 0.0036 

VBFH126_4l_absdetajj_mjj_genbin0_recobin3 acc 0.2906 eff 0.0347 outinratio 0.0068 

WminusH126_4l_absdetajj_mjj_genbin0_recobin3 acc 0.2384 eff 0.0016 outinratio 0.0119 

WplusH126_4l_absdetajj_mjj_genbin0_recobin3 acc 0.2075 eff 0.0013 outinratio 0.0133 

ZH126_4l_absdetajj_mjj_genbin0_recobin3 acc 0.2072 eff 0.0011 outinratio 0.0646 

ttH126_4l_absdetajj_mjj_genbin0_recobin3 acc 0.0149 eff 0.0071 outinratio 0.0301 

ggH126_4l_absdetajj_mjj_genbin1_recobin3 acc 0.036 eff 0.0043 outinratio 0.0036 

VBFH126_4l_absdetajj_mjj_genbin1_recobin3 acc 0.0574 eff 0.0184 outinratio 0.0068 

WminusH126_4l_absdetajj_mjj_genbin1_recobin3 acc 0.1645 eff 0.0022 outinratio 0.0119 

WplusH126_4l_absdetajj_mjj_genbin1_recobin3 acc 0.1517 eff 0.0026 outinratio 0.0133 

ZH126_4l_absdetajj_mjj_genbin1_recobin3 acc 0.1769 eff 0.0026 outinratio 0.0646 

ttH126_4l_absdetajj_mjj_genbin1_recobin3 acc 0.4525 eff 0.0038 outinratio 0.0301 

ggH126_4l_absdetajj_mjj_genbin2_recobin3 acc 0.0032 eff 0.0354 outinratio 0.0036 

VBFH126_4l_absdetajj_mjj_genbin2_recobin3 acc 0.0235 eff 0.0747 outinratio 0.0068 

WminusH126_4l_absdetajj_mjj_genbin2_recobin3 acc 0.0037 eff 0.0455 outinratio 0.0119 

WplusH126_4l_absdetajj_mjj_genbin2_recobin3 acc 0.0032 eff 0.0304 outinratio 0.0133 

ZH126_4l_absdetajj_mjj_genbin2_recobin3 acc 0.0036 eff 0.0309 outinratio 0.0646 

ttH126_4l_absdetajj_mjj_genbin2_recobin3 acc 0.0043 eff 0.0403 outinratio 0.0301 

ggH126_4l_absdetajj_mjj_genbin3_recobin3 acc 0.0039 eff 0.4201 outinratio 0.0036 

VBFH126_4l_absdetajj_mjj_genbin3_recobin3 acc 0.1129 eff 0.438 outinratio 0.0068 

WminusH126_4l_absdetajj_mjj_genbin3_recobin3 acc 0.0036 eff 0.3017 outinratio 0.0119 

WplusH126_4l_absdetajj_mjj_genbin3_recobin3 acc 0.0036 eff 0.3712 outinratio 0.0133 

ZH126_4l_absdetajj_mjj_genbin3_recobin3 acc 0.0037 eff 0.3296 outinratio 0.0646 

ttH126_4l_absdetajj_mjj_genbin3_recobin3 acc 0.0197 eff 0.3068 outinratio 0.0301 

ggH126_4e_absdetajj_mjj_genbin0_recobin0 acc 0.3927 eff 0.3038 outinratio 0.0104 

VBFH126_4e_absdetajj_mjj_genbin0_recobin0 acc 0.2757 eff 0.3057 outinratio 0.0112 

WminusH126_4e_absdetajj_mjj_genbin0_recobin0 acc 0.2308 eff 0.2629 outinratio 0.039 

WplusH126_4e_absdetajj_mjj_genbin0_recobin0 acc 0.2005 eff 0.277 outinratio 0.0366 

ZH126_4e_absdetajj_mjj_genbin0_recobin0 acc 0.1989 eff 0.2642 outinratio 0.0922 

ttH126_4e_absdetajj_mjj_genbin0_recobin0 acc 0.014 eff 0.1115 outinratio 0.0965 

ggH126_4e_absdetajj_mjj_genbin1_recobin0 acc 0.0346 eff 0.0694 outinratio 0.0104 

VBFH126_4e_absdetajj_mjj_genbin1_recobin0 acc 0.0538 eff 0.0396 outinratio 0.0112 

WminusH126_4e_absdetajj_mjj_genbin1_recobin0 acc 0.1572 eff 0.0355 outinratio 0.039 

WplusH126_4e_absdetajj_mjj_genbin1_recobin0 acc 0.1466 eff 0.0371 outinratio 0.0366 

ZH126_4e_absdetajj_mjj_genbin1_recobin0 acc 0.1696 eff 0.0396 outinratio 0.0922 

ttH126_4e_absdetajj_mjj_genbin1_recobin0 acc 0.4336 eff 0.0051 outinratio 0.0965 

ggH126_4e_absdetajj_mjj_genbin2_recobin0 acc 0.0036 eff 0.1105 outinratio 0.0104 

VBFH126_4e_absdetajj_mjj_genbin2_recobin0 acc 0.0235 eff 0.0662 outinratio 0.0112 

WminusH126_4e_absdetajj_mjj_genbin2_recobin0 acc 0.0044 eff 0.0345 outinratio 0.039 

WplusH126_4e_absdetajj_mjj_genbin2_recobin0 acc 0.0032 eff 0.0432 outinratio 0.0366 

ZH126_4e_absdetajj_mjj_genbin2_recobin0 acc 0.0039 eff 0.023 outinratio 0.0922 

ttH126_4e_absdetajj_mjj_genbin2_recobin0 acc 0.0043 eff 0.0 outinratio 0.0965 

ggH126_4e_absdetajj_mjj_genbin3_recobin0 acc 0.0036 eff 0.0 outinratio 0.0104 

VBFH126_4e_absdetajj_mjj_genbin3_recobin0 acc 0.1105 eff 0.0669 outinratio 0.0112 

WminusH126_4e_absdetajj_mjj_genbin3_recobin0 acc 0.0036 eff 0.0155 outinratio 0.039 

WplusH126_4e_absdetajj_mjj_genbin3_recobin0 acc 0.0037 eff 0.0179 outinratio 0.0366 

ZH126_4e_absdetajj_mjj_genbin3_recobin0 acc 0.0034 eff 0.0569 outinratio 0.0922 

ttH126_4e_absdetajj_mjj_genbin3_recobin0 acc 0.0181 eff 0.0 outinratio 0.0965 

ggH126_4e_absdetajj_mjj_genbin0_recobin1 acc 0.3927 eff 0.0084 outinratio 0.011 

VBFH126_4e_absdetajj_mjj_genbin0_recobin1 acc 0.2757 eff 0.0125 outinratio 0.0126 

WminusH126_4e_absdetajj_mjj_genbin0_recobin1 acc 0.2308 eff 0.042 outinratio 0.0122 

WplusH126_4e_absdetajj_mjj_genbin0_recobin1 acc 0.2005 eff 0.0378 outinratio 0.0184 

ZH126_4e_absdetajj_mjj_genbin0_recobin1 acc 0.1989 eff 0.0426 outinratio 0.0233 

ttH126_4e_absdetajj_mjj_genbin0_recobin1 acc 0.014 eff 0.1221 outinratio 0.0453 

ggH126_4e_absdetajj_mjj_genbin1_recobin1 acc 0.0346 eff 0.2964 outinratio 0.011 

VBFH126_4e_absdetajj_mjj_genbin1_recobin1 acc 0.0538 eff 0.3082 outinratio 0.0126 

WminusH126_4e_absdetajj_mjj_genbin1_recobin1 acc 0.1572 eff 0.3015 outinratio 0.0122 

WplusH126_4e_absdetajj_mjj_genbin1_recobin1 acc 0.1466 eff 0.292 outinratio 0.0184 

ZH126_4e_absdetajj_mjj_genbin1_recobin1 acc 0.1696 eff 0.2913 outinratio 0.0233 

ttH126_4e_absdetajj_mjj_genbin1_recobin1 acc 0.4336 eff 0.2848 outinratio 0.0453 

ggH126_4e_absdetajj_mjj_genbin2_recobin1 acc 0.0036 eff 0.0 outinratio 0.011 

VBFH126_4e_absdetajj_mjj_genbin2_recobin1 acc 0.0235 eff 0.0175 outinratio 0.0126 

WminusH126_4e_absdetajj_mjj_genbin2_recobin1 acc 0.0044 eff 0.0386 outinratio 0.0122 

WplusH126_4e_absdetajj_mjj_genbin2_recobin1 acc 0.0032 eff 0.0222 outinratio 0.0184 

ZH126_4e_absdetajj_mjj_genbin2_recobin1 acc 0.0039 eff 0.0313 outinratio 0.0233 

ttH126_4e_absdetajj_mjj_genbin2_recobin1 acc 0.0043 eff 0.1362 outinratio 0.0453 

ggH126_4e_absdetajj_mjj_genbin3_recobin1 acc 0.0036 eff 0.0 outinratio 0.011 

VBFH126_4e_absdetajj_mjj_genbin3_recobin1 acc 0.1105 eff 0.0042 outinratio 0.0126 

WminusH126_4e_absdetajj_mjj_genbin3_recobin1 acc 0.0036 eff 0.0873 outinratio 0.0122 

WplusH126_4e_absdetajj_mjj_genbin3_recobin1 acc 0.0037 eff 0.033 outinratio 0.0184 

ZH126_4e_absdetajj_mjj_genbin3_recobin1 acc 0.0034 eff 0.0314 outinratio 0.0233 

ttH126_4e_absdetajj_mjj_genbin3_recobin1 acc 0.0181 eff 0.0886 outinratio 0.0453 

ggH126_4e_absdetajj_mjj_genbin0_recobin2 acc 0.3927 eff 0.0014 outinratio 0.0 

VBFH126_4e_absdetajj_mjj_genbin0_recobin2 acc 0.2757 eff 0.0074 outinratio 0.0066 

WminusH126_4e_absdetajj_mjj_genbin0_recobin2 acc 0.2308 eff 0.0015 outinratio 0.0 

WplusH126_4e_absdetajj_mjj_genbin0_recobin2 acc 0.2005 eff 0.0024 outinratio 0.0364 

ZH126_4e_absdetajj_mjj_genbin0_recobin2 acc 0.1989 eff 0.0016 outinratio 0.0503 

ttH126_4e_absdetajj_mjj_genbin0_recobin2 acc 0.014 eff 0.0 outinratio 0.1791 

ggH126_4e_absdetajj_mjj_genbin1_recobin2 acc 0.0346 eff 0.0028 outinratio 0.0 

VBFH126_4e_absdetajj_mjj_genbin1_recobin2 acc 0.0538 eff 0.0026 outinratio 0.0066 

WminusH126_4e_absdetajj_mjj_genbin1_recobin2 acc 0.1572 eff 0.0024 outinratio 0.0 

WplusH126_4e_absdetajj_mjj_genbin1_recobin2 acc 0.1466 eff 0.0022 outinratio 0.0364 

ZH126_4e_absdetajj_mjj_genbin1_recobin2 acc 0.1696 eff 0.0 outinratio 0.0503 

ttH126_4e_absdetajj_mjj_genbin1_recobin2 acc 0.4336 eff 0.0007 outinratio 0.1791 

ggH126_4e_absdetajj_mjj_genbin2_recobin2 acc 0.0036 eff 0.2874 outinratio 0.0 

VBFH126_4e_absdetajj_mjj_genbin2_recobin2 acc 0.0235 eff 0.2033 outinratio 0.0066 

WminusH126_4e_absdetajj_mjj_genbin2_recobin2 acc 0.0044 eff 0.1861 outinratio 0.0 

WplusH126_4e_absdetajj_mjj_genbin2_recobin2 acc 0.0032 eff 0.18 outinratio 0.0364 

ZH126_4e_absdetajj_mjj_genbin2_recobin2 acc 0.0039 eff 0.1424 outinratio 0.0503 

ttH126_4e_absdetajj_mjj_genbin2_recobin2 acc 0.0043 eff 0.0564 outinratio 0.1791 

ggH126_4e_absdetajj_mjj_genbin3_recobin2 acc 0.0036 eff 0.0249 outinratio 0.0 

VBFH126_4e_absdetajj_mjj_genbin3_recobin2 acc 0.1105 eff 0.0093 outinratio 0.0066 

WminusH126_4e_absdetajj_mjj_genbin3_recobin2 acc 0.0036 eff 0.0138 outinratio 0.0 

WplusH126_4e_absdetajj_mjj_genbin3_recobin2 acc 0.0037 eff 0.0202 outinratio 0.0364 

ZH126_4e_absdetajj_mjj_genbin3_recobin2 acc 0.0034 eff 0.0 outinratio 0.0503 

ttH126_4e_absdetajj_mjj_genbin3_recobin2 acc 0.0181 eff 0.0071 outinratio 0.1791 

ggH126_4e_absdetajj_mjj_genbin0_recobin3 acc 0.3927 eff 0.0009 outinratio 0.0219 

VBFH126_4e_absdetajj_mjj_genbin0_recobin3 acc 0.2757 eff 0.0246 outinratio 0.0116 

WminusH126_4e_absdetajj_mjj_genbin0_recobin3 acc 0.2308 eff 0.0012 outinratio 0.0 

WplusH126_4e_absdetajj_mjj_genbin0_recobin3 acc 0.2005 eff 0.0007 outinratio 0.0078 

ZH126_4e_absdetajj_mjj_genbin0_recobin3 acc 0.1989 eff 0.0016 outinratio 0.0463 

ttH126_4e_absdetajj_mjj_genbin0_recobin3 acc 0.014 eff 0.0059 outinratio 0.0145 

ggH126_4e_absdetajj_mjj_genbin1_recobin3 acc 0.0346 eff 0.0025 outinratio 0.0219 

VBFH126_4e_absdetajj_mjj_genbin1_recobin3 acc 0.0538 eff 0.0152 outinratio 0.0116 

WminusH126_4e_absdetajj_mjj_genbin1_recobin3 acc 0.1572 eff 0.0017 outinratio 0.0 

WplusH126_4e_absdetajj_mjj_genbin1_recobin3 acc 0.1466 eff 0.0021 outinratio 0.0078 

ZH126_4e_absdetajj_mjj_genbin1_recobin3 acc 0.1696 eff 0.0046 outinratio 0.0463 

ttH126_4e_absdetajj_mjj_genbin1_recobin3 acc 0.4336 eff 0.0043 outinratio 0.0145 

ggH126_4e_absdetajj_mjj_genbin2_recobin3 acc 0.0036 eff 0.0318 outinratio 0.0219 

VBFH126_4e_absdetajj_mjj_genbin2_recobin3 acc 0.0235 eff 0.0468 outinratio 0.0116 

WminusH126_4e_absdetajj_mjj_genbin2_recobin3 acc 0.0044 eff 0.0217 outinratio 0.0 

WplusH126_4e_absdetajj_mjj_genbin2_recobin3 acc 0.0032 eff 0.0278 outinratio 0.0078 

ZH126_4e_absdetajj_mjj_genbin2_recobin3 acc 0.0039 eff 0.0287 outinratio 0.0463 

ttH126_4e_absdetajj_mjj_genbin2_recobin3 acc 0.0043 eff 0.0 outinratio 0.0145 

ggH126_4e_absdetajj_mjj_genbin3_recobin3 acc 0.0036 eff 0.3002 outinratio 0.0219 

VBFH126_4e_absdetajj_mjj_genbin3_recobin3 acc 0.1105 eff 0.3194 outinratio 0.0116 

WminusH126_4e_absdetajj_mjj_genbin3_recobin3 acc 0.0036 eff 0.1694 outinratio 0.0 

WplusH126_4e_absdetajj_mjj_genbin3_recobin3 acc 0.0037 eff 0.2846 outinratio 0.0078 

ZH126_4e_absdetajj_mjj_genbin3_recobin3 acc 0.0034 eff 0.4184 outinratio 0.0463 

ttH126_4e_absdetajj_mjj_genbin3_recobin3 acc 0.0181 eff 0.2079 outinratio 0.0145 

ggH126_4mu_absdetajj_mjj_genbin0_recobin0 acc 0.4346 eff 0.6513 outinratio 0.0062 

VBFH126_4mu_absdetajj_mjj_genbin0_recobin0 acc 0.3094 eff 0.5996 outinratio 0.0068 

WminusH126_4mu_absdetajj_mjj_genbin0_recobin0 acc 0.2553 eff 0.5347 outinratio 0.0156 

WplusH126_4mu_absdetajj_mjj_genbin0_recobin0 acc 0.2201 eff 0.5453 outinratio 0.0149 

ZH126_4mu_absdetajj_mjj_genbin0_recobin0 acc 0.2195 eff 0.5944 outinratio 0.0628 

ttH126_4mu_absdetajj_mjj_genbin0_recobin0 acc 0.0162 eff 0.1513 outinratio 0.155 

ggH126_4mu_absdetajj_mjj_genbin1_recobin0 acc 0.0373 eff 0.0988 outinratio 0.0062 

VBFH126_4mu_absdetajj_mjj_genbin1_recobin0 acc 0.0598 eff 0.0939 outinratio 0.0068 

WminusH126_4mu_absdetajj_mjj_genbin1_recobin0 acc 0.1738 eff 0.0749 outinratio 0.0156 

WplusH126_4mu_absdetajj_mjj_genbin1_recobin0 acc 0.16 eff 0.0757 outinratio 0.0149 

ZH126_4mu_absdetajj_mjj_genbin1_recobin0 acc 0.1867 eff 0.0871 outinratio 0.0628 

ttH126_4mu_absdetajj_mjj_genbin1_recobin0 acc 0.4836 eff 0.0089 outinratio 0.155 

ggH126_4mu_absdetajj_mjj_genbin2_recobin0 acc 0.0032 eff 0.3353 outinratio 0.0062 

VBFH126_4mu_absdetajj_mjj_genbin2_recobin0 acc 0.0255 eff 0.1471 outinratio 0.0068 

WminusH126_4mu_absdetajj_mjj_genbin2_recobin0 acc 0.0042 eff 0.1422 outinratio 0.0156 

WplusH126_4mu_absdetajj_mjj_genbin2_recobin0 acc 0.0029 eff 0.0522 outinratio 0.0149 

ZH126_4mu_absdetajj_mjj_genbin2_recobin0 acc 0.0036 eff 0.0626 outinratio 0.0628 

ttH126_4mu_absdetajj_mjj_genbin2_recobin0 acc 0.0037 eff 0.0 outinratio 0.155 

ggH126_4mu_absdetajj_mjj_genbin3_recobin0 acc 0.0041 eff 0.1063 outinratio 0.0062 

VBFH126_4mu_absdetajj_mjj_genbin3_recobin0 acc 0.1181 eff 0.1034 outinratio 0.0068 

WminusH126_4mu_absdetajj_mjj_genbin3_recobin0 acc 0.0041 eff 0.0197 outinratio 0.0156 

WplusH126_4mu_absdetajj_mjj_genbin3_recobin0 acc 0.0035 eff 0.0227 outinratio 0.0149 

ZH126_4mu_absdetajj_mjj_genbin3_recobin0 acc 0.0038 eff 0.0812 outinratio 0.0628 

ttH126_4mu_absdetajj_mjj_genbin3_recobin0 acc 0.0213 eff 0.0024 outinratio 0.155 

ggH126_4mu_absdetajj_mjj_genbin0_recobin1 acc 0.4346 eff 0.0182 outinratio 0.0026 

VBFH126_4mu_absdetajj_mjj_genbin0_recobin1 acc 0.3094 eff 0.0336 outinratio 0.0048 

WminusH126_4mu_absdetajj_mjj_genbin0_recobin1 acc 0.2553 eff 0.08 outinratio 0.0085 

WplusH126_4mu_absdetajj_mjj_genbin0_recobin1 acc 0.2201 eff 0.0797 outinratio 0.0092 

ZH126_4mu_absdetajj_mjj_genbin0_recobin1 acc 0.2195 eff 0.0787 outinratio 0.0324 

ttH126_4mu_absdetajj_mjj_genbin0_recobin1 acc 0.0162 eff 0.2145 outinratio 0.0344 

ggH126_4mu_absdetajj_mjj_genbin1_recobin1 acc 0.0373 eff 0.5803 outinratio 0.0026 

VBFH126_4mu_absdetajj_mjj_genbin1_recobin1 acc 0.0598 eff 0.589 outinratio 0.0048 

WminusH126_4mu_absdetajj_mjj_genbin1_recobin1 acc 0.1738 eff 0.5706 outinratio 0.0085 

WplusH126_4mu_absdetajj_mjj_genbin1_recobin1 acc 0.16 eff 0.5579 outinratio 0.0092 

ZH126_4mu_absdetajj_mjj_genbin1_recobin1 acc 0.1867 eff 0.5515 outinratio 0.0324 

ttH126_4mu_absdetajj_mjj_genbin1_recobin1 acc 0.4836 eff 0.482 outinratio 0.0344 

ggH126_4mu_absdetajj_mjj_genbin2_recobin1 acc 0.0032 eff 0.0538 outinratio 0.0026 

VBFH126_4mu_absdetajj_mjj_genbin2_recobin1 acc 0.0255 eff 0.0354 outinratio 0.0048 

WminusH126_4mu_absdetajj_mjj_genbin2_recobin1 acc 0.0042 eff 0.1522 outinratio 0.0085 

WplusH126_4mu_absdetajj_mjj_genbin2_recobin1 acc 0.0029 eff 0.1493 outinratio 0.0092 

ZH126_4mu_absdetajj_mjj_genbin2_recobin1 acc 0.0036 eff 0.0606 outinratio 0.0324 

ttH126_4mu_absdetajj_mjj_genbin2_recobin1 acc 0.0037 eff 0.2772 outinratio 0.0344 

ggH126_4mu_absdetajj_mjj_genbin3_recobin1 acc 0.0041 eff 0.0555 outinratio 0.0026 

VBFH126_4mu_absdetajj_mjj_genbin3_recobin1 acc 0.1181 eff 0.0086 outinratio 0.0048 

WminusH126_4mu_absdetajj_mjj_genbin3_recobin1 acc 0.0041 eff 0.103 outinratio 0.0085 

WplusH126_4mu_absdetajj_mjj_genbin3_recobin1 acc 0.0035 eff 0.0805 outinratio 0.0092 

ZH126_4mu_absdetajj_mjj_genbin3_recobin1 acc 0.0038 eff 0.0423 outinratio 0.0324 

ttH126_4mu_absdetajj_mjj_genbin3_recobin1 acc 0.0213 eff 0.101 outinratio 0.0344 

ggH126_4mu_absdetajj_mjj_genbin0_recobin2 acc 0.4346 eff 0.0033 outinratio 0.0105 

VBFH126_4mu_absdetajj_mjj_genbin0_recobin2 acc 0.3094 eff 0.0152 outinratio 0.0082 

WminusH126_4mu_absdetajj_mjj_genbin0_recobin2 acc 0.2553 eff 0.0029 outinratio 0.0 

WplusH126_4mu_absdetajj_mjj_genbin0_recobin2 acc 0.2201 eff 0.0036 outinratio 0.0 

ZH126_4mu_absdetajj_mjj_genbin0_recobin2 acc 0.2195 eff 0.0052 outinratio 0.0384 

ttH126_4mu_absdetajj_mjj_genbin0_recobin2 acc 0.0162 eff 0.0 outinratio 0.0995 

ggH126_4mu_absdetajj_mjj_genbin1_recobin2 acc 0.0373 eff 0.0043 outinratio 0.0105 

VBFH126_4mu_absdetajj_mjj_genbin1_recobin2 acc 0.0598 eff 0.0076 outinratio 0.0082 

WminusH126_4mu_absdetajj_mjj_genbin1_recobin2 acc 0.1738 eff 0.0031 outinratio 0.0 

WplusH126_4mu_absdetajj_mjj_genbin1_recobin2 acc 0.16 eff 0.0051 outinratio 0.0 

ZH126_4mu_absdetajj_mjj_genbin1_recobin2 acc 0.1867 eff 0.0031 outinratio 0.0384 

ttH126_4mu_absdetajj_mjj_genbin1_recobin2 acc 0.4836 eff 0.0013 outinratio 0.0995 

ggH126_4mu_absdetajj_mjj_genbin2_recobin2 acc 0.0032 eff 0.4039 outinratio 0.0105 

VBFH126_4mu_absdetajj_mjj_genbin2_recobin2 acc 0.0255 eff 0.4029 outinratio 0.0082 

WminusH126_4mu_absdetajj_mjj_genbin2_recobin2 acc 0.0042 eff 0.3413 outinratio 0.0 

WplusH126_4mu_absdetajj_mjj_genbin2_recobin2 acc 0.0029 eff 0.3124 outinratio 0.0 

ZH126_4mu_absdetajj_mjj_genbin2_recobin2 acc 0.0036 eff 0.3094 outinratio 0.0384 

ttH126_4mu_absdetajj_mjj_genbin2_recobin2 acc 0.0037 eff 0.1757 outinratio 0.0995 

ggH126_4mu_absdetajj_mjj_genbin3_recobin2 acc 0.0041 eff 0.0087 outinratio 0.0105 

VBFH126_4mu_absdetajj_mjj_genbin3_recobin2 acc 0.1181 eff 0.0111 outinratio 0.0082 

WminusH126_4mu_absdetajj_mjj_genbin3_recobin2 acc 0.0041 eff 0.0 outinratio 0.0 

WplusH126_4mu_absdetajj_mjj_genbin3_recobin2 acc 0.0035 eff 0.0047 outinratio 0.0 

ZH126_4mu_absdetajj_mjj_genbin3_recobin2 acc 0.0038 eff 0.0597 outinratio 0.0384 

ttH126_4mu_absdetajj_mjj_genbin3_recobin2 acc 0.0213 eff 0.0048 outinratio 0.0995 

ggH126_4mu_absdetajj_mjj_genbin0_recobin3 acc 0.4346 eff 0.0029 outinratio 0.0 

VBFH126_4mu_absdetajj_mjj_genbin0_recobin3 acc 0.3094 eff 0.0497 outinratio 0.0015 

WminusH126_4mu_absdetajj_mjj_genbin0_recobin3 acc 0.2553 eff 0.0018 outinratio 0.0047 

WplusH126_4mu_absdetajj_mjj_genbin0_recobin3 acc 0.2201 eff 0.0016 outinratio 0.0 

ZH126_4mu_absdetajj_mjj_genbin0_recobin3 acc 0.2195 eff 0.0018 outinratio 0.0775 

ttH126_4mu_absdetajj_mjj_genbin0_recobin3 acc 0.0162 eff 0.0036 outinratio 0.0398 

ggH126_4mu_absdetajj_mjj_genbin1_recobin3 acc 0.0373 eff 0.0117 outinratio 0.0 

VBFH126_4mu_absdetajj_mjj_genbin1_recobin3 acc 0.0598 eff 0.0245 outinratio 0.0015 

WminusH126_4mu_absdetajj_mjj_genbin1_recobin3 acc 0.1738 eff 0.0033 outinratio 0.0047 

WplusH126_4mu_absdetajj_mjj_genbin1_recobin3 acc 0.16 eff 0.0046 outinratio 0.0 

ZH126_4mu_absdetajj_mjj_genbin1_recobin3 acc 0.1867 eff 0.0028 outinratio 0.0775 

ttH126_4mu_absdetajj_mjj_genbin1_recobin3 acc 0.4836 eff 0.0038 outinratio 0.0398 

ggH126_4mu_absdetajj_mjj_genbin2_recobin3 acc 0.0032 eff 0.0197 outinratio 0.0 

VBFH126_4mu_absdetajj_mjj_genbin2_recobin3 acc 0.0255 eff 0.0963 outinratio 0.0015 

WminusH126_4mu_absdetajj_mjj_genbin2_recobin3 acc 0.0042 eff 0.0775 outinratio 0.0047 

WplusH126_4mu_absdetajj_mjj_genbin2_recobin3 acc 0.0029 eff 0.0281 outinratio 0.0 

ZH126_4mu_absdetajj_mjj_genbin2_recobin3 acc 0.0036 eff 0.0293 outinratio 0.0775 

ttH126_4mu_absdetajj_mjj_genbin2_recobin3 acc 0.0037 eff 0.0554 outinratio 0.0398 

ggH126_4mu_absdetajj_mjj_genbin3_recobin3 acc 0.0041 eff 0.5637 outinratio 0.0 

VBFH126_4mu_absdetajj_mjj_genbin3_recobin3 acc 0.1181 eff 0.5735 outinratio 0.0015 

WminusH126_4mu_absdetajj_mjj_genbin3_recobin3 acc 0.0041 eff 0.4469 outinratio 0.0047 

WplusH126_4mu_absdetajj_mjj_genbin3_recobin3 acc 0.0035 eff 0.4797 outinratio 0.0 

ZH126_4mu_absdetajj_mjj_genbin3_recobin3 acc 0.0038 eff 0.2661 outinratio 0.0775 

ttH126_4mu_absdetajj_mjj_genbin3_recobin3 acc 0.0213 eff 0.3937 outinratio 0.0398 

ggH126_2e2mu_absdetajj_mjj_genbin0_recobin0 acc 0.3988 eff 0.4621 outinratio 0.0068 

VBFH126_2e2mu_absdetajj_mjj_genbin0_recobin0 acc 0.2884 eff 0.4222 outinratio 0.0061 

WminusH126_2e2mu_absdetajj_mjj_genbin0_recobin0 acc 0.2334 eff 0.383 outinratio 0.0278 

WplusH126_2e2mu_absdetajj_mjj_genbin0_recobin0 acc 0.2043 eff 0.3783 outinratio 0.0269 

ZH126_2e2mu_absdetajj_mjj_genbin0_recobin0 acc 0.205 eff 0.392 outinratio 0.0605 

ttH126_2e2mu_absdetajj_mjj_genbin0_recobin0 acc 0.0146 eff 0.1264 outinratio 0.1592 

ggH126_2e2mu_absdetajj_mjj_genbin1_recobin0 acc 0.0361 eff 0.0981 outinratio 0.0068 

VBFH126_2e2mu_absdetajj_mjj_genbin1_recobin0 acc 0.0581 eff 0.0644 outinratio 0.0061 

WminusH126_2e2mu_absdetajj_mjj_genbin1_recobin0 acc 0.1635 eff 0.0581 outinratio 0.0278 

WplusH126_2e2mu_absdetajj_mjj_genbin1_recobin0 acc 0.1498 eff 0.0546 outinratio 0.0269 

ZH126_2e2mu_absdetajj_mjj_genbin1_recobin0 acc 0.1756 eff 0.0741 outinratio 0.0605 

ttH126_2e2mu_absdetajj_mjj_genbin1_recobin0 acc 0.4456 eff 0.0062 outinratio 0.1592 

ggH126_2e2mu_absdetajj_mjj_genbin2_recobin0 acc 0.003 eff 0.0771 outinratio 0.0068 

VBFH126_2e2mu_absdetajj_mjj_genbin2_recobin0 acc 0.0225 eff 0.1103 outinratio 0.0061 

WminusH126_2e2mu_absdetajj_mjj_genbin2_recobin0 acc 0.003 eff 0.0505 outinratio 0.0278 

WplusH126_2e2mu_absdetajj_mjj_genbin2_recobin0 acc 0.0033 eff 0.0594 outinratio 0.0269 

ZH126_2e2mu_absdetajj_mjj_genbin2_recobin0 acc 0.0033 eff 0.0814 outinratio 0.0605 

ttH126_2e2mu_absdetajj_mjj_genbin2_recobin0 acc 0.0046 eff 0.0342 outinratio 0.1592 

ggH126_2e2mu_absdetajj_mjj_genbin3_recobin0 acc 0.004 eff 0.0492 outinratio 0.0068 

VBFH126_2e2mu_absdetajj_mjj_genbin3_recobin0 acc 0.1113 eff 0.0814 outinratio 0.0061 

WminusH126_2e2mu_absdetajj_mjj_genbin3_recobin0 acc 0.0033 eff 0.0467 outinratio 0.0278 

WplusH126_2e2mu_absdetajj_mjj_genbin3_recobin0 acc 0.0035 eff 0.0197 outinratio 0.0269 

ZH126_2e2mu_absdetajj_mjj_genbin3_recobin0 acc 0.0039 eff 0.0078 outinratio 0.0605 

ttH126_2e2mu_absdetajj_mjj_genbin3_recobin0 acc 0.0197 eff 0.0014 outinratio 0.1592 

ggH126_2e2mu_absdetajj_mjj_genbin0_recobin1 acc 0.3988 eff 0.0117 outinratio 0.0041 

VBFH126_2e2mu_absdetajj_mjj_genbin0_recobin1 acc 0.2884 eff 0.0268 outinratio 0.0136 

WminusH126_2e2mu_absdetajj_mjj_genbin0_recobin1 acc 0.2334 eff 0.0563 outinratio 0.0113 

WplusH126_2e2mu_absdetajj_mjj_genbin0_recobin1 acc 0.2043 eff 0.0577 outinratio 0.0114 

ZH126_2e2mu_absdetajj_mjj_genbin0_recobin1 acc 0.205 eff 0.049 outinratio 0.0297 

ttH126_2e2mu_absdetajj_mjj_genbin0_recobin1 acc 0.0146 eff 0.1623 outinratio 0.0356 

ggH126_2e2mu_absdetajj_mjj_genbin1_recobin1 acc 0.0361 eff 0.4189 outinratio 0.0041 

VBFH126_2e2mu_absdetajj_mjj_genbin1_recobin1 acc 0.0581 eff 0.3872 outinratio 0.0136 

WminusH126_2e2mu_absdetajj_mjj_genbin1_recobin1 acc 0.1635 eff 0.41 outinratio 0.0113 

WplusH126_2e2mu_absdetajj_mjj_genbin1_recobin1 acc 0.1498 eff 0.4195 outinratio 0.0114 

ZH126_2e2mu_absdetajj_mjj_genbin1_recobin1 acc 0.1756 eff 0.4072 outinratio 0.0297 

ttH126_2e2mu_absdetajj_mjj_genbin1_recobin1 acc 0.4456 eff 0.3691 outinratio 0.0356 

ggH126_2e2mu_absdetajj_mjj_genbin2_recobin1 acc 0.003 eff 0.0544 outinratio 0.0041 

VBFH126_2e2mu_absdetajj_mjj_genbin2_recobin1 acc 0.0225 eff 0.0196 outinratio 0.0136 

WminusH126_2e2mu_absdetajj_mjj_genbin2_recobin1 acc 0.003 eff 0.086 outinratio 0.0113 

WplusH126_2e2mu_absdetajj_mjj_genbin2_recobin1 acc 0.0033 eff 0.1063 outinratio 0.0114 

ZH126_2e2mu_absdetajj_mjj_genbin2_recobin1 acc 0.0033 eff 0.097 outinratio 0.0297 

ttH126_2e2mu_absdetajj_mjj_genbin2_recobin1 acc 0.0046 eff 0.1515 outinratio 0.0356 

ggH126_2e2mu_absdetajj_mjj_genbin3_recobin1 acc 0.004 eff 0.0368 outinratio 0.0041 

VBFH126_2e2mu_absdetajj_mjj_genbin3_recobin1 acc 0.1113 eff 0.0119 outinratio 0.0136 

WminusH126_2e2mu_absdetajj_mjj_genbin3_recobin1 acc 0.0033 eff 0.083 outinratio 0.0113 

WplusH126_2e2mu_absdetajj_mjj_genbin3_recobin1 acc 0.0035 eff 0.0829 outinratio 0.0114 

ZH126_2e2mu_absdetajj_mjj_genbin3_recobin1 acc 0.0039 eff 0.0824 outinratio 0.0297 

ttH126_2e2mu_absdetajj_mjj_genbin3_recobin1 acc 0.0197 eff 0.0861 outinratio 0.0356 

ggH126_2e2mu_absdetajj_mjj_genbin0_recobin2 acc 0.3988 eff 0.0017 outinratio 0.0087 

VBFH126_2e2mu_absdetajj_mjj_genbin0_recobin2 acc 0.2884 eff 0.0105 outinratio 0.006 

WminusH126_2e2mu_absdetajj_mjj_genbin0_recobin2 acc 0.2334 eff 0.0026 outinratio 0.0224 

WplusH126_2e2mu_absdetajj_mjj_genbin0_recobin2 acc 0.2043 eff 0.0027 outinratio 0.0 

ZH126_2e2mu_absdetajj_mjj_genbin0_recobin2 acc 0.205 eff 0.0015 outinratio 0.0503 

ttH126_2e2mu_absdetajj_mjj_genbin0_recobin2 acc 0.0146 eff 0.0056 outinratio 0.055 

ggH126_2e2mu_absdetajj_mjj_genbin1_recobin2 acc 0.0361 eff 0.0037 outinratio 0.0087 

VBFH126_2e2mu_absdetajj_mjj_genbin1_recobin2 acc 0.0581 eff 0.0058 outinratio 0.006 

WminusH126_2e2mu_absdetajj_mjj_genbin1_recobin2 acc 0.1635 eff 0.0021 outinratio 0.0224 

WplusH126_2e2mu_absdetajj_mjj_genbin1_recobin2 acc 0.1498 eff 0.0026 outinratio 0.0 

ZH126_2e2mu_absdetajj_mjj_genbin1_recobin2 acc 0.1756 eff 0.002 outinratio 0.0503 

ttH126_2e2mu_absdetajj_mjj_genbin1_recobin2 acc 0.4456 eff 0.0012 outinratio 0.055 

ggH126_2e2mu_absdetajj_mjj_genbin2_recobin2 acc 0.003 eff 0.3617 outinratio 0.0087 

VBFH126_2e2mu_absdetajj_mjj_genbin2_recobin2 acc 0.0225 eff 0.2759 outinratio 0.006 

WminusH126_2e2mu_absdetajj_mjj_genbin2_recobin2 acc 0.003 eff 0.2806 outinratio 0.0224 

WplusH126_2e2mu_absdetajj_mjj_genbin2_recobin2 acc 0.0033 eff 0.2578 outinratio 0.0 

ZH126_2e2mu_absdetajj_mjj_genbin2_recobin2 acc 0.0033 eff 0.2571 outinratio 0.0503 

ttH126_2e2mu_absdetajj_mjj_genbin2_recobin2 acc 0.0046 eff 0.1128 outinratio 0.055 

ggH126_2e2mu_absdetajj_mjj_genbin3_recobin2 acc 0.004 eff 0.0315 outinratio 0.0087 

VBFH126_2e2mu_absdetajj_mjj_genbin3_recobin2 acc 0.1113 eff 0.0091 outinratio 0.006 

WminusH126_2e2mu_absdetajj_mjj_genbin3_recobin2 acc 0.0033 eff 0.0309 outinratio 0.0224 

WplusH126_2e2mu_absdetajj_mjj_genbin3_recobin2 acc 0.0035 eff 0.0161 outinratio 0.0 

ZH126_2e2mu_absdetajj_mjj_genbin3_recobin2 acc 0.0039 eff 0.0156 outinratio 0.0503 

ttH126_2e2mu_absdetajj_mjj_genbin3_recobin2 acc 0.0197 eff 0.0095 outinratio 0.055 

ggH126_2e2mu_absdetajj_mjj_genbin0_recobin3 acc 0.3988 eff 0.001 outinratio 0.0 

VBFH126_2e2mu_absdetajj_mjj_genbin0_recobin3 acc 0.2884 eff 0.0311 outinratio 0.0092 

WminusH126_2e2mu_absdetajj_mjj_genbin0_recobin3 acc 0.2334 eff 0.0017 outinratio 0.0239 

WplusH126_2e2mu_absdetajj_mjj_genbin0_recobin3 acc 0.2043 eff 0.0015 outinratio 0.0266 

ZH126_2e2mu_absdetajj_mjj_genbin0_recobin3 acc 0.205 eff 0.0006 outinratio 0.0713 

ttH126_2e2mu_absdetajj_mjj_genbin0_recobin3 acc 0.0146 eff 0.01 outinratio 0.0292 

ggH126_2e2mu_absdetajj_mjj_genbin1_recobin3 acc 0.0361 eff 0.0011 outinratio 0.0 

VBFH126_2e2mu_absdetajj_mjj_genbin1_recobin3 acc 0.0581 eff 0.0166 outinratio 0.0092 

WminusH126_2e2mu_absdetajj_mjj_genbin1_recobin3 acc 0.1635 eff 0.0018 outinratio 0.0239 

WplusH126_2e2mu_absdetajj_mjj_genbin1_recobin3 acc 0.1498 eff 0.0016 outinratio 0.0266 

ZH126_2e2mu_absdetajj_mjj_genbin1_recobin3 acc 0.1756 eff 0.0015 outinratio 0.0713 

ttH126_2e2mu_absdetajj_mjj_genbin1_recobin3 acc 0.4456 eff 0.0036 outinratio 0.0292 

ggH126_2e2mu_absdetajj_mjj_genbin2_recobin3 acc 0.003 eff 0.0467 outinratio 0.0 

VBFH126_2e2mu_absdetajj_mjj_genbin2_recobin3 acc 0.0225 eff 0.0772 outinratio 0.0092 

WminusH126_2e2mu_absdetajj_mjj_genbin2_recobin3 acc 0.003 eff 0.0403 outinratio 0.0239 

WplusH126_2e2mu_absdetajj_mjj_genbin2_recobin3 acc 0.0033 eff 0.0329 outinratio 0.0266 

ZH126_2e2mu_absdetajj_mjj_genbin2_recobin3 acc 0.0033 eff 0.0332 outinratio 0.0713 

ttH126_2e2mu_absdetajj_mjj_genbin2_recobin3 acc 0.0046 eff 0.0543 outinratio 0.0292 

ggH126_2e2mu_absdetajj_mjj_genbin3_recobin3 acc 0.004 eff 0.3969 outinratio 0.0 

VBFH126_2e2mu_absdetajj_mjj_genbin3_recobin3 acc 0.1113 eff 0.4232 outinratio 0.0092 

WminusH126_2e2mu_absdetajj_mjj_genbin3_recobin3 acc 0.0033 eff 0.2805 outinratio 0.0239 

WplusH126_2e2mu_absdetajj_mjj_genbin3_recobin3 acc 0.0035 eff 0.3614 outinratio 0.0266 

ZH126_2e2mu_absdetajj_mjj_genbin3_recobin3 acc 0.0039 eff 0.3212 outinratio 0.0713 

ttH126_2e2mu_absdetajj_mjj_genbin3_recobin3 acc 0.0197 eff 0.3049 outinratio 0.0292 

Coeff fullNNLOPS
