Welcome in RunCoefficients!
OPT SPLIT
DEBUG opt.YEAR = 2022EE_6
It is a single-differential measurement, binning [-100.0, 0.0, 4.0, 8.0, 16.0, 25.0, 45.0, 10000.0]
TBjMax
Following observables extracted from dictionary: RECO =  TBjMax  GEN =  GENTBjMax
LUMI: 4.4454666666666665
ttH126 0.00016778593
Processing ggH126 2022EE_6
Signal created
Signal failed created
Processing VBFH126 2022EE_6
Signal created
Signal failed created
Processing WminusH126 2022EE_6
Signal created
Signal failed created
Processing WplusH126 2022EE_6
Signal created
Signal failed created
Processing ZH126 2022EE_6
Signal created
Signal failed created
Processing ttH126 2022EE_6
Signal created
Signal failed created
2022EE_6 SKIMMED df CREATED
2022EE_6 ggH126
2022EE_6 VBFH126
2022EE_6 WminusH126
2022EE_6 WplusH126
2022EE_6 ZH126
2022EE_6 ttH126
Dataframes created successfully
Coeff std
ggH126_4l_TBjmax_genbin0_recobin0 acc 0.2919 eff 0.4378 outinratio 0.0076 

VBFH126_4l_TBjmax_genbin0_recobin0 acc 0.0692 eff 0.3604 outinratio 0.0 

WminusH126_4l_TBjmax_genbin0_recobin0 acc 0.1023 eff 0.3365 outinratio 0.0301 

WplusH126_4l_TBjmax_genbin0_recobin0 acc 0.0874 eff 0.3352 outinratio 0.0387 

ZH126_4l_TBjmax_genbin0_recobin0 acc 0.0832 eff 0.3984 outinratio 0.069 

ttH126_4l_TBjmax_genbin0_recobin0 acc 0.0016 eff 0.115 outinratio 0.1031 

ggH126_4l_TBjmax_genbin1_recobin0 acc 0.0166 eff 0.0985 outinratio 0.0076 

VBFH126_4l_TBjmax_genbin1_recobin0 acc 0.065 eff 0.0412 outinratio 0.0 

WminusH126_4l_TBjmax_genbin1_recobin0 acc 0.0039 eff 0.081 outinratio 0.0301 

WplusH126_4l_TBjmax_genbin1_recobin0 acc 0.003 eff 0.074 outinratio 0.0387 

ZH126_4l_TBjmax_genbin1_recobin0 acc 0.003 eff 0.0906 outinratio 0.069 

ttH126_4l_TBjmax_genbin1_recobin0 acc 0.0002 eff -1.0 outinratio 0.1031 

ggH126_4l_TBjmax_genbin2_recobin0 acc 0.0192 eff 0.0853 outinratio 0.0076 

VBFH126_4l_TBjmax_genbin2_recobin0 acc 0.0627 eff 0.0312 outinratio 0.0 

WminusH126_4l_TBjmax_genbin2_recobin0 acc 0.0084 eff 0.062 outinratio 0.0301 

WplusH126_4l_TBjmax_genbin2_recobin0 acc 0.007 eff 0.0636 outinratio 0.0387 

ZH126_4l_TBjmax_genbin2_recobin0 acc 0.0076 eff 0.0805 outinratio 0.069 

ttH126_4l_TBjmax_genbin2_recobin0 acc 0.0009 eff 0.0 outinratio 0.1031 

ggH126_4l_TBjmax_genbin3_recobin0 acc 0.0298 eff 0.0597 outinratio 0.0076 

VBFH126_4l_TBjmax_genbin3_recobin0 acc 0.0918 eff 0.0158 outinratio 0.0 

WminusH126_4l_TBjmax_genbin3_recobin0 acc 0.0277 eff 0.048 outinratio 0.0301 

WplusH126_4l_TBjmax_genbin3_recobin0 acc 0.0242 eff 0.0428 outinratio 0.0387 

ZH126_4l_TBjmax_genbin3_recobin0 acc 0.025 eff 0.0645 outinratio 0.069 

ttH126_4l_TBjmax_genbin3_recobin0 acc 0.0058 eff 0.0 outinratio 0.1031 

ggH126_4l_TBjmax_genbin4_recobin0 acc 0.0252 eff 0.0448 outinratio 0.0076 

VBFH126_4l_TBjmax_genbin4_recobin0 acc 0.0642 eff 0.0149 outinratio 0.0 

WminusH126_4l_TBjmax_genbin4_recobin0 acc 0.0416 eff 0.0304 outinratio 0.0301 

WplusH126_4l_TBjmax_genbin4_recobin0 acc 0.0353 eff 0.0302 outinratio 0.0387 

ZH126_4l_TBjmax_genbin4_recobin0 acc 0.0394 eff 0.0376 outinratio 0.069 

ttH126_4l_TBjmax_genbin4_recobin0 acc 0.0155 eff 0.013 outinratio 0.1031 

ggH126_4l_TBjmax_genbin5_recobin0 acc 0.0342 eff 0.0267 outinratio 0.0076 

VBFH126_4l_TBjmax_genbin5_recobin0 acc 0.0635 eff 0.0047 outinratio 0.0 

WminusH126_4l_TBjmax_genbin5_recobin0 acc 0.0978 eff 0.015 outinratio 0.0301 

WplusH126_4l_TBjmax_genbin5_recobin0 acc 0.0832 eff 0.0142 outinratio 0.0387 

ZH126_4l_TBjmax_genbin5_recobin0 acc 0.0952 eff 0.0196 outinratio 0.069 

ttH126_4l_TBjmax_genbin5_recobin0 acc 0.0768 eff 0.0026 outinratio 0.1031 

ggH126_4l_TBjmax_genbin6_recobin0 acc 0.0302 eff 0.0015 outinratio 0.0076 

VBFH126_4l_TBjmax_genbin6_recobin0 acc 0.0646 eff -0.0004 outinratio 0.0 

WminusH126_4l_TBjmax_genbin6_recobin0 acc 0.1302 eff 0.0022 outinratio 0.0301 

WplusH126_4l_TBjmax_genbin6_recobin0 acc 0.1228 eff 0.002 outinratio 0.0387 

ZH126_4l_TBjmax_genbin6_recobin0 acc 0.1388 eff 0.0033 outinratio 0.069 

ttH126_4l_TBjmax_genbin6_recobin0 acc 0.3852 eff 0.0 outinratio 0.1031 

ggH126_4l_TBjmax_genbin0_recobin1 acc 0.2919 eff 0.0104 outinratio 0.0069 

VBFH126_4l_TBjmax_genbin0_recobin1 acc 0.0692 eff 0.0457 outinratio 0.0124 

WminusH126_4l_TBjmax_genbin0_recobin1 acc 0.1023 eff 0.007 outinratio 0.0459 

WplusH126_4l_TBjmax_genbin0_recobin1 acc 0.0874 eff 0.0069 outinratio 0.0233 

ZH126_4l_TBjmax_genbin0_recobin1 acc 0.0832 eff 0.0078 outinratio 0.0843 

ttH126_4l_TBjmax_genbin0_recobin1 acc 0.0016 eff 0.0 outinratio 0.0 

ggH126_4l_TBjmax_genbin1_recobin1 acc 0.0166 eff 0.2928 outinratio 0.0069 

VBFH126_4l_TBjmax_genbin1_recobin1 acc 0.065 eff 0.3724 outinratio 0.0124 

WminusH126_4l_TBjmax_genbin1_recobin1 acc 0.0039 eff 0.2302 outinratio 0.0459 

WplusH126_4l_TBjmax_genbin1_recobin1 acc 0.003 eff 0.2236 outinratio 0.0233 

ZH126_4l_TBjmax_genbin1_recobin1 acc 0.003 eff 0.2074 outinratio 0.0843 

ttH126_4l_TBjmax_genbin1_recobin1 acc 0.0002 eff -1.0 outinratio 0.0 

ggH126_4l_TBjmax_genbin2_recobin1 acc 0.0192 eff 0.0271 outinratio 0.0069 

VBFH126_4l_TBjmax_genbin2_recobin1 acc 0.0627 eff 0.0348 outinratio 0.0124 

WminusH126_4l_TBjmax_genbin2_recobin1 acc 0.0084 eff 0.0126 outinratio 0.0459 

WplusH126_4l_TBjmax_genbin2_recobin1 acc 0.007 eff 0.0113 outinratio 0.0233 

ZH126_4l_TBjmax_genbin2_recobin1 acc 0.0076 eff 0.0164 outinratio 0.0843 

ttH126_4l_TBjmax_genbin2_recobin1 acc 0.0009 eff 0.0 outinratio 0.0 

ggH126_4l_TBjmax_genbin3_recobin1 acc 0.0298 eff 0.0055 outinratio 0.0069 

VBFH126_4l_TBjmax_genbin3_recobin1 acc 0.0918 eff 0.0059 outinratio 0.0124 

WminusH126_4l_TBjmax_genbin3_recobin1 acc 0.0277 eff 0.0015 outinratio 0.0459 

WplusH126_4l_TBjmax_genbin3_recobin1 acc 0.0242 eff 0.003 outinratio 0.0233 

ZH126_4l_TBjmax_genbin3_recobin1 acc 0.025 eff 0.0021 outinratio 0.0843 

ttH126_4l_TBjmax_genbin3_recobin1 acc 0.0058 eff 0.0 outinratio 0.0 

ggH126_4l_TBjmax_genbin4_recobin1 acc 0.0252 eff 0.0043 outinratio 0.0069 

VBFH126_4l_TBjmax_genbin4_recobin1 acc 0.0642 eff 0.0196 outinratio 0.0124 

WminusH126_4l_TBjmax_genbin4_recobin1 acc 0.0416 eff 0.0016 outinratio 0.0459 

WplusH126_4l_TBjmax_genbin4_recobin1 acc 0.0353 eff 0.0012 outinratio 0.0233 

ZH126_4l_TBjmax_genbin4_recobin1 acc 0.0394 eff 0.0013 outinratio 0.0843 

ttH126_4l_TBjmax_genbin4_recobin1 acc 0.0155 eff 0.0 outinratio 0.0 

ggH126_4l_TBjmax_genbin5_recobin1 acc 0.0342 eff 0.0019 outinratio 0.0069 

VBFH126_4l_TBjmax_genbin5_recobin1 acc 0.0635 eff 0.0028 outinratio 0.0124 

WminusH126_4l_TBjmax_genbin5_recobin1 acc 0.0978 eff 0.0005 outinratio 0.0459 

WplusH126_4l_TBjmax_genbin5_recobin1 acc 0.0832 eff 0.0006 outinratio 0.0233 

ZH126_4l_TBjmax_genbin5_recobin1 acc 0.0952 eff 0.0006 outinratio 0.0843 

ttH126_4l_TBjmax_genbin5_recobin1 acc 0.0768 eff 0.0 outinratio 0.0 

ggH126_4l_TBjmax_genbin6_recobin1 acc 0.0302 eff 0.0003 outinratio 0.0069 

VBFH126_4l_TBjmax_genbin6_recobin1 acc 0.0646 eff 0.0 outinratio 0.0124 

WminusH126_4l_TBjmax_genbin6_recobin1 acc 0.1302 eff 0.0 outinratio 0.0459 

WplusH126_4l_TBjmax_genbin6_recobin1 acc 0.1228 eff 0.0001 outinratio 0.0233 

ZH126_4l_TBjmax_genbin6_recobin1 acc 0.1388 eff 0.0001 outinratio 0.0843 

ttH126_4l_TBjmax_genbin6_recobin1 acc 0.3852 eff 0.0001 outinratio 0.0 

ggH126_4l_TBjmax_genbin0_recobin2 acc 0.2919 eff 0.0081 outinratio 0.0128 

VBFH126_4l_TBjmax_genbin0_recobin2 acc 0.0692 eff 0.0572 outinratio 0.0028 

WminusH126_4l_TBjmax_genbin0_recobin2 acc 0.1023 eff 0.011 outinratio 0.0248 

WplusH126_4l_TBjmax_genbin0_recobin2 acc 0.0874 eff 0.0116 outinratio 0.0177 

ZH126_4l_TBjmax_genbin0_recobin2 acc 0.0832 eff 0.0084 outinratio 0.071 

ttH126_4l_TBjmax_genbin0_recobin2 acc 0.0016 eff 0.0055 outinratio 0.1597 

ggH126_4l_TBjmax_genbin1_recobin2 acc 0.0166 eff 0.0515 outinratio 0.0128 

VBFH126_4l_TBjmax_genbin1_recobin2 acc 0.065 eff 0.0808 outinratio 0.0028 

WminusH126_4l_TBjmax_genbin1_recobin2 acc 0.0039 eff 0.0612 outinratio 0.0248 

WplusH126_4l_TBjmax_genbin1_recobin2 acc 0.003 eff 0.0487 outinratio 0.0177 

ZH126_4l_TBjmax_genbin1_recobin2 acc 0.003 eff 0.0662 outinratio 0.071 

ttH126_4l_TBjmax_genbin1_recobin2 acc 0.0002 eff -1.0 outinratio 0.1597 

ggH126_4l_TBjmax_genbin2_recobin2 acc 0.0192 eff 0.2927 outinratio 0.0128 

VBFH126_4l_TBjmax_genbin2_recobin2 acc 0.0627 eff 0.3062 outinratio 0.0028 

WminusH126_4l_TBjmax_genbin2_recobin2 acc 0.0084 eff 0.2086 outinratio 0.0248 

WplusH126_4l_TBjmax_genbin2_recobin2 acc 0.007 eff 0.2229 outinratio 0.0177 

ZH126_4l_TBjmax_genbin2_recobin2 acc 0.0076 eff 0.2316 outinratio 0.071 

ttH126_4l_TBjmax_genbin2_recobin2 acc 0.0009 eff 0.2295 outinratio 0.1597 

ggH126_4l_TBjmax_genbin3_recobin2 acc 0.0298 eff 0.0364 outinratio 0.0128 

VBFH126_4l_TBjmax_genbin3_recobin2 acc 0.0918 eff 0.0418 outinratio 0.0028 

WminusH126_4l_TBjmax_genbin3_recobin2 acc 0.0277 eff 0.0203 outinratio 0.0248 

WplusH126_4l_TBjmax_genbin3_recobin2 acc 0.0242 eff 0.0203 outinratio 0.0177 

ZH126_4l_TBjmax_genbin3_recobin2 acc 0.025 eff 0.018 outinratio 0.071 

ttH126_4l_TBjmax_genbin3_recobin2 acc 0.0058 eff 0.0151 outinratio 0.1597 

ggH126_4l_TBjmax_genbin4_recobin2 acc 0.0252 eff 0.0039 outinratio 0.0128 

VBFH126_4l_TBjmax_genbin4_recobin2 acc 0.0642 eff 0.0055 outinratio 0.0028 

WminusH126_4l_TBjmax_genbin4_recobin2 acc 0.0416 eff 0.0041 outinratio 0.0248 

WplusH126_4l_TBjmax_genbin4_recobin2 acc 0.0353 eff 0.0041 outinratio 0.0177 

ZH126_4l_TBjmax_genbin4_recobin2 acc 0.0394 eff 0.0042 outinratio 0.071 

ttH126_4l_TBjmax_genbin4_recobin2 acc 0.0155 eff 0.0 outinratio 0.1597 

ggH126_4l_TBjmax_genbin5_recobin2 acc 0.0342 eff 0.0038 outinratio 0.0128 

VBFH126_4l_TBjmax_genbin5_recobin2 acc 0.0635 eff 0.0043 outinratio 0.0028 

WminusH126_4l_TBjmax_genbin5_recobin2 acc 0.0978 eff 0.0014 outinratio 0.0248 

WplusH126_4l_TBjmax_genbin5_recobin2 acc 0.0832 eff 0.0013 outinratio 0.0177 

ZH126_4l_TBjmax_genbin5_recobin2 acc 0.0952 eff 0.0022 outinratio 0.071 

ttH126_4l_TBjmax_genbin5_recobin2 acc 0.0768 eff 0.0015 outinratio 0.1597 

ggH126_4l_TBjmax_genbin6_recobin2 acc 0.0302 eff 0.0001 outinratio 0.0128 

VBFH126_4l_TBjmax_genbin6_recobin2 acc 0.0646 eff 0.0015 outinratio 0.0028 

WminusH126_4l_TBjmax_genbin6_recobin2 acc 0.1302 eff 0.0001 outinratio 0.0248 

WplusH126_4l_TBjmax_genbin6_recobin2 acc 0.1228 eff 0.0002 outinratio 0.0177 

ZH126_4l_TBjmax_genbin6_recobin2 acc 0.1388 eff 0.0002 outinratio 0.071 

ttH126_4l_TBjmax_genbin6_recobin2 acc 0.3852 eff 0.0002 outinratio 0.1597 

ggH126_4l_TBjmax_genbin0_recobin3 acc 0.2919 eff 0.0118 outinratio 0.0081 

VBFH126_4l_TBjmax_genbin0_recobin3 acc 0.0692 eff 0.0301 outinratio 0.0095 

WminusH126_4l_TBjmax_genbin0_recobin3 acc 0.1023 eff 0.026 outinratio 0.0188 

WplusH126_4l_TBjmax_genbin0_recobin3 acc 0.0874 eff 0.0216 outinratio 0.0167 

ZH126_4l_TBjmax_genbin0_recobin3 acc 0.0832 eff 0.0154 outinratio 0.0554 

ttH126_4l_TBjmax_genbin0_recobin3 acc 0.0016 eff 0.0 outinratio 0.1889 

ggH126_4l_TBjmax_genbin1_recobin3 acc 0.0166 eff 0.0141 outinratio 0.0081 

VBFH126_4l_TBjmax_genbin1_recobin3 acc 0.065 eff 0.027 outinratio 0.0095 

WminusH126_4l_TBjmax_genbin1_recobin3 acc 0.0039 eff 0.0197 outinratio 0.0188 

WplusH126_4l_TBjmax_genbin1_recobin3 acc 0.003 eff 0.0365 outinratio 0.0167 

ZH126_4l_TBjmax_genbin1_recobin3 acc 0.003 eff 0.0143 outinratio 0.0554 

ttH126_4l_TBjmax_genbin1_recobin3 acc 0.0002 eff -1.0 outinratio 0.1889 

ggH126_4l_TBjmax_genbin2_recobin3 acc 0.0192 eff 0.0778 outinratio 0.0081 

VBFH126_4l_TBjmax_genbin2_recobin3 acc 0.0627 eff 0.1245 outinratio 0.0095 

WminusH126_4l_TBjmax_genbin2_recobin3 acc 0.0084 eff 0.0902 outinratio 0.0188 

WplusH126_4l_TBjmax_genbin2_recobin3 acc 0.007 eff 0.095 outinratio 0.0167 

ZH126_4l_TBjmax_genbin2_recobin3 acc 0.0076 eff 0.0987 outinratio 0.0554 

ttH126_4l_TBjmax_genbin2_recobin3 acc 0.0009 eff 0.0502 outinratio 0.1889 

ggH126_4l_TBjmax_genbin3_recobin3 acc 0.0298 eff 0.3298 outinratio 0.0081 

VBFH126_4l_TBjmax_genbin3_recobin3 acc 0.0918 eff 0.3706 outinratio 0.0095 

WminusH126_4l_TBjmax_genbin3_recobin3 acc 0.0277 eff 0.2569 outinratio 0.0188 

WplusH126_4l_TBjmax_genbin3_recobin3 acc 0.0242 eff 0.2525 outinratio 0.0167 

ZH126_4l_TBjmax_genbin3_recobin3 acc 0.025 eff 0.2701 outinratio 0.0554 

ttH126_4l_TBjmax_genbin3_recobin3 acc 0.0058 eff 0.1156 outinratio 0.1889 

ggH126_4l_TBjmax_genbin4_recobin3 acc 0.0252 eff 0.0587 outinratio 0.0081 

VBFH126_4l_TBjmax_genbin4_recobin3 acc 0.0642 eff 0.0628 outinratio 0.0095 

WminusH126_4l_TBjmax_genbin4_recobin3 acc 0.0416 eff 0.0382 outinratio 0.0188 

WplusH126_4l_TBjmax_genbin4_recobin3 acc 0.0353 eff 0.0334 outinratio 0.0167 

ZH126_4l_TBjmax_genbin4_recobin3 acc 0.0394 eff 0.0482 outinratio 0.0554 

ttH126_4l_TBjmax_genbin4_recobin3 acc 0.0155 eff 0.0405 outinratio 0.1889 

ggH126_4l_TBjmax_genbin5_recobin3 acc 0.0342 eff 0.0047 outinratio 0.0081 

VBFH126_4l_TBjmax_genbin5_recobin3 acc 0.0635 eff 0.0006 outinratio 0.0095 

WminusH126_4l_TBjmax_genbin5_recobin3 acc 0.0978 eff 0.0073 outinratio 0.0188 

WplusH126_4l_TBjmax_genbin5_recobin3 acc 0.0832 eff 0.0061 outinratio 0.0167 

ZH126_4l_TBjmax_genbin5_recobin3 acc 0.0952 eff 0.0068 outinratio 0.0554 

ttH126_4l_TBjmax_genbin5_recobin3 acc 0.0768 eff 0.0053 outinratio 0.1889 

ggH126_4l_TBjmax_genbin6_recobin3 acc 0.0302 eff 0.0004 outinratio 0.0081 

VBFH126_4l_TBjmax_genbin6_recobin3 acc 0.0646 eff 0.0034 outinratio 0.0095 

WminusH126_4l_TBjmax_genbin6_recobin3 acc 0.1302 eff 0.0005 outinratio 0.0188 

WplusH126_4l_TBjmax_genbin6_recobin3 acc 0.1228 eff 0.0007 outinratio 0.0167 

ZH126_4l_TBjmax_genbin6_recobin3 acc 0.1388 eff 0.0004 outinratio 0.0554 

ttH126_4l_TBjmax_genbin6_recobin3 acc 0.3852 eff 0.0003 outinratio 0.1889 

ggH126_4l_TBjmax_genbin0_recobin4 acc 0.2919 eff 0.0097 outinratio 0.0068 

VBFH126_4l_TBjmax_genbin0_recobin4 acc 0.0692 eff 0.0164 outinratio 0.002 

WminusH126_4l_TBjmax_genbin0_recobin4 acc 0.1023 eff 0.0256 outinratio 0.0162 

WplusH126_4l_TBjmax_genbin0_recobin4 acc 0.0874 eff 0.0252 outinratio 0.0113 

ZH126_4l_TBjmax_genbin0_recobin4 acc 0.0832 eff 0.0158 outinratio 0.0524 

ttH126_4l_TBjmax_genbin0_recobin4 acc 0.0016 eff 0.0068 outinratio 0.0459 

ggH126_4l_TBjmax_genbin1_recobin4 acc 0.0166 eff 0.0129 outinratio 0.0068 

VBFH126_4l_TBjmax_genbin1_recobin4 acc 0.065 eff 0.0164 outinratio 0.002 

WminusH126_4l_TBjmax_genbin1_recobin4 acc 0.0039 eff 0.0209 outinratio 0.0162 

WplusH126_4l_TBjmax_genbin1_recobin4 acc 0.003 eff 0.0278 outinratio 0.0113 

ZH126_4l_TBjmax_genbin1_recobin4 acc 0.003 eff 0.0163 outinratio 0.0524 

ttH126_4l_TBjmax_genbin1_recobin4 acc 0.0002 eff -1.0 outinratio 0.0459 

ggH126_4l_TBjmax_genbin2_recobin4 acc 0.0192 eff 0.0125 outinratio 0.0068 

VBFH126_4l_TBjmax_genbin2_recobin4 acc 0.0627 eff 0.0 outinratio 0.002 

WminusH126_4l_TBjmax_genbin2_recobin4 acc 0.0084 eff 0.021 outinratio 0.0162 

WplusH126_4l_TBjmax_genbin2_recobin4 acc 0.007 eff 0.0165 outinratio 0.0113 

ZH126_4l_TBjmax_genbin2_recobin4 acc 0.0076 eff 0.0144 outinratio 0.0524 

ttH126_4l_TBjmax_genbin2_recobin4 acc 0.0009 eff 0.0292 outinratio 0.0459 

ggH126_4l_TBjmax_genbin3_recobin4 acc 0.0298 eff 0.0618 outinratio 0.0068 

VBFH126_4l_TBjmax_genbin3_recobin4 acc 0.0918 eff 0.0767 outinratio 0.002 

WminusH126_4l_TBjmax_genbin3_recobin4 acc 0.0277 eff 0.0965 outinratio 0.0162 

WplusH126_4l_TBjmax_genbin3_recobin4 acc 0.0242 eff 0.0882 outinratio 0.0113 

ZH126_4l_TBjmax_genbin3_recobin4 acc 0.025 eff 0.0947 outinratio 0.0524 

ttH126_4l_TBjmax_genbin3_recobin4 acc 0.0058 eff 0.0733 outinratio 0.0459 

ggH126_4l_TBjmax_genbin4_recobin4 acc 0.0252 eff 0.2924 outinratio 0.0068 

VBFH126_4l_TBjmax_genbin4_recobin4 acc 0.0642 eff 0.341 outinratio 0.002 

WminusH126_4l_TBjmax_genbin4_recobin4 acc 0.0416 eff 0.2466 outinratio 0.0162 

WplusH126_4l_TBjmax_genbin4_recobin4 acc 0.0353 eff 0.2645 outinratio 0.0113 

ZH126_4l_TBjmax_genbin4_recobin4 acc 0.0394 eff 0.2443 outinratio 0.0524 

ttH126_4l_TBjmax_genbin4_recobin4 acc 0.0155 eff 0.1733 outinratio 0.0459 

ggH126_4l_TBjmax_genbin5_recobin4 acc 0.0342 eff 0.0559 outinratio 0.0068 

VBFH126_4l_TBjmax_genbin5_recobin4 acc 0.0635 eff 0.076 outinratio 0.002 

WminusH126_4l_TBjmax_genbin5_recobin4 acc 0.0978 eff 0.0355 outinratio 0.0162 

WplusH126_4l_TBjmax_genbin5_recobin4 acc 0.0832 eff 0.0313 outinratio 0.0113 

ZH126_4l_TBjmax_genbin5_recobin4 acc 0.0952 eff 0.0394 outinratio 0.0524 

ttH126_4l_TBjmax_genbin5_recobin4 acc 0.0768 eff 0.0252 outinratio 0.0459 

ggH126_4l_TBjmax_genbin6_recobin4 acc 0.0302 eff 0.001 outinratio 0.0068 

VBFH126_4l_TBjmax_genbin6_recobin4 acc 0.0646 eff 0.0 outinratio 0.002 

WminusH126_4l_TBjmax_genbin6_recobin4 acc 0.1302 eff 0.0011 outinratio 0.0162 

WplusH126_4l_TBjmax_genbin6_recobin4 acc 0.1228 eff 0.0012 outinratio 0.0113 

ZH126_4l_TBjmax_genbin6_recobin4 acc 0.1388 eff 0.0018 outinratio 0.0524 

ttH126_4l_TBjmax_genbin6_recobin4 acc 0.3852 eff 0.0004 outinratio 0.0459 

ggH126_4l_TBjmax_genbin0_recobin5 acc 0.2919 eff 0.0118 outinratio 0.0088 

VBFH126_4l_TBjmax_genbin0_recobin5 acc 0.0692 eff 0.0069 outinratio 0.0068 

WminusH126_4l_TBjmax_genbin0_recobin5 acc 0.1023 eff 0.0382 outinratio 0.0124 

WplusH126_4l_TBjmax_genbin0_recobin5 acc 0.0874 eff 0.0347 outinratio 0.0158 

ZH126_4l_TBjmax_genbin0_recobin5 acc 0.0832 eff 0.019 outinratio 0.043 

ttH126_4l_TBjmax_genbin0_recobin5 acc 0.0016 eff 0.0604 outinratio 0.0351 

ggH126_4l_TBjmax_genbin1_recobin5 acc 0.0166 eff 0.0133 outinratio 0.0088 

VBFH126_4l_TBjmax_genbin1_recobin5 acc 0.065 eff 0.0034 outinratio 0.0068 

WminusH126_4l_TBjmax_genbin1_recobin5 acc 0.0039 eff 0.0317 outinratio 0.0124 

WplusH126_4l_TBjmax_genbin1_recobin5 acc 0.003 eff 0.0395 outinratio 0.0158 

ZH126_4l_TBjmax_genbin1_recobin5 acc 0.003 eff 0.0045 outinratio 0.043 

ttH126_4l_TBjmax_genbin1_recobin5 acc 0.0002 eff -1.0 outinratio 0.0351 

ggH126_4l_TBjmax_genbin2_recobin5 acc 0.0192 eff 0.0086 outinratio 0.0088 

VBFH126_4l_TBjmax_genbin2_recobin5 acc 0.0627 eff 0.0089 outinratio 0.0068 

WminusH126_4l_TBjmax_genbin2_recobin5 acc 0.0084 eff 0.0376 outinratio 0.0124 

WplusH126_4l_TBjmax_genbin2_recobin5 acc 0.007 eff 0.036 outinratio 0.0158 

ZH126_4l_TBjmax_genbin2_recobin5 acc 0.0076 eff 0.0182 outinratio 0.043 

ttH126_4l_TBjmax_genbin2_recobin5 acc 0.0009 eff 0.0876 outinratio 0.0351 

ggH126_4l_TBjmax_genbin3_recobin5 acc 0.0298 eff 0.0126 outinratio 0.0088 

VBFH126_4l_TBjmax_genbin3_recobin5 acc 0.0918 eff 0.0033 outinratio 0.0068 

WminusH126_4l_TBjmax_genbin3_recobin5 acc 0.0277 eff 0.0304 outinratio 0.0124 

WplusH126_4l_TBjmax_genbin3_recobin5 acc 0.0242 eff 0.041 outinratio 0.0158 

ZH126_4l_TBjmax_genbin3_recobin5 acc 0.025 eff 0.0192 outinratio 0.043 

ttH126_4l_TBjmax_genbin3_recobin5 acc 0.0058 eff 0.0534 outinratio 0.0351 

ggH126_4l_TBjmax_genbin4_recobin5 acc 0.0252 eff 0.0795 outinratio 0.0088 

VBFH126_4l_TBjmax_genbin4_recobin5 acc 0.0642 eff 0.1132 outinratio 0.0068 

WminusH126_4l_TBjmax_genbin4_recobin5 acc 0.0416 eff 0.119 outinratio 0.0124 

WplusH126_4l_TBjmax_genbin4_recobin5 acc 0.0353 eff 0.1154 outinratio 0.0158 

ZH126_4l_TBjmax_genbin4_recobin5 acc 0.0394 eff 0.1127 outinratio 0.043 

ttH126_4l_TBjmax_genbin4_recobin5 acc 0.0155 eff 0.1026 outinratio 0.0351 

ggH126_4l_TBjmax_genbin5_recobin5 acc 0.0342 eff 0.3584 outinratio 0.0088 

VBFH126_4l_TBjmax_genbin5_recobin5 acc 0.0635 eff 0.3737 outinratio 0.0068 

WminusH126_4l_TBjmax_genbin5_recobin5 acc 0.0978 eff 0.3323 outinratio 0.0124 

WplusH126_4l_TBjmax_genbin5_recobin5 acc 0.0832 eff 0.3316 outinratio 0.0158 

ZH126_4l_TBjmax_genbin5_recobin5 acc 0.0952 eff 0.3172 outinratio 0.043 

ttH126_4l_TBjmax_genbin5_recobin5 acc 0.0768 eff 0.2489 outinratio 0.0351 

ggH126_4l_TBjmax_genbin6_recobin5 acc 0.0302 eff 0.0415 outinratio 0.0088 

VBFH126_4l_TBjmax_genbin6_recobin5 acc 0.0646 eff 0.0434 outinratio 0.0068 

WminusH126_4l_TBjmax_genbin6_recobin5 acc 0.1302 eff 0.0345 outinratio 0.0124 

WplusH126_4l_TBjmax_genbin6_recobin5 acc 0.1228 eff 0.0319 outinratio 0.0158 

ZH126_4l_TBjmax_genbin6_recobin5 acc 0.1388 eff 0.0373 outinratio 0.043 

ttH126_4l_TBjmax_genbin6_recobin5 acc 0.3852 eff 0.0136 outinratio 0.0351 

ggH126_4l_TBjmax_genbin0_recobin6 acc 0.2919 eff 0.0026 outinratio 0.0081 

VBFH126_4l_TBjmax_genbin0_recobin6 acc 0.0692 eff 0.0015 outinratio 0.006 

WminusH126_4l_TBjmax_genbin0_recobin6 acc 0.1023 eff 0.0263 outinratio 0.0129 

WplusH126_4l_TBjmax_genbin0_recobin6 acc 0.0874 eff 0.0232 outinratio 0.0133 

ZH126_4l_TBjmax_genbin0_recobin6 acc 0.0832 eff 0.0089 outinratio 0.0351 

ttH126_4l_TBjmax_genbin0_recobin6 acc 0.0016 eff 0.0611 outinratio 0.041 

ggH126_4l_TBjmax_genbin1_recobin6 acc 0.0166 eff 0.0031 outinratio 0.0081 

VBFH126_4l_TBjmax_genbin1_recobin6 acc 0.065 eff 0.0037 outinratio 0.006 

WminusH126_4l_TBjmax_genbin1_recobin6 acc 0.0039 eff 0.021 outinratio 0.0129 

WplusH126_4l_TBjmax_genbin1_recobin6 acc 0.003 eff 0.0102 outinratio 0.0133 

ZH126_4l_TBjmax_genbin1_recobin6 acc 0.003 eff 0.0198 outinratio 0.0351 

ttH126_4l_TBjmax_genbin1_recobin6 acc 0.0002 eff -1.0 outinratio 0.041 

ggH126_4l_TBjmax_genbin2_recobin6 acc 0.0192 eff 0.0031 outinratio 0.0081 

VBFH126_4l_TBjmax_genbin2_recobin6 acc 0.0627 eff 0.0022 outinratio 0.006 

WminusH126_4l_TBjmax_genbin2_recobin6 acc 0.0084 eff 0.0159 outinratio 0.0129 

WplusH126_4l_TBjmax_genbin2_recobin6 acc 0.007 eff 0.0091 outinratio 0.0133 

ZH126_4l_TBjmax_genbin2_recobin6 acc 0.0076 eff 0.0071 outinratio 0.0351 

ttH126_4l_TBjmax_genbin2_recobin6 acc 0.0009 eff 0.0433 outinratio 0.041 

ggH126_4l_TBjmax_genbin3_recobin6 acc 0.0298 eff 0.0026 outinratio 0.0081 

VBFH126_4l_TBjmax_genbin3_recobin6 acc 0.0918 eff 0.0041 outinratio 0.006 

WminusH126_4l_TBjmax_genbin3_recobin6 acc 0.0277 eff 0.015 outinratio 0.0129 

WplusH126_4l_TBjmax_genbin3_recobin6 acc 0.0242 eff 0.0146 outinratio 0.0133 

ZH126_4l_TBjmax_genbin3_recobin6 acc 0.025 eff 0.0062 outinratio 0.0351 

ttH126_4l_TBjmax_genbin3_recobin6 acc 0.0058 eff 0.0896 outinratio 0.041 

ggH126_4l_TBjmax_genbin4_recobin6 acc 0.0252 eff 0.0044 outinratio 0.0081 

VBFH126_4l_TBjmax_genbin4_recobin6 acc 0.0642 eff 0.0025 outinratio 0.006 

WminusH126_4l_TBjmax_genbin4_recobin6 acc 0.0416 eff 0.0095 outinratio 0.0129 

WplusH126_4l_TBjmax_genbin4_recobin6 acc 0.0353 eff 0.0098 outinratio 0.0133 

ZH126_4l_TBjmax_genbin4_recobin6 acc 0.0394 eff 0.0115 outinratio 0.0351 

ttH126_4l_TBjmax_genbin4_recobin6 acc 0.0155 eff 0.0419 outinratio 0.041 

ggH126_4l_TBjmax_genbin5_recobin6 acc 0.0342 eff 0.0486 outinratio 0.0081 

VBFH126_4l_TBjmax_genbin5_recobin6 acc 0.0635 eff 0.0633 outinratio 0.006 

WminusH126_4l_TBjmax_genbin5_recobin6 acc 0.0978 eff 0.0699 outinratio 0.0129 

WplusH126_4l_TBjmax_genbin5_recobin6 acc 0.0832 eff 0.082 outinratio 0.0133 

ZH126_4l_TBjmax_genbin5_recobin6 acc 0.0952 eff 0.0756 outinratio 0.0351 

ttH126_4l_TBjmax_genbin5_recobin6 acc 0.0768 eff 0.104 outinratio 0.041 

ggH126_4l_TBjmax_genbin6_recobin6 acc 0.0302 eff 0.4887 outinratio 0.0081 

VBFH126_4l_TBjmax_genbin6_recobin6 acc 0.0646 eff 0.4541 outinratio 0.006 

WminusH126_4l_TBjmax_genbin6_recobin6 acc 0.1302 eff 0.4505 outinratio 0.0129 

WplusH126_4l_TBjmax_genbin6_recobin6 acc 0.1228 eff 0.4601 outinratio 0.0133 

ZH126_4l_TBjmax_genbin6_recobin6 acc 0.1388 eff 0.4511 outinratio 0.0351 

ttH126_4l_TBjmax_genbin6_recobin6 acc 0.3852 eff 0.3787 outinratio 0.041 

ggH126_4e_TBjmax_genbin0_recobin0 acc 0.2819 eff 0.2794 outinratio 0.0091 

VBFH126_4e_TBjmax_genbin0_recobin0 acc 0.0671 eff 0.2985 outinratio 0.0 

WminusH126_4e_TBjmax_genbin0_recobin0 acc 0.0993 eff 0.2177 outinratio 0.0297 

WplusH126_4e_TBjmax_genbin0_recobin0 acc 0.0879 eff 0.2427 outinratio 0.0356 

ZH126_4e_TBjmax_genbin0_recobin0 acc 0.0799 eff 0.2773 outinratio 0.0562 

ttH126_4e_TBjmax_genbin0_recobin0 acc 0.001 eff -1.0 outinratio 0.1789 

ggH126_4e_TBjmax_genbin1_recobin0 acc 0.0159 eff 0.0594 outinratio 0.0091 

VBFH126_4e_TBjmax_genbin1_recobin0 acc 0.0588 eff 0.0118 outinratio 0.0 

WminusH126_4e_TBjmax_genbin1_recobin0 acc 0.0041 eff 0.0509 outinratio 0.0297 

WplusH126_4e_TBjmax_genbin1_recobin0 acc 0.0031 eff 0.0473 outinratio 0.0356 

ZH126_4e_TBjmax_genbin1_recobin0 acc 0.0031 eff 0.0573 outinratio 0.0562 

ttH126_4e_TBjmax_genbin1_recobin0 acc 0.0003 eff -1.0 outinratio 0.1789 

ggH126_4e_TBjmax_genbin2_recobin0 acc 0.0183 eff 0.0641 outinratio 0.0091 

VBFH126_4e_TBjmax_genbin2_recobin0 acc 0.0618 eff 0.0187 outinratio 0.0 

WminusH126_4e_TBjmax_genbin2_recobin0 acc 0.0081 eff 0.029 outinratio 0.0297 

WplusH126_4e_TBjmax_genbin2_recobin0 acc 0.0074 eff 0.0439 outinratio 0.0356 

ZH126_4e_TBjmax_genbin2_recobin0 acc 0.0069 eff 0.0436 outinratio 0.0562 

ttH126_4e_TBjmax_genbin2_recobin0 acc 0.0009 eff -1.0 outinratio 0.1789 

ggH126_4e_TBjmax_genbin3_recobin0 acc 0.0281 eff 0.0421 outinratio 0.0091 

VBFH126_4e_TBjmax_genbin3_recobin0 acc 0.0939 eff 0.0265 outinratio 0.0 

WminusH126_4e_TBjmax_genbin3_recobin0 acc 0.0271 eff 0.0236 outinratio 0.0297 

WplusH126_4e_TBjmax_genbin3_recobin0 acc 0.0241 eff 0.035 outinratio 0.0356 

ZH126_4e_TBjmax_genbin3_recobin0 acc 0.0242 eff 0.049 outinratio 0.0562 

ttH126_4e_TBjmax_genbin3_recobin0 acc 0.0051 eff 0.0 outinratio 0.1789 

ggH126_4e_TBjmax_genbin4_recobin0 acc 0.0238 eff 0.0356 outinratio 0.0091 

VBFH126_4e_TBjmax_genbin4_recobin0 acc 0.0559 eff 0.0079 outinratio 0.0 

WminusH126_4e_TBjmax_genbin4_recobin0 acc 0.0399 eff 0.0228 outinratio 0.0297 

WplusH126_4e_TBjmax_genbin4_recobin0 acc 0.0333 eff 0.0258 outinratio 0.0356 

ZH126_4e_TBjmax_genbin4_recobin0 acc 0.0389 eff 0.024 outinratio 0.0562 

ttH126_4e_TBjmax_genbin4_recobin0 acc 0.0153 eff 0.0 outinratio 0.1789 

ggH126_4e_TBjmax_genbin5_recobin0 acc 0.0329 eff 0.0207 outinratio 0.0091 

VBFH126_4e_TBjmax_genbin5_recobin0 acc 0.0612 eff 0.0 outinratio 0.0 

WminusH126_4e_TBjmax_genbin5_recobin0 acc 0.0928 eff 0.0094 outinratio 0.0297 

WplusH126_4e_TBjmax_genbin5_recobin0 acc 0.0831 eff 0.0097 outinratio 0.0356 

ZH126_4e_TBjmax_genbin5_recobin0 acc 0.0895 eff 0.0087 outinratio 0.0562 

ttH126_4e_TBjmax_genbin5_recobin0 acc 0.07 eff 0.0015 outinratio 0.1789 

ggH126_4e_TBjmax_genbin6_recobin0 acc 0.0289 eff 0.0026 outinratio 0.0091 

VBFH126_4e_TBjmax_genbin6_recobin0 acc 0.0618 eff 0.0 outinratio 0.0 

WminusH126_4e_TBjmax_genbin6_recobin0 acc 0.1259 eff 0.0016 outinratio 0.0297 

WplusH126_4e_TBjmax_genbin6_recobin0 acc 0.1207 eff 0.0015 outinratio 0.0356 

ZH126_4e_TBjmax_genbin6_recobin0 acc 0.1344 eff 0.002 outinratio 0.0562 

ttH126_4e_TBjmax_genbin6_recobin0 acc 0.3671 eff 0.0 outinratio 0.1789 

ggH126_4e_TBjmax_genbin0_recobin1 acc 0.2819 eff 0.0071 outinratio 0.0045 

VBFH126_4e_TBjmax_genbin0_recobin1 acc 0.0671 eff 0.0217 outinratio 0.0481 

WminusH126_4e_TBjmax_genbin0_recobin1 acc 0.0993 eff 0.0055 outinratio 0.0173 

WplusH126_4e_TBjmax_genbin0_recobin1 acc 0.0879 eff 0.0066 outinratio 0.0429 

ZH126_4e_TBjmax_genbin0_recobin1 acc 0.0799 eff 0.0043 outinratio 0.1638 

ttH126_4e_TBjmax_genbin0_recobin1 acc 0.001 eff -1.0 outinratio 0.0 

ggH126_4e_TBjmax_genbin1_recobin1 acc 0.0159 eff 0.2116 outinratio 0.0045 

VBFH126_4e_TBjmax_genbin1_recobin1 acc 0.0588 eff 0.217 outinratio 0.0481 

WminusH126_4e_TBjmax_genbin1_recobin1 acc 0.0041 eff 0.1711 outinratio 0.0173 

WplusH126_4e_TBjmax_genbin1_recobin1 acc 0.0031 eff 0.1318 outinratio 0.0429 

ZH126_4e_TBjmax_genbin1_recobin1 acc 0.0031 eff 0.0974 outinratio 0.1638 

ttH126_4e_TBjmax_genbin1_recobin1 acc 0.0003 eff -1.0 outinratio 0.0 

ggH126_4e_TBjmax_genbin2_recobin1 acc 0.0183 eff 0.0206 outinratio 0.0045 

VBFH126_4e_TBjmax_genbin2_recobin1 acc 0.0618 eff 0.0605 outinratio 0.0481 

WminusH126_4e_TBjmax_genbin2_recobin1 acc 0.0081 eff 0.004 outinratio 0.0173 

WplusH126_4e_TBjmax_genbin2_recobin1 acc 0.0074 eff 0.0076 outinratio 0.0429 

ZH126_4e_TBjmax_genbin2_recobin1 acc 0.0069 eff 0.0092 outinratio 0.1638 

ttH126_4e_TBjmax_genbin2_recobin1 acc 0.0009 eff -1.0 outinratio 0.0 

ggH126_4e_TBjmax_genbin3_recobin1 acc 0.0281 eff 0.001 outinratio 0.0045 

VBFH126_4e_TBjmax_genbin3_recobin1 acc 0.0939 eff 0.0 outinratio 0.0481 

WminusH126_4e_TBjmax_genbin3_recobin1 acc 0.0271 eff 0.002 outinratio 0.0173 

WplusH126_4e_TBjmax_genbin3_recobin1 acc 0.0241 eff 0.0037 outinratio 0.0429 

ZH126_4e_TBjmax_genbin3_recobin1 acc 0.0242 eff 0.0025 outinratio 0.1638 

ttH126_4e_TBjmax_genbin3_recobin1 acc 0.0051 eff 0.0 outinratio 0.0 

ggH126_4e_TBjmax_genbin4_recobin1 acc 0.0238 eff 0.001 outinratio 0.0045 

VBFH126_4e_TBjmax_genbin4_recobin1 acc 0.0559 eff 0.0237 outinratio 0.0481 

WminusH126_4e_TBjmax_genbin4_recobin1 acc 0.0399 eff 0.001 outinratio 0.0173 

WplusH126_4e_TBjmax_genbin4_recobin1 acc 0.0333 eff 0.0 outinratio 0.0429 

ZH126_4e_TBjmax_genbin4_recobin1 acc 0.0389 eff 0.0005 outinratio 0.1638 

ttH126_4e_TBjmax_genbin4_recobin1 acc 0.0153 eff 0.0 outinratio 0.0 

ggH126_4e_TBjmax_genbin5_recobin1 acc 0.0329 eff 0.0001 outinratio 0.0045 

VBFH126_4e_TBjmax_genbin5_recobin1 acc 0.0612 eff 0.0 outinratio 0.0481 

WminusH126_4e_TBjmax_genbin5_recobin1 acc 0.0928 eff 0.0008 outinratio 0.0173 

WplusH126_4e_TBjmax_genbin5_recobin1 acc 0.0831 eff 0.0 outinratio 0.0429 

ZH126_4e_TBjmax_genbin5_recobin1 acc 0.0895 eff 0.0003 outinratio 0.1638 

ttH126_4e_TBjmax_genbin5_recobin1 acc 0.07 eff 0.0 outinratio 0.0 

ggH126_4e_TBjmax_genbin6_recobin1 acc 0.0289 eff 0.0 outinratio 0.0045 

VBFH126_4e_TBjmax_genbin6_recobin1 acc 0.0618 eff 0.0 outinratio 0.0481 

WminusH126_4e_TBjmax_genbin6_recobin1 acc 0.1259 eff 0.0 outinratio 0.0173 

WplusH126_4e_TBjmax_genbin6_recobin1 acc 0.1207 eff 0.0 outinratio 0.0429 

ZH126_4e_TBjmax_genbin6_recobin1 acc 0.1344 eff 0.0001 outinratio 0.1638 

ttH126_4e_TBjmax_genbin6_recobin1 acc 0.3671 eff 0.0004 outinratio 0.0 

ggH126_4e_TBjmax_genbin0_recobin2 acc 0.2819 eff 0.0053 outinratio 0.0059 

VBFH126_4e_TBjmax_genbin0_recobin2 acc 0.0671 eff 0.0219 outinratio 0.0 

WminusH126_4e_TBjmax_genbin0_recobin2 acc 0.0993 eff 0.0081 outinratio 0.0383 

WplusH126_4e_TBjmax_genbin0_recobin2 acc 0.0879 eff 0.008 outinratio 0.0193 

ZH126_4e_TBjmax_genbin0_recobin2 acc 0.0799 eff 0.006 outinratio 0.0824 

ttH126_4e_TBjmax_genbin0_recobin2 acc 0.001 eff -1.0 outinratio 0.1064 

ggH126_4e_TBjmax_genbin1_recobin2 acc 0.0159 eff 0.0249 outinratio 0.0059 

VBFH126_4e_TBjmax_genbin1_recobin2 acc 0.0588 eff 0.0421 outinratio 0.0 

WminusH126_4e_TBjmax_genbin1_recobin2 acc 0.0041 eff 0.0437 outinratio 0.0383 

WplusH126_4e_TBjmax_genbin1_recobin2 acc 0.0031 eff 0.0241 outinratio 0.0193 

ZH126_4e_TBjmax_genbin1_recobin2 acc 0.0031 eff 0.0981 outinratio 0.0824 

ttH126_4e_TBjmax_genbin1_recobin2 acc 0.0003 eff -1.0 outinratio 0.1064 

ggH126_4e_TBjmax_genbin2_recobin2 acc 0.0183 eff 0.2141 outinratio 0.0059 

VBFH126_4e_TBjmax_genbin2_recobin2 acc 0.0618 eff 0.2199 outinratio 0.0 

WminusH126_4e_TBjmax_genbin2_recobin2 acc 0.0081 eff 0.1491 outinratio 0.0383 

WplusH126_4e_TBjmax_genbin2_recobin2 acc 0.0074 eff 0.1469 outinratio 0.0193 

ZH126_4e_TBjmax_genbin2_recobin2 acc 0.0069 eff 0.1646 outinratio 0.0824 

ttH126_4e_TBjmax_genbin2_recobin2 acc 0.0009 eff -1.0 outinratio 0.1064 

ggH126_4e_TBjmax_genbin3_recobin2 acc 0.0281 eff 0.0243 outinratio 0.0059 

VBFH126_4e_TBjmax_genbin3_recobin2 acc 0.0939 eff 0.0417 outinratio 0.0 

WminusH126_4e_TBjmax_genbin3_recobin2 acc 0.0271 eff 0.0126 outinratio 0.0383 

WplusH126_4e_TBjmax_genbin3_recobin2 acc 0.0241 eff 0.0105 outinratio 0.0193 

ZH126_4e_TBjmax_genbin3_recobin2 acc 0.0242 eff 0.0139 outinratio 0.0824 

ttH126_4e_TBjmax_genbin3_recobin2 acc 0.0051 eff 0.0 outinratio 0.1064 

ggH126_4e_TBjmax_genbin4_recobin2 acc 0.0238 eff 0.003 outinratio 0.0059 

VBFH126_4e_TBjmax_genbin4_recobin2 acc 0.0559 eff 0.0 outinratio 0.0 

WminusH126_4e_TBjmax_genbin4_recobin2 acc 0.0399 eff 0.0034 outinratio 0.0383 

WplusH126_4e_TBjmax_genbin4_recobin2 acc 0.0333 eff 0.0019 outinratio 0.0193 

ZH126_4e_TBjmax_genbin4_recobin2 acc 0.0389 eff 0.004 outinratio 0.0824 

ttH126_4e_TBjmax_genbin4_recobin2 acc 0.0153 eff 0.0 outinratio 0.1064 

ggH126_4e_TBjmax_genbin5_recobin2 acc 0.0329 eff 0.0046 outinratio 0.0059 

VBFH126_4e_TBjmax_genbin5_recobin2 acc 0.0612 eff 0.0 outinratio 0.0 

WminusH126_4e_TBjmax_genbin5_recobin2 acc 0.0928 eff 0.0008 outinratio 0.0383 

WplusH126_4e_TBjmax_genbin5_recobin2 acc 0.0831 eff 0.0 outinratio 0.0193 

ZH126_4e_TBjmax_genbin5_recobin2 acc 0.0895 eff 0.0009 outinratio 0.0824 

ttH126_4e_TBjmax_genbin5_recobin2 acc 0.07 eff 0.0034 outinratio 0.1064 

ggH126_4e_TBjmax_genbin6_recobin2 acc 0.0289 eff 0.0003 outinratio 0.0059 

VBFH126_4e_TBjmax_genbin6_recobin2 acc 0.0618 eff 0.0 outinratio 0.0 

WminusH126_4e_TBjmax_genbin6_recobin2 acc 0.1259 eff 0.0 outinratio 0.0383 

WplusH126_4e_TBjmax_genbin6_recobin2 acc 0.1207 eff 0.0007 outinratio 0.0193 

ZH126_4e_TBjmax_genbin6_recobin2 acc 0.1344 eff 0.0001 outinratio 0.0824 

ttH126_4e_TBjmax_genbin6_recobin2 acc 0.3671 eff 0.0007 outinratio 0.1064 

ggH126_4e_TBjmax_genbin0_recobin3 acc 0.2819 eff 0.0081 outinratio 0.0155 

VBFH126_4e_TBjmax_genbin0_recobin3 acc 0.0671 eff 0.0023 outinratio 0.0258 

WminusH126_4e_TBjmax_genbin0_recobin3 acc 0.0993 eff 0.0156 outinratio 0.0229 

WplusH126_4e_TBjmax_genbin0_recobin3 acc 0.0879 eff 0.0104 outinratio 0.0103 

ZH126_4e_TBjmax_genbin0_recobin3 acc 0.0799 eff 0.0082 outinratio 0.0455 

ttH126_4e_TBjmax_genbin0_recobin3 acc 0.001 eff -1.0 outinratio 0.0873 

ggH126_4e_TBjmax_genbin1_recobin3 acc 0.0159 eff 0.0 outinratio 0.0155 

VBFH126_4e_TBjmax_genbin1_recobin3 acc 0.0588 eff 0.0322 outinratio 0.0258 

WminusH126_4e_TBjmax_genbin1_recobin3 acc 0.0041 eff 0.0143 outinratio 0.0229 

WplusH126_4e_TBjmax_genbin1_recobin3 acc 0.0031 eff 0.0129 outinratio 0.0103 

ZH126_4e_TBjmax_genbin1_recobin3 acc 0.0031 eff 0.0152 outinratio 0.0455 

ttH126_4e_TBjmax_genbin1_recobin3 acc 0.0003 eff -1.0 outinratio 0.0873 

ggH126_4e_TBjmax_genbin2_recobin3 acc 0.0183 eff 0.0427 outinratio 0.0155 

VBFH126_4e_TBjmax_genbin2_recobin3 acc 0.0618 eff 0.0391 outinratio 0.0258 

WminusH126_4e_TBjmax_genbin2_recobin3 acc 0.0081 eff 0.0725 outinratio 0.0229 

WplusH126_4e_TBjmax_genbin2_recobin3 acc 0.0074 eff 0.1001 outinratio 0.0103 

ZH126_4e_TBjmax_genbin2_recobin3 acc 0.0069 eff 0.0574 outinratio 0.0455 

ttH126_4e_TBjmax_genbin2_recobin3 acc 0.0009 eff -1.0 outinratio 0.0873 

ggH126_4e_TBjmax_genbin3_recobin3 acc 0.0281 eff 0.1976 outinratio 0.0155 

VBFH126_4e_TBjmax_genbin3_recobin3 acc 0.0939 eff 0.2219 outinratio 0.0258 

WminusH126_4e_TBjmax_genbin3_recobin3 acc 0.0271 eff 0.1643 outinratio 0.0229 

WplusH126_4e_TBjmax_genbin3_recobin3 acc 0.0241 eff 0.1698 outinratio 0.0103 

ZH126_4e_TBjmax_genbin3_recobin3 acc 0.0242 eff 0.178 outinratio 0.0455 

ttH126_4e_TBjmax_genbin3_recobin3 acc 0.0051 eff 0.1355 outinratio 0.0873 

ggH126_4e_TBjmax_genbin4_recobin3 acc 0.0238 eff 0.0378 outinratio 0.0155 

VBFH126_4e_TBjmax_genbin4_recobin3 acc 0.0559 eff 0.0321 outinratio 0.0258 

WminusH126_4e_TBjmax_genbin4_recobin3 acc 0.0399 eff 0.0249 outinratio 0.0229 

WplusH126_4e_TBjmax_genbin4_recobin3 acc 0.0333 eff 0.0165 outinratio 0.0103 

ZH126_4e_TBjmax_genbin4_recobin3 acc 0.0389 eff 0.0239 outinratio 0.0455 

ttH126_4e_TBjmax_genbin4_recobin3 acc 0.0153 eff 0.0337 outinratio 0.0873 

ggH126_4e_TBjmax_genbin5_recobin3 acc 0.0329 eff 0.0043 outinratio 0.0155 

VBFH126_4e_TBjmax_genbin5_recobin3 acc 0.0612 eff 0.0 outinratio 0.0258 

WminusH126_4e_TBjmax_genbin5_recobin3 acc 0.0928 eff 0.0053 outinratio 0.0229 

WplusH126_4e_TBjmax_genbin5_recobin3 acc 0.0831 eff 0.0019 outinratio 0.0103 

ZH126_4e_TBjmax_genbin5_recobin3 acc 0.0895 eff 0.004 outinratio 0.0455 

ttH126_4e_TBjmax_genbin5_recobin3 acc 0.07 eff 0.0059 outinratio 0.0873 

ggH126_4e_TBjmax_genbin6_recobin3 acc 0.0289 eff 0.0 outinratio 0.0155 

VBFH126_4e_TBjmax_genbin6_recobin3 acc 0.0618 eff 0.0 outinratio 0.0258 

WminusH126_4e_TBjmax_genbin6_recobin3 acc 0.1259 eff 0.0003 outinratio 0.0229 

WplusH126_4e_TBjmax_genbin6_recobin3 acc 0.1207 eff 0.0 outinratio 0.0103 

ZH126_4e_TBjmax_genbin6_recobin3 acc 0.1344 eff 0.0008 outinratio 0.0455 

ttH126_4e_TBjmax_genbin6_recobin3 acc 0.3671 eff 0.0002 outinratio 0.0873 

ggH126_4e_TBjmax_genbin0_recobin4 acc 0.2819 eff 0.0064 outinratio 0.0199 

VBFH126_4e_TBjmax_genbin0_recobin4 acc 0.0671 eff 0.0048 outinratio 0.0 

WminusH126_4e_TBjmax_genbin0_recobin4 acc 0.0993 eff 0.0189 outinratio 0.0326 

WplusH126_4e_TBjmax_genbin0_recobin4 acc 0.0879 eff 0.0152 outinratio 0.0082 

ZH126_4e_TBjmax_genbin0_recobin4 acc 0.0799 eff 0.0128 outinratio 0.036 

ttH126_4e_TBjmax_genbin0_recobin4 acc 0.001 eff -1.0 outinratio 0.0 

ggH126_4e_TBjmax_genbin1_recobin4 acc 0.0159 eff 0.005 outinratio 0.0199 

VBFH126_4e_TBjmax_genbin1_recobin4 acc 0.0588 eff 0.0 outinratio 0.0 

WminusH126_4e_TBjmax_genbin1_recobin4 acc 0.0041 eff 0.0161 outinratio 0.0326 

WplusH126_4e_TBjmax_genbin1_recobin4 acc 0.0031 eff 0.0371 outinratio 0.0082 

ZH126_4e_TBjmax_genbin1_recobin4 acc 0.0031 eff 0.0201 outinratio 0.036 

ttH126_4e_TBjmax_genbin1_recobin4 acc 0.0003 eff -1.0 outinratio 0.0 

ggH126_4e_TBjmax_genbin2_recobin4 acc 0.0183 eff 0.0076 outinratio 0.0199 

VBFH126_4e_TBjmax_genbin2_recobin4 acc 0.0618 eff 0.0 outinratio 0.0 

WminusH126_4e_TBjmax_genbin2_recobin4 acc 0.0081 eff 0.0225 outinratio 0.0326 

WplusH126_4e_TBjmax_genbin2_recobin4 acc 0.0074 eff 0.0066 outinratio 0.0082 

ZH126_4e_TBjmax_genbin2_recobin4 acc 0.0069 eff 0.0079 outinratio 0.036 

ttH126_4e_TBjmax_genbin2_recobin4 acc 0.0009 eff -1.0 outinratio 0.0 

ggH126_4e_TBjmax_genbin3_recobin4 acc 0.0281 eff 0.043 outinratio 0.0199 

VBFH126_4e_TBjmax_genbin3_recobin4 acc 0.0939 eff 0.0653 outinratio 0.0 

WminusH126_4e_TBjmax_genbin3_recobin4 acc 0.0271 eff 0.0687 outinratio 0.0326 

WplusH126_4e_TBjmax_genbin3_recobin4 acc 0.0241 eff 0.0492 outinratio 0.0082 

ZH126_4e_TBjmax_genbin3_recobin4 acc 0.0242 eff 0.0746 outinratio 0.036 

ttH126_4e_TBjmax_genbin3_recobin4 acc 0.0051 eff 0.0268 outinratio 0.0 

ggH126_4e_TBjmax_genbin4_recobin4 acc 0.0238 eff 0.1896 outinratio 0.0199 

VBFH126_4e_TBjmax_genbin4_recobin4 acc 0.0559 eff 0.2005 outinratio 0.0 

WminusH126_4e_TBjmax_genbin4_recobin4 acc 0.0399 eff 0.1613 outinratio 0.0326 

WplusH126_4e_TBjmax_genbin4_recobin4 acc 0.0333 eff 0.1763 outinratio 0.0082 

ZH126_4e_TBjmax_genbin4_recobin4 acc 0.0389 eff 0.1438 outinratio 0.036 

ttH126_4e_TBjmax_genbin4_recobin4 acc 0.0153 eff 0.1337 outinratio 0.0 

ggH126_4e_TBjmax_genbin5_recobin4 acc 0.0329 eff 0.0393 outinratio 0.0199 

VBFH126_4e_TBjmax_genbin5_recobin4 acc 0.0612 eff 0.0549 outinratio 0.0 

WminusH126_4e_TBjmax_genbin5_recobin4 acc 0.0928 eff 0.0244 outinratio 0.0326 

WplusH126_4e_TBjmax_genbin5_recobin4 acc 0.0831 eff 0.0245 outinratio 0.0082 

ZH126_4e_TBjmax_genbin5_recobin4 acc 0.0895 eff 0.0304 outinratio 0.036 

ttH126_4e_TBjmax_genbin5_recobin4 acc 0.07 eff 0.0086 outinratio 0.0 

ggH126_4e_TBjmax_genbin6_recobin4 acc 0.0289 eff 0.0 outinratio 0.0199 

VBFH126_4e_TBjmax_genbin6_recobin4 acc 0.0618 eff 0.0 outinratio 0.0 

WminusH126_4e_TBjmax_genbin6_recobin4 acc 0.1259 eff 0.0004 outinratio 0.0326 

WplusH126_4e_TBjmax_genbin6_recobin4 acc 0.1207 eff 0.002 outinratio 0.0082 

ZH126_4e_TBjmax_genbin6_recobin4 acc 0.1344 eff 0.0012 outinratio 0.036 

ttH126_4e_TBjmax_genbin6_recobin4 acc 0.3671 eff 0.0002 outinratio 0.0 

ggH126_4e_TBjmax_genbin0_recobin5 acc 0.2819 eff 0.0071 outinratio 0.0148 

VBFH126_4e_TBjmax_genbin0_recobin5 acc 0.0671 eff 0.0 outinratio 0.0141 

WminusH126_4e_TBjmax_genbin0_recobin5 acc 0.0993 eff 0.0224 outinratio 0.0151 

WplusH126_4e_TBjmax_genbin0_recobin5 acc 0.0879 eff 0.0229 outinratio 0.0239 

ZH126_4e_TBjmax_genbin0_recobin5 acc 0.0799 eff 0.0092 outinratio 0.0373 

ttH126_4e_TBjmax_genbin0_recobin5 acc 0.001 eff -1.0 outinratio 0.0314 

ggH126_4e_TBjmax_genbin1_recobin5 acc 0.0159 eff 0.0033 outinratio 0.0148 

VBFH126_4e_TBjmax_genbin1_recobin5 acc 0.0588 eff 0.0 outinratio 0.0141 

WminusH126_4e_TBjmax_genbin1_recobin5 acc 0.0041 eff 0.0169 outinratio 0.0151 

WplusH126_4e_TBjmax_genbin1_recobin5 acc 0.0031 eff 0.0 outinratio 0.0239 

ZH126_4e_TBjmax_genbin1_recobin5 acc 0.0031 eff 0.0 outinratio 0.0373 

ttH126_4e_TBjmax_genbin1_recobin5 acc 0.0003 eff -1.0 outinratio 0.0314 

ggH126_4e_TBjmax_genbin2_recobin5 acc 0.0183 eff 0.0006 outinratio 0.0148 

VBFH126_4e_TBjmax_genbin2_recobin5 acc 0.0618 eff 0.0058 outinratio 0.0141 

WminusH126_4e_TBjmax_genbin2_recobin5 acc 0.0081 eff 0.0195 outinratio 0.0151 

WplusH126_4e_TBjmax_genbin2_recobin5 acc 0.0074 eff 0.028 outinratio 0.0239 

ZH126_4e_TBjmax_genbin2_recobin5 acc 0.0069 eff 0.0088 outinratio 0.0373 

ttH126_4e_TBjmax_genbin2_recobin5 acc 0.0009 eff -1.0 outinratio 0.0314 

ggH126_4e_TBjmax_genbin3_recobin5 acc 0.0281 eff 0.0082 outinratio 0.0148 

VBFH126_4e_TBjmax_genbin3_recobin5 acc 0.0939 eff 0.0 outinratio 0.0141 

WminusH126_4e_TBjmax_genbin3_recobin5 acc 0.0271 eff 0.0236 outinratio 0.0151 

WplusH126_4e_TBjmax_genbin3_recobin5 acc 0.0241 eff 0.0245 outinratio 0.0239 

ZH126_4e_TBjmax_genbin3_recobin5 acc 0.0242 eff 0.013 outinratio 0.0373 

ttH126_4e_TBjmax_genbin3_recobin5 acc 0.0051 eff 0.0632 outinratio 0.0314 

ggH126_4e_TBjmax_genbin4_recobin5 acc 0.0238 eff 0.0511 outinratio 0.0148 

VBFH126_4e_TBjmax_genbin4_recobin5 acc 0.0559 eff 0.1238 outinratio 0.0141 

WminusH126_4e_TBjmax_genbin4_recobin5 acc 0.0399 eff 0.0681 outinratio 0.0151 

WplusH126_4e_TBjmax_genbin4_recobin5 acc 0.0333 eff 0.083 outinratio 0.0239 

ZH126_4e_TBjmax_genbin4_recobin5 acc 0.0389 eff 0.0709 outinratio 0.0373 

ttH126_4e_TBjmax_genbin4_recobin5 acc 0.0153 eff 0.1035 outinratio 0.0314 

ggH126_4e_TBjmax_genbin5_recobin5 acc 0.0329 eff 0.2454 outinratio 0.0148 

VBFH126_4e_TBjmax_genbin5_recobin5 acc 0.0612 eff 0.2854 outinratio 0.0141 

WminusH126_4e_TBjmax_genbin5_recobin5 acc 0.0928 eff 0.224 outinratio 0.0151 

WplusH126_4e_TBjmax_genbin5_recobin5 acc 0.0831 eff 0.2286 outinratio 0.0239 

ZH126_4e_TBjmax_genbin5_recobin5 acc 0.0895 eff 0.2124 outinratio 0.0373 

ttH126_4e_TBjmax_genbin5_recobin5 acc 0.07 eff 0.1863 outinratio 0.0314 

ggH126_4e_TBjmax_genbin6_recobin5 acc 0.0289 eff 0.0274 outinratio 0.0148 

VBFH126_4e_TBjmax_genbin6_recobin5 acc 0.0618 eff 0.031 outinratio 0.0141 

WminusH126_4e_TBjmax_genbin6_recobin5 acc 0.1259 eff 0.0249 outinratio 0.0151 

WplusH126_4e_TBjmax_genbin6_recobin5 acc 0.1207 eff 0.022 outinratio 0.0239 

ZH126_4e_TBjmax_genbin6_recobin5 acc 0.1344 eff 0.0223 outinratio 0.0373 

ttH126_4e_TBjmax_genbin6_recobin5 acc 0.3671 eff 0.0115 outinratio 0.0314 

ggH126_4e_TBjmax_genbin0_recobin6 acc 0.2819 eff 0.0014 outinratio 0.0129 

VBFH126_4e_TBjmax_genbin0_recobin6 acc 0.0671 eff 0.0058 outinratio 0.0054 

WminusH126_4e_TBjmax_genbin0_recobin6 acc 0.0993 eff 0.0204 outinratio 0.0195 

WplusH126_4e_TBjmax_genbin0_recobin6 acc 0.0879 eff 0.0169 outinratio 0.0212 

ZH126_4e_TBjmax_genbin0_recobin6 acc 0.0799 eff 0.0091 outinratio 0.0314 

ttH126_4e_TBjmax_genbin0_recobin6 acc 0.001 eff -1.0 outinratio 0.0486 

ggH126_4e_TBjmax_genbin1_recobin6 acc 0.0159 eff 0.0009 outinratio 0.0129 

VBFH126_4e_TBjmax_genbin1_recobin6 acc 0.0588 eff 0.0 outinratio 0.0054 

WminusH126_4e_TBjmax_genbin1_recobin6 acc 0.0041 eff 0.0087 outinratio 0.0195 

WplusH126_4e_TBjmax_genbin1_recobin6 acc 0.0031 eff 0.0205 outinratio 0.0212 

ZH126_4e_TBjmax_genbin1_recobin6 acc 0.0031 eff 0.0245 outinratio 0.0314 

ttH126_4e_TBjmax_genbin1_recobin6 acc 0.0003 eff -1.0 outinratio 0.0486 

ggH126_4e_TBjmax_genbin2_recobin6 acc 0.0183 eff 0.0029 outinratio 0.0129 

VBFH126_4e_TBjmax_genbin2_recobin6 acc 0.0618 eff 0.0 outinratio 0.0054 

WminusH126_4e_TBjmax_genbin2_recobin6 acc 0.0081 eff 0.0117 outinratio 0.0195 

WplusH126_4e_TBjmax_genbin2_recobin6 acc 0.0074 eff 0.0112 outinratio 0.0212 

ZH126_4e_TBjmax_genbin2_recobin6 acc 0.0069 eff 0.0057 outinratio 0.0314 

ttH126_4e_TBjmax_genbin2_recobin6 acc 0.0009 eff -1.0 outinratio 0.0486 

ggH126_4e_TBjmax_genbin3_recobin6 acc 0.0281 eff 0.0037 outinratio 0.0129 

VBFH126_4e_TBjmax_genbin3_recobin6 acc 0.0939 eff 0.0 outinratio 0.0054 

WminusH126_4e_TBjmax_genbin3_recobin6 acc 0.0271 eff 0.0121 outinratio 0.0195 

WplusH126_4e_TBjmax_genbin3_recobin6 acc 0.0241 eff 0.0185 outinratio 0.0212 

ZH126_4e_TBjmax_genbin3_recobin6 acc 0.0242 eff 0.0064 outinratio 0.0314 

ttH126_4e_TBjmax_genbin3_recobin6 acc 0.0051 eff 0.0293 outinratio 0.0486 

ggH126_4e_TBjmax_genbin4_recobin6 acc 0.0238 eff 0.003 outinratio 0.0129 

VBFH126_4e_TBjmax_genbin4_recobin6 acc 0.0559 eff 0.0 outinratio 0.0054 

WminusH126_4e_TBjmax_genbin4_recobin6 acc 0.0399 eff 0.0075 outinratio 0.0195 

WplusH126_4e_TBjmax_genbin4_recobin6 acc 0.0333 eff 0.007 outinratio 0.0212 

ZH126_4e_TBjmax_genbin4_recobin6 acc 0.0389 eff 0.0105 outinratio 0.0314 

ttH126_4e_TBjmax_genbin4_recobin6 acc 0.0153 eff 0.0431 outinratio 0.0486 

ggH126_4e_TBjmax_genbin5_recobin6 acc 0.0329 eff 0.0333 outinratio 0.0129 

VBFH126_4e_TBjmax_genbin5_recobin6 acc 0.0612 eff 0.0431 outinratio 0.0054 

WminusH126_4e_TBjmax_genbin5_recobin6 acc 0.0928 eff 0.0499 outinratio 0.0195 

WplusH126_4e_TBjmax_genbin5_recobin6 acc 0.0831 eff 0.0551 outinratio 0.0212 

ZH126_4e_TBjmax_genbin5_recobin6 acc 0.0895 eff 0.0602 outinratio 0.0314 

ttH126_4e_TBjmax_genbin5_recobin6 acc 0.07 eff 0.0918 outinratio 0.0486 

ggH126_4e_TBjmax_genbin6_recobin6 acc 0.0289 eff 0.3348 outinratio 0.0129 

VBFH126_4e_TBjmax_genbin6_recobin6 acc 0.0618 eff 0.3364 outinratio 0.0054 

WminusH126_4e_TBjmax_genbin6_recobin6 acc 0.1259 eff 0.3273 outinratio 0.0195 

WplusH126_4e_TBjmax_genbin6_recobin6 acc 0.1207 eff 0.3397 outinratio 0.0212 

ZH126_4e_TBjmax_genbin6_recobin6 acc 0.1344 eff 0.3198 outinratio 0.0314 

ttH126_4e_TBjmax_genbin6_recobin6 acc 0.3671 eff 0.2793 outinratio 0.0486 

ggH126_4mu_TBjmax_genbin0_recobin0 acc 0.3093 eff 0.6081 outinratio 0.0059 

VBFH126_4mu_TBjmax_genbin0_recobin0 acc 0.0796 eff 0.5263 outinratio 0.0 

WminusH126_4mu_TBjmax_genbin0_recobin0 acc 0.1105 eff 0.4609 outinratio 0.0221 

WplusH126_4mu_TBjmax_genbin0_recobin0 acc 0.0916 eff 0.4797 outinratio 0.0267 

ZH126_4mu_TBjmax_genbin0_recobin0 acc 0.0872 eff 0.5431 outinratio 0.0834 

ttH126_4mu_TBjmax_genbin0_recobin0 acc 0.0019 eff 0.0983 outinratio 0.0 

ggH126_4mu_TBjmax_genbin1_recobin0 acc 0.0176 eff 0.1427 outinratio 0.0059 

VBFH126_4mu_TBjmax_genbin1_recobin0 acc 0.0772 eff 0.0463 outinratio 0.0 

WminusH126_4mu_TBjmax_genbin1_recobin0 acc 0.004 eff 0.1299 outinratio 0.0221 

WplusH126_4mu_TBjmax_genbin1_recobin0 acc 0.0031 eff 0.1075 outinratio 0.0267 

ZH126_4mu_TBjmax_genbin1_recobin0 acc 0.0031 eff 0.139 outinratio 0.0834 

ttH126_4mu_TBjmax_genbin1_recobin0 acc 0.0 eff -1.0 outinratio 0.0 

ggH126_4mu_TBjmax_genbin2_recobin0 acc 0.0211 eff 0.1129 outinratio 0.0059 

VBFH126_4mu_TBjmax_genbin2_recobin0 acc 0.0671 eff 0.0212 outinratio 0.0 

WminusH126_4mu_TBjmax_genbin2_recobin0 acc 0.0094 eff 0.0914 outinratio 0.0221 

WplusH126_4mu_TBjmax_genbin2_recobin0 acc 0.0073 eff 0.0861 outinratio 0.0267 

ZH126_4mu_TBjmax_genbin2_recobin0 acc 0.0079 eff 0.1119 outinratio 0.0834 

ttH126_4mu_TBjmax_genbin2_recobin0 acc 0.0009 eff -1.0 outinratio 0.0 

ggH126_4mu_TBjmax_genbin3_recobin0 acc 0.0319 eff 0.0766 outinratio 0.0059 

VBFH126_4mu_TBjmax_genbin3_recobin0 acc 0.098 eff 0.0177 outinratio 0.0 

WminusH126_4mu_TBjmax_genbin3_recobin0 acc 0.0294 eff 0.067 outinratio 0.0221 

WplusH126_4mu_TBjmax_genbin3_recobin0 acc 0.0245 eff 0.0512 outinratio 0.0267 

ZH126_4mu_TBjmax_genbin3_recobin0 acc 0.0262 eff 0.0838 outinratio 0.0834 

ttH126_4mu_TBjmax_genbin3_recobin0 acc 0.0071 eff 0.0 outinratio 0.0 

ggH126_4mu_TBjmax_genbin4_recobin0 acc 0.0275 eff 0.0519 outinratio 0.0059 

VBFH126_4mu_TBjmax_genbin4_recobin0 acc 0.063 eff 0.0156 outinratio 0.0 

WminusH126_4mu_TBjmax_genbin4_recobin0 acc 0.0453 eff 0.0398 outinratio 0.0221 

WplusH126_4mu_TBjmax_genbin4_recobin0 acc 0.037 eff 0.043 outinratio 0.0267 

ZH126_4mu_TBjmax_genbin4_recobin0 acc 0.0412 eff 0.0508 outinratio 0.0834 

ttH126_4mu_TBjmax_genbin4_recobin0 acc 0.0155 eff 0.0117 outinratio 0.0 

ggH126_4mu_TBjmax_genbin5_recobin0 acc 0.037 eff 0.0345 outinratio 0.0059 

VBFH126_4mu_TBjmax_genbin5_recobin0 acc 0.0689 eff 0.0105 outinratio 0.0 

WminusH126_4mu_TBjmax_genbin5_recobin0 acc 0.1055 eff 0.0205 outinratio 0.0221 

WplusH126_4mu_TBjmax_genbin5_recobin0 acc 0.0875 eff 0.0201 outinratio 0.0267 

ZH126_4mu_TBjmax_genbin5_recobin0 acc 0.1026 eff 0.0302 outinratio 0.0834 

ttH126_4mu_TBjmax_genbin5_recobin0 acc 0.082 eff 0.0079 outinratio 0.0 

ggH126_4mu_TBjmax_genbin6_recobin0 acc 0.0323 eff 0.0007 outinratio 0.0059 

VBFH126_4mu_TBjmax_genbin6_recobin0 acc 0.0725 eff -0.0014 outinratio 0.0 

WminusH126_4mu_TBjmax_genbin6_recobin0 acc 0.1364 eff 0.0032 outinratio 0.0221 

WplusH126_4mu_TBjmax_genbin6_recobin0 acc 0.129 eff 0.0021 outinratio 0.0267 

ZH126_4mu_TBjmax_genbin6_recobin0 acc 0.1479 eff 0.0031 outinratio 0.0834 

ttH126_4mu_TBjmax_genbin6_recobin0 acc 0.411 eff 0.0 outinratio 0.0 

ggH126_4mu_TBjmax_genbin0_recobin1 acc 0.3093 eff 0.0139 outinratio 0.0041 

VBFH126_4mu_TBjmax_genbin0_recobin1 acc 0.0796 eff 0.0806 outinratio 0.0 

WminusH126_4mu_TBjmax_genbin0_recobin1 acc 0.1105 eff 0.0088 outinratio 0.0625 

WplusH126_4mu_TBjmax_genbin0_recobin1 acc 0.0916 eff 0.0097 outinratio 0.0099 

ZH126_4mu_TBjmax_genbin0_recobin1 acc 0.0872 eff 0.0101 outinratio 0.1138 

ttH126_4mu_TBjmax_genbin0_recobin1 acc 0.0019 eff 0.0 outinratio 0.0 

ggH126_4mu_TBjmax_genbin1_recobin1 acc 0.0176 eff 0.4224 outinratio 0.0041 

VBFH126_4mu_TBjmax_genbin1_recobin1 acc 0.0772 eff 0.5044 outinratio 0.0 

WminusH126_4mu_TBjmax_genbin1_recobin1 acc 0.004 eff 0.3001 outinratio 0.0625 

WplusH126_4mu_TBjmax_genbin1_recobin1 acc 0.0031 eff 0.3709 outinratio 0.0099 

ZH126_4mu_TBjmax_genbin1_recobin1 acc 0.0031 eff 0.2703 outinratio 0.1138 

ttH126_4mu_TBjmax_genbin1_recobin1 acc 0.0 eff -1.0 outinratio 0.0 

ggH126_4mu_TBjmax_genbin2_recobin1 acc 0.0211 eff 0.038 outinratio 0.0041 

VBFH126_4mu_TBjmax_genbin2_recobin1 acc 0.0671 eff 0.03 outinratio 0.0 

WminusH126_4mu_TBjmax_genbin2_recobin1 acc 0.0094 eff 0.0221 outinratio 0.0625 

WplusH126_4mu_TBjmax_genbin2_recobin1 acc 0.0073 eff 0.0042 outinratio 0.0099 

ZH126_4mu_TBjmax_genbin2_recobin1 acc 0.0079 eff 0.0251 outinratio 0.1138 

ttH126_4mu_TBjmax_genbin2_recobin1 acc 0.0009 eff -1.0 outinratio 0.0 

ggH126_4mu_TBjmax_genbin3_recobin1 acc 0.0319 eff 0.0086 outinratio 0.0041 

VBFH126_4mu_TBjmax_genbin3_recobin1 acc 0.098 eff 0.0036 outinratio 0.0 

WminusH126_4mu_TBjmax_genbin3_recobin1 acc 0.0294 eff 0.0003 outinratio 0.0625 

WplusH126_4mu_TBjmax_genbin3_recobin1 acc 0.0245 eff 0.0027 outinratio 0.0099 

ZH126_4mu_TBjmax_genbin3_recobin1 acc 0.0262 eff 0.0032 outinratio 0.1138 

ttH126_4mu_TBjmax_genbin3_recobin1 acc 0.0071 eff 0.0 outinratio 0.0 

ggH126_4mu_TBjmax_genbin4_recobin1 acc 0.0275 eff 0.0083 outinratio 0.0041 

VBFH126_4mu_TBjmax_genbin4_recobin1 acc 0.063 eff 0.0208 outinratio 0.0 

WminusH126_4mu_TBjmax_genbin4_recobin1 acc 0.0453 eff 0.0044 outinratio 0.0625 

WplusH126_4mu_TBjmax_genbin4_recobin1 acc 0.037 eff 0.0006 outinratio 0.0099 

ZH126_4mu_TBjmax_genbin4_recobin1 acc 0.0412 eff 0.0027 outinratio 0.1138 

ttH126_4mu_TBjmax_genbin4_recobin1 acc 0.0155 eff 0.0 outinratio 0.0 

ggH126_4mu_TBjmax_genbin5_recobin1 acc 0.037 eff 0.0032 outinratio 0.0041 

VBFH126_4mu_TBjmax_genbin5_recobin1 acc 0.0689 eff 0.0 outinratio 0.0 

WminusH126_4mu_TBjmax_genbin5_recobin1 acc 0.1055 eff 0.0002 outinratio 0.0625 

WplusH126_4mu_TBjmax_genbin5_recobin1 acc 0.0875 eff 0.0008 outinratio 0.0099 

ZH126_4mu_TBjmax_genbin5_recobin1 acc 0.1026 eff 0.0007 outinratio 0.1138 

ttH126_4mu_TBjmax_genbin5_recobin1 acc 0.082 eff 0.0 outinratio 0.0 

ggH126_4mu_TBjmax_genbin6_recobin1 acc 0.0323 eff 0.0 outinratio 0.0041 

VBFH126_4mu_TBjmax_genbin6_recobin1 acc 0.0725 eff 0.0 outinratio 0.0 

WminusH126_4mu_TBjmax_genbin6_recobin1 acc 0.1364 eff 0.0001 outinratio 0.0625 

WplusH126_4mu_TBjmax_genbin6_recobin1 acc 0.129 eff 0.0 outinratio 0.0099 

ZH126_4mu_TBjmax_genbin6_recobin1 acc 0.1479 eff 0.0 outinratio 0.1138 

ttH126_4mu_TBjmax_genbin6_recobin1 acc 0.411 eff 0.0 outinratio 0.0 

ggH126_4mu_TBjmax_genbin0_recobin2 acc 0.3093 eff 0.0114 outinratio 0.0128 

VBFH126_4mu_TBjmax_genbin0_recobin2 acc 0.0796 eff 0.0699 outinratio 0.0 

WminusH126_4mu_TBjmax_genbin0_recobin2 acc 0.1105 eff 0.013 outinratio 0.0189 

WplusH126_4mu_TBjmax_genbin0_recobin2 acc 0.0916 eff 0.0167 outinratio 0.014 

ZH126_4mu_TBjmax_genbin0_recobin2 acc 0.0872 eff 0.0129 outinratio 0.0407 

ttH126_4mu_TBjmax_genbin0_recobin2 acc 0.0019 eff 0.0 outinratio 0.0 

ggH126_4mu_TBjmax_genbin1_recobin2 acc 0.0176 eff 0.0802 outinratio 0.0128 

VBFH126_4mu_TBjmax_genbin1_recobin2 acc 0.0772 eff 0.1263 outinratio 0.0 

WminusH126_4mu_TBjmax_genbin1_recobin2 acc 0.004 eff 0.0679 outinratio 0.0189 

WplusH126_4mu_TBjmax_genbin1_recobin2 acc 0.0031 eff 0.0344 outinratio 0.014 

ZH126_4mu_TBjmax_genbin1_recobin2 acc 0.0031 eff 0.0817 outinratio 0.0407 

ttH126_4mu_TBjmax_genbin1_recobin2 acc 0.0 eff -1.0 outinratio 0.0 

ggH126_4mu_TBjmax_genbin2_recobin2 acc 0.0211 eff 0.3888 outinratio 0.0128 

VBFH126_4mu_TBjmax_genbin2_recobin2 acc 0.0671 eff 0.4234 outinratio 0.0 

WminusH126_4mu_TBjmax_genbin2_recobin2 acc 0.0094 eff 0.2679 outinratio 0.0189 

WplusH126_4mu_TBjmax_genbin2_recobin2 acc 0.0073 eff 0.2956 outinratio 0.014 

ZH126_4mu_TBjmax_genbin2_recobin2 acc 0.0079 eff 0.2788 outinratio 0.0407 

ttH126_4mu_TBjmax_genbin2_recobin2 acc 0.0009 eff -1.0 outinratio 0.0 

ggH126_4mu_TBjmax_genbin3_recobin2 acc 0.0319 eff 0.0503 outinratio 0.0128 

VBFH126_4mu_TBjmax_genbin3_recobin2 acc 0.098 eff 0.0286 outinratio 0.0 

WminusH126_4mu_TBjmax_genbin3_recobin2 acc 0.0294 eff 0.0281 outinratio 0.0189 

WplusH126_4mu_TBjmax_genbin3_recobin2 acc 0.0245 eff 0.0395 outinratio 0.014 

ZH126_4mu_TBjmax_genbin3_recobin2 acc 0.0262 eff 0.0233 outinratio 0.0407 

ttH126_4mu_TBjmax_genbin3_recobin2 acc 0.0071 eff 0.0138 outinratio 0.0 

ggH126_4mu_TBjmax_genbin4_recobin2 acc 0.0275 eff 0.0047 outinratio 0.0128 

VBFH126_4mu_TBjmax_genbin4_recobin2 acc 0.063 eff 0.0075 outinratio 0.0 

WminusH126_4mu_TBjmax_genbin4_recobin2 acc 0.0453 eff 0.0062 outinratio 0.0189 

WplusH126_4mu_TBjmax_genbin4_recobin2 acc 0.037 eff 0.0087 outinratio 0.014 

ZH126_4mu_TBjmax_genbin4_recobin2 acc 0.0412 eff 0.0054 outinratio 0.0407 

ttH126_4mu_TBjmax_genbin4_recobin2 acc 0.0155 eff 0.0 outinratio 0.0 

ggH126_4mu_TBjmax_genbin5_recobin2 acc 0.037 eff 0.0045 outinratio 0.0128 

VBFH126_4mu_TBjmax_genbin5_recobin2 acc 0.0689 eff 0.0 outinratio 0.0 

WminusH126_4mu_TBjmax_genbin5_recobin2 acc 0.1055 eff 0.0013 outinratio 0.0189 

WplusH126_4mu_TBjmax_genbin5_recobin2 acc 0.0875 eff 0.0019 outinratio 0.014 

ZH126_4mu_TBjmax_genbin5_recobin2 acc 0.1026 eff 0.0031 outinratio 0.0407 

ttH126_4mu_TBjmax_genbin5_recobin2 acc 0.082 eff 0.0 outinratio 0.0 

ggH126_4mu_TBjmax_genbin6_recobin2 acc 0.0323 eff 0.0 outinratio 0.0128 

VBFH126_4mu_TBjmax_genbin6_recobin2 acc 0.0725 eff 0.0 outinratio 0.0 

WminusH126_4mu_TBjmax_genbin6_recobin2 acc 0.1364 eff 0.0 outinratio 0.0189 

WplusH126_4mu_TBjmax_genbin6_recobin2 acc 0.129 eff 0.0002 outinratio 0.014 

ZH126_4mu_TBjmax_genbin6_recobin2 acc 0.1479 eff 0.0003 outinratio 0.0407 

ttH126_4mu_TBjmax_genbin6_recobin2 acc 0.411 eff 0.0 outinratio 0.0 

ggH126_4mu_TBjmax_genbin0_recobin3 acc 0.3093 eff 0.0164 outinratio 0.0047 

VBFH126_4mu_TBjmax_genbin0_recobin3 acc 0.0796 eff 0.044 outinratio 0.0054 

WminusH126_4mu_TBjmax_genbin0_recobin3 acc 0.1105 eff 0.038 outinratio 0.0122 

WplusH126_4mu_TBjmax_genbin0_recobin3 acc 0.0916 eff 0.0306 outinratio 0.013 

ZH126_4mu_TBjmax_genbin0_recobin3 acc 0.0872 eff 0.0242 outinratio 0.0501 

ttH126_4mu_TBjmax_genbin0_recobin3 acc 0.0019 eff 0.0 outinratio 0.0536 

ggH126_4mu_TBjmax_genbin1_recobin3 acc 0.0176 eff 0.0239 outinratio 0.0047 

VBFH126_4mu_TBjmax_genbin1_recobin3 acc 0.0772 eff 0.0286 outinratio 0.0054 

WminusH126_4mu_TBjmax_genbin1_recobin3 acc 0.004 eff 0.03 outinratio 0.0122 

WplusH126_4mu_TBjmax_genbin1_recobin3 acc 0.0031 eff 0.0264 outinratio 0.013 

ZH126_4mu_TBjmax_genbin1_recobin3 acc 0.0031 eff 0.0058 outinratio 0.0501 

ttH126_4mu_TBjmax_genbin1_recobin3 acc 0.0 eff -1.0 outinratio 0.0536 

ggH126_4mu_TBjmax_genbin2_recobin3 acc 0.0211 eff 0.1074 outinratio 0.0047 

VBFH126_4mu_TBjmax_genbin2_recobin3 acc 0.0671 eff 0.1645 outinratio 0.0054 

WminusH126_4mu_TBjmax_genbin2_recobin3 acc 0.0094 eff 0.126 outinratio 0.0122 

WplusH126_4mu_TBjmax_genbin2_recobin3 acc 0.0073 eff 0.1415 outinratio 0.013 

ZH126_4mu_TBjmax_genbin2_recobin3 acc 0.0079 eff 0.1229 outinratio 0.0501 

ttH126_4mu_TBjmax_genbin2_recobin3 acc 0.0009 eff -1.0 outinratio 0.0536 

ggH126_4mu_TBjmax_genbin3_recobin3 acc 0.0319 eff 0.4545 outinratio 0.0047 

VBFH126_4mu_TBjmax_genbin3_recobin3 acc 0.098 eff 0.485 outinratio 0.0054 

WminusH126_4mu_TBjmax_genbin3_recobin3 acc 0.0294 eff 0.3595 outinratio 0.0122 

WplusH126_4mu_TBjmax_genbin3_recobin3 acc 0.0245 eff 0.3459 outinratio 0.013 

ZH126_4mu_TBjmax_genbin3_recobin3 acc 0.0262 eff 0.3536 outinratio 0.0501 

ttH126_4mu_TBjmax_genbin3_recobin3 acc 0.0071 eff 0.1729 outinratio 0.0536 

ggH126_4mu_TBjmax_genbin4_recobin3 acc 0.0275 eff 0.081 outinratio 0.0047 

VBFH126_4mu_TBjmax_genbin4_recobin3 acc 0.063 eff 0.1295 outinratio 0.0054 

WminusH126_4mu_TBjmax_genbin4_recobin3 acc 0.0453 eff 0.0514 outinratio 0.0122 

WplusH126_4mu_TBjmax_genbin4_recobin3 acc 0.037 eff 0.0556 outinratio 0.013 

ZH126_4mu_TBjmax_genbin4_recobin3 acc 0.0412 eff 0.071 outinratio 0.0501 

ttH126_4mu_TBjmax_genbin4_recobin3 acc 0.0155 eff 0.0616 outinratio 0.0536 

ggH126_4mu_TBjmax_genbin5_recobin3 acc 0.037 eff 0.0073 outinratio 0.0047 

VBFH126_4mu_TBjmax_genbin5_recobin3 acc 0.0689 eff 0.0 outinratio 0.0054 

WminusH126_4mu_TBjmax_genbin5_recobin3 acc 0.1055 eff 0.0108 outinratio 0.0122 

WplusH126_4mu_TBjmax_genbin5_recobin3 acc 0.0875 eff 0.0098 outinratio 0.013 

ZH126_4mu_TBjmax_genbin5_recobin3 acc 0.1026 eff 0.0093 outinratio 0.0501 

ttH126_4mu_TBjmax_genbin5_recobin3 acc 0.082 eff 0.006 outinratio 0.0536 

ggH126_4mu_TBjmax_genbin6_recobin3 acc 0.0323 eff 0.0004 outinratio 0.0047 

VBFH126_4mu_TBjmax_genbin6_recobin3 acc 0.0725 eff 0.0 outinratio 0.0054 

WminusH126_4mu_TBjmax_genbin6_recobin3 acc 0.1364 eff 0.001 outinratio 0.0122 

WplusH126_4mu_TBjmax_genbin6_recobin3 acc 0.129 eff 0.0014 outinratio 0.013 

ZH126_4mu_TBjmax_genbin6_recobin3 acc 0.1479 eff 0.0003 outinratio 0.0501 

ttH126_4mu_TBjmax_genbin6_recobin3 acc 0.411 eff 0.0007 outinratio 0.0536 

ggH126_4mu_TBjmax_genbin0_recobin4 acc 0.3093 eff 0.0129 outinratio 0.0045 

VBFH126_4mu_TBjmax_genbin0_recobin4 acc 0.0796 eff 0.005 outinratio 0.0 

WminusH126_4mu_TBjmax_genbin0_recobin4 acc 0.1105 eff 0.0367 outinratio 0.0086 

WplusH126_4mu_TBjmax_genbin0_recobin4 acc 0.0916 eff 0.0293 outinratio 0.0032 

ZH126_4mu_TBjmax_genbin0_recobin4 acc 0.0872 eff 0.0178 outinratio 0.0547 

ttH126_4mu_TBjmax_genbin0_recobin4 acc 0.0019 eff 0.0 outinratio 0.064 

ggH126_4mu_TBjmax_genbin1_recobin4 acc 0.0176 eff 0.0212 outinratio 0.0045 

VBFH126_4mu_TBjmax_genbin1_recobin4 acc 0.0772 eff 0.0494 outinratio 0.0 

WminusH126_4mu_TBjmax_genbin1_recobin4 acc 0.004 eff 0.0218 outinratio 0.0086 

WplusH126_4mu_TBjmax_genbin1_recobin4 acc 0.0031 eff 0.016 outinratio 0.0032 

ZH126_4mu_TBjmax_genbin1_recobin4 acc 0.0031 eff 0.0072 outinratio 0.0547 

ttH126_4mu_TBjmax_genbin1_recobin4 acc 0.0 eff -1.0 outinratio 0.064 

ggH126_4mu_TBjmax_genbin2_recobin4 acc 0.0211 eff 0.0157 outinratio 0.0045 

VBFH126_4mu_TBjmax_genbin2_recobin4 acc 0.0671 eff 0.0 outinratio 0.0 

WminusH126_4mu_TBjmax_genbin2_recobin4 acc 0.0094 eff 0.03 outinratio 0.0086 

WplusH126_4mu_TBjmax_genbin2_recobin4 acc 0.0073 eff 0.0274 outinratio 0.0032 

ZH126_4mu_TBjmax_genbin2_recobin4 acc 0.0079 eff 0.0212 outinratio 0.0547 

ttH126_4mu_TBjmax_genbin2_recobin4 acc 0.0009 eff -1.0 outinratio 0.064 

ggH126_4mu_TBjmax_genbin3_recobin4 acc 0.0319 eff 0.091 outinratio 0.0045 

VBFH126_4mu_TBjmax_genbin3_recobin4 acc 0.098 eff 0.0897 outinratio 0.0 

WminusH126_4mu_TBjmax_genbin3_recobin4 acc 0.0294 eff 0.131 outinratio 0.0086 

WplusH126_4mu_TBjmax_genbin3_recobin4 acc 0.0245 eff 0.1259 outinratio 0.0032 

ZH126_4mu_TBjmax_genbin3_recobin4 acc 0.0262 eff 0.1185 outinratio 0.0547 

ttH126_4mu_TBjmax_genbin3_recobin4 acc 0.0071 eff 0.1431 outinratio 0.064 

ggH126_4mu_TBjmax_genbin4_recobin4 acc 0.0275 eff 0.4133 outinratio 0.0045 

VBFH126_4mu_TBjmax_genbin4_recobin4 acc 0.063 eff 0.5084 outinratio 0.0 

WminusH126_4mu_TBjmax_genbin4_recobin4 acc 0.0453 eff 0.3483 outinratio 0.0086 

WplusH126_4mu_TBjmax_genbin4_recobin4 acc 0.037 eff 0.3727 outinratio 0.0032 

ZH126_4mu_TBjmax_genbin4_recobin4 acc 0.0412 eff 0.3404 outinratio 0.0547 

ttH126_4mu_TBjmax_genbin4_recobin4 acc 0.0155 eff 0.2215 outinratio 0.064 

ggH126_4mu_TBjmax_genbin5_recobin4 acc 0.037 eff 0.0783 outinratio 0.0045 

VBFH126_4mu_TBjmax_genbin5_recobin4 acc 0.0689 eff 0.0749 outinratio 0.0 

WminusH126_4mu_TBjmax_genbin5_recobin4 acc 0.1055 eff 0.0506 outinratio 0.0086 

WplusH126_4mu_TBjmax_genbin5_recobin4 acc 0.0875 eff 0.0413 outinratio 0.0032 

ZH126_4mu_TBjmax_genbin5_recobin4 acc 0.1026 eff 0.0485 outinratio 0.0547 

ttH126_4mu_TBjmax_genbin5_recobin4 acc 0.082 eff 0.0419 outinratio 0.064 

ggH126_4mu_TBjmax_genbin6_recobin4 acc 0.0323 eff 0.002 outinratio 0.0045 

VBFH126_4mu_TBjmax_genbin6_recobin4 acc 0.0725 eff 0.0 outinratio 0.0 

WminusH126_4mu_TBjmax_genbin6_recobin4 acc 0.1364 eff 0.001 outinratio 0.0086 

WplusH126_4mu_TBjmax_genbin6_recobin4 acc 0.129 eff 0.0013 outinratio 0.0032 

ZH126_4mu_TBjmax_genbin6_recobin4 acc 0.1479 eff 0.0026 outinratio 0.0547 

ttH126_4mu_TBjmax_genbin6_recobin4 acc 0.411 eff 0.0008 outinratio 0.064 

ggH126_4mu_TBjmax_genbin0_recobin5 acc 0.3093 eff 0.0162 outinratio 0.0084 

VBFH126_4mu_TBjmax_genbin0_recobin5 acc 0.0796 eff 0.0 outinratio 0.0031 

WminusH126_4mu_TBjmax_genbin0_recobin5 acc 0.1105 eff 0.0538 outinratio 0.0079 

WplusH126_4mu_TBjmax_genbin0_recobin5 acc 0.0916 eff 0.0451 outinratio 0.0073 

ZH126_4mu_TBjmax_genbin0_recobin5 acc 0.0872 eff 0.0276 outinratio 0.0422 

ttH126_4mu_TBjmax_genbin0_recobin5 acc 0.0019 eff 0.0646 outinratio 0.0395 

ggH126_4mu_TBjmax_genbin1_recobin5 acc 0.0176 eff 0.0228 outinratio 0.0084 

VBFH126_4mu_TBjmax_genbin1_recobin5 acc 0.0772 eff 0.0046 outinratio 0.0031 

WminusH126_4mu_TBjmax_genbin1_recobin5 acc 0.004 eff 0.0636 outinratio 0.0079 

WplusH126_4mu_TBjmax_genbin1_recobin5 acc 0.0031 eff 0.0371 outinratio 0.0073 

ZH126_4mu_TBjmax_genbin1_recobin5 acc 0.0031 eff 0.0042 outinratio 0.0422 

ttH126_4mu_TBjmax_genbin1_recobin5 acc 0.0 eff -1.0 outinratio 0.0395 

ggH126_4mu_TBjmax_genbin2_recobin5 acc 0.0211 eff 0.0145 outinratio 0.0084 

VBFH126_4mu_TBjmax_genbin2_recobin5 acc 0.0671 eff 0.0117 outinratio 0.0031 

WminusH126_4mu_TBjmax_genbin2_recobin5 acc 0.0094 eff 0.0554 outinratio 0.0079 

WplusH126_4mu_TBjmax_genbin2_recobin5 acc 0.0073 eff 0.0556 outinratio 0.0073 

ZH126_4mu_TBjmax_genbin2_recobin5 acc 0.0079 eff 0.0176 outinratio 0.0422 

ttH126_4mu_TBjmax_genbin2_recobin5 acc 0.0009 eff -1.0 outinratio 0.0395 

ggH126_4mu_TBjmax_genbin3_recobin5 acc 0.0319 eff 0.0153 outinratio 0.0084 

VBFH126_4mu_TBjmax_genbin3_recobin5 acc 0.098 eff 0.0078 outinratio 0.0031 

WminusH126_4mu_TBjmax_genbin3_recobin5 acc 0.0294 eff 0.0375 outinratio 0.0079 

WplusH126_4mu_TBjmax_genbin3_recobin5 acc 0.0245 eff 0.0628 outinratio 0.0073 

ZH126_4mu_TBjmax_genbin3_recobin5 acc 0.0262 eff 0.0289 outinratio 0.0422 

ttH126_4mu_TBjmax_genbin3_recobin5 acc 0.0071 eff 0.0801 outinratio 0.0395 

ggH126_4mu_TBjmax_genbin4_recobin5 acc 0.0275 eff 0.1098 outinratio 0.0084 

VBFH126_4mu_TBjmax_genbin4_recobin5 acc 0.063 eff 0.1166 outinratio 0.0031 

WminusH126_4mu_TBjmax_genbin4_recobin5 acc 0.0453 eff 0.1669 outinratio 0.0079 

WplusH126_4mu_TBjmax_genbin4_recobin5 acc 0.037 eff 0.1534 outinratio 0.0073 

ZH126_4mu_TBjmax_genbin4_recobin5 acc 0.0412 eff 0.1323 outinratio 0.0422 

ttH126_4mu_TBjmax_genbin4_recobin5 acc 0.0155 eff 0.1218 outinratio 0.0395 

ggH126_4mu_TBjmax_genbin5_recobin5 acc 0.037 eff 0.4925 outinratio 0.0084 

VBFH126_4mu_TBjmax_genbin5_recobin5 acc 0.0689 eff 0.5228 outinratio 0.0031 

WminusH126_4mu_TBjmax_genbin5_recobin5 acc 0.1055 eff 0.4523 outinratio 0.0079 

WplusH126_4mu_TBjmax_genbin5_recobin5 acc 0.0875 eff 0.4449 outinratio 0.0073 

ZH126_4mu_TBjmax_genbin5_recobin5 acc 0.1026 eff 0.4265 outinratio 0.0422 

ttH126_4mu_TBjmax_genbin5_recobin5 acc 0.082 eff 0.3016 outinratio 0.0395 

ggH126_4mu_TBjmax_genbin6_recobin5 acc 0.0323 eff 0.0583 outinratio 0.0084 

VBFH126_4mu_TBjmax_genbin6_recobin5 acc 0.0725 eff 0.0567 outinratio 0.0031 

WminusH126_4mu_TBjmax_genbin6_recobin5 acc 0.1364 eff 0.0463 outinratio 0.0079 

WplusH126_4mu_TBjmax_genbin6_recobin5 acc 0.129 eff 0.0433 outinratio 0.0073 

ZH126_4mu_TBjmax_genbin6_recobin5 acc 0.1479 eff 0.0514 outinratio 0.0422 

ttH126_4mu_TBjmax_genbin6_recobin5 acc 0.411 eff 0.0186 outinratio 0.0395 

ggH126_4mu_TBjmax_genbin0_recobin6 acc 0.3093 eff 0.0033 outinratio 0.0087 

VBFH126_4mu_TBjmax_genbin0_recobin6 acc 0.0796 eff 0.0 outinratio 0.013 

WminusH126_4mu_TBjmax_genbin0_recobin6 acc 0.1105 eff 0.0321 outinratio 0.0108 

WplusH126_4mu_TBjmax_genbin0_recobin6 acc 0.0916 eff 0.0334 outinratio 0.0075 

ZH126_4mu_TBjmax_genbin0_recobin6 acc 0.0872 eff 0.0051 outinratio 0.0324 

ttH126_4mu_TBjmax_genbin0_recobin6 acc 0.0019 eff 0.1694 outinratio 0.0339 

ggH126_4mu_TBjmax_genbin1_recobin6 acc 0.0176 eff 0.0056 outinratio 0.0087 

VBFH126_4mu_TBjmax_genbin1_recobin6 acc 0.0772 eff 0.0 outinratio 0.013 

WminusH126_4mu_TBjmax_genbin1_recobin6 acc 0.004 eff 0.0243 outinratio 0.0108 

WplusH126_4mu_TBjmax_genbin1_recobin6 acc 0.0031 eff 0.0132 outinratio 0.0075 

ZH126_4mu_TBjmax_genbin1_recobin6 acc 0.0031 eff 0.0045 outinratio 0.0324 

ttH126_4mu_TBjmax_genbin1_recobin6 acc 0.0 eff -1.0 outinratio 0.0339 

ggH126_4mu_TBjmax_genbin2_recobin6 acc 0.0211 eff 0.0041 outinratio 0.0087 

VBFH126_4mu_TBjmax_genbin2_recobin6 acc 0.0671 eff 0.0 outinratio 0.013 

WminusH126_4mu_TBjmax_genbin2_recobin6 acc 0.0094 eff 0.0209 outinratio 0.0108 

WplusH126_4mu_TBjmax_genbin2_recobin6 acc 0.0073 eff 0.0 outinratio 0.0075 

ZH126_4mu_TBjmax_genbin2_recobin6 acc 0.0079 eff 0.007 outinratio 0.0324 

ttH126_4mu_TBjmax_genbin2_recobin6 acc 0.0009 eff -1.0 outinratio 0.0339 

ggH126_4mu_TBjmax_genbin3_recobin6 acc 0.0319 eff 0.0041 outinratio 0.0087 

VBFH126_4mu_TBjmax_genbin3_recobin6 acc 0.098 eff 0.004 outinratio 0.013 

WminusH126_4mu_TBjmax_genbin3_recobin6 acc 0.0294 eff 0.017 outinratio 0.0108 

WplusH126_4mu_TBjmax_genbin3_recobin6 acc 0.0245 eff 0.0158 outinratio 0.0075 

ZH126_4mu_TBjmax_genbin3_recobin6 acc 0.0262 eff 0.0069 outinratio 0.0324 

ttH126_4mu_TBjmax_genbin3_recobin6 acc 0.0071 eff 0.0435 outinratio 0.0339 

ggH126_4mu_TBjmax_genbin4_recobin6 acc 0.0275 eff 0.0066 outinratio 0.0087 

VBFH126_4mu_TBjmax_genbin4_recobin6 acc 0.063 eff 0.0095 outinratio 0.013 

WminusH126_4mu_TBjmax_genbin4_recobin6 acc 0.0453 eff 0.0135 outinratio 0.0108 

WplusH126_4mu_TBjmax_genbin4_recobin6 acc 0.037 eff 0.012 outinratio 0.0075 

ZH126_4mu_TBjmax_genbin4_recobin6 acc 0.0412 eff 0.0166 outinratio 0.0324 

ttH126_4mu_TBjmax_genbin4_recobin6 acc 0.0155 eff 0.0517 outinratio 0.0339 

ggH126_4mu_TBjmax_genbin5_recobin6 acc 0.037 eff 0.0607 outinratio 0.0087 

VBFH126_4mu_TBjmax_genbin5_recobin6 acc 0.0689 eff 0.1012 outinratio 0.013 

WminusH126_4mu_TBjmax_genbin5_recobin6 acc 0.1055 eff 0.0854 outinratio 0.0108 

WplusH126_4mu_TBjmax_genbin5_recobin6 acc 0.0875 eff 0.1072 outinratio 0.0075 

ZH126_4mu_TBjmax_genbin5_recobin6 acc 0.1026 eff 0.0944 outinratio 0.0324 

ttH126_4mu_TBjmax_genbin5_recobin6 acc 0.082 eff 0.1265 outinratio 0.0339 

ggH126_4mu_TBjmax_genbin6_recobin6 acc 0.0323 eff 0.6379 outinratio 0.0087 

VBFH126_4mu_TBjmax_genbin6_recobin6 acc 0.0725 eff 0.5707 outinratio 0.013 

WminusH126_4mu_TBjmax_genbin6_recobin6 acc 0.1364 eff 0.5856 outinratio 0.0108 

WplusH126_4mu_TBjmax_genbin6_recobin6 acc 0.129 eff 0.5995 outinratio 0.0075 

ZH126_4mu_TBjmax_genbin6_recobin6 acc 0.1479 eff 0.5716 outinratio 0.0324 

ttH126_4mu_TBjmax_genbin6_recobin6 acc 0.411 eff 0.4866 outinratio 0.0339 

ggH126_2e2mu_TBjmax_genbin0_recobin0 acc 0.2879 eff 0.4222 outinratio 0.0084 

VBFH126_2e2mu_TBjmax_genbin0_recobin0 acc 0.0645 eff 0.2797 outinratio 0.0 

WminusH126_2e2mu_TBjmax_genbin0_recobin0 acc 0.0994 eff 0.3264 outinratio 0.037 

WplusH126_2e2mu_TBjmax_genbin0_recobin0 acc 0.0847 eff 0.3004 outinratio 0.0514 

ZH126_2e2mu_TBjmax_genbin0_recobin0 acc 0.0828 eff 0.38 outinratio 0.0621 

ttH126_2e2mu_TBjmax_genbin0_recobin0 acc 0.0017 eff 0.0665 outinratio 0.1971 

ggH126_2e2mu_TBjmax_genbin1_recobin0 acc 0.0166 eff 0.0933 outinratio 0.0084 

VBFH126_2e2mu_TBjmax_genbin1_recobin0 acc 0.0614 eff 0.0536 outinratio 0.0 

WminusH126_2e2mu_TBjmax_genbin1_recobin0 acc 0.0037 eff 0.0706 outinratio 0.037 

WplusH126_2e2mu_TBjmax_genbin1_recobin0 acc 0.0029 eff 0.0695 outinratio 0.0514 

ZH126_2e2mu_TBjmax_genbin1_recobin0 acc 0.0029 eff 0.0817 outinratio 0.0621 

ttH126_2e2mu_TBjmax_genbin1_recobin0 acc 0.0003 eff -1.0 outinratio 0.1971 

ggH126_2e2mu_TBjmax_genbin2_recobin0 acc 0.0187 eff 0.0796 outinratio 0.0084 

VBFH126_2e2mu_TBjmax_genbin2_recobin0 acc 0.0607 eff 0.0449 outinratio 0.0 

WminusH126_2e2mu_TBjmax_genbin2_recobin0 acc 0.0079 eff 0.0615 outinratio 0.037 

WplusH126_2e2mu_TBjmax_genbin2_recobin0 acc 0.0067 eff 0.0617 outinratio 0.0514 

ZH126_2e2mu_TBjmax_genbin2_recobin0 acc 0.0079 eff 0.0809 outinratio 0.0621 

ttH126_2e2mu_TBjmax_genbin2_recobin0 acc 0.0009 eff 0.0 outinratio 0.1971 

ggH126_2e2mu_TBjmax_genbin3_recobin0 acc 0.0296 eff 0.0589 outinratio 0.0084 

VBFH126_2e2mu_TBjmax_genbin3_recobin0 acc 0.087 eff 0.0079 outinratio 0.0 

WminusH126_2e2mu_TBjmax_genbin3_recobin0 acc 0.0271 eff 0.0501 outinratio 0.037 

WplusH126_2e2mu_TBjmax_genbin3_recobin0 acc 0.0241 eff 0.0424 outinratio 0.0514 

ZH126_2e2mu_TBjmax_genbin3_recobin0 acc 0.0249 eff 0.0618 outinratio 0.0621 

ttH126_2e2mu_TBjmax_genbin3_recobin0 acc 0.0056 eff 0.0 outinratio 0.1971 

ggH126_2e2mu_TBjmax_genbin4_recobin0 acc 0.0246 eff 0.0454 outinratio 0.0084 

VBFH126_2e2mu_TBjmax_genbin4_recobin0 acc 0.0696 eff 0.0178 outinratio 0.0 

WminusH126_2e2mu_TBjmax_genbin4_recobin0 acc 0.0406 eff 0.0287 outinratio 0.037 

WplusH126_2e2mu_TBjmax_genbin4_recobin0 acc 0.0355 eff 0.025 outinratio 0.0514 

ZH126_2e2mu_TBjmax_genbin4_recobin0 acc 0.0387 eff 0.0375 outinratio 0.0621 

ttH126_2e2mu_TBjmax_genbin4_recobin0 acc 0.0156 eff 0.0206 outinratio 0.1971 

ggH126_2e2mu_TBjmax_genbin5_recobin0 acc 0.0333 eff 0.0251 outinratio 0.0084 

VBFH126_2e2mu_TBjmax_genbin5_recobin0 acc 0.0618 eff 0.0036 outinratio 0.0 

WminusH126_2e2mu_TBjmax_genbin5_recobin0 acc 0.0964 eff 0.0146 outinratio 0.037 

WplusH126_2e2mu_TBjmax_genbin5_recobin0 acc 0.0808 eff 0.0131 outinratio 0.0514 

ZH126_2e2mu_TBjmax_genbin5_recobin0 acc 0.0944 eff 0.019 outinratio 0.0621 

ttH126_2e2mu_TBjmax_genbin5_recobin0 acc 0.0777 eff 0.0 outinratio 0.1971 

ggH126_2e2mu_TBjmax_genbin6_recobin0 acc 0.0298 eff 0.0014 outinratio 0.0084 

VBFH126_2e2mu_TBjmax_genbin6_recobin0 acc 0.0618 eff 0.0 outinratio 0.0 

WminusH126_2e2mu_TBjmax_genbin6_recobin0 acc 0.1291 eff 0.002 outinratio 0.037 

WplusH126_2e2mu_TBjmax_genbin6_recobin0 acc 0.1204 eff 0.0023 outinratio 0.0514 

ZH126_2e2mu_TBjmax_genbin6_recobin0 acc 0.1364 eff 0.0042 outinratio 0.0621 

ttH126_2e2mu_TBjmax_genbin6_recobin0 acc 0.3809 eff 0.0 outinratio 0.1971 

ggH126_2e2mu_TBjmax_genbin0_recobin1 acc 0.2879 eff 0.01 outinratio 0.0104 

VBFH126_2e2mu_TBjmax_genbin0_recobin1 acc 0.0645 eff 0.0352 outinratio 0.0107 

WminusH126_2e2mu_TBjmax_genbin0_recobin1 acc 0.0994 eff 0.0067 outinratio 0.0453 

WplusH126_2e2mu_TBjmax_genbin0_recobin1 acc 0.0847 eff 0.0054 outinratio 0.0266 

ZH126_2e2mu_TBjmax_genbin0_recobin1 acc 0.0828 eff 0.0083 outinratio 0.0408 

ttH126_2e2mu_TBjmax_genbin0_recobin1 acc 0.0017 eff 0.0 outinratio 0.0 

ggH126_2e2mu_TBjmax_genbin1_recobin1 acc 0.0166 eff 0.26 outinratio 0.0104 

VBFH126_2e2mu_TBjmax_genbin1_recobin1 acc 0.0614 eff 0.3624 outinratio 0.0107 

WminusH126_2e2mu_TBjmax_genbin1_recobin1 acc 0.0037 eff 0.225 outinratio 0.0453 

WplusH126_2e2mu_TBjmax_genbin1_recobin1 acc 0.0029 eff 0.1884 outinratio 0.0266 

ZH126_2e2mu_TBjmax_genbin1_recobin1 acc 0.0029 eff 0.2351 outinratio 0.0408 

ttH126_2e2mu_TBjmax_genbin1_recobin1 acc 0.0003 eff -1.0 outinratio 0.0 

ggH126_2e2mu_TBjmax_genbin2_recobin1 acc 0.0187 eff 0.0238 outinratio 0.0104 

VBFH126_2e2mu_TBjmax_genbin2_recobin1 acc 0.0607 eff 0.023 outinratio 0.0107 

WminusH126_2e2mu_TBjmax_genbin2_recobin1 acc 0.0079 eff 0.0112 outinratio 0.0453 

WplusH126_2e2mu_TBjmax_genbin2_recobin1 acc 0.0067 eff 0.018 outinratio 0.0266 

ZH126_2e2mu_TBjmax_genbin2_recobin1 acc 0.0079 eff 0.015 outinratio 0.0408 

ttH126_2e2mu_TBjmax_genbin2_recobin1 acc 0.0009 eff 0.0 outinratio 0.0 

ggH126_2e2mu_TBjmax_genbin3_recobin1 acc 0.0296 eff 0.006 outinratio 0.0104 

VBFH126_2e2mu_TBjmax_genbin3_recobin1 acc 0.087 eff 0.011 outinratio 0.0107 

WminusH126_2e2mu_TBjmax_genbin3_recobin1 acc 0.0271 eff 0.002 outinratio 0.0453 

WplusH126_2e2mu_TBjmax_genbin3_recobin1 acc 0.0241 eff 0.0029 outinratio 0.0266 

ZH126_2e2mu_TBjmax_genbin3_recobin1 acc 0.0249 eff 0.0013 outinratio 0.0408 

ttH126_2e2mu_TBjmax_genbin3_recobin1 acc 0.0056 eff 0.0 outinratio 0.0 

ggH126_2e2mu_TBjmax_genbin4_recobin1 acc 0.0246 eff 0.0035 outinratio 0.0104 

VBFH126_2e2mu_TBjmax_genbin4_recobin1 acc 0.0696 eff 0.0171 outinratio 0.0107 

WminusH126_2e2mu_TBjmax_genbin4_recobin1 acc 0.0406 eff 0.0002 outinratio 0.0453 

WplusH126_2e2mu_TBjmax_genbin4_recobin1 acc 0.0355 eff 0.0023 outinratio 0.0266 

ZH126_2e2mu_TBjmax_genbin4_recobin1 acc 0.0387 eff 0.0009 outinratio 0.0408 

ttH126_2e2mu_TBjmax_genbin4_recobin1 acc 0.0156 eff 0.0 outinratio 0.0 

ggH126_2e2mu_TBjmax_genbin5_recobin1 acc 0.0333 eff 0.002 outinratio 0.0104 

VBFH126_2e2mu_TBjmax_genbin5_recobin1 acc 0.0618 eff 0.0063 outinratio 0.0107 

WminusH126_2e2mu_TBjmax_genbin5_recobin1 acc 0.0964 eff 0.0006 outinratio 0.0453 

WplusH126_2e2mu_TBjmax_genbin5_recobin1 acc 0.0808 eff 0.0009 outinratio 0.0266 

ZH126_2e2mu_TBjmax_genbin5_recobin1 acc 0.0944 eff 0.0008 outinratio 0.0408 

ttH126_2e2mu_TBjmax_genbin5_recobin1 acc 0.0777 eff 0.0 outinratio 0.0 

ggH126_2e2mu_TBjmax_genbin6_recobin1 acc 0.0298 eff 0.0005 outinratio 0.0104 

VBFH126_2e2mu_TBjmax_genbin6_recobin1 acc 0.0618 eff 0.0 outinratio 0.0107 

WminusH126_2e2mu_TBjmax_genbin6_recobin1 acc 0.1291 eff 0.0 outinratio 0.0453 

WplusH126_2e2mu_TBjmax_genbin6_recobin1 acc 0.1204 eff 0.0003 outinratio 0.0266 

ZH126_2e2mu_TBjmax_genbin6_recobin1 acc 0.1364 eff 0.0 outinratio 0.0408 

ttH126_2e2mu_TBjmax_genbin6_recobin1 acc 0.3809 eff 0.0 outinratio 0.0 

ggH126_2e2mu_TBjmax_genbin0_recobin2 acc 0.2879 eff 0.0076 outinratio 0.0155 

VBFH126_2e2mu_TBjmax_genbin0_recobin2 acc 0.0645 eff 0.0694 outinratio 0.0062 

WminusH126_2e2mu_TBjmax_genbin0_recobin2 acc 0.0994 eff 0.0115 outinratio 0.0241 

WplusH126_2e2mu_TBjmax_genbin0_recobin2 acc 0.0847 eff 0.0105 outinratio 0.0205 

ZH126_2e2mu_TBjmax_genbin0_recobin2 acc 0.0828 eff 0.0071 outinratio 0.0896 

ttH126_2e2mu_TBjmax_genbin0_recobin2 acc 0.0017 eff 0.0107 outinratio 0.2095 

ggH126_2e2mu_TBjmax_genbin1_recobin2 acc 0.0166 eff 0.0487 outinratio 0.0155 

VBFH126_2e2mu_TBjmax_genbin1_recobin2 acc 0.0614 eff 0.0692 outinratio 0.0062 

WminusH126_2e2mu_TBjmax_genbin1_recobin2 acc 0.0037 eff 0.0679 outinratio 0.0241 

WplusH126_2e2mu_TBjmax_genbin1_recobin2 acc 0.0029 eff 0.072 outinratio 0.0205 

ZH126_2e2mu_TBjmax_genbin1_recobin2 acc 0.0029 eff 0.0383 outinratio 0.0896 

ttH126_2e2mu_TBjmax_genbin1_recobin2 acc 0.0003 eff -1.0 outinratio 0.2095 

ggH126_2e2mu_TBjmax_genbin2_recobin2 acc 0.0187 eff 0.2755 outinratio 0.0155 

VBFH126_2e2mu_TBjmax_genbin2_recobin2 acc 0.0607 eff 0.2823 outinratio 0.0062 

WminusH126_2e2mu_TBjmax_genbin2_recobin2 acc 0.0079 eff 0.2037 outinratio 0.0241 

WplusH126_2e2mu_TBjmax_genbin2_recobin2 acc 0.0067 eff 0.2241 outinratio 0.0205 

ZH126_2e2mu_TBjmax_genbin2_recobin2 acc 0.0079 eff 0.2376 outinratio 0.0896 

ttH126_2e2mu_TBjmax_genbin2_recobin2 acc 0.0009 eff 0.3483 outinratio 0.2095 

ggH126_2e2mu_TBjmax_genbin3_recobin2 acc 0.0296 eff 0.0344 outinratio 0.0155 

VBFH126_2e2mu_TBjmax_genbin3_recobin2 acc 0.087 eff 0.0504 outinratio 0.0062 

WminusH126_2e2mu_TBjmax_genbin3_recobin2 acc 0.0271 eff 0.0198 outinratio 0.0241 

WplusH126_2e2mu_TBjmax_genbin3_recobin2 acc 0.0241 eff 0.0149 outinratio 0.0205 

ZH126_2e2mu_TBjmax_genbin3_recobin2 acc 0.0249 eff 0.0172 outinratio 0.0896 

ttH126_2e2mu_TBjmax_genbin3_recobin2 acc 0.0056 eff 0.0234 outinratio 0.2095 

ggH126_2e2mu_TBjmax_genbin4_recobin2 acc 0.0246 eff 0.004 outinratio 0.0155 

VBFH126_2e2mu_TBjmax_genbin4_recobin2 acc 0.0696 eff 0.007 outinratio 0.0062 

WminusH126_2e2mu_TBjmax_genbin4_recobin2 acc 0.0406 eff 0.0032 outinratio 0.0241 

WplusH126_2e2mu_TBjmax_genbin4_recobin2 acc 0.0355 eff 0.0026 outinratio 0.0205 

ZH126_2e2mu_TBjmax_genbin4_recobin2 acc 0.0387 eff 0.0036 outinratio 0.0896 

ttH126_2e2mu_TBjmax_genbin4_recobin2 acc 0.0156 eff 0.0 outinratio 0.2095 

ggH126_2e2mu_TBjmax_genbin5_recobin2 acc 0.0333 eff 0.003 outinratio 0.0155 

VBFH126_2e2mu_TBjmax_genbin5_recobin2 acc 0.0618 eff 0.0094 outinratio 0.0062 

WminusH126_2e2mu_TBjmax_genbin5_recobin2 acc 0.0964 eff 0.0017 outinratio 0.0241 

WplusH126_2e2mu_TBjmax_genbin5_recobin2 acc 0.0808 eff 0.0016 outinratio 0.0205 

ZH126_2e2mu_TBjmax_genbin5_recobin2 acc 0.0944 eff 0.0023 outinratio 0.0896 

ttH126_2e2mu_TBjmax_genbin5_recobin2 acc 0.0777 eff 0.0015 outinratio 0.2095 

ggH126_2e2mu_TBjmax_genbin6_recobin2 acc 0.0298 eff 0.0 outinratio 0.0155 

VBFH126_2e2mu_TBjmax_genbin6_recobin2 acc 0.0618 eff 0.0034 outinratio 0.0062 

WminusH126_2e2mu_TBjmax_genbin6_recobin2 acc 0.1291 eff 0.0002 outinratio 0.0241 

WplusH126_2e2mu_TBjmax_genbin6_recobin2 acc 0.1204 eff 0.0 outinratio 0.0205 

ZH126_2e2mu_TBjmax_genbin6_recobin2 acc 0.1364 eff 0.0001 outinratio 0.0896 

ttH126_2e2mu_TBjmax_genbin6_recobin2 acc 0.3809 eff 0.0 outinratio 0.2095 

ggH126_2e2mu_TBjmax_genbin0_recobin3 acc 0.2879 eff 0.0111 outinratio 0.0085 

VBFH126_2e2mu_TBjmax_genbin0_recobin3 acc 0.0645 eff 0.0368 outinratio 0.0079 

WminusH126_2e2mu_TBjmax_genbin0_recobin3 acc 0.0994 eff 0.0245 outinratio 0.0231 

WplusH126_2e2mu_TBjmax_genbin0_recobin3 acc 0.0847 eff 0.0224 outinratio 0.0222 

ZH126_2e2mu_TBjmax_genbin0_recobin3 acc 0.0828 eff 0.0142 outinratio 0.0627 

ttH126_2e2mu_TBjmax_genbin0_recobin3 acc 0.0017 eff 0.0 outinratio 0.4532 

ggH126_2e2mu_TBjmax_genbin1_recobin3 acc 0.0166 eff 0.0159 outinratio 0.0085 

VBFH126_2e2mu_TBjmax_genbin1_recobin3 acc 0.0614 eff 0.023 outinratio 0.0079 

WminusH126_2e2mu_TBjmax_genbin1_recobin3 acc 0.0037 eff 0.0169 outinratio 0.0231 

WplusH126_2e2mu_TBjmax_genbin1_recobin3 acc 0.0029 eff 0.0567 outinratio 0.0222 

ZH126_2e2mu_TBjmax_genbin1_recobin3 acc 0.0029 eff 0.0187 outinratio 0.0627 

ttH126_2e2mu_TBjmax_genbin1_recobin3 acc 0.0003 eff -1.0 outinratio 0.4532 

ggH126_2e2mu_TBjmax_genbin2_recobin3 acc 0.0187 eff 0.0783 outinratio 0.0085 

VBFH126_2e2mu_TBjmax_genbin2_recobin3 acc 0.0607 eff 0.1489 outinratio 0.0079 

WminusH126_2e2mu_TBjmax_genbin2_recobin3 acc 0.0079 eff 0.0769 outinratio 0.0231 

WplusH126_2e2mu_TBjmax_genbin2_recobin3 acc 0.0067 eff 0.0635 outinratio 0.0222 

ZH126_2e2mu_TBjmax_genbin2_recobin3 acc 0.0079 eff 0.1051 outinratio 0.0627 

ttH126_2e2mu_TBjmax_genbin2_recobin3 acc 0.0009 eff 0.0 outinratio 0.4532 

ggH126_2e2mu_TBjmax_genbin3_recobin3 acc 0.0296 eff 0.325 outinratio 0.0085 

VBFH126_2e2mu_TBjmax_genbin3_recobin3 acc 0.087 eff 0.3886 outinratio 0.0079 

WminusH126_2e2mu_TBjmax_genbin3_recobin3 acc 0.0271 eff 0.2471 outinratio 0.0231 

WplusH126_2e2mu_TBjmax_genbin3_recobin3 acc 0.0241 eff 0.2447 outinratio 0.0222 

ZH126_2e2mu_TBjmax_genbin3_recobin3 acc 0.0249 eff 0.2713 outinratio 0.0627 

ttH126_2e2mu_TBjmax_genbin3_recobin3 acc 0.0056 eff 0.066 outinratio 0.4532 

ggH126_2e2mu_TBjmax_genbin4_recobin3 acc 0.0246 eff 0.0561 outinratio 0.0085 

VBFH126_2e2mu_TBjmax_genbin4_recobin3 acc 0.0696 eff 0.0423 outinratio 0.0079 

WminusH126_2e2mu_TBjmax_genbin4_recobin3 acc 0.0406 eff 0.0374 outinratio 0.0231 

WplusH126_2e2mu_TBjmax_genbin4_recobin3 acc 0.0355 eff 0.0293 outinratio 0.0222 

ZH126_2e2mu_TBjmax_genbin4_recobin3 acc 0.0387 eff 0.0485 outinratio 0.0627 

ttH126_2e2mu_TBjmax_genbin4_recobin3 acc 0.0156 eff 0.0325 outinratio 0.4532 

ggH126_2e2mu_TBjmax_genbin5_recobin3 acc 0.0333 eff 0.0033 outinratio 0.0085 

VBFH126_2e2mu_TBjmax_genbin5_recobin3 acc 0.0618 eff 0.0014 outinratio 0.0079 

WminusH126_2e2mu_TBjmax_genbin5_recobin3 acc 0.0964 eff 0.0062 outinratio 0.0231 

WplusH126_2e2mu_TBjmax_genbin5_recobin3 acc 0.0808 eff 0.0062 outinratio 0.0222 

ZH126_2e2mu_TBjmax_genbin5_recobin3 acc 0.0944 eff 0.0067 outinratio 0.0627 

ttH126_2e2mu_TBjmax_genbin5_recobin3 acc 0.0777 eff 0.0047 outinratio 0.4532 

ggH126_2e2mu_TBjmax_genbin6_recobin3 acc 0.0298 eff 0.0006 outinratio 0.0085 

VBFH126_2e2mu_TBjmax_genbin6_recobin3 acc 0.0618 eff 0.0076 outinratio 0.0079 

WminusH126_2e2mu_TBjmax_genbin6_recobin3 acc 0.1291 eff 0.0004 outinratio 0.0231 

WplusH126_2e2mu_TBjmax_genbin6_recobin3 acc 0.1204 eff 0.0007 outinratio 0.0222 

ZH126_2e2mu_TBjmax_genbin6_recobin3 acc 0.1364 eff 0.0001 outinratio 0.0627 

ttH126_2e2mu_TBjmax_genbin6_recobin3 acc 0.3809 eff 0.0 outinratio 0.4532 

ggH126_2e2mu_TBjmax_genbin0_recobin4 acc 0.2879 eff 0.0097 outinratio 0.0039 

VBFH126_2e2mu_TBjmax_genbin0_recobin4 acc 0.0645 eff 0.0314 outinratio 0.0043 

WminusH126_2e2mu_TBjmax_genbin0_recobin4 acc 0.0994 eff 0.0227 outinratio 0.0166 

WplusH126_2e2mu_TBjmax_genbin0_recobin4 acc 0.0847 eff 0.0284 outinratio 0.0192 

ZH126_2e2mu_TBjmax_genbin0_recobin4 acc 0.0828 eff 0.0162 outinratio 0.0566 

ttH126_2e2mu_TBjmax_genbin0_recobin4 acc 0.0017 eff 0.0132 outinratio 0.0439 

ggH126_2e2mu_TBjmax_genbin1_recobin4 acc 0.0166 eff 0.0123 outinratio 0.0039 

VBFH126_2e2mu_TBjmax_genbin1_recobin4 acc 0.0614 eff 0.0016 outinratio 0.0043 

WminusH126_2e2mu_TBjmax_genbin1_recobin4 acc 0.0037 eff 0.0233 outinratio 0.0166 

WplusH126_2e2mu_TBjmax_genbin1_recobin4 acc 0.0029 eff 0.0294 outinratio 0.0192 

ZH126_2e2mu_TBjmax_genbin1_recobin4 acc 0.0029 eff 0.0195 outinratio 0.0566 

ttH126_2e2mu_TBjmax_genbin1_recobin4 acc 0.0003 eff -1.0 outinratio 0.0439 

ggH126_2e2mu_TBjmax_genbin2_recobin4 acc 0.0187 eff 0.0132 outinratio 0.0039 

VBFH126_2e2mu_TBjmax_genbin2_recobin4 acc 0.0607 eff 0.0 outinratio 0.0043 

WminusH126_2e2mu_TBjmax_genbin2_recobin4 acc 0.0079 eff 0.0144 outinratio 0.0166 

WplusH126_2e2mu_TBjmax_genbin2_recobin4 acc 0.0067 eff 0.0158 outinratio 0.0192 

ZH126_2e2mu_TBjmax_genbin2_recobin4 acc 0.0079 eff 0.0137 outinratio 0.0566 

ttH126_2e2mu_TBjmax_genbin2_recobin4 acc 0.0009 eff 0.061 outinratio 0.0439 

ggH126_2e2mu_TBjmax_genbin3_recobin4 acc 0.0296 eff 0.0544 outinratio 0.0039 

VBFH126_2e2mu_TBjmax_genbin3_recobin4 acc 0.087 eff 0.0752 outinratio 0.0043 

WminusH126_2e2mu_TBjmax_genbin3_recobin4 acc 0.0271 eff 0.0913 outinratio 0.0166 

WplusH126_2e2mu_TBjmax_genbin3_recobin4 acc 0.0241 eff 0.088 outinratio 0.0192 

ZH126_2e2mu_TBjmax_genbin3_recobin4 acc 0.0249 eff 0.0918 outinratio 0.0566 

ttH126_2e2mu_TBjmax_genbin3_recobin4 acc 0.0056 eff 0.0477 outinratio 0.0439 

ggH126_2e2mu_TBjmax_genbin4_recobin4 acc 0.0246 eff 0.2724 outinratio 0.0039 

VBFH126_2e2mu_TBjmax_genbin4_recobin4 acc 0.0696 eff 0.3188 outinratio 0.0043 

WminusH126_2e2mu_TBjmax_genbin4_recobin4 acc 0.0406 eff 0.2308 outinratio 0.0166 

WplusH126_2e2mu_TBjmax_genbin4_recobin4 acc 0.0355 eff 0.2466 outinratio 0.0192 

ZH126_2e2mu_TBjmax_genbin4_recobin4 acc 0.0387 eff 0.2441 outinratio 0.0566 

ttH126_2e2mu_TBjmax_genbin4_recobin4 acc 0.0156 eff 0.1681 outinratio 0.0439 

ggH126_2e2mu_TBjmax_genbin5_recobin4 acc 0.0333 eff 0.0513 outinratio 0.0039 

VBFH126_2e2mu_TBjmax_genbin5_recobin4 acc 0.0618 eff 0.0888 outinratio 0.0043 

WminusH126_2e2mu_TBjmax_genbin5_recobin4 acc 0.0964 eff 0.0323 outinratio 0.0166 

WplusH126_2e2mu_TBjmax_genbin5_recobin4 acc 0.0808 eff 0.0292 outinratio 0.0192 

ZH126_2e2mu_TBjmax_genbin5_recobin4 acc 0.0944 eff 0.0388 outinratio 0.0566 

ttH126_2e2mu_TBjmax_genbin5_recobin4 acc 0.0777 eff 0.0236 outinratio 0.0439 

ggH126_2e2mu_TBjmax_genbin6_recobin4 acc 0.0298 eff 0.0008 outinratio 0.0039 

VBFH126_2e2mu_TBjmax_genbin6_recobin4 acc 0.0618 eff 0.0 outinratio 0.0043 

WminusH126_2e2mu_TBjmax_genbin6_recobin4 acc 0.1291 eff 0.0016 outinratio 0.0166 

WplusH126_2e2mu_TBjmax_genbin6_recobin4 acc 0.1204 eff 0.0007 outinratio 0.0192 

ZH126_2e2mu_TBjmax_genbin6_recobin4 acc 0.1364 eff 0.0016 outinratio 0.0566 

ttH126_2e2mu_TBjmax_genbin6_recobin4 acc 0.3809 eff 0.0001 outinratio 0.0439 

ggH126_2e2mu_TBjmax_genbin0_recobin5 acc 0.2879 eff 0.0117 outinratio 0.007 

VBFH126_2e2mu_TBjmax_genbin0_recobin5 acc 0.0645 eff 0.016 outinratio 0.0066 

WminusH126_2e2mu_TBjmax_genbin0_recobin5 acc 0.0994 eff 0.0375 outinratio 0.0152 

WplusH126_2e2mu_TBjmax_genbin0_recobin5 acc 0.0847 eff 0.035 outinratio 0.0196 

ZH126_2e2mu_TBjmax_genbin0_recobin5 acc 0.0828 eff 0.0192 outinratio 0.0456 

ttH126_2e2mu_TBjmax_genbin0_recobin5 acc 0.0017 eff 0.078 outinratio 0.0334 

ggH126_2e2mu_TBjmax_genbin1_recobin5 acc 0.0166 eff 0.0131 outinratio 0.007 

VBFH126_2e2mu_TBjmax_genbin1_recobin5 acc 0.0614 eff 0.0043 outinratio 0.0066 

WminusH126_2e2mu_TBjmax_genbin1_recobin5 acc 0.0037 eff 0.0219 outinratio 0.0152 

WplusH126_2e2mu_TBjmax_genbin1_recobin5 acc 0.0029 eff 0.0643 outinratio 0.0196 

ZH126_2e2mu_TBjmax_genbin1_recobin5 acc 0.0029 eff 0.0074 outinratio 0.0456 

ttH126_2e2mu_TBjmax_genbin1_recobin5 acc 0.0003 eff -1.0 outinratio 0.0334 

ggH126_2e2mu_TBjmax_genbin2_recobin5 acc 0.0187 eff 0.0093 outinratio 0.007 

VBFH126_2e2mu_TBjmax_genbin2_recobin5 acc 0.0607 eff 0.0089 outinratio 0.0066 

WminusH126_2e2mu_TBjmax_genbin2_recobin5 acc 0.0079 eff 0.0362 outinratio 0.0152 

WplusH126_2e2mu_TBjmax_genbin2_recobin5 acc 0.0067 eff 0.0288 outinratio 0.0196 

ZH126_2e2mu_TBjmax_genbin2_recobin5 acc 0.0079 eff 0.0228 outinratio 0.0456 

ttH126_2e2mu_TBjmax_genbin2_recobin5 acc 0.0009 eff 0.1372 outinratio 0.0334 

ggH126_2e2mu_TBjmax_genbin3_recobin5 acc 0.0296 eff 0.0133 outinratio 0.007 

VBFH126_2e2mu_TBjmax_genbin3_recobin5 acc 0.087 eff 0.0023 outinratio 0.0066 

WminusH126_2e2mu_TBjmax_genbin3_recobin5 acc 0.0271 eff 0.03 outinratio 0.0152 

WplusH126_2e2mu_TBjmax_genbin3_recobin5 acc 0.0241 eff 0.0376 outinratio 0.0196 

ZH126_2e2mu_TBjmax_genbin3_recobin5 acc 0.0249 eff 0.0169 outinratio 0.0456 

ttH126_2e2mu_TBjmax_genbin3_recobin5 acc 0.0056 eff 0.03 outinratio 0.0334 

ggH126_2e2mu_TBjmax_genbin4_recobin5 acc 0.0246 eff 0.0759 outinratio 0.007 

VBFH126_2e2mu_TBjmax_genbin4_recobin5 acc 0.0696 eff 0.1065 outinratio 0.0066 

WminusH126_2e2mu_TBjmax_genbin4_recobin5 acc 0.0406 eff 0.1175 outinratio 0.0152 

WplusH126_2e2mu_TBjmax_genbin4_recobin5 acc 0.0355 eff 0.1098 outinratio 0.0196 

ZH126_2e2mu_TBjmax_genbin4_recobin5 acc 0.0387 eff 0.1242 outinratio 0.0456 

ttH126_2e2mu_TBjmax_genbin4_recobin5 acc 0.0156 eff 0.0916 outinratio 0.0334 

ggH126_2e2mu_TBjmax_genbin5_recobin5 acc 0.0333 eff 0.3377 outinratio 0.007 

VBFH126_2e2mu_TBjmax_genbin5_recobin5 acc 0.0618 eff 0.3283 outinratio 0.0066 

WminusH126_2e2mu_TBjmax_genbin5_recobin5 acc 0.0964 eff 0.318 outinratio 0.0152 

WplusH126_2e2mu_TBjmax_genbin5_recobin5 acc 0.0808 eff 0.3209 outinratio 0.0196 

ZH126_2e2mu_TBjmax_genbin5_recobin5 acc 0.0944 eff 0.3072 outinratio 0.0456 

ttH126_2e2mu_TBjmax_genbin5_recobin5 acc 0.0777 eff 0.2491 outinratio 0.0334 

ggH126_2e2mu_TBjmax_genbin6_recobin5 acc 0.0298 eff 0.039 outinratio 0.007 

VBFH126_2e2mu_TBjmax_genbin6_recobin5 acc 0.0618 eff 0.0415 outinratio 0.0066 

WminusH126_2e2mu_TBjmax_genbin6_recobin5 acc 0.1291 eff 0.0329 outinratio 0.0152 

WplusH126_2e2mu_TBjmax_genbin6_recobin5 acc 0.1204 eff 0.0304 outinratio 0.0196 

ZH126_2e2mu_TBjmax_genbin6_recobin5 acc 0.1364 eff 0.037 outinratio 0.0456 

ttH126_2e2mu_TBjmax_genbin6_recobin5 acc 0.3809 eff 0.0116 outinratio 0.0334 

ggH126_2e2mu_TBjmax_genbin0_recobin6 acc 0.2879 eff 0.0029 outinratio 0.0058 

VBFH126_2e2mu_TBjmax_genbin0_recobin6 acc 0.0645 eff 0.0 outinratio 0.0 

WminusH126_2e2mu_TBjmax_genbin0_recobin6 acc 0.0994 eff 0.0261 outinratio 0.012 

WplusH126_2e2mu_TBjmax_genbin0_recobin6 acc 0.0847 eff 0.0206 outinratio 0.0147 

ZH126_2e2mu_TBjmax_genbin0_recobin6 acc 0.0828 eff 0.0109 outinratio 0.0385 

ttH126_2e2mu_TBjmax_genbin0_recobin6 acc 0.0017 eff 0.0 outinratio 0.0434 

ggH126_2e2mu_TBjmax_genbin1_recobin6 acc 0.0166 eff 0.0029 outinratio 0.0058 

VBFH126_2e2mu_TBjmax_genbin1_recobin6 acc 0.0614 eff 0.0085 outinratio 0.0 

WminusH126_2e2mu_TBjmax_genbin1_recobin6 acc 0.0037 eff 0.0265 outinratio 0.012 

WplusH126_2e2mu_TBjmax_genbin1_recobin6 acc 0.0029 eff 0.0023 outinratio 0.0147 

ZH126_2e2mu_TBjmax_genbin1_recobin6 acc 0.0029 eff 0.026 outinratio 0.0385 

ttH126_2e2mu_TBjmax_genbin1_recobin6 acc 0.0003 eff -1.0 outinratio 0.0434 

ggH126_2e2mu_TBjmax_genbin2_recobin6 acc 0.0187 eff 0.0025 outinratio 0.0058 

VBFH126_2e2mu_TBjmax_genbin2_recobin6 acc 0.0607 eff 0.005 outinratio 0.0 

WminusH126_2e2mu_TBjmax_genbin2_recobin6 acc 0.0079 eff 0.015 outinratio 0.012 

WplusH126_2e2mu_TBjmax_genbin2_recobin6 acc 0.0067 eff 0.0134 outinratio 0.0147 

ZH126_2e2mu_TBjmax_genbin2_recobin6 acc 0.0079 eff 0.0078 outinratio 0.0385 

ttH126_2e2mu_TBjmax_genbin2_recobin6 acc 0.0009 eff 0.0 outinratio 0.0434 

ggH126_2e2mu_TBjmax_genbin3_recobin6 acc 0.0296 eff 0.0011 outinratio 0.0058 

VBFH126_2e2mu_TBjmax_genbin3_recobin6 acc 0.087 eff 0.0067 outinratio 0.0 

WminusH126_2e2mu_TBjmax_genbin3_recobin6 acc 0.0271 eff 0.0155 outinratio 0.012 

WplusH126_2e2mu_TBjmax_genbin3_recobin6 acc 0.0241 eff 0.0118 outinratio 0.0147 

ZH126_2e2mu_TBjmax_genbin3_recobin6 acc 0.0249 eff 0.0058 outinratio 0.0385 

ttH126_2e2mu_TBjmax_genbin3_recobin6 acc 0.0056 eff 0.1514 outinratio 0.0434 

ggH126_2e2mu_TBjmax_genbin4_recobin6 acc 0.0246 eff 0.0039 outinratio 0.0058 

VBFH126_2e2mu_TBjmax_genbin4_recobin6 acc 0.0696 eff 0.0 outinratio 0.0 

WminusH126_2e2mu_TBjmax_genbin4_recobin6 acc 0.0406 eff 0.0081 outinratio 0.012 

WplusH126_2e2mu_TBjmax_genbin4_recobin6 acc 0.0355 eff 0.01 outinratio 0.0147 

ZH126_2e2mu_TBjmax_genbin4_recobin6 acc 0.0387 eff 0.0092 outinratio 0.0385 

ttH126_2e2mu_TBjmax_genbin4_recobin6 acc 0.0156 eff 0.0359 outinratio 0.0434 

ggH126_2e2mu_TBjmax_genbin5_recobin6 acc 0.0333 eff 0.0496 outinratio 0.0058 

VBFH126_2e2mu_TBjmax_genbin5_recobin6 acc 0.0618 eff 0.0505 outinratio 0.0 

WminusH126_2e2mu_TBjmax_genbin5_recobin6 acc 0.0964 eff 0.0713 outinratio 0.012 

WplusH126_2e2mu_TBjmax_genbin5_recobin6 acc 0.0808 eff 0.0817 outinratio 0.0147 

ZH126_2e2mu_TBjmax_genbin5_recobin6 acc 0.0944 eff 0.0725 outinratio 0.0385 

ttH126_2e2mu_TBjmax_genbin5_recobin6 acc 0.0777 eff 0.0968 outinratio 0.0434 

ggH126_2e2mu_TBjmax_genbin6_recobin6 acc 0.0298 eff 0.482 outinratio 0.0058 

VBFH126_2e2mu_TBjmax_genbin6_recobin6 acc 0.0618 eff 0.4433 outinratio 0.0 

WminusH126_2e2mu_TBjmax_genbin6_recobin6 acc 0.1291 eff 0.4389 outinratio 0.012 

WplusH126_2e2mu_TBjmax_genbin6_recobin6 acc 0.1204 eff 0.4424 outinratio 0.0147 

ZH126_2e2mu_TBjmax_genbin6_recobin6 acc 0.1364 eff 0.4512 outinratio 0.0385 

ttH126_2e2mu_TBjmax_genbin6_recobin6 acc 0.3809 eff 0.3668 outinratio 0.0434 

Coeff fullNNLOPS
