Welcome in RunCoefficients!
OPT SPLIT
DEBUG opt.YEAR = 2022EE_4
It is a single-differential measurement, binning [-100.0, 0.0, 1.1, 2.9, 4.4, 10.0]
absdetajj
Following observables extracted from dictionary: RECO =  absdetajj  GEN =  GENabsdetajj
LUMI: 4.4454666666666665
ttH126 0.0001677859
Processing ggH126 2022EE_4
Signal created
Signal failed created
Processing VBFH126 2022EE_4
Signal created
Signal failed created
Processing WminusH126 2022EE_4
Signal created
Signal failed created
Processing WplusH126 2022EE_4
Signal created
Signal failed created
Processing ZH126 2022EE_4
Signal created
Signal failed created
Processing ttH126 2022EE_4
Signal created
Signal failed created
2022EE_4 SKIMMED df CREATED
2022EE_4 ggH126
2022EE_4 VBFH126
2022EE_4 WminusH126
2022EE_4 WplusH126
2022EE_4 ZH126
2022EE_4 ttH126
Dataframes created successfully
Coeff std
ggH126_4l_absdetajj_genbin0_recobin0 acc 0.4023 eff 0.4775 outinratio 0.0068 

VBFH126_4l_absdetajj_genbin0_recobin0 acc 0.2862 eff 0.4538 outinratio 0.0053 

WminusH126_4l_absdetajj_genbin0_recobin0 acc 0.2365 eff 0.3984 outinratio 0.0235 

WplusH126_4l_absdetajj_genbin0_recobin0 acc 0.2083 eff 0.4002 outinratio 0.023 

ZH126_4l_absdetajj_genbin0_recobin0 acc 0.2115 eff 0.4059 outinratio 0.0668 

ttH126_4l_absdetajj_genbin0_recobin0 acc 0.0156 eff 0.1812 outinratio 0.152 

ggH126_4l_absdetajj_genbin1_recobin0 acc 0.0178 eff 0.0975 outinratio 0.0068 

VBFH126_4l_absdetajj_genbin1_recobin0 acc 0.0196 eff 0.0764 outinratio 0.0053 

WminusH126_4l_absdetajj_genbin1_recobin0 acc 0.1158 eff 0.0533 outinratio 0.0235 

WplusH126_4l_absdetajj_genbin1_recobin0 acc 0.106 eff 0.0486 outinratio 0.023 

ZH126_4l_absdetajj_genbin1_recobin0 acc 0.1195 eff 0.0655 outinratio 0.0668 

ttH126_4l_absdetajj_genbin1_recobin0 acc 0.2929 eff 0.0044 outinratio 0.152 

ggH126_4l_absdetajj_genbin2_recobin0 acc 0.0178 eff 0.0914 outinratio 0.0068 

VBFH126_4l_absdetajj_genbin2_recobin0 acc 0.0373 eff 0.0647 outinratio 0.0053 

WminusH126_4l_absdetajj_genbin2_recobin0 acc 0.0486 eff 0.0638 outinratio 0.0235 

WplusH126_4l_absdetajj_genbin2_recobin0 acc 0.0459 eff 0.0576 outinratio 0.023 

ZH126_4l_absdetajj_genbin2_recobin0 acc 0.0545 eff 0.0823 outinratio 0.0668 

ttH126_4l_absdetajj_genbin2_recobin0 acc 0.1614 eff 0.0051 outinratio 0.152 

ggH126_4l_absdetajj_genbin3_recobin0 acc 0.0065 eff 0.101 outinratio 0.0068 

VBFH126_4l_absdetajj_genbin3_recobin0 acc 0.0641 eff 0.0859 outinratio 0.0053 

WminusH126_4l_absdetajj_genbin3_recobin0 acc 0.0064 eff 0.0564 outinratio 0.0235 

WplusH126_4l_absdetajj_genbin3_recobin0 acc 0.0065 eff 0.0654 outinratio 0.023 

ZH126_4l_absdetajj_genbin3_recobin0 acc 0.0075 eff 0.0515 outinratio 0.0668 

ttH126_4l_absdetajj_genbin3_recobin0 acc 0.0234 eff 0.0148 outinratio 0.152 

ggH126_4l_absdetajj_genbin4_recobin0 acc 0.0019 eff 0.1038 outinratio 0.0068 

VBFH126_4l_absdetajj_genbin4_recobin0 acc 0.0739 eff 0.0982 outinratio 0.0053 

WminusH126_4l_absdetajj_genbin4_recobin0 acc 0.001 eff 0.0556 outinratio 0.0235 

WplusH126_4l_absdetajj_genbin4_recobin0 acc 0.0008 eff 0.0467 outinratio 0.023 

ZH126_4l_absdetajj_genbin4_recobin0 acc 0.0008 eff 0.0464 outinratio 0.0668 

ttH126_4l_absdetajj_genbin4_recobin0 acc 0.0038 eff 0.0 outinratio 0.152 

ggH126_4l_absdetajj_genbin0_recobin1 acc 0.4023 eff 0.0064 outinratio 0.0067 

VBFH126_4l_absdetajj_genbin0_recobin1 acc 0.2862 eff 0.0091 outinratio 0.0027 

WminusH126_4l_absdetajj_genbin0_recobin1 acc 0.2365 eff 0.0338 outinratio 0.0111 

WplusH126_4l_absdetajj_genbin0_recobin1 acc 0.2083 eff 0.0352 outinratio 0.01 

ZH126_4l_absdetajj_genbin0_recobin1 acc 0.2115 eff 0.03 outinratio 0.0332 

ttH126_4l_absdetajj_genbin0_recobin1 acc 0.0156 eff 0.1056 outinratio 0.038 

ggH126_4l_absdetajj_genbin1_recobin1 acc 0.0178 eff 0.3986 outinratio 0.0067 

VBFH126_4l_absdetajj_genbin1_recobin1 acc 0.0196 eff 0.3892 outinratio 0.0027 

WminusH126_4l_absdetajj_genbin1_recobin1 acc 0.1158 eff 0.4168 outinratio 0.0111 

WplusH126_4l_absdetajj_genbin1_recobin1 acc 0.106 eff 0.4346 outinratio 0.01 

ZH126_4l_absdetajj_genbin1_recobin1 acc 0.1195 eff 0.4112 outinratio 0.0332 

ttH126_4l_absdetajj_genbin1_recobin1 acc 0.2929 eff 0.3456 outinratio 0.038 

ggH126_4l_absdetajj_genbin2_recobin1 acc 0.0178 eff 0.0287 outinratio 0.0067 

VBFH126_4l_absdetajj_genbin2_recobin1 acc 0.0373 eff 0.0097 outinratio 0.0027 

WminusH126_4l_absdetajj_genbin2_recobin1 acc 0.0486 eff 0.0409 outinratio 0.0111 

WplusH126_4l_absdetajj_genbin2_recobin1 acc 0.0459 eff 0.0469 outinratio 0.01 

ZH126_4l_absdetajj_genbin2_recobin1 acc 0.0545 eff 0.0369 outinratio 0.0332 

ttH126_4l_absdetajj_genbin2_recobin1 acc 0.1614 eff 0.0653 outinratio 0.038 

ggH126_4l_absdetajj_genbin3_recobin1 acc 0.0065 eff 0.0235 outinratio 0.0067 

VBFH126_4l_absdetajj_genbin3_recobin1 acc 0.0641 eff 0.0054 outinratio 0.0027 

WminusH126_4l_absdetajj_genbin3_recobin1 acc 0.0064 eff 0.0342 outinratio 0.0111 

WplusH126_4l_absdetajj_genbin3_recobin1 acc 0.0065 eff 0.0334 outinratio 0.01 

ZH126_4l_absdetajj_genbin3_recobin1 acc 0.0075 eff 0.0309 outinratio 0.0332 

ttH126_4l_absdetajj_genbin3_recobin1 acc 0.0234 eff 0.065 outinratio 0.038 

ggH126_4l_absdetajj_genbin4_recobin1 acc 0.0019 eff 0.0182 outinratio 0.0067 

VBFH126_4l_absdetajj_genbin4_recobin1 acc 0.0739 eff 0.0087 outinratio 0.0027 

WminusH126_4l_absdetajj_genbin4_recobin1 acc 0.001 eff 0.0054 outinratio 0.0111 

WplusH126_4l_absdetajj_genbin4_recobin1 acc 0.0008 eff 0.0778 outinratio 0.01 

ZH126_4l_absdetajj_genbin4_recobin1 acc 0.0008 eff 0.0691 outinratio 0.0332 

ttH126_4l_absdetajj_genbin4_recobin1 acc 0.0038 eff 0.0468 outinratio 0.038 

ggH126_4l_absdetajj_genbin0_recobin2 acc 0.4023 eff 0.0067 outinratio 0.0127 

VBFH126_4l_absdetajj_genbin0_recobin2 acc 0.2862 eff 0.0126 outinratio 0.0046 

WminusH126_4l_absdetajj_genbin0_recobin2 acc 0.2365 eff 0.0245 outinratio 0.0133 

WplusH126_4l_absdetajj_genbin0_recobin2 acc 0.2083 eff 0.024 outinratio 0.0106 

ZH126_4l_absdetajj_genbin0_recobin2 acc 0.2115 eff 0.024 outinratio 0.0477 

ttH126_4l_absdetajj_genbin0_recobin2 acc 0.0156 eff 0.052 outinratio 0.0489 

ggH126_4l_absdetajj_genbin1_recobin2 acc 0.0178 eff 0.0217 outinratio 0.0127 

VBFH126_4l_absdetajj_genbin1_recobin2 acc 0.0196 eff 0.0228 outinratio 0.0046 

WminusH126_4l_absdetajj_genbin1_recobin2 acc 0.1158 eff 0.0201 outinratio 0.0133 

WplusH126_4l_absdetajj_genbin1_recobin2 acc 0.106 eff 0.0186 outinratio 0.0106 

ZH126_4l_absdetajj_genbin1_recobin2 acc 0.1195 eff 0.023 outinratio 0.0477 

ttH126_4l_absdetajj_genbin1_recobin2 acc 0.2929 eff 0.0362 outinratio 0.0489 

ggH126_4l_absdetajj_genbin2_recobin2 acc 0.0178 eff 0.3921 outinratio 0.0127 

VBFH126_4l_absdetajj_genbin2_recobin2 acc 0.0373 eff 0.441 outinratio 0.0046 

WminusH126_4l_absdetajj_genbin2_recobin2 acc 0.0486 eff 0.3687 outinratio 0.0133 

WplusH126_4l_absdetajj_genbin2_recobin2 acc 0.0459 eff 0.3561 outinratio 0.0106 

ZH126_4l_absdetajj_genbin2_recobin2 acc 0.0545 eff 0.3434 outinratio 0.0477 

ttH126_4l_absdetajj_genbin2_recobin2 acc 0.1614 eff 0.3073 outinratio 0.0489 

ggH126_4l_absdetajj_genbin3_recobin2 acc 0.0065 eff 0.0238 outinratio 0.0127 

VBFH126_4l_absdetajj_genbin3_recobin2 acc 0.0641 eff 0.0097 outinratio 0.0046 

WminusH126_4l_absdetajj_genbin3_recobin2 acc 0.0064 eff 0.0538 outinratio 0.0133 

WplusH126_4l_absdetajj_genbin3_recobin2 acc 0.0065 eff 0.0457 outinratio 0.0106 

ZH126_4l_absdetajj_genbin3_recobin2 acc 0.0075 eff 0.0497 outinratio 0.0477 

ttH126_4l_absdetajj_genbin3_recobin2 acc 0.0234 eff 0.0687 outinratio 0.0489 

ggH126_4l_absdetajj_genbin4_recobin2 acc 0.0019 eff 0.0137 outinratio 0.0127 

VBFH126_4l_absdetajj_genbin4_recobin2 acc 0.0739 eff 0.0042 outinratio 0.0046 

WminusH126_4l_absdetajj_genbin4_recobin2 acc 0.001 eff 0.0314 outinratio 0.0133 

WplusH126_4l_absdetajj_genbin4_recobin2 acc 0.0008 eff 0.0459 outinratio 0.0106 

ZH126_4l_absdetajj_genbin4_recobin2 acc 0.0008 eff 0.0083 outinratio 0.0477 

ttH126_4l_absdetajj_genbin4_recobin2 acc 0.0038 eff -0.0155 outinratio 0.0489 

ggH126_4l_absdetajj_genbin0_recobin3 acc 0.4023 eff 0.0031 outinratio 0.0032 

VBFH126_4l_absdetajj_genbin0_recobin3 acc 0.2862 eff 0.0186 outinratio 0.0036 

WminusH126_4l_absdetajj_genbin0_recobin3 acc 0.2365 eff 0.0042 outinratio 0.0217 

WplusH126_4l_absdetajj_genbin0_recobin3 acc 0.2083 eff 0.0042 outinratio 0.0265 

ZH126_4l_absdetajj_genbin0_recobin3 acc 0.2115 eff 0.0031 outinratio 0.0511 

ttH126_4l_absdetajj_genbin0_recobin3 acc 0.0156 eff 0.0093 outinratio 0.0296 

ggH126_4l_absdetajj_genbin1_recobin3 acc 0.0178 eff 0.0057 outinratio 0.0032 

VBFH126_4l_absdetajj_genbin1_recobin3 acc 0.0196 eff 0.0243 outinratio 0.0036 

WminusH126_4l_absdetajj_genbin1_recobin3 acc 0.1158 eff 0.0042 outinratio 0.0217 

WplusH126_4l_absdetajj_genbin1_recobin3 acc 0.106 eff 0.0024 outinratio 0.0265 

ZH126_4l_absdetajj_genbin1_recobin3 acc 0.1195 eff 0.0044 outinratio 0.0511 

ttH126_4l_absdetajj_genbin1_recobin3 acc 0.2929 eff 0.0027 outinratio 0.0296 

ggH126_4l_absdetajj_genbin2_recobin3 acc 0.0178 eff 0.0099 outinratio 0.0032 

VBFH126_4l_absdetajj_genbin2_recobin3 acc 0.0373 eff 0.0105 outinratio 0.0036 

WminusH126_4l_absdetajj_genbin2_recobin3 acc 0.0486 eff 0.008 outinratio 0.0217 

WplusH126_4l_absdetajj_genbin2_recobin3 acc 0.0459 eff 0.0032 outinratio 0.0265 

ZH126_4l_absdetajj_genbin2_recobin3 acc 0.0545 eff 0.0081 outinratio 0.0511 

ttH126_4l_absdetajj_genbin2_recobin3 acc 0.1614 eff 0.0099 outinratio 0.0296 

ggH126_4l_absdetajj_genbin3_recobin3 acc 0.0065 eff 0.3835 outinratio 0.0032 

VBFH126_4l_absdetajj_genbin3_recobin3 acc 0.0641 eff 0.4411 outinratio 0.0036 

WminusH126_4l_absdetajj_genbin3_recobin3 acc 0.0064 eff 0.3322 outinratio 0.0217 

WplusH126_4l_absdetajj_genbin3_recobin3 acc 0.0065 eff 0.2878 outinratio 0.0265 

ZH126_4l_absdetajj_genbin3_recobin3 acc 0.0075 eff 0.3131 outinratio 0.0511 

ttH126_4l_absdetajj_genbin3_recobin3 acc 0.0234 eff 0.2642 outinratio 0.0296 

ggH126_4l_absdetajj_genbin4_recobin3 acc 0.0019 eff 0.0278 outinratio 0.0032 

VBFH126_4l_absdetajj_genbin4_recobin3 acc 0.0739 eff 0.0084 outinratio 0.0036 

WminusH126_4l_absdetajj_genbin4_recobin3 acc 0.001 eff 0.042 outinratio 0.0217 

WplusH126_4l_absdetajj_genbin4_recobin3 acc 0.0008 eff 0.1257 outinratio 0.0265 

ZH126_4l_absdetajj_genbin4_recobin3 acc 0.0008 eff 0.024 outinratio 0.0511 

ttH126_4l_absdetajj_genbin4_recobin3 acc 0.0038 eff 0.0345 outinratio 0.0296 

ggH126_4l_absdetajj_genbin0_recobin4 acc 0.4023 eff 0.0012 outinratio 0.0 

VBFH126_4l_absdetajj_genbin0_recobin4 acc 0.2862 eff 0.029 outinratio 0.0117 

WminusH126_4l_absdetajj_genbin0_recobin4 acc 0.2365 eff 0.0006 outinratio 0.0 

WplusH126_4l_absdetajj_genbin0_recobin4 acc 0.2083 eff 0.0009 outinratio 0.0 

ZH126_4l_absdetajj_genbin0_recobin4 acc 0.2115 eff 0.0012 outinratio 0.0495 

ttH126_4l_absdetajj_genbin0_recobin4 acc 0.0156 eff 0.0 outinratio 0.0 

ggH126_4l_absdetajj_genbin1_recobin4 acc 0.0178 eff 0.0013 outinratio 0.0 

VBFH126_4l_absdetajj_genbin1_recobin4 acc 0.0196 eff 0.0141 outinratio 0.0117 

WminusH126_4l_absdetajj_genbin1_recobin4 acc 0.1158 eff 0.0012 outinratio 0.0 

WplusH126_4l_absdetajj_genbin1_recobin4 acc 0.106 eff 0.0002 outinratio 0.0 

ZH126_4l_absdetajj_genbin1_recobin4 acc 0.1195 eff 0.0007 outinratio 0.0495 

ttH126_4l_absdetajj_genbin1_recobin4 acc 0.2929 eff 0.001 outinratio 0.0 

ggH126_4l_absdetajj_genbin2_recobin4 acc 0.0178 eff 0.0016 outinratio 0.0 

VBFH126_4l_absdetajj_genbin2_recobin4 acc 0.0373 eff 0.0029 outinratio 0.0117 

WminusH126_4l_absdetajj_genbin2_recobin4 acc 0.0486 eff 0.0021 outinratio 0.0 

WplusH126_4l_absdetajj_genbin2_recobin4 acc 0.0459 eff 0.003 outinratio 0.0 

ZH126_4l_absdetajj_genbin2_recobin4 acc 0.0545 eff 0.0023 outinratio 0.0495 

ttH126_4l_absdetajj_genbin2_recobin4 acc 0.1614 eff 0.0008 outinratio 0.0 

ggH126_4l_absdetajj_genbin3_recobin4 acc 0.0065 eff 0.0071 outinratio 0.0 

VBFH126_4l_absdetajj_genbin3_recobin4 acc 0.0641 eff 0.0064 outinratio 0.0117 

WminusH126_4l_absdetajj_genbin3_recobin4 acc 0.0064 eff 0.0034 outinratio 0.0 

WplusH126_4l_absdetajj_genbin3_recobin4 acc 0.0065 eff 0.0023 outinratio 0.0 

ZH126_4l_absdetajj_genbin3_recobin4 acc 0.0075 eff 0.0067 outinratio 0.0495 

ttH126_4l_absdetajj_genbin3_recobin4 acc 0.0234 eff 0.0 outinratio 0.0 

ggH126_4l_absdetajj_genbin4_recobin4 acc 0.0019 eff 0.368 outinratio 0.0 

VBFH126_4l_absdetajj_genbin4_recobin4 acc 0.0739 eff 0.4609 outinratio 0.0117 

WminusH126_4l_absdetajj_genbin4_recobin4 acc 0.001 eff 0.2888 outinratio 0.0 

WplusH126_4l_absdetajj_genbin4_recobin4 acc 0.0008 eff 0.162 outinratio 0.0 

ZH126_4l_absdetajj_genbin4_recobin4 acc 0.0008 eff 0.2313 outinratio 0.0495 

ttH126_4l_absdetajj_genbin4_recobin4 acc 0.0038 eff 0.2842 outinratio 0.0 

ggH126_4e_absdetajj_genbin0_recobin0 acc 0.3822 eff 0.3133 outinratio 0.0086 

VBFH126_4e_absdetajj_genbin0_recobin0 acc 0.2748 eff 0.3237 outinratio 0.0062 

WminusH126_4e_absdetajj_genbin0_recobin0 acc 0.2274 eff 0.2642 outinratio 0.0356 

WplusH126_4e_absdetajj_genbin0_recobin0 acc 0.2007 eff 0.2781 outinratio 0.0158 

ZH126_4e_absdetajj_genbin0_recobin0 acc 0.2061 eff 0.2756 outinratio 0.0731 

ttH126_4e_absdetajj_genbin0_recobin0 acc 0.0147 eff 0.1198 outinratio 0.0327 

ggH126_4e_absdetajj_genbin1_recobin0 acc 0.018 eff 0.0682 outinratio 0.0086 

VBFH126_4e_absdetajj_genbin1_recobin0 acc 0.0161 eff 0.0438 outinratio 0.0062 

WminusH126_4e_absdetajj_genbin1_recobin0 acc 0.1105 eff 0.0324 outinratio 0.0356 

WplusH126_4e_absdetajj_genbin1_recobin0 acc 0.099 eff 0.0254 outinratio 0.0158 

ZH126_4e_absdetajj_genbin1_recobin0 acc 0.1141 eff 0.0408 outinratio 0.0731 

ttH126_4e_absdetajj_genbin1_recobin0 acc 0.2909 eff 0.0024 outinratio 0.0327 

ggH126_4e_absdetajj_genbin2_recobin0 acc 0.0174 eff 0.0724 outinratio 0.0086 

VBFH126_4e_absdetajj_genbin2_recobin0 acc 0.0358 eff 0.059 outinratio 0.0062 

WminusH126_4e_absdetajj_genbin2_recobin0 acc 0.0463 eff 0.0353 outinratio 0.0356 

WplusH126_4e_absdetajj_genbin2_recobin0 acc 0.0462 eff 0.0452 outinratio 0.0158 

ZH126_4e_absdetajj_genbin2_recobin0 acc 0.0525 eff 0.0538 outinratio 0.0731 

ttH126_4e_absdetajj_genbin2_recobin0 acc 0.1549 eff 0.003 outinratio 0.0327 

ggH126_4e_absdetajj_genbin3_recobin0 acc 0.0062 eff 0.0824 outinratio 0.0086 

VBFH126_4e_absdetajj_genbin3_recobin0 acc 0.0625 eff 0.0685 outinratio 0.0062 

WminusH126_4e_absdetajj_genbin3_recobin0 acc 0.0067 eff 0.0338 outinratio 0.0356 

WplusH126_4e_absdetajj_genbin3_recobin0 acc 0.0054 eff 0.0291 outinratio 0.0158 

ZH126_4e_absdetajj_genbin3_recobin0 acc 0.0064 eff 0.0323 outinratio 0.0731 

ttH126_4e_absdetajj_genbin3_recobin0 acc 0.0194 eff 0.0 outinratio 0.0327 

ggH126_4e_absdetajj_genbin4_recobin0 acc 0.0019 eff 0.0485 outinratio 0.0086 

VBFH126_4e_absdetajj_genbin4_recobin0 acc 0.0715 eff 0.0682 outinratio 0.0062 

WminusH126_4e_absdetajj_genbin4_recobin0 acc 0.001 eff 0.1079 outinratio 0.0356 

WplusH126_4e_absdetajj_genbin4_recobin0 acc 0.001 eff 0.0 outinratio 0.0158 

ZH126_4e_absdetajj_genbin4_recobin0 acc 0.0006 eff 0.0964 outinratio 0.0731 

ttH126_4e_absdetajj_genbin4_recobin0 acc 0.0044 eff 0.0 outinratio 0.0327 

ggH126_4e_absdetajj_genbin0_recobin1 acc 0.3822 eff 0.0033 outinratio 0.0009 

VBFH126_4e_absdetajj_genbin0_recobin1 acc 0.2748 eff 0.0073 outinratio 0.0134 

WminusH126_4e_absdetajj_genbin0_recobin1 acc 0.2274 eff 0.0217 outinratio 0.0143 

WplusH126_4e_absdetajj_genbin0_recobin1 acc 0.2007 eff 0.0176 outinratio 0.009 

ZH126_4e_absdetajj_genbin0_recobin1 acc 0.2061 eff 0.0256 outinratio 0.0428 

ttH126_4e_absdetajj_genbin0_recobin1 acc 0.0147 eff 0.0295 outinratio 0.0548 

ggH126_4e_absdetajj_genbin1_recobin1 acc 0.018 eff 0.2731 outinratio 0.0009 

VBFH126_4e_absdetajj_genbin1_recobin1 acc 0.0161 eff 0.3593 outinratio 0.0134 

WminusH126_4e_absdetajj_genbin1_recobin1 acc 0.1105 eff 0.2877 outinratio 0.0143 

WplusH126_4e_absdetajj_genbin1_recobin1 acc 0.099 eff 0.3208 outinratio 0.009 

ZH126_4e_absdetajj_genbin1_recobin1 acc 0.1141 eff 0.2932 outinratio 0.0428 

ttH126_4e_absdetajj_genbin1_recobin1 acc 0.2909 eff 0.2723 outinratio 0.0548 

ggH126_4e_absdetajj_genbin2_recobin1 acc 0.0174 eff 0.012 outinratio 0.0009 

VBFH126_4e_absdetajj_genbin2_recobin1 acc 0.0358 eff 0.0047 outinratio 0.0134 

WminusH126_4e_absdetajj_genbin2_recobin1 acc 0.0463 eff 0.0277 outinratio 0.0143 

WplusH126_4e_absdetajj_genbin2_recobin1 acc 0.0462 eff 0.0353 outinratio 0.009 

ZH126_4e_absdetajj_genbin2_recobin1 acc 0.0525 eff 0.0256 outinratio 0.0428 

ttH126_4e_absdetajj_genbin2_recobin1 acc 0.1549 eff 0.0465 outinratio 0.0548 

ggH126_4e_absdetajj_genbin3_recobin1 acc 0.0062 eff 0.0187 outinratio 0.0009 

VBFH126_4e_absdetajj_genbin3_recobin1 acc 0.0625 eff 0.0053 outinratio 0.0134 

WminusH126_4e_absdetajj_genbin3_recobin1 acc 0.0067 eff 0.0195 outinratio 0.0143 

WplusH126_4e_absdetajj_genbin3_recobin1 acc 0.0054 eff 0.0098 outinratio 0.009 

ZH126_4e_absdetajj_genbin3_recobin1 acc 0.0064 eff 0.026 outinratio 0.0428 

ttH126_4e_absdetajj_genbin3_recobin1 acc 0.0194 eff 0.0855 outinratio 0.0548 

ggH126_4e_absdetajj_genbin4_recobin1 acc 0.0019 eff 0.0092 outinratio 0.0009 

VBFH126_4e_absdetajj_genbin4_recobin1 acc 0.0715 eff 0.0084 outinratio 0.0134 

WminusH126_4e_absdetajj_genbin4_recobin1 acc 0.001 eff 0.0 outinratio 0.0143 

WplusH126_4e_absdetajj_genbin4_recobin1 acc 0.001 eff 0.1063 outinratio 0.009 

ZH126_4e_absdetajj_genbin4_recobin1 acc 0.0006 eff 0.0 outinratio 0.0428 

ttH126_4e_absdetajj_genbin4_recobin1 acc 0.0044 eff 0.0 outinratio 0.0548 

ggH126_4e_absdetajj_genbin0_recobin2 acc 0.3822 eff 0.0043 outinratio 0.0261 

VBFH126_4e_absdetajj_genbin0_recobin2 acc 0.2748 eff 0.0107 outinratio 0.0178 

WminusH126_4e_absdetajj_genbin0_recobin2 acc 0.2274 eff 0.0158 outinratio 0.0176 

WplusH126_4e_absdetajj_genbin0_recobin2 acc 0.2007 eff 0.0141 outinratio 0.0166 

ZH126_4e_absdetajj_genbin0_recobin2 acc 0.2061 eff 0.0158 outinratio 0.0546 

ttH126_4e_absdetajj_genbin0_recobin2 acc 0.0147 eff 0.0345 outinratio 0.0354 

ggH126_4e_absdetajj_genbin1_recobin2 acc 0.018 eff 0.0161 outinratio 0.0261 

VBFH126_4e_absdetajj_genbin1_recobin2 acc 0.0161 eff 0.0303 outinratio 0.0178 

WminusH126_4e_absdetajj_genbin1_recobin2 acc 0.1105 eff 0.0134 outinratio 0.0176 

WplusH126_4e_absdetajj_genbin1_recobin2 acc 0.099 eff 0.0116 outinratio 0.0166 

ZH126_4e_absdetajj_genbin1_recobin2 acc 0.1141 eff 0.0167 outinratio 0.0546 

ttH126_4e_absdetajj_genbin1_recobin2 acc 0.2909 eff 0.0289 outinratio 0.0354 

ggH126_4e_absdetajj_genbin2_recobin2 acc 0.0174 eff 0.2782 outinratio 0.0261 

VBFH126_4e_absdetajj_genbin2_recobin2 acc 0.0358 eff 0.2808 outinratio 0.0178 

WminusH126_4e_absdetajj_genbin2_recobin2 acc 0.0463 eff 0.2592 outinratio 0.0176 

WplusH126_4e_absdetajj_genbin2_recobin2 acc 0.0462 eff 0.2564 outinratio 0.0166 

ZH126_4e_absdetajj_genbin2_recobin2 acc 0.0525 eff 0.2533 outinratio 0.0546 

ttH126_4e_absdetajj_genbin2_recobin2 acc 0.1549 eff 0.2662 outinratio 0.0354 

ggH126_4e_absdetajj_genbin3_recobin2 acc 0.0062 eff 0.0216 outinratio 0.0261 

VBFH126_4e_absdetajj_genbin3_recobin2 acc 0.0625 eff 0.0093 outinratio 0.0178 

WminusH126_4e_absdetajj_genbin3_recobin2 acc 0.0067 eff 0.014 outinratio 0.0176 

WplusH126_4e_absdetajj_genbin3_recobin2 acc 0.0054 eff 0.0506 outinratio 0.0166 

ZH126_4e_absdetajj_genbin3_recobin2 acc 0.0064 eff 0.0102 outinratio 0.0546 

ttH126_4e_absdetajj_genbin3_recobin2 acc 0.0194 eff 0.0205 outinratio 0.0354 

ggH126_4e_absdetajj_genbin4_recobin2 acc 0.0019 eff 0.0172 outinratio 0.0261 

VBFH126_4e_absdetajj_genbin4_recobin2 acc 0.0715 eff 0.0 outinratio 0.0178 

WminusH126_4e_absdetajj_genbin4_recobin2 acc 0.001 eff 0.0215 outinratio 0.0176 

WplusH126_4e_absdetajj_genbin4_recobin2 acc 0.001 eff 0.0 outinratio 0.0166 

ZH126_4e_absdetajj_genbin4_recobin2 acc 0.0006 eff 0.0 outinratio 0.0546 

ttH126_4e_absdetajj_genbin4_recobin2 acc 0.0044 eff 0.0 outinratio 0.0354 

ggH126_4e_absdetajj_genbin0_recobin3 acc 0.3822 eff 0.0022 outinratio 0.011 

VBFH126_4e_absdetajj_genbin0_recobin3 acc 0.2748 eff 0.01 outinratio 0.0061 

WminusH126_4e_absdetajj_genbin0_recobin3 acc 0.2274 eff 0.0018 outinratio 0.0121 

WplusH126_4e_absdetajj_genbin0_recobin3 acc 0.2007 eff 0.0036 outinratio 0.0461 

ZH126_4e_absdetajj_genbin0_recobin3 acc 0.2061 eff 0.0026 outinratio 0.0305 

ttH126_4e_absdetajj_genbin0_recobin3 acc 0.0147 eff 0.0108 outinratio -0.0211 

ggH126_4e_absdetajj_genbin1_recobin3 acc 0.018 eff 0.0048 outinratio 0.011 

VBFH126_4e_absdetajj_genbin1_recobin3 acc 0.0161 eff 0.018 outinratio 0.0061 

WminusH126_4e_absdetajj_genbin1_recobin3 acc 0.1105 eff 0.0022 outinratio 0.0121 

WplusH126_4e_absdetajj_genbin1_recobin3 acc 0.099 eff 0.0023 outinratio 0.0461 

ZH126_4e_absdetajj_genbin1_recobin3 acc 0.1141 eff 0.0037 outinratio 0.0305 

ttH126_4e_absdetajj_genbin1_recobin3 acc 0.2909 eff 0.003 outinratio -0.0211 

ggH126_4e_absdetajj_genbin2_recobin3 acc 0.0174 eff 0.0067 outinratio 0.011 

VBFH126_4e_absdetajj_genbin2_recobin3 acc 0.0358 eff 0.0059 outinratio 0.0061 

WminusH126_4e_absdetajj_genbin2_recobin3 acc 0.0463 eff 0.0061 outinratio 0.0121 

WplusH126_4e_absdetajj_genbin2_recobin3 acc 0.0462 eff 0.0033 outinratio 0.0461 

ZH126_4e_absdetajj_genbin2_recobin3 acc 0.0525 eff 0.0054 outinratio 0.0305 

ttH126_4e_absdetajj_genbin2_recobin3 acc 0.1549 eff 0.0103 outinratio -0.0211 

ggH126_4e_absdetajj_genbin3_recobin3 acc 0.0062 eff 0.3056 outinratio 0.011 

VBFH126_4e_absdetajj_genbin3_recobin3 acc 0.0625 eff 0.2972 outinratio 0.0061 

WminusH126_4e_absdetajj_genbin3_recobin3 acc 0.0067 eff 0.2601 outinratio 0.0121 

WplusH126_4e_absdetajj_genbin3_recobin3 acc 0.0054 eff 0.3348 outinratio 0.0461 

ZH126_4e_absdetajj_genbin3_recobin3 acc 0.0064 eff 0.2373 outinratio 0.0305 

ttH126_4e_absdetajj_genbin3_recobin3 acc 0.0194 eff 0.2524 outinratio -0.0211 

ggH126_4e_absdetajj_genbin4_recobin3 acc 0.0019 eff 0.004 outinratio 0.011 

VBFH126_4e_absdetajj_genbin4_recobin3 acc 0.0715 eff 0.0039 outinratio 0.0061 

WminusH126_4e_absdetajj_genbin4_recobin3 acc 0.001 eff 0.0393 outinratio 0.0121 

WplusH126_4e_absdetajj_genbin4_recobin3 acc 0.001 eff 0.0414 outinratio 0.0461 

ZH126_4e_absdetajj_genbin4_recobin3 acc 0.0006 eff 0.0 outinratio 0.0305 

ttH126_4e_absdetajj_genbin4_recobin3 acc 0.0044 eff 0.0338 outinratio -0.0211 

ggH126_4e_absdetajj_genbin0_recobin4 acc 0.3822 eff 0.0011 outinratio 0.0 

VBFH126_4e_absdetajj_genbin0_recobin4 acc 0.2748 eff 0.0186 outinratio 0.0122 

WminusH126_4e_absdetajj_genbin0_recobin4 acc 0.2274 eff 0.0004 outinratio 0.0 

WplusH126_4e_absdetajj_genbin0_recobin4 acc 0.2007 eff 0.0006 outinratio 0.0 

ZH126_4e_absdetajj_genbin0_recobin4 acc 0.2061 eff 0.0002 outinratio 0.0 

ttH126_4e_absdetajj_genbin0_recobin4 acc 0.0147 eff 0.0 outinratio 0.0 

ggH126_4e_absdetajj_genbin1_recobin4 acc 0.018 eff 0.0 outinratio 0.0 

VBFH126_4e_absdetajj_genbin1_recobin4 acc 0.0161 eff 0.0 outinratio 0.0122 

WminusH126_4e_absdetajj_genbin1_recobin4 acc 0.1105 eff 0.0002 outinratio 0.0 

WplusH126_4e_absdetajj_genbin1_recobin4 acc 0.099 eff 0.0 outinratio 0.0 

ZH126_4e_absdetajj_genbin1_recobin4 acc 0.1141 eff 0.0004 outinratio 0.0 

ttH126_4e_absdetajj_genbin1_recobin4 acc 0.2909 eff 0.0006 outinratio 0.0 

ggH126_4e_absdetajj_genbin2_recobin4 acc 0.0174 eff 0.0031 outinratio 0.0 

VBFH126_4e_absdetajj_genbin2_recobin4 acc 0.0358 eff 0.0 outinratio 0.0122 

WminusH126_4e_absdetajj_genbin2_recobin4 acc 0.0463 eff 0.001 outinratio 0.0 

WplusH126_4e_absdetajj_genbin2_recobin4 acc 0.0462 eff 0.0 outinratio 0.0 

ZH126_4e_absdetajj_genbin2_recobin4 acc 0.0525 eff 0.001 outinratio 0.0 

ttH126_4e_absdetajj_genbin2_recobin4 acc 0.1549 eff 0.0 outinratio 0.0 

ggH126_4e_absdetajj_genbin3_recobin4 acc 0.0062 eff 0.007 outinratio 0.0 

VBFH126_4e_absdetajj_genbin3_recobin4 acc 0.0625 eff 0.0095 outinratio 0.0122 

WminusH126_4e_absdetajj_genbin3_recobin4 acc 0.0067 eff 0.0 outinratio 0.0 

WplusH126_4e_absdetajj_genbin3_recobin4 acc 0.0054 eff 0.0106 outinratio 0.0 

ZH126_4e_absdetajj_genbin3_recobin4 acc 0.0064 eff 0.0 outinratio 0.0 

ttH126_4e_absdetajj_genbin3_recobin4 acc 0.0194 eff 0.0 outinratio 0.0 

ggH126_4e_absdetajj_genbin4_recobin4 acc 0.0019 eff 0.2861 outinratio 0.0 

VBFH126_4e_absdetajj_genbin4_recobin4 acc 0.0715 eff 0.3551 outinratio 0.0122 

WminusH126_4e_absdetajj_genbin4_recobin4 acc 0.001 eff 0.0723 outinratio 0.0 

WplusH126_4e_absdetajj_genbin4_recobin4 acc 0.001 eff 0.1061 outinratio 0.0 

ZH126_4e_absdetajj_genbin4_recobin4 acc 0.0006 eff 0.2596 outinratio 0.0 

ttH126_4e_absdetajj_genbin4_recobin4 acc 0.0044 eff 0.1833 outinratio 0.0 

ggH126_4mu_absdetajj_genbin0_recobin0 acc 0.431 eff 0.6587 outinratio 0.0056 

VBFH126_4mu_absdetajj_genbin0_recobin0 acc 0.3056 eff 0.6149 outinratio 0.0061 

WminusH126_4mu_absdetajj_genbin0_recobin0 acc 0.2516 eff 0.5453 outinratio 0.0139 

WplusH126_4mu_absdetajj_genbin0_recobin0 acc 0.2223 eff 0.5517 outinratio 0.0232 

ZH126_4mu_absdetajj_genbin0_recobin0 acc 0.2217 eff 0.5531 outinratio 0.0635 

ttH126_4mu_absdetajj_genbin0_recobin0 acc 0.0184 eff 0.2195 outinratio 0.1646 

ggH126_4mu_absdetajj_genbin1_recobin0 acc 0.0185 eff 0.1481 outinratio 0.0056 

VBFH126_4mu_absdetajj_genbin1_recobin0 acc 0.0231 eff 0.0844 outinratio 0.0061 

WminusH126_4mu_absdetajj_genbin1_recobin0 acc 0.1228 eff 0.0744 outinratio 0.0139 

WplusH126_4mu_absdetajj_genbin1_recobin0 acc 0.1109 eff 0.0636 outinratio 0.0232 

ZH126_4mu_absdetajj_genbin1_recobin0 acc 0.1253 eff 0.0947 outinratio 0.0635 

ttH126_4mu_absdetajj_genbin1_recobin0 acc 0.3063 eff 0.0079 outinratio 0.1646 

ggH126_4mu_absdetajj_genbin2_recobin0 acc 0.0191 eff 0.1158 outinratio 0.0056 

VBFH126_4mu_absdetajj_genbin2_recobin0 acc 0.0416 eff 0.0733 outinratio 0.0061 

WminusH126_4mu_absdetajj_genbin2_recobin0 acc 0.0521 eff 0.0983 outinratio 0.0139 

WplusH126_4mu_absdetajj_genbin2_recobin0 acc 0.0505 eff 0.0669 outinratio 0.0232 

ZH126_4mu_absdetajj_genbin2_recobin0 acc 0.0555 eff 0.1177 outinratio 0.0635 

ttH126_4mu_absdetajj_genbin2_recobin0 acc 0.1837 eff 0.0056 outinratio 0.1646 

ggH126_4mu_absdetajj_genbin3_recobin0 acc 0.007 eff 0.1362 outinratio 0.0056 

VBFH126_4mu_absdetajj_genbin3_recobin0 acc 0.0638 eff 0.1117 outinratio 0.0061 

WminusH126_4mu_absdetajj_genbin3_recobin0 acc 0.0067 eff 0.0957 outinratio 0.0139 

WplusH126_4mu_absdetajj_genbin3_recobin0 acc 0.0075 eff 0.0821 outinratio 0.0232 

ZH126_4mu_absdetajj_genbin3_recobin0 acc 0.0086 eff 0.0593 outinratio 0.0635 

ttH126_4mu_absdetajj_genbin3_recobin0 acc 0.0291 eff 0.0382 outinratio 0.1646 

ggH126_4mu_absdetajj_genbin4_recobin0 acc 0.0022 eff 0.1534 outinratio 0.0056 

VBFH126_4mu_absdetajj_genbin4_recobin0 acc 0.0778 eff 0.15 outinratio 0.0061 

WminusH126_4mu_absdetajj_genbin4_recobin0 acc 0.0011 eff 0.0838 outinratio 0.0139 

WplusH126_4mu_absdetajj_genbin4_recobin0 acc 0.0011 eff 0.0 outinratio 0.0232 

ZH126_4mu_absdetajj_genbin4_recobin0 acc 0.0007 eff 0.0 outinratio 0.0635 

ttH126_4mu_absdetajj_genbin4_recobin0 acc 0.0043 eff 0.0 outinratio 0.1646 

ggH126_4mu_absdetajj_genbin0_recobin1 acc 0.431 eff 0.0099 outinratio 0.0071 

VBFH126_4mu_absdetajj_genbin0_recobin1 acc 0.3056 eff 0.0107 outinratio 0.0 

WminusH126_4mu_absdetajj_genbin0_recobin1 acc 0.2516 eff 0.0452 outinratio 0.0048 

WplusH126_4mu_absdetajj_genbin0_recobin1 acc 0.2223 eff 0.051 outinratio 0.0121 

ZH126_4mu_absdetajj_genbin0_recobin1 acc 0.2217 eff 0.0395 outinratio 0.0339 

ttH126_4mu_absdetajj_genbin0_recobin1 acc 0.0184 eff 0.0783 outinratio 0.0298 

ggH126_4mu_absdetajj_genbin1_recobin1 acc 0.0185 eff 0.507 outinratio 0.0071 

VBFH126_4mu_absdetajj_genbin1_recobin1 acc 0.0231 eff 0.4999 outinratio 0.0 

WminusH126_4mu_absdetajj_genbin1_recobin1 acc 0.1228 eff 0.5449 outinratio 0.0048 

WplusH126_4mu_absdetajj_genbin1_recobin1 acc 0.1109 eff 0.5606 outinratio 0.0121 

ZH126_4mu_absdetajj_genbin1_recobin1 acc 0.1253 eff 0.5366 outinratio 0.0339 

ttH126_4mu_absdetajj_genbin1_recobin1 acc 0.3063 eff 0.453 outinratio 0.0298 

ggH126_4mu_absdetajj_genbin2_recobin1 acc 0.0191 eff 0.0501 outinratio 0.0071 

VBFH126_4mu_absdetajj_genbin2_recobin1 acc 0.0416 eff 0.0155 outinratio 0.0 

WminusH126_4mu_absdetajj_genbin2_recobin1 acc 0.0521 eff 0.0601 outinratio 0.0048 

WplusH126_4mu_absdetajj_genbin2_recobin1 acc 0.0505 eff 0.0643 outinratio 0.0121 

ZH126_4mu_absdetajj_genbin2_recobin1 acc 0.0555 eff 0.0418 outinratio 0.0339 

ttH126_4mu_absdetajj_genbin2_recobin1 acc 0.1837 eff 0.0756 outinratio 0.0298 

ggH126_4mu_absdetajj_genbin3_recobin1 acc 0.007 eff 0.0188 outinratio 0.0071 

VBFH126_4mu_absdetajj_genbin3_recobin1 acc 0.0638 eff 0.0077 outinratio 0.0 

WminusH126_4mu_absdetajj_genbin3_recobin1 acc 0.0067 eff 0.0577 outinratio 0.0048 

WplusH126_4mu_absdetajj_genbin3_recobin1 acc 0.0075 eff 0.0811 outinratio 0.0121 

ZH126_4mu_absdetajj_genbin3_recobin1 acc 0.0086 eff 0.0591 outinratio 0.0339 

ttH126_4mu_absdetajj_genbin3_recobin1 acc 0.0291 eff 0.0631 outinratio 0.0298 

ggH126_4mu_absdetajj_genbin4_recobin1 acc 0.0022 eff 0.0186 outinratio 0.0071 

VBFH126_4mu_absdetajj_genbin4_recobin1 acc 0.0778 eff 0.0031 outinratio 0.0 

WminusH126_4mu_absdetajj_genbin4_recobin1 acc 0.0011 eff 0.0115 outinratio 0.0048 

WplusH126_4mu_absdetajj_genbin4_recobin1 acc 0.0011 eff 0.1124 outinratio 0.0121 

ZH126_4mu_absdetajj_genbin4_recobin1 acc 0.0007 eff 0.1868 outinratio 0.0339 

ttH126_4mu_absdetajj_genbin4_recobin1 acc 0.0043 eff 0.0 outinratio 0.0298 

ggH126_4mu_absdetajj_genbin0_recobin2 acc 0.431 eff 0.0093 outinratio 0.0089 

VBFH126_4mu_absdetajj_genbin0_recobin2 acc 0.3056 eff 0.0159 outinratio 0.0008 

WminusH126_4mu_absdetajj_genbin0_recobin2 acc 0.2516 eff 0.0303 outinratio 0.0028 

WplusH126_4mu_absdetajj_genbin0_recobin2 acc 0.2223 eff 0.0349 outinratio 0.0047 

ZH126_4mu_absdetajj_genbin0_recobin2 acc 0.2217 eff 0.0332 outinratio 0.0492 

ttH126_4mu_absdetajj_genbin0_recobin2 acc 0.0184 eff 0.0582 outinratio 0.0391 

ggH126_4mu_absdetajj_genbin1_recobin2 acc 0.0185 eff 0.0274 outinratio 0.0089 

VBFH126_4mu_absdetajj_genbin1_recobin2 acc 0.0231 eff 0.0321 outinratio 0.0008 

WminusH126_4mu_absdetajj_genbin1_recobin2 acc 0.1228 eff 0.0244 outinratio 0.0028 

WplusH126_4mu_absdetajj_genbin1_recobin2 acc 0.1109 eff 0.0234 outinratio 0.0047 

ZH126_4mu_absdetajj_genbin1_recobin2 acc 0.1253 eff 0.0295 outinratio 0.0492 

ttH126_4mu_absdetajj_genbin1_recobin2 acc 0.3063 eff 0.0416 outinratio 0.0391 

ggH126_4mu_absdetajj_genbin2_recobin2 acc 0.0191 eff 0.4845 outinratio 0.0089 

VBFH126_4mu_absdetajj_genbin2_recobin2 acc 0.0416 eff 0.5978 outinratio 0.0008 

WminusH126_4mu_absdetajj_genbin2_recobin2 acc 0.0521 eff 0.4736 outinratio 0.0028 

WplusH126_4mu_absdetajj_genbin2_recobin2 acc 0.0505 eff 0.495 outinratio 0.0047 

ZH126_4mu_absdetajj_genbin2_recobin2 acc 0.0555 eff 0.4774 outinratio 0.0492 

ttH126_4mu_absdetajj_genbin2_recobin2 acc 0.1837 eff 0.3795 outinratio 0.0391 

ggH126_4mu_absdetajj_genbin3_recobin2 acc 0.007 eff 0.0391 outinratio 0.0089 

VBFH126_4mu_absdetajj_genbin3_recobin2 acc 0.0638 eff 0.0169 outinratio 0.0008 

WminusH126_4mu_absdetajj_genbin3_recobin2 acc 0.0067 eff 0.0957 outinratio 0.0028 

WplusH126_4mu_absdetajj_genbin3_recobin2 acc 0.0075 eff 0.0571 outinratio 0.0047 

ZH126_4mu_absdetajj_genbin3_recobin2 acc 0.0086 eff 0.0804 outinratio 0.0492 

ttH126_4mu_absdetajj_genbin3_recobin2 acc 0.0291 eff 0.0521 outinratio 0.0391 

ggH126_4mu_absdetajj_genbin4_recobin2 acc 0.0022 eff 0.0155 outinratio 0.0089 

VBFH126_4mu_absdetajj_genbin4_recobin2 acc 0.0778 eff 0.0066 outinratio 0.0008 

WminusH126_4mu_absdetajj_genbin4_recobin2 acc 0.0011 eff 0.0552 outinratio 0.0028 

WplusH126_4mu_absdetajj_genbin4_recobin2 acc 0.0011 eff 0.1246 outinratio 0.0047 

ZH126_4mu_absdetajj_genbin4_recobin2 acc 0.0007 eff 0.0338 outinratio 0.0492 

ttH126_4mu_absdetajj_genbin4_recobin2 acc 0.0043 eff 0.0 outinratio 0.0391 

ggH126_4mu_absdetajj_genbin0_recobin3 acc 0.431 eff 0.0042 outinratio 0.0 

VBFH126_4mu_absdetajj_genbin0_recobin3 acc 0.3056 eff 0.0321 outinratio 0.0024 

WminusH126_4mu_absdetajj_genbin0_recobin3 acc 0.2516 eff 0.006 outinratio 0.0292 

WplusH126_4mu_absdetajj_genbin0_recobin3 acc 0.2223 eff 0.0058 outinratio 0.0287 

ZH126_4mu_absdetajj_genbin0_recobin3 acc 0.2217 eff 0.0049 outinratio 0.0709 

ttH126_4mu_absdetajj_genbin0_recobin3 acc 0.0184 eff 0.0104 outinratio 0.0 

ggH126_4mu_absdetajj_genbin1_recobin3 acc 0.0185 eff 0.0114 outinratio 0.0 

VBFH126_4mu_absdetajj_genbin1_recobin3 acc 0.0231 eff 0.0288 outinratio 0.0024 

WminusH126_4mu_absdetajj_genbin1_recobin3 acc 0.1228 eff 0.0045 outinratio 0.0292 

WplusH126_4mu_absdetajj_genbin1_recobin3 acc 0.1109 eff 0.003 outinratio 0.0287 

ZH126_4mu_absdetajj_genbin1_recobin3 acc 0.1253 eff 0.0078 outinratio 0.0709 

ttH126_4mu_absdetajj_genbin1_recobin3 acc 0.3063 eff 0.0033 outinratio 0.0 

ggH126_4mu_absdetajj_genbin2_recobin3 acc 0.0191 eff 0.0205 outinratio 0.0 

VBFH126_4mu_absdetajj_genbin2_recobin3 acc 0.0416 eff 0.0229 outinratio 0.0024 

WminusH126_4mu_absdetajj_genbin2_recobin3 acc 0.0521 eff 0.0105 outinratio 0.0292 

WplusH126_4mu_absdetajj_genbin2_recobin3 acc 0.0505 eff 0.008 outinratio 0.0287 

ZH126_4mu_absdetajj_genbin2_recobin3 acc 0.0555 eff 0.0085 outinratio 0.0709 

ttH126_4mu_absdetajj_genbin2_recobin3 acc 0.1837 eff 0.0138 outinratio 0.0 

ggH126_4mu_absdetajj_genbin3_recobin3 acc 0.007 eff 0.4633 outinratio 0.0 

VBFH126_4mu_absdetajj_genbin3_recobin3 acc 0.0638 eff 0.609 outinratio 0.0024 

WminusH126_4mu_absdetajj_genbin3_recobin3 acc 0.0067 eff 0.3609 outinratio 0.0292 

WplusH126_4mu_absdetajj_genbin3_recobin3 acc 0.0075 eff 0.3235 outinratio 0.0287 

ZH126_4mu_absdetajj_genbin3_recobin3 acc 0.0086 eff 0.4259 outinratio 0.0709 

ttH126_4mu_absdetajj_genbin3_recobin3 acc 0.0291 eff 0.3121 outinratio 0.0 

ggH126_4mu_absdetajj_genbin4_recobin3 acc 0.0022 eff 0.0594 outinratio 0.0 

VBFH126_4mu_absdetajj_genbin4_recobin3 acc 0.0778 eff 0.0144 outinratio 0.0024 

WminusH126_4mu_absdetajj_genbin4_recobin3 acc 0.0011 eff 0.0611 outinratio 0.0292 

WplusH126_4mu_absdetajj_genbin4_recobin3 acc 0.0011 eff 0.3028 outinratio 0.0287 

ZH126_4mu_absdetajj_genbin4_recobin3 acc 0.0007 eff 0.0 outinratio 0.0709 

ttH126_4mu_absdetajj_genbin4_recobin3 acc 0.0043 eff 0.0819 outinratio 0.0 

ggH126_4mu_absdetajj_genbin0_recobin4 acc 0.431 eff 0.0016 outinratio 0.0 

VBFH126_4mu_absdetajj_genbin0_recobin4 acc 0.3056 eff 0.0386 outinratio 0.0178 

WminusH126_4mu_absdetajj_genbin0_recobin4 acc 0.2516 eff 0.0008 outinratio 0.0 

WplusH126_4mu_absdetajj_genbin0_recobin4 acc 0.2223 eff 0.0007 outinratio 0.0 

ZH126_4mu_absdetajj_genbin0_recobin4 acc 0.2217 eff 0.0012 outinratio 0.1082 

ttH126_4mu_absdetajj_genbin0_recobin4 acc 0.0184 eff 0.0 outinratio 0.0 

ggH126_4mu_absdetajj_genbin1_recobin4 acc 0.0185 eff 0.0032 outinratio 0.0 

VBFH126_4mu_absdetajj_genbin1_recobin4 acc 0.0231 eff 0.0194 outinratio 0.0178 

WminusH126_4mu_absdetajj_genbin1_recobin4 acc 0.1228 eff 0.002 outinratio 0.0 

WplusH126_4mu_absdetajj_genbin1_recobin4 acc 0.1109 eff 0.0 outinratio 0.0 

ZH126_4mu_absdetajj_genbin1_recobin4 acc 0.1253 eff 0.0007 outinratio 0.1082 

ttH126_4mu_absdetajj_genbin1_recobin4 acc 0.3063 eff 0.0027 outinratio 0.0 

ggH126_4mu_absdetajj_genbin2_recobin4 acc 0.0191 eff 0.0009 outinratio 0.0 

VBFH126_4mu_absdetajj_genbin2_recobin4 acc 0.0416 eff 0.0011 outinratio 0.0178 

WminusH126_4mu_absdetajj_genbin2_recobin4 acc 0.0521 eff 0.0024 outinratio 0.0 

WplusH126_4mu_absdetajj_genbin2_recobin4 acc 0.0505 eff 0.0035 outinratio 0.0 

ZH126_4mu_absdetajj_genbin2_recobin4 acc 0.0555 eff 0.003 outinratio 0.1082 

ttH126_4mu_absdetajj_genbin2_recobin4 acc 0.1837 eff 0.0009 outinratio 0.0 

ggH126_4mu_absdetajj_genbin3_recobin4 acc 0.007 eff 0.001 outinratio 0.0 

VBFH126_4mu_absdetajj_genbin3_recobin4 acc 0.0638 eff 0.0086 outinratio 0.0178 

WminusH126_4mu_absdetajj_genbin3_recobin4 acc 0.0067 eff 0.0 outinratio 0.0 

WplusH126_4mu_absdetajj_genbin3_recobin4 acc 0.0075 eff 0.0 outinratio 0.0 

ZH126_4mu_absdetajj_genbin3_recobin4 acc 0.0086 eff 0.0146 outinratio 0.1082 

ttH126_4mu_absdetajj_genbin3_recobin4 acc 0.0291 eff 0.0 outinratio 0.0 

ggH126_4mu_absdetajj_genbin4_recobin4 acc 0.0022 eff 0.5272 outinratio 0.0 

VBFH126_4mu_absdetajj_genbin4_recobin4 acc 0.0778 eff 0.6124 outinratio 0.0178 

WminusH126_4mu_absdetajj_genbin4_recobin4 acc 0.0011 eff 0.4852 outinratio 0.0 

WplusH126_4mu_absdetajj_genbin4_recobin4 acc 0.0011 eff 0.1365 outinratio 0.0 

ZH126_4mu_absdetajj_genbin4_recobin4 acc 0.0007 eff 0.4067 outinratio 0.1082 

ttH126_4mu_absdetajj_genbin4_recobin4 acc 0.0043 eff 0.4478 outinratio 0.0 

ggH126_2e2mu_absdetajj_genbin0_recobin0 acc 0.3975 eff 0.4562 outinratio 0.0071 

VBFH126_2e2mu_absdetajj_genbin0_recobin0 acc 0.2818 eff 0.4275 outinratio 0.0042 

WminusH126_2e2mu_absdetajj_genbin0_recobin0 acc 0.2333 eff 0.3834 outinratio 0.0271 

WplusH126_2e2mu_absdetajj_genbin0_recobin0 acc 0.2047 eff 0.3743 outinratio 0.0256 

ZH126_2e2mu_absdetajj_genbin0_recobin0 acc 0.2088 eff 0.3899 outinratio 0.0673 

ttH126_2e2mu_absdetajj_genbin0_recobin0 acc 0.0145 eff 0.1898 outinratio 0.1803 

ggH126_2e2mu_absdetajj_genbin1_recobin0 acc 0.0173 eff 0.0845 outinratio 0.0071 

VBFH126_2e2mu_absdetajj_genbin1_recobin0 acc 0.0196 eff 0.0857 outinratio 0.0042 

WminusH126_2e2mu_absdetajj_genbin1_recobin0 acc 0.1148 eff 0.0521 outinratio 0.0271 

WplusH126_2e2mu_absdetajj_genbin1_recobin0 acc 0.107 eff 0.0517 outinratio 0.0256 

ZH126_2e2mu_absdetajj_genbin1_recobin0 acc 0.1192 eff 0.0616 outinratio 0.0673 

ttH126_2e2mu_absdetajj_genbin1_recobin0 acc 0.2869 eff 0.0035 outinratio 0.1803 

ggH126_2e2mu_absdetajj_genbin2_recobin0 acc 0.0173 eff 0.0871 outinratio 0.0071 

VBFH126_2e2mu_absdetajj_genbin2_recobin0 acc 0.0358 eff 0.0623 outinratio 0.0042 

WminusH126_2e2mu_absdetajj_genbin2_recobin0 acc 0.0479 eff 0.0584 outinratio 0.0271 

WplusH126_2e2mu_absdetajj_genbin2_recobin0 acc 0.0431 eff 0.0588 outinratio 0.0256 

ZH126_2e2mu_absdetajj_genbin2_recobin0 acc 0.055 eff 0.0775 outinratio 0.0673 

ttH126_2e2mu_absdetajj_genbin2_recobin0 acc 0.1532 eff 0.006 outinratio 0.1803 

ggH126_2e2mu_absdetajj_genbin3_recobin0 acc 0.0064 eff 0.0894 outinratio 0.0071 

VBFH126_2e2mu_absdetajj_genbin3_recobin0 acc 0.0652 eff 0.0813 outinratio 0.0042 

WminusH126_2e2mu_absdetajj_genbin3_recobin0 acc 0.006 eff 0.046 outinratio 0.0271 

WplusH126_2e2mu_absdetajj_genbin3_recobin0 acc 0.0066 eff 0.071 outinratio 0.0256 

ZH126_2e2mu_absdetajj_genbin3_recobin0 acc 0.0075 eff 0.0555 outinratio 0.0673 

ttH126_2e2mu_absdetajj_genbin3_recobin0 acc 0.0225 eff 0.0058 outinratio 0.1803 

ggH126_2e2mu_absdetajj_genbin4_recobin0 acc 0.0017 eff 0.102 outinratio 0.0071 

VBFH126_2e2mu_absdetajj_genbin4_recobin0 acc 0.0731 eff 0.084 outinratio 0.0042 

WminusH126_2e2mu_absdetajj_genbin4_recobin0 acc 0.0009 eff 0.0056 outinratio 0.0271 

WplusH126_2e2mu_absdetajj_genbin4_recobin0 acc 0.0005 eff 0.1614 outinratio 0.0256 

ZH126_2e2mu_absdetajj_genbin4_recobin0 acc 0.0009 eff 0.0497 outinratio 0.0673 

ttH126_2e2mu_absdetajj_genbin4_recobin0 acc 0.0031 eff 0.0 outinratio 0.1803 

ggH126_2e2mu_absdetajj_genbin0_recobin1 acc 0.3975 eff 0.0059 outinratio 0.0084 

VBFH126_2e2mu_absdetajj_genbin0_recobin1 acc 0.2818 eff 0.0091 outinratio 0.0 

WminusH126_2e2mu_absdetajj_genbin0_recobin1 acc 0.2333 eff 0.0334 outinratio 0.015 

WplusH126_2e2mu_absdetajj_genbin0_recobin1 acc 0.2047 eff 0.035 outinratio 0.0088 

ZH126_2e2mu_absdetajj_genbin0_recobin1 acc 0.2088 eff 0.0269 outinratio 0.029 

ttH126_2e2mu_absdetajj_genbin0_recobin1 acc 0.0145 eff 0.1667 outinratio 0.0367 

ggH126_2e2mu_absdetajj_genbin1_recobin1 acc 0.0173 eff 0.4065 outinratio 0.0084 

VBFH126_2e2mu_absdetajj_genbin1_recobin1 acc 0.0196 eff 0.3315 outinratio 0.0 

WminusH126_2e2mu_absdetajj_genbin1_recobin1 acc 0.1148 eff 0.41 outinratio 0.015 

WplusH126_2e2mu_absdetajj_genbin1_recobin1 acc 0.107 eff 0.4197 outinratio 0.0088 

ZH126_2e2mu_absdetajj_genbin1_recobin1 acc 0.1192 eff 0.4001 outinratio 0.029 

ttH126_2e2mu_absdetajj_genbin1_recobin1 acc 0.2869 eff 0.3257 outinratio 0.0367 

ggH126_2e2mu_absdetajj_genbin2_recobin1 acc 0.0173 eff 0.0249 outinratio 0.0084 

VBFH126_2e2mu_absdetajj_genbin2_recobin1 acc 0.0358 eff 0.0087 outinratio 0.0 

WminusH126_2e2mu_absdetajj_genbin2_recobin1 acc 0.0479 eff 0.0364 outinratio 0.015 

WplusH126_2e2mu_absdetajj_genbin2_recobin1 acc 0.0431 eff 0.0425 outinratio 0.0088 

ZH126_2e2mu_absdetajj_genbin2_recobin1 acc 0.055 eff 0.04 outinratio 0.029 

ttH126_2e2mu_absdetajj_genbin2_recobin1 acc 0.1532 eff 0.0693 outinratio 0.0367 

ggH126_2e2mu_absdetajj_genbin3_recobin1 acc 0.0064 eff 0.0288 outinratio 0.0084 

VBFH126_2e2mu_absdetajj_genbin3_recobin1 acc 0.0652 eff 0.0042 outinratio 0.0 

WminusH126_2e2mu_absdetajj_genbin3_recobin1 acc 0.006 eff 0.0287 outinratio 0.015 

WplusH126_2e2mu_absdetajj_genbin3_recobin1 acc 0.0066 eff 0.0138 outinratio 0.0088 

ZH126_2e2mu_absdetajj_genbin3_recobin1 acc 0.0075 eff 0.0156 outinratio 0.029 

ttH126_2e2mu_absdetajj_genbin3_recobin1 acc 0.0225 eff 0.0565 outinratio 0.0367 

ggH126_2e2mu_absdetajj_genbin4_recobin1 acc 0.0017 eff 0.0232 outinratio 0.0084 

VBFH126_2e2mu_absdetajj_genbin4_recobin1 acc 0.0731 eff 0.0122 outinratio 0.0 

WminusH126_2e2mu_absdetajj_genbin4_recobin1 acc 0.0009 eff 0.0045 outinratio 0.015 

WplusH126_2e2mu_absdetajj_genbin4_recobin1 acc 0.0005 eff 0.0 outinratio 0.0088 

ZH126_2e2mu_absdetajj_genbin4_recobin1 acc 0.0009 eff 0.0411 outinratio 0.029 

ttH126_2e2mu_absdetajj_genbin4_recobin1 acc 0.0031 eff 0.1181 outinratio 0.0367 

ggH126_2e2mu_absdetajj_genbin0_recobin2 acc 0.3975 eff 0.0064 outinratio 0.0105 

VBFH126_2e2mu_absdetajj_genbin0_recobin2 acc 0.2818 eff 0.0117 outinratio 0.0028 

WminusH126_2e2mu_absdetajj_genbin0_recobin2 acc 0.2333 eff 0.0257 outinratio 0.0196 

WplusH126_2e2mu_absdetajj_genbin0_recobin2 acc 0.2047 eff 0.0228 outinratio 0.0136 

ZH126_2e2mu_absdetajj_genbin0_recobin2 acc 0.2088 eff 0.0231 outinratio 0.0438 

ttH126_2e2mu_absdetajj_genbin0_recobin2 acc 0.0145 eff 0.0576 outinratio 0.0632 

ggH126_2e2mu_absdetajj_genbin1_recobin2 acc 0.0173 eff 0.0215 outinratio 0.0105 

VBFH126_2e2mu_absdetajj_genbin1_recobin2 acc 0.0196 eff 0.0135 outinratio 0.0028 

WminusH126_2e2mu_absdetajj_genbin1_recobin2 acc 0.1148 eff 0.0212 outinratio 0.0196 

WplusH126_2e2mu_absdetajj_genbin1_recobin2 acc 0.107 eff 0.0193 outinratio 0.0136 

ZH126_2e2mu_absdetajj_genbin1_recobin2 acc 0.1192 eff 0.0225 outinratio 0.0438 

ttH126_2e2mu_absdetajj_genbin1_recobin2 acc 0.2869 eff 0.0371 outinratio 0.0632 

ggH126_2e2mu_absdetajj_genbin2_recobin2 acc 0.0173 eff 0.3988 outinratio 0.0105 

VBFH126_2e2mu_absdetajj_genbin2_recobin2 acc 0.0358 eff 0.4287 outinratio 0.0028 

WminusH126_2e2mu_absdetajj_genbin2_recobin2 acc 0.0479 eff 0.3643 outinratio 0.0196 

WplusH126_2e2mu_absdetajj_genbin2_recobin2 acc 0.0431 eff 0.3244 outinratio 0.0136 

ZH126_2e2mu_absdetajj_genbin2_recobin2 acc 0.055 eff 0.3159 outinratio 0.0438 

ttH126_2e2mu_absdetajj_genbin2_recobin2 acc 0.1532 eff 0.2843 outinratio 0.0632 

ggH126_2e2mu_absdetajj_genbin3_recobin2 acc 0.0064 eff 0.0156 outinratio 0.0105 

VBFH126_2e2mu_absdetajj_genbin3_recobin2 acc 0.0652 eff 0.006 outinratio 0.0028 

WminusH126_2e2mu_absdetajj_genbin3_recobin2 acc 0.006 eff 0.0525 outinratio 0.0196 

WplusH126_2e2mu_absdetajj_genbin3_recobin2 acc 0.0066 eff 0.0364 outinratio 0.0136 

ZH126_2e2mu_absdetajj_genbin3_recobin2 acc 0.0075 eff 0.0487 outinratio 0.0438 

ttH126_2e2mu_absdetajj_genbin3_recobin2 acc 0.0225 eff 0.1031 outinratio 0.0632 

ggH126_2e2mu_absdetajj_genbin4_recobin2 acc 0.0017 eff 0.0105 outinratio 0.0105 

VBFH126_2e2mu_absdetajj_genbin4_recobin2 acc 0.0731 eff 0.005 outinratio 0.0028 

WminusH126_2e2mu_absdetajj_genbin4_recobin2 acc 0.0009 eff 0.021 outinratio 0.0196 

WplusH126_2e2mu_absdetajj_genbin4_recobin2 acc 0.0005 eff 0.0 outinratio 0.0136 

ZH126_2e2mu_absdetajj_genbin4_recobin2 acc 0.0009 eff 0.0 outinratio 0.0438 

ttH126_2e2mu_absdetajj_genbin4_recobin2 acc 0.0031 eff -0.0392 outinratio 0.0632 

ggH126_2e2mu_absdetajj_genbin0_recobin3 acc 0.3975 eff 0.0029 outinratio 0.0025 

VBFH126_2e2mu_absdetajj_genbin0_recobin3 acc 0.2818 eff 0.0152 outinratio 0.0037 

WminusH126_2e2mu_absdetajj_genbin0_recobin3 acc 0.2333 eff 0.0044 outinratio 0.0201 

WplusH126_2e2mu_absdetajj_genbin0_recobin3 acc 0.2047 eff 0.0035 outinratio 0.0119 

ZH126_2e2mu_absdetajj_genbin0_recobin3 acc 0.2088 eff 0.0023 outinratio 0.0405 

ttH126_2e2mu_absdetajj_genbin0_recobin3 acc 0.0145 eff 0.0077 outinratio 0.0884 

ggH126_2e2mu_absdetajj_genbin1_recobin3 acc 0.0173 eff 0.0028 outinratio 0.0025 

VBFH126_2e2mu_absdetajj_genbin1_recobin3 acc 0.0196 eff 0.0241 outinratio 0.0037 

WminusH126_2e2mu_absdetajj_genbin1_recobin3 acc 0.1148 eff 0.0052 outinratio 0.0201 

WplusH126_2e2mu_absdetajj_genbin1_recobin3 acc 0.107 eff 0.002 outinratio 0.0119 

ZH126_2e2mu_absdetajj_genbin1_recobin3 acc 0.1192 eff 0.0029 outinratio 0.0405 

ttH126_2e2mu_absdetajj_genbin1_recobin3 acc 0.2869 eff 0.0022 outinratio 0.0884 

ggH126_2e2mu_absdetajj_genbin2_recobin3 acc 0.0173 eff 0.0052 outinratio 0.0025 

VBFH126_2e2mu_absdetajj_genbin2_recobin3 acc 0.0358 eff 0.0052 outinratio 0.0037 

WminusH126_2e2mu_absdetajj_genbin2_recobin3 acc 0.0479 eff 0.0075 outinratio 0.0201 

WplusH126_2e2mu_absdetajj_genbin2_recobin3 acc 0.0431 eff 0.0 outinratio 0.0119 

ZH126_2e2mu_absdetajj_genbin2_recobin3 acc 0.055 eff 0.0094 outinratio 0.0405 

ttH126_2e2mu_absdetajj_genbin2_recobin3 acc 0.1532 eff 0.0072 outinratio 0.0884 

ggH126_2e2mu_absdetajj_genbin3_recobin3 acc 0.0064 eff 0.3763 outinratio 0.0025 

VBFH126_2e2mu_absdetajj_genbin3_recobin3 acc 0.0652 eff 0.4264 outinratio 0.0037 

WminusH126_2e2mu_absdetajj_genbin3_recobin3 acc 0.006 eff 0.359 outinratio 0.0201 

WplusH126_2e2mu_absdetajj_genbin3_recobin3 acc 0.0066 eff 0.2445 outinratio 0.0119 

ZH126_2e2mu_absdetajj_genbin3_recobin3 acc 0.0075 eff 0.278 outinratio 0.0405 

ttH126_2e2mu_absdetajj_genbin3_recobin3 acc 0.0225 eff 0.237 outinratio 0.0884 

ggH126_2e2mu_absdetajj_genbin4_recobin3 acc 0.0017 eff 0.0201 outinratio 0.0025 

VBFH126_2e2mu_absdetajj_genbin4_recobin3 acc 0.0731 eff 0.0074 outinratio 0.0037 

WminusH126_2e2mu_absdetajj_genbin4_recobin3 acc 0.0009 eff 0.0306 outinratio 0.0201 

WplusH126_2e2mu_absdetajj_genbin4_recobin3 acc 0.0005 eff 0.0 outinratio 0.0119 

ZH126_2e2mu_absdetajj_genbin4_recobin3 acc 0.0009 eff 0.0427 outinratio 0.0405 

ttH126_2e2mu_absdetajj_genbin4_recobin3 acc 0.0031 eff 0.0 outinratio 0.0884 

ggH126_2e2mu_absdetajj_genbin0_recobin4 acc 0.3975 eff 0.001 outinratio 0.0 

VBFH126_2e2mu_absdetajj_genbin0_recobin4 acc 0.2818 eff 0.0288 outinratio 0.0065 

WminusH126_2e2mu_absdetajj_genbin0_recobin4 acc 0.2333 eff 0.0005 outinratio 0.0 

WplusH126_2e2mu_absdetajj_genbin0_recobin4 acc 0.2047 eff 0.0011 outinratio 0.0 

ZH126_2e2mu_absdetajj_genbin0_recobin4 acc 0.2088 eff 0.0017 outinratio 0.0193 

ttH126_2e2mu_absdetajj_genbin0_recobin4 acc 0.0145 eff 0.0 outinratio 0.0 

ggH126_2e2mu_absdetajj_genbin1_recobin4 acc 0.0173 eff 0.0009 outinratio 0.0 

VBFH126_2e2mu_absdetajj_genbin1_recobin4 acc 0.0196 eff 0.017 outinratio 0.0065 

WminusH126_2e2mu_absdetajj_genbin1_recobin4 acc 0.1148 eff 0.0013 outinratio 0.0 

WplusH126_2e2mu_absdetajj_genbin1_recobin4 acc 0.107 eff 0.0003 outinratio 0.0 

ZH126_2e2mu_absdetajj_genbin1_recobin4 acc 0.1192 eff 0.0008 outinratio 0.0193 

ttH126_2e2mu_absdetajj_genbin1_recobin4 acc 0.2869 eff 0.0003 outinratio 0.0 

ggH126_2e2mu_absdetajj_genbin2_recobin4 acc 0.0173 eff 0.0011 outinratio 0.0 

VBFH126_2e2mu_absdetajj_genbin2_recobin4 acc 0.0358 eff 0.0056 outinratio 0.0065 

WminusH126_2e2mu_absdetajj_genbin2_recobin4 acc 0.0479 eff 0.0025 outinratio 0.0 

WplusH126_2e2mu_absdetajj_genbin2_recobin4 acc 0.0431 eff 0.0044 outinratio 0.0 

ZH126_2e2mu_absdetajj_genbin2_recobin4 acc 0.055 eff 0.0026 outinratio 0.0193 

ttH126_2e2mu_absdetajj_genbin2_recobin4 acc 0.1532 eff 0.0012 outinratio 0.0 

ggH126_2e2mu_absdetajj_genbin3_recobin4 acc 0.0064 eff 0.0108 outinratio 0.0 

VBFH126_2e2mu_absdetajj_genbin3_recobin4 acc 0.0652 eff 0.0037 outinratio 0.0065 

WminusH126_2e2mu_absdetajj_genbin3_recobin4 acc 0.006 eff 0.0077 outinratio 0.0 

WplusH126_2e2mu_absdetajj_genbin3_recobin4 acc 0.0066 eff 0.0 outinratio 0.0 

ZH126_2e2mu_absdetajj_genbin3_recobin4 acc 0.0075 eff 0.0049 outinratio 0.0193 

ttH126_2e2mu_absdetajj_genbin3_recobin4 acc 0.0225 eff 0.0 outinratio 0.0 

ggH126_2e2mu_absdetajj_genbin4_recobin4 acc 0.0017 eff 0.307 outinratio 0.0 

VBFH126_2e2mu_absdetajj_genbin4_recobin4 acc 0.0731 eff 0.4291 outinratio 0.0065 

WminusH126_2e2mu_absdetajj_genbin4_recobin4 acc 0.0009 eff 0.2827 outinratio 0.0 

WplusH126_2e2mu_absdetajj_genbin4_recobin4 acc 0.0005 eff 0.2606 outinratio 0.0 

ZH126_2e2mu_absdetajj_genbin4_recobin4 acc 0.0009 eff 0.1446 outinratio 0.0193 

ttH126_2e2mu_absdetajj_genbin4_recobin4 acc 0.0031 eff 0.2423 outinratio 0.0 

Coeff fullNNLOPS
