Welcome in RunCoefficients!
OPT SPLIT
DEBUG opt.YEAR = 2024_4
It is a single-differential measurement, binning [-100.0, 0.0, 12.0, 28.0, 40.0, 85.0, 10000.0]
pTHj
Following observables extracted from dictionary: RECO =  pTHj  GEN =  GENpTHj
LUMI: 10.882200000000001
ttH126 0.00046886128
Processing ggH126 2024_4
Signal created
Signal failed created
Processing VBFH126 2024_4
Signal created
Signal failed created
Processing WminusH126 2024_4
Signal created
Signal failed created
Processing WplusH126 2024_4
Signal created
Signal failed created
Processing ZH126 2024_4
Signal created
Signal failed created
Processing ttH126 2024_4
Signal created
Signal failed created
2024_4 SKIMMED df CREATED
2024_4 ggH126
2024_4 VBFH126
2024_4 WminusH126
2024_4 WplusH126
2024_4 ZH126
2024_4 ttH126
Dataframes created successfully
Coeff std
ggH126_4l_pTHj_genbin0_recobin0 acc 0.2556 eff 0.4769 outinratio 0.0519 

VBFH126_4l_pTHj_genbin0_recobin0 acc 0.0378 eff 0.3551 outinratio 0.0132 

WminusH126_4l_pTHj_genbin0_recobin0 acc 0.0917 eff 0.2881 outinratio 0.2984 

WplusH126_4l_pTHj_genbin0_recobin0 acc 0.0743 eff 0.3851 outinratio 0.0596 

ZH126_4l_pTHj_genbin0_recobin0 acc 0.0753 eff 0.4345 outinratio 0.0805 

ttH126_4l_pTHj_genbin0_recobin0 acc 0.0006 eff -1.0 outinratio 1.34 

ggH126_4l_pTHj_genbin1_recobin0 acc 0.0277 eff 0.0766 outinratio 0.0519 

VBFH126_4l_pTHj_genbin1_recobin0 acc 0.0257 eff 0.0267 outinratio 0.0132 

WminusH126_4l_pTHj_genbin1_recobin0 acc 0.0107 eff -1.0 outinratio 0.2984 

WplusH126_4l_pTHj_genbin1_recobin0 acc 0.0125 eff 0.0189 outinratio 0.0596 

ZH126_4l_pTHj_genbin1_recobin0 acc 0.0119 eff 0.0408 outinratio 0.0805 

ttH126_4l_pTHj_genbin1_recobin0 acc 0.0015 eff 0.0 outinratio 1.34 

ggH126_4l_pTHj_genbin2_recobin0 acc 0.0489 eff 0.0728 outinratio 0.0519 

VBFH126_4l_pTHj_genbin2_recobin0 acc 0.0931 eff 0.0419 outinratio 0.0132 

WminusH126_4l_pTHj_genbin2_recobin0 acc 0.0554 eff 0.0 outinratio 0.2984 

WplusH126_4l_pTHj_genbin2_recobin0 acc 0.0456 eff 0.0276 outinratio 0.0596 

ZH126_4l_pTHj_genbin2_recobin0 acc 0.0469 eff 0.026 outinratio 0.0805 

ttH126_4l_pTHj_genbin2_recobin0 acc 0.0102 eff 0.0 outinratio 1.34 

ggH126_4l_pTHj_genbin3_recobin0 acc 0.0265 eff 0.061 outinratio 0.0519 

VBFH126_4l_pTHj_genbin3_recobin0 acc 0.0818 eff 0.0325 outinratio 0.0132 

WminusH126_4l_pTHj_genbin3_recobin0 acc 0.0362 eff 0.0 outinratio 0.2984 

WplusH126_4l_pTHj_genbin3_recobin0 acc 0.0396 eff 0.0246 outinratio 0.0596 

ZH126_4l_pTHj_genbin3_recobin0 acc 0.0448 eff 0.0276 outinratio 0.0805 

ttH126_4l_pTHj_genbin3_recobin0 acc 0.0118 eff 0.0 outinratio 1.34 

ggH126_4l_pTHj_genbin4_recobin0 acc 0.0372 eff 0.0283 outinratio 0.0519 

VBFH126_4l_pTHj_genbin4_recobin0 acc 0.1672 eff 0.007 outinratio 0.0132 

WminusH126_4l_pTHj_genbin4_recobin0 acc 0.1023 eff 0.0174 outinratio 0.2984 

WplusH126_4l_pTHj_genbin4_recobin0 acc 0.088 eff 0.0117 outinratio 0.0596 

ZH126_4l_pTHj_genbin4_recobin0 acc 0.1085 eff 0.0119 outinratio 0.0805 

ttH126_4l_pTHj_genbin4_recobin0 acc 0.0724 eff 0.0 outinratio 1.34 

ggH126_4l_pTHj_genbin5_recobin0 acc 0.0111 eff 0.001 outinratio 0.0519 

VBFH126_4l_pTHj_genbin5_recobin0 acc 0.0551 eff 0.0 outinratio 0.0132 

WminusH126_4l_pTHj_genbin5_recobin0 acc 0.0554 eff 0.0 outinratio 0.2984 

WplusH126_4l_pTHj_genbin5_recobin0 acc 0.0534 eff 0.0098 outinratio 0.0596 

ZH126_4l_pTHj_genbin5_recobin0 acc 0.0558 eff 0.0066 outinratio 0.0805 

ttH126_4l_pTHj_genbin5_recobin0 acc 0.2237 eff 0.0003 outinratio 1.34 

ggH126_4l_pTHj_genbin0_recobin1 acc 0.2556 eff 0.0081 outinratio 0.0464 

VBFH126_4l_pTHj_genbin0_recobin1 acc 0.0378 eff 0.028 outinratio 0.0435 

WminusH126_4l_pTHj_genbin0_recobin1 acc 0.0917 eff 0.0284 outinratio 0.0 

WplusH126_4l_pTHj_genbin0_recobin1 acc 0.0743 eff 0.0054 outinratio 0.0857 

ZH126_4l_pTHj_genbin0_recobin1 acc 0.0753 eff 0.0069 outinratio 0.1099 

ttH126_4l_pTHj_genbin0_recobin1 acc 0.0006 eff -1.0 outinratio 0.1489 

ggH126_4l_pTHj_genbin1_recobin1 acc 0.0277 eff 0.2808 outinratio 0.0464 

VBFH126_4l_pTHj_genbin1_recobin1 acc 0.0257 eff 0.2789 outinratio 0.0435 

WminusH126_4l_pTHj_genbin1_recobin1 acc 0.0107 eff -1.0 outinratio 0.0 

WplusH126_4l_pTHj_genbin1_recobin1 acc 0.0125 eff 0.2641 outinratio 0.0857 

ZH126_4l_pTHj_genbin1_recobin1 acc 0.0119 eff 0.2143 outinratio 0.1099 

ttH126_4l_pTHj_genbin1_recobin1 acc 0.0015 eff 0.1925 outinratio 0.1489 

ggH126_4l_pTHj_genbin2_recobin1 acc 0.0489 eff 0.054 outinratio 0.0464 

VBFH126_4l_pTHj_genbin2_recobin1 acc 0.0931 eff 0.0542 outinratio 0.0435 

WminusH126_4l_pTHj_genbin2_recobin1 acc 0.0554 eff 0.0219 outinratio 0.0 

WplusH126_4l_pTHj_genbin2_recobin1 acc 0.0456 eff 0.0416 outinratio 0.0857 

ZH126_4l_pTHj_genbin2_recobin1 acc 0.0469 eff 0.0546 outinratio 0.1099 

ttH126_4l_pTHj_genbin2_recobin1 acc 0.0102 eff 0.0278 outinratio 0.1489 

ggH126_4l_pTHj_genbin3_recobin1 acc 0.0265 eff 0.0059 outinratio 0.0464 

VBFH126_4l_pTHj_genbin3_recobin1 acc 0.0818 eff 0.007 outinratio 0.0435 

WminusH126_4l_pTHj_genbin3_recobin1 acc 0.0362 eff 0.0 outinratio 0.0 

WplusH126_4l_pTHj_genbin3_recobin1 acc 0.0396 eff 0.0054 outinratio 0.0857 

ZH126_4l_pTHj_genbin3_recobin1 acc 0.0448 eff 0.0058 outinratio 0.1099 

ttH126_4l_pTHj_genbin3_recobin1 acc 0.0118 eff 0.0 outinratio 0.1489 

ggH126_4l_pTHj_genbin4_recobin1 acc 0.0372 eff 0.0007 outinratio 0.0464 

VBFH126_4l_pTHj_genbin4_recobin1 acc 0.1672 eff 0.0 outinratio 0.0435 

WminusH126_4l_pTHj_genbin4_recobin1 acc 0.1023 eff 0.0 outinratio 0.0 

WplusH126_4l_pTHj_genbin4_recobin1 acc 0.088 eff 0.0009 outinratio 0.0857 

ZH126_4l_pTHj_genbin4_recobin1 acc 0.1085 eff 0.0024 outinratio 0.1099 

ttH126_4l_pTHj_genbin4_recobin1 acc 0.0724 eff 0.0015 outinratio 0.1489 

ggH126_4l_pTHj_genbin5_recobin1 acc 0.0111 eff 0.0 outinratio 0.0464 

VBFH126_4l_pTHj_genbin5_recobin1 acc 0.0551 eff 0.0 outinratio 0.0435 

WminusH126_4l_pTHj_genbin5_recobin1 acc 0.0554 eff 0.0 outinratio 0.0 

WplusH126_4l_pTHj_genbin5_recobin1 acc 0.0534 eff 0.0005 outinratio 0.0857 

ZH126_4l_pTHj_genbin5_recobin1 acc 0.0558 eff 0.0 outinratio 0.1099 

ttH126_4l_pTHj_genbin5_recobin1 acc 0.2237 eff 0.0 outinratio 0.1489 

ggH126_4l_pTHj_genbin0_recobin2 acc 0.2556 eff 0.0195 outinratio 0.0447 

VBFH126_4l_pTHj_genbin0_recobin2 acc 0.0378 eff 0.0557 outinratio 0.0197 

WminusH126_4l_pTHj_genbin0_recobin2 acc 0.0917 eff -0.0106 outinratio 0.0 

WplusH126_4l_pTHj_genbin0_recobin2 acc 0.0743 eff 0.023 outinratio 0.0717 

ZH126_4l_pTHj_genbin0_recobin2 acc 0.0753 eff 0.0129 outinratio 0.0922 

ttH126_4l_pTHj_genbin0_recobin2 acc 0.0006 eff -1.0 outinratio 0.0758 

ggH126_4l_pTHj_genbin1_recobin2 acc 0.0277 eff 0.1691 outinratio 0.0447 

VBFH126_4l_pTHj_genbin1_recobin2 acc 0.0257 eff 0.1932 outinratio 0.0197 

WminusH126_4l_pTHj_genbin1_recobin2 acc 0.0107 eff -1.0 outinratio 0.0 

WplusH126_4l_pTHj_genbin1_recobin2 acc 0.0125 eff 0.1974 outinratio 0.0717 

ZH126_4l_pTHj_genbin1_recobin2 acc 0.0119 eff 0.1681 outinratio 0.0922 

ttH126_4l_pTHj_genbin1_recobin2 acc 0.0015 eff 0.2768 outinratio 0.0758 

ggH126_4l_pTHj_genbin2_recobin2 acc 0.0489 eff 0.3182 outinratio 0.0447 

VBFH126_4l_pTHj_genbin2_recobin2 acc 0.0931 eff 0.3022 outinratio 0.0197 

WminusH126_4l_pTHj_genbin2_recobin2 acc 0.0554 eff 0.4418 outinratio 0.0 

WplusH126_4l_pTHj_genbin2_recobin2 acc 0.0456 eff 0.3091 outinratio 0.0717 

ZH126_4l_pTHj_genbin2_recobin2 acc 0.0469 eff 0.3017 outinratio 0.0922 

ttH126_4l_pTHj_genbin2_recobin2 acc 0.0102 eff 0.26 outinratio 0.0758 

ggH126_4l_pTHj_genbin3_recobin2 acc 0.0265 eff 0.1012 outinratio 0.0447 

VBFH126_4l_pTHj_genbin3_recobin2 acc 0.0818 eff 0.1102 outinratio 0.0197 

WminusH126_4l_pTHj_genbin3_recobin2 acc 0.0362 eff 0.1947 outinratio 0.0 

WplusH126_4l_pTHj_genbin3_recobin2 acc 0.0396 eff 0.083 outinratio 0.0717 

ZH126_4l_pTHj_genbin3_recobin2 acc 0.0448 eff 0.0804 outinratio 0.0922 

ttH126_4l_pTHj_genbin3_recobin2 acc 0.0118 eff 0.041 outinratio 0.0758 

ggH126_4l_pTHj_genbin4_recobin2 acc 0.0372 eff 0.0116 outinratio 0.0447 

VBFH126_4l_pTHj_genbin4_recobin2 acc 0.1672 eff 0.0117 outinratio 0.0197 

WminusH126_4l_pTHj_genbin4_recobin2 acc 0.1023 eff 0.0 outinratio 0.0 

WplusH126_4l_pTHj_genbin4_recobin2 acc 0.088 eff 0.0123 outinratio 0.0717 

ZH126_4l_pTHj_genbin4_recobin2 acc 0.1085 eff 0.0047 outinratio 0.0922 

ttH126_4l_pTHj_genbin4_recobin2 acc 0.0724 eff 0.0044 outinratio 0.0758 

ggH126_4l_pTHj_genbin5_recobin2 acc 0.0111 eff 0.0007 outinratio 0.0447 

VBFH126_4l_pTHj_genbin5_recobin2 acc 0.0551 eff 0.0 outinratio 0.0197 

WminusH126_4l_pTHj_genbin5_recobin2 acc 0.0554 eff 0.0 outinratio 0.0 

WplusH126_4l_pTHj_genbin5_recobin2 acc 0.0534 eff 0.0034 outinratio 0.0717 

ZH126_4l_pTHj_genbin5_recobin2 acc 0.0558 eff 0.0016 outinratio 0.0922 

ttH126_4l_pTHj_genbin5_recobin2 acc 0.2237 eff 0.0031 outinratio 0.0758 

ggH126_4l_pTHj_genbin0_recobin3 acc 0.2556 eff 0.0155 outinratio 0.0647 

VBFH126_4l_pTHj_genbin0_recobin3 acc 0.0378 eff 0.0329 outinratio 0.0249 

WminusH126_4l_pTHj_genbin0_recobin3 acc 0.0917 eff 0.0119 outinratio 0.2204 

WplusH126_4l_pTHj_genbin0_recobin3 acc 0.0743 eff 0.0198 outinratio 0.0874 

ZH126_4l_pTHj_genbin0_recobin3 acc 0.0753 eff 0.0125 outinratio 0.0965 

ttH126_4l_pTHj_genbin0_recobin3 acc 0.0006 eff -1.0 outinratio 0.2024 

ggH126_4l_pTHj_genbin1_recobin3 acc 0.0277 eff 0.0145 outinratio 0.0647 

VBFH126_4l_pTHj_genbin1_recobin3 acc 0.0257 eff 0.0454 outinratio 0.0249 

WminusH126_4l_pTHj_genbin1_recobin3 acc 0.0107 eff -1.0 outinratio 0.2204 

WplusH126_4l_pTHj_genbin1_recobin3 acc 0.0125 eff 0.0319 outinratio 0.0874 

ZH126_4l_pTHj_genbin1_recobin3 acc 0.0119 eff 0.0175 outinratio 0.0965 

ttH126_4l_pTHj_genbin1_recobin3 acc 0.0015 eff 0.0559 outinratio 0.2024 

ggH126_4l_pTHj_genbin2_recobin3 acc 0.0489 eff 0.074 outinratio 0.0647 

VBFH126_4l_pTHj_genbin2_recobin3 acc 0.0931 eff 0.1106 outinratio 0.0249 

WminusH126_4l_pTHj_genbin2_recobin3 acc 0.0554 eff 0.013 outinratio 0.2204 

WplusH126_4l_pTHj_genbin2_recobin3 acc 0.0456 eff 0.0999 outinratio 0.0874 

ZH126_4l_pTHj_genbin2_recobin3 acc 0.0469 eff 0.0986 outinratio 0.0965 

ttH126_4l_pTHj_genbin2_recobin3 acc 0.0102 eff 0.1176 outinratio 0.2024 

ggH126_4l_pTHj_genbin3_recobin3 acc 0.0265 eff 0.2649 outinratio 0.0647 

VBFH126_4l_pTHj_genbin3_recobin3 acc 0.0818 eff 0.2461 outinratio 0.0249 

WminusH126_4l_pTHj_genbin3_recobin3 acc 0.0362 eff 0.3265 outinratio 0.2204 

WplusH126_4l_pTHj_genbin3_recobin3 acc 0.0396 eff 0.2887 outinratio 0.0874 

ZH126_4l_pTHj_genbin3_recobin3 acc 0.0448 eff 0.2671 outinratio 0.0965 

ttH126_4l_pTHj_genbin3_recobin3 acc 0.0118 eff 0.2448 outinratio 0.2024 

ggH126_4l_pTHj_genbin4_recobin3 acc 0.0372 eff 0.0466 outinratio 0.0647 

VBFH126_4l_pTHj_genbin4_recobin3 acc 0.1672 eff 0.0473 outinratio 0.0249 

WminusH126_4l_pTHj_genbin4_recobin3 acc 0.1023 eff 0.0462 outinratio 0.2204 

WplusH126_4l_pTHj_genbin4_recobin3 acc 0.088 eff 0.0448 outinratio 0.0874 

ZH126_4l_pTHj_genbin4_recobin3 acc 0.1085 eff 0.0479 outinratio 0.0965 

ttH126_4l_pTHj_genbin4_recobin3 acc 0.0724 eff 0.0356 outinratio 0.2024 

ggH126_4l_pTHj_genbin5_recobin3 acc 0.0111 eff 0.0004 outinratio 0.0647 

VBFH126_4l_pTHj_genbin5_recobin3 acc 0.0551 eff 0.0015 outinratio 0.0249 

WminusH126_4l_pTHj_genbin5_recobin3 acc 0.0554 eff 0.0 outinratio 0.2204 

WplusH126_4l_pTHj_genbin5_recobin3 acc 0.0534 eff 0.002 outinratio 0.0874 

ZH126_4l_pTHj_genbin5_recobin3 acc 0.0558 eff 0.0032 outinratio 0.0965 

ttH126_4l_pTHj_genbin5_recobin3 acc 0.2237 eff 0.0027 outinratio 0.2024 

ggH126_4l_pTHj_genbin0_recobin4 acc 0.2556 eff 0.0264 outinratio 0.0733 

VBFH126_4l_pTHj_genbin0_recobin4 acc 0.0378 eff 0.0558 outinratio 0.0521 

WminusH126_4l_pTHj_genbin0_recobin4 acc 0.0917 eff 0.0547 outinratio 0.0 

WplusH126_4l_pTHj_genbin0_recobin4 acc 0.0743 eff 0.0612 outinratio 0.0734 

ZH126_4l_pTHj_genbin0_recobin4 acc 0.0753 eff 0.0473 outinratio 0.0794 

ttH126_4l_pTHj_genbin0_recobin4 acc 0.0006 eff -1.0 outinratio 0.1361 

ggH126_4l_pTHj_genbin1_recobin4 acc 0.0277 eff 0.0146 outinratio 0.0733 

VBFH126_4l_pTHj_genbin1_recobin4 acc 0.0257 eff 0.0271 outinratio 0.0521 

WminusH126_4l_pTHj_genbin1_recobin4 acc 0.0107 eff -1.0 outinratio 0.0 

WplusH126_4l_pTHj_genbin1_recobin4 acc 0.0125 eff 0.0306 outinratio 0.0734 

ZH126_4l_pTHj_genbin1_recobin4 acc 0.0119 eff 0.0119 outinratio 0.0794 

ttH126_4l_pTHj_genbin1_recobin4 acc 0.0015 eff 0.1143 outinratio 0.1361 

ggH126_4l_pTHj_genbin2_recobin4 acc 0.0489 eff 0.0332 outinratio 0.0733 

VBFH126_4l_pTHj_genbin2_recobin4 acc 0.0931 eff 0.0475 outinratio 0.0521 

WminusH126_4l_pTHj_genbin2_recobin4 acc 0.0554 eff 0.0617 outinratio 0.0 

WplusH126_4l_pTHj_genbin2_recobin4 acc 0.0456 eff 0.0404 outinratio 0.0734 

ZH126_4l_pTHj_genbin2_recobin4 acc 0.0469 eff 0.0478 outinratio 0.0794 

ttH126_4l_pTHj_genbin2_recobin4 acc 0.0102 eff 0.0318 outinratio 0.1361 

ggH126_4l_pTHj_genbin3_recobin4 acc 0.0265 eff 0.1193 outinratio 0.0733 

VBFH126_4l_pTHj_genbin3_recobin4 acc 0.0818 eff 0.1675 outinratio 0.0521 

WminusH126_4l_pTHj_genbin3_recobin4 acc 0.0362 eff 0.0381 outinratio 0.0 

WplusH126_4l_pTHj_genbin3_recobin4 acc 0.0396 eff 0.1365 outinratio 0.0734 

ZH126_4l_pTHj_genbin3_recobin4 acc 0.0448 eff 0.1402 outinratio 0.0794 

ttH126_4l_pTHj_genbin3_recobin4 acc 0.0118 eff 0.1325 outinratio 0.1361 

ggH126_4l_pTHj_genbin4_recobin4 acc 0.0372 eff 0.4379 outinratio 0.0733 

VBFH126_4l_pTHj_genbin4_recobin4 acc 0.1672 eff 0.4193 outinratio 0.0521 

WminusH126_4l_pTHj_genbin4_recobin4 acc 0.1023 eff 0.408 outinratio 0.0 

WplusH126_4l_pTHj_genbin4_recobin4 acc 0.088 eff 0.4404 outinratio 0.0734 

ZH126_4l_pTHj_genbin4_recobin4 acc 0.1085 eff 0.4771 outinratio 0.0794 

ttH126_4l_pTHj_genbin4_recobin4 acc 0.0724 eff 0.3428 outinratio 0.1361 

ggH126_4l_pTHj_genbin5_recobin4 acc 0.0111 eff 0.0605 outinratio 0.0733 

VBFH126_4l_pTHj_genbin5_recobin4 acc 0.0551 eff 0.0939 outinratio 0.0521 

WminusH126_4l_pTHj_genbin5_recobin4 acc 0.0554 eff 0.0224 outinratio 0.0 

WplusH126_4l_pTHj_genbin5_recobin4 acc 0.0534 eff 0.0656 outinratio 0.0734 

ZH126_4l_pTHj_genbin5_recobin4 acc 0.0558 eff 0.0442 outinratio 0.0794 

ttH126_4l_pTHj_genbin5_recobin4 acc 0.2237 eff 0.0383 outinratio 0.1361 

ggH126_4l_pTHj_genbin0_recobin5 acc 0.2556 eff 0.0018 outinratio 0.0571 

VBFH126_4l_pTHj_genbin0_recobin5 acc 0.0378 eff 0.0 outinratio 0.0163 

WminusH126_4l_pTHj_genbin0_recobin5 acc 0.0917 eff 0.0589 outinratio 0.0398 

WplusH126_4l_pTHj_genbin0_recobin5 acc 0.0743 eff 0.041 outinratio 0.0715 

ZH126_4l_pTHj_genbin0_recobin5 acc 0.0753 eff 0.0267 outinratio 0.0874 

ttH126_4l_pTHj_genbin0_recobin5 acc 0.0006 eff -1.0 outinratio 0.1752 

ggH126_4l_pTHj_genbin1_recobin5 acc 0.0277 eff 0.0017 outinratio 0.0571 

VBFH126_4l_pTHj_genbin1_recobin5 acc 0.0257 eff 0.0 outinratio 0.0163 

WminusH126_4l_pTHj_genbin1_recobin5 acc 0.0107 eff -1.0 outinratio 0.0398 

WplusH126_4l_pTHj_genbin1_recobin5 acc 0.0125 eff 0.0121 outinratio 0.0715 

ZH126_4l_pTHj_genbin1_recobin5 acc 0.0119 eff 0.0132 outinratio 0.0874 

ttH126_4l_pTHj_genbin1_recobin5 acc 0.0015 eff 0.0 outinratio 0.1752 

ggH126_4l_pTHj_genbin2_recobin5 acc 0.0489 eff 0.0046 outinratio 0.0571 

VBFH126_4l_pTHj_genbin2_recobin5 acc 0.0931 eff 0.0053 outinratio 0.0163 

WminusH126_4l_pTHj_genbin2_recobin5 acc 0.0554 eff 0.0 outinratio 0.0398 

WplusH126_4l_pTHj_genbin2_recobin5 acc 0.0456 eff 0.01 outinratio 0.0715 

ZH126_4l_pTHj_genbin2_recobin5 acc 0.0469 eff 0.0103 outinratio 0.0874 

ttH126_4l_pTHj_genbin2_recobin5 acc 0.0102 eff 0.0752 outinratio 0.1752 

ggH126_4l_pTHj_genbin3_recobin5 acc 0.0265 eff 0.0093 outinratio 0.0571 

VBFH126_4l_pTHj_genbin3_recobin5 acc 0.0818 eff 0.0195 outinratio 0.0163 

WminusH126_4l_pTHj_genbin3_recobin5 acc 0.0362 eff 0.0 outinratio 0.0398 

WplusH126_4l_pTHj_genbin3_recobin5 acc 0.0396 eff 0.0124 outinratio 0.0715 

ZH126_4l_pTHj_genbin3_recobin5 acc 0.0448 eff 0.014 outinratio 0.0874 

ttH126_4l_pTHj_genbin3_recobin5 acc 0.0118 eff 0.0654 outinratio 0.1752 

ggH126_4l_pTHj_genbin4_recobin5 acc 0.0372 eff 0.0441 outinratio 0.0571 

VBFH126_4l_pTHj_genbin4_recobin5 acc 0.1672 eff 0.054 outinratio 0.0163 

WminusH126_4l_pTHj_genbin4_recobin5 acc 0.1023 eff 0.0062 outinratio 0.0398 

WplusH126_4l_pTHj_genbin4_recobin5 acc 0.088 eff 0.0461 outinratio 0.0715 

ZH126_4l_pTHj_genbin4_recobin5 acc 0.1085 eff 0.0363 outinratio 0.0874 

ttH126_4l_pTHj_genbin4_recobin5 acc 0.0724 eff 0.1397 outinratio 0.1752 

ggH126_4l_pTHj_genbin5_recobin5 acc 0.0111 eff 0.5124 outinratio 0.0571 

VBFH126_4l_pTHj_genbin5_recobin5 acc 0.0551 eff 0.5735 outinratio 0.0163 

WminusH126_4l_pTHj_genbin5_recobin5 acc 0.0554 eff 0.554 outinratio 0.0398 

WplusH126_4l_pTHj_genbin5_recobin5 acc 0.0534 eff 0.4856 outinratio 0.0715 

ZH126_4l_pTHj_genbin5_recobin5 acc 0.0558 eff 0.5037 outinratio 0.0874 

ttH126_4l_pTHj_genbin5_recobin5 acc 0.2237 eff 0.4994 outinratio 0.1752 

ggH126_4e_pTHj_genbin0_recobin0 acc 0.2453 eff 0.2808 outinratio 0.0445 

VBFH126_4e_pTHj_genbin0_recobin0 acc 0.0424 eff 0.2081 outinratio 0.0213 

WminusH126_4e_pTHj_genbin0_recobin0 acc 0.0698 eff -1.0 outinratio 0.0 

WplusH126_4e_pTHj_genbin0_recobin0 acc 0.0732 eff 0.2328 outinratio 0.0567 

ZH126_4e_pTHj_genbin0_recobin0 acc 0.0723 eff 0.2538 outinratio 0.0752 

ttH126_4e_pTHj_genbin0_recobin0 acc 0.0004 eff -1.0 outinratio 0.0 

ggH126_4e_pTHj_genbin1_recobin0 acc 0.0285 eff 0.0293 outinratio 0.0445 

VBFH126_4e_pTHj_genbin1_recobin0 acc 0.0283 eff 0.0118 outinratio 0.0213 

WminusH126_4e_pTHj_genbin1_recobin0 acc 0.0078 eff -1.0 outinratio 0.0 

WplusH126_4e_pTHj_genbin1_recobin0 acc 0.0112 eff 0.0076 outinratio 0.0567 

ZH126_4e_pTHj_genbin1_recobin0 acc 0.0126 eff 0.0111 outinratio 0.0752 

ttH126_4e_pTHj_genbin1_recobin0 acc 0.0011 eff -1.0 outinratio 0.0 

ggH126_4e_pTHj_genbin2_recobin0 acc 0.0503 eff 0.0432 outinratio 0.0445 

VBFH126_4e_pTHj_genbin2_recobin0 acc 0.087 eff 0.047 outinratio 0.0213 

WminusH126_4e_pTHj_genbin2_recobin0 acc 0.0543 eff -1.0 outinratio 0.0 

WplusH126_4e_pTHj_genbin2_recobin0 acc 0.0447 eff 0.0228 outinratio 0.0567 

ZH126_4e_pTHj_genbin2_recobin0 acc 0.0444 eff 0.0196 outinratio 0.0752 

ttH126_4e_pTHj_genbin2_recobin0 acc 0.0105 eff 0.0 outinratio 0.0 

ggH126_4e_pTHj_genbin3_recobin0 acc 0.0257 eff 0.0379 outinratio 0.0445 

VBFH126_4e_pTHj_genbin3_recobin0 acc 0.0625 eff 0.0284 outinratio 0.0213 

WminusH126_4e_pTHj_genbin3_recobin0 acc 0.0155 eff -1.0 outinratio 0.0 

WplusH126_4e_pTHj_genbin3_recobin0 acc 0.0371 eff 0.0117 outinratio 0.0567 

ZH126_4e_pTHj_genbin3_recobin0 acc 0.0388 eff 0.0212 outinratio 0.0752 

ttH126_4e_pTHj_genbin3_recobin0 acc 0.0116 eff 0.0 outinratio 0.0 

ggH126_4e_pTHj_genbin4_recobin0 acc 0.039 eff 0.0144 outinratio 0.0445 

VBFH126_4e_pTHj_genbin4_recobin0 acc 0.1773 eff 0.0071 outinratio 0.0213 

WminusH126_4e_pTHj_genbin4_recobin0 acc 0.1008 eff 0.0 outinratio 0.0 

WplusH126_4e_pTHj_genbin4_recobin0 acc 0.0847 eff 0.0057 outinratio 0.0567 

ZH126_4e_pTHj_genbin4_recobin0 acc 0.1073 eff 0.0119 outinratio 0.0752 

ttH126_4e_pTHj_genbin4_recobin0 acc 0.0679 eff 0.0 outinratio 0.0 

ggH126_4e_pTHj_genbin5_recobin0 acc 0.012 eff 0.0 outinratio 0.0445 

VBFH126_4e_pTHj_genbin5_recobin0 acc 0.0484 eff 0.0 outinratio 0.0213 

WminusH126_4e_pTHj_genbin5_recobin0 acc 0.0465 eff -1.0 outinratio 0.0 

WplusH126_4e_pTHj_genbin5_recobin0 acc 0.0522 eff 0.0063 outinratio 0.0567 

ZH126_4e_pTHj_genbin5_recobin0 acc 0.0498 eff 0.0112 outinratio 0.0752 

ttH126_4e_pTHj_genbin5_recobin0 acc 0.2227 eff 0.0 outinratio 0.0 

ggH126_4e_pTHj_genbin0_recobin1 acc 0.2453 eff 0.0056 outinratio 0.0603 

VBFH126_4e_pTHj_genbin0_recobin1 acc 0.0424 eff 0.0 outinratio 0.1399 

WminusH126_4e_pTHj_genbin0_recobin1 acc 0.0698 eff -1.0 outinratio 0.0 

WplusH126_4e_pTHj_genbin0_recobin1 acc 0.0732 eff 0.0033 outinratio 0.116 

ZH126_4e_pTHj_genbin0_recobin1 acc 0.0723 eff 0.0 outinratio 0.1306 

ttH126_4e_pTHj_genbin0_recobin1 acc 0.0004 eff -1.0 outinratio 0.0 

ggH126_4e_pTHj_genbin1_recobin1 acc 0.0285 eff 0.2037 outinratio 0.0603 

VBFH126_4e_pTHj_genbin1_recobin1 acc 0.0283 eff 0.1958 outinratio 0.1399 

WminusH126_4e_pTHj_genbin1_recobin1 acc 0.0078 eff -1.0 outinratio 0.0 

WplusH126_4e_pTHj_genbin1_recobin1 acc 0.0112 eff 0.1437 outinratio 0.116 

ZH126_4e_pTHj_genbin1_recobin1 acc 0.0126 eff 0.115 outinratio 0.1306 

ttH126_4e_pTHj_genbin1_recobin1 acc 0.0011 eff -1.0 outinratio 0.0 

ggH126_4e_pTHj_genbin2_recobin1 acc 0.0503 eff 0.0426 outinratio 0.0603 

VBFH126_4e_pTHj_genbin2_recobin1 acc 0.087 eff 0.0126 outinratio 0.1399 

WminusH126_4e_pTHj_genbin2_recobin1 acc 0.0543 eff -1.0 outinratio 0.0 

WplusH126_4e_pTHj_genbin2_recobin1 acc 0.0447 eff 0.0295 outinratio 0.116 

ZH126_4e_pTHj_genbin2_recobin1 acc 0.0444 eff 0.0491 outinratio 0.1306 

ttH126_4e_pTHj_genbin2_recobin1 acc 0.0105 eff 0.0 outinratio 0.0 

ggH126_4e_pTHj_genbin3_recobin1 acc 0.0257 eff 0.0 outinratio 0.0603 

VBFH126_4e_pTHj_genbin3_recobin1 acc 0.0625 eff 0.0 outinratio 0.1399 

WminusH126_4e_pTHj_genbin3_recobin1 acc 0.0155 eff -1.0 outinratio 0.0 

WplusH126_4e_pTHj_genbin3_recobin1 acc 0.0371 eff -0.0028 outinratio 0.116 

ZH126_4e_pTHj_genbin3_recobin1 acc 0.0388 eff 0.0 outinratio 0.1306 

ttH126_4e_pTHj_genbin3_recobin1 acc 0.0116 eff 0.0 outinratio 0.0 

ggH126_4e_pTHj_genbin4_recobin1 acc 0.039 eff 0.0 outinratio 0.0603 

VBFH126_4e_pTHj_genbin4_recobin1 acc 0.1773 eff 0.0 outinratio 0.1399 

WminusH126_4e_pTHj_genbin4_recobin1 acc 0.1008 eff 0.0 outinratio 0.0 

WplusH126_4e_pTHj_genbin4_recobin1 acc 0.0847 eff 0.0004 outinratio 0.116 

ZH126_4e_pTHj_genbin4_recobin1 acc 0.1073 eff 0.0 outinratio 0.1306 

ttH126_4e_pTHj_genbin4_recobin1 acc 0.0679 eff 0.0 outinratio 0.0 

ggH126_4e_pTHj_genbin5_recobin1 acc 0.012 eff 0.0 outinratio 0.0603 

VBFH126_4e_pTHj_genbin5_recobin1 acc 0.0484 eff 0.0 outinratio 0.1399 

WminusH126_4e_pTHj_genbin5_recobin1 acc 0.0465 eff -1.0 outinratio 0.0 

WplusH126_4e_pTHj_genbin5_recobin1 acc 0.0522 eff 0.0003 outinratio 0.116 

ZH126_4e_pTHj_genbin5_recobin1 acc 0.0498 eff 0.0 outinratio 0.1306 

ttH126_4e_pTHj_genbin5_recobin1 acc 0.2227 eff 0.0 outinratio 0.0 

ggH126_4e_pTHj_genbin0_recobin2 acc 0.2453 eff 0.0118 outinratio 0.0801 

VBFH126_4e_pTHj_genbin0_recobin2 acc 0.0424 eff 0.0579 outinratio 0.0 

WminusH126_4e_pTHj_genbin0_recobin2 acc 0.0698 eff -1.0 outinratio 0.0 

WplusH126_4e_pTHj_genbin0_recobin2 acc 0.0732 eff 0.0065 outinratio 0.0587 

ZH126_4e_pTHj_genbin0_recobin2 acc 0.0723 eff 0.0011 outinratio 0.2393 

ttH126_4e_pTHj_genbin0_recobin2 acc 0.0004 eff -1.0 outinratio 0.1239 

ggH126_4e_pTHj_genbin1_recobin2 acc 0.0285 eff 0.1191 outinratio 0.0801 

VBFH126_4e_pTHj_genbin1_recobin2 acc 0.0283 eff 0.1143 outinratio 0.0 

WminusH126_4e_pTHj_genbin1_recobin2 acc 0.0078 eff -1.0 outinratio 0.0 

WplusH126_4e_pTHj_genbin1_recobin2 acc 0.0112 eff 0.117 outinratio 0.0587 

ZH126_4e_pTHj_genbin1_recobin2 acc 0.0126 eff 0.0 outinratio 0.2393 

ttH126_4e_pTHj_genbin1_recobin2 acc 0.0011 eff -1.0 outinratio 0.1239 

ggH126_4e_pTHj_genbin2_recobin2 acc 0.0503 eff 0.1939 outinratio 0.0801 

VBFH126_4e_pTHj_genbin2_recobin2 acc 0.087 eff 0.2764 outinratio 0.0 

WminusH126_4e_pTHj_genbin2_recobin2 acc 0.0543 eff -1.0 outinratio 0.0 

WplusH126_4e_pTHj_genbin2_recobin2 acc 0.0447 eff 0.1927 outinratio 0.0587 

ZH126_4e_pTHj_genbin2_recobin2 acc 0.0444 eff 0.1855 outinratio 0.2393 

ttH126_4e_pTHj_genbin2_recobin2 acc 0.0105 eff 0.2637 outinratio 0.1239 

ggH126_4e_pTHj_genbin3_recobin2 acc 0.0257 eff 0.051 outinratio 0.0801 

VBFH126_4e_pTHj_genbin3_recobin2 acc 0.0625 eff 0.0976 outinratio 0.0 

WminusH126_4e_pTHj_genbin3_recobin2 acc 0.0155 eff -1.0 outinratio 0.0 

WplusH126_4e_pTHj_genbin3_recobin2 acc 0.0371 eff 0.053 outinratio 0.0587 

ZH126_4e_pTHj_genbin3_recobin2 acc 0.0388 eff 0.0285 outinratio 0.2393 

ttH126_4e_pTHj_genbin3_recobin2 acc 0.0116 eff 0.0 outinratio 0.1239 

ggH126_4e_pTHj_genbin4_recobin2 acc 0.039 eff 0.0058 outinratio 0.0801 

VBFH126_4e_pTHj_genbin4_recobin2 acc 0.1773 eff 0.003 outinratio 0.0 

WminusH126_4e_pTHj_genbin4_recobin2 acc 0.1008 eff 0.0 outinratio 0.0 

WplusH126_4e_pTHj_genbin4_recobin2 acc 0.0847 eff 0.0104 outinratio 0.0587 

ZH126_4e_pTHj_genbin4_recobin2 acc 0.1073 eff 0.002 outinratio 0.2393 

ttH126_4e_pTHj_genbin4_recobin2 acc 0.0679 eff 0.0 outinratio 0.1239 

ggH126_4e_pTHj_genbin5_recobin2 acc 0.012 eff 0.0 outinratio 0.0801 

VBFH126_4e_pTHj_genbin5_recobin2 acc 0.0484 eff 0.0 outinratio 0.0 

WminusH126_4e_pTHj_genbin5_recobin2 acc 0.0465 eff -1.0 outinratio 0.0 

WplusH126_4e_pTHj_genbin5_recobin2 acc 0.0522 eff 0.002 outinratio 0.0587 

ZH126_4e_pTHj_genbin5_recobin2 acc 0.0498 eff 0.0 outinratio 0.2393 

ttH126_4e_pTHj_genbin5_recobin2 acc 0.2227 eff 0.0019 outinratio 0.1239 

ggH126_4e_pTHj_genbin0_recobin3 acc 0.2453 eff 0.0077 outinratio 0.0519 

VBFH126_4e_pTHj_genbin0_recobin3 acc 0.0424 eff 0.0 outinratio 0.0194 

WminusH126_4e_pTHj_genbin0_recobin3 acc 0.0698 eff -1.0 outinratio 0.0 

WplusH126_4e_pTHj_genbin0_recobin3 acc 0.0732 eff 0.0128 outinratio 0.0625 

ZH126_4e_pTHj_genbin0_recobin3 acc 0.0723 eff 0.009 outinratio 0.1338 

ttH126_4e_pTHj_genbin0_recobin3 acc 0.0004 eff -1.0 outinratio 0.3035 

ggH126_4e_pTHj_genbin1_recobin3 acc 0.0285 eff 0.0117 outinratio 0.0519 

VBFH126_4e_pTHj_genbin1_recobin3 acc 0.0283 eff 0.0262 outinratio 0.0194 

WminusH126_4e_pTHj_genbin1_recobin3 acc 0.0078 eff -1.0 outinratio 0.0 

WplusH126_4e_pTHj_genbin1_recobin3 acc 0.0112 eff 0.0185 outinratio 0.0625 

ZH126_4e_pTHj_genbin1_recobin3 acc 0.0126 eff 0.0214 outinratio 0.1338 

ttH126_4e_pTHj_genbin1_recobin3 acc 0.0011 eff -1.0 outinratio 0.3035 

ggH126_4e_pTHj_genbin2_recobin3 acc 0.0503 eff 0.0414 outinratio 0.0519 

VBFH126_4e_pTHj_genbin2_recobin3 acc 0.087 eff 0.1011 outinratio 0.0194 

WminusH126_4e_pTHj_genbin2_recobin3 acc 0.0543 eff -1.0 outinratio 0.0 

WplusH126_4e_pTHj_genbin2_recobin3 acc 0.0447 eff 0.0678 outinratio 0.0625 

ZH126_4e_pTHj_genbin2_recobin3 acc 0.0444 eff 0.0634 outinratio 0.1338 

ttH126_4e_pTHj_genbin2_recobin3 acc 0.0105 eff 0.0558 outinratio 0.3035 

ggH126_4e_pTHj_genbin3_recobin3 acc 0.0257 eff 0.1748 outinratio 0.0519 

VBFH126_4e_pTHj_genbin3_recobin3 acc 0.0625 eff 0.1738 outinratio 0.0194 

WminusH126_4e_pTHj_genbin3_recobin3 acc 0.0155 eff -1.0 outinratio 0.0 

WplusH126_4e_pTHj_genbin3_recobin3 acc 0.0371 eff 0.1757 outinratio 0.0625 

ZH126_4e_pTHj_genbin3_recobin3 acc 0.0388 eff 0.1032 outinratio 0.1338 

ttH126_4e_pTHj_genbin3_recobin3 acc 0.0116 eff 0.174 outinratio 0.3035 

ggH126_4e_pTHj_genbin4_recobin3 acc 0.039 eff 0.0373 outinratio 0.0519 

VBFH126_4e_pTHj_genbin4_recobin3 acc 0.1773 eff 0.0367 outinratio 0.0194 

WminusH126_4e_pTHj_genbin4_recobin3 acc 0.1008 eff 0.0 outinratio 0.0 

WplusH126_4e_pTHj_genbin4_recobin3 acc 0.0847 eff 0.034 outinratio 0.0625 

ZH126_4e_pTHj_genbin4_recobin3 acc 0.1073 eff 0.035 outinratio 0.1338 

ttH126_4e_pTHj_genbin4_recobin3 acc 0.0679 eff 0.0243 outinratio 0.3035 

ggH126_4e_pTHj_genbin5_recobin3 acc 0.012 eff 0.0 outinratio 0.0519 

VBFH126_4e_pTHj_genbin5_recobin3 acc 0.0484 eff 0.0064 outinratio 0.0194 

WminusH126_4e_pTHj_genbin5_recobin3 acc 0.0465 eff -1.0 outinratio 0.0 

WplusH126_4e_pTHj_genbin5_recobin3 acc 0.0522 eff 0.0 outinratio 0.0625 

ZH126_4e_pTHj_genbin5_recobin3 acc 0.0498 eff 0.0114 outinratio 0.1338 

ttH126_4e_pTHj_genbin5_recobin3 acc 0.2227 eff 0.0 outinratio 0.3035 

ggH126_4e_pTHj_genbin0_recobin4 acc 0.2453 eff 0.0158 outinratio 0.0501 

VBFH126_4e_pTHj_genbin0_recobin4 acc 0.0424 eff 0.0555 outinratio 0.0416 

WminusH126_4e_pTHj_genbin0_recobin4 acc 0.0698 eff -1.0 outinratio 0.0 

WplusH126_4e_pTHj_genbin0_recobin4 acc 0.0732 eff 0.025 outinratio 0.0849 

ZH126_4e_pTHj_genbin0_recobin4 acc 0.0723 eff 0.0324 outinratio 0.091 

ttH126_4e_pTHj_genbin0_recobin4 acc 0.0004 eff -1.0 outinratio 0.2164 

ggH126_4e_pTHj_genbin1_recobin4 acc 0.0285 eff 0.0037 outinratio 0.0501 

VBFH126_4e_pTHj_genbin1_recobin4 acc 0.0283 eff -0.0119 outinratio 0.0416 

WminusH126_4e_pTHj_genbin1_recobin4 acc 0.0078 eff -1.0 outinratio 0.0 

WplusH126_4e_pTHj_genbin1_recobin4 acc 0.0112 eff 0.0329 outinratio 0.0849 

ZH126_4e_pTHj_genbin1_recobin4 acc 0.0126 eff 0.0 outinratio 0.091 

ttH126_4e_pTHj_genbin1_recobin4 acc 0.0011 eff -1.0 outinratio 0.2164 

ggH126_4e_pTHj_genbin2_recobin4 acc 0.0503 eff 0.0195 outinratio 0.0501 

VBFH126_4e_pTHj_genbin2_recobin4 acc 0.087 eff 0.0372 outinratio 0.0416 

WminusH126_4e_pTHj_genbin2_recobin4 acc 0.0543 eff -1.0 outinratio 0.0 

WplusH126_4e_pTHj_genbin2_recobin4 acc 0.0447 eff 0.0187 outinratio 0.0849 

ZH126_4e_pTHj_genbin2_recobin4 acc 0.0444 eff 0.0379 outinratio 0.091 

ttH126_4e_pTHj_genbin2_recobin4 acc 0.0105 eff 0.017 outinratio 0.2164 

ggH126_4e_pTHj_genbin3_recobin4 acc 0.0257 eff 0.0836 outinratio 0.0501 

VBFH126_4e_pTHj_genbin3_recobin4 acc 0.0625 eff 0.0887 outinratio 0.0416 

WminusH126_4e_pTHj_genbin3_recobin4 acc 0.0155 eff -1.0 outinratio 0.0 

WplusH126_4e_pTHj_genbin3_recobin4 acc 0.0371 eff 0.0874 outinratio 0.0849 

ZH126_4e_pTHj_genbin3_recobin4 acc 0.0388 eff 0.0966 outinratio 0.091 

ttH126_4e_pTHj_genbin3_recobin4 acc 0.0116 eff 0.0672 outinratio 0.2164 

ggH126_4e_pTHj_genbin4_recobin4 acc 0.039 eff 0.2901 outinratio 0.0501 

VBFH126_4e_pTHj_genbin4_recobin4 acc 0.1773 eff 0.2541 outinratio 0.0416 

WminusH126_4e_pTHj_genbin4_recobin4 acc 0.1008 eff 0.4885 outinratio 0.0 

WplusH126_4e_pTHj_genbin4_recobin4 acc 0.0847 eff 0.2583 outinratio 0.0849 

ZH126_4e_pTHj_genbin4_recobin4 acc 0.1073 eff 0.2714 outinratio 0.091 

ttH126_4e_pTHj_genbin4_recobin4 acc 0.0679 eff 0.2078 outinratio 0.2164 

ggH126_4e_pTHj_genbin5_recobin4 acc 0.012 eff 0.0318 outinratio 0.0501 

VBFH126_4e_pTHj_genbin5_recobin4 acc 0.0484 eff 0.0799 outinratio 0.0416 

WminusH126_4e_pTHj_genbin5_recobin4 acc 0.0465 eff -1.0 outinratio 0.0 

WplusH126_4e_pTHj_genbin5_recobin4 acc 0.0522 eff 0.048 outinratio 0.0849 

ZH126_4e_pTHj_genbin5_recobin4 acc 0.0498 eff 0.032 outinratio 0.091 

ttH126_4e_pTHj_genbin5_recobin4 acc 0.2227 eff 0.022 outinratio 0.2164 

ggH126_4e_pTHj_genbin0_recobin5 acc 0.2453 eff 0.0005 outinratio 0.0406 

VBFH126_4e_pTHj_genbin0_recobin5 acc 0.0424 eff 0.0 outinratio 0.0 

WminusH126_4e_pTHj_genbin0_recobin5 acc 0.0698 eff -1.0 outinratio 0.0 

WplusH126_4e_pTHj_genbin0_recobin5 acc 0.0732 eff 0.0231 outinratio 0.0681 

ZH126_4e_pTHj_genbin0_recobin5 acc 0.0723 eff 0.0189 outinratio 0.071 

ttH126_4e_pTHj_genbin0_recobin5 acc 0.0004 eff -1.0 outinratio 0.1672 

ggH126_4e_pTHj_genbin1_recobin5 acc 0.0285 eff 0.0 outinratio 0.0406 

VBFH126_4e_pTHj_genbin1_recobin5 acc 0.0283 eff 0.0 outinratio 0.0 

WminusH126_4e_pTHj_genbin1_recobin5 acc 0.0078 eff -1.0 outinratio 0.0 

WplusH126_4e_pTHj_genbin1_recobin5 acc 0.0112 eff 0.0027 outinratio 0.0681 

ZH126_4e_pTHj_genbin1_recobin5 acc 0.0126 eff 0.0 outinratio 0.071 

ttH126_4e_pTHj_genbin1_recobin5 acc 0.0011 eff -1.0 outinratio 0.1672 

ggH126_4e_pTHj_genbin2_recobin5 acc 0.0503 eff 0.0025 outinratio 0.0406 

VBFH126_4e_pTHj_genbin2_recobin5 acc 0.087 eff 0.0 outinratio 0.0 

WminusH126_4e_pTHj_genbin2_recobin5 acc 0.0543 eff -1.0 outinratio 0.0 

WplusH126_4e_pTHj_genbin2_recobin5 acc 0.0447 eff 0.0061 outinratio 0.0681 

ZH126_4e_pTHj_genbin2_recobin5 acc 0.0444 eff 0.0039 outinratio 0.071 

ttH126_4e_pTHj_genbin2_recobin5 acc 0.0105 eff 0.0333 outinratio 0.1672 

ggH126_4e_pTHj_genbin3_recobin5 acc 0.0257 eff 0.0065 outinratio 0.0406 

VBFH126_4e_pTHj_genbin3_recobin5 acc 0.0625 eff 0.0214 outinratio 0.0 

WminusH126_4e_pTHj_genbin3_recobin5 acc 0.0155 eff -1.0 outinratio 0.0 

WplusH126_4e_pTHj_genbin3_recobin5 acc 0.0371 eff 0.0054 outinratio 0.0681 

ZH126_4e_pTHj_genbin3_recobin5 acc 0.0388 eff 0.0045 outinratio 0.071 

ttH126_4e_pTHj_genbin3_recobin5 acc 0.0116 eff 0.0 outinratio 0.1672 

ggH126_4e_pTHj_genbin4_recobin5 acc 0.039 eff 0.0352 outinratio 0.0406 

VBFH126_4e_pTHj_genbin4_recobin5 acc 0.1773 eff 0.0336 outinratio 0.0 

WminusH126_4e_pTHj_genbin4_recobin5 acc 0.1008 eff 0.0 outinratio 0.0 

WplusH126_4e_pTHj_genbin4_recobin5 acc 0.0847 eff 0.039 outinratio 0.0681 

ZH126_4e_pTHj_genbin4_recobin5 acc 0.1073 eff 0.0152 outinratio 0.071 

ttH126_4e_pTHj_genbin4_recobin5 acc 0.0679 eff 0.0691 outinratio 0.1672 

ggH126_4e_pTHj_genbin5_recobin5 acc 0.012 eff 0.335 outinratio 0.0406 

VBFH126_4e_pTHj_genbin5_recobin5 acc 0.0484 eff 0.341 outinratio 0.0 

WminusH126_4e_pTHj_genbin5_recobin5 acc 0.0465 eff -1.0 outinratio 0.0 

WplusH126_4e_pTHj_genbin5_recobin5 acc 0.0522 eff 0.3187 outinratio 0.0681 

ZH126_4e_pTHj_genbin5_recobin5 acc 0.0498 eff 0.3152 outinratio 0.071 

ttH126_4e_pTHj_genbin5_recobin5 acc 0.2227 eff 0.3428 outinratio 0.1672 

ggH126_4mu_pTHj_genbin0_recobin0 acc 0.2708 eff 0.7057 outinratio 0.0535 

VBFH126_4mu_pTHj_genbin0_recobin0 acc 0.0362 eff 0.4888 outinratio 0.013 

WminusH126_4mu_pTHj_genbin0_recobin0 acc 0.0909 eff -1.0 outinratio 0.282 

WplusH126_4mu_pTHj_genbin0_recobin0 acc 0.0802 eff 0.5472 outinratio 0.0537 

ZH126_4mu_pTHj_genbin0_recobin0 acc 0.0818 eff 0.6393 outinratio 0.0876 

ttH126_4mu_pTHj_genbin0_recobin0 acc 0.0018 eff -1.0 outinratio 1.34 

ggH126_4mu_pTHj_genbin1_recobin0 acc 0.0278 eff 0.1303 outinratio 0.0535 

VBFH126_4mu_pTHj_genbin1_recobin0 acc 0.0245 eff 0.0524 outinratio 0.013 

WminusH126_4mu_pTHj_genbin1_recobin0 acc 0.0273 eff -1.0 outinratio 0.282 

WplusH126_4mu_pTHj_genbin1_recobin0 acc 0.0124 eff 0.033 outinratio 0.0537 

ZH126_4mu_pTHj_genbin1_recobin0 acc 0.0134 eff 0.0713 outinratio 0.0876 

ttH126_4mu_pTHj_genbin1_recobin0 acc 0.0014 eff -1.0 outinratio 1.34 

ggH126_4mu_pTHj_genbin2_recobin0 acc 0.0517 eff 0.0917 outinratio 0.0535 

VBFH126_4mu_pTHj_genbin2_recobin0 acc 0.0901 eff 0.0421 outinratio 0.013 

WminusH126_4mu_pTHj_genbin2_recobin0 acc 0.0727 eff -1.0 outinratio 0.282 

WplusH126_4mu_pTHj_genbin2_recobin0 acc 0.0483 eff 0.0401 outinratio 0.0537 

ZH126_4mu_pTHj_genbin2_recobin0 acc 0.0454 eff 0.0515 outinratio 0.0876 

ttH126_4mu_pTHj_genbin2_recobin0 acc 0.0089 eff 0.0 outinratio 1.34 

ggH126_4mu_pTHj_genbin3_recobin0 acc 0.0275 eff 0.1097 outinratio 0.0535 

VBFH126_4mu_pTHj_genbin3_recobin0 acc 0.0884 eff 0.0509 outinratio 0.013 

WminusH126_4mu_pTHj_genbin3_recobin0 acc 0.0364 eff -1.0 outinratio 0.282 

WplusH126_4mu_pTHj_genbin3_recobin0 acc 0.0422 eff 0.0228 outinratio 0.0537 

ZH126_4mu_pTHj_genbin3_recobin0 acc 0.0516 eff 0.0271 outinratio 0.0876 

ttH126_4mu_pTHj_genbin3_recobin0 acc 0.0128 eff 0.0 outinratio 1.34 

ggH126_4mu_pTHj_genbin4_recobin0 acc 0.0369 eff 0.0316 outinratio 0.0535 

VBFH126_4mu_pTHj_genbin4_recobin0 acc 0.1652 eff 0.0132 outinratio 0.013 

WminusH126_4mu_pTHj_genbin4_recobin0 acc 0.0727 eff -1.0 outinratio 0.282 

WplusH126_4mu_pTHj_genbin4_recobin0 acc 0.0922 eff 0.0169 outinratio 0.0537 

ZH126_4mu_pTHj_genbin4_recobin0 acc 0.1112 eff 0.0085 outinratio 0.0876 

ttH126_4mu_pTHj_genbin4_recobin0 acc 0.0754 eff 0.0 outinratio 1.34 

ggH126_4mu_pTHj_genbin5_recobin0 acc 0.0119 eff 0.0 outinratio 0.0535 

VBFH126_4mu_pTHj_genbin5_recobin0 acc 0.069 eff 0.0 outinratio 0.013 

WminusH126_4mu_pTHj_genbin5_recobin0 acc 0.0545 eff -1.0 outinratio 0.282 

WplusH126_4mu_pTHj_genbin5_recobin0 acc 0.0567 eff 0.0138 outinratio 0.0537 

ZH126_4mu_pTHj_genbin5_recobin0 acc 0.0636 eff 0.0044 outinratio 0.0876 

ttH126_4mu_pTHj_genbin5_recobin0 acc 0.2424 eff 0.001 outinratio 1.34 

ggH126_4mu_pTHj_genbin0_recobin1 acc 0.2708 eff 0.0134 outinratio 0.0382 

VBFH126_4mu_pTHj_genbin0_recobin1 acc 0.0362 eff 0.0674 outinratio 0.0235 

WminusH126_4mu_pTHj_genbin0_recobin1 acc 0.0909 eff -1.0 outinratio 0.0 

WplusH126_4mu_pTHj_genbin0_recobin1 acc 0.0802 eff 0.0084 outinratio 0.0901 

ZH126_4mu_pTHj_genbin0_recobin1 acc 0.0818 eff 0.0009 outinratio 0.1433 

ttH126_4mu_pTHj_genbin0_recobin1 acc 0.0018 eff -1.0 outinratio 0.2805 

ggH126_4mu_pTHj_genbin1_recobin1 acc 0.0278 eff 0.3889 outinratio 0.0382 

VBFH126_4mu_pTHj_genbin1_recobin1 acc 0.0245 eff 0.3491 outinratio 0.0235 

WminusH126_4mu_pTHj_genbin1_recobin1 acc 0.0273 eff -1.0 outinratio 0.0 

WplusH126_4mu_pTHj_genbin1_recobin1 acc 0.0124 eff 0.3658 outinratio 0.0901 

ZH126_4mu_pTHj_genbin1_recobin1 acc 0.0134 eff 0.3172 outinratio 0.1433 

ttH126_4mu_pTHj_genbin1_recobin1 acc 0.0014 eff -1.0 outinratio 0.2805 

ggH126_4mu_pTHj_genbin2_recobin1 acc 0.0517 eff 0.0918 outinratio 0.0382 

VBFH126_4mu_pTHj_genbin2_recobin1 acc 0.0901 eff 0.0695 outinratio 0.0235 

WminusH126_4mu_pTHj_genbin2_recobin1 acc 0.0727 eff -1.0 outinratio 0.0 

WplusH126_4mu_pTHj_genbin2_recobin1 acc 0.0483 eff 0.0652 outinratio 0.0901 

ZH126_4mu_pTHj_genbin2_recobin1 acc 0.0454 eff 0.0764 outinratio 0.1433 

ttH126_4mu_pTHj_genbin2_recobin1 acc 0.0089 eff 0.058 outinratio 0.2805 

ggH126_4mu_pTHj_genbin3_recobin1 acc 0.0275 eff 0.0151 outinratio 0.0382 

VBFH126_4mu_pTHj_genbin3_recobin1 acc 0.0884 eff 0.0138 outinratio 0.0235 

WminusH126_4mu_pTHj_genbin3_recobin1 acc 0.0364 eff -1.0 outinratio 0.0 

WplusH126_4mu_pTHj_genbin3_recobin1 acc 0.0422 eff 0.0065 outinratio 0.0901 

ZH126_4mu_pTHj_genbin3_recobin1 acc 0.0516 eff 0.0 outinratio 0.1433 

ttH126_4mu_pTHj_genbin3_recobin1 acc 0.0128 eff 0.0 outinratio 0.2805 

ggH126_4mu_pTHj_genbin4_recobin1 acc 0.0369 eff 0.0014 outinratio 0.0382 

VBFH126_4mu_pTHj_genbin4_recobin1 acc 0.1652 eff 0.0 outinratio 0.0235 

WminusH126_4mu_pTHj_genbin4_recobin1 acc 0.0727 eff -1.0 outinratio 0.0 

WplusH126_4mu_pTHj_genbin4_recobin1 acc 0.0922 eff 0.001 outinratio 0.0901 

ZH126_4mu_pTHj_genbin4_recobin1 acc 0.1112 eff 0.0076 outinratio 0.1433 

ttH126_4mu_pTHj_genbin4_recobin1 acc 0.0754 eff 0.0053 outinratio 0.2805 

ggH126_4mu_pTHj_genbin5_recobin1 acc 0.0119 eff 0.0 outinratio 0.0382 

VBFH126_4mu_pTHj_genbin5_recobin1 acc 0.069 eff 0.0 outinratio 0.0235 

WminusH126_4mu_pTHj_genbin5_recobin1 acc 0.0545 eff -1.0 outinratio 0.0 

WplusH126_4mu_pTHj_genbin5_recobin1 acc 0.0567 eff 0.0006 outinratio 0.0901 

ZH126_4mu_pTHj_genbin5_recobin1 acc 0.0636 eff 0.0 outinratio 0.1433 

ttH126_4mu_pTHj_genbin5_recobin1 acc 0.2424 eff 0.0 outinratio 0.2805 

ggH126_4mu_pTHj_genbin0_recobin2 acc 0.2708 eff 0.0248 outinratio 0.0325 

VBFH126_4mu_pTHj_genbin0_recobin2 acc 0.0362 eff 0.063 outinratio 0.0275 

WminusH126_4mu_pTHj_genbin0_recobin2 acc 0.0909 eff -1.0 outinratio 0.0 

WplusH126_4mu_pTHj_genbin0_recobin2 acc 0.0802 eff 0.0321 outinratio 0.0637 

ZH126_4mu_pTHj_genbin0_recobin2 acc 0.0818 eff 0.0276 outinratio 0.0448 

ttH126_4mu_pTHj_genbin0_recobin2 acc 0.0018 eff -1.0 outinratio 0.1199 

ggH126_4mu_pTHj_genbin1_recobin2 acc 0.0278 eff 0.2133 outinratio 0.0325 

VBFH126_4mu_pTHj_genbin1_recobin2 acc 0.0245 eff 0.3195 outinratio 0.0275 

WminusH126_4mu_pTHj_genbin1_recobin2 acc 0.0273 eff -1.0 outinratio 0.0 

WplusH126_4mu_pTHj_genbin1_recobin2 acc 0.0124 eff 0.289 outinratio 0.0637 

ZH126_4mu_pTHj_genbin1_recobin2 acc 0.0134 eff 0.4094 outinratio 0.0448 

ttH126_4mu_pTHj_genbin1_recobin2 acc 0.0014 eff -1.0 outinratio 0.1199 

ggH126_4mu_pTHj_genbin2_recobin2 acc 0.0517 eff 0.4576 outinratio 0.0325 

VBFH126_4mu_pTHj_genbin2_recobin2 acc 0.0901 eff 0.3982 outinratio 0.0275 

WminusH126_4mu_pTHj_genbin2_recobin2 acc 0.0727 eff -1.0 outinratio 0.0 

WplusH126_4mu_pTHj_genbin2_recobin2 acc 0.0483 eff 0.4367 outinratio 0.0637 

ZH126_4mu_pTHj_genbin2_recobin2 acc 0.0454 eff 0.4867 outinratio 0.0448 

ttH126_4mu_pTHj_genbin2_recobin2 acc 0.0089 eff 0.4063 outinratio 0.1199 

ggH126_4mu_pTHj_genbin3_recobin2 acc 0.0275 eff 0.1438 outinratio 0.0325 

VBFH126_4mu_pTHj_genbin3_recobin2 acc 0.0884 eff 0.1603 outinratio 0.0275 

WminusH126_4mu_pTHj_genbin3_recobin2 acc 0.0364 eff -1.0 outinratio 0.0 

WplusH126_4mu_pTHj_genbin3_recobin2 acc 0.0422 eff 0.1205 outinratio 0.0637 

ZH126_4mu_pTHj_genbin3_recobin2 acc 0.0516 eff 0.15 outinratio 0.0448 

ttH126_4mu_pTHj_genbin3_recobin2 acc 0.0128 eff 0.0727 outinratio 0.1199 

ggH126_4mu_pTHj_genbin4_recobin2 acc 0.0369 eff 0.0108 outinratio 0.0325 

VBFH126_4mu_pTHj_genbin4_recobin2 acc 0.1652 eff 0.0218 outinratio 0.0275 

WminusH126_4mu_pTHj_genbin4_recobin2 acc 0.0727 eff -1.0 outinratio 0.0 

WplusH126_4mu_pTHj_genbin4_recobin2 acc 0.0922 eff 0.0148 outinratio 0.0637 

ZH126_4mu_pTHj_genbin4_recobin2 acc 0.1112 eff 0.0082 outinratio 0.0448 

ttH126_4mu_pTHj_genbin4_recobin2 acc 0.0754 eff 0.0129 outinratio 0.1199 

ggH126_4mu_pTHj_genbin5_recobin2 acc 0.0119 eff 0.0 outinratio 0.0325 

VBFH126_4mu_pTHj_genbin5_recobin2 acc 0.069 eff 0.0 outinratio 0.0275 

WminusH126_4mu_pTHj_genbin5_recobin2 acc 0.0545 eff -1.0 outinratio 0.0 

WplusH126_4mu_pTHj_genbin5_recobin2 acc 0.0567 eff 0.0054 outinratio 0.0637 

ZH126_4mu_pTHj_genbin5_recobin2 acc 0.0636 eff 0.0056 outinratio 0.0448 

ttH126_4mu_pTHj_genbin5_recobin2 acc 0.2424 eff 0.0015 outinratio 0.1199 

ggH126_4mu_pTHj_genbin0_recobin3 acc 0.2708 eff 0.0249 outinratio 0.0469 

VBFH126_4mu_pTHj_genbin0_recobin3 acc 0.0362 eff 0.0781 outinratio 0.0267 

WminusH126_4mu_pTHj_genbin0_recobin3 acc 0.0909 eff -1.0 outinratio 0.8446 

WplusH126_4mu_pTHj_genbin0_recobin3 acc 0.0802 eff 0.0337 outinratio 0.1011 

ZH126_4mu_pTHj_genbin0_recobin3 acc 0.0818 eff 0.0104 outinratio 0.0878 

ttH126_4mu_pTHj_genbin0_recobin3 acc 0.0018 eff -1.0 outinratio 0.1175 

ggH126_4mu_pTHj_genbin1_recobin3 acc 0.0278 eff 0.026 outinratio 0.0469 

VBFH126_4mu_pTHj_genbin1_recobin3 acc 0.0245 eff 0.0793 outinratio 0.0267 

WminusH126_4mu_pTHj_genbin1_recobin3 acc 0.0273 eff -1.0 outinratio 0.8446 

WplusH126_4mu_pTHj_genbin1_recobin3 acc 0.0124 eff 0.0296 outinratio 0.1011 

ZH126_4mu_pTHj_genbin1_recobin3 acc 0.0134 eff 0.0142 outinratio 0.0878 

ttH126_4mu_pTHj_genbin1_recobin3 acc 0.0014 eff -1.0 outinratio 0.1175 

ggH126_4mu_pTHj_genbin2_recobin3 acc 0.0517 eff 0.1027 outinratio 0.0469 

VBFH126_4mu_pTHj_genbin2_recobin3 acc 0.0901 eff 0.1838 outinratio 0.0267 

WminusH126_4mu_pTHj_genbin2_recobin3 acc 0.0727 eff -1.0 outinratio 0.8446 

WplusH126_4mu_pTHj_genbin2_recobin3 acc 0.0483 eff 0.1316 outinratio 0.1011 

ZH126_4mu_pTHj_genbin2_recobin3 acc 0.0454 eff 0.1319 outinratio 0.0878 

ttH126_4mu_pTHj_genbin2_recobin3 acc 0.0089 eff 0.066 outinratio 0.1175 

ggH126_4mu_pTHj_genbin3_recobin3 acc 0.0275 eff 0.3616 outinratio 0.0469 

VBFH126_4mu_pTHj_genbin3_recobin3 acc 0.0884 eff 0.2608 outinratio 0.0267 

WminusH126_4mu_pTHj_genbin3_recobin3 acc 0.0364 eff -1.0 outinratio 0.8446 

WplusH126_4mu_pTHj_genbin3_recobin3 acc 0.0422 eff 0.4409 outinratio 0.1011 

ZH126_4mu_pTHj_genbin3_recobin3 acc 0.0516 eff 0.3467 outinratio 0.0878 

ttH126_4mu_pTHj_genbin3_recobin3 acc 0.0128 eff 0.3954 outinratio 0.1175 

ggH126_4mu_pTHj_genbin4_recobin3 acc 0.0369 eff 0.0599 outinratio 0.0469 

VBFH126_4mu_pTHj_genbin4_recobin3 acc 0.1652 eff 0.0645 outinratio 0.0267 

WminusH126_4mu_pTHj_genbin4_recobin3 acc 0.0727 eff -1.0 outinratio 0.8446 

WplusH126_4mu_pTHj_genbin4_recobin3 acc 0.0922 eff 0.0559 outinratio 0.1011 

ZH126_4mu_pTHj_genbin4_recobin3 acc 0.1112 eff 0.066 outinratio 0.0878 

ttH126_4mu_pTHj_genbin4_recobin3 acc 0.0754 eff 0.0534 outinratio 0.1175 

ggH126_4mu_pTHj_genbin5_recobin3 acc 0.0119 eff 0.0013 outinratio 0.0469 

VBFH126_4mu_pTHj_genbin5_recobin3 acc 0.069 eff 0.0 outinratio 0.0267 

WminusH126_4mu_pTHj_genbin5_recobin3 acc 0.0545 eff -1.0 outinratio 0.8446 

WplusH126_4mu_pTHj_genbin5_recobin3 acc 0.0567 eff 0.0041 outinratio 0.1011 

ZH126_4mu_pTHj_genbin5_recobin3 acc 0.0636 eff 0.0019 outinratio 0.0878 

ttH126_4mu_pTHj_genbin5_recobin3 acc 0.2424 eff 0.004 outinratio 0.1175 

ggH126_4mu_pTHj_genbin0_recobin4 acc 0.2708 eff 0.039 outinratio 0.0616 

VBFH126_4mu_pTHj_genbin0_recobin4 acc 0.0362 eff 0.0821 outinratio 0.0721 

WminusH126_4mu_pTHj_genbin0_recobin4 acc 0.0909 eff -1.0 outinratio 0.0 

WplusH126_4mu_pTHj_genbin0_recobin4 acc 0.0802 eff 0.0998 outinratio 0.0589 

ZH126_4mu_pTHj_genbin0_recobin4 acc 0.0818 eff 0.0489 outinratio 0.0616 

ttH126_4mu_pTHj_genbin0_recobin4 acc 0.0018 eff -1.0 outinratio 0.0986 

ggH126_4mu_pTHj_genbin1_recobin4 acc 0.0278 eff 0.0207 outinratio 0.0616 

VBFH126_4mu_pTHj_genbin1_recobin4 acc 0.0245 eff 0.1087 outinratio 0.0721 

WminusH126_4mu_pTHj_genbin1_recobin4 acc 0.0273 eff -1.0 outinratio 0.0 

WplusH126_4mu_pTHj_genbin1_recobin4 acc 0.0124 eff 0.0288 outinratio 0.0589 

ZH126_4mu_pTHj_genbin1_recobin4 acc 0.0134 eff 0.0328 outinratio 0.0616 

ttH126_4mu_pTHj_genbin1_recobin4 acc 0.0014 eff -1.0 outinratio 0.0986 

ggH126_4mu_pTHj_genbin2_recobin4 acc 0.0517 eff 0.0496 outinratio 0.0616 

VBFH126_4mu_pTHj_genbin2_recobin4 acc 0.0901 eff 0.0527 outinratio 0.0721 

WminusH126_4mu_pTHj_genbin2_recobin4 acc 0.0727 eff -1.0 outinratio 0.0 

WplusH126_4mu_pTHj_genbin2_recobin4 acc 0.0483 eff 0.062 outinratio 0.0589 

ZH126_4mu_pTHj_genbin2_recobin4 acc 0.0454 eff 0.061 outinratio 0.0616 

ttH126_4mu_pTHj_genbin2_recobin4 acc 0.0089 eff 0.0447 outinratio 0.0986 

ggH126_4mu_pTHj_genbin3_recobin4 acc 0.0275 eff 0.1747 outinratio 0.0616 

VBFH126_4mu_pTHj_genbin3_recobin4 acc 0.0884 eff 0.2449 outinratio 0.0721 

WminusH126_4mu_pTHj_genbin3_recobin4 acc 0.0364 eff -1.0 outinratio 0.0 

WplusH126_4mu_pTHj_genbin3_recobin4 acc 0.0422 eff 0.1844 outinratio 0.0589 

ZH126_4mu_pTHj_genbin3_recobin4 acc 0.0516 eff 0.2174 outinratio 0.0616 

ttH126_4mu_pTHj_genbin3_recobin4 acc 0.0128 eff 0.1812 outinratio 0.0986 

ggH126_4mu_pTHj_genbin4_recobin4 acc 0.0369 eff 0.6597 outinratio 0.0616 

VBFH126_4mu_pTHj_genbin4_recobin4 acc 0.1652 eff 0.6113 outinratio 0.0721 

WminusH126_4mu_pTHj_genbin4_recobin4 acc 0.0727 eff -1.0 outinratio 0.0 

WplusH126_4mu_pTHj_genbin4_recobin4 acc 0.0922 eff 0.6483 outinratio 0.0589 

ZH126_4mu_pTHj_genbin4_recobin4 acc 0.1112 eff 0.6987 outinratio 0.0616 

ttH126_4mu_pTHj_genbin4_recobin4 acc 0.0754 eff 0.482 outinratio 0.0986 

ggH126_4mu_pTHj_genbin5_recobin4 acc 0.0119 eff 0.1201 outinratio 0.0616 

VBFH126_4mu_pTHj_genbin5_recobin4 acc 0.069 eff 0.1322 outinratio 0.0721 

WminusH126_4mu_pTHj_genbin5_recobin4 acc 0.0545 eff -1.0 outinratio 0.0 

WplusH126_4mu_pTHj_genbin5_recobin4 acc 0.0567 eff 0.0858 outinratio 0.0589 

ZH126_4mu_pTHj_genbin5_recobin4 acc 0.0636 eff 0.0531 outinratio 0.0616 

ttH126_4mu_pTHj_genbin5_recobin4 acc 0.2424 eff 0.0653 outinratio 0.0986 

ggH126_4mu_pTHj_genbin0_recobin5 acc 0.2708 eff 0.004 outinratio 0.0442 

VBFH126_4mu_pTHj_genbin0_recobin5 acc 0.0362 eff 0.0 outinratio 0.0149 

WminusH126_4mu_pTHj_genbin0_recobin5 acc 0.0909 eff -1.0 outinratio 0.0 

WplusH126_4mu_pTHj_genbin0_recobin5 acc 0.0802 eff 0.0737 outinratio 0.0694 

ZH126_4mu_pTHj_genbin0_recobin5 acc 0.0818 eff 0.0265 outinratio 0.1033 

ttH126_4mu_pTHj_genbin0_recobin5 acc 0.0018 eff -1.0 outinratio 0.1633 

ggH126_4mu_pTHj_genbin1_recobin5 acc 0.0278 eff 0.0054 outinratio 0.0442 

VBFH126_4mu_pTHj_genbin1_recobin5 acc 0.0245 eff 0.0 outinratio 0.0149 

WminusH126_4mu_pTHj_genbin1_recobin5 acc 0.0273 eff -1.0 outinratio 0.0 

WplusH126_4mu_pTHj_genbin1_recobin5 acc 0.0124 eff 0.0199 outinratio 0.0694 

ZH126_4mu_pTHj_genbin1_recobin5 acc 0.0134 eff 0.0167 outinratio 0.1033 

ttH126_4mu_pTHj_genbin1_recobin5 acc 0.0014 eff -1.0 outinratio 0.1633 

ggH126_4mu_pTHj_genbin2_recobin5 acc 0.0517 eff 0.0095 outinratio 0.0442 

VBFH126_4mu_pTHj_genbin2_recobin5 acc 0.0901 eff 0.0112 outinratio 0.0149 

WminusH126_4mu_pTHj_genbin2_recobin5 acc 0.0727 eff -1.0 outinratio 0.0 

WplusH126_4mu_pTHj_genbin2_recobin5 acc 0.0483 eff 0.0165 outinratio 0.0694 

ZH126_4mu_pTHj_genbin2_recobin5 acc 0.0454 eff 0.0199 outinratio 0.1033 

ttH126_4mu_pTHj_genbin2_recobin5 acc 0.0089 eff 0.1114 outinratio 0.1633 

ggH126_4mu_pTHj_genbin3_recobin5 acc 0.0275 eff 0.0142 outinratio 0.0442 

VBFH126_4mu_pTHj_genbin3_recobin5 acc 0.0884 eff 0.0444 outinratio 0.0149 

WminusH126_4mu_pTHj_genbin3_recobin5 acc 0.0364 eff -1.0 outinratio 0.0 

WplusH126_4mu_pTHj_genbin3_recobin5 acc 0.0422 eff 0.0154 outinratio 0.0694 

ZH126_4mu_pTHj_genbin3_recobin5 acc 0.0516 eff 0.0185 outinratio 0.1033 

ttH126_4mu_pTHj_genbin3_recobin5 acc 0.0128 eff 0.1541 outinratio 0.1633 

ggH126_4mu_pTHj_genbin4_recobin5 acc 0.0369 eff 0.061 outinratio 0.0442 

VBFH126_4mu_pTHj_genbin4_recobin5 acc 0.1652 eff 0.0949 outinratio 0.0149 

WminusH126_4mu_pTHj_genbin4_recobin5 acc 0.0727 eff -1.0 outinratio 0.0 

WplusH126_4mu_pTHj_genbin4_recobin5 acc 0.0922 eff 0.0677 outinratio 0.0694 

ZH126_4mu_pTHj_genbin4_recobin5 acc 0.1112 eff 0.0668 outinratio 0.1033 

ttH126_4mu_pTHj_genbin4_recobin5 acc 0.0754 eff 0.224 outinratio 0.1633 

ggH126_4mu_pTHj_genbin5_recobin5 acc 0.0119 eff 0.7082 outinratio 0.0442 

VBFH126_4mu_pTHj_genbin5_recobin5 acc 0.069 eff 0.8377 outinratio 0.0149 

WminusH126_4mu_pTHj_genbin5_recobin5 acc 0.0545 eff -1.0 outinratio 0.0 

WplusH126_4mu_pTHj_genbin5_recobin5 acc 0.0567 eff 0.6972 outinratio 0.0694 

ZH126_4mu_pTHj_genbin5_recobin5 acc 0.0636 eff 0.7203 outinratio 0.1033 

ttH126_4mu_pTHj_genbin5_recobin5 acc 0.2424 eff 0.6885 outinratio 0.1633 

ggH126_2e2mu_pTHj_genbin0_recobin0 acc 0.2529 eff 0.4456 outinratio 0.0529 

VBFH126_2e2mu_pTHj_genbin0_recobin0 acc 0.0362 eff 0.379 outinratio 0.0098 

WminusH126_2e2mu_pTHj_genbin0_recobin0 acc 0.1043 eff 0.2994 outinratio 0.3318 

WplusH126_2e2mu_pTHj_genbin0_recobin0 acc 0.0716 eff 0.3706 outinratio 0.0658 

ZH126_2e2mu_pTHj_genbin0_recobin0 acc 0.0735 eff 0.4073 outinratio 0.0759 

ttH126_2e2mu_pTHj_genbin0_recobin0 acc 0.0 eff -1.0 outinratio 0.0 

ggH126_2e2mu_pTHj_genbin1_recobin0 acc 0.0272 eff 0.0734 outinratio 0.0529 

VBFH126_2e2mu_pTHj_genbin1_recobin0 acc 0.025 eff 0.0222 outinratio 0.0098 

WminusH126_2e2mu_pTHj_genbin1_recobin0 acc 0.0043 eff -1.0 outinratio 0.3318 

WplusH126_2e2mu_pTHj_genbin1_recobin0 acc 0.0134 eff 0.0168 outinratio 0.0658 

ZH126_2e2mu_pTHj_genbin1_recobin0 acc 0.0108 eff 0.039 outinratio 0.0759 

ttH126_2e2mu_pTHj_genbin1_recobin0 acc 0.0018 eff -1.0 outinratio 0.0 

ggH126_2e2mu_pTHj_genbin2_recobin0 acc 0.0465 eff 0.0785 outinratio 0.0529 

VBFH126_2e2mu_pTHj_genbin2_recobin0 acc 0.0983 eff 0.0392 outinratio 0.0098 

WminusH126_2e2mu_pTHj_genbin2_recobin0 acc 0.0478 eff 0.0 outinratio 0.3318 

WplusH126_2e2mu_pTHj_genbin2_recobin0 acc 0.0445 eff 0.0228 outinratio 0.0658 

ZH126_2e2mu_pTHj_genbin2_recobin0 acc 0.0489 eff 0.0163 outinratio 0.0759 

ttH126_2e2mu_pTHj_genbin2_recobin0 acc 0.0108 eff 0.0 outinratio 0.0 

ggH126_2e2mu_pTHj_genbin3_recobin0 acc 0.0263 eff 0.0454 outinratio 0.0529 

VBFH126_2e2mu_pTHj_genbin3_recobin0 acc 0.0892 eff 0.0239 outinratio 0.0098 

WminusH126_2e2mu_pTHj_genbin3_recobin0 acc 0.0478 eff 0.0 outinratio 0.3318 

WplusH126_2e2mu_pTHj_genbin3_recobin0 acc 0.0396 eff 0.0324 outinratio 0.0658 

ZH126_2e2mu_pTHj_genbin3_recobin0 acc 0.0445 eff 0.0309 outinratio 0.0759 

ttH126_2e2mu_pTHj_genbin3_recobin0 acc 0.0114 eff 0.0 outinratio 0.0 

ggH126_2e2mu_pTHj_genbin4_recobin0 acc 0.0365 eff 0.0345 outinratio 0.0529 

VBFH126_2e2mu_pTHj_genbin4_recobin0 acc 0.1625 eff 0.0033 outinratio 0.0098 

WminusH126_2e2mu_pTHj_genbin4_recobin0 acc 0.1174 eff 0.0309 outinratio 0.3318 

WplusH126_2e2mu_pTHj_genbin4_recobin0 acc 0.0876 eff 0.0118 outinratio 0.0658 

ZH126_2e2mu_pTHj_genbin4_recobin0 acc 0.1077 eff 0.0139 outinratio 0.0759 

ttH126_2e2mu_pTHj_genbin4_recobin0 acc 0.0732 eff 0.0 outinratio 0.0 

ggH126_2e2mu_pTHj_genbin5_recobin0 acc 0.0103 eff 0.0023 outinratio 0.0529 

VBFH126_2e2mu_pTHj_genbin5_recobin0 acc 0.0512 eff 0.0 outinratio 0.0098 

WminusH126_2e2mu_pTHj_genbin5_recobin0 acc 0.0609 eff 0.0 outinratio 0.3318 

WplusH126_2e2mu_pTHj_genbin5_recobin0 acc 0.0522 eff 0.0094 outinratio 0.0658 

ZH126_2e2mu_pTHj_genbin5_recobin0 acc 0.0549 eff 0.0057 outinratio 0.0759 

ttH126_2e2mu_pTHj_genbin5_recobin0 acc 0.2139 eff 0.0 outinratio 0.0 

ggH126_2e2mu_pTHj_genbin0_recobin1 acc 0.2529 eff 0.0062 outinratio 0.048 

VBFH126_2e2mu_pTHj_genbin0_recobin1 acc 0.0362 eff 0.0247 outinratio 0.0331 

WminusH126_2e2mu_pTHj_genbin0_recobin1 acc 0.1043 eff 0.0 outinratio 0.0 

WplusH126_2e2mu_pTHj_genbin0_recobin1 acc 0.0716 eff 0.0047 outinratio 0.0733 

ZH126_2e2mu_pTHj_genbin0_recobin1 acc 0.0735 eff 0.0142 outinratio 0.0784 

ttH126_2e2mu_pTHj_genbin0_recobin1 acc 0.0 eff -1.0 outinratio 0.0 

ggH126_2e2mu_pTHj_genbin1_recobin1 acc 0.0272 eff 0.2642 outinratio 0.048 

VBFH126_2e2mu_pTHj_genbin1_recobin1 acc 0.025 eff 0.2944 outinratio 0.0331 

WminusH126_2e2mu_pTHj_genbin1_recobin1 acc 0.0043 eff -1.0 outinratio 0.0 

WplusH126_2e2mu_pTHj_genbin1_recobin1 acc 0.0134 eff 0.2673 outinratio 0.0733 

ZH126_2e2mu_pTHj_genbin1_recobin1 acc 0.0108 eff 0.208 outinratio 0.0784 

ttH126_2e2mu_pTHj_genbin1_recobin1 acc 0.0018 eff -1.0 outinratio 0.0 

ggH126_2e2mu_pTHj_genbin2_recobin1 acc 0.0465 eff 0.0376 outinratio 0.048 

VBFH126_2e2mu_pTHj_genbin2_recobin1 acc 0.0983 eff 0.0675 outinratio 0.0331 

WminusH126_2e2mu_pTHj_genbin2_recobin1 acc 0.0478 eff 0.0 outinratio 0.0 

WplusH126_2e2mu_pTHj_genbin2_recobin1 acc 0.0445 eff 0.0342 outinratio 0.0733 

ZH126_2e2mu_pTHj_genbin2_recobin1 acc 0.0489 eff 0.0464 outinratio 0.0784 

ttH126_2e2mu_pTHj_genbin2_recobin1 acc 0.0108 eff 0.0288 outinratio 0.0 

ggH126_2e2mu_pTHj_genbin3_recobin1 acc 0.0263 eff 0.0038 outinratio 0.048 

VBFH126_2e2mu_pTHj_genbin3_recobin1 acc 0.0892 eff 0.006 outinratio 0.0331 

WminusH126_2e2mu_pTHj_genbin3_recobin1 acc 0.0478 eff 0.0 outinratio 0.0 

WplusH126_2e2mu_pTHj_genbin3_recobin1 acc 0.0396 eff 0.009 outinratio 0.0733 

ZH126_2e2mu_pTHj_genbin3_recobin1 acc 0.0445 eff 0.0122 outinratio 0.0784 

ttH126_2e2mu_pTHj_genbin3_recobin1 acc 0.0114 eff 0.0 outinratio 0.0 

ggH126_2e2mu_pTHj_genbin4_recobin1 acc 0.0365 eff 0.0007 outinratio 0.048 

VBFH126_2e2mu_pTHj_genbin4_recobin1 acc 0.1625 eff 0.0 outinratio 0.0331 

WminusH126_2e2mu_pTHj_genbin4_recobin1 acc 0.1174 eff 0.0 outinratio 0.0 

WplusH126_2e2mu_pTHj_genbin4_recobin1 acc 0.0876 eff 0.0011 outinratio 0.0733 

ZH126_2e2mu_pTHj_genbin4_recobin1 acc 0.1077 eff 0.0009 outinratio 0.0784 

ttH126_2e2mu_pTHj_genbin4_recobin1 acc 0.0732 eff 0.0 outinratio 0.0 

ggH126_2e2mu_pTHj_genbin5_recobin1 acc 0.0103 eff 0.0 outinratio 0.048 

VBFH126_2e2mu_pTHj_genbin5_recobin1 acc 0.0512 eff 0.0 outinratio 0.0331 

WminusH126_2e2mu_pTHj_genbin5_recobin1 acc 0.0609 eff 0.0 outinratio 0.0 

WplusH126_2e2mu_pTHj_genbin5_recobin1 acc 0.0522 eff 0.0004 outinratio 0.0733 

ZH126_2e2mu_pTHj_genbin5_recobin1 acc 0.0549 eff 0.0 outinratio 0.0784 

ttH126_2e2mu_pTHj_genbin5_recobin1 acc 0.2139 eff 0.0 outinratio 0.0 

ggH126_2e2mu_pTHj_genbin0_recobin2 acc 0.2529 eff 0.0204 outinratio 0.0424 

VBFH126_2e2mu_pTHj_genbin0_recobin2 acc 0.0362 eff 0.05 outinratio 0.0228 

WminusH126_2e2mu_pTHj_genbin0_recobin2 acc 0.1043 eff -0.019 outinratio 0.0 

WplusH126_2e2mu_pTHj_genbin0_recobin2 acc 0.0716 eff 0.0268 outinratio 0.0829 

ZH126_2e2mu_pTHj_genbin0_recobin2 acc 0.0735 eff 0.0103 outinratio 0.1048 

ttH126_2e2mu_pTHj_genbin0_recobin2 acc 0.0 eff -1.0 outinratio 0.011 

ggH126_2e2mu_pTHj_genbin1_recobin2 acc 0.0272 eff 0.1727 outinratio 0.0424 

VBFH126_2e2mu_pTHj_genbin1_recobin2 acc 0.025 eff 0.175 outinratio 0.0228 

WminusH126_2e2mu_pTHj_genbin1_recobin2 acc 0.0043 eff -1.0 outinratio 0.0 

WplusH126_2e2mu_pTHj_genbin1_recobin2 acc 0.0134 eff 0.1873 outinratio 0.0829 

ZH126_2e2mu_pTHj_genbin1_recobin2 acc 0.0108 eff 0.1126 outinratio 0.1048 

ttH126_2e2mu_pTHj_genbin1_recobin2 acc 0.0018 eff -1.0 outinratio 0.011 

ggH126_2e2mu_pTHj_genbin2_recobin2 acc 0.0465 eff 0.3059 outinratio 0.0424 

VBFH126_2e2mu_pTHj_genbin2_recobin2 acc 0.0983 eff 0.266 outinratio 0.0228 

WminusH126_2e2mu_pTHj_genbin2_recobin2 acc 0.0478 eff 0.3705 outinratio 0.0 

WplusH126_2e2mu_pTHj_genbin2_recobin2 acc 0.0445 eff 0.2971 outinratio 0.0829 

ZH126_2e2mu_pTHj_genbin2_recobin2 acc 0.0489 eff 0.2659 outinratio 0.1048 

ttH126_2e2mu_pTHj_genbin2_recobin2 acc 0.0108 eff 0.1915 outinratio 0.011 

ggH126_2e2mu_pTHj_genbin3_recobin2 acc 0.0263 eff 0.1033 outinratio 0.0424 

VBFH126_2e2mu_pTHj_genbin3_recobin2 acc 0.0892 eff 0.0875 outinratio 0.0228 

WminusH126_2e2mu_pTHj_genbin3_recobin2 acc 0.0478 eff 0.2341 outinratio 0.0 

WplusH126_2e2mu_pTHj_genbin3_recobin2 acc 0.0396 eff 0.0764 outinratio 0.0829 

ZH126_2e2mu_pTHj_genbin3_recobin2 acc 0.0445 eff 0.0611 outinratio 0.1048 

ttH126_2e2mu_pTHj_genbin3_recobin2 acc 0.0114 eff 0.0441 outinratio 0.011 

ggH126_2e2mu_pTHj_genbin4_recobin2 acc 0.0365 eff 0.0154 outinratio 0.0424 

VBFH126_2e2mu_pTHj_genbin4_recobin2 acc 0.1625 eff 0.0114 outinratio 0.0228 

WminusH126_2e2mu_pTHj_genbin4_recobin2 acc 0.1174 eff 0.0 outinratio 0.0 

WplusH126_2e2mu_pTHj_genbin4_recobin2 acc 0.0876 eff 0.0119 outinratio 0.0829 

ZH126_2e2mu_pTHj_genbin4_recobin2 acc 0.1077 eff 0.0042 outinratio 0.1048 

ttH126_2e2mu_pTHj_genbin4_recobin2 acc 0.0732 eff 0.0019 outinratio 0.011 

ggH126_2e2mu_pTHj_genbin5_recobin2 acc 0.0103 eff 0.0017 outinratio 0.0424 

VBFH126_2e2mu_pTHj_genbin5_recobin2 acc 0.0512 eff 0.0 outinratio 0.0228 

WminusH126_2e2mu_pTHj_genbin5_recobin2 acc 0.0609 eff 0.0 outinratio 0.0 

WplusH126_2e2mu_pTHj_genbin5_recobin2 acc 0.0522 eff 0.0029 outinratio 0.0829 

ZH126_2e2mu_pTHj_genbin5_recobin2 acc 0.0549 eff 0.0 outinratio 0.1048 

ttH126_2e2mu_pTHj_genbin5_recobin2 acc 0.2139 eff 0.0048 outinratio 0.011 

ggH126_2e2mu_pTHj_genbin0_recobin3 acc 0.2529 eff 0.0141 outinratio 0.0847 

VBFH126_2e2mu_pTHj_genbin0_recobin3 acc 0.0362 eff 0.0298 outinratio 0.0257 

WminusH126_2e2mu_pTHj_genbin0_recobin3 acc 0.1043 eff 0.0136 outinratio 0.0963 

WplusH126_2e2mu_pTHj_genbin0_recobin3 acc 0.0716 eff 0.0153 outinratio 0.0842 

ZH126_2e2mu_pTHj_genbin0_recobin3 acc 0.0735 eff 0.0156 outinratio 0.0928 

ttH126_2e2mu_pTHj_genbin0_recobin3 acc 0.0 eff -1.0 outinratio 0.2423 

ggH126_2e2mu_pTHj_genbin1_recobin3 acc 0.0272 eff 0.0096 outinratio 0.0847 

VBFH126_2e2mu_pTHj_genbin1_recobin3 acc 0.025 eff 0.0392 outinratio 0.0257 

WminusH126_2e2mu_pTHj_genbin1_recobin3 acc 0.0043 eff -1.0 outinratio 0.0963 

WplusH126_2e2mu_pTHj_genbin1_recobin3 acc 0.0134 eff 0.0392 outinratio 0.0842 

ZH126_2e2mu_pTHj_genbin1_recobin3 acc 0.0108 eff 0.0173 outinratio 0.0928 

ttH126_2e2mu_pTHj_genbin1_recobin3 acc 0.0018 eff -1.0 outinratio 0.2423 

ggH126_2e2mu_pTHj_genbin2_recobin3 acc 0.0465 eff 0.0755 outinratio 0.0847 

VBFH126_2e2mu_pTHj_genbin2_recobin3 acc 0.0983 eff 0.0779 outinratio 0.0257 

WminusH126_2e2mu_pTHj_genbin2_recobin3 acc 0.0478 eff 0.0 outinratio 0.0963 

WplusH126_2e2mu_pTHj_genbin2_recobin3 acc 0.0445 eff 0.0986 outinratio 0.0842 

ZH126_2e2mu_pTHj_genbin2_recobin3 acc 0.0489 eff 0.0991 outinratio 0.0928 

ttH126_2e2mu_pTHj_genbin2_recobin3 acc 0.0108 eff 0.1736 outinratio 0.2423 

ggH126_2e2mu_pTHj_genbin3_recobin3 acc 0.0263 eff 0.2571 outinratio 0.0847 

VBFH126_2e2mu_pTHj_genbin3_recobin3 acc 0.0892 eff 0.267 outinratio 0.0257 

WminusH126_2e2mu_pTHj_genbin3_recobin3 acc 0.0478 eff 0.3686 outinratio 0.0963 

WplusH126_2e2mu_pTHj_genbin3_recobin3 acc 0.0396 eff 0.2576 outinratio 0.0842 

ZH126_2e2mu_pTHj_genbin3_recobin3 acc 0.0445 eff 0.2945 outinratio 0.0928 

ttH126_2e2mu_pTHj_genbin3_recobin3 acc 0.0114 eff 0.1904 outinratio 0.2423 

ggH126_2e2mu_pTHj_genbin4_recobin3 acc 0.0365 eff 0.0446 outinratio 0.0847 

VBFH126_2e2mu_pTHj_genbin4_recobin3 acc 0.1625 eff 0.0443 outinratio 0.0257 

WminusH126_2e2mu_pTHj_genbin4_recobin3 acc 0.1174 eff 0.0821 outinratio 0.0963 

WplusH126_2e2mu_pTHj_genbin4_recobin3 acc 0.0876 eff 0.0442 outinratio 0.0842 

ZH126_2e2mu_pTHj_genbin4_recobin3 acc 0.1077 eff 0.0448 outinratio 0.0928 

ttH126_2e2mu_pTHj_genbin4_recobin3 acc 0.0732 eff 0.0311 outinratio 0.2423 

ggH126_2e2mu_pTHj_genbin5_recobin3 acc 0.0103 eff 0.0 outinratio 0.0847 

VBFH126_2e2mu_pTHj_genbin5_recobin3 acc 0.0512 eff 0.0 outinratio 0.0257 

WminusH126_2e2mu_pTHj_genbin5_recobin3 acc 0.0609 eff 0.0 outinratio 0.0963 

WplusH126_2e2mu_pTHj_genbin5_recobin3 acc 0.0522 eff 0.0019 outinratio 0.0842 

ZH126_2e2mu_pTHj_genbin5_recobin3 acc 0.0549 eff 0.0 outinratio 0.0928 

ttH126_2e2mu_pTHj_genbin5_recobin3 acc 0.2139 eff 0.0034 outinratio 0.2423 

ggH126_2e2mu_pTHj_genbin0_recobin4 acc 0.2529 eff 0.0246 outinratio 0.0932 

VBFH126_2e2mu_pTHj_genbin0_recobin4 acc 0.0362 eff 0.0412 outinratio 0.0387 

WminusH126_2e2mu_pTHj_genbin0_recobin4 acc 0.1043 eff 0.0399 outinratio 0.0 

WplusH126_2e2mu_pTHj_genbin0_recobin4 acc 0.0716 eff 0.0578 outinratio 0.0827 

ZH126_2e2mu_pTHj_genbin0_recobin4 acc 0.0735 eff 0.0542 outinratio 0.0906 

ttH126_2e2mu_pTHj_genbin0_recobin4 acc 0.0 eff -1.0 outinratio 0.1437 

ggH126_2e2mu_pTHj_genbin1_recobin4 acc 0.0272 eff 0.0173 outinratio 0.0932 

VBFH126_2e2mu_pTHj_genbin1_recobin4 acc 0.025 eff 0.0077 outinratio 0.0387 

WminusH126_2e2mu_pTHj_genbin1_recobin4 acc 0.0043 eff -1.0 outinratio 0.0 

WplusH126_2e2mu_pTHj_genbin1_recobin4 acc 0.0134 eff 0.0305 outinratio 0.0827 

ZH126_2e2mu_pTHj_genbin1_recobin4 acc 0.0108 eff 0.0055 outinratio 0.0906 

ttH126_2e2mu_pTHj_genbin1_recobin4 acc 0.0018 eff -1.0 outinratio 0.1437 

ggH126_2e2mu_pTHj_genbin2_recobin4 acc 0.0465 eff 0.0313 outinratio 0.0932 

VBFH126_2e2mu_pTHj_genbin2_recobin4 acc 0.0983 eff 0.05 outinratio 0.0387 

WminusH126_2e2mu_pTHj_genbin2_recobin4 acc 0.0478 eff 0.0816 outinratio 0.0 

WplusH126_2e2mu_pTHj_genbin2_recobin4 acc 0.0445 eff 0.0394 outinratio 0.0827 

ZH126_2e2mu_pTHj_genbin2_recobin4 acc 0.0489 eff 0.046 outinratio 0.0906 

ttH126_2e2mu_pTHj_genbin2_recobin4 acc 0.0108 eff 0.0338 outinratio 0.1437 

ggH126_2e2mu_pTHj_genbin3_recobin4 acc 0.0263 eff 0.1064 outinratio 0.0932 

VBFH126_2e2mu_pTHj_genbin3_recobin4 acc 0.0892 eff 0.1562 outinratio 0.0387 

WminusH126_2e2mu_pTHj_genbin3_recobin4 acc 0.0478 eff 0.0588 outinratio 0.0 

WplusH126_2e2mu_pTHj_genbin3_recobin4 acc 0.0396 eff 0.1337 outinratio 0.0827 

ZH126_2e2mu_pTHj_genbin3_recobin4 acc 0.0445 eff 0.1123 outinratio 0.0906 

ttH126_2e2mu_pTHj_genbin3_recobin4 acc 0.0114 eff 0.1382 outinratio 0.1437 

ggH126_2e2mu_pTHj_genbin4_recobin4 acc 0.0365 eff 0.4006 outinratio 0.0932 

VBFH126_2e2mu_pTHj_genbin4_recobin4 acc 0.1625 eff 0.4131 outinratio 0.0387 

WminusH126_2e2mu_pTHj_genbin4_recobin4 acc 0.1174 eff 0.2797 outinratio 0.0 

WplusH126_2e2mu_pTHj_genbin4_recobin4 acc 0.0876 eff 0.4166 outinratio 0.0827 

ZH126_2e2mu_pTHj_genbin4_recobin4 acc 0.1077 eff 0.4641 outinratio 0.0906 

ttH126_2e2mu_pTHj_genbin4_recobin4 acc 0.0732 eff 0.3317 outinratio 0.1437 

ggH126_2e2mu_pTHj_genbin5_recobin4 acc 0.0103 eff 0.0409 outinratio 0.0932 

VBFH126_2e2mu_pTHj_genbin5_recobin4 acc 0.0512 eff 0.0725 outinratio 0.0387 

WminusH126_2e2mu_pTHj_genbin5_recobin4 acc 0.0609 eff 0.0416 outinratio 0.0 

WplusH126_2e2mu_pTHj_genbin5_recobin4 acc 0.0522 eff 0.0632 outinratio 0.0827 

ZH126_2e2mu_pTHj_genbin5_recobin4 acc 0.0549 eff 0.0446 outinratio 0.0906 

ttH126_2e2mu_pTHj_genbin5_recobin4 acc 0.2139 eff 0.0306 outinratio 0.1437 

ggH126_2e2mu_pTHj_genbin0_recobin5 acc 0.2529 eff 0.0011 outinratio 0.0765 

VBFH126_2e2mu_pTHj_genbin0_recobin5 acc 0.0362 eff 0.0 outinratio 0.0249 

WminusH126_2e2mu_pTHj_genbin0_recobin5 acc 0.1043 eff 0.0 outinratio 0.0967 

WplusH126_2e2mu_pTHj_genbin0_recobin5 acc 0.0716 eff 0.0309 outinratio 0.0748 

ZH126_2e2mu_pTHj_genbin0_recobin5 acc 0.0735 eff 0.031 outinratio 0.0773 

ttH126_2e2mu_pTHj_genbin0_recobin5 acc 0.0 eff -1.0 outinratio 0.1894 

ggH126_2e2mu_pTHj_genbin1_recobin5 acc 0.0272 eff 0.0007 outinratio 0.0765 

VBFH126_2e2mu_pTHj_genbin1_recobin5 acc 0.025 eff 0.0 outinratio 0.0249 

WminusH126_2e2mu_pTHj_genbin1_recobin5 acc 0.0043 eff -1.0 outinratio 0.0967 

WplusH126_2e2mu_pTHj_genbin1_recobin5 acc 0.0134 eff 0.0124 outinratio 0.0748 

ZH126_2e2mu_pTHj_genbin1_recobin5 acc 0.0108 eff 0.0191 outinratio 0.0773 

ttH126_2e2mu_pTHj_genbin1_recobin5 acc 0.0018 eff -1.0 outinratio 0.1894 

ggH126_2e2mu_pTHj_genbin2_recobin5 acc 0.0465 eff 0.0028 outinratio 0.0765 

VBFH126_2e2mu_pTHj_genbin2_recobin5 acc 0.0983 eff 0.005 outinratio 0.0249 

WminusH126_2e2mu_pTHj_genbin2_recobin5 acc 0.0478 eff 0.0 outinratio 0.0967 

WplusH126_2e2mu_pTHj_genbin2_recobin5 acc 0.0445 eff 0.0082 outinratio 0.0748 

ZH126_2e2mu_pTHj_genbin2_recobin5 acc 0.0489 eff 0.0087 outinratio 0.0773 

ttH126_2e2mu_pTHj_genbin2_recobin5 acc 0.0108 eff 0.0809 outinratio 0.1894 

ggH126_2e2mu_pTHj_genbin3_recobin5 acc 0.0263 eff 0.008 outinratio 0.0765 

VBFH126_2e2mu_pTHj_genbin3_recobin5 acc 0.0892 eff 0.005 outinratio 0.0249 

WminusH126_2e2mu_pTHj_genbin3_recobin5 acc 0.0478 eff 0.0 outinratio 0.0967 

WplusH126_2e2mu_pTHj_genbin3_recobin5 acc 0.0396 eff 0.0143 outinratio 0.0748 

ZH126_2e2mu_pTHj_genbin3_recobin5 acc 0.0445 eff 0.0157 outinratio 0.0773 

ttH126_2e2mu_pTHj_genbin3_recobin5 acc 0.0114 eff 0.0463 outinratio 0.1894 

ggH126_2e2mu_pTHj_genbin4_recobin5 acc 0.0365 eff 0.0398 outinratio 0.0765 

VBFH126_2e2mu_pTHj_genbin4_recobin5 acc 0.1625 eff 0.0435 outinratio 0.0249 

WminusH126_2e2mu_pTHj_genbin4_recobin5 acc 0.1174 eff 0.011 outinratio 0.0967 

WplusH126_2e2mu_pTHj_genbin4_recobin5 acc 0.0876 eff 0.0372 outinratio 0.0748 

ZH126_2e2mu_pTHj_genbin4_recobin5 acc 0.1077 eff 0.0306 outinratio 0.0773 

ttH126_2e2mu_pTHj_genbin4_recobin5 acc 0.0732 eff 0.1274 outinratio 0.1894 

ggH126_2e2mu_pTHj_genbin5_recobin5 acc 0.0103 eff 0.5002 outinratio 0.0765 

VBFH126_2e2mu_pTHj_genbin5_recobin5 acc 0.0512 eff 0.5 outinratio 0.0249 

WminusH126_2e2mu_pTHj_genbin5_recobin5 acc 0.0609 eff 0.486 outinratio 0.0967 

WplusH126_2e2mu_pTHj_genbin5_recobin5 acc 0.0522 eff 0.4507 outinratio 0.0748 

ZH126_2e2mu_pTHj_genbin5_recobin5 acc 0.0549 eff 0.4603 outinratio 0.0773 

ttH126_2e2mu_pTHj_genbin5_recobin5 acc 0.2139 eff 0.4697 outinratio 0.1894 

Coeff fullNNLOPS
