Welcome in RunCoefficients!
OPT SPLIT
DEBUG opt.YEAR = 2024_4
It is a single-differential measurement, binning [0.0, 1.0, 2.0, 3.0, 4.0, 20.0]
Nj
Following observables extracted from dictionary: RECO =  Nj  GEN =  GENNj
LUMI: 10.882200000000001
ttH126 0.00046886128
Processing ggH126 2024_4
Signal created
Signal failed created
Processing VBFH126 2024_4
Signal created
Signal failed created
Processing WminusH126 2024_4
Signal created
Signal failed created
Processing WplusH126 2024_4
Signal created
Signal failed created
Processing ZH126 2024_4
Signal created
Signal failed created
Processing ttH126 2024_4
Signal created
Signal failed created
2024_4 SKIMMED df CREATED
2024_4 ggH126
2024_4 VBFH126
2024_4 WminusH126
2024_4 WplusH126
2024_4 ZH126
2024_4 ttH126
Dataframes created successfully
Coeff std
ggH126_4l_Nj_genbin0_recobin0 acc 0.2556 eff 0.4769 outinratio 0.0519 

VBFH126_4l_Nj_genbin0_recobin0 acc 0.0378 eff 0.3551 outinratio 0.0132 

WminusH126_4l_Nj_genbin0_recobin0 acc 0.0917 eff 0.2881 outinratio 0.2984 

WplusH126_4l_Nj_genbin0_recobin0 acc 0.0743 eff 0.3851 outinratio 0.0596 

ZH126_4l_Nj_genbin0_recobin0 acc 0.0753 eff 0.4345 outinratio 0.0805 

ttH126_4l_Nj_genbin0_recobin0 acc 0.0006 eff -1.0 outinratio 1.34 

ggH126_4l_Nj_genbin1_recobin0 acc 0.1064 eff 0.0754 outinratio 0.0519 

VBFH126_4l_Nj_genbin1_recobin0 acc 0.1781 eff 0.0398 outinratio 0.0132 

WminusH126_4l_Nj_genbin1_recobin0 acc 0.0959 eff 0.0 outinratio 0.2984 

WplusH126_4l_Nj_genbin1_recobin0 acc 0.0976 eff 0.0354 outinratio 0.0596 

ZH126_4l_Nj_genbin1_recobin0 acc 0.1052 eff 0.0395 outinratio 0.0805 

ttH126_4l_Nj_genbin1_recobin0 acc 0.0075 eff 0.0 outinratio 1.34 

ggH126_4l_Nj_genbin2_recobin0 acc 0.0334 eff 0.01 outinratio 0.0519 

VBFH126_4l_Nj_genbin2_recobin0 acc 0.2104 eff 0.0057 outinratio 0.0132 

WminusH126_4l_Nj_genbin2_recobin0 acc 0.1023 eff 0.0174 outinratio 0.2984 

WplusH126_4l_Nj_genbin2_recobin0 acc 0.0919 eff 0.006 outinratio 0.0596 

ZH126_4l_Nj_genbin2_recobin0 acc 0.1089 eff 0.0037 outinratio 0.0805 

ttH126_4l_Nj_genbin2_recobin0 acc 0.0265 eff 0.0025 outinratio 1.34 

ggH126_4l_Nj_genbin3_recobin0 acc 0.0087 eff 0.0 outinratio 0.0519 

VBFH126_4l_Nj_genbin3_recobin0 acc 0.0301 eff 0.0036 outinratio 0.0132 

WminusH126_4l_Nj_genbin3_recobin0 acc 0.0426 eff 0.0 outinratio 0.2984 

WplusH126_4l_Nj_genbin3_recobin0 acc 0.0328 eff 0.0003 outinratio 0.0596 

ZH126_4l_Nj_genbin3_recobin0 acc 0.0358 eff 0.0011 outinratio 0.0805 

ttH126_4l_Nj_genbin3_recobin0 acc 0.0582 eff 0.0 outinratio 1.34 

ggH126_4l_Nj_genbin4_recobin0 acc 0.0029 eff 0.0 outinratio 0.0519 

VBFH126_4l_Nj_genbin4_recobin0 acc 0.0042 eff 0.0 outinratio 0.0132 

WminusH126_4l_Nj_genbin4_recobin0 acc 0.0192 eff -1.0 outinratio 0.2984 

WplusH126_4l_Nj_genbin4_recobin0 acc 0.0168 eff 0.0 outinratio 0.0596 

ZH126_4l_Nj_genbin4_recobin0 acc 0.018 eff 0.0 outinratio 0.0805 

ttH126_4l_Nj_genbin4_recobin0 acc 0.2274 eff 0.0 outinratio 1.34 

ggH126_4l_Nj_genbin0_recobin1 acc 0.2556 eff 0.0646 outinratio 0.0497 

VBFH126_4l_Nj_genbin0_recobin1 acc 0.0378 eff 0.148 outinratio 0.0339 

WminusH126_4l_Nj_genbin0_recobin1 acc 0.0917 eff 0.1105 outinratio 0.0737 

WplusH126_4l_Nj_genbin0_recobin1 acc 0.0743 eff 0.1332 outinratio 0.0781 

ZH126_4l_Nj_genbin0_recobin1 acc 0.0753 eff 0.0918 outinratio 0.0806 

ttH126_4l_Nj_genbin0_recobin1 acc 0.0006 eff -1.0 outinratio 0.1119 

ggH126_4l_Nj_genbin1_recobin1 acc 0.1064 eff 0.418 outinratio 0.0497 

VBFH126_4l_Nj_genbin1_recobin1 acc 0.1781 eff 0.4048 outinratio 0.0339 

WminusH126_4l_Nj_genbin1_recobin1 acc 0.0959 eff 0.36 outinratio 0.0737 

WplusH126_4l_Nj_genbin1_recobin1 acc 0.0976 eff 0.3853 outinratio 0.0781 

ZH126_4l_Nj_genbin1_recobin1 acc 0.1052 eff 0.3755 outinratio 0.0806 

ttH126_4l_Nj_genbin1_recobin1 acc 0.0075 eff 0.2025 outinratio 0.1119 

ggH126_4l_Nj_genbin2_recobin1 acc 0.0334 eff 0.1089 outinratio 0.0497 

VBFH126_4l_Nj_genbin2_recobin1 acc 0.2104 eff 0.088 outinratio 0.0339 

WminusH126_4l_Nj_genbin2_recobin1 acc 0.1023 eff 0.1001 outinratio 0.0737 

WplusH126_4l_Nj_genbin2_recobin1 acc 0.0919 eff 0.0839 outinratio 0.0781 

ZH126_4l_Nj_genbin2_recobin1 acc 0.1089 eff 0.0771 outinratio 0.0806 

ttH126_4l_Nj_genbin2_recobin1 acc 0.0265 eff 0.0204 outinratio 0.1119 

ggH126_4l_Nj_genbin3_recobin1 acc 0.0087 eff 0.0181 outinratio 0.0497 

VBFH126_4l_Nj_genbin3_recobin1 acc 0.0301 eff 0.0197 outinratio 0.0339 

WminusH126_4l_Nj_genbin3_recobin1 acc 0.0426 eff 0.0 outinratio 0.0737 

WplusH126_4l_Nj_genbin3_recobin1 acc 0.0328 eff 0.0159 outinratio 0.0781 

ZH126_4l_Nj_genbin3_recobin1 acc 0.0358 eff 0.006 outinratio 0.0806 

ttH126_4l_Nj_genbin3_recobin1 acc 0.0582 eff 0.0039 outinratio 0.1119 

ggH126_4l_Nj_genbin4_recobin1 acc 0.0029 eff 0.0049 outinratio 0.0497 

VBFH126_4l_Nj_genbin4_recobin1 acc 0.0042 eff 0.0 outinratio 0.0339 

WminusH126_4l_Nj_genbin4_recobin1 acc 0.0192 eff -1.0 outinratio 0.0737 

WplusH126_4l_Nj_genbin4_recobin1 acc 0.0168 eff 0.0009 outinratio 0.0781 

ZH126_4l_Nj_genbin4_recobin1 acc 0.018 eff 0.0115 outinratio 0.0806 

ttH126_4l_Nj_genbin4_recobin1 acc 0.2274 eff 0.0004 outinratio 0.1119 

ggH126_4l_Nj_genbin0_recobin2 acc 0.2556 eff 0.0064 outinratio 0.0739 

VBFH126_4l_Nj_genbin0_recobin2 acc 0.0378 eff 0.0198 outinratio 0.0367 

WminusH126_4l_Nj_genbin0_recobin2 acc 0.0917 eff 0.0328 outinratio 0.0 

WplusH126_4l_Nj_genbin0_recobin2 acc 0.0743 eff 0.0166 outinratio 0.0666 

ZH126_4l_Nj_genbin0_recobin2 acc 0.0753 eff 0.0142 outinratio 0.0801 

ttH126_4l_Nj_genbin0_recobin2 acc 0.0006 eff -1.0 outinratio 0.1472 

ggH126_4l_Nj_genbin1_recobin2 acc 0.1064 eff 0.0577 outinratio 0.0739 

VBFH126_4l_Nj_genbin1_recobin2 acc 0.1781 eff 0.1021 outinratio 0.0367 

WminusH126_4l_Nj_genbin1_recobin2 acc 0.0959 eff 0.1087 outinratio 0.0 

WplusH126_4l_Nj_genbin1_recobin2 acc 0.0976 eff 0.1052 outinratio 0.0666 

ZH126_4l_Nj_genbin1_recobin2 acc 0.1052 eff 0.1159 outinratio 0.0801 

ttH126_4l_Nj_genbin1_recobin2 acc 0.0075 eff 0.2574 outinratio 0.1472 

ggH126_4l_Nj_genbin2_recobin2 acc 0.0334 eff 0.3834 outinratio 0.0739 

VBFH126_4l_Nj_genbin2_recobin2 acc 0.2104 eff 0.4124 outinratio 0.0367 

WminusH126_4l_Nj_genbin2_recobin2 acc 0.1023 eff 0.3803 outinratio 0.0 

WplusH126_4l_Nj_genbin2_recobin2 acc 0.0919 eff 0.401 outinratio 0.0666 

ZH126_4l_Nj_genbin2_recobin2 acc 0.1089 eff 0.4225 outinratio 0.0801 

ttH126_4l_Nj_genbin2_recobin2 acc 0.0265 eff 0.2492 outinratio 0.1472 

ggH126_4l_Nj_genbin3_recobin2 acc 0.0087 eff 0.1223 outinratio 0.0739 

VBFH126_4l_Nj_genbin3_recobin2 acc 0.0301 eff 0.1952 outinratio 0.0367 

WminusH126_4l_Nj_genbin3_recobin2 acc 0.0426 eff 0.1232 outinratio 0.0 

WplusH126_4l_Nj_genbin3_recobin2 acc 0.0328 eff 0.1196 outinratio 0.0666 

ZH126_4l_Nj_genbin3_recobin2 acc 0.0358 eff 0.1145 outinratio 0.0801 

ttH126_4l_Nj_genbin3_recobin2 acc 0.0582 eff 0.0491 outinratio 0.1472 

ggH126_4l_Nj_genbin4_recobin2 acc 0.0029 eff 0.011 outinratio 0.0739 

VBFH126_4l_Nj_genbin4_recobin2 acc 0.0042 eff 0.0149 outinratio 0.0367 

WminusH126_4l_Nj_genbin4_recobin2 acc 0.0192 eff -1.0 outinratio 0.0 

WplusH126_4l_Nj_genbin4_recobin2 acc 0.0168 eff 0.0234 outinratio 0.0666 

ZH126_4l_Nj_genbin4_recobin2 acc 0.018 eff 0.0217 outinratio 0.0801 

ttH126_4l_Nj_genbin4_recobin2 acc 0.2274 eff 0.0058 outinratio 0.1472 

ggH126_4l_Nj_genbin0_recobin3 acc 0.2556 eff 0.0003 outinratio 0.084 

VBFH126_4l_Nj_genbin0_recobin3 acc 0.0378 eff 0.0046 outinratio 0.0246 

WminusH126_4l_Nj_genbin0_recobin3 acc 0.0917 eff 0.0 outinratio 0.0504 

WplusH126_4l_Nj_genbin0_recobin3 acc 0.0743 eff 0.0007 outinratio 0.0792 

ZH126_4l_Nj_genbin0_recobin3 acc 0.0753 eff 0.0003 outinratio 0.1026 

ttH126_4l_Nj_genbin0_recobin3 acc 0.0006 eff -1.0 outinratio 0.1681 

ggH126_4l_Nj_genbin1_recobin3 acc 0.1064 eff 0.0065 outinratio 0.084 

VBFH126_4l_Nj_genbin1_recobin3 acc 0.1781 eff 0.0088 outinratio 0.0246 

WminusH126_4l_Nj_genbin1_recobin3 acc 0.0959 eff 0.0 outinratio 0.0504 

WplusH126_4l_Nj_genbin1_recobin3 acc 0.0976 eff 0.013 outinratio 0.0792 

ZH126_4l_Nj_genbin1_recobin3 acc 0.1052 eff 0.0052 outinratio 0.1026 

ttH126_4l_Nj_genbin1_recobin3 acc 0.0075 eff 0.1085 outinratio 0.1681 

ggH126_4l_Nj_genbin2_recobin3 acc 0.0334 eff 0.0652 outinratio 0.084 

VBFH126_4l_Nj_genbin2_recobin3 acc 0.2104 eff 0.0591 outinratio 0.0246 

WminusH126_4l_Nj_genbin2_recobin3 acc 0.1023 eff 0.096 outinratio 0.0504 

WplusH126_4l_Nj_genbin2_recobin3 acc 0.0919 eff 0.0666 outinratio 0.0792 

ZH126_4l_Nj_genbin2_recobin3 acc 0.1089 eff 0.0594 outinratio 0.1026 

ttH126_4l_Nj_genbin2_recobin3 acc 0.0265 eff 0.1716 outinratio 0.1681 

ggH126_4l_Nj_genbin3_recobin3 acc 0.0087 eff 0.3616 outinratio 0.084 

VBFH126_4l_Nj_genbin3_recobin3 acc 0.0301 eff 0.3639 outinratio 0.0246 

WminusH126_4l_Nj_genbin3_recobin3 acc 0.0426 eff 0.3754 outinratio 0.0504 

WplusH126_4l_Nj_genbin3_recobin3 acc 0.0328 eff 0.3469 outinratio 0.0792 

ZH126_4l_Nj_genbin3_recobin3 acc 0.0358 eff 0.3451 outinratio 0.1026 

ttH126_4l_Nj_genbin3_recobin3 acc 0.0582 eff 0.2726 outinratio 0.1681 

ggH126_4l_Nj_genbin4_recobin3 acc 0.0029 eff 0.1955 outinratio 0.084 

VBFH126_4l_Nj_genbin4_recobin3 acc 0.0042 eff 0.0537 outinratio 0.0246 

WminusH126_4l_Nj_genbin4_recobin3 acc 0.0192 eff -1.0 outinratio 0.0504 

WplusH126_4l_Nj_genbin4_recobin3 acc 0.0168 eff 0.1092 outinratio 0.0792 

ZH126_4l_Nj_genbin4_recobin3 acc 0.018 eff 0.1338 outinratio 0.1026 

ttH126_4l_Nj_genbin4_recobin3 acc 0.2274 eff 0.0421 outinratio 0.1681 

ggH126_4l_Nj_genbin0_recobin4 acc 0.2556 eff 0.0 outinratio 0.082 

VBFH126_4l_Nj_genbin0_recobin4 acc 0.0378 eff 0.0 outinratio 0.0393 

WminusH126_4l_Nj_genbin0_recobin4 acc 0.0917 eff 0.0 outinratio 0.0 

WplusH126_4l_Nj_genbin0_recobin4 acc 0.0743 eff 0.0 outinratio 0.0983 

ZH126_4l_Nj_genbin0_recobin4 acc 0.0753 eff 0.0 outinratio 0.1249 

ttH126_4l_Nj_genbin0_recobin4 acc 0.0006 eff -1.0 outinratio 0.1679 

ggH126_4l_Nj_genbin1_recobin4 acc 0.1064 eff 0.0003 outinratio 0.082 

VBFH126_4l_Nj_genbin1_recobin4 acc 0.1781 eff 0.0 outinratio 0.0393 

WminusH126_4l_Nj_genbin1_recobin4 acc 0.0959 eff 0.0 outinratio 0.0 

WplusH126_4l_Nj_genbin1_recobin4 acc 0.0976 eff 0.0006 outinratio 0.0983 

ZH126_4l_Nj_genbin1_recobin4 acc 0.1052 eff 0.0 outinratio 0.1249 

ttH126_4l_Nj_genbin1_recobin4 acc 0.0075 eff 0.0221 outinratio 0.1679 

ggH126_4l_Nj_genbin2_recobin4 acc 0.0334 eff 0.0052 outinratio 0.082 

VBFH126_4l_Nj_genbin2_recobin4 acc 0.2104 eff 0.0079 outinratio 0.0393 

WminusH126_4l_Nj_genbin2_recobin4 acc 0.1023 eff 0.0 outinratio 0.0 

WplusH126_4l_Nj_genbin2_recobin4 acc 0.0919 eff 0.0087 outinratio 0.0983 

ZH126_4l_Nj_genbin2_recobin4 acc 0.1089 eff 0.0061 outinratio 0.1249 

ttH126_4l_Nj_genbin2_recobin4 acc 0.0265 eff 0.0705 outinratio 0.1679 

ggH126_4l_Nj_genbin3_recobin4 acc 0.0087 eff 0.0551 outinratio 0.082 

VBFH126_4l_Nj_genbin3_recobin4 acc 0.0301 eff 0.0273 outinratio 0.0393 

WminusH126_4l_Nj_genbin3_recobin4 acc 0.0426 eff 0.0622 outinratio 0.0 

WplusH126_4l_Nj_genbin3_recobin4 acc 0.0328 eff 0.0701 outinratio 0.0983 

ZH126_4l_Nj_genbin3_recobin4 acc 0.0358 eff 0.0875 outinratio 0.1249 

ttH126_4l_Nj_genbin3_recobin4 acc 0.0582 eff 0.1889 outinratio 0.1679 

ggH126_4l_Nj_genbin4_recobin4 acc 0.0029 eff 0.3923 outinratio 0.082 

VBFH126_4l_Nj_genbin4_recobin4 acc 0.0042 eff 0.8194 outinratio 0.0393 

WminusH126_4l_Nj_genbin4_recobin4 acc 0.0192 eff -1.0 outinratio 0.0 

WplusH126_4l_Nj_genbin4_recobin4 acc 0.0168 eff 0.4167 outinratio 0.0983 

ZH126_4l_Nj_genbin4_recobin4 acc 0.018 eff 0.4324 outinratio 0.1249 

ttH126_4l_Nj_genbin4_recobin4 acc 0.2274 eff 0.4947 outinratio 0.1679 

ggH126_4e_Nj_genbin0_recobin0 acc 0.2453 eff 0.2808 outinratio 0.0445 

VBFH126_4e_Nj_genbin0_recobin0 acc 0.0424 eff 0.2081 outinratio 0.0213 

WminusH126_4e_Nj_genbin0_recobin0 acc 0.0698 eff -1.0 outinratio 0.0 

WplusH126_4e_Nj_genbin0_recobin0 acc 0.0732 eff 0.2328 outinratio 0.0567 

ZH126_4e_Nj_genbin0_recobin0 acc 0.0723 eff 0.2538 outinratio 0.0752 

ttH126_4e_Nj_genbin0_recobin0 acc 0.0004 eff -1.0 outinratio 0.0 

ggH126_4e_Nj_genbin1_recobin0 acc 0.1092 eff 0.0406 outinratio 0.0445 

VBFH126_4e_Nj_genbin1_recobin0 acc 0.1659 eff 0.0327 outinratio 0.0213 

WminusH126_4e_Nj_genbin1_recobin0 acc 0.1008 eff 0.0 outinratio 0.0 

WplusH126_4e_Nj_genbin1_recobin0 acc 0.0936 eff 0.0211 outinratio 0.0567 

ZH126_4e_Nj_genbin1_recobin0 acc 0.0977 eff 0.0304 outinratio 0.0752 

ttH126_4e_Nj_genbin1_recobin0 acc 0.0087 eff 0.0 outinratio 0.0 

ggH126_4e_Nj_genbin2_recobin0 acc 0.0342 eff 0.0035 outinratio 0.0445 

VBFH126_4e_Nj_genbin2_recobin0 acc 0.1996 eff 0.0102 outinratio 0.0213 

WminusH126_4e_Nj_genbin2_recobin0 acc 0.0543 eff -1.0 outinratio 0.0 

WplusH126_4e_Nj_genbin2_recobin0 acc 0.0874 eff 0.0043 outinratio 0.0567 

ZH126_4e_Nj_genbin2_recobin0 acc 0.1014 eff 0.0069 outinratio 0.0752 

ttH126_4e_Nj_genbin2_recobin0 acc 0.026 eff 0.0 outinratio 0.0 

ggH126_4e_Nj_genbin3_recobin0 acc 0.0093 eff 0.0 outinratio 0.0445 

VBFH126_4e_Nj_genbin3_recobin0 acc 0.0353 eff 0.0 outinratio 0.0213 

WminusH126_4e_Nj_genbin3_recobin0 acc 0.0543 eff -1.0 outinratio 0.0 

WplusH126_4e_Nj_genbin3_recobin0 acc 0.0316 eff 0.0 outinratio 0.0567 

ZH126_4e_Nj_genbin3_recobin0 acc 0.034 eff 0.0 outinratio 0.0752 

ttH126_4e_Nj_genbin3_recobin0 acc 0.0599 eff 0.0 outinratio 0.0 

ggH126_4e_Nj_genbin4_recobin0 acc 0.0028 eff 0.0 outinratio 0.0445 

VBFH126_4e_Nj_genbin4_recobin0 acc 0.0027 eff -1.0 outinratio 0.0213 

WminusH126_4e_Nj_genbin4_recobin0 acc 0.0155 eff -1.0 outinratio 0.0 

WplusH126_4e_Nj_genbin4_recobin0 acc 0.0173 eff 0.0 outinratio 0.0567 

ZH126_4e_Nj_genbin4_recobin0 acc 0.0198 eff 0.0 outinratio 0.0752 

ttH126_4e_Nj_genbin4_recobin0 acc 0.2191 eff 0.0 outinratio 0.0 

ggH126_4e_Nj_genbin0_recobin1 acc 0.2453 eff 0.0388 outinratio 0.0641 

VBFH126_4e_Nj_genbin0_recobin1 acc 0.0424 eff 0.0811 outinratio 0.0384 

WminusH126_4e_Nj_genbin0_recobin1 acc 0.0698 eff -1.0 outinratio 0.0 

WplusH126_4e_Nj_genbin0_recobin1 acc 0.0732 eff 0.065 outinratio 0.0806 

ZH126_4e_Nj_genbin0_recobin1 acc 0.0723 eff 0.0495 outinratio 0.0693 

ttH126_4e_Nj_genbin0_recobin1 acc 0.0004 eff -1.0 outinratio 0.1726 

ggH126_4e_Nj_genbin1_recobin1 acc 0.1092 eff 0.2829 outinratio 0.0641 

VBFH126_4e_Nj_genbin1_recobin1 acc 0.1659 eff 0.3028 outinratio 0.0384 

WminusH126_4e_Nj_genbin1_recobin1 acc 0.1008 eff 0.3574 outinratio 0.0 

WplusH126_4e_Nj_genbin1_recobin1 acc 0.0936 eff 0.2352 outinratio 0.0806 

ZH126_4e_Nj_genbin1_recobin1 acc 0.0977 eff 0.2218 outinratio 0.0693 

ttH126_4e_Nj_genbin1_recobin1 acc 0.0087 eff 0.1581 outinratio 0.1726 

ggH126_4e_Nj_genbin2_recobin1 acc 0.0342 eff 0.0658 outinratio 0.0641 

VBFH126_4e_Nj_genbin2_recobin1 acc 0.1996 eff 0.0469 outinratio 0.0384 

WminusH126_4e_Nj_genbin2_recobin1 acc 0.0543 eff -1.0 outinratio 0.0 

WplusH126_4e_Nj_genbin2_recobin1 acc 0.0874 eff 0.0534 outinratio 0.0806 

ZH126_4e_Nj_genbin2_recobin1 acc 0.1014 eff 0.047 outinratio 0.0693 

ttH126_4e_Nj_genbin2_recobin1 acc 0.026 eff 0.0 outinratio 0.1726 

ggH126_4e_Nj_genbin3_recobin1 acc 0.0093 eff 0.0072 outinratio 0.0641 

VBFH126_4e_Nj_genbin3_recobin1 acc 0.0353 eff 0.0 outinratio 0.0384 

WminusH126_4e_Nj_genbin3_recobin1 acc 0.0543 eff -1.0 outinratio 0.0 

WplusH126_4e_Nj_genbin3_recobin1 acc 0.0316 eff 0.0101 outinratio 0.0806 

ZH126_4e_Nj_genbin3_recobin1 acc 0.034 eff 0.0 outinratio 0.0693 

ttH126_4e_Nj_genbin3_recobin1 acc 0.0599 eff 0.0 outinratio 0.1726 

ggH126_4e_Nj_genbin4_recobin1 acc 0.0028 eff 0.0139 outinratio 0.0641 

VBFH126_4e_Nj_genbin4_recobin1 acc 0.0027 eff -1.0 outinratio 0.0384 

WminusH126_4e_Nj_genbin4_recobin1 acc 0.0155 eff -1.0 outinratio 0.0 

WplusH126_4e_Nj_genbin4_recobin1 acc 0.0173 eff 0.0016 outinratio 0.0806 

ZH126_4e_Nj_genbin4_recobin1 acc 0.0198 eff 0.0 outinratio 0.0693 

ttH126_4e_Nj_genbin4_recobin1 acc 0.2191 eff 0.0 outinratio 0.1726 

ggH126_4e_Nj_genbin0_recobin2 acc 0.2453 eff 0.0025 outinratio 0.0487 

VBFH126_4e_Nj_genbin0_recobin2 acc 0.0424 eff 0.0169 outinratio 0.0127 

WminusH126_4e_Nj_genbin0_recobin2 acc 0.0698 eff -1.0 outinratio 0.0 

WplusH126_4e_Nj_genbin0_recobin2 acc 0.0732 eff 0.0054 outinratio 0.0689 

ZH126_4e_Nj_genbin0_recobin2 acc 0.0723 eff 0.0118 outinratio 0.1623 

ttH126_4e_Nj_genbin0_recobin2 acc 0.0004 eff -1.0 outinratio 0.1614 

ggH126_4e_Nj_genbin1_recobin2 acc 0.1092 eff 0.0358 outinratio 0.0487 

VBFH126_4e_Nj_genbin1_recobin2 acc 0.1659 eff 0.0745 outinratio 0.0127 

WminusH126_4e_Nj_genbin1_recobin2 acc 0.1008 eff 0.14 outinratio 0.0 

WplusH126_4e_Nj_genbin1_recobin2 acc 0.0936 eff 0.0564 outinratio 0.0689 

ZH126_4e_Nj_genbin1_recobin2 acc 0.0977 eff 0.0527 outinratio 0.1623 

ttH126_4e_Nj_genbin1_recobin2 acc 0.0087 eff 0.1838 outinratio 0.1614 

ggH126_4e_Nj_genbin2_recobin2 acc 0.0342 eff 0.2358 outinratio 0.0487 

VBFH126_4e_Nj_genbin2_recobin2 acc 0.1996 eff 0.2499 outinratio 0.0127 

WminusH126_4e_Nj_genbin2_recobin2 acc 0.0543 eff -1.0 outinratio 0.0 

WplusH126_4e_Nj_genbin2_recobin2 acc 0.0874 eff 0.2695 outinratio 0.0689 

ZH126_4e_Nj_genbin2_recobin2 acc 0.1014 eff 0.2499 outinratio 0.1623 

ttH126_4e_Nj_genbin2_recobin2 acc 0.026 eff 0.1459 outinratio 0.1614 

ggH126_4e_Nj_genbin3_recobin2 acc 0.0093 eff 0.0822 outinratio 0.0487 

VBFH126_4e_Nj_genbin3_recobin2 acc 0.0353 eff 0.1663 outinratio 0.0127 

WminusH126_4e_Nj_genbin3_recobin2 acc 0.0543 eff -1.0 outinratio 0.0 

WplusH126_4e_Nj_genbin3_recobin2 acc 0.0316 eff 0.0679 outinratio 0.0689 

ZH126_4e_Nj_genbin3_recobin2 acc 0.034 eff 0.0716 outinratio 0.1623 

ttH126_4e_Nj_genbin3_recobin2 acc 0.0599 eff 0.0367 outinratio 0.1614 

ggH126_4e_Nj_genbin4_recobin2 acc 0.0028 eff 0.0138 outinratio 0.0487 

VBFH126_4e_Nj_genbin4_recobin2 acc 0.0027 eff -1.0 outinratio 0.0127 

WminusH126_4e_Nj_genbin4_recobin2 acc 0.0155 eff -1.0 outinratio 0.0 

WplusH126_4e_Nj_genbin4_recobin2 acc 0.0173 eff 0.0158 outinratio 0.0689 

ZH126_4e_Nj_genbin4_recobin2 acc 0.0198 eff 0.0234 outinratio 0.1623 

ttH126_4e_Nj_genbin4_recobin2 acc 0.2191 eff 0.0027 outinratio 0.1614 

ggH126_4e_Nj_genbin0_recobin3 acc 0.2453 eff 0.0001 outinratio 0.0496 

VBFH126_4e_Nj_genbin0_recobin3 acc 0.0424 eff 0.0154 outinratio 0.0314 

WminusH126_4e_Nj_genbin0_recobin3 acc 0.0698 eff -1.0 outinratio 0.0 

WplusH126_4e_Nj_genbin0_recobin3 acc 0.0732 eff 0.0002 outinratio 0.0682 

ZH126_4e_Nj_genbin0_recobin3 acc 0.0723 eff 0.0 outinratio 0.043 

ttH126_4e_Nj_genbin0_recobin3 acc 0.0004 eff -1.0 outinratio 0.1584 

ggH126_4e_Nj_genbin1_recobin3 acc 0.1092 eff 0.0044 outinratio 0.0496 

VBFH126_4e_Nj_genbin1_recobin3 acc 0.1659 eff 0.0105 outinratio 0.0314 

WminusH126_4e_Nj_genbin1_recobin3 acc 0.1008 eff 0.0 outinratio 0.0 

WplusH126_4e_Nj_genbin1_recobin3 acc 0.0936 eff 0.0099 outinratio 0.0682 

ZH126_4e_Nj_genbin1_recobin3 acc 0.0977 eff 0.0019 outinratio 0.043 

ttH126_4e_Nj_genbin1_recobin3 acc 0.0087 eff 0.1047 outinratio 0.1584 

ggH126_4e_Nj_genbin2_recobin3 acc 0.0342 eff 0.0504 outinratio 0.0496 

VBFH126_4e_Nj_genbin2_recobin3 acc 0.1996 eff 0.0314 outinratio 0.0314 

WminusH126_4e_Nj_genbin2_recobin3 acc 0.0543 eff -1.0 outinratio 0.0 

WplusH126_4e_Nj_genbin2_recobin3 acc 0.0874 eff 0.039 outinratio 0.0682 

ZH126_4e_Nj_genbin2_recobin3 acc 0.1014 eff 0.0189 outinratio 0.043 

ttH126_4e_Nj_genbin2_recobin3 acc 0.026 eff 0.0812 outinratio 0.1584 

ggH126_4e_Nj_genbin3_recobin3 acc 0.0093 eff 0.2275 outinratio 0.0496 

VBFH126_4e_Nj_genbin3_recobin3 acc 0.0353 eff 0.3362 outinratio 0.0314 

WminusH126_4e_Nj_genbin3_recobin3 acc 0.0543 eff -1.0 outinratio 0.0 

WplusH126_4e_Nj_genbin3_recobin3 acc 0.0316 eff 0.2226 outinratio 0.0682 

ZH126_4e_Nj_genbin3_recobin3 acc 0.034 eff 0.2024 outinratio 0.043 

ttH126_4e_Nj_genbin3_recobin3 acc 0.0599 eff 0.1656 outinratio 0.1584 

ggH126_4e_Nj_genbin4_recobin3 acc 0.0028 eff 0.1197 outinratio 0.0496 

VBFH126_4e_Nj_genbin4_recobin3 acc 0.0027 eff -1.0 outinratio 0.0314 

WminusH126_4e_Nj_genbin4_recobin3 acc 0.0155 eff -1.0 outinratio 0.0 

WplusH126_4e_Nj_genbin4_recobin3 acc 0.0173 eff 0.0707 outinratio 0.0682 

ZH126_4e_Nj_genbin4_recobin3 acc 0.0198 eff 0.0954 outinratio 0.043 

ttH126_4e_Nj_genbin4_recobin3 acc 0.2191 eff 0.0233 outinratio 0.1584 

ggH126_4e_Nj_genbin0_recobin4 acc 0.2453 eff 0.0 outinratio 0.0632 

VBFH126_4e_Nj_genbin0_recobin4 acc 0.0424 eff 0.0 outinratio 0.0 

WminusH126_4e_Nj_genbin0_recobin4 acc 0.0698 eff -1.0 outinratio 0.0 

WplusH126_4e_Nj_genbin0_recobin4 acc 0.0732 eff 0.0 outinratio 0.0739 

ZH126_4e_Nj_genbin0_recobin4 acc 0.0723 eff 0.0 outinratio 0.148 

ttH126_4e_Nj_genbin0_recobin4 acc 0.0004 eff -1.0 outinratio 0.1859 

ggH126_4e_Nj_genbin1_recobin4 acc 0.1092 eff 0.0 outinratio 0.0632 

VBFH126_4e_Nj_genbin1_recobin4 acc 0.1659 eff 0.0 outinratio 0.0 

WminusH126_4e_Nj_genbin1_recobin4 acc 0.1008 eff 0.0 outinratio 0.0 

WplusH126_4e_Nj_genbin1_recobin4 acc 0.0936 eff -0.0013 outinratio 0.0739 

ZH126_4e_Nj_genbin1_recobin4 acc 0.0977 eff 0.0 outinratio 0.148 

ttH126_4e_Nj_genbin1_recobin4 acc 0.0087 eff 0.0 outinratio 0.1859 

ggH126_4e_Nj_genbin2_recobin4 acc 0.0342 eff 0.0039 outinratio 0.0632 

VBFH126_4e_Nj_genbin2_recobin4 acc 0.1996 eff 0.0051 outinratio 0.0 

WminusH126_4e_Nj_genbin2_recobin4 acc 0.0543 eff -1.0 outinratio 0.0 

WplusH126_4e_Nj_genbin2_recobin4 acc 0.0874 eff 0.0045 outinratio 0.0739 

ZH126_4e_Nj_genbin2_recobin4 acc 0.1014 eff 0.003 outinratio 0.148 

ttH126_4e_Nj_genbin2_recobin4 acc 0.026 eff 0.0363 outinratio 0.1859 

ggH126_4e_Nj_genbin3_recobin4 acc 0.0093 eff 0.0326 outinratio 0.0632 

VBFH126_4e_Nj_genbin3_recobin4 acc 0.0353 eff 0.0 outinratio 0.0 

WminusH126_4e_Nj_genbin3_recobin4 acc 0.0543 eff -1.0 outinratio 0.0 

WplusH126_4e_Nj_genbin3_recobin4 acc 0.0316 eff 0.0443 outinratio 0.0739 

ZH126_4e_Nj_genbin3_recobin4 acc 0.034 eff 0.0828 outinratio 0.148 

ttH126_4e_Nj_genbin3_recobin4 acc 0.0599 eff 0.1131 outinratio 0.1859 

ggH126_4e_Nj_genbin4_recobin4 acc 0.0028 eff 0.1752 outinratio 0.0632 

VBFH126_4e_Nj_genbin4_recobin4 acc 0.0027 eff -1.0 outinratio 0.0 

WminusH126_4e_Nj_genbin4_recobin4 acc 0.0155 eff -1.0 outinratio 0.0 

WplusH126_4e_Nj_genbin4_recobin4 acc 0.0173 eff 0.2965 outinratio 0.0739 

ZH126_4e_Nj_genbin4_recobin4 acc 0.0198 eff 0.2333 outinratio 0.148 

ttH126_4e_Nj_genbin4_recobin4 acc 0.2191 eff 0.3422 outinratio 0.1859 

ggH126_4mu_Nj_genbin0_recobin0 acc 0.2708 eff 0.7057 outinratio 0.0535 

VBFH126_4mu_Nj_genbin0_recobin0 acc 0.0362 eff 0.4888 outinratio 0.013 

WminusH126_4mu_Nj_genbin0_recobin0 acc 0.0909 eff -1.0 outinratio 0.282 

WplusH126_4mu_Nj_genbin0_recobin0 acc 0.0802 eff 0.5472 outinratio 0.0537 

ZH126_4mu_Nj_genbin0_recobin0 acc 0.0818 eff 0.6393 outinratio 0.0876 

ttH126_4mu_Nj_genbin0_recobin0 acc 0.0018 eff -1.0 outinratio 1.34 

ggH126_4mu_Nj_genbin1_recobin0 acc 0.1107 eff 0.1082 outinratio 0.0535 

VBFH126_4mu_Nj_genbin1_recobin0 acc 0.1663 eff 0.0575 outinratio 0.013 

WminusH126_4mu_Nj_genbin1_recobin0 acc 0.1273 eff 0.0 outinratio 0.282 

WplusH126_4mu_Nj_genbin1_recobin0 acc 0.1048 eff 0.0468 outinratio 0.0537 

ZH126_4mu_Nj_genbin1_recobin0 acc 0.1112 eff 0.0498 outinratio 0.0876 

ttH126_4mu_Nj_genbin1_recobin0 acc 0.0057 eff 0.0 outinratio 1.34 

ggH126_4mu_Nj_genbin2_recobin0 acc 0.0332 eff 0.0171 outinratio 0.0535 

VBFH126_4mu_Nj_genbin2_recobin0 acc 0.2319 eff 0.0094 outinratio 0.013 

WminusH126_4mu_Nj_genbin2_recobin0 acc 0.1 eff 0.0 outinratio 0.282 

WplusH126_4mu_Nj_genbin2_recobin0 acc 0.0934 eff 0.0076 outinratio 0.0537 

ZH126_4mu_Nj_genbin2_recobin0 acc 0.1165 eff 0.0032 outinratio 0.0876 

ttH126_4mu_Nj_genbin2_recobin0 acc 0.0281 eff 0.009 outinratio 1.34 

ggH126_4mu_Nj_genbin3_recobin0 acc 0.0084 eff 0.0 outinratio 0.0535 

VBFH126_4mu_Nj_genbin3_recobin0 acc 0.0317 eff 0.0 outinratio 0.013 

WminusH126_4mu_Nj_genbin3_recobin0 acc 0.0273 eff -1.0 outinratio 0.282 

WplusH126_4mu_Nj_genbin3_recobin0 acc 0.0349 eff 0.001 outinratio 0.0537 

ZH126_4mu_Nj_genbin3_recobin0 acc 0.0358 eff 0.0 outinratio 0.0876 

ttH126_4mu_Nj_genbin3_recobin0 acc 0.0651 eff 0.0 outinratio 1.34 

ggH126_4mu_Nj_genbin4_recobin0 acc 0.0035 eff 0.0 outinratio 0.0535 

VBFH126_4mu_Nj_genbin4_recobin0 acc 0.0072 eff 0.0 outinratio 0.013 

WminusH126_4mu_Nj_genbin4_recobin0 acc 0.0091 eff -1.0 outinratio 0.282 

WplusH126_4mu_Nj_genbin4_recobin0 acc 0.0187 eff 0.0 outinratio 0.0537 

ZH126_4mu_Nj_genbin4_recobin0 acc 0.0216 eff 0.0 outinratio 0.0876 

ttH126_4mu_Nj_genbin4_recobin0 acc 0.2421 eff 0.0 outinratio 1.34 

ggH126_4mu_Nj_genbin0_recobin1 acc 0.2708 eff 0.0951 outinratio 0.0392 

VBFH126_4mu_Nj_genbin0_recobin1 acc 0.0362 eff 0.2321 outinratio 0.0337 

WminusH126_4mu_Nj_genbin0_recobin1 acc 0.0909 eff -1.0 outinratio 0.1368 

WplusH126_4mu_Nj_genbin0_recobin1 acc 0.0802 eff 0.2254 outinratio 0.0747 

ZH126_4mu_Nj_genbin0_recobin1 acc 0.0818 eff 0.1 outinratio 0.0843 

ttH126_4mu_Nj_genbin0_recobin1 acc 0.0018 eff -1.0 outinratio 0.0 

ggH126_4mu_Nj_genbin1_recobin1 acc 0.1107 eff 0.5925 outinratio 0.0392 

VBFH126_4mu_Nj_genbin1_recobin1 acc 0.1663 eff 0.5724 outinratio 0.0337 

WminusH126_4mu_Nj_genbin1_recobin1 acc 0.1273 eff 0.431 outinratio 0.1368 

WplusH126_4mu_Nj_genbin1_recobin1 acc 0.1048 eff 0.5534 outinratio 0.0747 

ZH126_4mu_Nj_genbin1_recobin1 acc 0.1112 eff 0.5718 outinratio 0.0843 

ttH126_4mu_Nj_genbin1_recobin1 acc 0.0057 eff 0.3419 outinratio 0.0 

ggH126_4mu_Nj_genbin2_recobin1 acc 0.0332 eff 0.1688 outinratio 0.0392 

VBFH126_4mu_Nj_genbin2_recobin1 acc 0.2319 eff 0.114 outinratio 0.0337 

WminusH126_4mu_Nj_genbin2_recobin1 acc 0.1 eff -0.0656 outinratio 0.1368 

WplusH126_4mu_Nj_genbin2_recobin1 acc 0.0934 eff 0.12 outinratio 0.0747 

ZH126_4mu_Nj_genbin2_recobin1 acc 0.1165 eff 0.1305 outinratio 0.0843 

ttH126_4mu_Nj_genbin2_recobin1 acc 0.0281 eff 0.0367 outinratio 0.0 

ggH126_4mu_Nj_genbin3_recobin1 acc 0.0084 eff 0.0323 outinratio 0.0392 

VBFH126_4mu_Nj_genbin3_recobin1 acc 0.0317 eff 0.0174 outinratio 0.0337 

WminusH126_4mu_Nj_genbin3_recobin1 acc 0.0273 eff -1.0 outinratio 0.1368 

WplusH126_4mu_Nj_genbin3_recobin1 acc 0.0349 eff 0.0249 outinratio 0.0747 

ZH126_4mu_Nj_genbin3_recobin1 acc 0.0358 eff 0.0137 outinratio 0.0843 

ttH126_4mu_Nj_genbin3_recobin1 acc 0.0651 eff 0.0131 outinratio 0.0 

ggH126_4mu_Nj_genbin4_recobin1 acc 0.0035 eff 0.0045 outinratio 0.0392 

VBFH126_4mu_Nj_genbin4_recobin1 acc 0.0072 eff 0.0 outinratio 0.0337 

WminusH126_4mu_Nj_genbin4_recobin1 acc 0.0091 eff -1.0 outinratio 0.1368 

WplusH126_4mu_Nj_genbin4_recobin1 acc 0.0187 eff 0.0 outinratio 0.0747 

ZH126_4mu_Nj_genbin4_recobin1 acc 0.0216 eff 0.037 outinratio 0.0843 

ttH126_4mu_Nj_genbin4_recobin1 acc 0.2421 eff 0.0013 outinratio 0.0 

ggH126_4mu_Nj_genbin0_recobin2 acc 0.2708 eff 0.0107 outinratio 0.0595 

VBFH126_4mu_Nj_genbin0_recobin2 acc 0.0362 eff 0.0585 outinratio 0.0497 

WminusH126_4mu_Nj_genbin0_recobin2 acc 0.0909 eff -1.0 outinratio 0.0 

WplusH126_4mu_Nj_genbin0_recobin2 acc 0.0802 eff 0.0218 outinratio 0.0563 

ZH126_4mu_Nj_genbin0_recobin2 acc 0.0818 eff 0.0144 outinratio 0.0567 

ttH126_4mu_Nj_genbin0_recobin2 acc 0.0018 eff -1.0 outinratio 0.1986 

ggH126_4mu_Nj_genbin1_recobin2 acc 0.1107 eff 0.0866 outinratio 0.0595 

VBFH126_4mu_Nj_genbin1_recobin2 acc 0.1663 eff 0.1456 outinratio 0.0497 

WminusH126_4mu_Nj_genbin1_recobin2 acc 0.1273 eff 0.1504 outinratio 0.0 

WplusH126_4mu_Nj_genbin1_recobin2 acc 0.1048 eff 0.1469 outinratio 0.0563 

ZH126_4mu_Nj_genbin1_recobin2 acc 0.1112 eff 0.1811 outinratio 0.0567 

ttH126_4mu_Nj_genbin1_recobin2 acc 0.0057 eff 0.2446 outinratio 0.1986 

ggH126_4mu_Nj_genbin2_recobin2 acc 0.0332 eff 0.537 outinratio 0.0595 

VBFH126_4mu_Nj_genbin2_recobin2 acc 0.2319 eff 0.5991 outinratio 0.0497 

WminusH126_4mu_Nj_genbin2_recobin2 acc 0.1 eff 0.649 outinratio 0.0 

WplusH126_4mu_Nj_genbin2_recobin2 acc 0.0934 eff 0.5804 outinratio 0.0563 

ZH126_4mu_Nj_genbin2_recobin2 acc 0.1165 eff 0.6246 outinratio 0.0567 

ttH126_4mu_Nj_genbin2_recobin2 acc 0.0281 eff 0.3145 outinratio 0.1986 

ggH126_4mu_Nj_genbin3_recobin2 acc 0.0084 eff 0.1853 outinratio 0.0595 

VBFH126_4mu_Nj_genbin3_recobin2 acc 0.0317 eff 0.3292 outinratio 0.0497 

WminusH126_4mu_Nj_genbin3_recobin2 acc 0.0273 eff -1.0 outinratio 0.0 

WplusH126_4mu_Nj_genbin3_recobin2 acc 0.0349 eff 0.1835 outinratio 0.0563 

ZH126_4mu_Nj_genbin3_recobin2 acc 0.0358 eff 0.1614 outinratio 0.0567 

ttH126_4mu_Nj_genbin3_recobin2 acc 0.0651 eff 0.0848 outinratio 0.1986 

ggH126_4mu_Nj_genbin4_recobin2 acc 0.0035 eff 0.0 outinratio 0.0595 

VBFH126_4mu_Nj_genbin4_recobin2 acc 0.0072 eff 0.0 outinratio 0.0497 

WminusH126_4mu_Nj_genbin4_recobin2 acc 0.0091 eff -1.0 outinratio 0.0 

WplusH126_4mu_Nj_genbin4_recobin2 acc 0.0187 eff 0.026 outinratio 0.0563 

ZH126_4mu_Nj_genbin4_recobin2 acc 0.0216 eff 0.0418 outinratio 0.0567 

ttH126_4mu_Nj_genbin4_recobin2 acc 0.2421 eff 0.0067 outinratio 0.1986 

ggH126_4mu_Nj_genbin0_recobin3 acc 0.2708 eff 0.0002 outinratio 0.0555 

VBFH126_4mu_Nj_genbin0_recobin3 acc 0.0362 eff 0.0 outinratio 0.0386 

WminusH126_4mu_Nj_genbin0_recobin3 acc 0.0909 eff -1.0 outinratio 0.0 

WplusH126_4mu_Nj_genbin0_recobin3 acc 0.0802 eff 0.0004 outinratio 0.089 

ZH126_4mu_Nj_genbin0_recobin3 acc 0.0818 eff 0.0 outinratio 0.0993 

ttH126_4mu_Nj_genbin0_recobin3 acc 0.0018 eff -1.0 outinratio 0.1508 

ggH126_4mu_Nj_genbin1_recobin3 acc 0.1107 eff 0.009 outinratio 0.0555 

VBFH126_4mu_Nj_genbin1_recobin3 acc 0.1663 eff 0.0066 outinratio 0.0386 

WminusH126_4mu_Nj_genbin1_recobin3 acc 0.1273 eff 0.0 outinratio 0.0 

WplusH126_4mu_Nj_genbin1_recobin3 acc 0.1048 eff 0.0186 outinratio 0.089 

ZH126_4mu_Nj_genbin1_recobin3 acc 0.1112 eff 0.004 outinratio 0.0993 

ttH126_4mu_Nj_genbin1_recobin3 acc 0.0057 eff 0.117 outinratio 0.1508 

ggH126_4mu_Nj_genbin2_recobin3 acc 0.0332 eff 0.0927 outinratio 0.0555 

VBFH126_4mu_Nj_genbin2_recobin3 acc 0.2319 eff 0.0949 outinratio 0.0386 

WminusH126_4mu_Nj_genbin2_recobin3 acc 0.1 eff 0.107 outinratio 0.0 

WplusH126_4mu_Nj_genbin2_recobin3 acc 0.0934 eff 0.0958 outinratio 0.089 

ZH126_4mu_Nj_genbin2_recobin3 acc 0.1165 eff 0.0766 outinratio 0.0993 

ttH126_4mu_Nj_genbin2_recobin3 acc 0.0281 eff 0.2675 outinratio 0.1508 

ggH126_4mu_Nj_genbin3_recobin3 acc 0.0084 eff 0.5645 outinratio 0.0555 

VBFH126_4mu_Nj_genbin3_recobin3 acc 0.0317 eff 0.4938 outinratio 0.0386 

WminusH126_4mu_Nj_genbin3_recobin3 acc 0.0273 eff -1.0 outinratio 0.0 

WplusH126_4mu_Nj_genbin3_recobin3 acc 0.0349 eff 0.4898 outinratio 0.089 

ZH126_4mu_Nj_genbin3_recobin3 acc 0.0358 eff 0.4525 outinratio 0.0993 

ttH126_4mu_Nj_genbin3_recobin3 acc 0.0651 eff 0.3388 outinratio 0.1508 

ggH126_4mu_Nj_genbin4_recobin3 acc 0.0035 eff 0.3073 outinratio 0.0555 

VBFH126_4mu_Nj_genbin4_recobin3 acc 0.0072 eff 0.0671 outinratio 0.0386 

WminusH126_4mu_Nj_genbin4_recobin3 acc 0.0091 eff -1.0 outinratio 0.0 

WplusH126_4mu_Nj_genbin4_recobin3 acc 0.0187 eff 0.1497 outinratio 0.089 

ZH126_4mu_Nj_genbin4_recobin3 acc 0.0216 eff 0.1581 outinratio 0.0993 

ttH126_4mu_Nj_genbin4_recobin3 acc 0.2421 eff 0.0666 outinratio 0.1508 

ggH126_4mu_Nj_genbin0_recobin4 acc 0.2708 eff 0.0 outinratio 0.0839 

VBFH126_4mu_Nj_genbin0_recobin4 acc 0.0362 eff 0.0 outinratio 0.0344 

WminusH126_4mu_Nj_genbin0_recobin4 acc 0.0909 eff -1.0 outinratio 0.0 

WplusH126_4mu_Nj_genbin0_recobin4 acc 0.0802 eff 0.0 outinratio 0.0766 

ZH126_4mu_Nj_genbin0_recobin4 acc 0.0818 eff 0.0 outinratio 0.0983 

ttH126_4mu_Nj_genbin0_recobin4 acc 0.0018 eff -1.0 outinratio 0.1459 

ggH126_4mu_Nj_genbin1_recobin4 acc 0.1107 eff 0.0 outinratio 0.0839 

VBFH126_4mu_Nj_genbin1_recobin4 acc 0.1663 eff 0.0 outinratio 0.0344 

WminusH126_4mu_Nj_genbin1_recobin4 acc 0.1273 eff 0.0 outinratio 0.0 

WplusH126_4mu_Nj_genbin1_recobin4 acc 0.1048 eff 0.0013 outinratio 0.0766 

ZH126_4mu_Nj_genbin1_recobin4 acc 0.1112 eff 0.0 outinratio 0.0983 

ttH126_4mu_Nj_genbin1_recobin4 acc 0.0057 eff 0.0706 outinratio 0.1459 

ggH126_4mu_Nj_genbin2_recobin4 acc 0.0332 eff 0.0084 outinratio 0.0839 

VBFH126_4mu_Nj_genbin2_recobin4 acc 0.2319 eff 0.0093 outinratio 0.0344 

WminusH126_4mu_Nj_genbin2_recobin4 acc 0.1 eff 0.0 outinratio 0.0 

WplusH126_4mu_Nj_genbin2_recobin4 acc 0.0934 eff 0.0155 outinratio 0.0766 

ZH126_4mu_Nj_genbin2_recobin4 acc 0.1165 eff 0.0068 outinratio 0.0983 

ttH126_4mu_Nj_genbin2_recobin4 acc 0.0281 eff 0.1082 outinratio 0.1459 

ggH126_4mu_Nj_genbin3_recobin4 acc 0.0084 eff 0.1119 outinratio 0.0839 

VBFH126_4mu_Nj_genbin3_recobin4 acc 0.0317 eff 0.0569 outinratio 0.0344 

WminusH126_4mu_Nj_genbin3_recobin4 acc 0.0273 eff -1.0 outinratio 0.0 

WplusH126_4mu_Nj_genbin3_recobin4 acc 0.0349 eff 0.1021 outinratio 0.0766 

ZH126_4mu_Nj_genbin3_recobin4 acc 0.0358 eff 0.1447 outinratio 0.0983 

ttH126_4mu_Nj_genbin3_recobin4 acc 0.0651 eff 0.2815 outinratio 0.1459 

ggH126_4mu_Nj_genbin4_recobin4 acc 0.0035 eff 0.5813 outinratio 0.0839 

VBFH126_4mu_Nj_genbin4_recobin4 acc 0.0072 eff 1.1428 outinratio 0.0344 

WminusH126_4mu_Nj_genbin4_recobin4 acc 0.0091 eff -1.0 outinratio 0.0 

WplusH126_4mu_Nj_genbin4_recobin4 acc 0.0187 eff 0.5869 outinratio 0.0766 

ZH126_4mu_Nj_genbin4_recobin4 acc 0.0216 eff 0.5933 outinratio 0.0983 

ttH126_4mu_Nj_genbin4_recobin4 acc 0.2421 eff 0.7031 outinratio 0.1459 

ggH126_2e2mu_Nj_genbin0_recobin0 acc 0.2529 eff 0.4456 outinratio 0.0529 

VBFH126_2e2mu_Nj_genbin0_recobin0 acc 0.0362 eff 0.379 outinratio 0.0098 

WminusH126_2e2mu_Nj_genbin0_recobin0 acc 0.1043 eff 0.2994 outinratio 0.3318 

WplusH126_2e2mu_Nj_genbin0_recobin0 acc 0.0716 eff 0.3706 outinratio 0.0658 

ZH126_2e2mu_Nj_genbin0_recobin0 acc 0.0735 eff 0.4073 outinratio 0.0759 

ttH126_2e2mu_Nj_genbin0_recobin0 acc 0.0 eff -1.0 outinratio 0.0 

ggH126_2e2mu_Nj_genbin1_recobin0 acc 0.1025 eff 0.0761 outinratio 0.0529 

VBFH126_2e2mu_Nj_genbin1_recobin0 acc 0.1918 eff 0.0348 outinratio 0.0098 

WminusH126_2e2mu_Nj_genbin1_recobin0 acc 0.0783 eff 0.0 outinratio 0.3318 

WplusH126_2e2mu_Nj_genbin1_recobin0 acc 0.0959 eff 0.0363 outinratio 0.0658 

ZH126_2e2mu_Nj_genbin1_recobin0 acc 0.1061 eff 0.0383 outinratio 0.0759 

ttH126_2e2mu_Nj_genbin1_recobin0 acc 0.0079 eff 0.0 outinratio 0.0 

ggH126_2e2mu_Nj_genbin2_recobin0 acc 0.0331 eff 0.0097 outinratio 0.0529 

VBFH126_2e2mu_Nj_genbin2_recobin0 acc 0.2046 eff 0.0009 outinratio 0.0098 

WminusH126_2e2mu_Nj_genbin2_recobin0 acc 0.1304 eff 0.0278 outinratio 0.3318 

WplusH126_2e2mu_Nj_genbin2_recobin0 acc 0.0936 eff 0.0061 outinratio 0.0658 

ZH126_2e2mu_Nj_genbin2_recobin0 acc 0.1088 eff 0.0025 outinratio 0.0759 

ttH126_2e2mu_Nj_genbin2_recobin0 acc 0.026 eff 0.0 outinratio 0.0 

ggH126_2e2mu_Nj_genbin3_recobin0 acc 0.0085 eff 0.0 outinratio 0.0529 

VBFH126_2e2mu_Nj_genbin3_recobin0 acc 0.0262 eff 0.0088 outinratio 0.0098 

WminusH126_2e2mu_Nj_genbin3_recobin0 acc 0.0435 eff -1.0 outinratio 0.3318 

WplusH126_2e2mu_Nj_genbin3_recobin0 acc 0.0323 eff 0.0 outinratio 0.0658 

ZH126_2e2mu_Nj_genbin3_recobin0 acc 0.0367 eff 0.0022 outinratio 0.0759 

ttH126_2e2mu_Nj_genbin3_recobin0 acc 0.0535 eff 0.0 outinratio 0.0 

ggH126_2e2mu_Nj_genbin4_recobin0 acc 0.0027 eff 0.0 outinratio 0.0529 

VBFH126_2e2mu_Nj_genbin4_recobin0 acc 0.0034 eff 0.0 outinratio 0.0098 

WminusH126_2e2mu_Nj_genbin4_recobin0 acc 0.0261 eff -1.0 outinratio 0.3318 

WplusH126_2e2mu_Nj_genbin4_recobin0 acc 0.0155 eff 0.0 outinratio 0.0658 

ZH126_2e2mu_Nj_genbin4_recobin0 acc 0.0152 eff 0.0 outinratio 0.0759 

ttH126_2e2mu_Nj_genbin4_recobin0 acc 0.2237 eff 0.0 outinratio 0.0 

ggH126_2e2mu_Nj_genbin0_recobin1 acc 0.2529 eff 0.0602 outinratio 0.0535 

VBFH126_2e2mu_Nj_genbin0_recobin1 acc 0.0362 eff 0.1457 outinratio 0.0324 

WminusH126_2e2mu_Nj_genbin0_recobin1 acc 0.1043 eff 0.0345 outinratio 0.0535 

WplusH126_2e2mu_Nj_genbin0_recobin1 acc 0.0716 eff 0.1146 outinratio 0.0804 

ZH126_2e2mu_Nj_genbin0_recobin1 acc 0.0735 eff 0.1093 outinratio 0.0806 

ttH126_2e2mu_Nj_genbin0_recobin1 acc 0.0 eff -1.0 outinratio 0.2484 

ggH126_2e2mu_Nj_genbin1_recobin1 acc 0.1025 eff 0.3926 outinratio 0.0535 

VBFH126_2e2mu_Nj_genbin1_recobin1 acc 0.1918 eff 0.3739 outinratio 0.0324 

WminusH126_2e2mu_Nj_genbin1_recobin1 acc 0.0783 eff 0.3066 outinratio 0.0535 

WplusH126_2e2mu_Nj_genbin1_recobin1 acc 0.0959 eff 0.3645 outinratio 0.0804 

ZH126_2e2mu_Nj_genbin1_recobin1 acc 0.1061 eff 0.3407 outinratio 0.0806 

ttH126_2e2mu_Nj_genbin1_recobin1 acc 0.0079 eff 0.1733 outinratio 0.2484 

ggH126_2e2mu_Nj_genbin2_recobin1 acc 0.0331 eff 0.1 outinratio 0.0535 

VBFH126_2e2mu_Nj_genbin2_recobin1 acc 0.2046 eff 0.0945 outinratio 0.0324 

WminusH126_2e2mu_Nj_genbin2_recobin1 acc 0.1304 eff 0.1842 outinratio 0.0535 

WplusH126_2e2mu_Nj_genbin2_recobin1 acc 0.0936 eff 0.0797 outinratio 0.0804 

ZH126_2e2mu_Nj_genbin2_recobin1 acc 0.1088 eff 0.0613 outinratio 0.0806 

ttH126_2e2mu_Nj_genbin2_recobin1 acc 0.026 eff 0.0218 outinratio 0.2484 

ggH126_2e2mu_Nj_genbin3_recobin1 acc 0.0085 eff 0.0168 outinratio 0.0535 

VBFH126_2e2mu_Nj_genbin3_recobin1 acc 0.0262 eff 0.0366 outinratio 0.0324 

WminusH126_2e2mu_Nj_genbin3_recobin1 acc 0.0435 eff -1.0 outinratio 0.0535 

WplusH126_2e2mu_Nj_genbin3_recobin1 acc 0.0323 eff 0.0136 outinratio 0.0804 

ZH126_2e2mu_Nj_genbin3_recobin1 acc 0.0367 eff 0.005 outinratio 0.0806 

ttH126_2e2mu_Nj_genbin3_recobin1 acc 0.0535 eff 0.0 outinratio 0.2484 

ggH126_2e2mu_Nj_genbin4_recobin1 acc 0.0027 eff 0.0 outinratio 0.0535 

VBFH126_2e2mu_Nj_genbin4_recobin1 acc 0.0034 eff 0.0 outinratio 0.0324 

WminusH126_2e2mu_Nj_genbin4_recobin1 acc 0.0261 eff -1.0 outinratio 0.0535 

WplusH126_2e2mu_Nj_genbin4_recobin1 acc 0.0155 eff 0.0011 outinratio 0.0804 

ZH126_2e2mu_Nj_genbin4_recobin1 acc 0.0152 eff 0.0 outinratio 0.0806 

ttH126_2e2mu_Nj_genbin4_recobin1 acc 0.2237 eff 0.0 outinratio 0.2484 

ggH126_2e2mu_Nj_genbin0_recobin2 acc 0.2529 eff 0.0059 outinratio 0.095 

VBFH126_2e2mu_Nj_genbin0_recobin2 acc 0.0362 eff 0.0 outinratio 0.0335 

WminusH126_2e2mu_Nj_genbin0_recobin2 acc 0.1043 eff 0.0 outinratio 0.0 

WplusH126_2e2mu_Nj_genbin0_recobin2 acc 0.0716 eff 0.0198 outinratio 0.0748 

ZH126_2e2mu_Nj_genbin0_recobin2 acc 0.0735 eff 0.0154 outinratio 0.0759 

ttH126_2e2mu_Nj_genbin0_recobin2 acc 0.0 eff -1.0 outinratio 0.103 

ggH126_2e2mu_Nj_genbin1_recobin2 acc 0.1025 eff 0.0533 outinratio 0.095 

VBFH126_2e2mu_Nj_genbin1_recobin2 acc 0.1918 eff 0.0946 outinratio 0.0335 

WminusH126_2e2mu_Nj_genbin1_recobin2 acc 0.0783 eff 0.0536 outinratio 0.0 

WplusH126_2e2mu_Nj_genbin1_recobin2 acc 0.0959 eff 0.1063 outinratio 0.0748 

ZH126_2e2mu_Nj_genbin1_recobin2 acc 0.1061 eff 0.1105 outinratio 0.0759 

ttH126_2e2mu_Nj_genbin1_recobin2 acc 0.0079 eff 0.3068 outinratio 0.103 

ggH126_2e2mu_Nj_genbin2_recobin2 acc 0.0331 eff 0.3816 outinratio 0.095 

VBFH126_2e2mu_Nj_genbin2_recobin2 acc 0.2046 eff 0.3847 outinratio 0.0335 

WminusH126_2e2mu_Nj_genbin2_recobin2 acc 0.1304 eff 0.3066 outinratio 0.0 

WplusH126_2e2mu_Nj_genbin2_recobin2 acc 0.0936 eff 0.3698 outinratio 0.0748 

ZH126_2e2mu_Nj_genbin2_recobin2 acc 0.1088 eff 0.3924 outinratio 0.0759 

ttH126_2e2mu_Nj_genbin2_recobin2 acc 0.026 eff 0.2664 outinratio 0.103 

ggH126_2e2mu_Nj_genbin3_recobin2 acc 0.0085 eff 0.1121 outinratio 0.095 

VBFH126_2e2mu_Nj_genbin3_recobin2 acc 0.0262 eff 0.1267 outinratio 0.0335 

WminusH126_2e2mu_Nj_genbin3_recobin2 acc 0.0435 eff -1.0 outinratio 0.0 

WplusH126_2e2mu_Nj_genbin3_recobin2 acc 0.0323 eff 0.1093 outinratio 0.0748 

ZH126_2e2mu_Nj_genbin3_recobin2 acc 0.0367 eff 0.1112 outinratio 0.0759 

ttH126_2e2mu_Nj_genbin3_recobin2 acc 0.0535 eff 0.0327 outinratio 0.103 

ggH126_2e2mu_Nj_genbin4_recobin2 acc 0.0027 eff 0.0173 outinratio 0.095 

VBFH126_2e2mu_Nj_genbin4_recobin2 acc 0.0034 eff 0.0392 outinratio 0.0335 

WminusH126_2e2mu_Nj_genbin4_recobin2 acc 0.0261 eff -1.0 outinratio 0.0 

WplusH126_2e2mu_Nj_genbin4_recobin2 acc 0.0155 eff 0.0264 outinratio 0.0748 

ZH126_2e2mu_Nj_genbin4_recobin2 acc 0.0152 eff 0.0049 outinratio 0.0759 

ttH126_2e2mu_Nj_genbin4_recobin2 acc 0.2237 eff 0.0069 outinratio 0.103 

ggH126_2e2mu_Nj_genbin0_recobin3 acc 0.2529 eff 0.0003 outinratio 0.1249 

VBFH126_2e2mu_Nj_genbin0_recobin3 acc 0.0362 eff 0.0 outinratio 0.0055 

WminusH126_2e2mu_Nj_genbin0_recobin3 acc 0.1043 eff 0.0 outinratio 0.1262 

WplusH126_2e2mu_Nj_genbin0_recobin3 acc 0.0716 eff 0.0012 outinratio 0.0745 

ZH126_2e2mu_Nj_genbin0_recobin3 acc 0.0735 eff 0.0007 outinratio 0.1195 

ttH126_2e2mu_Nj_genbin0_recobin3 acc 0.0 eff -1.0 outinratio 0.1865 

ggH126_2e2mu_Nj_genbin1_recobin3 acc 0.1025 eff 0.0063 outinratio 0.1249 

VBFH126_2e2mu_Nj_genbin1_recobin3 acc 0.1918 eff 0.009 outinratio 0.0055 

WminusH126_2e2mu_Nj_genbin1_recobin3 acc 0.0783 eff 0.0 outinratio 0.1262 

WplusH126_2e2mu_Nj_genbin1_recobin3 acc 0.0959 eff 0.0112 outinratio 0.0745 

ZH126_2e2mu_Nj_genbin1_recobin3 acc 0.1061 eff 0.0074 outinratio 0.1195 

ttH126_2e2mu_Nj_genbin1_recobin3 acc 0.0079 eff 0.1074 outinratio 0.1865 

ggH126_2e2mu_Nj_genbin2_recobin3 acc 0.0331 eff 0.0584 outinratio 0.1249 

VBFH126_2e2mu_Nj_genbin2_recobin3 acc 0.2046 eff 0.0519 outinratio 0.0055 

WminusH126_2e2mu_Nj_genbin2_recobin3 acc 0.1304 eff 0.0974 outinratio 0.1262 

WplusH126_2e2mu_Nj_genbin2_recobin3 acc 0.0936 eff 0.0648 outinratio 0.0745 

ZH126_2e2mu_Nj_genbin2_recobin3 acc 0.1088 eff 0.0699 outinratio 0.1195 

ttH126_2e2mu_Nj_genbin2_recobin3 acc 0.026 eff 0.1636 outinratio 0.1865 

ggH126_2e2mu_Nj_genbin3_recobin3 acc 0.0085 eff 0.3317 outinratio 0.1249 

VBFH126_2e2mu_Nj_genbin3_recobin3 acc 0.0262 eff 0.2972 outinratio 0.0055 

WminusH126_2e2mu_Nj_genbin3_recobin3 acc 0.0435 eff -1.0 outinratio 0.1262 

WplusH126_2e2mu_Nj_genbin3_recobin3 acc 0.0323 eff 0.3287 outinratio 0.0745 

ZH126_2e2mu_Nj_genbin3_recobin3 acc 0.0367 eff 0.3598 outinratio 0.1195 

ttH126_2e2mu_Nj_genbin3_recobin3 acc 0.0535 eff 0.2934 outinratio 0.1865 

ggH126_2e2mu_Nj_genbin4_recobin3 acc 0.0027 eff 0.1595 outinratio 0.1249 

VBFH126_2e2mu_Nj_genbin4_recobin3 acc 0.0034 eff 0.0622 outinratio 0.0055 

WminusH126_2e2mu_Nj_genbin4_recobin3 acc 0.0261 eff -1.0 outinratio 0.1262 

WplusH126_2e2mu_Nj_genbin4_recobin3 acc 0.0155 eff 0.1059 outinratio 0.0745 

ZH126_2e2mu_Nj_genbin4_recobin3 acc 0.0152 eff 0.142 outinratio 0.1195 

ttH126_2e2mu_Nj_genbin4_recobin3 acc 0.2237 eff 0.0374 outinratio 0.1865 

ggH126_2e2mu_Nj_genbin0_recobin4 acc 0.2529 eff 0.0 outinratio 0.0861 

VBFH126_2e2mu_Nj_genbin0_recobin4 acc 0.0362 eff 0.0 outinratio 0.0516 

WminusH126_2e2mu_Nj_genbin0_recobin4 acc 0.1043 eff 0.0 outinratio 0.0 

WplusH126_2e2mu_Nj_genbin0_recobin4 acc 0.0716 eff 0.0 outinratio 0.1311 

ZH126_2e2mu_Nj_genbin0_recobin4 acc 0.0735 eff 0.0 outinratio 0.1427 

ttH126_2e2mu_Nj_genbin0_recobin4 acc 0.0 eff -1.0 outinratio 0.1815 

ggH126_2e2mu_Nj_genbin1_recobin4 acc 0.1025 eff 0.0006 outinratio 0.0861 

VBFH126_2e2mu_Nj_genbin1_recobin4 acc 0.1918 eff 0.0 outinratio 0.0516 

WminusH126_2e2mu_Nj_genbin1_recobin4 acc 0.0783 eff 0.0 outinratio 0.0 

WplusH126_2e2mu_Nj_genbin1_recobin4 acc 0.0959 eff 0.0011 outinratio 0.1311 

ZH126_2e2mu_Nj_genbin1_recobin4 acc 0.1061 eff 0.0 outinratio 0.1427 

ttH126_2e2mu_Nj_genbin1_recobin4 acc 0.0079 eff 0.016 outinratio 0.1815 

ggH126_2e2mu_Nj_genbin2_recobin4 acc 0.0331 eff 0.0042 outinratio 0.0861 

VBFH126_2e2mu_Nj_genbin2_recobin4 acc 0.2046 eff 0.0086 outinratio 0.0516 

WminusH126_2e2mu_Nj_genbin2_recobin4 acc 0.1304 eff 0.0 outinratio 0.0 

WplusH126_2e2mu_Nj_genbin2_recobin4 acc 0.0936 eff 0.0071 outinratio 0.1311 

ZH126_2e2mu_Nj_genbin2_recobin4 acc 0.1088 eff 0.0074 outinratio 0.1427 

ttH126_2e2mu_Nj_genbin2_recobin4 acc 0.026 eff 0.0666 outinratio 0.1815 

ggH126_2e2mu_Nj_genbin3_recobin4 acc 0.0085 eff 0.0378 outinratio 0.0861 

VBFH126_2e2mu_Nj_genbin3_recobin4 acc 0.0262 eff 0.0284 outinratio 0.0516 

WminusH126_2e2mu_Nj_genbin3_recobin4 acc 0.0435 eff -1.0 outinratio 0.0 

WplusH126_2e2mu_Nj_genbin3_recobin4 acc 0.0323 eff 0.065 outinratio 0.1311 

ZH126_2e2mu_Nj_genbin3_recobin4 acc 0.0367 eff 0.0597 outinratio 0.1427 

ttH126_2e2mu_Nj_genbin3_recobin4 acc 0.0535 eff 0.1729 outinratio 0.1815 

ggH126_2e2mu_Nj_genbin4_recobin4 acc 0.0027 eff 0.3821 outinratio 0.0861 

VBFH126_2e2mu_Nj_genbin4_recobin4 acc 0.0034 eff 0.7582 outinratio 0.0516 

WminusH126_2e2mu_Nj_genbin4_recobin4 acc 0.0261 eff -1.0 outinratio 0.0 

WplusH126_2e2mu_Nj_genbin4_recobin4 acc 0.0155 eff 0.3772 outinratio 0.1311 

ZH126_2e2mu_Nj_genbin4_recobin4 acc 0.0152 eff 0.4485 outinratio 0.1427 

ttH126_2e2mu_Nj_genbin4_recobin4 acc 0.2237 eff 0.4513 outinratio 0.1815 

Coeff fullNNLOPS
