Welcome in RunCoefficients!
OPT SPLIT
DEBUG opt.YEAR = 2022EE_1
It is a single-differential measurement, binning [105.0, 160.0]
ZZMass
Following observables extracted from dictionary: RECO =  ZZMass  GEN =  GENmass4l
LUMI: 4.4454666666666665
ttH126 0.00016778591
Processing ggH126 2022EE_1
Signal created
Signal failed created
Processing VBFH126 2022EE_1
Signal created
Signal failed created
Processing WminusH126 2022EE_1
Signal created
Signal failed created
Processing WplusH126 2022EE_1
Signal created
Signal failed created
Processing ZH126 2022EE_1
Signal created
Signal failed created
Processing ttH126 2022EE_1
Signal created
Signal failed created
2022EE_1 SKIMMED df CREATED
2022EE_1 ggH126
2022EE_1 VBFH126
2022EE_1 WminusH126
2022EE_1 WplusH126
2022EE_1 ZH126
2022EE_1 ttH126
Dataframes created successfully
Coeff std
ggH126_4l_mass4l_genbin0_recobin0 acc 0.4465 eff 0.4924 outinratio 0.0077 

VBFH126_4l_mass4l_genbin0_recobin0 acc 0.4897 eff 0.5279 outinratio 0.0072 

WminusH126_4l_mass4l_genbin0_recobin0 acc 0.4126 eff 0.4805 outinratio 0.0176 

WplusH126_4l_mass4l_genbin0_recobin0 acc 0.3675 eff 0.4799 outinratio 0.0169 

ZH126_4l_mass4l_genbin0_recobin0 acc 0.3908 eff 0.476 outinratio 0.0541 

ttH126_4l_mass4l_genbin0_recobin0 acc 0.4898 eff 0.39 outinratio 0.0455 

ggH126_4e_mass4l_genbin0_recobin0 acc 0.4297 eff 0.3209 outinratio 0.013 

VBFH126_4e_mass4l_genbin0_recobin0 acc 0.4648 eff 0.3608 outinratio 0.0176 

WminusH126_4e_mass4l_genbin0_recobin0 acc 0.3962 eff 0.3226 outinratio 0.0237 

WplusH126_4e_mass4l_genbin0_recobin0 acc 0.3549 eff 0.3222 outinratio 0.0198 

ZH126_4e_mass4l_genbin0_recobin0 acc 0.3733 eff 0.3261 outinratio 0.0593 

ttH126_4e_mass4l_genbin0_recobin0 acc 0.472 eff 0.2912 outinratio 0.0571 

ggH126_4mu_mass4l_genbin0_recobin0 acc 0.4742 eff 0.6753 outinratio 0.004 

VBFH126_4mu_mass4l_genbin0_recobin0 acc 0.5186 eff 0.7176 outinratio 0.0038 

WminusH126_4mu_mass4l_genbin0_recobin0 acc 0.4391 eff 0.6487 outinratio 0.0138 

WplusH126_4mu_mass4l_genbin0_recobin0 acc 0.3932 eff 0.6403 outinratio 0.012 

ZH126_4mu_mass4l_genbin0_recobin0 acc 0.4128 eff 0.6327 outinratio 0.0539 

ttH126_4mu_mass4l_genbin0_recobin0 acc 0.52 eff 0.4949 outinratio 0.043 

ggH126_2e2mu_mass4l_genbin0_recobin0 acc 0.4405 eff 0.4772 outinratio 0.0089 

VBFH126_2e2mu_mass4l_genbin0_recobin0 acc 0.4876 eff 0.506 outinratio 0.0061 

WminusH126_2e2mu_mass4l_genbin0_recobin0 acc 0.4068 eff 0.4639 outinratio 0.0184 

WplusH126_2e2mu_mass4l_genbin0_recobin0 acc 0.3602 eff 0.4688 outinratio 0.0198 

ZH126_2e2mu_mass4l_genbin0_recobin0 acc 0.3883 eff 0.4638 outinratio 0.0524 

ttH126_2e2mu_mass4l_genbin0_recobin0 acc 0.483 eff 0.3812 outinratio 0.0426 

Coeff fullNNLOPS
