Welcome in RunCoefficients!
OPT SPLIT
DEBUG opt.YEAR = 2022EE_3
It is a double-differential measurement, binning for the 1st variable {0: [0.0, 10000.0], 1: [0.0, 45.0], 2: [45.0, 70.0], 3: [70.0, 95.0], 4: [95.0, 10000.0], 5: [0.0, 175.0], 6: [175.0, 10000.0]} and for the 2nd variable {0: [-100.0, 0.0], 1: [0.0, 50.0], 2: [0.0, 50.0], 3: [0.0, 50.0], 4: [0.0, 50.0], 5: [50.0, 10000.0], 6: [50.0, 10000.0]}
{0: [0.0, 10000.0, -100.0, 0.0], 1: [0.0, 45.0, 0.0, 50.0], 2: [45.0, 70.0, 0.0, 50.0], 3: [70.0, 95.0, 0.0, 50.0], 4: [95.0, 10000.0, 0.0, 50.0], 5: [0.0, 175.0, 50.0, 10000.0], 6: [175.0, 10000.0, 50.0, 10000.0]}
ZZPt
Following observables extracted from dictionary: RECO =  ZZPt  GEN =  GENpT4l
It is a double-differential measurement: RECO_2nd =  pTHj  GEN_2nd =  GENpTHj
LUMI: 4.4454666666666665
ttH126 0.0001677859
Processing ggH126 2022EE_3
Signal created
Signal failed created
Processing VBFH126 2022EE_3
Signal created
Signal failed created
Processing WminusH126 2022EE_3
Signal created
Signal failed created
Processing WplusH126 2022EE_3
Signal created
Signal failed created
Processing ZH126 2022EE_3
Signal created
Signal failed created
Processing ttH126 2022EE_3
Signal created
Signal failed created
2022EE_3 SKIMMED df CREATED
2022EE_3 ggH126
2022EE_3 VBFH126
2022EE_3 WminusH126
2022EE_3 WplusH126
2022EE_3 ZH126
2022EE_3 ttH126
Dataframes created successfully
Coeff std
ggH126_4l_pT4l_pTHj_genbin0_recobin0 acc 0.2947 eff 0.4358 outinratio 0.0078 

VBFH126_4l_pT4l_pTHj_genbin0_recobin0 acc 0.0711 eff 0.3429 outinratio 0.0072 

WminusH126_4l_pT4l_pTHj_genbin0_recobin0 acc 0.1005 eff 0.333 outinratio 0.0358 

WplusH126_4l_pT4l_pTHj_genbin0_recobin0 acc 0.0873 eff 0.3409 outinratio 0.0324 

ZH126_4l_pT4l_pTHj_genbin0_recobin0 acc 0.079 eff 0.4087 outinratio 0.0735 

ttH126_4l_pT4l_pTHj_genbin0_recobin0 acc 0.0012 eff 0.0768 outinratio 0.1701 

ggH126_4l_pT4l_pTHj_genbin1_recobin0 acc 0.0318 eff 0.0992 outinratio 0.0078 

VBFH126_4l_pT4l_pTHj_genbin1_recobin0 acc 0.0351 eff 0.0592 outinratio 0.0072 

WminusH126_4l_pT4l_pTHj_genbin1_recobin0 acc 0.0426 eff 0.0494 outinratio 0.0358 

WplusH126_4l_pT4l_pTHj_genbin1_recobin0 acc 0.0346 eff 0.0451 outinratio 0.0324 

ZH126_4l_pT4l_pTHj_genbin1_recobin0 acc 0.0398 eff 0.0806 outinratio 0.0735 

ttH126_4l_pT4l_pTHj_genbin1_recobin0 acc 0.0046 eff 0.0149 outinratio 0.1701 

ggH126_4l_pT4l_pTHj_genbin2_recobin0 acc 0.0395 eff 0.0581 outinratio 0.0078 

VBFH126_4l_pT4l_pTHj_genbin2_recobin0 acc 0.0558 eff 0.053 outinratio 0.0072 

WminusH126_4l_pT4l_pTHj_genbin2_recobin0 acc 0.0455 eff 0.0262 outinratio 0.0358 

WplusH126_4l_pT4l_pTHj_genbin2_recobin0 acc 0.0377 eff 0.0276 outinratio 0.0324 

ZH126_4l_pT4l_pTHj_genbin2_recobin0 acc 0.0421 eff 0.0379 outinratio 0.0735 

ttH126_4l_pT4l_pTHj_genbin2_recobin0 acc 0.0091 eff 0.0023 outinratio 0.1701 

ggH126_4l_pT4l_pTHj_genbin3_recobin0 acc 0.0219 eff 0.0274 outinratio 0.0078 

VBFH126_4l_pT4l_pTHj_genbin3_recobin0 acc 0.0563 eff 0.0342 outinratio 0.0072 

WminusH126_4l_pT4l_pTHj_genbin3_recobin0 acc 0.0361 eff 0.0108 outinratio 0.0358 

WplusH126_4l_pT4l_pTHj_genbin3_recobin0 acc 0.0314 eff 0.015 outinratio 0.0324 

ZH126_4l_pT4l_pTHj_genbin3_recobin0 acc 0.0357 eff 0.0143 outinratio 0.0735 

ttH126_4l_pT4l_pTHj_genbin3_recobin0 acc 0.013 eff 0.0 outinratio 0.1701 

ggH126_4l_pT4l_pTHj_genbin4_recobin0 acc 0.0235 eff 0.0073 outinratio 0.0078 

VBFH126_4l_pT4l_pTHj_genbin4_recobin0 acc 0.0914 eff 0.0141 outinratio 0.0072 

WminusH126_4l_pT4l_pTHj_genbin4_recobin0 acc 0.0441 eff 0.003 outinratio 0.0358 

WplusH126_4l_pT4l_pTHj_genbin4_recobin0 acc 0.0421 eff 0.0038 outinratio 0.0324 

ZH126_4l_pT4l_pTHj_genbin4_recobin0 acc 0.0445 eff 0.0049 outinratio 0.0735 

ttH126_4l_pT4l_pTHj_genbin4_recobin0 acc 0.0334 eff 0.0 outinratio 0.1701 

ggH126_4l_pT4l_pTHj_genbin5_recobin0 acc 0.029 eff 0.0204 outinratio 0.0078 

VBFH126_4l_pT4l_pTHj_genbin5_recobin0 acc 0.1344 eff 0.0087 outinratio 0.0072 

WminusH126_4l_pT4l_pTHj_genbin5_recobin0 acc 0.1071 eff 0.0113 outinratio 0.0358 

WplusH126_4l_pT4l_pTHj_genbin5_recobin0 acc 0.0952 eff 0.0106 outinratio 0.0324 

ZH126_4l_pT4l_pTHj_genbin5_recobin0 acc 0.1119 eff 0.0175 outinratio 0.0735 

ttH126_4l_pT4l_pTHj_genbin5_recobin0 acc 0.3106 eff 0.001 outinratio 0.1701 

ggH126_4l_pT4l_pTHj_genbin6_recobin0 acc 0.0094 eff 0.0 outinratio 0.0078 

VBFH126_4l_pT4l_pTHj_genbin6_recobin0 acc 0.0405 eff 0.0007 outinratio 0.0072 

WminusH126_4l_pT4l_pTHj_genbin6_recobin0 acc 0.0343 eff 0.0053 outinratio 0.0358 

WplusH126_4l_pT4l_pTHj_genbin6_recobin0 acc 0.0374 eff 0.0058 outinratio 0.0324 

ZH126_4l_pT4l_pTHj_genbin6_recobin0 acc 0.0384 eff 0.0055 outinratio 0.0735 

ttH126_4l_pT4l_pTHj_genbin6_recobin0 acc 0.1194 eff 0.0004 outinratio 0.1701 

ggH126_4l_pT4l_pTHj_genbin0_recobin1 acc 0.2947 eff 0.033 outinratio 0.0035 

VBFH126_4l_pT4l_pTHj_genbin0_recobin1 acc 0.0711 eff 0.0536 outinratio 0.006 

WminusH126_4l_pT4l_pTHj_genbin0_recobin1 acc 0.1005 eff 0.0291 outinratio 0.0108 

WplusH126_4l_pT4l_pTHj_genbin0_recobin1 acc 0.0873 eff 0.0285 outinratio 0.0105 

ZH126_4l_pT4l_pTHj_genbin0_recobin1 acc 0.079 eff 0.0233 outinratio 0.0458 

ttH126_4l_pT4l_pTHj_genbin0_recobin1 acc 0.0012 eff 0.008 outinratio 0.1349 

ggH126_4l_pT4l_pTHj_genbin1_recobin1 acc 0.0318 eff 0.3344 outinratio 0.0035 

VBFH126_4l_pT4l_pTHj_genbin1_recobin1 acc 0.0351 eff 0.2984 outinratio 0.006 

WminusH126_4l_pT4l_pTHj_genbin1_recobin1 acc 0.0426 eff 0.3203 outinratio 0.0108 

WplusH126_4l_pT4l_pTHj_genbin1_recobin1 acc 0.0346 eff 0.322 outinratio 0.0105 

ZH126_4l_pT4l_pTHj_genbin1_recobin1 acc 0.0398 eff 0.2833 outinratio 0.0458 

ttH126_4l_pT4l_pTHj_genbin1_recobin1 acc 0.0046 eff 0.1018 outinratio 0.1349 

ggH126_4l_pT4l_pTHj_genbin2_recobin1 acc 0.0395 eff 0.0137 outinratio 0.0035 

VBFH126_4l_pT4l_pTHj_genbin2_recobin1 acc 0.0558 eff 0.0072 outinratio 0.006 

WminusH126_4l_pT4l_pTHj_genbin2_recobin1 acc 0.0455 eff 0.0124 outinratio 0.0108 

WplusH126_4l_pT4l_pTHj_genbin2_recobin1 acc 0.0377 eff 0.0112 outinratio 0.0105 

ZH126_4l_pT4l_pTHj_genbin2_recobin1 acc 0.0421 eff 0.0097 outinratio 0.0458 

ttH126_4l_pT4l_pTHj_genbin2_recobin1 acc 0.0091 eff 0.0082 outinratio 0.1349 

ggH126_4l_pT4l_pTHj_genbin3_recobin1 acc 0.0219 eff 0.0 outinratio 0.0035 

VBFH126_4l_pT4l_pTHj_genbin3_recobin1 acc 0.0563 eff 0.0 outinratio 0.006 

WminusH126_4l_pT4l_pTHj_genbin3_recobin1 acc 0.0361 eff 0.0 outinratio 0.0108 

WplusH126_4l_pT4l_pTHj_genbin3_recobin1 acc 0.0314 eff 0.0 outinratio 0.0105 

ZH126_4l_pT4l_pTHj_genbin3_recobin1 acc 0.0357 eff 0.0 outinratio 0.0458 

ttH126_4l_pT4l_pTHj_genbin3_recobin1 acc 0.013 eff 0.0023 outinratio 0.1349 

ggH126_4l_pT4l_pTHj_genbin4_recobin1 acc 0.0235 eff 0.0 outinratio 0.0035 

VBFH126_4l_pT4l_pTHj_genbin4_recobin1 acc 0.0914 eff 0.0 outinratio 0.006 

WminusH126_4l_pT4l_pTHj_genbin4_recobin1 acc 0.0441 eff 0.0 outinratio 0.0108 

WplusH126_4l_pT4l_pTHj_genbin4_recobin1 acc 0.0421 eff 0.0 outinratio 0.0105 

ZH126_4l_pT4l_pTHj_genbin4_recobin1 acc 0.0445 eff 0.0 outinratio 0.0458 

ttH126_4l_pT4l_pTHj_genbin4_recobin1 acc 0.0334 eff 0.0 outinratio 0.1349 

ggH126_4l_pT4l_pTHj_genbin5_recobin1 acc 0.029 eff 0.0056 outinratio 0.0035 

VBFH126_4l_pT4l_pTHj_genbin5_recobin1 acc 0.1344 eff 0.0061 outinratio 0.006 

WminusH126_4l_pT4l_pTHj_genbin5_recobin1 acc 0.1071 eff 0.0064 outinratio 0.0108 

WplusH126_4l_pT4l_pTHj_genbin5_recobin1 acc 0.0952 eff 0.0065 outinratio 0.0105 

ZH126_4l_pT4l_pTHj_genbin5_recobin1 acc 0.1119 eff 0.0107 outinratio 0.0458 

ttH126_4l_pT4l_pTHj_genbin5_recobin1 acc 0.3106 eff 0.0021 outinratio 0.1349 

ggH126_4l_pT4l_pTHj_genbin6_recobin1 acc 0.0094 eff 0.0 outinratio 0.0035 

VBFH126_4l_pT4l_pTHj_genbin6_recobin1 acc 0.0405 eff 0.0 outinratio 0.006 

WminusH126_4l_pT4l_pTHj_genbin6_recobin1 acc 0.0343 eff 0.0 outinratio 0.0108 

WplusH126_4l_pT4l_pTHj_genbin6_recobin1 acc 0.0374 eff 0.0 outinratio 0.0105 

ZH126_4l_pT4l_pTHj_genbin6_recobin1 acc 0.0384 eff 0.0 outinratio 0.0458 

ttH126_4l_pT4l_pTHj_genbin6_recobin1 acc 0.1194 eff 0.0 outinratio 0.1349 

ggH126_4l_pT4l_pTHj_genbin0_recobin2 acc 0.2947 eff 0.0068 outinratio 0.0076 

VBFH126_4l_pT4l_pTHj_genbin0_recobin2 acc 0.0711 eff 0.0405 outinratio 0.0077 

WminusH126_4l_pT4l_pTHj_genbin0_recobin2 acc 0.1005 eff 0.0198 outinratio 0.0125 

WplusH126_4l_pT4l_pTHj_genbin0_recobin2 acc 0.0873 eff 0.0166 outinratio 0.0135 

ZH126_4l_pT4l_pTHj_genbin0_recobin2 acc 0.079 eff 0.0132 outinratio 0.0541 

ttH126_4l_pT4l_pTHj_genbin0_recobin2 acc 0.0012 eff 0.0 outinratio 0.0306 

ggH126_4l_pT4l_pTHj_genbin1_recobin2 acc 0.0318 eff 0.014 outinratio 0.0076 

VBFH126_4l_pT4l_pTHj_genbin1_recobin2 acc 0.0351 eff 0.011 outinratio 0.0077 

WminusH126_4l_pT4l_pTHj_genbin1_recobin2 acc 0.0426 eff 0.0069 outinratio 0.0125 

WplusH126_4l_pT4l_pTHj_genbin1_recobin2 acc 0.0346 eff 0.0066 outinratio 0.0135 

ZH126_4l_pT4l_pTHj_genbin1_recobin2 acc 0.0398 eff 0.0119 outinratio 0.0541 

ttH126_4l_pT4l_pTHj_genbin1_recobin2 acc 0.0046 eff 0.0 outinratio 0.0306 

ggH126_4l_pT4l_pTHj_genbin2_recobin2 acc 0.0395 eff 0.3923 outinratio 0.0076 

VBFH126_4l_pT4l_pTHj_genbin2_recobin2 acc 0.0558 eff 0.3747 outinratio 0.0077 

WminusH126_4l_pT4l_pTHj_genbin2_recobin2 acc 0.0455 eff 0.3619 outinratio 0.0125 

WplusH126_4l_pT4l_pTHj_genbin2_recobin2 acc 0.0377 eff 0.3662 outinratio 0.0135 

ZH126_4l_pT4l_pTHj_genbin2_recobin2 acc 0.0421 eff 0.3552 outinratio 0.0541 

ttH126_4l_pT4l_pTHj_genbin2_recobin2 acc 0.0091 eff 0.1812 outinratio 0.0306 

ggH126_4l_pT4l_pTHj_genbin3_recobin2 acc 0.0219 eff 0.0193 outinratio 0.0076 

VBFH126_4l_pT4l_pTHj_genbin3_recobin2 acc 0.0563 eff 0.017 outinratio 0.0077 

WminusH126_4l_pT4l_pTHj_genbin3_recobin2 acc 0.0361 eff 0.0173 outinratio 0.0125 

WplusH126_4l_pT4l_pTHj_genbin3_recobin2 acc 0.0314 eff 0.0171 outinratio 0.0135 

ZH126_4l_pT4l_pTHj_genbin3_recobin2 acc 0.0357 eff 0.0136 outinratio 0.0541 

ttH126_4l_pT4l_pTHj_genbin3_recobin2 acc 0.013 eff 0.0067 outinratio 0.0306 

ggH126_4l_pT4l_pTHj_genbin4_recobin2 acc 0.0235 eff 0.0 outinratio 0.0076 

VBFH126_4l_pT4l_pTHj_genbin4_recobin2 acc 0.0914 eff 0.0 outinratio 0.0077 

WminusH126_4l_pT4l_pTHj_genbin4_recobin2 acc 0.0441 eff 0.0003 outinratio 0.0125 

WplusH126_4l_pT4l_pTHj_genbin4_recobin2 acc 0.0421 eff 0.0001 outinratio 0.0135 

ZH126_4l_pT4l_pTHj_genbin4_recobin2 acc 0.0445 eff 0.0 outinratio 0.0541 

ttH126_4l_pT4l_pTHj_genbin4_recobin2 acc 0.0334 eff 0.0 outinratio 0.0306 

ggH126_4l_pT4l_pTHj_genbin5_recobin2 acc 0.029 eff 0.0084 outinratio 0.0076 

VBFH126_4l_pT4l_pTHj_genbin5_recobin2 acc 0.1344 eff 0.0068 outinratio 0.0077 

WminusH126_4l_pT4l_pTHj_genbin5_recobin2 acc 0.1071 eff 0.0084 outinratio 0.0125 

WplusH126_4l_pT4l_pTHj_genbin5_recobin2 acc 0.0952 eff 0.008 outinratio 0.0135 

ZH126_4l_pT4l_pTHj_genbin5_recobin2 acc 0.1119 eff 0.0082 outinratio 0.0541 

ttH126_4l_pT4l_pTHj_genbin5_recobin2 acc 0.3106 eff 0.0036 outinratio 0.0306 

ggH126_4l_pT4l_pTHj_genbin6_recobin2 acc 0.0094 eff 0.0 outinratio 0.0076 

VBFH126_4l_pT4l_pTHj_genbin6_recobin2 acc 0.0405 eff 0.0 outinratio 0.0077 

WminusH126_4l_pT4l_pTHj_genbin6_recobin2 acc 0.0343 eff 0.0 outinratio 0.0125 

WplusH126_4l_pT4l_pTHj_genbin6_recobin2 acc 0.0374 eff 0.0 outinratio 0.0135 

ZH126_4l_pT4l_pTHj_genbin6_recobin2 acc 0.0384 eff 0.0 outinratio 0.0541 

ttH126_4l_pT4l_pTHj_genbin6_recobin2 acc 0.1194 eff 0.0 outinratio 0.0306 

ggH126_4l_pT4l_pTHj_genbin0_recobin3 acc 0.2947 eff 0.001 outinratio 0.0065 

VBFH126_4l_pT4l_pTHj_genbin0_recobin3 acc 0.0711 eff 0.0162 outinratio 0.0061 

WminusH126_4l_pT4l_pTHj_genbin0_recobin3 acc 0.1005 eff 0.0082 outinratio 0.0107 

WplusH126_4l_pT4l_pTHj_genbin0_recobin3 acc 0.0873 eff 0.0067 outinratio 0.0114 

ZH126_4l_pT4l_pTHj_genbin0_recobin3 acc 0.079 eff 0.0055 outinratio 0.0305 

ttH126_4l_pT4l_pTHj_genbin0_recobin3 acc 0.0012 eff 0.0 outinratio 0.034 

ggH126_4l_pT4l_pTHj_genbin1_recobin3 acc 0.0318 eff 0.0 outinratio 0.0065 

VBFH126_4l_pT4l_pTHj_genbin1_recobin3 acc 0.0351 eff 0.0 outinratio 0.0061 

WminusH126_4l_pT4l_pTHj_genbin1_recobin3 acc 0.0426 eff 0.0 outinratio 0.0107 

WplusH126_4l_pT4l_pTHj_genbin1_recobin3 acc 0.0346 eff 0.0 outinratio 0.0114 

ZH126_4l_pT4l_pTHj_genbin1_recobin3 acc 0.0398 eff 0.0 outinratio 0.0305 

ttH126_4l_pT4l_pTHj_genbin1_recobin3 acc 0.0046 eff 0.0 outinratio 0.034 

ggH126_4l_pT4l_pTHj_genbin2_recobin3 acc 0.0395 eff 0.0054 outinratio 0.0065 

VBFH126_4l_pT4l_pTHj_genbin2_recobin3 acc 0.0558 eff 0.0112 outinratio 0.0061 

WminusH126_4l_pT4l_pTHj_genbin2_recobin3 acc 0.0455 eff 0.0076 outinratio 0.0107 

WplusH126_4l_pT4l_pTHj_genbin2_recobin3 acc 0.0377 eff 0.0084 outinratio 0.0114 

ZH126_4l_pT4l_pTHj_genbin2_recobin3 acc 0.0421 eff 0.0084 outinratio 0.0305 

ttH126_4l_pT4l_pTHj_genbin2_recobin3 acc 0.0091 eff 0.0022 outinratio 0.034 

ggH126_4l_pT4l_pTHj_genbin3_recobin3 acc 0.0219 eff 0.4222 outinratio 0.0065 

VBFH126_4l_pT4l_pTHj_genbin3_recobin3 acc 0.0563 eff 0.4074 outinratio 0.0061 

WminusH126_4l_pT4l_pTHj_genbin3_recobin3 acc 0.0361 eff 0.3867 outinratio 0.0107 

WplusH126_4l_pT4l_pTHj_genbin3_recobin3 acc 0.0314 eff 0.3923 outinratio 0.0114 

ZH126_4l_pT4l_pTHj_genbin3_recobin3 acc 0.0357 eff 0.3836 outinratio 0.0305 

ttH126_4l_pT4l_pTHj_genbin3_recobin3 acc 0.013 eff 0.2028 outinratio 0.034 

ggH126_4l_pT4l_pTHj_genbin4_recobin3 acc 0.0235 eff 0.0132 outinratio 0.0065 

VBFH126_4l_pT4l_pTHj_genbin4_recobin3 acc 0.0914 eff 0.0106 outinratio 0.0061 

WminusH126_4l_pT4l_pTHj_genbin4_recobin3 acc 0.0441 eff 0.0116 outinratio 0.0107 

WplusH126_4l_pT4l_pTHj_genbin4_recobin3 acc 0.0421 eff 0.0104 outinratio 0.0114 

ZH126_4l_pT4l_pTHj_genbin4_recobin3 acc 0.0445 eff 0.01 outinratio 0.0305 

ttH126_4l_pT4l_pTHj_genbin4_recobin3 acc 0.0334 eff 0.005 outinratio 0.034 

ggH126_4l_pT4l_pTHj_genbin5_recobin3 acc 0.029 eff 0.0176 outinratio 0.0065 

VBFH126_4l_pT4l_pTHj_genbin5_recobin3 acc 0.1344 eff 0.0118 outinratio 0.0061 

WminusH126_4l_pT4l_pTHj_genbin5_recobin3 acc 0.1071 eff 0.0104 outinratio 0.0107 

WplusH126_4l_pT4l_pTHj_genbin5_recobin3 acc 0.0952 eff 0.008 outinratio 0.0114 

ZH126_4l_pT4l_pTHj_genbin5_recobin3 acc 0.1119 eff 0.0066 outinratio 0.0305 

ttH126_4l_pT4l_pTHj_genbin5_recobin3 acc 0.3106 eff 0.0033 outinratio 0.034 

ggH126_4l_pT4l_pTHj_genbin6_recobin3 acc 0.0094 eff 0.0 outinratio 0.0065 

VBFH126_4l_pT4l_pTHj_genbin6_recobin3 acc 0.0405 eff 0.0 outinratio 0.0061 

WminusH126_4l_pT4l_pTHj_genbin6_recobin3 acc 0.0343 eff 0.0 outinratio 0.0107 

WplusH126_4l_pT4l_pTHj_genbin6_recobin3 acc 0.0374 eff 0.0 outinratio 0.0114 

ZH126_4l_pT4l_pTHj_genbin6_recobin3 acc 0.0384 eff 0.0 outinratio 0.0305 

ttH126_4l_pT4l_pTHj_genbin6_recobin3 acc 0.1194 eff 0.0 outinratio 0.034 

ggH126_4l_pT4l_pTHj_genbin0_recobin4 acc 0.2947 eff 0.0 outinratio 0.0058 

VBFH126_4l_pT4l_pTHj_genbin0_recobin4 acc 0.0711 eff 0.0029 outinratio 0.0084 

WminusH126_4l_pT4l_pTHj_genbin0_recobin4 acc 0.1005 eff 0.0055 outinratio 0.0095 

WplusH126_4l_pT4l_pTHj_genbin0_recobin4 acc 0.0873 eff 0.005 outinratio 0.011 

ZH126_4l_pT4l_pTHj_genbin0_recobin4 acc 0.079 eff 0.0002 outinratio 0.0372 

ttH126_4l_pT4l_pTHj_genbin0_recobin4 acc 0.0012 eff 0.0224 outinratio 0.037 

ggH126_4l_pT4l_pTHj_genbin1_recobin4 acc 0.0318 eff 0.0 outinratio 0.0058 

VBFH126_4l_pT4l_pTHj_genbin1_recobin4 acc 0.0351 eff 0.0 outinratio 0.0084 

WminusH126_4l_pT4l_pTHj_genbin1_recobin4 acc 0.0426 eff 0.0 outinratio 0.0095 

WplusH126_4l_pT4l_pTHj_genbin1_recobin4 acc 0.0346 eff 0.0 outinratio 0.011 

ZH126_4l_pT4l_pTHj_genbin1_recobin4 acc 0.0398 eff 0.0 outinratio 0.0372 

ttH126_4l_pT4l_pTHj_genbin1_recobin4 acc 0.0046 eff 0.0 outinratio 0.037 

ggH126_4l_pT4l_pTHj_genbin2_recobin4 acc 0.0395 eff 0.0 outinratio 0.0058 

VBFH126_4l_pT4l_pTHj_genbin2_recobin4 acc 0.0558 eff 0.0 outinratio 0.0084 

WminusH126_4l_pT4l_pTHj_genbin2_recobin4 acc 0.0455 eff 0.0002 outinratio 0.0095 

WplusH126_4l_pT4l_pTHj_genbin2_recobin4 acc 0.0377 eff 0.0 outinratio 0.011 

ZH126_4l_pT4l_pTHj_genbin2_recobin4 acc 0.0421 eff 0.0 outinratio 0.0372 

ttH126_4l_pT4l_pTHj_genbin2_recobin4 acc 0.0091 eff 0.0 outinratio 0.037 

ggH126_4l_pT4l_pTHj_genbin3_recobin4 acc 0.0219 eff 0.0063 outinratio 0.0058 

VBFH126_4l_pT4l_pTHj_genbin3_recobin4 acc 0.0563 eff 0.0097 outinratio 0.0084 

WminusH126_4l_pT4l_pTHj_genbin3_recobin4 acc 0.0361 eff 0.0077 outinratio 0.0095 

WplusH126_4l_pT4l_pTHj_genbin3_recobin4 acc 0.0314 eff 0.0074 outinratio 0.011 

ZH126_4l_pT4l_pTHj_genbin3_recobin4 acc 0.0357 eff 0.0068 outinratio 0.0372 

ttH126_4l_pT4l_pTHj_genbin3_recobin4 acc 0.013 eff 0.0067 outinratio 0.037 

ggH126_4l_pT4l_pTHj_genbin4_recobin4 acc 0.0235 eff 0.4471 outinratio 0.0058 

VBFH126_4l_pT4l_pTHj_genbin4_recobin4 acc 0.0914 eff 0.4444 outinratio 0.0084 

WminusH126_4l_pT4l_pTHj_genbin4_recobin4 acc 0.0441 eff 0.4264 outinratio 0.0095 

WplusH126_4l_pT4l_pTHj_genbin4_recobin4 acc 0.0421 eff 0.407 outinratio 0.011 

ZH126_4l_pT4l_pTHj_genbin4_recobin4 acc 0.0445 eff 0.4011 outinratio 0.0372 

ttH126_4l_pT4l_pTHj_genbin4_recobin4 acc 0.0334 eff 0.2941 outinratio 0.037 

ggH126_4l_pT4l_pTHj_genbin5_recobin4 acc 0.029 eff 0.0254 outinratio 0.0058 

VBFH126_4l_pT4l_pTHj_genbin5_recobin4 acc 0.1344 eff 0.0324 outinratio 0.0084 

WminusH126_4l_pT4l_pTHj_genbin5_recobin4 acc 0.1071 eff 0.0236 outinratio 0.0095 

WplusH126_4l_pT4l_pTHj_genbin5_recobin4 acc 0.0952 eff 0.0233 outinratio 0.011 

ZH126_4l_pT4l_pTHj_genbin5_recobin4 acc 0.1119 eff 0.0212 outinratio 0.0372 

ttH126_4l_pT4l_pTHj_genbin5_recobin4 acc 0.3106 eff 0.0062 outinratio 0.037 

ggH126_4l_pT4l_pTHj_genbin6_recobin4 acc 0.0094 eff 0.0369 outinratio 0.0058 

VBFH126_4l_pT4l_pTHj_genbin6_recobin4 acc 0.0405 eff 0.0444 outinratio 0.0084 

WminusH126_4l_pT4l_pTHj_genbin6_recobin4 acc 0.0343 eff 0.0358 outinratio 0.0095 

WplusH126_4l_pT4l_pTHj_genbin6_recobin4 acc 0.0374 eff 0.0317 outinratio 0.011 

ZH126_4l_pT4l_pTHj_genbin6_recobin4 acc 0.0384 eff 0.0288 outinratio 0.0372 

ttH126_4l_pT4l_pTHj_genbin6_recobin4 acc 0.1194 eff 0.0081 outinratio 0.037 

ggH126_4l_pT4l_pTHj_genbin0_recobin5 acc 0.2947 eff 0.014 outinratio 0.004 

VBFH126_4l_pT4l_pTHj_genbin0_recobin5 acc 0.0711 eff 0.0289 outinratio 0.0078 

WminusH126_4l_pT4l_pTHj_genbin0_recobin5 acc 0.1005 eff 0.0523 outinratio 0.0186 

WplusH126_4l_pT4l_pTHj_genbin0_recobin5 acc 0.0873 eff 0.055 outinratio 0.0208 

ZH126_4l_pT4l_pTHj_genbin0_recobin5 acc 0.079 eff 0.0387 outinratio 0.0472 

ttH126_4l_pT4l_pTHj_genbin0_recobin5 acc 0.0012 eff 0.0912 outinratio 0.0448 

ggH126_4l_pT4l_pTHj_genbin1_recobin5 acc 0.0318 eff 0.0259 outinratio 0.004 

VBFH126_4l_pT4l_pTHj_genbin1_recobin5 acc 0.0351 eff 0.1095 outinratio 0.0078 

WminusH126_4l_pT4l_pTHj_genbin1_recobin5 acc 0.0426 eff 0.0647 outinratio 0.0186 

WplusH126_4l_pT4l_pTHj_genbin1_recobin5 acc 0.0346 eff 0.0658 outinratio 0.0208 

ZH126_4l_pT4l_pTHj_genbin1_recobin5 acc 0.0398 eff 0.0717 outinratio 0.0472 

ttH126_4l_pT4l_pTHj_genbin1_recobin5 acc 0.0046 eff 0.1781 outinratio 0.0448 

ggH126_4l_pT4l_pTHj_genbin2_recobin5 acc 0.0395 eff 0.0281 outinratio 0.004 

VBFH126_4l_pT4l_pTHj_genbin2_recobin5 acc 0.0558 eff 0.0656 outinratio 0.0078 

WminusH126_4l_pT4l_pTHj_genbin2_recobin5 acc 0.0455 eff 0.0478 outinratio 0.0186 

WplusH126_4l_pT4l_pTHj_genbin2_recobin5 acc 0.0377 eff 0.0459 outinratio 0.0208 

ZH126_4l_pT4l_pTHj_genbin2_recobin5 acc 0.0421 eff 0.0406 outinratio 0.0472 

ttH126_4l_pT4l_pTHj_genbin2_recobin5 acc 0.0091 eff 0.1332 outinratio 0.0448 

ggH126_4l_pT4l_pTHj_genbin3_recobin5 acc 0.0219 eff 0.036 outinratio 0.004 

VBFH126_4l_pT4l_pTHj_genbin3_recobin5 acc 0.0563 eff 0.052 outinratio 0.0078 

WminusH126_4l_pT4l_pTHj_genbin3_recobin5 acc 0.0361 eff 0.0494 outinratio 0.0186 

WplusH126_4l_pT4l_pTHj_genbin3_recobin5 acc 0.0314 eff 0.0457 outinratio 0.0208 

ZH126_4l_pT4l_pTHj_genbin3_recobin5 acc 0.0357 eff 0.0471 outinratio 0.0472 

ttH126_4l_pT4l_pTHj_genbin3_recobin5 acc 0.013 eff 0.1238 outinratio 0.0448 

ggH126_4l_pT4l_pTHj_genbin4_recobin5 acc 0.0235 eff 0.0457 outinratio 0.004 

VBFH126_4l_pT4l_pTHj_genbin4_recobin5 acc 0.0914 eff 0.0616 outinratio 0.0078 

WminusH126_4l_pT4l_pTHj_genbin4_recobin5 acc 0.0441 eff 0.0602 outinratio 0.0186 

WplusH126_4l_pT4l_pTHj_genbin4_recobin5 acc 0.0421 eff 0.0598 outinratio 0.0208 

ZH126_4l_pT4l_pTHj_genbin4_recobin5 acc 0.0445 eff 0.0707 outinratio 0.0472 

ttH126_4l_pT4l_pTHj_genbin4_recobin5 acc 0.0334 eff 0.0876 outinratio 0.0448 

ggH126_4l_pT4l_pTHj_genbin5_recobin5 acc 0.029 eff 0.4216 outinratio 0.004 

VBFH126_4l_pT4l_pTHj_genbin5_recobin5 acc 0.1344 eff 0.4389 outinratio 0.0078 

WminusH126_4l_pT4l_pTHj_genbin5_recobin5 acc 0.1071 eff 0.3909 outinratio 0.0186 

WplusH126_4l_pT4l_pTHj_genbin5_recobin5 acc 0.0952 eff 0.3909 outinratio 0.0208 

ZH126_4l_pT4l_pTHj_genbin5_recobin5 acc 0.1119 eff 0.4043 outinratio 0.0472 

ttH126_4l_pT4l_pTHj_genbin5_recobin5 acc 0.3106 eff 0.3383 outinratio 0.0448 

ggH126_4l_pT4l_pTHj_genbin6_recobin5 acc 0.0094 eff 0.0087 outinratio 0.004 

VBFH126_4l_pT4l_pTHj_genbin6_recobin5 acc 0.0405 eff 0.0096 outinratio 0.0078 

WminusH126_4l_pT4l_pTHj_genbin6_recobin5 acc 0.0343 eff 0.0089 outinratio 0.0186 

WplusH126_4l_pT4l_pTHj_genbin6_recobin5 acc 0.0374 eff 0.0109 outinratio 0.0208 

ZH126_4l_pT4l_pTHj_genbin6_recobin5 acc 0.0384 eff 0.0093 outinratio 0.0472 

ttH126_4l_pT4l_pTHj_genbin6_recobin5 acc 0.1194 eff 0.0077 outinratio 0.0448 

ggH126_4l_pT4l_pTHj_genbin0_recobin6 acc 0.2947 eff 0.0 outinratio 0.0086 

VBFH126_4l_pT4l_pTHj_genbin0_recobin6 acc 0.0711 eff 0.0 outinratio 0.0074 

WminusH126_4l_pT4l_pTHj_genbin0_recobin6 acc 0.1005 eff 0.0116 outinratio 0.0127 

WplusH126_4l_pT4l_pTHj_genbin0_recobin6 acc 0.0873 eff 0.013 outinratio 0.0103 

ZH126_4l_pT4l_pTHj_genbin0_recobin6 acc 0.079 eff 0.0029 outinratio 0.0342 

ttH126_4l_pT4l_pTHj_genbin0_recobin6 acc 0.0012 eff 0.0126 outinratio 0.0284 

ggH126_4l_pT4l_pTHj_genbin1_recobin6 acc 0.0318 eff 0.0 outinratio 0.0086 

VBFH126_4l_pT4l_pTHj_genbin1_recobin6 acc 0.0351 eff 0.0 outinratio 0.0074 

WminusH126_4l_pT4l_pTHj_genbin1_recobin6 acc 0.0426 eff 0.0 outinratio 0.0127 

WplusH126_4l_pT4l_pTHj_genbin1_recobin6 acc 0.0346 eff 0.0 outinratio 0.0103 

ZH126_4l_pT4l_pTHj_genbin1_recobin6 acc 0.0398 eff 0.0 outinratio 0.0342 

ttH126_4l_pT4l_pTHj_genbin1_recobin6 acc 0.0046 eff 0.0 outinratio 0.0284 

ggH126_4l_pT4l_pTHj_genbin2_recobin6 acc 0.0395 eff 0.0 outinratio 0.0086 

VBFH126_4l_pT4l_pTHj_genbin2_recobin6 acc 0.0558 eff 0.0 outinratio 0.0074 

WminusH126_4l_pT4l_pTHj_genbin2_recobin6 acc 0.0455 eff 0.0 outinratio 0.0127 

WplusH126_4l_pT4l_pTHj_genbin2_recobin6 acc 0.0377 eff 0.0 outinratio 0.0103 

ZH126_4l_pT4l_pTHj_genbin2_recobin6 acc 0.0421 eff 0.0 outinratio 0.0342 

ttH126_4l_pT4l_pTHj_genbin2_recobin6 acc 0.0091 eff 0.0 outinratio 0.0284 

ggH126_4l_pT4l_pTHj_genbin3_recobin6 acc 0.0219 eff 0.0 outinratio 0.0086 

VBFH126_4l_pT4l_pTHj_genbin3_recobin6 acc 0.0563 eff 0.0 outinratio 0.0074 

WminusH126_4l_pT4l_pTHj_genbin3_recobin6 acc 0.0361 eff 0.0 outinratio 0.0127 

WplusH126_4l_pT4l_pTHj_genbin3_recobin6 acc 0.0314 eff 0.0 outinratio 0.0103 

ZH126_4l_pT4l_pTHj_genbin3_recobin6 acc 0.0357 eff 0.0 outinratio 0.0342 

ttH126_4l_pT4l_pTHj_genbin3_recobin6 acc 0.013 eff 0.0 outinratio 0.0284 

ggH126_4l_pT4l_pTHj_genbin4_recobin6 acc 0.0235 eff 0.0205 outinratio 0.0086 

VBFH126_4l_pT4l_pTHj_genbin4_recobin6 acc 0.0914 eff 0.0248 outinratio 0.0074 

WminusH126_4l_pT4l_pTHj_genbin4_recobin6 acc 0.0441 eff 0.0171 outinratio 0.0127 

WplusH126_4l_pT4l_pTHj_genbin4_recobin6 acc 0.0421 eff 0.03 outinratio 0.0103 

ZH126_4l_pT4l_pTHj_genbin4_recobin6 acc 0.0445 eff 0.0147 outinratio 0.0342 

ttH126_4l_pT4l_pTHj_genbin4_recobin6 acc 0.0334 eff 0.0216 outinratio 0.0284 

ggH126_4l_pT4l_pTHj_genbin5_recobin6 acc 0.029 eff 0.003 outinratio 0.0086 

VBFH126_4l_pT4l_pTHj_genbin5_recobin6 acc 0.1344 eff 0.002 outinratio 0.0074 

WminusH126_4l_pT4l_pTHj_genbin5_recobin6 acc 0.1071 eff 0.0022 outinratio 0.0127 

WplusH126_4l_pT4l_pTHj_genbin5_recobin6 acc 0.0952 eff 0.002 outinratio 0.0103 

ZH126_4l_pT4l_pTHj_genbin5_recobin6 acc 0.1119 eff 0.0022 outinratio 0.0342 

ttH126_4l_pT4l_pTHj_genbin5_recobin6 acc 0.3106 eff 0.0024 outinratio 0.0284 

ggH126_4l_pT4l_pTHj_genbin6_recobin6 acc 0.0094 eff 0.5429 outinratio 0.0086 

VBFH126_4l_pT4l_pTHj_genbin6_recobin6 acc 0.0405 eff 0.531 outinratio 0.0074 

WminusH126_4l_pT4l_pTHj_genbin6_recobin6 acc 0.0343 eff 0.5003 outinratio 0.0127 

WplusH126_4l_pT4l_pTHj_genbin6_recobin6 acc 0.0374 eff 0.4955 outinratio 0.0103 

ZH126_4l_pT4l_pTHj_genbin6_recobin6 acc 0.0384 eff 0.5132 outinratio 0.0342 

ttH126_4l_pT4l_pTHj_genbin6_recobin6 acc 0.1194 eff 0.4659 outinratio 0.0284 

ggH126_4e_pT4l_pTHj_genbin0_recobin0 acc 0.281 eff 0.2781 outinratio 0.0112 

VBFH126_4e_pT4l_pTHj_genbin0_recobin0 acc 0.0692 eff 0.2155 outinratio 0.0094 

WminusH126_4e_pT4l_pTHj_genbin0_recobin0 acc 0.0971 eff 0.2122 outinratio 0.0525 

WplusH126_4e_pT4l_pTHj_genbin0_recobin0 acc 0.0849 eff 0.2405 outinratio 0.0474 

ZH126_4e_pT4l_pTHj_genbin0_recobin0 acc 0.0764 eff 0.2526 outinratio 0.1163 

ttH126_4e_pT4l_pTHj_genbin0_recobin0 acc 0.0014 eff 0.0938 outinratio 0.0 

ggH126_4e_pT4l_pTHj_genbin1_recobin0 acc 0.0334 eff 0.054 outinratio 0.0112 

VBFH126_4e_pT4l_pTHj_genbin1_recobin0 acc 0.0338 eff 0.0374 outinratio 0.0094 

WminusH126_4e_pT4l_pTHj_genbin1_recobin0 acc 0.0419 eff 0.0377 outinratio 0.0525 

WplusH126_4e_pT4l_pTHj_genbin1_recobin0 acc 0.0341 eff 0.0295 outinratio 0.0474 

ZH126_4e_pT4l_pTHj_genbin1_recobin0 acc 0.0358 eff 0.0434 outinratio 0.1163 

ttH126_4e_pT4l_pTHj_genbin1_recobin0 acc 0.0041 eff 0.0 outinratio 0.0 

ggH126_4e_pT4l_pTHj_genbin2_recobin0 acc 0.0386 eff 0.0418 outinratio 0.0112 

VBFH126_4e_pT4l_pTHj_genbin2_recobin0 acc 0.0515 eff 0.0418 outinratio 0.0094 

WminusH126_4e_pT4l_pTHj_genbin2_recobin0 acc 0.044 eff 0.0173 outinratio 0.0525 

WplusH126_4e_pT4l_pTHj_genbin2_recobin0 acc 0.0348 eff 0.0162 outinratio 0.0474 

ZH126_4e_pT4l_pTHj_genbin2_recobin0 acc 0.0375 eff 0.022 outinratio 0.1163 

ttH126_4e_pT4l_pTHj_genbin2_recobin0 acc 0.0088 eff 0.0 outinratio 0.0 

ggH126_4e_pT4l_pTHj_genbin3_recobin0 acc 0.0208 eff 0.0193 outinratio 0.0112 

VBFH126_4e_pT4l_pTHj_genbin3_recobin0 acc 0.0528 eff 0.0154 outinratio 0.0094 

WminusH126_4e_pT4l_pTHj_genbin3_recobin0 acc 0.0348 eff 0.0065 outinratio 0.0525 

WplusH126_4e_pT4l_pTHj_genbin3_recobin0 acc 0.0306 eff 0.014 outinratio 0.0474 

ZH126_4e_pT4l_pTHj_genbin3_recobin0 acc 0.0374 eff 0.0043 outinratio 0.1163 

ttH126_4e_pT4l_pTHj_genbin3_recobin0 acc 0.0128 eff 0.0 outinratio 0.0 

ggH126_4e_pT4l_pTHj_genbin4_recobin0 acc 0.0231 eff 0.004 outinratio 0.0112 

VBFH126_4e_pT4l_pTHj_genbin4_recobin0 acc 0.0873 eff 0.0131 outinratio 0.0094 

WminusH126_4e_pT4l_pTHj_genbin4_recobin0 acc 0.0404 eff 0.0019 outinratio 0.0525 

WplusH126_4e_pT4l_pTHj_genbin4_recobin0 acc 0.0415 eff 0.001 outinratio 0.0474 

ZH126_4e_pT4l_pTHj_genbin4_recobin0 acc 0.0447 eff 0.0027 outinratio 0.1163 

ttH126_4e_pT4l_pTHj_genbin4_recobin0 acc 0.0297 eff 0.0 outinratio 0.0 

ggH126_4e_pT4l_pTHj_genbin5_recobin0 acc 0.0286 eff 0.0279 outinratio 0.0112 

VBFH126_4e_pT4l_pTHj_genbin5_recobin0 acc 0.13 eff 0.0067 outinratio 0.0094 

WminusH126_4e_pT4l_pTHj_genbin5_recobin0 acc 0.1041 eff 0.009 outinratio 0.0525 

WplusH126_4e_pT4l_pTHj_genbin5_recobin0 acc 0.0906 eff 0.007 outinratio 0.0474 

ZH126_4e_pT4l_pTHj_genbin5_recobin0 acc 0.1077 eff 0.011 outinratio 0.1163 

ttH126_4e_pT4l_pTHj_genbin5_recobin0 acc 0.2974 eff 0.0007 outinratio 0.0 

ggH126_4e_pT4l_pTHj_genbin6_recobin0 acc 0.0089 eff 0.0 outinratio 0.0112 

VBFH126_4e_pT4l_pTHj_genbin6_recobin0 acc 0.0388 eff 0.0029 outinratio 0.0094 

WminusH126_4e_pT4l_pTHj_genbin6_recobin0 acc 0.0335 eff 0.0043 outinratio 0.0525 

WplusH126_4e_pT4l_pTHj_genbin6_recobin0 acc 0.0375 eff 0.0037 outinratio 0.0474 

ZH126_4e_pT4l_pTHj_genbin6_recobin0 acc 0.0364 eff 0.0 outinratio 0.1163 

ttH126_4e_pT4l_pTHj_genbin6_recobin0 acc 0.1159 eff 0.0 outinratio 0.0 

ggH126_4e_pT4l_pTHj_genbin0_recobin1 acc 0.281 eff 0.0186 outinratio 0.0018 

VBFH126_4e_pT4l_pTHj_genbin0_recobin1 acc 0.0692 eff 0.0374 outinratio 0.0 

WminusH126_4e_pT4l_pTHj_genbin0_recobin1 acc 0.0971 eff 0.0181 outinratio 0.0127 

WplusH126_4e_pT4l_pTHj_genbin0_recobin1 acc 0.0849 eff 0.0178 outinratio 0.0104 

ZH126_4e_pT4l_pTHj_genbin0_recobin1 acc 0.0764 eff 0.0239 outinratio 0.0342 

ttH126_4e_pT4l_pTHj_genbin0_recobin1 acc 0.0014 eff 0.0275 outinratio 0.0543 

ggH126_4e_pT4l_pTHj_genbin1_recobin1 acc 0.0334 eff 0.2373 outinratio 0.0018 

VBFH126_4e_pT4l_pTHj_genbin1_recobin1 acc 0.0338 eff 0.1694 outinratio 0.0 

WminusH126_4e_pT4l_pTHj_genbin1_recobin1 acc 0.0419 eff 0.2095 outinratio 0.0127 

WplusH126_4e_pT4l_pTHj_genbin1_recobin1 acc 0.0341 eff 0.208 outinratio 0.0104 

ZH126_4e_pT4l_pTHj_genbin1_recobin1 acc 0.0358 eff 0.183 outinratio 0.0342 

ttH126_4e_pT4l_pTHj_genbin1_recobin1 acc 0.0041 eff 0.0881 outinratio 0.0543 

ggH126_4e_pT4l_pTHj_genbin2_recobin1 acc 0.0386 eff 0.02 outinratio 0.0018 

VBFH126_4e_pT4l_pTHj_genbin2_recobin1 acc 0.0515 eff 0.0053 outinratio 0.0 

WminusH126_4e_pT4l_pTHj_genbin2_recobin1 acc 0.044 eff 0.012 outinratio 0.0127 

WplusH126_4e_pT4l_pTHj_genbin2_recobin1 acc 0.0348 eff 0.0147 outinratio 0.0104 

ZH126_4e_pT4l_pTHj_genbin2_recobin1 acc 0.0375 eff 0.0065 outinratio 0.0342 

ttH126_4e_pT4l_pTHj_genbin2_recobin1 acc 0.0088 eff 0.0061 outinratio 0.0543 

ggH126_4e_pT4l_pTHj_genbin3_recobin1 acc 0.0208 eff 0.0 outinratio 0.0018 

VBFH126_4e_pT4l_pTHj_genbin3_recobin1 acc 0.0528 eff 0.0 outinratio 0.0 

WminusH126_4e_pT4l_pTHj_genbin3_recobin1 acc 0.0348 eff 0.0 outinratio 0.0127 

WplusH126_4e_pT4l_pTHj_genbin3_recobin1 acc 0.0306 eff 0.0 outinratio 0.0104 

ZH126_4e_pT4l_pTHj_genbin3_recobin1 acc 0.0374 eff 0.0 outinratio 0.0342 

ttH126_4e_pT4l_pTHj_genbin3_recobin1 acc 0.0128 eff 0.0 outinratio 0.0543 

ggH126_4e_pT4l_pTHj_genbin4_recobin1 acc 0.0231 eff 0.0 outinratio 0.0018 

VBFH126_4e_pT4l_pTHj_genbin4_recobin1 acc 0.0873 eff 0.0 outinratio 0.0 

WminusH126_4e_pT4l_pTHj_genbin4_recobin1 acc 0.0404 eff 0.0 outinratio 0.0127 

WplusH126_4e_pT4l_pTHj_genbin4_recobin1 acc 0.0415 eff 0.0 outinratio 0.0104 

ZH126_4e_pT4l_pTHj_genbin4_recobin1 acc 0.0447 eff 0.0 outinratio 0.0342 

ttH126_4e_pT4l_pTHj_genbin4_recobin1 acc 0.0297 eff 0.0 outinratio 0.0543 

ggH126_4e_pT4l_pTHj_genbin5_recobin1 acc 0.0286 eff 0.0039 outinratio 0.0018 

VBFH126_4e_pT4l_pTHj_genbin5_recobin1 acc 0.13 eff 0.0028 outinratio 0.0 

WminusH126_4e_pT4l_pTHj_genbin5_recobin1 acc 0.1041 eff 0.0037 outinratio 0.0127 

WplusH126_4e_pT4l_pTHj_genbin5_recobin1 acc 0.0906 eff 0.0032 outinratio 0.0104 

ZH126_4e_pT4l_pTHj_genbin5_recobin1 acc 0.1077 eff 0.0065 outinratio 0.0342 

ttH126_4e_pT4l_pTHj_genbin5_recobin1 acc 0.2974 eff 0.0014 outinratio 0.0543 

ggH126_4e_pT4l_pTHj_genbin6_recobin1 acc 0.0089 eff 0.0 outinratio 0.0018 

VBFH126_4e_pT4l_pTHj_genbin6_recobin1 acc 0.0388 eff 0.0 outinratio 0.0 

WminusH126_4e_pT4l_pTHj_genbin6_recobin1 acc 0.0335 eff 0.0 outinratio 0.0127 

WplusH126_4e_pT4l_pTHj_genbin6_recobin1 acc 0.0375 eff 0.0 outinratio 0.0104 

ZH126_4e_pT4l_pTHj_genbin6_recobin1 acc 0.0364 eff 0.0 outinratio 0.0342 

ttH126_4e_pT4l_pTHj_genbin6_recobin1 acc 0.1159 eff 0.0 outinratio 0.0543 

ggH126_4e_pT4l_pTHj_genbin0_recobin2 acc 0.281 eff 0.0046 outinratio 0.0154 

VBFH126_4e_pT4l_pTHj_genbin0_recobin2 acc 0.0692 eff 0.0223 outinratio 0.0088 

WminusH126_4e_pT4l_pTHj_genbin0_recobin2 acc 0.0971 eff 0.0146 outinratio 0.0273 

WplusH126_4e_pT4l_pTHj_genbin0_recobin2 acc 0.0849 eff 0.0095 outinratio 0.0287 

ZH126_4e_pT4l_pTHj_genbin0_recobin2 acc 0.0764 eff 0.0084 outinratio 0.0493 

ttH126_4e_pT4l_pTHj_genbin0_recobin2 acc 0.0014 eff 0.0 outinratio 0.0184 

ggH126_4e_pT4l_pTHj_genbin1_recobin2 acc 0.0334 eff 0.0118 outinratio 0.0154 

VBFH126_4e_pT4l_pTHj_genbin1_recobin2 acc 0.0338 eff 0.0082 outinratio 0.0088 

WminusH126_4e_pT4l_pTHj_genbin1_recobin2 acc 0.0419 eff 0.0032 outinratio 0.0273 

WplusH126_4e_pT4l_pTHj_genbin1_recobin2 acc 0.0341 eff 0.0058 outinratio 0.0287 

ZH126_4e_pT4l_pTHj_genbin1_recobin2 acc 0.0358 eff 0.0094 outinratio 0.0493 

ttH126_4e_pT4l_pTHj_genbin1_recobin2 acc 0.0041 eff 0.0 outinratio 0.0184 

ggH126_4e_pT4l_pTHj_genbin2_recobin2 acc 0.0386 eff 0.2142 outinratio 0.0154 

VBFH126_4e_pT4l_pTHj_genbin2_recobin2 acc 0.0515 eff 0.2725 outinratio 0.0088 

WminusH126_4e_pT4l_pTHj_genbin2_recobin2 acc 0.044 eff 0.245 outinratio 0.0273 

WplusH126_4e_pT4l_pTHj_genbin2_recobin2 acc 0.0348 eff 0.2342 outinratio 0.0287 

ZH126_4e_pT4l_pTHj_genbin2_recobin2 acc 0.0375 eff 0.24 outinratio 0.0493 

ttH126_4e_pT4l_pTHj_genbin2_recobin2 acc 0.0088 eff 0.1047 outinratio 0.0184 

ggH126_4e_pT4l_pTHj_genbin3_recobin2 acc 0.0208 eff 0.0218 outinratio 0.0154 

VBFH126_4e_pT4l_pTHj_genbin3_recobin2 acc 0.0528 eff 0.0202 outinratio 0.0088 

WminusH126_4e_pT4l_pTHj_genbin3_recobin2 acc 0.0348 eff 0.0235 outinratio 0.0273 

WplusH126_4e_pT4l_pTHj_genbin3_recobin2 acc 0.0306 eff 0.0212 outinratio 0.0287 

ZH126_4e_pT4l_pTHj_genbin3_recobin2 acc 0.0374 eff 0.0125 outinratio 0.0493 

ttH126_4e_pT4l_pTHj_genbin3_recobin2 acc 0.0128 eff 0.0129 outinratio 0.0184 

ggH126_4e_pT4l_pTHj_genbin4_recobin2 acc 0.0231 eff 0.0 outinratio 0.0154 

VBFH126_4e_pT4l_pTHj_genbin4_recobin2 acc 0.0873 eff 0.0 outinratio 0.0088 

WminusH126_4e_pT4l_pTHj_genbin4_recobin2 acc 0.0404 eff 0.0011 outinratio 0.0273 

WplusH126_4e_pT4l_pTHj_genbin4_recobin2 acc 0.0415 eff 0.0004 outinratio 0.0287 

ZH126_4e_pT4l_pTHj_genbin4_recobin2 acc 0.0447 eff 0.0 outinratio 0.0493 

ttH126_4e_pT4l_pTHj_genbin4_recobin2 acc 0.0297 eff 0.0 outinratio 0.0184 

ggH126_4e_pT4l_pTHj_genbin5_recobin2 acc 0.0286 eff 0.0071 outinratio 0.0154 

VBFH126_4e_pT4l_pTHj_genbin5_recobin2 acc 0.13 eff 0.0049 outinratio 0.0088 

WminusH126_4e_pT4l_pTHj_genbin5_recobin2 acc 0.1041 eff 0.0042 outinratio 0.0273 

WplusH126_4e_pT4l_pTHj_genbin5_recobin2 acc 0.0906 eff 0.0069 outinratio 0.0287 

ZH126_4e_pT4l_pTHj_genbin5_recobin2 acc 0.1077 eff 0.0022 outinratio 0.0493 

ttH126_4e_pT4l_pTHj_genbin5_recobin2 acc 0.2974 eff 0.0028 outinratio 0.0184 

ggH126_4e_pT4l_pTHj_genbin6_recobin2 acc 0.0089 eff 0.0 outinratio 0.0154 

VBFH126_4e_pT4l_pTHj_genbin6_recobin2 acc 0.0388 eff 0.0 outinratio 0.0088 

WminusH126_4e_pT4l_pTHj_genbin6_recobin2 acc 0.0335 eff 0.0 outinratio 0.0273 

WplusH126_4e_pT4l_pTHj_genbin6_recobin2 acc 0.0375 eff 0.0 outinratio 0.0287 

ZH126_4e_pT4l_pTHj_genbin6_recobin2 acc 0.0364 eff 0.0 outinratio 0.0493 

ttH126_4e_pT4l_pTHj_genbin6_recobin2 acc 0.1159 eff 0.0 outinratio 0.0184 

ggH126_4e_pT4l_pTHj_genbin0_recobin3 acc 0.281 eff 0.0007 outinratio 0.0137 

VBFH126_4e_pT4l_pTHj_genbin0_recobin3 acc 0.0692 eff 0.0053 outinratio 0.0114 

WminusH126_4e_pT4l_pTHj_genbin0_recobin3 acc 0.0971 eff 0.0043 outinratio 0.0186 

WplusH126_4e_pT4l_pTHj_genbin0_recobin3 acc 0.0849 eff 0.0033 outinratio 0.0185 

ZH126_4e_pT4l_pTHj_genbin0_recobin3 acc 0.0764 eff 0.0064 outinratio 0.0448 

ttH126_4e_pT4l_pTHj_genbin0_recobin3 acc 0.0014 eff 0.0 outinratio 0.0301 

ggH126_4e_pT4l_pTHj_genbin1_recobin3 acc 0.0334 eff 0.0 outinratio 0.0137 

VBFH126_4e_pT4l_pTHj_genbin1_recobin3 acc 0.0338 eff 0.0 outinratio 0.0114 

WminusH126_4e_pT4l_pTHj_genbin1_recobin3 acc 0.0419 eff 0.0 outinratio 0.0186 

WplusH126_4e_pT4l_pTHj_genbin1_recobin3 acc 0.0341 eff 0.0 outinratio 0.0185 

ZH126_4e_pT4l_pTHj_genbin1_recobin3 acc 0.0358 eff 0.0 outinratio 0.0448 

ttH126_4e_pT4l_pTHj_genbin1_recobin3 acc 0.0041 eff 0.0 outinratio 0.0301 

ggH126_4e_pT4l_pTHj_genbin2_recobin3 acc 0.0386 eff 0.0024 outinratio 0.0137 

VBFH126_4e_pT4l_pTHj_genbin2_recobin3 acc 0.0515 eff 0.0067 outinratio 0.0114 

WminusH126_4e_pT4l_pTHj_genbin2_recobin3 acc 0.044 eff 0.0062 outinratio 0.0186 

WplusH126_4e_pT4l_pTHj_genbin2_recobin3 acc 0.0348 eff 0.0045 outinratio 0.0185 

ZH126_4e_pT4l_pTHj_genbin2_recobin3 acc 0.0375 eff 0.003 outinratio 0.0448 

ttH126_4e_pT4l_pTHj_genbin2_recobin3 acc 0.0088 eff 0.0 outinratio 0.0301 

ggH126_4e_pT4l_pTHj_genbin3_recobin3 acc 0.0208 eff 0.2876 outinratio 0.0137 

VBFH126_4e_pT4l_pTHj_genbin3_recobin3 acc 0.0528 eff 0.3065 outinratio 0.0114 

WminusH126_4e_pT4l_pTHj_genbin3_recobin3 acc 0.0348 eff 0.2522 outinratio 0.0186 

WplusH126_4e_pT4l_pTHj_genbin3_recobin3 acc 0.0306 eff 0.2603 outinratio 0.0185 

ZH126_4e_pT4l_pTHj_genbin3_recobin3 acc 0.0374 eff 0.246 outinratio 0.0448 

ttH126_4e_pT4l_pTHj_genbin3_recobin3 acc 0.0128 eff 0.1128 outinratio 0.0301 

ggH126_4e_pT4l_pTHj_genbin4_recobin3 acc 0.0231 eff 0.0131 outinratio 0.0137 

VBFH126_4e_pT4l_pTHj_genbin4_recobin3 acc 0.0873 eff 0.0105 outinratio 0.0114 

WminusH126_4e_pT4l_pTHj_genbin4_recobin3 acc 0.0404 eff 0.0108 outinratio 0.0186 

WplusH126_4e_pT4l_pTHj_genbin4_recobin3 acc 0.0415 eff 0.0071 outinratio 0.0185 

ZH126_4e_pT4l_pTHj_genbin4_recobin3 acc 0.0447 eff 0.011 outinratio 0.0448 

ttH126_4e_pT4l_pTHj_genbin4_recobin3 acc 0.0297 eff 0.0021 outinratio 0.0301 

ggH126_4e_pT4l_pTHj_genbin5_recobin3 acc 0.0286 eff 0.0155 outinratio 0.0137 

VBFH126_4e_pT4l_pTHj_genbin5_recobin3 acc 0.13 eff 0.0134 outinratio 0.0114 

WminusH126_4e_pT4l_pTHj_genbin5_recobin3 acc 0.1041 eff 0.0063 outinratio 0.0186 

WplusH126_4e_pT4l_pTHj_genbin5_recobin3 acc 0.0906 eff 0.0057 outinratio 0.0185 

ZH126_4e_pT4l_pTHj_genbin5_recobin3 acc 0.1077 eff 0.0093 outinratio 0.0448 

ttH126_4e_pT4l_pTHj_genbin5_recobin3 acc 0.2974 eff 0.003 outinratio 0.0301 

ggH126_4e_pT4l_pTHj_genbin6_recobin3 acc 0.0089 eff 0.0 outinratio 0.0137 

VBFH126_4e_pT4l_pTHj_genbin6_recobin3 acc 0.0388 eff 0.0 outinratio 0.0114 

WminusH126_4e_pT4l_pTHj_genbin6_recobin3 acc 0.0335 eff 0.0 outinratio 0.0186 

WplusH126_4e_pT4l_pTHj_genbin6_recobin3 acc 0.0375 eff 0.0 outinratio 0.0185 

ZH126_4e_pT4l_pTHj_genbin6_recobin3 acc 0.0364 eff 0.0 outinratio 0.0448 

ttH126_4e_pT4l_pTHj_genbin6_recobin3 acc 0.1159 eff 0.0 outinratio 0.0301 

ggH126_4e_pT4l_pTHj_genbin0_recobin4 acc 0.281 eff 0.0 outinratio 0.0113 

VBFH126_4e_pT4l_pTHj_genbin0_recobin4 acc 0.0692 eff 0.0011 outinratio 0.0133 

WminusH126_4e_pT4l_pTHj_genbin0_recobin4 acc 0.0971 eff 0.0057 outinratio 0.0156 

WplusH126_4e_pT4l_pTHj_genbin0_recobin4 acc 0.0849 eff 0.0035 outinratio 0.0205 

ZH126_4e_pT4l_pTHj_genbin0_recobin4 acc 0.0764 eff 0.001 outinratio 0.0381 

ttH126_4e_pT4l_pTHj_genbin0_recobin4 acc 0.0014 eff 0.0 outinratio 0.0517 

ggH126_4e_pT4l_pTHj_genbin1_recobin4 acc 0.0334 eff 0.0 outinratio 0.0113 

VBFH126_4e_pT4l_pTHj_genbin1_recobin4 acc 0.0338 eff 0.0 outinratio 0.0133 

WminusH126_4e_pT4l_pTHj_genbin1_recobin4 acc 0.0419 eff 0.0 outinratio 0.0156 

WplusH126_4e_pT4l_pTHj_genbin1_recobin4 acc 0.0341 eff 0.0 outinratio 0.0205 

ZH126_4e_pT4l_pTHj_genbin1_recobin4 acc 0.0358 eff 0.0 outinratio 0.0381 

ttH126_4e_pT4l_pTHj_genbin1_recobin4 acc 0.0041 eff 0.0 outinratio 0.0517 

ggH126_4e_pT4l_pTHj_genbin2_recobin4 acc 0.0386 eff 0.0 outinratio 0.0113 

VBFH126_4e_pT4l_pTHj_genbin2_recobin4 acc 0.0515 eff 0.0 outinratio 0.0133 

WminusH126_4e_pT4l_pTHj_genbin2_recobin4 acc 0.044 eff 0.0 outinratio 0.0156 

WplusH126_4e_pT4l_pTHj_genbin2_recobin4 acc 0.0348 eff 0.0 outinratio 0.0205 

ZH126_4e_pT4l_pTHj_genbin2_recobin4 acc 0.0375 eff 0.0 outinratio 0.0381 

ttH126_4e_pT4l_pTHj_genbin2_recobin4 acc 0.0088 eff 0.0 outinratio 0.0517 

ggH126_4e_pT4l_pTHj_genbin3_recobin4 acc 0.0208 eff 0.0027 outinratio 0.0113 

VBFH126_4e_pT4l_pTHj_genbin3_recobin4 acc 0.0528 eff 0.006 outinratio 0.0133 

WminusH126_4e_pT4l_pTHj_genbin3_recobin4 acc 0.0348 eff 0.006 outinratio 0.0156 

WplusH126_4e_pT4l_pTHj_genbin3_recobin4 acc 0.0306 eff 0.0048 outinratio 0.0205 

ZH126_4e_pT4l_pTHj_genbin3_recobin4 acc 0.0374 eff 0.0062 outinratio 0.0381 

ttH126_4e_pT4l_pTHj_genbin3_recobin4 acc 0.0128 eff 0.0 outinratio 0.0517 

ggH126_4e_pT4l_pTHj_genbin4_recobin4 acc 0.0231 eff 0.3273 outinratio 0.0113 

VBFH126_4e_pT4l_pTHj_genbin4_recobin4 acc 0.0873 eff 0.3183 outinratio 0.0133 

WminusH126_4e_pT4l_pTHj_genbin4_recobin4 acc 0.0404 eff 0.2808 outinratio 0.0156 

WplusH126_4e_pT4l_pTHj_genbin4_recobin4 acc 0.0415 eff 0.2871 outinratio 0.0205 

ZH126_4e_pT4l_pTHj_genbin4_recobin4 acc 0.0447 eff 0.2589 outinratio 0.0381 

ttH126_4e_pT4l_pTHj_genbin4_recobin4 acc 0.0297 eff 0.2292 outinratio 0.0517 

ggH126_4e_pT4l_pTHj_genbin5_recobin4 acc 0.0286 eff 0.0253 outinratio 0.0113 

VBFH126_4e_pT4l_pTHj_genbin5_recobin4 acc 0.13 eff 0.0295 outinratio 0.0133 

WminusH126_4e_pT4l_pTHj_genbin5_recobin4 acc 0.1041 eff 0.0162 outinratio 0.0156 

WplusH126_4e_pT4l_pTHj_genbin5_recobin4 acc 0.0906 eff 0.0202 outinratio 0.0205 

ZH126_4e_pT4l_pTHj_genbin5_recobin4 acc 0.1077 eff 0.0171 outinratio 0.0381 

ttH126_4e_pT4l_pTHj_genbin5_recobin4 acc 0.2974 eff 0.0041 outinratio 0.0517 

ggH126_4e_pT4l_pTHj_genbin6_recobin4 acc 0.0089 eff 0.0138 outinratio 0.0113 

VBFH126_4e_pT4l_pTHj_genbin6_recobin4 acc 0.0388 eff 0.0284 outinratio 0.0133 

WminusH126_4e_pT4l_pTHj_genbin6_recobin4 acc 0.0335 eff 0.0233 outinratio 0.0156 

WplusH126_4e_pT4l_pTHj_genbin6_recobin4 acc 0.0375 eff 0.0197 outinratio 0.0205 

ZH126_4e_pT4l_pTHj_genbin6_recobin4 acc 0.0364 eff 0.0188 outinratio 0.0381 

ttH126_4e_pT4l_pTHj_genbin6_recobin4 acc 0.1159 eff 0.007 outinratio 0.0517 

ggH126_4e_pT4l_pTHj_genbin0_recobin5 acc 0.281 eff 0.0079 outinratio 0.0056 

VBFH126_4e_pT4l_pTHj_genbin0_recobin5 acc 0.0692 eff 0.0123 outinratio 0.0142 

WminusH126_4e_pT4l_pTHj_genbin0_recobin5 acc 0.0971 eff 0.0373 outinratio 0.0217 

WplusH126_4e_pT4l_pTHj_genbin0_recobin5 acc 0.0849 eff 0.0371 outinratio 0.0295 

ZH126_4e_pT4l_pTHj_genbin0_recobin5 acc 0.0764 eff 0.027 outinratio 0.0544 

ttH126_4e_pT4l_pTHj_genbin0_recobin5 acc 0.0014 eff 0.0401 outinratio 0.0519 

ggH126_4e_pT4l_pTHj_genbin1_recobin5 acc 0.0334 eff 0.0154 outinratio 0.0056 

VBFH126_4e_pT4l_pTHj_genbin1_recobin5 acc 0.0338 eff 0.0712 outinratio 0.0142 

WminusH126_4e_pT4l_pTHj_genbin1_recobin5 acc 0.0419 eff 0.0422 outinratio 0.0217 

WplusH126_4e_pT4l_pTHj_genbin1_recobin5 acc 0.0341 eff 0.0452 outinratio 0.0295 

ZH126_4e_pT4l_pTHj_genbin1_recobin5 acc 0.0358 eff 0.0427 outinratio 0.0544 

ttH126_4e_pT4l_pTHj_genbin1_recobin5 acc 0.0041 eff 0.0744 outinratio 0.0519 

ggH126_4e_pT4l_pTHj_genbin2_recobin5 acc 0.0386 eff 0.0101 outinratio 0.0056 

VBFH126_4e_pT4l_pTHj_genbin2_recobin5 acc 0.0515 eff 0.0572 outinratio 0.0142 

WminusH126_4e_pT4l_pTHj_genbin2_recobin5 acc 0.044 eff 0.0354 outinratio 0.0217 

WplusH126_4e_pT4l_pTHj_genbin2_recobin5 acc 0.0348 eff 0.0297 outinratio 0.0295 

ZH126_4e_pT4l_pTHj_genbin2_recobin5 acc 0.0375 eff 0.0213 outinratio 0.0544 

ttH126_4e_pT4l_pTHj_genbin2_recobin5 acc 0.0088 eff 0.1159 outinratio 0.0519 

ggH126_4e_pT4l_pTHj_genbin3_recobin5 acc 0.0208 eff 0.0207 outinratio 0.0056 

VBFH126_4e_pT4l_pTHj_genbin3_recobin5 acc 0.0528 eff 0.0351 outinratio 0.0142 

WminusH126_4e_pT4l_pTHj_genbin3_recobin5 acc 0.0348 eff 0.033 outinratio 0.0217 

WplusH126_4e_pT4l_pTHj_genbin3_recobin5 acc 0.0306 eff 0.035 outinratio 0.0295 

ZH126_4e_pT4l_pTHj_genbin3_recobin5 acc 0.0374 eff 0.033 outinratio 0.0544 

ttH126_4e_pT4l_pTHj_genbin3_recobin5 acc 0.0128 eff 0.0911 outinratio 0.0519 

ggH126_4e_pT4l_pTHj_genbin4_recobin5 acc 0.0231 eff 0.0156 outinratio 0.0056 

VBFH126_4e_pT4l_pTHj_genbin4_recobin5 acc 0.0873 eff 0.0453 outinratio 0.0142 

WminusH126_4e_pT4l_pTHj_genbin4_recobin5 acc 0.0404 eff 0.0427 outinratio 0.0217 

WplusH126_4e_pT4l_pTHj_genbin4_recobin5 acc 0.0415 eff 0.0341 outinratio 0.0295 

ZH126_4e_pT4l_pTHj_genbin4_recobin5 acc 0.0447 eff 0.0506 outinratio 0.0544 

ttH126_4e_pT4l_pTHj_genbin4_recobin5 acc 0.0297 eff 0.0796 outinratio 0.0519 

ggH126_4e_pT4l_pTHj_genbin5_recobin5 acc 0.0286 eff 0.2885 outinratio 0.0056 

VBFH126_4e_pT4l_pTHj_genbin5_recobin5 acc 0.13 eff 0.2926 outinratio 0.0142 

WminusH126_4e_pT4l_pTHj_genbin5_recobin5 acc 0.1041 eff 0.2711 outinratio 0.0217 

WplusH126_4e_pT4l_pTHj_genbin5_recobin5 acc 0.0906 eff 0.2698 outinratio 0.0295 

ZH126_4e_pT4l_pTHj_genbin5_recobin5 acc 0.1077 eff 0.2703 outinratio 0.0544 

ttH126_4e_pT4l_pTHj_genbin5_recobin5 acc 0.2974 eff 0.249 outinratio 0.0519 

ggH126_4e_pT4l_pTHj_genbin6_recobin5 acc 0.0089 eff 0.0124 outinratio 0.0056 

VBFH126_4e_pT4l_pTHj_genbin6_recobin5 acc 0.0388 eff 0.0033 outinratio 0.0142 

WminusH126_4e_pT4l_pTHj_genbin6_recobin5 acc 0.0335 eff 0.0068 outinratio 0.0217 

WplusH126_4e_pT4l_pTHj_genbin6_recobin5 acc 0.0375 eff 0.0114 outinratio 0.0295 

ZH126_4e_pT4l_pTHj_genbin6_recobin5 acc 0.0364 eff 0.0065 outinratio 0.0544 

ttH126_4e_pT4l_pTHj_genbin6_recobin5 acc 0.1159 eff 0.006 outinratio 0.0519 

ggH126_4e_pT4l_pTHj_genbin0_recobin6 acc 0.281 eff 0.0 outinratio 0.0191 

VBFH126_4e_pT4l_pTHj_genbin0_recobin6 acc 0.0692 eff 0.0 outinratio 0.0094 

WminusH126_4e_pT4l_pTHj_genbin0_recobin6 acc 0.0971 eff 0.0122 outinratio 0.0177 

WplusH126_4e_pT4l_pTHj_genbin0_recobin6 acc 0.0849 eff 0.0053 outinratio 0.02 

ZH126_4e_pT4l_pTHj_genbin0_recobin6 acc 0.0764 eff 0.0007 outinratio 0.0258 

ttH126_4e_pT4l_pTHj_genbin0_recobin6 acc 0.0014 eff 0.0801 outinratio 0.0366 

ggH126_4e_pT4l_pTHj_genbin1_recobin6 acc 0.0334 eff 0.0 outinratio 0.0191 

VBFH126_4e_pT4l_pTHj_genbin1_recobin6 acc 0.0338 eff 0.0 outinratio 0.0094 

WminusH126_4e_pT4l_pTHj_genbin1_recobin6 acc 0.0419 eff 0.0 outinratio 0.0177 

WplusH126_4e_pT4l_pTHj_genbin1_recobin6 acc 0.0341 eff 0.0 outinratio 0.02 

ZH126_4e_pT4l_pTHj_genbin1_recobin6 acc 0.0358 eff 0.0 outinratio 0.0258 

ttH126_4e_pT4l_pTHj_genbin1_recobin6 acc 0.0041 eff 0.0 outinratio 0.0366 

ggH126_4e_pT4l_pTHj_genbin2_recobin6 acc 0.0386 eff 0.0 outinratio 0.0191 

VBFH126_4e_pT4l_pTHj_genbin2_recobin6 acc 0.0515 eff 0.0 outinratio 0.0094 

WminusH126_4e_pT4l_pTHj_genbin2_recobin6 acc 0.044 eff 0.0 outinratio 0.0177 

WplusH126_4e_pT4l_pTHj_genbin2_recobin6 acc 0.0348 eff 0.0 outinratio 0.02 

ZH126_4e_pT4l_pTHj_genbin2_recobin6 acc 0.0375 eff 0.0 outinratio 0.0258 

ttH126_4e_pT4l_pTHj_genbin2_recobin6 acc 0.0088 eff 0.0 outinratio 0.0366 

ggH126_4e_pT4l_pTHj_genbin3_recobin6 acc 0.0208 eff 0.0 outinratio 0.0191 

VBFH126_4e_pT4l_pTHj_genbin3_recobin6 acc 0.0528 eff 0.0 outinratio 0.0094 

WminusH126_4e_pT4l_pTHj_genbin3_recobin6 acc 0.0348 eff 0.0 outinratio 0.0177 

WplusH126_4e_pT4l_pTHj_genbin3_recobin6 acc 0.0306 eff 0.0 outinratio 0.02 

ZH126_4e_pT4l_pTHj_genbin3_recobin6 acc 0.0374 eff 0.0 outinratio 0.0258 

ttH126_4e_pT4l_pTHj_genbin3_recobin6 acc 0.0128 eff 0.0 outinratio 0.0366 

ggH126_4e_pT4l_pTHj_genbin4_recobin6 acc 0.0231 eff 0.0176 outinratio 0.0191 

VBFH126_4e_pT4l_pTHj_genbin4_recobin6 acc 0.0873 eff 0.0165 outinratio 0.0094 

WminusH126_4e_pT4l_pTHj_genbin4_recobin6 acc 0.0404 eff 0.0123 outinratio 0.0177 

WplusH126_4e_pT4l_pTHj_genbin4_recobin6 acc 0.0415 eff 0.0283 outinratio 0.02 

ZH126_4e_pT4l_pTHj_genbin4_recobin6 acc 0.0447 eff 0.0245 outinratio 0.0258 

ttH126_4e_pT4l_pTHj_genbin4_recobin6 acc 0.0297 eff 0.0124 outinratio 0.0366 

ggH126_4e_pT4l_pTHj_genbin5_recobin6 acc 0.0286 eff 0.0013 outinratio 0.0191 

VBFH126_4e_pT4l_pTHj_genbin5_recobin6 acc 0.13 eff 0.0009 outinratio 0.0094 

WminusH126_4e_pT4l_pTHj_genbin5_recobin6 acc 0.1041 eff 0.0018 outinratio 0.0177 

WplusH126_4e_pT4l_pTHj_genbin5_recobin6 acc 0.0906 eff 0.0008 outinratio 0.02 

ZH126_4e_pT4l_pTHj_genbin5_recobin6 acc 0.1077 eff 0.002 outinratio 0.0258 

ttH126_4e_pT4l_pTHj_genbin5_recobin6 acc 0.2974 eff 0.0021 outinratio 0.0366 

ggH126_4e_pT4l_pTHj_genbin6_recobin6 acc 0.0089 eff 0.3689 outinratio 0.0191 

VBFH126_4e_pT4l_pTHj_genbin6_recobin6 acc 0.0388 eff 0.4129 outinratio 0.0094 

WminusH126_4e_pT4l_pTHj_genbin6_recobin6 acc 0.0335 eff 0.3627 outinratio 0.0177 

WplusH126_4e_pT4l_pTHj_genbin6_recobin6 acc 0.0375 eff 0.3421 outinratio 0.02 

ZH126_4e_pT4l_pTHj_genbin6_recobin6 acc 0.0364 eff 0.3774 outinratio 0.0258 

ttH126_4e_pT4l_pTHj_genbin6_recobin6 acc 0.1159 eff 0.3663 outinratio 0.0366 

ggH126_4mu_pT4l_pTHj_genbin0_recobin0 acc 0.3161 eff 0.5934 outinratio 0.0064 

VBFH126_4mu_pT4l_pTHj_genbin0_recobin0 acc 0.0774 eff 0.4793 outinratio 0.0073 

WminusH126_4mu_pT4l_pTHj_genbin0_recobin0 acc 0.1073 eff 0.4579 outinratio 0.0205 

WplusH126_4mu_pT4l_pTHj_genbin0_recobin0 acc 0.093 eff 0.4671 outinratio 0.0183 

ZH126_4mu_pT4l_pTHj_genbin0_recobin0 acc 0.0863 eff 0.5853 outinratio 0.0728 

ttH126_4mu_pT4l_pTHj_genbin0_recobin0 acc 0.0014 eff 0.1373 outinratio 0.3759 

ggH126_4mu_pT4l_pTHj_genbin1_recobin0 acc 0.0322 eff 0.1491 outinratio 0.0064 

VBFH126_4mu_pT4l_pTHj_genbin1_recobin0 acc 0.0366 eff 0.0764 outinratio 0.0073 

WminusH126_4mu_pT4l_pTHj_genbin1_recobin0 acc 0.0461 eff 0.0694 outinratio 0.0205 

WplusH126_4mu_pT4l_pTHj_genbin1_recobin0 acc 0.0356 eff 0.0545 outinratio 0.0183 

ZH126_4mu_pT4l_pTHj_genbin1_recobin0 acc 0.041 eff 0.1237 outinratio 0.0728 

ttH126_4mu_pT4l_pTHj_genbin1_recobin0 acc 0.0052 eff 0.0 outinratio 0.3759 

ggH126_4mu_pT4l_pTHj_genbin2_recobin0 acc 0.0432 eff 0.076 outinratio 0.0064 

VBFH126_4mu_pT4l_pTHj_genbin2_recobin0 acc 0.0575 eff 0.0749 outinratio 0.0073 

WminusH126_4mu_pT4l_pTHj_genbin2_recobin0 acc 0.0486 eff 0.0329 outinratio 0.0205 

WplusH126_4mu_pT4l_pTHj_genbin2_recobin0 acc 0.0395 eff 0.0425 outinratio 0.0183 

ZH126_4mu_pT4l_pTHj_genbin2_recobin0 acc 0.0455 eff 0.0364 outinratio 0.0728 

ttH126_4mu_pT4l_pTHj_genbin2_recobin0 acc 0.0085 eff 0.0093 outinratio 0.3759 

ggH126_4mu_pT4l_pTHj_genbin3_recobin0 acc 0.023 eff 0.0212 outinratio 0.0064 

VBFH126_4mu_pT4l_pTHj_genbin3_recobin0 acc 0.0585 eff 0.0468 outinratio 0.0073 

WminusH126_4mu_pT4l_pTHj_genbin3_recobin0 acc 0.0381 eff 0.0172 outinratio 0.0205 

WplusH126_4mu_pT4l_pTHj_genbin3_recobin0 acc 0.032 eff 0.0242 outinratio 0.0183 

ZH126_4mu_pT4l_pTHj_genbin3_recobin0 acc 0.0355 eff 0.0272 outinratio 0.0728 

ttH126_4mu_pT4l_pTHj_genbin3_recobin0 acc 0.0151 eff 0.0 outinratio 0.3759 

ggH126_4mu_pT4l_pTHj_genbin4_recobin0 acc 0.0243 eff 0.0011 outinratio 0.0064 

VBFH126_4mu_pT4l_pTHj_genbin4_recobin0 acc 0.0977 eff 0.014 outinratio 0.0073 

WminusH126_4mu_pT4l_pTHj_genbin4_recobin0 acc 0.0458 eff 0.0032 outinratio 0.0205 

WplusH126_4mu_pT4l_pTHj_genbin4_recobin0 acc 0.0458 eff 0.0048 outinratio 0.0183 

ZH126_4mu_pT4l_pTHj_genbin4_recobin0 acc 0.0463 eff 0.0059 outinratio 0.0728 

ttH126_4mu_pT4l_pTHj_genbin4_recobin0 acc 0.035 eff 0.0 outinratio 0.3759 

ggH126_4mu_pT4l_pTHj_genbin5_recobin0 acc 0.0293 eff 0.025 outinratio 0.0064 

VBFH126_4mu_pT4l_pTHj_genbin5_recobin0 acc 0.1433 eff 0.0084 outinratio 0.0073 

WminusH126_4mu_pT4l_pTHj_genbin5_recobin0 acc 0.1142 eff 0.0156 outinratio 0.0205 

WplusH126_4mu_pT4l_pTHj_genbin5_recobin0 acc 0.1016 eff 0.0153 outinratio 0.0183 

ZH126_4mu_pT4l_pTHj_genbin5_recobin0 acc 0.1203 eff 0.0234 outinratio 0.0728 

ttH126_4mu_pT4l_pTHj_genbin5_recobin0 acc 0.336 eff 0.0011 outinratio 0.3759 

ggH126_4mu_pT4l_pTHj_genbin6_recobin0 acc 0.0111 eff 0.0 outinratio 0.0064 

VBFH126_4mu_pT4l_pTHj_genbin6_recobin0 acc 0.0418 eff 0.0 outinratio 0.0073 

WminusH126_4mu_pT4l_pTHj_genbin6_recobin0 acc 0.0373 eff 0.0072 outinratio 0.0205 

WplusH126_4mu_pT4l_pTHj_genbin6_recobin0 acc 0.0389 eff 0.0058 outinratio 0.0183 

ZH126_4mu_pT4l_pTHj_genbin6_recobin0 acc 0.0387 eff 0.0102 outinratio 0.0728 

ttH126_4mu_pT4l_pTHj_genbin6_recobin0 acc 0.1237 eff 0.0004 outinratio 0.3759 

ggH126_4mu_pT4l_pTHj_genbin0_recobin1 acc 0.3161 eff 0.0487 outinratio 0.0058 

VBFH126_4mu_pT4l_pTHj_genbin0_recobin1 acc 0.0774 eff 0.0762 outinratio 0.0048 

WminusH126_4mu_pT4l_pTHj_genbin0_recobin1 acc 0.1073 eff 0.0368 outinratio 0.011 

WplusH126_4mu_pT4l_pTHj_genbin0_recobin1 acc 0.093 eff 0.0408 outinratio 0.0091 

ZH126_4mu_pT4l_pTHj_genbin0_recobin1 acc 0.0863 eff 0.022 outinratio 0.0337 

ttH126_4mu_pT4l_pTHj_genbin0_recobin1 acc 0.0014 eff 0.0 outinratio 0.1876 

ggH126_4mu_pT4l_pTHj_genbin1_recobin1 acc 0.0322 eff 0.4764 outinratio 0.0058 

VBFH126_4mu_pT4l_pTHj_genbin1_recobin1 acc 0.0366 eff 0.419 outinratio 0.0048 

WminusH126_4mu_pT4l_pTHj_genbin1_recobin1 acc 0.0461 eff 0.4252 outinratio 0.011 

WplusH126_4mu_pT4l_pTHj_genbin1_recobin1 acc 0.0356 eff 0.4748 outinratio 0.0091 

ZH126_4mu_pT4l_pTHj_genbin1_recobin1 acc 0.041 eff 0.4015 outinratio 0.0337 

ttH126_4mu_pT4l_pTHj_genbin1_recobin1 acc 0.0052 eff 0.1386 outinratio 0.1876 

ggH126_4mu_pT4l_pTHj_genbin2_recobin1 acc 0.0432 eff 0.0112 outinratio 0.0058 

VBFH126_4mu_pT4l_pTHj_genbin2_recobin1 acc 0.0575 eff 0.0077 outinratio 0.0048 

WminusH126_4mu_pT4l_pTHj_genbin2_recobin1 acc 0.0486 eff 0.0126 outinratio 0.011 

WplusH126_4mu_pT4l_pTHj_genbin2_recobin1 acc 0.0395 eff 0.006 outinratio 0.0091 

ZH126_4mu_pT4l_pTHj_genbin2_recobin1 acc 0.0455 eff 0.0039 outinratio 0.0337 

ttH126_4mu_pT4l_pTHj_genbin2_recobin1 acc 0.0085 eff 0.0168 outinratio 0.1876 

ggH126_4mu_pT4l_pTHj_genbin3_recobin1 acc 0.023 eff 0.0 outinratio 0.0058 

VBFH126_4mu_pT4l_pTHj_genbin3_recobin1 acc 0.0585 eff 0.0 outinratio 0.0048 

WminusH126_4mu_pT4l_pTHj_genbin3_recobin1 acc 0.0381 eff 0.0 outinratio 0.011 

WplusH126_4mu_pT4l_pTHj_genbin3_recobin1 acc 0.032 eff 0.0 outinratio 0.0091 

ZH126_4mu_pT4l_pTHj_genbin3_recobin1 acc 0.0355 eff 0.0 outinratio 0.0337 

ttH126_4mu_pT4l_pTHj_genbin3_recobin1 acc 0.0151 eff 0.0075 outinratio 0.1876 

ggH126_4mu_pT4l_pTHj_genbin4_recobin1 acc 0.0243 eff 0.0 outinratio 0.0058 

VBFH126_4mu_pT4l_pTHj_genbin4_recobin1 acc 0.0977 eff 0.0 outinratio 0.0048 

WminusH126_4mu_pT4l_pTHj_genbin4_recobin1 acc 0.0458 eff 0.0 outinratio 0.011 

WplusH126_4mu_pT4l_pTHj_genbin4_recobin1 acc 0.0458 eff 0.0 outinratio 0.0091 

ZH126_4mu_pT4l_pTHj_genbin4_recobin1 acc 0.0463 eff 0.0 outinratio 0.0337 

ttH126_4mu_pT4l_pTHj_genbin4_recobin1 acc 0.035 eff 0.0 outinratio 0.1876 

ggH126_4mu_pT4l_pTHj_genbin5_recobin1 acc 0.0293 eff 0.0113 outinratio 0.0058 

VBFH126_4mu_pT4l_pTHj_genbin5_recobin1 acc 0.1433 eff 0.0092 outinratio 0.0048 

WminusH126_4mu_pT4l_pTHj_genbin5_recobin1 acc 0.1142 eff 0.0102 outinratio 0.011 

WplusH126_4mu_pT4l_pTHj_genbin5_recobin1 acc 0.1016 eff 0.01 outinratio 0.0091 

ZH126_4mu_pT4l_pTHj_genbin5_recobin1 acc 0.1203 eff 0.0141 outinratio 0.0337 

ttH126_4mu_pT4l_pTHj_genbin5_recobin1 acc 0.336 eff 0.0028 outinratio 0.1876 

ggH126_4mu_pT4l_pTHj_genbin6_recobin1 acc 0.0111 eff 0.0 outinratio 0.0058 

VBFH126_4mu_pT4l_pTHj_genbin6_recobin1 acc 0.0418 eff 0.0 outinratio 0.0048 

WminusH126_4mu_pT4l_pTHj_genbin6_recobin1 acc 0.0373 eff 0.0 outinratio 0.011 

WplusH126_4mu_pT4l_pTHj_genbin6_recobin1 acc 0.0389 eff 0.0 outinratio 0.0091 

ZH126_4mu_pT4l_pTHj_genbin6_recobin1 acc 0.0387 eff 0.0 outinratio 0.0337 

ttH126_4mu_pT4l_pTHj_genbin6_recobin1 acc 0.1237 eff 0.0 outinratio 0.1876 

ggH126_4mu_pT4l_pTHj_genbin0_recobin2 acc 0.3161 eff 0.0094 outinratio 0.0062 

VBFH126_4mu_pT4l_pTHj_genbin0_recobin2 acc 0.0774 eff 0.0592 outinratio 0.0096 

WminusH126_4mu_pT4l_pTHj_genbin0_recobin2 acc 0.1073 eff 0.0276 outinratio 0.0091 

WplusH126_4mu_pT4l_pTHj_genbin0_recobin2 acc 0.093 eff 0.0201 outinratio 0.0131 

ZH126_4mu_pT4l_pTHj_genbin0_recobin2 acc 0.0863 eff 0.019 outinratio 0.0402 

ttH126_4mu_pT4l_pTHj_genbin0_recobin2 acc 0.0014 eff 0.0 outinratio 0.0116 

ggH126_4mu_pT4l_pTHj_genbin1_recobin2 acc 0.0322 eff 0.0132 outinratio 0.0062 

VBFH126_4mu_pT4l_pTHj_genbin1_recobin2 acc 0.0366 eff 0.0155 outinratio 0.0096 

WminusH126_4mu_pT4l_pTHj_genbin1_recobin2 acc 0.0461 eff 0.0095 outinratio 0.0091 

WplusH126_4mu_pT4l_pTHj_genbin1_recobin2 acc 0.0356 eff 0.0074 outinratio 0.0131 

ZH126_4mu_pT4l_pTHj_genbin1_recobin2 acc 0.041 eff 0.0144 outinratio 0.0402 

ttH126_4mu_pT4l_pTHj_genbin1_recobin2 acc 0.0052 eff 0.0 outinratio 0.0116 

ggH126_4mu_pT4l_pTHj_genbin2_recobin2 acc 0.0432 eff 0.5722 outinratio 0.0062 

VBFH126_4mu_pT4l_pTHj_genbin2_recobin2 acc 0.0575 eff 0.5197 outinratio 0.0096 

WminusH126_4mu_pT4l_pTHj_genbin2_recobin2 acc 0.0486 eff 0.5062 outinratio 0.0091 

WplusH126_4mu_pT4l_pTHj_genbin2_recobin2 acc 0.0395 eff 0.5055 outinratio 0.0131 

ZH126_4mu_pT4l_pTHj_genbin2_recobin2 acc 0.0455 eff 0.535 outinratio 0.0402 

ttH126_4mu_pT4l_pTHj_genbin2_recobin2 acc 0.0085 eff 0.2122 outinratio 0.0116 

ggH126_4mu_pT4l_pTHj_genbin3_recobin2 acc 0.023 eff 0.0114 outinratio 0.0062 

VBFH126_4mu_pT4l_pTHj_genbin3_recobin2 acc 0.0585 eff 0.0181 outinratio 0.0096 

WminusH126_4mu_pT4l_pTHj_genbin3_recobin2 acc 0.0381 eff 0.0122 outinratio 0.0091 

WplusH126_4mu_pT4l_pTHj_genbin3_recobin2 acc 0.032 eff 0.0115 outinratio 0.0131 

ZH126_4mu_pT4l_pTHj_genbin3_recobin2 acc 0.0355 eff 0.0138 outinratio 0.0402 

ttH126_4mu_pT4l_pTHj_genbin3_recobin2 acc 0.0151 eff 0.0 outinratio 0.0116 

ggH126_4mu_pT4l_pTHj_genbin4_recobin2 acc 0.0243 eff 0.0 outinratio 0.0062 

VBFH126_4mu_pT4l_pTHj_genbin4_recobin2 acc 0.0977 eff 0.0 outinratio 0.0096 

WminusH126_4mu_pT4l_pTHj_genbin4_recobin2 acc 0.0458 eff 0.0 outinratio 0.0091 

WplusH126_4mu_pT4l_pTHj_genbin4_recobin2 acc 0.0458 eff 0.0 outinratio 0.0131 

ZH126_4mu_pT4l_pTHj_genbin4_recobin2 acc 0.0463 eff 0.0 outinratio 0.0402 

ttH126_4mu_pT4l_pTHj_genbin4_recobin2 acc 0.035 eff 0.0 outinratio 0.0116 

ggH126_4mu_pT4l_pTHj_genbin5_recobin2 acc 0.0293 eff 0.0083 outinratio 0.0062 

VBFH126_4mu_pT4l_pTHj_genbin5_recobin2 acc 0.1433 eff 0.0098 outinratio 0.0096 

WminusH126_4mu_pT4l_pTHj_genbin5_recobin2 acc 0.1142 eff 0.0114 outinratio 0.0091 

WplusH126_4mu_pT4l_pTHj_genbin5_recobin2 acc 0.1016 eff 0.0095 outinratio 0.0131 

ZH126_4mu_pT4l_pTHj_genbin5_recobin2 acc 0.1203 eff 0.0122 outinratio 0.0402 

ttH126_4mu_pT4l_pTHj_genbin5_recobin2 acc 0.336 eff 0.0047 outinratio 0.0116 

ggH126_4mu_pT4l_pTHj_genbin6_recobin2 acc 0.0111 eff 0.0 outinratio 0.0062 

VBFH126_4mu_pT4l_pTHj_genbin6_recobin2 acc 0.0418 eff 0.0 outinratio 0.0096 

WminusH126_4mu_pT4l_pTHj_genbin6_recobin2 acc 0.0373 eff 0.0 outinratio 0.0091 

WplusH126_4mu_pT4l_pTHj_genbin6_recobin2 acc 0.0389 eff 0.0 outinratio 0.0131 

ZH126_4mu_pT4l_pTHj_genbin6_recobin2 acc 0.0387 eff 0.0 outinratio 0.0402 

ttH126_4mu_pT4l_pTHj_genbin6_recobin2 acc 0.1237 eff 0.0 outinratio 0.0116 

ggH126_4mu_pT4l_pTHj_genbin0_recobin3 acc 0.3161 eff 0.0011 outinratio 0.0052 

VBFH126_4mu_pT4l_pTHj_genbin0_recobin3 acc 0.0774 eff 0.0212 outinratio 0.0039 

WminusH126_4mu_pT4l_pTHj_genbin0_recobin3 acc 0.1073 eff 0.0122 outinratio 0.0133 

WplusH126_4mu_pT4l_pTHj_genbin0_recobin3 acc 0.093 eff 0.0091 outinratio 0.0097 

ZH126_4mu_pT4l_pTHj_genbin0_recobin3 acc 0.0863 eff 0.0104 outinratio 0.0187 

ttH126_4mu_pT4l_pTHj_genbin0_recobin3 acc 0.0014 eff 0.0 outinratio 0.0 

ggH126_4mu_pT4l_pTHj_genbin1_recobin3 acc 0.0322 eff 0.0 outinratio 0.0052 

VBFH126_4mu_pT4l_pTHj_genbin1_recobin3 acc 0.0366 eff 0.0 outinratio 0.0039 

WminusH126_4mu_pT4l_pTHj_genbin1_recobin3 acc 0.0461 eff 0.0 outinratio 0.0133 

WplusH126_4mu_pT4l_pTHj_genbin1_recobin3 acc 0.0356 eff 0.0 outinratio 0.0097 

ZH126_4mu_pT4l_pTHj_genbin1_recobin3 acc 0.041 eff 0.0 outinratio 0.0187 

ttH126_4mu_pT4l_pTHj_genbin1_recobin3 acc 0.0052 eff 0.0 outinratio 0.0 

ggH126_4mu_pT4l_pTHj_genbin2_recobin3 acc 0.0432 eff 0.0067 outinratio 0.0052 

VBFH126_4mu_pT4l_pTHj_genbin2_recobin3 acc 0.0575 eff 0.0125 outinratio 0.0039 

WminusH126_4mu_pT4l_pTHj_genbin2_recobin3 acc 0.0486 eff 0.0085 outinratio 0.0133 

WplusH126_4mu_pT4l_pTHj_genbin2_recobin3 acc 0.0395 eff 0.008 outinratio 0.0097 

ZH126_4mu_pT4l_pTHj_genbin2_recobin3 acc 0.0455 eff 0.0101 outinratio 0.0187 

ttH126_4mu_pT4l_pTHj_genbin2_recobin3 acc 0.0085 eff 0.0 outinratio 0.0 

ggH126_4mu_pT4l_pTHj_genbin3_recobin3 acc 0.023 eff 0.561 outinratio 0.0052 

VBFH126_4mu_pT4l_pTHj_genbin3_recobin3 acc 0.0585 eff 0.5396 outinratio 0.0039 

WminusH126_4mu_pT4l_pTHj_genbin3_recobin3 acc 0.0381 eff 0.5323 outinratio 0.0133 

WplusH126_4mu_pT4l_pTHj_genbin3_recobin3 acc 0.032 eff 0.5282 outinratio 0.0097 

ZH126_4mu_pT4l_pTHj_genbin3_recobin3 acc 0.0355 eff 0.5789 outinratio 0.0187 

ttH126_4mu_pT4l_pTHj_genbin3_recobin3 acc 0.0151 eff 0.2552 outinratio 0.0 

ggH126_4mu_pT4l_pTHj_genbin4_recobin3 acc 0.0243 eff 0.0097 outinratio 0.0052 

VBFH126_4mu_pT4l_pTHj_genbin4_recobin3 acc 0.0977 eff 0.0113 outinratio 0.0039 

WminusH126_4mu_pT4l_pTHj_genbin4_recobin3 acc 0.0458 eff 0.0124 outinratio 0.0133 

WplusH126_4mu_pT4l_pTHj_genbin4_recobin3 acc 0.0458 eff 0.0107 outinratio 0.0097 

ZH126_4mu_pT4l_pTHj_genbin4_recobin3 acc 0.0463 eff 0.006 outinratio 0.0187 

ttH126_4mu_pT4l_pTHj_genbin4_recobin3 acc 0.035 eff 0.0063 outinratio 0.0 

ggH126_4mu_pT4l_pTHj_genbin5_recobin3 acc 0.0293 eff 0.0262 outinratio 0.0052 

VBFH126_4mu_pT4l_pTHj_genbin5_recobin3 acc 0.1433 eff 0.0142 outinratio 0.0039 

WminusH126_4mu_pT4l_pTHj_genbin5_recobin3 acc 0.1142 eff 0.0119 outinratio 0.0133 

WplusH126_4mu_pT4l_pTHj_genbin5_recobin3 acc 0.1016 eff 0.0102 outinratio 0.0097 

ZH126_4mu_pT4l_pTHj_genbin5_recobin3 acc 0.1203 eff 0.005 outinratio 0.0187 

ttH126_4mu_pT4l_pTHj_genbin5_recobin3 acc 0.336 eff 0.0052 outinratio 0.0 

ggH126_4mu_pT4l_pTHj_genbin6_recobin3 acc 0.0111 eff 0.0 outinratio 0.0052 

VBFH126_4mu_pT4l_pTHj_genbin6_recobin3 acc 0.0418 eff 0.0 outinratio 0.0039 

WminusH126_4mu_pT4l_pTHj_genbin6_recobin3 acc 0.0373 eff 0.0 outinratio 0.0133 

WplusH126_4mu_pT4l_pTHj_genbin6_recobin3 acc 0.0389 eff 0.0 outinratio 0.0097 

ZH126_4mu_pT4l_pTHj_genbin6_recobin3 acc 0.0387 eff 0.0 outinratio 0.0187 

ttH126_4mu_pT4l_pTHj_genbin6_recobin3 acc 0.1237 eff 0.0 outinratio 0.0 

ggH126_4mu_pT4l_pTHj_genbin0_recobin4 acc 0.3161 eff 0.0 outinratio 0.005 

VBFH126_4mu_pT4l_pTHj_genbin0_recobin4 acc 0.0774 eff 0.0062 outinratio 0.0078 

WminusH126_4mu_pT4l_pTHj_genbin0_recobin4 acc 0.1073 eff 0.0077 outinratio 0.0076 

WplusH126_4mu_pT4l_pTHj_genbin0_recobin4 acc 0.093 eff 0.0077 outinratio 0.0058 

ZH126_4mu_pT4l_pTHj_genbin0_recobin4 acc 0.0863 eff 0.0 outinratio 0.0303 

ttH126_4mu_pT4l_pTHj_genbin0_recobin4 acc 0.0014 eff 0.0 outinratio 0.0282 

ggH126_4mu_pT4l_pTHj_genbin1_recobin4 acc 0.0322 eff 0.0 outinratio 0.005 

VBFH126_4mu_pT4l_pTHj_genbin1_recobin4 acc 0.0366 eff 0.0 outinratio 0.0078 

WminusH126_4mu_pT4l_pTHj_genbin1_recobin4 acc 0.0461 eff 0.0 outinratio 0.0076 

WplusH126_4mu_pT4l_pTHj_genbin1_recobin4 acc 0.0356 eff 0.0 outinratio 0.0058 

ZH126_4mu_pT4l_pTHj_genbin1_recobin4 acc 0.041 eff 0.0 outinratio 0.0303 

ttH126_4mu_pT4l_pTHj_genbin1_recobin4 acc 0.0052 eff 0.0 outinratio 0.0282 

ggH126_4mu_pT4l_pTHj_genbin2_recobin4 acc 0.0432 eff 0.0 outinratio 0.005 

VBFH126_4mu_pT4l_pTHj_genbin2_recobin4 acc 0.0575 eff 0.0 outinratio 0.0078 

WminusH126_4mu_pT4l_pTHj_genbin2_recobin4 acc 0.0486 eff 0.0 outinratio 0.0076 

WplusH126_4mu_pT4l_pTHj_genbin2_recobin4 acc 0.0395 eff 0.0 outinratio 0.0058 

ZH126_4mu_pT4l_pTHj_genbin2_recobin4 acc 0.0455 eff 0.0 outinratio 0.0303 

ttH126_4mu_pT4l_pTHj_genbin2_recobin4 acc 0.0085 eff 0.0 outinratio 0.0282 

ggH126_4mu_pT4l_pTHj_genbin3_recobin4 acc 0.023 eff 0.0082 outinratio 0.005 

VBFH126_4mu_pT4l_pTHj_genbin3_recobin4 acc 0.0585 eff 0.0156 outinratio 0.0078 

WminusH126_4mu_pT4l_pTHj_genbin3_recobin4 acc 0.0381 eff 0.0117 outinratio 0.0076 

WplusH126_4mu_pT4l_pTHj_genbin3_recobin4 acc 0.032 eff 0.0137 outinratio 0.0058 

ZH126_4mu_pT4l_pTHj_genbin3_recobin4 acc 0.0355 eff 0.0049 outinratio 0.0303 

ttH126_4mu_pT4l_pTHj_genbin3_recobin4 acc 0.0151 eff 0.0072 outinratio 0.0282 

ggH126_4mu_pT4l_pTHj_genbin4_recobin4 acc 0.0243 eff 0.6083 outinratio 0.005 

VBFH126_4mu_pT4l_pTHj_genbin4_recobin4 acc 0.0977 eff 0.5825 outinratio 0.0078 

WminusH126_4mu_pT4l_pTHj_genbin4_recobin4 acc 0.0458 eff 0.5695 outinratio 0.0076 

WplusH126_4mu_pT4l_pTHj_genbin4_recobin4 acc 0.0458 eff 0.5358 outinratio 0.0058 

ZH126_4mu_pT4l_pTHj_genbin4_recobin4 acc 0.0463 eff 0.5518 outinratio 0.0303 

ttH126_4mu_pT4l_pTHj_genbin4_recobin4 acc 0.035 eff 0.3586 outinratio 0.0282 

ggH126_4mu_pT4l_pTHj_genbin5_recobin4 acc 0.0293 eff 0.0301 outinratio 0.005 

VBFH126_4mu_pT4l_pTHj_genbin5_recobin4 acc 0.1433 eff 0.0352 outinratio 0.0078 

WminusH126_4mu_pT4l_pTHj_genbin5_recobin4 acc 0.1142 eff 0.0323 outinratio 0.0076 

WplusH126_4mu_pT4l_pTHj_genbin5_recobin4 acc 0.1016 eff 0.032 outinratio 0.0058 

ZH126_4mu_pT4l_pTHj_genbin5_recobin4 acc 0.1203 eff 0.0268 outinratio 0.0303 

ttH126_4mu_pT4l_pTHj_genbin5_recobin4 acc 0.336 eff 0.0104 outinratio 0.0282 

ggH126_4mu_pT4l_pTHj_genbin6_recobin4 acc 0.0111 eff 0.048 outinratio 0.005 

VBFH126_4mu_pT4l_pTHj_genbin6_recobin4 acc 0.0418 eff 0.0477 outinratio 0.0078 

WminusH126_4mu_pT4l_pTHj_genbin6_recobin4 acc 0.0373 eff 0.0404 outinratio 0.0076 

WplusH126_4mu_pT4l_pTHj_genbin6_recobin4 acc 0.0389 eff 0.0413 outinratio 0.0058 

ZH126_4mu_pT4l_pTHj_genbin6_recobin4 acc 0.0387 eff 0.0289 outinratio 0.0303 

ttH126_4mu_pT4l_pTHj_genbin6_recobin4 acc 0.1237 eff 0.0116 outinratio 0.0282 

ggH126_4mu_pT4l_pTHj_genbin0_recobin5 acc 0.3161 eff 0.0198 outinratio 0.001 

VBFH126_4mu_pT4l_pTHj_genbin0_recobin5 acc 0.0774 eff 0.0502 outinratio 0.0029 

WminusH126_4mu_pT4l_pTHj_genbin0_recobin5 acc 0.1073 eff 0.073 outinratio 0.0115 

WplusH126_4mu_pT4l_pTHj_genbin0_recobin5 acc 0.093 eff 0.0821 outinratio 0.0135 

ZH126_4mu_pT4l_pTHj_genbin0_recobin5 acc 0.0863 eff 0.0523 outinratio 0.0592 

ttH126_4mu_pT4l_pTHj_genbin0_recobin5 acc 0.0014 eff 0.2152 outinratio 0.0424 

ggH126_4mu_pT4l_pTHj_genbin1_recobin5 acc 0.0322 eff 0.0329 outinratio 0.001 

VBFH126_4mu_pT4l_pTHj_genbin1_recobin5 acc 0.0366 eff 0.1428 outinratio 0.0029 

WminusH126_4mu_pT4l_pTHj_genbin1_recobin5 acc 0.0461 eff 0.0905 outinratio 0.0115 

WplusH126_4mu_pT4l_pTHj_genbin1_recobin5 acc 0.0356 eff 0.0903 outinratio 0.0135 

ZH126_4mu_pT4l_pTHj_genbin1_recobin5 acc 0.041 eff 0.0952 outinratio 0.0592 

ttH126_4mu_pT4l_pTHj_genbin1_recobin5 acc 0.0052 eff 0.2689 outinratio 0.0424 

ggH126_4mu_pT4l_pTHj_genbin2_recobin5 acc 0.0432 eff 0.0546 outinratio 0.001 

VBFH126_4mu_pT4l_pTHj_genbin2_recobin5 acc 0.0575 eff 0.0711 outinratio 0.0029 

WminusH126_4mu_pT4l_pTHj_genbin2_recobin5 acc 0.0486 eff 0.0621 outinratio 0.0115 

WplusH126_4mu_pT4l_pTHj_genbin2_recobin5 acc 0.0395 eff 0.057 outinratio 0.0135 

ZH126_4mu_pT4l_pTHj_genbin2_recobin5 acc 0.0455 eff 0.0625 outinratio 0.0592 

ttH126_4mu_pT4l_pTHj_genbin2_recobin5 acc 0.0085 eff 0.1996 outinratio 0.0424 

ggH126_4mu_pT4l_pTHj_genbin3_recobin5 acc 0.023 eff 0.0603 outinratio 0.001 

VBFH126_4mu_pT4l_pTHj_genbin3_recobin5 acc 0.0585 eff 0.0738 outinratio 0.0029 

WminusH126_4mu_pT4l_pTHj_genbin3_recobin5 acc 0.0381 eff 0.0661 outinratio 0.0115 

WplusH126_4mu_pT4l_pTHj_genbin3_recobin5 acc 0.032 eff 0.0519 outinratio 0.0135 

ZH126_4mu_pT4l_pTHj_genbin3_recobin5 acc 0.0355 eff 0.0753 outinratio 0.0592 

ttH126_4mu_pT4l_pTHj_genbin3_recobin5 acc 0.0151 eff 0.1505 outinratio 0.0424 

ggH126_4mu_pT4l_pTHj_genbin4_recobin5 acc 0.0243 eff 0.0625 outinratio 0.001 

VBFH126_4mu_pT4l_pTHj_genbin4_recobin5 acc 0.0977 eff 0.078 outinratio 0.0029 

WminusH126_4mu_pT4l_pTHj_genbin4_recobin5 acc 0.0458 eff 0.0717 outinratio 0.0115 

WplusH126_4mu_pT4l_pTHj_genbin4_recobin5 acc 0.0458 eff 0.0805 outinratio 0.0135 

ZH126_4mu_pT4l_pTHj_genbin4_recobin5 acc 0.0463 eff 0.103 outinratio 0.0592 

ttH126_4mu_pT4l_pTHj_genbin4_recobin5 acc 0.035 eff 0.1154 outinratio 0.0424 

ggH126_4mu_pT4l_pTHj_genbin5_recobin5 acc 0.0293 eff 0.5591 outinratio 0.001 

VBFH126_4mu_pT4l_pTHj_genbin5_recobin5 acc 0.1433 eff 0.6127 outinratio 0.0029 

WminusH126_4mu_pT4l_pTHj_genbin5_recobin5 acc 0.1142 eff 0.5288 outinratio 0.0115 

WplusH126_4mu_pT4l_pTHj_genbin5_recobin5 acc 0.1016 eff 0.5224 outinratio 0.0135 

ZH126_4mu_pT4l_pTHj_genbin5_recobin5 acc 0.1203 eff 0.5289 outinratio 0.0592 

ttH126_4mu_pT4l_pTHj_genbin5_recobin5 acc 0.336 eff 0.4335 outinratio 0.0424 

ggH126_4mu_pT4l_pTHj_genbin6_recobin5 acc 0.0111 eff 0.008 outinratio 0.001 

VBFH126_4mu_pT4l_pTHj_genbin6_recobin5 acc 0.0418 eff 0.0138 outinratio 0.0029 

WminusH126_4mu_pT4l_pTHj_genbin6_recobin5 acc 0.0373 eff 0.012 outinratio 0.0115 

WplusH126_4mu_pT4l_pTHj_genbin6_recobin5 acc 0.0389 eff 0.0108 outinratio 0.0135 

ZH126_4mu_pT4l_pTHj_genbin6_recobin5 acc 0.0387 eff 0.0207 outinratio 0.0592 

ttH126_4mu_pT4l_pTHj_genbin6_recobin5 acc 0.1237 eff 0.0109 outinratio 0.0424 

ggH126_4mu_pT4l_pTHj_genbin0_recobin6 acc 0.3161 eff 0.0 outinratio 0.0096 

VBFH126_4mu_pT4l_pTHj_genbin0_recobin6 acc 0.0774 eff 0.0 outinratio 0.0027 

WminusH126_4mu_pT4l_pTHj_genbin0_recobin6 acc 0.1073 eff 0.0142 outinratio 0.006 

WplusH126_4mu_pT4l_pTHj_genbin0_recobin6 acc 0.093 eff 0.0149 outinratio 0.0072 

ZH126_4mu_pT4l_pTHj_genbin0_recobin6 acc 0.0863 eff 0.0014 outinratio 0.0321 

ttH126_4mu_pT4l_pTHj_genbin0_recobin6 acc 0.0014 eff 0.0369 outinratio 0.0283 

ggH126_4mu_pT4l_pTHj_genbin1_recobin6 acc 0.0322 eff 0.0 outinratio 0.0096 

VBFH126_4mu_pT4l_pTHj_genbin1_recobin6 acc 0.0366 eff 0.0 outinratio 0.0027 

WminusH126_4mu_pT4l_pTHj_genbin1_recobin6 acc 0.0461 eff 0.0 outinratio 0.006 

WplusH126_4mu_pT4l_pTHj_genbin1_recobin6 acc 0.0356 eff 0.0 outinratio 0.0072 

ZH126_4mu_pT4l_pTHj_genbin1_recobin6 acc 0.041 eff 0.0 outinratio 0.0321 

ttH126_4mu_pT4l_pTHj_genbin1_recobin6 acc 0.0052 eff 0.0 outinratio 0.0283 

ggH126_4mu_pT4l_pTHj_genbin2_recobin6 acc 0.0432 eff 0.0 outinratio 0.0096 

VBFH126_4mu_pT4l_pTHj_genbin2_recobin6 acc 0.0575 eff 0.0 outinratio 0.0027 

WminusH126_4mu_pT4l_pTHj_genbin2_recobin6 acc 0.0486 eff 0.0 outinratio 0.006 

WplusH126_4mu_pT4l_pTHj_genbin2_recobin6 acc 0.0395 eff 0.0 outinratio 0.0072 

ZH126_4mu_pT4l_pTHj_genbin2_recobin6 acc 0.0455 eff 0.0 outinratio 0.0321 

ttH126_4mu_pT4l_pTHj_genbin2_recobin6 acc 0.0085 eff 0.0 outinratio 0.0283 

ggH126_4mu_pT4l_pTHj_genbin3_recobin6 acc 0.023 eff 0.0 outinratio 0.0096 

VBFH126_4mu_pT4l_pTHj_genbin3_recobin6 acc 0.0585 eff 0.0 outinratio 0.0027 

WminusH126_4mu_pT4l_pTHj_genbin3_recobin6 acc 0.0381 eff 0.0 outinratio 0.006 

WplusH126_4mu_pT4l_pTHj_genbin3_recobin6 acc 0.032 eff 0.0 outinratio 0.0072 

ZH126_4mu_pT4l_pTHj_genbin3_recobin6 acc 0.0355 eff 0.0 outinratio 0.0321 

ttH126_4mu_pT4l_pTHj_genbin3_recobin6 acc 0.0151 eff 0.0 outinratio 0.0283 

ggH126_4mu_pT4l_pTHj_genbin4_recobin6 acc 0.0243 eff 0.0209 outinratio 0.0096 

VBFH126_4mu_pT4l_pTHj_genbin4_recobin6 acc 0.0977 eff 0.0312 outinratio 0.0027 

WminusH126_4mu_pT4l_pTHj_genbin4_recobin6 acc 0.0458 eff 0.02 outinratio 0.006 

WplusH126_4mu_pT4l_pTHj_genbin4_recobin6 acc 0.0458 eff 0.0334 outinratio 0.0072 

ZH126_4mu_pT4l_pTHj_genbin4_recobin6 acc 0.0463 eff 0.0154 outinratio 0.0321 

ttH126_4mu_pT4l_pTHj_genbin4_recobin6 acc 0.035 eff 0.0277 outinratio 0.0283 

ggH126_4mu_pT4l_pTHj_genbin5_recobin6 acc 0.0293 eff 0.003 outinratio 0.0096 

VBFH126_4mu_pT4l_pTHj_genbin5_recobin6 acc 0.1433 eff 0.002 outinratio 0.0027 

WminusH126_4mu_pT4l_pTHj_genbin5_recobin6 acc 0.1142 eff 0.0026 outinratio 0.006 

WplusH126_4mu_pT4l_pTHj_genbin5_recobin6 acc 0.1016 eff 0.0032 outinratio 0.0072 

ZH126_4mu_pT4l_pTHj_genbin5_recobin6 acc 0.1203 eff 0.0032 outinratio 0.0321 

ttH126_4mu_pT4l_pTHj_genbin5_recobin6 acc 0.336 eff 0.0035 outinratio 0.0283 

ggH126_4mu_pT4l_pTHj_genbin6_recobin6 acc 0.0111 eff 0.6826 outinratio 0.0096 

VBFH126_4mu_pT4l_pTHj_genbin6_recobin6 acc 0.0418 eff 0.6963 outinratio 0.0027 

WminusH126_4mu_pT4l_pTHj_genbin6_recobin6 acc 0.0373 eff 0.6434 outinratio 0.006 

WplusH126_4mu_pT4l_pTHj_genbin6_recobin6 acc 0.0389 eff 0.6331 outinratio 0.0072 

ZH126_4mu_pT4l_pTHj_genbin6_recobin6 acc 0.0387 eff 0.6539 outinratio 0.0321 

ttH126_4mu_pT4l_pTHj_genbin6_recobin6 acc 0.1237 eff 0.5668 outinratio 0.0283 

ggH126_2e2mu_pT4l_pTHj_genbin0_recobin0 acc 0.2904 eff 0.4243 outinratio 0.0077 

VBFH126_2e2mu_pT4l_pTHj_genbin0_recobin0 acc 0.0686 eff 0.3283 outinratio 0.0064 

WminusH126_2e2mu_pT4l_pTHj_genbin0_recobin0 acc 0.0987 eff 0.3239 outinratio 0.0427 

WplusH126_2e2mu_pT4l_pTHj_genbin0_recobin0 acc 0.0856 eff 0.3196 outinratio 0.0387 

ZH126_2e2mu_pT4l_pTHj_genbin0_recobin0 acc 0.0765 eff 0.3839 outinratio 0.0598 

ttH126_2e2mu_pT4l_pTHj_genbin0_recobin0 acc 0.0011 eff 0.0233 outinratio 0.0893 

ggH126_2e2mu_pT4l_pTHj_genbin1_recobin0 acc 0.0307 eff 0.097 outinratio 0.0077 

VBFH126_2e2mu_pT4l_pTHj_genbin1_recobin0 acc 0.0349 eff 0.0608 outinratio 0.0064 

WminusH126_2e2mu_pT4l_pTHj_genbin1_recobin0 acc 0.041 eff 0.0437 outinratio 0.0427 

WplusH126_2e2mu_pT4l_pTHj_genbin1_recobin0 acc 0.0344 eff 0.0482 outinratio 0.0387 

ZH126_2e2mu_pT4l_pTHj_genbin1_recobin0 acc 0.0414 eff 0.0746 outinratio 0.0598 

ttH126_2e2mu_pT4l_pTHj_genbin1_recobin0 acc 0.0046 eff 0.0316 outinratio 0.0893 

ggH126_2e2mu_pT4l_pTHj_genbin2_recobin0 acc 0.0379 eff 0.0559 outinratio 0.0077 

VBFH126_2e2mu_pT4l_pTHj_genbin2_recobin0 acc 0.0572 eff 0.0463 outinratio 0.0064 

WminusH126_2e2mu_pT4l_pTHj_genbin2_recobin0 acc 0.0446 eff 0.027 outinratio 0.0427 

WplusH126_2e2mu_pT4l_pTHj_genbin2_recobin0 acc 0.0383 eff 0.0248 outinratio 0.0387 

ZH126_2e2mu_pT4l_pTHj_genbin2_recobin0 acc 0.0427 eff 0.0463 outinratio 0.0598 

ttH126_2e2mu_pT4l_pTHj_genbin2_recobin0 acc 0.0096 eff 0.0 outinratio 0.0893 

ggH126_2e2mu_pT4l_pTHj_genbin3_recobin0 acc 0.0219 eff 0.035 outinratio 0.0077 

VBFH126_2e2mu_pT4l_pTHj_genbin3_recobin0 acc 0.057 eff 0.0366 outinratio 0.0064 

WminusH126_2e2mu_pT4l_pTHj_genbin3_recobin0 acc 0.0358 eff 0.0094 outinratio 0.0427 

WplusH126_2e2mu_pT4l_pTHj_genbin3_recobin0 acc 0.0315 eff 0.0105 outinratio 0.0387 

ZH126_2e2mu_pT4l_pTHj_genbin3_recobin0 acc 0.0349 eff 0.0129 outinratio 0.0598 

ttH126_2e2mu_pT4l_pTHj_genbin3_recobin0 acc 0.0119 eff 0.0 outinratio 0.0893 

ggH126_2e2mu_pT4l_pTHj_genbin4_recobin0 acc 0.0232 eff 0.0127 outinratio 0.0077 

VBFH126_2e2mu_pT4l_pTHj_genbin4_recobin0 acc 0.0902 eff 0.0146 outinratio 0.0064 

WminusH126_2e2mu_pT4l_pTHj_genbin4_recobin0 acc 0.0451 eff 0.0035 outinratio 0.0427 

WplusH126_2e2mu_pT4l_pTHj_genbin4_recobin0 acc 0.0404 eff 0.0048 outinratio 0.0387 

ZH126_2e2mu_pT4l_pTHj_genbin4_recobin0 acc 0.0435 eff 0.0055 outinratio 0.0598 

ttH126_2e2mu_pT4l_pTHj_genbin4_recobin0 acc 0.0345 eff 0.0 outinratio 0.0893 

ggH126_2e2mu_pT4l_pTHj_genbin5_recobin0 acc 0.029 eff 0.0138 outinratio 0.0077 

VBFH126_2e2mu_pT4l_pTHj_genbin5_recobin0 acc 0.1318 eff 0.01 outinratio 0.0064 

WminusH126_2e2mu_pT4l_pTHj_genbin5_recobin0 acc 0.1049 eff 0.0099 outinratio 0.0427 

WplusH126_2e2mu_pT4l_pTHj_genbin5_recobin0 acc 0.0941 eff 0.0097 outinratio 0.0387 

ZH126_2e2mu_pT4l_pTHj_genbin5_recobin0 acc 0.1096 eff 0.0174 outinratio 0.0598 

ttH126_2e2mu_pT4l_pTHj_genbin5_recobin0 acc 0.3038 eff 0.0011 outinratio 0.0893 

ggH126_2e2mu_pT4l_pTHj_genbin6_recobin0 acc 0.0088 eff 0.0 outinratio 0.0077 

VBFH126_2e2mu_pT4l_pTHj_genbin6_recobin0 acc 0.0406 eff 0.0 outinratio 0.0064 

WminusH126_2e2mu_pT4l_pTHj_genbin6_recobin0 acc 0.0331 eff 0.0047 outinratio 0.0427 

WplusH126_2e2mu_pT4l_pTHj_genbin6_recobin0 acc 0.0366 eff 0.007 outinratio 0.0387 

ZH126_2e2mu_pT4l_pTHj_genbin6_recobin0 acc 0.0392 eff 0.0057 outinratio 0.0598 

ttH126_2e2mu_pT4l_pTHj_genbin6_recobin0 acc 0.119 eff 0.0007 outinratio 0.0893 

ggH126_2e2mu_pT4l_pTHj_genbin0_recobin1 acc 0.2904 eff 0.0311 outinratio 0.0021 

VBFH126_2e2mu_pT4l_pTHj_genbin0_recobin1 acc 0.0686 eff 0.0485 outinratio 0.0091 

WminusH126_2e2mu_pT4l_pTHj_genbin0_recobin1 acc 0.0987 eff 0.0305 outinratio 0.0099 

WplusH126_2e2mu_pT4l_pTHj_genbin0_recobin1 acc 0.0856 eff 0.027 outinratio 0.0118 

ZH126_2e2mu_pT4l_pTHj_genbin0_recobin1 acc 0.0765 eff 0.0238 outinratio 0.0589 

ttH126_2e2mu_pT4l_pTHj_genbin0_recobin1 acc 0.0011 eff 0.0 outinratio 0.1186 

ggH126_2e2mu_pT4l_pTHj_genbin1_recobin1 acc 0.0307 eff 0.3099 outinratio 0.0021 

VBFH126_2e2mu_pT4l_pTHj_genbin1_recobin1 acc 0.0349 eff 0.2972 outinratio 0.0091 

WminusH126_2e2mu_pT4l_pTHj_genbin1_recobin1 acc 0.041 eff 0.3179 outinratio 0.0099 

WplusH126_2e2mu_pT4l_pTHj_genbin1_recobin1 acc 0.0344 eff 0.2965 outinratio 0.0118 

ZH126_2e2mu_pT4l_pTHj_genbin1_recobin1 acc 0.0414 eff 0.266 outinratio 0.0589 

ttH126_2e2mu_pT4l_pTHj_genbin1_recobin1 acc 0.0046 eff 0.0857 outinratio 0.1186 

ggH126_2e2mu_pT4l_pTHj_genbin2_recobin1 acc 0.0379 eff 0.0118 outinratio 0.0021 

VBFH126_2e2mu_pT4l_pTHj_genbin2_recobin1 acc 0.0572 eff 0.0078 outinratio 0.0091 

WminusH126_2e2mu_pT4l_pTHj_genbin2_recobin1 acc 0.0446 eff 0.0124 outinratio 0.0099 

WplusH126_2e2mu_pT4l_pTHj_genbin2_recobin1 acc 0.0383 eff 0.0124 outinratio 0.0118 

ZH126_2e2mu_pT4l_pTHj_genbin2_recobin1 acc 0.0427 eff 0.0146 outinratio 0.0589 

ttH126_2e2mu_pT4l_pTHj_genbin2_recobin1 acc 0.0096 eff 0.0051 outinratio 0.1186 

ggH126_2e2mu_pT4l_pTHj_genbin3_recobin1 acc 0.0219 eff 0.0 outinratio 0.0021 

VBFH126_2e2mu_pT4l_pTHj_genbin3_recobin1 acc 0.057 eff 0.0 outinratio 0.0091 

WminusH126_2e2mu_pT4l_pTHj_genbin3_recobin1 acc 0.0358 eff 0.0 outinratio 0.0099 

WplusH126_2e2mu_pT4l_pTHj_genbin3_recobin1 acc 0.0315 eff 0.0 outinratio 0.0118 

ZH126_2e2mu_pT4l_pTHj_genbin3_recobin1 acc 0.0349 eff 0.0 outinratio 0.0589 

ttH126_2e2mu_pT4l_pTHj_genbin3_recobin1 acc 0.0119 eff 0.0 outinratio 0.1186 

ggH126_2e2mu_pT4l_pTHj_genbin4_recobin1 acc 0.0232 eff 0.0 outinratio 0.0021 

VBFH126_2e2mu_pT4l_pTHj_genbin4_recobin1 acc 0.0902 eff 0.0 outinratio 0.0091 

WminusH126_2e2mu_pT4l_pTHj_genbin4_recobin1 acc 0.0451 eff 0.0 outinratio 0.0099 

WplusH126_2e2mu_pT4l_pTHj_genbin4_recobin1 acc 0.0404 eff 0.0 outinratio 0.0118 

ZH126_2e2mu_pT4l_pTHj_genbin4_recobin1 acc 0.0435 eff 0.0 outinratio 0.0589 

ttH126_2e2mu_pT4l_pTHj_genbin4_recobin1 acc 0.0345 eff 0.0 outinratio 0.1186 

ggH126_2e2mu_pT4l_pTHj_genbin5_recobin1 acc 0.029 eff 0.0034 outinratio 0.0021 

VBFH126_2e2mu_pT4l_pTHj_genbin5_recobin1 acc 0.1318 eff 0.0061 outinratio 0.0091 

WminusH126_2e2mu_pT4l_pTHj_genbin5_recobin1 acc 0.1049 eff 0.0056 outinratio 0.0099 

WplusH126_2e2mu_pT4l_pTHj_genbin5_recobin1 acc 0.0941 eff 0.0061 outinratio 0.0118 

ZH126_2e2mu_pT4l_pTHj_genbin5_recobin1 acc 0.1096 eff 0.0109 outinratio 0.0589 

ttH126_2e2mu_pT4l_pTHj_genbin5_recobin1 acc 0.3038 eff 0.002 outinratio 0.1186 

ggH126_2e2mu_pT4l_pTHj_genbin6_recobin1 acc 0.0088 eff 0.0 outinratio 0.0021 

VBFH126_2e2mu_pT4l_pTHj_genbin6_recobin1 acc 0.0406 eff 0.0 outinratio 0.0091 

WminusH126_2e2mu_pT4l_pTHj_genbin6_recobin1 acc 0.0331 eff 0.0 outinratio 0.0099 

WplusH126_2e2mu_pT4l_pTHj_genbin6_recobin1 acc 0.0366 eff 0.0 outinratio 0.0118 

ZH126_2e2mu_pT4l_pTHj_genbin6_recobin1 acc 0.0392 eff 0.0 outinratio 0.0589 

ttH126_2e2mu_pT4l_pTHj_genbin6_recobin1 acc 0.119 eff 0.0 outinratio 0.1186 

ggH126_2e2mu_pT4l_pTHj_genbin0_recobin2 acc 0.2904 eff 0.0063 outinratio 0.0064 

VBFH126_2e2mu_pT4l_pTHj_genbin0_recobin2 acc 0.0686 eff 0.0389 outinratio 0.0056 

WminusH126_2e2mu_pT4l_pTHj_genbin0_recobin2 acc 0.0987 eff 0.018 outinratio 0.0095 

WplusH126_2e2mu_pT4l_pTHj_genbin0_recobin2 acc 0.0856 eff 0.0182 outinratio 0.0085 

ZH126_2e2mu_pT4l_pTHj_genbin0_recobin2 acc 0.0765 eff 0.0122 outinratio 0.0694 

ttH126_2e2mu_pT4l_pTHj_genbin0_recobin2 acc 0.0011 eff 0.0 outinratio 0.0463 

ggH126_2e2mu_pT4l_pTHj_genbin1_recobin2 acc 0.0307 eff 0.0157 outinratio 0.0064 

VBFH126_2e2mu_pT4l_pTHj_genbin1_recobin2 acc 0.0349 eff 0.0099 outinratio 0.0056 

WminusH126_2e2mu_pT4l_pTHj_genbin1_recobin2 acc 0.041 eff 0.0073 outinratio 0.0095 

WplusH126_2e2mu_pT4l_pTHj_genbin1_recobin2 acc 0.0344 eff 0.0067 outinratio 0.0085 

ZH126_2e2mu_pT4l_pTHj_genbin1_recobin2 acc 0.0414 eff 0.0117 outinratio 0.0694 

ttH126_2e2mu_pT4l_pTHj_genbin1_recobin2 acc 0.0046 eff 0.0 outinratio 0.0463 

ggH126_2e2mu_pT4l_pTHj_genbin2_recobin2 acc 0.0379 eff 0.3779 outinratio 0.0064 

VBFH126_2e2mu_pT4l_pTHj_genbin2_recobin2 acc 0.0572 eff 0.3443 outinratio 0.0056 

WminusH126_2e2mu_pT4l_pTHj_genbin2_recobin2 acc 0.0446 eff 0.3393 outinratio 0.0095 

WplusH126_2e2mu_pT4l_pTHj_genbin2_recobin2 acc 0.0383 eff 0.3526 outinratio 0.0085 

ZH126_2e2mu_pT4l_pTHj_genbin2_recobin2 acc 0.0427 eff 0.305 outinratio 0.0694 

ttH126_2e2mu_pT4l_pTHj_genbin2_recobin2 acc 0.0096 eff 0.2044 outinratio 0.0463 

ggH126_2e2mu_pT4l_pTHj_genbin3_recobin2 acc 0.0219 eff 0.0226 outinratio 0.0064 

VBFH126_2e2mu_pT4l_pTHj_genbin3_recobin2 acc 0.057 eff 0.0148 outinratio 0.0056 

WminusH126_2e2mu_pT4l_pTHj_genbin3_recobin2 acc 0.0358 eff 0.0168 outinratio 0.0095 

WplusH126_2e2mu_pT4l_pTHj_genbin3_recobin2 acc 0.0315 eff 0.0181 outinratio 0.0085 

ZH126_2e2mu_pT4l_pTHj_genbin3_recobin2 acc 0.0349 eff 0.0142 outinratio 0.0694 

ttH126_2e2mu_pT4l_pTHj_genbin3_recobin2 acc 0.0119 eff 0.0078 outinratio 0.0463 

ggH126_2e2mu_pT4l_pTHj_genbin4_recobin2 acc 0.0232 eff 0.0 outinratio 0.0064 

VBFH126_2e2mu_pT4l_pTHj_genbin4_recobin2 acc 0.0902 eff 0.0 outinratio 0.0056 

WminusH126_2e2mu_pT4l_pTHj_genbin4_recobin2 acc 0.0451 eff 0.0 outinratio 0.0095 

WplusH126_2e2mu_pT4l_pTHj_genbin4_recobin2 acc 0.0404 eff 0.0 outinratio 0.0085 

ZH126_2e2mu_pT4l_pTHj_genbin4_recobin2 acc 0.0435 eff 0.0 outinratio 0.0694 

ttH126_2e2mu_pT4l_pTHj_genbin4_recobin2 acc 0.0345 eff 0.0 outinratio 0.0463 

ggH126_2e2mu_pT4l_pTHj_genbin5_recobin2 acc 0.029 eff 0.0091 outinratio 0.0064 

VBFH126_2e2mu_pT4l_pTHj_genbin5_recobin2 acc 0.1318 eff 0.0061 outinratio 0.0056 

WminusH126_2e2mu_pT4l_pTHj_genbin5_recobin2 acc 0.1049 eff 0.0089 outinratio 0.0095 

WplusH126_2e2mu_pT4l_pTHj_genbin5_recobin2 acc 0.0941 eff 0.0078 outinratio 0.0085 

ZH126_2e2mu_pT4l_pTHj_genbin5_recobin2 acc 0.1096 eff 0.009 outinratio 0.0694 

ttH126_2e2mu_pT4l_pTHj_genbin5_recobin2 acc 0.3038 eff 0.0033 outinratio 0.0463 

ggH126_2e2mu_pT4l_pTHj_genbin6_recobin2 acc 0.0088 eff 0.0 outinratio 0.0064 

VBFH126_2e2mu_pT4l_pTHj_genbin6_recobin2 acc 0.0406 eff 0.0 outinratio 0.0056 

WminusH126_2e2mu_pT4l_pTHj_genbin6_recobin2 acc 0.0331 eff 0.0 outinratio 0.0095 

WplusH126_2e2mu_pT4l_pTHj_genbin6_recobin2 acc 0.0366 eff 0.0 outinratio 0.0085 

ZH126_2e2mu_pT4l_pTHj_genbin6_recobin2 acc 0.0392 eff 0.0 outinratio 0.0694 

ttH126_2e2mu_pT4l_pTHj_genbin6_recobin2 acc 0.119 eff 0.0 outinratio 0.0463 

ggH126_2e2mu_pT4l_pTHj_genbin0_recobin3 acc 0.2904 eff 0.0011 outinratio 0.005 

VBFH126_2e2mu_pT4l_pTHj_genbin0_recobin3 acc 0.0686 eff 0.0191 outinratio 0.0057 

WminusH126_2e2mu_pT4l_pTHj_genbin0_recobin3 acc 0.0987 eff 0.008 outinratio 0.0058 

WplusH126_2e2mu_pT4l_pTHj_genbin0_recobin3 acc 0.0856 eff 0.0071 outinratio 0.0101 

ZH126_2e2mu_pT4l_pTHj_genbin0_recobin3 acc 0.0765 eff 0.0021 outinratio 0.0346 

ttH126_2e2mu_pT4l_pTHj_genbin0_recobin3 acc 0.0011 eff 0.0 outinratio 0.0659 

ggH126_2e2mu_pT4l_pTHj_genbin1_recobin3 acc 0.0307 eff 0.0 outinratio 0.005 

VBFH126_2e2mu_pT4l_pTHj_genbin1_recobin3 acc 0.0349 eff 0.0 outinratio 0.0057 

WminusH126_2e2mu_pT4l_pTHj_genbin1_recobin3 acc 0.041 eff 0.0 outinratio 0.0058 

WplusH126_2e2mu_pT4l_pTHj_genbin1_recobin3 acc 0.0344 eff 0.0 outinratio 0.0101 

ZH126_2e2mu_pT4l_pTHj_genbin1_recobin3 acc 0.0414 eff 0.0 outinratio 0.0346 

ttH126_2e2mu_pT4l_pTHj_genbin1_recobin3 acc 0.0046 eff 0.0 outinratio 0.0659 

ggH126_2e2mu_pT4l_pTHj_genbin2_recobin3 acc 0.0379 eff 0.0063 outinratio 0.005 

VBFH126_2e2mu_pT4l_pTHj_genbin2_recobin3 acc 0.0572 eff 0.0128 outinratio 0.0057 

WminusH126_2e2mu_pT4l_pTHj_genbin2_recobin3 acc 0.0446 eff 0.0078 outinratio 0.0058 

WplusH126_2e2mu_pT4l_pTHj_genbin2_recobin3 acc 0.0383 eff 0.0105 outinratio 0.0101 

ZH126_2e2mu_pT4l_pTHj_genbin2_recobin3 acc 0.0427 eff 0.0099 outinratio 0.0346 

ttH126_2e2mu_pT4l_pTHj_genbin2_recobin3 acc 0.0096 eff 0.0043 outinratio 0.0659 

ggH126_2e2mu_pT4l_pTHj_genbin3_recobin3 acc 0.0219 eff 0.4113 outinratio 0.005 

VBFH126_2e2mu_pT4l_pTHj_genbin3_recobin3 acc 0.057 eff 0.3836 outinratio 0.0057 

WminusH126_2e2mu_pT4l_pTHj_genbin3_recobin3 acc 0.0358 eff 0.3736 outinratio 0.0058 

WplusH126_2e2mu_pT4l_pTHj_genbin3_recobin3 acc 0.0315 eff 0.3864 outinratio 0.0101 

ZH126_2e2mu_pT4l_pTHj_genbin3_recobin3 acc 0.0349 eff 0.3546 outinratio 0.0346 

ttH126_2e2mu_pT4l_pTHj_genbin3_recobin3 acc 0.0119 eff 0.2191 outinratio 0.0659 

ggH126_2e2mu_pT4l_pTHj_genbin4_recobin3 acc 0.0232 eff 0.0152 outinratio 0.005 

VBFH126_2e2mu_pT4l_pTHj_genbin4_recobin3 acc 0.0902 eff 0.0103 outinratio 0.0057 

WminusH126_2e2mu_pT4l_pTHj_genbin4_recobin3 acc 0.0451 eff 0.0116 outinratio 0.0058 

WplusH126_2e2mu_pT4l_pTHj_genbin4_recobin3 acc 0.0404 eff 0.0121 outinratio 0.0101 

ZH126_2e2mu_pT4l_pTHj_genbin4_recobin3 acc 0.0435 eff 0.0117 outinratio 0.0346 

ttH126_2e2mu_pT4l_pTHj_genbin4_recobin3 acc 0.0345 eff 0.0057 outinratio 0.0659 

ggH126_2e2mu_pT4l_pTHj_genbin5_recobin3 acc 0.029 eff 0.014 outinratio 0.005 

VBFH126_2e2mu_pT4l_pTHj_genbin5_recobin3 acc 0.1318 eff 0.0094 outinratio 0.0057 

WminusH126_2e2mu_pT4l_pTHj_genbin5_recobin3 acc 0.1049 eff 0.0117 outinratio 0.0058 

WplusH126_2e2mu_pT4l_pTHj_genbin5_recobin3 acc 0.0941 eff 0.008 outinratio 0.0101 

ZH126_2e2mu_pT4l_pTHj_genbin5_recobin3 acc 0.1096 eff 0.0062 outinratio 0.0346 

ttH126_2e2mu_pT4l_pTHj_genbin5_recobin3 acc 0.3038 eff 0.0024 outinratio 0.0659 

ggH126_2e2mu_pT4l_pTHj_genbin6_recobin3 acc 0.0088 eff 0.0 outinratio 0.005 

VBFH126_2e2mu_pT4l_pTHj_genbin6_recobin3 acc 0.0406 eff 0.0 outinratio 0.0057 

WminusH126_2e2mu_pT4l_pTHj_genbin6_recobin3 acc 0.0331 eff 0.0 outinratio 0.0058 

WplusH126_2e2mu_pT4l_pTHj_genbin6_recobin3 acc 0.0366 eff 0.0 outinratio 0.0101 

ZH126_2e2mu_pT4l_pTHj_genbin6_recobin3 acc 0.0392 eff 0.0 outinratio 0.0346 

ttH126_2e2mu_pT4l_pTHj_genbin6_recobin3 acc 0.119 eff 0.0 outinratio 0.0659 

ggH126_2e2mu_pT4l_pTHj_genbin0_recobin4 acc 0.2904 eff 0.0 outinratio 0.0043 

VBFH126_2e2mu_pT4l_pTHj_genbin0_recobin4 acc 0.0686 eff 0.0019 outinratio 0.0069 

WminusH126_2e2mu_pT4l_pTHj_genbin0_recobin4 acc 0.0987 eff 0.004 outinratio 0.0088 

WplusH126_2e2mu_pT4l_pTHj_genbin0_recobin4 acc 0.0856 eff 0.0043 outinratio 0.0115 

ZH126_2e2mu_pT4l_pTHj_genbin0_recobin4 acc 0.0765 eff 0.0 outinratio 0.0423 

ttH126_2e2mu_pT4l_pTHj_genbin0_recobin4 acc 0.0011 eff 0.0533 outinratio 0.0382 

ggH126_2e2mu_pT4l_pTHj_genbin1_recobin4 acc 0.0307 eff 0.0 outinratio 0.0043 

VBFH126_2e2mu_pT4l_pTHj_genbin1_recobin4 acc 0.0349 eff 0.0 outinratio 0.0069 

WminusH126_2e2mu_pT4l_pTHj_genbin1_recobin4 acc 0.041 eff 0.0 outinratio 0.0088 

WplusH126_2e2mu_pT4l_pTHj_genbin1_recobin4 acc 0.0344 eff 0.0 outinratio 0.0115 

ZH126_2e2mu_pT4l_pTHj_genbin1_recobin4 acc 0.0414 eff 0.0 outinratio 0.0423 

ttH126_2e2mu_pT4l_pTHj_genbin1_recobin4 acc 0.0046 eff 0.0 outinratio 0.0382 

ggH126_2e2mu_pT4l_pTHj_genbin2_recobin4 acc 0.0379 eff 0.0 outinratio 0.0043 

VBFH126_2e2mu_pT4l_pTHj_genbin2_recobin4 acc 0.0572 eff 0.0 outinratio 0.0069 

WminusH126_2e2mu_pT4l_pTHj_genbin2_recobin4 acc 0.0446 eff 0.0004 outinratio 0.0088 

WplusH126_2e2mu_pT4l_pTHj_genbin2_recobin4 acc 0.0383 eff 0.0 outinratio 0.0115 

ZH126_2e2mu_pT4l_pTHj_genbin2_recobin4 acc 0.0427 eff 0.0 outinratio 0.0423 

ttH126_2e2mu_pT4l_pTHj_genbin2_recobin4 acc 0.0096 eff 0.0 outinratio 0.0382 

ggH126_2e2mu_pT4l_pTHj_genbin3_recobin4 acc 0.0219 eff 0.007 outinratio 0.0043 

VBFH126_2e2mu_pT4l_pTHj_genbin3_recobin4 acc 0.057 eff 0.0082 outinratio 0.0069 

WminusH126_2e2mu_pT4l_pTHj_genbin3_recobin4 acc 0.0358 eff 0.0063 outinratio 0.0088 

WplusH126_2e2mu_pT4l_pTHj_genbin3_recobin4 acc 0.0315 eff 0.0053 outinratio 0.0115 

ZH126_2e2mu_pT4l_pTHj_genbin3_recobin4 acc 0.0349 eff 0.0082 outinratio 0.0423 

ttH126_2e2mu_pT4l_pTHj_genbin3_recobin4 acc 0.0119 eff 0.0103 outinratio 0.0382 

ggH126_2e2mu_pT4l_pTHj_genbin4_recobin4 acc 0.0232 eff 0.4191 outinratio 0.0043 

VBFH126_2e2mu_pT4l_pTHj_genbin4_recobin4 acc 0.0902 eff 0.4288 outinratio 0.0069 

WminusH126_2e2mu_pT4l_pTHj_genbin4_recobin4 acc 0.0451 eff 0.4185 outinratio 0.0088 

WplusH126_2e2mu_pT4l_pTHj_genbin4_recobin4 acc 0.0404 eff 0.394 outinratio 0.0115 

ZH126_2e2mu_pT4l_pTHj_genbin4_recobin4 acc 0.0435 eff 0.3921 outinratio 0.0423 

ttH126_2e2mu_pT4l_pTHj_genbin4_recobin4 acc 0.0345 eff 0.2887 outinratio 0.0382 

ggH126_2e2mu_pT4l_pTHj_genbin5_recobin4 acc 0.029 eff 0.0229 outinratio 0.0043 

VBFH126_2e2mu_pT4l_pTHj_genbin5_recobin4 acc 0.1318 eff 0.0323 outinratio 0.0069 

WminusH126_2e2mu_pT4l_pTHj_genbin5_recobin4 acc 0.1049 eff 0.0224 outinratio 0.0088 

WplusH126_2e2mu_pT4l_pTHj_genbin5_recobin4 acc 0.0941 eff 0.0198 outinratio 0.0115 

ZH126_2e2mu_pT4l_pTHj_genbin5_recobin4 acc 0.1096 eff 0.0199 outinratio 0.0423 

ttH126_2e2mu_pT4l_pTHj_genbin5_recobin4 acc 0.3038 eff 0.0047 outinratio 0.0382 

ggH126_2e2mu_pT4l_pTHj_genbin6_recobin4 acc 0.0088 eff 0.0418 outinratio 0.0043 

VBFH126_2e2mu_pT4l_pTHj_genbin6_recobin4 acc 0.0406 eff 0.0509 outinratio 0.0069 

WminusH126_2e2mu_pT4l_pTHj_genbin6_recobin4 acc 0.0331 eff 0.0399 outinratio 0.0088 

WplusH126_2e2mu_pT4l_pTHj_genbin6_recobin4 acc 0.0366 eff 0.0327 outinratio 0.0115 

ZH126_2e2mu_pT4l_pTHj_genbin6_recobin4 acc 0.0392 eff 0.0337 outinratio 0.0423 

ttH126_2e2mu_pT4l_pTHj_genbin6_recobin4 acc 0.119 eff 0.0066 outinratio 0.0382 

ggH126_2e2mu_pT4l_pTHj_genbin0_recobin5 acc 0.2904 eff 0.0138 outinratio 0.0058 

VBFH126_2e2mu_pT4l_pTHj_genbin0_recobin5 acc 0.0686 eff 0.0248 outinratio 0.0097 

WminusH126_2e2mu_pT4l_pTHj_genbin0_recobin5 acc 0.0987 eff 0.048 outinratio 0.0233 

WplusH126_2e2mu_pT4l_pTHj_genbin0_recobin5 acc 0.0856 eff 0.0486 outinratio 0.0236 

ZH126_2e2mu_pT4l_pTHj_genbin0_recobin5 acc 0.0765 eff 0.0367 outinratio 0.0349 

ttH126_2e2mu_pT4l_pTHj_genbin0_recobin5 acc 0.0011 eff 0.0409 outinratio 0.0438 

ggH126_2e2mu_pT4l_pTHj_genbin1_recobin5 acc 0.0307 eff 0.028 outinratio 0.0058 

VBFH126_2e2mu_pT4l_pTHj_genbin1_recobin5 acc 0.0349 eff 0.1106 outinratio 0.0097 

WminusH126_2e2mu_pT4l_pTHj_genbin1_recobin5 acc 0.041 eff 0.0614 outinratio 0.0233 

WplusH126_2e2mu_pT4l_pTHj_genbin1_recobin5 acc 0.0344 eff 0.0631 outinratio 0.0236 

ZH126_2e2mu_pT4l_pTHj_genbin1_recobin5 acc 0.0414 eff 0.0725 outinratio 0.0349 

ttH126_2e2mu_pT4l_pTHj_genbin1_recobin5 acc 0.0046 eff 0.1729 outinratio 0.0438 

ggH126_2e2mu_pT4l_pTHj_genbin2_recobin5 acc 0.0379 eff 0.0216 outinratio 0.0058 

VBFH126_2e2mu_pT4l_pTHj_genbin2_recobin5 acc 0.0572 eff 0.0668 outinratio 0.0097 

WminusH126_2e2mu_pT4l_pTHj_genbin2_recobin5 acc 0.0446 eff 0.046 outinratio 0.0233 

WplusH126_2e2mu_pT4l_pTHj_genbin2_recobin5 acc 0.0383 eff 0.0477 outinratio 0.0236 

ZH126_2e2mu_pT4l_pTHj_genbin2_recobin5 acc 0.0427 eff 0.037 outinratio 0.0349 

ttH126_2e2mu_pT4l_pTHj_genbin2_recobin5 acc 0.0096 eff 0.1094 outinratio 0.0438 

ggH126_2e2mu_pT4l_pTHj_genbin3_recobin5 acc 0.0219 eff 0.0299 outinratio 0.0058 

VBFH126_2e2mu_pT4l_pTHj_genbin3_recobin5 acc 0.057 eff 0.0481 outinratio 0.0097 

WminusH126_2e2mu_pT4l_pTHj_genbin3_recobin5 acc 0.0358 eff 0.0485 outinratio 0.0233 

WplusH126_2e2mu_pT4l_pTHj_genbin3_recobin5 acc 0.0315 eff 0.0479 outinratio 0.0236 

ZH126_2e2mu_pT4l_pTHj_genbin3_recobin5 acc 0.0349 eff 0.0396 outinratio 0.0349 

ttH126_2e2mu_pT4l_pTHj_genbin3_recobin5 acc 0.0119 eff 0.1244 outinratio 0.0438 

ggH126_2e2mu_pT4l_pTHj_genbin4_recobin5 acc 0.0232 eff 0.0524 outinratio 0.0058 

VBFH126_2e2mu_pT4l_pTHj_genbin4_recobin5 acc 0.0902 eff 0.0605 outinratio 0.0097 

WminusH126_2e2mu_pT4l_pTHj_genbin4_recobin5 acc 0.0451 eff 0.0625 outinratio 0.0233 

WplusH126_2e2mu_pT4l_pTHj_genbin4_recobin5 acc 0.0404 eff 0.0613 outinratio 0.0236 

ZH126_2e2mu_pT4l_pTHj_genbin4_recobin5 acc 0.0435 eff 0.0629 outinratio 0.0349 

ttH126_2e2mu_pT4l_pTHj_genbin4_recobin5 acc 0.0345 eff 0.0759 outinratio 0.0438 

ggH126_2e2mu_pT4l_pTHj_genbin5_recobin5 acc 0.029 eff 0.4163 outinratio 0.0058 

VBFH126_2e2mu_pT4l_pTHj_genbin5_recobin5 acc 0.1318 eff 0.4135 outinratio 0.0097 

WminusH126_2e2mu_pT4l_pTHj_genbin5_recobin5 acc 0.1049 eff 0.3741 outinratio 0.0233 

WplusH126_2e2mu_pT4l_pTHj_genbin5_recobin5 acc 0.0941 eff 0.3764 outinratio 0.0236 

ZH126_2e2mu_pT4l_pTHj_genbin5_recobin5 acc 0.1096 eff 0.4006 outinratio 0.0349 

ttH126_2e2mu_pT4l_pTHj_genbin5_recobin5 acc 0.3038 eff 0.3283 outinratio 0.0438 

ggH126_2e2mu_pT4l_pTHj_genbin6_recobin5 acc 0.0088 eff 0.0073 outinratio 0.0058 

VBFH126_2e2mu_pT4l_pTHj_genbin6_recobin5 acc 0.0406 eff 0.0106 outinratio 0.0097 

WminusH126_2e2mu_pT4l_pTHj_genbin6_recobin5 acc 0.0331 eff 0.0081 outinratio 0.0233 

WplusH126_2e2mu_pT4l_pTHj_genbin6_recobin5 acc 0.0366 eff 0.0107 outinratio 0.0236 

ZH126_2e2mu_pT4l_pTHj_genbin6_recobin5 acc 0.0392 eff 0.0046 outinratio 0.0349 

ttH126_2e2mu_pT4l_pTHj_genbin6_recobin5 acc 0.119 eff 0.0068 outinratio 0.0438 

ggH126_2e2mu_pT4l_pTHj_genbin0_recobin6 acc 0.2904 eff 0.0 outinratio 0.0038 

VBFH126_2e2mu_pT4l_pTHj_genbin0_recobin6 acc 0.0686 eff 0.0 outinratio 0.0103 

WminusH126_2e2mu_pT4l_pTHj_genbin0_recobin6 acc 0.0987 eff 0.0096 outinratio 0.016 

WplusH126_2e2mu_pT4l_pTHj_genbin0_recobin6 acc 0.0856 eff 0.016 outinratio 0.0089 

ZH126_2e2mu_pT4l_pTHj_genbin0_recobin6 acc 0.0765 eff 0.005 outinratio 0.0389 

ttH126_2e2mu_pT4l_pTHj_genbin0_recobin6 acc 0.0011 eff -0.0511 outinratio 0.025 

ggH126_2e2mu_pT4l_pTHj_genbin1_recobin6 acc 0.0307 eff 0.0 outinratio 0.0038 

VBFH126_2e2mu_pT4l_pTHj_genbin1_recobin6 acc 0.0349 eff 0.0 outinratio 0.0103 

WminusH126_2e2mu_pT4l_pTHj_genbin1_recobin6 acc 0.041 eff 0.0 outinratio 0.016 

WplusH126_2e2mu_pT4l_pTHj_genbin1_recobin6 acc 0.0344 eff 0.0 outinratio 0.0089 

ZH126_2e2mu_pT4l_pTHj_genbin1_recobin6 acc 0.0414 eff 0.0 outinratio 0.0389 

ttH126_2e2mu_pT4l_pTHj_genbin1_recobin6 acc 0.0046 eff 0.0 outinratio 0.025 

ggH126_2e2mu_pT4l_pTHj_genbin2_recobin6 acc 0.0379 eff 0.0 outinratio 0.0038 

VBFH126_2e2mu_pT4l_pTHj_genbin2_recobin6 acc 0.0572 eff 0.0 outinratio 0.0103 

WminusH126_2e2mu_pT4l_pTHj_genbin2_recobin6 acc 0.0446 eff 0.0 outinratio 0.016 

WplusH126_2e2mu_pT4l_pTHj_genbin2_recobin6 acc 0.0383 eff 0.0 outinratio 0.0089 

ZH126_2e2mu_pT4l_pTHj_genbin2_recobin6 acc 0.0427 eff 0.0 outinratio 0.0389 

ttH126_2e2mu_pT4l_pTHj_genbin2_recobin6 acc 0.0096 eff 0.0 outinratio 0.025 

ggH126_2e2mu_pT4l_pTHj_genbin3_recobin6 acc 0.0219 eff 0.0 outinratio 0.0038 

VBFH126_2e2mu_pT4l_pTHj_genbin3_recobin6 acc 0.057 eff 0.0 outinratio 0.0103 

WminusH126_2e2mu_pT4l_pTHj_genbin3_recobin6 acc 0.0358 eff 0.0 outinratio 0.016 

WplusH126_2e2mu_pT4l_pTHj_genbin3_recobin6 acc 0.0315 eff 0.0 outinratio 0.0089 

ZH126_2e2mu_pT4l_pTHj_genbin3_recobin6 acc 0.0349 eff 0.0 outinratio 0.0389 

ttH126_2e2mu_pT4l_pTHj_genbin3_recobin6 acc 0.0119 eff 0.0 outinratio 0.025 

ggH126_2e2mu_pT4l_pTHj_genbin4_recobin6 acc 0.0232 eff 0.0219 outinratio 0.0038 

VBFH126_2e2mu_pT4l_pTHj_genbin4_recobin6 acc 0.0902 eff 0.0255 outinratio 0.0103 

WminusH126_2e2mu_pT4l_pTHj_genbin4_recobin6 acc 0.0451 eff 0.0178 outinratio 0.016 

WplusH126_2e2mu_pT4l_pTHj_genbin4_recobin6 acc 0.0404 eff 0.0287 outinratio 0.0089 

ZH126_2e2mu_pT4l_pTHj_genbin4_recobin6 acc 0.0435 eff 0.009 outinratio 0.0389 

ttH126_2e2mu_pT4l_pTHj_genbin4_recobin6 acc 0.0345 eff 0.0225 outinratio 0.025 

ggH126_2e2mu_pT4l_pTHj_genbin5_recobin6 acc 0.029 eff 0.004 outinratio 0.0038 

VBFH126_2e2mu_pT4l_pTHj_genbin5_recobin6 acc 0.1318 eff 0.0027 outinratio 0.0103 

WminusH126_2e2mu_pT4l_pTHj_genbin5_recobin6 acc 0.1049 eff 0.0022 outinratio 0.016 

WplusH126_2e2mu_pT4l_pTHj_genbin5_recobin6 acc 0.0941 eff 0.002 outinratio 0.0089 

ZH126_2e2mu_pT4l_pTHj_genbin5_recobin6 acc 0.1096 eff 0.0017 outinratio 0.0389 

ttH126_2e2mu_pT4l_pTHj_genbin5_recobin6 acc 0.3038 eff 0.0019 outinratio 0.025 

ggH126_2e2mu_pT4l_pTHj_genbin6_recobin6 acc 0.0088 eff 0.5409 outinratio 0.0038 

VBFH126_2e2mu_pT4l_pTHj_genbin6_recobin6 acc 0.0406 eff 0.4987 outinratio 0.0103 

WminusH126_2e2mu_pT4l_pTHj_genbin6_recobin6 acc 0.0331 eff 0.4887 outinratio 0.016 

WplusH126_2e2mu_pT4l_pTHj_genbin6_recobin6 acc 0.0366 eff 0.5009 outinratio 0.0089 

ZH126_2e2mu_pT4l_pTHj_genbin6_recobin6 acc 0.0392 eff 0.5053 outinratio 0.0389 

ttH126_2e2mu_pT4l_pTHj_genbin6_recobin6 acc 0.119 eff 0.4613 outinratio 0.025 

Coeff fullNNLOPS
