Welcome in RunCoefficients!
OPT SPLIT
DEBUG opt.YEAR = 2024_10
It is a double-differential measurement, binning for the 1st variable {0: [-100.0, 30.0], 1: [30.0, 10000.0], 2: [30.0, 80.0], 3: [80.0, 10000.0], 4: [30.0, 10000.0]} and for the 2nd variable {0: [-100.0, 30.0], 1: [-100.0, 30.0], 2: [30.0, 50.0], 3: [30.0, 50.0], 4: [50.0, 10000.0]}
{0: [-100.0, 30.0, -100.0, 30.0], 1: [30.0, 10000.0, -100.0, 30.0], 2: [30.0, 80.0, 30.0, 50.0], 3: [80.0, 10000.0, 30.0, 50.0], 4: [30.0, 10000.0, 50.0, 10000.0]}
pTj1
Following observables extracted from dictionary: RECO =  pTj1  GEN =  GENpTj1
It is a double-differential measurement: RECO_2nd =  pTj2  GEN_2nd =  GENpTj2
LUMI: 10.882200000000001
ttH126 0.00046886125
Processing ggH126 2024_10
Signal created
Signal failed created
Processing VBFH126 2024_10
Signal created
Signal failed created
Processing WminusH126 2024_10
Signal created
Signal failed created
Processing WplusH126 2024_10
Signal created
Signal failed created
Processing ZH126 2024_10
Signal created
Signal failed created
Processing ttH126 2024_10
Signal created
Signal failed created
2024_10 SKIMMED df CREATED
2024_10 ggH126
2024_10 VBFH126
2024_10 WminusH126
2024_10 WplusH126
2024_10 ZH126
2024_10 ttH126
Dataframes created successfully
Coeff std
ggH126_4l_pTj1_pTj2_genbin0_recobin0 acc 0.2558 eff 0.4823 outinratio 0.0495 

VBFH126_4l_pTj1_pTj2_genbin0_recobin0 acc 0.039 eff 0.3832 outinratio 0.0354 

WminusH126_4l_pTj1_pTj2_genbin0_recobin0 acc 0.0863 eff 0.3688 outinratio 0.0652 

WplusH126_4l_pTj1_pTj2_genbin0_recobin0 acc 0.0735 eff 0.3683 outinratio 0.0697 

ZH126_4l_pTj1_pTj2_genbin0_recobin0 acc 0.0733 eff 0.4166 outinratio 0.0642 

ttH126_4l_pTj1_pTj2_genbin0_recobin0 acc 0.0009 eff 0.2114 outinratio 0.2453 

ggH126_4l_pTj1_pTj2_genbin1_recobin0 acc 0.1085 eff 0.0677 outinratio 0.0495 

VBFH126_4l_pTj1_pTj2_genbin1_recobin0 acc 0.1766 eff 0.0451 outinratio 0.0354 

WminusH126_4l_pTj1_pTj2_genbin1_recobin0 acc 0.1151 eff 0.0353 outinratio 0.0652 

WplusH126_4l_pTj1_pTj2_genbin1_recobin0 acc 0.1041 eff 0.0292 outinratio 0.0697 

ZH126_4l_pTj1_pTj2_genbin1_recobin0 acc 0.1066 eff 0.0372 outinratio 0.0642 

ttH126_4l_pTj1_pTj2_genbin1_recobin0 acc 0.0082 eff 0.0096 outinratio 0.2453 

ggH126_4l_pTj1_pTj2_genbin2_recobin0 acc 0.017 eff 0.0171 outinratio 0.0495 

VBFH126_4l_pTj1_pTj2_genbin2_recobin0 acc 0.0616 eff 0.0137 outinratio 0.0354 

WminusH126_4l_pTj1_pTj2_genbin2_recobin0 acc 0.0541 eff 0.0091 outinratio 0.0652 

WplusH126_4l_pTj1_pTj2_genbin2_recobin0 acc 0.0447 eff 0.0105 outinratio 0.0697 

ZH126_4l_pTj1_pTj2_genbin2_recobin0 acc 0.0556 eff 0.0076 outinratio 0.0642 

ttH126_4l_pTj1_pTj2_genbin2_recobin0 acc 0.0144 eff 0.001 outinratio 0.2453 

ggH126_4l_pTj1_pTj2_genbin3_recobin0 acc 0.0083 eff 0.0 outinratio 0.0495 

VBFH126_4l_pTj1_pTj2_genbin3_recobin0 acc 0.0464 eff 0.0054 outinratio 0.0354 

WminusH126_4l_pTj1_pTj2_genbin3_recobin0 acc 0.0239 eff 0.0011 outinratio 0.0652 

WplusH126_4l_pTj1_pTj2_genbin3_recobin0 acc 0.0227 eff 0.0015 outinratio 0.0697 

ZH126_4l_pTj1_pTj2_genbin3_recobin0 acc 0.0254 eff 0.0 outinratio 0.0642 

ttH126_4l_pTj1_pTj2_genbin3_recobin0 acc 0.0149 eff 0.0 outinratio 0.2453 

ggH126_4l_pTj1_pTj2_genbin4_recobin0 acc 0.017 eff 0.0 outinratio 0.0495 

VBFH126_4l_pTj1_pTj2_genbin4_recobin0 acc 0.1265 eff 0.0009 outinratio 0.0354 

WminusH126_4l_pTj1_pTj2_genbin4_recobin0 acc 0.073 eff 0.0002 outinratio 0.0652 

WplusH126_4l_pTj1_pTj2_genbin4_recobin0 acc 0.0695 eff 0.0003 outinratio 0.0697 

ZH126_4l_pTj1_pTj2_genbin4_recobin0 acc 0.0852 eff 0.0 outinratio 0.0642 

ttH126_4l_pTj1_pTj2_genbin4_recobin0 acc 0.2805 eff 0.0 outinratio 0.2453 

ggH126_4l_pTj1_pTj2_genbin0_recobin1 acc 0.2558 eff 0.0654 outinratio 0.0469 

VBFH126_4l_pTj1_pTj2_genbin0_recobin1 acc 0.039 eff 0.138 outinratio 0.0303 

WminusH126_4l_pTj1_pTj2_genbin0_recobin1 acc 0.0863 eff 0.1482 outinratio 0.0667 

WplusH126_4l_pTj1_pTj2_genbin0_recobin1 acc 0.0735 eff 0.1366 outinratio 0.0626 

ZH126_4l_pTj1_pTj2_genbin0_recobin1 acc 0.0733 eff 0.1053 outinratio 0.0781 

ttH126_4l_pTj1_pTj2_genbin0_recobin1 acc 0.0009 eff 0.1283 outinratio 0.1309 

ggH126_4l_pTj1_pTj2_genbin1_recobin1 acc 0.1085 eff 0.4125 outinratio 0.0469 

VBFH126_4l_pTj1_pTj2_genbin1_recobin1 acc 0.1766 eff 0.4017 outinratio 0.0303 

WminusH126_4l_pTj1_pTj2_genbin1_recobin1 acc 0.1151 eff 0.387 outinratio 0.0667 

WplusH126_4l_pTj1_pTj2_genbin1_recobin1 acc 0.1041 eff 0.3941 outinratio 0.0626 

ZH126_4l_pTj1_pTj2_genbin1_recobin1 acc 0.1066 eff 0.3852 outinratio 0.0781 

ttH126_4l_pTj1_pTj2_genbin1_recobin1 acc 0.0082 eff 0.1797 outinratio 0.1309 

ggH126_4l_pTj1_pTj2_genbin2_recobin1 acc 0.017 eff 0.1825 outinratio 0.0469 

VBFH126_4l_pTj1_pTj2_genbin2_recobin1 acc 0.0616 eff 0.1334 outinratio 0.0303 

WminusH126_4l_pTj1_pTj2_genbin2_recobin1 acc 0.0541 eff 0.1029 outinratio 0.0667 

WplusH126_4l_pTj1_pTj2_genbin2_recobin1 acc 0.0447 eff 0.1088 outinratio 0.0626 

ZH126_4l_pTj1_pTj2_genbin2_recobin1 acc 0.0556 eff 0.1217 outinratio 0.0781 

ttH126_4l_pTj1_pTj2_genbin2_recobin1 acc 0.0144 eff 0.0518 outinratio 0.1309 

ggH126_4l_pTj1_pTj2_genbin3_recobin1 acc 0.0083 eff 0.1087 outinratio 0.0469 

VBFH126_4l_pTj1_pTj2_genbin3_recobin1 acc 0.0464 eff 0.1048 outinratio 0.0303 

WminusH126_4l_pTj1_pTj2_genbin3_recobin1 acc 0.0239 eff 0.0998 outinratio 0.0667 

WplusH126_4l_pTj1_pTj2_genbin3_recobin1 acc 0.0227 eff 0.0762 outinratio 0.0626 

ZH126_4l_pTj1_pTj2_genbin3_recobin1 acc 0.0254 eff 0.0734 outinratio 0.0781 

ttH126_4l_pTj1_pTj2_genbin3_recobin1 acc 0.0149 eff 0.0297 outinratio 0.1309 

ggH126_4l_pTj1_pTj2_genbin4_recobin1 acc 0.017 eff 0.023 outinratio 0.0469 

VBFH126_4l_pTj1_pTj2_genbin4_recobin1 acc 0.1265 eff 0.0385 outinratio 0.0303 

WminusH126_4l_pTj1_pTj2_genbin4_recobin1 acc 0.073 eff 0.0108 outinratio 0.0667 

WplusH126_4l_pTj1_pTj2_genbin4_recobin1 acc 0.0695 eff 0.007 outinratio 0.0626 

ZH126_4l_pTj1_pTj2_genbin4_recobin1 acc 0.0852 eff 0.0152 outinratio 0.0781 

ttH126_4l_pTj1_pTj2_genbin4_recobin1 acc 0.2805 eff 0.0009 outinratio 0.1309 

ggH126_4l_pTj1_pTj2_genbin0_recobin2 acc 0.2558 eff 0.0059 outinratio 0.0837 

VBFH126_4l_pTj1_pTj2_genbin0_recobin2 acc 0.039 eff 0.0277 outinratio 0.0372 

WminusH126_4l_pTj1_pTj2_genbin0_recobin2 acc 0.0863 eff 0.0185 outinratio 0.0857 

WplusH126_4l_pTj1_pTj2_genbin0_recobin2 acc 0.0735 eff 0.0171 outinratio 0.0784 

ZH126_4l_pTj1_pTj2_genbin0_recobin2 acc 0.0733 eff 0.0124 outinratio 0.0606 

ttH126_4l_pTj1_pTj2_genbin0_recobin2 acc 0.0009 eff 0.0372 outinratio 0.1727 

ggH126_4l_pTj1_pTj2_genbin1_recobin2 acc 0.1085 eff 0.0503 outinratio 0.0837 

VBFH126_4l_pTj1_pTj2_genbin1_recobin2 acc 0.1766 eff 0.0508 outinratio 0.0372 

WminusH126_4l_pTj1_pTj2_genbin1_recobin2 acc 0.1151 eff 0.083 outinratio 0.0857 

WplusH126_4l_pTj1_pTj2_genbin1_recobin2 acc 0.1041 eff 0.0709 outinratio 0.0784 

ZH126_4l_pTj1_pTj2_genbin1_recobin2 acc 0.1066 eff 0.0663 outinratio 0.0606 

ttH126_4l_pTj1_pTj2_genbin1_recobin2 acc 0.0082 eff 0.0496 outinratio 0.1727 

ggH126_4l_pTj1_pTj2_genbin2_recobin2 acc 0.017 eff 0.3398 outinratio 0.0837 

VBFH126_4l_pTj1_pTj2_genbin2_recobin2 acc 0.0616 eff 0.2885 outinratio 0.0372 

WminusH126_4l_pTj1_pTj2_genbin2_recobin2 acc 0.0541 eff 0.3413 outinratio 0.0857 

WplusH126_4l_pTj1_pTj2_genbin2_recobin2 acc 0.0447 eff 0.3336 outinratio 0.0784 

ZH126_4l_pTj1_pTj2_genbin2_recobin2 acc 0.0556 eff 0.3412 outinratio 0.0606 

ttH126_4l_pTj1_pTj2_genbin2_recobin2 acc 0.0144 eff 0.2283 outinratio 0.1727 

ggH126_4l_pTj1_pTj2_genbin3_recobin2 acc 0.0083 eff 0.0204 outinratio 0.0837 

VBFH126_4l_pTj1_pTj2_genbin3_recobin2 acc 0.0464 eff 0.0276 outinratio 0.0372 

WminusH126_4l_pTj1_pTj2_genbin3_recobin2 acc 0.0239 eff 0.0352 outinratio 0.0857 

WplusH126_4l_pTj1_pTj2_genbin3_recobin2 acc 0.0227 eff 0.033 outinratio 0.0784 

ZH126_4l_pTj1_pTj2_genbin3_recobin2 acc 0.0254 eff 0.0476 outinratio 0.0606 

ttH126_4l_pTj1_pTj2_genbin3_recobin2 acc 0.0149 eff 0.0281 outinratio 0.1727 

ggH126_4l_pTj1_pTj2_genbin4_recobin2 acc 0.017 eff 0.0482 outinratio 0.0837 

VBFH126_4l_pTj1_pTj2_genbin4_recobin2 acc 0.1265 eff 0.0236 outinratio 0.0372 

WminusH126_4l_pTj1_pTj2_genbin4_recobin2 acc 0.073 eff 0.0251 outinratio 0.0857 

WplusH126_4l_pTj1_pTj2_genbin4_recobin2 acc 0.0695 eff 0.0232 outinratio 0.0784 

ZH126_4l_pTj1_pTj2_genbin4_recobin2 acc 0.0852 eff 0.032 outinratio 0.0606 

ttH126_4l_pTj1_pTj2_genbin4_recobin2 acc 0.2805 eff 0.0068 outinratio 0.1727 

ggH126_4l_pTj1_pTj2_genbin0_recobin3 acc 0.2558 eff 0.0 outinratio 0.0554 

VBFH126_4l_pTj1_pTj2_genbin0_recobin3 acc 0.039 eff 0.0005 outinratio 0.0283 

WminusH126_4l_pTj1_pTj2_genbin0_recobin3 acc 0.0863 eff 0.0036 outinratio 0.078 

WplusH126_4l_pTj1_pTj2_genbin0_recobin3 acc 0.0735 eff 0.0019 outinratio 0.0598 

ZH126_4l_pTj1_pTj2_genbin0_recobin3 acc 0.0733 eff 0.0036 outinratio 0.0757 

ttH126_4l_pTj1_pTj2_genbin0_recobin3 acc 0.0009 eff 0.0978 outinratio 0.1618 

ggH126_4l_pTj1_pTj2_genbin1_recobin3 acc 0.1085 eff 0.0143 outinratio 0.0554 

VBFH126_4l_pTj1_pTj2_genbin1_recobin3 acc 0.1766 eff 0.036 outinratio 0.0283 

WminusH126_4l_pTj1_pTj2_genbin1_recobin3 acc 0.1151 eff 0.0317 outinratio 0.078 

WplusH126_4l_pTj1_pTj2_genbin1_recobin3 acc 0.1041 eff 0.0316 outinratio 0.0598 

ZH126_4l_pTj1_pTj2_genbin1_recobin3 acc 0.1066 eff 0.0277 outinratio 0.0757 

ttH126_4l_pTj1_pTj2_genbin1_recobin3 acc 0.0082 eff 0.0706 outinratio 0.1618 

ggH126_4l_pTj1_pTj2_genbin2_recobin3 acc 0.017 eff 0.0181 outinratio 0.0554 

VBFH126_4l_pTj1_pTj2_genbin2_recobin3 acc 0.0616 eff 0.0447 outinratio 0.0283 

WminusH126_4l_pTj1_pTj2_genbin2_recobin3 acc 0.0541 eff 0.0252 outinratio 0.078 

WplusH126_4l_pTj1_pTj2_genbin2_recobin3 acc 0.0447 eff 0.0379 outinratio 0.0598 

ZH126_4l_pTj1_pTj2_genbin2_recobin3 acc 0.0556 eff 0.0245 outinratio 0.0757 

ttH126_4l_pTj1_pTj2_genbin2_recobin3 acc 0.0144 eff 0.0499 outinratio 0.1618 

ggH126_4l_pTj1_pTj2_genbin3_recobin3 acc 0.0083 eff 0.4003 outinratio 0.0554 

VBFH126_4l_pTj1_pTj2_genbin3_recobin3 acc 0.0464 eff 0.3085 outinratio 0.0283 

WminusH126_4l_pTj1_pTj2_genbin3_recobin3 acc 0.0239 eff 0.3234 outinratio 0.078 

WplusH126_4l_pTj1_pTj2_genbin3_recobin3 acc 0.0227 eff 0.3267 outinratio 0.0598 

ZH126_4l_pTj1_pTj2_genbin3_recobin3 acc 0.0254 eff 0.3286 outinratio 0.0757 

ttH126_4l_pTj1_pTj2_genbin3_recobin3 acc 0.0149 eff 0.2502 outinratio 0.1618 

ggH126_4l_pTj1_pTj2_genbin4_recobin3 acc 0.017 eff 0.044 outinratio 0.0554 

VBFH126_4l_pTj1_pTj2_genbin4_recobin3 acc 0.1265 eff 0.0382 outinratio 0.0283 

WminusH126_4l_pTj1_pTj2_genbin4_recobin3 acc 0.073 eff 0.0301 outinratio 0.078 

WplusH126_4l_pTj1_pTj2_genbin4_recobin3 acc 0.0695 eff 0.0217 outinratio 0.0598 

ZH126_4l_pTj1_pTj2_genbin4_recobin3 acc 0.0852 eff 0.0318 outinratio 0.0757 

ttH126_4l_pTj1_pTj2_genbin4_recobin3 acc 0.2805 eff 0.0095 outinratio 0.1618 

ggH126_4l_pTj1_pTj2_genbin0_recobin4 acc 0.2558 eff 0.0004 outinratio 0.052 

VBFH126_4l_pTj1_pTj2_genbin0_recobin4 acc 0.039 eff 0.0024 outinratio 0.0337 

WminusH126_4l_pTj1_pTj2_genbin0_recobin4 acc 0.0863 eff 0.0033 outinratio 0.0825 

WplusH126_4l_pTj1_pTj2_genbin0_recobin4 acc 0.0735 eff 0.0 outinratio 0.0616 

ZH126_4l_pTj1_pTj2_genbin0_recobin4 acc 0.0733 eff 0.0058 outinratio 0.0808 

ttH126_4l_pTj1_pTj2_genbin0_recobin4 acc 0.0009 eff 0.0362 outinratio 0.1709 

ggH126_4l_pTj1_pTj2_genbin1_recobin4 acc 0.1085 eff 0.0055 outinratio 0.052 

VBFH126_4l_pTj1_pTj2_genbin1_recobin4 acc 0.1766 eff 0.0238 outinratio 0.0337 

WminusH126_4l_pTj1_pTj2_genbin1_recobin4 acc 0.1151 eff 0.0183 outinratio 0.0825 

WplusH126_4l_pTj1_pTj2_genbin1_recobin4 acc 0.1041 eff 0.0146 outinratio 0.0616 

ZH126_4l_pTj1_pTj2_genbin1_recobin4 acc 0.1066 eff 0.0186 outinratio 0.0808 

ttH126_4l_pTj1_pTj2_genbin1_recobin4 acc 0.0082 eff 0.2129 outinratio 0.1709 

ggH126_4l_pTj1_pTj2_genbin2_recobin4 acc 0.017 eff 0.0439 outinratio 0.052 

VBFH126_4l_pTj1_pTj2_genbin2_recobin4 acc 0.0616 eff 0.0869 outinratio 0.0337 

WminusH126_4l_pTj1_pTj2_genbin2_recobin4 acc 0.0541 eff 0.0712 outinratio 0.0825 

WplusH126_4l_pTj1_pTj2_genbin2_recobin4 acc 0.0447 eff 0.0789 outinratio 0.0616 

ZH126_4l_pTj1_pTj2_genbin2_recobin4 acc 0.0556 eff 0.0608 outinratio 0.0808 

ttH126_4l_pTj1_pTj2_genbin2_recobin4 acc 0.0144 eff 0.191 outinratio 0.1709 

ggH126_4l_pTj1_pTj2_genbin3_recobin4 acc 0.0083 eff 0.0432 outinratio 0.052 

VBFH126_4l_pTj1_pTj2_genbin3_recobin4 acc 0.0464 eff 0.1208 outinratio 0.0337 

WminusH126_4l_pTj1_pTj2_genbin3_recobin4 acc 0.0239 eff 0.1248 outinratio 0.0825 

WplusH126_4l_pTj1_pTj2_genbin3_recobin4 acc 0.0227 eff 0.1186 outinratio 0.0616 

ZH126_4l_pTj1_pTj2_genbin3_recobin4 acc 0.0254 eff 0.1405 outinratio 0.0808 

ttH126_4l_pTj1_pTj2_genbin3_recobin4 acc 0.0149 eff 0.2584 outinratio 0.1709 

ggH126_4l_pTj1_pTj2_genbin4_recobin4 acc 0.017 eff 0.5032 outinratio 0.052 

VBFH126_4l_pTj1_pTj2_genbin4_recobin4 acc 0.1265 eff 0.4967 outinratio 0.0337 

WminusH126_4l_pTj1_pTj2_genbin4_recobin4 acc 0.073 eff 0.4924 outinratio 0.0825 

WplusH126_4l_pTj1_pTj2_genbin4_recobin4 acc 0.0695 eff 0.4898 outinratio 0.0616 

ZH126_4l_pTj1_pTj2_genbin4_recobin4 acc 0.0852 eff 0.5017 outinratio 0.0808 

ttH126_4l_pTj1_pTj2_genbin4_recobin4 acc 0.2805 eff 0.5365 outinratio 0.1709 

ggH126_4e_pTj1_pTj2_genbin0_recobin0 acc 0.2351 eff 0.2998 outinratio 0.0529 

VBFH126_4e_pTj1_pTj2_genbin0_recobin0 acc 0.0377 eff 0.2342 outinratio 0.026 

WminusH126_4e_pTj1_pTj2_genbin0_recobin0 acc 0.0857 eff 0.2337 outinratio 0.0587 

WplusH126_4e_pTj1_pTj2_genbin0_recobin0 acc 0.0718 eff 0.2547 outinratio 0.1055 

ZH126_4e_pTj1_pTj2_genbin0_recobin0 acc 0.0692 eff 0.2772 outinratio 0.0368 

ttH126_4e_pTj1_pTj2_genbin0_recobin0 acc 0.0007 eff 0.0552 outinratio 0.9588 

ggH126_4e_pTj1_pTj2_genbin1_recobin0 acc 0.1046 eff 0.0392 outinratio 0.0529 

VBFH126_4e_pTj1_pTj2_genbin1_recobin0 acc 0.1732 eff 0.0366 outinratio 0.026 

WminusH126_4e_pTj1_pTj2_genbin1_recobin0 acc 0.1097 eff 0.0223 outinratio 0.0587 

WplusH126_4e_pTj1_pTj2_genbin1_recobin0 acc 0.0973 eff 0.023 outinratio 0.1055 

ZH126_4e_pTj1_pTj2_genbin1_recobin0 acc 0.1054 eff 0.0324 outinratio 0.0368 

ttH126_4e_pTj1_pTj2_genbin1_recobin0 acc 0.0083 eff 0.0 outinratio 0.9588 

ggH126_4e_pTj1_pTj2_genbin2_recobin0 acc 0.0159 eff 0.008 outinratio 0.0529 

VBFH126_4e_pTj1_pTj2_genbin2_recobin0 acc 0.0628 eff 0.0108 outinratio 0.026 

WminusH126_4e_pTj1_pTj2_genbin2_recobin0 acc 0.0515 eff 0.003 outinratio 0.0587 

WplusH126_4e_pTj1_pTj2_genbin2_recobin0 acc 0.0407 eff 0.0023 outinratio 0.1055 

ZH126_4e_pTj1_pTj2_genbin2_recobin0 acc 0.0506 eff 0.0 outinratio 0.0368 

ttH126_4e_pTj1_pTj2_genbin2_recobin0 acc 0.0133 eff 0.0 outinratio 0.9588 

ggH126_4e_pTj1_pTj2_genbin3_recobin0 acc 0.0076 eff 0.0 outinratio 0.0529 

VBFH126_4e_pTj1_pTj2_genbin3_recobin0 acc 0.0433 eff 0.0 outinratio 0.026 

WminusH126_4e_pTj1_pTj2_genbin3_recobin0 acc 0.0233 eff 0.002 outinratio 0.0587 

WplusH126_4e_pTj1_pTj2_genbin3_recobin0 acc 0.0209 eff 0.0 outinratio 0.1055 

ZH126_4e_pTj1_pTj2_genbin3_recobin0 acc 0.0236 eff 0.0 outinratio 0.0368 

ttH126_4e_pTj1_pTj2_genbin3_recobin0 acc 0.0137 eff 0.0 outinratio 0.9588 

ggH126_4e_pTj1_pTj2_genbin4_recobin0 acc 0.016 eff 0.0 outinratio 0.0529 

VBFH126_4e_pTj1_pTj2_genbin4_recobin0 acc 0.1197 eff 0.0 outinratio 0.026 

WminusH126_4e_pTj1_pTj2_genbin4_recobin0 acc 0.0737 eff 0.0 outinratio 0.0587 

WplusH126_4e_pTj1_pTj2_genbin4_recobin0 acc 0.0716 eff 0.0 outinratio 0.1055 

ZH126_4e_pTj1_pTj2_genbin4_recobin0 acc 0.0822 eff 0.0 outinratio 0.0368 

ttH126_4e_pTj1_pTj2_genbin4_recobin0 acc 0.2799 eff 0.0 outinratio 0.9588 

ggH126_4e_pTj1_pTj2_genbin0_recobin1 acc 0.2351 eff 0.0336 outinratio 0.0622 

VBFH126_4e_pTj1_pTj2_genbin0_recobin1 acc 0.0377 eff 0.07 outinratio 0.0311 

WminusH126_4e_pTj1_pTj2_genbin0_recobin1 acc 0.0857 eff 0.1007 outinratio 0.076 

WplusH126_4e_pTj1_pTj2_genbin0_recobin1 acc 0.0718 eff 0.0719 outinratio 0.0612 

ZH126_4e_pTj1_pTj2_genbin0_recobin1 acc 0.0692 eff 0.0497 outinratio 0.0925 

ttH126_4e_pTj1_pTj2_genbin0_recobin1 acc 0.0007 eff 0.0896 outinratio 0.1957 

ggH126_4e_pTj1_pTj2_genbin1_recobin1 acc 0.1046 eff 0.2421 outinratio 0.0622 

VBFH126_4e_pTj1_pTj2_genbin1_recobin1 acc 0.1732 eff 0.2477 outinratio 0.0311 

WminusH126_4e_pTj1_pTj2_genbin1_recobin1 acc 0.1097 eff 0.2267 outinratio 0.076 

WplusH126_4e_pTj1_pTj2_genbin1_recobin1 acc 0.0973 eff 0.2764 outinratio 0.0612 

ZH126_4e_pTj1_pTj2_genbin1_recobin1 acc 0.1054 eff 0.2168 outinratio 0.0925 

ttH126_4e_pTj1_pTj2_genbin1_recobin1 acc 0.0083 eff 0.1727 outinratio 0.1957 

ggH126_4e_pTj1_pTj2_genbin2_recobin1 acc 0.0159 eff 0.1342 outinratio 0.0622 

VBFH126_4e_pTj1_pTj2_genbin2_recobin1 acc 0.0628 eff 0.0789 outinratio 0.0311 

WminusH126_4e_pTj1_pTj2_genbin2_recobin1 acc 0.0515 eff 0.0534 outinratio 0.076 

WplusH126_4e_pTj1_pTj2_genbin2_recobin1 acc 0.0407 eff 0.0892 outinratio 0.0612 

ZH126_4e_pTj1_pTj2_genbin2_recobin1 acc 0.0506 eff 0.0816 outinratio 0.0925 

ttH126_4e_pTj1_pTj2_genbin2_recobin1 acc 0.0133 eff 0.0235 outinratio 0.1957 

ggH126_4e_pTj1_pTj2_genbin3_recobin1 acc 0.0076 eff 0.0625 outinratio 0.0622 

VBFH126_4e_pTj1_pTj2_genbin3_recobin1 acc 0.0433 eff 0.0558 outinratio 0.0311 

WminusH126_4e_pTj1_pTj2_genbin3_recobin1 acc 0.0233 eff 0.0563 outinratio 0.076 

WplusH126_4e_pTj1_pTj2_genbin3_recobin1 acc 0.0209 eff 0.0397 outinratio 0.0612 

ZH126_4e_pTj1_pTj2_genbin3_recobin1 acc 0.0236 eff 0.0318 outinratio 0.0925 

ttH126_4e_pTj1_pTj2_genbin3_recobin1 acc 0.0137 eff 0.0076 outinratio 0.1957 

ggH126_4e_pTj1_pTj2_genbin4_recobin1 acc 0.016 eff 0.0054 outinratio 0.0622 

VBFH126_4e_pTj1_pTj2_genbin4_recobin1 acc 0.1197 eff 0.0227 outinratio 0.0311 

WminusH126_4e_pTj1_pTj2_genbin4_recobin1 acc 0.0737 eff 0.008 outinratio 0.076 

WplusH126_4e_pTj1_pTj2_genbin4_recobin1 acc 0.0716 eff 0.0019 outinratio 0.0612 

ZH126_4e_pTj1_pTj2_genbin4_recobin1 acc 0.0822 eff 0.0116 outinratio 0.0925 

ttH126_4e_pTj1_pTj2_genbin4_recobin1 acc 0.2799 eff 0.0012 outinratio 0.1957 

ggH126_4e_pTj1_pTj2_genbin0_recobin2 acc 0.2351 eff 0.0054 outinratio 0.0165 

VBFH126_4e_pTj1_pTj2_genbin0_recobin2 acc 0.0377 eff 0.0062 outinratio 0.0426 

WminusH126_4e_pTj1_pTj2_genbin0_recobin2 acc 0.0857 eff 0.0104 outinratio 0.0702 

WplusH126_4e_pTj1_pTj2_genbin0_recobin2 acc 0.0718 eff 0.0047 outinratio 0.1128 

ZH126_4e_pTj1_pTj2_genbin0_recobin2 acc 0.0692 eff 0.0136 outinratio 0.0618 

ttH126_4e_pTj1_pTj2_genbin0_recobin2 acc 0.0007 eff 0.0 outinratio 0.1666 

ggH126_4e_pTj1_pTj2_genbin1_recobin2 acc 0.1046 eff 0.037 outinratio 0.0165 

VBFH126_4e_pTj1_pTj2_genbin1_recobin2 acc 0.1732 eff 0.0301 outinratio 0.0426 

WminusH126_4e_pTj1_pTj2_genbin1_recobin2 acc 0.1097 eff 0.0483 outinratio 0.0702 

WplusH126_4e_pTj1_pTj2_genbin1_recobin2 acc 0.0973 eff 0.0332 outinratio 0.1128 

ZH126_4e_pTj1_pTj2_genbin1_recobin2 acc 0.1054 eff 0.0475 outinratio 0.0618 

ttH126_4e_pTj1_pTj2_genbin1_recobin2 acc 0.0083 eff 0.0283 outinratio 0.1666 

ggH126_4e_pTj1_pTj2_genbin2_recobin2 acc 0.0159 eff 0.2781 outinratio 0.0165 

VBFH126_4e_pTj1_pTj2_genbin2_recobin2 acc 0.0628 eff 0.1772 outinratio 0.0426 

WminusH126_4e_pTj1_pTj2_genbin2_recobin2 acc 0.0515 eff 0.1873 outinratio 0.0702 

WplusH126_4e_pTj1_pTj2_genbin2_recobin2 acc 0.0407 eff 0.2024 outinratio 0.1128 

ZH126_4e_pTj1_pTj2_genbin2_recobin2 acc 0.0506 eff 0.233 outinratio 0.0618 

ttH126_4e_pTj1_pTj2_genbin2_recobin2 acc 0.0133 eff 0.1563 outinratio 0.1666 

ggH126_4e_pTj1_pTj2_genbin3_recobin2 acc 0.0076 eff 0.0137 outinratio 0.0165 

VBFH126_4e_pTj1_pTj2_genbin3_recobin2 acc 0.0433 eff 0.0201 outinratio 0.0426 

WminusH126_4e_pTj1_pTj2_genbin3_recobin2 acc 0.0233 eff 0.0163 outinratio 0.0702 

WplusH126_4e_pTj1_pTj2_genbin3_recobin2 acc 0.0209 eff 0.042 outinratio 0.1128 

ZH126_4e_pTj1_pTj2_genbin3_recobin2 acc 0.0236 eff 0.0373 outinratio 0.0618 

ttH126_4e_pTj1_pTj2_genbin3_recobin2 acc 0.0137 eff 0.0227 outinratio 0.1666 

ggH126_4e_pTj1_pTj2_genbin4_recobin2 acc 0.016 eff 0.0075 outinratio 0.0165 

VBFH126_4e_pTj1_pTj2_genbin4_recobin2 acc 0.1197 eff 0.0215 outinratio 0.0426 

WminusH126_4e_pTj1_pTj2_genbin4_recobin2 acc 0.0737 eff 0.0094 outinratio 0.0702 

WplusH126_4e_pTj1_pTj2_genbin4_recobin2 acc 0.0716 eff 0.0137 outinratio 0.1128 

ZH126_4e_pTj1_pTj2_genbin4_recobin2 acc 0.0822 eff 0.0192 outinratio 0.0618 

ttH126_4e_pTj1_pTj2_genbin4_recobin2 acc 0.2799 eff 0.0031 outinratio 0.1666 

ggH126_4e_pTj1_pTj2_genbin0_recobin3 acc 0.2351 eff 0.0 outinratio 0.0245 

VBFH126_4e_pTj1_pTj2_genbin0_recobin3 acc 0.0377 eff 0.0 outinratio 0.0403 

WminusH126_4e_pTj1_pTj2_genbin0_recobin3 acc 0.0857 eff 0.001 outinratio 0.0795 

WplusH126_4e_pTj1_pTj2_genbin0_recobin3 acc 0.0718 eff 0.0 outinratio 0.0262 

ZH126_4e_pTj1_pTj2_genbin0_recobin3 acc 0.0692 eff 0.0016 outinratio 0.1114 

ttH126_4e_pTj1_pTj2_genbin0_recobin3 acc 0.0007 eff 0.0389 outinratio 0.1639 

ggH126_4e_pTj1_pTj2_genbin1_recobin3 acc 0.1046 eff 0.0063 outinratio 0.0245 

VBFH126_4e_pTj1_pTj2_genbin1_recobin3 acc 0.1732 eff 0.0215 outinratio 0.0403 

WminusH126_4e_pTj1_pTj2_genbin1_recobin3 acc 0.1097 eff 0.0201 outinratio 0.0795 

WplusH126_4e_pTj1_pTj2_genbin1_recobin3 acc 0.0973 eff 0.02 outinratio 0.0262 

ZH126_4e_pTj1_pTj2_genbin1_recobin3 acc 0.1054 eff 0.0257 outinratio 0.1114 

ttH126_4e_pTj1_pTj2_genbin1_recobin3 acc 0.0083 eff 0.0335 outinratio 0.1639 

ggH126_4e_pTj1_pTj2_genbin2_recobin3 acc 0.0159 eff 0.0 outinratio 0.0245 

VBFH126_4e_pTj1_pTj2_genbin2_recobin3 acc 0.0628 eff 0.0325 outinratio 0.0403 

WminusH126_4e_pTj1_pTj2_genbin2_recobin3 acc 0.0515 eff 0.0179 outinratio 0.0795 

WplusH126_4e_pTj1_pTj2_genbin2_recobin3 acc 0.0407 eff 0.0241 outinratio 0.0262 

ZH126_4e_pTj1_pTj2_genbin2_recobin3 acc 0.0506 eff 0.0109 outinratio 0.1114 

ttH126_4e_pTj1_pTj2_genbin2_recobin3 acc 0.0133 eff 0.0158 outinratio 0.1639 

ggH126_4e_pTj1_pTj2_genbin3_recobin3 acc 0.0076 eff 0.2109 outinratio 0.0245 

VBFH126_4e_pTj1_pTj2_genbin3_recobin3 acc 0.0433 eff 0.1962 outinratio 0.0403 

WminusH126_4e_pTj1_pTj2_genbin3_recobin3 acc 0.0233 eff 0.1984 outinratio 0.0795 

WplusH126_4e_pTj1_pTj2_genbin3_recobin3 acc 0.0209 eff 0.2277 outinratio 0.0262 

ZH126_4e_pTj1_pTj2_genbin3_recobin3 acc 0.0236 eff 0.1531 outinratio 0.1114 

ttH126_4e_pTj1_pTj2_genbin3_recobin3 acc 0.0137 eff 0.1149 outinratio 0.1639 

ggH126_4e_pTj1_pTj2_genbin4_recobin3 acc 0.016 eff 0.041 outinratio 0.0245 

VBFH126_4e_pTj1_pTj2_genbin4_recobin3 acc 0.1197 eff 0.0227 outinratio 0.0403 

WminusH126_4e_pTj1_pTj2_genbin4_recobin3 acc 0.0737 eff 0.0235 outinratio 0.0795 

WplusH126_4e_pTj1_pTj2_genbin4_recobin3 acc 0.0716 eff 0.0139 outinratio 0.0262 

ZH126_4e_pTj1_pTj2_genbin4_recobin3 acc 0.0822 eff 0.0301 outinratio 0.1114 

ttH126_4e_pTj1_pTj2_genbin4_recobin3 acc 0.2799 eff 0.0061 outinratio 0.1639 

ggH126_4e_pTj1_pTj2_genbin0_recobin4 acc 0.2351 eff 0.0003 outinratio 0.0248 

VBFH126_4e_pTj1_pTj2_genbin0_recobin4 acc 0.0377 eff 0.0 outinratio 0.0328 

WminusH126_4e_pTj1_pTj2_genbin0_recobin4 acc 0.0857 eff 0.0014 outinratio 0.0655 

WplusH126_4e_pTj1_pTj2_genbin0_recobin4 acc 0.0718 eff 0.0 outinratio 0.0663 

ZH126_4e_pTj1_pTj2_genbin0_recobin4 acc 0.0692 eff 0.0008 outinratio 0.0644 

ttH126_4e_pTj1_pTj2_genbin0_recobin4 acc 0.0007 eff 0.1015 outinratio 0.1961 

ggH126_4e_pTj1_pTj2_genbin1_recobin4 acc 0.1046 eff 0.0022 outinratio 0.0248 

VBFH126_4e_pTj1_pTj2_genbin1_recobin4 acc 0.1732 eff 0.016 outinratio 0.0328 

WminusH126_4e_pTj1_pTj2_genbin1_recobin4 acc 0.1097 eff 0.012 outinratio 0.0655 

WplusH126_4e_pTj1_pTj2_genbin1_recobin4 acc 0.0973 eff 0.0 outinratio 0.0663 

ZH126_4e_pTj1_pTj2_genbin1_recobin4 acc 0.1054 eff 0.0061 outinratio 0.0644 

ttH126_4e_pTj1_pTj2_genbin1_recobin4 acc 0.0083 eff 0.1237 outinratio 0.1961 

ggH126_4e_pTj1_pTj2_genbin2_recobin4 acc 0.0159 eff 0.0152 outinratio 0.0248 

VBFH126_4e_pTj1_pTj2_genbin2_recobin4 acc 0.0628 eff 0.0619 outinratio 0.0328 

WminusH126_4e_pTj1_pTj2_genbin2_recobin4 acc 0.0515 eff 0.0477 outinratio 0.0655 

WplusH126_4e_pTj1_pTj2_genbin2_recobin4 acc 0.0407 eff 0.0351 outinratio 0.0663 

ZH126_4e_pTj1_pTj2_genbin2_recobin4 acc 0.0506 eff 0.0535 outinratio 0.0644 

ttH126_4e_pTj1_pTj2_genbin2_recobin4 acc 0.0133 eff 0.1181 outinratio 0.1961 

ggH126_4e_pTj1_pTj2_genbin3_recobin4 acc 0.0076 eff 0.0497 outinratio 0.0248 

VBFH126_4e_pTj1_pTj2_genbin3_recobin4 acc 0.0433 eff 0.0725 outinratio 0.0328 

WminusH126_4e_pTj1_pTj2_genbin3_recobin4 acc 0.0233 eff 0.0663 outinratio 0.0655 

WplusH126_4e_pTj1_pTj2_genbin3_recobin4 acc 0.0209 eff 0.0409 outinratio 0.0663 

ZH126_4e_pTj1_pTj2_genbin3_recobin4 acc 0.0236 eff 0.0867 outinratio 0.0644 

ttH126_4e_pTj1_pTj2_genbin3_recobin4 acc 0.0137 eff 0.1847 outinratio 0.1961 

ggH126_4e_pTj1_pTj2_genbin4_recobin4 acc 0.016 eff 0.3303 outinratio 0.0248 

VBFH126_4e_pTj1_pTj2_genbin4_recobin4 acc 0.1197 eff 0.3375 outinratio 0.0328 

WminusH126_4e_pTj1_pTj2_genbin4_recobin4 acc 0.0737 eff 0.3349 outinratio 0.0655 

WplusH126_4e_pTj1_pTj2_genbin4_recobin4 acc 0.0716 eff 0.3075 outinratio 0.0663 

ZH126_4e_pTj1_pTj2_genbin4_recobin4 acc 0.0822 eff 0.3256 outinratio 0.0644 

ttH126_4e_pTj1_pTj2_genbin4_recobin4 acc 0.2799 eff 0.3382 outinratio 0.1961 

ggH126_4mu_pTj1_pTj2_genbin0_recobin0 acc 0.2749 eff 0.6942 outinratio 0.0508 

VBFH126_4mu_pTj1_pTj2_genbin0_recobin0 acc 0.0423 eff 0.5439 outinratio 0.0313 

WminusH126_4mu_pTj1_pTj2_genbin0_recobin0 acc 0.0951 eff 0.5202 outinratio 0.0597 

WplusH126_4mu_pTj1_pTj2_genbin0_recobin0 acc 0.0798 eff 0.5301 outinratio 0.0793 

ZH126_4mu_pTj1_pTj2_genbin0_recobin0 acc 0.0794 eff 0.605 outinratio 0.0656 

ttH126_4mu_pTj1_pTj2_genbin0_recobin0 acc 0.001 eff 0.3871 outinratio 0.0 

ggH126_4mu_pTj1_pTj2_genbin1_recobin0 acc 0.1116 eff 0.1038 outinratio 0.0508 

VBFH126_4mu_pTj1_pTj2_genbin1_recobin0 acc 0.1907 eff 0.0584 outinratio 0.0313 

WminusH126_4mu_pTj1_pTj2_genbin1_recobin0 acc 0.1243 eff 0.0511 outinratio 0.0597 

WplusH126_4mu_pTj1_pTj2_genbin1_recobin0 acc 0.1096 eff 0.0469 outinratio 0.0793 

ZH126_4mu_pTj1_pTj2_genbin1_recobin0 acc 0.1097 eff 0.0537 outinratio 0.0656 

ttH126_4mu_pTj1_pTj2_genbin1_recobin0 acc 0.0081 eff 0.0181 outinratio 0.0 

ggH126_4mu_pTj1_pTj2_genbin2_recobin0 acc 0.0184 eff 0.0239 outinratio 0.0508 

VBFH126_4mu_pTj1_pTj2_genbin2_recobin0 acc 0.0667 eff 0.0179 outinratio 0.0313 

WminusH126_4mu_pTj1_pTj2_genbin2_recobin0 acc 0.0563 eff 0.0173 outinratio 0.0597 

WplusH126_4mu_pTj1_pTj2_genbin2_recobin0 acc 0.0476 eff 0.0166 outinratio 0.0793 

ZH126_4mu_pTj1_pTj2_genbin2_recobin0 acc 0.0615 eff 0.0096 outinratio 0.0656 

ttH126_4mu_pTj1_pTj2_genbin2_recobin0 acc 0.0158 eff 0.0035 outinratio 0.0 

ggH126_4mu_pTj1_pTj2_genbin3_recobin0 acc 0.0094 eff 0.0 outinratio 0.0508 

VBFH126_4mu_pTj1_pTj2_genbin3_recobin0 acc 0.0497 eff 0.0145 outinratio 0.0313 

WminusH126_4mu_pTj1_pTj2_genbin3_recobin0 acc 0.0254 eff 0.0011 outinratio 0.0597 

WplusH126_4mu_pTj1_pTj2_genbin3_recobin0 acc 0.0236 eff 0.0 outinratio 0.0793 

ZH126_4mu_pTj1_pTj2_genbin3_recobin0 acc 0.024 eff 0.0 outinratio 0.0656 

ttH126_4mu_pTj1_pTj2_genbin3_recobin0 acc 0.0161 eff 0.0 outinratio 0.0 

ggH126_4mu_pTj1_pTj2_genbin4_recobin0 acc 0.0175 eff 0.0 outinratio 0.0508 

VBFH126_4mu_pTj1_pTj2_genbin4_recobin0 acc 0.1338 eff 0.0 outinratio 0.0313 

WminusH126_4mu_pTj1_pTj2_genbin4_recobin0 acc 0.0775 eff 0.0 outinratio 0.0597 

WplusH126_4mu_pTj1_pTj2_genbin4_recobin0 acc 0.0678 eff 0.0 outinratio 0.0793 

ZH126_4mu_pTj1_pTj2_genbin4_recobin0 acc 0.0895 eff 0.0 outinratio 0.0656 

ttH126_4mu_pTj1_pTj2_genbin4_recobin0 acc 0.3037 eff 0.0 outinratio 0.0 

ggH126_4mu_pTj1_pTj2_genbin0_recobin1 acc 0.2749 eff 0.105 outinratio 0.035 

VBFH126_4mu_pTj1_pTj2_genbin0_recobin1 acc 0.0423 eff 0.2315 outinratio 0.0358 

WminusH126_4mu_pTj1_pTj2_genbin0_recobin1 acc 0.0951 eff 0.2308 outinratio 0.0542 

WplusH126_4mu_pTj1_pTj2_genbin0_recobin1 acc 0.0798 eff 0.246 outinratio 0.0576 

ZH126_4mu_pTj1_pTj2_genbin0_recobin1 acc 0.0794 eff 0.1686 outinratio 0.0728 

ttH126_4mu_pTj1_pTj2_genbin0_recobin1 acc 0.001 eff 0.077 outinratio 0.0634 

ggH126_4mu_pTj1_pTj2_genbin1_recobin1 acc 0.1116 eff 0.5842 outinratio 0.035 

VBFH126_4mu_pTj1_pTj2_genbin1_recobin1 acc 0.1907 eff 0.5767 outinratio 0.0358 

WminusH126_4mu_pTj1_pTj2_genbin1_recobin1 acc 0.1243 eff 0.5478 outinratio 0.0542 

WplusH126_4mu_pTj1_pTj2_genbin1_recobin1 acc 0.1096 eff 0.5326 outinratio 0.0576 

ZH126_4mu_pTj1_pTj2_genbin1_recobin1 acc 0.1097 eff 0.5466 outinratio 0.0728 

ttH126_4mu_pTj1_pTj2_genbin1_recobin1 acc 0.0081 eff 0.2472 outinratio 0.0634 

ggH126_4mu_pTj1_pTj2_genbin2_recobin1 acc 0.0184 eff 0.2455 outinratio 0.035 

VBFH126_4mu_pTj1_pTj2_genbin2_recobin1 acc 0.0667 eff 0.2242 outinratio 0.0358 

WminusH126_4mu_pTj1_pTj2_genbin2_recobin1 acc 0.0563 eff 0.1492 outinratio 0.0542 

WplusH126_4mu_pTj1_pTj2_genbin2_recobin1 acc 0.0476 eff 0.1453 outinratio 0.0576 

ZH126_4mu_pTj1_pTj2_genbin2_recobin1 acc 0.0615 eff 0.1979 outinratio 0.0728 

ttH126_4mu_pTj1_pTj2_genbin2_recobin1 acc 0.0158 eff 0.0753 outinratio 0.0634 

ggH126_4mu_pTj1_pTj2_genbin3_recobin1 acc 0.0094 eff 0.0837 outinratio 0.035 

VBFH126_4mu_pTj1_pTj2_genbin3_recobin1 acc 0.0497 eff 0.1439 outinratio 0.0358 

WminusH126_4mu_pTj1_pTj2_genbin3_recobin1 acc 0.0254 eff 0.1556 outinratio 0.0542 

WplusH126_4mu_pTj1_pTj2_genbin3_recobin1 acc 0.0236 eff 0.1048 outinratio 0.0576 

ZH126_4mu_pTj1_pTj2_genbin3_recobin1 acc 0.024 eff 0.131 outinratio 0.0728 

ttH126_4mu_pTj1_pTj2_genbin3_recobin1 acc 0.0161 eff 0.038 outinratio 0.0634 

ggH126_4mu_pTj1_pTj2_genbin4_recobin1 acc 0.0175 eff 0.0531 outinratio 0.035 

VBFH126_4mu_pTj1_pTj2_genbin4_recobin1 acc 0.1338 eff 0.0525 outinratio 0.0358 

WminusH126_4mu_pTj1_pTj2_genbin4_recobin1 acc 0.0775 eff 0.0169 outinratio 0.0542 

WplusH126_4mu_pTj1_pTj2_genbin4_recobin1 acc 0.0678 eff 0.0134 outinratio 0.0576 

ZH126_4mu_pTj1_pTj2_genbin4_recobin1 acc 0.0895 eff 0.0203 outinratio 0.0728 

ttH126_4mu_pTj1_pTj2_genbin4_recobin1 acc 0.3037 eff 0.0007 outinratio 0.0634 

ggH126_4mu_pTj1_pTj2_genbin0_recobin2 acc 0.2749 eff 0.0062 outinratio 0.131 

VBFH126_4mu_pTj1_pTj2_genbin0_recobin2 acc 0.0423 eff 0.0541 outinratio 0.041 

WminusH126_4mu_pTj1_pTj2_genbin0_recobin2 acc 0.0951 eff 0.0303 outinratio 0.069 

WplusH126_4mu_pTj1_pTj2_genbin0_recobin2 acc 0.0798 eff 0.0142 outinratio 0.0921 

ZH126_4mu_pTj1_pTj2_genbin0_recobin2 acc 0.0794 eff 0.009 outinratio 0.0581 

ttH126_4mu_pTj1_pTj2_genbin0_recobin2 acc 0.001 eff 0.0616 outinratio 0.204 

ggH126_4mu_pTj1_pTj2_genbin1_recobin2 acc 0.1116 eff 0.0765 outinratio 0.131 

VBFH126_4mu_pTj1_pTj2_genbin1_recobin2 acc 0.1907 eff 0.0857 outinratio 0.041 

WminusH126_4mu_pTj1_pTj2_genbin1_recobin2 acc 0.1243 eff 0.1261 outinratio 0.069 

WplusH126_4mu_pTj1_pTj2_genbin1_recobin2 acc 0.1096 eff 0.1039 outinratio 0.0921 

ZH126_4mu_pTj1_pTj2_genbin1_recobin2 acc 0.1097 eff 0.0991 outinratio 0.0581 

ttH126_4mu_pTj1_pTj2_genbin1_recobin2 acc 0.0081 eff 0.067 outinratio 0.204 

ggH126_4mu_pTj1_pTj2_genbin2_recobin2 acc 0.0184 eff 0.4176 outinratio 0.131 

VBFH126_4mu_pTj1_pTj2_genbin2_recobin2 acc 0.0667 eff 0.4349 outinratio 0.041 

WminusH126_4mu_pTj1_pTj2_genbin2_recobin2 acc 0.0563 eff 0.4965 outinratio 0.069 

WplusH126_4mu_pTj1_pTj2_genbin2_recobin2 acc 0.0476 eff 0.459 outinratio 0.0921 

ZH126_4mu_pTj1_pTj2_genbin2_recobin2 acc 0.0615 eff 0.4844 outinratio 0.0581 

ttH126_4mu_pTj1_pTj2_genbin2_recobin2 acc 0.0158 eff 0.3086 outinratio 0.204 

ggH126_4mu_pTj1_pTj2_genbin3_recobin2 acc 0.0094 eff 0.0199 outinratio 0.131 

VBFH126_4mu_pTj1_pTj2_genbin3_recobin2 acc 0.0497 eff 0.0254 outinratio 0.041 

WminusH126_4mu_pTj1_pTj2_genbin3_recobin2 acc 0.0254 eff 0.0478 outinratio 0.069 

WplusH126_4mu_pTj1_pTj2_genbin3_recobin2 acc 0.0236 eff 0.0284 outinratio 0.0921 

ZH126_4mu_pTj1_pTj2_genbin3_recobin2 acc 0.024 eff 0.0607 outinratio 0.0581 

ttH126_4mu_pTj1_pTj2_genbin3_recobin2 acc 0.0161 eff 0.0263 outinratio 0.204 

ggH126_4mu_pTj1_pTj2_genbin4_recobin2 acc 0.0175 eff 0.1088 outinratio 0.131 

VBFH126_4mu_pTj1_pTj2_genbin4_recobin2 acc 0.1338 eff 0.0327 outinratio 0.041 

WminusH126_4mu_pTj1_pTj2_genbin4_recobin2 acc 0.0775 eff 0.0394 outinratio 0.069 

WplusH126_4mu_pTj1_pTj2_genbin4_recobin2 acc 0.0678 eff 0.0291 outinratio 0.0921 

ZH126_4mu_pTj1_pTj2_genbin4_recobin2 acc 0.0895 eff 0.0536 outinratio 0.0581 

ttH126_4mu_pTj1_pTj2_genbin4_recobin2 acc 0.3037 eff 0.0079 outinratio 0.204 

ggH126_4mu_pTj1_pTj2_genbin0_recobin3 acc 0.2749 eff 0.0001 outinratio 0.0751 

VBFH126_4mu_pTj1_pTj2_genbin0_recobin3 acc 0.0423 eff 0.0 outinratio 0.0194 

WminusH126_4mu_pTj1_pTj2_genbin0_recobin3 acc 0.0951 eff 0.0071 outinratio 0.077 

WplusH126_4mu_pTj1_pTj2_genbin0_recobin3 acc 0.0798 eff 0.0007 outinratio 0.0509 

ZH126_4mu_pTj1_pTj2_genbin0_recobin3 acc 0.0794 eff 0.0012 outinratio 0.0847 

ttH126_4mu_pTj1_pTj2_genbin0_recobin3 acc 0.001 eff 0.2021 outinratio 0.1023 

ggH126_4mu_pTj1_pTj2_genbin1_recobin3 acc 0.1116 eff 0.0211 outinratio 0.0751 

VBFH126_4mu_pTj1_pTj2_genbin1_recobin3 acc 0.1907 eff 0.0458 outinratio 0.0194 

WminusH126_4mu_pTj1_pTj2_genbin1_recobin3 acc 0.1243 eff 0.0574 outinratio 0.077 

WplusH126_4mu_pTj1_pTj2_genbin1_recobin3 acc 0.1096 eff 0.0434 outinratio 0.0509 

ZH126_4mu_pTj1_pTj2_genbin1_recobin3 acc 0.1097 eff 0.046 outinratio 0.0847 

ttH126_4mu_pTj1_pTj2_genbin1_recobin3 acc 0.0081 eff 0.1297 outinratio 0.1023 

ggH126_4mu_pTj1_pTj2_genbin2_recobin3 acc 0.0184 eff 0.0233 outinratio 0.0751 

VBFH126_4mu_pTj1_pTj2_genbin2_recobin3 acc 0.0667 eff 0.0687 outinratio 0.0194 

WminusH126_4mu_pTj1_pTj2_genbin2_recobin3 acc 0.0563 eff 0.0263 outinratio 0.077 

WplusH126_4mu_pTj1_pTj2_genbin2_recobin3 acc 0.0476 eff 0.0558 outinratio 0.0509 

ZH126_4mu_pTj1_pTj2_genbin2_recobin3 acc 0.0615 eff 0.0441 outinratio 0.0847 

ttH126_4mu_pTj1_pTj2_genbin2_recobin3 acc 0.0158 eff 0.0984 outinratio 0.1023 

ggH126_4mu_pTj1_pTj2_genbin3_recobin3 acc 0.0094 eff 0.5332 outinratio 0.0751 

VBFH126_4mu_pTj1_pTj2_genbin3_recobin3 acc 0.0497 eff 0.4663 outinratio 0.0194 

WminusH126_4mu_pTj1_pTj2_genbin3_recobin3 acc 0.0254 eff 0.4586 outinratio 0.077 

WplusH126_4mu_pTj1_pTj2_genbin3_recobin3 acc 0.0236 eff 0.5221 outinratio 0.0509 

ZH126_4mu_pTj1_pTj2_genbin3_recobin3 acc 0.024 eff 0.5699 outinratio 0.0847 

ttH126_4mu_pTj1_pTj2_genbin3_recobin3 acc 0.0161 eff 0.4069 outinratio 0.1023 

ggH126_4mu_pTj1_pTj2_genbin4_recobin3 acc 0.0175 eff 0.0561 outinratio 0.0751 

VBFH126_4mu_pTj1_pTj2_genbin4_recobin3 acc 0.1338 eff 0.0475 outinratio 0.0194 

WminusH126_4mu_pTj1_pTj2_genbin4_recobin3 acc 0.0775 eff 0.0405 outinratio 0.077 

WplusH126_4mu_pTj1_pTj2_genbin4_recobin3 acc 0.0678 eff 0.0179 outinratio 0.0509 

ZH126_4mu_pTj1_pTj2_genbin4_recobin3 acc 0.0895 eff 0.0377 outinratio 0.0847 

ttH126_4mu_pTj1_pTj2_genbin4_recobin3 acc 0.3037 eff 0.0142 outinratio 0.1023 

ggH126_4mu_pTj1_pTj2_genbin0_recobin4 acc 0.2749 eff 0.0 outinratio 0.0444 

VBFH126_4mu_pTj1_pTj2_genbin0_recobin4 acc 0.0423 eff 0.0084 outinratio 0.0381 

WminusH126_4mu_pTj1_pTj2_genbin0_recobin4 acc 0.0951 eff 0.0051 outinratio 0.0786 

WplusH126_4mu_pTj1_pTj2_genbin0_recobin4 acc 0.0798 eff 0.0 outinratio 0.0643 

ZH126_4mu_pTj1_pTj2_genbin0_recobin4 acc 0.0794 eff 0.0087 outinratio 0.0682 

ttH126_4mu_pTj1_pTj2_genbin0_recobin4 acc 0.001 eff 0.0 outinratio 0.1422 

ggH126_4mu_pTj1_pTj2_genbin1_recobin4 acc 0.1116 eff 0.0063 outinratio 0.0444 

VBFH126_4mu_pTj1_pTj2_genbin1_recobin4 acc 0.1907 eff 0.0418 outinratio 0.0381 

WminusH126_4mu_pTj1_pTj2_genbin1_recobin4 acc 0.1243 eff 0.0266 outinratio 0.0786 

WplusH126_4mu_pTj1_pTj2_genbin1_recobin4 acc 0.1096 eff 0.0203 outinratio 0.0643 

ZH126_4mu_pTj1_pTj2_genbin1_recobin4 acc 0.1097 eff 0.0344 outinratio 0.0682 

ttH126_4mu_pTj1_pTj2_genbin1_recobin4 acc 0.0081 eff 0.3223 outinratio 0.1422 

ggH126_4mu_pTj1_pTj2_genbin2_recobin4 acc 0.0184 eff 0.0758 outinratio 0.0444 

VBFH126_4mu_pTj1_pTj2_genbin2_recobin4 acc 0.0667 eff 0.1167 outinratio 0.0381 

WminusH126_4mu_pTj1_pTj2_genbin2_recobin4 acc 0.0563 eff 0.108 outinratio 0.0786 

WplusH126_4mu_pTj1_pTj2_genbin2_recobin4 acc 0.0476 eff 0.1275 outinratio 0.0643 

ZH126_4mu_pTj1_pTj2_genbin2_recobin4 acc 0.0615 eff 0.0633 outinratio 0.0682 

ttH126_4mu_pTj1_pTj2_genbin2_recobin4 acc 0.0158 eff 0.2848 outinratio 0.1422 

ggH126_4mu_pTj1_pTj2_genbin3_recobin4 acc 0.0094 eff 0.0596 outinratio 0.0444 

VBFH126_4mu_pTj1_pTj2_genbin3_recobin4 acc 0.0497 eff 0.1728 outinratio 0.0381 

WminusH126_4mu_pTj1_pTj2_genbin3_recobin4 acc 0.0254 eff 0.2047 outinratio 0.0786 

WplusH126_4mu_pTj1_pTj2_genbin3_recobin4 acc 0.0236 eff 0.1608 outinratio 0.0643 

ZH126_4mu_pTj1_pTj2_genbin3_recobin4 acc 0.024 eff 0.1986 outinratio 0.0682 

ttH126_4mu_pTj1_pTj2_genbin3_recobin4 acc 0.0161 eff 0.3697 outinratio 0.1422 

ggH126_4mu_pTj1_pTj2_genbin4_recobin4 acc 0.0175 eff 0.6876 outinratio 0.0444 

VBFH126_4mu_pTj1_pTj2_genbin4_recobin4 acc 0.1338 eff 0.6742 outinratio 0.0381 

WminusH126_4mu_pTj1_pTj2_genbin4_recobin4 acc 0.0775 eff 0.7003 outinratio 0.0786 

WplusH126_4mu_pTj1_pTj2_genbin4_recobin4 acc 0.0678 eff 0.7113 outinratio 0.0643 

ZH126_4mu_pTj1_pTj2_genbin4_recobin4 acc 0.0895 eff 0.7249 outinratio 0.0682 

ttH126_4mu_pTj1_pTj2_genbin4_recobin4 acc 0.3037 eff 0.7818 outinratio 0.1422 

ggH126_2e2mu_pTj1_pTj2_genbin0_recobin0 acc 0.2566 eff 0.4493 outinratio 0.0472 

VBFH126_2e2mu_pTj1_pTj2_genbin0_recobin0 acc 0.0379 eff 0.3679 outinratio 0.0427 

WminusH126_2e2mu_pTj1_pTj2_genbin0_recobin0 acc 0.0819 eff 0.351 outinratio 0.0728 

WplusH126_2e2mu_pTj1_pTj2_genbin0_recobin0 acc 0.0711 eff 0.3311 outinratio 0.0452 

ZH126_2e2mu_pTj1_pTj2_genbin0_recobin0 acc 0.0722 eff 0.3776 outinratio 0.0734 

ttH126_2e2mu_pTj1_pTj2_genbin0_recobin0 acc 0.001 eff 0.1761 outinratio 0.4806 

ggH126_2e2mu_pTj1_pTj2_genbin1_recobin0 acc 0.109 eff 0.0623 outinratio 0.0472 

VBFH126_2e2mu_pTj1_pTj2_genbin1_recobin0 acc 0.1708 eff 0.0418 outinratio 0.0427 

WminusH126_2e2mu_pTj1_pTj2_genbin1_recobin0 acc 0.113 eff 0.0329 outinratio 0.0728 

WplusH126_2e2mu_pTj1_pTj2_genbin1_recobin0 acc 0.1048 eff 0.0222 outinratio 0.0452 

ZH126_2e2mu_pTj1_pTj2_genbin1_recobin0 acc 0.1056 eff 0.0306 outinratio 0.0734 

ttH126_2e2mu_pTj1_pTj2_genbin1_recobin0 acc 0.0082 eff 0.0104 outinratio 0.4806 

ggH126_2e2mu_pTj1_pTj2_genbin2_recobin0 acc 0.0168 eff 0.0176 outinratio 0.0472 

VBFH126_2e2mu_pTj1_pTj2_genbin2_recobin0 acc 0.0581 eff 0.0128 outinratio 0.0427 

WminusH126_2e2mu_pTj1_pTj2_genbin2_recobin0 acc 0.0542 eff 0.0076 outinratio 0.0728 

WplusH126_2e2mu_pTj1_pTj2_genbin2_recobin0 acc 0.0452 eff 0.0109 outinratio 0.0452 

ZH126_2e2mu_pTj1_pTj2_genbin2_recobin0 acc 0.0551 eff 0.0102 outinratio 0.0734 

ttH126_2e2mu_pTj1_pTj2_genbin2_recobin0 acc 0.0142 eff 0.0 outinratio 0.4806 

ggH126_2e2mu_pTj1_pTj2_genbin3_recobin0 acc 0.0082 eff 0.0 outinratio 0.0472 

VBFH126_2e2mu_pTj1_pTj2_genbin3_recobin0 acc 0.0464 eff 0.0028 outinratio 0.0427 

WminusH126_2e2mu_pTj1_pTj2_genbin3_recobin0 acc 0.0234 eff 0.0007 outinratio 0.0728 

WplusH126_2e2mu_pTj1_pTj2_genbin3_recobin0 acc 0.0232 eff 0.0031 outinratio 0.0452 

ZH126_2e2mu_pTj1_pTj2_genbin3_recobin0 acc 0.0271 eff 0.0 outinratio 0.0734 

ttH126_2e2mu_pTj1_pTj2_genbin3_recobin0 acc 0.015 eff 0.0 outinratio 0.4806 

ggH126_2e2mu_pTj1_pTj2_genbin4_recobin0 acc 0.0174 eff 0.0 outinratio 0.0472 

VBFH126_2e2mu_pTj1_pTj2_genbin4_recobin0 acc 0.1263 eff 0.0019 outinratio 0.0427 

WminusH126_2e2mu_pTj1_pTj2_genbin4_recobin0 acc 0.0703 eff 0.0005 outinratio 0.0728 

WplusH126_2e2mu_pTj1_pTj2_genbin4_recobin0 acc 0.0693 eff 0.0005 outinratio 0.0452 

ZH126_2e2mu_pTj1_pTj2_genbin4_recobin0 acc 0.0846 eff 0.0 outinratio 0.0734 

ttH126_2e2mu_pTj1_pTj2_genbin4_recobin0 acc 0.2685 eff 0.0 outinratio 0.4806 

ggH126_2e2mu_pTj1_pTj2_genbin0_recobin1 acc 0.2566 eff 0.058 outinratio 0.0524 

VBFH126_2e2mu_pTj1_pTj2_genbin0_recobin1 acc 0.0379 eff 0.1188 outinratio 0.025 

WminusH126_2e2mu_pTj1_pTj2_genbin0_recobin1 acc 0.0819 eff 0.1235 outinratio 0.0752 

WplusH126_2e2mu_pTj1_pTj2_genbin0_recobin1 acc 0.0711 eff 0.1048 outinratio 0.0675 

ZH126_2e2mu_pTj1_pTj2_genbin0_recobin1 acc 0.0722 eff 0.0966 outinratio 0.0782 

ttH126_2e2mu_pTj1_pTj2_genbin0_recobin1 acc 0.001 eff 0.1686 outinratio 0.1545 

ggH126_2e2mu_pTj1_pTj2_genbin1_recobin1 acc 0.109 eff 0.4056 outinratio 0.0524 

VBFH126_2e2mu_pTj1_pTj2_genbin1_recobin1 acc 0.1708 eff 0.3823 outinratio 0.025 

WminusH126_2e2mu_pTj1_pTj2_genbin1_recobin1 acc 0.113 eff 0.3766 outinratio 0.0752 

WplusH126_2e2mu_pTj1_pTj2_genbin1_recobin1 acc 0.1048 eff 0.3739 outinratio 0.0675 

ZH126_2e2mu_pTj1_pTj2_genbin1_recobin1 acc 0.1056 eff 0.3855 outinratio 0.0782 

ttH126_2e2mu_pTj1_pTj2_genbin1_recobin1 acc 0.0082 eff 0.1479 outinratio 0.1545 

ggH126_2e2mu_pTj1_pTj2_genbin2_recobin1 acc 0.0168 eff 0.1696 outinratio 0.0524 

VBFH126_2e2mu_pTj1_pTj2_genbin2_recobin1 acc 0.0581 eff 0.1095 outinratio 0.025 

WminusH126_2e2mu_pTj1_pTj2_genbin2_recobin1 acc 0.0542 eff 0.1027 outinratio 0.0752 

WplusH126_2e2mu_pTj1_pTj2_genbin2_recobin1 acc 0.0452 eff 0.0974 outinratio 0.0675 

ZH126_2e2mu_pTj1_pTj2_genbin2_recobin1 acc 0.0551 eff 0.0961 outinratio 0.0782 

ttH126_2e2mu_pTj1_pTj2_genbin2_recobin1 acc 0.0142 eff 0.0523 outinratio 0.1545 

ggH126_2e2mu_pTj1_pTj2_genbin3_recobin1 acc 0.0082 eff 0.1486 outinratio 0.0524 

VBFH126_2e2mu_pTj1_pTj2_genbin3_recobin1 acc 0.0464 eff 0.1075 outinratio 0.025 

WminusH126_2e2mu_pTj1_pTj2_genbin3_recobin1 acc 0.0234 eff 0.0908 outinratio 0.0752 

WplusH126_2e2mu_pTj1_pTj2_genbin3_recobin1 acc 0.0232 eff 0.078 outinratio 0.0675 

ZH126_2e2mu_pTj1_pTj2_genbin3_recobin1 acc 0.0271 eff 0.0656 outinratio 0.0782 

ttH126_2e2mu_pTj1_pTj2_genbin3_recobin1 acc 0.015 eff 0.0359 outinratio 0.1545 

ggH126_2e2mu_pTj1_pTj2_genbin4_recobin1 acc 0.0174 eff 0.0152 outinratio 0.0524 

VBFH126_2e2mu_pTj1_pTj2_genbin4_recobin1 acc 0.1263 eff 0.0387 outinratio 0.025 

WminusH126_2e2mu_pTj1_pTj2_genbin4_recobin1 acc 0.0703 eff 0.0088 outinratio 0.0752 

WplusH126_2e2mu_pTj1_pTj2_genbin4_recobin1 acc 0.0693 eff 0.0064 outinratio 0.0675 

ZH126_2e2mu_pTj1_pTj2_genbin4_recobin1 acc 0.0846 eff 0.0142 outinratio 0.0782 

ttH126_2e2mu_pTj1_pTj2_genbin4_recobin1 acc 0.2685 eff 0.0009 outinratio 0.1545 

ggH126_2e2mu_pTj1_pTj2_genbin0_recobin2 acc 0.2566 eff 0.006 outinratio 0.0708 

VBFH126_2e2mu_pTj1_pTj2_genbin0_recobin2 acc 0.0379 eff 0.0236 outinratio 0.0308 

WminusH126_2e2mu_pTj1_pTj2_genbin0_recobin2 acc 0.0819 eff 0.0157 outinratio 0.1054 

WplusH126_2e2mu_pTj1_pTj2_genbin0_recobin2 acc 0.0711 eff 0.0256 outinratio 0.0584 

ZH126_2e2mu_pTj1_pTj2_genbin0_recobin2 acc 0.0722 eff 0.0137 outinratio 0.0624 

ttH126_2e2mu_pTj1_pTj2_genbin0_recobin2 acc 0.001 eff 0.0377 outinratio 0.1523 

ggH126_2e2mu_pTj1_pTj2_genbin1_recobin2 acc 0.109 eff 0.0425 outinratio 0.0708 

VBFH126_2e2mu_pTj1_pTj2_genbin1_recobin2 acc 0.1708 eff 0.0413 outinratio 0.0308 

WminusH126_2e2mu_pTj1_pTj2_genbin1_recobin2 acc 0.113 eff 0.0757 outinratio 0.1054 

WplusH126_2e2mu_pTj1_pTj2_genbin1_recobin2 acc 0.1048 eff 0.0708 outinratio 0.0584 

ZH126_2e2mu_pTj1_pTj2_genbin1_recobin2 acc 0.1056 eff 0.0582 outinratio 0.0624 

ttH126_2e2mu_pTj1_pTj2_genbin1_recobin2 acc 0.0082 eff 0.0522 outinratio 0.1523 

ggH126_2e2mu_pTj1_pTj2_genbin2_recobin2 acc 0.0168 eff 0.3249 outinratio 0.0708 

VBFH126_2e2mu_pTj1_pTj2_genbin2_recobin2 acc 0.0581 eff 0.264 outinratio 0.0308 

WminusH126_2e2mu_pTj1_pTj2_genbin2_recobin2 acc 0.0542 eff 0.3342 outinratio 0.1054 

WplusH126_2e2mu_pTj1_pTj2_genbin2_recobin2 acc 0.0452 eff 0.3251 outinratio 0.0584 

ZH126_2e2mu_pTj1_pTj2_genbin2_recobin2 acc 0.0551 eff 0.3091 outinratio 0.0624 

ttH126_2e2mu_pTj1_pTj2_genbin2_recobin2 acc 0.0142 eff 0.217 outinratio 0.1523 

ggH126_2e2mu_pTj1_pTj2_genbin3_recobin2 acc 0.0082 eff 0.0242 outinratio 0.0708 

VBFH126_2e2mu_pTj1_pTj2_genbin3_recobin2 acc 0.0464 eff 0.0329 outinratio 0.0308 

WminusH126_2e2mu_pTj1_pTj2_genbin3_recobin2 acc 0.0234 eff 0.0381 outinratio 0.1054 

WplusH126_2e2mu_pTj1_pTj2_genbin3_recobin2 acc 0.0232 eff 0.0312 outinratio 0.0584 

ZH126_2e2mu_pTj1_pTj2_genbin3_recobin2 acc 0.0271 eff 0.0462 outinratio 0.0624 

ttH126_2e2mu_pTj1_pTj2_genbin3_recobin2 acc 0.015 eff 0.0317 outinratio 0.1523 

ggH126_2e2mu_pTj1_pTj2_genbin4_recobin2 acc 0.0174 eff 0.0353 outinratio 0.0708 

VBFH126_2e2mu_pTj1_pTj2_genbin4_recobin2 acc 0.1263 eff 0.0194 outinratio 0.0308 

WminusH126_2e2mu_pTj1_pTj2_genbin4_recobin2 acc 0.0703 eff 0.0256 outinratio 0.1054 

WplusH126_2e2mu_pTj1_pTj2_genbin4_recobin2 acc 0.0693 eff 0.0252 outinratio 0.0584 

ZH126_2e2mu_pTj1_pTj2_genbin4_recobin2 acc 0.0846 eff 0.0264 outinratio 0.0624 

ttH126_2e2mu_pTj1_pTj2_genbin4_recobin2 acc 0.2685 eff 0.0081 outinratio 0.1523 

ggH126_2e2mu_pTj1_pTj2_genbin0_recobin3 acc 0.2566 eff 0.0 outinratio 0.0477 

VBFH126_2e2mu_pTj1_pTj2_genbin0_recobin3 acc 0.0379 eff 0.0011 outinratio 0.0319 

WminusH126_2e2mu_pTj1_pTj2_genbin0_recobin3 acc 0.0819 eff 0.0029 outinratio 0.0785 

WplusH126_2e2mu_pTj1_pTj2_genbin0_recobin3 acc 0.0711 eff 0.0036 outinratio 0.0795 

ZH126_2e2mu_pTj1_pTj2_genbin0_recobin3 acc 0.0722 eff 0.0059 outinratio 0.0544 

ttH126_2e2mu_pTj1_pTj2_genbin0_recobin3 acc 0.001 eff 0.0648 outinratio 0.225 

ggH126_2e2mu_pTj1_pTj2_genbin1_recobin3 acc 0.109 eff 0.0146 outinratio 0.0477 

VBFH126_2e2mu_pTj1_pTj2_genbin1_recobin3 acc 0.1708 eff 0.0383 outinratio 0.0319 

WminusH126_2e2mu_pTj1_pTj2_genbin1_recobin3 acc 0.113 eff 0.0226 outinratio 0.0785 

WplusH126_2e2mu_pTj1_pTj2_genbin1_recobin3 acc 0.1048 eff 0.0306 outinratio 0.0795 

ZH126_2e2mu_pTj1_pTj2_genbin1_recobin3 acc 0.1056 eff 0.0186 outinratio 0.0544 

ttH126_2e2mu_pTj1_pTj2_genbin1_recobin3 acc 0.0082 eff 0.06 outinratio 0.225 

ggH126_2e2mu_pTj1_pTj2_genbin2_recobin3 acc 0.0168 eff 0.0244 outinratio 0.0477 

VBFH126_2e2mu_pTj1_pTj2_genbin2_recobin3 acc 0.0581 eff 0.0372 outinratio 0.0319 

WminusH126_2e2mu_pTj1_pTj2_genbin2_recobin3 acc 0.0542 eff 0.0285 outinratio 0.0785 

WplusH126_2e2mu_pTj1_pTj2_genbin2_recobin3 acc 0.0452 eff 0.0344 outinratio 0.0795 

ZH126_2e2mu_pTj1_pTj2_genbin2_recobin3 acc 0.0551 eff 0.0195 outinratio 0.0544 

ttH126_2e2mu_pTj1_pTj2_genbin2_recobin3 acc 0.0142 eff 0.0384 outinratio 0.225 

ggH126_2e2mu_pTj1_pTj2_genbin3_recobin3 acc 0.0082 eff 0.4134 outinratio 0.0477 

VBFH126_2e2mu_pTj1_pTj2_genbin3_recobin3 acc 0.0464 eff 0.2749 outinratio 0.0319 

WminusH126_2e2mu_pTj1_pTj2_genbin3_recobin3 acc 0.0234 eff 0.3121 outinratio 0.0785 

WplusH126_2e2mu_pTj1_pTj2_genbin3_recobin3 acc 0.0232 eff 0.2664 outinratio 0.0795 

ZH126_2e2mu_pTj1_pTj2_genbin3_recobin3 acc 0.0271 eff 0.2964 outinratio 0.0544 

ttH126_2e2mu_pTj1_pTj2_genbin3_recobin3 acc 0.015 eff 0.2274 outinratio 0.225 

ggH126_2e2mu_pTj1_pTj2_genbin4_recobin3 acc 0.0174 eff 0.0387 outinratio 0.0477 

VBFH126_2e2mu_pTj1_pTj2_genbin4_recobin3 acc 0.1263 eff 0.041 outinratio 0.0319 

WminusH126_2e2mu_pTj1_pTj2_genbin4_recobin3 acc 0.0703 eff 0.0277 outinratio 0.0785 

WplusH126_2e2mu_pTj1_pTj2_genbin4_recobin3 acc 0.0693 eff 0.028 outinratio 0.0795 

ZH126_2e2mu_pTj1_pTj2_genbin4_recobin3 acc 0.0846 eff 0.0293 outinratio 0.0544 

ttH126_2e2mu_pTj1_pTj2_genbin4_recobin3 acc 0.2685 eff 0.0085 outinratio 0.225 

ggH126_2e2mu_pTj1_pTj2_genbin0_recobin4 acc 0.2566 eff 0.0006 outinratio 0.0672 

VBFH126_2e2mu_pTj1_pTj2_genbin0_recobin4 acc 0.0379 eff 0.0 outinratio 0.0302 

WminusH126_2e2mu_pTj1_pTj2_genbin0_recobin4 acc 0.0819 eff 0.0032 outinratio 0.0932 

WplusH126_2e2mu_pTj1_pTj2_genbin0_recobin4 acc 0.0711 eff 0.0 outinratio 0.058 

ZH126_2e2mu_pTj1_pTj2_genbin0_recobin4 acc 0.0722 eff 0.0066 outinratio 0.0971 

ttH126_2e2mu_pTj1_pTj2_genbin0_recobin4 acc 0.001 eff 0.0317 outinratio 0.1884 

ggH126_2e2mu_pTj1_pTj2_genbin1_recobin4 acc 0.109 eff 0.0067 outinratio 0.0672 

VBFH126_2e2mu_pTj1_pTj2_genbin1_recobin4 acc 0.1708 eff 0.0174 outinratio 0.0302 

WminusH126_2e2mu_pTj1_pTj2_genbin1_recobin4 acc 0.113 eff 0.0167 outinratio 0.0932 

WplusH126_2e2mu_pTj1_pTj2_genbin1_recobin4 acc 0.1048 eff 0.0186 outinratio 0.058 

ZH126_2e2mu_pTj1_pTj2_genbin1_recobin4 acc 0.1056 eff 0.0166 outinratio 0.0971 

ttH126_2e2mu_pTj1_pTj2_genbin1_recobin4 acc 0.0082 eff 0.2044 outinratio 0.1884 

ggH126_2e2mu_pTj1_pTj2_genbin2_recobin4 acc 0.0168 eff 0.0396 outinratio 0.0672 

VBFH126_2e2mu_pTj1_pTj2_genbin2_recobin4 acc 0.0581 eff 0.0834 outinratio 0.0302 

WminusH126_2e2mu_pTj1_pTj2_genbin2_recobin4 acc 0.0542 eff 0.0627 outinratio 0.0932 

WplusH126_2e2mu_pTj1_pTj2_genbin2_recobin4 acc 0.0452 eff 0.0722 outinratio 0.058 

ZH126_2e2mu_pTj1_pTj2_genbin2_recobin4 acc 0.0551 eff 0.063 outinratio 0.0971 

ttH126_2e2mu_pTj1_pTj2_genbin2_recobin4 acc 0.0142 eff 0.1722 outinratio 0.1884 

ggH126_2e2mu_pTj1_pTj2_genbin3_recobin4 acc 0.0082 eff 0.0294 outinratio 0.0672 

VBFH126_2e2mu_pTj1_pTj2_genbin3_recobin4 acc 0.0464 eff 0.1156 outinratio 0.0302 

WminusH126_2e2mu_pTj1_pTj2_genbin3_recobin4 acc 0.0234 eff 0.1097 outinratio 0.0932 

WplusH126_2e2mu_pTj1_pTj2_genbin3_recobin4 acc 0.0232 eff 0.1327 outinratio 0.058 

ZH126_2e2mu_pTj1_pTj2_genbin3_recobin4 acc 0.0271 eff 0.1381 outinratio 0.0971 

ttH126_2e2mu_pTj1_pTj2_genbin3_recobin4 acc 0.015 eff 0.2311 outinratio 0.1884 

ggH126_2e2mu_pTj1_pTj2_genbin4_recobin4 acc 0.0174 eff 0.4889 outinratio 0.0672 

VBFH126_2e2mu_pTj1_pTj2_genbin4_recobin4 acc 0.1263 eff 0.4782 outinratio 0.0302 

WminusH126_2e2mu_pTj1_pTj2_genbin4_recobin4 acc 0.0703 eff 0.4586 outinratio 0.0932 

WplusH126_2e2mu_pTj1_pTj2_genbin4_recobin4 acc 0.0693 eff 0.473 outinratio 0.058 

ZH126_2e2mu_pTj1_pTj2_genbin4_recobin4 acc 0.0846 eff 0.4675 outinratio 0.0971 

ttH126_2e2mu_pTj1_pTj2_genbin4_recobin4 acc 0.2685 eff 0.5005 outinratio 0.1884 

Coeff fullNNLOPS
