Welcome in RunCoefficients!
OPT SPLIT
DEBUG opt.YEAR = 2022EE_1
It is a double-differential measurement, binning for the 1st variable {0: [-100.0, 30.0], 1: [30.0, 10000.0], 2: [30.0, 80.0], 3: [80.0, 10000.0], 4: [30.0, 10000.0]} and for the 2nd variable {0: [-100.0, 30.0], 1: [-100.0, 30.0], 2: [30.0, 50.0], 3: [30.0, 50.0], 4: [50.0, 10000.0]}
{0: [-100.0, 30.0, -100.0, 30.0], 1: [30.0, 10000.0, -100.0, 30.0], 2: [30.0, 80.0, 30.0, 50.0], 3: [80.0, 10000.0, 30.0, 50.0], 4: [30.0, 10000.0, 50.0, 10000.0]}
pTj1
Following observables extracted from dictionary: RECO =  pTj1  GEN =  GENpTj1
It is a double-differential measurement: RECO_2nd =  pTj2  GEN_2nd =  GENpTj2
LUMI: 4.4454666666666665
ttH126 0.00016778591
Processing ggH126 2022EE_1
Signal created
Signal failed created
Processing VBFH126 2022EE_1
Signal created
Signal failed created
Processing WminusH126 2022EE_1
Signal created
Signal failed created
Processing WplusH126 2022EE_1
Signal created
Signal failed created
Processing ZH126 2022EE_1
Signal created
Signal failed created
Processing ttH126 2022EE_1
Signal created
Signal failed created
2022EE_1 SKIMMED df CREATED
2022EE_1 ggH126
2022EE_1 VBFH126
2022EE_1 WminusH126
2022EE_1 WplusH126
2022EE_1 ZH126
2022EE_1 ttH126
Dataframes created successfully
Coeff std
ggH126_4l_pTj1_pTj2_genbin0_recobin0 acc 0.2937 eff 0.4341 outinratio 0.0081 

VBFH126_4l_pTj1_pTj2_genbin0_recobin0 acc 0.0698 eff 0.3483 outinratio 0.0155 

WminusH126_4l_pTj1_pTj2_genbin0_recobin0 acc 0.1019 eff 0.336 outinratio 0.0298 

WplusH126_4l_pTj1_pTj2_genbin0_recobin0 acc 0.0885 eff 0.3374 outinratio 0.0314 

ZH126_4l_pTj1_pTj2_genbin0_recobin0 acc 0.0826 eff 0.3949 outinratio 0.0737 

ttH126_4l_pTj1_pTj2_genbin0_recobin0 acc 0.0017 eff 0.1547 outinratio 0.0112 

ggH126_4l_pTj1_pTj2_genbin1_recobin0 acc 0.1096 eff 0.0624 outinratio 0.0081 

VBFH126_4l_pTj1_pTj2_genbin1_recobin0 acc 0.2195 eff 0.0389 outinratio 0.0155 

WminusH126_4l_pTj1_pTj2_genbin1_recobin0 acc 0.1362 eff 0.0329 outinratio 0.0298 

WplusH126_4l_pTj1_pTj2_genbin1_recobin0 acc 0.1191 eff 0.0316 outinratio 0.0314 

ZH126_4l_pTj1_pTj2_genbin1_recobin0 acc 0.1269 eff 0.0458 outinratio 0.0737 

ttH126_4l_pTj1_pTj2_genbin1_recobin0 acc 0.0141 eff 0.02 outinratio 0.0112 

ggH126_4l_pTj1_pTj2_genbin2_recobin0 acc 0.0158 eff 0.0125 outinratio 0.0081 

VBFH126_4l_pTj1_pTj2_genbin2_recobin0 acc 0.0346 eff 0.0133 outinratio 0.0155 

WminusH126_4l_pTj1_pTj2_genbin2_recobin0 acc 0.0631 eff 0.0101 outinratio 0.0298 

WplusH126_4l_pTj1_pTj2_genbin2_recobin0 acc 0.0509 eff 0.0067 outinratio 0.0314 

ZH126_4l_pTj1_pTj2_genbin2_recobin0 acc 0.0621 eff 0.0137 outinratio 0.0737 

ttH126_4l_pTj1_pTj2_genbin2_recobin0 acc 0.0219 eff 0.0073 outinratio 0.0112 

ggH126_4l_pTj1_pTj2_genbin3_recobin0 acc 0.0082 eff 0.0 outinratio 0.0081 

VBFH126_4l_pTj1_pTj2_genbin3_recobin0 acc 0.0271 eff 0.0 outinratio 0.0155 

WminusH126_4l_pTj1_pTj2_genbin3_recobin0 acc 0.0261 eff 0.0006 outinratio 0.0298 

WplusH126_4l_pTj1_pTj2_genbin3_recobin0 acc 0.0247 eff 0.0 outinratio 0.0314 

ZH126_4l_pTj1_pTj2_genbin3_recobin0 acc 0.027 eff 0.0008 outinratio 0.0737 

ttH126_4l_pTj1_pTj2_genbin3_recobin0 acc 0.0241 eff 0.0018 outinratio 0.0112 

ggH126_4l_pTj1_pTj2_genbin4_recobin0 acc 0.0192 eff 0.0004 outinratio 0.0081 

VBFH126_4l_pTj1_pTj2_genbin4_recobin0 acc 0.1386 eff 0.0042 outinratio 0.0155 

WminusH126_4l_pTj1_pTj2_genbin4_recobin0 acc 0.0853 eff 0.0007 outinratio 0.0298 

WplusH126_4l_pTj1_pTj2_genbin4_recobin0 acc 0.0844 eff 0.0001 outinratio 0.0314 

ZH126_4l_pTj1_pTj2_genbin4_recobin0 acc 0.0923 eff 0.0005 outinratio 0.0737 

ttH126_4l_pTj1_pTj2_genbin4_recobin0 acc 0.428 eff 0.0001 outinratio 0.0112 

ggH126_4l_pTj1_pTj2_genbin0_recobin1 acc 0.2937 eff 0.0502 outinratio 0.0076 

VBFH126_4l_pTj1_pTj2_genbin0_recobin1 acc 0.0698 eff 0.1246 outinratio 0.0077 

WminusH126_4l_pTj1_pTj2_genbin0_recobin1 acc 0.1019 eff 0.1168 outinratio 0.0173 

WplusH126_4l_pTj1_pTj2_genbin0_recobin1 acc 0.0885 eff 0.1109 outinratio 0.0138 

ZH126_4l_pTj1_pTj2_genbin0_recobin1 acc 0.0826 eff 0.066 outinratio 0.0669 

ttH126_4l_pTj1_pTj2_genbin0_recobin1 acc 0.0017 eff 0.155 outinratio 0.1839 

ggH126_4l_pTj1_pTj2_genbin1_recobin1 acc 0.1096 eff 0.3792 outinratio 0.0076 

VBFH126_4l_pTj1_pTj2_genbin1_recobin1 acc 0.2195 eff 0.3978 outinratio 0.0077 

WminusH126_4l_pTj1_pTj2_genbin1_recobin1 acc 0.1362 eff 0.3416 outinratio 0.0173 

WplusH126_4l_pTj1_pTj2_genbin1_recobin1 acc 0.1191 eff 0.3338 outinratio 0.0138 

ZH126_4l_pTj1_pTj2_genbin1_recobin1 acc 0.1269 eff 0.328 outinratio 0.0669 

ttH126_4l_pTj1_pTj2_genbin1_recobin1 acc 0.0141 eff 0.1397 outinratio 0.1839 

ggH126_4l_pTj1_pTj2_genbin2_recobin1 acc 0.0158 eff 0.1341 outinratio 0.0076 

VBFH126_4l_pTj1_pTj2_genbin2_recobin1 acc 0.0346 eff 0.1377 outinratio 0.0077 

WminusH126_4l_pTj1_pTj2_genbin2_recobin1 acc 0.0631 eff 0.0959 outinratio 0.0173 

WplusH126_4l_pTj1_pTj2_genbin2_recobin1 acc 0.0509 eff 0.1031 outinratio 0.0138 

ZH126_4l_pTj1_pTj2_genbin2_recobin1 acc 0.0621 eff 0.1109 outinratio 0.0669 

ttH126_4l_pTj1_pTj2_genbin2_recobin1 acc 0.0219 eff 0.0343 outinratio 0.1839 

ggH126_4l_pTj1_pTj2_genbin3_recobin1 acc 0.0082 eff 0.0956 outinratio 0.0076 

VBFH126_4l_pTj1_pTj2_genbin3_recobin1 acc 0.0271 eff 0.1483 outinratio 0.0077 

WminusH126_4l_pTj1_pTj2_genbin3_recobin1 acc 0.0261 eff 0.0877 outinratio 0.0173 

WplusH126_4l_pTj1_pTj2_genbin3_recobin1 acc 0.0247 eff 0.0774 outinratio 0.0138 

ZH126_4l_pTj1_pTj2_genbin3_recobin1 acc 0.027 eff 0.1023 outinratio 0.0669 

ttH126_4l_pTj1_pTj2_genbin3_recobin1 acc 0.0241 eff 0.0267 outinratio 0.1839 

ggH126_4l_pTj1_pTj2_genbin4_recobin1 acc 0.0192 eff 0.0293 outinratio 0.0076 

VBFH126_4l_pTj1_pTj2_genbin4_recobin1 acc 0.1386 eff 0.0599 outinratio 0.0077 

WminusH126_4l_pTj1_pTj2_genbin4_recobin1 acc 0.0853 eff 0.0124 outinratio 0.0173 

WplusH126_4l_pTj1_pTj2_genbin4_recobin1 acc 0.0844 eff 0.0151 outinratio 0.0138 

ZH126_4l_pTj1_pTj2_genbin4_recobin1 acc 0.0923 eff 0.0171 outinratio 0.0669 

ttH126_4l_pTj1_pTj2_genbin4_recobin1 acc 0.428 eff 0.0023 outinratio 0.1839 

ggH126_4l_pTj1_pTj2_genbin0_recobin2 acc 0.2937 eff 0.0044 outinratio 0.0019 

VBFH126_4l_pTj1_pTj2_genbin0_recobin2 acc 0.0698 eff 0.0142 outinratio 0.004 

WminusH126_4l_pTj1_pTj2_genbin0_recobin2 acc 0.1019 eff 0.0097 outinratio 0.0151 

WplusH126_4l_pTj1_pTj2_genbin0_recobin2 acc 0.0885 eff 0.0113 outinratio 0.0113 

ZH126_4l_pTj1_pTj2_genbin0_recobin2 acc 0.0826 eff 0.0066 outinratio 0.0473 

ttH126_4l_pTj1_pTj2_genbin0_recobin2 acc 0.0017 eff 0.0273 outinratio 0.1123 

ggH126_4l_pTj1_pTj2_genbin1_recobin2 acc 0.1096 eff 0.0332 outinratio 0.0019 

VBFH126_4l_pTj1_pTj2_genbin1_recobin2 acc 0.2195 eff 0.0195 outinratio 0.004 

WminusH126_4l_pTj1_pTj2_genbin1_recobin2 acc 0.1362 eff 0.0571 outinratio 0.0151 

WplusH126_4l_pTj1_pTj2_genbin1_recobin2 acc 0.1191 eff 0.0562 outinratio 0.0113 

ZH126_4l_pTj1_pTj2_genbin1_recobin2 acc 0.1269 eff 0.0462 outinratio 0.0473 

ttH126_4l_pTj1_pTj2_genbin1_recobin2 acc 0.0141 eff 0.0311 outinratio 0.1123 

ggH126_4l_pTj1_pTj2_genbin2_recobin2 acc 0.0158 eff 0.2744 outinratio 0.0019 

VBFH126_4l_pTj1_pTj2_genbin2_recobin2 acc 0.0346 eff 0.1991 outinratio 0.004 

WminusH126_4l_pTj1_pTj2_genbin2_recobin2 acc 0.0631 eff 0.2731 outinratio 0.0151 

WplusH126_4l_pTj1_pTj2_genbin2_recobin2 acc 0.0509 eff 0.2719 outinratio 0.0113 

ZH126_4l_pTj1_pTj2_genbin2_recobin2 acc 0.0621 eff 0.2508 outinratio 0.0473 

ttH126_4l_pTj1_pTj2_genbin2_recobin2 acc 0.0219 eff 0.1554 outinratio 0.1123 

ggH126_4l_pTj1_pTj2_genbin3_recobin2 acc 0.0082 eff 0.0452 outinratio 0.0019 

VBFH126_4l_pTj1_pTj2_genbin3_recobin2 acc 0.0271 eff 0.0327 outinratio 0.004 

WminusH126_4l_pTj1_pTj2_genbin3_recobin2 acc 0.0261 eff 0.0301 outinratio 0.0151 

WplusH126_4l_pTj1_pTj2_genbin3_recobin2 acc 0.0247 eff 0.0338 outinratio 0.0113 

ZH126_4l_pTj1_pTj2_genbin3_recobin2 acc 0.027 eff 0.0325 outinratio 0.0473 

ttH126_4l_pTj1_pTj2_genbin3_recobin2 acc 0.0241 eff 0.0269 outinratio 0.1123 

ggH126_4l_pTj1_pTj2_genbin4_recobin2 acc 0.0192 eff 0.0274 outinratio 0.0019 

VBFH126_4l_pTj1_pTj2_genbin4_recobin2 acc 0.1386 eff 0.0158 outinratio 0.004 

WminusH126_4l_pTj1_pTj2_genbin4_recobin2 acc 0.0853 eff 0.0226 outinratio 0.0151 

WplusH126_4l_pTj1_pTj2_genbin4_recobin2 acc 0.0844 eff 0.0203 outinratio 0.0113 

ZH126_4l_pTj1_pTj2_genbin4_recobin2 acc 0.0923 eff 0.0245 outinratio 0.0473 

ttH126_4l_pTj1_pTj2_genbin4_recobin2 acc 0.428 eff 0.0072 outinratio 0.1123 

ggH126_4l_pTj1_pTj2_genbin0_recobin3 acc 0.2937 eff 0.0001 outinratio 0.0106 

VBFH126_4l_pTj1_pTj2_genbin0_recobin3 acc 0.0698 eff 0.0018 outinratio 0.0069 

WminusH126_4l_pTj1_pTj2_genbin0_recobin3 acc 0.1019 eff 0.0018 outinratio 0.0155 

WplusH126_4l_pTj1_pTj2_genbin0_recobin3 acc 0.0885 eff 0.0021 outinratio 0.0172 

ZH126_4l_pTj1_pTj2_genbin0_recobin3 acc 0.0826 eff 0.0006 outinratio 0.0283 

ttH126_4l_pTj1_pTj2_genbin0_recobin3 acc 0.0017 eff 0.0 outinratio 0.0785 

ggH126_4l_pTj1_pTj2_genbin1_recobin3 acc 0.1096 eff 0.0103 outinratio 0.0106 

VBFH126_4l_pTj1_pTj2_genbin1_recobin3 acc 0.2195 eff 0.0209 outinratio 0.0069 

WminusH126_4l_pTj1_pTj2_genbin1_recobin3 acc 0.1362 eff 0.0243 outinratio 0.0155 

WplusH126_4l_pTj1_pTj2_genbin1_recobin3 acc 0.1191 eff 0.0257 outinratio 0.0172 

ZH126_4l_pTj1_pTj2_genbin1_recobin3 acc 0.1269 eff 0.0225 outinratio 0.0283 

ttH126_4l_pTj1_pTj2_genbin1_recobin3 acc 0.0141 eff 0.0432 outinratio 0.0785 

ggH126_4l_pTj1_pTj2_genbin2_recobin3 acc 0.0158 eff 0.02 outinratio 0.0106 

VBFH126_4l_pTj1_pTj2_genbin2_recobin3 acc 0.0346 eff 0.0611 outinratio 0.0069 

WminusH126_4l_pTj1_pTj2_genbin2_recobin3 acc 0.0631 eff 0.0247 outinratio 0.0155 

WplusH126_4l_pTj1_pTj2_genbin2_recobin3 acc 0.0509 eff 0.0277 outinratio 0.0172 

ZH126_4l_pTj1_pTj2_genbin2_recobin3 acc 0.0621 eff 0.0262 outinratio 0.0283 

ttH126_4l_pTj1_pTj2_genbin2_recobin3 acc 0.0219 eff 0.0313 outinratio 0.0785 

ggH126_4l_pTj1_pTj2_genbin3_recobin3 acc 0.0082 eff 0.2981 outinratio 0.0106 

VBFH126_4l_pTj1_pTj2_genbin3_recobin3 acc 0.0271 eff 0.2546 outinratio 0.0069 

WminusH126_4l_pTj1_pTj2_genbin3_recobin3 acc 0.0261 eff 0.2603 outinratio 0.0155 

WplusH126_4l_pTj1_pTj2_genbin3_recobin3 acc 0.0247 eff 0.2699 outinratio 0.0172 

ZH126_4l_pTj1_pTj2_genbin3_recobin3 acc 0.027 eff 0.253 outinratio 0.0283 

ttH126_4l_pTj1_pTj2_genbin3_recobin3 acc 0.0241 eff 0.1398 outinratio 0.0785 

ggH126_4l_pTj1_pTj2_genbin4_recobin3 acc 0.0192 eff 0.0331 outinratio 0.0106 

VBFH126_4l_pTj1_pTj2_genbin4_recobin3 acc 0.1386 eff 0.0211 outinratio 0.0069 

WminusH126_4l_pTj1_pTj2_genbin4_recobin3 acc 0.0853 eff 0.0248 outinratio 0.0155 

WplusH126_4l_pTj1_pTj2_genbin4_recobin3 acc 0.0844 eff 0.0304 outinratio 0.0172 

ZH126_4l_pTj1_pTj2_genbin4_recobin3 acc 0.0923 eff 0.0307 outinratio 0.0283 

ttH126_4l_pTj1_pTj2_genbin4_recobin3 acc 0.428 eff 0.009 outinratio 0.0785 

ggH126_4l_pTj1_pTj2_genbin0_recobin4 acc 0.2937 eff 0.0006 outinratio 0.0071 

VBFH126_4l_pTj1_pTj2_genbin0_recobin4 acc 0.0698 eff 0.0073 outinratio 0.0038 

WminusH126_4l_pTj1_pTj2_genbin0_recobin4 acc 0.1019 eff 0.0018 outinratio 0.01 

WplusH126_4l_pTj1_pTj2_genbin0_recobin4 acc 0.0885 eff 0.0024 outinratio 0.0129 

ZH126_4l_pTj1_pTj2_genbin0_recobin4 acc 0.0826 eff 0.0012 outinratio 0.034 

ttH126_4l_pTj1_pTj2_genbin0_recobin4 acc 0.0017 eff 0.0628 outinratio 0.0372 

ggH126_4l_pTj1_pTj2_genbin1_recobin4 acc 0.1096 eff 0.0088 outinratio 0.0071 

VBFH126_4l_pTj1_pTj2_genbin1_recobin4 acc 0.2195 eff 0.0406 outinratio 0.0038 

WminusH126_4l_pTj1_pTj2_genbin1_recobin4 acc 0.1362 eff 0.022 outinratio 0.01 

WplusH126_4l_pTj1_pTj2_genbin1_recobin4 acc 0.1191 eff 0.0234 outinratio 0.0129 

ZH126_4l_pTj1_pTj2_genbin1_recobin4 acc 0.1269 eff 0.0184 outinratio 0.034 

ttH126_4l_pTj1_pTj2_genbin1_recobin4 acc 0.0141 eff 0.0969 outinratio 0.0372 

ggH126_4l_pTj1_pTj2_genbin2_recobin4 acc 0.0158 eff 0.0586 outinratio 0.0071 

VBFH126_4l_pTj1_pTj2_genbin2_recobin4 acc 0.0346 eff 0.1029 outinratio 0.0038 

WminusH126_4l_pTj1_pTj2_genbin2_recobin4 acc 0.0631 eff 0.068 outinratio 0.01 

WplusH126_4l_pTj1_pTj2_genbin2_recobin4 acc 0.0509 eff 0.0623 outinratio 0.0129 

ZH126_4l_pTj1_pTj2_genbin2_recobin4 acc 0.0621 eff 0.0567 outinratio 0.034 

ttH126_4l_pTj1_pTj2_genbin2_recobin4 acc 0.0219 eff 0.1134 outinratio 0.0372 

ggH126_4l_pTj1_pTj2_genbin3_recobin4 acc 0.0082 eff 0.0751 outinratio 0.0071 

VBFH126_4l_pTj1_pTj2_genbin3_recobin4 acc 0.0271 eff 0.1461 outinratio 0.0038 

WminusH126_4l_pTj1_pTj2_genbin3_recobin4 acc 0.0261 eff 0.1254 outinratio 0.01 

WplusH126_4l_pTj1_pTj2_genbin3_recobin4 acc 0.0247 eff 0.135 outinratio 0.0129 

ZH126_4l_pTj1_pTj2_genbin3_recobin4 acc 0.027 eff 0.106 outinratio 0.034 

ttH126_4l_pTj1_pTj2_genbin3_recobin4 acc 0.0241 eff 0.1506 outinratio 0.0372 

ggH126_4l_pTj1_pTj2_genbin4_recobin4 acc 0.0192 eff 0.4247 outinratio 0.0071 

VBFH126_4l_pTj1_pTj2_genbin4_recobin4 acc 0.1386 eff 0.4523 outinratio 0.0038 

WminusH126_4l_pTj1_pTj2_genbin4_recobin4 acc 0.0853 eff 0.4406 outinratio 0.01 

WplusH126_4l_pTj1_pTj2_genbin4_recobin4 acc 0.0844 eff 0.4379 outinratio 0.0129 

ZH126_4l_pTj1_pTj2_genbin4_recobin4 acc 0.0923 eff 0.4364 outinratio 0.034 

ttH126_4l_pTj1_pTj2_genbin4_recobin4 acc 0.428 eff 0.3782 outinratio 0.0372 

ggH126_4e_pTj1_pTj2_genbin0_recobin0 acc 0.2815 eff 0.2794 outinratio 0.0122 

VBFH126_4e_pTj1_pTj2_genbin0_recobin0 acc 0.0658 eff 0.2291 outinratio 0.034 

WminusH126_4e_pTj1_pTj2_genbin0_recobin0 acc 0.097 eff 0.2203 outinratio 0.039 

WplusH126_4e_pTj1_pTj2_genbin0_recobin0 acc 0.0882 eff 0.2338 outinratio 0.0342 

ZH126_4e_pTj1_pTj2_genbin0_recobin0 acc 0.0779 eff 0.2703 outinratio 0.0824 

ttH126_4e_pTj1_pTj2_genbin0_recobin0 acc 0.0015 eff 0.0847 outinratio 0.0 

ggH126_4e_pTj1_pTj2_genbin1_recobin0 acc 0.1056 eff 0.0339 outinratio 0.0122 

VBFH126_4e_pTj1_pTj2_genbin1_recobin0 acc 0.2123 eff 0.0212 outinratio 0.034 

WminusH126_4e_pTj1_pTj2_genbin1_recobin0 acc 0.1283 eff 0.0237 outinratio 0.039 

WplusH126_4e_pTj1_pTj2_genbin1_recobin0 acc 0.1123 eff 0.021 outinratio 0.0342 

ZH126_4e_pTj1_pTj2_genbin1_recobin0 acc 0.1225 eff 0.0357 outinratio 0.0824 

ttH126_4e_pTj1_pTj2_genbin1_recobin0 acc 0.0143 eff 0.0154 outinratio 0.0 

ggH126_4e_pTj1_pTj2_genbin2_recobin0 acc 0.0152 eff 0.0059 outinratio 0.0122 

VBFH126_4e_pTj1_pTj2_genbin2_recobin0 acc 0.032 eff 0.0087 outinratio 0.034 

WminusH126_4e_pTj1_pTj2_genbin2_recobin0 acc 0.0623 eff 0.0094 outinratio 0.039 

WplusH126_4e_pTj1_pTj2_genbin2_recobin0 acc 0.0493 eff 0.005 outinratio 0.0342 

ZH126_4e_pTj1_pTj2_genbin2_recobin0 acc 0.0596 eff 0.0059 outinratio 0.0824 

ttH126_4e_pTj1_pTj2_genbin2_recobin0 acc 0.0212 eff 0.0034 outinratio 0.0 

ggH126_4e_pTj1_pTj2_genbin3_recobin0 acc 0.0089 eff 0.0 outinratio 0.0122 

VBFH126_4e_pTj1_pTj2_genbin3_recobin0 acc 0.0238 eff 0.0 outinratio 0.034 

WminusH126_4e_pTj1_pTj2_genbin3_recobin0 acc 0.0247 eff 0.0 outinratio 0.039 

WplusH126_4e_pTj1_pTj2_genbin3_recobin0 acc 0.024 eff 0.0 outinratio 0.0342 

ZH126_4e_pTj1_pTj2_genbin3_recobin0 acc 0.0268 eff 0.0 outinratio 0.0824 

ttH126_4e_pTj1_pTj2_genbin3_recobin0 acc 0.0228 eff 0.0074 outinratio 0.0 

ggH126_4e_pTj1_pTj2_genbin4_recobin0 acc 0.0185 eff 0.0 outinratio 0.0122 

VBFH126_4e_pTj1_pTj2_genbin4_recobin0 acc 0.1309 eff 0.0043 outinratio 0.034 

WminusH126_4e_pTj1_pTj2_genbin4_recobin0 acc 0.0839 eff 0.0007 outinratio 0.039 

WplusH126_4e_pTj1_pTj2_genbin4_recobin0 acc 0.0811 eff 0.0 outinratio 0.0342 

ZH126_4e_pTj1_pTj2_genbin4_recobin0 acc 0.0865 eff 0.0 outinratio 0.0824 

ttH126_4e_pTj1_pTj2_genbin4_recobin0 acc 0.4121 eff 0.0 outinratio 0.0 

ggH126_4e_pTj1_pTj2_genbin0_recobin1 acc 0.2815 eff 0.0334 outinratio 0.0143 

VBFH126_4e_pTj1_pTj2_genbin0_recobin1 acc 0.0658 eff 0.0773 outinratio 0.017 

WminusH126_4e_pTj1_pTj2_genbin0_recobin1 acc 0.097 eff 0.0691 outinratio 0.0252 

WplusH126_4e_pTj1_pTj2_genbin0_recobin1 acc 0.0882 eff 0.0714 outinratio 0.0143 

ZH126_4e_pTj1_pTj2_genbin0_recobin1 acc 0.0779 eff 0.0427 outinratio 0.0625 

ttH126_4e_pTj1_pTj2_genbin0_recobin1 acc 0.0015 eff 0.167 outinratio 0.1379 

ggH126_4e_pTj1_pTj2_genbin1_recobin1 acc 0.1056 eff 0.2555 outinratio 0.0143 

VBFH126_4e_pTj1_pTj2_genbin1_recobin1 acc 0.2123 eff 0.2736 outinratio 0.017 

WminusH126_4e_pTj1_pTj2_genbin1_recobin1 acc 0.1283 eff 0.2221 outinratio 0.0252 

WplusH126_4e_pTj1_pTj2_genbin1_recobin1 acc 0.1123 eff 0.2163 outinratio 0.0143 

ZH126_4e_pTj1_pTj2_genbin1_recobin1 acc 0.1225 eff 0.2154 outinratio 0.0625 

ttH126_4e_pTj1_pTj2_genbin1_recobin1 acc 0.0143 eff 0.0991 outinratio 0.1379 

ggH126_4e_pTj1_pTj2_genbin2_recobin1 acc 0.0152 eff 0.0747 outinratio 0.0143 

VBFH126_4e_pTj1_pTj2_genbin2_recobin1 acc 0.032 eff 0.1198 outinratio 0.017 

WminusH126_4e_pTj1_pTj2_genbin2_recobin1 acc 0.0623 eff 0.0652 outinratio 0.0252 

WplusH126_4e_pTj1_pTj2_genbin2_recobin1 acc 0.0493 eff 0.0557 outinratio 0.0143 

ZH126_4e_pTj1_pTj2_genbin2_recobin1 acc 0.0596 eff 0.0709 outinratio 0.0625 

ttH126_4e_pTj1_pTj2_genbin2_recobin1 acc 0.0212 eff 0.0125 outinratio 0.1379 

ggH126_4e_pTj1_pTj2_genbin3_recobin1 acc 0.0089 eff 0.0863 outinratio 0.0143 

VBFH126_4e_pTj1_pTj2_genbin3_recobin1 acc 0.0238 eff 0.0816 outinratio 0.017 

WminusH126_4e_pTj1_pTj2_genbin3_recobin1 acc 0.0247 eff 0.0627 outinratio 0.0252 

WplusH126_4e_pTj1_pTj2_genbin3_recobin1 acc 0.024 eff 0.0516 outinratio 0.0143 

ZH126_4e_pTj1_pTj2_genbin3_recobin1 acc 0.0268 eff 0.0666 outinratio 0.0625 

ttH126_4e_pTj1_pTj2_genbin3_recobin1 acc 0.0228 eff 0.0098 outinratio 0.1379 

ggH126_4e_pTj1_pTj2_genbin4_recobin1 acc 0.0185 eff 0.0383 outinratio 0.0143 

VBFH126_4e_pTj1_pTj2_genbin4_recobin1 acc 0.1309 eff 0.0404 outinratio 0.017 

WminusH126_4e_pTj1_pTj2_genbin4_recobin1 acc 0.0839 eff 0.0081 outinratio 0.0252 

WplusH126_4e_pTj1_pTj2_genbin4_recobin1 acc 0.0811 eff 0.0094 outinratio 0.0143 

ZH126_4e_pTj1_pTj2_genbin4_recobin1 acc 0.0865 eff 0.0111 outinratio 0.0625 

ttH126_4e_pTj1_pTj2_genbin4_recobin1 acc 0.4121 eff 0.0011 outinratio 0.1379 

ggH126_4e_pTj1_pTj2_genbin0_recobin2 acc 0.2815 eff 0.0029 outinratio 0.0093 

VBFH126_4e_pTj1_pTj2_genbin0_recobin2 acc 0.0658 eff 0.0081 outinratio 0.0 

WminusH126_4e_pTj1_pTj2_genbin0_recobin2 acc 0.097 eff 0.0054 outinratio 0.0225 

WplusH126_4e_pTj1_pTj2_genbin0_recobin2 acc 0.0882 eff 0.0069 outinratio 0.0132 

ZH126_4e_pTj1_pTj2_genbin0_recobin2 acc 0.0779 eff 0.0042 outinratio 0.0572 

ttH126_4e_pTj1_pTj2_genbin0_recobin2 acc 0.0015 eff 0.0 outinratio 0.1236 

ggH126_4e_pTj1_pTj2_genbin1_recobin2 acc 0.1056 eff 0.0219 outinratio 0.0093 

VBFH126_4e_pTj1_pTj2_genbin1_recobin2 acc 0.2123 eff 0.0091 outinratio 0.0 

WminusH126_4e_pTj1_pTj2_genbin1_recobin2 acc 0.1283 eff 0.0374 outinratio 0.0225 

WplusH126_4e_pTj1_pTj2_genbin1_recobin2 acc 0.1123 eff 0.0331 outinratio 0.0132 

ZH126_4e_pTj1_pTj2_genbin1_recobin2 acc 0.1225 eff 0.035 outinratio 0.0572 

ttH126_4e_pTj1_pTj2_genbin1_recobin2 acc 0.0143 eff 0.0175 outinratio 0.1236 

ggH126_4e_pTj1_pTj2_genbin2_recobin2 acc 0.0152 eff 0.1534 outinratio 0.0093 

VBFH126_4e_pTj1_pTj2_genbin2_recobin2 acc 0.032 eff 0.1555 outinratio 0.0 

WminusH126_4e_pTj1_pTj2_genbin2_recobin2 acc 0.0623 eff 0.1835 outinratio 0.0225 

WplusH126_4e_pTj1_pTj2_genbin2_recobin2 acc 0.0493 eff 0.1755 outinratio 0.0132 

ZH126_4e_pTj1_pTj2_genbin2_recobin2 acc 0.0596 eff 0.1721 outinratio 0.0572 

ttH126_4e_pTj1_pTj2_genbin2_recobin2 acc 0.0212 eff 0.1098 outinratio 0.1236 

ggH126_4e_pTj1_pTj2_genbin3_recobin2 acc 0.0089 eff 0.03 outinratio 0.0093 

VBFH126_4e_pTj1_pTj2_genbin3_recobin2 acc 0.0238 eff 0.0175 outinratio 0.0 

WminusH126_4e_pTj1_pTj2_genbin3_recobin2 acc 0.0247 eff 0.0111 outinratio 0.0225 

WplusH126_4e_pTj1_pTj2_genbin3_recobin2 acc 0.024 eff 0.0309 outinratio 0.0132 

ZH126_4e_pTj1_pTj2_genbin3_recobin2 acc 0.0268 eff 0.0181 outinratio 0.0572 

ttH126_4e_pTj1_pTj2_genbin3_recobin2 acc 0.0228 eff 0.0504 outinratio 0.1236 

ggH126_4e_pTj1_pTj2_genbin4_recobin2 acc 0.0185 eff 0.0166 outinratio 0.0093 

VBFH126_4e_pTj1_pTj2_genbin4_recobin2 acc 0.1309 eff 0.0058 outinratio 0.0 

WminusH126_4e_pTj1_pTj2_genbin4_recobin2 acc 0.0839 eff 0.0126 outinratio 0.0225 

WplusH126_4e_pTj1_pTj2_genbin4_recobin2 acc 0.0811 eff 0.0153 outinratio 0.0132 

ZH126_4e_pTj1_pTj2_genbin4_recobin2 acc 0.0865 eff 0.023 outinratio 0.0572 

ttH126_4e_pTj1_pTj2_genbin4_recobin2 acc 0.4121 eff 0.0056 outinratio 0.1236 

ggH126_4e_pTj1_pTj2_genbin0_recobin3 acc 0.2815 eff 0.0 outinratio 0.0296 

VBFH126_4e_pTj1_pTj2_genbin0_recobin3 acc 0.0658 eff 0.0074 outinratio 0.0 

WminusH126_4e_pTj1_pTj2_genbin0_recobin3 acc 0.097 eff 0.0009 outinratio 0.018 

WplusH126_4e_pTj1_pTj2_genbin0_recobin3 acc 0.0882 eff 0.0022 outinratio 0.0162 

ZH126_4e_pTj1_pTj2_genbin0_recobin3 acc 0.0779 eff 0.0013 outinratio 0.0347 

ttH126_4e_pTj1_pTj2_genbin0_recobin3 acc 0.0015 eff 0.0 outinratio 0.0739 

ggH126_4e_pTj1_pTj2_genbin1_recobin3 acc 0.1056 eff 0.0078 outinratio 0.0296 

VBFH126_4e_pTj1_pTj2_genbin1_recobin3 acc 0.2123 eff 0.0164 outinratio 0.0 

WminusH126_4e_pTj1_pTj2_genbin1_recobin3 acc 0.1283 eff 0.0133 outinratio 0.018 

WplusH126_4e_pTj1_pTj2_genbin1_recobin3 acc 0.1123 eff 0.0201 outinratio 0.0162 

ZH126_4e_pTj1_pTj2_genbin1_recobin3 acc 0.1225 eff 0.016 outinratio 0.0347 

ttH126_4e_pTj1_pTj2_genbin1_recobin3 acc 0.0143 eff 0.022 outinratio 0.0739 

ggH126_4e_pTj1_pTj2_genbin2_recobin3 acc 0.0152 eff 0.0151 outinratio 0.0296 

VBFH126_4e_pTj1_pTj2_genbin2_recobin3 acc 0.032 eff 0.032 outinratio 0.0 

WminusH126_4e_pTj1_pTj2_genbin2_recobin3 acc 0.0623 eff 0.0189 outinratio 0.018 

WplusH126_4e_pTj1_pTj2_genbin2_recobin3 acc 0.0493 eff 0.0159 outinratio 0.0162 

ZH126_4e_pTj1_pTj2_genbin2_recobin3 acc 0.0596 eff 0.0157 outinratio 0.0347 

ttH126_4e_pTj1_pTj2_genbin2_recobin3 acc 0.0212 eff 0.0343 outinratio 0.0739 

ggH126_4e_pTj1_pTj2_genbin3_recobin3 acc 0.0089 eff 0.1826 outinratio 0.0296 

VBFH126_4e_pTj1_pTj2_genbin3_recobin3 acc 0.0238 eff 0.2126 outinratio 0.0 

WminusH126_4e_pTj1_pTj2_genbin3_recobin3 acc 0.0247 eff 0.1909 outinratio 0.018 

WplusH126_4e_pTj1_pTj2_genbin3_recobin3 acc 0.024 eff 0.1738 outinratio 0.0162 

ZH126_4e_pTj1_pTj2_genbin3_recobin3 acc 0.0268 eff 0.1629 outinratio 0.0347 

ttH126_4e_pTj1_pTj2_genbin3_recobin3 acc 0.0228 eff 0.1203 outinratio 0.0739 

ggH126_4e_pTj1_pTj2_genbin4_recobin3 acc 0.0185 eff 0.031 outinratio 0.0296 

VBFH126_4e_pTj1_pTj2_genbin4_recobin3 acc 0.1309 eff 0.0087 outinratio 0.0 

WminusH126_4e_pTj1_pTj2_genbin4_recobin3 acc 0.0839 eff 0.0159 outinratio 0.018 

WplusH126_4e_pTj1_pTj2_genbin4_recobin3 acc 0.0811 eff 0.0206 outinratio 0.0162 

ZH126_4e_pTj1_pTj2_genbin4_recobin3 acc 0.0865 eff 0.0173 outinratio 0.0347 

ttH126_4e_pTj1_pTj2_genbin4_recobin3 acc 0.4121 eff 0.0102 outinratio 0.0739 

ggH126_4e_pTj1_pTj2_genbin0_recobin4 acc 0.2815 eff 0.0006 outinratio 0.0112 

VBFH126_4e_pTj1_pTj2_genbin0_recobin4 acc 0.0658 eff 0.003 outinratio 0.0188 

WminusH126_4e_pTj1_pTj2_genbin0_recobin4 acc 0.097 eff 0.0006 outinratio 0.013 

WplusH126_4e_pTj1_pTj2_genbin0_recobin4 acc 0.0882 eff 0.0018 outinratio 0.0193 

ZH126_4e_pTj1_pTj2_genbin0_recobin4 acc 0.0779 eff 0.0 outinratio 0.0454 

ttH126_4e_pTj1_pTj2_genbin0_recobin4 acc 0.0015 eff 0.0195 outinratio 0.0512 

ggH126_4e_pTj1_pTj2_genbin1_recobin4 acc 0.1056 eff 0.0063 outinratio 0.0112 

VBFH126_4e_pTj1_pTj2_genbin1_recobin4 acc 0.2123 eff 0.0246 outinratio 0.0188 

WminusH126_4e_pTj1_pTj2_genbin1_recobin4 acc 0.1283 eff 0.018 outinratio 0.013 

WplusH126_4e_pTj1_pTj2_genbin1_recobin4 acc 0.1123 eff 0.0154 outinratio 0.0193 

ZH126_4e_pTj1_pTj2_genbin1_recobin4 acc 0.1225 eff 0.0103 outinratio 0.0454 

ttH126_4e_pTj1_pTj2_genbin1_recobin4 acc 0.0143 eff 0.0906 outinratio 0.0512 

ggH126_4e_pTj1_pTj2_genbin2_recobin4 acc 0.0152 eff 0.066 outinratio 0.0112 

VBFH126_4e_pTj1_pTj2_genbin2_recobin4 acc 0.032 eff 0.0635 outinratio 0.0188 

WminusH126_4e_pTj1_pTj2_genbin2_recobin4 acc 0.0623 eff 0.0514 outinratio 0.013 

WplusH126_4e_pTj1_pTj2_genbin2_recobin4 acc 0.0493 eff 0.0358 outinratio 0.0193 

ZH126_4e_pTj1_pTj2_genbin2_recobin4 acc 0.0596 eff 0.0342 outinratio 0.0454 

ttH126_4e_pTj1_pTj2_genbin2_recobin4 acc 0.0212 eff 0.0821 outinratio 0.0512 

ggH126_4e_pTj1_pTj2_genbin3_recobin4 acc 0.0089 eff 0.0563 outinratio 0.0112 

VBFH126_4e_pTj1_pTj2_genbin3_recobin4 acc 0.0238 eff 0.1113 outinratio 0.0188 

WminusH126_4e_pTj1_pTj2_genbin3_recobin4 acc 0.0247 eff 0.0876 outinratio 0.013 

WplusH126_4e_pTj1_pTj2_genbin3_recobin4 acc 0.024 eff 0.1154 outinratio 0.0193 

ZH126_4e_pTj1_pTj2_genbin3_recobin4 acc 0.0268 eff 0.1082 outinratio 0.0454 

ttH126_4e_pTj1_pTj2_genbin3_recobin4 acc 0.0228 eff 0.1086 outinratio 0.0512 

ggH126_4e_pTj1_pTj2_genbin4_recobin4 acc 0.0185 eff 0.2687 outinratio 0.0112 

VBFH126_4e_pTj1_pTj2_genbin4_recobin4 acc 0.1309 eff 0.3296 outinratio 0.0188 

WminusH126_4e_pTj1_pTj2_genbin4_recobin4 acc 0.0839 eff 0.315 outinratio 0.013 

WplusH126_4e_pTj1_pTj2_genbin4_recobin4 acc 0.0811 eff 0.312 outinratio 0.0193 

ZH126_4e_pTj1_pTj2_genbin4_recobin4 acc 0.0865 eff 0.3105 outinratio 0.0454 

ttH126_4e_pTj1_pTj2_genbin4_recobin4 acc 0.4121 eff 0.2783 outinratio 0.0512 

ggH126_4mu_pTj1_pTj2_genbin0_recobin0 acc 0.3109 eff 0.6053 outinratio 0.0048 

VBFH126_4mu_pTj1_pTj2_genbin0_recobin0 acc 0.0763 eff 0.4592 outinratio 0.0132 

WminusH126_4mu_pTj1_pTj2_genbin0_recobin0 acc 0.1103 eff 0.4454 outinratio 0.0202 

WplusH126_4mu_pTj1_pTj2_genbin0_recobin0 acc 0.0932 eff 0.4565 outinratio 0.0214 

ZH126_4mu_pTj1_pTj2_genbin0_recobin0 acc 0.0888 eff 0.5339 outinratio 0.0801 

ttH126_4mu_pTj1_pTj2_genbin0_recobin0 acc 0.0019 eff 0.1623 outinratio 0.0365 

ggH126_4mu_pTj1_pTj2_genbin1_recobin0 acc 0.116 eff 0.0861 outinratio 0.0048 

VBFH126_4mu_pTj1_pTj2_genbin1_recobin0 acc 0.2258 eff 0.0564 outinratio 0.0132 

WminusH126_4mu_pTj1_pTj2_genbin1_recobin0 acc 0.146 eff 0.0475 outinratio 0.0202 

WplusH126_4mu_pTj1_pTj2_genbin1_recobin0 acc 0.1289 eff 0.039 outinratio 0.0214 

ZH126_4mu_pTj1_pTj2_genbin1_recobin0 acc 0.1337 eff 0.0531 outinratio 0.0801 

ttH126_4mu_pTj1_pTj2_genbin1_recobin0 acc 0.016 eff 0.0219 outinratio 0.0365 

ggH126_4mu_pTj1_pTj2_genbin2_recobin0 acc 0.0185 eff 0.0173 outinratio 0.0048 

VBFH126_4mu_pTj1_pTj2_genbin2_recobin0 acc 0.0367 eff 0.0196 outinratio 0.0132 

WminusH126_4mu_pTj1_pTj2_genbin2_recobin0 acc 0.0676 eff 0.0167 outinratio 0.0202 

WplusH126_4mu_pTj1_pTj2_genbin2_recobin0 acc 0.054 eff 0.0102 outinratio 0.0214 

ZH126_4mu_pTj1_pTj2_genbin2_recobin0 acc 0.0644 eff 0.0219 outinratio 0.0801 

ttH126_4mu_pTj1_pTj2_genbin2_recobin0 acc 0.0241 eff 0.0116 outinratio 0.0365 

ggH126_4mu_pTj1_pTj2_genbin3_recobin0 acc 0.0088 eff 0.0 outinratio 0.0048 

VBFH126_4mu_pTj1_pTj2_genbin3_recobin0 acc 0.0302 eff 0.0 outinratio 0.0132 

WminusH126_4mu_pTj1_pTj2_genbin3_recobin0 acc 0.0279 eff 0.0 outinratio 0.0202 

WplusH126_4mu_pTj1_pTj2_genbin3_recobin0 acc 0.0276 eff 0.0 outinratio 0.0214 

ZH126_4mu_pTj1_pTj2_genbin3_recobin0 acc 0.028 eff 0.0 outinratio 0.0801 

ttH126_4mu_pTj1_pTj2_genbin3_recobin0 acc 0.0256 eff 0.0 outinratio 0.0365 

ggH126_4mu_pTj1_pTj2_genbin4_recobin0 acc 0.02 eff 0.0 outinratio 0.0048 

VBFH126_4mu_pTj1_pTj2_genbin4_recobin0 acc 0.1495 eff 0.0016 outinratio 0.0132 

WminusH126_4mu_pTj1_pTj2_genbin4_recobin0 acc 0.0872 eff 0.0014 outinratio 0.0202 

WplusH126_4mu_pTj1_pTj2_genbin4_recobin0 acc 0.0895 eff 0.0 outinratio 0.0214 

ZH126_4mu_pTj1_pTj2_genbin4_recobin0 acc 0.0979 eff 0.0015 outinratio 0.0801 

ttH126_4mu_pTj1_pTj2_genbin4_recobin0 acc 0.4525 eff 0.0 outinratio 0.0365 

ggH126_4mu_pTj1_pTj2_genbin0_recobin1 acc 0.3109 eff 0.0681 outinratio 0.0029 

VBFH126_4mu_pTj1_pTj2_genbin0_recobin1 acc 0.0763 eff 0.1834 outinratio 0.0025 

WminusH126_4mu_pTj1_pTj2_genbin0_recobin1 acc 0.1103 eff 0.1616 outinratio 0.0148 

WplusH126_4mu_pTj1_pTj2_genbin0_recobin1 acc 0.0932 eff 0.1497 outinratio 0.011 

ZH126_4mu_pTj1_pTj2_genbin0_recobin1 acc 0.0888 eff 0.0841 outinratio 0.0644 

ttH126_4mu_pTj1_pTj2_genbin0_recobin1 acc 0.0019 eff 0.1674 outinratio 0.1578 

ggH126_4mu_pTj1_pTj2_genbin1_recobin1 acc 0.116 eff 0.5045 outinratio 0.0029 

VBFH126_4mu_pTj1_pTj2_genbin1_recobin1 acc 0.2258 eff 0.5533 outinratio 0.0025 

WminusH126_4mu_pTj1_pTj2_genbin1_recobin1 acc 0.146 eff 0.4637 outinratio 0.0148 

WplusH126_4mu_pTj1_pTj2_genbin1_recobin1 acc 0.1289 eff 0.4531 outinratio 0.011 

ZH126_4mu_pTj1_pTj2_genbin1_recobin1 acc 0.1337 eff 0.4399 outinratio 0.0644 

ttH126_4mu_pTj1_pTj2_genbin1_recobin1 acc 0.016 eff 0.2077 outinratio 0.1578 

ggH126_4mu_pTj1_pTj2_genbin2_recobin1 acc 0.0185 eff 0.1606 outinratio 0.0029 

VBFH126_4mu_pTj1_pTj2_genbin2_recobin1 acc 0.0367 eff 0.2059 outinratio 0.0025 

WminusH126_4mu_pTj1_pTj2_genbin2_recobin1 acc 0.0676 eff 0.1365 outinratio 0.0148 

WplusH126_4mu_pTj1_pTj2_genbin2_recobin1 acc 0.054 eff 0.138 outinratio 0.011 

ZH126_4mu_pTj1_pTj2_genbin2_recobin1 acc 0.0644 eff 0.1575 outinratio 0.0644 

ttH126_4mu_pTj1_pTj2_genbin2_recobin1 acc 0.0241 eff 0.038 outinratio 0.1578 

ggH126_4mu_pTj1_pTj2_genbin3_recobin1 acc 0.0088 eff 0.1393 outinratio 0.0029 

VBFH126_4mu_pTj1_pTj2_genbin3_recobin1 acc 0.0302 eff 0.2096 outinratio 0.0025 

WminusH126_4mu_pTj1_pTj2_genbin3_recobin1 acc 0.0279 eff 0.1219 outinratio 0.0148 

WplusH126_4mu_pTj1_pTj2_genbin3_recobin1 acc 0.0276 eff 0.0935 outinratio 0.011 

ZH126_4mu_pTj1_pTj2_genbin3_recobin1 acc 0.028 eff 0.1532 outinratio 0.0644 

ttH126_4mu_pTj1_pTj2_genbin3_recobin1 acc 0.0256 eff 0.0468 outinratio 0.1578 

ggH126_4mu_pTj1_pTj2_genbin4_recobin1 acc 0.02 eff 0.0339 outinratio 0.0029 

VBFH126_4mu_pTj1_pTj2_genbin4_recobin1 acc 0.1495 eff 0.0922 outinratio 0.0025 

WminusH126_4mu_pTj1_pTj2_genbin4_recobin1 acc 0.0872 eff 0.0165 outinratio 0.0148 

WplusH126_4mu_pTj1_pTj2_genbin4_recobin1 acc 0.0895 eff 0.0216 outinratio 0.011 

ZH126_4mu_pTj1_pTj2_genbin4_recobin1 acc 0.0979 eff 0.0228 outinratio 0.0644 

ttH126_4mu_pTj1_pTj2_genbin4_recobin1 acc 0.4525 eff 0.0048 outinratio 0.1578 

ggH126_4mu_pTj1_pTj2_genbin0_recobin2 acc 0.3109 eff 0.0077 outinratio 0.0011 

VBFH126_4mu_pTj1_pTj2_genbin0_recobin2 acc 0.0763 eff 0.0246 outinratio 0.0 

WminusH126_4mu_pTj1_pTj2_genbin0_recobin2 acc 0.1103 eff 0.012 outinratio 0.014 

WplusH126_4mu_pTj1_pTj2_genbin0_recobin2 acc 0.0932 eff 0.0128 outinratio 0.005 

ZH126_4mu_pTj1_pTj2_genbin0_recobin2 acc 0.0888 eff 0.0078 outinratio 0.0518 

ttH126_4mu_pTj1_pTj2_genbin0_recobin2 acc 0.0019 eff 0.0535 outinratio 0.1093 

ggH126_4mu_pTj1_pTj2_genbin1_recobin2 acc 0.116 eff 0.0427 outinratio 0.0011 

VBFH126_4mu_pTj1_pTj2_genbin1_recobin2 acc 0.2258 eff 0.0243 outinratio 0.0 

WminusH126_4mu_pTj1_pTj2_genbin1_recobin2 acc 0.146 eff 0.0777 outinratio 0.014 

WplusH126_4mu_pTj1_pTj2_genbin1_recobin2 acc 0.1289 eff 0.0733 outinratio 0.005 

ZH126_4mu_pTj1_pTj2_genbin1_recobin2 acc 0.1337 eff 0.0606 outinratio 0.0518 

ttH126_4mu_pTj1_pTj2_genbin1_recobin2 acc 0.016 eff 0.067 outinratio 0.1093 

ggH126_4mu_pTj1_pTj2_genbin2_recobin2 acc 0.0185 eff 0.3621 outinratio 0.0011 

VBFH126_4mu_pTj1_pTj2_genbin2_recobin2 acc 0.0367 eff 0.245 outinratio 0.0 

WminusH126_4mu_pTj1_pTj2_genbin2_recobin2 acc 0.0676 eff 0.3725 outinratio 0.014 

WplusH126_4mu_pTj1_pTj2_genbin2_recobin2 acc 0.054 eff 0.3741 outinratio 0.005 

ZH126_4mu_pTj1_pTj2_genbin2_recobin2 acc 0.0644 eff 0.3469 outinratio 0.0518 

ttH126_4mu_pTj1_pTj2_genbin2_recobin2 acc 0.0241 eff 0.1847 outinratio 0.1093 

ggH126_4mu_pTj1_pTj2_genbin3_recobin2 acc 0.0088 eff 0.0572 outinratio 0.0011 

VBFH126_4mu_pTj1_pTj2_genbin3_recobin2 acc 0.0302 eff 0.0569 outinratio 0.0 

WminusH126_4mu_pTj1_pTj2_genbin3_recobin2 acc 0.0279 eff 0.0461 outinratio 0.014 

WplusH126_4mu_pTj1_pTj2_genbin3_recobin2 acc 0.0276 eff 0.0382 outinratio 0.005 

ZH126_4mu_pTj1_pTj2_genbin3_recobin2 acc 0.028 eff 0.0489 outinratio 0.0518 

ttH126_4mu_pTj1_pTj2_genbin3_recobin2 acc 0.0256 eff 0.0209 outinratio 0.1093 

ggH126_4mu_pTj1_pTj2_genbin4_recobin2 acc 0.02 eff 0.0545 outinratio 0.0011 

VBFH126_4mu_pTj1_pTj2_genbin4_recobin2 acc 0.1495 eff 0.0252 outinratio 0.0 

WminusH126_4mu_pTj1_pTj2_genbin4_recobin2 acc 0.0872 eff 0.0278 outinratio 0.014 

WplusH126_4mu_pTj1_pTj2_genbin4_recobin2 acc 0.0895 eff 0.0286 outinratio 0.005 

ZH126_4mu_pTj1_pTj2_genbin4_recobin2 acc 0.0979 eff 0.0307 outinratio 0.0518 

ttH126_4mu_pTj1_pTj2_genbin4_recobin2 acc 0.4525 eff 0.0111 outinratio 0.1093 

ggH126_4mu_pTj1_pTj2_genbin0_recobin3 acc 0.3109 eff 0.0 outinratio 0.0042 

VBFH126_4mu_pTj1_pTj2_genbin0_recobin3 acc 0.0763 eff 0.0 outinratio 0.0092 

WminusH126_4mu_pTj1_pTj2_genbin0_recobin3 acc 0.1103 eff 0.003 outinratio 0.0094 

WplusH126_4mu_pTj1_pTj2_genbin0_recobin3 acc 0.0932 eff 0.0007 outinratio 0.0138 

ZH126_4mu_pTj1_pTj2_genbin0_recobin3 acc 0.0888 eff 0.0003 outinratio 0.024 

ttH126_4mu_pTj1_pTj2_genbin0_recobin3 acc 0.0019 eff 0.0 outinratio 0.0824 

ggH126_4mu_pTj1_pTj2_genbin1_recobin3 acc 0.116 eff 0.0161 outinratio 0.0042 

VBFH126_4mu_pTj1_pTj2_genbin1_recobin3 acc 0.2258 eff 0.0234 outinratio 0.0092 

WminusH126_4mu_pTj1_pTj2_genbin1_recobin3 acc 0.146 eff 0.0326 outinratio 0.0094 

WplusH126_4mu_pTj1_pTj2_genbin1_recobin3 acc 0.1289 eff 0.0335 outinratio 0.0138 

ZH126_4mu_pTj1_pTj2_genbin1_recobin3 acc 0.1337 eff 0.0327 outinratio 0.024 

ttH126_4mu_pTj1_pTj2_genbin1_recobin3 acc 0.016 eff 0.0813 outinratio 0.0824 

ggH126_4mu_pTj1_pTj2_genbin2_recobin3 acc 0.0185 eff 0.0287 outinratio 0.0042 

VBFH126_4mu_pTj1_pTj2_genbin2_recobin3 acc 0.0367 eff 0.0981 outinratio 0.0092 

WminusH126_4mu_pTj1_pTj2_genbin2_recobin3 acc 0.0676 eff 0.0311 outinratio 0.0094 

WplusH126_4mu_pTj1_pTj2_genbin2_recobin3 acc 0.054 eff 0.0386 outinratio 0.0138 

ZH126_4mu_pTj1_pTj2_genbin2_recobin3 acc 0.0644 eff 0.0358 outinratio 0.024 

ttH126_4mu_pTj1_pTj2_genbin2_recobin3 acc 0.0241 eff 0.0326 outinratio 0.0824 

ggH126_4mu_pTj1_pTj2_genbin3_recobin3 acc 0.0088 eff 0.3748 outinratio 0.0042 

VBFH126_4mu_pTj1_pTj2_genbin3_recobin3 acc 0.0302 eff 0.3314 outinratio 0.0092 

WminusH126_4mu_pTj1_pTj2_genbin3_recobin3 acc 0.0279 eff 0.3578 outinratio 0.0094 

WplusH126_4mu_pTj1_pTj2_genbin3_recobin3 acc 0.0276 eff 0.3732 outinratio 0.0138 

ZH126_4mu_pTj1_pTj2_genbin3_recobin3 acc 0.028 eff 0.3358 outinratio 0.024 

ttH126_4mu_pTj1_pTj2_genbin3_recobin3 acc 0.0256 eff 0.1913 outinratio 0.0824 

ggH126_4mu_pTj1_pTj2_genbin4_recobin3 acc 0.02 eff 0.0466 outinratio 0.0042 

VBFH126_4mu_pTj1_pTj2_genbin4_recobin3 acc 0.1495 eff 0.0381 outinratio 0.0092 

WminusH126_4mu_pTj1_pTj2_genbin4_recobin3 acc 0.0872 eff 0.0379 outinratio 0.0094 

WplusH126_4mu_pTj1_pTj2_genbin4_recobin3 acc 0.0895 eff 0.045 outinratio 0.0138 

ZH126_4mu_pTj1_pTj2_genbin4_recobin3 acc 0.0979 eff 0.0411 outinratio 0.024 

ttH126_4mu_pTj1_pTj2_genbin4_recobin3 acc 0.4525 eff 0.0099 outinratio 0.0824 

ggH126_4mu_pTj1_pTj2_genbin0_recobin4 acc 0.3109 eff 0.001 outinratio 0.0027 

VBFH126_4mu_pTj1_pTj2_genbin0_recobin4 acc 0.0763 eff 0.0141 outinratio 0.0012 

WminusH126_4mu_pTj1_pTj2_genbin0_recobin4 acc 0.1103 eff 0.0034 outinratio 0.0082 

WplusH126_4mu_pTj1_pTj2_genbin0_recobin4 acc 0.0932 eff 0.0029 outinratio 0.0095 

ZH126_4mu_pTj1_pTj2_genbin0_recobin4 acc 0.0888 eff 0.0013 outinratio 0.0287 

ttH126_4mu_pTj1_pTj2_genbin0_recobin4 acc 0.0019 eff 0.0603 outinratio 0.0337 

ggH126_4mu_pTj1_pTj2_genbin1_recobin4 acc 0.116 eff 0.0089 outinratio 0.0027 

VBFH126_4mu_pTj1_pTj2_genbin1_recobin4 acc 0.2258 eff 0.0522 outinratio 0.0012 

WminusH126_4mu_pTj1_pTj2_genbin1_recobin4 acc 0.146 eff 0.029 outinratio 0.0082 

WplusH126_4mu_pTj1_pTj2_genbin1_recobin4 acc 0.1289 eff 0.032 outinratio 0.0095 

ZH126_4mu_pTj1_pTj2_genbin1_recobin4 acc 0.1337 eff 0.0234 outinratio 0.0287 

ttH126_4mu_pTj1_pTj2_genbin1_recobin4 acc 0.016 eff 0.1036 outinratio 0.0337 

ggH126_4mu_pTj1_pTj2_genbin2_recobin4 acc 0.0185 eff 0.0722 outinratio 0.0027 

VBFH126_4mu_pTj1_pTj2_genbin2_recobin4 acc 0.0367 eff 0.1372 outinratio 0.0012 

WminusH126_4mu_pTj1_pTj2_genbin2_recobin4 acc 0.0676 eff 0.0902 outinratio 0.0082 

WplusH126_4mu_pTj1_pTj2_genbin2_recobin4 acc 0.054 eff 0.0892 outinratio 0.0095 

ZH126_4mu_pTj1_pTj2_genbin2_recobin4 acc 0.0644 eff 0.0805 outinratio 0.0287 

ttH126_4mu_pTj1_pTj2_genbin2_recobin4 acc 0.0241 eff 0.1399 outinratio 0.0337 

ggH126_4mu_pTj1_pTj2_genbin3_recobin4 acc 0.0088 eff 0.1418 outinratio 0.0027 

VBFH126_4mu_pTj1_pTj2_genbin3_recobin4 acc 0.0302 eff 0.203 outinratio 0.0012 

WminusH126_4mu_pTj1_pTj2_genbin3_recobin4 acc 0.0279 eff 0.1487 outinratio 0.0082 

WplusH126_4mu_pTj1_pTj2_genbin3_recobin4 acc 0.0276 eff 0.1731 outinratio 0.0095 

ZH126_4mu_pTj1_pTj2_genbin3_recobin4 acc 0.028 eff 0.1345 outinratio 0.0287 

ttH126_4mu_pTj1_pTj2_genbin3_recobin4 acc 0.0256 eff 0.1691 outinratio 0.0337 

ggH126_4mu_pTj1_pTj2_genbin4_recobin4 acc 0.02 eff 0.5497 outinratio 0.0027 

VBFH126_4mu_pTj1_pTj2_genbin4_recobin4 acc 0.1495 eff 0.5773 outinratio 0.0012 

WminusH126_4mu_pTj1_pTj2_genbin4_recobin4 acc 0.0872 eff 0.5849 outinratio 0.0082 

WplusH126_4mu_pTj1_pTj2_genbin4_recobin4 acc 0.0895 eff 0.5596 outinratio 0.0095 

ZH126_4mu_pTj1_pTj2_genbin4_recobin4 acc 0.0979 eff 0.5548 outinratio 0.0287 

ttH126_4mu_pTj1_pTj2_genbin4_recobin4 acc 0.4525 eff 0.4784 outinratio 0.0337 

ggH126_2e2mu_pTj1_pTj2_genbin0_recobin0 acc 0.291 eff 0.4167 outinratio 0.0095 

VBFH126_2e2mu_pTj1_pTj2_genbin0_recobin0 acc 0.0685 eff 0.3444 outinratio 0.0109 

WminusH126_2e2mu_pTj1_pTj2_genbin0_recobin0 acc 0.0999 eff 0.3304 outinratio 0.0345 

WplusH126_2e2mu_pTj1_pTj2_genbin0_recobin0 acc 0.0859 eff 0.3248 outinratio 0.0386 

ZH126_2e2mu_pTj1_pTj2_genbin0_recobin0 acc 0.0818 eff 0.3773 outinratio 0.0652 

ttH126_2e2mu_pTj1_pTj2_genbin0_recobin0 acc 0.0016 eff 0.1862 outinratio 0.0 

ggH126_2e2mu_pTj1_pTj2_genbin1_recobin0 acc 0.1083 eff 0.0639 outinratio 0.0095 

VBFH126_2e2mu_pTj1_pTj2_genbin1_recobin0 acc 0.2201 eff 0.0385 outinratio 0.0109 

WminusH126_2e2mu_pTj1_pTj2_genbin1_recobin0 acc 0.1351 eff 0.0288 outinratio 0.0345 

WplusH126_2e2mu_pTj1_pTj2_genbin1_recobin0 acc 0.1174 eff 0.0326 outinratio 0.0386 

ZH126_2e2mu_pTj1_pTj2_genbin1_recobin0 acc 0.1255 eff 0.047 outinratio 0.0652 

ttH126_2e2mu_pTj1_pTj2_genbin1_recobin0 acc 0.0129 eff 0.0215 outinratio 0.0 

ggH126_2e2mu_pTj1_pTj2_genbin2_recobin0 acc 0.0146 eff 0.013 outinratio 0.0095 

VBFH126_2e2mu_pTj1_pTj2_genbin2_recobin0 acc 0.0348 eff 0.012 outinratio 0.0109 

WminusH126_2e2mu_pTj1_pTj2_genbin2_recobin0 acc 0.061 eff 0.0065 outinratio 0.0345 

WplusH126_2e2mu_pTj1_pTj2_genbin2_recobin0 acc 0.05 eff 0.0055 outinratio 0.0386 

ZH126_2e2mu_pTj1_pTj2_genbin2_recobin0 acc 0.0621 eff 0.0131 outinratio 0.0652 

ttH126_2e2mu_pTj1_pTj2_genbin2_recobin0 acc 0.0212 eff 0.0068 outinratio 0.0 

ggH126_2e2mu_pTj1_pTj2_genbin3_recobin0 acc 0.0074 eff 0.0 outinratio 0.0095 

VBFH126_2e2mu_pTj1_pTj2_genbin3_recobin0 acc 0.0273 eff 0.0 outinratio 0.0109 

WminusH126_2e2mu_pTj1_pTj2_genbin3_recobin0 acc 0.0258 eff 0.0013 outinratio 0.0345 

WplusH126_2e2mu_pTj1_pTj2_genbin3_recobin0 acc 0.0234 eff 0.0 outinratio 0.0386 

ZH126_2e2mu_pTj1_pTj2_genbin3_recobin0 acc 0.0266 eff 0.0018 outinratio 0.0652 

ttH126_2e2mu_pTj1_pTj2_genbin3_recobin0 acc 0.0239 eff 0.0 outinratio 0.0 

ggH126_2e2mu_pTj1_pTj2_genbin4_recobin0 acc 0.0192 eff 0.0009 outinratio 0.0095 

VBFH126_2e2mu_pTj1_pTj2_genbin4_recobin0 acc 0.1369 eff 0.0057 outinratio 0.0109 

WminusH126_2e2mu_pTj1_pTj2_genbin4_recobin0 acc 0.0851 eff 0.0002 outinratio 0.0345 

WplusH126_2e2mu_pTj1_pTj2_genbin4_recobin0 acc 0.0834 eff 0.0002 outinratio 0.0386 

ZH126_2e2mu_pTj1_pTj2_genbin4_recobin0 acc 0.0924 eff 0.0001 outinratio 0.0652 

ttH126_2e2mu_pTj1_pTj2_genbin4_recobin0 acc 0.4234 eff 0.0002 outinratio 0.0 

ggH126_2e2mu_pTj1_pTj2_genbin0_recobin1 acc 0.291 eff 0.0488 outinratio 0.0089 

VBFH126_2e2mu_pTj1_pTj2_genbin0_recobin1 acc 0.0685 eff 0.1139 outinratio 0.0085 

WminusH126_2e2mu_pTj1_pTj2_genbin0_recobin1 acc 0.0999 eff 0.1146 outinratio 0.0167 

WplusH126_2e2mu_pTj1_pTj2_genbin0_recobin1 acc 0.0859 eff 0.1101 outinratio 0.0159 

ZH126_2e2mu_pTj1_pTj2_genbin0_recobin1 acc 0.0818 eff 0.0674 outinratio 0.0705 

ttH126_2e2mu_pTj1_pTj2_genbin0_recobin1 acc 0.0016 eff 0.1409 outinratio 0.2299 

ggH126_2e2mu_pTj1_pTj2_genbin1_recobin1 acc 0.1083 eff 0.3724 outinratio 0.0089 

VBFH126_2e2mu_pTj1_pTj2_genbin1_recobin1 acc 0.2201 eff 0.377 outinratio 0.0085 

WminusH126_2e2mu_pTj1_pTj2_genbin1_recobin1 acc 0.1351 eff 0.3305 outinratio 0.0167 

WplusH126_2e2mu_pTj1_pTj2_genbin1_recobin1 acc 0.1174 eff 0.3235 outinratio 0.0159 

ZH126_2e2mu_pTj1_pTj2_genbin1_recobin1 acc 0.1255 eff 0.3229 outinratio 0.0705 

ttH126_2e2mu_pTj1_pTj2_genbin1_recobin1 acc 0.0129 eff 0.1184 outinratio 0.2299 

ggH126_2e2mu_pTj1_pTj2_genbin2_recobin1 acc 0.0146 eff 0.1501 outinratio 0.0089 

VBFH126_2e2mu_pTj1_pTj2_genbin2_recobin1 acc 0.0348 eff 0.107 outinratio 0.0085 

WminusH126_2e2mu_pTj1_pTj2_genbin2_recobin1 acc 0.061 eff 0.0881 outinratio 0.0167 

WplusH126_2e2mu_pTj1_pTj2_genbin2_recobin1 acc 0.05 eff 0.1082 outinratio 0.0159 

ZH126_2e2mu_pTj1_pTj2_genbin2_recobin1 acc 0.0621 eff 0.1054 outinratio 0.0705 

ttH126_2e2mu_pTj1_pTj2_genbin2_recobin1 acc 0.0212 eff 0.0441 outinratio 0.2299 

ggH126_2e2mu_pTj1_pTj2_genbin3_recobin1 acc 0.0074 eff 0.0732 outinratio 0.0089 

VBFH126_2e2mu_pTj1_pTj2_genbin3_recobin1 acc 0.0273 eff 0.1435 outinratio 0.0085 

WminusH126_2e2mu_pTj1_pTj2_genbin3_recobin1 acc 0.0258 eff 0.0803 outinratio 0.0167 

WplusH126_2e2mu_pTj1_pTj2_genbin3_recobin1 acc 0.0234 eff 0.0815 outinratio 0.0159 

ZH126_2e2mu_pTj1_pTj2_genbin3_recobin1 acc 0.0266 eff 0.0926 outinratio 0.0705 

ttH126_2e2mu_pTj1_pTj2_genbin3_recobin1 acc 0.0239 eff 0.0236 outinratio 0.2299 

ggH126_2e2mu_pTj1_pTj2_genbin4_recobin1 acc 0.0192 eff 0.0219 outinratio 0.0089 

VBFH126_2e2mu_pTj1_pTj2_genbin4_recobin1 acc 0.1369 eff 0.0508 outinratio 0.0085 

WminusH126_2e2mu_pTj1_pTj2_genbin4_recobin1 acc 0.0851 eff 0.0125 outinratio 0.0167 

WplusH126_2e2mu_pTj1_pTj2_genbin4_recobin1 acc 0.0834 eff 0.0142 outinratio 0.0159 

ZH126_2e2mu_pTj1_pTj2_genbin4_recobin1 acc 0.0924 eff 0.0168 outinratio 0.0705 

ttH126_2e2mu_pTj1_pTj2_genbin4_recobin1 acc 0.4234 eff 0.0015 outinratio 0.2299 

ggH126_2e2mu_pTj1_pTj2_genbin0_recobin2 acc 0.291 eff 0.0033 outinratio 0.0 

VBFH126_2e2mu_pTj1_pTj2_genbin0_recobin2 acc 0.0685 eff 0.0112 outinratio 0.0085 

WminusH126_2e2mu_pTj1_pTj2_genbin0_recobin2 acc 0.0999 eff 0.0106 outinratio 0.0134 

WplusH126_2e2mu_pTj1_pTj2_genbin0_recobin2 acc 0.0859 eff 0.0128 outinratio 0.0157 

ZH126_2e2mu_pTj1_pTj2_genbin0_recobin2 acc 0.0818 eff 0.0072 outinratio 0.0398 

ttH126_2e2mu_pTj1_pTj2_genbin0_recobin2 acc 0.0016 eff 0.0249 outinratio 0.1094 

ggH126_2e2mu_pTj1_pTj2_genbin1_recobin2 acc 0.1083 eff 0.0338 outinratio 0.0 

VBFH126_2e2mu_pTj1_pTj2_genbin1_recobin2 acc 0.2201 eff 0.0224 outinratio 0.0085 

WminusH126_2e2mu_pTj1_pTj2_genbin1_recobin2 acc 0.1351 eff 0.0551 outinratio 0.0134 

WplusH126_2e2mu_pTj1_pTj2_genbin1_recobin2 acc 0.1174 eff 0.0579 outinratio 0.0157 

ZH126_2e2mu_pTj1_pTj2_genbin1_recobin2 acc 0.1255 eff 0.0438 outinratio 0.0398 

ttH126_2e2mu_pTj1_pTj2_genbin1_recobin2 acc 0.0129 eff 0.0149 outinratio 0.1094 

ggH126_2e2mu_pTj1_pTj2_genbin2_recobin2 acc 0.0146 eff 0.2834 outinratio 0.0 

VBFH126_2e2mu_pTj1_pTj2_genbin2_recobin2 acc 0.0348 eff 0.1948 outinratio 0.0085 

WminusH126_2e2mu_pTj1_pTj2_genbin2_recobin2 acc 0.061 eff 0.2621 outinratio 0.0134 

WplusH126_2e2mu_pTj1_pTj2_genbin2_recobin2 acc 0.05 eff 0.2633 outinratio 0.0157 

ZH126_2e2mu_pTj1_pTj2_genbin2_recobin2 acc 0.0621 eff 0.2378 outinratio 0.0398 

ttH126_2e2mu_pTj1_pTj2_genbin2_recobin2 acc 0.0212 eff 0.1622 outinratio 0.1094 

ggH126_2e2mu_pTj1_pTj2_genbin3_recobin2 acc 0.0074 eff 0.0475 outinratio 0.0 

VBFH126_2e2mu_pTj1_pTj2_genbin3_recobin2 acc 0.0273 eff 0.0253 outinratio 0.0085 

WminusH126_2e2mu_pTj1_pTj2_genbin3_recobin2 acc 0.0258 eff 0.0304 outinratio 0.0134 

WplusH126_2e2mu_pTj1_pTj2_genbin3_recobin2 acc 0.0234 eff 0.0325 outinratio 0.0157 

ZH126_2e2mu_pTj1_pTj2_genbin3_recobin2 acc 0.0266 eff 0.0309 outinratio 0.0398 

ttH126_2e2mu_pTj1_pTj2_genbin3_recobin2 acc 0.0239 eff 0.0181 outinratio 0.1094 

ggH126_2e2mu_pTj1_pTj2_genbin4_recobin2 acc 0.0192 eff 0.0177 outinratio 0.0 

VBFH126_2e2mu_pTj1_pTj2_genbin4_recobin2 acc 0.1369 eff 0.0155 outinratio 0.0085 

WminusH126_2e2mu_pTj1_pTj2_genbin4_recobin2 acc 0.0851 eff 0.0252 outinratio 0.0134 

WplusH126_2e2mu_pTj1_pTj2_genbin4_recobin2 acc 0.0834 eff 0.0181 outinratio 0.0157 

ZH126_2e2mu_pTj1_pTj2_genbin4_recobin2 acc 0.0924 eff 0.0218 outinratio 0.0398 

ttH126_2e2mu_pTj1_pTj2_genbin4_recobin2 acc 0.4234 eff 0.0059 outinratio 0.1094 

ggH126_2e2mu_pTj1_pTj2_genbin0_recobin3 acc 0.291 eff 0.0002 outinratio 0.008 

VBFH126_2e2mu_pTj1_pTj2_genbin0_recobin3 acc 0.0685 eff 0.0 outinratio 0.0077 

WminusH126_2e2mu_pTj1_pTj2_genbin0_recobin3 acc 0.0999 eff 0.0015 outinratio 0.0199 

WplusH126_2e2mu_pTj1_pTj2_genbin0_recobin3 acc 0.0859 eff 0.0028 outinratio 0.0208 

ZH126_2e2mu_pTj1_pTj2_genbin0_recobin3 acc 0.0818 eff 0.0005 outinratio 0.0295 

ttH126_2e2mu_pTj1_pTj2_genbin0_recobin3 acc 0.0016 eff 0.0 outinratio 0.0778 

ggH126_2e2mu_pTj1_pTj2_genbin1_recobin3 acc 0.1083 eff 0.0083 outinratio 0.008 

VBFH126_2e2mu_pTj1_pTj2_genbin1_recobin3 acc 0.2201 eff 0.022 outinratio 0.0077 

WminusH126_2e2mu_pTj1_pTj2_genbin1_recobin3 acc 0.1351 eff 0.025 outinratio 0.0199 

WplusH126_2e2mu_pTj1_pTj2_genbin1_recobin3 acc 0.1174 eff 0.024 outinratio 0.0208 

ZH126_2e2mu_pTj1_pTj2_genbin1_recobin3 acc 0.1255 eff 0.02 outinratio 0.0295 

ttH126_2e2mu_pTj1_pTj2_genbin1_recobin3 acc 0.0129 eff 0.0304 outinratio 0.0778 

ggH126_2e2mu_pTj1_pTj2_genbin2_recobin3 acc 0.0146 eff 0.0168 outinratio 0.008 

VBFH126_2e2mu_pTj1_pTj2_genbin2_recobin3 acc 0.0348 eff 0.0546 outinratio 0.0077 

WminusH126_2e2mu_pTj1_pTj2_genbin2_recobin3 acc 0.061 eff 0.024 outinratio 0.0199 

WplusH126_2e2mu_pTj1_pTj2_genbin2_recobin3 acc 0.05 eff 0.0275 outinratio 0.0208 

ZH126_2e2mu_pTj1_pTj2_genbin2_recobin3 acc 0.0621 eff 0.0263 outinratio 0.0295 

ttH126_2e2mu_pTj1_pTj2_genbin2_recobin3 acc 0.0212 eff 0.0287 outinratio 0.0778 

ggH126_2e2mu_pTj1_pTj2_genbin3_recobin3 acc 0.0074 eff 0.3245 outinratio 0.008 

VBFH126_2e2mu_pTj1_pTj2_genbin3_recobin3 acc 0.0273 eff 0.228 outinratio 0.0077 

WminusH126_2e2mu_pTj1_pTj2_genbin3_recobin3 acc 0.0258 eff 0.2382 outinratio 0.0199 

WplusH126_2e2mu_pTj1_pTj2_genbin3_recobin3 acc 0.0234 eff 0.257 outinratio 0.0208 

ZH126_2e2mu_pTj1_pTj2_genbin3_recobin3 acc 0.0266 eff 0.255 outinratio 0.0295 

ttH126_2e2mu_pTj1_pTj2_genbin3_recobin3 acc 0.0239 eff 0.1199 outinratio 0.0778 

ggH126_2e2mu_pTj1_pTj2_genbin4_recobin3 acc 0.0192 eff 0.0266 outinratio 0.008 

VBFH126_2e2mu_pTj1_pTj2_genbin4_recobin3 acc 0.1369 eff 0.0174 outinratio 0.0077 

WminusH126_2e2mu_pTj1_pTj2_genbin4_recobin3 acc 0.0851 eff 0.0221 outinratio 0.0199 

WplusH126_2e2mu_pTj1_pTj2_genbin4_recobin3 acc 0.0834 eff 0.027 outinratio 0.0208 

ZH126_2e2mu_pTj1_pTj2_genbin4_recobin3 acc 0.0924 eff 0.0316 outinratio 0.0295 

ttH126_2e2mu_pTj1_pTj2_genbin4_recobin3 acc 0.4234 eff 0.0078 outinratio 0.0778 

ggH126_2e2mu_pTj1_pTj2_genbin0_recobin4 acc 0.291 eff 0.0004 outinratio 0.009 

VBFH126_2e2mu_pTj1_pTj2_genbin0_recobin4 acc 0.0685 eff 0.0054 outinratio 0.0 

WminusH126_2e2mu_pTj1_pTj2_genbin0_recobin4 acc 0.0999 eff 0.0014 outinratio 0.0102 

WplusH126_2e2mu_pTj1_pTj2_genbin0_recobin4 acc 0.0859 eff 0.0025 outinratio 0.0132 

ZH126_2e2mu_pTj1_pTj2_genbin0_recobin4 acc 0.0818 eff 0.0018 outinratio 0.0338 

ttH126_2e2mu_pTj1_pTj2_genbin0_recobin4 acc 0.0016 eff 0.0868 outinratio 0.0342 

ggH126_2e2mu_pTj1_pTj2_genbin1_recobin4 acc 0.1083 eff 0.0101 outinratio 0.009 

VBFH126_2e2mu_pTj1_pTj2_genbin1_recobin4 acc 0.2201 eff 0.0426 outinratio 0.0 

WminusH126_2e2mu_pTj1_pTj2_genbin1_recobin4 acc 0.1351 eff 0.0199 outinratio 0.0102 

WplusH126_2e2mu_pTj1_pTj2_genbin1_recobin4 acc 0.1174 eff 0.0223 outinratio 0.0132 

ZH126_2e2mu_pTj1_pTj2_genbin1_recobin4 acc 0.1255 eff 0.0199 outinratio 0.0338 

ttH126_2e2mu_pTj1_pTj2_genbin1_recobin4 acc 0.0129 eff 0.0962 outinratio 0.0342 

ggH126_2e2mu_pTj1_pTj2_genbin2_recobin4 acc 0.0146 eff 0.0447 outinratio 0.009 

VBFH126_2e2mu_pTj1_pTj2_genbin2_recobin4 acc 0.0348 eff 0.1032 outinratio 0.0 

WminusH126_2e2mu_pTj1_pTj2_genbin2_recobin4 acc 0.061 eff 0.0635 outinratio 0.0102 

WplusH126_2e2mu_pTj1_pTj2_genbin2_recobin4 acc 0.05 eff 0.0606 outinratio 0.0132 

ZH126_2e2mu_pTj1_pTj2_genbin2_recobin4 acc 0.0621 eff 0.0549 outinratio 0.0338 

ttH126_2e2mu_pTj1_pTj2_genbin2_recobin4 acc 0.0212 eff 0.1141 outinratio 0.0342 

ggH126_2e2mu_pTj1_pTj2_genbin3_recobin4 acc 0.0074 eff 0.0442 outinratio 0.009 

VBFH126_2e2mu_pTj1_pTj2_genbin3_recobin4 acc 0.0273 eff 0.1282 outinratio 0.0 

WminusH126_2e2mu_pTj1_pTj2_genbin3_recobin4 acc 0.0258 eff 0.1312 outinratio 0.0102 

WplusH126_2e2mu_pTj1_pTj2_genbin3_recobin4 acc 0.0234 eff 0.1212 outinratio 0.0132 

ZH126_2e2mu_pTj1_pTj2_genbin3_recobin4 acc 0.0266 eff 0.0884 outinratio 0.0338 

ttH126_2e2mu_pTj1_pTj2_genbin3_recobin4 acc 0.0239 eff 0.1619 outinratio 0.0342 

ggH126_2e2mu_pTj1_pTj2_genbin4_recobin4 acc 0.0192 eff 0.4365 outinratio 0.009 

VBFH126_2e2mu_pTj1_pTj2_genbin4_recobin4 acc 0.1369 eff 0.4427 outinratio 0.0 

WminusH126_2e2mu_pTj1_pTj2_genbin4_recobin4 acc 0.0851 eff 0.4262 outinratio 0.0102 

WplusH126_2e2mu_pTj1_pTj2_genbin4_recobin4 acc 0.0834 eff 0.4333 outinratio 0.0132 

ZH126_2e2mu_pTj1_pTj2_genbin4_recobin4 acc 0.0924 eff 0.4321 outinratio 0.0338 

ttH126_2e2mu_pTj1_pTj2_genbin4_recobin4 acc 0.4234 eff 0.3732 outinratio 0.0342 

Coeff fullNNLOPS
