Welcome in RunCoefficients!
OPT SPLIT
DEBUG opt.YEAR = 2024_7
It is a single-differential measurement, binning [-100.0, 30.0, 45.0, 62.0, 10000.0]
pTj2
Following observables extracted from dictionary: RECO =  pTj2  GEN =  GENpTj2
LUMI: 10.882200000000001
ttH126 0.00046886125
Processing ggH126 2024_7
Signal created
Signal failed created
Processing VBFH126 2024_7
Signal created
Signal failed created
Processing WminusH126 2024_7
Signal created
Signal failed created
Processing WplusH126 2024_7
Signal created
Signal failed created
Processing ZH126 2024_7
Signal created
Signal failed created
Processing ttH126 2024_7
Signal created
Signal failed created
2024_7 SKIMMED df CREATED
2024_7 ggH126
2024_7 VBFH126
2024_7 WminusH126
2024_7 WplusH126
2024_7 ZH126
2024_7 ttH126
Dataframes created successfully
Coeff std
ggH126_4l_pTj2_genbin0_recobin0 acc 0.3598 eff 0.5172 outinratio 0.0417 

VBFH126_4l_pTj2_genbin0_recobin0 acc 0.2101 eff 0.4635 outinratio 0.0254 

WminusH126_4l_pTj2_genbin0_recobin0 acc 0.1933 eff 0.4812 outinratio 0.0703 

WplusH126_4l_pTj2_genbin0_recobin0 acc 0.1735 eff 0.4699 outinratio 0.0595 

ZH126_4l_pTj2_genbin0_recobin0 acc 0.1831 eff 0.4618 outinratio 0.083 

ttH126_4l_pTj2_genbin0_recobin0 acc 0.0081 eff 0.2086 outinratio 0.1504 

ggH126_4l_pTj2_genbin1_recobin0 acc 0.0252 eff 0.174 outinratio 0.0417 

VBFH126_4l_pTj2_genbin1_recobin0 acc 0.0899 eff 0.1611 outinratio 0.0254 

WminusH126_4l_pTj2_genbin1_recobin0 acc 0.0657 eff 0.1257 outinratio 0.0703 

WplusH126_4l_pTj2_genbin1_recobin0 acc 0.0551 eff 0.1127 outinratio 0.0595 

ZH126_4l_pTj2_genbin1_recobin0 acc 0.0605 eff 0.1169 outinratio 0.083 

ttH126_4l_pTj2_genbin1_recobin0 acc 0.0182 eff 0.0618 outinratio 0.1504 

ggH126_4l_pTj2_genbin2_recobin0 acc 0.0109 eff 0.0 outinratio 0.0417 

VBFH126_4l_pTj2_genbin2_recobin0 acc 0.0723 eff 0.0679 outinratio 0.0254 

WminusH126_4l_pTj2_genbin2_recobin0 acc 0.0405 eff 0.0128 outinratio 0.0703 

WplusH126_4l_pTj2_genbin2_recobin0 acc 0.0381 eff 0.0186 outinratio 0.0595 

ZH126_4l_pTj2_genbin2_recobin0 acc 0.0421 eff 0.0188 outinratio 0.083 

ttH126_4l_pTj2_genbin2_recobin0 acc 0.0464 eff 0.0062 outinratio 0.1504 

ggH126_4l_pTj2_genbin3_recobin0 acc 0.0128 eff 0.0 outinratio 0.0417 

VBFH126_4l_pTj2_genbin3_recobin0 acc 0.0828 eff 0.0295 outinratio 0.0254 

WminusH126_4l_pTj2_genbin3_recobin0 acc 0.0488 eff 0.0038 outinratio 0.0703 

WplusH126_4l_pTj2_genbin3_recobin0 acc 0.0473 eff 0.0109 outinratio 0.0595 

ZH126_4l_pTj2_genbin3_recobin0 acc 0.0557 eff 0.006 outinratio 0.083 

ttH126_4l_pTj2_genbin3_recobin0 acc 0.2444 eff 0.0005 outinratio 0.1504 

ggH126_4l_pTj2_genbin0_recobin1 acc 0.3598 eff 0.0191 outinratio 0.034 

VBFH126_4l_pTj2_genbin0_recobin1 acc 0.2101 eff 0.0671 outinratio 0.0419 

WminusH126_4l_pTj2_genbin0_recobin1 acc 0.1933 eff 0.0611 outinratio 0.0708 

WplusH126_4l_pTj2_genbin0_recobin1 acc 0.1735 eff 0.0683 outinratio 0.0505 

ZH126_4l_pTj2_genbin0_recobin1 acc 0.1831 eff 0.0632 outinratio 0.0794 

ttH126_4l_pTj2_genbin0_recobin1 acc 0.0081 eff 0.0812 outinratio 0.1721 

ggH126_4l_pTj2_genbin1_recobin1 acc 0.0252 eff 0.359 outinratio 0.034 

VBFH126_4l_pTj2_genbin1_recobin1 acc 0.0899 eff 0.2675 outinratio 0.0419 

WminusH126_4l_pTj2_genbin1_recobin1 acc 0.0657 eff 0.3566 outinratio 0.0708 

WplusH126_4l_pTj2_genbin1_recobin1 acc 0.0551 eff 0.3361 outinratio 0.0505 

ZH126_4l_pTj2_genbin1_recobin1 acc 0.0605 eff 0.3134 outinratio 0.0794 

ttH126_4l_pTj2_genbin1_recobin1 acc 0.0182 eff 0.2357 outinratio 0.1721 

ggH126_4l_pTj2_genbin2_recobin1 acc 0.0109 eff 0.1301 outinratio 0.034 

VBFH126_4l_pTj2_genbin2_recobin1 acc 0.0723 eff 0.0938 outinratio 0.0419 

WminusH126_4l_pTj2_genbin2_recobin1 acc 0.0405 eff 0.1 outinratio 0.0708 

WplusH126_4l_pTj2_genbin2_recobin1 acc 0.0381 eff 0.1112 outinratio 0.0505 

ZH126_4l_pTj2_genbin2_recobin1 acc 0.0421 eff 0.1084 outinratio 0.0794 

ttH126_4l_pTj2_genbin2_recobin1 acc 0.0464 eff 0.0645 outinratio 0.1721 

ggH126_4l_pTj2_genbin3_recobin1 acc 0.0128 eff 0.0113 outinratio 0.034 

VBFH126_4l_pTj2_genbin3_recobin1 acc 0.0828 eff 0.0067 outinratio 0.0419 

WminusH126_4l_pTj2_genbin3_recobin1 acc 0.0488 eff 0.004 outinratio 0.0708 

WplusH126_4l_pTj2_genbin3_recobin1 acc 0.0473 eff 0.0046 outinratio 0.0505 

ZH126_4l_pTj2_genbin3_recobin1 acc 0.0557 eff 0.0115 outinratio 0.0794 

ttH126_4l_pTj2_genbin3_recobin1 acc 0.2444 eff 0.0034 outinratio 0.1721 

ggH126_4l_pTj2_genbin0_recobin2 acc 0.3598 eff 0.0034 outinratio 0.0614 

VBFH126_4l_pTj2_genbin0_recobin2 acc 0.2101 eff 0.0152 outinratio 0.0608 

WminusH126_4l_pTj2_genbin0_recobin2 acc 0.1933 eff 0.0125 outinratio 0.0524 

WplusH126_4l_pTj2_genbin0_recobin2 acc 0.1735 eff 0.0146 outinratio 0.0661 

ZH126_4l_pTj2_genbin0_recobin2 acc 0.1831 eff 0.0102 outinratio 0.0668 

ttH126_4l_pTj2_genbin0_recobin2 acc 0.0081 eff 0.0644 outinratio 0.1588 

ggH126_4l_pTj2_genbin1_recobin2 acc 0.0252 eff 0.0587 outinratio 0.0614 

VBFH126_4l_pTj2_genbin1_recobin2 acc 0.0899 eff 0.1177 outinratio 0.0608 

WminusH126_4l_pTj2_genbin1_recobin2 acc 0.0657 eff 0.104 outinratio 0.0524 

WplusH126_4l_pTj2_genbin1_recobin2 acc 0.0551 eff 0.1108 outinratio 0.0661 

ZH126_4l_pTj2_genbin1_recobin2 acc 0.0605 eff 0.1006 outinratio 0.0668 

ttH126_4l_pTj2_genbin1_recobin2 acc 0.0182 eff 0.1345 outinratio 0.1588 

ggH126_4l_pTj2_genbin2_recobin2 acc 0.0109 eff 0.3456 outinratio 0.0614 

VBFH126_4l_pTj2_genbin2_recobin2 acc 0.0723 eff 0.2716 outinratio 0.0608 

WminusH126_4l_pTj2_genbin2_recobin2 acc 0.0405 eff 0.3093 outinratio 0.0524 

WplusH126_4l_pTj2_genbin2_recobin2 acc 0.0381 eff 0.2946 outinratio 0.0661 

ZH126_4l_pTj2_genbin2_recobin2 acc 0.0421 eff 0.3214 outinratio 0.0668 

ttH126_4l_pTj2_genbin2_recobin2 acc 0.0464 eff 0.2798 outinratio 0.1588 

ggH126_4l_pTj2_genbin3_recobin2 acc 0.0128 eff 0.1192 outinratio 0.0614 

VBFH126_4l_pTj2_genbin3_recobin2 acc 0.0828 eff 0.0576 outinratio 0.0608 

WminusH126_4l_pTj2_genbin3_recobin2 acc 0.0488 eff 0.0597 outinratio 0.0524 

WplusH126_4l_pTj2_genbin3_recobin2 acc 0.0473 eff 0.0486 outinratio 0.0661 

ZH126_4l_pTj2_genbin3_recobin2 acc 0.0557 eff 0.063 outinratio 0.0668 

ttH126_4l_pTj2_genbin3_recobin2 acc 0.2444 eff 0.0278 outinratio 0.1588 

ggH126_4l_pTj2_genbin0_recobin3 acc 0.3598 eff 0.0007 outinratio 0.088 

VBFH126_4l_pTj2_genbin0_recobin3 acc 0.2101 eff 0.0052 outinratio 0.0517 

WminusH126_4l_pTj2_genbin0_recobin3 acc 0.1933 eff 0.0028 outinratio 0.0835 

WplusH126_4l_pTj2_genbin0_recobin3 acc 0.1735 eff 0.0082 outinratio 0.0657 

ZH126_4l_pTj2_genbin0_recobin3 acc 0.1831 eff 0.0056 outinratio 0.0811 

ttH126_4l_pTj2_genbin0_recobin3 acc 0.0081 eff 0.1501 outinratio 0.1674 

ggH126_4l_pTj2_genbin1_recobin3 acc 0.0252 eff 0.0049 outinratio 0.088 

VBFH126_4l_pTj2_genbin1_recobin3 acc 0.0899 eff 0.0062 outinratio 0.0517 

WminusH126_4l_pTj2_genbin1_recobin3 acc 0.0657 eff 0.0089 outinratio 0.0835 

WplusH126_4l_pTj2_genbin1_recobin3 acc 0.0551 eff 0.0103 outinratio 0.0657 

ZH126_4l_pTj2_genbin1_recobin3 acc 0.0605 eff 0.0113 outinratio 0.0811 

ttH126_4l_pTj2_genbin1_recobin3 acc 0.0182 eff 0.0944 outinratio 0.1674 

ggH126_4l_pTj2_genbin2_recobin3 acc 0.0109 eff 0.1254 outinratio 0.088 

VBFH126_4l_pTj2_genbin2_recobin3 acc 0.0723 eff 0.1405 outinratio 0.0517 

WminusH126_4l_pTj2_genbin2_recobin3 acc 0.0405 eff 0.0987 outinratio 0.0835 

WplusH126_4l_pTj2_genbin2_recobin3 acc 0.0381 eff 0.1149 outinratio 0.0657 

ZH126_4l_pTj2_genbin2_recobin3 acc 0.0421 eff 0.1251 outinratio 0.0811 

ttH126_4l_pTj2_genbin2_recobin3 acc 0.0464 eff 0.1881 outinratio 0.1674 

ggH126_4l_pTj2_genbin3_recobin3 acc 0.0128 eff 0.3852 outinratio 0.088 

VBFH126_4l_pTj2_genbin3_recobin3 acc 0.0828 eff 0.4804 outinratio 0.0517 

WminusH126_4l_pTj2_genbin3_recobin3 acc 0.0488 eff 0.4877 outinratio 0.0835 

WplusH126_4l_pTj2_genbin3_recobin3 acc 0.0473 eff 0.5018 outinratio 0.0657 

ZH126_4l_pTj2_genbin3_recobin3 acc 0.0557 eff 0.5064 outinratio 0.0811 

ttH126_4l_pTj2_genbin3_recobin3 acc 0.2444 eff 0.5104 outinratio 0.1674 

ggH126_4e_pTj2_genbin0_recobin0 acc 0.3244 eff 0.2902 outinratio 0.0592 

VBFH126_4e_pTj2_genbin0_recobin0 acc 0.1874 eff 0.2807 outinratio 0.0392 

WminusH126_4e_pTj2_genbin0_recobin0 acc 0.1808 eff 0.2995 outinratio 0.0746 

WplusH126_4e_pTj2_genbin0_recobin0 acc 0.1649 eff 0.2639 outinratio 0.0897 

ZH126_4e_pTj2_genbin0_recobin0 acc 0.1706 eff 0.2589 outinratio 0.0522 

ttH126_4e_pTj2_genbin0_recobin0 acc 0.0092 eff 0.1237 outinratio 0.1479 

ggH126_4e_pTj2_genbin1_recobin0 acc 0.0339 eff 0.1789 outinratio 0.0592 

VBFH126_4e_pTj2_genbin1_recobin0 acc 0.0877 eff 0.1099 outinratio 0.0392 

WminusH126_4e_pTj2_genbin1_recobin0 acc 0.0699 eff 0.0755 outinratio 0.0746 

WplusH126_4e_pTj2_genbin1_recobin0 acc 0.0549 eff 0.0666 outinratio 0.0897 

ZH126_4e_pTj2_genbin1_recobin0 acc 0.0604 eff 0.0791 outinratio 0.0522 

ttH126_4e_pTj2_genbin1_recobin0 acc 0.0176 eff 0.0342 outinratio 0.1479 

ggH126_4e_pTj2_genbin2_recobin0 acc 0.0118 eff 0.0 outinratio 0.0592 

VBFH126_4e_pTj2_genbin2_recobin0 acc 0.0699 eff 0.0642 outinratio 0.0392 

WminusH126_4e_pTj2_genbin2_recobin0 acc 0.0379 eff 0.0044 outinratio 0.0746 

WplusH126_4e_pTj2_genbin2_recobin0 acc 0.0347 eff 0.0072 outinratio 0.0897 

ZH126_4e_pTj2_genbin2_recobin0 acc 0.0413 eff 0.0032 outinratio 0.0522 

ttH126_4e_pTj2_genbin2_recobin0 acc 0.0439 eff 0.0012 outinratio 0.1479 

ggH126_4e_pTj2_genbin3_recobin0 acc 0.0134 eff 0.0 outinratio 0.0592 

VBFH126_4e_pTj2_genbin3_recobin0 acc 0.0855 eff 0.0108 outinratio 0.0392 

WminusH126_4e_pTj2_genbin3_recobin0 acc 0.0484 eff 0.0051 outinratio 0.0746 

WplusH126_4e_pTj2_genbin3_recobin0 acc 0.0447 eff 0.0251 outinratio 0.0897 

ZH126_4e_pTj2_genbin3_recobin0 acc 0.0611 eff 0.0 outinratio 0.0522 

ttH126_4e_pTj2_genbin3_recobin0 acc 0.241 eff 0.0 outinratio 0.1479 

ggH126_4e_pTj2_genbin0_recobin1 acc 0.3244 eff 0.0096 outinratio 0.0 

VBFH126_4e_pTj2_genbin0_recobin1 acc 0.1874 eff 0.0347 outinratio 0.093 

WminusH126_4e_pTj2_genbin0_recobin1 acc 0.1808 eff 0.0313 outinratio 0.0432 

WplusH126_4e_pTj2_genbin0_recobin1 acc 0.1649 eff 0.0307 outinratio 0.0539 

ZH126_4e_pTj2_genbin0_recobin1 acc 0.1706 eff 0.0351 outinratio 0.058 

ttH126_4e_pTj2_genbin0_recobin1 acc 0.0092 eff 0.0255 outinratio 0.2303 

ggH126_4e_pTj2_genbin1_recobin1 acc 0.0339 eff 0.1671 outinratio 0.0 

VBFH126_4e_pTj2_genbin1_recobin1 acc 0.0877 eff 0.2233 outinratio 0.093 

WminusH126_4e_pTj2_genbin1_recobin1 acc 0.0699 eff 0.2314 outinratio 0.0432 

WplusH126_4e_pTj2_genbin1_recobin1 acc 0.0549 eff 0.2087 outinratio 0.0539 

ZH126_4e_pTj2_genbin1_recobin1 acc 0.0604 eff 0.1751 outinratio 0.058 

ttH126_4e_pTj2_genbin1_recobin1 acc 0.0176 eff 0.1159 outinratio 0.2303 

ggH126_4e_pTj2_genbin2_recobin1 acc 0.0118 eff 0.0498 outinratio 0.0 

VBFH126_4e_pTj2_genbin2_recobin1 acc 0.0699 eff 0.0606 outinratio 0.093 

WminusH126_4e_pTj2_genbin2_recobin1 acc 0.0379 eff 0.0725 outinratio 0.0432 

WplusH126_4e_pTj2_genbin2_recobin1 acc 0.0347 eff 0.049 outinratio 0.0539 

ZH126_4e_pTj2_genbin2_recobin1 acc 0.0413 eff 0.0393 outinratio 0.058 

ttH126_4e_pTj2_genbin2_recobin1 acc 0.0439 eff 0.0328 outinratio 0.2303 

ggH126_4e_pTj2_genbin3_recobin1 acc 0.0134 eff 0.0392 outinratio 0.0 

VBFH126_4e_pTj2_genbin3_recobin1 acc 0.0855 eff 0.0067 outinratio 0.093 

WminusH126_4e_pTj2_genbin3_recobin1 acc 0.0484 eff 0.0018 outinratio 0.0432 

WplusH126_4e_pTj2_genbin3_recobin1 acc 0.0447 eff 0.0036 outinratio 0.0539 

ZH126_4e_pTj2_genbin3_recobin1 acc 0.0611 eff 0.0063 outinratio 0.058 

ttH126_4e_pTj2_genbin3_recobin1 acc 0.241 eff 0.0021 outinratio 0.2303 

ggH126_4e_pTj2_genbin0_recobin2 acc 0.3244 eff 0.0045 outinratio 0.0 

VBFH126_4e_pTj2_genbin0_recobin2 acc 0.1874 eff 0.0083 outinratio 0.057 

WminusH126_4e_pTj2_genbin0_recobin2 acc 0.1808 eff 0.0098 outinratio 0.069 

WplusH126_4e_pTj2_genbin0_recobin2 acc 0.1649 eff 0.0075 outinratio 0.037 

ZH126_4e_pTj2_genbin0_recobin2 acc 0.1706 eff 0.0057 outinratio 0.0874 

ttH126_4e_pTj2_genbin0_recobin2 acc 0.0092 eff 0.0436 outinratio 0.1549 

ggH126_4e_pTj2_genbin1_recobin2 acc 0.0339 eff 0.0285 outinratio 0.0 

VBFH126_4e_pTj2_genbin1_recobin2 acc 0.0877 eff 0.0571 outinratio 0.057 

WminusH126_4e_pTj2_genbin1_recobin2 acc 0.0699 eff 0.0506 outinratio 0.069 

WplusH126_4e_pTj2_genbin1_recobin2 acc 0.0549 eff 0.0565 outinratio 0.037 

ZH126_4e_pTj2_genbin1_recobin2 acc 0.0604 eff 0.0468 outinratio 0.0874 

ttH126_4e_pTj2_genbin1_recobin2 acc 0.0176 eff 0.1044 outinratio 0.1549 

ggH126_4e_pTj2_genbin2_recobin2 acc 0.0118 eff 0.3181 outinratio 0.0 

VBFH126_4e_pTj2_genbin2_recobin2 acc 0.0699 eff 0.1357 outinratio 0.057 

WminusH126_4e_pTj2_genbin2_recobin2 acc 0.0379 eff 0.188 outinratio 0.069 

WplusH126_4e_pTj2_genbin2_recobin2 acc 0.0347 eff 0.2409 outinratio 0.037 

ZH126_4e_pTj2_genbin2_recobin2 acc 0.0413 eff 0.1946 outinratio 0.0874 

ttH126_4e_pTj2_genbin2_recobin2 acc 0.0439 eff 0.1841 outinratio 0.1549 

ggH126_4e_pTj2_genbin3_recobin2 acc 0.0134 eff 0.0475 outinratio 0.0 

VBFH126_4e_pTj2_genbin3_recobin2 acc 0.0855 eff 0.0364 outinratio 0.057 

WminusH126_4e_pTj2_genbin3_recobin2 acc 0.0484 eff 0.0364 outinratio 0.069 

WplusH126_4e_pTj2_genbin3_recobin2 acc 0.0447 eff 0.0134 outinratio 0.037 

ZH126_4e_pTj2_genbin3_recobin2 acc 0.0611 eff 0.0238 outinratio 0.0874 

ttH126_4e_pTj2_genbin3_recobin2 acc 0.241 eff 0.0178 outinratio 0.1549 

ggH126_4e_pTj2_genbin0_recobin3 acc 0.3244 eff 0.0016 outinratio 0.0 

VBFH126_4e_pTj2_genbin0_recobin3 acc 0.1874 eff 0.0 outinratio 0.0259 

WminusH126_4e_pTj2_genbin0_recobin3 acc 0.1808 eff 0.0013 outinratio 0.0997 

WplusH126_4e_pTj2_genbin0_recobin3 acc 0.1649 eff 0.0045 outinratio 0.0681 

ZH126_4e_pTj2_genbin0_recobin3 acc 0.1706 eff 0.0012 outinratio 0.0551 

ttH126_4e_pTj2_genbin0_recobin3 acc 0.0092 eff 0.0785 outinratio 0.2067 

ggH126_4e_pTj2_genbin1_recobin3 acc 0.0339 eff 0.0 outinratio 0.0 

VBFH126_4e_pTj2_genbin1_recobin3 acc 0.0877 eff 0.0 outinratio 0.0259 

WminusH126_4e_pTj2_genbin1_recobin3 acc 0.0699 eff 0.0047 outinratio 0.0997 

WplusH126_4e_pTj2_genbin1_recobin3 acc 0.0549 eff 0.0186 outinratio 0.0681 

ZH126_4e_pTj2_genbin1_recobin3 acc 0.0604 eff 0.0071 outinratio 0.0551 

ttH126_4e_pTj2_genbin1_recobin3 acc 0.0176 eff 0.0743 outinratio 0.2067 

ggH126_4e_pTj2_genbin2_recobin3 acc 0.0118 eff 0.0698 outinratio 0.0 

VBFH126_4e_pTj2_genbin2_recobin3 acc 0.0699 eff 0.0781 outinratio 0.0259 

WminusH126_4e_pTj2_genbin2_recobin3 acc 0.0379 eff 0.0864 outinratio 0.0997 

WplusH126_4e_pTj2_genbin2_recobin3 acc 0.0347 eff 0.0746 outinratio 0.0681 

ZH126_4e_pTj2_genbin2_recobin3 acc 0.0413 eff 0.0644 outinratio 0.0551 

ttH126_4e_pTj2_genbin2_recobin3 acc 0.0439 eff 0.1161 outinratio 0.2067 

ggH126_4e_pTj2_genbin3_recobin3 acc 0.0134 eff 0.6316 outinratio 0.0 

VBFH126_4e_pTj2_genbin3_recobin3 acc 0.0855 eff 0.3314 outinratio 0.0259 

WminusH126_4e_pTj2_genbin3_recobin3 acc 0.0484 eff 0.298 outinratio 0.0997 

WplusH126_4e_pTj2_genbin3_recobin3 acc 0.0447 eff 0.3455 outinratio 0.0681 

ZH126_4e_pTj2_genbin3_recobin3 acc 0.0611 eff 0.314 outinratio 0.0551 

ttH126_4e_pTj2_genbin3_recobin3 acc 0.241 eff 0.319 outinratio 0.2067 

ggH126_4mu_pTj2_genbin0_recobin0 acc 0.4007 eff 0.7453 outinratio 0.0422 

VBFH126_4mu_pTj2_genbin0_recobin0 acc 0.2453 eff 0.6586 outinratio 0.0252 

WminusH126_4mu_pTj2_genbin0_recobin0 acc 0.2118 eff 0.6809 outinratio 0.0646 

WplusH126_4mu_pTj2_genbin0_recobin0 acc 0.1806 eff 0.6875 outinratio 0.0346 

ZH126_4mu_pTj2_genbin0_recobin0 acc 0.187 eff 0.6757 outinratio 0.085 

ttH126_4mu_pTj2_genbin0_recobin0 acc 0.0086 eff 0.308 outinratio 0.0957 

ggH126_4mu_pTj2_genbin1_recobin0 acc 0.0321 eff 0.2064 outinratio 0.0422 

VBFH126_4mu_pTj2_genbin1_recobin0 acc 0.0909 eff 0.2371 outinratio 0.0252 

WminusH126_4mu_pTj2_genbin1_recobin0 acc 0.0691 eff 0.1548 outinratio 0.0646 

WplusH126_4mu_pTj2_genbin1_recobin0 acc 0.0616 eff 0.1324 outinratio 0.0346 

ZH126_4mu_pTj2_genbin1_recobin0 acc 0.0609 eff 0.1572 outinratio 0.085 

ttH126_4mu_pTj2_genbin1_recobin0 acc 0.0197 eff 0.0943 outinratio 0.0957 

ggH126_4mu_pTj2_genbin2_recobin0 acc 0.0093 eff 0.0 outinratio 0.0422 

VBFH126_4mu_pTj2_genbin2_recobin0 acc 0.0766 eff 0.0599 outinratio 0.0252 

WminusH126_4mu_pTj2_genbin2_recobin0 acc 0.0424 eff 0.0388 outinratio 0.0646 

WplusH126_4mu_pTj2_genbin2_recobin0 acc 0.0407 eff 0.0153 outinratio 0.0346 

ZH126_4mu_pTj2_genbin2_recobin0 acc 0.0469 eff 0.0372 outinratio 0.085 

ttH126_4mu_pTj2_genbin2_recobin0 acc 0.0495 eff 0.0107 outinratio 0.0957 

ggH126_4mu_pTj2_genbin3_recobin0 acc 0.0144 eff 0.0 outinratio 0.0422 

VBFH126_4mu_pTj2_genbin3_recobin0 acc 0.0844 eff 0.0487 outinratio 0.0252 

WminusH126_4mu_pTj2_genbin3_recobin0 acc 0.0492 eff 0.0038 outinratio 0.0646 

WplusH126_4mu_pTj2_genbin3_recobin0 acc 0.0577 eff 0.0113 outinratio 0.0346 

ZH126_4mu_pTj2_genbin3_recobin0 acc 0.0609 eff 0.0088 outinratio 0.085 

ttH126_4mu_pTj2_genbin3_recobin0 acc 0.2625 eff 0.0015 outinratio 0.0957 

ggH126_4mu_pTj2_genbin0_recobin1 acc 0.4007 eff 0.0406 outinratio 0.0475 

VBFH126_4mu_pTj2_genbin0_recobin1 acc 0.2453 eff 0.0978 outinratio 0.0515 

WminusH126_4mu_pTj2_genbin0_recobin1 acc 0.2118 eff 0.084 outinratio 0.0661 

WplusH126_4mu_pTj2_genbin0_recobin1 acc 0.1806 eff 0.1013 outinratio 0.0342 

ZH126_4mu_pTj2_genbin0_recobin1 acc 0.187 eff 0.0869 outinratio 0.0947 

ttH126_4mu_pTj2_genbin0_recobin1 acc 0.0086 eff 0.1617 outinratio 0.1589 

ggH126_4mu_pTj2_genbin1_recobin1 acc 0.0321 eff 0.4906 outinratio 0.0475 

VBFH126_4mu_pTj2_genbin1_recobin1 acc 0.0909 eff 0.3864 outinratio 0.0515 

WminusH126_4mu_pTj2_genbin1_recobin1 acc 0.0691 eff 0.4943 outinratio 0.0661 

WplusH126_4mu_pTj2_genbin1_recobin1 acc 0.0616 eff 0.504 outinratio 0.0342 

ZH126_4mu_pTj2_genbin1_recobin1 acc 0.0609 eff 0.4882 outinratio 0.0947 

ttH126_4mu_pTj2_genbin1_recobin1 acc 0.0197 eff 0.3819 outinratio 0.1589 

ggH126_4mu_pTj2_genbin2_recobin1 acc 0.0093 eff 0.2591 outinratio 0.0475 

VBFH126_4mu_pTj2_genbin2_recobin1 acc 0.0766 eff 0.1256 outinratio 0.0515 

WminusH126_4mu_pTj2_genbin2_recobin1 acc 0.0424 eff 0.1381 outinratio 0.0661 

WplusH126_4mu_pTj2_genbin2_recobin1 acc 0.0407 eff 0.1954 outinratio 0.0342 

ZH126_4mu_pTj2_genbin2_recobin1 acc 0.0469 eff 0.2001 outinratio 0.0947 

ttH126_4mu_pTj2_genbin2_recobin1 acc 0.0495 eff 0.0922 outinratio 0.1589 

ggH126_4mu_pTj2_genbin3_recobin1 acc 0.0144 eff 0.0 outinratio 0.0475 

VBFH126_4mu_pTj2_genbin3_recobin1 acc 0.0844 eff 0.0127 outinratio 0.0515 

WminusH126_4mu_pTj2_genbin3_recobin1 acc 0.0492 eff -0.0006 outinratio 0.0661 

WplusH126_4mu_pTj2_genbin3_recobin1 acc 0.0577 eff 0.006 outinratio 0.0342 

ZH126_4mu_pTj2_genbin3_recobin1 acc 0.0609 eff 0.0173 outinratio 0.0947 

ttH126_4mu_pTj2_genbin3_recobin1 acc 0.2625 eff 0.0054 outinratio 0.1589 

ggH126_4mu_pTj2_genbin0_recobin2 acc 0.4007 eff 0.0067 outinratio 0.1344 

VBFH126_4mu_pTj2_genbin0_recobin2 acc 0.2453 eff 0.0222 outinratio 0.0424 

WminusH126_4mu_pTj2_genbin0_recobin2 acc 0.2118 eff 0.0119 outinratio 0.053 

WplusH126_4mu_pTj2_genbin0_recobin2 acc 0.1806 eff 0.0113 outinratio 0.118 

ZH126_4mu_pTj2_genbin0_recobin2 acc 0.187 eff 0.0129 outinratio 0.0757 

ttH126_4mu_pTj2_genbin0_recobin2 acc 0.0086 eff 0.047 outinratio 0.1516 

ggH126_4mu_pTj2_genbin1_recobin2 acc 0.0321 eff 0.0676 outinratio 0.1344 

VBFH126_4mu_pTj2_genbin1_recobin2 acc 0.0909 eff 0.1536 outinratio 0.0424 

WminusH126_4mu_pTj2_genbin1_recobin2 acc 0.0691 eff 0.1438 outinratio 0.053 

WplusH126_4mu_pTj2_genbin1_recobin2 acc 0.0616 eff 0.1641 outinratio 0.118 

ZH126_4mu_pTj2_genbin1_recobin2 acc 0.0609 eff 0.1323 outinratio 0.0757 

ttH126_4mu_pTj2_genbin1_recobin2 acc 0.0197 eff 0.1984 outinratio 0.1516 

ggH126_4mu_pTj2_genbin2_recobin2 acc 0.0093 eff 0.635 outinratio 0.1344 

VBFH126_4mu_pTj2_genbin2_recobin2 acc 0.0766 eff 0.448 outinratio 0.0424 

WminusH126_4mu_pTj2_genbin2_recobin2 acc 0.0424 eff 0.4428 outinratio 0.053 

WplusH126_4mu_pTj2_genbin2_recobin2 acc 0.0407 eff 0.3881 outinratio 0.118 

ZH126_4mu_pTj2_genbin2_recobin2 acc 0.0469 eff 0.4497 outinratio 0.0757 

ttH126_4mu_pTj2_genbin2_recobin2 acc 0.0495 eff 0.3852 outinratio 0.1516 

ggH126_4mu_pTj2_genbin3_recobin2 acc 0.0144 eff 0.2399 outinratio 0.1344 

VBFH126_4mu_pTj2_genbin3_recobin2 acc 0.0844 eff 0.0821 outinratio 0.0424 

WminusH126_4mu_pTj2_genbin3_recobin2 acc 0.0492 eff 0.0837 outinratio 0.053 

WplusH126_4mu_pTj2_genbin3_recobin2 acc 0.0577 eff 0.0705 outinratio 0.118 

ZH126_4mu_pTj2_genbin3_recobin2 acc 0.0609 eff 0.117 outinratio 0.0757 

ttH126_4mu_pTj2_genbin3_recobin2 acc 0.2625 eff 0.0393 outinratio 0.1516 

ggH126_4mu_pTj2_genbin0_recobin3 acc 0.4007 eff 0.0 outinratio 0.0 

VBFH126_4mu_pTj2_genbin0_recobin3 acc 0.2453 eff 0.0088 outinratio 0.0762 

WminusH126_4mu_pTj2_genbin0_recobin3 acc 0.2118 eff 0.0062 outinratio 0.0613 

WplusH126_4mu_pTj2_genbin0_recobin3 acc 0.1806 eff 0.0169 outinratio 0.0287 

ZH126_4mu_pTj2_genbin0_recobin3 acc 0.187 eff 0.0135 outinratio 0.0757 

ttH126_4mu_pTj2_genbin0_recobin3 acc 0.0086 eff 0.2213 outinratio 0.1346 

ggH126_4mu_pTj2_genbin1_recobin3 acc 0.0321 eff 0.0149 outinratio 0.0 

VBFH126_4mu_pTj2_genbin1_recobin3 acc 0.0909 eff 0.0132 outinratio 0.0762 

WminusH126_4mu_pTj2_genbin1_recobin3 acc 0.0691 eff 0.0187 outinratio 0.0613 

WplusH126_4mu_pTj2_genbin1_recobin3 acc 0.0616 eff 0.0097 outinratio 0.0287 

ZH126_4mu_pTj2_genbin1_recobin3 acc 0.0609 eff 0.0202 outinratio 0.0757 

ttH126_4mu_pTj2_genbin1_recobin3 acc 0.0197 eff 0.1395 outinratio 0.1346 

ggH126_4mu_pTj2_genbin2_recobin3 acc 0.0093 eff 0.104 outinratio 0.0 

VBFH126_4mu_pTj2_genbin2_recobin3 acc 0.0766 eff 0.2069 outinratio 0.0762 

WminusH126_4mu_pTj2_genbin2_recobin3 acc 0.0424 eff 0.1489 outinratio 0.0613 

WplusH126_4mu_pTj2_genbin2_recobin3 acc 0.0407 eff 0.1716 outinratio 0.0287 

ZH126_4mu_pTj2_genbin2_recobin3 acc 0.0469 eff 0.188 outinratio 0.0757 

ttH126_4mu_pTj2_genbin2_recobin3 acc 0.0495 eff 0.2884 outinratio 0.1346 

ggH126_4mu_pTj2_genbin3_recobin3 acc 0.0144 eff 0.3655 outinratio 0.0 

VBFH126_4mu_pTj2_genbin3_recobin3 acc 0.0844 eff 0.6777 outinratio 0.0762 

WminusH126_4mu_pTj2_genbin3_recobin3 acc 0.0492 eff 0.6936 outinratio 0.0613 

WplusH126_4mu_pTj2_genbin3_recobin3 acc 0.0577 eff 0.6806 outinratio 0.0287 

ZH126_4mu_pTj2_genbin3_recobin3 acc 0.0609 eff 0.7148 outinratio 0.0757 

ttH126_4mu_pTj2_genbin3_recobin3 acc 0.2625 eff 0.7239 outinratio 0.1346 

ggH126_2e2mu_pTj2_genbin0_recobin0 acc 0.3582 eff 0.4983 outinratio 0.0356 

VBFH126_2e2mu_pTj2_genbin0_recobin0 acc 0.2027 eff 0.4238 outinratio 0.0209 

WminusH126_2e2mu_pTj2_genbin0_recobin0 acc 0.1898 eff 0.4522 outinratio 0.074 

WplusH126_2e2mu_pTj2_genbin0_recobin0 acc 0.1744 eff 0.4548 outinratio 0.0708 

ZH126_2e2mu_pTj2_genbin0_recobin0 acc 0.1878 eff 0.4447 outinratio 0.0904 

ttH126_2e2mu_pTj2_genbin0_recobin0 acc 0.0072 eff 0.203 outinratio 0.2109 

ggH126_2e2mu_pTj2_genbin1_recobin0 acc 0.0162 eff 0.1329 outinratio 0.0356 

VBFH126_2e2mu_pTj2_genbin1_recobin0 acc 0.0904 eff 0.1456 outinratio 0.0209 

WminusH126_2e2mu_pTj2_genbin1_recobin0 acc 0.0616 eff 0.1382 outinratio 0.074 

WplusH126_2e2mu_pTj2_genbin1_recobin0 acc 0.0518 eff 0.1264 outinratio 0.0708 

ZH126_2e2mu_pTj2_genbin1_recobin0 acc 0.0602 eff 0.1149 outinratio 0.0904 

ttH126_2e2mu_pTj2_genbin1_recobin0 acc 0.0177 eff 0.0567 outinratio 0.2109 

ggH126_2e2mu_pTj2_genbin2_recobin0 acc 0.0111 eff 0.0 outinratio 0.0356 

VBFH126_2e2mu_pTj2_genbin2_recobin0 acc 0.0713 eff 0.0747 outinratio 0.0209 

WminusH126_2e2mu_pTj2_genbin2_recobin0 acc 0.0409 eff 0.0024 outinratio 0.074 

WplusH126_2e2mu_pTj2_genbin2_recobin0 acc 0.0385 eff 0.026 outinratio 0.0708 

ZH126_2e2mu_pTj2_genbin2_recobin0 acc 0.0398 eff 0.0155 outinratio 0.0904 

ttH126_2e2mu_pTj2_genbin2_recobin0 acc 0.0461 eff 0.0061 outinratio 0.2109 

ggH126_2e2mu_pTj2_genbin3_recobin0 acc 0.0116 eff 0.0 outinratio 0.0356 

VBFH126_2e2mu_pTj2_genbin3_recobin0 acc 0.0805 eff 0.0291 outinratio 0.0209 

WminusH126_2e2mu_pTj2_genbin3_recobin0 acc 0.0487 eff 0.0032 outinratio 0.074 

WplusH126_2e2mu_pTj2_genbin3_recobin0 acc 0.0431 eff 0.0026 outinratio 0.0708 

ZH126_2e2mu_pTj2_genbin3_recobin0 acc 0.0498 eff 0.0081 outinratio 0.0904 

ttH126_2e2mu_pTj2_genbin3_recobin0 acc 0.2363 eff 0.0001 outinratio 0.2109 

ggH126_2e2mu_pTj2_genbin0_recobin1 acc 0.3582 eff 0.011 outinratio 0.0295 

VBFH126_2e2mu_pTj2_genbin0_recobin1 acc 0.2027 eff 0.0627 outinratio 0.0109 

WminusH126_2e2mu_pTj2_genbin0_recobin1 acc 0.1898 eff 0.0624 outinratio 0.0845 

WplusH126_2e2mu_pTj2_genbin0_recobin1 acc 0.1744 eff 0.0692 outinratio 0.0653 

ZH126_2e2mu_pTj2_genbin0_recobin1 acc 0.1878 eff 0.0642 outinratio 0.0716 

ttH126_2e2mu_pTj2_genbin0_recobin1 acc 0.0072 eff 0.0675 outinratio 0.1688 

ggH126_2e2mu_pTj2_genbin1_recobin1 acc 0.0162 eff 0.4519 outinratio 0.0295 

VBFH126_2e2mu_pTj2_genbin1_recobin1 acc 0.0904 eff 0.2241 outinratio 0.0109 

WminusH126_2e2mu_pTj2_genbin1_recobin1 acc 0.0616 eff 0.3481 outinratio 0.0845 

WplusH126_2e2mu_pTj2_genbin1_recobin1 acc 0.0518 eff 0.3024 outinratio 0.0653 

ZH126_2e2mu_pTj2_genbin1_recobin1 acc 0.0602 eff 0.2913 outinratio 0.0716 

ttH126_2e2mu_pTj2_genbin1_recobin1 acc 0.0177 eff 0.2108 outinratio 0.1688 

ggH126_2e2mu_pTj2_genbin2_recobin1 acc 0.0111 eff 0.1211 outinratio 0.0295 

VBFH126_2e2mu_pTj2_genbin2_recobin1 acc 0.0713 eff 0.0925 outinratio 0.0109 

WminusH126_2e2mu_pTj2_genbin2_recobin1 acc 0.0409 eff 0.0921 outinratio 0.0845 

WplusH126_2e2mu_pTj2_genbin2_recobin1 acc 0.0385 eff 0.094 outinratio 0.0653 

ZH126_2e2mu_pTj2_genbin2_recobin1 acc 0.0398 eff 0.0878 outinratio 0.0716 

ttH126_2e2mu_pTj2_genbin2_recobin1 acc 0.0461 eff 0.0646 outinratio 0.1688 

ggH126_2e2mu_pTj2_genbin3_recobin1 acc 0.0116 eff 0.0 outinratio 0.0295 

VBFH126_2e2mu_pTj2_genbin3_recobin1 acc 0.0805 eff 0.0033 outinratio 0.0109 

WminusH126_2e2mu_pTj2_genbin3_recobin1 acc 0.0487 eff 0.0076 outinratio 0.0845 

WplusH126_2e2mu_pTj2_genbin3_recobin1 acc 0.0431 eff 0.0043 outinratio 0.0653 

ZH126_2e2mu_pTj2_genbin3_recobin1 acc 0.0498 eff 0.011 outinratio 0.0716 

ttH126_2e2mu_pTj2_genbin3_recobin1 acc 0.2363 eff 0.0028 outinratio 0.1688 

ggH126_2e2mu_pTj2_genbin0_recobin2 acc 0.3582 eff 0.0008 outinratio 0.0 

VBFH126_2e2mu_pTj2_genbin0_recobin2 acc 0.2027 eff 0.0139 outinratio 0.0791 

WminusH126_2e2mu_pTj2_genbin0_recobin2 acc 0.1898 eff 0.0143 outinratio 0.0467 

WplusH126_2e2mu_pTj2_genbin0_recobin2 acc 0.1744 eff 0.0201 outinratio 0.0349 

ZH126_2e2mu_pTj2_genbin0_recobin2 acc 0.1878 eff 0.011 outinratio 0.0527 

ttH126_2e2mu_pTj2_genbin0_recobin2 acc 0.0072 eff 0.0906 outinratio 0.1666 

ggH126_2e2mu_pTj2_genbin1_recobin2 acc 0.0162 eff 0.0861 outinratio 0.0 

VBFH126_2e2mu_pTj2_genbin1_recobin2 acc 0.0904 eff 0.1297 outinratio 0.0791 

WminusH126_2e2mu_pTj2_genbin1_recobin2 acc 0.0616 eff 0.112 outinratio 0.0467 

WplusH126_2e2mu_pTj2_genbin1_recobin2 acc 0.0518 eff 0.1081 outinratio 0.0349 

ZH126_2e2mu_pTj2_genbin1_recobin2 acc 0.0602 eff 0.1124 outinratio 0.0527 

ttH126_2e2mu_pTj2_genbin1_recobin2 acc 0.0177 eff 0.1114 outinratio 0.1666 

ggH126_2e2mu_pTj2_genbin2_recobin2 acc 0.0111 eff 0.2301 outinratio 0.0 

VBFH126_2e2mu_pTj2_genbin2_recobin2 acc 0.0713 eff 0.2386 outinratio 0.0791 

WminusH126_2e2mu_pTj2_genbin2_recobin2 acc 0.0409 eff 0.294 outinratio 0.0467 

WplusH126_2e2mu_pTj2_genbin2_recobin2 acc 0.0385 eff 0.268 outinratio 0.0349 

ZH126_2e2mu_pTj2_genbin2_recobin2 acc 0.0398 eff 0.3095 outinratio 0.0527 

ttH126_2e2mu_pTj2_genbin2_recobin2 acc 0.0461 eff 0.267 outinratio 0.1666 

ggH126_2e2mu_pTj2_genbin3_recobin2 acc 0.0116 eff 0.0858 outinratio 0.0 

VBFH126_2e2mu_pTj2_genbin3_recobin2 acc 0.0805 eff 0.0555 outinratio 0.0791 

WminusH126_2e2mu_pTj2_genbin3_recobin2 acc 0.0487 eff 0.0588 outinratio 0.0467 

WplusH126_2e2mu_pTj2_genbin3_recobin2 acc 0.0431 eff 0.0526 outinratio 0.0349 

ZH126_2e2mu_pTj2_genbin3_recobin2 acc 0.0498 eff 0.0527 outinratio 0.0527 

ttH126_2e2mu_pTj2_genbin3_recobin2 acc 0.2363 eff 0.0264 outinratio 0.1666 

ggH126_2e2mu_pTj2_genbin0_recobin3 acc 0.3582 eff 0.0007 outinratio 0.26 

VBFH126_2e2mu_pTj2_genbin0_recobin3 acc 0.2027 eff 0.0053 outinratio 0.0396 

WminusH126_2e2mu_pTj2_genbin0_recobin3 acc 0.1898 eff 0.0015 outinratio 0.0969 

WplusH126_2e2mu_pTj2_genbin0_recobin3 acc 0.1744 eff 0.0053 outinratio 0.104 

ZH126_2e2mu_pTj2_genbin0_recobin3 acc 0.1878 eff 0.0035 outinratio 0.0971 

ttH126_2e2mu_pTj2_genbin0_recobin3 acc 0.0072 eff 0.1534 outinratio 0.1834 

ggH126_2e2mu_pTj2_genbin1_recobin3 acc 0.0162 eff 0.0 outinratio 0.26 

VBFH126_2e2mu_pTj2_genbin1_recobin3 acc 0.0904 eff 0.0055 outinratio 0.0396 

WminusH126_2e2mu_pTj2_genbin1_recobin3 acc 0.0616 eff 0.0054 outinratio 0.0969 

WplusH126_2e2mu_pTj2_genbin1_recobin3 acc 0.0518 eff 0.006 outinratio 0.104 

ZH126_2e2mu_pTj2_genbin1_recobin3 acc 0.0602 eff 0.0086 outinratio 0.0971 

ttH126_2e2mu_pTj2_genbin1_recobin3 acc 0.0177 eff 0.0774 outinratio 0.1834 

ggH126_2e2mu_pTj2_genbin2_recobin3 acc 0.0111 eff 0.17 outinratio 0.26 

VBFH126_2e2mu_pTj2_genbin2_recobin3 acc 0.0713 eff 0.1342 outinratio 0.0396 

WminusH126_2e2mu_pTj2_genbin2_recobin3 acc 0.0409 eff 0.0765 outinratio 0.0969 

WplusH126_2e2mu_pTj2_genbin2_recobin3 acc 0.0385 eff 0.1026 outinratio 0.104 

ZH126_2e2mu_pTj2_genbin2_recobin3 acc 0.0398 eff 0.1186 outinratio 0.0971 

ttH126_2e2mu_pTj2_genbin2_recobin3 acc 0.0461 eff 0.166 outinratio 0.1834 

ggH126_2e2mu_pTj2_genbin3_recobin3 acc 0.0116 eff 0.231 outinratio 0.26 

VBFH126_2e2mu_pTj2_genbin3_recobin3 acc 0.0805 eff 0.4512 outinratio 0.0396 

WminusH126_2e2mu_pTj2_genbin3_recobin3 acc 0.0487 eff 0.475 outinratio 0.0969 

WplusH126_2e2mu_pTj2_genbin3_recobin3 acc 0.0431 eff 0.4615 outinratio 0.104 

ZH126_2e2mu_pTj2_genbin3_recobin3 acc 0.0498 eff 0.4941 outinratio 0.0971 

ttH126_2e2mu_pTj2_genbin3_recobin3 acc 0.2363 eff 0.4861 outinratio 0.1834 

Coeff fullNNLOPS
