Welcome in RunCoefficients!
OPT SPLIT
DEBUG opt.YEAR = 2024_10
It is a single-differential measurement, binning [-100.0, 30.0, 45.0, 62.0, 10000.0]
pTj2
Following observables extracted from dictionary: RECO =  pTj2  GEN =  GENpTj2
LUMI: 10.882200000000001
ttH126 0.00046886125
Processing ggH126 2024_10
Signal created
Signal failed created
Processing VBFH126 2024_10
Signal created
Signal failed created
Processing WminusH126 2024_10
Signal created
Signal failed created
Processing WplusH126 2024_10
Signal created
Signal failed created
Processing ZH126 2024_10
Signal created
Signal failed created
Processing ttH126 2024_10
Signal created
Signal failed created
2024_10 SKIMMED df CREATED
2024_10 ggH126
2024_10 VBFH126
2024_10 WminusH126
2024_10 WplusH126
2024_10 ZH126
2024_10 ttH126
Dataframes created successfully
Coeff std
ggH126_4l_pTj2_genbin0_recobin0 acc 0.3643 eff 0.5276 outinratio 0.0486 

VBFH126_4l_pTj2_genbin0_recobin0 acc 0.2156 eff 0.4602 outinratio 0.0314 

WminusH126_4l_pTj2_genbin0_recobin0 acc 0.2014 eff 0.463 outinratio 0.0662 

WplusH126_4l_pTj2_genbin0_recobin0 acc 0.1777 eff 0.4571 outinratio 0.065 

ZH126_4l_pTj2_genbin0_recobin0 acc 0.1799 eff 0.4629 outinratio 0.0729 

ttH126_4l_pTj2_genbin0_recobin0 acc 0.0091 eff 0.2042 outinratio 0.1407 

ggH126_4l_pTj2_genbin1_recobin0 acc 0.0214 eff 0.1919 outinratio 0.0486 

VBFH126_4l_pTj2_genbin1_recobin0 acc 0.0858 eff 0.1469 outinratio 0.0314 

WminusH126_4l_pTj2_genbin1_recobin0 acc 0.0636 eff 0.1266 outinratio 0.0662 

WplusH126_4l_pTj2_genbin1_recobin0 acc 0.055 eff 0.1232 outinratio 0.065 

ZH126_4l_pTj2_genbin1_recobin0 acc 0.0655 eff 0.1291 outinratio 0.0729 

ttH126_4l_pTj2_genbin1_recobin0 acc 0.0183 eff 0.0613 outinratio 0.1407 

ggH126_4l_pTj2_genbin2_recobin0 acc 0.0105 eff 0.0461 outinratio 0.0486 

VBFH126_4l_pTj2_genbin2_recobin0 acc 0.072 eff 0.0627 outinratio 0.0314 

WminusH126_4l_pTj2_genbin2_recobin0 acc 0.0397 eff 0.0229 outinratio 0.0662 

WplusH126_4l_pTj2_genbin2_recobin0 acc 0.0342 eff 0.021 outinratio 0.065 

ZH126_4l_pTj2_genbin2_recobin0 acc 0.0444 eff 0.0335 outinratio 0.0729 

ttH126_4l_pTj2_genbin2_recobin0 acc 0.0473 eff 0.0052 outinratio 0.1407 

ggH126_4l_pTj2_genbin3_recobin0 acc 0.0105 eff 0.0101 outinratio 0.0486 

VBFH126_4l_pTj2_genbin3_recobin0 acc 0.0767 eff 0.0266 outinratio 0.0314 

WminusH126_4l_pTj2_genbin3_recobin0 acc 0.0476 eff 0.0065 outinratio 0.0662 

WplusH126_4l_pTj2_genbin3_recobin0 acc 0.0476 eff 0.0021 outinratio 0.065 

ZH126_4l_pTj2_genbin3_recobin0 acc 0.0563 eff 0.0072 outinratio 0.0729 

ttH126_4l_pTj2_genbin3_recobin0 acc 0.2443 eff 0.0003 outinratio 0.1407 

ggH126_4l_pTj2_genbin0_recobin1 acc 0.3643 eff 0.0223 outinratio 0.0814 

VBFH126_4l_pTj2_genbin0_recobin1 acc 0.2156 eff 0.0708 outinratio 0.0334 

WminusH126_4l_pTj2_genbin0_recobin1 acc 0.2014 eff 0.0698 outinratio 0.0813 

WplusH126_4l_pTj2_genbin0_recobin1 acc 0.1777 eff 0.0643 outinratio 0.0645 

ZH126_4l_pTj2_genbin0_recobin1 acc 0.1799 eff 0.0555 outinratio 0.0702 

ttH126_4l_pTj2_genbin0_recobin1 acc 0.0091 eff 0.1081 outinratio 0.1907 

ggH126_4l_pTj2_genbin1_recobin1 acc 0.0214 eff 0.3145 outinratio 0.0814 

VBFH126_4l_pTj2_genbin1_recobin1 acc 0.0858 eff 0.2923 outinratio 0.0334 

WminusH126_4l_pTj2_genbin1_recobin1 acc 0.0636 eff 0.3167 outinratio 0.0813 

WplusH126_4l_pTj2_genbin1_recobin1 acc 0.055 eff 0.3146 outinratio 0.0645 

ZH126_4l_pTj2_genbin1_recobin1 acc 0.0655 eff 0.3182 outinratio 0.0702 

ttH126_4l_pTj2_genbin1_recobin1 acc 0.0183 eff 0.1986 outinratio 0.1907 

ggH126_4l_pTj2_genbin2_recobin1 acc 0.0105 eff 0.1601 outinratio 0.0814 

VBFH126_4l_pTj2_genbin2_recobin1 acc 0.072 eff 0.0841 outinratio 0.0334 

WminusH126_4l_pTj2_genbin2_recobin1 acc 0.0397 eff 0.1079 outinratio 0.0813 

WplusH126_4l_pTj2_genbin2_recobin1 acc 0.0342 eff 0.0999 outinratio 0.0645 

ZH126_4l_pTj2_genbin2_recobin1 acc 0.0444 eff 0.1215 outinratio 0.0702 

ttH126_4l_pTj2_genbin2_recobin1 acc 0.0473 eff 0.0695 outinratio 0.1907 

ggH126_4l_pTj2_genbin3_recobin1 acc 0.0105 eff 0.0094 outinratio 0.0814 

VBFH126_4l_pTj2_genbin3_recobin1 acc 0.0767 eff 0.0137 outinratio 0.0334 

WminusH126_4l_pTj2_genbin3_recobin1 acc 0.0476 eff 0.0087 outinratio 0.0813 

WplusH126_4l_pTj2_genbin3_recobin1 acc 0.0476 eff 0.0065 outinratio 0.0645 

ZH126_4l_pTj2_genbin3_recobin1 acc 0.0563 eff 0.0104 outinratio 0.0702 

ttH126_4l_pTj2_genbin3_recobin1 acc 0.2443 eff 0.0022 outinratio 0.1907 

ggH126_4l_pTj2_genbin0_recobin2 acc 0.3643 eff 0.0025 outinratio 0.0434 

VBFH126_4l_pTj2_genbin0_recobin2 acc 0.2156 eff 0.0175 outinratio 0.0326 

WminusH126_4l_pTj2_genbin0_recobin2 acc 0.2014 eff 0.0115 outinratio 0.0894 

WplusH126_4l_pTj2_genbin0_recobin2 acc 0.1777 eff 0.0079 outinratio 0.0717 

ZH126_4l_pTj2_genbin0_recobin2 acc 0.1799 eff 0.0153 outinratio 0.0662 

ttH126_4l_pTj2_genbin0_recobin2 acc 0.0091 eff 0.0764 outinratio 0.1405 

ggH126_4l_pTj2_genbin1_recobin2 acc 0.0214 eff 0.0824 outinratio 0.0434 

VBFH126_4l_pTj2_genbin1_recobin2 acc 0.0858 eff 0.122 outinratio 0.0326 

WminusH126_4l_pTj2_genbin1_recobin2 acc 0.0636 eff 0.1052 outinratio 0.0894 

WplusH126_4l_pTj2_genbin1_recobin2 acc 0.055 eff 0.101 outinratio 0.0717 

ZH126_4l_pTj2_genbin1_recobin2 acc 0.0655 eff 0.0951 outinratio 0.0662 

ttH126_4l_pTj2_genbin1_recobin2 acc 0.0183 eff 0.1538 outinratio 0.1405 

ggH126_4l_pTj2_genbin2_recobin2 acc 0.0105 eff 0.3055 outinratio 0.0434 

VBFH126_4l_pTj2_genbin2_recobin2 acc 0.072 eff 0.2761 outinratio 0.0326 

WminusH126_4l_pTj2_genbin2_recobin2 acc 0.0397 eff 0.3101 outinratio 0.0894 

WplusH126_4l_pTj2_genbin2_recobin2 acc 0.0342 eff 0.3222 outinratio 0.0717 

ZH126_4l_pTj2_genbin2_recobin2 acc 0.0444 eff 0.3235 outinratio 0.0662 

ttH126_4l_pTj2_genbin2_recobin2 acc 0.0473 eff 0.2908 outinratio 0.1405 

ggH126_4l_pTj2_genbin3_recobin2 acc 0.0105 eff 0.0988 outinratio 0.0434 

VBFH126_4l_pTj2_genbin3_recobin2 acc 0.0767 eff 0.0635 outinratio 0.0326 

WminusH126_4l_pTj2_genbin3_recobin2 acc 0.0476 eff 0.0603 outinratio 0.0894 

WplusH126_4l_pTj2_genbin3_recobin2 acc 0.0476 eff 0.0687 outinratio 0.0717 

ZH126_4l_pTj2_genbin3_recobin2 acc 0.0563 eff 0.0657 outinratio 0.0662 

ttH126_4l_pTj2_genbin3_recobin2 acc 0.2443 eff 0.0324 outinratio 0.1405 

ggH126_4l_pTj2_genbin0_recobin3 acc 0.3643 eff 0.0005 outinratio 0.056 

VBFH126_4l_pTj2_genbin0_recobin3 acc 0.2156 eff 0.0079 outinratio 0.0339 

WminusH126_4l_pTj2_genbin0_recobin3 acc 0.2014 eff 0.0056 outinratio 0.0797 

WplusH126_4l_pTj2_genbin0_recobin3 acc 0.1777 eff 0.0043 outinratio 0.0653 

ZH126_4l_pTj2_genbin0_recobin3 acc 0.1799 eff 0.0048 outinratio 0.0831 

ttH126_4l_pTj2_genbin0_recobin3 acc 0.0091 eff 0.1325 outinratio 0.1748 

ggH126_4l_pTj2_genbin1_recobin3 acc 0.0214 eff 0.0019 outinratio 0.056 

VBFH126_4l_pTj2_genbin1_recobin3 acc 0.0858 eff 0.012 outinratio 0.0339 

WminusH126_4l_pTj2_genbin1_recobin3 acc 0.0636 eff 0.0094 outinratio 0.0797 

WplusH126_4l_pTj2_genbin1_recobin3 acc 0.055 eff 0.0184 outinratio 0.0653 

ZH126_4l_pTj2_genbin1_recobin3 acc 0.0655 eff 0.0123 outinratio 0.0831 

ttH126_4l_pTj2_genbin1_recobin3 acc 0.0183 eff 0.0962 outinratio 0.1748 

ggH126_4l_pTj2_genbin2_recobin3 acc 0.0105 eff 0.0559 outinratio 0.056 

VBFH126_4l_pTj2_genbin2_recobin3 acc 0.072 eff 0.1451 outinratio 0.0339 

WminusH126_4l_pTj2_genbin2_recobin3 acc 0.0397 eff 0.1265 outinratio 0.0797 

WplusH126_4l_pTj2_genbin2_recobin3 acc 0.0342 eff 0.0999 outinratio 0.0653 

ZH126_4l_pTj2_genbin2_recobin3 acc 0.0444 eff 0.1054 outinratio 0.0831 

ttH126_4l_pTj2_genbin2_recobin3 acc 0.0473 eff 0.1816 outinratio 0.1748 

ggH126_4l_pTj2_genbin3_recobin3 acc 0.0105 eff 0.5431 outinratio 0.056 

VBFH126_4l_pTj2_genbin3_recobin3 acc 0.0767 eff 0.5065 outinratio 0.0339 

WminusH126_4l_pTj2_genbin3_recobin3 acc 0.0476 eff 0.4796 outinratio 0.0797 

WplusH126_4l_pTj2_genbin3_recobin3 acc 0.0476 eff 0.479 outinratio 0.0653 

ZH126_4l_pTj2_genbin3_recobin3 acc 0.0563 eff 0.5048 outinratio 0.0831 

ttH126_4l_pTj2_genbin3_recobin3 acc 0.2443 eff 0.5222 outinratio 0.1748 

ggH126_4e_pTj2_genbin0_recobin0 acc 0.3397 eff 0.3174 outinratio 0.0559 

VBFH126_4e_pTj2_genbin0_recobin0 acc 0.2108 eff 0.2879 outinratio 0.0299 

WminusH126_4e_pTj2_genbin0_recobin0 acc 0.1954 eff 0.2864 outinratio 0.0696 

WplusH126_4e_pTj2_genbin0_recobin0 acc 0.1691 eff 0.3109 outinratio 0.0772 

ZH126_4e_pTj2_genbin0_recobin0 acc 0.1745 eff 0.28 outinratio 0.0695 

ttH126_4e_pTj2_genbin0_recobin0 acc 0.009 eff 0.1706 outinratio 0.2079 

ggH126_4e_pTj2_genbin1_recobin0 acc 0.0201 eff 0.1364 outinratio 0.0559 

VBFH126_4e_pTj2_genbin1_recobin0 acc 0.0825 eff 0.0882 outinratio 0.0299 

WminusH126_4e_pTj2_genbin1_recobin0 acc 0.061 eff 0.0622 outinratio 0.0696 

WplusH126_4e_pTj2_genbin1_recobin0 acc 0.0516 eff 0.0825 outinratio 0.0772 

ZH126_4e_pTj2_genbin1_recobin0 acc 0.0597 eff 0.0751 outinratio 0.0695 

ttH126_4e_pTj2_genbin1_recobin0 acc 0.0171 eff 0.023 outinratio 0.2079 

ggH126_4e_pTj2_genbin2_recobin0 acc 0.0085 eff 0.0102 outinratio 0.0559 

VBFH126_4e_pTj2_genbin2_recobin0 acc 0.07 eff 0.0418 outinratio 0.0299 

WminusH126_4e_pTj2_genbin2_recobin0 acc 0.0396 eff 0.0216 outinratio 0.0696 

WplusH126_4e_pTj2_genbin2_recobin0 acc 0.034 eff 0.0127 outinratio 0.0772 

ZH126_4e_pTj2_genbin2_recobin0 acc 0.0442 eff 0.0192 outinratio 0.0695 

ttH126_4e_pTj2_genbin2_recobin0 acc 0.0483 eff 0.0042 outinratio 0.2079 

ggH126_4e_pTj2_genbin3_recobin0 acc 0.0109 eff 0.0 outinratio 0.0559 

VBFH126_4e_pTj2_genbin3_recobin0 acc 0.0733 eff 0.0078 outinratio 0.0299 

WminusH126_4e_pTj2_genbin3_recobin0 acc 0.0479 eff 0.0043 outinratio 0.0696 

WplusH126_4e_pTj2_genbin3_recobin0 acc 0.0477 eff 0.0 outinratio 0.0772 

ZH126_4e_pTj2_genbin3_recobin0 acc 0.0525 eff 0.0097 outinratio 0.0695 

ttH126_4e_pTj2_genbin3_recobin0 acc 0.2415 eff 0.0006 outinratio 0.2079 

ggH126_4e_pTj2_genbin0_recobin1 acc 0.3397 eff 0.0162 outinratio 0.0156 

VBFH126_4e_pTj2_genbin0_recobin1 acc 0.2108 eff 0.0403 outinratio 0.0489 

WminusH126_4e_pTj2_genbin0_recobin1 acc 0.1954 eff 0.0404 outinratio 0.0738 

WplusH126_4e_pTj2_genbin0_recobin1 acc 0.1691 eff 0.0297 outinratio 0.0747 

ZH126_4e_pTj2_genbin0_recobin1 acc 0.1745 eff 0.0449 outinratio 0.0785 

ttH126_4e_pTj2_genbin0_recobin1 acc 0.009 eff 0.0347 outinratio 0.2239 

ggH126_4e_pTj2_genbin1_recobin1 acc 0.0201 eff 0.2102 outinratio 0.0156 

VBFH126_4e_pTj2_genbin1_recobin1 acc 0.0825 eff 0.1843 outinratio 0.0489 

WminusH126_4e_pTj2_genbin1_recobin1 acc 0.061 eff 0.1925 outinratio 0.0738 

WplusH126_4e_pTj2_genbin1_recobin1 acc 0.0516 eff 0.2034 outinratio 0.0747 

ZH126_4e_pTj2_genbin1_recobin1 acc 0.0597 eff 0.197 outinratio 0.0785 

ttH126_4e_pTj2_genbin1_recobin1 acc 0.0171 eff 0.1067 outinratio 0.2239 

ggH126_4e_pTj2_genbin2_recobin1 acc 0.0085 eff 0.1327 outinratio 0.0156 

VBFH126_4e_pTj2_genbin2_recobin1 acc 0.07 eff 0.0633 outinratio 0.0489 

WminusH126_4e_pTj2_genbin2_recobin1 acc 0.0396 eff 0.0589 outinratio 0.0738 

WplusH126_4e_pTj2_genbin2_recobin1 acc 0.034 eff 0.0506 outinratio 0.0747 

ZH126_4e_pTj2_genbin2_recobin1 acc 0.0442 eff 0.0715 outinratio 0.0785 

ttH126_4e_pTj2_genbin2_recobin1 acc 0.0483 eff 0.0349 outinratio 0.2239 

ggH126_4e_pTj2_genbin3_recobin1 acc 0.0109 eff 0.0 outinratio 0.0156 

VBFH126_4e_pTj2_genbin3_recobin1 acc 0.0733 eff 0.0069 outinratio 0.0489 

WminusH126_4e_pTj2_genbin3_recobin1 acc 0.0479 eff 0.0031 outinratio 0.0738 

WplusH126_4e_pTj2_genbin3_recobin1 acc 0.0477 eff 0.0082 outinratio 0.0747 

ZH126_4e_pTj2_genbin3_recobin1 acc 0.0525 eff 0.0117 outinratio 0.0785 

ttH126_4e_pTj2_genbin3_recobin1 acc 0.2415 eff 0.0021 outinratio 0.2239 

ggH126_4e_pTj2_genbin0_recobin2 acc 0.3397 eff 0.0015 outinratio 0.051 

VBFH126_4e_pTj2_genbin0_recobin2 acc 0.2108 eff 0.0121 outinratio 0.0234 

WminusH126_4e_pTj2_genbin0_recobin2 acc 0.1954 eff 0.0069 outinratio 0.0629 

WplusH126_4e_pTj2_genbin0_recobin2 acc 0.1691 eff 0.0029 outinratio 0.0772 

ZH126_4e_pTj2_genbin0_recobin2 acc 0.1745 eff 0.007 outinratio 0.0797 

ttH126_4e_pTj2_genbin0_recobin2 acc 0.009 eff 0.0646 outinratio 0.0977 

ggH126_4e_pTj2_genbin1_recobin2 acc 0.0201 eff 0.0459 outinratio 0.051 

VBFH126_4e_pTj2_genbin1_recobin2 acc 0.0825 eff 0.0702 outinratio 0.0234 

WminusH126_4e_pTj2_genbin1_recobin2 acc 0.061 eff 0.0559 outinratio 0.0629 

WplusH126_4e_pTj2_genbin1_recobin2 acc 0.0516 eff 0.0564 outinratio 0.0772 

ZH126_4e_pTj2_genbin1_recobin2 acc 0.0597 eff 0.069 outinratio 0.0797 

ttH126_4e_pTj2_genbin1_recobin2 acc 0.0171 eff 0.0857 outinratio 0.0977 

ggH126_4e_pTj2_genbin2_recobin2 acc 0.0085 eff 0.2147 outinratio 0.051 

VBFH126_4e_pTj2_genbin2_recobin2 acc 0.07 eff 0.1847 outinratio 0.0234 

WminusH126_4e_pTj2_genbin2_recobin2 acc 0.0396 eff 0.1847 outinratio 0.0629 

WplusH126_4e_pTj2_genbin2_recobin2 acc 0.034 eff 0.1824 outinratio 0.0772 

ZH126_4e_pTj2_genbin2_recobin2 acc 0.0442 eff 0.1964 outinratio 0.0797 

ttH126_4e_pTj2_genbin2_recobin2 acc 0.0483 eff 0.174 outinratio 0.0977 

ggH126_4e_pTj2_genbin3_recobin2 acc 0.0109 eff 0.0527 outinratio 0.051 

VBFH126_4e_pTj2_genbin3_recobin2 acc 0.0733 eff 0.044 outinratio 0.0234 

WminusH126_4e_pTj2_genbin3_recobin2 acc 0.0479 eff 0.0402 outinratio 0.0629 

WplusH126_4e_pTj2_genbin3_recobin2 acc 0.0477 eff 0.0307 outinratio 0.0772 

ZH126_4e_pTj2_genbin3_recobin2 acc 0.0525 eff 0.051 outinratio 0.0797 

ttH126_4e_pTj2_genbin3_recobin2 acc 0.2415 eff 0.021 outinratio 0.0977 

ggH126_4e_pTj2_genbin0_recobin3 acc 0.3397 eff 0.0003 outinratio 0.0052 

VBFH126_4e_pTj2_genbin0_recobin3 acc 0.2108 eff 0.0041 outinratio 0.0356 

WminusH126_4e_pTj2_genbin0_recobin3 acc 0.1954 eff 0.0034 outinratio 0.0688 

WplusH126_4e_pTj2_genbin0_recobin3 acc 0.1691 eff 0.0 outinratio 0.0674 

ZH126_4e_pTj2_genbin0_recobin3 acc 0.1745 eff 0.0023 outinratio 0.0554 

ttH126_4e_pTj2_genbin0_recobin3 acc 0.009 eff 0.0829 outinratio 0.2097 

ggH126_4e_pTj2_genbin1_recobin3 acc 0.0201 eff 0.0 outinratio 0.0052 

VBFH126_4e_pTj2_genbin1_recobin3 acc 0.0825 eff 0.012 outinratio 0.0356 

WminusH126_4e_pTj2_genbin1_recobin3 acc 0.061 eff 0.0069 outinratio 0.0688 

WplusH126_4e_pTj2_genbin1_recobin3 acc 0.0516 eff 0.0049 outinratio 0.0674 

ZH126_4e_pTj2_genbin1_recobin3 acc 0.0597 eff 0.0107 outinratio 0.0554 

ttH126_4e_pTj2_genbin1_recobin3 acc 0.0171 eff 0.068 outinratio 0.2097 

ggH126_4e_pTj2_genbin2_recobin3 acc 0.0085 eff 0.0679 outinratio 0.0052 

VBFH126_4e_pTj2_genbin2_recobin3 acc 0.07 eff 0.0975 outinratio 0.0356 

WminusH126_4e_pTj2_genbin2_recobin3 acc 0.0396 eff 0.0857 outinratio 0.0688 

WplusH126_4e_pTj2_genbin2_recobin3 acc 0.034 eff 0.0596 outinratio 0.0674 

ZH126_4e_pTj2_genbin2_recobin3 acc 0.0442 eff 0.0588 outinratio 0.0554 

ttH126_4e_pTj2_genbin2_recobin3 acc 0.0483 eff 0.1248 outinratio 0.2097 

ggH126_4e_pTj2_genbin3_recobin3 acc 0.0109 eff 0.3257 outinratio 0.0052 

VBFH126_4e_pTj2_genbin3_recobin3 acc 0.0733 eff 0.3459 outinratio 0.0356 

WminusH126_4e_pTj2_genbin3_recobin3 acc 0.0479 eff 0.334 outinratio 0.0688 

WplusH126_4e_pTj2_genbin3_recobin3 acc 0.0477 eff 0.3292 outinratio 0.0674 

ZH126_4e_pTj2_genbin3_recobin3 acc 0.0525 eff 0.3457 outinratio 0.0554 

ttH126_4e_pTj2_genbin3_recobin3 acc 0.2415 eff 0.3286 outinratio 0.2097 

ggH126_4mu_pTj2_genbin0_recobin0 acc 0.3865 eff 0.7671 outinratio 0.0455 

VBFH126_4mu_pTj2_genbin0_recobin0 acc 0.233 eff 0.6605 outinratio 0.0349 

WminusH126_4mu_pTj2_genbin0_recobin0 acc 0.2193 eff 0.6648 outinratio 0.0561 

WplusH126_4mu_pTj2_genbin0_recobin0 acc 0.1893 eff 0.6623 outinratio 0.0653 

ZH126_4mu_pTj2_genbin0_recobin0 acc 0.1891 eff 0.6731 outinratio 0.0701 

ttH126_4mu_pTj2_genbin0_recobin0 acc 0.0091 eff 0.2866 outinratio 0.0555 

ggH126_4mu_pTj2_genbin1_recobin0 acc 0.0221 eff 0.2341 outinratio 0.0455 

VBFH126_4mu_pTj2_genbin1_recobin0 acc 0.0934 eff 0.2321 outinratio 0.0349 

WminusH126_4mu_pTj2_genbin1_recobin0 acc 0.0658 eff 0.1962 outinratio 0.0561 

WplusH126_4mu_pTj2_genbin1_recobin0 acc 0.0575 eff 0.1671 outinratio 0.0653 

ZH126_4mu_pTj2_genbin1_recobin0 acc 0.069 eff 0.2123 outinratio 0.0701 

ttH126_4mu_pTj2_genbin1_recobin0 acc 0.0203 eff 0.083 outinratio 0.0555 

ggH126_4mu_pTj2_genbin2_recobin0 acc 0.0134 eff 0.0961 outinratio 0.0455 

VBFH126_4mu_pTj2_genbin2_recobin0 acc 0.0767 eff 0.0802 outinratio 0.0349 

WminusH126_4mu_pTj2_genbin2_recobin0 acc 0.0423 eff 0.0273 outinratio 0.0561 

WplusH126_4mu_pTj2_genbin2_recobin0 acc 0.0349 eff 0.0313 outinratio 0.0653 

ZH126_4mu_pTj2_genbin2_recobin0 acc 0.0458 eff 0.0596 outinratio 0.0701 

ttH126_4mu_pTj2_genbin2_recobin0 acc 0.0498 eff 0.0052 outinratio 0.0555 

ggH126_4mu_pTj2_genbin3_recobin0 acc 0.0097 eff 0.0217 outinratio 0.0455 

VBFH126_4mu_pTj2_genbin3_recobin0 acc 0.0802 eff 0.0403 outinratio 0.0349 

WminusH126_4mu_pTj2_genbin3_recobin0 acc 0.051 eff 0.0113 outinratio 0.0561 

WplusH126_4mu_pTj2_genbin3_recobin0 acc 0.0465 eff 0.0084 outinratio 0.0653 

ZH126_4mu_pTj2_genbin3_recobin0 acc 0.0603 eff 0.0059 outinratio 0.0701 

ttH126_4mu_pTj2_genbin3_recobin0 acc 0.2654 eff 0.0004 outinratio 0.0555 

ggH126_4mu_pTj2_genbin0_recobin1 acc 0.3865 eff 0.0308 outinratio 0.1259 

VBFH126_4mu_pTj2_genbin0_recobin1 acc 0.233 eff 0.1068 outinratio 0.0275 

WminusH126_4mu_pTj2_genbin0_recobin1 acc 0.2193 eff 0.1109 outinratio 0.0714 

WplusH126_4mu_pTj2_genbin0_recobin1 acc 0.1893 eff 0.083 outinratio 0.0639 

ZH126_4mu_pTj2_genbin0_recobin1 acc 0.1891 eff 0.0785 outinratio 0.073 

ttH126_4mu_pTj2_genbin0_recobin1 acc 0.0091 eff 0.1899 outinratio 0.1713 

ggH126_4mu_pTj2_genbin1_recobin1 acc 0.0221 eff 0.3886 outinratio 0.1259 

VBFH126_4mu_pTj2_genbin1_recobin1 acc 0.0934 eff 0.4189 outinratio 0.0275 

WminusH126_4mu_pTj2_genbin1_recobin1 acc 0.0658 eff 0.4488 outinratio 0.0714 

WplusH126_4mu_pTj2_genbin1_recobin1 acc 0.0575 eff 0.4903 outinratio 0.0639 

ZH126_4mu_pTj2_genbin1_recobin1 acc 0.069 eff 0.4825 outinratio 0.073 

ttH126_4mu_pTj2_genbin1_recobin1 acc 0.0203 eff 0.2492 outinratio 0.1713 

ggH126_4mu_pTj2_genbin2_recobin1 acc 0.0134 eff 0.2072 outinratio 0.1259 

VBFH126_4mu_pTj2_genbin2_recobin1 acc 0.0767 eff 0.1025 outinratio 0.0275 

WminusH126_4mu_pTj2_genbin2_recobin1 acc 0.0423 eff 0.1499 outinratio 0.0714 

WplusH126_4mu_pTj2_genbin2_recobin1 acc 0.0349 eff 0.1188 outinratio 0.0639 

ZH126_4mu_pTj2_genbin2_recobin1 acc 0.0458 eff 0.2047 outinratio 0.073 

ttH126_4mu_pTj2_genbin2_recobin1 acc 0.0498 eff 0.1056 outinratio 0.1713 

ggH126_4mu_pTj2_genbin3_recobin1 acc 0.0097 eff 0.0253 outinratio 0.1259 

VBFH126_4mu_pTj2_genbin3_recobin1 acc 0.0802 eff 0.0175 outinratio 0.0275 

WminusH126_4mu_pTj2_genbin3_recobin1 acc 0.051 eff 0.0155 outinratio 0.0714 

WplusH126_4mu_pTj2_genbin3_recobin1 acc 0.0465 eff 0.0065 outinratio 0.0639 

ZH126_4mu_pTj2_genbin3_recobin1 acc 0.0603 eff 0.0161 outinratio 0.073 

ttH126_4mu_pTj2_genbin3_recobin1 acc 0.2654 eff 0.0023 outinratio 0.1713 

ggH126_4mu_pTj2_genbin0_recobin2 acc 0.3865 eff 0.0031 outinratio 0.0487 

VBFH126_4mu_pTj2_genbin0_recobin2 acc 0.233 eff 0.0313 outinratio 0.0398 

WminusH126_4mu_pTj2_genbin0_recobin2 acc 0.2193 eff 0.0186 outinratio 0.0885 

WplusH126_4mu_pTj2_genbin0_recobin2 acc 0.1893 eff 0.0168 outinratio 0.0864 

ZH126_4mu_pTj2_genbin0_recobin2 acc 0.1891 eff 0.0241 outinratio 0.0379 

ttH126_4mu_pTj2_genbin0_recobin2 acc 0.0091 eff 0.114 outinratio 0.1304 

ggH126_4mu_pTj2_genbin1_recobin2 acc 0.0221 eff 0.15 outinratio 0.0487 

VBFH126_4mu_pTj2_genbin1_recobin2 acc 0.0934 eff 0.1907 outinratio 0.0398 

WminusH126_4mu_pTj2_genbin1_recobin2 acc 0.0658 eff 0.1582 outinratio 0.0885 

WplusH126_4mu_pTj2_genbin1_recobin2 acc 0.0575 eff 0.1206 outinratio 0.0864 

ZH126_4mu_pTj2_genbin1_recobin2 acc 0.069 eff 0.1182 outinratio 0.0379 

ttH126_4mu_pTj2_genbin1_recobin2 acc 0.0203 eff 0.2849 outinratio 0.1304 

ggH126_4mu_pTj2_genbin2_recobin2 acc 0.0134 eff 0.3688 outinratio 0.0487 

VBFH126_4mu_pTj2_genbin2_recobin2 acc 0.0767 eff 0.4063 outinratio 0.0398 

WminusH126_4mu_pTj2_genbin2_recobin2 acc 0.0423 eff 0.4616 outinratio 0.0885 

WplusH126_4mu_pTj2_genbin2_recobin2 acc 0.0349 eff 0.4553 outinratio 0.0864 

ZH126_4mu_pTj2_genbin2_recobin2 acc 0.0458 eff 0.4409 outinratio 0.0379 

ttH126_4mu_pTj2_genbin2_recobin2 acc 0.0498 eff 0.4314 outinratio 0.1304 

ggH126_4mu_pTj2_genbin3_recobin2 acc 0.0097 eff 0.0972 outinratio 0.0487 

VBFH126_4mu_pTj2_genbin3_recobin2 acc 0.0802 eff 0.0856 outinratio 0.0398 

WminusH126_4mu_pTj2_genbin3_recobin2 acc 0.051 eff 0.0808 outinratio 0.0885 

WplusH126_4mu_pTj2_genbin3_recobin2 acc 0.0465 eff 0.1219 outinratio 0.0864 

ZH126_4mu_pTj2_genbin3_recobin2 acc 0.0603 eff 0.0865 outinratio 0.0379 

ttH126_4mu_pTj2_genbin3_recobin2 acc 0.2654 eff 0.052 outinratio 0.1304 

ggH126_4mu_pTj2_genbin0_recobin3 acc 0.3865 eff 0.0006 outinratio 0.0489 

VBFH126_4mu_pTj2_genbin0_recobin3 acc 0.233 eff 0.0151 outinratio 0.0385 

WminusH126_4mu_pTj2_genbin0_recobin3 acc 0.2193 eff 0.0079 outinratio 0.0684 

WplusH126_4mu_pTj2_genbin0_recobin3 acc 0.1893 eff 0.0035 outinratio 0.0662 

ZH126_4mu_pTj2_genbin0_recobin3 acc 0.1891 eff 0.0095 outinratio 0.0831 

ttH126_4mu_pTj2_genbin0_recobin3 acc 0.0091 eff 0.1877 outinratio 0.1426 

ggH126_4mu_pTj2_genbin1_recobin3 acc 0.0221 eff 0.0 outinratio 0.0489 

VBFH126_4mu_pTj2_genbin1_recobin3 acc 0.0934 eff 0.017 outinratio 0.0385 

WminusH126_4mu_pTj2_genbin1_recobin3 acc 0.0658 eff 0.0131 outinratio 0.0684 

WplusH126_4mu_pTj2_genbin1_recobin3 acc 0.0575 eff 0.0382 outinratio 0.0662 

ZH126_4mu_pTj2_genbin1_recobin3 acc 0.069 eff 0.0083 outinratio 0.0831 

ttH126_4mu_pTj2_genbin1_recobin3 acc 0.0203 eff 0.1266 outinratio 0.1426 

ggH126_4mu_pTj2_genbin2_recobin3 acc 0.0134 eff 0.0601 outinratio 0.0489 

VBFH126_4mu_pTj2_genbin2_recobin3 acc 0.0767 eff 0.1762 outinratio 0.0385 

WminusH126_4mu_pTj2_genbin2_recobin3 acc 0.0423 eff 0.1698 outinratio 0.0684 

WplusH126_4mu_pTj2_genbin2_recobin3 acc 0.0349 eff 0.1238 outinratio 0.0662 

ZH126_4mu_pTj2_genbin2_recobin3 acc 0.0458 eff 0.1701 outinratio 0.0831 

ttH126_4mu_pTj2_genbin2_recobin3 acc 0.0498 eff 0.2745 outinratio 0.1426 

ggH126_4mu_pTj2_genbin3_recobin3 acc 0.0097 eff 0.8744 outinratio 0.0489 

VBFH126_4mu_pTj2_genbin3_recobin3 acc 0.0802 eff 0.6991 outinratio 0.0385 

WminusH126_4mu_pTj2_genbin3_recobin3 acc 0.051 eff 0.6904 outinratio 0.0684 

WplusH126_4mu_pTj2_genbin3_recobin3 acc 0.0465 eff 0.6676 outinratio 0.0662 

ZH126_4mu_pTj2_genbin3_recobin3 acc 0.0603 eff 0.7272 outinratio 0.0831 

ttH126_4mu_pTj2_genbin3_recobin3 acc 0.2654 eff 0.7523 outinratio 0.1426 

ggH126_2e2mu_pTj2_genbin0_recobin0 acc 0.3656 eff 0.4955 outinratio 0.049 

VBFH126_2e2mu_pTj2_genbin0_recobin0 acc 0.2088 eff 0.4355 outinratio 0.0286 

WminusH126_2e2mu_pTj2_genbin0_recobin0 acc 0.1949 eff 0.4368 outinratio 0.0743 

WplusH126_2e2mu_pTj2_genbin0_recobin0 acc 0.1759 eff 0.4122 outinratio 0.0601 

ZH126_2e2mu_pTj2_genbin0_recobin0 acc 0.1778 eff 0.4397 outinratio 0.0765 

ttH126_2e2mu_pTj2_genbin0_recobin0 acc 0.0092 eff 0.1787 outinratio 0.1816 

ggH126_2e2mu_pTj2_genbin1_recobin0 acc 0.0217 eff 0.1965 outinratio 0.049 

VBFH126_2e2mu_pTj2_genbin1_recobin0 acc 0.0836 eff 0.1274 outinratio 0.0286 

WminusH126_2e2mu_pTj2_genbin1_recobin0 acc 0.0638 eff 0.1213 outinratio 0.0743 

WplusH126_2e2mu_pTj2_genbin1_recobin0 acc 0.0556 eff 0.1186 outinratio 0.0601 

ZH126_2e2mu_pTj2_genbin1_recobin0 acc 0.0668 eff 0.1091 outinratio 0.0765 

ttH126_2e2mu_pTj2_genbin1_recobin0 acc 0.0179 eff 0.0681 outinratio 0.1816 

ggH126_2e2mu_pTj2_genbin2_recobin0 acc 0.0099 eff 0.0258 outinratio 0.049 

VBFH126_2e2mu_pTj2_genbin2_recobin0 acc 0.0705 eff 0.0638 outinratio 0.0286 

WminusH126_2e2mu_pTj2_genbin2_recobin0 acc 0.0384 eff 0.021 outinratio 0.0743 

WplusH126_2e2mu_pTj2_genbin2_recobin0 acc 0.034 eff 0.0196 outinratio 0.0601 

ZH126_2e2mu_pTj2_genbin2_recobin0 acc 0.0438 eff 0.0266 outinratio 0.0765 

ttH126_2e2mu_pTj2_genbin2_recobin0 acc 0.0453 eff 0.0058 outinratio 0.1816 

ggH126_2e2mu_pTj2_genbin3_recobin0 acc 0.0107 eff 0.0099 outinratio 0.049 

VBFH126_2e2mu_pTj2_genbin3_recobin0 acc 0.0766 eff 0.0288 outinratio 0.0286 

WminusH126_2e2mu_pTj2_genbin3_recobin0 acc 0.0457 eff 0.0049 outinratio 0.0743 

WplusH126_2e2mu_pTj2_genbin3_recobin0 acc 0.0481 eff 0.0 outinratio 0.0601 

ZH126_2e2mu_pTj2_genbin3_recobin0 acc 0.0562 eff 0.0067 outinratio 0.0765 

ttH126_2e2mu_pTj2_genbin3_recobin0 acc 0.2344 eff 0.0001 outinratio 0.1816 

ggH126_2e2mu_pTj2_genbin0_recobin1 acc 0.3656 eff 0.0205 outinratio 0.07 

VBFH126_2e2mu_pTj2_genbin0_recobin1 acc 0.2088 eff 0.066 outinratio 0.0331 

WminusH126_2e2mu_pTj2_genbin0_recobin1 acc 0.1949 eff 0.0608 outinratio 0.0929 

WplusH126_2e2mu_pTj2_genbin0_recobin1 acc 0.1759 eff 0.0711 outinratio 0.062 

ZH126_2e2mu_pTj2_genbin0_recobin1 acc 0.1778 eff 0.048 outinratio 0.0644 

ttH126_2e2mu_pTj2_genbin0_recobin1 acc 0.0092 eff 0.1039 outinratio 0.1971 

ggH126_2e2mu_pTj2_genbin1_recobin1 acc 0.0217 eff 0.3261 outinratio 0.07 

VBFH126_2e2mu_pTj2_genbin1_recobin1 acc 0.0836 eff 0.2748 outinratio 0.0331 

WminusH126_2e2mu_pTj2_genbin1_recobin1 acc 0.0638 eff 0.308 outinratio 0.0929 

WplusH126_2e2mu_pTj2_genbin1_recobin1 acc 0.0556 eff 0.2712 outinratio 0.062 

ZH126_2e2mu_pTj2_genbin1_recobin1 acc 0.0668 eff 0.2857 outinratio 0.0644 

ttH126_2e2mu_pTj2_genbin1_recobin1 acc 0.0179 eff 0.2157 outinratio 0.1971 

ggH126_2e2mu_pTj2_genbin2_recobin1 acc 0.0099 eff 0.138 outinratio 0.07 

VBFH126_2e2mu_pTj2_genbin2_recobin1 acc 0.0705 eff 0.0847 outinratio 0.0331 

WminusH126_2e2mu_pTj2_genbin2_recobin1 acc 0.0384 eff 0.1106 outinratio 0.0929 

WplusH126_2e2mu_pTj2_genbin2_recobin1 acc 0.034 eff 0.1156 outinratio 0.062 

ZH126_2e2mu_pTj2_genbin2_recobin1 acc 0.0438 eff 0.1022 outinratio 0.0644 

ttH126_2e2mu_pTj2_genbin2_recobin1 acc 0.0453 eff 0.0683 outinratio 0.1971 

ggH126_2e2mu_pTj2_genbin3_recobin1 acc 0.0107 eff 0.0067 outinratio 0.07 

VBFH126_2e2mu_pTj2_genbin3_recobin1 acc 0.0766 eff 0.0151 outinratio 0.0331 

WminusH126_2e2mu_pTj2_genbin3_recobin1 acc 0.0457 eff 0.0078 outinratio 0.0929 

WplusH126_2e2mu_pTj2_genbin3_recobin1 acc 0.0481 eff 0.0055 outinratio 0.062 

ZH126_2e2mu_pTj2_genbin3_recobin1 acc 0.0562 eff 0.0065 outinratio 0.0644 

ttH126_2e2mu_pTj2_genbin3_recobin1 acc 0.2344 eff 0.0021 outinratio 0.1971 

ggH126_2e2mu_pTj2_genbin0_recobin2 acc 0.3656 eff 0.0026 outinratio 0.0363 

VBFH126_2e2mu_pTj2_genbin0_recobin2 acc 0.2088 eff 0.0121 outinratio 0.0292 

WminusH126_2e2mu_pTj2_genbin0_recobin2 acc 0.1949 eff 0.0096 outinratio 0.0994 

WplusH126_2e2mu_pTj2_genbin0_recobin2 acc 0.1759 eff 0.0054 outinratio 0.0581 

ZH126_2e2mu_pTj2_genbin0_recobin2 acc 0.1778 eff 0.0147 outinratio 0.0832 

ttH126_2e2mu_pTj2_genbin0_recobin2 acc 0.0092 eff 0.0629 outinratio 0.168 

ggH126_2e2mu_pTj2_genbin1_recobin2 acc 0.0217 eff 0.0629 outinratio 0.0363 

VBFH126_2e2mu_pTj2_genbin1_recobin2 acc 0.0836 eff 0.1087 outinratio 0.0292 

WminusH126_2e2mu_pTj2_genbin1_recobin2 acc 0.0638 eff 0.1015 outinratio 0.0994 

WplusH126_2e2mu_pTj2_genbin1_recobin2 acc 0.0556 eff 0.1122 outinratio 0.0581 

ZH126_2e2mu_pTj2_genbin1_recobin2 acc 0.0668 eff 0.0948 outinratio 0.0832 

ttH126_2e2mu_pTj2_genbin1_recobin2 acc 0.0179 eff 0.1096 outinratio 0.168 

ggH126_2e2mu_pTj2_genbin2_recobin2 acc 0.0099 eff 0.3015 outinratio 0.0363 

VBFH126_2e2mu_pTj2_genbin2_recobin2 acc 0.0705 eff 0.2496 outinratio 0.0292 

WminusH126_2e2mu_pTj2_genbin2_recobin2 acc 0.0384 eff 0.2907 outinratio 0.0994 

WplusH126_2e2mu_pTj2_genbin2_recobin2 acc 0.034 eff 0.3226 outinratio 0.0581 

ZH126_2e2mu_pTj2_genbin2_recobin2 acc 0.0438 eff 0.3266 outinratio 0.0832 

ttH126_2e2mu_pTj2_genbin2_recobin2 acc 0.0453 eff 0.2758 outinratio 0.168 

ggH126_2e2mu_pTj2_genbin3_recobin2 acc 0.0107 eff 0.1257 outinratio 0.0363 

VBFH126_2e2mu_pTj2_genbin3_recobin2 acc 0.0766 eff 0.0614 outinratio 0.0292 

WminusH126_2e2mu_pTj2_genbin3_recobin2 acc 0.0457 eff 0.0594 outinratio 0.0994 

WplusH126_2e2mu_pTj2_genbin3_recobin2 acc 0.0481 eff 0.0609 outinratio 0.0581 

ZH126_2e2mu_pTj2_genbin3_recobin2 acc 0.0562 eff 0.0612 outinratio 0.0832 

ttH126_2e2mu_pTj2_genbin3_recobin2 acc 0.2344 eff 0.0269 outinratio 0.168 

ggH126_2e2mu_pTj2_genbin0_recobin3 acc 0.3656 eff 0.0006 outinratio 0.0818 

VBFH126_2e2mu_pTj2_genbin0_recobin3 acc 0.2088 eff 0.0057 outinratio 0.0296 

WminusH126_2e2mu_pTj2_genbin0_recobin3 acc 0.1949 eff 0.0055 outinratio 0.0949 

WplusH126_2e2mu_pTj2_genbin0_recobin3 acc 0.1759 eff 0.0069 outinratio 0.0639 

ZH126_2e2mu_pTj2_genbin0_recobin3 acc 0.1778 eff 0.0035 outinratio 0.0932 

ttH126_2e2mu_pTj2_genbin0_recobin3 acc 0.0092 eff 0.1298 outinratio 0.1915 

ggH126_2e2mu_pTj2_genbin1_recobin3 acc 0.0217 eff 0.0039 outinratio 0.0818 

VBFH126_2e2mu_pTj2_genbin1_recobin3 acc 0.0836 eff 0.009 outinratio 0.0296 

WminusH126_2e2mu_pTj2_genbin1_recobin3 acc 0.0638 eff 0.0087 outinratio 0.0949 

WplusH126_2e2mu_pTj2_genbin1_recobin3 acc 0.0556 eff 0.0139 outinratio 0.0639 

ZH126_2e2mu_pTj2_genbin1_recobin3 acc 0.0668 eff 0.0153 outinratio 0.0932 

ttH126_2e2mu_pTj2_genbin1_recobin3 acc 0.0179 eff 0.0924 outinratio 0.1915 

ggH126_2e2mu_pTj2_genbin2_recobin3 acc 0.0099 eff 0.0471 outinratio 0.0818 

VBFH126_2e2mu_pTj2_genbin2_recobin3 acc 0.0705 eff 0.1531 outinratio 0.0296 

WminusH126_2e2mu_pTj2_genbin2_recobin3 acc 0.0384 eff 0.1236 outinratio 0.0949 

WplusH126_2e2mu_pTj2_genbin2_recobin3 acc 0.034 eff 0.1081 outinratio 0.0639 

ZH126_2e2mu_pTj2_genbin2_recobin3 acc 0.0438 eff 0.0945 outinratio 0.0932 

ttH126_2e2mu_pTj2_genbin2_recobin3 acc 0.0453 eff 0.16 outinratio 0.1915 

ggH126_2e2mu_pTj2_genbin3_recobin3 acc 0.0107 eff 0.4991 outinratio 0.0818 

VBFH126_2e2mu_pTj2_genbin3_recobin3 acc 0.0766 eff 0.4823 outinratio 0.0296 

WminusH126_2e2mu_pTj2_genbin3_recobin3 acc 0.0457 eff 0.4357 outinratio 0.0949 

WplusH126_2e2mu_pTj2_genbin3_recobin3 acc 0.0481 eff 0.4594 outinratio 0.0639 

ZH126_2e2mu_pTj2_genbin3_recobin3 acc 0.0562 eff 0.4572 outinratio 0.0932 

ttH126_2e2mu_pTj2_genbin3_recobin3 acc 0.2344 eff 0.4911 outinratio 0.1915 

Coeff fullNNLOPS
