Welcome in RunCoefficients!
OPT SPLIT
DEBUG opt.YEAR = 2023postBPix_1
It is a single-differential measurement, binning [-100.0, 0.0, 25.0, 75.0, 10000.0]
pTHjj
Following observables extracted from dictionary: RECO =  pTHjj  GEN =  GENpTHjj
LUMI: 9.693
ttH126 0.00046886128
Processing ggH126 2023postBPix_1
Signal created
Signal failed created
Processing VBFH126 2023postBPix_1
Signal created
Signal failed created
Processing WminusH126 2023postBPix_1
Signal created
Signal failed created
Processing WplusH126 2023postBPix_1
Signal created
Signal failed created
Processing ZH126 2023postBPix_1
Signal created
Signal failed created
Processing ttH126 2023postBPix_1
Signal created
Signal failed created
2023postBPix_1 SKIMMED df CREATED
2023postBPix_1 ggH126
2023postBPix_1 VBFH126
2023postBPix_1 WminusH126
2023postBPix_1 WplusH126
2023postBPix_1 ZH126
2023postBPix_1 ttH126
Dataframes created successfully
Coeff std
ggH126_4l_pTHjj_genbin0_recobin0 acc 0.405 eff 0.5601 outinratio 0.0092 

VBFH126_4l_pTHjj_genbin0_recobin0 acc 0.2887 eff 0.5228 outinratio 0.0092 

WminusH126_4l_pTHjj_genbin0_recobin0 acc 0.2398 eff 0.4751 outinratio 0.0189 

WplusH126_4l_pTHjj_genbin0_recobin0 acc 0.2068 eff 0.4789 outinratio 0.0181 

ZH126_4l_pTHjj_genbin0_recobin0 acc 0.2026 eff 0.4873 outinratio 0.0652 

ttH126_4l_pTHjj_genbin0_recobin0 acc 0.0143 eff 0.209 outinratio 0.1068 

ggH126_4l_pTHjj_genbin1_recobin0 acc 0.0177 eff 0.1285 outinratio 0.0092 

VBFH126_4l_pTHjj_genbin1_recobin0 acc 0.1335 eff 0.1045 outinratio 0.0092 

WminusH126_4l_pTHjj_genbin1_recobin0 acc 0.0705 eff 0.0951 outinratio 0.0189 

WplusH126_4l_pTHjj_genbin1_recobin0 acc 0.0636 eff 0.0949 outinratio 0.0181 

ZH126_4l_pTHjj_genbin1_recobin0 acc 0.0716 eff 0.1156 outinratio 0.0652 

ttH126_4l_pTHjj_genbin1_recobin0 acc 0.0219 eff 0.0056 outinratio 0.1068 

ggH126_4l_pTHjj_genbin2_recobin0 acc 0.022 eff 0.0777 outinratio 0.0092 

VBFH126_4l_pTHjj_genbin2_recobin0 acc 0.0556 eff 0.0755 outinratio 0.0092 

WminusH126_4l_pTHjj_genbin2_recobin0 acc 0.0759 eff 0.0564 outinratio 0.0189 

WplusH126_4l_pTHjj_genbin2_recobin0 acc 0.0701 eff 0.0494 outinratio 0.0181 

ZH126_4l_pTHjj_genbin2_recobin0 acc 0.0812 eff 0.0594 outinratio 0.0652 

ttH126_4l_pTHjj_genbin2_recobin0 acc 0.1443 eff 0.0073 outinratio 0.1068 

ggH126_4l_pTHjj_genbin3_recobin0 acc 0.0041 eff 0.0069 outinratio 0.0092 

VBFH126_4l_pTHjj_genbin3_recobin0 acc 0.0065 eff 0.0172 outinratio 0.0092 

WminusH126_4l_pTHjj_genbin3_recobin0 acc 0.0269 eff 0.0187 outinratio 0.0189 

WplusH126_4l_pTHjj_genbin3_recobin0 acc 0.0261 eff 0.0203 outinratio 0.0181 

ZH126_4l_pTHjj_genbin3_recobin0 acc 0.0289 eff 0.0271 outinratio 0.0652 

ttH126_4l_pTHjj_genbin3_recobin0 acc 0.3107 eff 0.0062 outinratio 0.1068 

ggH126_4l_pTHjj_genbin0_recobin1 acc 0.405 eff 0.0057 outinratio 0.0075 

VBFH126_4l_pTHjj_genbin0_recobin1 acc 0.2887 eff 0.0338 outinratio 0.0076 

WminusH126_4l_pTHjj_genbin0_recobin1 acc 0.2398 eff 0.0248 outinratio 0.0081 

WplusH126_4l_pTHjj_genbin0_recobin1 acc 0.2068 eff 0.0218 outinratio 0.0074 

ZH126_4l_pTHjj_genbin0_recobin1 acc 0.2026 eff 0.0225 outinratio 0.0269 

ttH126_4l_pTHjj_genbin0_recobin1 acc 0.0143 eff 0.0016 outinratio 0.0382 

ggH126_4l_pTHjj_genbin1_recobin1 acc 0.0177 eff 0.3366 outinratio 0.0075 

VBFH126_4l_pTHjj_genbin1_recobin1 acc 0.1335 eff 0.3469 outinratio 0.0076 

WminusH126_4l_pTHjj_genbin1_recobin1 acc 0.0705 eff 0.3504 outinratio 0.0081 

WplusH126_4l_pTHjj_genbin1_recobin1 acc 0.0636 eff 0.3392 outinratio 0.0074 

ZH126_4l_pTHjj_genbin1_recobin1 acc 0.0716 eff 0.3334 outinratio 0.0269 

ttH126_4l_pTHjj_genbin1_recobin1 acc 0.0219 eff 0.1423 outinratio 0.0382 

ggH126_4l_pTHjj_genbin2_recobin1 acc 0.022 eff 0.0539 outinratio 0.0075 

VBFH126_4l_pTHjj_genbin2_recobin1 acc 0.0556 eff 0.0751 outinratio 0.0076 

WminusH126_4l_pTHjj_genbin2_recobin1 acc 0.0759 eff 0.055 outinratio 0.0081 

WplusH126_4l_pTHjj_genbin2_recobin1 acc 0.0701 eff 0.0551 outinratio 0.0074 

ZH126_4l_pTHjj_genbin2_recobin1 acc 0.0812 eff 0.0534 outinratio 0.0269 

ttH126_4l_pTHjj_genbin2_recobin1 acc 0.1443 eff 0.0228 outinratio 0.0382 

ggH126_4l_pTHjj_genbin3_recobin1 acc 0.0041 eff 0.0 outinratio 0.0075 

VBFH126_4l_pTHjj_genbin3_recobin1 acc 0.0065 eff 0.0135 outinratio 0.0076 

WminusH126_4l_pTHjj_genbin3_recobin1 acc 0.0269 eff 0.0053 outinratio 0.0081 

WplusH126_4l_pTHjj_genbin3_recobin1 acc 0.0261 eff 0.0041 outinratio 0.0074 

ZH126_4l_pTHjj_genbin3_recobin1 acc 0.0289 eff 0.0133 outinratio 0.0269 

ttH126_4l_pTHjj_genbin3_recobin1 acc 0.3107 eff 0.0047 outinratio 0.0382 

ggH126_4l_pTHjj_genbin0_recobin2 acc 0.405 eff 0.0104 outinratio 0.0058 

VBFH126_4l_pTHjj_genbin0_recobin2 acc 0.2887 eff 0.0339 outinratio 0.01 

WminusH126_4l_pTHjj_genbin0_recobin2 acc 0.2398 eff 0.0342 outinratio 0.0086 

WplusH126_4l_pTHjj_genbin0_recobin2 acc 0.2068 eff 0.0334 outinratio 0.0098 

ZH126_4l_pTHjj_genbin0_recobin2 acc 0.2026 eff 0.0323 outinratio 0.0427 

ttH126_4l_pTHjj_genbin0_recobin2 acc 0.0143 eff 0.0605 outinratio 0.0403 

ggH126_4l_pTHjj_genbin1_recobin2 acc 0.0177 eff 0.1351 outinratio 0.0058 

VBFH126_4l_pTHjj_genbin1_recobin2 acc 0.1335 eff 0.1697 outinratio 0.01 

WminusH126_4l_pTHjj_genbin1_recobin2 acc 0.0705 eff 0.147 outinratio 0.0086 

WplusH126_4l_pTHjj_genbin1_recobin2 acc 0.0636 eff 0.1467 outinratio 0.0098 

ZH126_4l_pTHjj_genbin1_recobin2 acc 0.0716 eff 0.1482 outinratio 0.0427 

ttH126_4l_pTHjj_genbin1_recobin2 acc 0.0219 eff 0.1557 outinratio 0.0403 

ggH126_4l_pTHjj_genbin2_recobin2 acc 0.022 eff 0.4022 outinratio 0.0058 

VBFH126_4l_pTHjj_genbin2_recobin2 acc 0.0556 eff 0.41 outinratio 0.01 

WminusH126_4l_pTHjj_genbin2_recobin2 acc 0.0759 eff 0.3946 outinratio 0.0086 

WplusH126_4l_pTHjj_genbin2_recobin2 acc 0.0701 eff 0.3997 outinratio 0.0098 

ZH126_4l_pTHjj_genbin2_recobin2 acc 0.0812 eff 0.3798 outinratio 0.0427 

ttH126_4l_pTHjj_genbin2_recobin2 acc 0.1443 eff 0.2945 outinratio 0.0403 

ggH126_4l_pTHjj_genbin3_recobin2 acc 0.0041 eff 0.0737 outinratio 0.0058 

VBFH126_4l_pTHjj_genbin3_recobin2 acc 0.0065 eff 0.1108 outinratio 0.01 

WminusH126_4l_pTHjj_genbin3_recobin2 acc 0.0269 eff 0.0725 outinratio 0.0086 

WplusH126_4l_pTHjj_genbin3_recobin2 acc 0.0261 eff 0.0754 outinratio 0.0098 

ZH126_4l_pTHjj_genbin3_recobin2 acc 0.0289 eff 0.0853 outinratio 0.0427 

ttH126_4l_pTHjj_genbin3_recobin2 acc 0.3107 eff 0.0534 outinratio 0.0403 

ggH126_4l_pTHjj_genbin0_recobin3 acc 0.405 eff 0.0018 outinratio 0.0 

VBFH126_4l_pTHjj_genbin0_recobin3 acc 0.2887 eff 0.0045 outinratio 0.0137 

WminusH126_4l_pTHjj_genbin0_recobin3 acc 0.2398 eff 0.01 outinratio 0.0139 

WplusH126_4l_pTHjj_genbin0_recobin3 acc 0.2068 eff 0.0125 outinratio 0.0149 

ZH126_4l_pTHjj_genbin0_recobin3 acc 0.2026 eff 0.0085 outinratio 0.0604 

ttH126_4l_pTHjj_genbin0_recobin3 acc 0.0143 eff 0.1218 outinratio 0.0417 

ggH126_4l_pTHjj_genbin1_recobin3 acc 0.0177 eff 0.0134 outinratio 0.0 

VBFH126_4l_pTHjj_genbin1_recobin3 acc 0.1335 eff 0.0099 outinratio 0.0137 

WminusH126_4l_pTHjj_genbin1_recobin3 acc 0.0705 eff 0.0123 outinratio 0.0139 

WplusH126_4l_pTHjj_genbin1_recobin3 acc 0.0636 eff 0.0139 outinratio 0.0149 

ZH126_4l_pTHjj_genbin1_recobin3 acc 0.0716 eff 0.0136 outinratio 0.0604 

ttH126_4l_pTHjj_genbin1_recobin3 acc 0.0219 eff 0.0837 outinratio 0.0417 

ggH126_4l_pTHjj_genbin2_recobin3 acc 0.022 eff 0.0586 outinratio 0.0 

VBFH126_4l_pTHjj_genbin2_recobin3 acc 0.0556 eff 0.0543 outinratio 0.0137 

WminusH126_4l_pTHjj_genbin2_recobin3 acc 0.0759 eff 0.0571 outinratio 0.0139 

WplusH126_4l_pTHjj_genbin2_recobin3 acc 0.0701 eff 0.0576 outinratio 0.0149 

ZH126_4l_pTHjj_genbin2_recobin3 acc 0.0812 eff 0.0431 outinratio 0.0604 

ttH126_4l_pTHjj_genbin2_recobin3 acc 0.1443 eff 0.139 outinratio 0.0417 

ggH126_4l_pTHjj_genbin3_recobin3 acc 0.0041 eff 0.5011 outinratio 0.0 

VBFH126_4l_pTHjj_genbin3_recobin3 acc 0.0065 eff 0.5042 outinratio 0.0137 

WminusH126_4l_pTHjj_genbin3_recobin3 acc 0.0269 eff 0.4196 outinratio 0.0139 

WplusH126_4l_pTHjj_genbin3_recobin3 acc 0.0261 eff 0.4259 outinratio 0.0149 

ZH126_4l_pTHjj_genbin3_recobin3 acc 0.0289 eff 0.5049 outinratio 0.0604 

ttH126_4l_pTHjj_genbin3_recobin3 acc 0.3107 eff 0.3846 outinratio 0.0417 

ggH126_4e_pTHjj_genbin0_recobin0 acc 0.386 eff 0.3418 outinratio 0.0135 

VBFH126_4e_pTHjj_genbin0_recobin0 acc 0.2749 eff 0.3368 outinratio 0.0149 

WminusH126_4e_pTHjj_genbin0_recobin0 acc 0.2327 eff 0.3154 outinratio 0.0272 

WplusH126_4e_pTHjj_genbin0_recobin0 acc 0.202 eff 0.3167 outinratio 0.0289 

ZH126_4e_pTHjj_genbin0_recobin0 acc 0.1946 eff 0.3207 outinratio 0.0839 

ttH126_4e_pTHjj_genbin0_recobin0 acc 0.0135 eff 0.132 outinratio 0.1879 

ggH126_4e_pTHjj_genbin1_recobin0 acc 0.0167 eff 0.0808 outinratio 0.0135 

VBFH126_4e_pTHjj_genbin1_recobin0 acc 0.1268 eff 0.0646 outinratio 0.0149 

WminusH126_4e_pTHjj_genbin1_recobin0 acc 0.0674 eff 0.0581 outinratio 0.0272 

WplusH126_4e_pTHjj_genbin1_recobin0 acc 0.0609 eff 0.0584 outinratio 0.0289 

ZH126_4e_pTHjj_genbin1_recobin0 acc 0.068 eff 0.0558 outinratio 0.0839 

ttH126_4e_pTHjj_genbin1_recobin0 acc 0.0202 eff 0.0122 outinratio 0.1879 

ggH126_4e_pTHjj_genbin2_recobin0 acc 0.0204 eff 0.0452 outinratio 0.0135 

VBFH126_4e_pTHjj_genbin2_recobin0 acc 0.0552 eff 0.0484 outinratio 0.0149 

WminusH126_4e_pTHjj_genbin2_recobin0 acc 0.0726 eff 0.0335 outinratio 0.0272 

WplusH126_4e_pTHjj_genbin2_recobin0 acc 0.068 eff 0.0318 outinratio 0.0289 

ZH126_4e_pTHjj_genbin2_recobin0 acc 0.0737 eff 0.0322 outinratio 0.0839 

ttH126_4e_pTHjj_genbin2_recobin0 acc 0.1343 eff 0.0064 outinratio 0.1879 

ggH126_4e_pTHjj_genbin3_recobin0 acc 0.0044 eff 0.0 outinratio 0.0135 

VBFH126_4e_pTHjj_genbin3_recobin0 acc 0.0062 eff 0.015 outinratio 0.0149 

WminusH126_4e_pTHjj_genbin3_recobin0 acc 0.0261 eff 0.0144 outinratio 0.0272 

WplusH126_4e_pTHjj_genbin3_recobin0 acc 0.0262 eff 0.0167 outinratio 0.0289 

ZH126_4e_pTHjj_genbin3_recobin0 acc 0.0281 eff 0.0 outinratio 0.0839 

ttH126_4e_pTHjj_genbin3_recobin0 acc 0.3027 eff 0.0045 outinratio 0.1879 

ggH126_4e_pTHjj_genbin0_recobin1 acc 0.386 eff 0.0024 outinratio 0.0128 

VBFH126_4e_pTHjj_genbin0_recobin1 acc 0.2749 eff 0.0192 outinratio 0.0069 

WminusH126_4e_pTHjj_genbin0_recobin1 acc 0.2327 eff 0.0151 outinratio 0.017 

WplusH126_4e_pTHjj_genbin0_recobin1 acc 0.202 eff 0.0154 outinratio 0.0125 

ZH126_4e_pTHjj_genbin0_recobin1 acc 0.1946 eff 0.013 outinratio 0.0 

ttH126_4e_pTHjj_genbin0_recobin1 acc 0.0135 eff 0.0066 outinratio 0.0463 

ggH126_4e_pTHjj_genbin1_recobin1 acc 0.0167 eff 0.2031 outinratio 0.0128 

VBFH126_4e_pTHjj_genbin1_recobin1 acc 0.1268 eff 0.2407 outinratio 0.0069 

WminusH126_4e_pTHjj_genbin1_recobin1 acc 0.0674 eff 0.2333 outinratio 0.017 

WplusH126_4e_pTHjj_genbin1_recobin1 acc 0.0609 eff 0.2326 outinratio 0.0125 

ZH126_4e_pTHjj_genbin1_recobin1 acc 0.068 eff 0.2317 outinratio 0.0 

ttH126_4e_pTHjj_genbin1_recobin1 acc 0.0202 eff 0.1035 outinratio 0.0463 

ggH126_4e_pTHjj_genbin2_recobin1 acc 0.0204 eff 0.0484 outinratio 0.0128 

VBFH126_4e_pTHjj_genbin2_recobin1 acc 0.0552 eff 0.0637 outinratio 0.0069 

WminusH126_4e_pTHjj_genbin2_recobin1 acc 0.0726 eff 0.0319 outinratio 0.017 

WplusH126_4e_pTHjj_genbin2_recobin1 acc 0.068 eff 0.0399 outinratio 0.0125 

ZH126_4e_pTHjj_genbin2_recobin1 acc 0.0737 eff 0.048 outinratio 0.0 

ttH126_4e_pTHjj_genbin2_recobin1 acc 0.1343 eff 0.0166 outinratio 0.0463 

ggH126_4e_pTHjj_genbin3_recobin1 acc 0.0044 eff 0.0 outinratio 0.0128 

VBFH126_4e_pTHjj_genbin3_recobin1 acc 0.0062 eff 0.0295 outinratio 0.0069 

WminusH126_4e_pTHjj_genbin3_recobin1 acc 0.0261 eff 0.0037 outinratio 0.017 

WplusH126_4e_pTHjj_genbin3_recobin1 acc 0.0262 eff 0.0032 outinratio 0.0125 

ZH126_4e_pTHjj_genbin3_recobin1 acc 0.0281 eff 0.0 outinratio 0.0 

ttH126_4e_pTHjj_genbin3_recobin1 acc 0.3027 eff 0.0047 outinratio 0.0463 

ggH126_4e_pTHjj_genbin0_recobin2 acc 0.386 eff 0.0081 outinratio 0.0 

VBFH126_4e_pTHjj_genbin0_recobin2 acc 0.2749 eff 0.0187 outinratio 0.0071 

WminusH126_4e_pTHjj_genbin0_recobin2 acc 0.2327 eff 0.0224 outinratio 0.0085 

WplusH126_4e_pTHjj_genbin0_recobin2 acc 0.202 eff 0.0231 outinratio 0.0186 

ZH126_4e_pTHjj_genbin0_recobin2 acc 0.1946 eff 0.0224 outinratio 0.0539 

ttH126_4e_pTHjj_genbin0_recobin2 acc 0.0135 eff 0.0593 outinratio 0.086 

ggH126_4e_pTHjj_genbin1_recobin2 acc 0.0167 eff 0.0897 outinratio 0.0 

VBFH126_4e_pTHjj_genbin1_recobin2 acc 0.1268 eff 0.125 outinratio 0.0071 

WminusH126_4e_pTHjj_genbin1_recobin2 acc 0.0674 eff 0.1012 outinratio 0.0085 

WplusH126_4e_pTHjj_genbin1_recobin2 acc 0.0609 eff 0.0994 outinratio 0.0186 

ZH126_4e_pTHjj_genbin1_recobin2 acc 0.068 eff 0.1041 outinratio 0.0539 

ttH126_4e_pTHjj_genbin1_recobin2 acc 0.0202 eff 0.0316 outinratio 0.086 

ggH126_4e_pTHjj_genbin2_recobin2 acc 0.0204 eff 0.3006 outinratio 0.0 

VBFH126_4e_pTHjj_genbin2_recobin2 acc 0.0552 eff 0.2773 outinratio 0.0071 

WminusH126_4e_pTHjj_genbin2_recobin2 acc 0.0726 eff 0.2653 outinratio 0.0085 

WplusH126_4e_pTHjj_genbin2_recobin2 acc 0.068 eff 0.2667 outinratio 0.0186 

ZH126_4e_pTHjj_genbin2_recobin2 acc 0.0737 eff 0.2743 outinratio 0.0539 

ttH126_4e_pTHjj_genbin2_recobin2 acc 0.1343 eff 0.1814 outinratio 0.086 

ggH126_4e_pTHjj_genbin3_recobin2 acc 0.0044 eff 0.0525 outinratio 0.0 

VBFH126_4e_pTHjj_genbin3_recobin2 acc 0.0062 eff 0.1882 outinratio 0.0071 

WminusH126_4e_pTHjj_genbin3_recobin2 acc 0.0261 eff 0.0524 outinratio 0.0085 

WplusH126_4e_pTHjj_genbin3_recobin2 acc 0.0262 eff 0.0622 outinratio 0.0186 

ZH126_4e_pTHjj_genbin3_recobin2 acc 0.0281 eff 0.0695 outinratio 0.0539 

ttH126_4e_pTHjj_genbin3_recobin2 acc 0.3027 eff 0.0325 outinratio 0.086 

ggH126_4e_pTHjj_genbin0_recobin3 acc 0.386 eff 0.0014 outinratio 0.0 

VBFH126_4e_pTHjj_genbin0_recobin3 acc 0.2749 eff 0.0013 outinratio 0.031 

WminusH126_4e_pTHjj_genbin0_recobin3 acc 0.2327 eff 0.0075 outinratio 0.0251 

WplusH126_4e_pTHjj_genbin0_recobin3 acc 0.202 eff 0.0076 outinratio 0.0193 

ZH126_4e_pTHjj_genbin0_recobin3 acc 0.1946 eff 0.0063 outinratio 0.0659 

ttH126_4e_pTHjj_genbin0_recobin3 acc 0.0135 eff 0.075 outinratio 0.0499 

ggH126_4e_pTHjj_genbin1_recobin3 acc 0.0167 eff 0.0138 outinratio 0.0 

VBFH126_4e_pTHjj_genbin1_recobin3 acc 0.1268 eff 0.0059 outinratio 0.031 

WminusH126_4e_pTHjj_genbin1_recobin3 acc 0.0674 eff 0.0063 outinratio 0.0251 

WplusH126_4e_pTHjj_genbin1_recobin3 acc 0.0609 eff 0.0103 outinratio 0.0193 

ZH126_4e_pTHjj_genbin1_recobin3 acc 0.068 eff 0.0074 outinratio 0.0659 

ttH126_4e_pTHjj_genbin1_recobin3 acc 0.0202 eff 0.0551 outinratio 0.0499 

ggH126_4e_pTHjj_genbin2_recobin3 acc 0.0204 eff 0.0205 outinratio 0.0 

VBFH126_4e_pTHjj_genbin2_recobin3 acc 0.0552 eff 0.0395 outinratio 0.031 

WminusH126_4e_pTHjj_genbin2_recobin3 acc 0.0726 eff 0.042 outinratio 0.0251 

WplusH126_4e_pTHjj_genbin2_recobin3 acc 0.068 eff 0.0419 outinratio 0.0193 

ZH126_4e_pTHjj_genbin2_recobin3 acc 0.0737 eff 0.0245 outinratio 0.0659 

ttH126_4e_pTHjj_genbin2_recobin3 acc 0.1343 eff 0.1094 outinratio 0.0499 

ggH126_4e_pTHjj_genbin3_recobin3 acc 0.0044 eff 0.3589 outinratio 0.0 

VBFH126_4e_pTHjj_genbin3_recobin3 acc 0.0062 eff 0.239 outinratio 0.031 

WminusH126_4e_pTHjj_genbin3_recobin3 acc 0.0261 eff 0.2908 outinratio 0.0251 

WplusH126_4e_pTHjj_genbin3_recobin3 acc 0.0262 eff 0.2859 outinratio 0.0193 

ZH126_4e_pTHjj_genbin3_recobin3 acc 0.0281 eff 0.4536 outinratio 0.0659 

ttH126_4e_pTHjj_genbin3_recobin3 acc 0.3027 eff 0.2856 outinratio 0.0499 

ggH126_4mu_pTHjj_genbin0_recobin0 acc 0.4321 eff 0.794 outinratio 0.0069 

VBFH126_4mu_pTHjj_genbin0_recobin0 acc 0.3094 eff 0.7185 outinratio 0.0065 

WminusH126_4mu_pTHjj_genbin0_recobin0 acc 0.2552 eff 0.6556 outinratio 0.0115 

WplusH126_4mu_pTHjj_genbin0_recobin0 acc 0.2206 eff 0.656 outinratio 0.0112 

ZH126_4mu_pTHjj_genbin0_recobin0 acc 0.2163 eff 0.6777 outinratio 0.0872 

ttH126_4mu_pTHjj_genbin0_recobin0 acc 0.0168 eff 0.2986 outinratio 0.0868 

ggH126_4mu_pTHjj_genbin1_recobin0 acc 0.0182 eff 0.1406 outinratio 0.0069 

VBFH126_4mu_pTHjj_genbin1_recobin0 acc 0.1411 eff 0.1273 outinratio 0.0065 

WminusH126_4mu_pTHjj_genbin1_recobin0 acc 0.0753 eff 0.1373 outinratio 0.0115 

WplusH126_4mu_pTHjj_genbin1_recobin0 acc 0.0674 eff 0.1344 outinratio 0.0112 

ZH126_4mu_pTHjj_genbin1_recobin0 acc 0.0769 eff 0.1862 outinratio 0.0872 

ttH126_4mu_pTHjj_genbin1_recobin0 acc 0.0238 eff 0.0 outinratio 0.0868 

ggH126_4mu_pTHjj_genbin2_recobin0 acc 0.0245 eff 0.099 outinratio 0.0069 

VBFH126_4mu_pTHjj_genbin2_recobin0 acc 0.0602 eff 0.0974 outinratio 0.0065 

WminusH126_4mu_pTHjj_genbin2_recobin0 acc 0.0814 eff 0.0808 outinratio 0.0115 

WplusH126_4mu_pTHjj_genbin2_recobin0 acc 0.0742 eff 0.0698 outinratio 0.0112 

ZH126_4mu_pTHjj_genbin2_recobin0 acc 0.0875 eff 0.0801 outinratio 0.0872 

ttH126_4mu_pTHjj_genbin2_recobin0 acc 0.1568 eff 0.0068 outinratio 0.0868 

ggH126_4mu_pTHjj_genbin3_recobin0 acc 0.0044 eff 0.0049 outinratio 0.0069 

VBFH126_4mu_pTHjj_genbin3_recobin0 acc 0.0071 eff 0.0205 outinratio 0.0065 

WminusH126_4mu_pTHjj_genbin3_recobin0 acc 0.0291 eff 0.0246 outinratio 0.0115 

WplusH126_4mu_pTHjj_genbin3_recobin0 acc 0.0271 eff 0.0209 outinratio 0.0112 

ZH126_4mu_pTHjj_genbin3_recobin0 acc 0.0258 eff 0.0455 outinratio 0.0872 

ttH126_4mu_pTHjj_genbin3_recobin0 acc 0.3332 eff 0.0104 outinratio 0.0868 

ggH126_4mu_pTHjj_genbin0_recobin1 acc 0.4321 eff 0.0078 outinratio 0.0068 

VBFH126_4mu_pTHjj_genbin0_recobin1 acc 0.3094 eff 0.0469 outinratio 0.007 

WminusH126_4mu_pTHjj_genbin0_recobin1 acc 0.2552 eff 0.0374 outinratio 0.0031 

WplusH126_4mu_pTHjj_genbin0_recobin1 acc 0.2206 eff 0.0292 outinratio 0.0056 

ZH126_4mu_pTHjj_genbin0_recobin1 acc 0.2163 eff 0.0302 outinratio 0.0535 

ttH126_4mu_pTHjj_genbin0_recobin1 acc 0.0168 eff 0.0 outinratio 0.0228 

ggH126_4mu_pTHjj_genbin1_recobin1 acc 0.0182 eff 0.4698 outinratio 0.0068 

VBFH126_4mu_pTHjj_genbin1_recobin1 acc 0.1411 eff 0.4545 outinratio 0.007 

WminusH126_4mu_pTHjj_genbin1_recobin1 acc 0.0753 eff 0.468 outinratio 0.0031 

WplusH126_4mu_pTHjj_genbin1_recobin1 acc 0.0674 eff 0.4659 outinratio 0.0056 

ZH126_4mu_pTHjj_genbin1_recobin1 acc 0.0769 eff 0.4404 outinratio 0.0535 

ttH126_4mu_pTHjj_genbin1_recobin1 acc 0.0238 eff 0.2398 outinratio 0.0228 

ggH126_4mu_pTHjj_genbin2_recobin1 acc 0.0245 eff 0.0546 outinratio 0.0068 

VBFH126_4mu_pTHjj_genbin2_recobin1 acc 0.0602 eff 0.1028 outinratio 0.007 

WminusH126_4mu_pTHjj_genbin2_recobin1 acc 0.0814 eff 0.0787 outinratio 0.0031 

WplusH126_4mu_pTHjj_genbin2_recobin1 acc 0.0742 eff 0.0709 outinratio 0.0056 

ZH126_4mu_pTHjj_genbin2_recobin1 acc 0.0875 eff 0.0674 outinratio 0.0535 

ttH126_4mu_pTHjj_genbin2_recobin1 acc 0.1568 eff 0.0347 outinratio 0.0228 

ggH126_4mu_pTHjj_genbin3_recobin1 acc 0.0044 eff 0.0 outinratio 0.0068 

VBFH126_4mu_pTHjj_genbin3_recobin1 acc 0.0071 eff 0.0076 outinratio 0.007 

WminusH126_4mu_pTHjj_genbin3_recobin1 acc 0.0291 eff 0.0095 outinratio 0.0031 

WplusH126_4mu_pTHjj_genbin3_recobin1 acc 0.0271 eff 0.0076 outinratio 0.0056 

ZH126_4mu_pTHjj_genbin3_recobin1 acc 0.0258 eff 0.0 outinratio 0.0535 

ttH126_4mu_pTHjj_genbin3_recobin1 acc 0.3332 eff 0.0056 outinratio 0.0228 

ggH126_4mu_pTHjj_genbin0_recobin2 acc 0.4321 eff 0.0164 outinratio 0.0143 

VBFH126_4mu_pTHjj_genbin0_recobin2 acc 0.3094 eff 0.0544 outinratio 0.0122 

WminusH126_4mu_pTHjj_genbin0_recobin2 acc 0.2552 eff 0.0479 outinratio 0.007 

WplusH126_4mu_pTHjj_genbin0_recobin2 acc 0.2206 eff 0.0451 outinratio 0.004 

ZH126_4mu_pTHjj_genbin0_recobin2 acc 0.2163 eff 0.0358 outinratio 0.0359 

ttH126_4mu_pTHjj_genbin0_recobin2 acc 0.0168 eff 0.0599 outinratio 0.0234 

ggH126_4mu_pTHjj_genbin1_recobin2 acc 0.0182 eff 0.2021 outinratio 0.0143 

VBFH126_4mu_pTHjj_genbin1_recobin2 acc 0.1411 eff 0.2364 outinratio 0.0122 

WminusH126_4mu_pTHjj_genbin1_recobin2 acc 0.0753 eff 0.1985 outinratio 0.007 

WplusH126_4mu_pTHjj_genbin1_recobin2 acc 0.0674 eff 0.197 outinratio 0.004 

ZH126_4mu_pTHjj_genbin1_recobin2 acc 0.0769 eff 0.147 outinratio 0.0359 

ttH126_4mu_pTHjj_genbin1_recobin2 acc 0.0238 eff 0.2534 outinratio 0.0234 

ggH126_4mu_pTHjj_genbin2_recobin2 acc 0.0245 eff 0.534 outinratio 0.0143 

VBFH126_4mu_pTHjj_genbin2_recobin2 acc 0.0602 eff 0.539 outinratio 0.0122 

WminusH126_4mu_pTHjj_genbin2_recobin2 acc 0.0814 eff 0.5389 outinratio 0.007 

WplusH126_4mu_pTHjj_genbin2_recobin2 acc 0.0742 eff 0.5418 outinratio 0.004 

ZH126_4mu_pTHjj_genbin2_recobin2 acc 0.0875 eff 0.5094 outinratio 0.0359 

ttH126_4mu_pTHjj_genbin2_recobin2 acc 0.1568 eff 0.4184 outinratio 0.0234 

ggH126_4mu_pTHjj_genbin3_recobin2 acc 0.0044 eff 0.132 outinratio 0.0143 

VBFH126_4mu_pTHjj_genbin3_recobin2 acc 0.0071 eff 0.0884 outinratio 0.0122 

WminusH126_4mu_pTHjj_genbin3_recobin2 acc 0.0291 eff 0.0959 outinratio 0.007 

WplusH126_4mu_pTHjj_genbin3_recobin2 acc 0.0271 eff 0.1101 outinratio 0.004 

ZH126_4mu_pTHjj_genbin3_recobin2 acc 0.0258 eff 0.1014 outinratio 0.0359 

ttH126_4mu_pTHjj_genbin3_recobin2 acc 0.3332 eff 0.0783 outinratio 0.0234 

ggH126_4mu_pTHjj_genbin0_recobin3 acc 0.4321 eff 0.0021 outinratio 0.0 

VBFH126_4mu_pTHjj_genbin0_recobin3 acc 0.3094 eff 0.0088 outinratio 0.0153 

WminusH126_4mu_pTHjj_genbin0_recobin3 acc 0.2552 eff 0.0129 outinratio 0.0069 

WplusH126_4mu_pTHjj_genbin0_recobin3 acc 0.2206 eff 0.0167 outinratio 0.0117 

ZH126_4mu_pTHjj_genbin0_recobin3 acc 0.2163 eff 0.0079 outinratio 0.0858 

ttH126_4mu_pTHjj_genbin0_recobin3 acc 0.0168 eff 0.1697 outinratio 0.0418 

ggH126_4mu_pTHjj_genbin1_recobin3 acc 0.0182 eff 0.0194 outinratio 0.0 

VBFH126_4mu_pTHjj_genbin1_recobin3 acc 0.1411 eff 0.0122 outinratio 0.0153 

WminusH126_4mu_pTHjj_genbin1_recobin3 acc 0.0753 eff 0.0175 outinratio 0.0069 

WplusH126_4mu_pTHjj_genbin1_recobin3 acc 0.0674 eff 0.0163 outinratio 0.0117 

ZH126_4mu_pTHjj_genbin1_recobin3 acc 0.0769 eff 0.0276 outinratio 0.0858 

ttH126_4mu_pTHjj_genbin1_recobin3 acc 0.0238 eff 0.0932 outinratio 0.0418 

ggH126_4mu_pTHjj_genbin2_recobin3 acc 0.0245 eff 0.0945 outinratio 0.0 

VBFH126_4mu_pTHjj_genbin2_recobin3 acc 0.0602 eff 0.0752 outinratio 0.0153 

WminusH126_4mu_pTHjj_genbin2_recobin3 acc 0.0814 eff 0.0741 outinratio 0.0069 

WplusH126_4mu_pTHjj_genbin2_recobin3 acc 0.0742 eff 0.0812 outinratio 0.0117 

ZH126_4mu_pTHjj_genbin2_recobin3 acc 0.0875 eff 0.0655 outinratio 0.0858 

ttH126_4mu_pTHjj_genbin2_recobin3 acc 0.1568 eff 0.1597 outinratio 0.0418 

ggH126_4mu_pTHjj_genbin3_recobin3 acc 0.0044 eff 0.6416 outinratio 0.0 

VBFH126_4mu_pTHjj_genbin3_recobin3 acc 0.0071 eff 0.6672 outinratio 0.0153 

WminusH126_4mu_pTHjj_genbin3_recobin3 acc 0.0291 eff 0.5573 outinratio 0.0069 

WplusH126_4mu_pTHjj_genbin3_recobin3 acc 0.0271 eff 0.559 outinratio 0.0117 

ZH126_4mu_pTHjj_genbin3_recobin3 acc 0.0258 eff 0.6056 outinratio 0.0858 

ttH126_4mu_pTHjj_genbin3_recobin3 acc 0.3332 eff 0.496 outinratio 0.0418 

ggH126_2e2mu_pTHjj_genbin0_recobin0 acc 0.4006 eff 0.5378 outinratio 0.0096 

VBFH126_2e2mu_pTHjj_genbin0_recobin0 acc 0.2849 eff 0.5044 outinratio 0.0094 

WminusH126_2e2mu_pTHjj_genbin0_recobin0 acc 0.2353 eff 0.4545 outinratio 0.0221 

WplusH126_2e2mu_pTHjj_genbin0_recobin0 acc 0.2019 eff 0.4611 outinratio 0.0199 

ZH126_2e2mu_pTHjj_genbin0_recobin0 acc 0.1995 eff 0.4626 outinratio 0.0385 

ttH126_2e2mu_pTHjj_genbin0_recobin0 acc 0.0134 eff 0.1908 outinratio 0.0902 

ggH126_2e2mu_pTHjj_genbin1_recobin0 acc 0.0181 eff 0.146 outinratio 0.0096 

VBFH126_2e2mu_pTHjj_genbin1_recobin0 acc 0.1331 eff 0.112 outinratio 0.0094 

WminusH126_2e2mu_pTHjj_genbin1_recobin0 acc 0.0696 eff 0.0898 outinratio 0.0221 

WplusH126_2e2mu_pTHjj_genbin1_recobin0 acc 0.063 eff 0.0909 outinratio 0.0199 

ZH126_2e2mu_pTHjj_genbin1_recobin0 acc 0.0705 eff 0.1047 outinratio 0.0385 

ttH126_2e2mu_pTHjj_genbin1_recobin0 acc 0.0218 eff 0.0055 outinratio 0.0902 

ggH126_2e2mu_pTHjj_genbin2_recobin0 acc 0.0216 eff 0.0814 outinratio 0.0096 

VBFH126_2e2mu_pTHjj_genbin2_recobin0 acc 0.0534 eff 0.0772 outinratio 0.0094 

WminusH126_2e2mu_pTHjj_genbin2_recobin0 acc 0.0747 eff 0.054 outinratio 0.0221 

WplusH126_2e2mu_pTHjj_genbin2_recobin0 acc 0.069 eff 0.0467 outinratio 0.0199 

ZH126_2e2mu_pTHjj_genbin2_recobin0 acc 0.082 eff 0.0607 outinratio 0.0385 

ttH126_2e2mu_pTHjj_genbin2_recobin0 acc 0.143 eff 0.0081 outinratio 0.0902 

ggH126_2e2mu_pTHjj_genbin3_recobin0 acc 0.0038 eff 0.0126 outinratio 0.0096 

VBFH126_2e2mu_pTHjj_genbin3_recobin0 acc 0.0064 eff 0.0163 outinratio 0.0094 

WminusH126_2e2mu_pTHjj_genbin3_recobin0 acc 0.0261 eff 0.0174 outinratio 0.0221 

WplusH126_2e2mu_pTHjj_genbin3_recobin0 acc 0.0256 eff 0.0219 outinratio 0.0199 

ZH126_2e2mu_pTHjj_genbin3_recobin0 acc 0.0312 eff 0.0323 outinratio 0.0385 

ttH126_2e2mu_pTHjj_genbin3_recobin0 acc 0.3029 eff 0.0047 outinratio 0.0902 

ggH126_2e2mu_pTHjj_genbin0_recobin1 acc 0.4006 eff 0.0062 outinratio 0.0064 

VBFH126_2e2mu_pTHjj_genbin0_recobin1 acc 0.2849 eff 0.0337 outinratio 0.0083 

WminusH126_2e2mu_pTHjj_genbin0_recobin1 acc 0.2353 eff 0.0225 outinratio 0.0093 

WplusH126_2e2mu_pTHjj_genbin0_recobin1 acc 0.2019 eff 0.0208 outinratio 0.0068 

ZH126_2e2mu_pTHjj_genbin0_recobin1 acc 0.1995 eff 0.0231 outinratio 0.0157 

ttH126_2e2mu_pTHjj_genbin0_recobin1 acc 0.0134 eff 0.0 outinratio 0.0512 

ggH126_2e2mu_pTHjj_genbin1_recobin1 acc 0.0181 eff 0.331 outinratio 0.0064 

VBFH126_2e2mu_pTHjj_genbin1_recobin1 acc 0.1331 eff 0.3397 outinratio 0.0083 

WminusH126_2e2mu_pTHjj_genbin1_recobin1 acc 0.0696 eff 0.3431 outinratio 0.0093 

WplusH126_2e2mu_pTHjj_genbin1_recobin1 acc 0.063 eff 0.321 outinratio 0.0068 

ZH126_2e2mu_pTHjj_genbin1_recobin1 acc 0.0705 eff 0.3228 outinratio 0.0157 

ttH126_2e2mu_pTHjj_genbin1_recobin1 acc 0.0218 eff 0.1044 outinratio 0.0512 

ggH126_2e2mu_pTHjj_genbin2_recobin1 acc 0.0216 eff 0.0562 outinratio 0.0064 

VBFH126_2e2mu_pTHjj_genbin2_recobin1 acc 0.0534 eff 0.0645 outinratio 0.0083 

WminusH126_2e2mu_pTHjj_genbin2_recobin1 acc 0.0747 eff 0.0531 outinratio 0.0093 

WplusH126_2e2mu_pTHjj_genbin2_recobin1 acc 0.069 eff 0.054 outinratio 0.0068 

ZH126_2e2mu_pTHjj_genbin2_recobin1 acc 0.082 eff 0.0476 outinratio 0.0157 

ttH126_2e2mu_pTHjj_genbin2_recobin1 acc 0.143 eff 0.0189 outinratio 0.0512 

ggH126_2e2mu_pTHjj_genbin3_recobin1 acc 0.0038 eff 0.0 outinratio 0.0064 

VBFH126_2e2mu_pTHjj_genbin3_recobin1 acc 0.0064 eff 0.0086 outinratio 0.0083 

WminusH126_2e2mu_pTHjj_genbin3_recobin1 acc 0.0261 eff 0.0036 outinratio 0.0093 

WplusH126_2e2mu_pTHjj_genbin3_recobin1 acc 0.0256 eff 0.0027 outinratio 0.0068 

ZH126_2e2mu_pTHjj_genbin3_recobin1 acc 0.0312 eff 0.0263 outinratio 0.0157 

ttH126_2e2mu_pTHjj_genbin3_recobin1 acc 0.3029 eff 0.0043 outinratio 0.0512 

ggH126_2e2mu_pTHjj_genbin0_recobin2 acc 0.4006 eff 0.008 outinratio 0.0001 

VBFH126_2e2mu_pTHjj_genbin0_recobin2 acc 0.2849 eff 0.0298 outinratio 0.0091 

WminusH126_2e2mu_pTHjj_genbin0_recobin2 acc 0.2353 eff 0.0325 outinratio 0.0101 

WplusH126_2e2mu_pTHjj_genbin0_recobin2 acc 0.2019 eff 0.032 outinratio 0.0113 

ZH126_2e2mu_pTHjj_genbin0_recobin2 acc 0.1995 eff 0.0356 outinratio 0.0434 

ttH126_2e2mu_pTHjj_genbin0_recobin2 acc 0.0134 eff 0.0616 outinratio 0.0405 

ggH126_2e2mu_pTHjj_genbin1_recobin2 acc 0.0181 eff 0.1212 outinratio 0.0001 

VBFH126_2e2mu_pTHjj_genbin1_recobin2 acc 0.1331 eff 0.1541 outinratio 0.0091 

WminusH126_2e2mu_pTHjj_genbin1_recobin2 acc 0.0696 eff 0.1409 outinratio 0.0101 

WplusH126_2e2mu_pTHjj_genbin1_recobin2 acc 0.063 eff 0.142 outinratio 0.0113 

ZH126_2e2mu_pTHjj_genbin1_recobin2 acc 0.0705 eff 0.1729 outinratio 0.0434 

ttH126_2e2mu_pTHjj_genbin1_recobin2 acc 0.0218 eff 0.1611 outinratio 0.0405 

ggH126_2e2mu_pTHjj_genbin2_recobin2 acc 0.0216 eff 0.3728 outinratio 0.0001 

VBFH126_2e2mu_pTHjj_genbin2_recobin2 acc 0.0534 eff 0.405 outinratio 0.0091 

WminusH126_2e2mu_pTHjj_genbin2_recobin2 acc 0.0747 eff 0.3776 outinratio 0.0101 

WplusH126_2e2mu_pTHjj_genbin2_recobin2 acc 0.069 eff 0.3872 outinratio 0.0113 

ZH126_2e2mu_pTHjj_genbin2_recobin2 acc 0.082 eff 0.3554 outinratio 0.0434 

ttH126_2e2mu_pTHjj_genbin2_recobin2 acc 0.143 eff 0.2794 outinratio 0.0405 

ggH126_2e2mu_pTHjj_genbin3_recobin2 acc 0.0038 eff 0.0503 outinratio 0.0001 

VBFH126_2e2mu_pTHjj_genbin3_recobin2 acc 0.0064 eff 0.0838 outinratio 0.0091 

WminusH126_2e2mu_pTHjj_genbin3_recobin2 acc 0.0261 eff 0.0693 outinratio 0.0101 

WplusH126_2e2mu_pTHjj_genbin3_recobin2 acc 0.0256 eff 0.0627 outinratio 0.0113 

ZH126_2e2mu_pTHjj_genbin3_recobin2 acc 0.0312 eff 0.0857 outinratio 0.0434 

ttH126_2e2mu_pTHjj_genbin3_recobin2 acc 0.3029 eff 0.0501 outinratio 0.0405 

ggH126_2e2mu_pTHjj_genbin0_recobin3 acc 0.4006 eff 0.0018 outinratio 0.0 

VBFH126_2e2mu_pTHjj_genbin0_recobin3 acc 0.2849 eff 0.0037 outinratio 0.007 

WminusH126_2e2mu_pTHjj_genbin0_recobin3 acc 0.2353 eff 0.0096 outinratio 0.0153 

WplusH126_2e2mu_pTHjj_genbin0_recobin3 acc 0.2019 eff 0.0125 outinratio 0.0158 

ZH126_2e2mu_pTHjj_genbin0_recobin3 acc 0.1995 eff 0.0101 outinratio 0.0408 

ttH126_2e2mu_pTHjj_genbin0_recobin3 acc 0.0134 eff 0.1151 outinratio 0.0382 

ggH126_2e2mu_pTHjj_genbin1_recobin3 acc 0.0181 eff 0.0098 outinratio 0.0 

VBFH126_2e2mu_pTHjj_genbin1_recobin3 acc 0.1331 eff 0.0107 outinratio 0.007 

WminusH126_2e2mu_pTHjj_genbin1_recobin3 acc 0.0696 eff 0.0124 outinratio 0.0153 

WplusH126_2e2mu_pTHjj_genbin1_recobin3 acc 0.063 eff 0.0144 outinratio 0.0158 

ZH126_2e2mu_pTHjj_genbin1_recobin3 acc 0.0705 eff 0.0083 outinratio 0.0408 

ttH126_2e2mu_pTHjj_genbin1_recobin3 acc 0.0218 eff 0.0927 outinratio 0.0382 

ggH126_2e2mu_pTHjj_genbin2_recobin3 acc 0.0216 eff 0.056 outinratio 0.0 

VBFH126_2e2mu_pTHjj_genbin2_recobin3 acc 0.0534 eff 0.0497 outinratio 0.007 

WminusH126_2e2mu_pTHjj_genbin2_recobin3 acc 0.0747 eff 0.055 outinratio 0.0153 

WplusH126_2e2mu_pTHjj_genbin2_recobin3 acc 0.069 eff 0.0521 outinratio 0.0158 

ZH126_2e2mu_pTHjj_genbin2_recobin3 acc 0.082 eff 0.0391 outinratio 0.0408 

ttH126_2e2mu_pTHjj_genbin2_recobin3 acc 0.143 eff 0.142 outinratio 0.0382 

ggH126_2e2mu_pTHjj_genbin3_recobin3 acc 0.0038 eff 0.5021 outinratio 0.0 

VBFH126_2e2mu_pTHjj_genbin3_recobin3 acc 0.0064 eff 0.5441 outinratio 0.007 

WminusH126_2e2mu_pTHjj_genbin3_recobin3 acc 0.0261 eff 0.4064 outinratio 0.0153 

WplusH126_2e2mu_pTHjj_genbin3_recobin3 acc 0.0256 eff 0.4265 outinratio 0.0158 

ZH126_2e2mu_pTHjj_genbin3_recobin3 acc 0.0312 eff 0.4839 outinratio 0.0408 

ttH126_2e2mu_pTHjj_genbin3_recobin3 acc 0.3029 eff 0.3726 outinratio 0.0382 

Coeff fullNNLOPS
