Welcome in RunCoefficients!
OPT SPLIT
DEBUG opt.YEAR = 2022EE_3
It is a single-differential measurement, binning [-100.0, -3.14159265359, -1.5707963267948966, 0.0, 1.5707963267948966, 3.14159265359]
dphijj
Following observables extracted from dictionary: RECO =  dphijj  GEN =  GENdphijj
LUMI: 4.4454666666666665
ttH126 0.0001677859
Processing ggH126 2022EE_3
Signal created
Signal failed created
Processing VBFH126 2022EE_3
Signal created
Signal failed created
Processing WminusH126 2022EE_3
Signal created
Signal failed created
Processing WplusH126 2022EE_3
Signal created
Signal failed created
Processing ZH126 2022EE_3
Signal created
Signal failed created
Processing ttH126 2022EE_3
Signal created
Signal failed created
2022EE_3 SKIMMED df CREATED
2022EE_3 ggH126
2022EE_3 VBFH126
2022EE_3 WminusH126
2022EE_3 WplusH126
2022EE_3 ZH126
2022EE_3 ttH126
Dataframes created successfully
Coeff std
ggH126_4l_dphijj_genbin0_recobin0 acc 0.4066 eff 0.4756 outinratio 0.0071 

VBFH126_4l_dphijj_genbin0_recobin0 acc 0.2906 eff 0.4431 outinratio 0.0073 

WminusH126_4l_dphijj_genbin0_recobin0 acc 0.2384 eff 0.395 outinratio 0.0251 

WplusH126_4l_dphijj_genbin0_recobin0 acc 0.2075 eff 0.3993 outinratio 0.0241 

ZH126_4l_dphijj_genbin0_recobin0 acc 0.2072 eff 0.4165 outinratio 0.0663 

ttH126_4l_dphijj_genbin0_recobin0 acc 0.0149 eff 0.1299 outinratio 0.1455 

ggH126_4l_dphijj_genbin1_recobin0 acc 0.0108 eff 0.0959 outinratio 0.0071 

VBFH126_4l_dphijj_genbin1_recobin0 acc 0.0546 eff 0.074 outinratio 0.0073 

WminusH126_4l_dphijj_genbin1_recobin0 acc 0.0373 eff 0.059 outinratio 0.0251 

WplusH126_4l_dphijj_genbin1_recobin0 acc 0.0332 eff 0.0552 outinratio 0.0241 

ZH126_4l_dphijj_genbin1_recobin0 acc 0.0431 eff 0.0784 outinratio 0.0663 

ttH126_4l_dphijj_genbin1_recobin0 acc 0.1491 eff 0.0059 outinratio 0.1455 

ggH126_4l_dphijj_genbin2_recobin0 acc 0.0106 eff 0.0965 outinratio 0.0071 

VBFH126_4l_dphijj_genbin2_recobin0 acc 0.0424 eff 0.0876 outinratio 0.0073 

WminusH126_4l_dphijj_genbin2_recobin0 acc 0.0481 eff 0.058 outinratio 0.0251 

WplusH126_4l_dphijj_genbin2_recobin0 acc 0.0455 eff 0.057 outinratio 0.0241 

ZH126_4l_dphijj_genbin2_recobin0 acc 0.0482 eff 0.0651 outinratio 0.0663 

ttH126_4l_dphijj_genbin2_recobin0 acc 0.0904 eff 0.0063 outinratio 0.1455 

ggH126_4l_dphijj_genbin3_recobin0 acc 0.011 eff 0.0858 outinratio 0.0071 

VBFH126_4l_dphijj_genbin3_recobin0 acc 0.0428 eff 0.0915 outinratio 0.0073 

WminusH126_4l_dphijj_genbin3_recobin0 acc 0.0487 eff 0.056 outinratio 0.0251 

WplusH126_4l_dphijj_genbin3_recobin0 acc 0.0468 eff 0.0551 outinratio 0.0241 

ZH126_4l_dphijj_genbin3_recobin0 acc 0.0507 eff 0.0624 outinratio 0.0663 

ttH126_4l_dphijj_genbin3_recobin0 acc 0.09 eff 0.0095 outinratio 0.1455 

ggH126_4l_dphijj_genbin4_recobin0 acc 0.0108 eff 0.0915 outinratio 0.0071 

VBFH126_4l_dphijj_genbin4_recobin0 acc 0.054 eff 0.0771 outinratio 0.0073 

WminusH126_4l_dphijj_genbin4_recobin0 acc 0.0378 eff 0.0544 outinratio 0.0251 

WplusH126_4l_dphijj_genbin4_recobin0 acc 0.0329 eff 0.0526 outinratio 0.0241 

ZH126_4l_dphijj_genbin4_recobin0 acc 0.0422 eff 0.069 outinratio 0.0663 

ttH126_4l_dphijj_genbin4_recobin0 acc 0.147 eff 0.0056 outinratio 0.1455 

ggH126_4l_dphijj_genbin0_recobin1 acc 0.4066 eff 0.0045 outinratio 0.0021 

VBFH126_4l_dphijj_genbin0_recobin1 acc 0.2906 eff 0.0184 outinratio 0.0104 

WminusH126_4l_dphijj_genbin0_recobin1 acc 0.2384 eff 0.0167 outinratio 0.0142 

WplusH126_4l_dphijj_genbin0_recobin1 acc 0.2075 eff 0.0179 outinratio 0.0139 

ZH126_4l_dphijj_genbin0_recobin1 acc 0.2072 eff 0.0187 outinratio 0.0333 

ttH126_4l_dphijj_genbin0_recobin1 acc 0.0149 eff 0.0467 outinratio 0.0435 

ggH126_4l_dphijj_genbin1_recobin1 acc 0.0108 eff 0.4024 outinratio 0.0021 

VBFH126_4l_dphijj_genbin1_recobin1 acc 0.0546 eff 0.421 outinratio 0.0104 

WminusH126_4l_dphijj_genbin1_recobin1 acc 0.0373 eff 0.3352 outinratio 0.0142 

WplusH126_4l_dphijj_genbin1_recobin1 acc 0.0332 eff 0.3319 outinratio 0.0139 

ZH126_4l_dphijj_genbin1_recobin1 acc 0.0431 eff 0.3406 outinratio 0.0333 

ttH126_4l_dphijj_genbin1_recobin1 acc 0.1491 eff 0.2949 outinratio 0.0435 

ggH126_4l_dphijj_genbin2_recobin1 acc 0.0106 eff 0.0124 outinratio 0.0021 

VBFH126_4l_dphijj_genbin2_recobin1 acc 0.0424 eff 0.0103 outinratio 0.0104 

WminusH126_4l_dphijj_genbin2_recobin1 acc 0.0481 eff 0.0141 outinratio 0.0142 

WplusH126_4l_dphijj_genbin2_recobin1 acc 0.0455 eff 0.0179 outinratio 0.0139 

ZH126_4l_dphijj_genbin2_recobin1 acc 0.0482 eff 0.0224 outinratio 0.0333 

ttH126_4l_dphijj_genbin2_recobin1 acc 0.0904 eff 0.0454 outinratio 0.0435 

ggH126_4l_dphijj_genbin3_recobin1 acc 0.011 eff 0.0076 outinratio 0.0021 

VBFH126_4l_dphijj_genbin3_recobin1 acc 0.0428 eff 0.0083 outinratio 0.0104 

WminusH126_4l_dphijj_genbin3_recobin1 acc 0.0487 eff 0.0157 outinratio 0.0142 

WplusH126_4l_dphijj_genbin3_recobin1 acc 0.0468 eff 0.0136 outinratio 0.0139 

ZH126_4l_dphijj_genbin3_recobin1 acc 0.0507 eff 0.02 outinratio 0.0333 

ttH126_4l_dphijj_genbin3_recobin1 acc 0.09 eff 0.0562 outinratio 0.0435 

ggH126_4l_dphijj_genbin4_recobin1 acc 0.0108 eff 0.0182 outinratio 0.0021 

VBFH126_4l_dphijj_genbin4_recobin1 acc 0.054 eff 0.009 outinratio 0.0104 

WminusH126_4l_dphijj_genbin4_recobin1 acc 0.0378 eff 0.029 outinratio 0.0142 

WplusH126_4l_dphijj_genbin4_recobin1 acc 0.0329 eff 0.0355 outinratio 0.0139 

ZH126_4l_dphijj_genbin4_recobin1 acc 0.0422 eff 0.0245 outinratio 0.0333 

ttH126_4l_dphijj_genbin4_recobin1 acc 0.147 eff 0.0441 outinratio 0.0435 

ggH126_4l_dphijj_genbin0_recobin2 acc 0.4066 eff 0.0038 outinratio 0.005 

VBFH126_4l_dphijj_genbin0_recobin2 acc 0.2906 eff 0.018 outinratio 0.0085 

WminusH126_4l_dphijj_genbin0_recobin2 acc 0.2384 eff 0.0133 outinratio 0.0091 

WplusH126_4l_dphijj_genbin0_recobin2 acc 0.2075 eff 0.0143 outinratio 0.0098 

ZH126_4l_dphijj_genbin0_recobin2 acc 0.2072 eff 0.0111 outinratio 0.0313 

ttH126_4l_dphijj_genbin0_recobin2 acc 0.0149 eff 0.0471 outinratio 0.031 

ggH126_4l_dphijj_genbin1_recobin2 acc 0.0108 eff 0.0116 outinratio 0.005 

VBFH126_4l_dphijj_genbin1_recobin2 acc 0.0546 eff 0.0078 outinratio 0.0085 

WminusH126_4l_dphijj_genbin1_recobin2 acc 0.0373 eff 0.0184 outinratio 0.0091 

WplusH126_4l_dphijj_genbin1_recobin2 acc 0.0332 eff 0.0204 outinratio 0.0098 

ZH126_4l_dphijj_genbin1_recobin2 acc 0.0431 eff 0.0194 outinratio 0.0313 

ttH126_4l_dphijj_genbin1_recobin2 acc 0.1491 eff 0.0255 outinratio 0.031 

ggH126_4l_dphijj_genbin2_recobin2 acc 0.0106 eff 0.407 outinratio 0.005 

VBFH126_4l_dphijj_genbin2_recobin2 acc 0.0424 eff 0.4091 outinratio 0.0085 

WminusH126_4l_dphijj_genbin2_recobin2 acc 0.0481 eff 0.3859 outinratio 0.0091 

WplusH126_4l_dphijj_genbin2_recobin2 acc 0.0455 eff 0.3819 outinratio 0.0098 

ZH126_4l_dphijj_genbin2_recobin2 acc 0.0482 eff 0.3815 outinratio 0.0313 

ttH126_4l_dphijj_genbin2_recobin2 acc 0.0904 eff 0.261 outinratio 0.031 

ggH126_4l_dphijj_genbin3_recobin2 acc 0.011 eff 0.0213 outinratio 0.005 

VBFH126_4l_dphijj_genbin3_recobin2 acc 0.0428 eff 0.0137 outinratio 0.0085 

WminusH126_4l_dphijj_genbin3_recobin2 acc 0.0487 eff 0.0268 outinratio 0.0091 

WplusH126_4l_dphijj_genbin3_recobin2 acc 0.0468 eff 0.0293 outinratio 0.0098 

ZH126_4l_dphijj_genbin3_recobin2 acc 0.0507 eff 0.031 outinratio 0.0313 

ttH126_4l_dphijj_genbin3_recobin2 acc 0.09 eff 0.0323 outinratio 0.031 

ggH126_4l_dphijj_genbin4_recobin2 acc 0.0108 eff 0.0022 outinratio 0.005 

VBFH126_4l_dphijj_genbin4_recobin2 acc 0.054 eff 0.0054 outinratio 0.0085 

WminusH126_4l_dphijj_genbin4_recobin2 acc 0.0378 eff 0.0117 outinratio 0.0091 

WplusH126_4l_dphijj_genbin4_recobin2 acc 0.0329 eff 0.0195 outinratio 0.0098 

ZH126_4l_dphijj_genbin4_recobin2 acc 0.0422 eff 0.009 outinratio 0.0313 

ttH126_4l_dphijj_genbin4_recobin2 acc 0.147 eff 0.023 outinratio 0.031 

ggH126_4l_dphijj_genbin0_recobin3 acc 0.4066 eff 0.0038 outinratio 0.0058 

VBFH126_4l_dphijj_genbin0_recobin3 acc 0.2906 eff 0.0153 outinratio 0.0049 

WminusH126_4l_dphijj_genbin0_recobin3 acc 0.2384 eff 0.0159 outinratio 0.0077 

WplusH126_4l_dphijj_genbin0_recobin3 acc 0.2075 eff 0.0133 outinratio 0.0099 

ZH126_4l_dphijj_genbin0_recobin3 acc 0.2072 eff 0.0126 outinratio 0.0279 

ttH126_4l_dphijj_genbin0_recobin3 acc 0.0149 eff 0.0334 outinratio 0.0368 

ggH126_4l_dphijj_genbin1_recobin3 acc 0.0108 eff 0.0061 outinratio 0.0058 

VBFH126_4l_dphijj_genbin1_recobin3 acc 0.0546 eff 0.0071 outinratio 0.0049 

WminusH126_4l_dphijj_genbin1_recobin3 acc 0.0373 eff 0.0179 outinratio 0.0077 

WplusH126_4l_dphijj_genbin1_recobin3 acc 0.0332 eff 0.0197 outinratio 0.0099 

ZH126_4l_dphijj_genbin1_recobin3 acc 0.0431 eff 0.0105 outinratio 0.0279 

ttH126_4l_dphijj_genbin1_recobin3 acc 0.1491 eff 0.0228 outinratio 0.0368 

ggH126_4l_dphijj_genbin2_recobin3 acc 0.0106 eff 0.0322 outinratio 0.0058 

VBFH126_4l_dphijj_genbin2_recobin3 acc 0.0424 eff 0.015 outinratio 0.0049 

WminusH126_4l_dphijj_genbin2_recobin3 acc 0.0481 eff 0.0284 outinratio 0.0077 

WplusH126_4l_dphijj_genbin2_recobin3 acc 0.0455 eff 0.0304 outinratio 0.0099 

ZH126_4l_dphijj_genbin2_recobin3 acc 0.0482 eff 0.0328 outinratio 0.0279 

ttH126_4l_dphijj_genbin2_recobin3 acc 0.0904 eff 0.0346 outinratio 0.0368 

ggH126_4l_dphijj_genbin3_recobin3 acc 0.011 eff 0.4011 outinratio 0.0058 

VBFH126_4l_dphijj_genbin3_recobin3 acc 0.0428 eff 0.4243 outinratio 0.0049 

WminusH126_4l_dphijj_genbin3_recobin3 acc 0.0487 eff 0.395 outinratio 0.0077 

WplusH126_4l_dphijj_genbin3_recobin3 acc 0.0468 eff 0.3947 outinratio 0.0099 

ZH126_4l_dphijj_genbin3_recobin3 acc 0.0507 eff 0.3821 outinratio 0.0279 

ttH126_4l_dphijj_genbin3_recobin3 acc 0.09 eff 0.2582 outinratio 0.0368 

ggH126_4l_dphijj_genbin4_recobin3 acc 0.0108 eff 0.0209 outinratio 0.0058 

VBFH126_4l_dphijj_genbin4_recobin3 acc 0.054 eff 0.008 outinratio 0.0049 

WminusH126_4l_dphijj_genbin4_recobin3 acc 0.0378 eff 0.0177 outinratio 0.0077 

WplusH126_4l_dphijj_genbin4_recobin3 acc 0.0329 eff 0.015 outinratio 0.0099 

ZH126_4l_dphijj_genbin4_recobin3 acc 0.0422 eff 0.0132 outinratio 0.0279 

ttH126_4l_dphijj_genbin4_recobin3 acc 0.147 eff 0.0213 outinratio 0.0368 

ggH126_4l_dphijj_genbin0_recobin4 acc 0.4066 eff 0.0042 outinratio 0.0065 

VBFH126_4l_dphijj_genbin0_recobin4 acc 0.2906 eff 0.0192 outinratio 0.0072 

WminusH126_4l_dphijj_genbin0_recobin4 acc 0.2384 eff 0.0174 outinratio 0.012 

WplusH126_4l_dphijj_genbin0_recobin4 acc 0.2075 eff 0.0175 outinratio 0.0146 

ZH126_4l_dphijj_genbin0_recobin4 acc 0.2072 eff 0.0169 outinratio 0.0305 

ttH126_4l_dphijj_genbin0_recobin4 acc 0.0149 eff 0.05 outinratio 0.034 

ggH126_4l_dphijj_genbin1_recobin4 acc 0.0108 eff 0.0106 outinratio 0.0065 

VBFH126_4l_dphijj_genbin1_recobin4 acc 0.0546 eff 0.0087 outinratio 0.0072 

WminusH126_4l_dphijj_genbin1_recobin4 acc 0.0373 eff 0.0367 outinratio 0.012 

WplusH126_4l_dphijj_genbin1_recobin4 acc 0.0332 eff 0.0329 outinratio 0.0146 

ZH126_4l_dphijj_genbin1_recobin4 acc 0.0431 eff 0.028 outinratio 0.0305 

ttH126_4l_dphijj_genbin1_recobin4 acc 0.1491 eff 0.0432 outinratio 0.034 

ggH126_4l_dphijj_genbin2_recobin4 acc 0.0106 eff 0.0158 outinratio 0.0065 

VBFH126_4l_dphijj_genbin2_recobin4 acc 0.0424 eff 0.0065 outinratio 0.0072 

WminusH126_4l_dphijj_genbin2_recobin4 acc 0.0481 eff 0.0142 outinratio 0.012 

WplusH126_4l_dphijj_genbin2_recobin4 acc 0.0455 eff 0.015 outinratio 0.0146 

ZH126_4l_dphijj_genbin2_recobin4 acc 0.0482 eff 0.0154 outinratio 0.0305 

ttH126_4l_dphijj_genbin2_recobin4 acc 0.0904 eff 0.047 outinratio 0.034 

ggH126_4l_dphijj_genbin3_recobin4 acc 0.011 eff 0.0114 outinratio 0.0065 

VBFH126_4l_dphijj_genbin3_recobin4 acc 0.0428 eff 0.008 outinratio 0.0072 

WminusH126_4l_dphijj_genbin3_recobin4 acc 0.0487 eff 0.0173 outinratio 0.012 

WplusH126_4l_dphijj_genbin3_recobin4 acc 0.0468 eff 0.0139 outinratio 0.0146 

ZH126_4l_dphijj_genbin3_recobin4 acc 0.0507 eff 0.0173 outinratio 0.0305 

ttH126_4l_dphijj_genbin3_recobin4 acc 0.09 eff 0.048 outinratio 0.034 

ggH126_4l_dphijj_genbin4_recobin4 acc 0.0108 eff 0.3894 outinratio 0.0065 

VBFH126_4l_dphijj_genbin4_recobin4 acc 0.054 eff 0.4226 outinratio 0.0072 

WminusH126_4l_dphijj_genbin4_recobin4 acc 0.0378 eff 0.3485 outinratio 0.012 

WplusH126_4l_dphijj_genbin4_recobin4 acc 0.0329 eff 0.3379 outinratio 0.0146 

ZH126_4l_dphijj_genbin4_recobin4 acc 0.0422 eff 0.3265 outinratio 0.0305 

ttH126_4l_dphijj_genbin4_recobin4 acc 0.147 eff 0.2872 outinratio 0.034 

ggH126_4e_dphijj_genbin0_recobin0 acc 0.3927 eff 0.3038 outinratio 0.0104 

VBFH126_4e_dphijj_genbin0_recobin0 acc 0.2757 eff 0.3057 outinratio 0.0112 

WminusH126_4e_dphijj_genbin0_recobin0 acc 0.2308 eff 0.2629 outinratio 0.039 

WplusH126_4e_dphijj_genbin0_recobin0 acc 0.2005 eff 0.277 outinratio 0.0366 

ZH126_4e_dphijj_genbin0_recobin0 acc 0.1989 eff 0.2642 outinratio 0.0922 

ttH126_4e_dphijj_genbin0_recobin0 acc 0.014 eff 0.1115 outinratio 0.0965 

ggH126_4e_dphijj_genbin1_recobin0 acc 0.01 eff 0.061 outinratio 0.0104 

VBFH126_4e_dphijj_genbin1_recobin0 acc 0.0557 eff 0.0426 outinratio 0.0112 

WminusH126_4e_dphijj_genbin1_recobin0 acc 0.0356 eff 0.0431 outinratio 0.039 

WplusH126_4e_dphijj_genbin1_recobin0 acc 0.0316 eff 0.0376 outinratio 0.0366 

ZH126_4e_dphijj_genbin1_recobin0 acc 0.0403 eff 0.0334 outinratio 0.0922 

ttH126_4e_dphijj_genbin1_recobin0 acc 0.1431 eff 0.005 outinratio 0.0965 

ggH126_4e_dphijj_genbin2_recobin0 acc 0.0109 eff 0.0868 outinratio 0.0104 

VBFH126_4e_dphijj_genbin2_recobin0 acc 0.0413 eff 0.0747 outinratio 0.0112 

WminusH126_4e_dphijj_genbin2_recobin0 acc 0.0457 eff 0.0333 outinratio 0.039 

WplusH126_4e_dphijj_genbin2_recobin0 acc 0.0459 eff 0.0389 outinratio 0.0366 

ZH126_4e_dphijj_genbin2_recobin0 acc 0.0479 eff 0.0361 outinratio 0.0922 

ttH126_4e_dphijj_genbin2_recobin0 acc 0.086 eff 0.0044 outinratio 0.0965 

ggH126_4e_dphijj_genbin3_recobin0 acc 0.0113 eff 0.07 outinratio 0.0104 

VBFH126_4e_dphijj_genbin3_recobin0 acc 0.0398 eff 0.07 outinratio 0.0112 

WminusH126_4e_dphijj_genbin3_recobin0 acc 0.047 eff 0.0355 outinratio 0.039 

WplusH126_4e_dphijj_genbin3_recobin0 acc 0.0441 eff 0.0388 outinratio 0.0366 

ZH126_4e_dphijj_genbin3_recobin0 acc 0.0513 eff 0.0472 outinratio 0.0922 

ttH126_4e_dphijj_genbin3_recobin0 acc 0.0879 eff 0.0057 outinratio 0.0965 

ggH126_4e_dphijj_genbin4_recobin0 acc 0.0095 eff 0.0466 outinratio 0.0104 

VBFH126_4e_dphijj_genbin4_recobin0 acc 0.051 eff 0.0557 outinratio 0.0112 

WminusH126_4e_dphijj_genbin4_recobin0 acc 0.0369 eff 0.0289 outinratio 0.039 

WplusH126_4e_dphijj_genbin4_recobin0 acc 0.0319 eff 0.0298 outinratio 0.0366 

ZH126_4e_dphijj_genbin4_recobin0 acc 0.0374 eff 0.0402 outinratio 0.0922 

ttH126_4e_dphijj_genbin4_recobin0 acc 0.1391 eff 0.0043 outinratio 0.0965 

ggH126_4e_dphijj_genbin0_recobin1 acc 0.3927 eff 0.0021 outinratio 0.0078 

VBFH126_4e_dphijj_genbin0_recobin1 acc 0.2757 eff 0.0114 outinratio 0.0205 

WminusH126_4e_dphijj_genbin0_recobin1 acc 0.2308 eff 0.0112 outinratio 0.0084 

WplusH126_4e_dphijj_genbin0_recobin1 acc 0.2005 eff 0.0111 outinratio 0.0183 

ZH126_4e_dphijj_genbin0_recobin1 acc 0.1989 eff 0.011 outinratio 0.0319 

ttH126_4e_dphijj_genbin0_recobin1 acc 0.014 eff 0.0343 outinratio 0.0549 

ggH126_4e_dphijj_genbin1_recobin1 acc 0.01 eff 0.3181 outinratio 0.0078 

VBFH126_4e_dphijj_genbin1_recobin1 acc 0.0557 eff 0.3091 outinratio 0.0205 

WminusH126_4e_dphijj_genbin1_recobin1 acc 0.0356 eff 0.2338 outinratio 0.0084 

WplusH126_4e_dphijj_genbin1_recobin1 acc 0.0316 eff 0.2379 outinratio 0.0183 

ZH126_4e_dphijj_genbin1_recobin1 acc 0.0403 eff 0.2525 outinratio 0.0319 

ttH126_4e_dphijj_genbin1_recobin1 acc 0.1431 eff 0.2161 outinratio 0.0549 

ggH126_4e_dphijj_genbin2_recobin1 acc 0.0109 eff 0.0086 outinratio 0.0078 

VBFH126_4e_dphijj_genbin2_recobin1 acc 0.0413 eff 0.0044 outinratio 0.0205 

WminusH126_4e_dphijj_genbin2_recobin1 acc 0.0457 eff 0.0089 outinratio 0.0084 

WplusH126_4e_dphijj_genbin2_recobin1 acc 0.0459 eff 0.0133 outinratio 0.0183 

ZH126_4e_dphijj_genbin2_recobin1 acc 0.0479 eff 0.0059 outinratio 0.0319 

ttH126_4e_dphijj_genbin2_recobin1 acc 0.086 eff 0.0362 outinratio 0.0549 

ggH126_4e_dphijj_genbin3_recobin1 acc 0.0113 eff 0.0027 outinratio 0.0078 

VBFH126_4e_dphijj_genbin3_recobin1 acc 0.0398 eff 0.0052 outinratio 0.0205 

WminusH126_4e_dphijj_genbin3_recobin1 acc 0.047 eff 0.013 outinratio 0.0084 

WplusH126_4e_dphijj_genbin3_recobin1 acc 0.0441 eff 0.0081 outinratio 0.0183 

ZH126_4e_dphijj_genbin3_recobin1 acc 0.0513 eff 0.009 outinratio 0.0319 

ttH126_4e_dphijj_genbin3_recobin1 acc 0.0879 eff 0.0541 outinratio 0.0549 

ggH126_4e_dphijj_genbin4_recobin1 acc 0.0095 eff 0.0187 outinratio 0.0078 

VBFH126_4e_dphijj_genbin4_recobin1 acc 0.051 eff 0.0039 outinratio 0.0205 

WminusH126_4e_dphijj_genbin4_recobin1 acc 0.0369 eff 0.0195 outinratio 0.0084 

WplusH126_4e_dphijj_genbin4_recobin1 acc 0.0319 eff 0.0242 outinratio 0.0183 

ZH126_4e_dphijj_genbin4_recobin1 acc 0.0374 eff 0.0112 outinratio 0.0319 

ttH126_4e_dphijj_genbin4_recobin1 acc 0.1391 eff 0.0323 outinratio 0.0549 

ggH126_4e_dphijj_genbin0_recobin2 acc 0.3927 eff 0.003 outinratio 0.0063 

VBFH126_4e_dphijj_genbin0_recobin2 acc 0.2757 eff 0.0104 outinratio 0.0029 

WminusH126_4e_dphijj_genbin0_recobin2 acc 0.2308 eff 0.0108 outinratio 0.016 

WplusH126_4e_dphijj_genbin0_recobin2 acc 0.2005 eff 0.0094 outinratio 0.0196 

ZH126_4e_dphijj_genbin0_recobin2 acc 0.1989 eff 0.0093 outinratio 0.0245 

ttH126_4e_dphijj_genbin0_recobin2 acc 0.014 eff 0.0486 outinratio 0.0312 

ggH126_4e_dphijj_genbin1_recobin2 acc 0.01 eff 0.0 outinratio 0.0063 

VBFH126_4e_dphijj_genbin1_recobin2 acc 0.0557 eff 0.0072 outinratio 0.0029 

WminusH126_4e_dphijj_genbin1_recobin2 acc 0.0356 eff 0.0076 outinratio 0.016 

WplusH126_4e_dphijj_genbin1_recobin2 acc 0.0316 eff 0.0107 outinratio 0.0196 

ZH126_4e_dphijj_genbin1_recobin2 acc 0.0403 eff 0.0151 outinratio 0.0245 

ttH126_4e_dphijj_genbin1_recobin2 acc 0.1431 eff 0.0139 outinratio 0.0312 

ggH126_4e_dphijj_genbin2_recobin2 acc 0.0109 eff 0.2519 outinratio 0.0063 

VBFH126_4e_dphijj_genbin2_recobin2 acc 0.0413 eff 0.294 outinratio 0.0029 

WminusH126_4e_dphijj_genbin2_recobin2 acc 0.0457 eff 0.2723 outinratio 0.016 

WplusH126_4e_dphijj_genbin2_recobin2 acc 0.0459 eff 0.275 outinratio 0.0196 

ZH126_4e_dphijj_genbin2_recobin2 acc 0.0479 eff 0.2846 outinratio 0.0245 

ttH126_4e_dphijj_genbin2_recobin2 acc 0.086 eff 0.2055 outinratio 0.0312 

ggH126_4e_dphijj_genbin3_recobin2 acc 0.0113 eff 0.0186 outinratio 0.0063 

VBFH126_4e_dphijj_genbin3_recobin2 acc 0.0398 eff 0.0111 outinratio 0.0029 

WminusH126_4e_dphijj_genbin3_recobin2 acc 0.047 eff 0.0185 outinratio 0.016 

WplusH126_4e_dphijj_genbin3_recobin2 acc 0.0441 eff 0.0208 outinratio 0.0196 

ZH126_4e_dphijj_genbin3_recobin2 acc 0.0513 eff 0.0305 outinratio 0.0245 

ttH126_4e_dphijj_genbin3_recobin2 acc 0.0879 eff 0.0233 outinratio 0.0312 

ggH126_4e_dphijj_genbin4_recobin2 acc 0.0095 eff 0.0 outinratio 0.0063 

VBFH126_4e_dphijj_genbin4_recobin2 acc 0.051 eff 0.0018 outinratio 0.0029 

WminusH126_4e_dphijj_genbin4_recobin2 acc 0.0369 eff 0.0072 outinratio 0.016 

WplusH126_4e_dphijj_genbin4_recobin2 acc 0.0319 eff 0.0115 outinratio 0.0196 

ZH126_4e_dphijj_genbin4_recobin2 acc 0.0374 eff 0.0063 outinratio 0.0245 

ttH126_4e_dphijj_genbin4_recobin2 acc 0.1391 eff 0.0175 outinratio 0.0312 

ggH126_4e_dphijj_genbin0_recobin3 acc 0.3927 eff 0.0025 outinratio 0.0156 

VBFH126_4e_dphijj_genbin0_recobin3 acc 0.2757 eff 0.0095 outinratio 0.0064 

WminusH126_4e_dphijj_genbin0_recobin3 acc 0.2308 eff 0.0093 outinratio 0.0054 

WplusH126_4e_dphijj_genbin0_recobin3 acc 0.2005 eff 0.0092 outinratio 0.0133 

ZH126_4e_dphijj_genbin0_recobin3 acc 0.1989 eff 0.0106 outinratio 0.0201 

ttH126_4e_dphijj_genbin0_recobin3 acc 0.014 eff 0.028 outinratio 0.0413 

ggH126_4e_dphijj_genbin1_recobin3 acc 0.01 eff 0.0 outinratio 0.0156 

VBFH126_4e_dphijj_genbin1_recobin3 acc 0.0557 eff 0.0032 outinratio 0.0064 

WminusH126_4e_dphijj_genbin1_recobin3 acc 0.0356 eff 0.0113 outinratio 0.0054 

WplusH126_4e_dphijj_genbin1_recobin3 acc 0.0316 eff 0.0122 outinratio 0.0133 

ZH126_4e_dphijj_genbin1_recobin3 acc 0.0403 eff 0.0103 outinratio 0.0201 

ttH126_4e_dphijj_genbin1_recobin3 acc 0.1431 eff 0.0151 outinratio 0.0413 

ggH126_4e_dphijj_genbin2_recobin3 acc 0.0109 eff 0.0144 outinratio 0.0156 

VBFH126_4e_dphijj_genbin2_recobin3 acc 0.0413 eff 0.0043 outinratio 0.0064 

WminusH126_4e_dphijj_genbin2_recobin3 acc 0.0457 eff 0.0151 outinratio 0.0054 

WplusH126_4e_dphijj_genbin2_recobin3 acc 0.0459 eff 0.0175 outinratio 0.0133 

ZH126_4e_dphijj_genbin2_recobin3 acc 0.0479 eff 0.0226 outinratio 0.0201 

ttH126_4e_dphijj_genbin2_recobin3 acc 0.086 eff 0.0264 outinratio 0.0413 

ggH126_4e_dphijj_genbin3_recobin3 acc 0.0113 eff 0.2997 outinratio 0.0156 

VBFH126_4e_dphijj_genbin3_recobin3 acc 0.0398 eff 0.319 outinratio 0.0064 

WminusH126_4e_dphijj_genbin3_recobin3 acc 0.047 eff 0.2897 outinratio 0.0054 

WplusH126_4e_dphijj_genbin3_recobin3 acc 0.0441 eff 0.2757 outinratio 0.0133 

ZH126_4e_dphijj_genbin3_recobin3 acc 0.0513 eff 0.2697 outinratio 0.0201 

ttH126_4e_dphijj_genbin3_recobin3 acc 0.0879 eff 0.1966 outinratio 0.0413 

ggH126_4e_dphijj_genbin4_recobin3 acc 0.0095 eff 0.0036 outinratio 0.0156 

VBFH126_4e_dphijj_genbin4_recobin3 acc 0.051 eff 0.0089 outinratio 0.0064 

WminusH126_4e_dphijj_genbin4_recobin3 acc 0.0369 eff 0.0111 outinratio 0.0054 

WplusH126_4e_dphijj_genbin4_recobin3 acc 0.0319 eff 0.0098 outinratio 0.0133 

ZH126_4e_dphijj_genbin4_recobin3 acc 0.0374 eff 0.0032 outinratio 0.0201 

ttH126_4e_dphijj_genbin4_recobin3 acc 0.1391 eff 0.0177 outinratio 0.0413 

ggH126_4e_dphijj_genbin0_recobin4 acc 0.3927 eff 0.003 outinratio 0.0138 

VBFH126_4e_dphijj_genbin0_recobin4 acc 0.2757 eff 0.0131 outinratio 0.0124 

WminusH126_4e_dphijj_genbin0_recobin4 acc 0.2308 eff 0.0134 outinratio 0.0172 

WplusH126_4e_dphijj_genbin0_recobin4 acc 0.2005 eff 0.0112 outinratio 0.0254 

ZH126_4e_dphijj_genbin0_recobin4 acc 0.1989 eff 0.0148 outinratio 0.0233 

ttH126_4e_dphijj_genbin0_recobin4 acc 0.014 eff 0.0171 outinratio 0.0439 

ggH126_4e_dphijj_genbin1_recobin4 acc 0.01 eff 0.0094 outinratio 0.0138 

VBFH126_4e_dphijj_genbin1_recobin4 acc 0.0557 eff 0.0037 outinratio 0.0124 

WminusH126_4e_dphijj_genbin1_recobin4 acc 0.0356 eff 0.0281 outinratio 0.0172 

WplusH126_4e_dphijj_genbin1_recobin4 acc 0.0316 eff 0.0194 outinratio 0.0254 

ZH126_4e_dphijj_genbin1_recobin4 acc 0.0403 eff 0.012 outinratio 0.0233 

ttH126_4e_dphijj_genbin1_recobin4 acc 0.1431 eff 0.0291 outinratio 0.0439 

ggH126_4e_dphijj_genbin2_recobin4 acc 0.0109 eff 0.0121 outinratio 0.0138 

VBFH126_4e_dphijj_genbin2_recobin4 acc 0.0413 eff 0.0069 outinratio 0.0124 

WminusH126_4e_dphijj_genbin2_recobin4 acc 0.0457 eff 0.0114 outinratio 0.0172 

WplusH126_4e_dphijj_genbin2_recobin4 acc 0.0459 eff 0.0123 outinratio 0.0254 

ZH126_4e_dphijj_genbin2_recobin4 acc 0.0479 eff 0.0046 outinratio 0.0233 

ttH126_4e_dphijj_genbin2_recobin4 acc 0.086 eff 0.0452 outinratio 0.0439 

ggH126_4e_dphijj_genbin3_recobin4 acc 0.0113 eff 0.0037 outinratio 0.0138 

VBFH126_4e_dphijj_genbin3_recobin4 acc 0.0398 eff 0.0068 outinratio 0.0124 

WminusH126_4e_dphijj_genbin3_recobin4 acc 0.047 eff 0.012 outinratio 0.0172 

WplusH126_4e_dphijj_genbin3_recobin4 acc 0.0441 eff 0.0082 outinratio 0.0254 

ZH126_4e_dphijj_genbin3_recobin4 acc 0.0513 eff 0.0061 outinratio 0.0233 

ttH126_4e_dphijj_genbin3_recobin4 acc 0.0879 eff 0.0411 outinratio 0.0439 

ggH126_4e_dphijj_genbin4_recobin4 acc 0.0095 eff 0.2571 outinratio 0.0138 

VBFH126_4e_dphijj_genbin4_recobin4 acc 0.051 eff 0.3033 outinratio 0.0124 

WminusH126_4e_dphijj_genbin4_recobin4 acc 0.0369 eff 0.2438 outinratio 0.0172 

WplusH126_4e_dphijj_genbin4_recobin4 acc 0.0319 eff 0.211 outinratio 0.0254 

ZH126_4e_dphijj_genbin4_recobin4 acc 0.0374 eff 0.2311 outinratio 0.0233 

ttH126_4e_dphijj_genbin4_recobin4 acc 0.1391 eff 0.2066 outinratio 0.0439 

ggH126_4mu_dphijj_genbin0_recobin0 acc 0.4346 eff 0.6513 outinratio 0.0062 

VBFH126_4mu_dphijj_genbin0_recobin0 acc 0.3094 eff 0.5996 outinratio 0.0068 

WminusH126_4mu_dphijj_genbin0_recobin0 acc 0.2553 eff 0.5347 outinratio 0.0156 

WplusH126_4mu_dphijj_genbin0_recobin0 acc 0.2201 eff 0.5453 outinratio 0.0149 

ZH126_4mu_dphijj_genbin0_recobin0 acc 0.2195 eff 0.5944 outinratio 0.0628 

ttH126_4mu_dphijj_genbin0_recobin0 acc 0.0162 eff 0.1513 outinratio 0.155 

ggH126_4mu_dphijj_genbin1_recobin0 acc 0.0112 eff 0.1281 outinratio 0.0062 

VBFH126_4mu_dphijj_genbin1_recobin0 acc 0.0576 eff 0.1085 outinratio 0.0068 

WminusH126_4mu_dphijj_genbin1_recobin0 acc 0.0409 eff 0.0779 outinratio 0.0156 

WplusH126_4mu_dphijj_genbin1_recobin0 acc 0.0352 eff 0.0786 outinratio 0.0149 

ZH126_4mu_dphijj_genbin1_recobin0 acc 0.0488 eff 0.1 outinratio 0.0628 

ttH126_4mu_dphijj_genbin1_recobin0 acc 0.1603 eff 0.0067 outinratio 0.155 

ggH126_4mu_dphijj_genbin2_recobin0 acc 0.0116 eff 0.0759 outinratio 0.0062 

VBFH126_4mu_dphijj_genbin2_recobin0 acc 0.0426 eff 0.1043 outinratio 0.0068 

WminusH126_4mu_dphijj_genbin2_recobin0 acc 0.0507 eff 0.0764 outinratio 0.0156 

WplusH126_4mu_dphijj_genbin2_recobin0 acc 0.047 eff 0.0773 outinratio 0.0149 

ZH126_4mu_dphijj_genbin2_recobin0 acc 0.0494 eff 0.0693 outinratio 0.0628 

ttH126_4mu_dphijj_genbin2_recobin0 acc 0.1001 eff 0.0044 outinratio 0.155 

ggH126_4mu_dphijj_genbin3_recobin0 acc 0.0101 eff 0.1396 outinratio 0.0062 

VBFH126_4mu_dphijj_genbin3_recobin0 acc 0.0448 eff 0.1218 outinratio 0.0068 

WminusH126_4mu_dphijj_genbin3_recobin0 acc 0.051 eff 0.0782 outinratio 0.0156 

WplusH126_4mu_dphijj_genbin3_recobin0 acc 0.0501 eff 0.0671 outinratio 0.0149 

ZH126_4mu_dphijj_genbin3_recobin0 acc 0.0533 eff 0.0785 outinratio 0.0628 

ttH126_4mu_dphijj_genbin3_recobin0 acc 0.0952 eff 0.017 outinratio 0.155 

ggH126_4mu_dphijj_genbin4_recobin0 acc 0.0117 eff 0.1251 outinratio 0.0062 

VBFH126_4mu_dphijj_genbin4_recobin0 acc 0.0584 eff 0.0928 outinratio 0.0068 

WminusH126_4mu_dphijj_genbin4_recobin0 acc 0.0396 eff 0.0672 outinratio 0.0156 

WplusH126_4mu_dphijj_genbin4_recobin0 acc 0.0342 eff 0.0757 outinratio 0.0149 

ZH126_4mu_dphijj_genbin4_recobin0 acc 0.0426 eff 0.1012 outinratio 0.0628 

ttH126_4mu_dphijj_genbin4_recobin0 acc 0.153 eff 0.0079 outinratio 0.155 

ggH126_4mu_dphijj_genbin0_recobin1 acc 0.4346 eff 0.0075 outinratio 0.0 

VBFH126_4mu_dphijj_genbin0_recobin1 acc 0.3094 eff 0.0246 outinratio 0.0051 

WminusH126_4mu_dphijj_genbin0_recobin1 acc 0.2553 eff 0.0231 outinratio 0.0111 

WplusH126_4mu_dphijj_genbin0_recobin1 acc 0.2201 eff 0.0237 outinratio 0.011 

ZH126_4mu_dphijj_genbin0_recobin1 acc 0.2195 eff 0.028 outinratio 0.0346 

ttH126_4mu_dphijj_genbin0_recobin1 acc 0.0162 eff 0.073 outinratio 0.0357 

ggH126_4mu_dphijj_genbin1_recobin1 acc 0.0112 eff 0.5404 outinratio 0.0 

VBFH126_4mu_dphijj_genbin1_recobin1 acc 0.0576 eff 0.5433 outinratio 0.0051 

WminusH126_4mu_dphijj_genbin1_recobin1 acc 0.0409 eff 0.4454 outinratio 0.0111 

WplusH126_4mu_dphijj_genbin1_recobin1 acc 0.0352 eff 0.437 outinratio 0.011 

ZH126_4mu_dphijj_genbin1_recobin1 acc 0.0488 eff 0.4284 outinratio 0.0346 

ttH126_4mu_dphijj_genbin1_recobin1 acc 0.1603 eff 0.3776 outinratio 0.0357 

ggH126_4mu_dphijj_genbin2_recobin1 acc 0.0116 eff 0.021 outinratio 0.0 

VBFH126_4mu_dphijj_genbin2_recobin1 acc 0.0426 eff 0.0154 outinratio 0.0051 

WminusH126_4mu_dphijj_genbin2_recobin1 acc 0.0507 eff 0.0208 outinratio 0.0111 

WplusH126_4mu_dphijj_genbin2_recobin1 acc 0.047 eff 0.0232 outinratio 0.011 

ZH126_4mu_dphijj_genbin2_recobin1 acc 0.0494 eff 0.0324 outinratio 0.0346 

ttH126_4mu_dphijj_genbin2_recobin1 acc 0.1001 eff 0.057 outinratio 0.0357 

ggH126_4mu_dphijj_genbin3_recobin1 acc 0.0101 eff 0.0025 outinratio 0.0 

VBFH126_4mu_dphijj_genbin3_recobin1 acc 0.0448 eff 0.0153 outinratio 0.0051 

WminusH126_4mu_dphijj_genbin3_recobin1 acc 0.051 eff 0.0236 outinratio 0.0111 

WplusH126_4mu_dphijj_genbin3_recobin1 acc 0.0501 eff 0.0184 outinratio 0.011 

ZH126_4mu_dphijj_genbin3_recobin1 acc 0.0533 eff 0.0217 outinratio 0.0346 

ttH126_4mu_dphijj_genbin3_recobin1 acc 0.0952 eff 0.0712 outinratio 0.0357 

ggH126_4mu_dphijj_genbin4_recobin1 acc 0.0117 eff 0.0156 outinratio 0.0 

VBFH126_4mu_dphijj_genbin4_recobin1 acc 0.0584 eff 0.0163 outinratio 0.0051 

WminusH126_4mu_dphijj_genbin4_recobin1 acc 0.0396 eff 0.039 outinratio 0.0111 

WplusH126_4mu_dphijj_genbin4_recobin1 acc 0.0342 eff 0.045 outinratio 0.011 

ZH126_4mu_dphijj_genbin4_recobin1 acc 0.0426 eff 0.034 outinratio 0.0346 

ttH126_4mu_dphijj_genbin4_recobin1 acc 0.153 eff 0.0628 outinratio 0.0357 

ggH126_4mu_dphijj_genbin0_recobin2 acc 0.4346 eff 0.0055 outinratio 0.0083 

VBFH126_4mu_dphijj_genbin0_recobin2 acc 0.3094 eff 0.0252 outinratio 0.0027 

WminusH126_4mu_dphijj_genbin0_recobin2 acc 0.2553 eff 0.0195 outinratio 0.0077 

WplusH126_4mu_dphijj_genbin0_recobin2 acc 0.2201 eff 0.0203 outinratio 0.0074 

ZH126_4mu_dphijj_genbin0_recobin2 acc 0.2195 eff 0.0168 outinratio 0.0293 

ttH126_4mu_dphijj_genbin0_recobin2 acc 0.0162 eff 0.0279 outinratio 0.0304 

ggH126_4mu_dphijj_genbin1_recobin2 acc 0.0112 eff 0.0223 outinratio 0.0083 

VBFH126_4mu_dphijj_genbin1_recobin2 acc 0.0576 eff 0.008 outinratio 0.0027 

WminusH126_4mu_dphijj_genbin1_recobin2 acc 0.0409 eff 0.0297 outinratio 0.0077 

WplusH126_4mu_dphijj_genbin1_recobin2 acc 0.0352 eff 0.0274 outinratio 0.0074 

ZH126_4mu_dphijj_genbin1_recobin2 acc 0.0488 eff 0.0227 outinratio 0.0293 

ttH126_4mu_dphijj_genbin1_recobin2 acc 0.1603 eff 0.0362 outinratio 0.0304 

ggH126_4mu_dphijj_genbin2_recobin2 acc 0.0116 eff 0.5563 outinratio 0.0083 

VBFH126_4mu_dphijj_genbin2_recobin2 acc 0.0426 eff 0.5463 outinratio 0.0027 

WminusH126_4mu_dphijj_genbin2_recobin2 acc 0.0507 eff 0.4956 outinratio 0.0077 

WplusH126_4mu_dphijj_genbin2_recobin2 acc 0.047 eff 0.4866 outinratio 0.0074 

ZH126_4mu_dphijj_genbin2_recobin2 acc 0.0494 eff 0.5008 outinratio 0.0293 

ttH126_4mu_dphijj_genbin2_recobin2 acc 0.1001 eff 0.3094 outinratio 0.0304 

ggH126_4mu_dphijj_genbin3_recobin2 acc 0.0101 eff 0.0278 outinratio 0.0083 

VBFH126_4mu_dphijj_genbin3_recobin2 acc 0.0448 eff 0.007 outinratio 0.0027 

WminusH126_4mu_dphijj_genbin3_recobin2 acc 0.051 eff 0.0352 outinratio 0.0077 

WplusH126_4mu_dphijj_genbin3_recobin2 acc 0.0501 eff 0.0377 outinratio 0.0074 

ZH126_4mu_dphijj_genbin3_recobin2 acc 0.0533 eff 0.0381 outinratio 0.0293 

ttH126_4mu_dphijj_genbin3_recobin2 acc 0.0952 eff 0.0434 outinratio 0.0304 

ggH126_4mu_dphijj_genbin4_recobin2 acc 0.0117 eff 0.0076 outinratio 0.0083 

VBFH126_4mu_dphijj_genbin4_recobin2 acc 0.0584 eff 0.0047 outinratio 0.0027 

WminusH126_4mu_dphijj_genbin4_recobin2 acc 0.0396 eff 0.0168 outinratio 0.0077 

WplusH126_4mu_dphijj_genbin4_recobin2 acc 0.0342 eff 0.0312 outinratio 0.0074 

ZH126_4mu_dphijj_genbin4_recobin2 acc 0.0426 eff 0.0139 outinratio 0.0293 

ttH126_4mu_dphijj_genbin4_recobin2 acc 0.153 eff 0.0243 outinratio 0.0304 

ggH126_4mu_dphijj_genbin0_recobin3 acc 0.4346 eff 0.0054 outinratio 0.0 

VBFH126_4mu_dphijj_genbin0_recobin3 acc 0.3094 eff 0.0216 outinratio 0.0 

WminusH126_4mu_dphijj_genbin0_recobin3 acc 0.2553 eff 0.0181 outinratio 0.007 

WplusH126_4mu_dphijj_genbin0_recobin3 acc 0.2201 eff 0.0172 outinratio 0.0078 

ZH126_4mu_dphijj_genbin0_recobin3 acc 0.2195 eff 0.0194 outinratio 0.0406 

ttH126_4mu_dphijj_genbin0_recobin3 acc 0.0162 eff 0.0437 outinratio 0.0375 

ggH126_4mu_dphijj_genbin1_recobin3 acc 0.0112 eff 0.015 outinratio 0.0 

VBFH126_4mu_dphijj_genbin1_recobin3 acc 0.0576 eff 0.0083 outinratio 0.0 

WminusH126_4mu_dphijj_genbin1_recobin3 acc 0.0409 eff 0.0229 outinratio 0.007 

WplusH126_4mu_dphijj_genbin1_recobin3 acc 0.0352 eff 0.0264 outinratio 0.0078 

ZH126_4mu_dphijj_genbin1_recobin3 acc 0.0488 eff 0.0111 outinratio 0.0406 

ttH126_4mu_dphijj_genbin1_recobin3 acc 0.1603 eff 0.0281 outinratio 0.0375 

ggH126_4mu_dphijj_genbin2_recobin3 acc 0.0116 eff 0.0603 outinratio 0.0 

VBFH126_4mu_dphijj_genbin2_recobin3 acc 0.0426 eff 0.021 outinratio 0.0 

WminusH126_4mu_dphijj_genbin2_recobin3 acc 0.0507 eff 0.0535 outinratio 0.007 

WplusH126_4mu_dphijj_genbin2_recobin3 acc 0.047 eff 0.044 outinratio 0.0078 

ZH126_4mu_dphijj_genbin2_recobin3 acc 0.0494 eff 0.0419 outinratio 0.0406 

ttH126_4mu_dphijj_genbin2_recobin3 acc 0.1001 eff 0.0487 outinratio 0.0375 

ggH126_4mu_dphijj_genbin3_recobin3 acc 0.0101 eff 0.4872 outinratio 0.0 

VBFH126_4mu_dphijj_genbin3_recobin3 acc 0.0448 eff 0.5717 outinratio 0.0 

WminusH126_4mu_dphijj_genbin3_recobin3 acc 0.051 eff 0.5194 outinratio 0.007 

WplusH126_4mu_dphijj_genbin3_recobin3 acc 0.0501 eff 0.5146 outinratio 0.0078 

ZH126_4mu_dphijj_genbin3_recobin3 acc 0.0533 eff 0.5009 outinratio 0.0406 

ttH126_4mu_dphijj_genbin3_recobin3 acc 0.0952 eff 0.3197 outinratio 0.0375 

ggH126_4mu_dphijj_genbin4_recobin3 acc 0.0117 eff 0.0315 outinratio 0.0 

VBFH126_4mu_dphijj_genbin4_recobin3 acc 0.0584 eff 0.0111 outinratio 0.0 

WminusH126_4mu_dphijj_genbin4_recobin3 acc 0.0396 eff 0.0207 outinratio 0.007 

WplusH126_4mu_dphijj_genbin4_recobin3 acc 0.0342 eff 0.0222 outinratio 0.0078 

ZH126_4mu_dphijj_genbin4_recobin3 acc 0.0426 eff 0.0292 outinratio 0.0406 

ttH126_4mu_dphijj_genbin4_recobin3 acc 0.153 eff 0.0249 outinratio 0.0375 

ggH126_4mu_dphijj_genbin0_recobin4 acc 0.4346 eff 0.006 outinratio 0.0033 

VBFH126_4mu_dphijj_genbin0_recobin4 acc 0.3094 eff 0.027 outinratio 0.0046 

WminusH126_4mu_dphijj_genbin0_recobin4 acc 0.2553 eff 0.024 outinratio 0.0075 

WplusH126_4mu_dphijj_genbin0_recobin4 acc 0.2201 eff 0.0237 outinratio 0.0095 

ZH126_4mu_dphijj_genbin0_recobin4 acc 0.2195 eff 0.0214 outinratio 0.0269 

ttH126_4mu_dphijj_genbin0_recobin4 acc 0.0162 eff 0.0735 outinratio 0.0355 

ggH126_4mu_dphijj_genbin1_recobin4 acc 0.0112 eff 0.0145 outinratio 0.0033 

VBFH126_4mu_dphijj_genbin1_recobin4 acc 0.0576 eff 0.0112 outinratio 0.0046 

WminusH126_4mu_dphijj_genbin1_recobin4 acc 0.0409 eff 0.0464 outinratio 0.0075 

WplusH126_4mu_dphijj_genbin1_recobin4 acc 0.0352 eff 0.0448 outinratio 0.0095 

ZH126_4mu_dphijj_genbin1_recobin4 acc 0.0488 eff 0.0376 outinratio 0.0269 

ttH126_4mu_dphijj_genbin1_recobin4 acc 0.1603 eff 0.0539 outinratio 0.0355 

ggH126_4mu_dphijj_genbin2_recobin4 acc 0.0116 eff 0.0168 outinratio 0.0033 

VBFH126_4mu_dphijj_genbin2_recobin4 acc 0.0426 eff 0.0068 outinratio 0.0046 

WminusH126_4mu_dphijj_genbin2_recobin4 acc 0.0507 eff 0.0186 outinratio 0.0075 

WplusH126_4mu_dphijj_genbin2_recobin4 acc 0.047 eff 0.017 outinratio 0.0095 

ZH126_4mu_dphijj_genbin2_recobin4 acc 0.0494 eff 0.022 outinratio 0.0269 

ttH126_4mu_dphijj_genbin2_recobin4 acc 0.1001 eff 0.0481 outinratio 0.0355 

ggH126_4mu_dphijj_genbin3_recobin4 acc 0.0101 eff 0.0167 outinratio 0.0033 

VBFH126_4mu_dphijj_genbin3_recobin4 acc 0.0448 eff 0.0126 outinratio 0.0046 

WminusH126_4mu_dphijj_genbin3_recobin4 acc 0.051 eff 0.0209 outinratio 0.0075 

WplusH126_4mu_dphijj_genbin3_recobin4 acc 0.0501 eff 0.0145 outinratio 0.0095 

ZH126_4mu_dphijj_genbin3_recobin4 acc 0.0533 eff 0.0197 outinratio 0.0269 

ttH126_4mu_dphijj_genbin3_recobin4 acc 0.0952 eff 0.0686 outinratio 0.0355 

ggH126_4mu_dphijj_genbin4_recobin4 acc 0.0117 eff 0.5206 outinratio 0.0033 

VBFH126_4mu_dphijj_genbin4_recobin4 acc 0.0584 eff 0.5785 outinratio 0.0046 

WminusH126_4mu_dphijj_genbin4_recobin4 acc 0.0396 eff 0.4876 outinratio 0.0075 

WplusH126_4mu_dphijj_genbin4_recobin4 acc 0.0342 eff 0.465 outinratio 0.0095 

ZH126_4mu_dphijj_genbin4_recobin4 acc 0.0426 eff 0.4416 outinratio 0.0269 

ttH126_4mu_dphijj_genbin4_recobin4 acc 0.153 eff 0.3741 outinratio 0.0355 

ggH126_2e2mu_dphijj_genbin0_recobin0 acc 0.3988 eff 0.4621 outinratio 0.0068 

VBFH126_2e2mu_dphijj_genbin0_recobin0 acc 0.2884 eff 0.4222 outinratio 0.0061 

WminusH126_2e2mu_dphijj_genbin0_recobin0 acc 0.2334 eff 0.383 outinratio 0.0278 

WplusH126_2e2mu_dphijj_genbin0_recobin0 acc 0.2043 eff 0.3783 outinratio 0.0269 

ZH126_2e2mu_dphijj_genbin0_recobin0 acc 0.205 eff 0.392 outinratio 0.0605 

ttH126_2e2mu_dphijj_genbin0_recobin0 acc 0.0146 eff 0.1264 outinratio 0.1592 

ggH126_2e2mu_dphijj_genbin1_recobin0 acc 0.011 eff 0.0951 outinratio 0.0068 

VBFH126_2e2mu_dphijj_genbin1_recobin0 acc 0.0523 eff 0.0714 outinratio 0.0061 

WminusH126_2e2mu_dphijj_genbin1_recobin0 acc 0.0363 eff 0.056 outinratio 0.0278 

WplusH126_2e2mu_dphijj_genbin1_recobin0 acc 0.033 eff 0.0507 outinratio 0.0269 

ZH126_2e2mu_dphijj_genbin1_recobin0 acc 0.0415 eff 0.0881 outinratio 0.0605 

ttH126_2e2mu_dphijj_genbin1_recobin0 acc 0.1461 eff 0.0059 outinratio 0.1592 

ggH126_2e2mu_dphijj_genbin2_recobin0 acc 0.01 eff 0.1152 outinratio 0.0068 

VBFH126_2e2mu_dphijj_genbin2_recobin0 acc 0.043 eff 0.0853 outinratio 0.0061 

WminusH126_2e2mu_dphijj_genbin2_recobin0 acc 0.048 eff 0.0602 outinratio 0.0278 

WplusH126_2e2mu_dphijj_genbin2_recobin0 acc 0.0444 eff 0.0553 outinratio 0.0269 

ZH126_2e2mu_dphijj_genbin2_recobin0 acc 0.0477 eff 0.0784 outinratio 0.0605 

ttH126_2e2mu_dphijj_genbin2_recobin0 acc 0.0874 eff 0.0085 outinratio 0.1592 

ggH126_2e2mu_dphijj_genbin3_recobin0 acc 0.0112 eff 0.0679 outinratio 0.0068 

VBFH126_2e2mu_dphijj_genbin3_recobin0 acc 0.0433 eff 0.085 outinratio 0.0061 

WminusH126_2e2mu_dphijj_genbin3_recobin0 acc 0.0484 eff 0.0542 outinratio 0.0278 

WplusH126_2e2mu_dphijj_genbin3_recobin0 acc 0.0465 eff 0.0564 outinratio 0.0269 

ZH126_2e2mu_dphijj_genbin3_recobin0 acc 0.049 eff 0.0614 outinratio 0.0605 

ttH126_2e2mu_dphijj_genbin3_recobin0 acc 0.0884 eff 0.007 outinratio 0.1592 

ggH126_2e2mu_dphijj_genbin4_recobin0 acc 0.0109 eff 0.0929 outinratio 0.0068 

VBFH126_2e2mu_dphijj_genbin4_recobin0 acc 0.0532 eff 0.0788 outinratio 0.0061 

WminusH126_2e2mu_dphijj_genbin4_recobin0 acc 0.0372 eff 0.0609 outinratio 0.0278 

WplusH126_2e2mu_dphijj_genbin4_recobin0 acc 0.0328 eff 0.0516 outinratio 0.0269 

ZH126_2e2mu_dphijj_genbin4_recobin0 acc 0.0446 eff 0.0652 outinratio 0.0605 

ttH126_2e2mu_dphijj_genbin4_recobin0 acc 0.1481 eff 0.0049 outinratio 0.1592 

ggH126_2e2mu_dphijj_genbin0_recobin1 acc 0.3988 eff 0.004 outinratio 0.0017 

VBFH126_2e2mu_dphijj_genbin0_recobin1 acc 0.2884 eff 0.0184 outinratio 0.0105 

WminusH126_2e2mu_dphijj_genbin0_recobin1 acc 0.2334 eff 0.0159 outinratio 0.0192 

WplusH126_2e2mu_dphijj_genbin0_recobin1 acc 0.2043 eff 0.018 outinratio 0.0146 

ZH126_2e2mu_dphijj_genbin0_recobin1 acc 0.205 eff 0.0172 outinratio 0.0328 

ttH126_2e2mu_dphijj_genbin0_recobin1 acc 0.0146 eff 0.037 outinratio 0.045 

ggH126_2e2mu_dphijj_genbin1_recobin1 acc 0.011 eff 0.367 outinratio 0.0017 

VBFH126_2e2mu_dphijj_genbin1_recobin1 acc 0.0523 eff 0.4119 outinratio 0.0105 

WminusH126_2e2mu_dphijj_genbin1_recobin1 acc 0.0363 eff 0.322 outinratio 0.0192 

WplusH126_2e2mu_dphijj_genbin1_recobin1 acc 0.033 eff 0.3193 outinratio 0.0146 

ZH126_2e2mu_dphijj_genbin1_recobin1 acc 0.0415 eff 0.3302 outinratio 0.0328 

ttH126_2e2mu_dphijj_genbin1_recobin1 acc 0.1461 eff 0.2872 outinratio 0.045 

ggH126_2e2mu_dphijj_genbin2_recobin1 acc 0.01 eff 0.0093 outinratio 0.0017 

VBFH126_2e2mu_dphijj_genbin2_recobin1 acc 0.043 eff 0.0106 outinratio 0.0105 

WminusH126_2e2mu_dphijj_genbin2_recobin1 acc 0.048 eff 0.0129 outinratio 0.0192 

WplusH126_2e2mu_dphijj_genbin2_recobin1 acc 0.0444 eff 0.0174 outinratio 0.0146 

ZH126_2e2mu_dphijj_genbin2_recobin1 acc 0.0477 eff 0.0257 outinratio 0.0328 

ttH126_2e2mu_dphijj_genbin2_recobin1 acc 0.0874 eff 0.043 outinratio 0.045 

ggH126_2e2mu_dphijj_genbin3_recobin1 acc 0.0112 eff 0.0128 outinratio 0.0017 

VBFH126_2e2mu_dphijj_genbin3_recobin1 acc 0.0433 eff 0.0058 outinratio 0.0105 

WminusH126_2e2mu_dphijj_genbin3_recobin1 acc 0.0484 eff 0.0127 outinratio 0.0192 

WplusH126_2e2mu_dphijj_genbin3_recobin1 acc 0.0465 eff 0.0135 outinratio 0.0146 

ZH126_2e2mu_dphijj_genbin3_recobin1 acc 0.049 eff 0.0252 outinratio 0.0328 

ttH126_2e2mu_dphijj_genbin3_recobin1 acc 0.0884 eff 0.0485 outinratio 0.045 

ggH126_2e2mu_dphijj_genbin4_recobin1 acc 0.0109 eff 0.0196 outinratio 0.0017 

VBFH126_2e2mu_dphijj_genbin4_recobin1 acc 0.0532 eff 0.0073 outinratio 0.0105 

WminusH126_2e2mu_dphijj_genbin4_recobin1 acc 0.0372 eff 0.0284 outinratio 0.0192 

WplusH126_2e2mu_dphijj_genbin4_recobin1 acc 0.0328 eff 0.0361 outinratio 0.0146 

ZH126_2e2mu_dphijj_genbin4_recobin1 acc 0.0446 eff 0.0255 outinratio 0.0328 

ttH126_2e2mu_dphijj_genbin4_recobin1 acc 0.1481 eff 0.0396 outinratio 0.045 

ggH126_2e2mu_dphijj_genbin0_recobin2 acc 0.3988 eff 0.0032 outinratio 0.0015 

VBFH126_2e2mu_dphijj_genbin0_recobin2 acc 0.2884 eff 0.0177 outinratio 0.0151 

WminusH126_2e2mu_dphijj_genbin0_recobin2 acc 0.2334 eff 0.011 outinratio 0.0074 

WplusH126_2e2mu_dphijj_genbin0_recobin2 acc 0.2043 eff 0.0134 outinratio 0.0077 

ZH126_2e2mu_dphijj_genbin0_recobin2 acc 0.205 eff 0.0087 outinratio 0.0359 

ttH126_2e2mu_dphijj_genbin0_recobin2 acc 0.0146 eff 0.058 outinratio 0.0314 

ggH126_2e2mu_dphijj_genbin1_recobin2 acc 0.011 eff 0.0114 outinratio 0.0015 

VBFH126_2e2mu_dphijj_genbin1_recobin2 acc 0.0523 eff 0.008 outinratio 0.0151 

WminusH126_2e2mu_dphijj_genbin1_recobin2 acc 0.0363 eff 0.0172 outinratio 0.0074 

WplusH126_2e2mu_dphijj_genbin1_recobin2 acc 0.033 eff 0.0213 outinratio 0.0077 

ZH126_2e2mu_dphijj_genbin1_recobin2 acc 0.0415 eff 0.0195 outinratio 0.0359 

ttH126_2e2mu_dphijj_genbin1_recobin2 acc 0.1461 eff 0.0253 outinratio 0.0314 

ggH126_2e2mu_dphijj_genbin2_recobin2 acc 0.01 eff 0.4039 outinratio 0.0015 

VBFH126_2e2mu_dphijj_genbin2_recobin2 acc 0.043 eff 0.3946 outinratio 0.0151 

WminusH126_2e2mu_dphijj_genbin2_recobin2 acc 0.048 eff 0.3817 outinratio 0.0074 

WplusH126_2e2mu_dphijj_genbin2_recobin2 acc 0.0444 eff 0.3815 outinratio 0.0077 

ZH126_2e2mu_dphijj_genbin2_recobin2 acc 0.0477 eff 0.3666 outinratio 0.0359 

ttH126_2e2mu_dphijj_genbin2_recobin2 acc 0.0874 eff 0.2604 outinratio 0.0314 

ggH126_2e2mu_dphijj_genbin3_recobin2 acc 0.0112 eff 0.0195 outinratio 0.0015 

VBFH126_2e2mu_dphijj_genbin3_recobin2 acc 0.0433 eff 0.0189 outinratio 0.0151 

WminusH126_2e2mu_dphijj_genbin3_recobin2 acc 0.0484 eff 0.0264 outinratio 0.0074 

WplusH126_2e2mu_dphijj_genbin3_recobin2 acc 0.0465 eff 0.0287 outinratio 0.0077 

ZH126_2e2mu_dphijj_genbin3_recobin2 acc 0.049 eff 0.0271 outinratio 0.0359 

ttH126_2e2mu_dphijj_genbin3_recobin2 acc 0.0884 eff 0.0306 outinratio 0.0314 

ggH126_2e2mu_dphijj_genbin4_recobin2 acc 0.0109 eff 0.0 outinratio 0.0015 

VBFH126_2e2mu_dphijj_genbin4_recobin2 acc 0.0532 eff 0.0078 outinratio 0.0151 

WminusH126_2e2mu_dphijj_genbin4_recobin2 acc 0.0372 eff 0.0111 outinratio 0.0074 

WplusH126_2e2mu_dphijj_genbin4_recobin2 acc 0.0328 eff 0.0171 outinratio 0.0077 

ZH126_2e2mu_dphijj_genbin4_recobin2 acc 0.0446 eff 0.0076 outinratio 0.0359 

ttH126_2e2mu_dphijj_genbin4_recobin2 acc 0.1481 eff 0.0252 outinratio 0.0314 

ggH126_2e2mu_dphijj_genbin0_recobin3 acc 0.3988 eff 0.0035 outinratio 0.0062 

VBFH126_2e2mu_dphijj_genbin0_recobin3 acc 0.2884 eff 0.0145 outinratio 0.0084 

WminusH126_2e2mu_dphijj_genbin0_recobin3 acc 0.2334 eff 0.0181 outinratio 0.0092 

WplusH126_2e2mu_dphijj_genbin0_recobin3 acc 0.2043 eff 0.0132 outinratio 0.0102 

ZH126_2e2mu_dphijj_genbin0_recobin3 acc 0.205 eff 0.0096 outinratio 0.0204 

ttH126_2e2mu_dphijj_genbin0_recobin3 acc 0.0146 eff 0.0299 outinratio 0.0344 

ggH126_2e2mu_dphijj_genbin1_recobin3 acc 0.011 eff 0.0041 outinratio 0.0062 

VBFH126_2e2mu_dphijj_genbin1_recobin3 acc 0.0523 eff 0.0086 outinratio 0.0084 

WminusH126_2e2mu_dphijj_genbin1_recobin3 acc 0.0363 eff 0.0183 outinratio 0.0092 

WplusH126_2e2mu_dphijj_genbin1_recobin3 acc 0.033 eff 0.0197 outinratio 0.0102 

ZH126_2e2mu_dphijj_genbin1_recobin3 acc 0.0415 eff 0.0101 outinratio 0.0204 

ttH126_2e2mu_dphijj_genbin1_recobin3 acc 0.1461 eff 0.0238 outinratio 0.0344 

ggH126_2e2mu_dphijj_genbin2_recobin3 acc 0.01 eff 0.0248 outinratio 0.0062 

VBFH126_2e2mu_dphijj_genbin2_recobin3 acc 0.043 eff 0.0174 outinratio 0.0084 

WminusH126_2e2mu_dphijj_genbin2_recobin3 acc 0.048 eff 0.0207 outinratio 0.0092 

WplusH126_2e2mu_dphijj_genbin2_recobin3 acc 0.0444 eff 0.0298 outinratio 0.0102 

ZH126_2e2mu_dphijj_genbin2_recobin3 acc 0.0477 eff 0.0332 outinratio 0.0204 

ttH126_2e2mu_dphijj_genbin2_recobin3 acc 0.0874 eff 0.0301 outinratio 0.0344 

ggH126_2e2mu_dphijj_genbin3_recobin3 acc 0.0112 eff 0.4139 outinratio 0.0062 

VBFH126_2e2mu_dphijj_genbin3_recobin3 acc 0.0433 eff 0.3928 outinratio 0.0084 

WminusH126_2e2mu_dphijj_genbin3_recobin3 acc 0.0484 eff 0.3793 outinratio 0.0092 

WplusH126_2e2mu_dphijj_genbin3_recobin3 acc 0.0465 eff 0.3852 outinratio 0.0102 

ZH126_2e2mu_dphijj_genbin3_recobin3 acc 0.049 eff 0.3748 outinratio 0.0204 

ttH126_2e2mu_dphijj_genbin3_recobin3 acc 0.0884 eff 0.2553 outinratio 0.0344 

ggH126_2e2mu_dphijj_genbin4_recobin3 acc 0.0109 eff 0.0228 outinratio 0.0062 

VBFH126_2e2mu_dphijj_genbin4_recobin3 acc 0.0532 eff 0.0056 outinratio 0.0084 

WminusH126_2e2mu_dphijj_genbin4_recobin3 acc 0.0372 eff 0.0196 outinratio 0.0092 

WplusH126_2e2mu_dphijj_genbin4_recobin3 acc 0.0328 eff 0.0137 outinratio 0.0102 

ZH126_2e2mu_dphijj_genbin4_recobin3 acc 0.0446 eff 0.0093 outinratio 0.0204 

ttH126_2e2mu_dphijj_genbin4_recobin3 acc 0.1481 eff 0.021 outinratio 0.0344 

ggH126_2e2mu_dphijj_genbin0_recobin4 acc 0.3988 eff 0.0037 outinratio 0.0067 

VBFH126_2e2mu_dphijj_genbin0_recobin4 acc 0.2884 eff 0.0177 outinratio 0.0074 

WminusH126_2e2mu_dphijj_genbin0_recobin4 acc 0.2334 eff 0.0157 outinratio 0.0137 

WplusH126_2e2mu_dphijj_genbin0_recobin4 acc 0.2043 eff 0.0172 outinratio 0.015 

ZH126_2e2mu_dphijj_genbin0_recobin4 acc 0.205 eff 0.0155 outinratio 0.0356 

ttH126_2e2mu_dphijj_genbin0_recobin4 acc 0.0146 eff 0.0531 outinratio 0.029 

ggH126_2e2mu_dphijj_genbin1_recobin4 acc 0.011 eff 0.009 outinratio 0.0067 

VBFH126_2e2mu_dphijj_genbin1_recobin4 acc 0.0523 eff 0.0102 outinratio 0.0074 

WminusH126_2e2mu_dphijj_genbin1_recobin4 acc 0.0363 eff 0.0353 outinratio 0.0137 

WplusH126_2e2mu_dphijj_genbin1_recobin4 acc 0.033 eff 0.033 outinratio 0.015 

ZH126_2e2mu_dphijj_genbin1_recobin4 acc 0.0415 eff 0.0301 outinratio 0.0356 

ttH126_2e2mu_dphijj_genbin1_recobin4 acc 0.1461 eff 0.0442 outinratio 0.029 

ggH126_2e2mu_dphijj_genbin2_recobin4 acc 0.01 eff 0.0173 outinratio 0.0067 

VBFH126_2e2mu_dphijj_genbin2_recobin4 acc 0.043 eff 0.0061 outinratio 0.0074 

WminusH126_2e2mu_dphijj_genbin2_recobin4 acc 0.048 eff 0.0132 outinratio 0.0137 

WplusH126_2e2mu_dphijj_genbin2_recobin4 acc 0.0444 eff 0.0153 outinratio 0.015 

ZH126_2e2mu_dphijj_genbin2_recobin4 acc 0.0477 eff 0.0175 outinratio 0.0356 

ttH126_2e2mu_dphijj_genbin2_recobin4 acc 0.0874 eff 0.0473 outinratio 0.029 

ggH126_2e2mu_dphijj_genbin3_recobin4 acc 0.0112 eff 0.0131 outinratio 0.0067 

VBFH126_2e2mu_dphijj_genbin3_recobin4 acc 0.0433 eff 0.0059 outinratio 0.0074 

WminusH126_2e2mu_dphijj_genbin3_recobin4 acc 0.0484 eff 0.0181 outinratio 0.0137 

WplusH126_2e2mu_dphijj_genbin3_recobin4 acc 0.0465 eff 0.0165 outinratio 0.015 

ZH126_2e2mu_dphijj_genbin3_recobin4 acc 0.049 eff 0.0222 outinratio 0.0356 

ttH126_2e2mu_dphijj_genbin3_recobin4 acc 0.0884 eff 0.0396 outinratio 0.029 

ggH126_2e2mu_dphijj_genbin4_recobin4 acc 0.0109 eff 0.3746 outinratio 0.0067 

VBFH126_2e2mu_dphijj_genbin4_recobin4 acc 0.0532 eff 0.3903 outinratio 0.0074 

WminusH126_2e2mu_dphijj_genbin4_recobin4 acc 0.0372 eff 0.3244 outinratio 0.0137 

WplusH126_2e2mu_dphijj_genbin4_recobin4 acc 0.0328 eff 0.3325 outinratio 0.015 

ZH126_2e2mu_dphijj_genbin4_recobin4 acc 0.0446 eff 0.3096 outinratio 0.0356 

ttH126_2e2mu_dphijj_genbin4_recobin4 acc 0.1481 eff 0.2794 outinratio 0.029 

Coeff fullNNLOPS
