Welcome in RunCoefficients!
OPT SPLIT
DEBUG opt.YEAR = 2022EE_2
It is a single-differential measurement, binning [0.0, 1.0, 2.0, 3.0, 4.0, 20.0]
Nj
Following observables extracted from dictionary: RECO =  Nj  GEN =  GENNj
LUMI: 4.4454666666666665
ttH126 0.00016778591
Processing ggH126 2022EE_2
Signal created
Signal failed created
Processing VBFH126 2022EE_2
Signal created
Signal failed created
Processing WminusH126 2022EE_2
Signal created
Signal failed created
Processing WplusH126 2022EE_2
Signal created
Signal failed created
Processing ZH126 2022EE_2
Signal created
Signal failed created
Processing ttH126 2022EE_2
Signal created
Signal failed created
2022EE_2 SKIMMED df CREATED
2022EE_2 ggH126
2022EE_2 VBFH126
2022EE_2 WminusH126
2022EE_2 WplusH126
2022EE_2 ZH126
2022EE_2 ttH126
Dataframes created successfully
Coeff std
ggH126_4l_Nj_genbin0_recobin0 acc 0.2931 eff 0.4384 outinratio 0.0078 

VBFH126_4l_Nj_genbin0_recobin0 acc 0.0704 eff 0.3549 outinratio 0.0044 

WminusH126_4l_Nj_genbin0_recobin0 acc 0.0984 eff 0.3457 outinratio 0.0305 

WplusH126_4l_Nj_genbin0_recobin0 acc 0.0889 eff 0.3464 outinratio 0.029 

ZH126_4l_Nj_genbin0_recobin0 acc 0.0812 eff 0.3999 outinratio 0.0771 

ttH126_4l_Nj_genbin0_recobin0 acc 0.0014 eff 0.1015 outinratio 0.1913 

ggH126_4l_Nj_genbin1_recobin0 acc 0.1102 eff 0.0637 outinratio 0.0078 

VBFH126_4l_Nj_genbin1_recobin0 acc 0.2157 eff 0.0465 outinratio 0.0044 

WminusH126_4l_Nj_genbin1_recobin0 acc 0.136 eff 0.034 outinratio 0.0305 

WplusH126_4l_Nj_genbin1_recobin0 acc 0.1181 eff 0.0344 outinratio 0.029 

ZH126_4l_Nj_genbin1_recobin0 acc 0.1265 eff 0.0408 outinratio 0.0771 

ttH126_4l_Nj_genbin1_recobin0 acc 0.0128 eff 0.0109 outinratio 0.1913 

ggH126_4l_Nj_genbin2_recobin0 acc 0.0331 eff 0.0071 outinratio 0.0078 

VBFH126_4l_Nj_genbin2_recobin0 acc 0.1654 eff 0.0033 outinratio 0.0044 

WminusH126_4l_Nj_genbin2_recobin0 acc 0.1167 eff 0.0051 outinratio 0.0305 

WplusH126_4l_Nj_genbin2_recobin0 acc 0.1037 eff 0.0051 outinratio 0.029 

ZH126_4l_Nj_genbin2_recobin0 acc 0.1221 eff 0.0076 outinratio 0.0771 

ttH126_4l_Nj_genbin2_recobin0 acc 0.0499 eff 0.0033 outinratio 0.1913 

ggH126_4l_Nj_genbin3_recobin0 acc 0.0086 eff 0.0 outinratio 0.0078 

VBFH126_4l_Nj_genbin3_recobin0 acc 0.0247 eff 0.0 outinratio 0.0044 

WminusH126_4l_Nj_genbin3_recobin0 acc 0.0388 eff 0.0013 outinratio 0.0305 

WplusH126_4l_Nj_genbin3_recobin0 acc 0.037 eff 0.0006 outinratio 0.029 

ZH126_4l_Nj_genbin3_recobin0 acc 0.0426 eff 0.0012 outinratio 0.0771 

ttH126_4l_Nj_genbin3_recobin0 acc 0.096 eff 0.0004 outinratio 0.1913 

ggH126_4l_Nj_genbin4_recobin0 acc 0.0026 eff 0.0 outinratio 0.0078 

VBFH126_4l_Nj_genbin4_recobin0 acc 0.0042 eff 0.0 outinratio 0.0044 

WminusH126_4l_Nj_genbin4_recobin0 acc 0.0186 eff 0.0 outinratio 0.0305 

WplusH126_4l_Nj_genbin4_recobin0 acc 0.0169 eff 0.0009 outinratio 0.029 

ZH126_4l_Nj_genbin4_recobin0 acc 0.0205 eff 0.0 outinratio 0.0771 

ttH126_4l_Nj_genbin4_recobin0 acc 0.3279 eff 0.0 outinratio 0.1913 

ggH126_4l_Nj_genbin0_recobin1 acc 0.2931 eff 0.0488 outinratio 0.0073 

VBFH126_4l_Nj_genbin0_recobin1 acc 0.0704 eff 0.1419 outinratio 0.0048 

WminusH126_4l_Nj_genbin0_recobin1 acc 0.0984 eff 0.1136 outinratio 0.015 

WplusH126_4l_Nj_genbin0_recobin1 acc 0.0889 eff 0.1057 outinratio 0.021 

ZH126_4l_Nj_genbin0_recobin1 acc 0.0812 eff 0.0682 outinratio 0.0557 

ttH126_4l_Nj_genbin0_recobin1 acc 0.0014 eff 0.0775 outinratio 0.1141 

ggH126_4l_Nj_genbin1_recobin1 acc 0.1102 eff 0.384 outinratio 0.0073 

VBFH126_4l_Nj_genbin1_recobin1 acc 0.2157 eff 0.4094 outinratio 0.0048 

WminusH126_4l_Nj_genbin1_recobin1 acc 0.136 eff 0.3292 outinratio 0.015 

WplusH126_4l_Nj_genbin1_recobin1 acc 0.1181 eff 0.3326 outinratio 0.021 

ZH126_4l_Nj_genbin1_recobin1 acc 0.1265 eff 0.337 outinratio 0.0557 

ttH126_4l_Nj_genbin1_recobin1 acc 0.0128 eff 0.1634 outinratio 0.1141 

ggH126_4l_Nj_genbin2_recobin1 acc 0.0331 eff 0.0966 outinratio 0.0073 

VBFH126_4l_Nj_genbin2_recobin1 acc 0.1654 eff 0.091 outinratio 0.0048 

WminusH126_4l_Nj_genbin2_recobin1 acc 0.1167 eff 0.0837 outinratio 0.015 

WplusH126_4l_Nj_genbin2_recobin1 acc 0.1037 eff 0.0779 outinratio 0.021 

ZH126_4l_Nj_genbin2_recobin1 acc 0.1221 eff 0.0893 outinratio 0.0557 

ttH126_4l_Nj_genbin2_recobin1 acc 0.0499 eff 0.031 outinratio 0.1141 

ggH126_4l_Nj_genbin3_recobin1 acc 0.0086 eff 0.0175 outinratio 0.0073 

VBFH126_4l_Nj_genbin3_recobin1 acc 0.0247 eff 0.0287 outinratio 0.0048 

WminusH126_4l_Nj_genbin3_recobin1 acc 0.0388 eff 0.0124 outinratio 0.015 

WplusH126_4l_Nj_genbin3_recobin1 acc 0.037 eff 0.0134 outinratio 0.021 

ZH126_4l_Nj_genbin3_recobin1 acc 0.0426 eff 0.021 outinratio 0.0557 

ttH126_4l_Nj_genbin3_recobin1 acc 0.096 eff 0.0059 outinratio 0.1141 

ggH126_4l_Nj_genbin4_recobin1 acc 0.0026 eff 0.002 outinratio 0.0073 

VBFH126_4l_Nj_genbin4_recobin1 acc 0.0042 eff 0.0 outinratio 0.0048 

WminusH126_4l_Nj_genbin4_recobin1 acc 0.0186 eff 0.003 outinratio 0.015 

WplusH126_4l_Nj_genbin4_recobin1 acc 0.0169 eff 0.0021 outinratio 0.021 

ZH126_4l_Nj_genbin4_recobin1 acc 0.0205 eff 0.002 outinratio 0.0557 

ttH126_4l_Nj_genbin4_recobin1 acc 0.3279 eff 0.0013 outinratio 0.1141 

ggH126_4l_Nj_genbin0_recobin2 acc 0.2931 eff 0.0035 outinratio 0.0048 

VBFH126_4l_Nj_genbin0_recobin2 acc 0.0704 eff 0.0203 outinratio 0.0067 

WminusH126_4l_Nj_genbin0_recobin2 acc 0.0984 eff 0.01 outinratio 0.0121 

WplusH126_4l_Nj_genbin0_recobin2 acc 0.0889 eff 0.0128 outinratio 0.0125 

ZH126_4l_Nj_genbin0_recobin2 acc 0.0812 eff 0.0091 outinratio 0.0323 

ttH126_4l_Nj_genbin0_recobin2 acc 0.0014 eff 0.0419 outinratio 0.1046 

ggH126_4l_Nj_genbin1_recobin2 acc 0.1102 eff 0.053 outinratio 0.0048 

VBFH126_4l_Nj_genbin1_recobin2 acc 0.2157 eff 0.0801 outinratio 0.0067 

WminusH126_4l_Nj_genbin1_recobin2 acc 0.136 eff 0.0924 outinratio 0.0121 

WplusH126_4l_Nj_genbin1_recobin2 acc 0.1181 eff 0.0873 outinratio 0.0125 

ZH126_4l_Nj_genbin1_recobin2 acc 0.1265 eff 0.0783 outinratio 0.0323 

ttH126_4l_Nj_genbin1_recobin2 acc 0.0128 eff 0.1275 outinratio 0.1046 

ggH126_4l_Nj_genbin2_recobin2 acc 0.0331 eff 0.3543 outinratio 0.0048 

VBFH126_4l_Nj_genbin2_recobin2 acc 0.1654 eff 0.4175 outinratio 0.0067 

WminusH126_4l_Nj_genbin2_recobin2 acc 0.1167 eff 0.3571 outinratio 0.0121 

WplusH126_4l_Nj_genbin2_recobin2 acc 0.1037 eff 0.3454 outinratio 0.0125 

ZH126_4l_Nj_genbin2_recobin2 acc 0.1221 eff 0.35 outinratio 0.0323 

ttH126_4l_Nj_genbin2_recobin2 acc 0.0499 eff 0.1635 outinratio 0.1046 

ggH126_4l_Nj_genbin3_recobin2 acc 0.0086 eff 0.1419 outinratio 0.0048 

VBFH126_4l_Nj_genbin3_recobin2 acc 0.0247 eff 0.1245 outinratio 0.0067 

WminusH126_4l_Nj_genbin3_recobin2 acc 0.0388 eff 0.1139 outinratio 0.0121 

WplusH126_4l_Nj_genbin3_recobin2 acc 0.037 eff 0.0962 outinratio 0.0125 

ZH126_4l_Nj_genbin3_recobin2 acc 0.0426 eff 0.1235 outinratio 0.0323 

ttH126_4l_Nj_genbin3_recobin2 acc 0.096 eff 0.0601 outinratio 0.1046 

ggH126_4l_Nj_genbin4_recobin2 acc 0.0026 eff 0.0227 outinratio 0.0048 

VBFH126_4l_Nj_genbin4_recobin2 acc 0.0042 eff 0.1013 outinratio 0.0067 

WminusH126_4l_Nj_genbin4_recobin2 acc 0.0186 eff 0.0206 outinratio 0.0121 

WplusH126_4l_Nj_genbin4_recobin2 acc 0.0169 eff 0.0162 outinratio 0.0125 

ZH126_4l_Nj_genbin4_recobin2 acc 0.0205 eff 0.023 outinratio 0.0323 

ttH126_4l_Nj_genbin4_recobin2 acc 0.3279 eff 0.0084 outinratio 0.1046 

ggH126_4l_Nj_genbin0_recobin3 acc 0.2931 eff 0.0002 outinratio 0.0061 

VBFH126_4l_Nj_genbin0_recobin3 acc 0.0704 eff 0.0 outinratio 0.0149 

WminusH126_4l_Nj_genbin0_recobin3 acc 0.0984 eff 0.0007 outinratio 0.0146 

WplusH126_4l_Nj_genbin0_recobin3 acc 0.0889 eff 0.0011 outinratio 0.0132 

ZH126_4l_Nj_genbin0_recobin3 acc 0.0812 eff 0.001 outinratio 0.0289 

ttH126_4l_Nj_genbin0_recobin3 acc 0.0014 eff 0.0651 outinratio 0.0692 

ggH126_4l_Nj_genbin1_recobin3 acc 0.1102 eff 0.0044 outinratio 0.0061 

VBFH126_4l_Nj_genbin1_recobin3 acc 0.2157 eff 0.0081 outinratio 0.0149 

WminusH126_4l_Nj_genbin1_recobin3 acc 0.136 eff 0.0093 outinratio 0.0146 

WplusH126_4l_Nj_genbin1_recobin3 acc 0.1181 eff 0.0086 outinratio 0.0132 

ZH126_4l_Nj_genbin1_recobin3 acc 0.1265 eff 0.0071 outinratio 0.0289 

ttH126_4l_Nj_genbin1_recobin3 acc 0.0128 eff 0.0696 outinratio 0.0692 

ggH126_4l_Nj_genbin2_recobin3 acc 0.0331 eff 0.0499 outinratio 0.0061 

VBFH126_4l_Nj_genbin2_recobin3 acc 0.1654 eff 0.0384 outinratio 0.0149 

WminusH126_4l_Nj_genbin2_recobin3 acc 0.1167 eff 0.0551 outinratio 0.0146 

WplusH126_4l_Nj_genbin2_recobin3 acc 0.1037 eff 0.0541 outinratio 0.0132 

ZH126_4l_Nj_genbin2_recobin3 acc 0.1221 eff 0.0467 outinratio 0.0289 

ttH126_4l_Nj_genbin2_recobin3 acc 0.0499 eff 0.1155 outinratio 0.0692 

ggH126_4l_Nj_genbin3_recobin3 acc 0.0086 eff 0.3372 outinratio 0.0061 

VBFH126_4l_Nj_genbin3_recobin3 acc 0.0247 eff 0.4232 outinratio 0.0149 

WminusH126_4l_Nj_genbin3_recobin3 acc 0.0388 eff 0.3054 outinratio 0.0146 

WplusH126_4l_Nj_genbin3_recobin3 acc 0.037 eff 0.3059 outinratio 0.0132 

ZH126_4l_Nj_genbin3_recobin3 acc 0.0426 eff 0.288 outinratio 0.0289 

ttH126_4l_Nj_genbin3_recobin3 acc 0.096 eff 0.1845 outinratio 0.0692 

ggH126_4l_Nj_genbin4_recobin3 acc 0.0026 eff 0.1432 outinratio 0.0061 

VBFH126_4l_Nj_genbin4_recobin3 acc 0.0042 eff 0.2373 outinratio 0.0149 

WminusH126_4l_Nj_genbin4_recobin3 acc 0.0186 eff 0.0954 outinratio 0.0146 

WplusH126_4l_Nj_genbin4_recobin3 acc 0.0169 eff 0.082 outinratio 0.0132 

ZH126_4l_Nj_genbin4_recobin3 acc 0.0205 eff 0.0965 outinratio 0.0289 

ttH126_4l_Nj_genbin4_recobin3 acc 0.3279 eff 0.0412 outinratio 0.0692 

ggH126_4l_Nj_genbin0_recobin4 acc 0.2931 eff 0.0001 outinratio 0.0086 

VBFH126_4l_Nj_genbin0_recobin4 acc 0.0704 eff 0.0 outinratio 0.0 

WminusH126_4l_Nj_genbin0_recobin4 acc 0.0984 eff 0.0 outinratio 0.0083 

WplusH126_4l_Nj_genbin0_recobin4 acc 0.0889 eff 0.0 outinratio 0.0102 

ZH126_4l_Nj_genbin0_recobin4 acc 0.0812 eff 0.0 outinratio 0.0305 

ttH126_4l_Nj_genbin0_recobin4 acc 0.0014 eff 0.0 outinratio 0.0307 

ggH126_4l_Nj_genbin1_recobin4 acc 0.1102 eff 0.0002 outinratio 0.0086 

VBFH126_4l_Nj_genbin1_recobin4 acc 0.2157 eff 0.0 outinratio 0.0 

WminusH126_4l_Nj_genbin1_recobin4 acc 0.136 eff 0.0006 outinratio 0.0083 

WplusH126_4l_Nj_genbin1_recobin4 acc 0.1181 eff 0.0005 outinratio 0.0102 

ZH126_4l_Nj_genbin1_recobin4 acc 0.1265 eff 0.0007 outinratio 0.0305 

ttH126_4l_Nj_genbin1_recobin4 acc 0.0128 eff 0.0059 outinratio 0.0307 

ggH126_4l_Nj_genbin2_recobin4 acc 0.0331 eff 0.0043 outinratio 0.0086 

VBFH126_4l_Nj_genbin2_recobin4 acc 0.1654 eff 0.0037 outinratio 0.0 

WminusH126_4l_Nj_genbin2_recobin4 acc 0.1167 eff 0.0064 outinratio 0.0083 

WplusH126_4l_Nj_genbin2_recobin4 acc 0.1037 eff 0.0036 outinratio 0.0102 

ZH126_4l_Nj_genbin2_recobin4 acc 0.1221 eff 0.005 outinratio 0.0305 

ttH126_4l_Nj_genbin2_recobin4 acc 0.0499 eff 0.0284 outinratio 0.0307 

ggH126_4l_Nj_genbin3_recobin4 acc 0.0086 eff 0.0509 outinratio 0.0086 

VBFH126_4l_Nj_genbin3_recobin4 acc 0.0247 eff 0.0242 outinratio 0.0 

WminusH126_4l_Nj_genbin3_recobin4 acc 0.0388 eff 0.0564 outinratio 0.0083 

WplusH126_4l_Nj_genbin3_recobin4 acc 0.037 eff 0.0551 outinratio 0.0102 

ZH126_4l_Nj_genbin3_recobin4 acc 0.0426 eff 0.0567 outinratio 0.0305 

ttH126_4l_Nj_genbin3_recobin4 acc 0.096 eff 0.1254 outinratio 0.0307 

ggH126_4l_Nj_genbin4_recobin4 acc 0.0026 eff 0.3725 outinratio 0.0086 

VBFH126_4l_Nj_genbin4_recobin4 acc 0.0042 eff 0.3021 outinratio 0.0 

WminusH126_4l_Nj_genbin4_recobin4 acc 0.0186 eff 0.3538 outinratio 0.0083 

WplusH126_4l_Nj_genbin4_recobin4 acc 0.0169 eff 0.3653 outinratio 0.0102 

ZH126_4l_Nj_genbin4_recobin4 acc 0.0205 eff 0.3503 outinratio 0.0305 

ttH126_4l_Nj_genbin4_recobin4 acc 0.3279 eff 0.3542 outinratio 0.0307 

ggH126_4e_Nj_genbin0_recobin0 acc 0.2817 eff 0.277 outinratio 0.0119 

VBFH126_4e_Nj_genbin0_recobin0 acc 0.0666 eff 0.2753 outinratio 0.0232 

WminusH126_4e_Nj_genbin0_recobin0 acc 0.0956 eff 0.2366 outinratio 0.032 

WplusH126_4e_Nj_genbin0_recobin0 acc 0.0876 eff 0.2415 outinratio 0.0372 

ZH126_4e_Nj_genbin0_recobin0 acc 0.08 eff 0.2631 outinratio 0.0702 

ttH126_4e_Nj_genbin0_recobin0 acc 0.002 eff 0.0442 outinratio 0.2428 

ggH126_4e_Nj_genbin1_recobin0 acc 0.1071 eff 0.0382 outinratio 0.0119 

VBFH126_4e_Nj_genbin1_recobin0 acc 0.2131 eff 0.0326 outinratio 0.0232 

WminusH126_4e_Nj_genbin1_recobin0 acc 0.1315 eff 0.027 outinratio 0.032 

WplusH126_4e_Nj_genbin1_recobin0 acc 0.1145 eff 0.0256 outinratio 0.0372 

ZH126_4e_Nj_genbin1_recobin0 acc 0.1254 eff 0.0242 outinratio 0.0702 

ttH126_4e_Nj_genbin1_recobin0 acc 0.011 eff 0.0127 outinratio 0.2428 

ggH126_4e_Nj_genbin2_recobin0 acc 0.0313 eff 0.002 outinratio 0.0119 

VBFH126_4e_Nj_genbin2_recobin0 acc 0.1586 eff 0.0007 outinratio 0.0232 

WminusH126_4e_Nj_genbin2_recobin0 acc 0.1123 eff 0.0041 outinratio 0.032 

WplusH126_4e_Nj_genbin2_recobin0 acc 0.1015 eff 0.0022 outinratio 0.0372 

ZH126_4e_Nj_genbin2_recobin0 acc 0.1167 eff 0.0062 outinratio 0.0702 

ttH126_4e_Nj_genbin2_recobin0 acc 0.0464 eff 0.0077 outinratio 0.2428 

ggH126_4e_Nj_genbin3_recobin0 acc 0.008 eff 0.0 outinratio 0.0119 

VBFH126_4e_Nj_genbin3_recobin0 acc 0.0212 eff 0.0 outinratio 0.0232 

WminusH126_4e_Nj_genbin3_recobin0 acc 0.0341 eff 0.0003 outinratio 0.032 

WplusH126_4e_Nj_genbin3_recobin0 acc 0.0352 eff 0.0 outinratio 0.0372 

ZH126_4e_Nj_genbin3_recobin0 acc 0.0414 eff 0.0 outinratio 0.0702 

ttH126_4e_Nj_genbin3_recobin0 acc 0.0898 eff 0.0007 outinratio 0.2428 

ggH126_4e_Nj_genbin4_recobin0 acc 0.0027 eff 0.0 outinratio 0.0119 

VBFH126_4e_Nj_genbin4_recobin0 acc 0.0061 eff -1.0 outinratio 0.0232 

WminusH126_4e_Nj_genbin4_recobin0 acc 0.0177 eff 0.0 outinratio 0.032 

WplusH126_4e_Nj_genbin4_recobin0 acc 0.0152 eff 0.0 outinratio 0.0372 

ZH126_4e_Nj_genbin4_recobin0 acc 0.0219 eff 0.0 outinratio 0.0702 

ttH126_4e_Nj_genbin4_recobin0 acc 0.322 eff 0.0 outinratio 0.2428 

ggH126_4e_Nj_genbin0_recobin1 acc 0.2817 eff 0.0298 outinratio 0.0089 

VBFH126_4e_Nj_genbin0_recobin1 acc 0.0666 eff 0.1126 outinratio 0.0087 

WminusH126_4e_Nj_genbin0_recobin1 acc 0.0956 eff 0.0748 outinratio 0.0172 

WplusH126_4e_Nj_genbin0_recobin1 acc 0.0876 eff 0.0693 outinratio 0.029 

ZH126_4e_Nj_genbin0_recobin1 acc 0.08 eff 0.0466 outinratio 0.0604 

ttH126_4e_Nj_genbin0_recobin1 acc 0.002 eff 0.1041 outinratio 0.2429 

ggH126_4e_Nj_genbin1_recobin1 acc 0.1071 eff 0.27 outinratio 0.0089 

VBFH126_4e_Nj_genbin1_recobin1 acc 0.2131 eff 0.3184 outinratio 0.0087 

WminusH126_4e_Nj_genbin1_recobin1 acc 0.1315 eff 0.2115 outinratio 0.0172 

WplusH126_4e_Nj_genbin1_recobin1 acc 0.1145 eff 0.2291 outinratio 0.029 

ZH126_4e_Nj_genbin1_recobin1 acc 0.1254 eff 0.2313 outinratio 0.0604 

ttH126_4e_Nj_genbin1_recobin1 acc 0.011 eff 0.1093 outinratio 0.2429 

ggH126_4e_Nj_genbin2_recobin1 acc 0.0313 eff 0.0632 outinratio 0.0089 

VBFH126_4e_Nj_genbin2_recobin1 acc 0.1586 eff 0.0658 outinratio 0.0087 

WminusH126_4e_Nj_genbin2_recobin1 acc 0.1123 eff 0.0596 outinratio 0.0172 

WplusH126_4e_Nj_genbin2_recobin1 acc 0.1015 eff 0.0571 outinratio 0.029 

ZH126_4e_Nj_genbin2_recobin1 acc 0.1167 eff 0.0574 outinratio 0.0604 

ttH126_4e_Nj_genbin2_recobin1 acc 0.0464 eff 0.03 outinratio 0.2429 

ggH126_4e_Nj_genbin3_recobin1 acc 0.008 eff 0.0088 outinratio 0.0089 

VBFH126_4e_Nj_genbin3_recobin1 acc 0.0212 eff 0.0301 outinratio 0.0087 

WminusH126_4e_Nj_genbin3_recobin1 acc 0.0341 eff 0.0151 outinratio 0.0172 

WplusH126_4e_Nj_genbin3_recobin1 acc 0.0352 eff 0.0125 outinratio 0.029 

ZH126_4e_Nj_genbin3_recobin1 acc 0.0414 eff 0.0182 outinratio 0.0604 

ttH126_4e_Nj_genbin3_recobin1 acc 0.0898 eff 0.0051 outinratio 0.2429 

ggH126_4e_Nj_genbin4_recobin1 acc 0.0027 eff 0.0 outinratio 0.0089 

VBFH126_4e_Nj_genbin4_recobin1 acc 0.0061 eff -1.0 outinratio 0.0087 

WminusH126_4e_Nj_genbin4_recobin1 acc 0.0177 eff 0.0025 outinratio 0.0172 

WplusH126_4e_Nj_genbin4_recobin1 acc 0.0152 eff 0.0049 outinratio 0.029 

ZH126_4e_Nj_genbin4_recobin1 acc 0.0219 eff 0.0047 outinratio 0.0604 

ttH126_4e_Nj_genbin4_recobin1 acc 0.322 eff 0.0005 outinratio 0.2429 

ggH126_4e_Nj_genbin0_recobin2 acc 0.2817 eff 0.002 outinratio 0.0033 

VBFH126_4e_Nj_genbin0_recobin2 acc 0.0666 eff 0.0292 outinratio 0.0155 

WminusH126_4e_Nj_genbin0_recobin2 acc 0.0956 eff 0.0065 outinratio 0.0104 

WplusH126_4e_Nj_genbin0_recobin2 acc 0.0876 eff 0.009 outinratio 0.0193 

ZH126_4e_Nj_genbin0_recobin2 acc 0.08 eff 0.0017 outinratio 0.0312 

ttH126_4e_Nj_genbin0_recobin2 acc 0.002 eff 0.1108 outinratio 0.1271 

ggH126_4e_Nj_genbin1_recobin2 acc 0.1071 eff 0.0322 outinratio 0.0033 

VBFH126_4e_Nj_genbin1_recobin2 acc 0.2131 eff 0.0459 outinratio 0.0155 

WminusH126_4e_Nj_genbin1_recobin2 acc 0.1315 eff 0.0584 outinratio 0.0104 

WplusH126_4e_Nj_genbin1_recobin2 acc 0.1145 eff 0.0681 outinratio 0.0193 

ZH126_4e_Nj_genbin1_recobin2 acc 0.1254 eff 0.059 outinratio 0.0312 

ttH126_4e_Nj_genbin1_recobin2 acc 0.011 eff 0.0431 outinratio 0.1271 

ggH126_4e_Nj_genbin2_recobin2 acc 0.0313 eff 0.2313 outinratio 0.0033 

VBFH126_4e_Nj_genbin2_recobin2 acc 0.1586 eff 0.3184 outinratio 0.0155 

WminusH126_4e_Nj_genbin2_recobin2 acc 0.1123 eff 0.267 outinratio 0.0104 

WplusH126_4e_Nj_genbin2_recobin2 acc 0.1015 eff 0.2479 outinratio 0.0193 

ZH126_4e_Nj_genbin2_recobin2 acc 0.1167 eff 0.2445 outinratio 0.0312 

ttH126_4e_Nj_genbin2_recobin2 acc 0.0464 eff 0.14 outinratio 0.1271 

ggH126_4e_Nj_genbin3_recobin2 acc 0.008 eff 0.1058 outinratio 0.0033 

VBFH126_4e_Nj_genbin3_recobin2 acc 0.0212 eff 0.0737 outinratio 0.0155 

WminusH126_4e_Nj_genbin3_recobin2 acc 0.0341 eff 0.0811 outinratio 0.0104 

WplusH126_4e_Nj_genbin3_recobin2 acc 0.0352 eff 0.0709 outinratio 0.0193 

ZH126_4e_Nj_genbin3_recobin2 acc 0.0414 eff 0.0729 outinratio 0.0312 

ttH126_4e_Nj_genbin3_recobin2 acc 0.0898 eff 0.0521 outinratio 0.1271 

ggH126_4e_Nj_genbin4_recobin2 acc 0.0027 eff 0.0366 outinratio 0.0033 

VBFH126_4e_Nj_genbin4_recobin2 acc 0.0061 eff -1.0 outinratio 0.0155 

WminusH126_4e_Nj_genbin4_recobin2 acc 0.0177 eff 0.0095 outinratio 0.0104 

WplusH126_4e_Nj_genbin4_recobin2 acc 0.0152 eff 0.0172 outinratio 0.0193 

ZH126_4e_Nj_genbin4_recobin2 acc 0.0219 eff 0.0027 outinratio 0.0312 

ttH126_4e_Nj_genbin4_recobin2 acc 0.322 eff 0.0029 outinratio 0.1271 

ggH126_4e_Nj_genbin0_recobin3 acc 0.2817 eff 0.0001 outinratio 0.0176 

VBFH126_4e_Nj_genbin0_recobin3 acc 0.0666 eff 0.0 outinratio 0.0 

WminusH126_4e_Nj_genbin0_recobin3 acc 0.0956 eff 0.0005 outinratio 0.012 

WplusH126_4e_Nj_genbin0_recobin3 acc 0.0876 eff 0.0004 outinratio 0.0158 

ZH126_4e_Nj_genbin0_recobin3 acc 0.08 eff 0.0009 outinratio 0.0392 

ttH126_4e_Nj_genbin0_recobin3 acc 0.002 eff 0.0 outinratio 0.0547 

ggH126_4e_Nj_genbin1_recobin3 acc 0.1071 eff 0.0033 outinratio 0.0176 

VBFH126_4e_Nj_genbin1_recobin3 acc 0.2131 eff 0.0088 outinratio 0.0 

WminusH126_4e_Nj_genbin1_recobin3 acc 0.1315 eff 0.0044 outinratio 0.012 

WplusH126_4e_Nj_genbin1_recobin3 acc 0.1145 eff 0.0055 outinratio 0.0158 

ZH126_4e_Nj_genbin1_recobin3 acc 0.1254 eff 0.004 outinratio 0.0392 

ttH126_4e_Nj_genbin1_recobin3 acc 0.011 eff 0.0344 outinratio 0.0547 

ggH126_4e_Nj_genbin2_recobin3 acc 0.0313 eff 0.0363 outinratio 0.0176 

VBFH126_4e_Nj_genbin2_recobin3 acc 0.1586 eff 0.0127 outinratio 0.0 

WminusH126_4e_Nj_genbin2_recobin3 acc 0.1123 eff 0.0395 outinratio 0.012 

WplusH126_4e_Nj_genbin2_recobin3 acc 0.1015 eff 0.03 outinratio 0.0158 

ZH126_4e_Nj_genbin2_recobin3 acc 0.1167 eff 0.0321 outinratio 0.0392 

ttH126_4e_Nj_genbin2_recobin3 acc 0.0464 eff 0.0774 outinratio 0.0547 

ggH126_4e_Nj_genbin3_recobin3 acc 0.008 eff 0.2662 outinratio 0.0176 

VBFH126_4e_Nj_genbin3_recobin3 acc 0.0212 eff 0.2523 outinratio 0.0 

WminusH126_4e_Nj_genbin3_recobin3 acc 0.0341 eff 0.2252 outinratio 0.012 

WplusH126_4e_Nj_genbin3_recobin3 acc 0.0352 eff 0.2112 outinratio 0.0158 

ZH126_4e_Nj_genbin3_recobin3 acc 0.0414 eff 0.226 outinratio 0.0392 

ttH126_4e_Nj_genbin3_recobin3 acc 0.0898 eff 0.1553 outinratio 0.0547 

ggH126_4e_Nj_genbin4_recobin3 acc 0.0027 eff 0.0867 outinratio 0.0176 

VBFH126_4e_Nj_genbin4_recobin3 acc 0.0061 eff -1.0 outinratio 0.0 

WminusH126_4e_Nj_genbin4_recobin3 acc 0.0177 eff 0.0734 outinratio 0.012 

WplusH126_4e_Nj_genbin4_recobin3 acc 0.0152 eff 0.0506 outinratio 0.0158 

ZH126_4e_Nj_genbin4_recobin3 acc 0.0219 eff 0.0597 outinratio 0.0392 

ttH126_4e_Nj_genbin4_recobin3 acc 0.322 eff 0.0295 outinratio 0.0547 

ggH126_4e_Nj_genbin0_recobin4 acc 0.2817 eff 0.0 outinratio 0.0 

VBFH126_4e_Nj_genbin0_recobin4 acc 0.0666 eff 0.0 outinratio 0.0 

WminusH126_4e_Nj_genbin0_recobin4 acc 0.0956 eff 0.0 outinratio 0.0156 

WplusH126_4e_Nj_genbin0_recobin4 acc 0.0876 eff 0.0 outinratio 0.0221 

ZH126_4e_Nj_genbin0_recobin4 acc 0.08 eff 0.0 outinratio 0.0265 

ttH126_4e_Nj_genbin0_recobin4 acc 0.002 eff 0.0 outinratio 0.0447 

ggH126_4e_Nj_genbin1_recobin4 acc 0.1071 eff 0.0 outinratio 0.0 

VBFH126_4e_Nj_genbin1_recobin4 acc 0.2131 eff 0.0 outinratio 0.0 

WminusH126_4e_Nj_genbin1_recobin4 acc 0.1315 eff 0.0 outinratio 0.0156 

WplusH126_4e_Nj_genbin1_recobin4 acc 0.1145 eff 0.0 outinratio 0.0221 

ZH126_4e_Nj_genbin1_recobin4 acc 0.1254 eff 0.0011 outinratio 0.0265 

ttH126_4e_Nj_genbin1_recobin4 acc 0.011 eff 0.0055 outinratio 0.0447 

ggH126_4e_Nj_genbin2_recobin4 acc 0.0313 eff 0.0012 outinratio 0.0 

VBFH126_4e_Nj_genbin2_recobin4 acc 0.1586 eff 0.0 outinratio 0.0 

WminusH126_4e_Nj_genbin2_recobin4 acc 0.1123 eff 0.005 outinratio 0.0156 

WplusH126_4e_Nj_genbin2_recobin4 acc 0.1015 eff 0.0012 outinratio 0.0221 

ZH126_4e_Nj_genbin2_recobin4 acc 0.1167 eff 0.0026 outinratio 0.0265 

ttH126_4e_Nj_genbin2_recobin4 acc 0.0464 eff 0.0337 outinratio 0.0447 

ggH126_4e_Nj_genbin3_recobin4 acc 0.008 eff 0.0287 outinratio 0.0 

VBFH126_4e_Nj_genbin3_recobin4 acc 0.0212 eff 0.0138 outinratio 0.0 

WminusH126_4e_Nj_genbin3_recobin4 acc 0.0341 eff 0.032 outinratio 0.0156 

WplusH126_4e_Nj_genbin3_recobin4 acc 0.0352 eff 0.0327 outinratio 0.0221 

ZH126_4e_Nj_genbin3_recobin4 acc 0.0414 eff 0.0506 outinratio 0.0265 

ttH126_4e_Nj_genbin3_recobin4 acc 0.0898 eff 0.0842 outinratio 0.0447 

ggH126_4e_Nj_genbin4_recobin4 acc 0.0027 eff 0.259 outinratio 0.0 

VBFH126_4e_Nj_genbin4_recobin4 acc 0.0061 eff -1.0 outinratio 0.0 

WminusH126_4e_Nj_genbin4_recobin4 acc 0.0177 eff 0.249 outinratio 0.0156 

WplusH126_4e_Nj_genbin4_recobin4 acc 0.0152 eff 0.2459 outinratio 0.0221 

ZH126_4e_Nj_genbin4_recobin4 acc 0.0219 eff 0.2244 outinratio 0.0265 

ttH126_4e_Nj_genbin4_recobin4 acc 0.322 eff 0.2805 outinratio 0.0447 

ggH126_4mu_Nj_genbin0_recobin0 acc 0.3148 eff 0.6098 outinratio 0.0057 

VBFH126_4mu_Nj_genbin0_recobin0 acc 0.08 eff 0.4522 outinratio 0.0 

WminusH126_4mu_Nj_genbin0_recobin0 acc 0.1074 eff 0.4806 outinratio 0.0188 

WplusH126_4mu_Nj_genbin0_recobin0 acc 0.0949 eff 0.4762 outinratio 0.0198 

ZH126_4mu_Nj_genbin0_recobin0 acc 0.0859 eff 0.5401 outinratio 0.0733 

ttH126_4mu_Nj_genbin0_recobin0 acc 0.0016 eff 0.1651 outinratio 0.434 

ggH126_4mu_Nj_genbin1_recobin0 acc 0.1157 eff 0.0935 outinratio 0.0057 

VBFH126_4mu_Nj_genbin1_recobin0 acc 0.2369 eff 0.0494 outinratio 0.0 

WminusH126_4mu_Nj_genbin1_recobin0 acc 0.1462 eff 0.0404 outinratio 0.0188 

WplusH126_4mu_Nj_genbin1_recobin0 acc 0.1255 eff 0.0483 outinratio 0.0198 

ZH126_4mu_Nj_genbin1_recobin0 acc 0.1323 eff 0.0603 outinratio 0.0733 

ttH126_4mu_Nj_genbin1_recobin0 acc 0.0143 eff 0.0 outinratio 0.434 

ggH126_4mu_Nj_genbin2_recobin0 acc 0.0358 eff 0.0111 outinratio 0.0057 

VBFH126_4mu_Nj_genbin2_recobin0 acc 0.1702 eff 0.0 outinratio 0.0 

WminusH126_4mu_Nj_genbin2_recobin0 acc 0.1255 eff 0.0053 outinratio 0.0188 

WplusH126_4mu_Nj_genbin2_recobin0 acc 0.1108 eff 0.0081 outinratio 0.0198 

ZH126_4mu_Nj_genbin2_recobin0 acc 0.1301 eff 0.0078 outinratio 0.0733 

ttH126_4mu_Nj_genbin2_recobin0 acc 0.0546 eff 0.0035 outinratio 0.434 

ggH126_4mu_Nj_genbin3_recobin0 acc 0.0094 eff 0.0 outinratio 0.0057 

VBFH126_4mu_Nj_genbin3_recobin0 acc 0.0277 eff 0.0 outinratio 0.0 

WminusH126_4mu_Nj_genbin3_recobin0 acc 0.0405 eff 0.0023 outinratio 0.0188 

WplusH126_4mu_Nj_genbin3_recobin0 acc 0.038 eff 0.0011 outinratio 0.0198 

ZH126_4mu_Nj_genbin3_recobin0 acc 0.0452 eff 0.0 outinratio 0.0733 

ttH126_4mu_Nj_genbin3_recobin0 acc 0.111 eff 0.0 outinratio 0.434 

ggH126_4mu_Nj_genbin4_recobin0 acc 0.0028 eff 0.0 outinratio 0.0057 

VBFH126_4mu_Nj_genbin4_recobin0 acc 0.003 eff -1.0 outinratio 0.0 

WminusH126_4mu_Nj_genbin4_recobin0 acc 0.0197 eff 0.0 outinratio 0.0188 

WplusH126_4mu_Nj_genbin4_recobin0 acc 0.0182 eff 0.0 outinratio 0.0198 

ZH126_4mu_Nj_genbin4_recobin0 acc 0.0205 eff 0.0 outinratio 0.0733 

ttH126_4mu_Nj_genbin4_recobin0 acc 0.3435 eff 0.0 outinratio 0.434 

ggH126_4mu_Nj_genbin0_recobin1 acc 0.3148 eff 0.0713 outinratio 0.0069 

VBFH126_4mu_Nj_genbin0_recobin1 acc 0.08 eff 0.2142 outinratio 0.0067 

WminusH126_4mu_Nj_genbin0_recobin1 acc 0.1074 eff 0.1616 outinratio 0.0076 

WplusH126_4mu_Nj_genbin0_recobin1 acc 0.0949 eff 0.1482 outinratio 0.0115 

ZH126_4mu_Nj_genbin0_recobin1 acc 0.0859 eff 0.0914 outinratio 0.0543 

ttH126_4mu_Nj_genbin0_recobin1 acc 0.0016 eff 0.0269 outinratio 0.0002 

ggH126_4mu_Nj_genbin1_recobin1 acc 0.1157 eff 0.5132 outinratio 0.0069 

VBFH126_4mu_Nj_genbin1_recobin1 acc 0.2369 eff 0.5242 outinratio 0.0067 

WminusH126_4mu_Nj_genbin1_recobin1 acc 0.1462 eff 0.4558 outinratio 0.0076 

WplusH126_4mu_Nj_genbin1_recobin1 acc 0.1255 eff 0.4557 outinratio 0.0115 

ZH126_4mu_Nj_genbin1_recobin1 acc 0.1323 eff 0.4653 outinratio 0.0543 

ttH126_4mu_Nj_genbin1_recobin1 acc 0.0143 eff 0.2006 outinratio 0.0002 

ggH126_4mu_Nj_genbin2_recobin1 acc 0.0358 eff 0.1199 outinratio 0.0069 

VBFH126_4mu_Nj_genbin2_recobin1 acc 0.1702 eff 0.1362 outinratio 0.0067 

WminusH126_4mu_Nj_genbin2_recobin1 acc 0.1255 eff 0.1178 outinratio 0.0076 

WplusH126_4mu_Nj_genbin2_recobin1 acc 0.1108 eff 0.0963 outinratio 0.0115 

ZH126_4mu_Nj_genbin2_recobin1 acc 0.1301 eff 0.1268 outinratio 0.0543 

ttH126_4mu_Nj_genbin2_recobin1 acc 0.0546 eff 0.0324 outinratio 0.0002 

ggH126_4mu_Nj_genbin3_recobin1 acc 0.0094 eff 0.0295 outinratio 0.0069 

VBFH126_4mu_Nj_genbin3_recobin1 acc 0.0277 eff 0.0521 outinratio 0.0067 

WminusH126_4mu_Nj_genbin3_recobin1 acc 0.0405 eff 0.0143 outinratio 0.0076 

WplusH126_4mu_Nj_genbin3_recobin1 acc 0.038 eff 0.0188 outinratio 0.0115 

ZH126_4mu_Nj_genbin3_recobin1 acc 0.0452 eff 0.0289 outinratio 0.0543 

ttH126_4mu_Nj_genbin3_recobin1 acc 0.111 eff 0.0118 outinratio 0.0002 

ggH126_4mu_Nj_genbin4_recobin1 acc 0.0028 eff 0.0071 outinratio 0.0069 

VBFH126_4mu_Nj_genbin4_recobin1 acc 0.003 eff -1.0 outinratio 0.0067 

WminusH126_4mu_Nj_genbin4_recobin1 acc 0.0197 eff 0.0 outinratio 0.0076 

WplusH126_4mu_Nj_genbin4_recobin1 acc 0.0182 eff 0.0 outinratio 0.0115 

ZH126_4mu_Nj_genbin4_recobin1 acc 0.0205 eff 0.0026 outinratio 0.0543 

ttH126_4mu_Nj_genbin4_recobin1 acc 0.3435 eff 0.0019 outinratio 0.0002 

ggH126_4mu_Nj_genbin0_recobin2 acc 0.3148 eff 0.0047 outinratio 0.0032 

VBFH126_4mu_Nj_genbin0_recobin2 acc 0.08 eff 0.0118 outinratio 0.0073 

WminusH126_4mu_Nj_genbin0_recobin2 acc 0.1074 eff 0.0093 outinratio 0.0073 

WplusH126_4mu_Nj_genbin0_recobin2 acc 0.0949 eff 0.0164 outinratio 0.012 

ZH126_4mu_Nj_genbin0_recobin2 acc 0.0859 eff 0.0082 outinratio 0.0373 

ttH126_4mu_Nj_genbin0_recobin2 acc 0.0016 eff 0.0 outinratio 0.0936 

ggH126_4mu_Nj_genbin1_recobin2 acc 0.1157 eff 0.0734 outinratio 0.0032 

VBFH126_4mu_Nj_genbin1_recobin2 acc 0.2369 eff 0.1104 outinratio 0.0073 

WminusH126_4mu_Nj_genbin1_recobin2 acc 0.1462 eff 0.1285 outinratio 0.0073 

WplusH126_4mu_Nj_genbin1_recobin2 acc 0.1255 eff 0.114 outinratio 0.012 

ZH126_4mu_Nj_genbin1_recobin2 acc 0.1323 eff 0.1008 outinratio 0.0373 

ttH126_4mu_Nj_genbin1_recobin2 acc 0.0143 eff 0.1974 outinratio 0.0936 

ggH126_4mu_Nj_genbin2_recobin2 acc 0.0358 eff 0.4727 outinratio 0.0032 

VBFH126_4mu_Nj_genbin2_recobin2 acc 0.1702 eff 0.5392 outinratio 0.0073 

WminusH126_4mu_Nj_genbin2_recobin2 acc 0.1255 eff 0.4606 outinratio 0.0073 

WplusH126_4mu_Nj_genbin2_recobin2 acc 0.1108 eff 0.4588 outinratio 0.012 

ZH126_4mu_Nj_genbin2_recobin2 acc 0.1301 eff 0.4584 outinratio 0.0373 

ttH126_4mu_Nj_genbin2_recobin2 acc 0.0546 eff 0.1624 outinratio 0.0936 

ggH126_4mu_Nj_genbin3_recobin2 acc 0.0094 eff 0.1635 outinratio 0.0032 

VBFH126_4mu_Nj_genbin3_recobin2 acc 0.0277 eff 0.0974 outinratio 0.0073 

WminusH126_4mu_Nj_genbin3_recobin2 acc 0.0405 eff 0.1451 outinratio 0.0073 

WplusH126_4mu_Nj_genbin3_recobin2 acc 0.038 eff 0.1189 outinratio 0.012 

ZH126_4mu_Nj_genbin3_recobin2 acc 0.0452 eff 0.1883 outinratio 0.0373 

ttH126_4mu_Nj_genbin3_recobin2 acc 0.111 eff 0.0896 outinratio 0.0936 

ggH126_4mu_Nj_genbin4_recobin2 acc 0.0028 eff 0.0201 outinratio 0.0032 

VBFH126_4mu_Nj_genbin4_recobin2 acc 0.003 eff -1.0 outinratio 0.0073 

WminusH126_4mu_Nj_genbin4_recobin2 acc 0.0197 eff 0.0234 outinratio 0.0073 

WplusH126_4mu_Nj_genbin4_recobin2 acc 0.0182 eff 0.0144 outinratio 0.012 

ZH126_4mu_Nj_genbin4_recobin2 acc 0.0205 eff 0.0324 outinratio 0.0373 

ttH126_4mu_Nj_genbin4_recobin2 acc 0.3435 eff 0.0076 outinratio 0.0936 

ggH126_4mu_Nj_genbin0_recobin3 acc 0.3148 eff 0.0004 outinratio 0.0 

VBFH126_4mu_Nj_genbin0_recobin3 acc 0.08 eff 0.0 outinratio 0.0342 

WminusH126_4mu_Nj_genbin0_recobin3 acc 0.1074 eff 0.0007 outinratio 0.0162 

WplusH126_4mu_Nj_genbin0_recobin3 acc 0.0949 eff 0.0021 outinratio 0.0113 

ZH126_4mu_Nj_genbin0_recobin3 acc 0.0859 eff 0.0012 outinratio 0.0317 

ttH126_4mu_Nj_genbin0_recobin3 acc 0.0016 eff 0.1542 outinratio 0.0701 

ggH126_4mu_Nj_genbin1_recobin3 acc 0.1157 eff 0.0062 outinratio 0.0 

VBFH126_4mu_Nj_genbin1_recobin3 acc 0.2369 eff 0.0094 outinratio 0.0342 

WminusH126_4mu_Nj_genbin1_recobin3 acc 0.1462 eff 0.0174 outinratio 0.0162 

WplusH126_4mu_Nj_genbin1_recobin3 acc 0.1255 eff 0.0125 outinratio 0.0113 

ZH126_4mu_Nj_genbin1_recobin3 acc 0.1323 eff 0.0094 outinratio 0.0317 

ttH126_4mu_Nj_genbin1_recobin3 acc 0.0143 eff 0.1059 outinratio 0.0701 

ggH126_4mu_Nj_genbin2_recobin3 acc 0.0358 eff 0.0599 outinratio 0.0 

VBFH126_4mu_Nj_genbin2_recobin3 acc 0.1702 eff 0.0602 outinratio 0.0342 

WminusH126_4mu_Nj_genbin2_recobin3 acc 0.1255 eff 0.0723 outinratio 0.0162 

WplusH126_4mu_Nj_genbin2_recobin3 acc 0.1108 eff 0.0742 outinratio 0.0113 

ZH126_4mu_Nj_genbin2_recobin3 acc 0.1301 eff 0.0672 outinratio 0.0317 

ttH126_4mu_Nj_genbin2_recobin3 acc 0.0546 eff 0.1573 outinratio 0.0701 

ggH126_4mu_Nj_genbin3_recobin3 acc 0.0094 eff 0.4509 outinratio 0.0 

VBFH126_4mu_Nj_genbin3_recobin3 acc 0.0277 eff 0.6707 outinratio 0.0342 

WminusH126_4mu_Nj_genbin3_recobin3 acc 0.0405 eff 0.379 outinratio 0.0162 

WplusH126_4mu_Nj_genbin3_recobin3 acc 0.038 eff 0.4189 outinratio 0.0113 

ZH126_4mu_Nj_genbin3_recobin3 acc 0.0452 eff 0.3883 outinratio 0.0317 

ttH126_4mu_Nj_genbin3_recobin3 acc 0.111 eff 0.224 outinratio 0.0701 

ggH126_4mu_Nj_genbin4_recobin3 acc 0.0028 eff 0.1678 outinratio 0.0 

VBFH126_4mu_Nj_genbin4_recobin3 acc 0.003 eff -1.0 outinratio 0.0342 

WminusH126_4mu_Nj_genbin4_recobin3 acc 0.0197 eff 0.1497 outinratio 0.0162 

WplusH126_4mu_Nj_genbin4_recobin3 acc 0.0182 eff 0.1183 outinratio 0.0113 

ZH126_4mu_Nj_genbin4_recobin3 acc 0.0205 eff 0.1429 outinratio 0.0317 

ttH126_4mu_Nj_genbin4_recobin3 acc 0.3435 eff 0.0596 outinratio 0.0701 

ggH126_4mu_Nj_genbin0_recobin4 acc 0.3148 eff 0.0002 outinratio 0.0229 

VBFH126_4mu_Nj_genbin0_recobin4 acc 0.08 eff 0.0 outinratio 0.0 

WminusH126_4mu_Nj_genbin0_recobin4 acc 0.1074 eff 0.0 outinratio 0.0 

WplusH126_4mu_Nj_genbin0_recobin4 acc 0.0949 eff 0.0 outinratio 0.0 

ZH126_4mu_Nj_genbin0_recobin4 acc 0.0859 eff 0.0 outinratio 0.0282 

ttH126_4mu_Nj_genbin0_recobin4 acc 0.0016 eff 0.0 outinratio 0.0245 

ggH126_4mu_Nj_genbin1_recobin4 acc 0.1157 eff 0.0007 outinratio 0.0229 

VBFH126_4mu_Nj_genbin1_recobin4 acc 0.2369 eff 0.0 outinratio 0.0 

WminusH126_4mu_Nj_genbin1_recobin4 acc 0.1462 eff 0.0007 outinratio 0.0 

WplusH126_4mu_Nj_genbin1_recobin4 acc 0.1255 eff 0.0013 outinratio 0.0 

ZH126_4mu_Nj_genbin1_recobin4 acc 0.1323 eff 0.0004 outinratio 0.0282 

ttH126_4mu_Nj_genbin1_recobin4 acc 0.0143 eff 0.0158 outinratio 0.0245 

ggH126_4mu_Nj_genbin2_recobin4 acc 0.0358 eff 0.0079 outinratio 0.0229 

VBFH126_4mu_Nj_genbin2_recobin4 acc 0.1702 eff 0.0013 outinratio 0.0 

WminusH126_4mu_Nj_genbin2_recobin4 acc 0.1255 eff 0.0088 outinratio 0.0 

WplusH126_4mu_Nj_genbin2_recobin4 acc 0.1108 eff 0.0057 outinratio 0.0 

ZH126_4mu_Nj_genbin2_recobin4 acc 0.1301 eff 0.0067 outinratio 0.0282 

ttH126_4mu_Nj_genbin2_recobin4 acc 0.0546 eff 0.0282 outinratio 0.0245 

ggH126_4mu_Nj_genbin3_recobin4 acc 0.0094 eff 0.0609 outinratio 0.0229 

VBFH126_4mu_Nj_genbin3_recobin4 acc 0.0277 eff 0.0258 outinratio 0.0 

WminusH126_4mu_Nj_genbin3_recobin4 acc 0.0405 eff 0.0729 outinratio 0.0 

WplusH126_4mu_Nj_genbin3_recobin4 acc 0.038 eff 0.0695 outinratio 0.0 

ZH126_4mu_Nj_genbin3_recobin4 acc 0.0452 eff 0.0557 outinratio 0.0282 

ttH126_4mu_Nj_genbin3_recobin4 acc 0.111 eff 0.1616 outinratio 0.0245 

ggH126_4mu_Nj_genbin4_recobin4 acc 0.0028 eff 0.4585 outinratio 0.0229 

VBFH126_4mu_Nj_genbin4_recobin4 acc 0.003 eff -1.0 outinratio 0.0 

WminusH126_4mu_Nj_genbin4_recobin4 acc 0.0197 eff 0.4528 outinratio 0.0 

WplusH126_4mu_Nj_genbin4_recobin4 acc 0.0182 eff 0.4924 outinratio 0.0 

ZH126_4mu_Nj_genbin4_recobin4 acc 0.0205 eff 0.4412 outinratio 0.0282 

ttH126_4mu_Nj_genbin4_recobin4 acc 0.3435 eff 0.4304 outinratio 0.0245 

ggH126_2e2mu_Nj_genbin0_recobin0 acc 0.2875 eff 0.4221 outinratio 0.0081 

VBFH126_2e2mu_Nj_genbin0_recobin0 acc 0.0671 eff 0.3335 outinratio 0.0 

WminusH126_2e2mu_Nj_genbin0_recobin0 acc 0.0951 eff 0.3227 outinratio 0.0404 

WplusH126_2e2mu_Nj_genbin0_recobin0 acc 0.0865 eff 0.3274 outinratio 0.0337 

ZH126_2e2mu_Nj_genbin0_recobin0 acc 0.0794 eff 0.393 outinratio 0.0828 

ttH126_2e2mu_Nj_genbin0_recobin0 acc 0.001 eff 0.1099 outinratio 0.0 

ggH126_2e2mu_Nj_genbin1_recobin0 acc 0.1088 eff 0.06 outinratio 0.0081 

VBFH126_2e2mu_Nj_genbin1_recobin0 acc 0.2051 eff 0.0528 outinratio 0.0 

WminusH126_2e2mu_Nj_genbin1_recobin0 acc 0.133 eff 0.034 outinratio 0.0404 

WplusH126_2e2mu_Nj_genbin1_recobin0 acc 0.1161 eff 0.0311 outinratio 0.0337 

ZH126_2e2mu_Nj_genbin1_recobin0 acc 0.1239 eff 0.0388 outinratio 0.0828 

ttH126_2e2mu_Nj_genbin1_recobin0 acc 0.013 eff 0.0166 outinratio 0.0 

ggH126_2e2mu_Nj_genbin2_recobin0 acc 0.0326 eff 0.0074 outinratio 0.0081 

VBFH126_2e2mu_Nj_genbin2_recobin0 acc 0.1664 eff 0.0066 outinratio 0.0 

WminusH126_2e2mu_Nj_genbin2_recobin0 acc 0.1143 eff 0.0055 outinratio 0.0404 

WplusH126_2e2mu_Nj_genbin2_recobin0 acc 0.1011 eff 0.0049 outinratio 0.0337 

ZH126_2e2mu_Nj_genbin2_recobin0 acc 0.1207 eff 0.0082 outinratio 0.0828 

ttH126_2e2mu_Nj_genbin2_recobin0 acc 0.0493 eff 0.001 outinratio 0.0 

ggH126_2e2mu_Nj_genbin3_recobin0 acc 0.0084 eff 0.0 outinratio 0.0081 

VBFH126_2e2mu_Nj_genbin3_recobin0 acc 0.025 eff 0.0 outinratio 0.0 

WminusH126_2e2mu_Nj_genbin3_recobin0 acc 0.0404 eff 0.0011 outinratio 0.0404 

WplusH126_2e2mu_Nj_genbin3_recobin0 acc 0.0374 eff 0.0007 outinratio 0.0337 

ZH126_2e2mu_Nj_genbin3_recobin0 acc 0.0418 eff 0.0025 outinratio 0.0828 

ttH126_2e2mu_Nj_genbin3_recobin0 acc 0.091 eff 0.0005 outinratio 0.0 

ggH126_2e2mu_Nj_genbin4_recobin0 acc 0.0025 eff 0.0 outinratio 0.0081 

VBFH126_2e2mu_Nj_genbin4_recobin0 acc 0.0038 eff 0.0 outinratio 0.0 

WminusH126_2e2mu_Nj_genbin4_recobin0 acc 0.0185 eff 0.0 outinratio 0.0404 

WplusH126_2e2mu_Nj_genbin4_recobin0 acc 0.0171 eff 0.0019 outinratio 0.0337 

ZH126_2e2mu_Nj_genbin4_recobin0 acc 0.0198 eff 0.0 outinratio 0.0828 

ttH126_2e2mu_Nj_genbin4_recobin0 acc 0.3225 eff 0.0 outinratio 0.0 

ggH126_2e2mu_Nj_genbin0_recobin1 acc 0.2875 eff 0.0455 outinratio 0.007 

VBFH126_2e2mu_Nj_genbin0_recobin1 acc 0.0671 eff 0.1093 outinratio 0.0011 

WminusH126_2e2mu_Nj_genbin0_recobin1 acc 0.0951 eff 0.1053 outinratio 0.0207 

WplusH126_2e2mu_Nj_genbin0_recobin1 acc 0.0865 eff 0.1007 outinratio 0.0258 

ZH126_2e2mu_Nj_genbin0_recobin1 acc 0.0794 eff 0.0664 outinratio 0.055 

ttH126_2e2mu_Nj_genbin0_recobin1 acc 0.001 eff 0.0927 outinratio 0.1537 

ggH126_2e2mu_Nj_genbin1_recobin1 acc 0.1088 eff 0.3701 outinratio 0.007 

VBFH126_2e2mu_Nj_genbin1_recobin1 acc 0.2051 eff 0.3873 outinratio 0.0011 

WminusH126_2e2mu_Nj_genbin1_recobin1 acc 0.133 eff 0.3169 outinratio 0.0207 

WplusH126_2e2mu_Nj_genbin1_recobin1 acc 0.1161 eff 0.3164 outinratio 0.0258 

ZH126_2e2mu_Nj_genbin1_recobin1 acc 0.1239 eff 0.3212 outinratio 0.055 

ttH126_2e2mu_Nj_genbin1_recobin1 acc 0.013 eff 0.1661 outinratio 0.1537 

ggH126_2e2mu_Nj_genbin2_recobin1 acc 0.0326 eff 0.1001 outinratio 0.007 

VBFH126_2e2mu_Nj_genbin2_recobin1 acc 0.1664 eff 0.0782 outinratio 0.0011 

WminusH126_2e2mu_Nj_genbin2_recobin1 acc 0.1143 eff 0.0761 outinratio 0.0207 

WplusH126_2e2mu_Nj_genbin2_recobin1 acc 0.1011 eff 0.0785 outinratio 0.0258 

ZH126_2e2mu_Nj_genbin2_recobin1 acc 0.1207 eff 0.0842 outinratio 0.055 

ttH126_2e2mu_Nj_genbin2_recobin1 acc 0.0493 eff 0.0306 outinratio 0.1537 

ggH126_2e2mu_Nj_genbin3_recobin1 acc 0.0084 eff 0.0148 outinratio 0.007 

VBFH126_2e2mu_Nj_genbin3_recobin1 acc 0.025 eff 0.0133 outinratio 0.0011 

WminusH126_2e2mu_Nj_genbin3_recobin1 acc 0.0404 eff 0.0101 outinratio 0.0207 

WplusH126_2e2mu_Nj_genbin3_recobin1 acc 0.0374 eff 0.011 outinratio 0.0258 

ZH126_2e2mu_Nj_genbin3_recobin1 acc 0.0418 eff 0.018 outinratio 0.055 

ttH126_2e2mu_Nj_genbin3_recobin1 acc 0.091 eff 0.0024 outinratio 0.1537 

ggH126_2e2mu_Nj_genbin4_recobin1 acc 0.0025 eff 0.0 outinratio 0.007 

VBFH126_2e2mu_Nj_genbin4_recobin1 acc 0.0038 eff 0.0 outinratio 0.0011 

WminusH126_2e2mu_Nj_genbin4_recobin1 acc 0.0185 eff 0.0051 outinratio 0.0207 

WplusH126_2e2mu_Nj_genbin4_recobin1 acc 0.0171 eff 0.0019 outinratio 0.0258 

ZH126_2e2mu_Nj_genbin4_recobin1 acc 0.0198 eff 0.0 outinratio 0.055 

ttH126_2e2mu_Nj_genbin4_recobin1 acc 0.3225 eff 0.0015 outinratio 0.1537 

ggH126_2e2mu_Nj_genbin0_recobin2 acc 0.2875 eff 0.0037 outinratio 0.0067 

VBFH126_2e2mu_Nj_genbin0_recobin2 acc 0.0671 eff 0.021 outinratio 0.0026 

WminusH126_2e2mu_Nj_genbin0_recobin2 acc 0.0951 eff 0.0125 outinratio 0.0165 

WplusH126_2e2mu_Nj_genbin0_recobin2 acc 0.0865 eff 0.0127 outinratio 0.0099 

ZH126_2e2mu_Nj_genbin0_recobin2 acc 0.0794 eff 0.0138 outinratio 0.0287 

ttH126_2e2mu_Nj_genbin0_recobin2 acc 0.001 eff 0.0 outinratio 0.1039 

ggH126_2e2mu_Nj_genbin1_recobin2 acc 0.1088 eff 0.0522 outinratio 0.0067 

VBFH126_2e2mu_Nj_genbin1_recobin2 acc 0.2051 eff 0.0803 outinratio 0.0026 

WminusH126_2e2mu_Nj_genbin1_recobin2 acc 0.133 eff 0.0891 outinratio 0.0165 

WplusH126_2e2mu_Nj_genbin1_recobin2 acc 0.1161 eff 0.082 outinratio 0.0099 

ZH126_2e2mu_Nj_genbin1_recobin2 acc 0.1239 eff 0.0759 outinratio 0.0287 

ttH126_2e2mu_Nj_genbin1_recobin2 acc 0.013 eff 0.1244 outinratio 0.1039 

ggH126_2e2mu_Nj_genbin2_recobin2 acc 0.0326 eff 0.3477 outinratio 0.0067 

VBFH126_2e2mu_Nj_genbin2_recobin2 acc 0.1664 eff 0.4001 outinratio 0.0026 

WminusH126_2e2mu_Nj_genbin2_recobin2 acc 0.1143 eff 0.3435 outinratio 0.0165 

WplusH126_2e2mu_Nj_genbin2_recobin2 acc 0.1011 eff 0.3317 outinratio 0.0099 

ZH126_2e2mu_Nj_genbin2_recobin2 acc 0.1207 eff 0.3424 outinratio 0.0287 

ttH126_2e2mu_Nj_genbin2_recobin2 acc 0.0493 eff 0.1765 outinratio 0.1039 

ggH126_2e2mu_Nj_genbin3_recobin2 acc 0.0084 eff 0.1473 outinratio 0.0067 

VBFH126_2e2mu_Nj_genbin3_recobin2 acc 0.025 eff 0.1659 outinratio 0.0026 

WminusH126_2e2mu_Nj_genbin3_recobin2 acc 0.0404 eff 0.1119 outinratio 0.0165 

WplusH126_2e2mu_Nj_genbin3_recobin2 acc 0.0374 eff 0.0969 outinratio 0.0099 

ZH126_2e2mu_Nj_genbin3_recobin2 acc 0.0418 eff 0.113 outinratio 0.0287 

ttH126_2e2mu_Nj_genbin3_recobin2 acc 0.091 eff 0.0444 outinratio 0.1039 

ggH126_2e2mu_Nj_genbin4_recobin2 acc 0.0025 eff 0.016 outinratio 0.0067 

VBFH126_2e2mu_Nj_genbin4_recobin2 acc 0.0038 eff 0.2394 outinratio 0.0026 

WminusH126_2e2mu_Nj_genbin4_recobin2 acc 0.0185 eff 0.0249 outinratio 0.0165 

WplusH126_2e2mu_Nj_genbin4_recobin2 acc 0.0171 eff 0.0168 outinratio 0.0099 

ZH126_2e2mu_Nj_genbin4_recobin2 acc 0.0198 eff 0.03 outinratio 0.0287 

ttH126_2e2mu_Nj_genbin4_recobin2 acc 0.3225 eff 0.0119 outinratio 0.1039 

ggH126_2e2mu_Nj_genbin0_recobin3 acc 0.2875 eff 0.0001 outinratio 0.0064 

VBFH126_2e2mu_Nj_genbin0_recobin3 acc 0.0671 eff 0.0 outinratio 0.0 

WminusH126_2e2mu_Nj_genbin0_recobin3 acc 0.0951 eff 0.0009 outinratio 0.0143 

WplusH126_2e2mu_Nj_genbin0_recobin3 acc 0.0865 eff 0.0009 outinratio 0.0139 

ZH126_2e2mu_Nj_genbin0_recobin3 acc 0.0794 eff 0.001 outinratio 0.0219 

ttH126_2e2mu_Nj_genbin0_recobin3 acc 0.001 eff 0.0595 outinratio 0.0749 

ggH126_2e2mu_Nj_genbin1_recobin3 acc 0.1088 eff 0.0039 outinratio 0.0064 

VBFH126_2e2mu_Nj_genbin1_recobin3 acc 0.2051 eff 0.0069 outinratio 0.0 

WminusH126_2e2mu_Nj_genbin1_recobin3 acc 0.133 eff 0.0071 outinratio 0.0143 

WplusH126_2e2mu_Nj_genbin1_recobin3 acc 0.1161 eff 0.0081 outinratio 0.0139 

ZH126_2e2mu_Nj_genbin1_recobin3 acc 0.1239 eff 0.0074 outinratio 0.0219 

ttH126_2e2mu_Nj_genbin1_recobin3 acc 0.013 eff 0.064 outinratio 0.0749 

ggH126_2e2mu_Nj_genbin2_recobin3 acc 0.0326 eff 0.0511 outinratio 0.0064 

VBFH126_2e2mu_Nj_genbin2_recobin3 acc 0.1664 eff 0.0395 outinratio 0.0 

WminusH126_2e2mu_Nj_genbin2_recobin3 acc 0.1143 eff 0.0531 outinratio 0.0143 

WplusH126_2e2mu_Nj_genbin2_recobin3 acc 0.1011 eff 0.0554 outinratio 0.0139 

ZH126_2e2mu_Nj_genbin2_recobin3 acc 0.1207 eff 0.0424 outinratio 0.0219 

ttH126_2e2mu_Nj_genbin2_recobin3 acc 0.0493 eff 0.1096 outinratio 0.0749 

ggH126_2e2mu_Nj_genbin3_recobin3 acc 0.0084 eff 0.3047 outinratio 0.0064 

VBFH126_2e2mu_Nj_genbin3_recobin3 acc 0.025 eff 0.3492 outinratio 0.0 

WminusH126_2e2mu_Nj_genbin3_recobin3 acc 0.0404 eff 0.3022 outinratio 0.0143 

WplusH126_2e2mu_Nj_genbin3_recobin3 acc 0.0374 eff 0.2927 outinratio 0.0139 

ZH126_2e2mu_Nj_genbin3_recobin3 acc 0.0418 eff 0.2627 outinratio 0.0219 

ttH126_2e2mu_Nj_genbin3_recobin3 acc 0.091 eff 0.1736 outinratio 0.0749 

ggH126_2e2mu_Nj_genbin4_recobin3 acc 0.0025 eff 0.1612 outinratio 0.0064 

VBFH126_2e2mu_Nj_genbin4_recobin3 acc 0.0038 eff 0.1135 outinratio 0.0 

WminusH126_2e2mu_Nj_genbin4_recobin3 acc 0.0185 eff 0.0753 outinratio 0.0143 

WplusH126_2e2mu_Nj_genbin4_recobin3 acc 0.0171 eff 0.0762 outinratio 0.0139 

ZH126_2e2mu_Nj_genbin4_recobin3 acc 0.0198 eff 0.0927 outinratio 0.0219 

ttH126_2e2mu_Nj_genbin4_recobin3 acc 0.3225 eff 0.0368 outinratio 0.0749 

ggH126_2e2mu_Nj_genbin0_recobin4 acc 0.2875 eff 0.0 outinratio 0.0 

VBFH126_2e2mu_Nj_genbin0_recobin4 acc 0.0671 eff 0.0 outinratio 0.0 

WminusH126_2e2mu_Nj_genbin0_recobin4 acc 0.0951 eff 0.0 outinratio 0.0119 

WplusH126_2e2mu_Nj_genbin0_recobin4 acc 0.0865 eff 0.0 outinratio 0.0144 

ZH126_2e2mu_Nj_genbin0_recobin4 acc 0.0794 eff 0.0 outinratio 0.0336 

ttH126_2e2mu_Nj_genbin0_recobin4 acc 0.001 eff 0.0 outinratio 0.0292 

ggH126_2e2mu_Nj_genbin1_recobin4 acc 0.1088 eff 0.0001 outinratio 0.0 

VBFH126_2e2mu_Nj_genbin1_recobin4 acc 0.2051 eff 0.0 outinratio 0.0 

WminusH126_2e2mu_Nj_genbin1_recobin4 acc 0.133 eff 0.0009 outinratio 0.0119 

WplusH126_2e2mu_Nj_genbin1_recobin4 acc 0.1161 eff 0.0003 outinratio 0.0144 

ZH126_2e2mu_Nj_genbin1_recobin4 acc 0.1239 eff 0.0006 outinratio 0.0336 

ttH126_2e2mu_Nj_genbin1_recobin4 acc 0.013 eff 0.0 outinratio 0.0292 

ggH126_2e2mu_Nj_genbin2_recobin4 acc 0.0326 eff 0.0037 outinratio 0.0 

VBFH126_2e2mu_Nj_genbin2_recobin4 acc 0.1664 eff 0.007 outinratio 0.0 

WminusH126_2e2mu_Nj_genbin2_recobin4 acc 0.1143 eff 0.0057 outinratio 0.0119 

WplusH126_2e2mu_Nj_genbin2_recobin4 acc 0.1011 eff 0.0036 outinratio 0.0144 

ZH126_2e2mu_Nj_genbin2_recobin4 acc 0.1207 eff 0.0052 outinratio 0.0336 

ttH126_2e2mu_Nj_genbin2_recobin4 acc 0.0493 eff 0.0257 outinratio 0.0292 

ggH126_2e2mu_Nj_genbin3_recobin4 acc 0.0084 eff 0.0563 outinratio 0.0 

VBFH126_2e2mu_Nj_genbin3_recobin4 acc 0.025 eff 0.0283 outinratio 0.0 

WminusH126_2e2mu_Nj_genbin3_recobin4 acc 0.0404 eff 0.0586 outinratio 0.0119 

WplusH126_2e2mu_Nj_genbin3_recobin4 acc 0.0374 eff 0.0587 outinratio 0.0144 

ZH126_2e2mu_Nj_genbin3_recobin4 acc 0.0418 eff 0.0607 outinratio 0.0336 

ttH126_2e2mu_Nj_genbin3_recobin4 acc 0.091 eff 0.1233 outinratio 0.0292 

ggH126_2e2mu_Nj_genbin4_recobin4 acc 0.0025 eff 0.3856 outinratio 0.0 

VBFH126_2e2mu_Nj_genbin4_recobin4 acc 0.0038 eff 0.3707 outinratio 0.0 

WminusH126_2e2mu_Nj_genbin4_recobin4 acc 0.0185 eff 0.3511 outinratio 0.0119 

WplusH126_2e2mu_Nj_genbin4_recobin4 acc 0.0171 eff 0.3502 outinratio 0.0144 

ZH126_2e2mu_Nj_genbin4_recobin4 acc 0.0198 eff 0.3757 outinratio 0.0336 

ttH126_2e2mu_Nj_genbin4_recobin4 acc 0.3225 eff 0.3497 outinratio 0.0292 

Coeff fullNNLOPS
