Welcome in RunCoefficients!
OPT SPLIT
DEBUG opt.YEAR = 2024_2
It is a single-differential measurement, binning [-100.0, 0.0, 25.0, 75.0, 10000.0]
pTHjj
Following observables extracted from dictionary: RECO =  pTHjj  GEN =  GENpTHjj
LUMI: 10.882200000000001
ttH126 0.00046886125
Processing ggH126 2024_2
Signal created
Signal failed created
Processing VBFH126 2024_2
Signal created
Signal failed created
Processing WminusH126 2024_2
Signal created
Signal failed created
Processing WplusH126 2024_2
Signal created
Signal failed created
Processing ZH126 2024_2
Signal created
Signal failed created
Processing ttH126 2024_2
Signal created
Signal failed created
2024_2 SKIMMED df CREATED
2024_2 ggH126
2024_2 VBFH126
2024_2 WminusH126
2024_2 WplusH126
2024_2 ZH126
2024_2 ttH126
Dataframes created successfully
Coeff std
ggH126_4l_pTHjj_genbin0_recobin0 acc 0.3614 eff 0.524 outinratio 0.0514 

VBFH126_4l_pTHjj_genbin0_recobin0 acc 0.2127 eff 0.4711 outinratio 0.0327 

WminusH126_4l_pTHjj_genbin0_recobin0 acc 0.2018 eff 0.4655 outinratio 0.0718 

WplusH126_4l_pTHjj_genbin0_recobin0 acc 0.1818 eff 0.4586 outinratio 0.0614 

ZH126_4l_pTHjj_genbin0_recobin0 acc 0.1777 eff 0.4708 outinratio 0.0759 

ttH126_4l_pTHjj_genbin0_recobin0 acc 0.0091 eff 0.2042 outinratio 0.1407 

ggH126_4l_pTHjj_genbin1_recobin0 acc 0.0198 eff 0.1303 outinratio 0.0514 

VBFH126_4l_pTHjj_genbin1_recobin0 acc 0.1714 eff 0.096 outinratio 0.0327 

WminusH126_4l_pTHjj_genbin1_recobin0 acc 0.0661 eff 0.0805 outinratio 0.0718 

WplusH126_4l_pTHjj_genbin1_recobin0 acc 0.0587 eff 0.0745 outinratio 0.0614 

ZH126_4l_pTHjj_genbin1_recobin0 acc 0.067 eff 0.0931 outinratio 0.0759 

ttH126_4l_pTHjj_genbin1_recobin0 acc 0.0155 eff 0.0052 outinratio 0.1407 

ggH126_4l_pTHjj_genbin2_recobin0 acc 0.0217 eff 0.0854 outinratio 0.0514 

VBFH126_4l_pTHjj_genbin2_recobin0 acc 0.0629 eff 0.065 outinratio 0.0327 

WminusH126_4l_pTHjj_genbin2_recobin0 acc 0.0665 eff 0.0483 outinratio 0.0718 

WplusH126_4l_pTHjj_genbin2_recobin0 acc 0.0581 eff 0.0338 outinratio 0.0614 

ZH126_4l_pTHjj_genbin2_recobin0 acc 0.0713 eff 0.0548 outinratio 0.0759 

ttH126_4l_pTHjj_genbin2_recobin0 acc 0.0931 eff 0.0042 outinratio 0.1407 

ggH126_4l_pTHjj_genbin3_recobin0 acc 0.0038 eff 0.0089 outinratio 0.0514 

VBFH126_4l_pTHjj_genbin3_recobin0 acc 0.0063 eff 0.0105 outinratio 0.0327 

WminusH126_4l_pTHjj_genbin3_recobin0 acc 0.0206 eff 0.028 outinratio 0.0718 

WplusH126_4l_pTHjj_genbin3_recobin0 acc 0.0197 eff 0.0243 outinratio 0.0614 

ZH126_4l_pTHjj_genbin3_recobin0 acc 0.0233 eff 0.0277 outinratio 0.0759 

ttH126_4l_pTHjj_genbin3_recobin0 acc 0.2012 eff 0.0049 outinratio 0.1407 

ggH126_4l_pTHjj_genbin0_recobin1 acc 0.3614 eff 0.0073 outinratio 0.0576 

VBFH126_4l_pTHjj_genbin0_recobin1 acc 0.2127 eff 0.042 outinratio 0.0344 

WminusH126_4l_pTHjj_genbin0_recobin1 acc 0.2018 eff 0.0247 outinratio 0.0554 

WplusH126_4l_pTHjj_genbin0_recobin1 acc 0.1818 eff 0.0273 outinratio 0.0532 

ZH126_4l_pTHjj_genbin0_recobin1 acc 0.1777 eff 0.0248 outinratio 0.0592 

ttH126_4l_pTHjj_genbin0_recobin1 acc 0.0091 eff 0.0063 outinratio 0.1335 

ggH126_4l_pTHjj_genbin1_recobin1 acc 0.0198 eff 0.2918 outinratio 0.0576 

VBFH126_4l_pTHjj_genbin1_recobin1 acc 0.1714 eff 0.3241 outinratio 0.0344 

WminusH126_4l_pTHjj_genbin1_recobin1 acc 0.0661 eff 0.3305 outinratio 0.0554 

WplusH126_4l_pTHjj_genbin1_recobin1 acc 0.0587 eff 0.3759 outinratio 0.0532 

ZH126_4l_pTHjj_genbin1_recobin1 acc 0.067 eff 0.3496 outinratio 0.0592 

ttH126_4l_pTHjj_genbin1_recobin1 acc 0.0155 eff 0.2533 outinratio 0.1335 

ggH126_4l_pTHjj_genbin2_recobin1 acc 0.0217 eff 0.0518 outinratio 0.0576 

VBFH126_4l_pTHjj_genbin2_recobin1 acc 0.0629 eff 0.0769 outinratio 0.0344 

WminusH126_4l_pTHjj_genbin2_recobin1 acc 0.0665 eff 0.0534 outinratio 0.0554 

WplusH126_4l_pTHjj_genbin2_recobin1 acc 0.0581 eff 0.0551 outinratio 0.0532 

ZH126_4l_pTHjj_genbin2_recobin1 acc 0.0713 eff 0.0562 outinratio 0.0592 

ttH126_4l_pTHjj_genbin2_recobin1 acc 0.0931 eff 0.0317 outinratio 0.1335 

ggH126_4l_pTHjj_genbin3_recobin1 acc 0.0038 eff 0.0056 outinratio 0.0576 

VBFH126_4l_pTHjj_genbin3_recobin1 acc 0.0063 eff 0.0024 outinratio 0.0344 

WminusH126_4l_pTHjj_genbin3_recobin1 acc 0.0206 eff 0.0093 outinratio 0.0554 

WplusH126_4l_pTHjj_genbin3_recobin1 acc 0.0197 eff 0.0022 outinratio 0.0532 

ZH126_4l_pTHjj_genbin3_recobin1 acc 0.0233 eff 0.0043 outinratio 0.0592 

ttH126_4l_pTHjj_genbin3_recobin1 acc 0.2012 eff 0.0053 outinratio 0.1335 

ggH126_4l_pTHjj_genbin0_recobin2 acc 0.3614 eff 0.0159 outinratio 0.0709 

VBFH126_4l_pTHjj_genbin0_recobin2 acc 0.2127 eff 0.0457 outinratio 0.0413 

WminusH126_4l_pTHjj_genbin0_recobin2 acc 0.2018 eff 0.0398 outinratio 0.0806 

WplusH126_4l_pTHjj_genbin0_recobin2 acc 0.1818 eff 0.033 outinratio 0.0646 

ZH126_4l_pTHjj_genbin0_recobin2 acc 0.1777 eff 0.0405 outinratio 0.0844 

ttH126_4l_pTHjj_genbin0_recobin2 acc 0.0091 eff 0.0841 outinratio 0.1659 

ggH126_4l_pTHjj_genbin1_recobin2 acc 0.0198 eff 0.1433 outinratio 0.0709 

VBFH126_4l_pTHjj_genbin1_recobin2 acc 0.1714 eff 0.1471 outinratio 0.0413 

WminusH126_4l_pTHjj_genbin1_recobin2 acc 0.0661 eff 0.1392 outinratio 0.0806 

WplusH126_4l_pTHjj_genbin1_recobin2 acc 0.0587 eff 0.1397 outinratio 0.0646 

ZH126_4l_pTHjj_genbin1_recobin2 acc 0.067 eff 0.1438 outinratio 0.0844 

ttH126_4l_pTHjj_genbin1_recobin2 acc 0.0155 eff 0.1953 outinratio 0.1659 

ggH126_4l_pTHjj_genbin2_recobin2 acc 0.0217 eff 0.3811 outinratio 0.0709 

VBFH126_4l_pTHjj_genbin2_recobin2 acc 0.0629 eff 0.3985 outinratio 0.0413 

WminusH126_4l_pTHjj_genbin2_recobin2 acc 0.0665 eff 0.3992 outinratio 0.0806 

WplusH126_4l_pTHjj_genbin2_recobin2 acc 0.0581 eff 0.3702 outinratio 0.0646 

ZH126_4l_pTHjj_genbin2_recobin2 acc 0.0713 eff 0.3848 outinratio 0.0844 

ttH126_4l_pTHjj_genbin2_recobin2 acc 0.0931 eff 0.3687 outinratio 0.1659 

ggH126_4l_pTHjj_genbin3_recobin2 acc 0.0038 eff 0.1011 outinratio 0.0709 

VBFH126_4l_pTHjj_genbin3_recobin2 acc 0.0063 eff 0.1359 outinratio 0.0413 

WminusH126_4l_pTHjj_genbin3_recobin2 acc 0.0206 eff 0.0735 outinratio 0.0806 

WplusH126_4l_pTHjj_genbin3_recobin2 acc 0.0197 eff 0.1018 outinratio 0.0646 

ZH126_4l_pTHjj_genbin3_recobin2 acc 0.0233 eff 0.08 outinratio 0.0844 

ttH126_4l_pTHjj_genbin3_recobin2 acc 0.2012 eff 0.0535 outinratio 0.1659 

ggH126_4l_pTHjj_genbin0_recobin3 acc 0.3614 eff 0.0022 outinratio 0.069 

VBFH126_4l_pTHjj_genbin0_recobin3 acc 0.2127 eff 0.0045 outinratio 0.0342 

WminusH126_4l_pTHjj_genbin0_recobin3 acc 0.2018 eff 0.0144 outinratio 0.1044 

WplusH126_4l_pTHjj_genbin0_recobin3 acc 0.1818 eff 0.0194 outinratio 0.1167 

ZH126_4l_pTHjj_genbin0_recobin3 acc 0.1777 eff 0.013 outinratio 0.1166 

ttH126_4l_pTHjj_genbin0_recobin3 acc 0.0091 eff 0.2267 outinratio 0.1751 

ggH126_4l_pTHjj_genbin1_recobin3 acc 0.0198 eff 0.0093 outinratio 0.069 

VBFH126_4l_pTHjj_genbin1_recobin3 acc 0.1714 eff 0.0104 outinratio 0.0342 

WminusH126_4l_pTHjj_genbin1_recobin3 acc 0.0661 eff 0.0098 outinratio 0.1044 

WplusH126_4l_pTHjj_genbin1_recobin3 acc 0.0587 eff 0.008 outinratio 0.1167 

ZH126_4l_pTHjj_genbin1_recobin3 acc 0.067 eff 0.0112 outinratio 0.1166 

ttH126_4l_pTHjj_genbin1_recobin3 acc 0.0155 eff 0.0786 outinratio 0.1751 

ggH126_4l_pTHjj_genbin2_recobin3 acc 0.0217 eff 0.0524 outinratio 0.069 

VBFH126_4l_pTHjj_genbin2_recobin3 acc 0.0629 eff 0.0512 outinratio 0.0342 

WminusH126_4l_pTHjj_genbin2_recobin3 acc 0.0665 eff 0.0581 outinratio 0.1044 

WplusH126_4l_pTHjj_genbin2_recobin3 acc 0.0581 eff 0.0721 outinratio 0.1167 

ZH126_4l_pTHjj_genbin2_recobin3 acc 0.0713 eff 0.0596 outinratio 0.1166 

ttH126_4l_pTHjj_genbin2_recobin3 acc 0.0931 eff 0.1512 outinratio 0.1751 

ggH126_4l_pTHjj_genbin3_recobin3 acc 0.0038 eff 0.4678 outinratio 0.069 

VBFH126_4l_pTHjj_genbin3_recobin3 acc 0.0063 eff 0.4326 outinratio 0.0342 

WminusH126_4l_pTHjj_genbin3_recobin3 acc 0.0206 eff 0.4397 outinratio 0.1044 

WplusH126_4l_pTHjj_genbin3_recobin3 acc 0.0197 eff 0.4846 outinratio 0.1167 

ZH126_4l_pTHjj_genbin3_recobin3 acc 0.0233 eff 0.4392 outinratio 0.1166 

ttH126_4l_pTHjj_genbin3_recobin3 acc 0.2012 eff 0.4893 outinratio 0.1751 

ggH126_4e_pTHjj_genbin0_recobin0 acc 0.3493 eff 0.313 outinratio 0.0476 

VBFH126_4e_pTHjj_genbin0_recobin0 acc 0.2062 eff 0.2931 outinratio 0.0278 

WminusH126_4e_pTHjj_genbin0_recobin0 acc 0.1976 eff 0.2778 outinratio 0.0635 

WplusH126_4e_pTHjj_genbin0_recobin0 acc 0.1673 eff 0.2554 outinratio 0.098 

ZH126_4e_pTHjj_genbin0_recobin0 acc 0.1693 eff 0.2863 outinratio 0.0677 

ttH126_4e_pTHjj_genbin0_recobin0 acc 0.009 eff 0.1706 outinratio 0.2079 

ggH126_4e_pTHjj_genbin1_recobin0 acc 0.0195 eff 0.0825 outinratio 0.0476 

VBFH126_4e_pTHjj_genbin1_recobin0 acc 0.165 eff 0.0591 outinratio 0.0278 

WminusH126_4e_pTHjj_genbin1_recobin0 acc 0.0628 eff 0.047 outinratio 0.0635 

WplusH126_4e_pTHjj_genbin1_recobin0 acc 0.0622 eff 0.0337 outinratio 0.098 

ZH126_4e_pTHjj_genbin1_recobin0 acc 0.0626 eff 0.0871 outinratio 0.0677 

ttH126_4e_pTHjj_genbin1_recobin0 acc 0.0149 eff 0.0069 outinratio 0.2079 

ggH126_4e_pTHjj_genbin2_recobin0 acc 0.0203 eff 0.0557 outinratio 0.0476 

VBFH126_4e_pTHjj_genbin2_recobin0 acc 0.0602 eff 0.0461 outinratio 0.0278 

WminusH126_4e_pTHjj_genbin2_recobin0 acc 0.0642 eff 0.0328 outinratio 0.0635 

WplusH126_4e_pTHjj_genbin2_recobin0 acc 0.0576 eff 0.0199 outinratio 0.098 

ZH126_4e_pTHjj_genbin2_recobin0 acc 0.0707 eff 0.0486 outinratio 0.0677 

ttH126_4e_pTHjj_genbin2_recobin0 acc 0.0888 eff 0.0005 outinratio 0.2079 

ggH126_4e_pTHjj_genbin3_recobin0 acc 0.0034 eff 0.0 outinratio 0.0476 

VBFH126_4e_pTHjj_genbin3_recobin0 acc 0.0061 eff 0.0097 outinratio 0.0278 

WminusH126_4e_pTHjj_genbin3_recobin0 acc 0.02 eff 0.0272 outinratio 0.0635 

WplusH126_4e_pTHjj_genbin3_recobin0 acc 0.0188 eff 0.0107 outinratio 0.098 

ZH126_4e_pTHjj_genbin3_recobin0 acc 0.02 eff 0.0132 outinratio 0.0677 

ttH126_4e_pTHjj_genbin3_recobin0 acc 0.2031 eff 0.0029 outinratio 0.2079 

ggH126_4e_pTHjj_genbin0_recobin1 acc 0.3493 eff 0.0053 outinratio 0.0539 

VBFH126_4e_pTHjj_genbin0_recobin1 acc 0.2062 eff 0.0244 outinratio 0.0275 

WminusH126_4e_pTHjj_genbin0_recobin1 acc 0.1976 eff 0.0142 outinratio 0.0607 

WplusH126_4e_pTHjj_genbin0_recobin1 acc 0.1673 eff 0.0144 outinratio 0.0378 

ZH126_4e_pTHjj_genbin0_recobin1 acc 0.1693 eff 0.015 outinratio 0.0519 

ttH126_4e_pTHjj_genbin0_recobin1 acc 0.009 eff 0.0034 outinratio 0.173 

ggH126_4e_pTHjj_genbin1_recobin1 acc 0.0195 eff 0.1758 outinratio 0.0539 

VBFH126_4e_pTHjj_genbin1_recobin1 acc 0.165 eff 0.1932 outinratio 0.0275 

WminusH126_4e_pTHjj_genbin1_recobin1 acc 0.0628 eff 0.2047 outinratio 0.0607 

WplusH126_4e_pTHjj_genbin1_recobin1 acc 0.0622 eff 0.2106 outinratio 0.0378 

ZH126_4e_pTHjj_genbin1_recobin1 acc 0.0626 eff 0.2022 outinratio 0.0519 

ttH126_4e_pTHjj_genbin1_recobin1 acc 0.0149 eff 0.1915 outinratio 0.173 

ggH126_4e_pTHjj_genbin2_recobin1 acc 0.0203 eff 0.0344 outinratio 0.0539 

VBFH126_4e_pTHjj_genbin2_recobin1 acc 0.0602 eff 0.0497 outinratio 0.0275 

WminusH126_4e_pTHjj_genbin2_recobin1 acc 0.0642 eff 0.0426 outinratio 0.0607 

WplusH126_4e_pTHjj_genbin2_recobin1 acc 0.0576 eff 0.0412 outinratio 0.0378 

ZH126_4e_pTHjj_genbin2_recobin1 acc 0.0707 eff 0.0262 outinratio 0.0519 

ttH126_4e_pTHjj_genbin2_recobin1 acc 0.0888 eff 0.02 outinratio 0.173 

ggH126_4e_pTHjj_genbin3_recobin1 acc 0.0034 eff 0.0034 outinratio 0.0539 

VBFH126_4e_pTHjj_genbin3_recobin1 acc 0.0061 eff 0.0 outinratio 0.0275 

WminusH126_4e_pTHjj_genbin3_recobin1 acc 0.02 eff 0.0028 outinratio 0.0607 

WplusH126_4e_pTHjj_genbin3_recobin1 acc 0.0188 eff 0.0 outinratio 0.0378 

ZH126_4e_pTHjj_genbin3_recobin1 acc 0.02 eff 0.0015 outinratio 0.0519 

ttH126_4e_pTHjj_genbin3_recobin1 acc 0.2031 eff 0.0058 outinratio 0.173 

ggH126_4e_pTHjj_genbin0_recobin2 acc 0.3493 eff 0.0095 outinratio 0.0533 

VBFH126_4e_pTHjj_genbin0_recobin2 acc 0.2062 eff 0.0249 outinratio 0.0486 

WminusH126_4e_pTHjj_genbin0_recobin2 acc 0.1976 eff 0.0238 outinratio 0.0902 

WplusH126_4e_pTHjj_genbin0_recobin2 acc 0.1673 eff 0.008 outinratio 0.0706 

ZH126_4e_pTHjj_genbin0_recobin2 acc 0.1693 eff 0.0202 outinratio 0.0898 

ttH126_4e_pTHjj_genbin0_recobin2 acc 0.009 eff 0.0824 outinratio 0.186 

ggH126_4e_pTHjj_genbin1_recobin2 acc 0.0195 eff 0.086 outinratio 0.0533 

VBFH126_4e_pTHjj_genbin1_recobin2 acc 0.165 eff 0.0941 outinratio 0.0486 

WminusH126_4e_pTHjj_genbin1_recobin2 acc 0.0628 eff 0.1005 outinratio 0.0902 

WplusH126_4e_pTHjj_genbin1_recobin2 acc 0.0622 eff 0.0843 outinratio 0.0706 

ZH126_4e_pTHjj_genbin1_recobin2 acc 0.0626 eff 0.0881 outinratio 0.0898 

ttH126_4e_pTHjj_genbin1_recobin2 acc 0.0149 eff 0.1136 outinratio 0.186 

ggH126_4e_pTHjj_genbin2_recobin2 acc 0.0203 eff 0.2097 outinratio 0.0533 

VBFH126_4e_pTHjj_genbin2_recobin2 acc 0.0602 eff 0.2452 outinratio 0.0486 

WminusH126_4e_pTHjj_genbin2_recobin2 acc 0.0642 eff 0.2403 outinratio 0.0902 

WplusH126_4e_pTHjj_genbin2_recobin2 acc 0.0576 eff 0.2265 outinratio 0.0706 

ZH126_4e_pTHjj_genbin2_recobin2 acc 0.0707 eff 0.2571 outinratio 0.0898 

ttH126_4e_pTHjj_genbin2_recobin2 acc 0.0888 eff 0.2113 outinratio 0.186 

ggH126_4e_pTHjj_genbin3_recobin2 acc 0.0034 eff 0.0674 outinratio 0.0533 

VBFH126_4e_pTHjj_genbin3_recobin2 acc 0.0061 eff 0.1244 outinratio 0.0486 

WminusH126_4e_pTHjj_genbin3_recobin2 acc 0.02 eff 0.0454 outinratio 0.0902 

WplusH126_4e_pTHjj_genbin3_recobin2 acc 0.0188 eff 0.1125 outinratio 0.0706 

ZH126_4e_pTHjj_genbin3_recobin2 acc 0.02 eff 0.0691 outinratio 0.0898 

ttH126_4e_pTHjj_genbin3_recobin2 acc 0.2031 eff 0.0306 outinratio 0.186 

ggH126_4e_pTHjj_genbin0_recobin3 acc 0.3493 eff 0.001 outinratio 0.0571 

VBFH126_4e_pTHjj_genbin0_recobin3 acc 0.2062 eff 0.0027 outinratio 0.0486 

WminusH126_4e_pTHjj_genbin0_recobin3 acc 0.1976 eff 0.0101 outinratio 0.1269 

WplusH126_4e_pTHjj_genbin0_recobin3 acc 0.1673 eff 0.0028 outinratio 0.1063 

ZH126_4e_pTHjj_genbin0_recobin3 acc 0.1693 eff 0.0095 outinratio 0.1427 

ttH126_4e_pTHjj_genbin0_recobin3 acc 0.009 eff 0.0963 outinratio 0.1987 

ggH126_4e_pTHjj_genbin1_recobin3 acc 0.0195 eff 0.0061 outinratio 0.0571 

VBFH126_4e_pTHjj_genbin1_recobin3 acc 0.165 eff 0.0057 outinratio 0.0486 

WminusH126_4e_pTHjj_genbin1_recobin3 acc 0.0628 eff 0.0082 outinratio 0.1269 

WplusH126_4e_pTHjj_genbin1_recobin3 acc 0.0622 eff 0.0081 outinratio 0.1063 

ZH126_4e_pTHjj_genbin1_recobin3 acc 0.0626 eff 0.0089 outinratio 0.1427 

ttH126_4e_pTHjj_genbin1_recobin3 acc 0.0149 eff 0.0429 outinratio 0.1987 

ggH126_4e_pTHjj_genbin2_recobin3 acc 0.0203 eff 0.0288 outinratio 0.0571 

VBFH126_4e_pTHjj_genbin2_recobin3 acc 0.0602 eff 0.031 outinratio 0.0486 

WminusH126_4e_pTHjj_genbin2_recobin3 acc 0.0642 eff 0.0429 outinratio 0.1269 

WplusH126_4e_pTHjj_genbin2_recobin3 acc 0.0576 eff 0.0571 outinratio 0.1063 

ZH126_4e_pTHjj_genbin2_recobin3 acc 0.0707 eff 0.0366 outinratio 0.1427 

ttH126_4e_pTHjj_genbin2_recobin3 acc 0.0888 eff 0.1078 outinratio 0.1987 

ggH126_4e_pTHjj_genbin3_recobin3 acc 0.0034 eff 0.3088 outinratio 0.0571 

VBFH126_4e_pTHjj_genbin3_recobin3 acc 0.0061 eff 0.2215 outinratio 0.0486 

WminusH126_4e_pTHjj_genbin3_recobin3 acc 0.02 eff 0.2787 outinratio 0.1269 

WplusH126_4e_pTHjj_genbin3_recobin3 acc 0.0188 eff 0.3049 outinratio 0.1063 

ZH126_4e_pTHjj_genbin3_recobin3 acc 0.02 eff 0.2163 outinratio 0.1427 

ttH126_4e_pTHjj_genbin3_recobin3 acc 0.2031 eff 0.3092 outinratio 0.1987 

ggH126_4mu_pTHjj_genbin0_recobin0 acc 0.3848 eff 0.7609 outinratio 0.0523 

VBFH126_4mu_pTHjj_genbin0_recobin0 acc 0.2283 eff 0.6817 outinratio 0.0334 

WminusH126_4mu_pTHjj_genbin0_recobin0 acc 0.2174 eff 0.6818 outinratio 0.0626 

WplusH126_4mu_pTHjj_genbin0_recobin0 acc 0.1913 eff 0.6713 outinratio 0.0436 

ZH126_4mu_pTHjj_genbin0_recobin0 acc 0.1864 eff 0.6815 outinratio 0.078 

ttH126_4mu_pTHjj_genbin0_recobin0 acc 0.0091 eff 0.2866 outinratio 0.0555 

ggH126_4mu_pTHjj_genbin1_recobin0 acc 0.0197 eff 0.1852 outinratio 0.0523 

VBFH126_4mu_pTHjj_genbin1_recobin0 acc 0.1816 eff 0.1473 outinratio 0.0334 

WminusH126_4mu_pTHjj_genbin1_recobin0 acc 0.0686 eff 0.1085 outinratio 0.0626 

WplusH126_4mu_pTHjj_genbin1_recobin0 acc 0.0654 eff 0.1475 outinratio 0.0436 

ZH126_4mu_pTHjj_genbin1_recobin0 acc 0.0702 eff 0.1228 outinratio 0.078 

ttH126_4mu_pTHjj_genbin1_recobin0 acc 0.0156 eff 0.0098 outinratio 0.0555 

ggH126_4mu_pTHjj_genbin2_recobin0 acc 0.0221 eff 0.1228 outinratio 0.0523 

VBFH126_4mu_pTHjj_genbin2_recobin0 acc 0.0665 eff 0.0896 outinratio 0.0334 

WminusH126_4mu_pTHjj_genbin2_recobin0 acc 0.0692 eff 0.0744 outinratio 0.0626 

WplusH126_4mu_pTHjj_genbin2_recobin0 acc 0.0621 eff 0.0481 outinratio 0.0436 

ZH126_4mu_pTHjj_genbin2_recobin0 acc 0.0719 eff 0.0849 outinratio 0.078 

ttH126_4mu_pTHjj_genbin2_recobin0 acc 0.105 eff 0.005 outinratio 0.0555 

ggH126_4mu_pTHjj_genbin3_recobin0 acc 0.004 eff 0.0182 outinratio 0.0523 

VBFH126_4mu_pTHjj_genbin3_recobin0 acc 0.006 eff 0.0141 outinratio 0.0334 

WminusH126_4mu_pTHjj_genbin3_recobin0 acc 0.0213 eff 0.0358 outinratio 0.0626 

WplusH126_4mu_pTHjj_genbin3_recobin0 acc 0.0209 eff 0.0381 outinratio 0.0436 

ZH126_4mu_pTHjj_genbin3_recobin0 acc 0.0262 eff 0.0381 outinratio 0.078 

ttH126_4mu_pTHjj_genbin3_recobin0 acc 0.2149 eff 0.0064 outinratio 0.0555 

ggH126_4mu_pTHjj_genbin0_recobin1 acc 0.3848 eff 0.0101 outinratio 0.0628 

VBFH126_4mu_pTHjj_genbin0_recobin1 acc 0.2283 eff 0.0616 outinratio 0.0349 

WminusH126_4mu_pTHjj_genbin0_recobin1 acc 0.2174 eff 0.0409 outinratio 0.0341 

WplusH126_4mu_pTHjj_genbin0_recobin1 acc 0.1913 eff 0.0449 outinratio 0.0464 

ZH126_4mu_pTHjj_genbin0_recobin1 acc 0.1864 eff 0.0387 outinratio 0.0609 

ttH126_4mu_pTHjj_genbin0_recobin1 acc 0.0091 eff 0.008 outinratio 0.1034 

ggH126_4mu_pTHjj_genbin1_recobin1 acc 0.0197 eff 0.4395 outinratio 0.0628 

VBFH126_4mu_pTHjj_genbin1_recobin1 acc 0.1816 eff 0.4633 outinratio 0.0349 

WminusH126_4mu_pTHjj_genbin1_recobin1 acc 0.0686 eff 0.4975 outinratio 0.0341 

WplusH126_4mu_pTHjj_genbin1_recobin1 acc 0.0654 eff 0.5365 outinratio 0.0464 

ZH126_4mu_pTHjj_genbin1_recobin1 acc 0.0702 eff 0.5267 outinratio 0.0609 

ttH126_4mu_pTHjj_genbin1_recobin1 acc 0.0156 eff 0.3981 outinratio 0.1034 

ggH126_4mu_pTHjj_genbin2_recobin1 acc 0.0221 eff 0.0753 outinratio 0.0628 

VBFH126_4mu_pTHjj_genbin2_recobin1 acc 0.0665 eff 0.1128 outinratio 0.0349 

WminusH126_4mu_pTHjj_genbin2_recobin1 acc 0.0692 eff 0.0771 outinratio 0.0341 

WplusH126_4mu_pTHjj_genbin2_recobin1 acc 0.0621 eff 0.0757 outinratio 0.0464 

ZH126_4mu_pTHjj_genbin2_recobin1 acc 0.0719 eff 0.088 outinratio 0.0609 

ttH126_4mu_pTHjj_genbin2_recobin1 acc 0.105 eff 0.0429 outinratio 0.1034 

ggH126_4mu_pTHjj_genbin3_recobin1 acc 0.004 eff 0.0081 outinratio 0.0628 

VBFH126_4mu_pTHjj_genbin3_recobin1 acc 0.006 eff 0.0 outinratio 0.0349 

WminusH126_4mu_pTHjj_genbin3_recobin1 acc 0.0213 eff 0.0138 outinratio 0.0341 

WplusH126_4mu_pTHjj_genbin3_recobin1 acc 0.0209 eff 0.0079 outinratio 0.0464 

ZH126_4mu_pTHjj_genbin3_recobin1 acc 0.0262 eff 0.0 outinratio 0.0609 

ttH126_4mu_pTHjj_genbin3_recobin1 acc 0.2149 eff 0.0068 outinratio 0.1034 

ggH126_4mu_pTHjj_genbin0_recobin2 acc 0.3848 eff 0.0223 outinratio 0.0814 

VBFH126_4mu_pTHjj_genbin0_recobin2 acc 0.2283 eff 0.0657 outinratio 0.0426 

WminusH126_4mu_pTHjj_genbin0_recobin2 acc 0.2174 eff 0.056 outinratio 0.0708 

WplusH126_4mu_pTHjj_genbin0_recobin2 acc 0.1913 eff 0.0605 outinratio 0.0454 

ZH126_4mu_pTHjj_genbin0_recobin2 acc 0.1864 eff 0.0636 outinratio 0.0828 

ttH126_4mu_pTHjj_genbin0_recobin2 acc 0.0091 eff 0.1042 outinratio 0.1376 

ggH126_4mu_pTHjj_genbin1_recobin2 acc 0.0197 eff 0.1995 outinratio 0.0814 

VBFH126_4mu_pTHjj_genbin1_recobin2 acc 0.1816 eff 0.2094 outinratio 0.0426 

WminusH126_4mu_pTHjj_genbin1_recobin2 acc 0.0686 eff 0.2082 outinratio 0.0708 

WplusH126_4mu_pTHjj_genbin1_recobin2 acc 0.0654 eff 0.163 outinratio 0.0454 

ZH126_4mu_pTHjj_genbin1_recobin2 acc 0.0702 eff 0.2142 outinratio 0.0828 

ttH126_4mu_pTHjj_genbin1_recobin2 acc 0.0156 eff 0.2897 outinratio 0.1376 

ggH126_4mu_pTHjj_genbin2_recobin2 acc 0.0221 eff 0.5649 outinratio 0.0814 

VBFH126_4mu_pTHjj_genbin2_recobin2 acc 0.0665 eff 0.5631 outinratio 0.0426 

WminusH126_4mu_pTHjj_genbin2_recobin2 acc 0.0692 eff 0.5771 outinratio 0.0708 

WplusH126_4mu_pTHjj_genbin2_recobin2 acc 0.0621 eff 0.544 outinratio 0.0454 

ZH126_4mu_pTHjj_genbin2_recobin2 acc 0.0719 eff 0.586 outinratio 0.0828 

ttH126_4mu_pTHjj_genbin2_recobin2 acc 0.105 eff 0.537 outinratio 0.1376 

ggH126_4mu_pTHjj_genbin3_recobin2 acc 0.004 eff 0.1488 outinratio 0.0814 

VBFH126_4mu_pTHjj_genbin3_recobin2 acc 0.006 eff 0.1731 outinratio 0.0426 

WminusH126_4mu_pTHjj_genbin3_recobin2 acc 0.0213 eff 0.0893 outinratio 0.0708 

WplusH126_4mu_pTHjj_genbin3_recobin2 acc 0.0209 eff 0.1251 outinratio 0.0454 

ZH126_4mu_pTHjj_genbin3_recobin2 acc 0.0262 eff 0.1153 outinratio 0.0828 

ttH126_4mu_pTHjj_genbin3_recobin2 acc 0.2149 eff 0.0834 outinratio 0.1376 

ggH126_4mu_pTHjj_genbin0_recobin3 acc 0.3848 eff 0.0039 outinratio 0.0725 

VBFH126_4mu_pTHjj_genbin0_recobin3 acc 0.2283 eff 0.0073 outinratio 0.0291 

WminusH126_4mu_pTHjj_genbin0_recobin3 acc 0.2174 eff 0.0229 outinratio 0.0819 

WplusH126_4mu_pTHjj_genbin0_recobin3 acc 0.1913 eff 0.0419 outinratio 0.0577 

ZH126_4mu_pTHjj_genbin0_recobin3 acc 0.1864 eff 0.0189 outinratio 0.1281 

ttH126_4mu_pTHjj_genbin0_recobin3 acc 0.0091 eff 0.3794 outinratio 0.1467 

ggH126_4mu_pTHjj_genbin1_recobin3 acc 0.0197 eff 0.0125 outinratio 0.0725 

VBFH126_4mu_pTHjj_genbin1_recobin3 acc 0.1816 eff 0.0152 outinratio 0.0291 

WminusH126_4mu_pTHjj_genbin1_recobin3 acc 0.0686 eff 0.0121 outinratio 0.0819 

WplusH126_4mu_pTHjj_genbin1_recobin3 acc 0.0654 eff 0.0124 outinratio 0.0577 

ZH126_4mu_pTHjj_genbin1_recobin3 acc 0.0702 eff 0.012 outinratio 0.1281 

ttH126_4mu_pTHjj_genbin1_recobin3 acc 0.0156 eff 0.0977 outinratio 0.1467 

ggH126_4mu_pTHjj_genbin2_recobin3 acc 0.0221 eff 0.0805 outinratio 0.0725 

VBFH126_4mu_pTHjj_genbin2_recobin3 acc 0.0665 eff 0.0686 outinratio 0.0291 

WminusH126_4mu_pTHjj_genbin2_recobin3 acc 0.0692 eff 0.0829 outinratio 0.0819 

WplusH126_4mu_pTHjj_genbin2_recobin3 acc 0.0621 eff 0.0753 outinratio 0.0577 

ZH126_4mu_pTHjj_genbin2_recobin3 acc 0.0719 eff 0.0771 outinratio 0.1281 

ttH126_4mu_pTHjj_genbin2_recobin3 acc 0.105 eff 0.2221 outinratio 0.1467 

ggH126_4mu_pTHjj_genbin3_recobin3 acc 0.004 eff 0.6176 outinratio 0.0725 

VBFH126_4mu_pTHjj_genbin3_recobin3 acc 0.006 eff 0.6541 outinratio 0.0291 

WminusH126_4mu_pTHjj_genbin3_recobin3 acc 0.0213 eff 0.6994 outinratio 0.0819 

WplusH126_4mu_pTHjj_genbin3_recobin3 acc 0.0209 eff 0.6721 outinratio 0.0577 

ZH126_4mu_pTHjj_genbin3_recobin3 acc 0.0262 eff 0.6193 outinratio 0.1281 

ttH126_4mu_pTHjj_genbin3_recobin3 acc 0.2149 eff 0.7076 outinratio 0.1467 

ggH126_2e2mu_pTHjj_genbin0_recobin0 acc 0.3551 eff 0.4964 outinratio 0.0519 

VBFH126_2e2mu_pTHjj_genbin0_recobin0 acc 0.2076 eff 0.4419 outinratio 0.034 

WminusH126_2e2mu_pTHjj_genbin0_recobin0 acc 0.1955 eff 0.4374 outinratio 0.0832 

WplusH126_2e2mu_pTHjj_genbin0_recobin0 acc 0.1845 eff 0.4375 outinratio 0.067 

ZH126_2e2mu_pTHjj_genbin0_recobin0 acc 0.1776 eff 0.4476 outinratio 0.0769 

ttH126_2e2mu_pTHjj_genbin0_recobin0 acc 0.0092 eff 0.1787 outinratio 0.1816 

ggH126_2e2mu_pTHjj_genbin1_recobin0 acc 0.02 eff 0.1261 outinratio 0.0519 

VBFH126_2e2mu_pTHjj_genbin1_recobin0 acc 0.1693 eff 0.0857 outinratio 0.034 

WminusH126_2e2mu_pTHjj_genbin1_recobin0 acc 0.0665 eff 0.0819 outinratio 0.0832 

WplusH126_2e2mu_pTHjj_genbin1_recobin0 acc 0.053 eff 0.0508 outinratio 0.067 

ZH126_2e2mu_pTHjj_genbin1_recobin0 acc 0.0677 eff 0.0796 outinratio 0.0769 

ttH126_2e2mu_pTHjj_genbin1_recobin0 acc 0.0157 eff 0.0018 outinratio 0.1816 

ggH126_2e2mu_pTHjj_genbin2_recobin0 acc 0.0223 eff 0.0798 outinratio 0.0519 

VBFH126_2e2mu_pTHjj_genbin2_recobin0 acc 0.0624 eff 0.0607 outinratio 0.034 

WminusH126_2e2mu_pTHjj_genbin2_recobin0 acc 0.0663 eff 0.0417 outinratio 0.0832 

WplusH126_2e2mu_pTHjj_genbin2_recobin0 acc 0.0561 eff 0.033 outinratio 0.067 

ZH126_2e2mu_pTHjj_genbin2_recobin0 acc 0.0714 eff 0.0419 outinratio 0.0769 

ttH126_2e2mu_pTHjj_genbin2_recobin0 acc 0.0891 eff 0.0057 outinratio 0.1816 

ggH126_2e2mu_pTHjj_genbin3_recobin0 acc 0.004 eff 0.0078 outinratio 0.0519 

VBFH126_2e2mu_pTHjj_genbin3_recobin0 acc 0.0066 eff 0.0092 outinratio 0.034 

WminusH126_2e2mu_pTHjj_genbin3_recobin0 acc 0.0205 eff 0.0241 outinratio 0.0832 

WplusH126_2e2mu_pTHjj_genbin3_recobin0 acc 0.0196 eff 0.0233 outinratio 0.067 

ZH126_2e2mu_pTHjj_genbin3_recobin0 acc 0.0235 eff 0.0282 outinratio 0.0769 

ttH126_2e2mu_pTHjj_genbin3_recobin0 acc 0.1928 eff 0.0051 outinratio 0.1816 

ggH126_2e2mu_pTHjj_genbin0_recobin1 acc 0.3551 eff 0.0067 outinratio 0.0543 

VBFH126_2e2mu_pTHjj_genbin0_recobin1 acc 0.2076 eff 0.04 outinratio 0.0363 

WminusH126_2e2mu_pTHjj_genbin0_recobin1 acc 0.1955 eff 0.0207 outinratio 0.0742 

WplusH126_2e2mu_pTHjj_genbin0_recobin1 acc 0.1845 eff 0.0236 outinratio 0.0658 

ZH126_2e2mu_pTHjj_genbin0_recobin1 acc 0.1776 eff 0.0221 outinratio 0.0599 

ttH126_2e2mu_pTHjj_genbin0_recobin1 acc 0.0092 eff 0.0069 outinratio 0.1441 

ggH126_2e2mu_pTHjj_genbin1_recobin1 acc 0.02 eff 0.2737 outinratio 0.0543 

VBFH126_2e2mu_pTHjj_genbin1_recobin1 acc 0.1693 eff 0.3127 outinratio 0.0363 

WminusH126_2e2mu_pTHjj_genbin1_recobin1 acc 0.0665 eff 0.3013 outinratio 0.0742 

WplusH126_2e2mu_pTHjj_genbin1_recobin1 acc 0.053 eff 0.3728 outinratio 0.0658 

ZH126_2e2mu_pTHjj_genbin1_recobin1 acc 0.0677 eff 0.3252 outinratio 0.0599 

ttH126_2e2mu_pTHjj_genbin1_recobin1 acc 0.0157 eff 0.208 outinratio 0.1441 

ggH126_2e2mu_pTHjj_genbin2_recobin1 acc 0.0223 eff 0.0476 outinratio 0.0543 

VBFH126_2e2mu_pTHjj_genbin2_recobin1 acc 0.0624 eff 0.0704 outinratio 0.0363 

WminusH126_2e2mu_pTHjj_genbin2_recobin1 acc 0.0663 eff 0.0457 outinratio 0.0742 

WplusH126_2e2mu_pTHjj_genbin2_recobin1 acc 0.0561 eff 0.0502 outinratio 0.0658 

ZH126_2e2mu_pTHjj_genbin2_recobin1 acc 0.0714 eff 0.0552 outinratio 0.0599 

ttH126_2e2mu_pTHjj_genbin2_recobin1 acc 0.0891 eff 0.031 outinratio 0.1441 

ggH126_2e2mu_pTHjj_genbin3_recobin1 acc 0.004 eff 0.0053 outinratio 0.0543 

VBFH126_2e2mu_pTHjj_genbin3_recobin1 acc 0.0066 eff 0.0049 outinratio 0.0363 

WminusH126_2e2mu_pTHjj_genbin3_recobin1 acc 0.0205 eff 0.0102 outinratio 0.0742 

WplusH126_2e2mu_pTHjj_genbin3_recobin1 acc 0.0196 eff 0.0 outinratio 0.0658 

ZH126_2e2mu_pTHjj_genbin3_recobin1 acc 0.0235 eff 0.0081 outinratio 0.0599 

ttH126_2e2mu_pTHjj_genbin3_recobin1 acc 0.1928 eff 0.0042 outinratio 0.1441 

ggH126_2e2mu_pTHjj_genbin0_recobin2 acc 0.3551 eff 0.0155 outinratio 0.0676 

VBFH126_2e2mu_pTHjj_genbin0_recobin2 acc 0.2076 eff 0.0451 outinratio 0.0376 

WminusH126_2e2mu_pTHjj_genbin0_recobin2 acc 0.1955 eff 0.0388 outinratio 0.0859 

WplusH126_2e2mu_pTHjj_genbin0_recobin2 acc 0.1845 eff 0.0296 outinratio 0.0807 

ZH126_2e2mu_pTHjj_genbin0_recobin2 acc 0.1776 eff 0.0379 outinratio 0.084 

ttH126_2e2mu_pTHjj_genbin0_recobin2 acc 0.0092 eff 0.0744 outinratio 0.1865 

ggH126_2e2mu_pTHjj_genbin1_recobin2 acc 0.02 eff 0.1434 outinratio 0.0676 

VBFH126_2e2mu_pTHjj_genbin1_recobin2 acc 0.1693 eff 0.139 outinratio 0.0376 

WminusH126_2e2mu_pTHjj_genbin1_recobin2 acc 0.0665 eff 0.1202 outinratio 0.0859 

WplusH126_2e2mu_pTHjj_genbin1_recobin2 acc 0.053 eff 0.1599 outinratio 0.0807 

ZH126_2e2mu_pTHjj_genbin1_recobin2 acc 0.0677 eff 0.1327 outinratio 0.084 

ttH126_2e2mu_pTHjj_genbin1_recobin2 acc 0.0157 eff 0.187 outinratio 0.1865 

ggH126_2e2mu_pTHjj_genbin2_recobin2 acc 0.0223 eff 0.3662 outinratio 0.0676 

VBFH126_2e2mu_pTHjj_genbin2_recobin2 acc 0.0624 eff 0.384 outinratio 0.0376 

WminusH126_2e2mu_pTHjj_genbin2_recobin2 acc 0.0663 eff 0.3817 outinratio 0.0859 

WplusH126_2e2mu_pTHjj_genbin2_recobin2 acc 0.0561 eff 0.3445 outinratio 0.0807 

ZH126_2e2mu_pTHjj_genbin2_recobin2 acc 0.0714 eff 0.3449 outinratio 0.084 

ttH126_2e2mu_pTHjj_genbin2_recobin2 acc 0.0891 eff 0.3478 outinratio 0.1865 

ggH126_2e2mu_pTHjj_genbin3_recobin2 acc 0.004 eff 0.0905 outinratio 0.0676 

VBFH126_2e2mu_pTHjj_genbin3_recobin2 acc 0.0066 eff 0.1231 outinratio 0.0376 

WminusH126_2e2mu_pTHjj_genbin3_recobin2 acc 0.0205 eff 0.0794 outinratio 0.0859 

WplusH126_2e2mu_pTHjj_genbin3_recobin2 acc 0.0196 eff 0.0821 outinratio 0.0807 

ZH126_2e2mu_pTHjj_genbin3_recobin2 acc 0.0235 eff 0.0641 outinratio 0.084 

ttH126_2e2mu_pTHjj_genbin3_recobin2 acc 0.1928 eff 0.0488 outinratio 0.1865 

ggH126_2e2mu_pTHjj_genbin0_recobin3 acc 0.3551 eff 0.0017 outinratio 0.0695 

VBFH126_2e2mu_pTHjj_genbin0_recobin3 acc 0.2076 eff 0.0038 outinratio 0.0341 

WminusH126_2e2mu_pTHjj_genbin0_recobin3 acc 0.1955 eff 0.0116 outinratio 0.1181 

WplusH126_2e2mu_pTHjj_genbin0_recobin3 acc 0.1845 eff 0.0147 outinratio 0.1753 

ZH126_2e2mu_pTHjj_genbin0_recobin3 acc 0.1776 eff 0.0115 outinratio 0.1003 

ttH126_2e2mu_pTHjj_genbin0_recobin3 acc 0.0092 eff 0.2154 outinratio 0.1924 

ggH126_2e2mu_pTHjj_genbin1_recobin3 acc 0.02 eff 0.0094 outinratio 0.0695 

VBFH126_2e2mu_pTHjj_genbin1_recobin3 acc 0.1693 eff 0.0101 outinratio 0.0341 

WminusH126_2e2mu_pTHjj_genbin1_recobin3 acc 0.0665 eff 0.0093 outinratio 0.1181 

WplusH126_2e2mu_pTHjj_genbin1_recobin3 acc 0.053 eff 0.0048 outinratio 0.1753 

ZH126_2e2mu_pTHjj_genbin1_recobin3 acc 0.0677 eff 0.0119 outinratio 0.1003 

ttH126_2e2mu_pTHjj_genbin1_recobin3 acc 0.0157 eff 0.0868 outinratio 0.1924 

ggH126_2e2mu_pTHjj_genbin2_recobin3 acc 0.0223 eff 0.0488 outinratio 0.0695 

VBFH126_2e2mu_pTHjj_genbin2_recobin3 acc 0.0624 eff 0.0518 outinratio 0.0341 

WminusH126_2e2mu_pTHjj_genbin2_recobin3 acc 0.0663 eff 0.0519 outinratio 0.1181 

WplusH126_2e2mu_pTHjj_genbin2_recobin3 acc 0.0561 eff 0.0786 outinratio 0.1753 

ZH126_2e2mu_pTHjj_genbin2_recobin3 acc 0.0714 eff 0.0625 outinratio 0.1003 

ttH126_2e2mu_pTHjj_genbin2_recobin3 acc 0.0891 eff 0.1299 outinratio 0.1924 

ggH126_2e2mu_pTHjj_genbin3_recobin3 acc 0.004 eff 0.4591 outinratio 0.0695 

VBFH126_2e2mu_pTHjj_genbin3_recobin3 acc 0.0066 eff 0.4291 outinratio 0.0341 

WminusH126_2e2mu_pTHjj_genbin3_recobin3 acc 0.0205 eff 0.378 outinratio 0.1181 

WplusH126_2e2mu_pTHjj_genbin3_recobin3 acc 0.0196 eff 0.4682 outinratio 0.1753 

ZH126_2e2mu_pTHjj_genbin3_recobin3 acc 0.0235 eff 0.4346 outinratio 0.1003 

ttH126_2e2mu_pTHjj_genbin3_recobin3 acc 0.1928 eff 0.4623 outinratio 0.1924 

Coeff fullNNLOPS
