Welcome in RunCoefficients!
OPT SPLIT
DEBUG opt.YEAR = 2022_4
It is a single-differential measurement, binning [105.0, 160.0]
ZZMass
Following observables extracted from dictionary: RECO =  ZZMass  GEN =  GENmass4l
LUMI: 1.9951
ttH126 0.00016778591
Processing ggH126 2022_4
Signal created
Signal failed created
Processing VBFH126 2022_4
Signal created
Signal failed created
Processing WminusH126 2022_4
Signal created
Signal failed created
Processing WplusH126 2022_4
Signal created
Signal failed created
Processing ZH126 2022_4
Signal created
Signal failed created
Processing ttH126 2022_4
Signal created
Signal failed created
2022_4 SKIMMED df CREATED
2022_4 ggH126
2022_4 VBFH126
2022_4 WminusH126
2022_4 WplusH126
2022_4 ZH126
2022_4 ttH126
Dataframes created successfully
Coeff std
ggH126_4l_mass4l_genbin0_recobin0 acc 0.4448 eff 0.4902 outinratio 0.0081 

VBFH126_4l_mass4l_genbin0_recobin0 acc 0.4863 eff 0.5173 outinratio 0.0093 

WminusH126_4l_mass4l_genbin0_recobin0 acc 0.4088 eff 0.4662 outinratio 0.0177 

WplusH126_4l_mass4l_genbin0_recobin0 acc 0.3746 eff 0.4615 outinratio 0.0179 

ZH126_4l_mass4l_genbin0_recobin0 acc 0.3878 eff 0.4677 outinratio 0.0521 

ttH126_4l_mass4l_genbin0_recobin0 acc 0.4853 eff 0.3769 outinratio 0.0449 

ggH126_4e_mass4l_genbin0_recobin0 acc 0.427 eff 0.3781 outinratio 0.0127 

VBFH126_4e_mass4l_genbin0_recobin0 acc 0.4649 eff 0.4046 outinratio 0.0107 

WminusH126_4e_mass4l_genbin0_recobin0 acc 0.395 eff 0.3655 outinratio 0.0253 

WplusH126_4e_mass4l_genbin0_recobin0 acc 0.3532 eff 0.3805 outinratio 0.0312 

ZH126_4e_mass4l_genbin0_recobin0 acc 0.367 eff 0.3686 outinratio 0.064 

ttH126_4e_mass4l_genbin0_recobin0 acc 0.477 eff 0.298 outinratio 0.0601 

ggH126_4mu_mass4l_genbin0_recobin0 acc 0.4777 eff 0.6057 outinratio 0.0055 

VBFH126_4mu_mass4l_genbin0_recobin0 acc 0.5157 eff 0.6178 outinratio 0.0061 

WminusH126_4mu_mass4l_genbin0_recobin0 acc 0.4386 eff 0.5549 outinratio 0.0128 

WplusH126_4mu_mass4l_genbin0_recobin0 acc 0.3965 eff 0.545 outinratio 0.0119 

ZH126_4mu_mass4l_genbin0_recobin0 acc 0.4136 eff 0.5625 outinratio 0.0466 

ttH126_4mu_mass4l_genbin0_recobin0 acc 0.5111 eff 0.4197 outinratio 0.0337 

ggH126_2e2mu_mass4l_genbin0_recobin0 acc 0.4366 eff 0.481 outinratio 0.008 

VBFH126_2e2mu_mass4l_genbin0_recobin0 acc 0.4818 eff 0.5176 outinratio 0.011 

WminusH126_2e2mu_mass4l_genbin0_recobin0 acc 0.4001 eff 0.4671 outinratio 0.0179 

WplusH126_2e2mu_mass4l_genbin0_recobin0 acc 0.3742 eff 0.4548 outinratio 0.0164 

ZH126_2e2mu_mass4l_genbin0_recobin0 acc 0.3853 eff 0.4645 outinratio 0.051 

ttH126_2e2mu_mass4l_genbin0_recobin0 acc 0.4766 eff 0.3956 outinratio 0.0453 

Coeff fullNNLOPS
