Welcome in RunCoefficients!
OPT SPLIT
DEBUG opt.YEAR = 2024_6
It is a single-differential measurement, binning [-100.0, 0.0, 92.0, 224.0, 10000.0]
mjj
Following observables extracted from dictionary: RECO =  mjj  GEN =  GENmjj
LUMI: 10.882200000000001
ttH126 0.00046886125
Processing ggH126 2024_6
Signal created
Signal failed created
Processing VBFH126 2024_6
Signal created
Signal failed created
Processing WminusH126 2024_6
Signal created
Signal failed created
Processing WplusH126 2024_6
Signal created
Signal failed created
Processing ZH126 2024_6
Signal created
Signal failed created
Processing ttH126 2024_6
Signal created
Signal failed created
2024_6 SKIMMED df CREATED
2024_6 ggH126
2024_6 VBFH126
2024_6 WminusH126
2024_6 WplusH126
2024_6 ZH126
2024_6 ttH126
Dataframes created successfully
Coeff std
ggH126_4l_mjj_genbin0_recobin0 acc 0.3612 eff 0.5226 outinratio 0.0531 

VBFH126_4l_mjj_genbin0_recobin0 acc 0.2109 eff 0.4695 outinratio 0.0359 

WminusH126_4l_mjj_genbin0_recobin0 acc 0.1983 eff 0.4533 outinratio 0.066 

WplusH126_4l_mjj_genbin0_recobin0 acc 0.1734 eff 0.4581 outinratio 0.0648 

ZH126_4l_mjj_genbin0_recobin0 acc 0.1839 eff 0.4542 outinratio 0.0736 

ttH126_4l_mjj_genbin0_recobin0 acc 0.0091 eff 0.2042 outinratio 0.1407 

ggH126_4l_mjj_genbin1_recobin0 acc 0.0104 eff 0.1388 outinratio 0.0531 

VBFH126_4l_mjj_genbin1_recobin0 acc 0.0118 eff 0.2077 outinratio 0.0359 

WminusH126_4l_mjj_genbin1_recobin0 acc 0.0883 eff 0.0868 outinratio 0.066 

WplusH126_4l_mjj_genbin1_recobin0 acc 0.0761 eff 0.0774 outinratio 0.0648 

ZH126_4l_mjj_genbin1_recobin0 acc 0.082 eff 0.0697 outinratio 0.0736 

ttH126_4l_mjj_genbin1_recobin0 acc 0.0338 eff 0.0159 outinratio 0.1407 

ggH126_4l_mjj_genbin2_recobin0 acc 0.0184 eff 0.096 outinratio 0.0531 

VBFH126_4l_mjj_genbin2_recobin0 acc 0.0234 eff 0.0759 outinratio 0.0359 

WminusH126_4l_mjj_genbin2_recobin0 acc 0.0428 eff 0.0386 outinratio 0.066 

WplusH126_4l_mjj_genbin2_recobin0 acc 0.0351 eff 0.058 outinratio 0.0648 

ZH126_4l_mjj_genbin2_recobin0 acc 0.0561 eff 0.034 outinratio 0.0736 

ttH126_4l_mjj_genbin2_recobin0 acc 0.1306 eff 0.006 outinratio 0.1407 

ggH126_4l_mjj_genbin3_recobin0 acc 0.0176 eff 0.0582 outinratio 0.0531 

VBFH126_4l_mjj_genbin3_recobin0 acc 0.2062 eff 0.0619 outinratio 0.0359 

WminusH126_4l_mjj_genbin3_recobin0 acc 0.0269 eff 0.0175 outinratio 0.066 

WplusH126_4l_mjj_genbin3_recobin0 acc 0.028 eff 0.0081 outinratio 0.0648 

ZH126_4l_mjj_genbin3_recobin0 acc 0.0236 eff 0.0499 outinratio 0.0736 

ttH126_4l_mjj_genbin3_recobin0 acc 0.1454 eff 0.0009 outinratio 0.1407 

ggH126_4l_mjj_genbin0_recobin1 acc 0.3612 eff 0.0066 outinratio 0.0554 

VBFH126_4l_mjj_genbin0_recobin1 acc 0.2109 eff 0.014 outinratio 0.0597 

WminusH126_4l_mjj_genbin0_recobin1 acc 0.1983 eff 0.0295 outinratio 0.0623 

WplusH126_4l_mjj_genbin0_recobin1 acc 0.1734 eff 0.0244 outinratio 0.0755 

ZH126_4l_mjj_genbin0_recobin1 acc 0.1839 eff 0.029 outinratio 0.0561 

ttH126_4l_mjj_genbin0_recobin1 acc 0.0091 eff 0.0437 outinratio 0.1753 

ggH126_4l_mjj_genbin1_recobin1 acc 0.0104 eff 0.3189 outinratio 0.0554 

VBFH126_4l_mjj_genbin1_recobin1 acc 0.0118 eff 0.377 outinratio 0.0597 

WminusH126_4l_mjj_genbin1_recobin1 acc 0.0883 eff 0.4289 outinratio 0.0623 

WplusH126_4l_mjj_genbin1_recobin1 acc 0.0761 eff 0.3851 outinratio 0.0755 

ZH126_4l_mjj_genbin1_recobin1 acc 0.082 eff 0.3444 outinratio 0.0561 

ttH126_4l_mjj_genbin1_recobin1 acc 0.0338 eff 0.3094 outinratio 0.1753 

ggH126_4l_mjj_genbin2_recobin1 acc 0.0184 eff 0.0333 outinratio 0.0554 

VBFH126_4l_mjj_genbin2_recobin1 acc 0.0234 eff 0.0151 outinratio 0.0597 

WminusH126_4l_mjj_genbin2_recobin1 acc 0.0428 eff 0.0454 outinratio 0.0623 

WplusH126_4l_mjj_genbin2_recobin1 acc 0.0351 eff 0.0601 outinratio 0.0755 

ZH126_4l_mjj_genbin2_recobin1 acc 0.0561 eff 0.0612 outinratio 0.0561 

ttH126_4l_mjj_genbin2_recobin1 acc 0.1306 eff 0.034 outinratio 0.1753 

ggH126_4l_mjj_genbin3_recobin1 acc 0.0176 eff 0.01 outinratio 0.0554 

VBFH126_4l_mjj_genbin3_recobin1 acc 0.2062 eff 0.0077 outinratio 0.0597 

WminusH126_4l_mjj_genbin3_recobin1 acc 0.0269 eff 0.0054 outinratio 0.0623 

WplusH126_4l_mjj_genbin3_recobin1 acc 0.028 eff 0.0082 outinratio 0.0755 

ZH126_4l_mjj_genbin3_recobin1 acc 0.0236 eff 0.0325 outinratio 0.0561 

ttH126_4l_mjj_genbin3_recobin1 acc 0.1454 eff 0.0089 outinratio 0.1753 

ggH126_4l_mjj_genbin0_recobin2 acc 0.3612 eff 0.0099 outinratio 0.0675 

VBFH126_4l_mjj_genbin0_recobin2 acc 0.2109 eff 0.0164 outinratio 0.0525 

WminusH126_4l_mjj_genbin0_recobin2 acc 0.1983 eff 0.0425 outinratio 0.0668 

WplusH126_4l_mjj_genbin0_recobin2 acc 0.1734 eff 0.0327 outinratio 0.1442 

ZH126_4l_mjj_genbin0_recobin2 acc 0.1839 eff 0.0419 outinratio 0.057 

ttH126_4l_mjj_genbin0_recobin2 acc 0.0091 eff 0.1746 outinratio 0.1587 

ggH126_4l_mjj_genbin1_recobin2 acc 0.0104 eff 0.0515 outinratio 0.0675 

VBFH126_4l_mjj_genbin1_recobin2 acc 0.0118 eff 0.0601 outinratio 0.0525 

WminusH126_4l_mjj_genbin1_recobin2 acc 0.0883 eff 0.0777 outinratio 0.0668 

WplusH126_4l_mjj_genbin1_recobin2 acc 0.0761 eff 0.0909 outinratio 0.1442 

ZH126_4l_mjj_genbin1_recobin2 acc 0.082 eff 0.1852 outinratio 0.057 

ttH126_4l_mjj_genbin1_recobin2 acc 0.0338 eff 0.1466 outinratio 0.1587 

ggH126_4l_mjj_genbin2_recobin2 acc 0.0184 eff 0.3972 outinratio 0.0675 

VBFH126_4l_mjj_genbin2_recobin2 acc 0.0234 eff 0.3534 outinratio 0.0525 

WminusH126_4l_mjj_genbin2_recobin2 acc 0.0428 eff 0.3916 outinratio 0.0668 

WplusH126_4l_mjj_genbin2_recobin2 acc 0.0351 eff 0.4292 outinratio 0.1442 

ZH126_4l_mjj_genbin2_recobin2 acc 0.0561 eff 0.4027 outinratio 0.057 

ttH126_4l_mjj_genbin2_recobin2 acc 0.1306 eff 0.4388 outinratio 0.1587 

ggH126_4l_mjj_genbin3_recobin2 acc 0.0176 eff 0.0371 outinratio 0.0675 

VBFH126_4l_mjj_genbin3_recobin2 acc 0.2062 eff 0.0135 outinratio 0.0525 

WminusH126_4l_mjj_genbin3_recobin2 acc 0.0269 eff 0.0496 outinratio 0.0668 

WplusH126_4l_mjj_genbin3_recobin2 acc 0.028 eff 0.0366 outinratio 0.1442 

ZH126_4l_mjj_genbin3_recobin2 acc 0.0236 eff 0.059 outinratio 0.057 

ttH126_4l_mjj_genbin3_recobin2 acc 0.1454 eff 0.0568 outinratio 0.1587 

ggH126_4l_mjj_genbin0_recobin3 acc 0.3612 eff 0.0075 outinratio 0.0817 

VBFH126_4l_mjj_genbin0_recobin3 acc 0.2109 eff 0.0648 outinratio 0.0375 

WminusH126_4l_mjj_genbin0_recobin3 acc 0.1983 eff 0.0134 outinratio 0.0639 

WplusH126_4l_mjj_genbin0_recobin3 acc 0.1734 eff 0.0178 outinratio 0.0611 

ZH126_4l_mjj_genbin0_recobin3 acc 0.1839 eff 0.0133 outinratio 0.0587 

ttH126_4l_mjj_genbin0_recobin3 acc 0.0091 eff 0.0987 outinratio 0.1798 

ggH126_4l_mjj_genbin1_recobin3 acc 0.0104 eff 0.0155 outinratio 0.0817 

VBFH126_4l_mjj_genbin1_recobin3 acc 0.0118 eff 0.0529 outinratio 0.0375 

WminusH126_4l_mjj_genbin1_recobin3 acc 0.0883 eff 0.0182 outinratio 0.0639 

WplusH126_4l_mjj_genbin1_recobin3 acc 0.0761 eff 0.0122 outinratio 0.0611 

ZH126_4l_mjj_genbin1_recobin3 acc 0.082 eff 0.0363 outinratio 0.0587 

ttH126_4l_mjj_genbin1_recobin3 acc 0.0338 eff 0.0701 outinratio 0.1798 

ggH126_4l_mjj_genbin2_recobin3 acc 0.0184 eff 0.0306 outinratio 0.0817 

VBFH126_4l_mjj_genbin2_recobin3 acc 0.0234 eff 0.0809 outinratio 0.0375 

WminusH126_4l_mjj_genbin2_recobin3 acc 0.0428 eff 0.044 outinratio 0.0639 

WplusH126_4l_mjj_genbin2_recobin3 acc 0.0351 eff 0.0591 outinratio 0.0611 

ZH126_4l_mjj_genbin2_recobin3 acc 0.0561 eff 0.0369 outinratio 0.0587 

ttH126_4l_mjj_genbin2_recobin3 acc 0.1306 eff 0.078 outinratio 0.1798 

ggH126_4l_mjj_genbin3_recobin3 acc 0.0176 eff 0.4595 outinratio 0.0817 

VBFH126_4l_mjj_genbin3_recobin3 acc 0.2062 eff 0.4642 outinratio 0.0375 

WminusH126_4l_mjj_genbin3_recobin3 acc 0.0269 eff 0.425 outinratio 0.0639 

WplusH126_4l_mjj_genbin3_recobin3 acc 0.028 eff 0.4737 outinratio 0.0611 

ZH126_4l_mjj_genbin3_recobin3 acc 0.0236 eff 0.4307 outinratio 0.0587 

ttH126_4l_mjj_genbin3_recobin3 acc 0.1454 eff 0.4851 outinratio 0.1798 

ggH126_4e_mjj_genbin0_recobin0 acc 0.3484 eff 0.3095 outinratio 0.0465 

VBFH126_4e_mjj_genbin0_recobin0 acc 0.2053 eff 0.2616 outinratio 0.041 

WminusH126_4e_mjj_genbin0_recobin0 acc 0.1896 eff 0.2905 outinratio 0.0552 

WplusH126_4e_mjj_genbin0_recobin0 acc 0.1608 eff 0.2276 outinratio 0.0609 

ZH126_4e_mjj_genbin0_recobin0 acc 0.1731 eff 0.2948 outinratio 0.0576 

ttH126_4e_mjj_genbin0_recobin0 acc 0.009 eff 0.1706 outinratio 0.2079 

ggH126_4e_mjj_genbin1_recobin0 acc 0.0099 eff 0.0617 outinratio 0.0465 

VBFH126_4e_mjj_genbin1_recobin0 acc 0.0088 eff 0.1416 outinratio 0.041 

WminusH126_4e_mjj_genbin1_recobin0 acc 0.0842 eff 0.0596 outinratio 0.0552 

WplusH126_4e_mjj_genbin1_recobin0 acc 0.0793 eff 0.0451 outinratio 0.0609 

ZH126_4e_mjj_genbin1_recobin0 acc 0.0785 eff 0.0668 outinratio 0.0576 

ttH126_4e_mjj_genbin1_recobin0 acc 0.0331 eff 0.0076 outinratio 0.2079 

ggH126_4e_mjj_genbin2_recobin0 acc 0.019 eff 0.0741 outinratio 0.0465 

VBFH126_4e_mjj_genbin2_recobin0 acc 0.0251 eff 0.0547 outinratio 0.041 

WminusH126_4e_mjj_genbin2_recobin0 acc 0.043 eff 0.0162 outinratio 0.0552 

WplusH126_4e_mjj_genbin2_recobin0 acc 0.0295 eff 0.0223 outinratio 0.0609 

ZH126_4e_mjj_genbin2_recobin0 acc 0.0634 eff 0.0145 outinratio 0.0576 

ttH126_4e_mjj_genbin2_recobin0 acc 0.1291 eff 0.0032 outinratio 0.2079 

ggH126_4e_mjj_genbin3_recobin0 acc 0.0193 eff 0.0367 outinratio 0.0465 

VBFH126_4e_mjj_genbin3_recobin0 acc 0.1982 eff 0.0385 outinratio 0.041 

WminusH126_4e_mjj_genbin3_recobin0 acc 0.0286 eff 0.0 outinratio 0.0552 

WplusH126_4e_mjj_genbin3_recobin0 acc 0.0257 eff 0.0094 outinratio 0.0609 

ZH126_4e_mjj_genbin3_recobin0 acc 0.0227 eff 0.0393 outinratio 0.0576 

ttH126_4e_mjj_genbin3_recobin0 acc 0.1447 eff 0.0005 outinratio 0.2079 

ggH126_4e_mjj_genbin0_recobin1 acc 0.3484 eff 0.0029 outinratio 0.1012 

VBFH126_4e_mjj_genbin0_recobin1 acc 0.2053 eff 0.0049 outinratio 0.0 

WminusH126_4e_mjj_genbin0_recobin1 acc 0.1896 eff 0.0218 outinratio 0.0232 

WplusH126_4e_mjj_genbin0_recobin1 acc 0.1608 eff 0.0076 outinratio 0.0797 

ZH126_4e_mjj_genbin0_recobin1 acc 0.1731 eff 0.0225 outinratio 0.0489 

ttH126_4e_mjj_genbin0_recobin1 acc 0.009 eff 0.0248 outinratio 0.1743 

ggH126_4e_mjj_genbin1_recobin1 acc 0.0099 eff 0.178 outinratio 0.1012 

VBFH126_4e_mjj_genbin1_recobin1 acc 0.0088 eff 0.1872 outinratio 0.0 

WminusH126_4e_mjj_genbin1_recobin1 acc 0.0842 eff 0.221 outinratio 0.0232 

WplusH126_4e_mjj_genbin1_recobin1 acc 0.0793 eff 0.2287 outinratio 0.0797 

ZH126_4e_mjj_genbin1_recobin1 acc 0.0785 eff 0.2478 outinratio 0.0489 

ttH126_4e_mjj_genbin1_recobin1 acc 0.0331 eff 0.1934 outinratio 0.1743 

ggH126_4e_mjj_genbin2_recobin1 acc 0.019 eff 0.0403 outinratio 0.1012 

VBFH126_4e_mjj_genbin2_recobin1 acc 0.0251 eff 0.0 outinratio 0.0 

WminusH126_4e_mjj_genbin2_recobin1 acc 0.043 eff 0.0476 outinratio 0.0232 

WplusH126_4e_mjj_genbin2_recobin1 acc 0.0295 eff 0.0648 outinratio 0.0797 

ZH126_4e_mjj_genbin2_recobin1 acc 0.0634 eff 0.0766 outinratio 0.0489 

ttH126_4e_mjj_genbin2_recobin1 acc 0.1291 eff 0.0227 outinratio 0.1743 

ggH126_4e_mjj_genbin3_recobin1 acc 0.0193 eff 0.0056 outinratio 0.1012 

VBFH126_4e_mjj_genbin3_recobin1 acc 0.1982 eff 0.0022 outinratio 0.0 

WminusH126_4e_mjj_genbin3_recobin1 acc 0.0286 eff 0.0 outinratio 0.0232 

WplusH126_4e_mjj_genbin3_recobin1 acc 0.0257 eff 0.0 outinratio 0.0797 

ZH126_4e_mjj_genbin3_recobin1 acc 0.0227 eff 0.0134 outinratio 0.0489 

ttH126_4e_mjj_genbin3_recobin1 acc 0.1447 eff 0.0053 outinratio 0.1743 

ggH126_4e_mjj_genbin0_recobin2 acc 0.3484 eff 0.0061 outinratio 0.081 

VBFH126_4e_mjj_genbin0_recobin2 acc 0.2053 eff 0.0077 outinratio 0.1111 

WminusH126_4e_mjj_genbin0_recobin2 acc 0.1896 eff 0.0197 outinratio 0.0627 

WplusH126_4e_mjj_genbin0_recobin2 acc 0.1608 eff 0.0283 outinratio 0.1843 

ZH126_4e_mjj_genbin0_recobin2 acc 0.1731 eff 0.0303 outinratio 0.054 

ttH126_4e_mjj_genbin0_recobin2 acc 0.009 eff 0.0922 outinratio 0.1476 

ggH126_4e_mjj_genbin1_recobin2 acc 0.0099 eff 0.028 outinratio 0.081 

VBFH126_4e_mjj_genbin1_recobin2 acc 0.0088 eff 0.1257 outinratio 0.1111 

WminusH126_4e_mjj_genbin1_recobin2 acc 0.0842 eff 0.0655 outinratio 0.0627 

WplusH126_4e_mjj_genbin1_recobin2 acc 0.0793 eff 0.0554 outinratio 0.1843 

ZH126_4e_mjj_genbin1_recobin2 acc 0.0785 eff 0.0916 outinratio 0.054 

ttH126_4e_mjj_genbin1_recobin2 acc 0.0331 eff 0.1091 outinratio 0.1476 

ggH126_4e_mjj_genbin2_recobin2 acc 0.019 eff 0.2789 outinratio 0.081 

VBFH126_4e_mjj_genbin2_recobin2 acc 0.0251 eff 0.1611 outinratio 0.1111 

WminusH126_4e_mjj_genbin2_recobin2 acc 0.043 eff 0.2652 outinratio 0.0627 

WplusH126_4e_mjj_genbin2_recobin2 acc 0.0295 eff 0.2059 outinratio 0.1843 

ZH126_4e_mjj_genbin2_recobin2 acc 0.0634 eff 0.2861 outinratio 0.054 

ttH126_4e_mjj_genbin2_recobin2 acc 0.1291 eff 0.2834 outinratio 0.1476 

ggH126_4e_mjj_genbin3_recobin2 acc 0.0193 eff 0.0129 outinratio 0.081 

VBFH126_4e_mjj_genbin3_recobin2 acc 0.1982 eff 0.0078 outinratio 0.1111 

WminusH126_4e_mjj_genbin3_recobin2 acc 0.0286 eff 0.0 outinratio 0.0627 

WplusH126_4e_mjj_genbin3_recobin2 acc 0.0257 eff 0.0563 outinratio 0.1843 

ZH126_4e_mjj_genbin3_recobin2 acc 0.0227 eff 0.0512 outinratio 0.054 

ttH126_4e_mjj_genbin3_recobin2 acc 0.1447 eff 0.0404 outinratio 0.1476 

ggH126_4e_mjj_genbin0_recobin3 acc 0.3484 eff 0.006 outinratio 0.0537 

VBFH126_4e_mjj_genbin0_recobin3 acc 0.2053 eff 0.0318 outinratio 0.0232 

WminusH126_4e_mjj_genbin0_recobin3 acc 0.1896 eff 0.0141 outinratio 0.0926 

WplusH126_4e_mjj_genbin0_recobin3 acc 0.1608 eff 0.0132 outinratio 0.0076 

ZH126_4e_mjj_genbin0_recobin3 acc 0.1731 eff 0.0018 outinratio 0.2523 

ttH126_4e_mjj_genbin0_recobin3 acc 0.009 eff 0.0651 outinratio 0.2417 

ggH126_4e_mjj_genbin1_recobin3 acc 0.0099 eff 0.005 outinratio 0.0537 

VBFH126_4e_mjj_genbin1_recobin3 acc 0.0088 eff 0.0203 outinratio 0.0232 

WminusH126_4e_mjj_genbin1_recobin3 acc 0.0842 eff 0.0092 outinratio 0.0926 

WplusH126_4e_mjj_genbin1_recobin3 acc 0.0793 eff 0.0 outinratio 0.0076 

ZH126_4e_mjj_genbin1_recobin3 acc 0.0785 eff 0.0086 outinratio 0.2523 

ttH126_4e_mjj_genbin1_recobin3 acc 0.0331 eff 0.034 outinratio 0.2417 

ggH126_4e_mjj_genbin2_recobin3 acc 0.019 eff 0.0044 outinratio 0.0537 

VBFH126_4e_mjj_genbin2_recobin3 acc 0.0251 eff 0.0446 outinratio 0.0232 

WminusH126_4e_mjj_genbin2_recobin3 acc 0.043 eff 0.0283 outinratio 0.0926 

WplusH126_4e_mjj_genbin2_recobin3 acc 0.0295 eff 0.0333 outinratio 0.0076 

ZH126_4e_mjj_genbin2_recobin3 acc 0.0634 eff 0.0099 outinratio 0.2523 

ttH126_4e_mjj_genbin2_recobin3 acc 0.1291 eff 0.0434 outinratio 0.2417 

ggH126_4e_mjj_genbin3_recobin3 acc 0.0193 eff 0.3067 outinratio 0.0537 

VBFH126_4e_mjj_genbin3_recobin3 acc 0.1982 eff 0.2921 outinratio 0.0232 

WminusH126_4e_mjj_genbin3_recobin3 acc 0.0286 eff 0.2641 outinratio 0.0926 

WplusH126_4e_mjj_genbin3_recobin3 acc 0.0257 eff 0.3047 outinratio 0.0076 

ZH126_4e_mjj_genbin3_recobin3 acc 0.0227 eff 0.2579 outinratio 0.2523 

ttH126_4e_mjj_genbin3_recobin3 acc 0.1447 eff 0.2947 outinratio 0.2417 

ggH126_4mu_mjj_genbin0_recobin0 acc 0.3859 eff 0.7683 outinratio 0.0596 

VBFH126_4mu_mjj_genbin0_recobin0 acc 0.2297 eff 0.6976 outinratio 0.025 

WminusH126_4mu_mjj_genbin0_recobin0 acc 0.2054 eff 0.6942 outinratio 0.0293 

WplusH126_4mu_mjj_genbin0_recobin0 acc 0.1911 eff 0.6698 outinratio 0.0582 

ZH126_4mu_mjj_genbin0_recobin0 acc 0.2043 eff 0.6368 outinratio 0.0844 

ttH126_4mu_mjj_genbin0_recobin0 acc 0.0091 eff 0.2866 outinratio 0.0555 

ggH126_4mu_mjj_genbin1_recobin0 acc 0.0097 eff 0.1962 outinratio 0.0596 

VBFH126_4mu_mjj_genbin1_recobin0 acc 0.0136 eff 0.2931 outinratio 0.025 

WminusH126_4mu_mjj_genbin1_recobin0 acc 0.0934 eff 0.0898 outinratio 0.0293 

WplusH126_4mu_mjj_genbin1_recobin0 acc 0.0806 eff 0.0964 outinratio 0.0582 

ZH126_4mu_mjj_genbin1_recobin0 acc 0.0834 eff 0.0927 outinratio 0.0844 

ttH126_4mu_mjj_genbin1_recobin0 acc 0.036 eff 0.0239 outinratio 0.0555 

ggH126_4mu_mjj_genbin2_recobin0 acc 0.0178 eff 0.123 outinratio 0.0596 

VBFH126_4mu_mjj_genbin2_recobin0 acc 0.0255 eff 0.1104 outinratio 0.025 

WminusH126_4mu_mjj_genbin2_recobin0 acc 0.0412 eff 0.0425 outinratio 0.0293 

WplusH126_4mu_mjj_genbin2_recobin0 acc 0.0302 eff 0.1303 outinratio 0.0582 

ZH126_4mu_mjj_genbin2_recobin0 acc 0.0562 eff 0.0385 outinratio 0.0844 

ttH126_4mu_mjj_genbin2_recobin0 acc 0.1417 eff 0.0077 outinratio 0.0555 

ggH126_4mu_mjj_genbin3_recobin0 acc 0.0175 eff 0.0988 outinratio 0.0596 

VBFH126_4mu_mjj_genbin3_recobin0 acc 0.2127 eff 0.0855 outinratio 0.025 

WminusH126_4mu_mjj_genbin3_recobin0 acc 0.0257 eff 0.0623 outinratio 0.0293 

WplusH126_4mu_mjj_genbin3_recobin0 acc 0.0289 eff 0.0118 outinratio 0.0582 

ZH126_4mu_mjj_genbin3_recobin0 acc 0.0234 eff 0.0555 outinratio 0.0844 

ttH126_4mu_mjj_genbin3_recobin0 acc 0.1579 eff 0.0007 outinratio 0.0555 

ggH126_4mu_mjj_genbin0_recobin1 acc 0.3859 eff 0.0111 outinratio 0.0269 

VBFH126_4mu_mjj_genbin0_recobin1 acc 0.2297 eff 0.0257 outinratio 0.1322 

WminusH126_4mu_mjj_genbin0_recobin1 acc 0.2054 eff 0.0438 outinratio 0.0747 

WplusH126_4mu_mjj_genbin0_recobin1 acc 0.1911 eff 0.0418 outinratio 0.0875 

ZH126_4mu_mjj_genbin0_recobin1 acc 0.2043 eff 0.0441 outinratio 0.0869 

ttH126_4mu_mjj_genbin0_recobin1 acc 0.0091 eff 0.0625 outinratio 0.1695 

ggH126_4mu_mjj_genbin1_recobin1 acc 0.0097 eff 0.4492 outinratio 0.0269 

VBFH126_4mu_mjj_genbin1_recobin1 acc 0.0136 eff 0.4215 outinratio 0.1322 

WminusH126_4mu_mjj_genbin1_recobin1 acc 0.0934 eff 0.6632 outinratio 0.0747 

WplusH126_4mu_mjj_genbin1_recobin1 acc 0.0806 eff 0.5736 outinratio 0.0875 

ZH126_4mu_mjj_genbin1_recobin1 acc 0.0834 eff 0.4242 outinratio 0.0869 

ttH126_4mu_mjj_genbin1_recobin1 acc 0.036 eff 0.428 outinratio 0.1695 

ggH126_4mu_mjj_genbin2_recobin1 acc 0.0178 eff 0.0247 outinratio 0.0269 

VBFH126_4mu_mjj_genbin2_recobin1 acc 0.0255 eff 0.0384 outinratio 0.1322 

WminusH126_4mu_mjj_genbin2_recobin1 acc 0.0412 eff 0.0495 outinratio 0.0747 

WplusH126_4mu_mjj_genbin2_recobin1 acc 0.0302 eff 0.0637 outinratio 0.0875 

ZH126_4mu_mjj_genbin2_recobin1 acc 0.0562 eff 0.0886 outinratio 0.0869 

ttH126_4mu_mjj_genbin2_recobin1 acc 0.1417 eff 0.0464 outinratio 0.1695 

ggH126_4mu_mjj_genbin3_recobin1 acc 0.0175 eff 0.0055 outinratio 0.0269 

VBFH126_4mu_mjj_genbin3_recobin1 acc 0.2127 eff 0.0169 outinratio 0.1322 

WminusH126_4mu_mjj_genbin3_recobin1 acc 0.0257 eff 0.022 outinratio 0.0747 

WplusH126_4mu_mjj_genbin3_recobin1 acc 0.0289 eff 0.0169 outinratio 0.0875 

ZH126_4mu_mjj_genbin3_recobin1 acc 0.0234 eff 0.1121 outinratio 0.0869 

ttH126_4mu_mjj_genbin3_recobin1 acc 0.1579 eff 0.012 outinratio 0.1695 

ggH126_4mu_mjj_genbin0_recobin2 acc 0.3859 eff 0.0178 outinratio 0.0691 

VBFH126_4mu_mjj_genbin0_recobin2 acc 0.2297 eff 0.0242 outinratio 0.0738 

WminusH126_4mu_mjj_genbin0_recobin2 acc 0.2054 eff 0.0497 outinratio 0.0855 

WplusH126_4mu_mjj_genbin0_recobin2 acc 0.1911 eff 0.0354 outinratio 0.1199 

ZH126_4mu_mjj_genbin0_recobin2 acc 0.2043 eff 0.0593 outinratio 0.0666 

ttH126_4mu_mjj_genbin0_recobin2 acc 0.0091 eff 0.2968 outinratio 0.1251 

ggH126_4mu_mjj_genbin1_recobin2 acc 0.0097 eff 0.0722 outinratio 0.0691 

VBFH126_4mu_mjj_genbin1_recobin2 acc 0.0136 eff 0.0613 outinratio 0.0738 

WminusH126_4mu_mjj_genbin1_recobin2 acc 0.0934 eff 0.0948 outinratio 0.0855 

WplusH126_4mu_mjj_genbin1_recobin2 acc 0.0806 eff 0.1282 outinratio 0.1199 

ZH126_4mu_mjj_genbin1_recobin2 acc 0.0834 eff 0.3247 outinratio 0.0666 

ttH126_4mu_mjj_genbin1_recobin2 acc 0.036 eff 0.217 outinratio 0.1251 

ggH126_4mu_mjj_genbin2_recobin2 acc 0.0178 eff 0.5824 outinratio 0.0691 

VBFH126_4mu_mjj_genbin2_recobin2 acc 0.0255 eff 0.5815 outinratio 0.0738 

WminusH126_4mu_mjj_genbin2_recobin2 acc 0.0412 eff 0.5514 outinratio 0.0855 

WplusH126_4mu_mjj_genbin2_recobin2 acc 0.0302 eff 0.6221 outinratio 0.1199 

ZH126_4mu_mjj_genbin2_recobin2 acc 0.0562 eff 0.609 outinratio 0.0666 

ttH126_4mu_mjj_genbin2_recobin2 acc 0.1417 eff 0.6314 outinratio 0.1251 

ggH126_4mu_mjj_genbin3_recobin2 acc 0.0175 eff 0.0597 outinratio 0.0691 

VBFH126_4mu_mjj_genbin3_recobin2 acc 0.2127 eff 0.0156 outinratio 0.0738 

WminusH126_4mu_mjj_genbin3_recobin2 acc 0.0257 eff 0.1318 outinratio 0.0855 

WplusH126_4mu_mjj_genbin3_recobin2 acc 0.0289 eff 0.0396 outinratio 0.1199 

ZH126_4mu_mjj_genbin3_recobin2 acc 0.0234 eff 0.0346 outinratio 0.0666 

ttH126_4mu_mjj_genbin3_recobin2 acc 0.1579 eff 0.089 outinratio 0.1251 

ggH126_4mu_mjj_genbin0_recobin3 acc 0.3859 eff 0.0104 outinratio 0.0797 

VBFH126_4mu_mjj_genbin0_recobin3 acc 0.2297 eff 0.0908 outinratio 0.0306 

WminusH126_4mu_mjj_genbin0_recobin3 acc 0.2054 eff 0.0158 outinratio 0.041 

WplusH126_4mu_mjj_genbin0_recobin3 acc 0.1911 eff 0.0281 outinratio 0.0998 

ZH126_4mu_mjj_genbin0_recobin3 acc 0.2043 eff 0.0319 outinratio 0.0459 

ttH126_4mu_mjj_genbin0_recobin3 acc 0.0091 eff 0.1323 outinratio 0.1515 

ggH126_4mu_mjj_genbin1_recobin3 acc 0.0097 eff 0.037 outinratio 0.0797 

VBFH126_4mu_mjj_genbin1_recobin3 acc 0.0136 eff 0.0669 outinratio 0.0306 

WminusH126_4mu_mjj_genbin1_recobin3 acc 0.0934 eff 0.0311 outinratio 0.041 

WplusH126_4mu_mjj_genbin1_recobin3 acc 0.0806 eff 0.0171 outinratio 0.0998 

ZH126_4mu_mjj_genbin1_recobin3 acc 0.0834 eff 0.093 outinratio 0.0459 

ttH126_4mu_mjj_genbin1_recobin3 acc 0.036 eff 0.1067 outinratio 0.1515 

ggH126_4mu_mjj_genbin2_recobin3 acc 0.0178 eff 0.059 outinratio 0.0797 

VBFH126_4mu_mjj_genbin2_recobin3 acc 0.0255 eff 0.0394 outinratio 0.0306 

WminusH126_4mu_mjj_genbin2_recobin3 acc 0.0412 eff 0.0931 outinratio 0.041 

WplusH126_4mu_mjj_genbin2_recobin3 acc 0.0302 eff 0.0567 outinratio 0.0998 

ZH126_4mu_mjj_genbin2_recobin3 acc 0.0562 eff 0.0545 outinratio 0.0459 

ttH126_4mu_mjj_genbin2_recobin3 acc 0.1417 eff 0.1201 outinratio 0.1515 

ggH126_4mu_mjj_genbin3_recobin3 acc 0.0175 eff 0.6508 outinratio 0.0797 

VBFH126_4mu_mjj_genbin3_recobin3 acc 0.2127 eff 0.6652 outinratio 0.0306 

WminusH126_4mu_mjj_genbin3_recobin3 acc 0.0257 eff 0.5719 outinratio 0.041 

WplusH126_4mu_mjj_genbin3_recobin3 acc 0.0289 eff 0.7486 outinratio 0.0998 

ZH126_4mu_mjj_genbin3_recobin3 acc 0.0234 eff 0.5918 outinratio 0.0459 

ttH126_4mu_mjj_genbin3_recobin3 acc 0.1579 eff 0.7088 outinratio 0.1515 

ggH126_2e2mu_mjj_genbin0_recobin0 acc 0.3548 eff 0.4932 outinratio 0.0494 

VBFH126_2e2mu_mjj_genbin0_recobin0 acc 0.2038 eff 0.4406 outinratio 0.0445 

WminusH126_2e2mu_mjj_genbin0_recobin0 acc 0.1993 eff 0.4057 outinratio 0.1026 

WplusH126_2e2mu_mjj_genbin0_recobin0 acc 0.171 eff 0.4518 outinratio 0.0717 

ZH126_2e2mu_mjj_genbin0_recobin0 acc 0.1784 eff 0.4234 outinratio 0.0696 

ttH126_2e2mu_mjj_genbin0_recobin0 acc 0.0092 eff 0.1787 outinratio 0.1816 

ggH126_2e2mu_mjj_genbin1_recobin0 acc 0.0111 eff 0.1494 outinratio 0.0494 

VBFH126_2e2mu_mjj_genbin1_recobin0 acc 0.0125 eff 0.1819 outinratio 0.0445 

WminusH126_2e2mu_mjj_genbin1_recobin0 acc 0.0879 eff 0.0991 outinratio 0.1026 

WplusH126_2e2mu_mjj_genbin1_recobin0 acc 0.0719 eff 0.0859 outinratio 0.0717 

ZH126_2e2mu_mjj_genbin1_recobin0 acc 0.083 eff 0.0584 outinratio 0.0696 

ttH126_2e2mu_mjj_genbin1_recobin0 acc 0.0331 eff 0.0156 outinratio 0.1816 

ggH126_2e2mu_mjj_genbin2_recobin0 acc 0.0184 eff 0.0943 outinratio 0.0494 

VBFH126_2e2mu_mjj_genbin2_recobin0 acc 0.0213 eff 0.0667 outinratio 0.0445 

WminusH126_2e2mu_mjj_genbin2_recobin0 acc 0.0435 eff 0.0486 outinratio 0.1026 

WplusH126_2e2mu_mjj_genbin2_recobin0 acc 0.0408 eff 0.0436 outinratio 0.0717 

ZH126_2e2mu_mjj_genbin2_recobin0 acc 0.0521 eff 0.0442 outinratio 0.0696 

ttH126_2e2mu_mjj_genbin2_recobin0 acc 0.1255 eff 0.0066 outinratio 0.1816 

ggH126_2e2mu_mjj_genbin3_recobin0 acc 0.0167 eff 0.0489 outinratio 0.0494 

VBFH126_2e2mu_mjj_genbin3_recobin0 acc 0.2069 eff 0.0606 outinratio 0.0445 

WminusH126_2e2mu_mjj_genbin3_recobin0 acc 0.0267 eff 0.0049 outinratio 0.1026 

WplusH126_2e2mu_mjj_genbin3_recobin0 acc 0.0287 eff 0.0054 outinratio 0.0717 

ZH126_2e2mu_mjj_genbin3_recobin0 acc 0.0242 eff 0.0524 outinratio 0.0696 

ttH126_2e2mu_mjj_genbin3_recobin0 acc 0.1391 eff 0.0012 outinratio 0.1816 

ggH126_2e2mu_mjj_genbin0_recobin1 acc 0.3548 eff 0.0059 outinratio 0.0628 

VBFH126_2e2mu_mjj_genbin0_recobin1 acc 0.2038 eff 0.0117 outinratio 0.0 

WminusH126_2e2mu_mjj_genbin0_recobin1 acc 0.1993 eff 0.0256 outinratio 0.0633 

WplusH126_2e2mu_mjj_genbin0_recobin1 acc 0.171 eff 0.0229 outinratio 0.0628 

ZH126_2e2mu_mjj_genbin0_recobin1 acc 0.1784 eff 0.0229 outinratio 0.034 

ttH126_2e2mu_mjj_genbin0_recobin1 acc 0.0092 eff 0.0439 outinratio 0.1806 

ggH126_2e2mu_mjj_genbin1_recobin1 acc 0.0111 eff 0.3263 outinratio 0.0628 

VBFH126_2e2mu_mjj_genbin1_recobin1 acc 0.0125 eff 0.4204 outinratio 0.0 

WminusH126_2e2mu_mjj_genbin1_recobin1 acc 0.0879 eff 0.4048 outinratio 0.0633 

WplusH126_2e2mu_mjj_genbin1_recobin1 acc 0.0719 eff 0.3676 outinratio 0.0628 

ZH126_2e2mu_mjj_genbin1_recobin1 acc 0.083 eff 0.3501 outinratio 0.034 

ttH126_2e2mu_mjj_genbin1_recobin1 acc 0.0331 eff 0.3034 outinratio 0.1806 

ggH126_2e2mu_mjj_genbin2_recobin1 acc 0.0184 eff 0.0338 outinratio 0.0628 

VBFH126_2e2mu_mjj_genbin2_recobin1 acc 0.0213 eff 0.0095 outinratio 0.0 

WminusH126_2e2mu_mjj_genbin2_recobin1 acc 0.0435 eff 0.0422 outinratio 0.0633 

WplusH126_2e2mu_mjj_genbin2_recobin1 acc 0.0408 eff 0.0567 outinratio 0.0628 

ZH126_2e2mu_mjj_genbin2_recobin1 acc 0.0521 eff 0.0348 outinratio 0.034 

ttH126_2e2mu_mjj_genbin2_recobin1 acc 0.1255 eff 0.0328 outinratio 0.1806 

ggH126_2e2mu_mjj_genbin3_recobin1 acc 0.0167 eff 0.0153 outinratio 0.0628 

VBFH126_2e2mu_mjj_genbin3_recobin1 acc 0.2069 eff 0.0055 outinratio 0.0 

WminusH126_2e2mu_mjj_genbin3_recobin1 acc 0.0267 eff 0.0 outinratio 0.0633 

WplusH126_2e2mu_mjj_genbin3_recobin1 acc 0.0287 eff 0.0076 outinratio 0.0628 

ZH126_2e2mu_mjj_genbin3_recobin1 acc 0.0242 eff 0.0 outinratio 0.034 

ttH126_2e2mu_mjj_genbin3_recobin1 acc 0.1391 eff 0.0091 outinratio 0.1806 

ggH126_2e2mu_mjj_genbin0_recobin2 acc 0.3548 eff 0.0073 outinratio 0.0604 

VBFH126_2e2mu_mjj_genbin0_recobin2 acc 0.2038 eff 0.0163 outinratio 0.0139 

WminusH126_2e2mu_mjj_genbin0_recobin2 acc 0.1993 eff 0.0503 outinratio 0.055 

WplusH126_2e2mu_mjj_genbin0_recobin2 acc 0.171 eff 0.0335 outinratio 0.148 

ZH126_2e2mu_mjj_genbin0_recobin2 acc 0.1784 eff 0.037 outinratio 0.0486 

ttH126_2e2mu_mjj_genbin0_recobin2 acc 0.0092 eff 0.1539 outinratio 0.1954 

ggH126_2e2mu_mjj_genbin1_recobin2 acc 0.0111 eff 0.0533 outinratio 0.0604 

VBFH126_2e2mu_mjj_genbin1_recobin2 acc 0.0125 eff 0.0354 outinratio 0.0139 

WminusH126_2e2mu_mjj_genbin1_recobin2 acc 0.0879 eff 0.0745 outinratio 0.055 

WplusH126_2e2mu_mjj_genbin1_recobin2 acc 0.0719 eff 0.0903 outinratio 0.148 

ZH126_2e2mu_mjj_genbin1_recobin2 acc 0.083 eff 0.1563 outinratio 0.0486 

ttH126_2e2mu_mjj_genbin1_recobin2 acc 0.0331 eff 0.126 outinratio 0.1954 

ggH126_2e2mu_mjj_genbin2_recobin2 acc 0.0184 eff 0.3676 outinratio 0.0604 

VBFH126_2e2mu_mjj_genbin2_recobin2 acc 0.0213 eff 0.3248 outinratio 0.0139 

WminusH126_2e2mu_mjj_genbin2_recobin2 acc 0.0435 eff 0.379 outinratio 0.055 

WplusH126_2e2mu_mjj_genbin2_recobin2 acc 0.0408 eff 0.4428 outinratio 0.148 

ZH126_2e2mu_mjj_genbin2_recobin2 acc 0.0521 eff 0.3574 outinratio 0.0486 

ttH126_2e2mu_mjj_genbin2_recobin2 acc 0.1255 eff 0.4093 outinratio 0.1954 

ggH126_2e2mu_mjj_genbin3_recobin2 acc 0.0167 eff 0.0396 outinratio 0.0604 

VBFH126_2e2mu_mjj_genbin3_recobin2 acc 0.2069 eff 0.0153 outinratio 0.0139 

WminusH126_2e2mu_mjj_genbin3_recobin2 acc 0.0267 eff 0.0366 outinratio 0.055 

WplusH126_2e2mu_mjj_genbin3_recobin2 acc 0.0287 eff 0.025 outinratio 0.148 

ZH126_2e2mu_mjj_genbin3_recobin2 acc 0.0242 eff 0.0759 outinratio 0.0486 

ttH126_2e2mu_mjj_genbin3_recobin2 acc 0.1391 eff 0.0465 outinratio 0.1954 

ggH126_2e2mu_mjj_genbin0_recobin3 acc 0.3548 eff 0.0065 outinratio 0.0952 

VBFH126_2e2mu_mjj_genbin0_recobin3 acc 0.2038 eff 0.0663 outinratio 0.0476 

WminusH126_2e2mu_mjj_genbin0_recobin3 acc 0.1993 eff 0.0117 outinratio 0.0704 

WplusH126_2e2mu_mjj_genbin0_recobin3 acc 0.171 eff 0.014 outinratio 0.0447 

ZH126_2e2mu_mjj_genbin0_recobin3 acc 0.1784 eff 0.0078 outinratio 0.0227 

ttH126_2e2mu_mjj_genbin0_recobin3 acc 0.0092 eff 0.0989 outinratio 0.1844 

ggH126_2e2mu_mjj_genbin1_recobin3 acc 0.0111 eff 0.0104 outinratio 0.0952 

VBFH126_2e2mu_mjj_genbin1_recobin3 acc 0.0125 eff 0.0566 outinratio 0.0476 

WminusH126_2e2mu_mjj_genbin1_recobin3 acc 0.0879 eff 0.0157 outinratio 0.0704 

WplusH126_2e2mu_mjj_genbin1_recobin3 acc 0.0719 eff 0.0167 outinratio 0.0447 

ZH126_2e2mu_mjj_genbin1_recobin3 acc 0.083 eff 0.0193 outinratio 0.0227 

ttH126_2e2mu_mjj_genbin1_recobin3 acc 0.0331 eff 0.0685 outinratio 0.1844 

ggH126_2e2mu_mjj_genbin2_recobin3 acc 0.0184 eff 0.0306 outinratio 0.0952 

VBFH126_2e2mu_mjj_genbin2_recobin3 acc 0.0213 eff 0.1299 outinratio 0.0476 

WminusH126_2e2mu_mjj_genbin2_recobin3 acc 0.0435 eff 0.0278 outinratio 0.0704 

WplusH126_2e2mu_mjj_genbin2_recobin3 acc 0.0408 eff 0.0706 outinratio 0.0447 

ZH126_2e2mu_mjj_genbin2_recobin3 acc 0.0521 eff 0.0443 outinratio 0.0227 

ttH126_2e2mu_mjj_genbin2_recobin3 acc 0.1255 eff 0.072 outinratio 0.1844 

ggH126_2e2mu_mjj_genbin3_recobin3 acc 0.0167 eff 0.4483 outinratio 0.0952 

VBFH126_2e2mu_mjj_genbin3_recobin3 acc 0.2069 eff 0.4392 outinratio 0.0476 

WminusH126_2e2mu_mjj_genbin3_recobin3 acc 0.0267 eff 0.4433 outinratio 0.0704 

WplusH126_2e2mu_mjj_genbin3_recobin3 acc 0.0287 eff 0.409 outinratio 0.0447 

ZH126_2e2mu_mjj_genbin3_recobin3 acc 0.0242 eff 0.4333 outinratio 0.0227 

ttH126_2e2mu_mjj_genbin3_recobin3 acc 0.1391 eff 0.4569 outinratio 0.1844 

Coeff fullNNLOPS
