Welcome in RunCoefficients!
OPT SPLIT
DEBUG opt.YEAR = 2024_8
It is a single-differential measurement, binning [-100.0, 30.0, 55.0, 95.0, 200.0, 10000.0]
pTj1
Following observables extracted from dictionary: RECO =  pTj1  GEN =  GENpTj1
LUMI: 10.882200000000001
ttH126 0.00046886128
Processing ggH126 2024_8
Signal created
Signal failed created
Processing VBFH126 2024_8
Signal created
Signal failed created
Processing WminusH126 2024_8
Signal created
Signal failed created
Processing WplusH126 2024_8
Signal created
Signal failed created
Processing ZH126 2024_8
Signal created
Signal failed created
Processing ttH126 2024_8
Signal created
Signal failed created
2024_8 SKIMMED df CREATED
2024_8 ggH126
2024_8 VBFH126
2024_8 WminusH126
2024_8 WplusH126
2024_8 ZH126
2024_8 ttH126
Dataframes created successfully
Coeff std
ggH126_4l_pTj1_genbin0_recobin0 acc 0.2564 eff 0.47 outinratio 0.0458 

VBFH126_4l_pTj1_genbin0_recobin0 acc 0.0393 eff 0.3897 outinratio 0.0334 

WminusH126_4l_pTj1_genbin0_recobin0 acc 0.0859 eff 0.3877 outinratio 0.0578 

WplusH126_4l_pTj1_genbin0_recobin0 acc 0.0788 eff 0.3747 outinratio 0.0498 

ZH126_4l_pTj1_genbin0_recobin0 acc 0.0717 eff 0.4308 outinratio 0.0746 

ttH126_4l_pTj1_genbin0_recobin0 acc 0.0006 eff -1.0 outinratio 1.34 

ggH126_4l_pTj1_genbin1_recobin0 acc 0.0766 eff 0.1014 outinratio 0.0458 

VBFH126_4l_pTj1_genbin1_recobin0 acc 0.0938 eff 0.0687 outinratio 0.0334 

WminusH126_4l_pTj1_genbin1_recobin0 acc 0.0862 eff 0.0374 outinratio 0.0578 

WplusH126_4l_pTj1_genbin1_recobin0 acc 0.0708 eff 0.0457 outinratio 0.0498 

ZH126_4l_pTj1_genbin1_recobin0 acc 0.0761 eff 0.0487 outinratio 0.0746 

ttH126_4l_pTj1_genbin1_recobin0 acc 0.0084 eff 0.0 outinratio 1.34 

ggH126_4l_pTj1_genbin2_recobin0 acc 0.0475 eff 0.0028 outinratio 0.0458 

VBFH126_4l_pTj1_genbin2_recobin0 acc 0.1567 eff 0.012 outinratio 0.0334 

WminusH126_4l_pTj1_genbin2_recobin0 acc 0.1004 eff 0.005 outinratio 0.0578 

WplusH126_4l_pTj1_genbin2_recobin0 acc 0.0896 eff 0.0054 outinratio 0.0498 

ZH126_4l_pTj1_genbin2_recobin0 acc 0.1042 eff 0.003 outinratio 0.0746 

ttH126_4l_pTj1_genbin2_recobin0 acc 0.0678 eff 0.001 outinratio 1.34 

ggH126_4l_pTj1_genbin3_recobin0 acc 0.0241 eff 0.0 outinratio 0.0458 

VBFH126_4l_pTj1_genbin3_recobin0 acc 0.1341 eff 0.0045 outinratio 0.0334 

WminusH126_4l_pTj1_genbin3_recobin0 acc 0.0695 eff 0.001 outinratio 0.0578 

WplusH126_4l_pTj1_genbin3_recobin0 acc 0.0645 eff 0.0006 outinratio 0.0498 

ZH126_4l_pTj1_genbin3_recobin0 acc 0.0703 eff 0.0017 outinratio 0.0746 

ttH126_4l_pTj1_genbin3_recobin0 acc 0.1773 eff 0.0 outinratio 1.34 

ggH126_4l_pTj1_genbin4_recobin0 acc 0.006 eff 0.0 outinratio 0.0458 

VBFH126_4l_pTj1_genbin4_recobin0 acc 0.0267 eff 0.0005 outinratio 0.0334 

WminusH126_4l_pTj1_genbin4_recobin0 acc 0.0158 eff 0.0064 outinratio 0.0578 

WplusH126_4l_pTj1_genbin4_recobin0 acc 0.016 eff 0.0 outinratio 0.0498 

ZH126_4l_pTj1_genbin4_recobin0 acc 0.0181 eff 0.0 outinratio 0.0746 

ttH126_4l_pTj1_genbin4_recobin0 acc 0.0661 eff 0.0 outinratio 1.34 

ggH126_4l_pTj1_genbin0_recobin1 acc 0.2564 eff 0.0644 outinratio 0.0616 

VBFH126_4l_pTj1_genbin0_recobin1 acc 0.0393 eff 0.1415 outinratio 0.0346 

WminusH126_4l_pTj1_genbin0_recobin1 acc 0.0859 eff 0.1057 outinratio 0.0635 

WplusH126_4l_pTj1_genbin0_recobin1 acc 0.0788 eff 0.1029 outinratio 0.0681 

ZH126_4l_pTj1_genbin0_recobin1 acc 0.0717 eff 0.1003 outinratio 0.0942 

ttH126_4l_pTj1_genbin0_recobin1 acc 0.0006 eff -1.0 outinratio 0.1842 

ggH126_4l_pTj1_genbin1_recobin1 acc 0.0766 eff 0.3772 outinratio 0.0616 

VBFH126_4l_pTj1_genbin1_recobin1 acc 0.0938 eff 0.3552 outinratio 0.0346 

WminusH126_4l_pTj1_genbin1_recobin1 acc 0.0862 eff 0.3591 outinratio 0.0635 

WplusH126_4l_pTj1_genbin1_recobin1 acc 0.0708 eff 0.3811 outinratio 0.0681 

ZH126_4l_pTj1_genbin1_recobin1 acc 0.0761 eff 0.3574 outinratio 0.0942 

ttH126_4l_pTj1_genbin1_recobin1 acc 0.0084 eff 0.2257 outinratio 0.1842 

ggH126_4l_pTj1_genbin2_recobin1 acc 0.0475 eff 0.0856 outinratio 0.0616 

VBFH126_4l_pTj1_genbin2_recobin1 acc 0.1567 eff 0.0556 outinratio 0.0346 

WminusH126_4l_pTj1_genbin2_recobin1 acc 0.1004 eff 0.0574 outinratio 0.0635 

WplusH126_4l_pTj1_genbin2_recobin1 acc 0.0896 eff 0.052 outinratio 0.0681 

ZH126_4l_pTj1_genbin2_recobin1 acc 0.1042 eff 0.0665 outinratio 0.0942 

ttH126_4l_pTj1_genbin2_recobin1 acc 0.0678 eff 0.0166 outinratio 0.1842 

ggH126_4l_pTj1_genbin3_recobin1 acc 0.0241 eff 0.0067 outinratio 0.0616 

VBFH126_4l_pTj1_genbin3_recobin1 acc 0.1341 eff 0.0037 outinratio 0.0346 

WminusH126_4l_pTj1_genbin3_recobin1 acc 0.0695 eff 0.0035 outinratio 0.0635 

WplusH126_4l_pTj1_genbin3_recobin1 acc 0.0645 eff 0.0017 outinratio 0.0681 

ZH126_4l_pTj1_genbin3_recobin1 acc 0.0703 eff 0.0006 outinratio 0.0942 

ttH126_4l_pTj1_genbin3_recobin1 acc 0.1773 eff 0.0009 outinratio 0.1842 

ggH126_4l_pTj1_genbin4_recobin1 acc 0.006 eff 0.0 outinratio 0.0616 

VBFH126_4l_pTj1_genbin4_recobin1 acc 0.0267 eff 0.0013 outinratio 0.0346 

WminusH126_4l_pTj1_genbin4_recobin1 acc 0.0158 eff 0.0 outinratio 0.0635 

WplusH126_4l_pTj1_genbin4_recobin1 acc 0.016 eff 0.0 outinratio 0.0681 

ZH126_4l_pTj1_genbin4_recobin1 acc 0.0181 eff 0.0 outinratio 0.0942 

ttH126_4l_pTj1_genbin4_recobin1 acc 0.0661 eff 0.0 outinratio 0.1842 

ggH126_4l_pTj1_genbin0_recobin2 acc 0.2564 eff 0.0092 outinratio 0.0693 

VBFH126_4l_pTj1_genbin0_recobin2 acc 0.0393 eff 0.0389 outinratio 0.0335 

WminusH126_4l_pTj1_genbin0_recobin2 acc 0.0859 eff 0.0414 outinratio 0.0678 

WplusH126_4l_pTj1_genbin0_recobin2 acc 0.0788 eff 0.0333 outinratio 0.0739 

ZH126_4l_pTj1_genbin0_recobin2 acc 0.0717 eff 0.0259 outinratio 0.0921 

ttH126_4l_pTj1_genbin0_recobin2 acc 0.0006 eff -1.0 outinratio 0.1336 

ggH126_4l_pTj1_genbin1_recobin2 acc 0.0766 eff 0.0591 outinratio 0.0693 

VBFH126_4l_pTj1_genbin1_recobin2 acc 0.0938 eff 0.1318 outinratio 0.0335 

WminusH126_4l_pTj1_genbin1_recobin2 acc 0.0862 eff 0.1173 outinratio 0.0678 

WplusH126_4l_pTj1_genbin1_recobin2 acc 0.0708 eff 0.1181 outinratio 0.0739 

ZH126_4l_pTj1_genbin1_recobin2 acc 0.0761 eff 0.1078 outinratio 0.0921 

ttH126_4l_pTj1_genbin1_recobin2 acc 0.0084 eff 0.1742 outinratio 0.1336 

ggH126_4l_pTj1_genbin2_recobin2 acc 0.0475 eff 0.4293 outinratio 0.0693 

VBFH126_4l_pTj1_genbin2_recobin2 acc 0.1567 eff 0.4068 outinratio 0.0335 

WminusH126_4l_pTj1_genbin2_recobin2 acc 0.1004 eff 0.4157 outinratio 0.0678 

WplusH126_4l_pTj1_genbin2_recobin2 acc 0.0896 eff 0.422 outinratio 0.0739 

ZH126_4l_pTj1_genbin2_recobin2 acc 0.1042 eff 0.4095 outinratio 0.0921 

ttH126_4l_pTj1_genbin2_recobin2 acc 0.0678 eff 0.4365 outinratio 0.1336 

ggH126_4l_pTj1_genbin3_recobin2 acc 0.0241 eff 0.098 outinratio 0.0693 

VBFH126_4l_pTj1_genbin3_recobin2 acc 0.1341 eff 0.0506 outinratio 0.0335 

WminusH126_4l_pTj1_genbin3_recobin2 acc 0.0695 eff 0.0472 outinratio 0.0678 

WplusH126_4l_pTj1_genbin3_recobin2 acc 0.0645 eff 0.0519 outinratio 0.0739 

ZH126_4l_pTj1_genbin3_recobin2 acc 0.0703 eff 0.0457 outinratio 0.0921 

ttH126_4l_pTj1_genbin3_recobin2 acc 0.1773 eff 0.0337 outinratio 0.1336 

ggH126_4l_pTj1_genbin4_recobin2 acc 0.006 eff 0.0 outinratio 0.0693 

VBFH126_4l_pTj1_genbin4_recobin2 acc 0.0267 eff 0.0022 outinratio 0.0335 

WminusH126_4l_pTj1_genbin4_recobin2 acc 0.0158 eff 0.0 outinratio 0.0678 

WplusH126_4l_pTj1_genbin4_recobin2 acc 0.016 eff 0.0055 outinratio 0.0739 

ZH126_4l_pTj1_genbin4_recobin2 acc 0.0181 eff 0.0031 outinratio 0.0921 

ttH126_4l_pTj1_genbin4_recobin2 acc 0.0661 eff 0.0042 outinratio 0.1336 

ggH126_4l_pTj1_genbin0_recobin3 acc 0.2564 eff 0.0 outinratio 0.0373 

VBFH126_4l_pTj1_genbin0_recobin3 acc 0.0393 eff 0.0027 outinratio 0.0357 

WminusH126_4l_pTj1_genbin0_recobin3 acc 0.0859 eff 0.0166 outinratio 0.0627 

WplusH126_4l_pTj1_genbin0_recobin3 acc 0.0788 eff 0.0098 outinratio 0.0647 

ZH126_4l_pTj1_genbin0_recobin3 acc 0.0717 eff 0.0071 outinratio 0.0571 

ttH126_4l_pTj1_genbin0_recobin3 acc 0.0006 eff -1.0 outinratio 0.1529 

ggH126_4l_pTj1_genbin1_recobin3 acc 0.0766 eff 0.0 outinratio 0.0373 

VBFH126_4l_pTj1_genbin1_recobin3 acc 0.0938 eff 0.0008 outinratio 0.0357 

WminusH126_4l_pTj1_genbin1_recobin3 acc 0.0862 eff 0.0081 outinratio 0.0627 

WplusH126_4l_pTj1_genbin1_recobin3 acc 0.0708 eff 0.0044 outinratio 0.0647 

ZH126_4l_pTj1_genbin1_recobin3 acc 0.0761 eff 0.0056 outinratio 0.0571 

ttH126_4l_pTj1_genbin1_recobin3 acc 0.0084 eff 0.0892 outinratio 0.1529 

ggH126_4l_pTj1_genbin2_recobin3 acc 0.0475 eff 0.036 outinratio 0.0373 

VBFH126_4l_pTj1_genbin2_recobin3 acc 0.1567 eff 0.0991 outinratio 0.0357 

WminusH126_4l_pTj1_genbin2_recobin3 acc 0.1004 eff 0.0622 outinratio 0.0627 

WplusH126_4l_pTj1_genbin2_recobin3 acc 0.0896 eff 0.0737 outinratio 0.0647 

ZH126_4l_pTj1_genbin2_recobin3 acc 0.1042 eff 0.0612 outinratio 0.0571 

ttH126_4l_pTj1_genbin2_recobin3 acc 0.0678 eff 0.128 outinratio 0.1529 

ggH126_4l_pTj1_genbin3_recobin3 acc 0.0241 eff 0.5596 outinratio 0.0373 

VBFH126_4l_pTj1_genbin3_recobin3 acc 0.1341 eff 0.497 outinratio 0.0357 

WminusH126_4l_pTj1_genbin3_recobin3 acc 0.0695 eff 0.5052 outinratio 0.0627 

WplusH126_4l_pTj1_genbin3_recobin3 acc 0.0645 eff 0.4975 outinratio 0.0647 

ZH126_4l_pTj1_genbin3_recobin3 acc 0.0703 eff 0.5121 outinratio 0.0571 

ttH126_4l_pTj1_genbin3_recobin3 acc 0.1773 eff 0.4551 outinratio 0.1529 

ggH126_4l_pTj1_genbin4_recobin3 acc 0.006 eff 0.0669 outinratio 0.0373 

VBFH126_4l_pTj1_genbin4_recobin3 acc 0.0267 eff 0.047 outinratio 0.0357 

WminusH126_4l_pTj1_genbin4_recobin3 acc 0.0158 eff 0.0634 outinratio 0.0627 

WplusH126_4l_pTj1_genbin4_recobin3 acc 0.016 eff 0.0681 outinratio 0.0647 

ZH126_4l_pTj1_genbin4_recobin3 acc 0.0181 eff 0.0673 outinratio 0.0571 

ttH126_4l_pTj1_genbin4_recobin3 acc 0.0661 eff 0.042 outinratio 0.1529 

ggH126_4l_pTj1_genbin0_recobin4 acc 0.2564 eff 0.0 outinratio 0.0541 

VBFH126_4l_pTj1_genbin0_recobin4 acc 0.0393 eff 0.0 outinratio 0.0451 

WminusH126_4l_pTj1_genbin0_recobin4 acc 0.0859 eff 0.0024 outinratio 0.0749 

WplusH126_4l_pTj1_genbin0_recobin4 acc 0.0788 eff 0.0004 outinratio 0.0797 

ZH126_4l_pTj1_genbin0_recobin4 acc 0.0717 eff 0.0 outinratio 0.098 

ttH126_4l_pTj1_genbin0_recobin4 acc 0.0006 eff -1.0 outinratio 0.2262 

ggH126_4l_pTj1_genbin1_recobin4 acc 0.0766 eff 0.0 outinratio 0.0541 

VBFH126_4l_pTj1_genbin1_recobin4 acc 0.0938 eff 0.0 outinratio 0.0451 

WminusH126_4l_pTj1_genbin1_recobin4 acc 0.0862 eff 0.0009 outinratio 0.0749 

WplusH126_4l_pTj1_genbin1_recobin4 acc 0.0708 eff 0.0 outinratio 0.0797 

ZH126_4l_pTj1_genbin1_recobin4 acc 0.0761 eff 0.0 outinratio 0.098 

ttH126_4l_pTj1_genbin1_recobin4 acc 0.0084 eff 0.0073 outinratio 0.2262 

ggH126_4l_pTj1_genbin2_recobin4 acc 0.0475 eff 0.0 outinratio 0.0541 

VBFH126_4l_pTj1_genbin2_recobin4 acc 0.1567 eff 0.0 outinratio 0.0451 

WminusH126_4l_pTj1_genbin2_recobin4 acc 0.1004 eff 0.0003 outinratio 0.0749 

WplusH126_4l_pTj1_genbin2_recobin4 acc 0.0896 eff 0.0004 outinratio 0.0797 

ZH126_4l_pTj1_genbin2_recobin4 acc 0.1042 eff 0.0005 outinratio 0.098 

ttH126_4l_pTj1_genbin2_recobin4 acc 0.0678 eff 0.0026 outinratio 0.2262 

ggH126_4l_pTj1_genbin3_recobin4 acc 0.0241 eff 0.0191 outinratio 0.0541 

VBFH126_4l_pTj1_genbin3_recobin4 acc 0.1341 eff 0.0288 outinratio 0.0451 

WminusH126_4l_pTj1_genbin3_recobin4 acc 0.0695 eff 0.0219 outinratio 0.0749 

WplusH126_4l_pTj1_genbin3_recobin4 acc 0.0645 eff 0.0217 outinratio 0.0797 

ZH126_4l_pTj1_genbin3_recobin4 acc 0.0703 eff 0.012 outinratio 0.098 

ttH126_4l_pTj1_genbin3_recobin4 acc 0.1773 eff 0.0235 outinratio 0.2262 

ggH126_4l_pTj1_genbin4_recobin4 acc 0.006 eff 0.5796 outinratio 0.0541 

VBFH126_4l_pTj1_genbin4_recobin4 acc 0.0267 eff 0.5214 outinratio 0.0451 

WminusH126_4l_pTj1_genbin4_recobin4 acc 0.0158 eff 0.4952 outinratio 0.0749 

WplusH126_4l_pTj1_genbin4_recobin4 acc 0.016 eff 0.5413 outinratio 0.0797 

ZH126_4l_pTj1_genbin4_recobin4 acc 0.0181 eff 0.4938 outinratio 0.098 

ttH126_4l_pTj1_genbin4_recobin4 acc 0.0661 eff 0.5087 outinratio 0.2262 

ggH126_4e_pTj1_genbin0_recobin0 acc 0.2499 eff 0.2674 outinratio 0.0481 

VBFH126_4e_pTj1_genbin0_recobin0 acc 0.0354 eff 0.2582 outinratio 0.0264 

WminusH126_4e_pTj1_genbin0_recobin0 acc 0.0858 eff 0.2358 outinratio 0.0708 

WplusH126_4e_pTj1_genbin0_recobin0 acc 0.0818 eff 0.2655 outinratio 0.0601 

ZH126_4e_pTj1_genbin0_recobin0 acc 0.0662 eff 0.2848 outinratio 0.0649 

ttH126_4e_pTj1_genbin0_recobin0 acc 0.0004 eff -1.0 outinratio 0.0 

ggH126_4e_pTj1_genbin1_recobin0 acc 0.0697 eff 0.0308 outinratio 0.0481 

VBFH126_4e_pTj1_genbin1_recobin0 acc 0.0887 eff 0.0443 outinratio 0.0264 

WminusH126_4e_pTj1_genbin1_recobin0 acc 0.0803 eff 0.0281 outinratio 0.0708 

WplusH126_4e_pTj1_genbin1_recobin0 acc 0.0673 eff 0.0288 outinratio 0.0601 

ZH126_4e_pTj1_genbin1_recobin0 acc 0.0761 eff 0.0262 outinratio 0.0649 

ttH126_4e_pTj1_genbin1_recobin0 acc 0.0137 eff 0.0 outinratio 0.0 

ggH126_4e_pTj1_genbin2_recobin0 acc 0.0497 eff 0.0027 outinratio 0.0481 

VBFH126_4e_pTj1_genbin2_recobin0 acc 0.1491 eff 0.0053 outinratio 0.0264 

WminusH126_4e_pTj1_genbin2_recobin0 acc 0.0967 eff 0.0036 outinratio 0.0708 

WplusH126_4e_pTj1_genbin2_recobin0 acc 0.0901 eff 0.0029 outinratio 0.0601 

ZH126_4e_pTj1_genbin2_recobin0 acc 0.0978 eff 0.0016 outinratio 0.0649 

ttH126_4e_pTj1_genbin2_recobin0 acc 0.0599 eff 0.0 outinratio 0.0 

ggH126_4e_pTj1_genbin3_recobin0 acc 0.024 eff 0.0 outinratio 0.0481 

VBFH126_4e_pTj1_genbin3_recobin0 acc 0.1322 eff 0.0068 outinratio 0.0264 

WminusH126_4e_pTj1_genbin3_recobin0 acc 0.0681 eff 0.0 outinratio 0.0708 

WplusH126_4e_pTj1_genbin3_recobin0 acc 0.0609 eff 0.0 outinratio 0.0601 

ZH126_4e_pTj1_genbin3_recobin0 acc 0.0724 eff 0.0035 outinratio 0.0649 

ttH126_4e_pTj1_genbin3_recobin0 acc 0.1769 eff 0.0 outinratio 0.0 

ggH126_4e_pTj1_genbin4_recobin0 acc 0.006 eff 0.0 outinratio 0.0481 

VBFH126_4e_pTj1_genbin4_recobin0 acc 0.0242 eff 0.0022 outinratio 0.0264 

WminusH126_4e_pTj1_genbin4_recobin0 acc 0.0179 eff 0.0099 outinratio 0.0708 

WplusH126_4e_pTj1_genbin4_recobin0 acc 0.0193 eff 0.0 outinratio 0.0601 

ZH126_4e_pTj1_genbin4_recobin0 acc 0.0187 eff 0.0 outinratio 0.0649 

ttH126_4e_pTj1_genbin4_recobin0 acc 0.0632 eff 0.0 outinratio 0.0 

ggH126_4e_pTj1_genbin0_recobin1 acc 0.2499 eff 0.0338 outinratio 0.0727 

VBFH126_4e_pTj1_genbin0_recobin1 acc 0.0354 eff 0.0942 outinratio 0.0303 

WminusH126_4e_pTj1_genbin0_recobin1 acc 0.0858 eff 0.0772 outinratio 0.0427 

WplusH126_4e_pTj1_genbin0_recobin1 acc 0.0818 eff 0.0642 outinratio 0.0673 

ZH126_4e_pTj1_genbin0_recobin1 acc 0.0662 eff 0.0523 outinratio 0.0363 

ttH126_4e_pTj1_genbin0_recobin1 acc 0.0004 eff -1.0 outinratio 0.1501 

ggH126_4e_pTj1_genbin1_recobin1 acc 0.0697 eff 0.2538 outinratio 0.0727 

VBFH126_4e_pTj1_genbin1_recobin1 acc 0.0887 eff 0.2233 outinratio 0.0303 

WminusH126_4e_pTj1_genbin1_recobin1 acc 0.0803 eff 0.2077 outinratio 0.0427 

WplusH126_4e_pTj1_genbin1_recobin1 acc 0.0673 eff 0.2537 outinratio 0.0673 

ZH126_4e_pTj1_genbin1_recobin1 acc 0.0761 eff 0.2091 outinratio 0.0363 

ttH126_4e_pTj1_genbin1_recobin1 acc 0.0137 eff 0.1255 outinratio 0.1501 

ggH126_4e_pTj1_genbin2_recobin1 acc 0.0497 eff 0.0324 outinratio 0.0727 

VBFH126_4e_pTj1_genbin2_recobin1 acc 0.1491 eff 0.0312 outinratio 0.0303 

WminusH126_4e_pTj1_genbin2_recobin1 acc 0.0967 eff 0.0349 outinratio 0.0427 

WplusH126_4e_pTj1_genbin2_recobin1 acc 0.0901 eff 0.0215 outinratio 0.0673 

ZH126_4e_pTj1_genbin2_recobin1 acc 0.0978 eff 0.0334 outinratio 0.0363 

ttH126_4e_pTj1_genbin2_recobin1 acc 0.0599 eff 0.0022 outinratio 0.1501 

ggH126_4e_pTj1_genbin3_recobin1 acc 0.024 eff 0.0 outinratio 0.0727 

VBFH126_4e_pTj1_genbin3_recobin1 acc 0.1322 eff 0.0013 outinratio 0.0303 

WminusH126_4e_pTj1_genbin3_recobin1 acc 0.0681 eff 0.0035 outinratio 0.0427 

WplusH126_4e_pTj1_genbin3_recobin1 acc 0.0609 eff 0.0018 outinratio 0.0673 

ZH126_4e_pTj1_genbin3_recobin1 acc 0.0724 eff 0.0022 outinratio 0.0363 

ttH126_4e_pTj1_genbin3_recobin1 acc 0.1769 eff 0.0 outinratio 0.1501 

ggH126_4e_pTj1_genbin4_recobin1 acc 0.006 eff 0.0 outinratio 0.0727 

VBFH126_4e_pTj1_genbin4_recobin1 acc 0.0242 eff 0.0 outinratio 0.0303 

WminusH126_4e_pTj1_genbin4_recobin1 acc 0.0179 eff 0.0 outinratio 0.0427 

WplusH126_4e_pTj1_genbin4_recobin1 acc 0.0193 eff 0.0 outinratio 0.0673 

ZH126_4e_pTj1_genbin4_recobin1 acc 0.0187 eff 0.0 outinratio 0.0363 

ttH126_4e_pTj1_genbin4_recobin1 acc 0.0632 eff 0.0 outinratio 0.1501 

ggH126_4e_pTj1_genbin0_recobin2 acc 0.2499 eff 0.0089 outinratio 0.0946 

VBFH126_4e_pTj1_genbin0_recobin2 acc 0.0354 eff 0.0477 outinratio 0.0236 

WminusH126_4e_pTj1_genbin0_recobin2 acc 0.0858 eff 0.0265 outinratio 0.0868 

WplusH126_4e_pTj1_genbin0_recobin2 acc 0.0818 eff 0.0358 outinratio 0.068 

ZH126_4e_pTj1_genbin0_recobin2 acc 0.0662 eff 0.0159 outinratio 0.0808 

ttH126_4e_pTj1_genbin0_recobin2 acc 0.0004 eff -1.0 outinratio 0.1898 

ggH126_4e_pTj1_genbin1_recobin2 acc 0.0697 eff 0.0292 outinratio 0.0946 

VBFH126_4e_pTj1_genbin1_recobin2 acc 0.0887 eff 0.076 outinratio 0.0236 

WminusH126_4e_pTj1_genbin1_recobin2 acc 0.0803 eff 0.0614 outinratio 0.0868 

WplusH126_4e_pTj1_genbin1_recobin2 acc 0.0673 eff 0.0509 outinratio 0.068 

ZH126_4e_pTj1_genbin1_recobin2 acc 0.0761 eff 0.0573 outinratio 0.0808 

ttH126_4e_pTj1_genbin1_recobin2 acc 0.0137 eff 0.0849 outinratio 0.1898 

ggH126_4e_pTj1_genbin2_recobin2 acc 0.0497 eff 0.2379 outinratio 0.0946 

VBFH126_4e_pTj1_genbin2_recobin2 acc 0.1491 eff 0.2607 outinratio 0.0236 

WminusH126_4e_pTj1_genbin2_recobin2 acc 0.0967 eff 0.26 outinratio 0.0868 

WplusH126_4e_pTj1_genbin2_recobin2 acc 0.0901 eff 0.2606 outinratio 0.068 

ZH126_4e_pTj1_genbin2_recobin2 acc 0.0978 eff 0.247 outinratio 0.0808 

ttH126_4e_pTj1_genbin2_recobin2 acc 0.0599 eff 0.284 outinratio 0.1898 

ggH126_4e_pTj1_genbin3_recobin2 acc 0.024 eff 0.0791 outinratio 0.0946 

VBFH126_4e_pTj1_genbin3_recobin2 acc 0.1322 eff 0.0248 outinratio 0.0236 

WminusH126_4e_pTj1_genbin3_recobin2 acc 0.0681 eff 0.0384 outinratio 0.0868 

WplusH126_4e_pTj1_genbin3_recobin2 acc 0.0609 eff 0.04 outinratio 0.068 

ZH126_4e_pTj1_genbin3_recobin2 acc 0.0724 eff 0.0183 outinratio 0.0808 

ttH126_4e_pTj1_genbin3_recobin2 acc 0.1769 eff 0.0222 outinratio 0.1898 

ggH126_4e_pTj1_genbin4_recobin2 acc 0.006 eff 0.0 outinratio 0.0946 

VBFH126_4e_pTj1_genbin4_recobin2 acc 0.0242 eff 0.0037 outinratio 0.0236 

WminusH126_4e_pTj1_genbin4_recobin2 acc 0.0179 eff 0.0 outinratio 0.0868 

WplusH126_4e_pTj1_genbin4_recobin2 acc 0.0193 eff 0.0 outinratio 0.068 

ZH126_4e_pTj1_genbin4_recobin2 acc 0.0187 eff 0.0 outinratio 0.0808 

ttH126_4e_pTj1_genbin4_recobin2 acc 0.0632 eff 0.0 outinratio 0.1898 

ggH126_4e_pTj1_genbin0_recobin3 acc 0.2499 eff 0.0 outinratio 0.0719 

VBFH126_4e_pTj1_genbin0_recobin3 acc 0.0354 eff 0.0 outinratio 0.043 

WminusH126_4e_pTj1_genbin0_recobin3 acc 0.0858 eff 0.015 outinratio 0.0748 

WplusH126_4e_pTj1_genbin0_recobin3 acc 0.0818 eff 0.0046 outinratio 0.076 

ZH126_4e_pTj1_genbin0_recobin3 acc 0.0662 eff 0.0069 outinratio 0.0477 

ttH126_4e_pTj1_genbin0_recobin3 acc 0.0004 eff -1.0 outinratio 0.158 

ggH126_4e_pTj1_genbin1_recobin3 acc 0.0697 eff 0.0 outinratio 0.0719 

VBFH126_4e_pTj1_genbin1_recobin3 acc 0.0887 eff 0.0 outinratio 0.043 

WminusH126_4e_pTj1_genbin1_recobin3 acc 0.0803 eff 0.0053 outinratio 0.0748 

WplusH126_4e_pTj1_genbin1_recobin3 acc 0.0673 eff 0.0047 outinratio 0.076 

ZH126_4e_pTj1_genbin1_recobin3 acc 0.0761 eff 0.0 outinratio 0.0477 

ttH126_4e_pTj1_genbin1_recobin3 acc 0.0137 eff 0.0377 outinratio 0.158 

ggH126_4e_pTj1_genbin2_recobin3 acc 0.0497 eff 0.0418 outinratio 0.0719 

VBFH126_4e_pTj1_genbin2_recobin3 acc 0.1491 eff 0.0663 outinratio 0.043 

WminusH126_4e_pTj1_genbin2_recobin3 acc 0.0967 eff 0.0379 outinratio 0.0748 

WplusH126_4e_pTj1_genbin2_recobin3 acc 0.0901 eff 0.0281 outinratio 0.076 

ZH126_4e_pTj1_genbin2_recobin3 acc 0.0978 eff 0.0539 outinratio 0.0477 

ttH126_4e_pTj1_genbin2_recobin3 acc 0.0599 eff 0.1112 outinratio 0.158 

ggH126_4e_pTj1_genbin3_recobin3 acc 0.024 eff 0.3952 outinratio 0.0719 

VBFH126_4e_pTj1_genbin3_recobin3 acc 0.1322 eff 0.3141 outinratio 0.043 

WminusH126_4e_pTj1_genbin3_recobin3 acc 0.0681 eff 0.2765 outinratio 0.0748 

WplusH126_4e_pTj1_genbin3_recobin3 acc 0.0609 eff 0.3233 outinratio 0.076 

ZH126_4e_pTj1_genbin3_recobin3 acc 0.0724 eff 0.3195 outinratio 0.0477 

ttH126_4e_pTj1_genbin3_recobin3 acc 0.1769 eff 0.2944 outinratio 0.158 

ggH126_4e_pTj1_genbin4_recobin3 acc 0.006 eff 0.0 outinratio 0.0719 

VBFH126_4e_pTj1_genbin4_recobin3 acc 0.0242 eff 0.023 outinratio 0.043 

WminusH126_4e_pTj1_genbin4_recobin3 acc 0.0179 eff 0.0217 outinratio 0.0748 

WplusH126_4e_pTj1_genbin4_recobin3 acc 0.0193 eff 0.0276 outinratio 0.076 

ZH126_4e_pTj1_genbin4_recobin3 acc 0.0187 eff 0.0596 outinratio 0.0477 

ttH126_4e_pTj1_genbin4_recobin3 acc 0.0632 eff 0.0364 outinratio 0.158 

ggH126_4e_pTj1_genbin0_recobin4 acc 0.2499 eff 0.0 outinratio 0.0615 

VBFH126_4e_pTj1_genbin0_recobin4 acc 0.0354 eff 0.0 outinratio 0.0541 

WminusH126_4e_pTj1_genbin0_recobin4 acc 0.0858 eff 0.0026 outinratio 0.0599 

WplusH126_4e_pTj1_genbin0_recobin4 acc 0.0818 eff 0.0 outinratio 0.0289 

ZH126_4e_pTj1_genbin0_recobin4 acc 0.0662 eff 0.0 outinratio 0.223 

ttH126_4e_pTj1_genbin0_recobin4 acc 0.0004 eff -1.0 outinratio 0.2258 

ggH126_4e_pTj1_genbin1_recobin4 acc 0.0697 eff 0.0 outinratio 0.0615 

VBFH126_4e_pTj1_genbin1_recobin4 acc 0.0887 eff 0.0 outinratio 0.0541 

WminusH126_4e_pTj1_genbin1_recobin4 acc 0.0803 eff 0.0 outinratio 0.0599 

WplusH126_4e_pTj1_genbin1_recobin4 acc 0.0673 eff 0.0 outinratio 0.0289 

ZH126_4e_pTj1_genbin1_recobin4 acc 0.0761 eff 0.0 outinratio 0.223 

ttH126_4e_pTj1_genbin1_recobin4 acc 0.0137 eff 0.0169 outinratio 0.2258 

ggH126_4e_pTj1_genbin2_recobin4 acc 0.0497 eff 0.0 outinratio 0.0615 

VBFH126_4e_pTj1_genbin2_recobin4 acc 0.1491 eff 0.0 outinratio 0.0541 

WminusH126_4e_pTj1_genbin2_recobin4 acc 0.0967 eff 0.0 outinratio 0.0599 

WplusH126_4e_pTj1_genbin2_recobin4 acc 0.0901 eff 0.0 outinratio 0.0289 

ZH126_4e_pTj1_genbin2_recobin4 acc 0.0978 eff 0.0019 outinratio 0.223 

ttH126_4e_pTj1_genbin2_recobin4 acc 0.0599 eff 0.0034 outinratio 0.2258 

ggH126_4e_pTj1_genbin3_recobin4 acc 0.024 eff 0.0112 outinratio 0.0615 

VBFH126_4e_pTj1_genbin3_recobin4 acc 0.1322 eff 0.0169 outinratio 0.0541 

WminusH126_4e_pTj1_genbin3_recobin4 acc 0.0681 eff 0.0237 outinratio 0.0599 

WplusH126_4e_pTj1_genbin3_recobin4 acc 0.0609 eff 0.0128 outinratio 0.0289 

ZH126_4e_pTj1_genbin3_recobin4 acc 0.0724 eff 0.0073 outinratio 0.223 

ttH126_4e_pTj1_genbin3_recobin4 acc 0.1769 eff 0.0126 outinratio 0.2258 

ggH126_4e_pTj1_genbin4_recobin4 acc 0.006 eff 0.4511 outinratio 0.0615 

VBFH126_4e_pTj1_genbin4_recobin4 acc 0.0242 eff 0.3576 outinratio 0.0541 

WminusH126_4e_pTj1_genbin4_recobin4 acc 0.0179 eff 0.3405 outinratio 0.0599 

WplusH126_4e_pTj1_genbin4_recobin4 acc 0.0193 eff 0.3839 outinratio 0.0289 

ZH126_4e_pTj1_genbin4_recobin4 acc 0.0187 eff 0.3162 outinratio 0.223 

ttH126_4e_pTj1_genbin4_recobin4 acc 0.0632 eff 0.3507 outinratio 0.2258 

ggH126_4mu_pTj1_genbin0_recobin0 acc 0.265 eff 0.6721 outinratio 0.0331 

VBFH126_4mu_pTj1_genbin0_recobin0 acc 0.0429 eff 0.5443 outinratio 0.0332 

WminusH126_4mu_pTj1_genbin0_recobin0 acc 0.0918 eff 0.5741 outinratio 0.0474 

WplusH126_4mu_pTj1_genbin0_recobin0 acc 0.0854 eff 0.5245 outinratio 0.04 

ZH126_4mu_pTj1_genbin0_recobin0 acc 0.073 eff 0.6316 outinratio 0.0871 

ttH126_4mu_pTj1_genbin0_recobin0 acc 0.0018 eff -1.0 outinratio 1.34 

ggH126_4mu_pTj1_genbin1_recobin0 acc 0.0791 eff 0.1453 outinratio 0.0331 

VBFH126_4mu_pTj1_genbin1_recobin0 acc 0.1014 eff 0.0931 outinratio 0.0332 

WminusH126_4mu_pTj1_genbin1_recobin0 acc 0.093 eff 0.0438 outinratio 0.0474 

WplusH126_4mu_pTj1_genbin1_recobin0 acc 0.0765 eff 0.0733 outinratio 0.04 

ZH126_4mu_pTj1_genbin1_recobin0 acc 0.0848 eff 0.0561 outinratio 0.0871 

ttH126_4mu_pTj1_genbin1_recobin0 acc 0.006 eff 0.0 outinratio 1.34 

ggH126_4mu_pTj1_genbin2_recobin0 acc 0.0476 eff 0.0046 outinratio 0.0331 

VBFH126_4mu_pTj1_genbin2_recobin0 acc 0.1653 eff 0.017 outinratio 0.0332 

WminusH126_4mu_pTj1_genbin2_recobin0 acc 0.1035 eff 0.0119 outinratio 0.0474 

WplusH126_4mu_pTj1_genbin2_recobin0 acc 0.0988 eff 0.0068 outinratio 0.04 

ZH126_4mu_pTj1_genbin2_recobin0 acc 0.1082 eff 0.0057 outinratio 0.0871 

ttH126_4mu_pTj1_genbin2_recobin0 acc 0.0764 eff 0.0033 outinratio 1.34 

ggH126_4mu_pTj1_genbin3_recobin0 acc 0.0293 eff 0.0 outinratio 0.0331 

VBFH126_4mu_pTj1_genbin3_recobin0 acc 0.1428 eff 0.0032 outinratio 0.0332 

WminusH126_4mu_pTj1_genbin3_recobin0 acc 0.0726 eff 0.001 outinratio 0.0474 

WplusH126_4mu_pTj1_genbin3_recobin0 acc 0.071 eff 0.0019 outinratio 0.04 

ZH126_4mu_pTj1_genbin3_recobin0 acc 0.0723 eff 0.0027 outinratio 0.0871 

ttH126_4mu_pTj1_genbin3_recobin0 acc 0.1916 eff 0.0 outinratio 1.34 

ggH126_4mu_pTj1_genbin4_recobin0 acc 0.0073 eff 0.0 outinratio 0.0331 

VBFH126_4mu_pTj1_genbin4_recobin0 acc 0.0273 eff 0.0 outinratio 0.0332 

WminusH126_4mu_pTj1_genbin4_recobin0 acc 0.0149 eff 0.0 outinratio 0.0474 

WplusH126_4mu_pTj1_genbin4_recobin0 acc 0.0162 eff 0.0 outinratio 0.04 

ZH126_4mu_pTj1_genbin4_recobin0 acc 0.0173 eff 0.0 outinratio 0.0871 

ttH126_4mu_pTj1_genbin4_recobin0 acc 0.0668 eff 0.0 outinratio 1.34 

ggH126_4mu_pTj1_genbin0_recobin1 acc 0.265 eff 0.1149 outinratio 0.044 

VBFH126_4mu_pTj1_genbin0_recobin1 acc 0.0429 eff 0.2087 outinratio 0.0342 

WminusH126_4mu_pTj1_genbin0_recobin1 acc 0.0918 eff 0.1583 outinratio 0.0604 

WplusH126_4mu_pTj1_genbin0_recobin1 acc 0.0854 eff 0.14 outinratio 0.0831 

ZH126_4mu_pTj1_genbin0_recobin1 acc 0.073 eff 0.1579 outinratio 0.0876 

ttH126_4mu_pTj1_genbin0_recobin1 acc 0.0018 eff -1.0 outinratio 0.3201 

ggH126_4mu_pTj1_genbin1_recobin1 acc 0.0791 eff 0.5459 outinratio 0.044 

VBFH126_4mu_pTj1_genbin1_recobin1 acc 0.1014 eff 0.5106 outinratio 0.0342 

WminusH126_4mu_pTj1_genbin1_recobin1 acc 0.093 eff 0.5324 outinratio 0.0604 

WplusH126_4mu_pTj1_genbin1_recobin1 acc 0.0765 eff 0.561 outinratio 0.0831 

ZH126_4mu_pTj1_genbin1_recobin1 acc 0.0848 eff 0.538 outinratio 0.0876 

ttH126_4mu_pTj1_genbin1_recobin1 acc 0.006 eff 0.3942 outinratio 0.3201 

ggH126_4mu_pTj1_genbin2_recobin1 acc 0.0476 eff 0.0945 outinratio 0.044 

VBFH126_4mu_pTj1_genbin2_recobin1 acc 0.1653 eff 0.0836 outinratio 0.0342 

WminusH126_4mu_pTj1_genbin2_recobin1 acc 0.1035 eff 0.0993 outinratio 0.0604 

WplusH126_4mu_pTj1_genbin2_recobin1 acc 0.0988 eff 0.0807 outinratio 0.0831 

ZH126_4mu_pTj1_genbin2_recobin1 acc 0.1082 eff 0.11 outinratio 0.0876 

ttH126_4mu_pTj1_genbin2_recobin1 acc 0.0764 eff 0.0194 outinratio 0.3201 

ggH126_4mu_pTj1_genbin3_recobin1 acc 0.0293 eff 0.0211 outinratio 0.044 

VBFH126_4mu_pTj1_genbin3_recobin1 acc 0.1428 eff 0.0045 outinratio 0.0342 

WminusH126_4mu_pTj1_genbin3_recobin1 acc 0.0726 eff 0.0055 outinratio 0.0604 

WplusH126_4mu_pTj1_genbin3_recobin1 acc 0.071 eff 0.0 outinratio 0.0831 

ZH126_4mu_pTj1_genbin3_recobin1 acc 0.0723 eff 0.0 outinratio 0.0876 

ttH126_4mu_pTj1_genbin3_recobin1 acc 0.1916 eff 0.0033 outinratio 0.3201 

ggH126_4mu_pTj1_genbin4_recobin1 acc 0.0073 eff 0.0 outinratio 0.044 

VBFH126_4mu_pTj1_genbin4_recobin1 acc 0.0273 eff 0.0009 outinratio 0.0342 

WminusH126_4mu_pTj1_genbin4_recobin1 acc 0.0149 eff 0.0 outinratio 0.0604 

WplusH126_4mu_pTj1_genbin4_recobin1 acc 0.0162 eff 0.0 outinratio 0.0831 

ZH126_4mu_pTj1_genbin4_recobin1 acc 0.0173 eff 0.0 outinratio 0.0876 

ttH126_4mu_pTj1_genbin4_recobin1 acc 0.0668 eff 0.0 outinratio 0.3201 

ggH126_4mu_pTj1_genbin0_recobin2 acc 0.265 eff 0.0173 outinratio 0.0657 

VBFH126_4mu_pTj1_genbin0_recobin2 acc 0.0429 eff 0.0543 outinratio 0.0345 

WminusH126_4mu_pTj1_genbin0_recobin2 acc 0.0918 eff 0.0569 outinratio 0.0542 

WplusH126_4mu_pTj1_genbin0_recobin2 acc 0.0854 eff 0.0585 outinratio 0.0714 

ZH126_4mu_pTj1_genbin0_recobin2 acc 0.073 eff 0.0416 outinratio 0.1118 

ttH126_4mu_pTj1_genbin0_recobin2 acc 0.0018 eff -1.0 outinratio 0.1595 

ggH126_4mu_pTj1_genbin1_recobin2 acc 0.0791 eff 0.1149 outinratio 0.0657 

VBFH126_4mu_pTj1_genbin1_recobin2 acc 0.1014 eff 0.1961 outinratio 0.0345 

WminusH126_4mu_pTj1_genbin1_recobin2 acc 0.093 eff 0.1881 outinratio 0.0542 

WplusH126_4mu_pTj1_genbin1_recobin2 acc 0.0765 eff 0.1531 outinratio 0.0714 

ZH126_4mu_pTj1_genbin1_recobin2 acc 0.0848 eff 0.1685 outinratio 0.1118 

ttH126_4mu_pTj1_genbin1_recobin2 acc 0.006 eff 0.4006 outinratio 0.1595 

ggH126_4mu_pTj1_genbin2_recobin2 acc 0.0476 eff 0.664 outinratio 0.0657 

VBFH126_4mu_pTj1_genbin2_recobin2 acc 0.1653 eff 0.5817 outinratio 0.0345 

WminusH126_4mu_pTj1_genbin2_recobin2 acc 0.1035 eff 0.5941 outinratio 0.0542 

WplusH126_4mu_pTj1_genbin2_recobin2 acc 0.0988 eff 0.6212 outinratio 0.0714 

ZH126_4mu_pTj1_genbin2_recobin2 acc 0.1082 eff 0.6118 outinratio 0.1118 

ttH126_4mu_pTj1_genbin2_recobin2 acc 0.0764 eff 0.5851 outinratio 0.1595 

ggH126_4mu_pTj1_genbin3_recobin2 acc 0.0293 eff 0.1213 outinratio 0.0657 

VBFH126_4mu_pTj1_genbin3_recobin2 acc 0.1428 eff 0.0764 outinratio 0.0345 

WminusH126_4mu_pTj1_genbin3_recobin2 acc 0.0726 eff 0.0686 outinratio 0.0542 

WplusH126_4mu_pTj1_genbin3_recobin2 acc 0.071 eff 0.0451 outinratio 0.0714 

ZH126_4mu_pTj1_genbin3_recobin2 acc 0.0723 eff 0.0689 outinratio 0.1118 

ttH126_4mu_pTj1_genbin3_recobin2 acc 0.1916 eff 0.0372 outinratio 0.1595 

ggH126_4mu_pTj1_genbin4_recobin2 acc 0.0073 eff 0.0 outinratio 0.0657 

VBFH126_4mu_pTj1_genbin4_recobin2 acc 0.0273 eff 0.0 outinratio 0.0345 

WminusH126_4mu_pTj1_genbin4_recobin2 acc 0.0149 eff 0.0 outinratio 0.0542 

WplusH126_4mu_pTj1_genbin4_recobin2 acc 0.0162 eff 0.0207 outinratio 0.0714 

ZH126_4mu_pTj1_genbin4_recobin2 acc 0.0173 eff 0.0 outinratio 0.1118 

ttH126_4mu_pTj1_genbin4_recobin2 acc 0.0668 eff 0.0058 outinratio 0.1595 

ggH126_4mu_pTj1_genbin0_recobin3 acc 0.265 eff 0.0 outinratio 0.0372 

VBFH126_4mu_pTj1_genbin0_recobin3 acc 0.0429 eff 0.0027 outinratio 0.0308 

WminusH126_4mu_pTj1_genbin0_recobin3 acc 0.0918 eff 0.0242 outinratio 0.0317 

WplusH126_4mu_pTj1_genbin0_recobin3 acc 0.0854 eff 0.0261 outinratio 0.0512 

ZH126_4mu_pTj1_genbin0_recobin3 acc 0.073 eff -0.0001 outinratio 0.0748 

ttH126_4mu_pTj1_genbin0_recobin3 acc 0.0018 eff -1.0 outinratio 0.1259 

ggH126_4mu_pTj1_genbin1_recobin3 acc 0.0791 eff 0.0 outinratio 0.0372 

VBFH126_4mu_pTj1_genbin1_recobin3 acc 0.1014 eff 0.002 outinratio 0.0308 

WminusH126_4mu_pTj1_genbin1_recobin3 acc 0.093 eff 0.0099 outinratio 0.0317 

WplusH126_4mu_pTj1_genbin1_recobin3 acc 0.0765 eff 0.0058 outinratio 0.0512 

ZH126_4mu_pTj1_genbin1_recobin3 acc 0.0848 eff 0.007 outinratio 0.0748 

ttH126_4mu_pTj1_genbin1_recobin3 acc 0.006 eff 0.2903 outinratio 0.1259 

ggH126_4mu_pTj1_genbin2_recobin3 acc 0.0476 eff 0.0441 outinratio 0.0372 

VBFH126_4mu_pTj1_genbin2_recobin3 acc 0.1653 eff 0.138 outinratio 0.0308 

WminusH126_4mu_pTj1_genbin2_recobin3 acc 0.1035 eff 0.0983 outinratio 0.0317 

WplusH126_4mu_pTj1_genbin2_recobin3 acc 0.0988 eff 0.1115 outinratio 0.0512 

ZH126_4mu_pTj1_genbin2_recobin3 acc 0.1082 eff 0.079 outinratio 0.0748 

ttH126_4mu_pTj1_genbin2_recobin3 acc 0.0764 eff 0.1667 outinratio 0.1259 

ggH126_4mu_pTj1_genbin3_recobin3 acc 0.0293 eff 0.7578 outinratio 0.0372 

VBFH126_4mu_pTj1_genbin3_recobin3 acc 0.1428 eff 0.7197 outinratio 0.0308 

WminusH126_4mu_pTj1_genbin3_recobin3 acc 0.0726 eff 0.7559 outinratio 0.0317 

WplusH126_4mu_pTj1_genbin3_recobin3 acc 0.071 eff 0.725 outinratio 0.0512 

ZH126_4mu_pTj1_genbin3_recobin3 acc 0.0723 eff 0.7182 outinratio 0.0748 

ttH126_4mu_pTj1_genbin3_recobin3 acc 0.1916 eff 0.6694 outinratio 0.1259 

ggH126_4mu_pTj1_genbin4_recobin3 acc 0.0073 eff 0.1303 outinratio 0.0372 

VBFH126_4mu_pTj1_genbin4_recobin3 acc 0.0273 eff 0.0748 outinratio 0.0308 

WminusH126_4mu_pTj1_genbin4_recobin3 acc 0.0149 eff 0.1437 outinratio 0.0317 

WplusH126_4mu_pTj1_genbin4_recobin3 acc 0.0162 eff 0.1493 outinratio 0.0512 

ZH126_4mu_pTj1_genbin4_recobin3 acc 0.0173 eff 0.0971 outinratio 0.0748 

ttH126_4mu_pTj1_genbin4_recobin3 acc 0.0668 eff 0.0683 outinratio 0.1259 

ggH126_4mu_pTj1_genbin0_recobin4 acc 0.265 eff 0.0 outinratio 0.0 

VBFH126_4mu_pTj1_genbin0_recobin4 acc 0.0429 eff 0.0 outinratio 0.0301 

WminusH126_4mu_pTj1_genbin0_recobin4 acc 0.0918 eff 0.0021 outinratio 0.0642 

WplusH126_4mu_pTj1_genbin0_recobin4 acc 0.0854 eff 0.0013 outinratio 0.043 

ZH126_4mu_pTj1_genbin0_recobin4 acc 0.073 eff 0.0 outinratio 0.0587 

ttH126_4mu_pTj1_genbin0_recobin4 acc 0.0018 eff -1.0 outinratio 0.1779 

ggH126_4mu_pTj1_genbin1_recobin4 acc 0.0791 eff 0.0 outinratio 0.0 

VBFH126_4mu_pTj1_genbin1_recobin4 acc 0.1014 eff 0.0 outinratio 0.0301 

WminusH126_4mu_pTj1_genbin1_recobin4 acc 0.093 eff 0.002 outinratio 0.0642 

WplusH126_4mu_pTj1_genbin1_recobin4 acc 0.0765 eff 0.0 outinratio 0.043 

ZH126_4mu_pTj1_genbin1_recobin4 acc 0.0848 eff 0.0 outinratio 0.0587 

ttH126_4mu_pTj1_genbin1_recobin4 acc 0.006 eff 0.0 outinratio 0.1779 

ggH126_4mu_pTj1_genbin2_recobin4 acc 0.0476 eff 0.0 outinratio 0.0 

VBFH126_4mu_pTj1_genbin2_recobin4 acc 0.1653 eff 0.0 outinratio 0.0301 

WminusH126_4mu_pTj1_genbin2_recobin4 acc 0.1035 eff 0.0 outinratio 0.0642 

WplusH126_4mu_pTj1_genbin2_recobin4 acc 0.0988 eff 0.0 outinratio 0.043 

ZH126_4mu_pTj1_genbin2_recobin4 acc 0.1082 eff 0.0 outinratio 0.0587 

ttH126_4mu_pTj1_genbin2_recobin4 acc 0.0764 eff 0.0033 outinratio 0.1779 

ggH126_4mu_pTj1_genbin3_recobin4 acc 0.0293 eff 0.0452 outinratio 0.0 

VBFH126_4mu_pTj1_genbin3_recobin4 acc 0.1428 eff 0.0444 outinratio 0.0301 

WminusH126_4mu_pTj1_genbin3_recobin4 acc 0.0726 eff 0.0279 outinratio 0.0642 

WplusH126_4mu_pTj1_genbin3_recobin4 acc 0.071 eff 0.0448 outinratio 0.043 

ZH126_4mu_pTj1_genbin3_recobin4 acc 0.0723 eff 0.0169 outinratio 0.0587 

ttH126_4mu_pTj1_genbin3_recobin4 acc 0.1916 eff 0.0202 outinratio 0.1779 

ggH126_4mu_pTj1_genbin4_recobin4 acc 0.0073 eff 0.7459 outinratio 0.0 

VBFH126_4mu_pTj1_genbin4_recobin4 acc 0.0273 eff 0.7854 outinratio 0.0301 

WminusH126_4mu_pTj1_genbin4_recobin4 acc 0.0149 eff 0.5915 outinratio 0.0642 

WplusH126_4mu_pTj1_genbin4_recobin4 acc 0.0162 eff 0.7285 outinratio 0.043 

ZH126_4mu_pTj1_genbin4_recobin4 acc 0.0173 eff 0.7782 outinratio 0.0587 

ttH126_4mu_pTj1_genbin4_recobin4 acc 0.0668 eff 0.7363 outinratio 0.1779 

ggH126_2e2mu_pTj1_genbin0_recobin0 acc 0.2552 eff 0.4621 outinratio 0.0556 

VBFH126_2e2mu_pTj1_genbin0_recobin0 acc 0.0394 eff 0.362 outinratio 0.0362 

WminusH126_2e2mu_pTj1_genbin0_recobin0 acc 0.0828 eff 0.3609 outinratio 0.0627 

WplusH126_2e2mu_pTj1_genbin0_recobin0 acc 0.0735 eff 0.345 outinratio 0.0547 

ZH126_2e2mu_pTj1_genbin0_recobin0 acc 0.0739 eff 0.3927 outinratio 0.0673 

ttH126_2e2mu_pTj1_genbin0_recobin0 acc 0.0 eff -1.0 outinratio 0.0 

ggH126_2e2mu_pTj1_genbin1_recobin0 acc 0.079 eff 0.1109 outinratio 0.0556 

VBFH126_2e2mu_pTj1_genbin1_recobin0 acc 0.0925 eff 0.0668 outinratio 0.0362 

WminusH126_2e2mu_pTj1_genbin1_recobin0 acc 0.0857 eff 0.0384 outinratio 0.0627 

WplusH126_2e2mu_pTj1_genbin1_recobin0 acc 0.0695 eff 0.0378 outinratio 0.0547 

ZH126_2e2mu_pTj1_genbin1_recobin0 acc 0.0713 eff 0.0566 outinratio 0.0673 

ttH126_2e2mu_pTj1_genbin1_recobin0 acc 0.0069 eff 0.0 outinratio 0.0 

ggH126_2e2mu_pTj1_genbin2_recobin0 acc 0.0463 eff 0.0018 outinratio 0.0556 

VBFH126_2e2mu_pTj1_genbin2_recobin0 acc 0.1562 eff 0.0127 outinratio 0.0362 

WminusH126_2e2mu_pTj1_genbin2_recobin0 acc 0.1008 eff 0.0019 outinratio 0.0627 

WplusH126_2e2mu_pTj1_genbin2_recobin0 acc 0.0842 eff 0.0059 outinratio 0.0547 

ZH126_2e2mu_pTj1_genbin2_recobin0 acc 0.1054 eff 0.0021 outinratio 0.0673 

ttH126_2e2mu_pTj1_genbin2_recobin0 acc 0.0673 eff 0.0 outinratio 0.0 

ggH126_2e2mu_pTj1_genbin3_recobin0 acc 0.0213 eff 0.0 outinratio 0.0556 

VBFH126_2e2mu_pTj1_genbin3_recobin0 acc 0.1303 eff 0.0039 outinratio 0.0362 

WminusH126_2e2mu_pTj1_genbin3_recobin0 acc 0.0686 eff 0.0017 outinratio 0.0627 

WplusH126_2e2mu_pTj1_genbin3_recobin0 acc 0.0629 eff 0.0 outinratio 0.0547 

ZH126_2e2mu_pTj1_genbin3_recobin0 acc 0.0682 eff 0.0 outinratio 0.0673 

ttH126_2e2mu_pTj1_genbin3_recobin0 acc 0.1696 eff 0.0 outinratio 0.0 

ggH126_2e2mu_pTj1_genbin4_recobin0 acc 0.0052 eff 0.0 outinratio 0.0556 

VBFH126_2e2mu_pTj1_genbin4_recobin0 acc 0.0277 eff 0.0 outinratio 0.0362 

WminusH126_2e2mu_pTj1_genbin4_recobin0 acc 0.0151 eff 0.0076 outinratio 0.0627 

WplusH126_2e2mu_pTj1_genbin4_recobin0 acc 0.014 eff 0.0 outinratio 0.0547 

ZH126_2e2mu_pTj1_genbin4_recobin0 acc 0.0182 eff 0.0 outinratio 0.0673 

ttH126_2e2mu_pTj1_genbin4_recobin0 acc 0.0673 eff 0.0 outinratio 0.0 

ggH126_2e2mu_pTj1_genbin0_recobin1 acc 0.2552 eff 0.052 outinratio 0.0747 

VBFH126_2e2mu_pTj1_genbin0_recobin1 acc 0.0394 eff 0.1246 outinratio 0.0363 

WminusH126_2e2mu_pTj1_genbin0_recobin1 acc 0.0828 eff 0.09 outinratio 0.0741 

WplusH126_2e2mu_pTj1_genbin0_recobin1 acc 0.0735 eff 0.1027 outinratio 0.0537 

ZH126_2e2mu_pTj1_genbin0_recobin1 acc 0.0739 eff 0.0924 outinratio 0.1205 

ttH126_2e2mu_pTj1_genbin0_recobin1 acc 0.0 eff -1.0 outinratio 0.0748 

ggH126_2e2mu_pTj1_genbin1_recobin1 acc 0.079 eff 0.3436 outinratio 0.0747 

VBFH126_2e2mu_pTj1_genbin1_recobin1 acc 0.0925 eff 0.3309 outinratio 0.0363 

WminusH126_2e2mu_pTj1_genbin1_recobin1 acc 0.0857 eff 0.3342 outinratio 0.0741 

WplusH126_2e2mu_pTj1_genbin1_recobin1 acc 0.0695 eff 0.3392 outinratio 0.0537 

ZH126_2e2mu_pTj1_genbin1_recobin1 acc 0.0713 eff 0.3253 outinratio 0.1205 

ttH126_2e2mu_pTj1_genbin1_recobin1 acc 0.0069 eff 0.2527 outinratio 0.0748 

ggH126_2e2mu_pTj1_genbin2_recobin1 acc 0.0463 eff 0.1113 outinratio 0.0747 

VBFH126_2e2mu_pTj1_genbin2_recobin1 acc 0.1562 eff 0.052 outinratio 0.0363 

WminusH126_2e2mu_pTj1_genbin2_recobin1 acc 0.1008 eff 0.0457 outinratio 0.0741 

WplusH126_2e2mu_pTj1_genbin2_recobin1 acc 0.0842 eff 0.0512 outinratio 0.0537 

ZH126_2e2mu_pTj1_genbin2_recobin1 acc 0.1054 eff 0.0586 outinratio 0.1205 

ttH126_2e2mu_pTj1_genbin2_recobin1 acc 0.0673 eff 0.0218 outinratio 0.0748 

ggH126_2e2mu_pTj1_genbin3_recobin1 acc 0.0213 eff 0.0 outinratio 0.0747 

VBFH126_2e2mu_pTj1_genbin3_recobin1 acc 0.1303 eff 0.0045 outinratio 0.0363 

WminusH126_2e2mu_pTj1_genbin3_recobin1 acc 0.0686 eff 0.0023 outinratio 0.0741 

WplusH126_2e2mu_pTj1_genbin3_recobin1 acc 0.0629 eff 0.0028 outinratio 0.0537 

ZH126_2e2mu_pTj1_genbin3_recobin1 acc 0.0682 eff 0.0 outinratio 0.1205 

ttH126_2e2mu_pTj1_genbin3_recobin1 acc 0.1696 eff 0.0 outinratio 0.0748 

ggH126_2e2mu_pTj1_genbin4_recobin1 acc 0.0052 eff 0.0 outinratio 0.0747 

VBFH126_2e2mu_pTj1_genbin4_recobin1 acc 0.0277 eff 0.0021 outinratio 0.0363 

WminusH126_2e2mu_pTj1_genbin4_recobin1 acc 0.0151 eff 0.0 outinratio 0.0741 

WplusH126_2e2mu_pTj1_genbin4_recobin1 acc 0.014 eff 0.0 outinratio 0.0537 

ZH126_2e2mu_pTj1_genbin4_recobin1 acc 0.0182 eff 0.0 outinratio 0.1205 

ttH126_2e2mu_pTj1_genbin4_recobin1 acc 0.0673 eff 0.0 outinratio 0.0748 

ggH126_2e2mu_pTj1_genbin0_recobin2 acc 0.2552 eff 0.0049 outinratio 0.0634 

VBFH126_2e2mu_pTj1_genbin0_recobin2 acc 0.0394 eff 0.0253 outinratio 0.0362 

WminusH126_2e2mu_pTj1_genbin0_recobin2 acc 0.0828 eff 0.0404 outinratio 0.0733 

WplusH126_2e2mu_pTj1_genbin0_recobin2 acc 0.0735 eff 0.0156 outinratio 0.0785 

ZH126_2e2mu_pTj1_genbin0_recobin2 acc 0.0739 eff 0.0223 outinratio 0.0773 

ttH126_2e2mu_pTj1_genbin0_recobin2 acc 0.0 eff -1.0 outinratio 0.0929 

ggH126_2e2mu_pTj1_genbin1_recobin2 acc 0.079 eff 0.0428 outinratio 0.0634 

VBFH126_2e2mu_pTj1_genbin1_recobin2 acc 0.0925 eff 0.1225 outinratio 0.0362 

WminusH126_2e2mu_pTj1_genbin1_recobin2 acc 0.0857 eff 0.104 outinratio 0.0733 

WplusH126_2e2mu_pTj1_genbin1_recobin2 acc 0.0695 eff 0.1324 outinratio 0.0785 

ZH126_2e2mu_pTj1_genbin1_recobin2 acc 0.0713 eff 0.0974 outinratio 0.0773 

ttH126_2e2mu_pTj1_genbin1_recobin2 acc 0.0069 eff 0.1612 outinratio 0.0929 

ggH126_2e2mu_pTj1_genbin2_recobin2 acc 0.0463 eff 0.4082 outinratio 0.0634 

VBFH126_2e2mu_pTj1_genbin2_recobin2 acc 0.1562 eff 0.3815 outinratio 0.0362 

WminusH126_2e2mu_pTj1_genbin2_recobin2 acc 0.1008 eff 0.3975 outinratio 0.0733 

WplusH126_2e2mu_pTj1_genbin2_recobin2 acc 0.0842 eff 0.3873 outinratio 0.0785 

ZH126_2e2mu_pTj1_genbin2_recobin2 acc 0.1054 eff 0.3772 outinratio 0.0773 

ttH126_2e2mu_pTj1_genbin2_recobin2 acc 0.0673 eff 0.4171 outinratio 0.0929 

ggH126_2e2mu_pTj1_genbin3_recobin2 acc 0.0213 eff 0.092 outinratio 0.0634 

VBFH126_2e2mu_pTj1_genbin3_recobin2 acc 0.1303 eff 0.0493 outinratio 0.0362 

WminusH126_2e2mu_pTj1_genbin3_recobin2 acc 0.0686 eff 0.0396 outinratio 0.0733 

WplusH126_2e2mu_pTj1_genbin3_recobin2 acc 0.0629 eff 0.0626 outinratio 0.0785 

ZH126_2e2mu_pTj1_genbin3_recobin2 acc 0.0682 eff 0.0479 outinratio 0.0773 

ttH126_2e2mu_pTj1_genbin3_recobin2 acc 0.1696 eff 0.038 outinratio 0.0929 

ggH126_2e2mu_pTj1_genbin4_recobin2 acc 0.0052 eff 0.0 outinratio 0.0634 

VBFH126_2e2mu_pTj1_genbin4_recobin2 acc 0.0277 eff 0.0026 outinratio 0.0362 

WminusH126_2e2mu_pTj1_genbin4_recobin2 acc 0.0151 eff 0.0 outinratio 0.0733 

WplusH126_2e2mu_pTj1_genbin4_recobin2 acc 0.014 eff 0.0 outinratio 0.0785 

ZH126_2e2mu_pTj1_genbin4_recobin2 acc 0.0182 eff 0.0064 outinratio 0.0773 

ttH126_2e2mu_pTj1_genbin4_recobin2 acc 0.0673 eff 0.0054 outinratio 0.0929 

ggH126_2e2mu_pTj1_genbin0_recobin3 acc 0.2552 eff 0.0 outinratio 0.0202 

VBFH126_2e2mu_pTj1_genbin0_recobin3 acc 0.0394 eff 0.0041 outinratio 0.0375 

WminusH126_2e2mu_pTj1_genbin0_recobin3 acc 0.0828 eff 0.0129 outinratio 0.0877 

WplusH126_2e2mu_pTj1_genbin0_recobin3 acc 0.0735 eff 0.0025 outinratio 0.0747 

ZH126_2e2mu_pTj1_genbin0_recobin3 acc 0.0739 eff 0.0111 outinratio 0.0464 

ttH126_2e2mu_pTj1_genbin0_recobin3 acc 0.0 eff -1.0 outinratio 0.1783 

ggH126_2e2mu_pTj1_genbin1_recobin3 acc 0.079 eff 0.0 outinratio 0.0202 

VBFH126_2e2mu_pTj1_genbin1_recobin3 acc 0.0925 eff 0.0006 outinratio 0.0375 

WminusH126_2e2mu_pTj1_genbin1_recobin3 acc 0.0857 eff 0.0084 outinratio 0.0877 

WplusH126_2e2mu_pTj1_genbin1_recobin3 acc 0.0695 eff 0.0035 outinratio 0.0747 

ZH126_2e2mu_pTj1_genbin1_recobin3 acc 0.0713 eff 0.0078 outinratio 0.0464 

ttH126_2e2mu_pTj1_genbin1_recobin3 acc 0.0069 eff 0.0474 outinratio 0.1783 

ggH126_2e2mu_pTj1_genbin2_recobin3 acc 0.0463 eff 0.028 outinratio 0.0202 

VBFH126_2e2mu_pTj1_genbin2_recobin3 acc 0.1562 eff 0.0937 outinratio 0.0375 

WminusH126_2e2mu_pTj1_genbin2_recobin3 acc 0.1008 eff 0.0547 outinratio 0.0877 

WplusH126_2e2mu_pTj1_genbin2_recobin3 acc 0.0842 eff 0.0759 outinratio 0.0747 

ZH126_2e2mu_pTj1_genbin2_recobin3 acc 0.1054 eff 0.055 outinratio 0.0464 

ttH126_2e2mu_pTj1_genbin2_recobin3 acc 0.0673 eff 0.1117 outinratio 0.1783 

ggH126_2e2mu_pTj1_genbin3_recobin3 acc 0.0213 eff 0.5107 outinratio 0.0202 

VBFH126_2e2mu_pTj1_genbin3_recobin3 acc 0.1303 eff 0.4647 outinratio 0.0375 

WminusH126_2e2mu_pTj1_genbin3_recobin3 acc 0.0686 eff 0.4846 outinratio 0.0877 

WplusH126_2e2mu_pTj1_genbin3_recobin3 acc 0.0629 eff 0.4478 outinratio 0.0747 

ZH126_2e2mu_pTj1_genbin3_recobin3 acc 0.0682 eff 0.5024 outinratio 0.0464 

ttH126_2e2mu_pTj1_genbin3_recobin3 acc 0.1696 eff 0.4124 outinratio 0.1783 

ggH126_2e2mu_pTj1_genbin4_recobin3 acc 0.0052 eff 0.0598 outinratio 0.0202 

VBFH126_2e2mu_pTj1_genbin4_recobin3 acc 0.0277 eff 0.0434 outinratio 0.0375 

WminusH126_2e2mu_pTj1_genbin4_recobin3 acc 0.0151 eff 0.0473 outinratio 0.0877 

WplusH126_2e2mu_pTj1_genbin4_recobin3 acc 0.014 eff 0.0468 outinratio 0.0747 

ZH126_2e2mu_pTj1_genbin4_recobin3 acc 0.0182 eff 0.0561 outinratio 0.0464 

ttH126_2e2mu_pTj1_genbin4_recobin3 acc 0.0673 eff 0.0305 outinratio 0.1783 

ggH126_2e2mu_pTj1_genbin0_recobin4 acc 0.2552 eff 0.0 outinratio 0.1198 

VBFH126_2e2mu_pTj1_genbin0_recobin4 acc 0.0394 eff 0.0 outinratio 0.056 

WminusH126_2e2mu_pTj1_genbin0_recobin4 acc 0.0828 eff 0.0025 outinratio 0.0884 

WplusH126_2e2mu_pTj1_genbin0_recobin4 acc 0.0735 eff 0.0 outinratio 0.1434 

ZH126_2e2mu_pTj1_genbin0_recobin4 acc 0.0739 eff 0.0 outinratio 0.0837 

ttH126_2e2mu_pTj1_genbin0_recobin4 acc 0.0 eff -1.0 outinratio 0.265 

ggH126_2e2mu_pTj1_genbin1_recobin4 acc 0.079 eff 0.0 outinratio 0.1198 

VBFH126_2e2mu_pTj1_genbin1_recobin4 acc 0.0925 eff 0.0 outinratio 0.056 

WminusH126_2e2mu_pTj1_genbin1_recobin4 acc 0.0857 eff 0.0007 outinratio 0.0884 

WplusH126_2e2mu_pTj1_genbin1_recobin4 acc 0.0695 eff 0.0 outinratio 0.1434 

ZH126_2e2mu_pTj1_genbin1_recobin4 acc 0.0713 eff 0.0 outinratio 0.0837 

ttH126_2e2mu_pTj1_genbin1_recobin4 acc 0.0069 eff 0.0004 outinratio 0.265 

ggH126_2e2mu_pTj1_genbin2_recobin4 acc 0.0463 eff 0.0 outinratio 0.1198 

VBFH126_2e2mu_pTj1_genbin2_recobin4 acc 0.1562 eff 0.0 outinratio 0.056 

WminusH126_2e2mu_pTj1_genbin2_recobin4 acc 0.1008 eff 0.0006 outinratio 0.0884 

WplusH126_2e2mu_pTj1_genbin2_recobin4 acc 0.0842 eff 0.0008 outinratio 0.1434 

ZH126_2e2mu_pTj1_genbin2_recobin4 acc 0.1054 eff 0.0 outinratio 0.0837 

ttH126_2e2mu_pTj1_genbin2_recobin4 acc 0.0673 eff 0.0019 outinratio 0.265 

ggH126_2e2mu_pTj1_genbin3_recobin4 acc 0.0213 eff 0.0044 outinratio 0.1198 

VBFH126_2e2mu_pTj1_genbin3_recobin4 acc 0.1303 eff 0.026 outinratio 0.056 

WminusH126_2e2mu_pTj1_genbin3_recobin4 acc 0.0686 eff 0.0175 outinratio 0.0884 

WplusH126_2e2mu_pTj1_genbin3_recobin4 acc 0.0629 eff 0.012 outinratio 0.1434 

ZH126_2e2mu_pTj1_genbin3_recobin4 acc 0.0682 eff 0.0119 outinratio 0.0837 

ttH126_2e2mu_pTj1_genbin3_recobin4 acc 0.1696 eff 0.0317 outinratio 0.265 

ggH126_2e2mu_pTj1_genbin4_recobin4 acc 0.0052 eff 0.5319 outinratio 0.1198 

VBFH126_2e2mu_pTj1_genbin4_recobin4 acc 0.0277 eff 0.4572 outinratio 0.056 

WminusH126_2e2mu_pTj1_genbin4_recobin4 acc 0.0151 eff 0.5437 outinratio 0.0884 

WplusH126_2e2mu_pTj1_genbin4_recobin4 acc 0.014 eff 0.54 outinratio 0.1434 

ZH126_2e2mu_pTj1_genbin4_recobin4 acc 0.0182 eff 0.4436 outinratio 0.0837 

ttH126_2e2mu_pTj1_genbin4_recobin4 acc 0.0673 eff 0.4645 outinratio 0.265 

Coeff fullNNLOPS
