Welcome in RunCoefficients!
OPT SPLIT
DEBUG opt.YEAR = 2024_10
It is a single-differential measurement, binning [-100.0, 0.0, 1.1, 2.9, 4.4, 10.0]
absdetajj
Following observables extracted from dictionary: RECO =  absdetajj  GEN =  GENabsdetajj
LUMI: 10.882200000000001
ttH126 0.00046886125
Processing ggH126 2024_10
Signal created
Signal failed created
Processing VBFH126 2024_10
Signal created
Signal failed created
Processing WminusH126 2024_10
Signal created
Signal failed created
Processing WplusH126 2024_10
Signal created
Signal failed created
Processing ZH126 2024_10
Signal created
Signal failed created
Processing ttH126 2024_10
Signal created
Signal failed created
2024_10 SKIMMED df CREATED
2024_10 ggH126
2024_10 VBFH126
2024_10 WminusH126
2024_10 WplusH126
2024_10 ZH126
2024_10 ttH126
Dataframes created successfully
Coeff std
ggH126_4l_absdetajj_genbin0_recobin0 acc 0.3643 eff 0.5276 outinratio 0.0486 

VBFH126_4l_absdetajj_genbin0_recobin0 acc 0.2156 eff 0.4602 outinratio 0.0314 

WminusH126_4l_absdetajj_genbin0_recobin0 acc 0.2014 eff 0.463 outinratio 0.0662 

WplusH126_4l_absdetajj_genbin0_recobin0 acc 0.1777 eff 0.4571 outinratio 0.065 

ZH126_4l_absdetajj_genbin0_recobin0 acc 0.1799 eff 0.4629 outinratio 0.0729 

ttH126_4l_absdetajj_genbin0_recobin0 acc 0.0091 eff 0.2042 outinratio 0.1407 

ggH126_4l_absdetajj_genbin1_recobin0 acc 0.016 eff 0.1083 outinratio 0.0486 

VBFH126_4l_absdetajj_genbin1_recobin0 acc 0.0186 eff 0.0762 outinratio 0.0314 

WminusH126_4l_absdetajj_genbin1_recobin0 acc 0.0993 eff 0.0563 outinratio 0.0662 

WplusH126_4l_absdetajj_genbin1_recobin0 acc 0.0922 eff 0.0572 outinratio 0.065 

ZH126_4l_absdetajj_genbin1_recobin0 acc 0.1056 eff 0.0533 outinratio 0.0729 

ttH126_4l_absdetajj_genbin1_recobin0 acc 0.1864 eff 0.0043 outinratio 0.1407 

ggH126_4l_absdetajj_genbin2_recobin0 acc 0.0153 eff 0.1089 outinratio 0.0486 

VBFH126_4l_absdetajj_genbin2_recobin0 acc 0.0343 eff 0.0588 outinratio 0.0314 

WminusH126_4l_absdetajj_genbin2_recobin0 acc 0.0428 eff 0.0718 outinratio 0.0662 

WplusH126_4l_absdetajj_genbin2_recobin0 acc 0.0369 eff 0.0567 outinratio 0.065 

ZH126_4l_absdetajj_genbin2_recobin0 acc 0.0519 eff 0.0754 outinratio 0.0729 

ttH126_4l_absdetajj_genbin2_recobin0 acc 0.1055 eff 0.0049 outinratio 0.1407 

ggH126_4l_absdetajj_genbin3_recobin0 acc 0.0071 eff 0.102 outinratio 0.0486 

VBFH126_4l_absdetajj_genbin3_recobin0 acc 0.0685 eff 0.0751 outinratio 0.0314 

WminusH126_4l_absdetajj_genbin3_recobin0 acc 0.0074 eff 0.064 outinratio 0.0662 

WplusH126_4l_absdetajj_genbin3_recobin0 acc 0.0066 eff 0.0305 outinratio 0.065 

ZH126_4l_absdetajj_genbin3_recobin0 acc 0.0072 eff 0.0965 outinratio 0.0729 

ttH126_4l_absdetajj_genbin3_recobin0 acc 0.0157 eff 0.0082 outinratio 0.1407 

ggH126_4l_absdetajj_genbin4_recobin0 acc 0.004 eff 0.1425 outinratio 0.0486 

VBFH126_4l_absdetajj_genbin4_recobin0 acc 0.1131 eff 0.0936 outinratio 0.0314 

WminusH126_4l_absdetajj_genbin4_recobin0 acc 0.0014 eff 0.0889 outinratio 0.0662 

WplusH126_4l_absdetajj_genbin4_recobin0 acc 0.0012 eff 0.0311 outinratio 0.065 

ZH126_4l_absdetajj_genbin4_recobin0 acc 0.0015 eff 0.0726 outinratio 0.0729 

ttH126_4l_absdetajj_genbin4_recobin0 acc 0.0022 eff 0.0 outinratio 0.1407 

ggH126_4l_absdetajj_genbin0_recobin1 acc 0.3643 eff 0.0073 outinratio 0.0593 

VBFH126_4l_absdetajj_genbin0_recobin1 acc 0.2156 eff 0.0115 outinratio 0.0537 

WminusH126_4l_absdetajj_genbin0_recobin1 acc 0.2014 eff 0.036 outinratio 0.0761 

WplusH126_4l_absdetajj_genbin0_recobin1 acc 0.1777 eff 0.0388 outinratio 0.0634 

ZH126_4l_absdetajj_genbin0_recobin1 acc 0.1799 eff 0.0323 outinratio 0.0762 

ttH126_4l_absdetajj_genbin0_recobin1 acc 0.0091 eff 0.1963 outinratio 0.1804 

ggH126_4l_absdetajj_genbin1_recobin1 acc 0.016 eff 0.451 outinratio 0.0593 

VBFH126_4l_absdetajj_genbin1_recobin1 acc 0.0186 eff 0.4155 outinratio 0.0537 

WminusH126_4l_absdetajj_genbin1_recobin1 acc 0.0993 eff 0.4817 outinratio 0.0761 

WplusH126_4l_absdetajj_genbin1_recobin1 acc 0.0922 eff 0.4647 outinratio 0.0634 

ZH126_4l_absdetajj_genbin1_recobin1 acc 0.1056 eff 0.4942 outinratio 0.0762 

ttH126_4l_absdetajj_genbin1_recobin1 acc 0.1864 eff 0.4894 outinratio 0.1804 

ggH126_4l_absdetajj_genbin2_recobin1 acc 0.0153 eff 0.0251 outinratio 0.0593 

VBFH126_4l_absdetajj_genbin2_recobin1 acc 0.0343 eff 0.0119 outinratio 0.0537 

WminusH126_4l_absdetajj_genbin2_recobin1 acc 0.0428 eff 0.0473 outinratio 0.0761 

WplusH126_4l_absdetajj_genbin2_recobin1 acc 0.0369 eff 0.059 outinratio 0.0634 

ZH126_4l_absdetajj_genbin2_recobin1 acc 0.0519 eff 0.0443 outinratio 0.0762 

ttH126_4l_absdetajj_genbin2_recobin1 acc 0.1055 eff 0.0835 outinratio 0.1804 

ggH126_4l_absdetajj_genbin3_recobin1 acc 0.0071 eff 0.0143 outinratio 0.0593 

VBFH126_4l_absdetajj_genbin3_recobin1 acc 0.0685 eff 0.0079 outinratio 0.0537 

WminusH126_4l_absdetajj_genbin3_recobin1 acc 0.0074 eff 0.0536 outinratio 0.0761 

WplusH126_4l_absdetajj_genbin3_recobin1 acc 0.0066 eff 0.0436 outinratio 0.0634 

ZH126_4l_absdetajj_genbin3_recobin1 acc 0.0072 eff 0.0607 outinratio 0.0762 

ttH126_4l_absdetajj_genbin3_recobin1 acc 0.0157 eff 0.0809 outinratio 0.1804 

ggH126_4l_absdetajj_genbin4_recobin1 acc 0.004 eff 0.0192 outinratio 0.0593 

VBFH126_4l_absdetajj_genbin4_recobin1 acc 0.1131 eff 0.0051 outinratio 0.0537 

WminusH126_4l_absdetajj_genbin4_recobin1 acc 0.0014 eff 0.0206 outinratio 0.0761 

WplusH126_4l_absdetajj_genbin4_recobin1 acc 0.0012 eff 0.0 outinratio 0.0634 

ZH126_4l_absdetajj_genbin4_recobin1 acc 0.0015 eff 0.0 outinratio 0.0762 

ttH126_4l_absdetajj_genbin4_recobin1 acc 0.0022 eff 0.0804 outinratio 0.1804 

ggH126_4l_absdetajj_genbin0_recobin2 acc 0.3643 eff 0.008 outinratio 0.0573 

VBFH126_4l_absdetajj_genbin0_recobin2 acc 0.2156 eff 0.018 outinratio 0.033 

WminusH126_4l_absdetajj_genbin0_recobin2 acc 0.2014 eff 0.0338 outinratio 0.09 

WplusH126_4l_absdetajj_genbin0_recobin2 acc 0.1777 eff 0.0271 outinratio 0.0699 

ZH126_4l_absdetajj_genbin0_recobin2 acc 0.1799 eff 0.0307 outinratio 0.0644 

ttH126_4l_absdetajj_genbin0_recobin2 acc 0.0091 eff 0.1051 outinratio 0.1513 

ggH126_4l_absdetajj_genbin1_recobin2 acc 0.016 eff 0.015 outinratio 0.0573 

VBFH126_4l_absdetajj_genbin1_recobin2 acc 0.0186 eff 0.0218 outinratio 0.033 

WminusH126_4l_absdetajj_genbin1_recobin2 acc 0.0993 eff 0.0235 outinratio 0.09 

WplusH126_4l_absdetajj_genbin1_recobin2 acc 0.0922 eff 0.0239 outinratio 0.0699 

ZH126_4l_absdetajj_genbin1_recobin2 acc 0.1056 eff 0.0232 outinratio 0.0644 

ttH126_4l_absdetajj_genbin1_recobin2 acc 0.1864 eff 0.0472 outinratio 0.1513 

ggH126_4l_absdetajj_genbin2_recobin2 acc 0.0153 eff 0.4866 outinratio 0.0573 

VBFH126_4l_absdetajj_genbin2_recobin2 acc 0.0343 eff 0.5031 outinratio 0.033 

WminusH126_4l_absdetajj_genbin2_recobin2 acc 0.0428 eff 0.4099 outinratio 0.09 

WplusH126_4l_absdetajj_genbin2_recobin2 acc 0.0369 eff 0.4251 outinratio 0.0699 

ZH126_4l_absdetajj_genbin2_recobin2 acc 0.0519 eff 0.4299 outinratio 0.0644 

ttH126_4l_absdetajj_genbin2_recobin2 acc 0.1055 eff 0.4616 outinratio 0.1513 

ggH126_4l_absdetajj_genbin3_recobin2 acc 0.0071 eff 0.0206 outinratio 0.0573 

VBFH126_4l_absdetajj_genbin3_recobin2 acc 0.0685 eff 0.0108 outinratio 0.033 

WminusH126_4l_absdetajj_genbin3_recobin2 acc 0.0074 eff 0.0454 outinratio 0.09 

WplusH126_4l_absdetajj_genbin3_recobin2 acc 0.0066 eff 0.0496 outinratio 0.0699 

ZH126_4l_absdetajj_genbin3_recobin2 acc 0.0072 eff 0.0696 outinratio 0.0644 

ttH126_4l_absdetajj_genbin3_recobin2 acc 0.0157 eff 0.047 outinratio 0.1513 

ggH126_4l_absdetajj_genbin4_recobin2 acc 0.004 eff 0.0195 outinratio 0.0573 

VBFH126_4l_absdetajj_genbin4_recobin2 acc 0.1131 eff 0.0071 outinratio 0.033 

WminusH126_4l_absdetajj_genbin4_recobin2 acc 0.0014 eff 0.0413 outinratio 0.09 

WplusH126_4l_absdetajj_genbin4_recobin2 acc 0.0012 eff 0.2173 outinratio 0.0699 

ZH126_4l_absdetajj_genbin4_recobin2 acc 0.0015 eff 0.0935 outinratio 0.0644 

ttH126_4l_absdetajj_genbin4_recobin2 acc 0.0022 eff 0.0571 outinratio 0.1513 

ggH126_4l_absdetajj_genbin0_recobin3 acc 0.3643 eff 0.0048 outinratio 0.1044 

VBFH126_4l_absdetajj_genbin0_recobin3 acc 0.2156 eff 0.0226 outinratio 0.0438 

WminusH126_4l_absdetajj_genbin0_recobin3 acc 0.2014 eff 0.0112 outinratio 0.0987 

WplusH126_4l_absdetajj_genbin0_recobin3 acc 0.1777 eff 0.0082 outinratio 0.1023 

ZH126_4l_absdetajj_genbin0_recobin3 acc 0.1799 eff 0.0084 outinratio 0.0963 

ttH126_4l_absdetajj_genbin0_recobin3 acc 0.0091 eff 0.0138 outinratio 0.1882 

ggH126_4l_absdetajj_genbin1_recobin3 acc 0.016 eff 0.0115 outinratio 0.1044 

VBFH126_4l_absdetajj_genbin1_recobin3 acc 0.0186 eff 0.0268 outinratio 0.0438 

WminusH126_4l_absdetajj_genbin1_recobin3 acc 0.0993 eff 0.0062 outinratio 0.0987 

WplusH126_4l_absdetajj_genbin1_recobin3 acc 0.0922 eff 0.0053 outinratio 0.1023 

ZH126_4l_absdetajj_genbin1_recobin3 acc 0.1056 eff 0.0086 outinratio 0.0963 

ttH126_4l_absdetajj_genbin1_recobin3 acc 0.1864 eff 0.006 outinratio 0.1882 

ggH126_4l_absdetajj_genbin2_recobin3 acc 0.0153 eff 0.0081 outinratio 0.1044 

VBFH126_4l_absdetajj_genbin2_recobin3 acc 0.0343 eff 0.0128 outinratio 0.0438 

WminusH126_4l_absdetajj_genbin2_recobin3 acc 0.0428 eff 0.0114 outinratio 0.0987 

WplusH126_4l_absdetajj_genbin2_recobin3 acc 0.0369 eff 0.0168 outinratio 0.1023 

ZH126_4l_absdetajj_genbin2_recobin3 acc 0.0519 eff 0.0118 outinratio 0.0963 

ttH126_4l_absdetajj_genbin2_recobin3 acc 0.1055 eff 0.0136 outinratio 0.1882 

ggH126_4l_absdetajj_genbin3_recobin3 acc 0.0071 eff 0.4508 outinratio 0.1044 

VBFH126_4l_absdetajj_genbin3_recobin3 acc 0.0685 eff 0.4638 outinratio 0.0438 

WminusH126_4l_absdetajj_genbin3_recobin3 acc 0.0074 eff 0.3737 outinratio 0.0987 

WplusH126_4l_absdetajj_genbin3_recobin3 acc 0.0066 eff 0.4039 outinratio 0.1023 

ZH126_4l_absdetajj_genbin3_recobin3 acc 0.0072 eff 0.3019 outinratio 0.0963 

ttH126_4l_absdetajj_genbin3_recobin3 acc 0.0157 eff 0.3893 outinratio 0.1882 

ggH126_4l_absdetajj_genbin4_recobin3 acc 0.004 eff 0.02 outinratio 0.1044 

VBFH126_4l_absdetajj_genbin4_recobin3 acc 0.1131 eff 0.0087 outinratio 0.0438 

WminusH126_4l_absdetajj_genbin4_recobin3 acc 0.0014 eff 0.0301 outinratio 0.0987 

WplusH126_4l_absdetajj_genbin4_recobin3 acc 0.0012 eff 0.0231 outinratio 0.1023 

ZH126_4l_absdetajj_genbin4_recobin3 acc 0.0015 eff 0.0311 outinratio 0.0963 

ttH126_4l_absdetajj_genbin4_recobin3 acc 0.0022 eff 0.0212 outinratio 0.1882 

ggH126_4l_absdetajj_genbin0_recobin4 acc 0.3643 eff 0.0053 outinratio 0.0643 

VBFH126_4l_absdetajj_genbin0_recobin4 acc 0.2156 eff 0.0441 outinratio 0.0237 

WminusH126_4l_absdetajj_genbin0_recobin4 acc 0.2014 eff 0.0058 outinratio 0.1371 

WplusH126_4l_absdetajj_genbin0_recobin4 acc 0.1777 eff 0.0024 outinratio -0.0293 

ZH126_4l_absdetajj_genbin0_recobin4 acc 0.1799 eff 0.0041 outinratio 0.0808 

ttH126_4l_absdetajj_genbin0_recobin4 acc 0.0091 eff 0.0018 outinratio 0.1526 

ggH126_4l_absdetajj_genbin1_recobin4 acc 0.016 eff 0.0027 outinratio 0.0643 

VBFH126_4l_absdetajj_genbin1_recobin4 acc 0.0186 eff 0.0341 outinratio 0.0237 

WminusH126_4l_absdetajj_genbin1_recobin4 acc 0.0993 eff 0.001 outinratio 0.1371 

WplusH126_4l_absdetajj_genbin1_recobin4 acc 0.0922 eff 0.0014 outinratio -0.0293 

ZH126_4l_absdetajj_genbin1_recobin4 acc 0.1056 eff 0.0011 outinratio 0.0808 

ttH126_4l_absdetajj_genbin1_recobin4 acc 0.1864 eff 0.0008 outinratio 0.1526 

ggH126_4l_absdetajj_genbin2_recobin4 acc 0.0153 eff 0.011 outinratio 0.0643 

VBFH126_4l_absdetajj_genbin2_recobin4 acc 0.0343 eff 0.0079 outinratio 0.0237 

WminusH126_4l_absdetajj_genbin2_recobin4 acc 0.0428 eff 0.0037 outinratio 0.1371 

WplusH126_4l_absdetajj_genbin2_recobin4 acc 0.0369 eff 0.0027 outinratio -0.0293 

ZH126_4l_absdetajj_genbin2_recobin4 acc 0.0519 eff 0.0029 outinratio 0.0808 

ttH126_4l_absdetajj_genbin2_recobin4 acc 0.1055 eff 0.0015 outinratio 0.1526 

ggH126_4l_absdetajj_genbin3_recobin4 acc 0.0071 eff 0.0265 outinratio 0.0643 

VBFH126_4l_absdetajj_genbin3_recobin4 acc 0.0685 eff 0.0079 outinratio 0.0237 

WminusH126_4l_absdetajj_genbin3_recobin4 acc 0.0074 eff 0.0101 outinratio 0.1371 

WplusH126_4l_absdetajj_genbin3_recobin4 acc 0.0066 eff 0.0053 outinratio -0.0293 

ZH126_4l_absdetajj_genbin3_recobin4 acc 0.0072 eff 0.0074 outinratio 0.0808 

ttH126_4l_absdetajj_genbin3_recobin4 acc 0.0157 eff 0.0074 outinratio 0.1526 

ggH126_4l_absdetajj_genbin4_recobin4 acc 0.004 eff 0.2958 outinratio 0.0643 

VBFH126_4l_absdetajj_genbin4_recobin4 acc 0.1131 eff 0.4786 outinratio 0.0237 

WminusH126_4l_absdetajj_genbin4_recobin4 acc 0.0014 eff 0.274 outinratio 0.1371 

WplusH126_4l_absdetajj_genbin4_recobin4 acc 0.0012 eff 0.2436 outinratio -0.0293 

ZH126_4l_absdetajj_genbin4_recobin4 acc 0.0015 eff 0.4098 outinratio 0.0808 

ttH126_4l_absdetajj_genbin4_recobin4 acc 0.0022 eff 0.3765 outinratio 0.1526 

ggH126_4e_absdetajj_genbin0_recobin0 acc 0.3397 eff 0.3174 outinratio 0.0559 

VBFH126_4e_absdetajj_genbin0_recobin0 acc 0.2108 eff 0.2879 outinratio 0.0299 

WminusH126_4e_absdetajj_genbin0_recobin0 acc 0.1954 eff 0.2864 outinratio 0.0696 

WplusH126_4e_absdetajj_genbin0_recobin0 acc 0.1691 eff 0.3109 outinratio 0.0772 

ZH126_4e_absdetajj_genbin0_recobin0 acc 0.1745 eff 0.28 outinratio 0.0695 

ttH126_4e_absdetajj_genbin0_recobin0 acc 0.009 eff 0.1706 outinratio 0.2079 

ggH126_4e_absdetajj_genbin1_recobin0 acc 0.0147 eff 0.0734 outinratio 0.0559 

VBFH126_4e_absdetajj_genbin1_recobin0 acc 0.0177 eff 0.0432 outinratio 0.0299 

WminusH126_4e_absdetajj_genbin1_recobin0 acc 0.0983 eff 0.0272 outinratio 0.0696 

WplusH126_4e_absdetajj_genbin1_recobin0 acc 0.0929 eff 0.0321 outinratio 0.0772 

ZH126_4e_absdetajj_genbin1_recobin0 acc 0.1031 eff 0.0306 outinratio 0.0695 

ttH126_4e_absdetajj_genbin1_recobin0 acc 0.1822 eff 0.0017 outinratio 0.2079 

ggH126_4e_absdetajj_genbin2_recobin0 acc 0.014 eff 0.0786 outinratio 0.0559 

VBFH126_4e_absdetajj_genbin2_recobin0 acc 0.0298 eff 0.024 outinratio 0.0299 

WminusH126_4e_absdetajj_genbin2_recobin0 acc 0.0406 eff 0.0414 outinratio 0.0696 

WplusH126_4e_absdetajj_genbin2_recobin0 acc 0.0316 eff 0.0474 outinratio 0.0772 

ZH126_4e_absdetajj_genbin2_recobin0 acc 0.0443 eff 0.0588 outinratio 0.0695 

ttH126_4e_absdetajj_genbin2_recobin0 acc 0.1055 eff 0.0035 outinratio 0.2079 

ggH126_4e_absdetajj_genbin3_recobin0 acc 0.0074 eff 0.0663 outinratio 0.0559 

VBFH126_4e_absdetajj_genbin3_recobin0 acc 0.0685 eff 0.042 outinratio 0.0299 

WminusH126_4e_absdetajj_genbin3_recobin0 acc 0.0079 eff 0.0513 outinratio 0.0696 

WplusH126_4e_absdetajj_genbin3_recobin0 acc 0.0081 eff 0.0256 outinratio 0.0772 

ZH126_4e_absdetajj_genbin3_recobin0 acc 0.0076 eff 0.0096 outinratio 0.0695 

ttH126_4e_absdetajj_genbin3_recobin0 acc 0.0166 eff 0.0042 outinratio 0.2079 

ggH126_4e_absdetajj_genbin4_recobin0 acc 0.0034 eff 0.0444 outinratio 0.0559 

VBFH126_4e_absdetajj_genbin4_recobin0 acc 0.1098 eff 0.0584 outinratio 0.0299 

WminusH126_4e_absdetajj_genbin4_recobin0 acc 0.0016 eff 0.0546 outinratio 0.0696 

WplusH126_4e_absdetajj_genbin4_recobin0 acc 0.0007 eff -1.0 outinratio 0.0772 

ZH126_4e_absdetajj_genbin4_recobin0 acc 0.0014 eff -1.0 outinratio 0.0695 

ttH126_4e_absdetajj_genbin4_recobin0 acc 0.0025 eff 0.0 outinratio 0.2079 

ggH126_4e_absdetajj_genbin0_recobin1 acc 0.3397 eff 0.0044 outinratio 0.0115 

VBFH126_4e_absdetajj_genbin0_recobin1 acc 0.2108 eff 0.0055 outinratio 0.0924 

WminusH126_4e_absdetajj_genbin0_recobin1 acc 0.1954 eff 0.02 outinratio 0.0551 

WplusH126_4e_absdetajj_genbin0_recobin1 acc 0.1691 eff 0.0181 outinratio 0.0564 

ZH126_4e_absdetajj_genbin0_recobin1 acc 0.1745 eff 0.0195 outinratio 0.0722 

ttH126_4e_absdetajj_genbin0_recobin1 acc 0.009 eff 0.1014 outinratio 0.2216 

ggH126_4e_absdetajj_genbin1_recobin1 acc 0.0147 eff 0.2525 outinratio 0.0115 

VBFH126_4e_absdetajj_genbin1_recobin1 acc 0.0177 eff 0.3052 outinratio 0.0924 

WminusH126_4e_absdetajj_genbin1_recobin1 acc 0.0983 eff 0.3127 outinratio 0.0551 

WplusH126_4e_absdetajj_genbin1_recobin1 acc 0.0929 eff 0.2903 outinratio 0.0564 

ZH126_4e_absdetajj_genbin1_recobin1 acc 0.1031 eff 0.3279 outinratio 0.0722 

ttH126_4e_absdetajj_genbin1_recobin1 acc 0.1822 eff 0.2998 outinratio 0.2216 

ggH126_4e_absdetajj_genbin2_recobin1 acc 0.014 eff 0.0191 outinratio 0.0115 

VBFH126_4e_absdetajj_genbin2_recobin1 acc 0.0298 eff 0.012 outinratio 0.0924 

WminusH126_4e_absdetajj_genbin2_recobin1 acc 0.0406 eff 0.0221 outinratio 0.0551 

WplusH126_4e_absdetajj_genbin2_recobin1 acc 0.0316 eff 0.0409 outinratio 0.0564 

ZH126_4e_absdetajj_genbin2_recobin1 acc 0.0443 eff 0.0338 outinratio 0.0722 

ttH126_4e_absdetajj_genbin2_recobin1 acc 0.1055 eff 0.0658 outinratio 0.2216 

ggH126_4e_absdetajj_genbin3_recobin1 acc 0.0074 eff 0.0097 outinratio 0.0115 

VBFH126_4e_absdetajj_genbin3_recobin1 acc 0.0685 eff 0.0 outinratio 0.0924 

WminusH126_4e_absdetajj_genbin3_recobin1 acc 0.0079 eff 0.0337 outinratio 0.0551 

WplusH126_4e_absdetajj_genbin3_recobin1 acc 0.0081 eff 0.0452 outinratio 0.0564 

ZH126_4e_absdetajj_genbin3_recobin1 acc 0.0076 eff 0.0236 outinratio 0.0722 

ttH126_4e_absdetajj_genbin3_recobin1 acc 0.0166 eff 0.0728 outinratio 0.2216 

ggH126_4e_absdetajj_genbin4_recobin1 acc 0.0034 eff 0.0 outinratio 0.0115 

VBFH126_4e_absdetajj_genbin4_recobin1 acc 0.1098 eff 0.002 outinratio 0.0924 

WminusH126_4e_absdetajj_genbin4_recobin1 acc 0.0016 eff 0.0381 outinratio 0.0551 

WplusH126_4e_absdetajj_genbin4_recobin1 acc 0.0007 eff -1.0 outinratio 0.0564 

ZH126_4e_absdetajj_genbin4_recobin1 acc 0.0014 eff -1.0 outinratio 0.0722 

ttH126_4e_absdetajj_genbin4_recobin1 acc 0.0025 eff 0.0132 outinratio 0.2216 

ggH126_4e_absdetajj_genbin0_recobin2 acc 0.3397 eff 0.009 outinratio 0.0225 

VBFH126_4e_absdetajj_genbin0_recobin2 acc 0.2108 eff 0.0085 outinratio 0.0611 

WminusH126_4e_absdetajj_genbin0_recobin2 acc 0.1954 eff 0.0205 outinratio 0.0901 

WplusH126_4e_absdetajj_genbin0_recobin2 acc 0.1691 eff 0.0088 outinratio 0.1594 

ZH126_4e_absdetajj_genbin0_recobin2 acc 0.1745 eff 0.0232 outinratio 0.0701 

ttH126_4e_absdetajj_genbin0_recobin2 acc 0.009 eff 0.0725 outinratio 0.1491 

ggH126_4e_absdetajj_genbin1_recobin2 acc 0.0147 eff 0.0154 outinratio 0.0225 

VBFH126_4e_absdetajj_genbin1_recobin2 acc 0.0177 eff 0.0037 outinratio 0.0611 

WminusH126_4e_absdetajj_genbin1_recobin2 acc 0.0983 eff 0.0163 outinratio 0.0901 

WplusH126_4e_absdetajj_genbin1_recobin2 acc 0.0929 eff 0.0106 outinratio 0.1594 

ZH126_4e_absdetajj_genbin1_recobin2 acc 0.1031 eff 0.0171 outinratio 0.0701 

ttH126_4e_absdetajj_genbin1_recobin2 acc 0.1822 eff 0.0286 outinratio 0.1491 

ggH126_4e_absdetajj_genbin2_recobin2 acc 0.014 eff 0.3512 outinratio 0.0225 

VBFH126_4e_absdetajj_genbin2_recobin2 acc 0.0298 eff 0.3676 outinratio 0.0611 

WminusH126_4e_absdetajj_genbin2_recobin2 acc 0.0406 eff 0.2481 outinratio 0.0901 

WplusH126_4e_absdetajj_genbin2_recobin2 acc 0.0316 eff 0.2304 outinratio 0.1594 

ZH126_4e_absdetajj_genbin2_recobin2 acc 0.0443 eff 0.2625 outinratio 0.0701 

ttH126_4e_absdetajj_genbin2_recobin2 acc 0.1055 eff 0.2916 outinratio 0.1491 

ggH126_4e_absdetajj_genbin3_recobin2 acc 0.0074 eff 0.0119 outinratio 0.0225 

VBFH126_4e_absdetajj_genbin3_recobin2 acc 0.0685 eff 0.008 outinratio 0.0611 

WminusH126_4e_absdetajj_genbin3_recobin2 acc 0.0079 eff 0.0184 outinratio 0.0901 

WplusH126_4e_absdetajj_genbin3_recobin2 acc 0.0081 eff 0.0316 outinratio 0.1594 

ZH126_4e_absdetajj_genbin3_recobin2 acc 0.0076 eff 0.0741 outinratio 0.0701 

ttH126_4e_absdetajj_genbin3_recobin2 acc 0.0166 eff 0.0281 outinratio 0.1491 

ggH126_4e_absdetajj_genbin4_recobin2 acc 0.0034 eff 0.0 outinratio 0.0225 

VBFH126_4e_absdetajj_genbin4_recobin2 acc 0.1098 eff 0.0069 outinratio 0.0611 

WminusH126_4e_absdetajj_genbin4_recobin2 acc 0.0016 eff 0.0 outinratio 0.0901 

WplusH126_4e_absdetajj_genbin4_recobin2 acc 0.0007 eff -1.0 outinratio 0.1594 

ZH126_4e_absdetajj_genbin4_recobin2 acc 0.0014 eff -1.0 outinratio 0.0701 

ttH126_4e_absdetajj_genbin4_recobin2 acc 0.0025 eff 0.0156 outinratio 0.1491 

ggH126_4e_absdetajj_genbin0_recobin3 acc 0.3397 eff 0.002 outinratio 0.0118 

VBFH126_4e_absdetajj_genbin0_recobin3 acc 0.2108 eff 0.0144 outinratio 0.0468 

WminusH126_4e_absdetajj_genbin0_recobin3 acc 0.1954 eff 0.0049 outinratio 0.0887 

WplusH126_4e_absdetajj_genbin0_recobin3 acc 0.1691 eff 0.0058 outinratio 0.0 

ZH126_4e_absdetajj_genbin0_recobin3 acc 0.1745 eff 0.0072 outinratio 0.0761 

ttH126_4e_absdetajj_genbin0_recobin3 acc 0.009 eff 0.0082 outinratio 0.1685 

ggH126_4e_absdetajj_genbin1_recobin3 acc 0.0147 eff 0.0124 outinratio 0.0118 

VBFH126_4e_absdetajj_genbin1_recobin3 acc 0.0177 eff 0.0211 outinratio 0.0468 

WminusH126_4e_absdetajj_genbin1_recobin3 acc 0.0983 eff 0.0037 outinratio 0.0887 

WplusH126_4e_absdetajj_genbin1_recobin3 acc 0.0929 eff 0.0116 outinratio 0.0 

ZH126_4e_absdetajj_genbin1_recobin3 acc 0.1031 eff 0.0046 outinratio 0.0761 

ttH126_4e_absdetajj_genbin1_recobin3 acc 0.1822 eff 0.0039 outinratio 0.1685 

ggH126_4e_absdetajj_genbin2_recobin3 acc 0.014 eff 0.0021 outinratio 0.0118 

VBFH126_4e_absdetajj_genbin2_recobin3 acc 0.0298 eff 0.0085 outinratio 0.0468 

WminusH126_4e_absdetajj_genbin2_recobin3 acc 0.0406 eff 0.0051 outinratio 0.0887 

WplusH126_4e_absdetajj_genbin2_recobin3 acc 0.0316 eff 0.0171 outinratio 0.0 

ZH126_4e_absdetajj_genbin2_recobin3 acc 0.0443 eff 0.0145 outinratio 0.0761 

ttH126_4e_absdetajj_genbin2_recobin3 acc 0.1055 eff 0.0094 outinratio 0.1685 

ggH126_4e_absdetajj_genbin3_recobin3 acc 0.0074 eff 0.3291 outinratio 0.0118 

VBFH126_4e_absdetajj_genbin3_recobin3 acc 0.0685 eff 0.2912 outinratio 0.0468 

WminusH126_4e_absdetajj_genbin3_recobin3 acc 0.0079 eff 0.2587 outinratio 0.0887 

WplusH126_4e_absdetajj_genbin3_recobin3 acc 0.0081 eff 0.2649 outinratio 0.0 

ZH126_4e_absdetajj_genbin3_recobin3 acc 0.0076 eff 0.1864 outinratio 0.0761 

ttH126_4e_absdetajj_genbin3_recobin3 acc 0.0166 eff 0.2251 outinratio 0.1685 

ggH126_4e_absdetajj_genbin4_recobin3 acc 0.0034 eff 0.0 outinratio 0.0118 

VBFH126_4e_absdetajj_genbin4_recobin3 acc 0.1098 eff 0.0063 outinratio 0.0468 

WminusH126_4e_absdetajj_genbin4_recobin3 acc 0.0016 eff 0.02 outinratio 0.0887 

WplusH126_4e_absdetajj_genbin4_recobin3 acc 0.0007 eff -1.0 outinratio 0.0 

ZH126_4e_absdetajj_genbin4_recobin3 acc 0.0014 eff -1.0 outinratio 0.0761 

ttH126_4e_absdetajj_genbin4_recobin3 acc 0.0025 eff 0.0152 outinratio 0.1685 

ggH126_4e_absdetajj_genbin0_recobin4 acc 0.3397 eff 0.0026 outinratio 0.0548 

VBFH126_4e_absdetajj_genbin0_recobin4 acc 0.2108 eff 0.0281 outinratio 0.0126 

WminusH126_4e_absdetajj_genbin0_recobin4 acc 0.1954 eff 0.0053 outinratio 0.1557 

WplusH126_4e_absdetajj_genbin0_recobin4 acc 0.1691 eff 0.0 outinratio 0.0 

ZH126_4e_absdetajj_genbin0_recobin4 acc 0.1745 eff 0.0043 outinratio 0.0 

ttH126_4e_absdetajj_genbin0_recobin4 acc 0.009 eff 0.0 outinratio 0.2703 

ggH126_4e_absdetajj_genbin1_recobin4 acc 0.0147 eff 0.0 outinratio 0.0548 

VBFH126_4e_absdetajj_genbin1_recobin4 acc 0.0177 eff 0.0153 outinratio 0.0126 

WminusH126_4e_absdetajj_genbin1_recobin4 acc 0.0983 eff 0.0 outinratio 0.1557 

WplusH126_4e_absdetajj_genbin1_recobin4 acc 0.0929 eff 0.0 outinratio 0.0 

ZH126_4e_absdetajj_genbin1_recobin4 acc 0.1031 eff 0.0003 outinratio 0.0 

ttH126_4e_absdetajj_genbin1_recobin4 acc 0.1822 eff 0.0002 outinratio 0.2703 

ggH126_4e_absdetajj_genbin2_recobin4 acc 0.014 eff 0.0174 outinratio 0.0548 

VBFH126_4e_absdetajj_genbin2_recobin4 acc 0.0298 eff 0.0043 outinratio 0.0126 

WminusH126_4e_absdetajj_genbin2_recobin4 acc 0.0406 eff 0.0024 outinratio 0.1557 

WplusH126_4e_absdetajj_genbin2_recobin4 acc 0.0316 eff 0.0038 outinratio 0.0 

ZH126_4e_absdetajj_genbin2_recobin4 acc 0.0443 eff 0.0 outinratio 0.0 

ttH126_4e_absdetajj_genbin2_recobin4 acc 0.1055 eff 0.0006 outinratio 0.2703 

ggH126_4e_absdetajj_genbin3_recobin4 acc 0.0074 eff 0.0 outinratio 0.0548 

VBFH126_4e_absdetajj_genbin3_recobin4 acc 0.0685 eff 0.0076 outinratio 0.0126 

WminusH126_4e_absdetajj_genbin3_recobin4 acc 0.0079 eff 0.0018 outinratio 0.1557 

WplusH126_4e_absdetajj_genbin3_recobin4 acc 0.0081 eff 0.0 outinratio 0.0 

ZH126_4e_absdetajj_genbin3_recobin4 acc 0.0076 eff 0.0 outinratio 0.0 

ttH126_4e_absdetajj_genbin3_recobin4 acc 0.0166 eff 0.0085 outinratio 0.2703 

ggH126_4e_absdetajj_genbin4_recobin4 acc 0.0034 eff 0.1891 outinratio 0.0548 

VBFH126_4e_absdetajj_genbin4_recobin4 acc 0.1098 eff 0.3167 outinratio 0.0126 

WminusH126_4e_absdetajj_genbin4_recobin4 acc 0.0016 eff 0.0742 outinratio 0.1557 

WplusH126_4e_absdetajj_genbin4_recobin4 acc 0.0007 eff -1.0 outinratio 0.0 

ZH126_4e_absdetajj_genbin4_recobin4 acc 0.0014 eff -1.0 outinratio 0.0 

ttH126_4e_absdetajj_genbin4_recobin4 acc 0.0025 eff 0.1921 outinratio 0.2703 

ggH126_4mu_absdetajj_genbin0_recobin0 acc 0.3865 eff 0.7671 outinratio 0.0455 

VBFH126_4mu_absdetajj_genbin0_recobin0 acc 0.233 eff 0.6605 outinratio 0.0349 

WminusH126_4mu_absdetajj_genbin0_recobin0 acc 0.2193 eff 0.6648 outinratio 0.0561 

WplusH126_4mu_absdetajj_genbin0_recobin0 acc 0.1893 eff 0.6623 outinratio 0.0653 

ZH126_4mu_absdetajj_genbin0_recobin0 acc 0.1891 eff 0.6731 outinratio 0.0701 

ttH126_4mu_absdetajj_genbin0_recobin0 acc 0.0091 eff 0.2866 outinratio 0.0555 

ggH126_4mu_absdetajj_genbin1_recobin0 acc 0.0173 eff 0.1393 outinratio 0.0455 

VBFH126_4mu_absdetajj_genbin1_recobin0 acc 0.019 eff 0.1248 outinratio 0.0349 

WminusH126_4mu_absdetajj_genbin1_recobin0 acc 0.1047 eff 0.0883 outinratio 0.0561 

WplusH126_4mu_absdetajj_genbin1_recobin0 acc 0.0898 eff 0.0873 outinratio 0.0653 

ZH126_4mu_absdetajj_genbin1_recobin0 acc 0.1113 eff 0.0892 outinratio 0.0701 

ttH126_4mu_absdetajj_genbin1_recobin0 acc 0.2032 eff 0.0069 outinratio 0.0555 

ggH126_4mu_absdetajj_genbin2_recobin0 acc 0.016 eff 0.1195 outinratio 0.0455 

VBFH126_4mu_absdetajj_genbin2_recobin0 acc 0.0381 eff 0.0766 outinratio 0.0349 

WminusH126_4mu_absdetajj_genbin2_recobin0 acc 0.0459 eff 0.0974 outinratio 0.0561 

WplusH126_4mu_absdetajj_genbin2_recobin0 acc 0.0416 eff 0.0745 outinratio 0.0653 

ZH126_4mu_absdetajj_genbin2_recobin0 acc 0.0558 eff 0.1142 outinratio 0.0701 

ttH126_4mu_absdetajj_genbin2_recobin0 acc 0.1131 eff 0.0054 outinratio 0.0555 

ggH126_4mu_absdetajj_genbin3_recobin0 acc 0.0074 eff 0.2087 outinratio 0.0455 

VBFH126_4mu_absdetajj_genbin3_recobin0 acc 0.0714 eff 0.1128 outinratio 0.0349 

WminusH126_4mu_absdetajj_genbin3_recobin0 acc 0.007 eff 0.0958 outinratio 0.0561 

WplusH126_4mu_absdetajj_genbin3_recobin0 acc 0.0056 eff 0.0 outinratio 0.0653 

ZH126_4mu_absdetajj_genbin3_recobin0 acc 0.0064 eff 0.1992 outinratio 0.0701 

ttH126_4mu_absdetajj_genbin3_recobin0 acc 0.0169 eff 0.0027 outinratio 0.0555 

ggH126_4mu_absdetajj_genbin4_recobin0 acc 0.0045 eff 0.1784 outinratio 0.0455 

VBFH126_4mu_absdetajj_genbin4_recobin0 acc 0.1218 eff 0.1454 outinratio 0.0349 

WminusH126_4mu_absdetajj_genbin4_recobin0 acc 0.0015 eff 0.1775 outinratio 0.0561 

WplusH126_4mu_absdetajj_genbin4_recobin0 acc 0.0019 eff -1.0 outinratio 0.0653 

ZH126_4mu_absdetajj_genbin4_recobin0 acc 0.0015 eff 0.1023 outinratio 0.0701 

ttH126_4mu_absdetajj_genbin4_recobin0 acc 0.0023 eff 0.0 outinratio 0.0555 

ggH126_4mu_absdetajj_genbin0_recobin1 acc 0.3865 eff 0.0097 outinratio 0.0747 

VBFH126_4mu_absdetajj_genbin0_recobin1 acc 0.233 eff 0.0199 outinratio 0.055 

WminusH126_4mu_absdetajj_genbin0_recobin1 acc 0.2193 eff 0.056 outinratio 0.066 

WplusH126_4mu_absdetajj_genbin0_recobin1 acc 0.1893 eff 0.058 outinratio 0.0696 

ZH126_4mu_absdetajj_genbin0_recobin1 acc 0.1891 eff 0.0441 outinratio 0.0738 

ttH126_4mu_absdetajj_genbin0_recobin1 acc 0.0091 eff 0.2973 outinratio 0.1442 

ggH126_4mu_absdetajj_genbin1_recobin1 acc 0.0173 eff 0.655 outinratio 0.0747 

VBFH126_4mu_absdetajj_genbin1_recobin1 acc 0.019 eff 0.5558 outinratio 0.055 

WminusH126_4mu_absdetajj_genbin1_recobin1 acc 0.1047 eff 0.689 outinratio 0.066 

WplusH126_4mu_absdetajj_genbin1_recobin1 acc 0.0898 eff 0.6665 outinratio 0.0696 

ZH126_4mu_absdetajj_genbin1_recobin1 acc 0.1113 eff 0.7231 outinratio 0.0738 

ttH126_4mu_absdetajj_genbin1_recobin1 acc 0.2032 eff 0.7056 outinratio 0.1442 

ggH126_4mu_absdetajj_genbin2_recobin1 acc 0.016 eff 0.0555 outinratio 0.0747 

VBFH126_4mu_absdetajj_genbin2_recobin1 acc 0.0381 eff 0.0216 outinratio 0.055 

WminusH126_4mu_absdetajj_genbin2_recobin1 acc 0.0459 eff 0.0712 outinratio 0.066 

WplusH126_4mu_absdetajj_genbin2_recobin1 acc 0.0416 eff 0.0836 outinratio 0.0696 

ZH126_4mu_absdetajj_genbin2_recobin1 acc 0.0558 eff 0.0691 outinratio 0.0738 

ttH126_4mu_absdetajj_genbin2_recobin1 acc 0.1131 eff 0.1202 outinratio 0.1442 

ggH126_4mu_absdetajj_genbin3_recobin1 acc 0.0074 eff 0.0 outinratio 0.0747 

VBFH126_4mu_absdetajj_genbin3_recobin1 acc 0.0714 eff 0.0222 outinratio 0.055 

WminusH126_4mu_absdetajj_genbin3_recobin1 acc 0.007 eff 0.1166 outinratio 0.066 

WplusH126_4mu_absdetajj_genbin3_recobin1 acc 0.0056 eff 0.0 outinratio 0.0696 

ZH126_4mu_absdetajj_genbin3_recobin1 acc 0.0064 eff 0.0808 outinratio 0.0738 

ttH126_4mu_absdetajj_genbin3_recobin1 acc 0.0169 eff 0.0982 outinratio 0.1442 

ggH126_4mu_absdetajj_genbin4_recobin1 acc 0.0045 eff 0.0392 outinratio 0.0747 

VBFH126_4mu_absdetajj_genbin4_recobin1 acc 0.1218 eff 0.0088 outinratio 0.055 

WminusH126_4mu_absdetajj_genbin4_recobin1 acc 0.0015 eff 0.0348 outinratio 0.066 

WplusH126_4mu_absdetajj_genbin4_recobin1 acc 0.0019 eff -1.0 outinratio 0.0696 

ZH126_4mu_absdetajj_genbin4_recobin1 acc 0.0015 eff 0.0 outinratio 0.0738 

ttH126_4mu_absdetajj_genbin4_recobin1 acc 0.0023 eff 0.1098 outinratio 0.1442 

ggH126_4mu_absdetajj_genbin0_recobin2 acc 0.3865 eff 0.0089 outinratio 0.0692 

VBFH126_4mu_absdetajj_genbin0_recobin2 acc 0.233 eff 0.0302 outinratio 0.0232 

WminusH126_4mu_absdetajj_genbin0_recobin2 acc 0.2193 eff 0.0515 outinratio 0.0901 

WplusH126_4mu_absdetajj_genbin0_recobin2 acc 0.1893 eff 0.0312 outinratio 0.0609 

ZH126_4mu_absdetajj_genbin0_recobin2 acc 0.1891 eff 0.047 outinratio 0.0603 

ttH126_4mu_absdetajj_genbin0_recobin2 acc 0.0091 eff 0.1688 outinratio 0.136 

ggH126_4mu_absdetajj_genbin1_recobin2 acc 0.0173 eff 0.0084 outinratio 0.0692 

VBFH126_4mu_absdetajj_genbin1_recobin2 acc 0.019 eff 0.0376 outinratio 0.0232 

WminusH126_4mu_absdetajj_genbin1_recobin2 acc 0.1047 eff 0.0286 outinratio 0.0901 

WplusH126_4mu_absdetajj_genbin1_recobin2 acc 0.0898 eff 0.0347 outinratio 0.0609 

ZH126_4mu_absdetajj_genbin1_recobin2 acc 0.1113 eff 0.0317 outinratio 0.0603 

ttH126_4mu_absdetajj_genbin1_recobin2 acc 0.2032 eff 0.072 outinratio 0.136 

ggH126_4mu_absdetajj_genbin2_recobin2 acc 0.016 eff 0.6101 outinratio 0.0692 

VBFH126_4mu_absdetajj_genbin2_recobin2 acc 0.0381 eff 0.67 outinratio 0.0232 

WminusH126_4mu_absdetajj_genbin2_recobin2 acc 0.0459 eff 0.5926 outinratio 0.0901 

WplusH126_4mu_absdetajj_genbin2_recobin2 acc 0.0416 eff 0.5781 outinratio 0.0609 

ZH126_4mu_absdetajj_genbin2_recobin2 acc 0.0558 eff 0.6111 outinratio 0.0603 

ttH126_4mu_absdetajj_genbin2_recobin2 acc 0.1131 eff 0.6715 outinratio 0.136 

ggH126_4mu_absdetajj_genbin3_recobin2 acc 0.0074 eff 0.0532 outinratio 0.0692 

VBFH126_4mu_absdetajj_genbin3_recobin2 acc 0.0714 eff 0.0202 outinratio 0.0232 

WminusH126_4mu_absdetajj_genbin3_recobin2 acc 0.007 eff 0.032 outinratio 0.0901 

WplusH126_4mu_absdetajj_genbin3_recobin2 acc 0.0056 eff 0.1341 outinratio 0.0609 

ZH126_4mu_absdetajj_genbin3_recobin2 acc 0.0064 eff 0.0056 outinratio 0.0603 

ttH126_4mu_absdetajj_genbin3_recobin2 acc 0.0169 eff 0.0674 outinratio 0.136 

ggH126_4mu_absdetajj_genbin4_recobin2 acc 0.0045 eff 0.0346 outinratio 0.0692 

VBFH126_4mu_absdetajj_genbin4_recobin2 acc 0.1218 eff 0.0133 outinratio 0.0232 

WminusH126_4mu_absdetajj_genbin4_recobin2 acc 0.0015 eff 0.0863 outinratio 0.0901 

WplusH126_4mu_absdetajj_genbin4_recobin2 acc 0.0019 eff -1.0 outinratio 0.0609 

ZH126_4mu_absdetajj_genbin4_recobin2 acc 0.0015 eff 0.1555 outinratio 0.0603 

ttH126_4mu_absdetajj_genbin4_recobin2 acc 0.0023 eff 0.0501 outinratio 0.136 

ggH126_4mu_absdetajj_genbin0_recobin3 acc 0.3865 eff 0.0073 outinratio 0.1507 

VBFH126_4mu_absdetajj_genbin0_recobin3 acc 0.233 eff 0.0336 outinratio 0.0492 

WminusH126_4mu_absdetajj_genbin0_recobin3 acc 0.2193 eff 0.022 outinratio 0.0801 

WplusH126_4mu_absdetajj_genbin0_recobin3 acc 0.1893 eff 0.0099 outinratio 0.1507 

ZH126_4mu_absdetajj_genbin0_recobin3 acc 0.1891 eff 0.0134 outinratio 0.055 

ttH126_4mu_absdetajj_genbin0_recobin3 acc 0.0091 eff 0.0255 outinratio 0.1622 

ggH126_4mu_absdetajj_genbin1_recobin3 acc 0.0173 eff 0.0099 outinratio 0.1507 

VBFH126_4mu_absdetajj_genbin1_recobin3 acc 0.019 eff 0.023 outinratio 0.0492 

WminusH126_4mu_absdetajj_genbin1_recobin3 acc 0.1047 eff 0.0081 outinratio 0.0801 

WplusH126_4mu_absdetajj_genbin1_recobin3 acc 0.0898 eff 0.0074 outinratio 0.1507 

ZH126_4mu_absdetajj_genbin1_recobin3 acc 0.1113 eff 0.0177 outinratio 0.055 

ttH126_4mu_absdetajj_genbin1_recobin3 acc 0.2032 eff 0.0102 outinratio 0.1622 

ggH126_4mu_absdetajj_genbin2_recobin3 acc 0.016 eff 0.0273 outinratio 0.1507 

VBFH126_4mu_absdetajj_genbin2_recobin3 acc 0.0381 eff 0.0209 outinratio 0.0492 

WminusH126_4mu_absdetajj_genbin2_recobin3 acc 0.0459 eff 0.018 outinratio 0.0801 

WplusH126_4mu_absdetajj_genbin2_recobin3 acc 0.0416 eff 0.014 outinratio 0.1507 

ZH126_4mu_absdetajj_genbin2_recobin3 acc 0.0558 eff 0.0064 outinratio 0.055 

ttH126_4mu_absdetajj_genbin2_recobin3 acc 0.1131 eff 0.0228 outinratio 0.1622 

ggH126_4mu_absdetajj_genbin3_recobin3 acc 0.0074 eff 0.6474 outinratio 0.1507 

VBFH126_4mu_absdetajj_genbin3_recobin3 acc 0.0714 eff 0.6363 outinratio 0.0492 

WminusH126_4mu_absdetajj_genbin3_recobin3 acc 0.007 eff 0.606 outinratio 0.0801 

WplusH126_4mu_absdetajj_genbin3_recobin3 acc 0.0056 eff 0.7232 outinratio 0.1507 

ZH126_4mu_absdetajj_genbin3_recobin3 acc 0.0064 eff 0.3913 outinratio 0.055 

ttH126_4mu_absdetajj_genbin3_recobin3 acc 0.0169 eff 0.5945 outinratio 0.1622 

ggH126_4mu_absdetajj_genbin4_recobin3 acc 0.0045 eff 0.0 outinratio 0.1507 

VBFH126_4mu_absdetajj_genbin4_recobin3 acc 0.1218 eff 0.0092 outinratio 0.0492 

WminusH126_4mu_absdetajj_genbin4_recobin3 acc 0.0015 eff 0.0386 outinratio 0.0801 

WplusH126_4mu_absdetajj_genbin4_recobin3 acc 0.0019 eff -1.0 outinratio 0.1507 

ZH126_4mu_absdetajj_genbin4_recobin3 acc 0.0015 eff 0.0823 outinratio 0.055 

ttH126_4mu_absdetajj_genbin4_recobin3 acc 0.0023 eff 0.0271 outinratio 0.1622 

ggH126_4mu_absdetajj_genbin0_recobin4 acc 0.3865 eff 0.0086 outinratio 0.1019 

VBFH126_4mu_absdetajj_genbin0_recobin4 acc 0.233 eff 0.0695 outinratio 0.0279 

WminusH126_4mu_absdetajj_genbin0_recobin4 acc 0.2193 eff 0.0079 outinratio 0.1095 

WplusH126_4mu_absdetajj_genbin0_recobin4 acc 0.1893 eff 0.0042 outinratio 0.0 

ZH126_4mu_absdetajj_genbin0_recobin4 acc 0.1891 eff 0.0077 outinratio 0.0266 

ttH126_4mu_absdetajj_genbin0_recobin4 acc 0.0091 eff 0.0 outinratio 0.1091 

ggH126_4mu_absdetajj_genbin1_recobin4 acc 0.0173 eff 0.0023 outinratio 0.1019 

VBFH126_4mu_absdetajj_genbin1_recobin4 acc 0.019 eff 0.0478 outinratio 0.0279 

WminusH126_4mu_absdetajj_genbin1_recobin4 acc 0.1047 eff 0.0007 outinratio 0.1095 

WplusH126_4mu_absdetajj_genbin1_recobin4 acc 0.0898 eff 0.0054 outinratio 0.0 

ZH126_4mu_absdetajj_genbin1_recobin4 acc 0.1113 eff 0.0015 outinratio 0.0266 

ttH126_4mu_absdetajj_genbin1_recobin4 acc 0.2032 eff 0.0013 outinratio 0.1091 

ggH126_4mu_absdetajj_genbin2_recobin4 acc 0.016 eff 0.0054 outinratio 0.1019 

VBFH126_4mu_absdetajj_genbin2_recobin4 acc 0.0381 eff 0.0147 outinratio 0.0279 

WminusH126_4mu_absdetajj_genbin2_recobin4 acc 0.0459 eff 0.0073 outinratio 0.1095 

WplusH126_4mu_absdetajj_genbin2_recobin4 acc 0.0416 eff 0.0063 outinratio 0.0 

ZH126_4mu_absdetajj_genbin2_recobin4 acc 0.0558 eff 0.0075 outinratio 0.0266 

ttH126_4mu_absdetajj_genbin2_recobin4 acc 0.1131 eff 0.0042 outinratio 0.1091 

ggH126_4mu_absdetajj_genbin3_recobin4 acc 0.0074 eff 0.0 outinratio 0.1019 

VBFH126_4mu_absdetajj_genbin3_recobin4 acc 0.0714 eff 0.0138 outinratio 0.0279 

WminusH126_4mu_absdetajj_genbin3_recobin4 acc 0.007 eff 0.0073 outinratio 0.1095 

WplusH126_4mu_absdetajj_genbin3_recobin4 acc 0.0056 eff 0.0 outinratio 0.0 

ZH126_4mu_absdetajj_genbin3_recobin4 acc 0.0064 eff 0.0063 outinratio 0.0266 

ttH126_4mu_absdetajj_genbin3_recobin4 acc 0.0169 eff 0.0076 outinratio 0.1091 

ggH126_4mu_absdetajj_genbin4_recobin4 acc 0.0045 eff 0.3863 outinratio 0.1019 

VBFH126_4mu_absdetajj_genbin4_recobin4 acc 0.1218 eff 0.6717 outinratio 0.0279 

WminusH126_4mu_absdetajj_genbin4_recobin4 acc 0.0015 eff 0.4838 outinratio 0.1095 

WplusH126_4mu_absdetajj_genbin4_recobin4 acc 0.0019 eff -1.0 outinratio 0.0 

ZH126_4mu_absdetajj_genbin4_recobin4 acc 0.0015 eff 0.6677 outinratio 0.0266 

ttH126_4mu_absdetajj_genbin4_recobin4 acc 0.0023 eff 0.6852 outinratio 0.1091 

ggH126_2e2mu_absdetajj_genbin0_recobin0 acc 0.3656 eff 0.4955 outinratio 0.049 

VBFH126_2e2mu_absdetajj_genbin0_recobin0 acc 0.2088 eff 0.4355 outinratio 0.0286 

WminusH126_2e2mu_absdetajj_genbin0_recobin0 acc 0.1949 eff 0.4368 outinratio 0.0743 

WplusH126_2e2mu_absdetajj_genbin0_recobin0 acc 0.1759 eff 0.4122 outinratio 0.0601 

ZH126_2e2mu_absdetajj_genbin0_recobin0 acc 0.1778 eff 0.4397 outinratio 0.0765 

ttH126_2e2mu_absdetajj_genbin0_recobin0 acc 0.0092 eff 0.1787 outinratio 0.1816 

ggH126_2e2mu_absdetajj_genbin1_recobin0 acc 0.0159 eff 0.1074 outinratio 0.049 

VBFH126_2e2mu_absdetajj_genbin1_recobin0 acc 0.0189 eff 0.0668 outinratio 0.0286 

WminusH126_2e2mu_absdetajj_genbin1_recobin0 acc 0.0969 eff 0.0538 outinratio 0.0743 

WplusH126_2e2mu_absdetajj_genbin1_recobin0 acc 0.0931 eff 0.0547 outinratio 0.0601 

ZH126_2e2mu_absdetajj_genbin1_recobin0 acc 0.1039 eff 0.045 outinratio 0.0765 

ttH126_2e2mu_absdetajj_genbin1_recobin0 acc 0.1797 eff 0.0042 outinratio 0.1816 

ggH126_2e2mu_absdetajj_genbin2_recobin0 acc 0.0155 eff 0.1181 outinratio 0.049 

VBFH126_2e2mu_absdetajj_genbin2_recobin0 acc 0.0348 eff 0.0647 outinratio 0.0286 

WminusH126_2e2mu_absdetajj_genbin2_recobin0 acc 0.0424 eff 0.0728 outinratio 0.0743 

WplusH126_2e2mu_absdetajj_genbin2_recobin0 acc 0.0372 eff 0.0501 outinratio 0.0601 

ZH126_2e2mu_absdetajj_genbin2_recobin0 acc 0.0539 eff 0.0613 outinratio 0.0765 

ttH126_2e2mu_absdetajj_genbin2_recobin0 acc 0.1015 eff 0.0054 outinratio 0.1816 

ggH126_2e2mu_absdetajj_genbin3_recobin0 acc 0.0068 eff 0.0596 outinratio 0.049 

VBFH126_2e2mu_absdetajj_genbin3_recobin0 acc 0.0668 eff 0.072 outinratio 0.0286 

WminusH126_2e2mu_absdetajj_genbin3_recobin0 acc 0.0073 eff 0.0549 outinratio 0.0743 

WplusH126_2e2mu_absdetajj_genbin3_recobin0 acc 0.0063 eff 0.0486 outinratio 0.0601 

ZH126_2e2mu_absdetajj_genbin3_recobin0 acc 0.0073 eff 0.0969 outinratio 0.0765 

ttH126_2e2mu_absdetajj_genbin3_recobin0 acc 0.0145 eff 0.0142 outinratio 0.1816 

ggH126_2e2mu_absdetajj_genbin4_recobin0 acc 0.0041 eff 0.1664 outinratio 0.049 

VBFH126_2e2mu_absdetajj_genbin4_recobin0 acc 0.1102 eff 0.0819 outinratio 0.0286 

WminusH126_2e2mu_absdetajj_genbin4_recobin0 acc 0.0013 eff 0.0585 outinratio 0.0743 

WplusH126_2e2mu_absdetajj_genbin4_recobin0 acc 0.0012 eff -1.0 outinratio 0.0601 

ZH126_2e2mu_absdetajj_genbin4_recobin0 acc 0.0016 eff 0.0907 outinratio 0.0765 

ttH126_2e2mu_absdetajj_genbin4_recobin0 acc 0.002 eff 0.0 outinratio 0.1816 

ggH126_2e2mu_absdetajj_genbin0_recobin1 acc 0.3656 eff 0.0074 outinratio 0.0603 

VBFH126_2e2mu_absdetajj_genbin0_recobin1 acc 0.2088 eff 0.0097 outinratio 0.0379 

WminusH126_2e2mu_absdetajj_genbin0_recobin1 acc 0.1949 eff 0.0327 outinratio 0.0931 

WplusH126_2e2mu_absdetajj_genbin0_recobin1 acc 0.1759 eff 0.0382 outinratio 0.0609 

ZH126_2e2mu_absdetajj_genbin0_recobin1 acc 0.1778 eff 0.0324 outinratio 0.0799 

ttH126_2e2mu_absdetajj_genbin0_recobin1 acc 0.0092 eff 0.1934 outinratio 0.1985 

ggH126_2e2mu_absdetajj_genbin1_recobin1 acc 0.0159 eff 0.4296 outinratio 0.0603 

VBFH126_2e2mu_absdetajj_genbin1_recobin1 acc 0.0189 eff 0.3963 outinratio 0.0379 

WminusH126_2e2mu_absdetajj_genbin1_recobin1 acc 0.0969 eff 0.4543 outinratio 0.0931 

WplusH126_2e2mu_absdetajj_genbin1_recobin1 acc 0.0931 eff 0.4521 outinratio 0.0609 

ZH126_2e2mu_absdetajj_genbin1_recobin1 acc 0.1039 eff 0.4518 outinratio 0.0799 

ttH126_2e2mu_absdetajj_genbin1_recobin1 acc 0.1797 eff 0.463 outinratio 0.1985 

ggH126_2e2mu_absdetajj_genbin2_recobin1 acc 0.0155 eff 0.0107 outinratio 0.0603 

VBFH126_2e2mu_absdetajj_genbin2_recobin1 acc 0.0348 eff 0.0062 outinratio 0.0379 

WminusH126_2e2mu_absdetajj_genbin2_recobin1 acc 0.0424 eff 0.0465 outinratio 0.0931 

WplusH126_2e2mu_absdetajj_genbin2_recobin1 acc 0.0372 eff 0.0522 outinratio 0.0609 

ZH126_2e2mu_absdetajj_genbin2_recobin1 acc 0.0539 eff 0.0353 outinratio 0.0799 

ttH126_2e2mu_absdetajj_genbin2_recobin1 acc 0.1015 eff 0.0716 outinratio 0.1985 

ggH126_2e2mu_absdetajj_genbin3_recobin1 acc 0.0068 eff 0.0256 outinratio 0.0603 

VBFH126_2e2mu_absdetajj_genbin3_recobin1 acc 0.0668 eff 0.0041 outinratio 0.0379 

WminusH126_2e2mu_absdetajj_genbin3_recobin1 acc 0.0073 eff 0.0325 outinratio 0.0931 

WplusH126_2e2mu_absdetajj_genbin3_recobin1 acc 0.0063 eff 0.0635 outinratio 0.0609 

ZH126_2e2mu_absdetajj_genbin3_recobin1 acc 0.0073 eff 0.0718 outinratio 0.0799 

ttH126_2e2mu_absdetajj_genbin3_recobin1 acc 0.0145 eff 0.0753 outinratio 0.1985 

ggH126_2e2mu_absdetajj_genbin4_recobin1 acc 0.0041 eff 0.0158 outinratio 0.0603 

VBFH126_2e2mu_absdetajj_genbin4_recobin1 acc 0.1102 eff 0.0047 outinratio 0.0379 

WminusH126_2e2mu_absdetajj_genbin4_recobin1 acc 0.0013 eff 0.0 outinratio 0.0931 

WplusH126_2e2mu_absdetajj_genbin4_recobin1 acc 0.0012 eff -1.0 outinratio 0.0609 

ZH126_2e2mu_absdetajj_genbin4_recobin1 acc 0.0016 eff 0.0 outinratio 0.0799 

ttH126_2e2mu_absdetajj_genbin4_recobin1 acc 0.002 eff 0.1084 outinratio 0.1985 

ggH126_2e2mu_absdetajj_genbin0_recobin2 acc 0.3656 eff 0.0069 outinratio 0.0638 

VBFH126_2e2mu_absdetajj_genbin0_recobin2 acc 0.2088 eff 0.016 outinratio 0.0316 

WminusH126_2e2mu_absdetajj_genbin0_recobin2 acc 0.1949 eff 0.0304 outinratio 0.0899 

WplusH126_2e2mu_absdetajj_genbin0_recobin2 acc 0.1759 eff 0.0341 outinratio 0.0572 

ZH126_2e2mu_absdetajj_genbin0_recobin2 acc 0.1778 eff 0.0254 outinratio 0.066 

ttH126_2e2mu_absdetajj_genbin0_recobin2 acc 0.0092 eff 0.0889 outinratio 0.1664 

ggH126_2e2mu_absdetajj_genbin1_recobin2 acc 0.0159 eff 0.0189 outinratio 0.0638 

VBFH126_2e2mu_absdetajj_genbin1_recobin2 acc 0.0189 eff 0.0225 outinratio 0.0316 

WminusH126_2e2mu_absdetajj_genbin1_recobin2 acc 0.0969 eff 0.0245 outinratio 0.0899 

WplusH126_2e2mu_absdetajj_genbin1_recobin2 acc 0.0931 eff 0.0254 outinratio 0.0572 

ZH126_2e2mu_absdetajj_genbin1_recobin2 acc 0.1039 eff 0.0216 outinratio 0.066 

ttH126_2e2mu_absdetajj_genbin1_recobin2 acc 0.1797 eff 0.0425 outinratio 0.1664 

ggH126_2e2mu_absdetajj_genbin2_recobin2 acc 0.0155 eff 0.4835 outinratio 0.0638 

VBFH126_2e2mu_absdetajj_genbin2_recobin2 acc 0.0348 eff 0.4684 outinratio 0.0316 

WminusH126_2e2mu_absdetajj_genbin2_recobin2 acc 0.0424 eff 0.3875 outinratio 0.0899 

WplusH126_2e2mu_absdetajj_genbin2_recobin2 acc 0.0372 eff 0.4205 outinratio 0.0572 

ZH126_2e2mu_absdetajj_genbin2_recobin2 acc 0.0539 eff 0.4037 outinratio 0.066 

ttH126_2e2mu_absdetajj_genbin2_recobin2 acc 0.1015 eff 0.4324 outinratio 0.1664 

ggH126_2e2mu_absdetajj_genbin3_recobin2 acc 0.0068 eff 0.0063 outinratio 0.0638 

VBFH126_2e2mu_absdetajj_genbin3_recobin2 acc 0.0668 eff 0.0069 outinratio 0.0316 

WminusH126_2e2mu_absdetajj_genbin3_recobin2 acc 0.0073 eff 0.0686 outinratio 0.0899 

WplusH126_2e2mu_absdetajj_genbin3_recobin2 acc 0.0063 eff 0.0212 outinratio 0.0572 

ZH126_2e2mu_absdetajj_genbin3_recobin2 acc 0.0073 eff 0.0966 outinratio 0.066 

ttH126_2e2mu_absdetajj_genbin3_recobin2 acc 0.0145 eff 0.0461 outinratio 0.1664 

ggH126_2e2mu_absdetajj_genbin4_recobin2 acc 0.0041 eff 0.0193 outinratio 0.0638 

VBFH126_2e2mu_absdetajj_genbin4_recobin2 acc 0.1102 eff 0.0035 outinratio 0.0316 

WminusH126_2e2mu_absdetajj_genbin4_recobin2 acc 0.0013 eff 0.0423 outinratio 0.0899 

WplusH126_2e2mu_absdetajj_genbin4_recobin2 acc 0.0012 eff -1.0 outinratio 0.0572 

ZH126_2e2mu_absdetajj_genbin4_recobin2 acc 0.0016 eff 0.0387 outinratio 0.066 

ttH126_2e2mu_absdetajj_genbin4_recobin2 acc 0.002 eff 0.09 outinratio 0.1664 

ggH126_2e2mu_absdetajj_genbin0_recobin3 acc 0.3656 eff 0.0047 outinratio 0.0959 

VBFH126_2e2mu_absdetajj_genbin0_recobin3 acc 0.2088 eff 0.0205 outinratio 0.0382 

WminusH126_2e2mu_absdetajj_genbin0_recobin3 acc 0.1949 eff 0.0081 outinratio 0.1242 

WplusH126_2e2mu_absdetajj_genbin0_recobin3 acc 0.1759 eff 0.0084 outinratio 0.1199 

ZH126_2e2mu_absdetajj_genbin0_recobin3 acc 0.1778 eff 0.0063 outinratio 0.1384 

ttH126_2e2mu_absdetajj_genbin0_recobin3 acc 0.0092 eff 0.0106 outinratio 0.2248 

ggH126_2e2mu_absdetajj_genbin1_recobin3 acc 0.0159 eff 0.0119 outinratio 0.0959 

VBFH126_2e2mu_absdetajj_genbin1_recobin3 acc 0.0189 eff 0.0318 outinratio 0.0382 

WminusH126_2e2mu_absdetajj_genbin1_recobin3 acc 0.0969 eff 0.0064 outinratio 0.1242 

WplusH126_2e2mu_absdetajj_genbin1_recobin3 acc 0.0931 eff 0.0008 outinratio 0.1199 

ZH126_2e2mu_absdetajj_genbin1_recobin3 acc 0.1039 eff 0.0056 outinratio 0.1384 

ttH126_2e2mu_absdetajj_genbin1_recobin3 acc 0.1797 eff 0.0046 outinratio 0.2248 

ggH126_2e2mu_absdetajj_genbin2_recobin3 acc 0.0155 eff 0.0 outinratio 0.0959 

VBFH126_2e2mu_absdetajj_genbin2_recobin3 acc 0.0348 eff 0.0101 outinratio 0.0382 

WminusH126_2e2mu_absdetajj_genbin2_recobin3 acc 0.0424 eff 0.0109 outinratio 0.1242 

WplusH126_2e2mu_absdetajj_genbin2_recobin3 acc 0.0372 eff 0.0184 outinratio 0.1199 

ZH126_2e2mu_absdetajj_genbin2_recobin3 acc 0.0539 eff 0.0135 outinratio 0.1384 

ttH126_2e2mu_absdetajj_genbin2_recobin3 acc 0.1015 eff 0.0104 outinratio 0.2248 

ggH126_2e2mu_absdetajj_genbin3_recobin3 acc 0.0068 eff 0.4061 outinratio 0.0959 

VBFH126_2e2mu_absdetajj_genbin3_recobin3 acc 0.0668 eff 0.4619 outinratio 0.0382 

WminusH126_2e2mu_absdetajj_genbin3_recobin3 acc 0.0073 eff 0.3214 outinratio 0.1242 

WplusH126_2e2mu_absdetajj_genbin3_recobin3 acc 0.0063 eff 0.3453 outinratio 0.1199 

ZH126_2e2mu_absdetajj_genbin3_recobin3 acc 0.0073 eff 0.324 outinratio 0.1384 

ttH126_2e2mu_absdetajj_genbin3_recobin3 acc 0.0145 eff 0.3637 outinratio 0.2248 

ggH126_2e2mu_absdetajj_genbin4_recobin3 acc 0.0041 eff 0.0417 outinratio 0.0959 

VBFH126_2e2mu_absdetajj_genbin4_recobin3 acc 0.1102 eff 0.0097 outinratio 0.0382 

WminusH126_2e2mu_absdetajj_genbin4_recobin3 acc 0.0013 eff 0.032 outinratio 0.1242 

WplusH126_2e2mu_absdetajj_genbin4_recobin3 acc 0.0012 eff -1.0 outinratio 0.1199 

ZH126_2e2mu_absdetajj_genbin4_recobin3 acc 0.0016 eff 0.0196 outinratio 0.1384 

ttH126_2e2mu_absdetajj_genbin4_recobin3 acc 0.002 eff 0.0217 outinratio 0.2248 

ggH126_2e2mu_absdetajj_genbin0_recobin4 acc 0.3656 eff 0.0047 outinratio 0.0365 

VBFH126_2e2mu_absdetajj_genbin0_recobin4 acc 0.2088 eff 0.0377 outinratio 0.0243 

WminusH126_2e2mu_absdetajj_genbin0_recobin4 acc 0.1949 eff 0.0047 outinratio 0.1554 

WplusH126_2e2mu_absdetajj_genbin0_recobin4 acc 0.1759 eff 0.0026 outinratio -0.0735 

ZH126_2e2mu_absdetajj_genbin0_recobin4 acc 0.1778 eff 0.0021 outinratio 0.1783 

ttH126_2e2mu_absdetajj_genbin0_recobin4 acc 0.0092 eff 0.0037 outinratio 0.1641 

ggH126_2e2mu_absdetajj_genbin1_recobin4 acc 0.0159 eff 0.0044 outinratio 0.0365 

VBFH126_2e2mu_absdetajj_genbin1_recobin4 acc 0.0189 eff 0.0363 outinratio 0.0243 

WminusH126_2e2mu_absdetajj_genbin1_recobin4 acc 0.0969 eff 0.0017 outinratio 0.1554 

WplusH126_2e2mu_absdetajj_genbin1_recobin4 acc 0.0931 eff 0.0 outinratio -0.0735 

ZH126_2e2mu_absdetajj_genbin1_recobin4 acc 0.1039 eff 0.0012 outinratio 0.1783 

ttH126_2e2mu_absdetajj_genbin1_recobin4 acc 0.1797 eff 0.0009 outinratio 0.1641 

ggH126_2e2mu_absdetajj_genbin2_recobin4 acc 0.0155 eff 0.011 outinratio 0.0365 

VBFH126_2e2mu_absdetajj_genbin2_recobin4 acc 0.0348 eff 0.0056 outinratio 0.0243 

WminusH126_2e2mu_absdetajj_genbin2_recobin4 acc 0.0424 eff 0.0023 outinratio 0.1554 

WplusH126_2e2mu_absdetajj_genbin2_recobin4 acc 0.0372 eff 0.0 outinratio -0.0735 

ZH126_2e2mu_absdetajj_genbin2_recobin4 acc 0.0539 eff 0.0017 outinratio 0.1783 

ttH126_2e2mu_absdetajj_genbin2_recobin4 acc 0.1015 eff 0.0003 outinratio 0.1641 

ggH126_2e2mu_absdetajj_genbin3_recobin4 acc 0.0068 eff 0.0581 outinratio 0.0365 

VBFH126_2e2mu_absdetajj_genbin3_recobin4 acc 0.0668 eff 0.0047 outinratio 0.0243 

WminusH126_2e2mu_absdetajj_genbin3_recobin4 acc 0.0073 eff 0.0166 outinratio 0.1554 

WplusH126_2e2mu_absdetajj_genbin3_recobin4 acc 0.0063 eff 0.0116 outinratio -0.0735 

ZH126_2e2mu_absdetajj_genbin3_recobin4 acc 0.0073 eff 0.0121 outinratio 0.1783 

ttH126_2e2mu_absdetajj_genbin3_recobin4 acc 0.0145 eff 0.0065 outinratio 0.1641 

ggH126_2e2mu_absdetajj_genbin4_recobin4 acc 0.0041 eff 0.2903 outinratio 0.0365 

VBFH126_2e2mu_absdetajj_genbin4_recobin4 acc 0.1102 eff 0.4522 outinratio 0.0243 

WminusH126_2e2mu_absdetajj_genbin4_recobin4 acc 0.0013 eff 0.2837 outinratio 0.1554 

WplusH126_2e2mu_absdetajj_genbin4_recobin4 acc 0.0012 eff -1.0 outinratio -0.0735 

ZH126_2e2mu_absdetajj_genbin4_recobin4 acc 0.0016 eff 0.4074 outinratio 0.1783 

ttH126_2e2mu_absdetajj_genbin4_recobin4 acc 0.002 eff 0.3111 outinratio 0.1641 

Coeff fullNNLOPS
