Welcome in RunCoefficients!
OPT SPLIT
DEBUG opt.YEAR = 2024_5
It is a single-differential measurement, binning [-100.0, 0.0, 4.0, 8.0, 15.0, 20.0, 35.0, 10000.0]
TCjMax
Following observables extracted from dictionary: RECO =  TCjMax  GEN =  GENTCjMax
LUMI: 10.882200000000001
ttH126 0.00046886125
Processing ggH126 2024_5
Signal created
Signal failed created
Processing VBFH126 2024_5
Signal created
Signal failed created
Processing WminusH126 2024_5
Signal created
Signal failed created
Processing WplusH126 2024_5
Signal created
Signal failed created
Processing ZH126 2024_5
Signal created
Signal failed created
Processing ttH126 2024_5
Signal created
Signal failed created
2024_5 SKIMMED df CREATED
2024_5 ggH126
2024_5 VBFH126
2024_5 WminusH126
2024_5 WplusH126
2024_5 ZH126
2024_5 ttH126
Dataframes created successfully
Coeff std
ggH126_4l_TCjmax_genbin0_recobin0 acc 0.2591 eff 0.4695 outinratio 0.0397 

VBFH126_4l_TCjmax_genbin0_recobin0 acc 0.0388 eff 0.3691 outinratio 0.0211 

WminusH126_4l_TCjmax_genbin0_recobin0 acc 0.0827 eff 0.3713 outinratio 0.0645 

WplusH126_4l_TCjmax_genbin0_recobin0 acc 0.0705 eff 0.3828 outinratio 0.0704 

ZH126_4l_TCjmax_genbin0_recobin0 acc 0.0737 eff 0.4081 outinratio 0.094 

ttH126_4l_TCjmax_genbin0_recobin0 acc 0.0007 eff 0.095 outinratio 0.548 

ggH126_4l_TCjmax_genbin1_recobin0 acc 0.0226 eff 0.1251 outinratio 0.0397 

VBFH126_4l_TCjmax_genbin1_recobin0 acc 0.0794 eff 0.0545 outinratio 0.0211 

WminusH126_4l_TCjmax_genbin1_recobin0 acc 0.0042 eff 0.1406 outinratio 0.0645 

WplusH126_4l_TCjmax_genbin1_recobin0 acc 0.0047 eff 0.1037 outinratio 0.0704 

ZH126_4l_TCjmax_genbin1_recobin0 acc 0.0036 eff 0.1925 outinratio 0.094 

ttH126_4l_TCjmax_genbin1_recobin0 acc 0.0003 eff 0.0 outinratio 0.548 

ggH126_4l_TCjmax_genbin2_recobin0 acc 0.0203 eff 0.0438 outinratio 0.0397 

VBFH126_4l_TCjmax_genbin2_recobin0 acc 0.0691 eff 0.0301 outinratio 0.0211 

WminusH126_4l_TCjmax_genbin2_recobin0 acc 0.0084 eff 0.0472 outinratio 0.0645 

WplusH126_4l_TCjmax_genbin2_recobin0 acc 0.0077 eff 0.0573 outinratio 0.0704 

ZH126_4l_TCjmax_genbin2_recobin0 acc 0.0068 eff 0.0622 outinratio 0.094 

ttH126_4l_TCjmax_genbin2_recobin0 acc 0.0008 eff 0.0 outinratio 0.548 

ggH126_4l_TCjmax_genbin3_recobin0 acc 0.0303 eff 0.0728 outinratio 0.0397 

VBFH126_4l_TCjmax_genbin3_recobin0 acc 0.0837 eff 0.0173 outinratio 0.0211 

WminusH126_4l_TCjmax_genbin3_recobin0 acc 0.0271 eff 0.0439 outinratio 0.0645 

WplusH126_4l_TCjmax_genbin3_recobin0 acc 0.0232 eff 0.063 outinratio 0.0704 

ZH126_4l_TCjmax_genbin3_recobin0 acc 0.0249 eff 0.038 outinratio 0.094 

ttH126_4l_TCjmax_genbin3_recobin0 acc 0.0042 eff 0.0202 outinratio 0.548 

ggH126_4l_TCjmax_genbin4_recobin0 acc 0.0243 eff 0.0731 outinratio 0.0397 

VBFH126_4l_TCjmax_genbin4_recobin0 acc 0.0454 eff 0.0096 outinratio 0.0211 

WminusH126_4l_TCjmax_genbin4_recobin0 acc 0.0406 eff 0.0451 outinratio 0.0645 

WplusH126_4l_TCjmax_genbin4_recobin0 acc 0.0355 eff 0.0408 outinratio 0.0704 

ZH126_4l_TCjmax_genbin4_recobin0 acc 0.0363 eff 0.0154 outinratio 0.094 

ttH126_4l_TCjmax_genbin4_recobin0 acc 0.0078 eff 0.0047 outinratio 0.548 

ggH126_4l_TCjmax_genbin5_recobin0 acc 0.0311 eff 0.0087 outinratio 0.0397 

VBFH126_4l_TCjmax_genbin5_recobin0 acc 0.0732 eff 0.0046 outinratio 0.0211 

WminusH126_4l_TCjmax_genbin5_recobin0 acc 0.0945 eff 0.0046 outinratio 0.0645 

WplusH126_4l_TCjmax_genbin5_recobin0 acc 0.0795 eff 0.007 outinratio 0.0704 

ZH126_4l_TCjmax_genbin5_recobin0 acc 0.0997 eff 0.0081 outinratio 0.094 

ttH126_4l_TCjmax_genbin5_recobin0 acc 0.0612 eff 0.0001 outinratio 0.548 

ggH126_4l_TCjmax_genbin6_recobin0 acc 0.0253 eff 0.0 outinratio 0.0397 

VBFH126_4l_TCjmax_genbin6_recobin0 acc 0.0622 eff 0.0014 outinratio 0.0211 

WminusH126_4l_TCjmax_genbin6_recobin0 acc 0.0942 eff 0.0004 outinratio 0.0645 

WplusH126_4l_TCjmax_genbin6_recobin0 acc 0.0877 eff 0.0006 outinratio 0.0704 

ZH126_4l_TCjmax_genbin6_recobin0 acc 0.1013 eff 0.0 outinratio 0.094 

ttH126_4l_TCjmax_genbin6_recobin0 acc 0.244 eff 0.0 outinratio 0.548 

ggH126_4l_TCjmax_genbin0_recobin1 acc 0.2591 eff 0.0269 outinratio 0.0642 

VBFH126_4l_TCjmax_genbin0_recobin1 acc 0.0388 eff 0.0951 outinratio 0.0242 

WminusH126_4l_TCjmax_genbin0_recobin1 acc 0.0827 eff 0.0162 outinratio 0.1087 

WplusH126_4l_TCjmax_genbin0_recobin1 acc 0.0705 eff 0.0261 outinratio 0.0356 

ZH126_4l_TCjmax_genbin0_recobin1 acc 0.0737 eff 0.0179 outinratio 0.0394 

ttH126_4l_TCjmax_genbin0_recobin1 acc 0.0007 eff 0.0 outinratio 0.0784 

ggH126_4l_TCjmax_genbin1_recobin1 acc 0.0226 eff 0.3277 outinratio 0.0642 

VBFH126_4l_TCjmax_genbin1_recobin1 acc 0.0794 eff 0.4127 outinratio 0.0242 

WminusH126_4l_TCjmax_genbin1_recobin1 acc 0.0042 eff 0.2283 outinratio 0.1087 

WplusH126_4l_TCjmax_genbin1_recobin1 acc 0.0047 eff 0.1559 outinratio 0.0356 

ZH126_4l_TCjmax_genbin1_recobin1 acc 0.0036 eff 0.2503 outinratio 0.0394 

ttH126_4l_TCjmax_genbin1_recobin1 acc 0.0003 eff 0.2026 outinratio 0.0784 

ggH126_4l_TCjmax_genbin2_recobin1 acc 0.0203 eff 0.0516 outinratio 0.0642 

VBFH126_4l_TCjmax_genbin2_recobin1 acc 0.0691 eff 0.0464 outinratio 0.0242 

WminusH126_4l_TCjmax_genbin2_recobin1 acc 0.0084 eff 0.0316 outinratio 0.1087 

WplusH126_4l_TCjmax_genbin2_recobin1 acc 0.0077 eff 0.0 outinratio 0.0356 

ZH126_4l_TCjmax_genbin2_recobin1 acc 0.0068 eff 0.0559 outinratio 0.0394 

ttH126_4l_TCjmax_genbin2_recobin1 acc 0.0008 eff 0.031 outinratio 0.0784 

ggH126_4l_TCjmax_genbin3_recobin1 acc 0.0303 eff 0.0066 outinratio 0.0642 

VBFH126_4l_TCjmax_genbin3_recobin1 acc 0.0837 eff 0.0139 outinratio 0.0242 

WminusH126_4l_TCjmax_genbin3_recobin1 acc 0.0271 eff 0.0058 outinratio 0.1087 

WplusH126_4l_TCjmax_genbin3_recobin1 acc 0.0232 eff 0.0197 outinratio 0.0356 

ZH126_4l_TCjmax_genbin3_recobin1 acc 0.0249 eff 0.0025 outinratio 0.0394 

ttH126_4l_TCjmax_genbin3_recobin1 acc 0.0042 eff 0.0035 outinratio 0.0784 

ggH126_4l_TCjmax_genbin4_recobin1 acc 0.0243 eff 0.0092 outinratio 0.0642 

VBFH126_4l_TCjmax_genbin4_recobin1 acc 0.0454 eff 0.008 outinratio 0.0242 

WminusH126_4l_TCjmax_genbin4_recobin1 acc 0.0406 eff 0.0027 outinratio 0.1087 

WplusH126_4l_TCjmax_genbin4_recobin1 acc 0.0355 eff 0.002 outinratio 0.0356 

ZH126_4l_TCjmax_genbin4_recobin1 acc 0.0363 eff 0.0115 outinratio 0.0394 

ttH126_4l_TCjmax_genbin4_recobin1 acc 0.0078 eff 0.0015 outinratio 0.0784 

ggH126_4l_TCjmax_genbin5_recobin1 acc 0.0311 eff 0.0 outinratio 0.0642 

VBFH126_4l_TCjmax_genbin5_recobin1 acc 0.0732 eff 0.0042 outinratio 0.0242 

WminusH126_4l_TCjmax_genbin5_recobin1 acc 0.0945 eff 0.0016 outinratio 0.1087 

WplusH126_4l_TCjmax_genbin5_recobin1 acc 0.0795 eff 0.0013 outinratio 0.0356 

ZH126_4l_TCjmax_genbin5_recobin1 acc 0.0997 eff 0.0 outinratio 0.0394 

ttH126_4l_TCjmax_genbin5_recobin1 acc 0.0612 eff 0.0 outinratio 0.0784 

ggH126_4l_TCjmax_genbin6_recobin1 acc 0.0253 eff 0.0 outinratio 0.0642 

VBFH126_4l_TCjmax_genbin6_recobin1 acc 0.0622 eff 0.0023 outinratio 0.0242 

WminusH126_4l_TCjmax_genbin6_recobin1 acc 0.0942 eff 0.0 outinratio 0.1087 

WplusH126_4l_TCjmax_genbin6_recobin1 acc 0.0877 eff 0.0 outinratio 0.0356 

ZH126_4l_TCjmax_genbin6_recobin1 acc 0.1013 eff 0.0 outinratio 0.0394 

ttH126_4l_TCjmax_genbin6_recobin1 acc 0.244 eff 0.0 outinratio 0.0784 

ggH126_4l_TCjmax_genbin0_recobin2 acc 0.2591 eff 0.0093 outinratio 0.0366 

VBFH126_4l_TCjmax_genbin0_recobin2 acc 0.0388 eff 0.0328 outinratio 0.0313 

WminusH126_4l_TCjmax_genbin0_recobin2 acc 0.0827 eff 0.0124 outinratio 0.1424 

WplusH126_4l_TCjmax_genbin0_recobin2 acc 0.0705 eff 0.0154 outinratio 0.1507 

ZH126_4l_TCjmax_genbin0_recobin2 acc 0.0737 eff 0.0113 outinratio 0.0232 

ttH126_4l_TCjmax_genbin0_recobin2 acc 0.0007 eff 0.0129 outinratio 0.0714 

ggH126_4l_TCjmax_genbin1_recobin2 acc 0.0226 eff 0.0388 outinratio 0.0366 

VBFH126_4l_TCjmax_genbin1_recobin2 acc 0.0794 eff 0.0624 outinratio 0.0313 

WminusH126_4l_TCjmax_genbin1_recobin2 acc 0.0042 eff 0.0955 outinratio 0.1424 

WplusH126_4l_TCjmax_genbin1_recobin2 acc 0.0047 eff 0.0928 outinratio 0.1507 

ZH126_4l_TCjmax_genbin1_recobin2 acc 0.0036 eff 0.0454 outinratio 0.0232 

ttH126_4l_TCjmax_genbin1_recobin2 acc 0.0003 eff -0.0001 outinratio 0.0714 

ggH126_4l_TCjmax_genbin2_recobin2 acc 0.0203 eff 0.3605 outinratio 0.0366 

VBFH126_4l_TCjmax_genbin2_recobin2 acc 0.0691 eff 0.3828 outinratio 0.0313 

WminusH126_4l_TCjmax_genbin2_recobin2 acc 0.0084 eff 0.2084 outinratio 0.1424 

WplusH126_4l_TCjmax_genbin2_recobin2 acc 0.0077 eff 0.2025 outinratio 0.1507 

ZH126_4l_TCjmax_genbin2_recobin2 acc 0.0068 eff 0.4278 outinratio 0.0232 

ttH126_4l_TCjmax_genbin2_recobin2 acc 0.0008 eff 0.0925 outinratio 0.0714 

ggH126_4l_TCjmax_genbin3_recobin2 acc 0.0303 eff 0.0373 outinratio 0.0366 

VBFH126_4l_TCjmax_genbin3_recobin2 acc 0.0837 eff 0.0446 outinratio 0.0313 

WminusH126_4l_TCjmax_genbin3_recobin2 acc 0.0271 eff 0.0297 outinratio 0.1424 

WplusH126_4l_TCjmax_genbin3_recobin2 acc 0.0232 eff 0.0178 outinratio 0.1507 

ZH126_4l_TCjmax_genbin3_recobin2 acc 0.0249 eff 0.0085 outinratio 0.0232 

ttH126_4l_TCjmax_genbin3_recobin2 acc 0.0042 eff 0.0157 outinratio 0.0714 

ggH126_4l_TCjmax_genbin4_recobin2 acc 0.0243 eff 0.0019 outinratio 0.0366 

VBFH126_4l_TCjmax_genbin4_recobin2 acc 0.0454 eff 0.0092 outinratio 0.0313 

WminusH126_4l_TCjmax_genbin4_recobin2 acc 0.0406 eff 0.0066 outinratio 0.1424 

WplusH126_4l_TCjmax_genbin4_recobin2 acc 0.0355 eff 0.0022 outinratio 0.1507 

ZH126_4l_TCjmax_genbin4_recobin2 acc 0.0363 eff 0.0 outinratio 0.0232 

ttH126_4l_TCjmax_genbin4_recobin2 acc 0.0078 eff 0.0021 outinratio 0.0714 

ggH126_4l_TCjmax_genbin5_recobin2 acc 0.0311 eff 0.0 outinratio 0.0366 

VBFH126_4l_TCjmax_genbin5_recobin2 acc 0.0732 eff 0.0027 outinratio 0.0313 

WminusH126_4l_TCjmax_genbin5_recobin2 acc 0.0945 eff 0.0005 outinratio 0.1424 

WplusH126_4l_TCjmax_genbin5_recobin2 acc 0.0795 eff 0.0005 outinratio 0.1507 

ZH126_4l_TCjmax_genbin5_recobin2 acc 0.0997 eff 0.0042 outinratio 0.0232 

ttH126_4l_TCjmax_genbin5_recobin2 acc 0.0612 eff 0.0005 outinratio 0.0714 

ggH126_4l_TCjmax_genbin6_recobin2 acc 0.0253 eff 0.0 outinratio 0.0366 

VBFH126_4l_TCjmax_genbin6_recobin2 acc 0.0622 eff 0.0015 outinratio 0.0313 

WminusH126_4l_TCjmax_genbin6_recobin2 acc 0.0942 eff 0.0 outinratio 0.1424 

WplusH126_4l_TCjmax_genbin6_recobin2 acc 0.0877 eff 0.0 outinratio 0.1507 

ZH126_4l_TCjmax_genbin6_recobin2 acc 0.1013 eff 0.0 outinratio 0.0232 

ttH126_4l_TCjmax_genbin6_recobin2 acc 0.244 eff 0.0001 outinratio 0.0714 

ggH126_4l_TCjmax_genbin0_recobin3 acc 0.2591 eff 0.016 outinratio 0.0473 

VBFH126_4l_TCjmax_genbin0_recobin3 acc 0.0388 eff 0.0273 outinratio 0.0324 

WminusH126_4l_TCjmax_genbin0_recobin3 acc 0.0827 eff 0.0432 outinratio 0.0609 

WplusH126_4l_TCjmax_genbin0_recobin3 acc 0.0705 eff 0.0513 outinratio 0.0585 

ZH126_4l_TCjmax_genbin0_recobin3 acc 0.0737 eff 0.0283 outinratio 0.0694 

ttH126_4l_TCjmax_genbin0_recobin3 acc 0.0007 eff 0.0876 outinratio 0.1 

ggH126_4l_TCjmax_genbin1_recobin3 acc 0.0226 eff 0.0278 outinratio 0.0473 

VBFH126_4l_TCjmax_genbin1_recobin3 acc 0.0794 eff 0.0135 outinratio 0.0324 

WminusH126_4l_TCjmax_genbin1_recobin3 acc 0.0042 eff 0.0242 outinratio 0.0609 

WplusH126_4l_TCjmax_genbin1_recobin3 acc 0.0047 eff 0.0117 outinratio 0.0585 

ZH126_4l_TCjmax_genbin1_recobin3 acc 0.0036 eff 0.0431 outinratio 0.0694 

ttH126_4l_TCjmax_genbin1_recobin3 acc 0.0003 eff 0.0534 outinratio 0.1 

ggH126_4l_TCjmax_genbin2_recobin3 acc 0.0203 eff 0.0497 outinratio 0.0473 

VBFH126_4l_TCjmax_genbin2_recobin3 acc 0.0691 eff 0.0944 outinratio 0.0324 

WminusH126_4l_TCjmax_genbin2_recobin3 acc 0.0084 eff 0.1457 outinratio 0.0609 

WplusH126_4l_TCjmax_genbin2_recobin3 acc 0.0077 eff 0.1812 outinratio 0.0585 

ZH126_4l_TCjmax_genbin2_recobin3 acc 0.0068 eff 0.0392 outinratio 0.0694 

ttH126_4l_TCjmax_genbin2_recobin3 acc 0.0008 eff 0.1257 outinratio 0.1 

ggH126_4l_TCjmax_genbin3_recobin3 acc 0.0303 eff 0.3456 outinratio 0.0473 

VBFH126_4l_TCjmax_genbin3_recobin3 acc 0.0837 eff 0.3913 outinratio 0.0324 

WminusH126_4l_TCjmax_genbin3_recobin3 acc 0.0271 eff 0.2744 outinratio 0.0609 

WplusH126_4l_TCjmax_genbin3_recobin3 acc 0.0232 eff 0.3371 outinratio 0.0585 

ZH126_4l_TCjmax_genbin3_recobin3 acc 0.0249 eff 0.3485 outinratio 0.0694 

ttH126_4l_TCjmax_genbin3_recobin3 acc 0.0042 eff 0.2695 outinratio 0.1 

ggH126_4l_TCjmax_genbin4_recobin3 acc 0.0243 eff 0.0919 outinratio 0.0473 

VBFH126_4l_TCjmax_genbin4_recobin3 acc 0.0454 eff 0.0749 outinratio 0.0324 

WminusH126_4l_TCjmax_genbin4_recobin3 acc 0.0406 eff 0.0658 outinratio 0.0609 

WplusH126_4l_TCjmax_genbin4_recobin3 acc 0.0355 eff 0.078 outinratio 0.0585 

ZH126_4l_TCjmax_genbin4_recobin3 acc 0.0363 eff 0.1011 outinratio 0.0694 

ttH126_4l_TCjmax_genbin4_recobin3 acc 0.0078 eff 0.0619 outinratio 0.1 

ggH126_4l_TCjmax_genbin5_recobin3 acc 0.0311 eff 0.0 outinratio 0.0473 

VBFH126_4l_TCjmax_genbin5_recobin3 acc 0.0732 eff 0.0093 outinratio 0.0324 

WminusH126_4l_TCjmax_genbin5_recobin3 acc 0.0945 eff 0.0067 outinratio 0.0609 

WplusH126_4l_TCjmax_genbin5_recobin3 acc 0.0795 eff 0.004 outinratio 0.0585 

ZH126_4l_TCjmax_genbin5_recobin3 acc 0.0997 eff 0.0116 outinratio 0.0694 

ttH126_4l_TCjmax_genbin5_recobin3 acc 0.0612 eff 0.0012 outinratio 0.1 

ggH126_4l_TCjmax_genbin6_recobin3 acc 0.0253 eff 0.0 outinratio 0.0473 

VBFH126_4l_TCjmax_genbin6_recobin3 acc 0.0622 eff 0.0005 outinratio 0.0324 

WminusH126_4l_TCjmax_genbin6_recobin3 acc 0.0942 eff 0.0 outinratio 0.0609 

WplusH126_4l_TCjmax_genbin6_recobin3 acc 0.0877 eff 0.0 outinratio 0.0585 

ZH126_4l_TCjmax_genbin6_recobin3 acc 0.1013 eff 0.0 outinratio 0.0694 

ttH126_4l_TCjmax_genbin6_recobin3 acc 0.244 eff 0.0 outinratio 0.1 

ggH126_4l_TCjmax_genbin0_recobin4 acc 0.2591 eff 0.0132 outinratio 0.069 

VBFH126_4l_TCjmax_genbin0_recobin4 acc 0.0388 eff 0.0162 outinratio 0.03 

WminusH126_4l_TCjmax_genbin0_recobin4 acc 0.0827 eff 0.0297 outinratio 0.0555 

WplusH126_4l_TCjmax_genbin0_recobin4 acc 0.0705 eff 0.0352 outinratio 0.0988 

ZH126_4l_TCjmax_genbin0_recobin4 acc 0.0737 eff 0.0122 outinratio 0.0681 

ttH126_4l_TCjmax_genbin0_recobin4 acc 0.0007 eff 0.0583 outinratio 0.1107 

ggH126_4l_TCjmax_genbin1_recobin4 acc 0.0226 eff 0.0147 outinratio 0.069 

VBFH126_4l_TCjmax_genbin1_recobin4 acc 0.0794 eff 0.0105 outinratio 0.03 

WminusH126_4l_TCjmax_genbin1_recobin4 acc 0.0042 eff 0.0267 outinratio 0.0555 

WplusH126_4l_TCjmax_genbin1_recobin4 acc 0.0047 eff 0.0 outinratio 0.0988 

ZH126_4l_TCjmax_genbin1_recobin4 acc 0.0036 eff 0.1084 outinratio 0.0681 

ttH126_4l_TCjmax_genbin1_recobin4 acc 0.0003 eff 0.0806 outinratio 0.1107 

ggH126_4l_TCjmax_genbin2_recobin4 acc 0.0203 eff 0.0301 outinratio 0.069 

VBFH126_4l_TCjmax_genbin2_recobin4 acc 0.0691 eff 0.0068 outinratio 0.03 

WminusH126_4l_TCjmax_genbin2_recobin4 acc 0.0084 eff 0.0241 outinratio 0.0555 

WplusH126_4l_TCjmax_genbin2_recobin4 acc 0.0077 eff 0.0398 outinratio 0.0988 

ZH126_4l_TCjmax_genbin2_recobin4 acc 0.0068 eff 0.0176 outinratio 0.0681 

ttH126_4l_TCjmax_genbin2_recobin4 acc 0.0008 eff 0.0702 outinratio 0.1107 

ggH126_4l_TCjmax_genbin3_recobin4 acc 0.0303 eff 0.0607 outinratio 0.069 

VBFH126_4l_TCjmax_genbin3_recobin4 acc 0.0837 eff 0.0795 outinratio 0.03 

WminusH126_4l_TCjmax_genbin3_recobin4 acc 0.0271 eff 0.1264 outinratio 0.0555 

WplusH126_4l_TCjmax_genbin3_recobin4 acc 0.0232 eff 0.1225 outinratio 0.0988 

ZH126_4l_TCjmax_genbin3_recobin4 acc 0.0249 eff 0.1014 outinratio 0.0681 

ttH126_4l_TCjmax_genbin3_recobin4 acc 0.0042 eff 0.1086 outinratio 0.1107 

ggH126_4l_TCjmax_genbin4_recobin4 acc 0.0243 eff 0.3202 outinratio 0.069 

VBFH126_4l_TCjmax_genbin4_recobin4 acc 0.0454 eff 0.291 outinratio 0.03 

WminusH126_4l_TCjmax_genbin4_recobin4 acc 0.0406 eff 0.2555 outinratio 0.0555 

WplusH126_4l_TCjmax_genbin4_recobin4 acc 0.0355 eff 0.2449 outinratio 0.0988 

ZH126_4l_TCjmax_genbin4_recobin4 acc 0.0363 eff 0.3101 outinratio 0.0681 

ttH126_4l_TCjmax_genbin4_recobin4 acc 0.0078 eff 0.2431 outinratio 0.1107 

ggH126_4l_TCjmax_genbin5_recobin4 acc 0.0311 eff 0.0816 outinratio 0.069 

VBFH126_4l_TCjmax_genbin5_recobin4 acc 0.0732 eff 0.0477 outinratio 0.03 

WminusH126_4l_TCjmax_genbin5_recobin4 acc 0.0945 eff 0.0501 outinratio 0.0555 

WplusH126_4l_TCjmax_genbin5_recobin4 acc 0.0795 eff 0.0405 outinratio 0.0988 

ZH126_4l_TCjmax_genbin5_recobin4 acc 0.0997 eff 0.0476 outinratio 0.0681 

ttH126_4l_TCjmax_genbin5_recobin4 acc 0.0612 eff 0.0264 outinratio 0.1107 

ggH126_4l_TCjmax_genbin6_recobin4 acc 0.0253 eff 0.0 outinratio 0.069 

VBFH126_4l_TCjmax_genbin6_recobin4 acc 0.0622 eff 0.0013 outinratio 0.03 

WminusH126_4l_TCjmax_genbin6_recobin4 acc 0.0942 eff 0.0004 outinratio 0.0555 

WplusH126_4l_TCjmax_genbin6_recobin4 acc 0.0877 eff 0.0031 outinratio 0.0988 

ZH126_4l_TCjmax_genbin6_recobin4 acc 0.1013 eff 0.0 outinratio 0.0681 

ttH126_4l_TCjmax_genbin6_recobin4 acc 0.244 eff 0.0005 outinratio 0.1107 

ggH126_4l_TCjmax_genbin0_recobin5 acc 0.2591 eff 0.0067 outinratio 0.0663 

VBFH126_4l_TCjmax_genbin0_recobin5 acc 0.0388 eff 0.0081 outinratio 0.0363 

WminusH126_4l_TCjmax_genbin0_recobin5 acc 0.0827 eff 0.0441 outinratio 0.0735 

WplusH126_4l_TCjmax_genbin0_recobin5 acc 0.0705 eff 0.0278 outinratio 0.072 

ZH126_4l_TCjmax_genbin0_recobin5 acc 0.0737 eff 0.0217 outinratio 0.0586 

ttH126_4l_TCjmax_genbin0_recobin5 acc 0.0007 eff 0.0698 outinratio 0.1306 

ggH126_4l_TCjmax_genbin1_recobin5 acc 0.0226 eff 0.0227 outinratio 0.0663 

VBFH126_4l_TCjmax_genbin1_recobin5 acc 0.0794 eff 0.0065 outinratio 0.0363 

WminusH126_4l_TCjmax_genbin1_recobin5 acc 0.0042 eff 0.0334 outinratio 0.0735 

WplusH126_4l_TCjmax_genbin1_recobin5 acc 0.0047 eff 0.0227 outinratio 0.072 

ZH126_4l_TCjmax_genbin1_recobin5 acc 0.0036 eff 0.0 outinratio 0.0586 

ttH126_4l_TCjmax_genbin1_recobin5 acc 0.0003 eff 0.0 outinratio 0.1306 

ggH126_4l_TCjmax_genbin2_recobin5 acc 0.0203 eff 0.0125 outinratio 0.0663 

VBFH126_4l_TCjmax_genbin2_recobin5 acc 0.0691 eff 0.0061 outinratio 0.0363 

WminusH126_4l_TCjmax_genbin2_recobin5 acc 0.0084 eff 0.0444 outinratio 0.0735 

WplusH126_4l_TCjmax_genbin2_recobin5 acc 0.0077 eff 0.0421 outinratio 0.072 

ZH126_4l_TCjmax_genbin2_recobin5 acc 0.0068 eff 0.0322 outinratio 0.0586 

ttH126_4l_TCjmax_genbin2_recobin5 acc 0.0008 eff 0.1275 outinratio 0.1306 

ggH126_4l_TCjmax_genbin3_recobin5 acc 0.0303 eff 0.0051 outinratio 0.0663 

VBFH126_4l_TCjmax_genbin3_recobin5 acc 0.0837 eff 0.0131 outinratio 0.0363 

WminusH126_4l_TCjmax_genbin3_recobin5 acc 0.0271 eff 0.0256 outinratio 0.0735 

WplusH126_4l_TCjmax_genbin3_recobin5 acc 0.0232 eff 0.0238 outinratio 0.072 

ZH126_4l_TCjmax_genbin3_recobin5 acc 0.0249 eff 0.0151 outinratio 0.0586 

ttH126_4l_TCjmax_genbin3_recobin5 acc 0.0042 eff 0.0562 outinratio 0.1306 

ggH126_4l_TCjmax_genbin4_recobin5 acc 0.0243 eff 0.1186 outinratio 0.0663 

VBFH126_4l_TCjmax_genbin4_recobin5 acc 0.0454 eff 0.1583 outinratio 0.0363 

WminusH126_4l_TCjmax_genbin4_recobin5 acc 0.0406 eff 0.1684 outinratio 0.0735 

WplusH126_4l_TCjmax_genbin4_recobin5 acc 0.0355 eff 0.1516 outinratio 0.072 

ZH126_4l_TCjmax_genbin4_recobin5 acc 0.0363 eff 0.1617 outinratio 0.0586 

ttH126_4l_TCjmax_genbin4_recobin5 acc 0.0078 eff 0.1546 outinratio 0.1306 

ggH126_4l_TCjmax_genbin5_recobin5 acc 0.0311 eff 0.391 outinratio 0.0663 

VBFH126_4l_TCjmax_genbin5_recobin5 acc 0.0732 eff 0.4492 outinratio 0.0363 

WminusH126_4l_TCjmax_genbin5_recobin5 acc 0.0945 eff 0.417 outinratio 0.0735 

WplusH126_4l_TCjmax_genbin5_recobin5 acc 0.0795 eff 0.4157 outinratio 0.072 

ZH126_4l_TCjmax_genbin5_recobin5 acc 0.0997 eff 0.4023 outinratio 0.0586 

ttH126_4l_TCjmax_genbin5_recobin5 acc 0.0612 eff 0.3968 outinratio 0.1306 

ggH126_4l_TCjmax_genbin6_recobin5 acc 0.0253 eff 0.0372 outinratio 0.0663 

VBFH126_4l_TCjmax_genbin6_recobin5 acc 0.0622 eff 0.0441 outinratio 0.0363 

WminusH126_4l_TCjmax_genbin6_recobin5 acc 0.0942 eff 0.0339 outinratio 0.0735 

WplusH126_4l_TCjmax_genbin6_recobin5 acc 0.0877 eff 0.0384 outinratio 0.072 

ZH126_4l_TCjmax_genbin6_recobin5 acc 0.1013 eff 0.0549 outinratio 0.0586 

ttH126_4l_TCjmax_genbin6_recobin5 acc 0.244 eff 0.0241 outinratio 0.1306 

ggH126_4l_TCjmax_genbin0_recobin6 acc 0.2591 eff 0.0009 outinratio 0.0325 

VBFH126_4l_TCjmax_genbin0_recobin6 acc 0.0388 eff 0.0026 outinratio 0.0439 

WminusH126_4l_TCjmax_genbin0_recobin6 acc 0.0827 eff 0.0274 outinratio 0.0761 

WplusH126_4l_TCjmax_genbin0_recobin6 acc 0.0705 eff 0.0146 outinratio 0.0625 

ZH126_4l_TCjmax_genbin0_recobin6 acc 0.0737 eff 0.0063 outinratio 0.0602 

ttH126_4l_TCjmax_genbin0_recobin6 acc 0.0007 eff 0.1311 outinratio 0.1706 

ggH126_4l_TCjmax_genbin1_recobin6 acc 0.0226 eff 0.0017 outinratio 0.0325 

VBFH126_4l_TCjmax_genbin1_recobin6 acc 0.0794 eff 0.0015 outinratio 0.0439 

WminusH126_4l_TCjmax_genbin1_recobin6 acc 0.0042 eff 0.0214 outinratio 0.0761 

WplusH126_4l_TCjmax_genbin1_recobin6 acc 0.0047 eff 0.0156 outinratio 0.0625 

ZH126_4l_TCjmax_genbin1_recobin6 acc 0.0036 eff 0.0 outinratio 0.0602 

ttH126_4l_TCjmax_genbin1_recobin6 acc 0.0003 eff 0.2214 outinratio 0.1706 

ggH126_4l_TCjmax_genbin2_recobin6 acc 0.0203 eff 0.0 outinratio 0.0325 

VBFH126_4l_TCjmax_genbin2_recobin6 acc 0.0691 eff 0.0014 outinratio 0.0439 

WminusH126_4l_TCjmax_genbin2_recobin6 acc 0.0084 eff 0.0064 outinratio 0.0761 

WplusH126_4l_TCjmax_genbin2_recobin6 acc 0.0077 eff 0.0107 outinratio 0.0625 

ZH126_4l_TCjmax_genbin2_recobin6 acc 0.0068 eff 0.0059 outinratio 0.0602 

ttH126_4l_TCjmax_genbin2_recobin6 acc 0.0008 eff 0.146 outinratio 0.1706 

ggH126_4l_TCjmax_genbin3_recobin6 acc 0.0303 eff 0.0019 outinratio 0.0325 

VBFH126_4l_TCjmax_genbin3_recobin6 acc 0.0837 eff 0.0011 outinratio 0.0439 

WminusH126_4l_TCjmax_genbin3_recobin6 acc 0.0271 eff 0.013 outinratio 0.0761 

WplusH126_4l_TCjmax_genbin3_recobin6 acc 0.0232 eff -0.0032 outinratio 0.0625 

ZH126_4l_TCjmax_genbin3_recobin6 acc 0.0249 eff 0.0073 outinratio 0.0602 

ttH126_4l_TCjmax_genbin3_recobin6 acc 0.0042 eff 0.0759 outinratio 0.1706 

ggH126_4l_TCjmax_genbin4_recobin6 acc 0.0243 eff 0.0014 outinratio 0.0325 

VBFH126_4l_TCjmax_genbin4_recobin6 acc 0.0454 eff 0.0012 outinratio 0.0439 

WminusH126_4l_TCjmax_genbin4_recobin6 acc 0.0406 eff 0.0042 outinratio 0.0761 

WplusH126_4l_TCjmax_genbin4_recobin6 acc 0.0355 eff 0.0047 outinratio 0.0625 

ZH126_4l_TCjmax_genbin4_recobin6 acc 0.0363 eff 0.0 outinratio 0.0602 

ttH126_4l_TCjmax_genbin4_recobin6 acc 0.0078 eff 0.0488 outinratio 0.1706 

ggH126_4l_TCjmax_genbin5_recobin6 acc 0.0311 eff 0.0392 outinratio 0.0325 

VBFH126_4l_TCjmax_genbin5_recobin6 acc 0.0732 eff 0.0597 outinratio 0.0439 

WminusH126_4l_TCjmax_genbin5_recobin6 acc 0.0945 eff 0.071 outinratio 0.0761 

WplusH126_4l_TCjmax_genbin5_recobin6 acc 0.0795 eff 0.064 outinratio 0.0625 

ZH126_4l_TCjmax_genbin5_recobin6 acc 0.0997 eff 0.0684 outinratio 0.0602 

ttH126_4l_TCjmax_genbin5_recobin6 acc 0.0612 eff 0.1374 outinratio 0.1706 

ggH126_4l_TCjmax_genbin6_recobin6 acc 0.0253 eff 0.5817 outinratio 0.0325 

VBFH126_4l_TCjmax_genbin6_recobin6 acc 0.0622 eff 0.5334 outinratio 0.0439 

WminusH126_4l_TCjmax_genbin6_recobin6 acc 0.0942 eff 0.5396 outinratio 0.0761 

WplusH126_4l_TCjmax_genbin6_recobin6 acc 0.0877 eff 0.5482 outinratio 0.0625 

ZH126_4l_TCjmax_genbin6_recobin6 acc 0.1013 eff 0.5026 outinratio 0.0602 

ttH126_4l_TCjmax_genbin6_recobin6 acc 0.244 eff 0.5285 outinratio 0.1706 

ggH126_4e_TCjmax_genbin0_recobin0 acc 0.2518 eff 0.2829 outinratio 0.0387 

VBFH126_4e_TCjmax_genbin0_recobin0 acc 0.0355 eff 0.2181 outinratio 0.0286 

WminusH126_4e_TCjmax_genbin0_recobin0 acc 0.0843 eff 0.2144 outinratio 0.0634 

WplusH126_4e_TCjmax_genbin0_recobin0 acc 0.0592 eff 0.2314 outinratio 0.1537 

ZH126_4e_TCjmax_genbin0_recobin0 acc 0.0722 eff 0.2101 outinratio 0.1221 

ttH126_4e_TCjmax_genbin0_recobin0 acc 0.0006 eff 0.0326 outinratio 1.1865 

ggH126_4e_TCjmax_genbin1_recobin0 acc 0.0194 eff 0.0502 outinratio 0.0387 

VBFH126_4e_TCjmax_genbin1_recobin0 acc 0.0759 eff 0.028 outinratio 0.0286 

WminusH126_4e_TCjmax_genbin1_recobin0 acc 0.0045 eff 0.0 outinratio 0.0634 

WplusH126_4e_TCjmax_genbin1_recobin0 acc 0.005 eff 0.1582 outinratio 0.1537 

ZH126_4e_TCjmax_genbin1_recobin0 acc 0.005 eff -1.0 outinratio 0.1221 

ttH126_4e_TCjmax_genbin1_recobin0 acc 1e-04 eff -1.0 outinratio 1.1865 

ggH126_4e_TCjmax_genbin2_recobin0 acc 0.0173 eff 0.0165 outinratio 0.0387 

VBFH126_4e_TCjmax_genbin2_recobin0 acc 0.0661 eff 0.017 outinratio 0.0286 

WminusH126_4e_TCjmax_genbin2_recobin0 acc 0.0081 eff 0.0142 outinratio 0.0634 

WplusH126_4e_TCjmax_genbin2_recobin0 acc 0.0094 eff 0.0 outinratio 0.1537 

ZH126_4e_TCjmax_genbin2_recobin0 acc 0.0068 eff 0.0 outinratio 0.1221 

ttH126_4e_TCjmax_genbin2_recobin0 acc 0.0006 eff 0.0 outinratio 1.1865 

ggH126_4e_TCjmax_genbin3_recobin0 acc 0.0288 eff 0.031 outinratio 0.0387 

VBFH126_4e_TCjmax_genbin3_recobin0 acc 0.0847 eff 0.0144 outinratio 0.0286 

WminusH126_4e_TCjmax_genbin3_recobin0 acc 0.0277 eff 0.0397 outinratio 0.0634 

WplusH126_4e_TCjmax_genbin3_recobin0 acc 0.0219 eff 0.0594 outinratio 0.1537 

ZH126_4e_TCjmax_genbin3_recobin0 acc 0.0149 eff 0.0 outinratio 0.1221 

ttH126_4e_TCjmax_genbin3_recobin0 acc 0.0043 eff 0.0295 outinratio 1.1865 

ggH126_4e_TCjmax_genbin4_recobin0 acc 0.0254 eff 0.0309 outinratio 0.0387 

VBFH126_4e_TCjmax_genbin4_recobin0 acc 0.0447 eff 0.0058 outinratio 0.0286 

WminusH126_4e_TCjmax_genbin4_recobin0 acc 0.0382 eff 0.0118 outinratio 0.0634 

WplusH126_4e_TCjmax_genbin4_recobin0 acc 0.0398 eff 0.0282 outinratio 0.1537 

ZH126_4e_TCjmax_genbin4_recobin0 acc 0.0224 eff 0.0 outinratio 0.1221 

ttH126_4e_TCjmax_genbin4_recobin0 acc 0.0076 eff 0.0 outinratio 1.1865 

ggH126_4e_TCjmax_genbin5_recobin0 acc 0.034 eff 0.0 outinratio 0.0387 

VBFH126_4e_TCjmax_genbin5_recobin0 acc 0.069 eff 0.0007 outinratio 0.0286 

WminusH126_4e_TCjmax_genbin5_recobin0 acc 0.0875 eff 0.0049 outinratio 0.0634 

WplusH126_4e_TCjmax_genbin5_recobin0 acc 0.0755 eff 0.0062 outinratio 0.1537 

ZH126_4e_TCjmax_genbin5_recobin0 acc 0.0933 eff 0.0 outinratio 0.1221 

ttH126_4e_TCjmax_genbin5_recobin0 acc 0.0588 eff 0.0 outinratio 1.1865 

ggH126_4e_TCjmax_genbin6_recobin0 acc 0.0256 eff 0.0 outinratio 0.0387 

VBFH126_4e_TCjmax_genbin6_recobin0 acc 0.0614 eff 0.0035 outinratio 0.0286 

WminusH126_4e_TCjmax_genbin6_recobin0 acc 0.0973 eff 0.0015 outinratio 0.0634 

WplusH126_4e_TCjmax_genbin6_recobin0 acc 0.0827 eff 0.0025 outinratio 0.1537 

ZH126_4e_TCjmax_genbin6_recobin0 acc 0.1052 eff 0.0 outinratio 0.1221 

ttH126_4e_TCjmax_genbin6_recobin0 acc 0.2371 eff 0.0 outinratio 1.1865 

ggH126_4e_TCjmax_genbin0_recobin1 acc 0.2518 eff 0.017 outinratio 0.025 

VBFH126_4e_TCjmax_genbin0_recobin1 acc 0.0355 eff 0.0365 outinratio 0.0233 

WminusH126_4e_TCjmax_genbin0_recobin1 acc 0.0843 eff 0.0059 outinratio 0.1904 

WplusH126_4e_TCjmax_genbin0_recobin1 acc 0.0592 eff 0.0157 outinratio 0.0 

ZH126_4e_TCjmax_genbin0_recobin1 acc 0.0722 eff 0.0073 outinratio 0.0 

ttH126_4e_TCjmax_genbin0_recobin1 acc 0.0006 eff 0.0 outinratio 0.0 

ggH126_4e_TCjmax_genbin1_recobin1 acc 0.0194 eff 0.169 outinratio 0.025 

VBFH126_4e_TCjmax_genbin1_recobin1 acc 0.0759 eff 0.2337 outinratio 0.0233 

WminusH126_4e_TCjmax_genbin1_recobin1 acc 0.0045 eff 0.1687 outinratio 0.1904 

WplusH126_4e_TCjmax_genbin1_recobin1 acc 0.005 eff 0.0688 outinratio 0.0 

ZH126_4e_TCjmax_genbin1_recobin1 acc 0.005 eff -1.0 outinratio 0.0 

ttH126_4e_TCjmax_genbin1_recobin1 acc 1e-04 eff -1.0 outinratio 0.0 

ggH126_4e_TCjmax_genbin2_recobin1 acc 0.0173 eff 0.034 outinratio 0.025 

VBFH126_4e_TCjmax_genbin2_recobin1 acc 0.0661 eff 0.027 outinratio 0.0233 

WminusH126_4e_TCjmax_genbin2_recobin1 acc 0.0081 eff 0.0554 outinratio 0.1904 

WplusH126_4e_TCjmax_genbin2_recobin1 acc 0.0094 eff 0.0 outinratio 0.0 

ZH126_4e_TCjmax_genbin2_recobin1 acc 0.0068 eff 0.0 outinratio 0.0 

ttH126_4e_TCjmax_genbin2_recobin1 acc 0.0006 eff 0.1627 outinratio 0.0 

ggH126_4e_TCjmax_genbin3_recobin1 acc 0.0288 eff 0.0 outinratio 0.025 

VBFH126_4e_TCjmax_genbin3_recobin1 acc 0.0847 eff 0.0104 outinratio 0.0233 

WminusH126_4e_TCjmax_genbin3_recobin1 acc 0.0277 eff 0.0 outinratio 0.1904 

WplusH126_4e_TCjmax_genbin3_recobin1 acc 0.0219 eff 0.071 outinratio 0.0 

ZH126_4e_TCjmax_genbin3_recobin1 acc 0.0149 eff 0.0 outinratio 0.0 

ttH126_4e_TCjmax_genbin3_recobin1 acc 0.0043 eff 0.0 outinratio 0.0 

ggH126_4e_TCjmax_genbin4_recobin1 acc 0.0254 eff 0.0 outinratio 0.025 

VBFH126_4e_TCjmax_genbin4_recobin1 acc 0.0447 eff 0.0025 outinratio 0.0233 

WminusH126_4e_TCjmax_genbin4_recobin1 acc 0.0382 eff 0.0046 outinratio 0.1904 

WplusH126_4e_TCjmax_genbin4_recobin1 acc 0.0398 eff 0.0068 outinratio 0.0 

ZH126_4e_TCjmax_genbin4_recobin1 acc 0.0224 eff 0.0159 outinratio 0.0 

ttH126_4e_TCjmax_genbin4_recobin1 acc 0.0076 eff 0.0 outinratio 0.0 

ggH126_4e_TCjmax_genbin5_recobin1 acc 0.034 eff 0.0 outinratio 0.025 

VBFH126_4e_TCjmax_genbin5_recobin1 acc 0.069 eff 0.0029 outinratio 0.0233 

WminusH126_4e_TCjmax_genbin5_recobin1 acc 0.0875 eff 0.0013 outinratio 0.1904 

WplusH126_4e_TCjmax_genbin5_recobin1 acc 0.0755 eff 0.0 outinratio 0.0 

ZH126_4e_TCjmax_genbin5_recobin1 acc 0.0933 eff 0.0 outinratio 0.0 

ttH126_4e_TCjmax_genbin5_recobin1 acc 0.0588 eff 0.0 outinratio 0.0 

ggH126_4e_TCjmax_genbin6_recobin1 acc 0.0256 eff 0.0 outinratio 0.025 

VBFH126_4e_TCjmax_genbin6_recobin1 acc 0.0614 eff 0.0031 outinratio 0.0233 

WminusH126_4e_TCjmax_genbin6_recobin1 acc 0.0973 eff 0.0 outinratio 0.1904 

WplusH126_4e_TCjmax_genbin6_recobin1 acc 0.0827 eff 0.0 outinratio 0.0 

ZH126_4e_TCjmax_genbin6_recobin1 acc 0.1052 eff 0.0 outinratio 0.0 

ttH126_4e_TCjmax_genbin6_recobin1 acc 0.2371 eff 0.0 outinratio 0.0 

ggH126_4e_TCjmax_genbin0_recobin2 acc 0.2518 eff 0.0073 outinratio 0.0641 

VBFH126_4e_TCjmax_genbin0_recobin2 acc 0.0355 eff 0.027 outinratio 0.0267 

WminusH126_4e_TCjmax_genbin0_recobin2 acc 0.0843 eff 0.0024 outinratio 0.095 

WplusH126_4e_TCjmax_genbin0_recobin2 acc 0.0592 eff 0.0078 outinratio 0.4253 

ZH126_4e_TCjmax_genbin0_recobin2 acc 0.0722 eff 0.0075 outinratio 0.0 

ttH126_4e_TCjmax_genbin0_recobin2 acc 0.0006 eff 0.0576 outinratio 0.1374 

ggH126_4e_TCjmax_genbin1_recobin2 acc 0.0194 eff 0.0159 outinratio 0.0641 

VBFH126_4e_TCjmax_genbin1_recobin2 acc 0.0759 eff 0.0415 outinratio 0.0267 

WminusH126_4e_TCjmax_genbin1_recobin2 acc 0.0045 eff 0.0114 outinratio 0.095 

WplusH126_4e_TCjmax_genbin1_recobin2 acc 0.005 eff 0.0 outinratio 0.4253 

ZH126_4e_TCjmax_genbin1_recobin2 acc 0.005 eff -1.0 outinratio 0.0 

ttH126_4e_TCjmax_genbin1_recobin2 acc 1e-04 eff -1.0 outinratio 0.1374 

ggH126_4e_TCjmax_genbin2_recobin2 acc 0.0173 eff 0.274 outinratio 0.0641 

VBFH126_4e_TCjmax_genbin2_recobin2 acc 0.0661 eff 0.2389 outinratio 0.0267 

WminusH126_4e_TCjmax_genbin2_recobin2 acc 0.0081 eff 0.035 outinratio 0.095 

WplusH126_4e_TCjmax_genbin2_recobin2 acc 0.0094 eff 0.2729 outinratio 0.4253 

ZH126_4e_TCjmax_genbin2_recobin2 acc 0.0068 eff 0.364 outinratio 0.0 

ttH126_4e_TCjmax_genbin2_recobin2 acc 0.0006 eff 0.0 outinratio 0.1374 

ggH126_4e_TCjmax_genbin3_recobin2 acc 0.0288 eff 0.033 outinratio 0.0641 

VBFH126_4e_TCjmax_genbin3_recobin2 acc 0.0847 eff 0.0277 outinratio 0.0267 

WminusH126_4e_TCjmax_genbin3_recobin2 acc 0.0277 eff 0.019 outinratio 0.095 

WplusH126_4e_TCjmax_genbin3_recobin2 acc 0.0219 eff 0.0 outinratio 0.4253 

ZH126_4e_TCjmax_genbin3_recobin2 acc 0.0149 eff 0.0 outinratio 0.0 

ttH126_4e_TCjmax_genbin3_recobin2 acc 0.0043 eff 0.0166 outinratio 0.1374 

ggH126_4e_TCjmax_genbin4_recobin2 acc 0.0254 eff 0.0 outinratio 0.0641 

VBFH126_4e_TCjmax_genbin4_recobin2 acc 0.0447 eff 0.0012 outinratio 0.0267 

WminusH126_4e_TCjmax_genbin4_recobin2 acc 0.0382 eff 0.0 outinratio 0.095 

WplusH126_4e_TCjmax_genbin4_recobin2 acc 0.0398 eff 0.0074 outinratio 0.4253 

ZH126_4e_TCjmax_genbin4_recobin2 acc 0.0224 eff 0.0 outinratio 0.0 

ttH126_4e_TCjmax_genbin4_recobin2 acc 0.0076 eff 0.0 outinratio 0.1374 

ggH126_4e_TCjmax_genbin5_recobin2 acc 0.034 eff 0.0 outinratio 0.0641 

VBFH126_4e_TCjmax_genbin5_recobin2 acc 0.069 eff 0.003 outinratio 0.0267 

WminusH126_4e_TCjmax_genbin5_recobin2 acc 0.0875 eff 0.0 outinratio 0.095 

WplusH126_4e_TCjmax_genbin5_recobin2 acc 0.0755 eff 0.0 outinratio 0.4253 

ZH126_4e_TCjmax_genbin5_recobin2 acc 0.0933 eff 0.0 outinratio 0.0 

ttH126_4e_TCjmax_genbin5_recobin2 acc 0.0588 eff 0.0005 outinratio 0.1374 

ggH126_4e_TCjmax_genbin6_recobin2 acc 0.0256 eff 0.0 outinratio 0.0641 

VBFH126_4e_TCjmax_genbin6_recobin2 acc 0.0614 eff 0.0 outinratio 0.0267 

WminusH126_4e_TCjmax_genbin6_recobin2 acc 0.0973 eff 0.0 outinratio 0.095 

WplusH126_4e_TCjmax_genbin6_recobin2 acc 0.0827 eff 0.0 outinratio 0.4253 

ZH126_4e_TCjmax_genbin6_recobin2 acc 0.1052 eff 0.0 outinratio 0.0 

ttH126_4e_TCjmax_genbin6_recobin2 acc 0.2371 eff 0.0 outinratio 0.1374 

ggH126_4e_TCjmax_genbin0_recobin3 acc 0.2518 eff 0.0081 outinratio 0.0698 

VBFH126_4e_TCjmax_genbin0_recobin3 acc 0.0355 eff 0.0246 outinratio 0.0308 

WminusH126_4e_TCjmax_genbin0_recobin3 acc 0.0843 eff 0.024 outinratio 0.029 

WplusH126_4e_TCjmax_genbin0_recobin3 acc 0.0592 eff 0.0259 outinratio 0.022 

ZH126_4e_TCjmax_genbin0_recobin3 acc 0.0722 eff -0.0062 outinratio 0.2583 

ttH126_4e_TCjmax_genbin0_recobin3 acc 0.0006 eff 0.0 outinratio 0.3737 

ggH126_4e_TCjmax_genbin1_recobin3 acc 0.0194 eff 0.0203 outinratio 0.0698 

VBFH126_4e_TCjmax_genbin1_recobin3 acc 0.0759 eff 0.0094 outinratio 0.0308 

WminusH126_4e_TCjmax_genbin1_recobin3 acc 0.0045 eff 0.0266 outinratio 0.029 

WplusH126_4e_TCjmax_genbin1_recobin3 acc 0.005 eff 0.0 outinratio 0.022 

ZH126_4e_TCjmax_genbin1_recobin3 acc 0.005 eff -1.0 outinratio 0.2583 

ttH126_4e_TCjmax_genbin1_recobin3 acc 1e-04 eff -1.0 outinratio 0.3737 

ggH126_4e_TCjmax_genbin2_recobin3 acc 0.0173 eff 0.0202 outinratio 0.0698 

VBFH126_4e_TCjmax_genbin2_recobin3 acc 0.0661 eff 0.0568 outinratio 0.0308 

WminusH126_4e_TCjmax_genbin2_recobin3 acc 0.0081 eff 0.0249 outinratio 0.029 

WplusH126_4e_TCjmax_genbin2_recobin3 acc 0.0094 eff 0.1125 outinratio 0.022 

ZH126_4e_TCjmax_genbin2_recobin3 acc 0.0068 eff 0.0 outinratio 0.2583 

ttH126_4e_TCjmax_genbin2_recobin3 acc 0.0006 eff 0.0902 outinratio 0.3737 

ggH126_4e_TCjmax_genbin3_recobin3 acc 0.0288 eff 0.2055 outinratio 0.0698 

VBFH126_4e_TCjmax_genbin3_recobin3 acc 0.0847 eff 0.2571 outinratio 0.0308 

WminusH126_4e_TCjmax_genbin3_recobin3 acc 0.0277 eff 0.1729 outinratio 0.029 

WplusH126_4e_TCjmax_genbin3_recobin3 acc 0.0219 eff 0.2584 outinratio 0.022 

ZH126_4e_TCjmax_genbin3_recobin3 acc 0.0149 eff 0.2064 outinratio 0.2583 

ttH126_4e_TCjmax_genbin3_recobin3 acc 0.0043 eff 0.1234 outinratio 0.3737 

ggH126_4e_TCjmax_genbin4_recobin3 acc 0.0254 eff 0.0927 outinratio 0.0698 

VBFH126_4e_TCjmax_genbin4_recobin3 acc 0.0447 eff 0.0455 outinratio 0.0308 

WminusH126_4e_TCjmax_genbin4_recobin3 acc 0.0382 eff 0.0234 outinratio 0.029 

WplusH126_4e_TCjmax_genbin4_recobin3 acc 0.0398 eff 0.0669 outinratio 0.022 

ZH126_4e_TCjmax_genbin4_recobin3 acc 0.0224 eff 0.0145 outinratio 0.2583 

ttH126_4e_TCjmax_genbin4_recobin3 acc 0.0076 eff 0.0241 outinratio 0.3737 

ggH126_4e_TCjmax_genbin5_recobin3 acc 0.034 eff 0.0 outinratio 0.0698 

VBFH126_4e_TCjmax_genbin5_recobin3 acc 0.069 eff 0.0021 outinratio 0.0308 

WminusH126_4e_TCjmax_genbin5_recobin3 acc 0.0875 eff 0.0082 outinratio 0.029 

WplusH126_4e_TCjmax_genbin5_recobin3 acc 0.0755 eff 0.0013 outinratio 0.022 

ZH126_4e_TCjmax_genbin5_recobin3 acc 0.0933 eff 0.0257 outinratio 0.2583 

ttH126_4e_TCjmax_genbin5_recobin3 acc 0.0588 eff 0.0006 outinratio 0.3737 

ggH126_4e_TCjmax_genbin6_recobin3 acc 0.0256 eff 0.0 outinratio 0.0698 

VBFH126_4e_TCjmax_genbin6_recobin3 acc 0.0614 eff 0.0009 outinratio 0.0308 

WminusH126_4e_TCjmax_genbin6_recobin3 acc 0.0973 eff 0.0 outinratio 0.029 

WplusH126_4e_TCjmax_genbin6_recobin3 acc 0.0827 eff 0.0 outinratio 0.022 

ZH126_4e_TCjmax_genbin6_recobin3 acc 0.1052 eff 0.0 outinratio 0.2583 

ttH126_4e_TCjmax_genbin6_recobin3 acc 0.2371 eff 0.0 outinratio 0.3737 

ggH126_4e_TCjmax_genbin0_recobin4 acc 0.2518 eff 0.0105 outinratio 0.0848 

VBFH126_4e_TCjmax_genbin0_recobin4 acc 0.0355 eff 0.0045 outinratio 0.0244 

WminusH126_4e_TCjmax_genbin0_recobin4 acc 0.0843 eff 0.0085 outinratio 0.017 

WplusH126_4e_TCjmax_genbin0_recobin4 acc 0.0592 eff 0.0127 outinratio 0.0956 

ZH126_4e_TCjmax_genbin0_recobin4 acc 0.0722 eff 0.005 outinratio 0.0194 

ttH126_4e_TCjmax_genbin0_recobin4 acc 0.0006 eff 0.0 outinratio 0.074 

ggH126_4e_TCjmax_genbin1_recobin4 acc 0.0194 eff 0.0093 outinratio 0.0848 

VBFH126_4e_TCjmax_genbin1_recobin4 acc 0.0759 eff 0.0072 outinratio 0.0244 

WminusH126_4e_TCjmax_genbin1_recobin4 acc 0.0045 eff 0.0248 outinratio 0.017 

WplusH126_4e_TCjmax_genbin1_recobin4 acc 0.005 eff 0.0 outinratio 0.0956 

ZH126_4e_TCjmax_genbin1_recobin4 acc 0.005 eff -1.0 outinratio 0.0194 

ttH126_4e_TCjmax_genbin1_recobin4 acc 1e-04 eff -1.0 outinratio 0.074 

ggH126_4e_TCjmax_genbin2_recobin4 acc 0.0173 eff 0.0 outinratio 0.0848 

VBFH126_4e_TCjmax_genbin2_recobin4 acc 0.0661 eff 0.0 outinratio 0.0244 

WminusH126_4e_TCjmax_genbin2_recobin4 acc 0.0081 eff 0.0287 outinratio 0.017 

WplusH126_4e_TCjmax_genbin2_recobin4 acc 0.0094 eff 0.0292 outinratio 0.0956 

ZH126_4e_TCjmax_genbin2_recobin4 acc 0.0068 eff 0.0 outinratio 0.0194 

ttH126_4e_TCjmax_genbin2_recobin4 acc 0.0006 eff 0.0651 outinratio 0.074 

ggH126_4e_TCjmax_genbin3_recobin4 acc 0.0288 eff 0.064 outinratio 0.0848 

VBFH126_4e_TCjmax_genbin3_recobin4 acc 0.0847 eff 0.0431 outinratio 0.0244 

WminusH126_4e_TCjmax_genbin3_recobin4 acc 0.0277 eff 0.0618 outinratio 0.017 

WplusH126_4e_TCjmax_genbin3_recobin4 acc 0.0219 eff 0.1114 outinratio 0.0956 

ZH126_4e_TCjmax_genbin3_recobin4 acc 0.0149 eff 0.0836 outinratio 0.0194 

ttH126_4e_TCjmax_genbin3_recobin4 acc 0.0043 eff 0.0979 outinratio 0.074 

ggH126_4e_TCjmax_genbin4_recobin4 acc 0.0254 eff 0.192 outinratio 0.0848 

VBFH126_4e_TCjmax_genbin4_recobin4 acc 0.0447 eff 0.1771 outinratio 0.0244 

WminusH126_4e_TCjmax_genbin4_recobin4 acc 0.0382 eff 0.1618 outinratio 0.017 

WplusH126_4e_TCjmax_genbin4_recobin4 acc 0.0398 eff 0.2047 outinratio 0.0956 

ZH126_4e_TCjmax_genbin4_recobin4 acc 0.0224 eff 0.1299 outinratio 0.0194 

ttH126_4e_TCjmax_genbin4_recobin4 acc 0.0076 eff 0.1495 outinratio 0.074 

ggH126_4e_TCjmax_genbin5_recobin4 acc 0.034 eff 0.0734 outinratio 0.0848 

VBFH126_4e_TCjmax_genbin5_recobin4 acc 0.069 eff 0.0266 outinratio 0.0244 

WminusH126_4e_TCjmax_genbin5_recobin4 acc 0.0875 eff 0.0204 outinratio 0.017 

WplusH126_4e_TCjmax_genbin5_recobin4 acc 0.0755 eff 0.0276 outinratio 0.0956 

ZH126_4e_TCjmax_genbin5_recobin4 acc 0.0933 eff 0.0307 outinratio 0.0194 

ttH126_4e_TCjmax_genbin5_recobin4 acc 0.0588 eff 0.0129 outinratio 0.074 

ggH126_4e_TCjmax_genbin6_recobin4 acc 0.0256 eff 0.0 outinratio 0.0848 

VBFH126_4e_TCjmax_genbin6_recobin4 acc 0.0614 eff 0.0018 outinratio 0.0244 

WminusH126_4e_TCjmax_genbin6_recobin4 acc 0.0973 eff 0.0 outinratio 0.017 

WplusH126_4e_TCjmax_genbin6_recobin4 acc 0.0827 eff 0.0 outinratio 0.0956 

ZH126_4e_TCjmax_genbin6_recobin4 acc 0.1052 eff 0.0 outinratio 0.0194 

ttH126_4e_TCjmax_genbin6_recobin4 acc 0.2371 eff 0.0004 outinratio 0.074 

ggH126_4e_TCjmax_genbin0_recobin5 acc 0.2518 eff 0.0006 outinratio 0.0364 

VBFH126_4e_TCjmax_genbin0_recobin5 acc 0.0355 eff 0.0072 outinratio 0.0269 

WminusH126_4e_TCjmax_genbin0_recobin5 acc 0.0843 eff 0.0287 outinratio 0.0524 

WplusH126_4e_TCjmax_genbin0_recobin5 acc 0.0592 eff 0.0217 outinratio 0.107 

ZH126_4e_TCjmax_genbin0_recobin5 acc 0.0722 eff 0.0094 outinratio 0.0885 

ttH126_4e_TCjmax_genbin0_recobin5 acc 0.0006 eff 0.1374 outinratio 0.1462 

ggH126_4e_TCjmax_genbin1_recobin5 acc 0.0194 eff 0.0096 outinratio 0.0364 

VBFH126_4e_TCjmax_genbin1_recobin5 acc 0.0759 eff 0.0 outinratio 0.0269 

WminusH126_4e_TCjmax_genbin1_recobin5 acc 0.0045 eff 0.0256 outinratio 0.0524 

WplusH126_4e_TCjmax_genbin1_recobin5 acc 0.005 eff 0.0343 outinratio 0.107 

ZH126_4e_TCjmax_genbin1_recobin5 acc 0.005 eff -1.0 outinratio 0.0885 

ttH126_4e_TCjmax_genbin1_recobin5 acc 1e-04 eff -1.0 outinratio 0.1462 

ggH126_4e_TCjmax_genbin2_recobin5 acc 0.0173 eff 0.0046 outinratio 0.0364 

VBFH126_4e_TCjmax_genbin2_recobin5 acc 0.0661 eff 0.0 outinratio 0.0269 

WminusH126_4e_TCjmax_genbin2_recobin5 acc 0.0081 eff 0.0 outinratio 0.0524 

WplusH126_4e_TCjmax_genbin2_recobin5 acc 0.0094 eff 0.0 outinratio 0.107 

ZH126_4e_TCjmax_genbin2_recobin5 acc 0.0068 eff 0.0665 outinratio 0.0885 

ttH126_4e_TCjmax_genbin2_recobin5 acc 0.0006 eff 0.1812 outinratio 0.1462 

ggH126_4e_TCjmax_genbin3_recobin5 acc 0.0288 eff 0.0 outinratio 0.0364 

VBFH126_4e_TCjmax_genbin3_recobin5 acc 0.0847 eff 0.008 outinratio 0.0269 

WminusH126_4e_TCjmax_genbin3_recobin5 acc 0.0277 eff 0.0136 outinratio 0.0524 

WplusH126_4e_TCjmax_genbin3_recobin5 acc 0.0219 eff 0.0079 outinratio 0.107 

ZH126_4e_TCjmax_genbin3_recobin5 acc 0.0149 eff 0.0 outinratio 0.0885 

ttH126_4e_TCjmax_genbin3_recobin5 acc 0.0043 eff 0.0263 outinratio 0.1462 

ggH126_4e_TCjmax_genbin4_recobin5 acc 0.0254 eff 0.0563 outinratio 0.0364 

VBFH126_4e_TCjmax_genbin4_recobin5 acc 0.0447 eff 0.0979 outinratio 0.0269 

WminusH126_4e_TCjmax_genbin4_recobin5 acc 0.0382 eff 0.1114 outinratio 0.0524 

WplusH126_4e_TCjmax_genbin4_recobin5 acc 0.0398 eff 0.0894 outinratio 0.107 

ZH126_4e_TCjmax_genbin4_recobin5 acc 0.0224 eff 0.0496 outinratio 0.0885 

ttH126_4e_TCjmax_genbin4_recobin5 acc 0.0076 eff 0.1388 outinratio 0.1462 

ggH126_4e_TCjmax_genbin5_recobin5 acc 0.034 eff 0.2641 outinratio 0.0364 

VBFH126_4e_TCjmax_genbin5_recobin5 acc 0.069 eff 0.2913 outinratio 0.0269 

WminusH126_4e_TCjmax_genbin5_recobin5 acc 0.0875 eff 0.2629 outinratio 0.0524 

WplusH126_4e_TCjmax_genbin5_recobin5 acc 0.0755 eff 0.215 outinratio 0.107 

ZH126_4e_TCjmax_genbin5_recobin5 acc 0.0933 eff 0.2598 outinratio 0.0885 

ttH126_4e_TCjmax_genbin5_recobin5 acc 0.0588 eff 0.2503 outinratio 0.1462 

ggH126_4e_TCjmax_genbin6_recobin5 acc 0.0256 eff 0.031 outinratio 0.0364 

VBFH126_4e_TCjmax_genbin6_recobin5 acc 0.0614 eff 0.0267 outinratio 0.0269 

WminusH126_4e_TCjmax_genbin6_recobin5 acc 0.0973 eff 0.0262 outinratio 0.0524 

WplusH126_4e_TCjmax_genbin6_recobin5 acc 0.0827 eff 0.0173 outinratio 0.107 

ZH126_4e_TCjmax_genbin6_recobin5 acc 0.1052 eff 0.0299 outinratio 0.0885 

ttH126_4e_TCjmax_genbin6_recobin5 acc 0.2371 eff 0.0137 outinratio 0.1462 

ggH126_4e_TCjmax_genbin0_recobin6 acc 0.2518 eff 0.0 outinratio 0.0555 

VBFH126_4e_TCjmax_genbin0_recobin6 acc 0.0355 eff 0.0024 outinratio 0.036 

WminusH126_4e_TCjmax_genbin0_recobin6 acc 0.0843 eff 0.011 outinratio 0.0885 

WplusH126_4e_TCjmax_genbin0_recobin6 acc 0.0592 eff 0.0107 outinratio 0.0648 

ZH126_4e_TCjmax_genbin0_recobin6 acc 0.0722 eff 0.0067 outinratio 0.0609 

ttH126_4e_TCjmax_genbin0_recobin6 acc 0.0006 eff 0.0597 outinratio 0.2191 

ggH126_4e_TCjmax_genbin1_recobin6 acc 0.0194 eff 0.0 outinratio 0.0555 

VBFH126_4e_TCjmax_genbin1_recobin6 acc 0.0759 eff 0.0014 outinratio 0.036 

WminusH126_4e_TCjmax_genbin1_recobin6 acc 0.0045 eff 0.0776 outinratio 0.0885 

WplusH126_4e_TCjmax_genbin1_recobin6 acc 0.005 eff 0.0 outinratio 0.0648 

ZH126_4e_TCjmax_genbin1_recobin6 acc 0.005 eff -1.0 outinratio 0.0609 

ttH126_4e_TCjmax_genbin1_recobin6 acc 1e-04 eff -1.0 outinratio 0.2191 

ggH126_4e_TCjmax_genbin2_recobin6 acc 0.0173 eff 0.0 outinratio 0.0555 

VBFH126_4e_TCjmax_genbin2_recobin6 acc 0.0661 eff 0.0003 outinratio 0.036 

WminusH126_4e_TCjmax_genbin2_recobin6 acc 0.0081 eff 0.0 outinratio 0.0885 

WplusH126_4e_TCjmax_genbin2_recobin6 acc 0.0094 eff 0.0 outinratio 0.0648 

ZH126_4e_TCjmax_genbin2_recobin6 acc 0.0068 eff 0.0 outinratio 0.0609 

ttH126_4e_TCjmax_genbin2_recobin6 acc 0.0006 eff 0.0 outinratio 0.2191 

ggH126_4e_TCjmax_genbin3_recobin6 acc 0.0288 eff 0.0022 outinratio 0.0555 

VBFH126_4e_TCjmax_genbin3_recobin6 acc 0.0847 eff 0.0006 outinratio 0.036 

WminusH126_4e_TCjmax_genbin3_recobin6 acc 0.0277 eff 0.011 outinratio 0.0885 

WplusH126_4e_TCjmax_genbin3_recobin6 acc 0.0219 eff 0.0 outinratio 0.0648 

ZH126_4e_TCjmax_genbin3_recobin6 acc 0.0149 eff 0.0 outinratio 0.0609 

ttH126_4e_TCjmax_genbin3_recobin6 acc 0.0043 eff 0.0759 outinratio 0.2191 

ggH126_4e_TCjmax_genbin4_recobin6 acc 0.0254 eff 0.0 outinratio 0.0555 

VBFH126_4e_TCjmax_genbin4_recobin6 acc 0.0447 eff 0.0 outinratio 0.036 

WminusH126_4e_TCjmax_genbin4_recobin6 acc 0.0382 eff 0.0047 outinratio 0.0885 

WplusH126_4e_TCjmax_genbin4_recobin6 acc 0.0398 eff 0.0049 outinratio 0.0648 

ZH126_4e_TCjmax_genbin4_recobin6 acc 0.0224 eff 0.0 outinratio 0.0609 

ttH126_4e_TCjmax_genbin4_recobin6 acc 0.0076 eff 0.0172 outinratio 0.2191 

ggH126_4e_TCjmax_genbin5_recobin6 acc 0.034 eff 0.0207 outinratio 0.0555 

VBFH126_4e_TCjmax_genbin5_recobin6 acc 0.069 eff 0.0433 outinratio 0.036 

WminusH126_4e_TCjmax_genbin5_recobin6 acc 0.0875 eff 0.0502 outinratio 0.0885 

WplusH126_4e_TCjmax_genbin5_recobin6 acc 0.0755 eff 0.041 outinratio 0.0648 

ZH126_4e_TCjmax_genbin5_recobin6 acc 0.0933 eff 0.0468 outinratio 0.0609 

ttH126_4e_TCjmax_genbin5_recobin6 acc 0.0588 eff 0.0871 outinratio 0.2191 

ggH126_4e_TCjmax_genbin6_recobin6 acc 0.0256 eff 0.3676 outinratio 0.0555 

VBFH126_4e_TCjmax_genbin6_recobin6 acc 0.0614 eff 0.3263 outinratio 0.036 

WminusH126_4e_TCjmax_genbin6_recobin6 acc 0.0973 eff 0.3247 outinratio 0.0885 

WplusH126_4e_TCjmax_genbin6_recobin6 acc 0.0827 eff 0.352 outinratio 0.0648 

ZH126_4e_TCjmax_genbin6_recobin6 acc 0.1052 eff 0.3588 outinratio 0.0609 

ttH126_4e_TCjmax_genbin6_recobin6 acc 0.2371 eff 0.3276 outinratio 0.2191 

ggH126_4mu_TCjmax_genbin0_recobin0 acc 0.2663 eff 0.6669 outinratio 0.0436 

VBFH126_4mu_TCjmax_genbin0_recobin0 acc 0.041 eff 0.5273 outinratio 0.0149 

WminusH126_4mu_TCjmax_genbin0_recobin0 acc 0.0872 eff 0.5391 outinratio 0.0639 

WplusH126_4mu_TCjmax_genbin0_recobin0 acc 0.0788 eff 0.52 outinratio 0.0564 

ZH126_4mu_TCjmax_genbin0_recobin0 acc 0.0724 eff 0.6215 outinratio 0.0721 

ttH126_4mu_TCjmax_genbin0_recobin0 acc 0.0004 eff -1.0 outinratio 0.6739 

ggH126_4mu_TCjmax_genbin1_recobin0 acc 0.0261 eff 0.1015 outinratio 0.0436 

VBFH126_4mu_TCjmax_genbin1_recobin0 acc 0.0836 eff 0.0758 outinratio 0.0149 

WminusH126_4mu_TCjmax_genbin1_recobin0 acc 0.0044 eff 0.2518 outinratio 0.0639 

WplusH126_4mu_TCjmax_genbin1_recobin0 acc 0.0039 eff 0.0521 outinratio 0.0564 

ZH126_4mu_TCjmax_genbin1_recobin0 acc 0.0036 eff -1.0 outinratio 0.0721 

ttH126_4mu_TCjmax_genbin1_recobin0 acc 0.0003 eff -1.0 outinratio 0.6739 

ggH126_4mu_TCjmax_genbin2_recobin0 acc 0.0195 eff 0.0977 outinratio 0.0436 

VBFH126_4mu_TCjmax_genbin2_recobin0 acc 0.075 eff 0.0385 outinratio 0.0149 

WminusH126_4mu_TCjmax_genbin2_recobin0 acc 0.0094 eff 0.0524 outinratio 0.0639 

WplusH126_4mu_TCjmax_genbin2_recobin0 acc 0.0058 eff 0.1136 outinratio 0.0564 

ZH126_4mu_TCjmax_genbin2_recobin0 acc 0.0095 eff 0.0772 outinratio 0.0721 

ttH126_4mu_TCjmax_genbin2_recobin0 acc 0.0008 eff 0.0 outinratio 0.6739 

ggH126_4mu_TCjmax_genbin3_recobin0 acc 0.0269 eff 0.0879 outinratio 0.0436 

VBFH126_4mu_TCjmax_genbin3_recobin0 acc 0.0879 eff 0.025 outinratio 0.0149 

WminusH126_4mu_TCjmax_genbin3_recobin0 acc 0.0276 eff 0.0447 outinratio 0.0639 

WplusH126_4mu_TCjmax_genbin3_recobin0 acc 0.0262 eff 0.071 outinratio 0.0564 

ZH126_4mu_TCjmax_genbin3_recobin0 acc 0.0238 eff 0.1908 outinratio 0.0721 

ttH126_4mu_TCjmax_genbin3_recobin0 acc 0.0042 eff 0.0239 outinratio 0.6739 

ggH126_4mu_TCjmax_genbin4_recobin0 acc 0.0251 eff 0.148 outinratio 0.0436 

VBFH126_4mu_TCjmax_genbin4_recobin0 acc 0.0454 eff 0.0141 outinratio 0.0149 

WminusH126_4mu_TCjmax_genbin4_recobin0 acc 0.0468 eff 0.0729 outinratio 0.0639 

WplusH126_4mu_TCjmax_genbin4_recobin0 acc 0.0345 eff 0.0548 outinratio 0.0564 

ZH126_4mu_TCjmax_genbin4_recobin0 acc 0.0422 eff 0.0244 outinratio 0.0721 

ttH126_4mu_TCjmax_genbin4_recobin0 acc 0.0077 eff 0.0114 outinratio 0.6739 

ggH126_4mu_TCjmax_genbin5_recobin0 acc 0.0328 eff 0.0113 outinratio 0.0436 

VBFH126_4mu_TCjmax_genbin5_recobin0 acc 0.0785 eff 0.008 outinratio 0.0149 

WminusH126_4mu_TCjmax_genbin5_recobin0 acc 0.0952 eff 0.0081 outinratio 0.0639 

WplusH126_4mu_TCjmax_genbin5_recobin0 acc 0.0827 eff 0.0138 outinratio 0.0564 

ZH126_4mu_TCjmax_genbin5_recobin0 acc 0.1087 eff 0.0153 outinratio 0.0721 

ttH126_4mu_TCjmax_genbin5_recobin0 acc 0.0674 eff 0.0 outinratio 0.6739 

ggH126_4mu_TCjmax_genbin6_recobin0 acc 0.024 eff 0.0 outinratio 0.0436 

VBFH126_4mu_TCjmax_genbin6_recobin0 acc 0.0682 eff 0.002 outinratio 0.0149 

WminusH126_4mu_TCjmax_genbin6_recobin0 acc 0.1022 eff 0.0 outinratio 0.0639 

WplusH126_4mu_TCjmax_genbin6_recobin0 acc 0.093 eff 0.0 outinratio 0.0564 

ZH126_4mu_TCjmax_genbin6_recobin0 acc 0.1158 eff 0.0 outinratio 0.0721 

ttH126_4mu_TCjmax_genbin6_recobin0 acc 0.2613 eff 0.0 outinratio 0.6739 

ggH126_4mu_TCjmax_genbin0_recobin1 acc 0.2663 eff 0.0454 outinratio 0.0597 

VBFH126_4mu_TCjmax_genbin0_recobin1 acc 0.041 eff 0.1748 outinratio 0.0199 

WminusH126_4mu_TCjmax_genbin0_recobin1 acc 0.0872 eff 0.0263 outinratio 0.1466 

WplusH126_4mu_TCjmax_genbin0_recobin1 acc 0.0788 eff 0.0421 outinratio 0.0587 

ZH126_4mu_TCjmax_genbin0_recobin1 acc 0.0724 eff 0.0155 outinratio 0.125 

ttH126_4mu_TCjmax_genbin0_recobin1 acc 0.0004 eff -1.0 outinratio 0.0 

ggH126_4mu_TCjmax_genbin1_recobin1 acc 0.0261 eff 0.5298 outinratio 0.0597 

VBFH126_4mu_TCjmax_genbin1_recobin1 acc 0.0836 eff 0.5873 outinratio 0.0199 

WminusH126_4mu_TCjmax_genbin1_recobin1 acc 0.0044 eff 0.4171 outinratio 0.1466 

WplusH126_4mu_TCjmax_genbin1_recobin1 acc 0.0039 eff 0.2745 outinratio 0.0587 

ZH126_4mu_TCjmax_genbin1_recobin1 acc 0.0036 eff -1.0 outinratio 0.125 

ttH126_4mu_TCjmax_genbin1_recobin1 acc 0.0003 eff -1.0 outinratio 0.0 

ggH126_4mu_TCjmax_genbin2_recobin1 acc 0.0195 eff 0.0324 outinratio 0.0597 

VBFH126_4mu_TCjmax_genbin2_recobin1 acc 0.075 eff 0.0727 outinratio 0.0199 

WminusH126_4mu_TCjmax_genbin2_recobin1 acc 0.0094 eff 0.0194 outinratio 0.1466 

WplusH126_4mu_TCjmax_genbin2_recobin1 acc 0.0058 eff 0.0 outinratio 0.0587 

ZH126_4mu_TCjmax_genbin2_recobin1 acc 0.0095 eff 0.1504 outinratio 0.125 

ttH126_4mu_TCjmax_genbin2_recobin1 acc 0.0008 eff 0.0 outinratio 0.0 

ggH126_4mu_TCjmax_genbin3_recobin1 acc 0.0269 eff 0.0 outinratio 0.0597 

VBFH126_4mu_TCjmax_genbin3_recobin1 acc 0.0879 eff 0.0225 outinratio 0.0199 

WminusH126_4mu_TCjmax_genbin3_recobin1 acc 0.0276 eff 0.013 outinratio 0.1466 

WplusH126_4mu_TCjmax_genbin3_recobin1 acc 0.0262 eff 0.0075 outinratio 0.0587 

ZH126_4mu_TCjmax_genbin3_recobin1 acc 0.0238 eff 0.0 outinratio 0.125 

ttH126_4mu_TCjmax_genbin3_recobin1 acc 0.0042 eff 0.0132 outinratio 0.0 

ggH126_4mu_TCjmax_genbin4_recobin1 acc 0.0251 eff 0.0229 outinratio 0.0597 

VBFH126_4mu_TCjmax_genbin4_recobin1 acc 0.0454 eff 0.0118 outinratio 0.0199 

WminusH126_4mu_TCjmax_genbin4_recobin1 acc 0.0468 eff 0.0052 outinratio 0.1466 

WplusH126_4mu_TCjmax_genbin4_recobin1 acc 0.0345 eff 0.0 outinratio 0.0587 

ZH126_4mu_TCjmax_genbin4_recobin1 acc 0.0422 eff 0.0 outinratio 0.125 

ttH126_4mu_TCjmax_genbin4_recobin1 acc 0.0077 eff 0.0059 outinratio 0.0 

ggH126_4mu_TCjmax_genbin5_recobin1 acc 0.0328 eff 0.0 outinratio 0.0597 

VBFH126_4mu_TCjmax_genbin5_recobin1 acc 0.0785 eff 0.0057 outinratio 0.0199 

WminusH126_4mu_TCjmax_genbin5_recobin1 acc 0.0952 eff 0.0014 outinratio 0.1466 

WplusH126_4mu_TCjmax_genbin5_recobin1 acc 0.0827 eff 0.0 outinratio 0.0587 

ZH126_4mu_TCjmax_genbin5_recobin1 acc 0.1087 eff 0.0 outinratio 0.125 

ttH126_4mu_TCjmax_genbin5_recobin1 acc 0.0674 eff 0.0 outinratio 0.0 

ggH126_4mu_TCjmax_genbin6_recobin1 acc 0.024 eff 0.0 outinratio 0.0597 

VBFH126_4mu_TCjmax_genbin6_recobin1 acc 0.0682 eff 0.0032 outinratio 0.0199 

WminusH126_4mu_TCjmax_genbin6_recobin1 acc 0.1022 eff 0.0 outinratio 0.1466 

WplusH126_4mu_TCjmax_genbin6_recobin1 acc 0.093 eff 0.0 outinratio 0.0587 

ZH126_4mu_TCjmax_genbin6_recobin1 acc 0.1158 eff 0.0 outinratio 0.125 

ttH126_4mu_TCjmax_genbin6_recobin1 acc 0.2613 eff 0.0 outinratio 0.0 

ggH126_4mu_TCjmax_genbin0_recobin2 acc 0.2663 eff 0.0135 outinratio 0.0296 

VBFH126_4mu_TCjmax_genbin0_recobin2 acc 0.041 eff 0.0463 outinratio 0.0231 

WminusH126_4mu_TCjmax_genbin0_recobin2 acc 0.0872 eff 0.0213 outinratio 0.1511 

WplusH126_4mu_TCjmax_genbin0_recobin2 acc 0.0788 eff 0.0241 outinratio 0.0713 

ZH126_4mu_TCjmax_genbin0_recobin2 acc 0.0724 eff 0.0226 outinratio 0.0 

ttH126_4mu_TCjmax_genbin0_recobin2 acc 0.0004 eff -1.0 outinratio 0.0 

ggH126_4mu_TCjmax_genbin1_recobin2 acc 0.0261 eff 0.0749 outinratio 0.0296 

VBFH126_4mu_TCjmax_genbin1_recobin2 acc 0.0836 eff 0.0907 outinratio 0.0231 

WminusH126_4mu_TCjmax_genbin1_recobin2 acc 0.0044 eff 0.2235 outinratio 0.1511 

WplusH126_4mu_TCjmax_genbin1_recobin2 acc 0.0039 eff 0.2667 outinratio 0.0713 

ZH126_4mu_TCjmax_genbin1_recobin2 acc 0.0036 eff -1.0 outinratio 0.0 

ttH126_4mu_TCjmax_genbin1_recobin2 acc 0.0003 eff -1.0 outinratio 0.0 

ggH126_4mu_TCjmax_genbin2_recobin2 acc 0.0195 eff 0.4627 outinratio 0.0296 

VBFH126_4mu_TCjmax_genbin2_recobin2 acc 0.075 eff 0.539 outinratio 0.0231 

WminusH126_4mu_TCjmax_genbin2_recobin2 acc 0.0094 eff 0.3286 outinratio 0.1511 

WplusH126_4mu_TCjmax_genbin2_recobin2 acc 0.0058 eff 0.2485 outinratio 0.0713 

ZH126_4mu_TCjmax_genbin2_recobin2 acc 0.0095 eff 0.3923 outinratio 0.0 

ttH126_4mu_TCjmax_genbin2_recobin2 acc 0.0008 eff 0.1932 outinratio 0.0 

ggH126_4mu_TCjmax_genbin3_recobin2 acc 0.0269 eff 0.0278 outinratio 0.0296 

VBFH126_4mu_TCjmax_genbin3_recobin2 acc 0.0879 eff 0.0615 outinratio 0.0231 

WminusH126_4mu_TCjmax_genbin3_recobin2 acc 0.0276 eff 0.0485 outinratio 0.1511 

WplusH126_4mu_TCjmax_genbin3_recobin2 acc 0.0262 eff 0.0538 outinratio 0.0713 

ZH126_4mu_TCjmax_genbin3_recobin2 acc 0.0238 eff 0.0 outinratio 0.0 

ttH126_4mu_TCjmax_genbin3_recobin2 acc 0.0042 eff 0.0239 outinratio 0.0 

ggH126_4mu_TCjmax_genbin4_recobin2 acc 0.0251 eff 0.0 outinratio 0.0296 

VBFH126_4mu_TCjmax_genbin4_recobin2 acc 0.0454 eff 0.0186 outinratio 0.0231 

WminusH126_4mu_TCjmax_genbin4_recobin2 acc 0.0468 eff 0.0076 outinratio 0.1511 

WplusH126_4mu_TCjmax_genbin4_recobin2 acc 0.0345 eff 0.0 outinratio 0.0713 

ZH126_4mu_TCjmax_genbin4_recobin2 acc 0.0422 eff 0.0 outinratio 0.0 

ttH126_4mu_TCjmax_genbin4_recobin2 acc 0.0077 eff 0.0 outinratio 0.0 

ggH126_4mu_TCjmax_genbin5_recobin2 acc 0.0328 eff 0.0 outinratio 0.0296 

VBFH126_4mu_TCjmax_genbin5_recobin2 acc 0.0785 eff 0.0027 outinratio 0.0231 

WminusH126_4mu_TCjmax_genbin5_recobin2 acc 0.0952 eff 0.0 outinratio 0.1511 

WplusH126_4mu_TCjmax_genbin5_recobin2 acc 0.0827 eff 0.0 outinratio 0.0713 

ZH126_4mu_TCjmax_genbin5_recobin2 acc 0.1087 eff 0.0146 outinratio 0.0 

ttH126_4mu_TCjmax_genbin5_recobin2 acc 0.0674 eff 0.0013 outinratio 0.0 

ggH126_4mu_TCjmax_genbin6_recobin2 acc 0.024 eff 0.0 outinratio 0.0296 

VBFH126_4mu_TCjmax_genbin6_recobin2 acc 0.0682 eff 0.002 outinratio 0.0231 

WminusH126_4mu_TCjmax_genbin6_recobin2 acc 0.1022 eff 0.0 outinratio 0.1511 

WplusH126_4mu_TCjmax_genbin6_recobin2 acc 0.093 eff 0.0 outinratio 0.0713 

ZH126_4mu_TCjmax_genbin6_recobin2 acc 0.1158 eff 0.0 outinratio 0.0 

ttH126_4mu_TCjmax_genbin6_recobin2 acc 0.2613 eff 0.0002 outinratio 0.0 

ggH126_4mu_TCjmax_genbin0_recobin3 acc 0.2663 eff 0.0299 outinratio 0.0259 

VBFH126_4mu_TCjmax_genbin0_recobin3 acc 0.041 eff 0.0329 outinratio 0.0289 

WminusH126_4mu_TCjmax_genbin0_recobin3 acc 0.0872 eff 0.072 outinratio 0.0732 

WplusH126_4mu_TCjmax_genbin0_recobin3 acc 0.0788 eff 0.0722 outinratio 0.0951 

ZH126_4mu_TCjmax_genbin0_recobin3 acc 0.0724 eff 0.0562 outinratio 0.0895 

ttH126_4mu_TCjmax_genbin0_recobin3 acc 0.0004 eff -1.0 outinratio 0.0569 

ggH126_4mu_TCjmax_genbin1_recobin3 acc 0.0261 eff 0.0413 outinratio 0.0259 

VBFH126_4mu_TCjmax_genbin1_recobin3 acc 0.0836 eff 0.0192 outinratio 0.0289 

WminusH126_4mu_TCjmax_genbin1_recobin3 acc 0.0044 eff 0.0 outinratio 0.0732 

WplusH126_4mu_TCjmax_genbin1_recobin3 acc 0.0039 eff 0.0 outinratio 0.0951 

ZH126_4mu_TCjmax_genbin1_recobin3 acc 0.0036 eff -1.0 outinratio 0.0895 

ttH126_4mu_TCjmax_genbin1_recobin3 acc 0.0003 eff -1.0 outinratio 0.0569 

ggH126_4mu_TCjmax_genbin2_recobin3 acc 0.0195 eff 0.1029 outinratio 0.0259 

VBFH126_4mu_TCjmax_genbin2_recobin3 acc 0.075 eff 0.1428 outinratio 0.0289 

WminusH126_4mu_TCjmax_genbin2_recobin3 acc 0.0094 eff 0.2156 outinratio 0.0732 

WplusH126_4mu_TCjmax_genbin2_recobin3 acc 0.0058 eff 0.4453 outinratio 0.0951 

ZH126_4mu_TCjmax_genbin2_recobin3 acc 0.0095 eff 0.0537 outinratio 0.0895 

ttH126_4mu_TCjmax_genbin2_recobin3 acc 0.0008 eff 0.0 outinratio 0.0569 

ggH126_4mu_TCjmax_genbin3_recobin3 acc 0.0269 eff 0.5283 outinratio 0.0259 

VBFH126_4mu_TCjmax_genbin3_recobin3 acc 0.0879 eff 0.5894 outinratio 0.0289 

WminusH126_4mu_TCjmax_genbin3_recobin3 acc 0.0276 eff 0.3928 outinratio 0.0732 

WplusH126_4mu_TCjmax_genbin3_recobin3 acc 0.0262 eff 0.4414 outinratio 0.0951 

ZH126_4mu_TCjmax_genbin3_recobin3 acc 0.0238 eff 0.5065 outinratio 0.0895 

ttH126_4mu_TCjmax_genbin3_recobin3 acc 0.0042 eff 0.4364 outinratio 0.0569 

ggH126_4mu_TCjmax_genbin4_recobin3 acc 0.0251 eff 0.1299 outinratio 0.0259 

VBFH126_4mu_TCjmax_genbin4_recobin3 acc 0.0454 eff 0.1181 outinratio 0.0289 

WminusH126_4mu_TCjmax_genbin4_recobin3 acc 0.0468 eff 0.0835 outinratio 0.0732 

WplusH126_4mu_TCjmax_genbin4_recobin3 acc 0.0345 eff 0.1162 outinratio 0.0951 

ZH126_4mu_TCjmax_genbin4_recobin3 acc 0.0422 eff 0.1177 outinratio 0.0895 

ttH126_4mu_TCjmax_genbin4_recobin3 acc 0.0077 eff 0.1049 outinratio 0.0569 

ggH126_4mu_TCjmax_genbin5_recobin3 acc 0.0328 eff 0.0 outinratio 0.0259 

VBFH126_4mu_TCjmax_genbin5_recobin3 acc 0.0785 eff 0.011 outinratio 0.0289 

WminusH126_4mu_TCjmax_genbin5_recobin3 acc 0.0952 eff 0.0086 outinratio 0.0732 

WplusH126_4mu_TCjmax_genbin5_recobin3 acc 0.0827 eff 0.0025 outinratio 0.0951 

ZH126_4mu_TCjmax_genbin5_recobin3 acc 0.1087 eff 0.0149 outinratio 0.0895 

ttH126_4mu_TCjmax_genbin5_recobin3 acc 0.0674 eff 0.0011 outinratio 0.0569 

ggH126_4mu_TCjmax_genbin6_recobin3 acc 0.024 eff 0.0 outinratio 0.0259 

VBFH126_4mu_TCjmax_genbin6_recobin3 acc 0.0682 eff 0.0008 outinratio 0.0289 

WminusH126_4mu_TCjmax_genbin6_recobin3 acc 0.1022 eff 0.0 outinratio 0.0732 

WplusH126_4mu_TCjmax_genbin6_recobin3 acc 0.093 eff 0.0 outinratio 0.0951 

ZH126_4mu_TCjmax_genbin6_recobin3 acc 0.1158 eff 0.0 outinratio 0.0895 

ttH126_4mu_TCjmax_genbin6_recobin3 acc 0.2613 eff 0.0 outinratio 0.0569 

ggH126_4mu_TCjmax_genbin0_recobin4 acc 0.2663 eff 0.0189 outinratio 0.0736 

VBFH126_4mu_TCjmax_genbin0_recobin4 acc 0.041 eff 0.0315 outinratio 0.0267 

WminusH126_4mu_TCjmax_genbin0_recobin4 acc 0.0872 eff 0.0296 outinratio 0.0616 

WplusH126_4mu_TCjmax_genbin0_recobin4 acc 0.0788 eff 0.041 outinratio 0.0593 

ZH126_4mu_TCjmax_genbin0_recobin4 acc 0.0724 eff 0.042 outinratio 0.0459 

ttH126_4mu_TCjmax_genbin0_recobin4 acc 0.0004 eff -1.0 outinratio 0.1242 

ggH126_4mu_TCjmax_genbin1_recobin4 acc 0.0261 eff 0.02 outinratio 0.0736 

VBFH126_4mu_TCjmax_genbin1_recobin4 acc 0.0836 eff 0.0125 outinratio 0.0267 

WminusH126_4mu_TCjmax_genbin1_recobin4 acc 0.0044 eff 0.0 outinratio 0.0616 

WplusH126_4mu_TCjmax_genbin1_recobin4 acc 0.0039 eff 0.0 outinratio 0.0593 

ZH126_4mu_TCjmax_genbin1_recobin4 acc 0.0036 eff -1.0 outinratio 0.0459 

ttH126_4mu_TCjmax_genbin1_recobin4 acc 0.0003 eff -1.0 outinratio 0.1242 

ggH126_4mu_TCjmax_genbin2_recobin4 acc 0.0195 eff 0.0266 outinratio 0.0736 

VBFH126_4mu_TCjmax_genbin2_recobin4 acc 0.075 eff 0.01 outinratio 0.0267 

WminusH126_4mu_TCjmax_genbin2_recobin4 acc 0.0094 eff 0.0326 outinratio 0.0616 

WplusH126_4mu_TCjmax_genbin2_recobin4 acc 0.0058 eff 0.0 outinratio 0.0593 

ZH126_4mu_TCjmax_genbin2_recobin4 acc 0.0095 eff 0.0473 outinratio 0.0459 

ttH126_4mu_TCjmax_genbin2_recobin4 acc 0.0008 eff 0.1806 outinratio 0.1242 

ggH126_4mu_TCjmax_genbin3_recobin4 acc 0.0269 eff 0.0841 outinratio 0.0736 

VBFH126_4mu_TCjmax_genbin3_recobin4 acc 0.0879 eff 0.1159 outinratio 0.0267 

WminusH126_4mu_TCjmax_genbin3_recobin4 acc 0.0276 eff 0.1917 outinratio 0.0616 

WplusH126_4mu_TCjmax_genbin3_recobin4 acc 0.0262 eff 0.1479 outinratio 0.0593 

ZH126_4mu_TCjmax_genbin3_recobin4 acc 0.0238 eff 0.1399 outinratio 0.0459 

ttH126_4mu_TCjmax_genbin3_recobin4 acc 0.0042 eff 0.1005 outinratio 0.1242 

ggH126_4mu_TCjmax_genbin4_recobin4 acc 0.0251 eff 0.448 outinratio 0.0736 

VBFH126_4mu_TCjmax_genbin4_recobin4 acc 0.0454 eff 0.3975 outinratio 0.0267 

WminusH126_4mu_TCjmax_genbin4_recobin4 acc 0.0468 eff 0.3456 outinratio 0.0616 

WplusH126_4mu_TCjmax_genbin4_recobin4 acc 0.0345 eff 0.3298 outinratio 0.0593 

ZH126_4mu_TCjmax_genbin4_recobin4 acc 0.0422 eff 0.4673 outinratio 0.0459 

ttH126_4mu_TCjmax_genbin4_recobin4 acc 0.0077 eff 0.3484 outinratio 0.1242 

ggH126_4mu_TCjmax_genbin5_recobin4 acc 0.0328 eff 0.1332 outinratio 0.0736 

VBFH126_4mu_TCjmax_genbin5_recobin4 acc 0.0785 eff 0.0703 outinratio 0.0267 

WminusH126_4mu_TCjmax_genbin5_recobin4 acc 0.0952 eff 0.0895 outinratio 0.0616 

WplusH126_4mu_TCjmax_genbin5_recobin4 acc 0.0827 eff 0.0576 outinratio 0.0593 

ZH126_4mu_TCjmax_genbin5_recobin4 acc 0.1087 eff 0.0444 outinratio 0.0459 

ttH126_4mu_TCjmax_genbin5_recobin4 acc 0.0674 eff 0.0363 outinratio 0.1242 

ggH126_4mu_TCjmax_genbin6_recobin4 acc 0.024 eff 0.0 outinratio 0.0736 

VBFH126_4mu_TCjmax_genbin6_recobin4 acc 0.0682 eff 0.0004 outinratio 0.0267 

WminusH126_4mu_TCjmax_genbin6_recobin4 acc 0.1022 eff 0.0013 outinratio 0.0616 

WplusH126_4mu_TCjmax_genbin6_recobin4 acc 0.093 eff 0.0034 outinratio 0.0593 

ZH126_4mu_TCjmax_genbin6_recobin4 acc 0.1158 eff 0.0 outinratio 0.0459 

ttH126_4mu_TCjmax_genbin6_recobin4 acc 0.2613 eff 0.0008 outinratio 0.1242 

ggH126_4mu_TCjmax_genbin0_recobin5 acc 0.2663 eff 0.0163 outinratio 0.0716 

VBFH126_4mu_TCjmax_genbin0_recobin5 acc 0.041 eff 0.0173 outinratio 0.0336 

WminusH126_4mu_TCjmax_genbin0_recobin5 acc 0.0872 eff 0.0771 outinratio 0.058 

WplusH126_4mu_TCjmax_genbin0_recobin5 acc 0.0788 eff 0.0535 outinratio 0.0518 

ZH126_4mu_TCjmax_genbin0_recobin5 acc 0.0724 eff 0.0165 outinratio 0.0271 

ttH126_4mu_TCjmax_genbin0_recobin5 acc 0.0004 eff -1.0 outinratio 0.1202 

ggH126_4mu_TCjmax_genbin1_recobin5 acc 0.0261 eff 0.044 outinratio 0.0716 

VBFH126_4mu_TCjmax_genbin1_recobin5 acc 0.0836 eff 0.0165 outinratio 0.0336 

WminusH126_4mu_TCjmax_genbin1_recobin5 acc 0.0044 eff 0.03 outinratio 0.058 

WplusH126_4mu_TCjmax_genbin1_recobin5 acc 0.0039 eff 0.0614 outinratio 0.0518 

ZH126_4mu_TCjmax_genbin1_recobin5 acc 0.0036 eff -1.0 outinratio 0.0271 

ttH126_4mu_TCjmax_genbin1_recobin5 acc 0.0003 eff -1.0 outinratio 0.1202 

ggH126_4mu_TCjmax_genbin2_recobin5 acc 0.0195 eff 0.0422 outinratio 0.0716 

VBFH126_4mu_TCjmax_genbin2_recobin5 acc 0.075 eff 0.0142 outinratio 0.0336 

WminusH126_4mu_TCjmax_genbin2_recobin5 acc 0.0094 eff 0.1378 outinratio 0.058 

WplusH126_4mu_TCjmax_genbin2_recobin5 acc 0.0058 eff 0.0944 outinratio 0.0518 

ZH126_4mu_TCjmax_genbin2_recobin5 acc 0.0095 eff 0.0408 outinratio 0.0271 

ttH126_4mu_TCjmax_genbin2_recobin5 acc 0.0008 eff 0.232 outinratio 0.1202 

ggH126_4mu_TCjmax_genbin3_recobin5 acc 0.0269 eff 0.0 outinratio 0.0716 

VBFH126_4mu_TCjmax_genbin3_recobin5 acc 0.0879 eff 0.0249 outinratio 0.0336 

WminusH126_4mu_TCjmax_genbin3_recobin5 acc 0.0276 eff 0.0348 outinratio 0.058 

WplusH126_4mu_TCjmax_genbin3_recobin5 acc 0.0262 eff 0.0463 outinratio 0.0518 

ZH126_4mu_TCjmax_genbin3_recobin5 acc 0.0238 eff 0.0 outinratio 0.0271 

ttH126_4mu_TCjmax_genbin3_recobin5 acc 0.0042 eff 0.1369 outinratio 0.1202 

ggH126_4mu_TCjmax_genbin4_recobin5 acc 0.0251 eff 0.1805 outinratio 0.0716 

VBFH126_4mu_TCjmax_genbin4_recobin5 acc 0.0454 eff 0.2157 outinratio 0.0336 

WminusH126_4mu_TCjmax_genbin4_recobin5 acc 0.0468 eff 0.2264 outinratio 0.058 

WplusH126_4mu_TCjmax_genbin4_recobin5 acc 0.0345 eff 0.2557 outinratio 0.0518 

ZH126_4mu_TCjmax_genbin4_recobin5 acc 0.0422 eff 0.267 outinratio 0.0271 

ttH126_4mu_TCjmax_genbin4_recobin5 acc 0.0077 eff 0.1748 outinratio 0.1202 

ggH126_4mu_TCjmax_genbin5_recobin5 acc 0.0328 eff 0.5334 outinratio 0.0716 

VBFH126_4mu_TCjmax_genbin5_recobin5 acc 0.0785 eff 0.6272 outinratio 0.0336 

WminusH126_4mu_TCjmax_genbin5_recobin5 acc 0.0952 eff 0.6145 outinratio 0.058 

WplusH126_4mu_TCjmax_genbin5_recobin5 acc 0.0827 eff 0.6179 outinratio 0.0518 

ZH126_4mu_TCjmax_genbin5_recobin5 acc 0.1087 eff 0.6076 outinratio 0.0271 

ttH126_4mu_TCjmax_genbin5_recobin5 acc 0.0674 eff 0.5708 outinratio 0.1202 

ggH126_4mu_TCjmax_genbin6_recobin5 acc 0.024 eff 0.0603 outinratio 0.0716 

VBFH126_4mu_TCjmax_genbin6_recobin5 acc 0.0682 eff 0.0591 outinratio 0.0336 

WminusH126_4mu_TCjmax_genbin6_recobin5 acc 0.1022 eff 0.0375 outinratio 0.058 

WplusH126_4mu_TCjmax_genbin6_recobin5 acc 0.093 eff 0.055 outinratio 0.0518 

ZH126_4mu_TCjmax_genbin6_recobin5 acc 0.1158 eff 0.0839 outinratio 0.0271 

ttH126_4mu_TCjmax_genbin6_recobin5 acc 0.2613 eff 0.0349 outinratio 0.1202 

ggH126_4mu_TCjmax_genbin0_recobin6 acc 0.2663 eff 0.0016 outinratio 0.0199 

VBFH126_4mu_TCjmax_genbin0_recobin6 acc 0.041 eff 0.0027 outinratio 0.0432 

WminusH126_4mu_TCjmax_genbin0_recobin6 acc 0.0872 eff 0.0424 outinratio 0.0706 

WplusH126_4mu_TCjmax_genbin0_recobin6 acc 0.0788 eff 0.0296 outinratio 0.0459 

ZH126_4mu_TCjmax_genbin0_recobin6 acc 0.0724 eff 0.0075 outinratio 0.0595 

ttH126_4mu_TCjmax_genbin0_recobin6 acc 0.0004 eff -1.0 outinratio 0.1503 

ggH126_4mu_TCjmax_genbin1_recobin6 acc 0.0261 eff 0.0 outinratio 0.0199 

VBFH126_4mu_TCjmax_genbin1_recobin6 acc 0.0836 eff 0.0024 outinratio 0.0432 

WminusH126_4mu_TCjmax_genbin1_recobin6 acc 0.0044 eff 0.0 outinratio 0.0706 

WplusH126_4mu_TCjmax_genbin1_recobin6 acc 0.0039 eff 0.0725 outinratio 0.0459 

ZH126_4mu_TCjmax_genbin1_recobin6 acc 0.0036 eff -1.0 outinratio 0.0595 

ttH126_4mu_TCjmax_genbin1_recobin6 acc 0.0003 eff -1.0 outinratio 0.1503 

ggH126_4mu_TCjmax_genbin2_recobin6 acc 0.0195 eff 0.0 outinratio 0.0199 

VBFH126_4mu_TCjmax_genbin2_recobin6 acc 0.075 eff 0.0036 outinratio 0.0432 

WminusH126_4mu_TCjmax_genbin2_recobin6 acc 0.0094 eff 0.0 outinratio 0.0706 

WplusH126_4mu_TCjmax_genbin2_recobin6 acc 0.0058 eff 0.0541 outinratio 0.0459 

ZH126_4mu_TCjmax_genbin2_recobin6 acc 0.0095 eff 0.0159 outinratio 0.0595 

ttH126_4mu_TCjmax_genbin2_recobin6 acc 0.0008 eff 0.2748 outinratio 0.1503 

ggH126_4mu_TCjmax_genbin3_recobin6 acc 0.0269 eff 0.0 outinratio 0.0199 

VBFH126_4mu_TCjmax_genbin3_recobin6 acc 0.0879 eff 0.0012 outinratio 0.0432 

WminusH126_4mu_TCjmax_genbin3_recobin6 acc 0.0276 eff 0.0242 outinratio 0.0706 

WplusH126_4mu_TCjmax_genbin3_recobin6 acc 0.0262 eff 0.0 outinratio 0.0459 

ZH126_4mu_TCjmax_genbin3_recobin6 acc 0.0238 eff 0.0208 outinratio 0.0595 

ttH126_4mu_TCjmax_genbin3_recobin6 acc 0.0042 eff 0.1014 outinratio 0.1503 

ggH126_4mu_TCjmax_genbin4_recobin6 acc 0.0251 eff 0.0053 outinratio 0.0199 

VBFH126_4mu_TCjmax_genbin4_recobin6 acc 0.0454 eff 0.0028 outinratio 0.0432 

WminusH126_4mu_TCjmax_genbin4_recobin6 acc 0.0468 eff 0.0088 outinratio 0.0706 

WplusH126_4mu_TCjmax_genbin4_recobin6 acc 0.0345 eff 0.0061 outinratio 0.0459 

ZH126_4mu_TCjmax_genbin4_recobin6 acc 0.0422 eff 0.0 outinratio 0.0595 

ttH126_4mu_TCjmax_genbin4_recobin6 acc 0.0077 eff 0.0844 outinratio 0.1503 

ggH126_4mu_TCjmax_genbin5_recobin6 acc 0.0328 eff 0.051 outinratio 0.0199 

VBFH126_4mu_TCjmax_genbin5_recobin6 acc 0.0785 eff 0.0874 outinratio 0.0432 

WminusH126_4mu_TCjmax_genbin5_recobin6 acc 0.0952 eff 0.0858 outinratio 0.0706 

WplusH126_4mu_TCjmax_genbin5_recobin6 acc 0.0827 eff 0.0818 outinratio 0.0459 

ZH126_4mu_TCjmax_genbin5_recobin6 acc 0.1087 eff 0.0722 outinratio 0.0595 

ttH126_4mu_TCjmax_genbin5_recobin6 acc 0.0674 eff 0.2081 outinratio 0.1503 

ggH126_4mu_TCjmax_genbin6_recobin6 acc 0.024 eff 0.7905 outinratio 0.0199 

VBFH126_4mu_TCjmax_genbin6_recobin6 acc 0.0682 eff 0.7658 outinratio 0.0432 

WminusH126_4mu_TCjmax_genbin6_recobin6 acc 0.1022 eff 0.7953 outinratio 0.0706 

WplusH126_4mu_TCjmax_genbin6_recobin6 acc 0.093 eff 0.7679 outinratio 0.0459 

ZH126_4mu_TCjmax_genbin6_recobin6 acc 0.1158 eff 0.7046 outinratio 0.0595 

ttH126_4mu_TCjmax_genbin6_recobin6 acc 0.2613 eff 0.745 outinratio 0.1503 

ggH126_2e2mu_TCjmax_genbin0_recobin0 acc 0.2592 eff 0.4597 outinratio 0.0369 

VBFH126_2e2mu_TCjmax_genbin0_recobin0 acc 0.0394 eff 0.3521 outinratio 0.0241 

WminusH126_2e2mu_TCjmax_genbin0_recobin0 acc 0.0794 eff 0.3581 outinratio 0.0655 

WplusH126_2e2mu_TCjmax_genbin0_recobin0 acc 0.0722 eff 0.3694 outinratio 0.0559 

ZH126_2e2mu_TCjmax_genbin0_recobin0 acc 0.0752 eff 0.3948 outinratio 0.1071 

ttH126_2e2mu_TCjmax_genbin0_recobin0 acc 0.0008 eff 0.043 outinratio 0.0 

ggH126_2e2mu_TCjmax_genbin1_recobin0 acc 0.0225 eff 0.1754 outinratio 0.0369 

VBFH126_2e2mu_TCjmax_genbin1_recobin0 acc 0.0789 eff 0.0558 outinratio 0.0241 

WminusH126_2e2mu_TCjmax_genbin1_recobin0 acc 0.0039 eff 0.1586 outinratio 0.0655 

WplusH126_2e2mu_TCjmax_genbin1_recobin0 acc 0.005 eff 0.096 outinratio 0.0559 

ZH126_2e2mu_TCjmax_genbin1_recobin0 acc 0.003 eff -1.0 outinratio 0.1071 

ttH126_2e2mu_TCjmax_genbin1_recobin0 acc 0.0003 eff 0.0 outinratio 0.0 

ggH126_2e2mu_TCjmax_genbin2_recobin0 acc 0.0225 eff 0.0302 outinratio 0.0369 

VBFH126_2e2mu_TCjmax_genbin2_recobin0 acc 0.0676 eff 0.0318 outinratio 0.0241 

WminusH126_2e2mu_TCjmax_genbin2_recobin0 acc 0.0079 eff 0.0617 outinratio 0.0655 

WplusH126_2e2mu_TCjmax_genbin2_recobin0 acc 0.0077 eff 0.0724 outinratio 0.0559 

ZH126_2e2mu_TCjmax_genbin2_recobin0 acc 0.0053 eff 0.09 outinratio 0.1071 

ttH126_2e2mu_TCjmax_genbin2_recobin0 acc 0.001 eff 0.0 outinratio 0.0 

ggH126_2e2mu_TCjmax_genbin3_recobin0 acc 0.0329 eff 0.0863 outinratio 0.0369 

VBFH126_2e2mu_TCjmax_genbin3_recobin0 acc 0.0809 eff 0.0145 outinratio 0.0241 

WminusH126_2e2mu_TCjmax_genbin3_recobin0 acc 0.0266 eff 0.0457 outinratio 0.0655 

WplusH126_2e2mu_TCjmax_genbin3_recobin0 acc 0.0223 eff 0.0598 outinratio 0.0559 

ZH126_2e2mu_TCjmax_genbin3_recobin0 acc 0.0309 eff -0.0173 outinratio 0.1071 

ttH126_2e2mu_TCjmax_genbin3_recobin0 acc 0.0042 eff 0.0129 outinratio 0.0 

ggH126_2e2mu_TCjmax_genbin4_recobin0 acc 0.0234 eff 0.0549 outinratio 0.0369 

VBFH126_2e2mu_TCjmax_genbin4_recobin0 acc 0.0457 eff 0.0093 outinratio 0.0241 

WminusH126_2e2mu_TCjmax_genbin4_recobin0 acc 0.0385 eff 0.044 outinratio 0.0655 

WplusH126_2e2mu_TCjmax_genbin4_recobin0 acc 0.0336 eff 0.0412 outinratio 0.0559 

ZH126_2e2mu_TCjmax_genbin4_recobin0 acc 0.0404 eff 0.0147 outinratio 0.1071 

ttH126_2e2mu_TCjmax_genbin4_recobin0 acc 0.008 eff 0.0036 outinratio 0.0 

ggH126_2e2mu_TCjmax_genbin5_recobin0 acc 0.0285 eff 0.0128 outinratio 0.0369 

VBFH126_2e2mu_TCjmax_genbin5_recobin0 acc 0.0725 eff 0.0046 outinratio 0.0241 

WminusH126_2e2mu_TCjmax_genbin5_recobin0 acc 0.0979 eff 0.0026 outinratio 0.0655 

WplusH126_2e2mu_TCjmax_genbin5_recobin0 acc 0.0799 eff 0.0036 outinratio 0.0559 

ZH126_2e2mu_TCjmax_genbin5_recobin0 acc 0.0981 eff 0.0077 outinratio 0.1071 

ttH126_2e2mu_TCjmax_genbin5_recobin0 acc 0.0591 eff 0.0003 outinratio 0.0 

ggH126_2e2mu_TCjmax_genbin6_recobin0 acc 0.0258 eff 0.0 outinratio 0.0369 

VBFH126_2e2mu_TCjmax_genbin6_recobin0 acc 0.0594 eff 0.0 outinratio 0.0241 

WminusH126_2e2mu_TCjmax_genbin6_recobin0 acc 0.0882 eff 0.0 outinratio 0.0655 

WplusH126_2e2mu_TCjmax_genbin6_recobin0 acc 0.0875 eff 0.0 outinratio 0.0559 

ZH126_2e2mu_TCjmax_genbin6_recobin0 acc 0.0912 eff 0.0 outinratio 0.1071 

ttH126_2e2mu_TCjmax_genbin6_recobin0 acc 0.2381 eff 0.0 outinratio 0.0 

ggH126_2e2mu_TCjmax_genbin0_recobin1 acc 0.2592 eff 0.0219 outinratio 0.0815 

VBFH126_2e2mu_TCjmax_genbin0_recobin1 acc 0.0394 eff 0.078 outinratio 0.0283 

WminusH126_2e2mu_TCjmax_genbin0_recobin1 acc 0.0794 eff 0.0159 outinratio 0.0277 

WplusH126_2e2mu_TCjmax_genbin0_recobin1 acc 0.0722 eff 0.0213 outinratio 0.0366 

ZH126_2e2mu_TCjmax_genbin0_recobin1 acc 0.0752 eff 0.0245 outinratio 0.0 

ttH126_2e2mu_TCjmax_genbin0_recobin1 acc 0.0008 eff 0.0 outinratio 0.2233 

ggH126_2e2mu_TCjmax_genbin1_recobin1 acc 0.0225 eff 0.276 outinratio 0.0815 

VBFH126_2e2mu_TCjmax_genbin1_recobin1 acc 0.0789 eff 0.4041 outinratio 0.0283 

WminusH126_2e2mu_TCjmax_genbin1_recobin1 acc 0.0039 eff 0.1488 outinratio 0.0277 

WplusH126_2e2mu_TCjmax_genbin1_recobin1 acc 0.005 eff 0.1531 outinratio 0.0366 

ZH126_2e2mu_TCjmax_genbin1_recobin1 acc 0.003 eff -1.0 outinratio 0.0 

ttH126_2e2mu_TCjmax_genbin1_recobin1 acc 0.0003 eff 0.2288 outinratio 0.2233 

ggH126_2e2mu_TCjmax_genbin2_recobin1 acc 0.0225 eff 0.068 outinratio 0.0815 

VBFH126_2e2mu_TCjmax_genbin2_recobin1 acc 0.0676 eff 0.0406 outinratio 0.0283 

WminusH126_2e2mu_TCjmax_genbin2_recobin1 acc 0.0079 eff 0.0266 outinratio 0.0277 

WplusH126_2e2mu_TCjmax_genbin2_recobin1 acc 0.0077 eff 0.0 outinratio 0.0366 

ZH126_2e2mu_TCjmax_genbin2_recobin1 acc 0.0053 eff 0.0 outinratio 0.0 

ttH126_2e2mu_TCjmax_genbin2_recobin1 acc 0.001 eff 0.0 outinratio 0.2233 

ggH126_2e2mu_TCjmax_genbin3_recobin1 acc 0.0329 eff 0.0127 outinratio 0.0815 

VBFH126_2e2mu_TCjmax_genbin3_recobin1 acc 0.0809 eff 0.0107 outinratio 0.0283 

WminusH126_2e2mu_TCjmax_genbin3_recobin1 acc 0.0266 eff 0.005 outinratio 0.0277 

WplusH126_2e2mu_TCjmax_genbin3_recobin1 acc 0.0223 eff 0.0 outinratio 0.0366 

ZH126_2e2mu_TCjmax_genbin3_recobin1 acc 0.0309 eff 0.0043 outinratio 0.0 

ttH126_2e2mu_TCjmax_genbin3_recobin1 acc 0.0042 eff 0.0 outinratio 0.2233 

ggH126_2e2mu_TCjmax_genbin4_recobin1 acc 0.0234 eff 0.0066 outinratio 0.0815 

VBFH126_2e2mu_TCjmax_genbin4_recobin1 acc 0.0457 eff 0.0088 outinratio 0.0283 

WminusH126_2e2mu_TCjmax_genbin4_recobin1 acc 0.0385 eff 0.0 outinratio 0.0277 

WplusH126_2e2mu_TCjmax_genbin4_recobin1 acc 0.0336 eff 0.0 outinratio 0.0366 

ZH126_2e2mu_TCjmax_genbin4_recobin1 acc 0.0404 eff 0.0168 outinratio 0.0 

ttH126_2e2mu_TCjmax_genbin4_recobin1 acc 0.008 eff 0.0 outinratio 0.2233 

ggH126_2e2mu_TCjmax_genbin5_recobin1 acc 0.0285 eff 0.0 outinratio 0.0815 

VBFH126_2e2mu_TCjmax_genbin5_recobin1 acc 0.0725 eff 0.0038 outinratio 0.0283 

WminusH126_2e2mu_TCjmax_genbin5_recobin1 acc 0.0979 eff 0.0019 outinratio 0.0277 

WplusH126_2e2mu_TCjmax_genbin5_recobin1 acc 0.0799 eff 0.0026 outinratio 0.0366 

ZH126_2e2mu_TCjmax_genbin5_recobin1 acc 0.0981 eff 0.0 outinratio 0.0 

ttH126_2e2mu_TCjmax_genbin5_recobin1 acc 0.0591 eff 0.0 outinratio 0.2233 

ggH126_2e2mu_TCjmax_genbin6_recobin1 acc 0.0258 eff 0.0 outinratio 0.0815 

VBFH126_2e2mu_TCjmax_genbin6_recobin1 acc 0.0594 eff 0.0014 outinratio 0.0283 

WminusH126_2e2mu_TCjmax_genbin6_recobin1 acc 0.0882 eff 0.0 outinratio 0.0277 

WplusH126_2e2mu_TCjmax_genbin6_recobin1 acc 0.0875 eff 0.0 outinratio 0.0366 

ZH126_2e2mu_TCjmax_genbin6_recobin1 acc 0.0912 eff 0.0 outinratio 0.0 

ttH126_2e2mu_TCjmax_genbin6_recobin1 acc 0.2381 eff 0.0 outinratio 0.2233 

ggH126_2e2mu_TCjmax_genbin0_recobin2 acc 0.2592 eff 0.008 outinratio 0.0315 

VBFH126_2e2mu_TCjmax_genbin0_recobin2 acc 0.0394 eff 0.0279 outinratio 0.0403 

WminusH126_2e2mu_TCjmax_genbin0_recobin2 acc 0.0794 eff 0.0127 outinratio 0.14 

WplusH126_2e2mu_TCjmax_genbin0_recobin2 acc 0.0722 eff 0.0136 outinratio 0.0534 

ZH126_2e2mu_TCjmax_genbin0_recobin2 acc 0.0752 eff 0.0072 outinratio 0.056 

ttH126_2e2mu_TCjmax_genbin0_recobin2 acc 0.0008 eff 0.0 outinratio 0.1263 

ggH126_2e2mu_TCjmax_genbin1_recobin2 acc 0.0225 eff 0.0271 outinratio 0.0315 

VBFH126_2e2mu_TCjmax_genbin1_recobin2 acc 0.0789 eff 0.0567 outinratio 0.0403 

WminusH126_2e2mu_TCjmax_genbin1_recobin2 acc 0.0039 eff 0.0685 outinratio 0.14 

WplusH126_2e2mu_TCjmax_genbin1_recobin2 acc 0.005 eff 0.0697 outinratio 0.0534 

ZH126_2e2mu_TCjmax_genbin1_recobin2 acc 0.003 eff -1.0 outinratio 0.056 

ttH126_2e2mu_TCjmax_genbin1_recobin2 acc 0.0003 eff -0.0002 outinratio 0.1263 

ggH126_2e2mu_TCjmax_genbin2_recobin2 acc 0.0225 eff 0.3493 outinratio 0.0315 

VBFH126_2e2mu_TCjmax_genbin2_recobin2 acc 0.0676 eff 0.3637 outinratio 0.0403 

WminusH126_2e2mu_TCjmax_genbin2_recobin2 acc 0.0079 eff 0.2236 outinratio 0.14 

WplusH126_2e2mu_TCjmax_genbin2_recobin2 acc 0.0077 eff 0.1365 outinratio 0.0534 

ZH126_2e2mu_TCjmax_genbin2_recobin2 acc 0.0053 eff 0.5071 outinratio 0.056 

ttH126_2e2mu_TCjmax_genbin2_recobin2 acc 0.001 eff 0.0813 outinratio 0.1263 

ggH126_2e2mu_TCjmax_genbin3_recobin2 acc 0.0329 eff 0.0435 outinratio 0.0315 

VBFH126_2e2mu_TCjmax_genbin3_recobin2 acc 0.0809 eff 0.044 outinratio 0.0403 

WminusH126_2e2mu_TCjmax_genbin3_recobin2 acc 0.0266 eff 0.0249 outinratio 0.14 

WplusH126_2e2mu_TCjmax_genbin3_recobin2 acc 0.0223 eff 0.0044 outinratio 0.0534 

ZH126_2e2mu_TCjmax_genbin3_recobin2 acc 0.0309 eff 0.0143 outinratio 0.056 

ttH126_2e2mu_TCjmax_genbin3_recobin2 acc 0.0042 eff 0.0107 outinratio 0.1263 

ggH126_2e2mu_TCjmax_genbin4_recobin2 acc 0.0234 eff 0.004 outinratio 0.0315 

VBFH126_2e2mu_TCjmax_genbin4_recobin2 acc 0.0457 eff 0.0084 outinratio 0.0403 

WminusH126_2e2mu_TCjmax_genbin4_recobin2 acc 0.0385 eff 0.0095 outinratio 0.14 

WplusH126_2e2mu_TCjmax_genbin4_recobin2 acc 0.0336 eff 0.0 outinratio 0.0534 

ZH126_2e2mu_TCjmax_genbin4_recobin2 acc 0.0404 eff 0.0 outinratio 0.056 

ttH126_2e2mu_TCjmax_genbin4_recobin2 acc 0.008 eff 0.0042 outinratio 0.1263 

ggH126_2e2mu_TCjmax_genbin5_recobin2 acc 0.0285 eff 0.0 outinratio 0.0315 

VBFH126_2e2mu_TCjmax_genbin5_recobin2 acc 0.0725 eff 0.0026 outinratio 0.0403 

WminusH126_2e2mu_TCjmax_genbin5_recobin2 acc 0.0979 eff 0.001 outinratio 0.14 

WplusH126_2e2mu_TCjmax_genbin5_recobin2 acc 0.0799 eff 0.0009 outinratio 0.0534 

ZH126_2e2mu_TCjmax_genbin5_recobin2 acc 0.0981 eff 0.0 outinratio 0.056 

ttH126_2e2mu_TCjmax_genbin5_recobin2 acc 0.0591 eff 0.0 outinratio 0.1263 

ggH126_2e2mu_TCjmax_genbin6_recobin2 acc 0.0258 eff 0.0 outinratio 0.0315 

VBFH126_2e2mu_TCjmax_genbin6_recobin2 acc 0.0594 eff 0.0021 outinratio 0.0403 

WminusH126_2e2mu_TCjmax_genbin6_recobin2 acc 0.0882 eff 0.0 outinratio 0.14 

WplusH126_2e2mu_TCjmax_genbin6_recobin2 acc 0.0875 eff 0.0 outinratio 0.0534 

ZH126_2e2mu_TCjmax_genbin6_recobin2 acc 0.0912 eff 0.0 outinratio 0.056 

ttH126_2e2mu_TCjmax_genbin6_recobin2 acc 0.2381 eff 0.0001 outinratio 0.1263 

ggH126_2e2mu_TCjmax_genbin0_recobin3 acc 0.2592 eff 0.0124 outinratio 0.0586 

VBFH126_2e2mu_TCjmax_genbin0_recobin3 acc 0.0394 eff 0.0255 outinratio 0.0364 

WminusH126_2e2mu_TCjmax_genbin0_recobin3 acc 0.0794 eff 0.0366 outinratio 0.06 

WplusH126_2e2mu_TCjmax_genbin0_recobin3 acc 0.0722 eff 0.0504 outinratio 0.0405 

ZH126_2e2mu_TCjmax_genbin0_recobin3 acc 0.0752 eff 0.0309 outinratio 0.0236 

ttH126_2e2mu_TCjmax_genbin0_recobin3 acc 0.0008 eff 0.0309 outinratio 0.0738 

ggH126_2e2mu_TCjmax_genbin1_recobin3 acc 0.0225 eff 0.0229 outinratio 0.0586 

VBFH126_2e2mu_TCjmax_genbin1_recobin3 acc 0.0789 eff 0.0123 outinratio 0.0364 

WminusH126_2e2mu_TCjmax_genbin1_recobin3 acc 0.0039 eff 0.0377 outinratio 0.06 

WplusH126_2e2mu_TCjmax_genbin1_recobin3 acc 0.005 eff 0.023 outinratio 0.0405 

ZH126_2e2mu_TCjmax_genbin1_recobin3 acc 0.003 eff -1.0 outinratio 0.0236 

ttH126_2e2mu_TCjmax_genbin1_recobin3 acc 0.0003 eff 0.0568 outinratio 0.0738 

ggH126_2e2mu_TCjmax_genbin2_recobin3 acc 0.0225 eff 0.0373 outinratio 0.0586 

VBFH126_2e2mu_TCjmax_genbin2_recobin3 acc 0.0676 eff 0.0849 outinratio 0.0364 

WminusH126_2e2mu_TCjmax_genbin2_recobin3 acc 0.0079 eff 0.1655 outinratio 0.06 

WplusH126_2e2mu_TCjmax_genbin2_recobin3 acc 0.0077 eff 0.1182 outinratio 0.0405 

ZH126_2e2mu_TCjmax_genbin2_recobin3 acc 0.0053 eff 0.0516 outinratio 0.0236 

ttH126_2e2mu_TCjmax_genbin2_recobin3 acc 0.001 eff 0.1898 outinratio 0.0738 

ggH126_2e2mu_TCjmax_genbin3_recobin3 acc 0.0329 eff 0.3323 outinratio 0.0586 

VBFH126_2e2mu_TCjmax_genbin3_recobin3 acc 0.0809 eff 0.3493 outinratio 0.0364 

WminusH126_2e2mu_TCjmax_genbin3_recobin3 acc 0.0266 eff 0.2627 outinratio 0.06 

WplusH126_2e2mu_TCjmax_genbin3_recobin3 acc 0.0223 eff 0.3129 outinratio 0.0405 

ZH126_2e2mu_TCjmax_genbin3_recobin3 acc 0.0309 eff 0.3176 outinratio 0.0236 

ttH126_2e2mu_TCjmax_genbin3_recobin3 acc 0.0042 eff 0.2569 outinratio 0.0738 

ggH126_2e2mu_TCjmax_genbin4_recobin3 acc 0.0234 eff 0.0694 outinratio 0.0586 

VBFH126_2e2mu_TCjmax_genbin4_recobin3 acc 0.0457 eff 0.0669 outinratio 0.0364 

WminusH126_2e2mu_TCjmax_genbin4_recobin3 acc 0.0385 eff 0.0762 outinratio 0.06 

WplusH126_2e2mu_TCjmax_genbin4_recobin3 acc 0.0336 eff 0.064 outinratio 0.0405 

ZH126_2e2mu_TCjmax_genbin4_recobin3 acc 0.0404 eff 0.1168 outinratio 0.0236 

ttH126_2e2mu_TCjmax_genbin4_recobin3 acc 0.008 eff 0.0581 outinratio 0.0738 

ggH126_2e2mu_TCjmax_genbin5_recobin3 acc 0.0285 eff 0.0 outinratio 0.0586 

VBFH126_2e2mu_TCjmax_genbin5_recobin3 acc 0.0725 eff 0.0119 outinratio 0.0364 

WminusH126_2e2mu_TCjmax_genbin5_recobin3 acc 0.0979 eff 0.005 outinratio 0.06 

WplusH126_2e2mu_TCjmax_genbin5_recobin3 acc 0.0799 eff 0.0064 outinratio 0.0405 

ZH126_2e2mu_TCjmax_genbin5_recobin3 acc 0.0981 eff 0.0024 outinratio 0.0236 

ttH126_2e2mu_TCjmax_genbin5_recobin3 acc 0.0591 eff 0.0016 outinratio 0.0738 

ggH126_2e2mu_TCjmax_genbin6_recobin3 acc 0.0258 eff 0.0 outinratio 0.0586 

VBFH126_2e2mu_TCjmax_genbin6_recobin3 acc 0.0594 eff 0.0002 outinratio 0.0364 

WminusH126_2e2mu_TCjmax_genbin6_recobin3 acc 0.0882 eff 0.0 outinratio 0.06 

WplusH126_2e2mu_TCjmax_genbin6_recobin3 acc 0.0875 eff 0.0 outinratio 0.0405 

ZH126_2e2mu_TCjmax_genbin6_recobin3 acc 0.0912 eff 0.0 outinratio 0.0236 

ttH126_2e2mu_TCjmax_genbin6_recobin3 acc 0.2381 eff 0.0 outinratio 0.0738 

ggH126_2e2mu_TCjmax_genbin0_recobin4 acc 0.2592 eff 0.0115 outinratio 0.058 

VBFH126_2e2mu_TCjmax_genbin0_recobin4 acc 0.0394 eff 0.0131 outinratio 0.0344 

WminusH126_2e2mu_TCjmax_genbin0_recobin4 acc 0.0794 eff 0.0417 outinratio 0.0607 

WplusH126_2e2mu_TCjmax_genbin0_recobin4 acc 0.0722 eff 0.0418 outinratio 0.1301 

ZH126_2e2mu_TCjmax_genbin0_recobin4 acc 0.0752 eff 0.0 outinratio 0.0983 

ttH126_2e2mu_TCjmax_genbin0_recobin4 acc 0.0008 eff 0.0953 outinratio 0.1118 

ggH126_2e2mu_TCjmax_genbin1_recobin4 acc 0.0225 eff 0.014 outinratio 0.058 

VBFH126_2e2mu_TCjmax_genbin1_recobin4 acc 0.0789 eff 0.0109 outinratio 0.0344 

WminusH126_2e2mu_TCjmax_genbin1_recobin4 acc 0.0039 eff 0.0444 outinratio 0.0607 

WplusH126_2e2mu_TCjmax_genbin1_recobin4 acc 0.005 eff 0.0 outinratio 0.1301 

ZH126_2e2mu_TCjmax_genbin1_recobin4 acc 0.003 eff -1.0 outinratio 0.0983 

ttH126_2e2mu_TCjmax_genbin1_recobin4 acc 0.0003 eff 0.1277 outinratio 0.1118 

ggH126_2e2mu_TCjmax_genbin2_recobin4 acc 0.0225 eff 0.0444 outinratio 0.058 

VBFH126_2e2mu_TCjmax_genbin2_recobin4 acc 0.0676 eff 0.0085 outinratio 0.0344 

WminusH126_2e2mu_TCjmax_genbin2_recobin4 acc 0.0079 eff 0.0161 outinratio 0.0607 

WplusH126_2e2mu_TCjmax_genbin2_recobin4 acc 0.0077 eff 0.0632 outinratio 0.1301 

ZH126_2e2mu_TCjmax_genbin2_recobin4 acc 0.0053 eff 0.0 outinratio 0.0983 

ttH126_2e2mu_TCjmax_genbin2_recobin4 acc 0.001 eff 0.0258 outinratio 0.1118 

ggH126_2e2mu_TCjmax_genbin3_recobin4 acc 0.0329 eff 0.0488 outinratio 0.058 

VBFH126_2e2mu_TCjmax_genbin3_recobin4 acc 0.0809 eff 0.0782 outinratio 0.0344 

WminusH126_2e2mu_TCjmax_genbin3_recobin4 acc 0.0266 eff 0.1247 outinratio 0.0607 

WplusH126_2e2mu_TCjmax_genbin3_recobin4 acc 0.0223 eff 0.1123 outinratio 0.1301 

ZH126_2e2mu_TCjmax_genbin3_recobin4 acc 0.0309 eff 0.0895 outinratio 0.0983 

ttH126_2e2mu_TCjmax_genbin3_recobin4 acc 0.0042 eff 0.1191 outinratio 0.1118 

ggH126_2e2mu_TCjmax_genbin4_recobin4 acc 0.0234 eff 0.3227 outinratio 0.058 

VBFH126_2e2mu_TCjmax_genbin4_recobin4 acc 0.0457 eff 0.2929 outinratio 0.0344 

WminusH126_2e2mu_TCjmax_genbin4_recobin4 acc 0.0385 eff 0.2446 outinratio 0.0607 

WplusH126_2e2mu_TCjmax_genbin4_recobin4 acc 0.0336 eff 0.2236 outinratio 0.1301 

ZH126_2e2mu_TCjmax_genbin4_recobin4 acc 0.0404 eff 0.2721 outinratio 0.0983 

ttH126_2e2mu_TCjmax_genbin4_recobin4 acc 0.008 eff 0.2346 outinratio 0.1118 

ggH126_2e2mu_TCjmax_genbin5_recobin4 acc 0.0285 eff 0.055 outinratio 0.058 

VBFH126_2e2mu_TCjmax_genbin5_recobin4 acc 0.0725 eff 0.0452 outinratio 0.0344 

WminusH126_2e2mu_TCjmax_genbin5_recobin4 acc 0.0979 eff 0.0432 outinratio 0.0607 

WplusH126_2e2mu_TCjmax_genbin5_recobin4 acc 0.0799 eff 0.0375 outinratio 0.1301 

ZH126_2e2mu_TCjmax_genbin5_recobin4 acc 0.0981 eff 0.0579 outinratio 0.0983 

ttH126_2e2mu_TCjmax_genbin5_recobin4 acc 0.0591 eff 0.0273 outinratio 0.1118 

ggH126_2e2mu_TCjmax_genbin6_recobin4 acc 0.0258 eff 0.0 outinratio 0.058 

VBFH126_2e2mu_TCjmax_genbin6_recobin4 acc 0.0594 eff 0.0016 outinratio 0.0344 

WminusH126_2e2mu_TCjmax_genbin6_recobin4 acc 0.0882 eff 0.0 outinratio 0.0607 

WplusH126_2e2mu_TCjmax_genbin6_recobin4 acc 0.0875 eff 0.0045 outinratio 0.1301 

ZH126_2e2mu_TCjmax_genbin6_recobin4 acc 0.0912 eff 0.0 outinratio 0.0983 

ttH126_2e2mu_TCjmax_genbin6_recobin4 acc 0.2381 eff 0.0005 outinratio 0.1118 

ggH126_2e2mu_TCjmax_genbin0_recobin5 acc 0.2592 eff 0.0046 outinratio 0.0727 

VBFH126_2e2mu_TCjmax_genbin0_recobin5 acc 0.0394 eff 0.0033 outinratio 0.0419 

WminusH126_2e2mu_TCjmax_genbin0_recobin5 acc 0.0794 eff 0.0327 outinratio 0.0947 

WplusH126_2e2mu_TCjmax_genbin0_recobin5 acc 0.0722 eff 0.0154 outinratio 0.08 

ZH126_2e2mu_TCjmax_genbin0_recobin5 acc 0.0752 eff 0.0306 outinratio 0.0814 

ttH126_2e2mu_TCjmax_genbin0_recobin5 acc 0.0008 eff 0.0636 outinratio 0.1351 

ggH126_2e2mu_TCjmax_genbin1_recobin5 acc 0.0225 eff 0.0155 outinratio 0.0727 

VBFH126_2e2mu_TCjmax_genbin1_recobin5 acc 0.0789 eff 0.0041 outinratio 0.0419 

WminusH126_2e2mu_TCjmax_genbin1_recobin5 acc 0.0039 eff 0.0404 outinratio 0.0947 

WplusH126_2e2mu_TCjmax_genbin1_recobin5 acc 0.005 eff 0.0 outinratio 0.08 

ZH126_2e2mu_TCjmax_genbin1_recobin5 acc 0.003 eff -1.0 outinratio 0.0814 

ttH126_2e2mu_TCjmax_genbin1_recobin5 acc 0.0003 eff 0.0 outinratio 0.1351 

ggH126_2e2mu_TCjmax_genbin2_recobin5 acc 0.0225 eff 0.0019 outinratio 0.0727 

VBFH126_2e2mu_TCjmax_genbin2_recobin5 acc 0.0676 eff 0.0044 outinratio 0.0419 

WminusH126_2e2mu_TCjmax_genbin2_recobin5 acc 0.0079 eff 0.0072 outinratio 0.0947 

WplusH126_2e2mu_TCjmax_genbin2_recobin5 acc 0.0077 eff 0.0486 outinratio 0.08 

ZH126_2e2mu_TCjmax_genbin2_recobin5 acc 0.0053 eff 0.0 outinratio 0.0814 

ttH126_2e2mu_TCjmax_genbin2_recobin5 acc 0.001 eff 0.066 outinratio 0.1351 

ggH126_2e2mu_TCjmax_genbin3_recobin5 acc 0.0329 eff 0.0099 outinratio 0.0727 

VBFH126_2e2mu_TCjmax_genbin3_recobin5 acc 0.0809 eff 0.009 outinratio 0.0419 

WminusH126_2e2mu_TCjmax_genbin3_recobin5 acc 0.0266 eff 0.0269 outinratio 0.0947 

WplusH126_2e2mu_TCjmax_genbin3_recobin5 acc 0.0223 eff 0.018 outinratio 0.08 

ZH126_2e2mu_TCjmax_genbin3_recobin5 acc 0.0309 eff 0.0255 outinratio 0.0814 

ttH126_2e2mu_TCjmax_genbin3_recobin5 acc 0.0042 eff 0.0277 outinratio 0.1351 

ggH126_2e2mu_TCjmax_genbin4_recobin5 acc 0.0234 eff 0.12 outinratio 0.0727 

VBFH126_2e2mu_TCjmax_genbin4_recobin5 acc 0.0457 eff 0.1588 outinratio 0.0419 

WminusH126_2e2mu_TCjmax_genbin4_recobin5 acc 0.0385 eff 0.1596 outinratio 0.0947 

WplusH126_2e2mu_TCjmax_genbin4_recobin5 acc 0.0336 eff 0.1339 outinratio 0.08 

ZH126_2e2mu_TCjmax_genbin4_recobin5 acc 0.0404 eff 0.1337 outinratio 0.0814 

ttH126_2e2mu_TCjmax_genbin4_recobin5 acc 0.008 eff 0.1519 outinratio 0.1351 

ggH126_2e2mu_TCjmax_genbin5_recobin5 acc 0.0285 eff 0.3858 outinratio 0.0727 

VBFH126_2e2mu_TCjmax_genbin5_recobin5 acc 0.0725 eff 0.4245 outinratio 0.0419 

WminusH126_2e2mu_TCjmax_genbin5_recobin5 acc 0.0979 eff 0.3843 outinratio 0.0947 

WplusH126_2e2mu_TCjmax_genbin5_recobin5 acc 0.0799 eff 0.4058 outinratio 0.08 

ZH126_2e2mu_TCjmax_genbin5_recobin5 acc 0.0981 eff 0.348 outinratio 0.0814 

ttH126_2e2mu_TCjmax_genbin5_recobin5 acc 0.0591 eff 0.3656 outinratio 0.1351 

ggH126_2e2mu_TCjmax_genbin6_recobin5 acc 0.0258 eff 0.029 outinratio 0.0727 

VBFH126_2e2mu_TCjmax_genbin6_recobin5 acc 0.0594 eff 0.0444 outinratio 0.0419 

WminusH126_2e2mu_TCjmax_genbin6_recobin5 acc 0.0882 eff 0.0361 outinratio 0.0947 

WplusH126_2e2mu_TCjmax_genbin6_recobin5 acc 0.0875 eff 0.0398 outinratio 0.08 

ZH126_2e2mu_TCjmax_genbin6_recobin5 acc 0.0912 eff 0.0498 outinratio 0.0814 

ttH126_2e2mu_TCjmax_genbin6_recobin5 acc 0.2381 eff 0.023 outinratio 0.1351 

ggH126_2e2mu_TCjmax_genbin0_recobin6 acc 0.2592 eff 0.0009 outinratio 0.0335 

VBFH126_2e2mu_TCjmax_genbin0_recobin6 acc 0.0394 eff 0.0026 outinratio 0.0474 

WminusH126_2e2mu_TCjmax_genbin0_recobin6 acc 0.0794 eff 0.0275 outinratio 0.0769 

WplusH126_2e2mu_TCjmax_genbin0_recobin6 acc 0.0722 eff 0.0074 outinratio 0.0758 

ZH126_2e2mu_TCjmax_genbin0_recobin6 acc 0.0752 eff 0.0055 outinratio 0.0606 

ttH126_2e2mu_TCjmax_genbin0_recobin6 acc 0.0008 eff 0.0968 outinratio 0.1721 

ggH126_2e2mu_TCjmax_genbin1_recobin6 acc 0.0225 eff 0.0035 outinratio 0.0335 

VBFH126_2e2mu_TCjmax_genbin1_recobin6 acc 0.0789 eff 0.001 outinratio 0.0474 

WminusH126_2e2mu_TCjmax_genbin1_recobin6 acc 0.0039 eff 0.0 outinratio 0.0769 

WplusH126_2e2mu_TCjmax_genbin1_recobin6 acc 0.005 eff 0.0 outinratio 0.0758 

ZH126_2e2mu_TCjmax_genbin1_recobin6 acc 0.003 eff -1.0 outinratio 0.0606 

ttH126_2e2mu_TCjmax_genbin1_recobin6 acc 0.0003 eff 0.0561 outinratio 0.1721 

ggH126_2e2mu_TCjmax_genbin2_recobin6 acc 0.0225 eff 0.0 outinratio 0.0335 

VBFH126_2e2mu_TCjmax_genbin2_recobin6 acc 0.0676 eff 0.0005 outinratio 0.0474 

WminusH126_2e2mu_TCjmax_genbin2_recobin6 acc 0.0079 eff 0.0141 outinratio 0.0769 

WplusH126_2e2mu_TCjmax_genbin2_recobin6 acc 0.0077 eff 0.0 outinratio 0.0758 

ZH126_2e2mu_TCjmax_genbin2_recobin6 acc 0.0053 eff 0.0 outinratio 0.0606 

ttH126_2e2mu_TCjmax_genbin2_recobin6 acc 0.001 eff 0.141 outinratio 0.1721 

ggH126_2e2mu_TCjmax_genbin3_recobin6 acc 0.0329 eff 0.0025 outinratio 0.0335 

VBFH126_2e2mu_TCjmax_genbin3_recobin6 acc 0.0809 eff 0.0013 outinratio 0.0474 

WminusH126_2e2mu_TCjmax_genbin3_recobin6 acc 0.0266 eff 0.0077 outinratio 0.0769 

WplusH126_2e2mu_TCjmax_genbin3_recobin6 acc 0.0223 eff -0.007 outinratio 0.0758 

ZH126_2e2mu_TCjmax_genbin3_recobin6 acc 0.0309 eff 0.0034 outinratio 0.0606 

ttH126_2e2mu_TCjmax_genbin3_recobin6 acc 0.0042 eff 0.0617 outinratio 0.1721 

ggH126_2e2mu_TCjmax_genbin4_recobin6 acc 0.0234 eff 0.0 outinratio 0.0335 

VBFH126_2e2mu_TCjmax_genbin4_recobin6 acc 0.0457 eff 0.001 outinratio 0.0474 

WminusH126_2e2mu_TCjmax_genbin4_recobin6 acc 0.0385 eff 0.0008 outinratio 0.0769 

WplusH126_2e2mu_TCjmax_genbin4_recobin6 acc 0.0336 eff 0.0038 outinratio 0.0758 

ZH126_2e2mu_TCjmax_genbin4_recobin6 acc 0.0404 eff 0.0 outinratio 0.0606 

ttH126_2e2mu_TCjmax_genbin4_recobin6 acc 0.008 eff 0.046 outinratio 0.1721 

ggH126_2e2mu_TCjmax_genbin5_recobin6 acc 0.0285 eff 0.044 outinratio 0.0335 

VBFH126_2e2mu_TCjmax_genbin5_recobin6 acc 0.0725 eff 0.0517 outinratio 0.0474 

WminusH126_2e2mu_TCjmax_genbin5_recobin6 acc 0.0979 eff 0.073 outinratio 0.0769 

WplusH126_2e2mu_TCjmax_genbin5_recobin6 acc 0.0799 eff 0.0659 outinratio 0.0758 

ZH126_2e2mu_TCjmax_genbin5_recobin6 acc 0.0981 eff 0.077 outinratio 0.0606 

ttH126_2e2mu_TCjmax_genbin5_recobin6 acc 0.0591 eff 0.1197 outinratio 0.1721 

ggH126_2e2mu_TCjmax_genbin6_recobin6 acc 0.0258 eff 0.594 outinratio 0.0335 

VBFH126_2e2mu_TCjmax_genbin6_recobin6 acc 0.0594 eff 0.5027 outinratio 0.0474 

WminusH126_2e2mu_TCjmax_genbin6_recobin6 acc 0.0882 eff 0.5021 outinratio 0.0769 

WplusH126_2e2mu_TCjmax_genbin6_recobin6 acc 0.0875 eff 0.5229 outinratio 0.0758 

ZH126_2e2mu_TCjmax_genbin6_recobin6 acc 0.0912 eff 0.4483 outinratio 0.0606 

ttH126_2e2mu_TCjmax_genbin6_recobin6 acc 0.2381 eff 0.5046 outinratio 0.1721 

Coeff fullNNLOPS
