Welcome in RunCoefficients!
OPT SPLIT
DEBUG opt.YEAR = 2024_5
It is a single-differential measurement, binning [-100.0, 0.0, 4.0, 8.0, 16.0, 25.0, 45.0, 10000.0]
TBjMax
Following observables extracted from dictionary: RECO =  TBjMax  GEN =  GENTBjMax
LUMI: 10.882200000000001
ttH126 0.00046886125
Processing ggH126 2024_5
Signal created
Signal failed created
Processing VBFH126 2024_5
Signal created
Signal failed created
Processing WminusH126 2024_5
Signal created
Signal failed created
Processing WplusH126 2024_5
Signal created
Signal failed created
Processing ZH126 2024_5
Signal created
Signal failed created
Processing ttH126 2024_5
Signal created
Signal failed created
2024_5 SKIMMED df CREATED
2024_5 ggH126
2024_5 VBFH126
2024_5 WminusH126
2024_5 WplusH126
2024_5 ZH126
2024_5 ttH126
Dataframes created successfully
Coeff std
ggH126_4l_TBjmax_genbin0_recobin0 acc 0.2591 eff 0.4695 outinratio 0.0397 

VBFH126_4l_TBjmax_genbin0_recobin0 acc 0.0388 eff 0.3691 outinratio 0.0211 

WminusH126_4l_TBjmax_genbin0_recobin0 acc 0.0827 eff 0.3713 outinratio 0.0645 

WplusH126_4l_TBjmax_genbin0_recobin0 acc 0.0705 eff 0.3828 outinratio 0.0704 

ZH126_4l_TBjmax_genbin0_recobin0 acc 0.0737 eff 0.4081 outinratio 0.094 

ttH126_4l_TBjmax_genbin0_recobin0 acc 0.0007 eff 0.095 outinratio 0.548 

ggH126_4l_TBjmax_genbin1_recobin0 acc 0.0225 eff 0.1254 outinratio 0.0397 

VBFH126_4l_TBjmax_genbin1_recobin0 acc 0.0788 eff 0.0547 outinratio 0.0211 

WminusH126_4l_TBjmax_genbin1_recobin0 acc 0.0041 eff 0.1439 outinratio 0.0645 

WplusH126_4l_TBjmax_genbin1_recobin0 acc 0.0047 eff 0.1037 outinratio 0.0704 

ZH126_4l_TBjmax_genbin1_recobin0 acc 0.0035 eff 0.2012 outinratio 0.094 

ttH126_4l_TBjmax_genbin1_recobin0 acc 0.0003 eff 0.0 outinratio 0.548 

ggH126_4l_TBjmax_genbin2_recobin0 acc 0.0193 eff 0.0425 outinratio 0.0397 

VBFH126_4l_TBjmax_genbin2_recobin0 acc 0.0674 eff 0.0295 outinratio 0.0211 

WminusH126_4l_TBjmax_genbin2_recobin0 acc 0.0078 eff 0.0463 outinratio 0.0645 

WplusH126_4l_TBjmax_genbin2_recobin0 acc 0.0065 eff 0.056 outinratio 0.0704 

ZH126_4l_TBjmax_genbin2_recobin0 acc 0.0065 eff 0.0485 outinratio 0.094 

ttH126_4l_TBjmax_genbin2_recobin0 acc 0.0008 eff 0.0 outinratio 0.548 

ggH126_4l_TBjmax_genbin3_recobin0 acc 0.027 eff 0.0677 outinratio 0.0397 

VBFH126_4l_TBjmax_genbin3_recobin0 acc 0.0862 eff 0.0167 outinratio 0.0211 

WminusH126_4l_TBjmax_genbin3_recobin0 acc 0.0222 eff 0.0464 outinratio 0.0645 

WplusH126_4l_TBjmax_genbin3_recobin0 acc 0.0194 eff 0.0553 outinratio 0.0704 

ZH126_4l_TBjmax_genbin3_recobin0 acc 0.0213 eff 0.054 outinratio 0.094 

ttH126_4l_TBjmax_genbin3_recobin0 acc 0.0038 eff 0.0204 outinratio 0.548 

ggH126_4l_TBjmax_genbin4_recobin0 acc 0.0238 eff 0.0398 outinratio 0.0397 

VBFH126_4l_TBjmax_genbin4_recobin0 acc 0.0579 eff 0.0107 outinratio 0.0211 

WminusH126_4l_TBjmax_genbin4_recobin0 acc 0.0362 eff 0.0361 outinratio 0.0645 

WplusH126_4l_TBjmax_genbin4_recobin0 acc 0.033 eff 0.0378 outinratio 0.0704 

ZH126_4l_TBjmax_genbin4_recobin0 acc 0.0314 eff 0.009 outinratio 0.094 

ttH126_4l_TBjmax_genbin4_recobin0 acc 0.0086 eff 0.0026 outinratio 0.548 

ggH126_4l_TBjmax_genbin5_recobin0 acc 0.0328 eff 0.0473 outinratio 0.0397 

VBFH126_4l_TBjmax_genbin5_recobin0 acc 0.0641 eff 0.0037 outinratio 0.0211 

WminusH126_4l_TBjmax_genbin5_recobin0 acc 0.0864 eff 0.0121 outinratio 0.0645 

WplusH126_4l_TBjmax_genbin5_recobin0 acc 0.0714 eff 0.0164 outinratio 0.0704 

ZH126_4l_TBjmax_genbin5_recobin0 acc 0.0861 eff 0.01 outinratio 0.094 

ttH126_4l_TBjmax_genbin5_recobin0 acc 0.0501 eff 0.0006 outinratio 0.548 

ggH126_4l_TBjmax_genbin6_recobin0 acc 0.0285 eff 0.0 outinratio 0.0397 

VBFH126_4l_TBjmax_genbin6_recobin0 acc 0.0586 eff 0.0021 outinratio 0.0211 

WminusH126_4l_TBjmax_genbin6_recobin0 acc 0.1123 eff 0.0013 outinratio 0.0645 

WplusH126_4l_TBjmax_genbin6_recobin0 acc 0.1031 eff 0.001 outinratio 0.0704 

ZH126_4l_TBjmax_genbin6_recobin0 acc 0.1239 eff 0.0011 outinratio 0.094 

ttH126_4l_TBjmax_genbin6_recobin0 acc 0.2547 eff 0.0 outinratio 0.548 

ggH126_4l_TBjmax_genbin0_recobin1 acc 0.2591 eff 0.0269 outinratio 0.0646 

VBFH126_4l_TBjmax_genbin0_recobin1 acc 0.0388 eff 0.0951 outinratio 0.0245 

WminusH126_4l_TBjmax_genbin0_recobin1 acc 0.0827 eff 0.0162 outinratio 0.0898 

WplusH126_4l_TBjmax_genbin0_recobin1 acc 0.0705 eff 0.0261 outinratio 0.0356 

ZH126_4l_TBjmax_genbin0_recobin1 acc 0.0737 eff 0.0179 outinratio 0.0394 

ttH126_4l_TBjmax_genbin0_recobin1 acc 0.0007 eff 0.0 outinratio 0.0784 

ggH126_4l_TBjmax_genbin1_recobin1 acc 0.0225 eff 0.3287 outinratio 0.0646 

VBFH126_4l_TBjmax_genbin1_recobin1 acc 0.0788 eff 0.41 outinratio 0.0245 

WminusH126_4l_TBjmax_genbin1_recobin1 acc 0.0041 eff 0.2337 outinratio 0.0898 

WplusH126_4l_TBjmax_genbin1_recobin1 acc 0.0047 eff 0.1559 outinratio 0.0356 

ZH126_4l_TBjmax_genbin1_recobin1 acc 0.0035 eff 0.2617 outinratio 0.0394 

ttH126_4l_TBjmax_genbin1_recobin1 acc 0.0003 eff 0.2026 outinratio 0.0784 

ggH126_4l_TBjmax_genbin2_recobin1 acc 0.0193 eff 0.052 outinratio 0.0646 

VBFH126_4l_TBjmax_genbin2_recobin1 acc 0.0674 eff 0.045 outinratio 0.0245 

WminusH126_4l_TBjmax_genbin2_recobin1 acc 0.0078 eff 0.0337 outinratio 0.0898 

WplusH126_4l_TBjmax_genbin2_recobin1 acc 0.0065 eff 0.0 outinratio 0.0356 

ZH126_4l_TBjmax_genbin2_recobin1 acc 0.0065 eff 0.0587 outinratio 0.0394 

ttH126_4l_TBjmax_genbin2_recobin1 acc 0.0008 eff 0.0337 outinratio 0.0784 

ggH126_4l_TBjmax_genbin3_recobin1 acc 0.027 eff 0.005 outinratio 0.0646 

VBFH126_4l_TBjmax_genbin3_recobin1 acc 0.0862 eff 0.013 outinratio 0.0245 

WminusH126_4l_TBjmax_genbin3_recobin1 acc 0.0222 eff 0.0072 outinratio 0.0898 

WplusH126_4l_TBjmax_genbin3_recobin1 acc 0.0194 eff 0.0209 outinratio 0.0356 

ZH126_4l_TBjmax_genbin3_recobin1 acc 0.0213 eff 0.003 outinratio 0.0394 

ttH126_4l_TBjmax_genbin3_recobin1 acc 0.0038 eff 0.0 outinratio 0.0784 

ggH126_4l_TBjmax_genbin4_recobin1 acc 0.0238 eff 0.0 outinratio 0.0646 

VBFH126_4l_TBjmax_genbin4_recobin1 acc 0.0579 eff 0.0104 outinratio 0.0245 

WminusH126_4l_TBjmax_genbin4_recobin1 acc 0.0362 eff 0.003 outinratio 0.0898 

WplusH126_4l_TBjmax_genbin4_recobin1 acc 0.033 eff 0.0037 outinratio 0.0356 

ZH126_4l_TBjmax_genbin4_recobin1 acc 0.0314 eff 0.0072 outinratio 0.0394 

ttH126_4l_TBjmax_genbin4_recobin1 acc 0.0086 eff 0.0017 outinratio 0.0784 

ggH126_4l_TBjmax_genbin5_recobin1 acc 0.0328 eff 0.0068 outinratio 0.0646 

VBFH126_4l_TBjmax_genbin5_recobin1 acc 0.0641 eff 0.003 outinratio 0.0245 

WminusH126_4l_TBjmax_genbin5_recobin1 acc 0.0864 eff 0.0014 outinratio 0.0898 

WplusH126_4l_TBjmax_genbin5_recobin1 acc 0.0714 eff 0.0014 outinratio 0.0356 

ZH126_4l_TBjmax_genbin5_recobin1 acc 0.0861 eff 0.0022 outinratio 0.0394 

ttH126_4l_TBjmax_genbin5_recobin1 acc 0.0501 eff 0.0002 outinratio 0.0784 

ggH126_4l_TBjmax_genbin6_recobin1 acc 0.0285 eff 0.0 outinratio 0.0646 

VBFH126_4l_TBjmax_genbin6_recobin1 acc 0.0586 eff 0.0022 outinratio 0.0245 

WminusH126_4l_TBjmax_genbin6_recobin1 acc 0.1123 eff 0.0003 outinratio 0.0898 

WplusH126_4l_TBjmax_genbin6_recobin1 acc 0.1031 eff 0.0 outinratio 0.0356 

ZH126_4l_TBjmax_genbin6_recobin1 acc 0.1239 eff 0.0 outinratio 0.0394 

ttH126_4l_TBjmax_genbin6_recobin1 acc 0.2547 eff 0.0 outinratio 0.0784 

ggH126_4l_TBjmax_genbin0_recobin2 acc 0.2591 eff 0.0089 outinratio 0.0373 

VBFH126_4l_TBjmax_genbin0_recobin2 acc 0.0388 eff 0.0311 outinratio 0.0305 

WminusH126_4l_TBjmax_genbin0_recobin2 acc 0.0827 eff 0.0103 outinratio 0.1777 

WplusH126_4l_TBjmax_genbin0_recobin2 acc 0.0705 eff 0.0132 outinratio 0.1218 

ZH126_4l_TBjmax_genbin0_recobin2 acc 0.0737 eff 0.0094 outinratio 0.0239 

ttH126_4l_TBjmax_genbin0_recobin2 acc 0.0007 eff 0.0129 outinratio 0.0808 

ggH126_4l_TBjmax_genbin1_recobin2 acc 0.0225 eff 0.0375 outinratio 0.0373 

VBFH126_4l_TBjmax_genbin1_recobin2 acc 0.0788 eff 0.0619 outinratio 0.0305 

WminusH126_4l_TBjmax_genbin1_recobin2 acc 0.0041 eff 0.0822 outinratio 0.1777 

WplusH126_4l_TBjmax_genbin1_recobin2 acc 0.0047 eff 0.0928 outinratio 0.1218 

ZH126_4l_TBjmax_genbin1_recobin2 acc 0.0035 eff 0.0359 outinratio 0.0239 

ttH126_4l_TBjmax_genbin1_recobin2 acc 0.0003 eff -0.0001 outinratio 0.0808 

ggH126_4l_TBjmax_genbin2_recobin2 acc 0.0193 eff 0.357 outinratio 0.0373 

VBFH126_4l_TBjmax_genbin2_recobin2 acc 0.0674 eff 0.3865 outinratio 0.0305 

WminusH126_4l_TBjmax_genbin2_recobin2 acc 0.0078 eff 0.2053 outinratio 0.1777 

WplusH126_4l_TBjmax_genbin2_recobin2 acc 0.0065 eff 0.2249 outinratio 0.1218 

ZH126_4l_TBjmax_genbin2_recobin2 acc 0.0065 eff 0.4381 outinratio 0.0239 

ttH126_4l_TBjmax_genbin2_recobin2 acc 0.0008 eff 0.1046 outinratio 0.0808 

ggH126_4l_TBjmax_genbin3_recobin2 acc 0.027 eff 0.0516 outinratio 0.0373 

VBFH126_4l_TBjmax_genbin3_recobin2 acc 0.0862 eff 0.0449 outinratio 0.0305 

WminusH126_4l_TBjmax_genbin3_recobin2 acc 0.0222 eff 0.0285 outinratio 0.1777 

WplusH126_4l_TBjmax_genbin3_recobin2 acc 0.0194 eff 0.0139 outinratio 0.1218 

ZH126_4l_TBjmax_genbin3_recobin2 acc 0.0213 eff 0.0151 outinratio 0.0239 

ttH126_4l_TBjmax_genbin3_recobin2 acc 0.0038 eff 0.0098 outinratio 0.0808 

ggH126_4l_TBjmax_genbin4_recobin2 acc 0.0238 eff 0.0033 outinratio 0.0373 

VBFH126_4l_TBjmax_genbin4_recobin2 acc 0.0579 eff 0.0078 outinratio 0.0305 

WminusH126_4l_TBjmax_genbin4_recobin2 acc 0.0362 eff 0.0058 outinratio 0.1777 

WplusH126_4l_TBjmax_genbin4_recobin2 acc 0.033 eff 0.0039 outinratio 0.1218 

ZH126_4l_TBjmax_genbin4_recobin2 acc 0.0314 eff 0.0 outinratio 0.0239 

ttH126_4l_TBjmax_genbin4_recobin2 acc 0.0086 eff 0.0016 outinratio 0.0808 

ggH126_4l_TBjmax_genbin5_recobin2 acc 0.0328 eff 0.0014 outinratio 0.0373 

VBFH126_4l_TBjmax_genbin5_recobin2 acc 0.0641 eff 0.0035 outinratio 0.0305 

WminusH126_4l_TBjmax_genbin5_recobin2 acc 0.0864 eff 0.0013 outinratio 0.1777 

WplusH126_4l_TBjmax_genbin5_recobin2 acc 0.0714 eff 0.0011 outinratio 0.1218 

ZH126_4l_TBjmax_genbin5_recobin2 acc 0.0861 eff 0.0049 outinratio 0.0239 

ttH126_4l_TBjmax_genbin5_recobin2 acc 0.0501 eff 0.0006 outinratio 0.0808 

ggH126_4l_TBjmax_genbin6_recobin2 acc 0.0285 eff 0.0 outinratio 0.0373 

VBFH126_4l_TBjmax_genbin6_recobin2 acc 0.0586 eff 0.0013 outinratio 0.0305 

WminusH126_4l_TBjmax_genbin6_recobin2 acc 0.1123 eff 0.0 outinratio 0.1777 

WplusH126_4l_TBjmax_genbin6_recobin2 acc 0.1031 eff 0.0 outinratio 0.1218 

ZH126_4l_TBjmax_genbin6_recobin2 acc 0.1239 eff 0.0 outinratio 0.0239 

ttH126_4l_TBjmax_genbin6_recobin2 acc 0.2547 eff 0.0001 outinratio 0.0808 

ggH126_4l_TBjmax_genbin0_recobin3 acc 0.2591 eff 0.0134 outinratio 0.0358 

VBFH126_4l_TBjmax_genbin0_recobin3 acc 0.0388 eff 0.0243 outinratio 0.0306 

WminusH126_4l_TBjmax_genbin0_recobin3 acc 0.0827 eff 0.0316 outinratio 0.0738 

WplusH126_4l_TBjmax_genbin0_recobin3 acc 0.0705 eff 0.0445 outinratio 0.0533 

ZH126_4l_TBjmax_genbin0_recobin3 acc 0.0737 eff 0.0256 outinratio 0.0831 

ttH126_4l_TBjmax_genbin0_recobin3 acc 0.0007 eff 0.0687 outinratio 0.0833 

ggH126_4l_TBjmax_genbin1_recobin3 acc 0.0225 eff 0.0147 outinratio 0.0358 

VBFH126_4l_TBjmax_genbin1_recobin3 acc 0.0788 eff 0.0116 outinratio 0.0306 

WminusH126_4l_TBjmax_genbin1_recobin3 acc 0.0041 eff 0.0248 outinratio 0.0738 

WplusH126_4l_TBjmax_genbin1_recobin3 acc 0.0047 eff 0.0 outinratio 0.0533 

ZH126_4l_TBjmax_genbin1_recobin3 acc 0.0035 eff 0.0 outinratio 0.0831 

ttH126_4l_TBjmax_genbin1_recobin3 acc 0.0003 eff 0.0175 outinratio 0.0833 

ggH126_4l_TBjmax_genbin2_recobin3 acc 0.0193 eff 0.0412 outinratio 0.0358 

VBFH126_4l_TBjmax_genbin2_recobin3 acc 0.0674 eff 0.0922 outinratio 0.0306 

WminusH126_4l_TBjmax_genbin2_recobin3 acc 0.0078 eff 0.1193 outinratio 0.0738 

WplusH126_4l_TBjmax_genbin2_recobin3 acc 0.0065 eff 0.1177 outinratio 0.0533 

ZH126_4l_TBjmax_genbin2_recobin3 acc 0.0065 eff 0.0209 outinratio 0.0831 

ttH126_4l_TBjmax_genbin2_recobin3 acc 0.0008 eff 0.1177 outinratio 0.0833 

ggH126_4l_TBjmax_genbin3_recobin3 acc 0.027 eff 0.3419 outinratio 0.0358 

VBFH126_4l_TBjmax_genbin3_recobin3 acc 0.0862 eff 0.4021 outinratio 0.0306 

WminusH126_4l_TBjmax_genbin3_recobin3 acc 0.0222 eff 0.2867 outinratio 0.0738 

WplusH126_4l_TBjmax_genbin3_recobin3 acc 0.0194 eff 0.3348 outinratio 0.0533 

ZH126_4l_TBjmax_genbin3_recobin3 acc 0.0213 eff 0.3291 outinratio 0.0831 

ttH126_4l_TBjmax_genbin3_recobin3 acc 0.0038 eff 0.2811 outinratio 0.0833 

ggH126_4l_TBjmax_genbin4_recobin3 acc 0.0238 eff 0.0988 outinratio 0.0358 

VBFH126_4l_TBjmax_genbin4_recobin3 acc 0.0579 eff 0.0527 outinratio 0.0306 

WminusH126_4l_TBjmax_genbin4_recobin3 acc 0.0362 eff 0.0553 outinratio 0.0738 

WplusH126_4l_TBjmax_genbin4_recobin3 acc 0.033 eff 0.0556 outinratio 0.0533 

ZH126_4l_TBjmax_genbin4_recobin3 acc 0.0314 eff 0.0801 outinratio 0.0831 

ttH126_4l_TBjmax_genbin4_recobin3 acc 0.0086 eff 0.0339 outinratio 0.0833 

ggH126_4l_TBjmax_genbin5_recobin3 acc 0.0328 eff 0.0059 outinratio 0.0358 

VBFH126_4l_TBjmax_genbin5_recobin3 acc 0.0641 eff 0.0057 outinratio 0.0306 

WminusH126_4l_TBjmax_genbin5_recobin3 acc 0.0864 eff 0.0061 outinratio 0.0738 

WplusH126_4l_TBjmax_genbin5_recobin3 acc 0.0714 eff 0.0029 outinratio 0.0533 

ZH126_4l_TBjmax_genbin5_recobin3 acc 0.0861 eff 0.0107 outinratio 0.0831 

ttH126_4l_TBjmax_genbin5_recobin3 acc 0.0501 eff 0.0023 outinratio 0.0833 

ggH126_4l_TBjmax_genbin6_recobin3 acc 0.0285 eff 0.0 outinratio 0.0358 

VBFH126_4l_TBjmax_genbin6_recobin3 acc 0.0586 eff 0.0002 outinratio 0.0306 

WminusH126_4l_TBjmax_genbin6_recobin3 acc 0.1123 eff 0.0 outinratio 0.0738 

WplusH126_4l_TBjmax_genbin6_recobin3 acc 0.1031 eff 0.0 outinratio 0.0533 

ZH126_4l_TBjmax_genbin6_recobin3 acc 0.1239 eff 0.0017 outinratio 0.0831 

ttH126_4l_TBjmax_genbin6_recobin3 acc 0.2547 eff 0.0002 outinratio 0.0833 

ggH126_4l_TBjmax_genbin0_recobin4 acc 0.2591 eff 0.0099 outinratio 0.0702 

VBFH126_4l_TBjmax_genbin0_recobin4 acc 0.0388 eff 0.0166 outinratio 0.0323 

WminusH126_4l_TBjmax_genbin0_recobin4 acc 0.0827 eff 0.036 outinratio 0.0551 

WplusH126_4l_TBjmax_genbin0_recobin4 acc 0.0705 eff 0.0253 outinratio 0.0881 

ZH126_4l_TBjmax_genbin0_recobin4 acc 0.0737 eff 0.0105 outinratio 0.1024 

ttH126_4l_TBjmax_genbin0_recobin4 acc 0.0007 eff 0.1294 outinratio 0.099 

ggH126_4l_TBjmax_genbin1_recobin4 acc 0.0225 eff 0.0287 outinratio 0.0702 

VBFH126_4l_TBjmax_genbin1_recobin4 acc 0.0788 eff 0.0081 outinratio 0.0323 

WminusH126_4l_TBjmax_genbin1_recobin4 acc 0.0041 eff 0.0 outinratio 0.0551 

WplusH126_4l_TBjmax_genbin1_recobin4 acc 0.0047 eff 0.0117 outinratio 0.0881 

ZH126_4l_TBjmax_genbin1_recobin4 acc 0.0035 eff 0.0755 outinratio 0.1024 

ttH126_4l_TBjmax_genbin1_recobin4 acc 0.0003 eff 0.0359 outinratio 0.099 

ggH126_4l_TBjmax_genbin2_recobin4 acc 0.0193 eff 0.0178 outinratio 0.0702 

VBFH126_4l_TBjmax_genbin2_recobin4 acc 0.0674 eff 0.0056 outinratio 0.0323 

WminusH126_4l_TBjmax_genbin2_recobin4 acc 0.0078 eff 0.0509 outinratio 0.0551 

WplusH126_4l_TBjmax_genbin2_recobin4 acc 0.0065 eff 0.0314 outinratio 0.0881 

ZH126_4l_TBjmax_genbin2_recobin4 acc 0.0065 eff 0.0201 outinratio 0.1024 

ttH126_4l_TBjmax_genbin2_recobin4 acc 0.0008 eff 0.0346 outinratio 0.099 

ggH126_4l_TBjmax_genbin3_recobin4 acc 0.027 eff 0.0459 outinratio 0.0702 

VBFH126_4l_TBjmax_genbin3_recobin4 acc 0.0862 eff 0.0713 outinratio 0.0323 

WminusH126_4l_TBjmax_genbin3_recobin4 acc 0.0222 eff 0.0922 outinratio 0.0551 

WplusH126_4l_TBjmax_genbin3_recobin4 acc 0.0194 eff 0.1745 outinratio 0.0881 

ZH126_4l_TBjmax_genbin3_recobin4 acc 0.0213 eff 0.1181 outinratio 0.1024 

ttH126_4l_TBjmax_genbin3_recobin4 acc 0.0038 eff 0.1148 outinratio 0.099 

ggH126_4l_TBjmax_genbin4_recobin4 acc 0.0238 eff 0.3579 outinratio 0.0702 

VBFH126_4l_TBjmax_genbin4_recobin4 acc 0.0579 eff 0.3711 outinratio 0.0323 

WminusH126_4l_TBjmax_genbin4_recobin4 acc 0.0362 eff 0.3206 outinratio 0.0551 

WplusH126_4l_TBjmax_genbin4_recobin4 acc 0.033 eff 0.2968 outinratio 0.0881 

ZH126_4l_TBjmax_genbin4_recobin4 acc 0.0314 eff 0.3664 outinratio 0.1024 

ttH126_4l_TBjmax_genbin4_recobin4 acc 0.0086 eff 0.2868 outinratio 0.099 

ggH126_4l_TBjmax_genbin5_recobin4 acc 0.0328 eff 0.0596 outinratio 0.0702 

VBFH126_4l_TBjmax_genbin5_recobin4 acc 0.0641 eff 0.0532 outinratio 0.0323 

WminusH126_4l_TBjmax_genbin5_recobin4 acc 0.0864 eff 0.0339 outinratio 0.0551 

WplusH126_4l_TBjmax_genbin5_recobin4 acc 0.0714 eff 0.037 outinratio 0.0881 

ZH126_4l_TBjmax_genbin5_recobin4 acc 0.0861 eff 0.0433 outinratio 0.1024 

ttH126_4l_TBjmax_genbin5_recobin4 acc 0.0501 eff 0.0321 outinratio 0.099 

ggH126_4l_TBjmax_genbin6_recobin4 acc 0.0285 eff 0.0 outinratio 0.0702 

VBFH126_4l_TBjmax_genbin6_recobin4 acc 0.0586 eff 0.0014 outinratio 0.0323 

WminusH126_4l_TBjmax_genbin6_recobin4 acc 0.1123 eff 0.0 outinratio 0.0551 

WplusH126_4l_TBjmax_genbin6_recobin4 acc 0.1031 eff 0.0015 outinratio 0.0881 

ZH126_4l_TBjmax_genbin6_recobin4 acc 0.1239 eff 0.0009 outinratio 0.1024 

ttH126_4l_TBjmax_genbin6_recobin4 acc 0.2547 eff 0.0005 outinratio 0.099 

ggH126_4l_TBjmax_genbin0_recobin5 acc 0.2591 eff 0.0123 outinratio 0.0749 

VBFH126_4l_TBjmax_genbin0_recobin5 acc 0.0388 eff 0.0124 outinratio 0.0352 

WminusH126_4l_TBjmax_genbin0_recobin5 acc 0.0827 eff 0.0425 outinratio 0.0655 

WplusH126_4l_TBjmax_genbin0_recobin5 acc 0.0705 eff 0.044 outinratio 0.0912 

ZH126_4l_TBjmax_genbin0_recobin5 acc 0.0737 eff 0.0221 outinratio 0.0561 

ttH126_4l_TBjmax_genbin0_recobin5 acc 0.0007 eff 0.0177 outinratio 0.1241 

ggH126_4l_TBjmax_genbin1_recobin5 acc 0.0225 eff 0.0221 outinratio 0.0749 

VBFH126_4l_TBjmax_genbin1_recobin5 acc 0.0788 eff 0.0113 outinratio 0.0352 

WminusH126_4l_TBjmax_genbin1_recobin5 acc 0.0041 eff 0.0543 outinratio 0.0655 

WplusH126_4l_TBjmax_genbin1_recobin5 acc 0.0047 eff 0.0132 outinratio 0.0912 

ZH126_4l_TBjmax_genbin1_recobin5 acc 0.0035 eff 0.083 outinratio 0.0561 

ttH126_4l_TBjmax_genbin1_recobin5 acc 0.0003 eff 0.0806 outinratio 0.1241 

ggH126_4l_TBjmax_genbin2_recobin5 acc 0.0193 eff 0.0277 outinratio 0.0749 

VBFH126_4l_TBjmax_genbin2_recobin5 acc 0.0674 eff 0.0096 outinratio 0.0352 

WminusH126_4l_TBjmax_genbin2_recobin5 acc 0.0078 eff 0.0323 outinratio 0.0655 

WplusH126_4l_TBjmax_genbin2_recobin5 acc 0.0065 eff 0.0718 outinratio 0.0912 

ZH126_4l_TBjmax_genbin2_recobin5 acc 0.0065 eff 0.0344 outinratio 0.0561 

ttH126_4l_TBjmax_genbin2_recobin5 acc 0.0008 eff 0.1625 outinratio 0.1241 

ggH126_4l_TBjmax_genbin3_recobin5 acc 0.027 eff 0.0164 outinratio 0.0749 

VBFH126_4l_TBjmax_genbin3_recobin5 acc 0.0862 eff 0.0078 outinratio 0.0352 

WminusH126_4l_TBjmax_genbin3_recobin5 acc 0.0222 eff 0.0341 outinratio 0.0655 

WplusH126_4l_TBjmax_genbin3_recobin5 acc 0.0194 eff 0.012 outinratio 0.0912 

ZH126_4l_TBjmax_genbin3_recobin5 acc 0.0213 eff 0.0133 outinratio 0.0561 

ttH126_4l_TBjmax_genbin3_recobin5 acc 0.0038 eff 0.0619 outinratio 0.1241 

ggH126_4l_TBjmax_genbin4_recobin5 acc 0.0238 eff 0.0861 outinratio 0.0749 

VBFH126_4l_TBjmax_genbin4_recobin5 acc 0.0579 eff 0.1137 outinratio 0.0352 

WminusH126_4l_TBjmax_genbin4_recobin5 acc 0.0362 eff 0.1131 outinratio 0.0655 

WplusH126_4l_TBjmax_genbin4_recobin5 acc 0.033 eff 0.1351 outinratio 0.0912 

ZH126_4l_TBjmax_genbin4_recobin5 acc 0.0314 eff 0.1186 outinratio 0.0561 

ttH126_4l_TBjmax_genbin4_recobin5 acc 0.0086 eff 0.1475 outinratio 0.1241 

ggH126_4l_TBjmax_genbin5_recobin5 acc 0.0328 eff 0.3868 outinratio 0.0749 

VBFH126_4l_TBjmax_genbin5_recobin5 acc 0.0641 eff 0.4463 outinratio 0.0352 

WminusH126_4l_TBjmax_genbin5_recobin5 acc 0.0864 eff 0.4206 outinratio 0.0655 

WplusH126_4l_TBjmax_genbin5_recobin5 acc 0.0714 eff 0.3684 outinratio 0.0912 

ZH126_4l_TBjmax_genbin5_recobin5 acc 0.0861 eff 0.4082 outinratio 0.0561 

ttH126_4l_TBjmax_genbin5_recobin5 acc 0.0501 eff 0.3725 outinratio 0.1241 

ggH126_4l_TBjmax_genbin6_recobin5 acc 0.0285 eff 0.0524 outinratio 0.0749 

VBFH126_4l_TBjmax_genbin6_recobin5 acc 0.0586 eff 0.0447 outinratio 0.0352 

WminusH126_4l_TBjmax_genbin6_recobin5 acc 0.1123 eff 0.0413 outinratio 0.0655 

WplusH126_4l_TBjmax_genbin6_recobin5 acc 0.1031 eff 0.0358 outinratio 0.0912 

ZH126_4l_TBjmax_genbin6_recobin5 acc 0.1239 eff 0.042 outinratio 0.0561 

ttH126_4l_TBjmax_genbin6_recobin5 acc 0.2547 eff 0.0198 outinratio 0.1241 

ggH126_4l_TBjmax_genbin0_recobin6 acc 0.2591 eff 0.0016 outinratio 0.0314 

VBFH126_4l_TBjmax_genbin0_recobin6 acc 0.0388 eff 0.0026 outinratio 0.0474 

WminusH126_4l_TBjmax_genbin0_recobin6 acc 0.0827 eff 0.0363 outinratio 0.0778 

WplusH126_4l_TBjmax_genbin0_recobin6 acc 0.0705 eff 0.0173 outinratio 0.0575 

ZH126_4l_TBjmax_genbin0_recobin6 acc 0.0737 eff 0.0122 outinratio 0.0503 

ttH126_4l_TBjmax_genbin0_recobin6 acc 0.0007 eff 0.1311 outinratio 0.1707 

ggH126_4l_TBjmax_genbin1_recobin6 acc 0.0225 eff 0.0017 outinratio 0.0314 

VBFH126_4l_TBjmax_genbin1_recobin6 acc 0.0788 eff 0.0026 outinratio 0.0474 

WminusH126_4l_TBjmax_genbin1_recobin6 acc 0.0041 eff 0.0291 outinratio 0.0778 

WplusH126_4l_TBjmax_genbin1_recobin6 acc 0.0047 eff 0.0251 outinratio 0.0575 

ZH126_4l_TBjmax_genbin1_recobin6 acc 0.0035 eff 0.0 outinratio 0.0503 

ttH126_4l_TBjmax_genbin1_recobin6 acc 0.0003 eff 0.2214 outinratio 0.1707 

ggH126_4l_TBjmax_genbin2_recobin6 acc 0.0193 eff 0.0034 outinratio 0.0314 

VBFH126_4l_TBjmax_genbin2_recobin6 acc 0.0674 eff 0.0014 outinratio 0.0474 

WminusH126_4l_TBjmax_genbin2_recobin6 acc 0.0078 eff 0.0192 outinratio 0.0778 

WplusH126_4l_TBjmax_genbin2_recobin6 acc 0.0065 eff 0.0126 outinratio 0.0575 

ZH126_4l_TBjmax_genbin2_recobin6 acc 0.0065 eff 0.024 outinratio 0.0503 

ttH126_4l_TBjmax_genbin2_recobin6 acc 0.0008 eff 0.1302 outinratio 0.1707 

ggH126_4l_TBjmax_genbin3_recobin6 acc 0.027 eff 0.0021 outinratio 0.0314 

VBFH126_4l_TBjmax_genbin3_recobin6 acc 0.0862 eff 0.0019 outinratio 0.0474 

WminusH126_4l_TBjmax_genbin3_recobin6 acc 0.0222 eff 0.0128 outinratio 0.0778 

WplusH126_4l_TBjmax_genbin3_recobin6 acc 0.0194 eff -0.0028 outinratio 0.0575 

ZH126_4l_TBjmax_genbin3_recobin6 acc 0.0213 eff 0.0023 outinratio 0.0503 

ttH126_4l_TBjmax_genbin3_recobin6 acc 0.0038 eff 0.0951 outinratio 0.1707 

ggH126_4l_TBjmax_genbin4_recobin6 acc 0.0238 eff 0.0011 outinratio 0.0314 

VBFH126_4l_TBjmax_genbin4_recobin6 acc 0.0579 eff 0.0029 outinratio 0.0474 

WminusH126_4l_TBjmax_genbin4_recobin6 acc 0.0362 eff 0.0089 outinratio 0.0778 

WplusH126_4l_TBjmax_genbin4_recobin6 acc 0.033 eff 0.0131 outinratio 0.0575 

ZH126_4l_TBjmax_genbin4_recobin6 acc 0.0314 eff 0.0042 outinratio 0.0503 

ttH126_4l_TBjmax_genbin4_recobin6 acc 0.0086 eff 0.0621 outinratio 0.1707 

ggH126_4l_TBjmax_genbin5_recobin6 acc 0.0328 eff 0.0333 outinratio 0.0314 

VBFH126_4l_TBjmax_genbin5_recobin6 acc 0.0641 eff 0.0585 outinratio 0.0474 

WminusH126_4l_TBjmax_genbin5_recobin6 acc 0.0864 eff 0.0862 outinratio 0.0778 

WplusH126_4l_TBjmax_genbin5_recobin6 acc 0.0714 eff 0.085 outinratio 0.0575 

ZH126_4l_TBjmax_genbin5_recobin6 acc 0.0861 eff 0.0777 outinratio 0.0503 

ttH126_4l_TBjmax_genbin5_recobin6 acc 0.0501 eff 0.1434 outinratio 0.1707 

ggH126_4l_TBjmax_genbin6_recobin6 acc 0.0285 eff 0.5638 outinratio 0.0314 

VBFH126_4l_TBjmax_genbin6_recobin6 acc 0.0586 eff 0.53 outinratio 0.0474 

WminusH126_4l_TBjmax_genbin6_recobin6 acc 0.1123 eff 0.5224 outinratio 0.0778 

WplusH126_4l_TBjmax_genbin6_recobin6 acc 0.1031 eff 0.5484 outinratio 0.0575 

ZH126_4l_TBjmax_genbin6_recobin6 acc 0.1239 eff 0.5014 outinratio 0.0503 

ttH126_4l_TBjmax_genbin6_recobin6 acc 0.2547 eff 0.534 outinratio 0.1707 

ggH126_4e_TBjmax_genbin0_recobin0 acc 0.2518 eff 0.2829 outinratio 0.0387 

VBFH126_4e_TBjmax_genbin0_recobin0 acc 0.0355 eff 0.2181 outinratio 0.0286 

WminusH126_4e_TBjmax_genbin0_recobin0 acc 0.0843 eff 0.2144 outinratio 0.0634 

WplusH126_4e_TBjmax_genbin0_recobin0 acc 0.0592 eff 0.2314 outinratio 0.1537 

ZH126_4e_TBjmax_genbin0_recobin0 acc 0.0722 eff 0.2101 outinratio 0.1221 

ttH126_4e_TBjmax_genbin0_recobin0 acc 0.0006 eff 0.0326 outinratio 1.1865 

ggH126_4e_TBjmax_genbin1_recobin0 acc 0.0194 eff 0.0502 outinratio 0.0387 

VBFH126_4e_TBjmax_genbin1_recobin0 acc 0.0753 eff 0.0283 outinratio 0.0286 

WminusH126_4e_TBjmax_genbin1_recobin0 acc 0.0045 eff 0.0 outinratio 0.0634 

WplusH126_4e_TBjmax_genbin1_recobin0 acc 0.005 eff 0.1582 outinratio 0.1537 

ZH126_4e_TBjmax_genbin1_recobin0 acc 0.005 eff -1.0 outinratio 0.1221 

ttH126_4e_TBjmax_genbin1_recobin0 acc 1e-04 eff -1.0 outinratio 1.1865 

ggH126_4e_TBjmax_genbin2_recobin0 acc 0.0165 eff 0.0173 outinratio 0.0387 

VBFH126_4e_TBjmax_genbin2_recobin0 acc 0.0646 eff 0.0136 outinratio 0.0286 

WminusH126_4e_TBjmax_genbin2_recobin0 acc 0.0072 eff 0.016 outinratio 0.0634 

WplusH126_4e_TBjmax_genbin2_recobin0 acc 0.0089 eff 0.0 outinratio 0.1537 

ZH126_4e_TBjmax_genbin2_recobin0 acc 0.0068 eff 0.0 outinratio 0.1221 

ttH126_4e_TBjmax_genbin2_recobin0 acc 0.0006 eff 0.0 outinratio 1.1865 

ggH126_4e_TBjmax_genbin3_recobin0 acc 0.0251 eff 0.0292 outinratio 0.0387 

VBFH126_4e_TBjmax_genbin3_recobin0 acc 0.0879 eff 0.0156 outinratio 0.0286 

WminusH126_4e_TBjmax_genbin3_recobin0 acc 0.0224 eff 0.0383 outinratio 0.0634 

WplusH126_4e_TBjmax_genbin3_recobin0 acc 0.0174 eff 0.0619 outinratio 0.1537 

ZH126_4e_TBjmax_genbin3_recobin0 acc 0.0124 eff 0.0 outinratio 0.1221 

ttH126_4e_TBjmax_genbin3_recobin0 acc 0.0036 eff 0.0276 outinratio 1.1865 

ggH126_4e_TBjmax_genbin4_recobin0 acc 0.0267 eff 0.0059 outinratio 0.0387 

VBFH126_4e_TBjmax_genbin4_recobin0 acc 0.0556 eff 0.0063 outinratio 0.0286 

WminusH126_4e_TBjmax_genbin4_recobin0 acc 0.0375 eff 0.0111 outinratio 0.0634 

WplusH126_4e_TBjmax_genbin4_recobin0 acc 0.0368 eff 0.0237 outinratio 0.1537 

ZH126_4e_TBjmax_genbin4_recobin0 acc 0.0187 eff 0.0 outinratio 0.1221 

ttH126_4e_TBjmax_genbin4_recobin0 acc 0.0083 eff 0.0032 outinratio 1.1865 

ggH126_4e_TBjmax_genbin5_recobin0 acc 0.0325 eff 0.0241 outinratio 0.0387 

VBFH126_4e_TBjmax_genbin5_recobin0 acc 0.0614 eff 0.0008 outinratio 0.0286 

WminusH126_4e_TBjmax_genbin5_recobin0 acc 0.0787 eff 0.0089 outinratio 0.0634 

WplusH126_4e_TBjmax_genbin5_recobin0 acc 0.07 eff 0.0163 outinratio 0.1537 

ZH126_4e_TBjmax_genbin5_recobin0 acc 0.0828 eff 0.0 outinratio 0.1221 

ttH126_4e_TBjmax_genbin5_recobin0 acc 0.0499 eff 0.0 outinratio 1.1865 

ggH126_4e_TBjmax_genbin6_recobin0 acc 0.0304 eff 0.0 outinratio 0.0387 

VBFH126_4e_TBjmax_genbin6_recobin0 acc 0.0571 eff 0.0037 outinratio 0.0286 

WminusH126_4e_TBjmax_genbin6_recobin0 acc 0.1131 eff 0.0013 outinratio 0.0634 

WplusH126_4e_TBjmax_genbin6_recobin0 acc 0.0963 eff 0.0 outinratio 0.1537 

ZH126_4e_TBjmax_genbin6_recobin0 acc 0.122 eff 0.0 outinratio 0.1221 

ttH126_4e_TBjmax_genbin6_recobin0 acc 0.246 eff 0.0 outinratio 1.1865 

ggH126_4e_TBjmax_genbin0_recobin1 acc 0.2518 eff 0.017 outinratio 0.025 

VBFH126_4e_TBjmax_genbin0_recobin1 acc 0.0355 eff 0.0365 outinratio 0.0236 

WminusH126_4e_TBjmax_genbin0_recobin1 acc 0.0843 eff 0.0059 outinratio 0.08 

WplusH126_4e_TBjmax_genbin0_recobin1 acc 0.0592 eff 0.0157 outinratio 0.0 

ZH126_4e_TBjmax_genbin0_recobin1 acc 0.0722 eff 0.0073 outinratio 0.0 

ttH126_4e_TBjmax_genbin0_recobin1 acc 0.0006 eff 0.0 outinratio 0.0 

ggH126_4e_TBjmax_genbin1_recobin1 acc 0.0194 eff 0.169 outinratio 0.025 

VBFH126_4e_TBjmax_genbin1_recobin1 acc 0.0753 eff 0.2315 outinratio 0.0236 

WminusH126_4e_TBjmax_genbin1_recobin1 acc 0.0045 eff 0.1687 outinratio 0.08 

WplusH126_4e_TBjmax_genbin1_recobin1 acc 0.005 eff 0.0688 outinratio 0.0 

ZH126_4e_TBjmax_genbin1_recobin1 acc 0.005 eff -1.0 outinratio 0.0 

ttH126_4e_TBjmax_genbin1_recobin1 acc 1e-04 eff -1.0 outinratio 0.0 

ggH126_4e_TBjmax_genbin2_recobin1 acc 0.0165 eff 0.0356 outinratio 0.025 

VBFH126_4e_TBjmax_genbin2_recobin1 acc 0.0646 eff 0.0271 outinratio 0.0236 

WminusH126_4e_TBjmax_genbin2_recobin1 acc 0.0072 eff 0.0627 outinratio 0.08 

WplusH126_4e_TBjmax_genbin2_recobin1 acc 0.0089 eff 0.0 outinratio 0.0 

ZH126_4e_TBjmax_genbin2_recobin1 acc 0.0068 eff 0.0 outinratio 0.0 

ttH126_4e_TBjmax_genbin2_recobin1 acc 0.0006 eff 0.1775 outinratio 0.0 

ggH126_4e_TBjmax_genbin3_recobin1 acc 0.0251 eff 0.0 outinratio 0.025 

VBFH126_4e_TBjmax_genbin3_recobin1 acc 0.0879 eff 0.0094 outinratio 0.0236 

WminusH126_4e_TBjmax_genbin3_recobin1 acc 0.0224 eff 0.0 outinratio 0.08 

WplusH126_4e_TBjmax_genbin3_recobin1 acc 0.0174 eff 0.0891 outinratio 0.0 

ZH126_4e_TBjmax_genbin3_recobin1 acc 0.0124 eff 0.0 outinratio 0.0 

ttH126_4e_TBjmax_genbin3_recobin1 acc 0.0036 eff 0.0 outinratio 0.0 

ggH126_4e_TBjmax_genbin4_recobin1 acc 0.0267 eff 0.0 outinratio 0.025 

VBFH126_4e_TBjmax_genbin4_recobin1 acc 0.0556 eff 0.0057 outinratio 0.0236 

WminusH126_4e_TBjmax_genbin4_recobin1 acc 0.0375 eff 0.0047 outinratio 0.08 

WplusH126_4e_TBjmax_genbin4_recobin1 acc 0.0368 eff 0.0074 outinratio 0.0 

ZH126_4e_TBjmax_genbin4_recobin1 acc 0.0187 eff 0.0 outinratio 0.0 

ttH126_4e_TBjmax_genbin4_recobin1 acc 0.0083 eff 0.0 outinratio 0.0 

ggH126_4e_TBjmax_genbin5_recobin1 acc 0.0325 eff 0.0 outinratio 0.025 

VBFH126_4e_TBjmax_genbin5_recobin1 acc 0.0614 eff 0.0008 outinratio 0.0236 

WminusH126_4e_TBjmax_genbin5_recobin1 acc 0.0787 eff 0.0 outinratio 0.08 

WplusH126_4e_TBjmax_genbin5_recobin1 acc 0.07 eff 0.0 outinratio 0.0 

ZH126_4e_TBjmax_genbin5_recobin1 acc 0.0828 eff 0.0043 outinratio 0.0 

ttH126_4e_TBjmax_genbin5_recobin1 acc 0.0499 eff 0.0 outinratio 0.0 

ggH126_4e_TBjmax_genbin6_recobin1 acc 0.0304 eff 0.0 outinratio 0.025 

VBFH126_4e_TBjmax_genbin6_recobin1 acc 0.0571 eff 0.0033 outinratio 0.0236 

WminusH126_4e_TBjmax_genbin6_recobin1 acc 0.1131 eff 0.001 outinratio 0.08 

WplusH126_4e_TBjmax_genbin6_recobin1 acc 0.0963 eff 0.0 outinratio 0.0 

ZH126_4e_TBjmax_genbin6_recobin1 acc 0.122 eff 0.0 outinratio 0.0 

ttH126_4e_TBjmax_genbin6_recobin1 acc 0.246 eff 0.0 outinratio 0.0 

ggH126_4e_TBjmax_genbin0_recobin2 acc 0.2518 eff 0.0066 outinratio 0.0704 

VBFH126_4e_TBjmax_genbin0_recobin2 acc 0.0355 eff 0.027 outinratio 0.0269 

WminusH126_4e_TBjmax_genbin0_recobin2 acc 0.0843 eff 0.0024 outinratio 0.3027 

WplusH126_4e_TBjmax_genbin0_recobin2 acc 0.0592 eff 0.0078 outinratio 0.2898 

ZH126_4e_TBjmax_genbin0_recobin2 acc 0.0722 eff 0.0 outinratio 0.0 

ttH126_4e_TBjmax_genbin0_recobin2 acc 0.0006 eff 0.0576 outinratio 0.1374 

ggH126_4e_TBjmax_genbin1_recobin2 acc 0.0194 eff 0.0159 outinratio 0.0704 

VBFH126_4e_TBjmax_genbin1_recobin2 acc 0.0753 eff 0.0402 outinratio 0.0269 

WminusH126_4e_TBjmax_genbin1_recobin2 acc 0.0045 eff 0.0114 outinratio 0.3027 

WplusH126_4e_TBjmax_genbin1_recobin2 acc 0.005 eff 0.0 outinratio 0.2898 

ZH126_4e_TBjmax_genbin1_recobin2 acc 0.005 eff -1.0 outinratio 0.0 

ttH126_4e_TBjmax_genbin1_recobin2 acc 1e-04 eff -1.0 outinratio 0.1374 

ggH126_4e_TBjmax_genbin2_recobin2 acc 0.0165 eff 0.2668 outinratio 0.0704 

VBFH126_4e_TBjmax_genbin2_recobin2 acc 0.0646 eff 0.2432 outinratio 0.0269 

WminusH126_4e_TBjmax_genbin2_recobin2 acc 0.0072 eff 0.0396 outinratio 0.3027 

WplusH126_4e_TBjmax_genbin2_recobin2 acc 0.0089 eff 0.29 outinratio 0.2898 

ZH126_4e_TBjmax_genbin2_recobin2 acc 0.0068 eff 0.364 outinratio 0.0 

ttH126_4e_TBjmax_genbin2_recobin2 acc 0.0006 eff 0.0 outinratio 0.1374 

ggH126_4e_TBjmax_genbin3_recobin2 acc 0.0251 eff 0.0284 outinratio 0.0704 

VBFH126_4e_TBjmax_genbin3_recobin2 acc 0.0879 eff 0.0279 outinratio 0.0269 

WminusH126_4e_TBjmax_genbin3_recobin2 acc 0.0224 eff 0.0235 outinratio 0.3027 

WplusH126_4e_TBjmax_genbin3_recobin2 acc 0.0174 eff 0.0 outinratio 0.2898 

ZH126_4e_TBjmax_genbin3_recobin2 acc 0.0124 eff 0.0 outinratio 0.0 

ttH126_4e_TBjmax_genbin3_recobin2 acc 0.0036 eff 0.0197 outinratio 0.1374 

ggH126_4e_TBjmax_genbin4_recobin2 acc 0.0267 eff 0.0018 outinratio 0.0704 

VBFH126_4e_TBjmax_genbin4_recobin2 acc 0.0556 eff 0.001 outinratio 0.0269 

WminusH126_4e_TBjmax_genbin4_recobin2 acc 0.0375 eff 0.0 outinratio 0.3027 

WplusH126_4e_TBjmax_genbin4_recobin2 acc 0.0368 eff 0.002 outinratio 0.2898 

ZH126_4e_TBjmax_genbin4_recobin2 acc 0.0187 eff 0.0 outinratio 0.0 

ttH126_4e_TBjmax_genbin4_recobin2 acc 0.0083 eff 0.0 outinratio 0.1374 

ggH126_4e_TBjmax_genbin5_recobin2 acc 0.0325 eff 0.0 outinratio 0.0704 

VBFH126_4e_TBjmax_genbin5_recobin2 acc 0.0614 eff 0.0025 outinratio 0.0269 

WminusH126_4e_TBjmax_genbin5_recobin2 acc 0.0787 eff 0.0 outinratio 0.3027 

WplusH126_4e_TBjmax_genbin5_recobin2 acc 0.07 eff 0.0022 outinratio 0.2898 

ZH126_4e_TBjmax_genbin5_recobin2 acc 0.0828 eff 0.0 outinratio 0.0 

ttH126_4e_TBjmax_genbin5_recobin2 acc 0.0499 eff 0.0005 outinratio 0.1374 

ggH126_4e_TBjmax_genbin6_recobin2 acc 0.0304 eff 0.0 outinratio 0.0704 

VBFH126_4e_TBjmax_genbin6_recobin2 acc 0.0571 eff 0.0 outinratio 0.0269 

WminusH126_4e_TBjmax_genbin6_recobin2 acc 0.1131 eff 0.0 outinratio 0.3027 

WplusH126_4e_TBjmax_genbin6_recobin2 acc 0.0963 eff 0.0 outinratio 0.2898 

ZH126_4e_TBjmax_genbin6_recobin2 acc 0.122 eff 0.0 outinratio 0.0 

ttH126_4e_TBjmax_genbin6_recobin2 acc 0.246 eff 0.0 outinratio 0.1374 

ggH126_4e_TBjmax_genbin0_recobin3 acc 0.2518 eff 0.0081 outinratio 0.077 

VBFH126_4e_TBjmax_genbin0_recobin3 acc 0.0355 eff 0.021 outinratio 0.0307 

WminusH126_4e_TBjmax_genbin0_recobin3 acc 0.0843 eff 0.022 outinratio 0.0299 

WplusH126_4e_TBjmax_genbin0_recobin3 acc 0.0592 eff 0.0219 outinratio 0.0468 

ZH126_4e_TBjmax_genbin0_recobin3 acc 0.0722 eff 0.0013 outinratio 0.2514 

ttH126_4e_TBjmax_genbin0_recobin3 acc 0.0006 eff 0.0 outinratio 0.3659 

ggH126_4e_TBjmax_genbin1_recobin3 acc 0.0194 eff 0.004 outinratio 0.077 

VBFH126_4e_TBjmax_genbin1_recobin3 acc 0.0753 eff 0.0084 outinratio 0.0307 

WminusH126_4e_TBjmax_genbin1_recobin3 acc 0.0045 eff 0.0266 outinratio 0.0299 

WplusH126_4e_TBjmax_genbin1_recobin3 acc 0.005 eff 0.0 outinratio 0.0468 

ZH126_4e_TBjmax_genbin1_recobin3 acc 0.005 eff -1.0 outinratio 0.2514 

ttH126_4e_TBjmax_genbin1_recobin3 acc 1e-04 eff -1.0 outinratio 0.3659 

ggH126_4e_TBjmax_genbin2_recobin3 acc 0.0165 eff 0.0211 outinratio 0.077 

VBFH126_4e_TBjmax_genbin2_recobin3 acc 0.0646 eff 0.0599 outinratio 0.0307 

WminusH126_4e_TBjmax_genbin2_recobin3 acc 0.0072 eff 0.0 outinratio 0.0299 

WplusH126_4e_TBjmax_genbin2_recobin3 acc 0.0089 eff 0.0814 outinratio 0.0468 

ZH126_4e_TBjmax_genbin2_recobin3 acc 0.0068 eff 0.0 outinratio 0.2514 

ttH126_4e_TBjmax_genbin2_recobin3 acc 0.0006 eff 0.0984 outinratio 0.3659 

ggH126_4e_TBjmax_genbin3_recobin3 acc 0.0251 eff 0.1784 outinratio 0.077 

VBFH126_4e_TBjmax_genbin3_recobin3 acc 0.0879 eff 0.2559 outinratio 0.0307 

WminusH126_4e_TBjmax_genbin3_recobin3 acc 0.0224 eff 0.1583 outinratio 0.0299 

WplusH126_4e_TBjmax_genbin3_recobin3 acc 0.0174 eff 0.2849 outinratio 0.0468 

ZH126_4e_TBjmax_genbin3_recobin3 acc 0.0124 eff 0.2162 outinratio 0.2514 

ttH126_4e_TBjmax_genbin3_recobin3 acc 0.0036 eff 0.1301 outinratio 0.3659 

ggH126_4e_TBjmax_genbin4_recobin3 acc 0.0267 eff 0.0995 outinratio 0.077 

VBFH126_4e_TBjmax_genbin4_recobin3 acc 0.0556 eff 0.0302 outinratio 0.0307 

WminusH126_4e_TBjmax_genbin4_recobin3 acc 0.0375 eff 0.0318 outinratio 0.0299 

WplusH126_4e_TBjmax_genbin4_recobin3 acc 0.0368 eff 0.0788 outinratio 0.0468 

ZH126_4e_TBjmax_genbin4_recobin3 acc 0.0187 eff 0.0175 outinratio 0.2514 

ttH126_4e_TBjmax_genbin4_recobin3 acc 0.0083 eff 0.0176 outinratio 0.3659 

ggH126_4e_TBjmax_genbin5_recobin3 acc 0.0325 eff 0.0127 outinratio 0.077 

VBFH126_4e_TBjmax_genbin5_recobin3 acc 0.0614 eff 0.0012 outinratio 0.0307 

WminusH126_4e_TBjmax_genbin5_recobin3 acc 0.0787 eff 0.007 outinratio 0.0299 

WplusH126_4e_TBjmax_genbin5_recobin3 acc 0.07 eff 0.0022 outinratio 0.0468 

ZH126_4e_TBjmax_genbin5_recobin3 acc 0.0828 eff 0.019 outinratio 0.2514 

ttH126_4e_TBjmax_genbin5_recobin3 acc 0.0499 eff 0.0012 outinratio 0.3659 

ggH126_4e_TBjmax_genbin6_recobin3 acc 0.0304 eff 0.0 outinratio 0.077 

VBFH126_4e_TBjmax_genbin6_recobin3 acc 0.0571 eff 0.0009 outinratio 0.0307 

WminusH126_4e_TBjmax_genbin6_recobin3 acc 0.1131 eff 0.0 outinratio 0.0299 

WplusH126_4e_TBjmax_genbin6_recobin3 acc 0.0963 eff 0.0 outinratio 0.0468 

ZH126_4e_TBjmax_genbin6_recobin3 acc 0.122 eff 0.0068 outinratio 0.2514 

ttH126_4e_TBjmax_genbin6_recobin3 acc 0.246 eff 0.0 outinratio 0.3659 

ggH126_4e_TBjmax_genbin0_recobin4 acc 0.2518 eff 0.0085 outinratio 0.0976 

VBFH126_4e_TBjmax_genbin0_recobin4 acc 0.0355 eff 0.0107 outinratio 0.0112 

WminusH126_4e_TBjmax_genbin0_recobin4 acc 0.0843 eff 0.0063 outinratio 0.0171 

WplusH126_4e_TBjmax_genbin0_recobin4 acc 0.0592 eff 0.0066 outinratio 0.1069 

ZH126_4e_TBjmax_genbin0_recobin4 acc 0.0722 eff 0.0 outinratio 0.0204 

ttH126_4e_TBjmax_genbin0_recobin4 acc 0.0006 eff 0.0588 outinratio 0.0265 

ggH126_4e_TBjmax_genbin1_recobin4 acc 0.0194 eff 0.0257 outinratio 0.0976 

VBFH126_4e_TBjmax_genbin1_recobin4 acc 0.0753 eff 0.0055 outinratio 0.0112 

WminusH126_4e_TBjmax_genbin1_recobin4 acc 0.0045 eff 0.0 outinratio 0.0171 

WplusH126_4e_TBjmax_genbin1_recobin4 acc 0.005 eff 0.0 outinratio 0.1069 

ZH126_4e_TBjmax_genbin1_recobin4 acc 0.005 eff -1.0 outinratio 0.0204 

ttH126_4e_TBjmax_genbin1_recobin4 acc 1e-04 eff -1.0 outinratio 0.0265 

ggH126_4e_TBjmax_genbin2_recobin4 acc 0.0165 eff 0.0 outinratio 0.0976 

VBFH126_4e_TBjmax_genbin2_recobin4 acc 0.0646 eff 0.0011 outinratio 0.0112 

WminusH126_4e_TBjmax_genbin2_recobin4 acc 0.0072 eff 0.0325 outinratio 0.0171 

WplusH126_4e_TBjmax_genbin2_recobin4 acc 0.0089 eff 0.0692 outinratio 0.1069 

ZH126_4e_TBjmax_genbin2_recobin4 acc 0.0068 eff 0.0 outinratio 0.0204 

ttH126_4e_TBjmax_genbin2_recobin4 acc 0.0006 eff 0.0 outinratio 0.0265 

ggH126_4e_TBjmax_genbin3_recobin4 acc 0.0251 eff 0.0829 outinratio 0.0976 

VBFH126_4e_TBjmax_genbin3_recobin4 acc 0.0879 eff 0.0467 outinratio 0.0112 

WminusH126_4e_TBjmax_genbin3_recobin4 acc 0.0224 eff 0.0296 outinratio 0.0171 

WplusH126_4e_TBjmax_genbin3_recobin4 acc 0.0174 eff 0.1306 outinratio 0.1069 

ZH126_4e_TBjmax_genbin3_recobin4 acc 0.0124 eff 0.029 outinratio 0.0204 

ttH126_4e_TBjmax_genbin3_recobin4 acc 0.0036 eff 0.0607 outinratio 0.0265 

ggH126_4e_TBjmax_genbin4_recobin4 acc 0.0267 eff 0.2073 outinratio 0.0976 

VBFH126_4e_TBjmax_genbin4_recobin4 acc 0.0556 eff 0.2412 outinratio 0.0112 

WminusH126_4e_TBjmax_genbin4_recobin4 acc 0.0375 eff 0.2133 outinratio 0.0171 

WplusH126_4e_TBjmax_genbin4_recobin4 acc 0.0368 eff 0.2076 outinratio 0.1069 

ZH126_4e_TBjmax_genbin4_recobin4 acc 0.0187 eff 0.2691 outinratio 0.0204 

ttH126_4e_TBjmax_genbin4_recobin4 acc 0.0083 eff 0.1985 outinratio 0.0265 

ggH126_4e_TBjmax_genbin5_recobin4 acc 0.0325 eff 0.0635 outinratio 0.0976 

VBFH126_4e_TBjmax_genbin5_recobin4 acc 0.0614 eff 0.0283 outinratio 0.0112 

WminusH126_4e_TBjmax_genbin5_recobin4 acc 0.0787 eff 0.0123 outinratio 0.0171 

WplusH126_4e_TBjmax_genbin5_recobin4 acc 0.07 eff 0.0247 outinratio 0.1069 

ZH126_4e_TBjmax_genbin5_recobin4 acc 0.0828 eff 0.0238 outinratio 0.0204 

ttH126_4e_TBjmax_genbin5_recobin4 acc 0.0499 eff 0.0148 outinratio 0.0265 

ggH126_4e_TBjmax_genbin6_recobin4 acc 0.0304 eff 0.0 outinratio 0.0976 

VBFH126_4e_TBjmax_genbin6_recobin4 acc 0.0571 eff 0.0 outinratio 0.0112 

WminusH126_4e_TBjmax_genbin6_recobin4 acc 0.1131 eff 0.0 outinratio 0.0171 

WplusH126_4e_TBjmax_genbin6_recobin4 acc 0.0963 eff 0.0 outinratio 0.1069 

ZH126_4e_TBjmax_genbin6_recobin4 acc 0.122 eff 0.0 outinratio 0.0204 

ttH126_4e_TBjmax_genbin6_recobin4 acc 0.246 eff 0.0005 outinratio 0.0265 

ggH126_4e_TBjmax_genbin0_recobin5 acc 0.2518 eff 0.0033 outinratio 0.0206 

VBFH126_4e_TBjmax_genbin0_recobin5 acc 0.0355 eff 0.0047 outinratio 0.0398 

WminusH126_4e_TBjmax_genbin0_recobin5 acc 0.0843 eff 0.027 outinratio 0.0403 

WplusH126_4e_TBjmax_genbin0_recobin5 acc 0.0592 eff 0.0243 outinratio 0.104 

ZH126_4e_TBjmax_genbin0_recobin5 acc 0.0722 eff 0.0082 outinratio 0.1036 

ttH126_4e_TBjmax_genbin0_recobin5 acc 0.0006 eff 0.0787 outinratio 0.113 

ggH126_4e_TBjmax_genbin1_recobin5 acc 0.0194 eff 0.0096 outinratio 0.0206 

VBFH126_4e_TBjmax_genbin1_recobin5 acc 0.0753 eff 0.0029 outinratio 0.0398 

WminusH126_4e_TBjmax_genbin1_recobin5 acc 0.0045 eff 0.0248 outinratio 0.0403 

WplusH126_4e_TBjmax_genbin1_recobin5 acc 0.005 eff 0.0 outinratio 0.104 

ZH126_4e_TBjmax_genbin1_recobin5 acc 0.005 eff -1.0 outinratio 0.1036 

ttH126_4e_TBjmax_genbin1_recobin5 acc 1e-04 eff -1.0 outinratio 0.113 

ggH126_4e_TBjmax_genbin2_recobin5 acc 0.0165 eff 0.0048 outinratio 0.0206 

VBFH126_4e_TBjmax_genbin2_recobin5 acc 0.0646 eff 0.0 outinratio 0.0398 

WminusH126_4e_TBjmax_genbin2_recobin5 acc 0.0072 eff 0.0 outinratio 0.0403 

WplusH126_4e_TBjmax_genbin2_recobin5 acc 0.0089 eff 0.0 outinratio 0.104 

ZH126_4e_TBjmax_genbin2_recobin5 acc 0.0068 eff 0.0 outinratio 0.1036 

ttH126_4e_TBjmax_genbin2_recobin5 acc 0.0006 eff 0.2686 outinratio 0.113 

ggH126_4e_TBjmax_genbin3_recobin5 acc 0.0251 eff 0.003 outinratio 0.0206 

VBFH126_4e_TBjmax_genbin3_recobin5 acc 0.0879 eff 0.002 outinratio 0.0398 

WminusH126_4e_TBjmax_genbin3_recobin5 acc 0.0224 eff 0.0087 outinratio 0.0403 

WplusH126_4e_TBjmax_genbin3_recobin5 acc 0.0174 eff -0.0179 outinratio 0.104 

ZH126_4e_TBjmax_genbin3_recobin5 acc 0.0124 eff 0.0 outinratio 0.1036 

ttH126_4e_TBjmax_genbin3_recobin5 acc 0.0036 eff 0.0246 outinratio 0.113 

ggH126_4e_TBjmax_genbin4_recobin5 acc 0.0267 eff 0.0883 outinratio 0.0206 

VBFH126_4e_TBjmax_genbin4_recobin5 acc 0.0556 eff 0.0687 outinratio 0.0398 

WminusH126_4e_TBjmax_genbin4_recobin5 acc 0.0375 eff 0.0862 outinratio 0.0403 

WplusH126_4e_TBjmax_genbin4_recobin5 acc 0.0368 eff 0.0773 outinratio 0.104 

ZH126_4e_TBjmax_genbin4_recobin5 acc 0.0187 eff 0.0366 outinratio 0.1036 

ttH126_4e_TBjmax_genbin4_recobin5 acc 0.0083 eff 0.1061 outinratio 0.113 

ggH126_4e_TBjmax_genbin5_recobin5 acc 0.0325 eff 0.2166 outinratio 0.0206 

VBFH126_4e_TBjmax_genbin5_recobin5 acc 0.0614 eff 0.3047 outinratio 0.0398 

WminusH126_4e_TBjmax_genbin5_recobin5 acc 0.0787 eff 0.2565 outinratio 0.0403 

WplusH126_4e_TBjmax_genbin5_recobin5 acc 0.07 eff 0.2237 outinratio 0.104 

ZH126_4e_TBjmax_genbin5_recobin5 acc 0.0828 eff 0.2387 outinratio 0.1036 

ttH126_4e_TBjmax_genbin5_recobin5 acc 0.0499 eff 0.2402 outinratio 0.113 

ggH126_4e_TBjmax_genbin6_recobin5 acc 0.0304 eff 0.0397 outinratio 0.0206 

VBFH126_4e_TBjmax_genbin6_recobin5 acc 0.0571 eff 0.0309 outinratio 0.0398 

WminusH126_4e_TBjmax_genbin6_recobin5 acc 0.1131 eff 0.0318 outinratio 0.0403 

WplusH126_4e_TBjmax_genbin6_recobin5 acc 0.0963 eff 0.0166 outinratio 0.104 

ZH126_4e_TBjmax_genbin6_recobin5 acc 0.122 eff 0.0323 outinratio 0.1036 

ttH126_4e_TBjmax_genbin6_recobin5 acc 0.246 eff 0.0124 outinratio 0.113 

ggH126_4e_TBjmax_genbin0_recobin6 acc 0.2518 eff 0.0 outinratio 0.0492 

VBFH126_4e_TBjmax_genbin0_recobin6 acc 0.0355 eff 0.0024 outinratio 0.0349 

WminusH126_4e_TBjmax_genbin0_recobin6 acc 0.0843 eff 0.0169 outinratio 0.0914 

WplusH126_4e_TBjmax_genbin0_recobin6 acc 0.0592 eff 0.0182 outinratio 0.0702 

ZH126_4e_TBjmax_genbin0_recobin6 acc 0.0722 eff 0.0128 outinratio 0.0544 

ttH126_4e_TBjmax_genbin0_recobin6 acc 0.0006 eff 0.0597 outinratio 0.225 

ggH126_4e_TBjmax_genbin1_recobin6 acc 0.0194 eff 0.0 outinratio 0.0492 

VBFH126_4e_TBjmax_genbin1_recobin6 acc 0.0753 eff 0.0014 outinratio 0.0349 

WminusH126_4e_TBjmax_genbin1_recobin6 acc 0.0045 eff 0.1032 outinratio 0.0914 

WplusH126_4e_TBjmax_genbin1_recobin6 acc 0.005 eff 0.0343 outinratio 0.0702 

ZH126_4e_TBjmax_genbin1_recobin6 acc 0.005 eff -1.0 outinratio 0.0544 

ttH126_4e_TBjmax_genbin1_recobin6 acc 1e-04 eff -1.0 outinratio 0.225 

ggH126_4e_TBjmax_genbin2_recobin6 acc 0.0165 eff 0.0 outinratio 0.0492 

VBFH126_4e_TBjmax_genbin2_recobin6 acc 0.0646 eff 0.0003 outinratio 0.0349 

WminusH126_4e_TBjmax_genbin2_recobin6 acc 0.0072 eff 0.0 outinratio 0.0914 

WplusH126_4e_TBjmax_genbin2_recobin6 acc 0.0089 eff 0.0 outinratio 0.0702 

ZH126_4e_TBjmax_genbin2_recobin6 acc 0.0068 eff 0.0665 outinratio 0.0544 

ttH126_4e_TBjmax_genbin2_recobin6 acc 0.0006 eff 0.0 outinratio 0.225 

ggH126_4e_TBjmax_genbin3_recobin6 acc 0.0251 eff 0.0025 outinratio 0.0492 

VBFH126_4e_TBjmax_genbin3_recobin6 acc 0.0879 eff 0.0005 outinratio 0.0349 

WminusH126_4e_TBjmax_genbin3_recobin6 acc 0.0224 eff 0.0136 outinratio 0.0914 

WplusH126_4e_TBjmax_genbin3_recobin6 acc 0.0174 eff 0.0 outinratio 0.0702 

ZH126_4e_TBjmax_genbin3_recobin6 acc 0.0124 eff 0.0 outinratio 0.0544 

ttH126_4e_TBjmax_genbin3_recobin6 acc 0.0036 eff 0.1063 outinratio 0.225 

ggH126_4e_TBjmax_genbin4_recobin6 acc 0.0267 eff 0.0 outinratio 0.0492 

VBFH126_4e_TBjmax_genbin4_recobin6 acc 0.0556 eff 0.0 outinratio 0.0349 

WminusH126_4e_TBjmax_genbin4_recobin6 acc 0.0375 eff 0.0109 outinratio 0.0914 

WplusH126_4e_TBjmax_genbin4_recobin6 acc 0.0368 eff 0.0053 outinratio 0.0702 

ZH126_4e_TBjmax_genbin4_recobin6 acc 0.0187 eff 0.0 outinratio 0.0544 

ttH126_4e_TBjmax_genbin4_recobin6 acc 0.0083 eff 0.0148 outinratio 0.225 

ggH126_4e_TBjmax_genbin5_recobin6 acc 0.0325 eff 0.0186 outinratio 0.0492 

VBFH126_4e_TBjmax_genbin5_recobin6 acc 0.0614 eff 0.029 outinratio 0.0349 

WminusH126_4e_TBjmax_genbin5_recobin6 acc 0.0787 eff 0.0477 outinratio 0.0914 

WplusH126_4e_TBjmax_genbin5_recobin6 acc 0.07 eff 0.0517 outinratio 0.0702 

ZH126_4e_TBjmax_genbin5_recobin6 acc 0.0828 eff 0.0539 outinratio 0.0544 

ttH126_4e_TBjmax_genbin5_recobin6 acc 0.0499 eff 0.0842 outinratio 0.225 

ggH126_4e_TBjmax_genbin6_recobin6 acc 0.0304 eff 0.3573 outinratio 0.0492 

VBFH126_4e_TBjmax_genbin6_recobin6 acc 0.0571 eff 0.3126 outinratio 0.0349 

WminusH126_4e_TBjmax_genbin6_recobin6 acc 0.1131 eff 0.3214 outinratio 0.0914 

WplusH126_4e_TBjmax_genbin6_recobin6 acc 0.0963 eff 0.3292 outinratio 0.0702 

ZH126_4e_TBjmax_genbin6_recobin6 acc 0.122 eff 0.343 outinratio 0.0544 

ttH126_4e_TBjmax_genbin6_recobin6 acc 0.246 eff 0.3309 outinratio 0.225 

ggH126_4mu_TBjmax_genbin0_recobin0 acc 0.2663 eff 0.6669 outinratio 0.0436 

VBFH126_4mu_TBjmax_genbin0_recobin0 acc 0.041 eff 0.5273 outinratio 0.0149 

WminusH126_4mu_TBjmax_genbin0_recobin0 acc 0.0872 eff 0.5391 outinratio 0.0639 

WplusH126_4mu_TBjmax_genbin0_recobin0 acc 0.0788 eff 0.52 outinratio 0.0564 

ZH126_4mu_TBjmax_genbin0_recobin0 acc 0.0724 eff 0.6215 outinratio 0.0721 

ttH126_4mu_TBjmax_genbin0_recobin0 acc 0.0004 eff -1.0 outinratio 0.6739 

ggH126_4mu_TBjmax_genbin1_recobin0 acc 0.0259 eff 0.1026 outinratio 0.0436 

VBFH126_4mu_TBjmax_genbin1_recobin0 acc 0.083 eff 0.0764 outinratio 0.0149 

WminusH126_4mu_TBjmax_genbin1_recobin0 acc 0.0044 eff 0.2518 outinratio 0.0639 

WplusH126_4mu_TBjmax_genbin1_recobin0 acc 0.0039 eff 0.0521 outinratio 0.0564 

ZH126_4mu_TBjmax_genbin1_recobin0 acc 0.003 eff -1.0 outinratio 0.0721 

ttH126_4mu_TBjmax_genbin1_recobin0 acc 0.0003 eff -1.0 outinratio 0.6739 

ggH126_4mu_TBjmax_genbin2_recobin0 acc 0.0179 eff 0.1011 outinratio 0.0436 

VBFH126_4mu_TBjmax_genbin2_recobin0 acc 0.0735 eff 0.0379 outinratio 0.0149 

WminusH126_4mu_TBjmax_genbin2_recobin0 acc 0.0089 eff 0.0556 outinratio 0.0639 

WplusH126_4mu_TBjmax_genbin2_recobin0 acc 0.0047 eff 0.1403 outinratio 0.0564 

ZH126_4mu_TBjmax_genbin2_recobin0 acc 0.0089 eff 0.0366 outinratio 0.0721 

ttH126_4mu_TBjmax_genbin2_recobin0 acc 0.0006 eff 0.0 outinratio 0.6739 

ggH126_4mu_TBjmax_genbin3_recobin0 acc 0.0251 eff 0.0838 outinratio 0.0436 

VBFH126_4mu_TBjmax_genbin3_recobin0 acc 0.0904 eff 0.0216 outinratio 0.0149 

WminusH126_4mu_TBjmax_genbin3_recobin0 acc 0.0234 eff 0.0471 outinratio 0.0639 

WplusH126_4mu_TBjmax_genbin3_recobin0 acc 0.0203 eff 0.0416 outinratio 0.0564 

ZH126_4mu_TBjmax_genbin3_recobin0 acc 0.0232 eff 0.196 outinratio 0.0721 

ttH126_4mu_TBjmax_genbin3_recobin0 acc 0.0041 eff 0.0245 outinratio 0.6739 

ggH126_4mu_TBjmax_genbin4_recobin0 acc 0.0211 eff 0.0508 outinratio 0.0436 

VBFH126_4mu_TBjmax_genbin4_recobin0 acc 0.0599 eff 0.0186 outinratio 0.0149 

WminusH126_4mu_TBjmax_genbin4_recobin0 acc 0.0392 eff 0.0548 outinratio 0.0639 

WplusH126_4mu_TBjmax_genbin4_recobin0 acc 0.0326 eff 0.0618 outinratio 0.0564 

ZH126_4mu_TBjmax_genbin4_recobin0 acc 0.0285 eff 0.0402 outinratio 0.0721 

ttH126_4mu_TBjmax_genbin4_recobin0 acc 0.0092 eff 0.0051 outinratio 0.6739 

ggH126_4mu_TBjmax_genbin5_recobin0 acc 0.0368 eff 0.0917 outinratio 0.0436 

VBFH126_4mu_TBjmax_genbin5_recobin0 acc 0.0677 eff 0.006 outinratio 0.0149 

WminusH126_4mu_TBjmax_genbin5_recobin0 acc 0.0926 eff 0.0225 outinratio 0.0639 

WplusH126_4mu_TBjmax_genbin5_recobin0 acc 0.0743 eff 0.0221 outinratio 0.0564 

ZH126_4mu_TBjmax_genbin5_recobin0 acc 0.0956 eff 0.0152 outinratio 0.0721 

ttH126_4mu_TBjmax_genbin5_recobin0 acc 0.0539 eff 0.0008 outinratio 0.6739 

ggH126_4mu_TBjmax_genbin6_recobin0 acc 0.0277 eff 0.0 outinratio 0.0436 

VBFH126_4mu_TBjmax_genbin6_recobin0 acc 0.0641 eff 0.0036 outinratio 0.0149 

WminusH126_4mu_TBjmax_genbin6_recobin0 acc 0.1171 eff 0.0006 outinratio 0.0639 

WplusH126_4mu_TBjmax_genbin6_recobin0 acc 0.1102 eff 0.0035 outinratio 0.0564 

ZH126_4mu_TBjmax_genbin6_recobin0 acc 0.1443 eff 0.0035 outinratio 0.0721 

ttH126_4mu_TBjmax_genbin6_recobin0 acc 0.2736 eff 0.0 outinratio 0.6739 

ggH126_4mu_TBjmax_genbin0_recobin1 acc 0.2663 eff 0.0454 outinratio 0.0597 

VBFH126_4mu_TBjmax_genbin0_recobin1 acc 0.041 eff 0.1748 outinratio 0.0203 

WminusH126_4mu_TBjmax_genbin0_recobin1 acc 0.0872 eff 0.0263 outinratio 0.1466 

WplusH126_4mu_TBjmax_genbin0_recobin1 acc 0.0788 eff 0.0421 outinratio 0.0587 

ZH126_4mu_TBjmax_genbin0_recobin1 acc 0.0724 eff 0.0155 outinratio 0.125 

ttH126_4mu_TBjmax_genbin0_recobin1 acc 0.0004 eff -1.0 outinratio 0.0 

ggH126_4mu_TBjmax_genbin1_recobin1 acc 0.0259 eff 0.5353 outinratio 0.0597 

VBFH126_4mu_TBjmax_genbin1_recobin1 acc 0.083 eff 0.5792 outinratio 0.0203 

WminusH126_4mu_TBjmax_genbin1_recobin1 acc 0.0044 eff 0.4171 outinratio 0.1466 

WplusH126_4mu_TBjmax_genbin1_recobin1 acc 0.0039 eff 0.2745 outinratio 0.0587 

ZH126_4mu_TBjmax_genbin1_recobin1 acc 0.003 eff -1.0 outinratio 0.125 

ttH126_4mu_TBjmax_genbin1_recobin1 acc 0.0003 eff -1.0 outinratio 0.0 

ggH126_4mu_TBjmax_genbin2_recobin1 acc 0.0179 eff 0.0353 outinratio 0.0597 

VBFH126_4mu_TBjmax_genbin2_recobin1 acc 0.0735 eff 0.0696 outinratio 0.0203 

WminusH126_4mu_TBjmax_genbin2_recobin1 acc 0.0089 eff 0.0205 outinratio 0.1466 

WplusH126_4mu_TBjmax_genbin2_recobin1 acc 0.0047 eff 0.0 outinratio 0.0587 

ZH126_4mu_TBjmax_genbin2_recobin1 acc 0.0089 eff 0.1604 outinratio 0.125 

ttH126_4mu_TBjmax_genbin2_recobin1 acc 0.0006 eff 0.0 outinratio 0.0 

ggH126_4mu_TBjmax_genbin3_recobin1 acc 0.0251 eff 0.0 outinratio 0.0597 

VBFH126_4mu_TBjmax_genbin3_recobin1 acc 0.0904 eff 0.0186 outinratio 0.0203 

WminusH126_4mu_TBjmax_genbin3_recobin1 acc 0.0234 eff 0.0154 outinratio 0.1466 

WplusH126_4mu_TBjmax_genbin3_recobin1 acc 0.0203 eff 0.0 outinratio 0.0587 

ZH126_4mu_TBjmax_genbin3_recobin1 acc 0.0232 eff 0.0 outinratio 0.125 

ttH126_4mu_TBjmax_genbin3_recobin1 acc 0.0041 eff 0.0 outinratio 0.0 

ggH126_4mu_TBjmax_genbin4_recobin1 acc 0.0211 eff 0.0 outinratio 0.0597 

VBFH126_4mu_TBjmax_genbin4_recobin1 acc 0.0599 eff 0.0131 outinratio 0.0203 

WminusH126_4mu_TBjmax_genbin4_recobin1 acc 0.0392 eff 0.0062 outinratio 0.1466 

WplusH126_4mu_TBjmax_genbin4_recobin1 acc 0.0326 eff 0.0061 outinratio 0.0587 

ZH126_4mu_TBjmax_genbin4_recobin1 acc 0.0285 eff 0.0 outinratio 0.125 

ttH126_4mu_TBjmax_genbin4_recobin1 acc 0.0092 eff 0.0061 outinratio 0.0 

ggH126_4mu_TBjmax_genbin5_recobin1 acc 0.0368 eff 0.0156 outinratio 0.0597 

VBFH126_4mu_TBjmax_genbin5_recobin1 acc 0.0677 eff 0.0077 outinratio 0.0203 

WminusH126_4mu_TBjmax_genbin5_recobin1 acc 0.0926 eff 0.0014 outinratio 0.1466 

WplusH126_4mu_TBjmax_genbin5_recobin1 acc 0.0743 eff 0.0 outinratio 0.0587 

ZH126_4mu_TBjmax_genbin5_recobin1 acc 0.0956 eff 0.0 outinratio 0.125 

ttH126_4mu_TBjmax_genbin5_recobin1 acc 0.0539 eff 0.0008 outinratio 0.0 

ggH126_4mu_TBjmax_genbin6_recobin1 acc 0.0277 eff 0.0 outinratio 0.0597 

VBFH126_4mu_TBjmax_genbin6_recobin1 acc 0.0641 eff 0.0023 outinratio 0.0203 

WminusH126_4mu_TBjmax_genbin6_recobin1 acc 0.1171 eff 0.0 outinratio 0.1466 

WplusH126_4mu_TBjmax_genbin6_recobin1 acc 0.1102 eff 0.0 outinratio 0.0587 

ZH126_4mu_TBjmax_genbin6_recobin1 acc 0.1443 eff 0.0 outinratio 0.125 

ttH126_4mu_TBjmax_genbin6_recobin1 acc 0.2736 eff 0.0 outinratio 0.0 

ggH126_4mu_TBjmax_genbin0_recobin2 acc 0.2663 eff 0.0127 outinratio 0.0305 

VBFH126_4mu_TBjmax_genbin0_recobin2 acc 0.041 eff 0.045 outinratio 0.0213 

WminusH126_4mu_TBjmax_genbin0_recobin2 acc 0.0872 eff 0.0166 outinratio 0.1734 

WplusH126_4mu_TBjmax_genbin0_recobin2 acc 0.0788 eff 0.0165 outinratio 0.0795 

ZH126_4mu_TBjmax_genbin0_recobin2 acc 0.0724 eff 0.0226 outinratio 0.0 

ttH126_4mu_TBjmax_genbin0_recobin2 acc 0.0004 eff -1.0 outinratio 0.0 

ggH126_4mu_TBjmax_genbin1_recobin2 acc 0.0259 eff 0.0709 outinratio 0.0305 

VBFH126_4mu_TBjmax_genbin1_recobin2 acc 0.083 eff 0.0921 outinratio 0.0213 

WminusH126_4mu_TBjmax_genbin1_recobin2 acc 0.0044 eff 0.2235 outinratio 0.1734 

WplusH126_4mu_TBjmax_genbin1_recobin2 acc 0.0039 eff 0.2667 outinratio 0.0795 

ZH126_4mu_TBjmax_genbin1_recobin2 acc 0.003 eff -1.0 outinratio 0.0 

ttH126_4mu_TBjmax_genbin1_recobin2 acc 0.0003 eff -1.0 outinratio 0.0 

ggH126_4mu_TBjmax_genbin2_recobin2 acc 0.0179 eff 0.4753 outinratio 0.0305 

VBFH126_4mu_TBjmax_genbin2_recobin2 acc 0.0735 eff 0.5451 outinratio 0.0213 

WminusH126_4mu_TBjmax_genbin2_recobin2 acc 0.0089 eff 0.293 outinratio 0.1734 

WplusH126_4mu_TBjmax_genbin2_recobin2 acc 0.0047 eff 0.307 outinratio 0.0795 

ZH126_4mu_TBjmax_genbin2_recobin2 acc 0.0089 eff 0.3895 outinratio 0.0 

ttH126_4mu_TBjmax_genbin2_recobin2 acc 0.0006 eff 0.2415 outinratio 0.0 

ggH126_4mu_TBjmax_genbin3_recobin2 acc 0.0251 eff 0.0371 outinratio 0.0305 

VBFH126_4mu_TBjmax_genbin3_recobin2 acc 0.0904 eff 0.0649 outinratio 0.0213 

WminusH126_4mu_TBjmax_genbin3_recobin2 acc 0.0234 eff 0.0431 outinratio 0.1734 

WplusH126_4mu_TBjmax_genbin3_recobin2 acc 0.0203 eff 0.0488 outinratio 0.0795 

ZH126_4mu_TBjmax_genbin3_recobin2 acc 0.0232 eff 0.0177 outinratio 0.0 

ttH126_4mu_TBjmax_genbin3_recobin2 acc 0.0041 eff 0.0207 outinratio 0.0 

ggH126_4mu_TBjmax_genbin4_recobin2 acc 0.0211 eff 0.0123 outinratio 0.0305 

VBFH126_4mu_TBjmax_genbin4_recobin2 acc 0.0599 eff 0.016 outinratio 0.0213 

WminusH126_4mu_TBjmax_genbin4_recobin2 acc 0.0392 eff 0.0157 outinratio 0.1734 

WplusH126_4mu_TBjmax_genbin4_recobin2 acc 0.0326 eff 0.0128 outinratio 0.0795 

ZH126_4mu_TBjmax_genbin4_recobin2 acc 0.0285 eff 0.0 outinratio 0.0 

ttH126_4mu_TBjmax_genbin4_recobin2 acc 0.0092 eff 0.0017 outinratio 0.0 

ggH126_4mu_TBjmax_genbin5_recobin2 acc 0.0368 eff 0.0 outinratio 0.0305 

VBFH126_4mu_TBjmax_genbin5_recobin2 acc 0.0677 eff 0.0027 outinratio 0.0213 

WminusH126_4mu_TBjmax_genbin5_recobin2 acc 0.0926 eff 0.0 outinratio 0.1734 

WplusH126_4mu_TBjmax_genbin5_recobin2 acc 0.0743 eff 0.0 outinratio 0.0795 

ZH126_4mu_TBjmax_genbin5_recobin2 acc 0.0956 eff 0.0166 outinratio 0.0 

ttH126_4mu_TBjmax_genbin5_recobin2 acc 0.0539 eff 0.0006 outinratio 0.0 

ggH126_4mu_TBjmax_genbin6_recobin2 acc 0.0277 eff 0.0 outinratio 0.0305 

VBFH126_4mu_TBjmax_genbin6_recobin2 acc 0.0641 eff 0.0025 outinratio 0.0213 

WminusH126_4mu_TBjmax_genbin6_recobin2 acc 0.1171 eff 0.0 outinratio 0.1734 

WplusH126_4mu_TBjmax_genbin6_recobin2 acc 0.1102 eff 0.0 outinratio 0.0795 

ZH126_4mu_TBjmax_genbin6_recobin2 acc 0.1443 eff 0.0 outinratio 0.0 

ttH126_4mu_TBjmax_genbin6_recobin2 acc 0.2736 eff 0.0004 outinratio 0.0 

ggH126_4mu_TBjmax_genbin0_recobin3 acc 0.2663 eff 0.0261 outinratio 0.0296 

VBFH126_4mu_TBjmax_genbin0_recobin3 acc 0.041 eff 0.0279 outinratio 0.0257 

WminusH126_4mu_TBjmax_genbin0_recobin3 acc 0.0872 eff 0.0502 outinratio 0.0831 

WplusH126_4mu_TBjmax_genbin0_recobin3 acc 0.0788 eff 0.064 outinratio 0.1028 

ZH126_4mu_TBjmax_genbin0_recobin3 acc 0.0724 eff 0.0562 outinratio 0.1218 

ttH126_4mu_TBjmax_genbin0_recobin3 acc 0.0004 eff -1.0 outinratio 0.0374 

ggH126_4mu_TBjmax_genbin1_recobin3 acc 0.0259 eff 0.0243 outinratio 0.0296 

VBFH126_4mu_TBjmax_genbin1_recobin3 acc 0.083 eff 0.0179 outinratio 0.0257 

WminusH126_4mu_TBjmax_genbin1_recobin3 acc 0.0044 eff 0.0 outinratio 0.0831 

WplusH126_4mu_TBjmax_genbin1_recobin3 acc 0.0039 eff 0.0 outinratio 0.1028 

ZH126_4mu_TBjmax_genbin1_recobin3 acc 0.003 eff -1.0 outinratio 0.1218 

ttH126_4mu_TBjmax_genbin1_recobin3 acc 0.0003 eff -1.0 outinratio 0.0374 

ggH126_4mu_TBjmax_genbin2_recobin3 acc 0.0179 eff 0.0755 outinratio 0.0296 

VBFH126_4mu_TBjmax_genbin2_recobin3 acc 0.0735 eff 0.1412 outinratio 0.0257 

WminusH126_4mu_TBjmax_genbin2_recobin3 acc 0.0089 eff 0.2035 outinratio 0.0831 

WplusH126_4mu_TBjmax_genbin2_recobin3 acc 0.0047 eff 0.2406 outinratio 0.1028 

ZH126_4mu_TBjmax_genbin2_recobin3 acc 0.0089 eff 0.0572 outinratio 0.1218 

ttH126_4mu_TBjmax_genbin2_recobin3 acc 0.0006 eff 0.0 outinratio 0.0374 

ggH126_4mu_TBjmax_genbin3_recobin3 acc 0.0251 eff 0.5155 outinratio 0.0296 

VBFH126_4mu_TBjmax_genbin3_recobin3 acc 0.0904 eff 0.6042 outinratio 0.0257 

WminusH126_4mu_TBjmax_genbin3_recobin3 acc 0.0234 eff 0.4031 outinratio 0.0831 

WplusH126_4mu_TBjmax_genbin3_recobin3 acc 0.0203 eff 0.3946 outinratio 0.1028 

ZH126_4mu_TBjmax_genbin3_recobin3 acc 0.0232 eff 0.4173 outinratio 0.1218 

ttH126_4mu_TBjmax_genbin3_recobin3 acc 0.0041 eff 0.4174 outinratio 0.0374 

ggH126_4mu_TBjmax_genbin4_recobin3 acc 0.0211 eff 0.1382 outinratio 0.0296 

VBFH126_4mu_TBjmax_genbin4_recobin3 acc 0.0599 eff 0.0817 outinratio 0.0257 

WminusH126_4mu_TBjmax_genbin4_recobin3 acc 0.0392 eff 0.0814 outinratio 0.0831 

WplusH126_4mu_TBjmax_genbin4_recobin3 acc 0.0326 eff 0.0783 outinratio 0.1028 

ZH126_4mu_TBjmax_genbin4_recobin3 acc 0.0285 eff 0.0936 outinratio 0.1218 

ttH126_4mu_TBjmax_genbin4_recobin3 acc 0.0092 eff 0.0382 outinratio 0.0374 

ggH126_4mu_TBjmax_genbin5_recobin3 acc 0.0368 eff 0.0057 outinratio 0.0296 

VBFH126_4mu_TBjmax_genbin5_recobin3 acc 0.0677 eff 0.0099 outinratio 0.0257 

WminusH126_4mu_TBjmax_genbin5_recobin3 acc 0.0926 eff 0.0073 outinratio 0.0831 

WplusH126_4mu_TBjmax_genbin5_recobin3 acc 0.0743 eff 0.0064 outinratio 0.1028 

ZH126_4mu_TBjmax_genbin5_recobin3 acc 0.0956 eff 0.0048 outinratio 0.1218 

ttH126_4mu_TBjmax_genbin5_recobin3 acc 0.0539 eff 0.0046 outinratio 0.0374 

ggH126_4mu_TBjmax_genbin6_recobin3 acc 0.0277 eff 0.0 outinratio 0.0296 

VBFH126_4mu_TBjmax_genbin6_recobin3 acc 0.0641 eff 0.0 outinratio 0.0257 

WminusH126_4mu_TBjmax_genbin6_recobin3 acc 0.1171 eff 0.0 outinratio 0.0831 

WplusH126_4mu_TBjmax_genbin6_recobin3 acc 0.1102 eff 0.0 outinratio 0.1028 

ZH126_4mu_TBjmax_genbin6_recobin3 acc 0.1443 eff 0.0 outinratio 0.1218 

ttH126_4mu_TBjmax_genbin6_recobin3 acc 0.2736 eff 0.0 outinratio 0.0374 

ggH126_4mu_TBjmax_genbin0_recobin4 acc 0.2663 eff 0.0184 outinratio 0.0348 

VBFH126_4mu_TBjmax_genbin0_recobin4 acc 0.041 eff 0.0276 outinratio 0.0354 

WminusH126_4mu_TBjmax_genbin0_recobin4 acc 0.0872 eff 0.0493 outinratio 0.0816 

WplusH126_4mu_TBjmax_genbin0_recobin4 acc 0.0788 eff 0.0382 outinratio 0.0873 

ZH126_4mu_TBjmax_genbin0_recobin4 acc 0.0724 eff 0.0227 outinratio 0.0853 

ttH126_4mu_TBjmax_genbin0_recobin4 acc 0.0004 eff -1.0 outinratio 0.0893 

ggH126_4mu_TBjmax_genbin1_recobin4 acc 0.0259 eff 0.0544 outinratio 0.0348 

VBFH126_4mu_TBjmax_genbin1_recobin4 acc 0.083 eff 0.0097 outinratio 0.0354 

WminusH126_4mu_TBjmax_genbin1_recobin4 acc 0.0044 eff 0.0 outinratio 0.0816 

WplusH126_4mu_TBjmax_genbin1_recobin4 acc 0.0039 eff 0.0 outinratio 0.0873 

ZH126_4mu_TBjmax_genbin1_recobin4 acc 0.003 eff -1.0 outinratio 0.0853 

ttH126_4mu_TBjmax_genbin1_recobin4 acc 0.0003 eff -1.0 outinratio 0.0893 

ggH126_4mu_TBjmax_genbin2_recobin4 acc 0.0179 eff 0.029 outinratio 0.0348 

VBFH126_4mu_TBjmax_genbin2_recobin4 acc 0.0735 eff 0.0065 outinratio 0.0354 

WminusH126_4mu_TBjmax_genbin2_recobin4 acc 0.0089 eff 0.0847 outinratio 0.0816 

WplusH126_4mu_TBjmax_genbin2_recobin4 acc 0.0047 eff 0.0 outinratio 0.0873 

ZH126_4mu_TBjmax_genbin2_recobin4 acc 0.0089 eff 0.0 outinratio 0.0853 

ttH126_4mu_TBjmax_genbin2_recobin4 acc 0.0006 eff 0.0223 outinratio 0.0893 

ggH126_4mu_TBjmax_genbin3_recobin4 acc 0.0251 eff 0.0431 outinratio 0.0348 

VBFH126_4mu_TBjmax_genbin3_recobin4 acc 0.0904 eff 0.1086 outinratio 0.0354 

WminusH126_4mu_TBjmax_genbin3_recobin4 acc 0.0234 eff 0.1379 outinratio 0.0816 

WplusH126_4mu_TBjmax_genbin3_recobin4 acc 0.0203 eff 0.2733 outinratio 0.0873 

ZH126_4mu_TBjmax_genbin3_recobin4 acc 0.0232 eff 0.2263 outinratio 0.0853 

ttH126_4mu_TBjmax_genbin3_recobin4 acc 0.0041 eff 0.1603 outinratio 0.0893 

ggH126_4mu_TBjmax_genbin4_recobin4 acc 0.0211 eff 0.5812 outinratio 0.0348 

VBFH126_4mu_TBjmax_genbin4_recobin4 acc 0.0599 eff 0.4912 outinratio 0.0354 

WminusH126_4mu_TBjmax_genbin4_recobin4 acc 0.0392 eff 0.4235 outinratio 0.0816 

WplusH126_4mu_TBjmax_genbin4_recobin4 acc 0.0326 eff 0.4114 outinratio 0.0873 

ZH126_4mu_TBjmax_genbin4_recobin4 acc 0.0285 eff 0.5498 outinratio 0.0853 

ttH126_4mu_TBjmax_genbin4_recobin4 acc 0.0092 eff 0.4249 outinratio 0.0893 

ggH126_4mu_TBjmax_genbin5_recobin4 acc 0.0368 eff 0.0801 outinratio 0.0348 

VBFH126_4mu_TBjmax_genbin5_recobin4 acc 0.0677 eff 0.0764 outinratio 0.0354 

WminusH126_4mu_TBjmax_genbin5_recobin4 acc 0.0926 eff 0.0587 outinratio 0.0816 

WplusH126_4mu_TBjmax_genbin5_recobin4 acc 0.0743 eff 0.0477 outinratio 0.0873 

ZH126_4mu_TBjmax_genbin5_recobin4 acc 0.0956 eff 0.0602 outinratio 0.0853 

ttH126_4mu_TBjmax_genbin5_recobin4 acc 0.0539 eff 0.0422 outinratio 0.0893 

ggH126_4mu_TBjmax_genbin6_recobin4 acc 0.0277 eff 0.0 outinratio 0.0348 

VBFH126_4mu_TBjmax_genbin6_recobin4 acc 0.0641 eff 0.0019 outinratio 0.0354 

WminusH126_4mu_TBjmax_genbin6_recobin4 acc 0.1171 eff 0.0 outinratio 0.0816 

WplusH126_4mu_TBjmax_genbin6_recobin4 acc 0.1102 eff 0.0 outinratio 0.0873 

ZH126_4mu_TBjmax_genbin6_recobin4 acc 0.1443 eff 0.0028 outinratio 0.0853 

ttH126_4mu_TBjmax_genbin6_recobin4 acc 0.2736 eff 0.0003 outinratio 0.0893 

ggH126_4mu_TBjmax_genbin0_recobin5 acc 0.2663 eff 0.0195 outinratio 0.0978 

VBFH126_4mu_TBjmax_genbin0_recobin5 acc 0.041 eff 0.0274 outinratio 0.0322 

WminusH126_4mu_TBjmax_genbin0_recobin5 acc 0.0872 eff 0.0698 outinratio 0.0434 

WplusH126_4mu_TBjmax_genbin0_recobin5 acc 0.0788 eff 0.0682 outinratio 0.0602 

ZH126_4mu_TBjmax_genbin0_recobin5 acc 0.0724 eff 0.0296 outinratio 0.018 

ttH126_4mu_TBjmax_genbin0_recobin5 acc 0.0004 eff -1.0 outinratio 0.1204 

ggH126_4mu_TBjmax_genbin1_recobin5 acc 0.0259 eff 0.0277 outinratio 0.0978 

VBFH126_4mu_TBjmax_genbin1_recobin5 acc 0.083 eff 0.0221 outinratio 0.0322 

WminusH126_4mu_TBjmax_genbin1_recobin5 acc 0.0044 eff 0.03 outinratio 0.0434 

WplusH126_4mu_TBjmax_genbin1_recobin5 acc 0.0039 eff 0.0614 outinratio 0.0602 

ZH126_4mu_TBjmax_genbin1_recobin5 acc 0.003 eff -1.0 outinratio 0.018 

ttH126_4mu_TBjmax_genbin1_recobin5 acc 0.0003 eff -1.0 outinratio 0.1204 

ggH126_4mu_TBjmax_genbin2_recobin5 acc 0.0179 eff 0.0316 outinratio 0.0978 

VBFH126_4mu_TBjmax_genbin2_recobin5 acc 0.0735 eff 0.0189 outinratio 0.0322 

WminusH126_4mu_TBjmax_genbin2_recobin5 acc 0.0089 eff 0.0938 outinratio 0.0434 

WplusH126_4mu_TBjmax_genbin2_recobin5 acc 0.0047 eff 0.1166 outinratio 0.0602 

ZH126_4mu_TBjmax_genbin2_recobin5 acc 0.0089 eff 0.094 outinratio 0.018 

ttH126_4mu_TBjmax_genbin2_recobin5 acc 0.0006 eff 0.2678 outinratio 0.1204 

ggH126_4mu_TBjmax_genbin3_recobin5 acc 0.0251 eff 0.0412 outinratio 0.0978 

VBFH126_4mu_TBjmax_genbin3_recobin5 acc 0.0904 eff 0.0155 outinratio 0.0322 

WminusH126_4mu_TBjmax_genbin3_recobin5 acc 0.0234 eff 0.0476 outinratio 0.0434 

WplusH126_4mu_TBjmax_genbin3_recobin5 acc 0.0203 eff 0.0422 outinratio 0.0602 

ZH126_4mu_TBjmax_genbin3_recobin5 acc 0.0232 eff 0.0 outinratio 0.018 

ttH126_4mu_TBjmax_genbin3_recobin5 acc 0.0041 eff 0.1225 outinratio 0.1204 

ggH126_4mu_TBjmax_genbin4_recobin5 acc 0.0211 eff 0.1127 outinratio 0.0978 

VBFH126_4mu_TBjmax_genbin4_recobin5 acc 0.0599 eff 0.1702 outinratio 0.0322 

WminusH126_4mu_TBjmax_genbin4_recobin5 acc 0.0392 eff 0.1646 outinratio 0.0434 

WplusH126_4mu_TBjmax_genbin4_recobin5 acc 0.0326 eff 0.215 outinratio 0.0602 

ZH126_4mu_TBjmax_genbin4_recobin5 acc 0.0285 eff 0.1637 outinratio 0.018 

ttH126_4mu_TBjmax_genbin4_recobin5 acc 0.0092 eff 0.1817 outinratio 0.1204 

ggH126_4mu_TBjmax_genbin5_recobin5 acc 0.0368 eff 0.5072 outinratio 0.0978 

VBFH126_4mu_TBjmax_genbin5_recobin5 acc 0.0677 eff 0.6218 outinratio 0.0322 

WminusH126_4mu_TBjmax_genbin5_recobin5 acc 0.0926 eff 0.621 outinratio 0.0434 

WplusH126_4mu_TBjmax_genbin5_recobin5 acc 0.0743 eff 0.523 outinratio 0.0602 

ZH126_4mu_TBjmax_genbin5_recobin5 acc 0.0956 eff 0.6208 outinratio 0.018 

ttH126_4mu_TBjmax_genbin5_recobin5 acc 0.0539 eff 0.5227 outinratio 0.1204 

ggH126_4mu_TBjmax_genbin6_recobin5 acc 0.0277 eff 0.0701 outinratio 0.0978 

VBFH126_4mu_TBjmax_genbin6_recobin5 acc 0.0641 eff 0.0651 outinratio 0.0322 

WminusH126_4mu_TBjmax_genbin6_recobin5 acc 0.1171 eff 0.0529 outinratio 0.0434 

WplusH126_4mu_TBjmax_genbin6_recobin5 acc 0.1102 eff 0.0435 outinratio 0.0602 

ZH126_4mu_TBjmax_genbin6_recobin5 acc 0.1443 eff 0.0563 outinratio 0.018 

ttH126_4mu_TBjmax_genbin6_recobin5 acc 0.2736 eff 0.03 outinratio 0.1204 

ggH126_4mu_TBjmax_genbin0_recobin6 acc 0.2663 eff 0.0036 outinratio 0.0209 

VBFH126_4mu_TBjmax_genbin0_recobin6 acc 0.041 eff 0.0027 outinratio 0.0447 

WminusH126_4mu_TBjmax_genbin0_recobin6 acc 0.0872 eff 0.0565 outinratio 0.0725 

WplusH126_4mu_TBjmax_genbin0_recobin6 acc 0.0788 eff 0.0335 outinratio 0.0363 

ZH126_4mu_TBjmax_genbin0_recobin6 acc 0.0724 eff 0.0138 outinratio 0.0481 

ttH126_4mu_TBjmax_genbin0_recobin6 acc 0.0004 eff -1.0 outinratio 0.15 

ggH126_4mu_TBjmax_genbin1_recobin6 acc 0.0259 eff 0.0 outinratio 0.0209 

VBFH126_4mu_TBjmax_genbin1_recobin6 acc 0.083 eff 0.0044 outinratio 0.0447 

WminusH126_4mu_TBjmax_genbin1_recobin6 acc 0.0044 eff 0.0 outinratio 0.0725 

WplusH126_4mu_TBjmax_genbin1_recobin6 acc 0.0039 eff 0.0725 outinratio 0.0363 

ZH126_4mu_TBjmax_genbin1_recobin6 acc 0.003 eff -1.0 outinratio 0.0481 

ttH126_4mu_TBjmax_genbin1_recobin6 acc 0.0003 eff -1.0 outinratio 0.15 

ggH126_4mu_TBjmax_genbin2_recobin6 acc 0.0179 eff 0.0144 outinratio 0.0209 

VBFH126_4mu_TBjmax_genbin2_recobin6 acc 0.0735 eff 0.0037 outinratio 0.0447 

WminusH126_4mu_TBjmax_genbin2_recobin6 acc 0.0089 eff 0.0294 outinratio 0.0725 

WplusH126_4mu_TBjmax_genbin2_recobin6 acc 0.0047 eff 0.0668 outinratio 0.0363 

ZH126_4mu_TBjmax_genbin2_recobin6 acc 0.0089 eff 0.017 outinratio 0.0481 

ttH126_4mu_TBjmax_genbin2_recobin6 acc 0.0006 eff 0.3436 outinratio 0.15 

ggH126_4mu_TBjmax_genbin3_recobin6 acc 0.0251 eff 0.0 outinratio 0.0209 

VBFH126_4mu_TBjmax_genbin3_recobin6 acc 0.0904 eff 0.0018 outinratio 0.0447 

WminusH126_4mu_TBjmax_genbin3_recobin6 acc 0.0234 eff 0.0177 outinratio 0.0725 

WplusH126_4mu_TBjmax_genbin3_recobin6 acc 0.0203 eff 0.0 outinratio 0.0363 

ZH126_4mu_TBjmax_genbin3_recobin6 acc 0.0232 eff 0.0 outinratio 0.0481 

ttH126_4mu_TBjmax_genbin3_recobin6 acc 0.0041 eff 0.1191 outinratio 0.15 

ggH126_4mu_TBjmax_genbin4_recobin6 acc 0.0211 eff 0.005 outinratio 0.0209 

VBFH126_4mu_TBjmax_genbin4_recobin6 acc 0.0599 eff 0.0052 outinratio 0.0447 

WminusH126_4mu_TBjmax_genbin4_recobin6 acc 0.0392 eff 0.0132 outinratio 0.0725 

WplusH126_4mu_TBjmax_genbin4_recobin6 acc 0.0326 eff 0.0127 outinratio 0.0363 

ZH126_4mu_TBjmax_genbin4_recobin6 acc 0.0285 eff 0.0173 outinratio 0.0481 

ttH126_4mu_TBjmax_genbin4_recobin6 acc 0.0092 eff 0.1184 outinratio 0.15 

ggH126_4mu_TBjmax_genbin5_recobin6 acc 0.0368 eff 0.0502 outinratio 0.0209 

VBFH126_4mu_TBjmax_genbin5_recobin6 acc 0.0677 eff 0.0822 outinratio 0.0447 

WminusH126_4mu_TBjmax_genbin5_recobin6 acc 0.0926 eff 0.1115 outinratio 0.0725 

WplusH126_4mu_TBjmax_genbin5_recobin6 acc 0.0743 eff 0.1462 outinratio 0.0363 

ZH126_4mu_TBjmax_genbin5_recobin6 acc 0.0956 eff 0.129 outinratio 0.0481 

ttH126_4mu_TBjmax_genbin5_recobin6 acc 0.0539 eff 0.2236 outinratio 0.15 

ggH126_4mu_TBjmax_genbin6_recobin6 acc 0.0277 eff 0.7994 outinratio 0.0209 

VBFH126_4mu_TBjmax_genbin6_recobin6 acc 0.0641 eff 0.7644 outinratio 0.0447 

WminusH126_4mu_TBjmax_genbin6_recobin6 acc 0.1171 eff 0.7647 outinratio 0.0725 

WplusH126_4mu_TBjmax_genbin6_recobin6 acc 0.1102 eff 0.7784 outinratio 0.0363 

ZH126_4mu_TBjmax_genbin6_recobin6 acc 0.1443 eff 0.6831 outinratio 0.0481 

ttH126_4mu_TBjmax_genbin6_recobin6 acc 0.2736 eff 0.7548 outinratio 0.15 

ggH126_2e2mu_TBjmax_genbin0_recobin0 acc 0.2592 eff 0.4597 outinratio 0.0369 

VBFH126_2e2mu_TBjmax_genbin0_recobin0 acc 0.0394 eff 0.3521 outinratio 0.0241 

WminusH126_2e2mu_TBjmax_genbin0_recobin0 acc 0.0794 eff 0.3581 outinratio 0.0655 

WplusH126_2e2mu_TBjmax_genbin0_recobin0 acc 0.0722 eff 0.3694 outinratio 0.0559 

ZH126_2e2mu_TBjmax_genbin0_recobin0 acc 0.0752 eff 0.3948 outinratio 0.1071 

ttH126_2e2mu_TBjmax_genbin0_recobin0 acc 0.0008 eff 0.043 outinratio 0.0 

ggH126_2e2mu_TBjmax_genbin1_recobin0 acc 0.0225 eff 0.1754 outinratio 0.0369 

VBFH126_2e2mu_TBjmax_genbin1_recobin0 acc 0.0785 eff 0.0558 outinratio 0.0241 

WminusH126_2e2mu_TBjmax_genbin1_recobin0 acc 0.0037 eff 0.1672 outinratio 0.0655 

WplusH126_2e2mu_TBjmax_genbin1_recobin0 acc 0.005 eff 0.096 outinratio 0.0559 

ZH126_2e2mu_TBjmax_genbin1_recobin0 acc 0.003 eff -1.0 outinratio 0.1071 

ttH126_2e2mu_TBjmax_genbin1_recobin0 acc 0.0003 eff 0.0 outinratio 0.0 

ggH126_2e2mu_TBjmax_genbin2_recobin0 acc 0.0216 eff 0.027 outinratio 0.0369 

VBFH126_2e2mu_TBjmax_genbin2_recobin0 acc 0.0655 eff 0.0327 outinratio 0.0241 

WminusH126_2e2mu_TBjmax_genbin2_recobin0 acc 0.0076 eff 0.0555 outinratio 0.0655 

WplusH126_2e2mu_TBjmax_genbin2_recobin0 acc 0.0062 eff 0.0647 outinratio 0.0559 

ZH126_2e2mu_TBjmax_genbin2_recobin0 acc 0.0049 eff 0.096 outinratio 0.1071 

ttH126_2e2mu_TBjmax_genbin2_recobin0 acc 0.001 eff 0.0 outinratio 0.0 

ggH126_2e2mu_TBjmax_genbin3_recobin0 acc 0.029 eff 0.0785 outinratio 0.0369 

VBFH126_2e2mu_TBjmax_genbin3_recobin0 acc 0.0829 eff 0.0144 outinratio 0.0241 

WminusH126_2e2mu_TBjmax_genbin3_recobin0 acc 0.0214 eff 0.0505 outinratio 0.0655 

WplusH126_2e2mu_TBjmax_genbin3_recobin0 acc 0.02 eff 0.0598 outinratio 0.0559 

ZH126_2e2mu_TBjmax_genbin3_recobin0 acc 0.0249 eff -0.0047 outinratio 0.1071 

ttH126_2e2mu_TBjmax_genbin3_recobin0 acc 0.0038 eff 0.0142 outinratio 0.0 

ggH126_2e2mu_TBjmax_genbin4_recobin0 acc 0.0236 eff 0.0556 outinratio 0.0369 

VBFH126_2e2mu_TBjmax_genbin4_recobin0 acc 0.058 eff 0.0086 outinratio 0.0241 

WminusH126_2e2mu_TBjmax_genbin4_recobin0 acc 0.0339 eff 0.0388 outinratio 0.0655 

WplusH126_2e2mu_TBjmax_genbin4_recobin0 acc 0.0312 eff 0.0333 outinratio 0.0559 

ZH126_2e2mu_TBjmax_genbin4_recobin0 acc 0.0397 eff -0.0011 outinratio 0.1071 

ttH126_2e2mu_TBjmax_genbin4_recobin0 acc 0.0085 eff 0.0008 outinratio 0.0 

ggH126_2e2mu_TBjmax_genbin5_recobin0 acc 0.0308 eff 0.0322 outinratio 0.0369 

VBFH126_2e2mu_TBjmax_genbin5_recobin0 acc 0.0636 eff 0.004 outinratio 0.0241 

WminusH126_2e2mu_TBjmax_genbin5_recobin0 acc 0.0871 eff 0.0074 outinratio 0.0655 

WplusH126_2e2mu_TBjmax_genbin5_recobin0 acc 0.0707 eff 0.0131 outinratio 0.0559 

ZH126_2e2mu_TBjmax_genbin5_recobin0 acc 0.0827 eff 0.0119 outinratio 0.1071 

ttH126_2e2mu_TBjmax_genbin5_recobin0 acc 0.0481 eff 0.0008 outinratio 0.0 

ggH126_2e2mu_TBjmax_genbin6_recobin0 acc 0.028 eff 0.0 outinratio 0.0369 

VBFH126_2e2mu_TBjmax_genbin6_recobin0 acc 0.0564 eff 0.0002 outinratio 0.0241 

WminusH126_2e2mu_TBjmax_genbin6_recobin0 acc 0.1093 eff 0.0017 outinratio 0.0655 

WplusH126_2e2mu_TBjmax_genbin6_recobin0 acc 0.1029 eff 0.0 outinratio 0.0559 

ZH126_2e2mu_TBjmax_genbin6_recobin0 acc 0.1136 eff 0.0 outinratio 0.1071 

ttH126_2e2mu_TBjmax_genbin6_recobin0 acc 0.2489 eff 0.0 outinratio 0.0 

ggH126_2e2mu_TBjmax_genbin0_recobin1 acc 0.2592 eff 0.0219 outinratio 0.0828 

VBFH126_2e2mu_TBjmax_genbin0_recobin1 acc 0.0394 eff 0.078 outinratio 0.0284 

WminusH126_2e2mu_TBjmax_genbin0_recobin1 acc 0.0794 eff 0.0159 outinratio 0.0277 

WplusH126_2e2mu_TBjmax_genbin0_recobin1 acc 0.0722 eff 0.0213 outinratio 0.0366 

ZH126_2e2mu_TBjmax_genbin0_recobin1 acc 0.0752 eff 0.0245 outinratio 0.0 

ttH126_2e2mu_TBjmax_genbin0_recobin1 acc 0.0008 eff 0.0 outinratio 0.2233 

ggH126_2e2mu_TBjmax_genbin1_recobin1 acc 0.0225 eff 0.276 outinratio 0.0828 

VBFH126_2e2mu_TBjmax_genbin1_recobin1 acc 0.0785 eff 0.4042 outinratio 0.0284 

WminusH126_2e2mu_TBjmax_genbin1_recobin1 acc 0.0037 eff 0.1568 outinratio 0.0277 

WplusH126_2e2mu_TBjmax_genbin1_recobin1 acc 0.005 eff 0.1531 outinratio 0.0366 

ZH126_2e2mu_TBjmax_genbin1_recobin1 acc 0.003 eff -1.0 outinratio 0.0 

ttH126_2e2mu_TBjmax_genbin1_recobin1 acc 0.0003 eff 0.2288 outinratio 0.2233 

ggH126_2e2mu_TBjmax_genbin2_recobin1 acc 0.0216 eff 0.0664 outinratio 0.0828 

VBFH126_2e2mu_TBjmax_genbin2_recobin1 acc 0.0655 eff 0.0394 outinratio 0.0284 

WminusH126_2e2mu_TBjmax_genbin2_recobin1 acc 0.0076 eff 0.0276 outinratio 0.0277 

WplusH126_2e2mu_TBjmax_genbin2_recobin1 acc 0.0062 eff 0.0 outinratio 0.0366 

ZH126_2e2mu_TBjmax_genbin2_recobin1 acc 0.0049 eff 0.0 outinratio 0.0 

ttH126_2e2mu_TBjmax_genbin2_recobin1 acc 0.001 eff 0.0 outinratio 0.2233 

ggH126_2e2mu_TBjmax_genbin3_recobin1 acc 0.029 eff 0.0097 outinratio 0.0828 

VBFH126_2e2mu_TBjmax_genbin3_recobin1 acc 0.0829 eff 0.0116 outinratio 0.0284 

WminusH126_2e2mu_TBjmax_genbin3_recobin1 acc 0.0214 eff 0.0062 outinratio 0.0277 

WplusH126_2e2mu_TBjmax_genbin3_recobin1 acc 0.02 eff 0.0 outinratio 0.0366 

ZH126_2e2mu_TBjmax_genbin3_recobin1 acc 0.0249 eff 0.0053 outinratio 0.0 

ttH126_2e2mu_TBjmax_genbin3_recobin1 acc 0.0038 eff 0.0 outinratio 0.2233 

ggH126_2e2mu_TBjmax_genbin4_recobin1 acc 0.0236 eff 0.0 outinratio 0.0828 

VBFH126_2e2mu_TBjmax_genbin4_recobin1 acc 0.058 eff 0.0112 outinratio 0.0284 

WminusH126_2e2mu_TBjmax_genbin4_recobin1 acc 0.0339 eff 0.0 outinratio 0.0277 

WplusH126_2e2mu_TBjmax_genbin4_recobin1 acc 0.0312 eff 0.0 outinratio 0.0366 

ZH126_2e2mu_TBjmax_genbin4_recobin1 acc 0.0397 eff 0.0118 outinratio 0.0 

ttH126_2e2mu_TBjmax_genbin4_recobin1 acc 0.0085 eff 0.0 outinratio 0.2233 

ggH126_2e2mu_TBjmax_genbin5_recobin1 acc 0.0308 eff 0.005 outinratio 0.0828 

VBFH126_2e2mu_TBjmax_genbin5_recobin1 acc 0.0636 eff 0.0013 outinratio 0.0284 

WminusH126_2e2mu_TBjmax_genbin5_recobin1 acc 0.0871 eff 0.0021 outinratio 0.0277 

WplusH126_2e2mu_TBjmax_genbin5_recobin1 acc 0.0707 eff 0.0029 outinratio 0.0366 

ZH126_2e2mu_TBjmax_genbin5_recobin1 acc 0.0827 eff 0.0025 outinratio 0.0 

ttH126_2e2mu_TBjmax_genbin5_recobin1 acc 0.0481 eff 0.0 outinratio 0.2233 

ggH126_2e2mu_TBjmax_genbin6_recobin1 acc 0.028 eff 0.0 outinratio 0.0828 

VBFH126_2e2mu_TBjmax_genbin6_recobin1 acc 0.0564 eff 0.0014 outinratio 0.0284 

WminusH126_2e2mu_TBjmax_genbin6_recobin1 acc 0.1093 eff 0.0 outinratio 0.0277 

WplusH126_2e2mu_TBjmax_genbin6_recobin1 acc 0.1029 eff 0.0 outinratio 0.0366 

ZH126_2e2mu_TBjmax_genbin6_recobin1 acc 0.1136 eff 0.0 outinratio 0.0 

ttH126_2e2mu_TBjmax_genbin6_recobin1 acc 0.2489 eff 0.0 outinratio 0.2233 

ggH126_2e2mu_TBjmax_genbin0_recobin2 acc 0.2592 eff 0.008 outinratio 0.0312 

VBFH126_2e2mu_TBjmax_genbin0_recobin2 acc 0.0394 eff 0.0252 outinratio 0.0403 

WminusH126_2e2mu_TBjmax_genbin0_recobin2 acc 0.0794 eff 0.0111 outinratio 0.1624 

WplusH126_2e2mu_TBjmax_genbin0_recobin2 acc 0.0722 eff 0.0136 outinratio 0.0436 

ZH126_2e2mu_TBjmax_genbin0_recobin2 acc 0.0752 eff 0.0072 outinratio 0.056 

ttH126_2e2mu_TBjmax_genbin0_recobin2 acc 0.0008 eff 0.0 outinratio 0.1779 

ggH126_2e2mu_TBjmax_genbin1_recobin2 acc 0.0225 eff 0.0271 outinratio 0.0312 

VBFH126_2e2mu_TBjmax_genbin1_recobin2 acc 0.0785 eff 0.0556 outinratio 0.0403 

WminusH126_2e2mu_TBjmax_genbin1_recobin2 acc 0.0037 eff 0.0366 outinratio 0.1624 

WplusH126_2e2mu_TBjmax_genbin1_recobin2 acc 0.005 eff 0.0697 outinratio 0.0436 

ZH126_2e2mu_TBjmax_genbin1_recobin2 acc 0.003 eff -1.0 outinratio 0.056 

ttH126_2e2mu_TBjmax_genbin1_recobin2 acc 0.0003 eff -0.0002 outinratio 0.1779 

ggH126_2e2mu_TBjmax_genbin2_recobin2 acc 0.0216 eff 0.342 outinratio 0.0312 

VBFH126_2e2mu_TBjmax_genbin2_recobin2 acc 0.0655 eff 0.3653 outinratio 0.0403 

WminusH126_2e2mu_TBjmax_genbin2_recobin2 acc 0.0076 eff 0.2317 outinratio 0.1624 

WplusH126_2e2mu_TBjmax_genbin2_recobin2 acc 0.0062 eff 0.14 outinratio 0.0436 

ZH126_2e2mu_TBjmax_genbin2_recobin2 acc 0.0049 eff 0.5409 outinratio 0.056 

ttH126_2e2mu_TBjmax_genbin2_recobin2 acc 0.001 eff 0.0906 outinratio 0.1779 

ggH126_2e2mu_TBjmax_genbin3_recobin2 acc 0.029 eff 0.0695 outinratio 0.0312 

VBFH126_2e2mu_TBjmax_genbin3_recobin2 acc 0.0829 eff 0.0427 outinratio 0.0403 

WminusH126_2e2mu_TBjmax_genbin3_recobin2 acc 0.0214 eff 0.0226 outinratio 0.1624 

WplusH126_2e2mu_TBjmax_genbin3_recobin2 acc 0.02 eff 0.0013 outinratio 0.0436 

ZH126_2e2mu_TBjmax_genbin3_recobin2 acc 0.0249 eff 0.0177 outinratio 0.056 

ttH126_2e2mu_TBjmax_genbin3_recobin2 acc 0.0038 eff -0.0018 outinratio 0.1779 

ggH126_2e2mu_TBjmax_genbin4_recobin2 acc 0.0236 eff 0.0 outinratio 0.0312 

VBFH126_2e2mu_TBjmax_genbin4_recobin2 acc 0.058 eff 0.0067 outinratio 0.0403 

WminusH126_2e2mu_TBjmax_genbin4_recobin2 acc 0.0339 eff 0.0028 outinratio 0.1624 

WplusH126_2e2mu_TBjmax_genbin4_recobin2 acc 0.0312 eff 0.0 outinratio 0.0436 

ZH126_2e2mu_TBjmax_genbin4_recobin2 acc 0.0397 eff 0.0 outinratio 0.056 

ttH126_2e2mu_TBjmax_genbin4_recobin2 acc 0.0085 eff 0.0024 outinratio 0.1779 

ggH126_2e2mu_TBjmax_genbin5_recobin2 acc 0.0308 eff 0.0031 outinratio 0.0312 

VBFH126_2e2mu_TBjmax_genbin5_recobin2 acc 0.0636 eff 0.0044 outinratio 0.0403 

WminusH126_2e2mu_TBjmax_genbin5_recobin2 acc 0.0871 eff 0.0027 outinratio 0.1624 

WplusH126_2e2mu_TBjmax_genbin5_recobin2 acc 0.0707 eff 0.0011 outinratio 0.0436 

ZH126_2e2mu_TBjmax_genbin5_recobin2 acc 0.0827 eff 0.0 outinratio 0.056 

ttH126_2e2mu_TBjmax_genbin5_recobin2 acc 0.0481 eff 0.0007 outinratio 0.1779 

ggH126_2e2mu_TBjmax_genbin6_recobin2 acc 0.028 eff 0.0 outinratio 0.0312 

VBFH126_2e2mu_TBjmax_genbin6_recobin2 acc 0.0564 eff 0.0014 outinratio 0.0403 

WminusH126_2e2mu_TBjmax_genbin6_recobin2 acc 0.1093 eff 0.0 outinratio 0.1624 

WplusH126_2e2mu_TBjmax_genbin6_recobin2 acc 0.1029 eff 0.0 outinratio 0.0436 

ZH126_2e2mu_TBjmax_genbin6_recobin2 acc 0.1136 eff 0.0 outinratio 0.056 

ttH126_2e2mu_TBjmax_genbin6_recobin2 acc 0.2489 eff 0.0 outinratio 0.1779 

ggH126_2e2mu_TBjmax_genbin0_recobin3 acc 0.2592 eff 0.0091 outinratio 0.0264 

VBFH126_2e2mu_TBjmax_genbin0_recobin3 acc 0.0394 eff 0.0238 outinratio 0.0354 

WminusH126_2e2mu_TBjmax_genbin0_recobin3 acc 0.0794 eff 0.0258 outinratio 0.0798 

WplusH126_2e2mu_TBjmax_genbin0_recobin3 acc 0.0722 eff 0.043 outinratio 0.0153 

ZH126_2e2mu_TBjmax_genbin0_recobin3 acc 0.0752 eff 0.0216 outinratio 0.0211 

ttH126_2e2mu_TBjmax_genbin0_recobin3 acc 0.0008 eff 0.0 outinratio 0.0556 

ggH126_2e2mu_TBjmax_genbin1_recobin3 acc 0.0225 eff 0.0138 outinratio 0.0264 

VBFH126_2e2mu_TBjmax_genbin1_recobin3 acc 0.0785 eff 0.0096 outinratio 0.0354 

WminusH126_2e2mu_TBjmax_genbin1_recobin3 acc 0.0037 eff 0.0398 outinratio 0.0798 

WplusH126_2e2mu_TBjmax_genbin1_recobin3 acc 0.005 eff 0.0 outinratio 0.0153 

ZH126_2e2mu_TBjmax_genbin1_recobin3 acc 0.003 eff -1.0 outinratio 0.0211 

ttH126_2e2mu_TBjmax_genbin1_recobin3 acc 0.0003 eff 0.0 outinratio 0.0556 

ggH126_2e2mu_TBjmax_genbin2_recobin3 acc 0.0216 eff 0.0343 outinratio 0.0264 

VBFH126_2e2mu_TBjmax_genbin2_recobin3 acc 0.0655 eff 0.0792 outinratio 0.0354 

WminusH126_2e2mu_TBjmax_genbin2_recobin3 acc 0.0076 eff 0.1246 outinratio 0.0798 

WplusH126_2e2mu_TBjmax_genbin2_recobin3 acc 0.0062 eff 0.0952 outinratio 0.0153 

ZH126_2e2mu_TBjmax_genbin2_recobin3 acc 0.0049 eff 0.0 outinratio 0.0211 

ttH126_2e2mu_TBjmax_genbin2_recobin3 acc 0.001 eff 0.164 outinratio 0.0556 

ggH126_2e2mu_TBjmax_genbin3_recobin3 acc 0.029 eff 0.3387 outinratio 0.0264 

VBFH126_2e2mu_TBjmax_genbin3_recobin3 acc 0.0829 eff 0.365 outinratio 0.0354 

WminusH126_2e2mu_TBjmax_genbin3_recobin3 acc 0.0214 eff 0.2879 outinratio 0.0798 

WplusH126_2e2mu_TBjmax_genbin3_recobin3 acc 0.02 eff 0.3256 outinratio 0.0153 

ZH126_2e2mu_TBjmax_genbin3_recobin3 acc 0.0249 eff 0.3135 outinratio 0.0211 

ttH126_2e2mu_TBjmax_genbin3_recobin3 acc 0.0038 eff 0.2767 outinratio 0.0556 

ggH126_2e2mu_TBjmax_genbin4_recobin3 acc 0.0236 eff 0.0794 outinratio 0.0264 

VBFH126_2e2mu_TBjmax_genbin4_recobin3 acc 0.058 eff 0.0479 outinratio 0.0354 

WminusH126_2e2mu_TBjmax_genbin4_recobin3 acc 0.0339 eff 0.0525 outinratio 0.0798 

WplusH126_2e2mu_TBjmax_genbin4_recobin3 acc 0.0312 eff 0.0278 outinratio 0.0153 

ZH126_2e2mu_TBjmax_genbin4_recobin3 acc 0.0397 eff 0.0903 outinratio 0.0211 

ttH126_2e2mu_TBjmax_genbin4_recobin3 acc 0.0085 eff 0.0399 outinratio 0.0556 

ggH126_2e2mu_TBjmax_genbin5_recobin3 acc 0.0308 eff 0.0021 outinratio 0.0264 

VBFH126_2e2mu_TBjmax_genbin5_recobin3 acc 0.0636 eff 0.0057 outinratio 0.0354 

WminusH126_2e2mu_TBjmax_genbin5_recobin3 acc 0.0871 eff 0.005 outinratio 0.0798 

WplusH126_2e2mu_TBjmax_genbin5_recobin3 acc 0.0707 eff 0.0013 outinratio 0.0153 

ZH126_2e2mu_TBjmax_genbin5_recobin3 acc 0.0827 eff 0.0101 outinratio 0.0211 

ttH126_2e2mu_TBjmax_genbin5_recobin3 acc 0.0481 eff 0.0016 outinratio 0.0556 

ggH126_2e2mu_TBjmax_genbin6_recobin3 acc 0.028 eff 0.0 outinratio 0.0264 

VBFH126_2e2mu_TBjmax_genbin6_recobin3 acc 0.0564 eff 0.0 outinratio 0.0354 

WminusH126_2e2mu_TBjmax_genbin6_recobin3 acc 0.1093 eff 0.0 outinratio 0.0798 

WplusH126_2e2mu_TBjmax_genbin6_recobin3 acc 0.1029 eff 0.0 outinratio 0.0153 

ZH126_2e2mu_TBjmax_genbin6_recobin3 acc 0.1136 eff 0.0 outinratio 0.0211 

ttH126_2e2mu_TBjmax_genbin6_recobin3 acc 0.2489 eff 0.0004 outinratio 0.0556 

ggH126_2e2mu_TBjmax_genbin0_recobin4 acc 0.2592 eff 0.006 outinratio 0.0904 

VBFH126_2e2mu_TBjmax_genbin0_recobin4 acc 0.0394 eff 0.0133 outinratio 0.0369 

WminusH126_2e2mu_TBjmax_genbin0_recobin4 acc 0.0794 eff 0.0447 outinratio 0.043 

WplusH126_2e2mu_TBjmax_genbin0_recobin4 acc 0.0722 eff 0.026 outinratio 0.0811 

ZH126_2e2mu_TBjmax_genbin0_recobin4 acc 0.0752 eff 0.0094 outinratio 0.1328 

ttH126_2e2mu_TBjmax_genbin0_recobin4 acc 0.0008 eff 0.1898 outinratio 0.1301 

ggH126_2e2mu_TBjmax_genbin1_recobin4 acc 0.0225 eff 0.0141 outinratio 0.0904 

VBFH126_2e2mu_TBjmax_genbin1_recobin4 acc 0.0785 eff 0.0085 outinratio 0.0369 

WminusH126_2e2mu_TBjmax_genbin1_recobin4 acc 0.0037 eff 0.0 outinratio 0.043 

WplusH126_2e2mu_TBjmax_genbin1_recobin4 acc 0.005 eff 0.023 outinratio 0.0811 

ZH126_2e2mu_TBjmax_genbin1_recobin4 acc 0.003 eff -1.0 outinratio 0.1328 

ttH126_2e2mu_TBjmax_genbin1_recobin4 acc 0.0003 eff 0.0568 outinratio 0.1301 

ggH126_2e2mu_TBjmax_genbin2_recobin4 acc 0.0216 eff 0.0203 outinratio 0.0904 

VBFH126_2e2mu_TBjmax_genbin2_recobin4 acc 0.0655 eff 0.0075 outinratio 0.0369 

WminusH126_2e2mu_TBjmax_genbin2_recobin4 acc 0.0076 eff 0.0384 outinratio 0.043 

WplusH126_2e2mu_TBjmax_genbin2_recobin4 acc 0.0062 eff 0.0149 outinratio 0.0811 

ZH126_2e2mu_TBjmax_genbin2_recobin4 acc 0.0049 eff 0.055 outinratio 0.1328 

ttH126_2e2mu_TBjmax_genbin2_recobin4 acc 0.001 eff 0.0497 outinratio 0.1301 

ggH126_2e2mu_TBjmax_genbin3_recobin4 acc 0.029 eff 0.0295 outinratio 0.0904 

VBFH126_2e2mu_TBjmax_genbin3_recobin4 acc 0.0829 eff 0.0631 outinratio 0.0369 

WminusH126_2e2mu_TBjmax_genbin3_recobin4 acc 0.0214 eff 0.0994 outinratio 0.043 

WplusH126_2e2mu_TBjmax_genbin3_recobin4 acc 0.02 eff 0.1411 outinratio 0.0811 

ZH126_2e2mu_TBjmax_genbin3_recobin4 acc 0.0249 eff 0.0861 outinratio 0.1328 

ttH126_2e2mu_TBjmax_genbin3_recobin4 acc 0.0038 eff 0.1152 outinratio 0.1301 

ggH126_2e2mu_TBjmax_genbin4_recobin4 acc 0.0236 eff 0.344 outinratio 0.0904 

VBFH126_2e2mu_TBjmax_genbin4_recobin4 acc 0.058 eff 0.3702 outinratio 0.0369 

WminusH126_2e2mu_TBjmax_genbin4_recobin4 acc 0.0339 eff 0.3181 outinratio 0.043 

WplusH126_2e2mu_TBjmax_genbin4_recobin4 acc 0.0312 eff 0.2894 outinratio 0.0811 

ZH126_2e2mu_TBjmax_genbin4_recobin4 acc 0.0397 eff 0.3178 outinratio 0.1328 

ttH126_2e2mu_TBjmax_genbin4_recobin4 acc 0.0085 eff 0.2508 outinratio 0.1301 

ggH126_2e2mu_TBjmax_genbin5_recobin4 acc 0.0308 eff 0.044 outinratio 0.0904 

VBFH126_2e2mu_TBjmax_genbin5_recobin4 acc 0.0636 eff 0.0525 outinratio 0.0369 

WminusH126_2e2mu_TBjmax_genbin5_recobin4 acc 0.0871 eff 0.0296 outinratio 0.043 

WplusH126_2e2mu_TBjmax_genbin5_recobin4 acc 0.0707 eff 0.0375 outinratio 0.0811 

ZH126_2e2mu_TBjmax_genbin5_recobin4 acc 0.0827 eff 0.0428 outinratio 0.1328 

ttH126_2e2mu_TBjmax_genbin5_recobin4 acc 0.0481 eff 0.0356 outinratio 0.1301 

ggH126_2e2mu_TBjmax_genbin6_recobin4 acc 0.028 eff 0.0 outinratio 0.0904 

VBFH126_2e2mu_TBjmax_genbin6_recobin4 acc 0.0564 eff 0.0019 outinratio 0.0369 

WminusH126_2e2mu_TBjmax_genbin6_recobin4 acc 0.1093 eff 0.0 outinratio 0.043 

WplusH126_2e2mu_TBjmax_genbin6_recobin4 acc 0.1029 eff 0.0032 outinratio 0.0811 

ZH126_2e2mu_TBjmax_genbin6_recobin4 acc 0.1136 eff 0.0 outinratio 0.1328 

ttH126_2e2mu_TBjmax_genbin6_recobin4 acc 0.2489 eff 0.0006 outinratio 0.1301 

ggH126_2e2mu_TBjmax_genbin0_recobin5 acc 0.2592 eff 0.0131 outinratio 0.0737 

VBFH126_2e2mu_TBjmax_genbin0_recobin5 acc 0.0394 eff 0.0075 outinratio 0.0364 

WminusH126_2e2mu_TBjmax_genbin0_recobin5 acc 0.0794 eff 0.0346 outinratio 0.0956 

WplusH126_2e2mu_TBjmax_genbin0_recobin5 acc 0.0722 eff 0.0386 outinratio 0.1132 

ZH126_2e2mu_TBjmax_genbin0_recobin5 acc 0.0752 eff 0.0252 outinratio 0.0793 

ttH126_2e2mu_TBjmax_genbin0_recobin5 acc 0.0008 eff 0.0 outinratio 0.1318 

ggH126_2e2mu_TBjmax_genbin1_recobin5 acc 0.0225 eff 0.0245 outinratio 0.0737 

VBFH126_2e2mu_TBjmax_genbin1_recobin5 acc 0.0785 eff 0.0094 outinratio 0.0364 

WminusH126_2e2mu_TBjmax_genbin1_recobin5 acc 0.0037 eff 0.0893 outinratio 0.0956 

WplusH126_2e2mu_TBjmax_genbin1_recobin5 acc 0.005 eff 0.0 outinratio 0.1132 

ZH126_2e2mu_TBjmax_genbin1_recobin5 acc 0.003 eff -1.0 outinratio 0.0793 

ttH126_2e2mu_TBjmax_genbin1_recobin5 acc 0.0003 eff 0.1277 outinratio 0.1318 

ggH126_2e2mu_TBjmax_genbin2_recobin5 acc 0.0216 eff 0.0355 outinratio 0.0737 

VBFH126_2e2mu_TBjmax_genbin2_recobin5 acc 0.0655 eff 0.0089 outinratio 0.0364 

WminusH126_2e2mu_TBjmax_genbin2_recobin5 acc 0.0076 eff 0.0088 outinratio 0.0956 

WplusH126_2e2mu_TBjmax_genbin2_recobin5 acc 0.0062 eff 0.1094 outinratio 0.1132 

ZH126_2e2mu_TBjmax_genbin2_recobin5 acc 0.0049 eff 0.0 outinratio 0.0793 

ttH126_2e2mu_TBjmax_genbin2_recobin5 acc 0.001 eff 0.093 outinratio 0.1318 

ggH126_2e2mu_TBjmax_genbin3_recobin5 acc 0.029 eff 0.0112 outinratio 0.0737 

VBFH126_2e2mu_TBjmax_genbin3_recobin5 acc 0.0829 eff 0.0065 outinratio 0.0364 

WminusH126_2e2mu_TBjmax_genbin3_recobin5 acc 0.0214 eff 0.0401 outinratio 0.0956 

WplusH126_2e2mu_TBjmax_genbin3_recobin5 acc 0.02 eff 0.0095 outinratio 0.1132 

ZH126_2e2mu_TBjmax_genbin3_recobin5 acc 0.0249 eff 0.0236 outinratio 0.0793 

ttH126_2e2mu_TBjmax_genbin3_recobin5 acc 0.0038 eff 0.0447 outinratio 0.1318 

ggH126_2e2mu_TBjmax_genbin4_recobin5 acc 0.0236 eff 0.0719 outinratio 0.0737 

VBFH126_2e2mu_TBjmax_genbin4_recobin5 acc 0.058 eff 0.1051 outinratio 0.0364 

WminusH126_2e2mu_TBjmax_genbin4_recobin5 acc 0.0339 eff 0.0961 outinratio 0.0956 

WplusH126_2e2mu_TBjmax_genbin4_recobin5 acc 0.0312 eff 0.1271 outinratio 0.1132 

ZH126_2e2mu_TBjmax_genbin4_recobin5 acc 0.0397 eff 0.121 outinratio 0.0793 

ttH126_2e2mu_TBjmax_genbin4_recobin5 acc 0.0085 eff 0.1487 outinratio 0.1318 

ggH126_2e2mu_TBjmax_genbin5_recobin5 acc 0.0308 eff 0.4078 outinratio 0.0737 

VBFH126_2e2mu_TBjmax_genbin5_recobin5 acc 0.0636 eff 0.4176 outinratio 0.0364 

WminusH126_2e2mu_TBjmax_genbin5_recobin5 acc 0.0871 eff 0.3817 outinratio 0.0956 

WplusH126_2e2mu_TBjmax_genbin5_recobin5 acc 0.0707 eff 0.3585 outinratio 0.1132 

ZH126_2e2mu_TBjmax_genbin5_recobin5 acc 0.0827 eff 0.3618 outinratio 0.0793 

ttH126_2e2mu_TBjmax_genbin5_recobin5 acc 0.0481 eff 0.3533 outinratio 0.1318 

ggH126_2e2mu_TBjmax_genbin6_recobin5 acc 0.028 eff 0.0505 outinratio 0.0737 

VBFH126_2e2mu_TBjmax_genbin6_recobin5 acc 0.0564 eff 0.0396 outinratio 0.0364 

WminusH126_2e2mu_TBjmax_genbin6_recobin5 acc 0.1093 eff 0.0396 outinratio 0.0956 

WplusH126_2e2mu_TBjmax_genbin6_recobin5 acc 0.1029 eff 0.0411 outinratio 0.1132 

ZH126_2e2mu_TBjmax_genbin6_recobin5 acc 0.1136 eff 0.0374 outinratio 0.0793 

ttH126_2e2mu_TBjmax_genbin6_recobin5 acc 0.2489 eff 0.0176 outinratio 0.1318 

ggH126_2e2mu_TBjmax_genbin0_recobin6 acc 0.2592 eff 0.0013 outinratio 0.0332 

VBFH126_2e2mu_TBjmax_genbin0_recobin6 acc 0.0394 eff 0.0026 outinratio 0.054 

WminusH126_2e2mu_TBjmax_genbin0_recobin6 acc 0.0794 eff 0.035 outinratio 0.0777 

WplusH126_2e2mu_TBjmax_genbin0_recobin6 acc 0.0722 eff 0.0074 outinratio 0.0726 

ZH126_2e2mu_TBjmax_genbin0_recobin6 acc 0.0752 eff 0.011 outinratio 0.0509 

ttH126_2e2mu_TBjmax_genbin0_recobin6 acc 0.0008 eff 0.0968 outinratio 0.1707 

ggH126_2e2mu_TBjmax_genbin1_recobin6 acc 0.0225 eff 0.0035 outinratio 0.0332 

VBFH126_2e2mu_TBjmax_genbin1_recobin6 acc 0.0785 eff 0.0021 outinratio 0.054 

WminusH126_2e2mu_TBjmax_genbin1_recobin6 acc 0.0037 eff 0.0 outinratio 0.0777 

WplusH126_2e2mu_TBjmax_genbin1_recobin6 acc 0.005 eff 0.0 outinratio 0.0726 

ZH126_2e2mu_TBjmax_genbin1_recobin6 acc 0.003 eff -1.0 outinratio 0.0509 

ttH126_2e2mu_TBjmax_genbin1_recobin6 acc 0.0003 eff 0.0561 outinratio 0.1707 

ggH126_2e2mu_TBjmax_genbin2_recobin6 acc 0.0216 eff 0.0 outinratio 0.0332 

VBFH126_2e2mu_TBjmax_genbin2_recobin6 acc 0.0655 eff 0.0006 outinratio 0.054 

WminusH126_2e2mu_TBjmax_genbin2_recobin6 acc 0.0076 eff 0.0222 outinratio 0.0777 

WplusH126_2e2mu_TBjmax_genbin2_recobin6 acc 0.0062 eff 0.0 outinratio 0.0726 

ZH126_2e2mu_TBjmax_genbin2_recobin6 acc 0.0049 eff 0.0 outinratio 0.0509 

ttH126_2e2mu_TBjmax_genbin2_recobin6 acc 0.001 eff 0.0979 outinratio 0.1707 

ggH126_2e2mu_TBjmax_genbin3_recobin6 acc 0.029 eff 0.0029 outinratio 0.0332 

VBFH126_2e2mu_TBjmax_genbin3_recobin6 acc 0.0829 eff 0.0027 outinratio 0.054 

WminusH126_2e2mu_TBjmax_genbin3_recobin6 acc 0.0214 eff 0.0095 outinratio 0.0777 

WplusH126_2e2mu_TBjmax_genbin3_recobin6 acc 0.02 eff -0.0056 outinratio 0.0726 

ZH126_2e2mu_TBjmax_genbin3_recobin6 acc 0.0249 eff 0.0042 outinratio 0.0509 

ttH126_2e2mu_TBjmax_genbin3_recobin6 acc 0.0038 eff 0.0749 outinratio 0.1707 

ggH126_2e2mu_TBjmax_genbin4_recobin6 acc 0.0236 eff 0.0 outinratio 0.0332 

VBFH126_2e2mu_TBjmax_genbin4_recobin6 acc 0.058 eff 0.0032 outinratio 0.054 

WminusH126_2e2mu_TBjmax_genbin4_recobin6 acc 0.0339 eff 0.005 outinratio 0.0777 

WplusH126_2e2mu_TBjmax_genbin4_recobin6 acc 0.0312 eff 0.0183 outinratio 0.0726 

ZH126_2e2mu_TBjmax_genbin4_recobin6 acc 0.0397 eff 0.0 outinratio 0.0509 

ttH126_2e2mu_TBjmax_genbin4_recobin6 acc 0.0085 eff 0.0534 outinratio 0.1707 

ggH126_2e2mu_TBjmax_genbin5_recobin6 acc 0.0308 eff 0.031 outinratio 0.0332 

VBFH126_2e2mu_TBjmax_genbin5_recobin6 acc 0.0636 eff 0.06 outinratio 0.054 

WminusH126_2e2mu_TBjmax_genbin5_recobin6 acc 0.0871 eff 0.0899 outinratio 0.0777 

WplusH126_2e2mu_TBjmax_genbin5_recobin6 acc 0.0707 eff 0.0681 outinratio 0.0726 

ZH126_2e2mu_TBjmax_genbin5_recobin6 acc 0.0827 eff 0.0574 outinratio 0.0509 

ttH126_2e2mu_TBjmax_genbin5_recobin6 acc 0.0481 eff 0.1268 outinratio 0.1707 

ggH126_2e2mu_TBjmax_genbin6_recobin6 acc 0.028 eff 0.561 outinratio 0.0332 

VBFH126_2e2mu_TBjmax_genbin6_recobin6 acc 0.0564 eff 0.5027 outinratio 0.054 

WminusH126_2e2mu_TBjmax_genbin6_recobin6 acc 0.1093 eff 0.4898 outinratio 0.0777 

WplusH126_2e2mu_TBjmax_genbin6_recobin6 acc 0.1029 eff 0.5268 outinratio 0.0726 

ZH126_2e2mu_TBjmax_genbin6_recobin6 acc 0.1136 eff 0.4636 outinratio 0.0509 

ttH126_2e2mu_TBjmax_genbin6_recobin6 acc 0.2489 eff 0.5079 outinratio 0.1707 

Coeff fullNNLOPS
