Welcome in RunCoefficients!
OPT SPLIT
DEBUG opt.YEAR = 2024_4
It is a single-differential measurement, binning [-100.0, 0.0, 4.0, 8.0, 15.0, 20.0, 35.0, 10000.0]
TCjMax
Following observables extracted from dictionary: RECO =  TCjMax  GEN =  GENTCjMax
LUMI: 10.882200000000001
ttH126 0.00046886128
Processing ggH126 2024_4
Signal created
Signal failed created
Processing VBFH126 2024_4
Signal created
Signal failed created
Processing WminusH126 2024_4
Signal created
Signal failed created
Processing WplusH126 2024_4
Signal created
Signal failed created
Processing ZH126 2024_4
Signal created
Signal failed created
Processing ttH126 2024_4
Signal created
Signal failed created
2024_4 SKIMMED df CREATED
2024_4 ggH126
2024_4 VBFH126
2024_4 WminusH126
2024_4 WplusH126
2024_4 ZH126
2024_4 ttH126
Dataframes created successfully
Coeff std
ggH126_4l_TCjmax_genbin0_recobin0 acc 0.2556 eff 0.4769 outinratio 0.0519 

VBFH126_4l_TCjmax_genbin0_recobin0 acc 0.0378 eff 0.3551 outinratio 0.0132 

WminusH126_4l_TCjmax_genbin0_recobin0 acc 0.0917 eff 0.2881 outinratio 0.2984 

WplusH126_4l_TCjmax_genbin0_recobin0 acc 0.0743 eff 0.3851 outinratio 0.0596 

ZH126_4l_TCjmax_genbin0_recobin0 acc 0.0753 eff 0.4345 outinratio 0.0805 

ttH126_4l_TCjmax_genbin0_recobin0 acc 0.0006 eff -1.0 outinratio 1.34 

ggH126_4l_TCjmax_genbin1_recobin0 acc 0.0236 eff 0.1271 outinratio 0.0519 

VBFH126_4l_TCjmax_genbin1_recobin0 acc 0.0848 eff 0.0616 outinratio 0.0132 

WminusH126_4l_TCjmax_genbin1_recobin0 acc 0.0021 eff -1.0 outinratio 0.2984 

WplusH126_4l_TCjmax_genbin1_recobin0 acc 0.0037 eff 0.0696 outinratio 0.0596 

ZH126_4l_TCjmax_genbin1_recobin0 acc 0.0044 eff 0.0809 outinratio 0.0805 

ttH126_4l_TCjmax_genbin1_recobin0 acc 0.0003 eff -1.0 outinratio 1.34 

ggH126_4l_TCjmax_genbin2_recobin0 acc 0.0211 eff 0.0789 outinratio 0.0519 

VBFH126_4l_TCjmax_genbin2_recobin0 acc 0.0653 eff 0.0215 outinratio 0.0132 

WminusH126_4l_TCjmax_genbin2_recobin0 acc 0.0064 eff -1.0 outinratio 0.2984 

WplusH126_4l_TCjmax_genbin2_recobin0 acc 0.0078 eff 0.0779 outinratio 0.0596 

ZH126_4l_TCjmax_genbin2_recobin0 acc 0.0076 eff 0.0894 outinratio 0.0805 

ttH126_4l_TCjmax_genbin2_recobin0 acc 0.001 eff 0.0649 outinratio 1.34 

ggH126_4l_TCjmax_genbin3_recobin0 acc 0.0301 eff 0.0677 outinratio 0.0519 

VBFH126_4l_TCjmax_genbin3_recobin0 acc 0.0834 eff 0.0116 outinratio 0.0132 

WminusH126_4l_TCjmax_genbin3_recobin0 acc 0.0362 eff 0.049 outinratio 0.2984 

WplusH126_4l_TCjmax_genbin3_recobin0 acc 0.0239 eff 0.0624 outinratio 0.0596 

ZH126_4l_TCjmax_genbin3_recobin0 acc 0.0258 eff 0.0653 outinratio 0.0805 

ttH126_4l_TCjmax_genbin3_recobin0 acc 0.0039 eff 0.0 outinratio 1.34 

ggH126_4l_TCjmax_genbin4_recobin0 acc 0.0228 eff 0.0644 outinratio 0.0519 

VBFH126_4l_TCjmax_genbin4_recobin0 acc 0.0471 eff 0.0067 outinratio 0.0132 

WminusH126_4l_TCjmax_genbin4_recobin0 acc 0.0469 eff 0.0 outinratio 0.2984 

WplusH126_4l_TCjmax_genbin4_recobin0 acc 0.0322 eff 0.0337 outinratio 0.0596 

ZH126_4l_TCjmax_genbin4_recobin0 acc 0.0363 eff 0.026 outinratio 0.0805 

ttH126_4l_TCjmax_genbin4_recobin0 acc 0.0095 eff 0.0 outinratio 1.34 

ggH126_4l_TCjmax_genbin5_recobin0 acc 0.0298 eff 0.0058 outinratio 0.0519 

VBFH126_4l_TCjmax_genbin5_recobin0 acc 0.0751 eff 0.0017 outinratio 0.0132 

WminusH126_4l_TCjmax_genbin5_recobin0 acc 0.0704 eff 0.0 outinratio 0.2984 

WplusH126_4l_TCjmax_genbin5_recobin0 acc 0.0792 eff 0.0053 outinratio 0.0596 

ZH126_4l_TCjmax_genbin5_recobin0 acc 0.0912 eff 0.009 outinratio 0.0805 

ttH126_4l_TCjmax_genbin5_recobin0 acc 0.0602 eff 0.0 outinratio 1.34 

ggH126_4l_TCjmax_genbin6_recobin0 acc 0.0241 eff 0.0008 outinratio 0.0519 

VBFH126_4l_TCjmax_genbin6_recobin0 acc 0.0672 eff 0.0056 outinratio 0.0132 

WminusH126_4l_TCjmax_genbin6_recobin0 acc 0.0981 eff 0.0 outinratio 0.2984 

WplusH126_4l_TCjmax_genbin6_recobin0 acc 0.0923 eff 0.0017 outinratio 0.0596 

ZH126_4l_TCjmax_genbin6_recobin0 acc 0.1026 eff 0.0011 outinratio 0.0805 

ttH126_4l_TCjmax_genbin6_recobin0 acc 0.2447 eff 0.0 outinratio 1.34 

ggH126_4l_TCjmax_genbin0_recobin1 acc 0.2556 eff 0.0288 outinratio 0.0422 

VBFH126_4l_TCjmax_genbin0_recobin1 acc 0.0378 eff 0.0972 outinratio 0.0563 

WminusH126_4l_TCjmax_genbin0_recobin1 acc 0.0917 eff 0.0248 outinratio 0.0 

WplusH126_4l_TCjmax_genbin0_recobin1 acc 0.0743 eff 0.021 outinratio 0.0935 

ZH126_4l_TCjmax_genbin0_recobin1 acc 0.0753 eff 0.0139 outinratio 0.1754 

ttH126_4l_TCjmax_genbin0_recobin1 acc 0.0006 eff -1.0 outinratio 0.0 

ggH126_4l_TCjmax_genbin1_recobin1 acc 0.0236 eff 0.3414 outinratio 0.0422 

VBFH126_4l_TCjmax_genbin1_recobin1 acc 0.0848 eff 0.3699 outinratio 0.0563 

WminusH126_4l_TCjmax_genbin1_recobin1 acc 0.0021 eff -1.0 outinratio 0.0 

WplusH126_4l_TCjmax_genbin1_recobin1 acc 0.0037 eff 0.2763 outinratio 0.0935 

ZH126_4l_TCjmax_genbin1_recobin1 acc 0.0044 eff 0.1604 outinratio 0.1754 

ttH126_4l_TCjmax_genbin1_recobin1 acc 0.0003 eff -1.0 outinratio 0.0 

ggH126_4l_TCjmax_genbin2_recobin1 acc 0.0211 eff 0.0362 outinratio 0.0422 

VBFH126_4l_TCjmax_genbin2_recobin1 acc 0.0653 eff 0.0653 outinratio 0.0563 

WminusH126_4l_TCjmax_genbin2_recobin1 acc 0.0064 eff -1.0 outinratio 0.0 

WplusH126_4l_TCjmax_genbin2_recobin1 acc 0.0078 eff 0.0252 outinratio 0.0935 

ZH126_4l_TCjmax_genbin2_recobin1 acc 0.0076 eff 0.01 outinratio 0.1754 

ttH126_4l_TCjmax_genbin2_recobin1 acc 0.001 eff 0.0 outinratio 0.0 

ggH126_4l_TCjmax_genbin3_recobin1 acc 0.0301 eff 0.0073 outinratio 0.0422 

VBFH126_4l_TCjmax_genbin3_recobin1 acc 0.0834 eff 0.0112 outinratio 0.0563 

WminusH126_4l_TCjmax_genbin3_recobin1 acc 0.0362 eff 0.0 outinratio 0.0 

WplusH126_4l_TCjmax_genbin3_recobin1 acc 0.0239 eff 0.0035 outinratio 0.0935 

ZH126_4l_TCjmax_genbin3_recobin1 acc 0.0258 eff 0.0033 outinratio 0.1754 

ttH126_4l_TCjmax_genbin3_recobin1 acc 0.0039 eff 0.0 outinratio 0.0 

ggH126_4l_TCjmax_genbin4_recobin1 acc 0.0228 eff 0.0149 outinratio 0.0422 

VBFH126_4l_TCjmax_genbin4_recobin1 acc 0.0471 eff 0.0063 outinratio 0.0563 

WminusH126_4l_TCjmax_genbin4_recobin1 acc 0.0469 eff 0.0 outinratio 0.0 

WplusH126_4l_TCjmax_genbin4_recobin1 acc 0.0322 eff 0.0044 outinratio 0.0935 

ZH126_4l_TCjmax_genbin4_recobin1 acc 0.0363 eff 0.0062 outinratio 0.1754 

ttH126_4l_TCjmax_genbin4_recobin1 acc 0.0095 eff 0.0 outinratio 0.0 

ggH126_4l_TCjmax_genbin5_recobin1 acc 0.0298 eff 0.0021 outinratio 0.0422 

VBFH126_4l_TCjmax_genbin5_recobin1 acc 0.0751 eff 0.0 outinratio 0.0563 

WminusH126_4l_TCjmax_genbin5_recobin1 acc 0.0704 eff 0.0 outinratio 0.0 

WplusH126_4l_TCjmax_genbin5_recobin1 acc 0.0792 eff 0.0004 outinratio 0.0935 

ZH126_4l_TCjmax_genbin5_recobin1 acc 0.0912 eff 0.0 outinratio 0.1754 

ttH126_4l_TCjmax_genbin5_recobin1 acc 0.0602 eff 0.0 outinratio 0.0 

ggH126_4l_TCjmax_genbin6_recobin1 acc 0.0241 eff 0.0 outinratio 0.0422 

VBFH126_4l_TCjmax_genbin6_recobin1 acc 0.0672 eff 0.0021 outinratio 0.0563 

WminusH126_4l_TCjmax_genbin6_recobin1 acc 0.0981 eff 0.0 outinratio 0.0 

WplusH126_4l_TCjmax_genbin6_recobin1 acc 0.0923 eff 0.0002 outinratio 0.0935 

ZH126_4l_TCjmax_genbin6_recobin1 acc 0.1026 eff 0.0 outinratio 0.1754 

ttH126_4l_TCjmax_genbin6_recobin1 acc 0.2447 eff 0.0 outinratio 0.0 

ggH126_4l_TCjmax_genbin0_recobin2 acc 0.2556 eff 0.0098 outinratio 0.0463 

VBFH126_4l_TCjmax_genbin0_recobin2 acc 0.0378 eff 0.0236 outinratio 0.0362 

WminusH126_4l_TCjmax_genbin0_recobin2 acc 0.0917 eff 0.0 outinratio 0.0 

WplusH126_4l_TCjmax_genbin0_recobin2 acc 0.0743 eff 0.0143 outinratio 0.0821 

ZH126_4l_TCjmax_genbin0_recobin2 acc 0.0753 eff 0.0141 outinratio 0.0814 

ttH126_4l_TCjmax_genbin0_recobin2 acc 0.0006 eff -1.0 outinratio 0.0 

ggH126_4l_TCjmax_genbin1_recobin2 acc 0.0236 eff 0.0341 outinratio 0.0463 

VBFH126_4l_TCjmax_genbin1_recobin2 acc 0.0848 eff 0.0605 outinratio 0.0362 

WminusH126_4l_TCjmax_genbin1_recobin2 acc 0.0021 eff -1.0 outinratio 0.0 

WplusH126_4l_TCjmax_genbin1_recobin2 acc 0.0037 eff 0.0454 outinratio 0.0821 

ZH126_4l_TCjmax_genbin1_recobin2 acc 0.0044 eff 0.0308 outinratio 0.0814 

ttH126_4l_TCjmax_genbin1_recobin2 acc 0.0003 eff -1.0 outinratio 0.0 

ggH126_4l_TCjmax_genbin2_recobin2 acc 0.0211 eff 0.325 outinratio 0.0463 

VBFH126_4l_TCjmax_genbin2_recobin2 acc 0.0653 eff 0.3959 outinratio 0.0362 

WminusH126_4l_TCjmax_genbin2_recobin2 acc 0.0064 eff -1.0 outinratio 0.0 

WplusH126_4l_TCjmax_genbin2_recobin2 acc 0.0078 eff 0.2146 outinratio 0.0821 

ZH126_4l_TCjmax_genbin2_recobin2 acc 0.0076 eff 0.3174 outinratio 0.0814 

ttH126_4l_TCjmax_genbin2_recobin2 acc 0.001 eff 0.113 outinratio 0.0 

ggH126_4l_TCjmax_genbin3_recobin2 acc 0.0301 eff 0.0404 outinratio 0.0463 

VBFH126_4l_TCjmax_genbin3_recobin2 acc 0.0834 eff 0.0397 outinratio 0.0362 

WminusH126_4l_TCjmax_genbin3_recobin2 acc 0.0362 eff 0.021 outinratio 0.0 

WplusH126_4l_TCjmax_genbin3_recobin2 acc 0.0239 eff 0.0219 outinratio 0.0821 

ZH126_4l_TCjmax_genbin3_recobin2 acc 0.0258 eff 0.0266 outinratio 0.0814 

ttH126_4l_TCjmax_genbin3_recobin2 acc 0.0039 eff 0.027 outinratio 0.0 

ggH126_4l_TCjmax_genbin4_recobin2 acc 0.0228 eff 0.004 outinratio 0.0463 

VBFH126_4l_TCjmax_genbin4_recobin2 acc 0.0471 eff 0.0073 outinratio 0.0362 

WminusH126_4l_TCjmax_genbin4_recobin2 acc 0.0469 eff 0.0 outinratio 0.0 

WplusH126_4l_TCjmax_genbin4_recobin2 acc 0.0322 eff 0.0069 outinratio 0.0821 

ZH126_4l_TCjmax_genbin4_recobin2 acc 0.0363 eff 0.0016 outinratio 0.0814 

ttH126_4l_TCjmax_genbin4_recobin2 acc 0.0095 eff 0.0 outinratio 0.0 

ggH126_4l_TCjmax_genbin5_recobin2 acc 0.0298 eff 0.0011 outinratio 0.0463 

VBFH126_4l_TCjmax_genbin5_recobin2 acc 0.0751 eff 0.0012 outinratio 0.0362 

WminusH126_4l_TCjmax_genbin5_recobin2 acc 0.0704 eff 0.0 outinratio 0.0 

WplusH126_4l_TCjmax_genbin5_recobin2 acc 0.0792 eff 0.0004 outinratio 0.0821 

ZH126_4l_TCjmax_genbin5_recobin2 acc 0.0912 eff 0.0005 outinratio 0.0814 

ttH126_4l_TCjmax_genbin5_recobin2 acc 0.0602 eff 0.0 outinratio 0.0 

ggH126_4l_TCjmax_genbin6_recobin2 acc 0.0241 eff 0.0 outinratio 0.0463 

VBFH126_4l_TCjmax_genbin6_recobin2 acc 0.0672 eff 0.002 outinratio 0.0362 

WminusH126_4l_TCjmax_genbin6_recobin2 acc 0.0981 eff 0.0 outinratio 0.0 

WplusH126_4l_TCjmax_genbin6_recobin2 acc 0.0923 eff 0.0 outinratio 0.0821 

ZH126_4l_TCjmax_genbin6_recobin2 acc 0.1026 eff 0.0005 outinratio 0.0814 

ttH126_4l_TCjmax_genbin6_recobin2 acc 0.2447 eff 0.0 outinratio 0.0 

ggH126_4l_TCjmax_genbin0_recobin3 acc 0.2556 eff 0.0139 outinratio 0.0605 

VBFH126_4l_TCjmax_genbin0_recobin3 acc 0.0378 eff 0.0243 outinratio 0.0323 

WminusH126_4l_TCjmax_genbin0_recobin3 acc 0.0917 eff 0.0119 outinratio 0.0 

WplusH126_4l_TCjmax_genbin0_recobin3 acc 0.0743 eff 0.0338 outinratio 0.0669 

ZH126_4l_TCjmax_genbin0_recobin3 acc 0.0753 eff 0.0299 outinratio 0.0666 

ttH126_4l_TCjmax_genbin0_recobin3 acc 0.0006 eff -1.0 outinratio 0.104 

ggH126_4l_TCjmax_genbin1_recobin3 acc 0.0236 eff 0.0141 outinratio 0.0605 

VBFH126_4l_TCjmax_genbin1_recobin3 acc 0.0848 eff 0.0231 outinratio 0.0323 

WminusH126_4l_TCjmax_genbin1_recobin3 acc 0.0021 eff -1.0 outinratio 0.0 

WplusH126_4l_TCjmax_genbin1_recobin3 acc 0.0037 eff 0.0225 outinratio 0.0669 

ZH126_4l_TCjmax_genbin1_recobin3 acc 0.0044 eff 0.1258 outinratio 0.0666 

ttH126_4l_TCjmax_genbin1_recobin3 acc 0.0003 eff -1.0 outinratio 0.104 

ggH126_4l_TCjmax_genbin2_recobin3 acc 0.0211 eff 0.0736 outinratio 0.0605 

VBFH126_4l_TCjmax_genbin2_recobin3 acc 0.0653 eff 0.1048 outinratio 0.0323 

WminusH126_4l_TCjmax_genbin2_recobin3 acc 0.0064 eff -1.0 outinratio 0.0 

WplusH126_4l_TCjmax_genbin2_recobin3 acc 0.0078 eff 0.1035 outinratio 0.0669 

ZH126_4l_TCjmax_genbin2_recobin3 acc 0.0076 eff 0.1382 outinratio 0.0666 

ttH126_4l_TCjmax_genbin2_recobin3 acc 0.001 eff 0.1856 outinratio 0.104 

ggH126_4l_TCjmax_genbin3_recobin3 acc 0.0301 eff 0.3635 outinratio 0.0605 

VBFH126_4l_TCjmax_genbin3_recobin3 acc 0.0834 eff 0.3846 outinratio 0.0323 

WminusH126_4l_TCjmax_genbin3_recobin3 acc 0.0362 eff 0.2346 outinratio 0.0 

WplusH126_4l_TCjmax_genbin3_recobin3 acc 0.0239 eff 0.3201 outinratio 0.0669 

ZH126_4l_TCjmax_genbin3_recobin3 acc 0.0258 eff 0.3071 outinratio 0.0666 

ttH126_4l_TCjmax_genbin3_recobin3 acc 0.0039 eff 0.3506 outinratio 0.104 

ggH126_4l_TCjmax_genbin4_recobin3 acc 0.0228 eff 0.0843 outinratio 0.0605 

VBFH126_4l_TCjmax_genbin4_recobin3 acc 0.0471 eff 0.0865 outinratio 0.0323 

WminusH126_4l_TCjmax_genbin4_recobin3 acc 0.0469 eff 0.0502 outinratio 0.0 

WplusH126_4l_TCjmax_genbin4_recobin3 acc 0.0322 eff 0.0648 outinratio 0.0669 

ZH126_4l_TCjmax_genbin4_recobin3 acc 0.0363 eff 0.0646 outinratio 0.0666 

ttH126_4l_TCjmax_genbin4_recobin3 acc 0.0095 eff 0.0776 outinratio 0.104 

ggH126_4l_TCjmax_genbin5_recobin3 acc 0.0298 eff 0.005 outinratio 0.0605 

VBFH126_4l_TCjmax_genbin5_recobin3 acc 0.0751 eff 0.0048 outinratio 0.0323 

WminusH126_4l_TCjmax_genbin5_recobin3 acc 0.0704 eff 0.0 outinratio 0.0 

WplusH126_4l_TCjmax_genbin5_recobin3 acc 0.0792 eff 0.0044 outinratio 0.0669 

ZH126_4l_TCjmax_genbin5_recobin3 acc 0.0912 eff 0.01 outinratio 0.0666 

ttH126_4l_TCjmax_genbin5_recobin3 acc 0.0602 eff 0.0 outinratio 0.104 

ggH126_4l_TCjmax_genbin6_recobin3 acc 0.0241 eff 0.0 outinratio 0.0605 

VBFH126_4l_TCjmax_genbin6_recobin3 acc 0.0672 eff 0.0 outinratio 0.0323 

WminusH126_4l_TCjmax_genbin6_recobin3 acc 0.0981 eff 0.0 outinratio 0.0 

WplusH126_4l_TCjmax_genbin6_recobin3 acc 0.0923 eff 0.0005 outinratio 0.0669 

ZH126_4l_TCjmax_genbin6_recobin3 acc 0.1026 eff 0.0018 outinratio 0.0666 

ttH126_4l_TCjmax_genbin6_recobin3 acc 0.2447 eff 0.0 outinratio 0.104 

ggH126_4l_TCjmax_genbin0_recobin4 acc 0.2556 eff 0.0114 outinratio 0.0539 

VBFH126_4l_TCjmax_genbin0_recobin4 acc 0.0378 eff 0.021 outinratio 0.0101 

WminusH126_4l_TCjmax_genbin0_recobin4 acc 0.0917 eff 0.041 outinratio 0.0914 

WplusH126_4l_TCjmax_genbin0_recobin4 acc 0.0743 eff 0.0319 outinratio 0.0747 

ZH126_4l_TCjmax_genbin0_recobin4 acc 0.0753 eff 0.0184 outinratio 0.0879 

ttH126_4l_TCjmax_genbin0_recobin4 acc 0.0006 eff -1.0 outinratio 0.0807 

ggH126_4l_TCjmax_genbin1_recobin4 acc 0.0236 eff 0.0131 outinratio 0.0539 

VBFH126_4l_TCjmax_genbin1_recobin4 acc 0.0848 eff 0.0041 outinratio 0.0101 

WminusH126_4l_TCjmax_genbin1_recobin4 acc 0.0021 eff -1.0 outinratio 0.0914 

WplusH126_4l_TCjmax_genbin1_recobin4 acc 0.0037 eff 0.0205 outinratio 0.0747 

ZH126_4l_TCjmax_genbin1_recobin4 acc 0.0044 eff 0.0257 outinratio 0.0879 

ttH126_4l_TCjmax_genbin1_recobin4 acc 0.0003 eff -1.0 outinratio 0.0807 

ggH126_4l_TCjmax_genbin2_recobin4 acc 0.0211 eff 0.0119 outinratio 0.0539 

VBFH126_4l_TCjmax_genbin2_recobin4 acc 0.0653 eff 0.0095 outinratio 0.0101 

WminusH126_4l_TCjmax_genbin2_recobin4 acc 0.0064 eff -1.0 outinratio 0.0914 

WplusH126_4l_TCjmax_genbin2_recobin4 acc 0.0078 eff 0.0279 outinratio 0.0747 

ZH126_4l_TCjmax_genbin2_recobin4 acc 0.0076 eff 0.0243 outinratio 0.0879 

ttH126_4l_TCjmax_genbin2_recobin4 acc 0.001 eff 0.1279 outinratio 0.0807 

ggH126_4l_TCjmax_genbin3_recobin4 acc 0.0301 eff 0.0802 outinratio 0.0539 

VBFH126_4l_TCjmax_genbin3_recobin4 acc 0.0834 eff 0.0741 outinratio 0.0101 

WminusH126_4l_TCjmax_genbin3_recobin4 acc 0.0362 eff 0.232 outinratio 0.0914 

WplusH126_4l_TCjmax_genbin3_recobin4 acc 0.0239 eff 0.1124 outinratio 0.0747 

ZH126_4l_TCjmax_genbin3_recobin4 acc 0.0258 eff 0.0903 outinratio 0.0879 

ttH126_4l_TCjmax_genbin3_recobin4 acc 0.0039 eff 0.099 outinratio 0.0807 

ggH126_4l_TCjmax_genbin4_recobin4 acc 0.0228 eff 0.2937 outinratio 0.0539 

VBFH126_4l_TCjmax_genbin4_recobin4 acc 0.0471 eff 0.3508 outinratio 0.0101 

WminusH126_4l_TCjmax_genbin4_recobin4 acc 0.0469 eff 0.3773 outinratio 0.0914 

WplusH126_4l_TCjmax_genbin4_recobin4 acc 0.0322 eff 0.2591 outinratio 0.0747 

ZH126_4l_TCjmax_genbin4_recobin4 acc 0.0363 eff 0.2556 outinratio 0.0879 

ttH126_4l_TCjmax_genbin4_recobin4 acc 0.0095 eff 0.3166 outinratio 0.0807 

ggH126_4l_TCjmax_genbin5_recobin4 acc 0.0298 eff 0.088 outinratio 0.0539 

VBFH126_4l_TCjmax_genbin5_recobin4 acc 0.0751 eff 0.0512 outinratio 0.0101 

WminusH126_4l_TCjmax_genbin5_recobin4 acc 0.0704 eff 0.0139 outinratio 0.0914 

WplusH126_4l_TCjmax_genbin5_recobin4 acc 0.0792 eff 0.0467 outinratio 0.0747 

ZH126_4l_TCjmax_genbin5_recobin4 acc 0.0912 eff 0.0521 outinratio 0.0879 

ttH126_4l_TCjmax_genbin5_recobin4 acc 0.0602 eff 0.016 outinratio 0.0807 

ggH126_4l_TCjmax_genbin6_recobin4 acc 0.0241 eff 0.0 outinratio 0.0539 

VBFH126_4l_TCjmax_genbin6_recobin4 acc 0.0672 eff 0.0044 outinratio 0.0101 

WminusH126_4l_TCjmax_genbin6_recobin4 acc 0.0981 eff 0.0 outinratio 0.0914 

WplusH126_4l_TCjmax_genbin6_recobin4 acc 0.0923 eff 0.0009 outinratio 0.0747 

ZH126_4l_TCjmax_genbin6_recobin4 acc 0.1026 eff 0.003 outinratio 0.0879 

ttH126_4l_TCjmax_genbin6_recobin4 acc 0.2447 eff 0.0 outinratio 0.0807 

ggH126_4l_TCjmax_genbin0_recobin5 acc 0.2556 eff 0.0065 outinratio 0.0762 

VBFH126_4l_TCjmax_genbin0_recobin5 acc 0.0378 eff 0.0016 outinratio 0.0369 

WminusH126_4l_TCjmax_genbin0_recobin5 acc 0.0917 eff 0.0599 outinratio 0.054 

WplusH126_4l_TCjmax_genbin0_recobin5 acc 0.0743 eff 0.0306 outinratio 0.0878 

ZH126_4l_TCjmax_genbin0_recobin5 acc 0.0753 eff 0.0173 outinratio 0.095 

ttH126_4l_TCjmax_genbin0_recobin5 acc 0.0006 eff -1.0 outinratio 0.1752 

ggH126_4l_TCjmax_genbin1_recobin5 acc 0.0236 eff 0.0091 outinratio 0.0762 

VBFH126_4l_TCjmax_genbin1_recobin5 acc 0.0848 eff 0.0076 outinratio 0.0369 

WminusH126_4l_TCjmax_genbin1_recobin5 acc 0.0021 eff -1.0 outinratio 0.054 

WplusH126_4l_TCjmax_genbin1_recobin5 acc 0.0037 eff 0.0376 outinratio 0.0878 

ZH126_4l_TCjmax_genbin1_recobin5 acc 0.0044 eff 0.066 outinratio 0.095 

ttH126_4l_TCjmax_genbin1_recobin5 acc 0.0003 eff -1.0 outinratio 0.1752 

ggH126_4l_TCjmax_genbin2_recobin5 acc 0.0211 eff 0.0062 outinratio 0.0762 

VBFH126_4l_TCjmax_genbin2_recobin5 acc 0.0653 eff 0.0004 outinratio 0.0369 

WminusH126_4l_TCjmax_genbin2_recobin5 acc 0.0064 eff -1.0 outinratio 0.054 

WplusH126_4l_TCjmax_genbin2_recobin5 acc 0.0078 eff 0.0277 outinratio 0.0878 

ZH126_4l_TCjmax_genbin2_recobin5 acc 0.0076 eff 0.0123 outinratio 0.095 

ttH126_4l_TCjmax_genbin2_recobin5 acc 0.001 eff 0.0 outinratio 0.1752 

ggH126_4l_TCjmax_genbin3_recobin5 acc 0.0301 eff 0.0126 outinratio 0.0762 

VBFH126_4l_TCjmax_genbin3_recobin5 acc 0.0834 eff 0.012 outinratio 0.0369 

WminusH126_4l_TCjmax_genbin3_recobin5 acc 0.0362 eff 0.0175 outinratio 0.054 

WplusH126_4l_TCjmax_genbin3_recobin5 acc 0.0239 eff 0.0308 outinratio 0.0878 

ZH126_4l_TCjmax_genbin3_recobin5 acc 0.0258 eff 0.0404 outinratio 0.095 

ttH126_4l_TCjmax_genbin3_recobin5 acc 0.0039 eff 0.0898 outinratio 0.1752 

ggH126_4l_TCjmax_genbin4_recobin5 acc 0.0228 eff 0.1063 outinratio 0.0762 

VBFH126_4l_TCjmax_genbin4_recobin5 acc 0.0471 eff 0.1623 outinratio 0.0369 

WminusH126_4l_TCjmax_genbin4_recobin5 acc 0.0469 eff 0.0731 outinratio 0.054 

WplusH126_4l_TCjmax_genbin4_recobin5 acc 0.0322 eff 0.1635 outinratio 0.0878 

ZH126_4l_TCjmax_genbin4_recobin5 acc 0.0363 eff 0.171 outinratio 0.095 

ttH126_4l_TCjmax_genbin4_recobin5 acc 0.0095 eff 0.1932 outinratio 0.1752 

ggH126_4l_TCjmax_genbin5_recobin5 acc 0.0298 eff 0.4385 outinratio 0.0762 

VBFH126_4l_TCjmax_genbin5_recobin5 acc 0.0751 eff 0.4754 outinratio 0.0369 

WminusH126_4l_TCjmax_genbin5_recobin5 acc 0.0704 eff 0.444 outinratio 0.054 

WplusH126_4l_TCjmax_genbin5_recobin5 acc 0.0792 eff 0.4157 outinratio 0.0878 

ZH126_4l_TCjmax_genbin5_recobin5 acc 0.0912 eff 0.418 outinratio 0.095 

ttH126_4l_TCjmax_genbin5_recobin5 acc 0.0602 eff 0.3859 outinratio 0.1752 

ggH126_4l_TCjmax_genbin6_recobin5 acc 0.0241 eff 0.0632 outinratio 0.0762 

VBFH126_4l_TCjmax_genbin6_recobin5 acc 0.0672 eff 0.0489 outinratio 0.0369 

WminusH126_4l_TCjmax_genbin6_recobin5 acc 0.0981 eff 0.0929 outinratio 0.054 

WplusH126_4l_TCjmax_genbin6_recobin5 acc 0.0923 eff 0.0361 outinratio 0.0878 

ZH126_4l_TCjmax_genbin6_recobin5 acc 0.1026 eff 0.0387 outinratio 0.095 

ttH126_4l_TCjmax_genbin6_recobin5 acc 0.2447 eff 0.026 outinratio 0.1752 

ggH126_4l_TCjmax_genbin0_recobin6 acc 0.2556 eff 0.0009 outinratio 0.0645 

VBFH126_4l_TCjmax_genbin0_recobin6 acc 0.0378 eff 0.0046 outinratio 0.0272 

WminusH126_4l_TCjmax_genbin0_recobin6 acc 0.0917 eff 0.0056 outinratio 0.0 

WplusH126_4l_TCjmax_genbin0_recobin6 acc 0.0743 eff 0.019 outinratio 0.0664 

ZH126_4l_TCjmax_genbin0_recobin6 acc 0.0753 eff 0.0127 outinratio 0.0822 

ttH126_4l_TCjmax_genbin0_recobin6 acc 0.0006 eff -1.0 outinratio 0.1671 

ggH126_4l_TCjmax_genbin1_recobin6 acc 0.0236 eff 0.0 outinratio 0.0645 

VBFH126_4l_TCjmax_genbin1_recobin6 acc 0.0848 eff 0.0038 outinratio 0.0272 

WminusH126_4l_TCjmax_genbin1_recobin6 acc 0.0021 eff -1.0 outinratio 0.0 

WplusH126_4l_TCjmax_genbin1_recobin6 acc 0.0037 eff 0.0257 outinratio 0.0664 

ZH126_4l_TCjmax_genbin1_recobin6 acc 0.0044 eff 0.0 outinratio 0.0822 

ttH126_4l_TCjmax_genbin1_recobin6 acc 0.0003 eff -1.0 outinratio 0.1671 

ggH126_4l_TCjmax_genbin2_recobin6 acc 0.0211 eff 0.0 outinratio 0.0645 

VBFH126_4l_TCjmax_genbin2_recobin6 acc 0.0653 eff 0.0016 outinratio 0.0272 

WminusH126_4l_TCjmax_genbin2_recobin6 acc 0.0064 eff -1.0 outinratio 0.0 

WplusH126_4l_TCjmax_genbin2_recobin6 acc 0.0078 eff 0.021 outinratio 0.0664 

ZH126_4l_TCjmax_genbin2_recobin6 acc 0.0076 eff 0.0 outinratio 0.0822 

ttH126_4l_TCjmax_genbin2_recobin6 acc 0.001 eff 0.1209 outinratio 0.1671 

ggH126_4l_TCjmax_genbin3_recobin6 acc 0.0301 eff 0.0 outinratio 0.0645 

VBFH126_4l_TCjmax_genbin3_recobin6 acc 0.0834 eff 0.0 outinratio 0.0272 

WminusH126_4l_TCjmax_genbin3_recobin6 acc 0.0362 eff 0.0 outinratio 0.0 

WplusH126_4l_TCjmax_genbin3_recobin6 acc 0.0239 eff 0.0132 outinratio 0.0664 

ZH126_4l_TCjmax_genbin3_recobin6 acc 0.0258 eff 0.0082 outinratio 0.0822 

ttH126_4l_TCjmax_genbin3_recobin6 acc 0.0039 eff 0.0733 outinratio 0.1671 

ggH126_4l_TCjmax_genbin4_recobin6 acc 0.0228 eff 0.0014 outinratio 0.0645 

VBFH126_4l_TCjmax_genbin4_recobin6 acc 0.0471 eff 0.0021 outinratio 0.0272 

WminusH126_4l_TCjmax_genbin4_recobin6 acc 0.0469 eff 0.0 outinratio 0.0 

WplusH126_4l_TCjmax_genbin4_recobin6 acc 0.0322 eff 0.0081 outinratio 0.0664 

ZH126_4l_TCjmax_genbin4_recobin6 acc 0.0363 eff 0.0074 outinratio 0.0822 

ttH126_4l_TCjmax_genbin4_recobin6 acc 0.0095 eff 0.0672 outinratio 0.1671 

ggH126_4l_TCjmax_genbin5_recobin6 acc 0.0298 eff 0.0415 outinratio 0.0645 

VBFH126_4l_TCjmax_genbin5_recobin6 acc 0.0751 eff 0.05 outinratio 0.0272 

WminusH126_4l_TCjmax_genbin5_recobin6 acc 0.0704 eff 0.0799 outinratio 0.0 

WplusH126_4l_TCjmax_genbin5_recobin6 acc 0.0792 eff 0.0774 outinratio 0.0664 

ZH126_4l_TCjmax_genbin5_recobin6 acc 0.0912 eff 0.0825 outinratio 0.0822 

ttH126_4l_TCjmax_genbin5_recobin6 acc 0.0602 eff 0.1407 outinratio 0.1671 

ggH126_4l_TCjmax_genbin6_recobin6 acc 0.0241 eff 0.504 outinratio 0.0645 

VBFH126_4l_TCjmax_genbin6_recobin6 acc 0.0672 eff 0.5313 outinratio 0.0272 

WminusH126_4l_TCjmax_genbin6_recobin6 acc 0.0981 eff 0.4263 outinratio 0.0 

WplusH126_4l_TCjmax_genbin6_recobin6 acc 0.0923 eff 0.5225 outinratio 0.0664 

ZH126_4l_TCjmax_genbin6_recobin6 acc 0.1026 eff 0.5092 outinratio 0.0822 

ttH126_4l_TCjmax_genbin6_recobin6 acc 0.2447 eff 0.5026 outinratio 0.1671 

ggH126_4e_TCjmax_genbin0_recobin0 acc 0.2453 eff 0.2808 outinratio 0.0445 

VBFH126_4e_TCjmax_genbin0_recobin0 acc 0.0424 eff 0.2081 outinratio 0.0213 

WminusH126_4e_TCjmax_genbin0_recobin0 acc 0.0698 eff -1.0 outinratio 0.0 

WplusH126_4e_TCjmax_genbin0_recobin0 acc 0.0732 eff 0.2328 outinratio 0.0567 

ZH126_4e_TCjmax_genbin0_recobin0 acc 0.0723 eff 0.2538 outinratio 0.0752 

ttH126_4e_TCjmax_genbin0_recobin0 acc 0.0004 eff -1.0 outinratio 0.0 

ggH126_4e_TCjmax_genbin1_recobin0 acc 0.0251 eff 0.0739 outinratio 0.0445 

VBFH126_4e_TCjmax_genbin1_recobin0 acc 0.0865 eff 0.0368 outinratio 0.0213 

WminusH126_4e_TCjmax_genbin1_recobin0 acc 0.0 eff -1.0 outinratio 0.0 

WplusH126_4e_TCjmax_genbin1_recobin0 acc 0.0037 eff 0.0594 outinratio 0.0567 

ZH126_4e_TCjmax_genbin1_recobin0 acc 0.0043 eff 0.0506 outinratio 0.0752 

ttH126_4e_TCjmax_genbin1_recobin0 acc 0.0004 eff -1.0 outinratio 0.0 

ggH126_4e_TCjmax_genbin2_recobin0 acc 0.0211 eff 0.0334 outinratio 0.0445 

VBFH126_4e_TCjmax_genbin2_recobin0 acc 0.0576 eff 0.0374 outinratio 0.0213 

WminusH126_4e_TCjmax_genbin2_recobin0 acc 0.0078 eff -1.0 outinratio 0.0 

WplusH126_4e_TCjmax_genbin2_recobin0 acc 0.0066 eff 0.0149 outinratio 0.0567 

ZH126_4e_TCjmax_genbin2_recobin0 acc 0.0056 eff 0.0947 outinratio 0.0752 

ttH126_4e_TCjmax_genbin2_recobin0 acc 0.0 eff -1.0 outinratio 0.0 

ggH126_4e_TCjmax_genbin3_recobin0 acc 0.031 eff 0.0417 outinratio 0.0445 

VBFH126_4e_TCjmax_genbin3_recobin0 acc 0.0821 eff 0.0044 outinratio 0.0213 

WminusH126_4e_TCjmax_genbin3_recobin0 acc 0.0233 eff -1.0 outinratio 0.0 

WplusH126_4e_TCjmax_genbin3_recobin0 acc 0.0215 eff 0.037 outinratio 0.0567 

ZH126_4e_TCjmax_genbin3_recobin0 acc 0.0244 eff 0.0394 outinratio 0.0752 

ttH126_4e_TCjmax_genbin3_recobin0 acc 0.0043 eff 0.0 outinratio 0.0 

ggH126_4e_TCjmax_genbin4_recobin0 acc 0.0216 eff 0.0205 outinratio 0.0445 

VBFH126_4e_TCjmax_genbin4_recobin0 acc 0.044 eff 0.0177 outinratio 0.0213 

WminusH126_4e_TCjmax_genbin4_recobin0 acc 0.031 eff -1.0 outinratio 0.0 

WplusH126_4e_TCjmax_genbin4_recobin0 acc 0.0308 eff 0.0174 outinratio 0.0567 

ZH126_4e_TCjmax_genbin4_recobin0 acc 0.0348 eff 0.0321 outinratio 0.0752 

ttH126_4e_TCjmax_genbin4_recobin0 acc 0.0076 eff 0.0 outinratio 0.0 

ggH126_4e_TCjmax_genbin5_recobin0 acc 0.0314 eff 0.0081 outinratio 0.0445 

VBFH126_4e_TCjmax_genbin5_recobin0 acc 0.0701 eff 0.0068 outinratio 0.0213 

WminusH126_4e_TCjmax_genbin5_recobin0 acc 0.0853 eff 0.0 outinratio 0.0 

WplusH126_4e_TCjmax_genbin5_recobin0 acc 0.0774 eff 0.0069 outinratio 0.0567 

ZH126_4e_TCjmax_genbin5_recobin0 acc 0.0854 eff 0.0098 outinratio 0.0752 

ttH126_4e_TCjmax_genbin5_recobin0 acc 0.0632 eff 0.0 outinratio 0.0 

ggH126_4e_TCjmax_genbin6_recobin0 acc 0.0252 eff 0.0 outinratio 0.0445 

VBFH126_4e_TCjmax_genbin6_recobin0 acc 0.0631 eff 0.008 outinratio 0.0213 

WminusH126_4e_TCjmax_genbin6_recobin0 acc 0.0775 eff -1.0 outinratio 0.0 

WplusH126_4e_TCjmax_genbin6_recobin0 acc 0.0899 eff 0.0018 outinratio 0.0567 

ZH126_4e_TCjmax_genbin6_recobin0 acc 0.0985 eff 0.0 outinratio 0.0752 

ttH126_4e_TCjmax_genbin6_recobin0 acc 0.2383 eff 0.0 outinratio 0.0 

ggH126_4e_TCjmax_genbin0_recobin1 acc 0.2453 eff 0.0196 outinratio 0.0551 

VBFH126_4e_TCjmax_genbin0_recobin1 acc 0.0424 eff 0.0509 outinratio 0.0185 

WminusH126_4e_TCjmax_genbin0_recobin1 acc 0.0698 eff -1.0 outinratio 0.0 

WplusH126_4e_TCjmax_genbin0_recobin1 acc 0.0732 eff 0.0106 outinratio 0.0625 

ZH126_4e_TCjmax_genbin0_recobin1 acc 0.0723 eff 0.0103 outinratio 0.2737 

ttH126_4e_TCjmax_genbin0_recobin1 acc 0.0004 eff -1.0 outinratio 0.0 

ggH126_4e_TCjmax_genbin1_recobin1 acc 0.0251 eff 0.265 outinratio 0.0551 

VBFH126_4e_TCjmax_genbin1_recobin1 acc 0.0865 eff 0.2783 outinratio 0.0185 

WminusH126_4e_TCjmax_genbin1_recobin1 acc 0.0 eff -1.0 outinratio 0.0 

WplusH126_4e_TCjmax_genbin1_recobin1 acc 0.0037 eff 0.1538 outinratio 0.0625 

ZH126_4e_TCjmax_genbin1_recobin1 acc 0.0043 eff 0.1622 outinratio 0.2737 

ttH126_4e_TCjmax_genbin1_recobin1 acc 0.0004 eff -1.0 outinratio 0.0 

ggH126_4e_TCjmax_genbin2_recobin1 acc 0.0211 eff 0.0252 outinratio 0.0551 

VBFH126_4e_TCjmax_genbin2_recobin1 acc 0.0576 eff 0.0496 outinratio 0.0185 

WminusH126_4e_TCjmax_genbin2_recobin1 acc 0.0078 eff -1.0 outinratio 0.0 

WplusH126_4e_TCjmax_genbin2_recobin1 acc 0.0066 eff 0.0 outinratio 0.0625 

ZH126_4e_TCjmax_genbin2_recobin1 acc 0.0056 eff 0.0 outinratio 0.2737 

ttH126_4e_TCjmax_genbin2_recobin1 acc 0.0 eff -1.0 outinratio 0.0 

ggH126_4e_TCjmax_genbin3_recobin1 acc 0.031 eff 0.006 outinratio 0.0551 

VBFH126_4e_TCjmax_genbin3_recobin1 acc 0.0821 eff 0.0045 outinratio 0.0185 

WminusH126_4e_TCjmax_genbin3_recobin1 acc 0.0233 eff -1.0 outinratio 0.0 

WplusH126_4e_TCjmax_genbin3_recobin1 acc 0.0215 eff 0.0 outinratio 0.0625 

ZH126_4e_TCjmax_genbin3_recobin1 acc 0.0244 eff 0.0068 outinratio 0.2737 

ttH126_4e_TCjmax_genbin3_recobin1 acc 0.0043 eff 0.0 outinratio 0.0 

ggH126_4e_TCjmax_genbin4_recobin1 acc 0.0216 eff 0.0007 outinratio 0.0551 

VBFH126_4e_TCjmax_genbin4_recobin1 acc 0.044 eff 0.0031 outinratio 0.0185 

WminusH126_4e_TCjmax_genbin4_recobin1 acc 0.031 eff -1.0 outinratio 0.0 

WplusH126_4e_TCjmax_genbin4_recobin1 acc 0.0308 eff 0.0048 outinratio 0.0625 

ZH126_4e_TCjmax_genbin4_recobin1 acc 0.0348 eff 0.0 outinratio 0.2737 

ttH126_4e_TCjmax_genbin4_recobin1 acc 0.0076 eff 0.0 outinratio 0.0 

ggH126_4e_TCjmax_genbin5_recobin1 acc 0.0314 eff 0.0012 outinratio 0.0551 

VBFH126_4e_TCjmax_genbin5_recobin1 acc 0.0701 eff 0.0 outinratio 0.0185 

WminusH126_4e_TCjmax_genbin5_recobin1 acc 0.0853 eff 0.0 outinratio 0.0 

WplusH126_4e_TCjmax_genbin5_recobin1 acc 0.0774 eff 0.0 outinratio 0.0625 

ZH126_4e_TCjmax_genbin5_recobin1 acc 0.0854 eff 0.0 outinratio 0.2737 

ttH126_4e_TCjmax_genbin5_recobin1 acc 0.0632 eff 0.0 outinratio 0.0 

ggH126_4e_TCjmax_genbin6_recobin1 acc 0.0252 eff 0.0 outinratio 0.0551 

VBFH126_4e_TCjmax_genbin6_recobin1 acc 0.0631 eff 0.0 outinratio 0.0185 

WminusH126_4e_TCjmax_genbin6_recobin1 acc 0.0775 eff -1.0 outinratio 0.0 

WplusH126_4e_TCjmax_genbin6_recobin1 acc 0.0899 eff 0.0 outinratio 0.0625 

ZH126_4e_TCjmax_genbin6_recobin1 acc 0.0985 eff 0.0 outinratio 0.2737 

ttH126_4e_TCjmax_genbin6_recobin1 acc 0.2383 eff 0.0 outinratio 0.0 

ggH126_4e_TCjmax_genbin0_recobin2 acc 0.2453 eff 0.0042 outinratio 0.0549 

VBFH126_4e_TCjmax_genbin0_recobin2 acc 0.0424 eff 0.0 outinratio 0.0284 

WminusH126_4e_TCjmax_genbin0_recobin2 acc 0.0698 eff -1.0 outinratio 0.0 

WplusH126_4e_TCjmax_genbin0_recobin2 acc 0.0732 eff 0.0063 outinratio 0.0648 

ZH126_4e_TCjmax_genbin0_recobin2 acc 0.0723 eff 0.0065 outinratio 0.1648 

ttH126_4e_TCjmax_genbin0_recobin2 acc 0.0004 eff -1.0 outinratio 0.0 

ggH126_4e_TCjmax_genbin1_recobin2 acc 0.0251 eff 0.0186 outinratio 0.0549 

VBFH126_4e_TCjmax_genbin1_recobin2 acc 0.0865 eff 0.0624 outinratio 0.0284 

WminusH126_4e_TCjmax_genbin1_recobin2 acc 0.0 eff -1.0 outinratio 0.0 

WplusH126_4e_TCjmax_genbin1_recobin2 acc 0.0037 eff 0.0244 outinratio 0.0648 

ZH126_4e_TCjmax_genbin1_recobin2 acc 0.0043 eff 0.0 outinratio 0.1648 

ttH126_4e_TCjmax_genbin1_recobin2 acc 0.0004 eff -1.0 outinratio 0.0 

ggH126_4e_TCjmax_genbin2_recobin2 acc 0.0211 eff 0.2072 outinratio 0.0549 

VBFH126_4e_TCjmax_genbin2_recobin2 acc 0.0576 eff 0.2449 outinratio 0.0284 

WminusH126_4e_TCjmax_genbin2_recobin2 acc 0.0078 eff -1.0 outinratio 0.0 

WplusH126_4e_TCjmax_genbin2_recobin2 acc 0.0066 eff 0.143 outinratio 0.0648 

ZH126_4e_TCjmax_genbin2_recobin2 acc 0.0056 eff 0.1829 outinratio 0.1648 

ttH126_4e_TCjmax_genbin2_recobin2 acc 0.0 eff -1.0 outinratio 0.0 

ggH126_4e_TCjmax_genbin3_recobin2 acc 0.031 eff 0.0194 outinratio 0.0549 

VBFH126_4e_TCjmax_genbin3_recobin2 acc 0.0821 eff 0.032 outinratio 0.0284 

WminusH126_4e_TCjmax_genbin3_recobin2 acc 0.0233 eff -1.0 outinratio 0.0 

WplusH126_4e_TCjmax_genbin3_recobin2 acc 0.0215 eff 0.0217 outinratio 0.0648 

ZH126_4e_TCjmax_genbin3_recobin2 acc 0.0244 eff 0.0 outinratio 0.1648 

ttH126_4e_TCjmax_genbin3_recobin2 acc 0.0043 eff 0.0 outinratio 0.0 

ggH126_4e_TCjmax_genbin4_recobin2 acc 0.0216 eff 0.005 outinratio 0.0549 

VBFH126_4e_TCjmax_genbin4_recobin2 acc 0.044 eff 0.0065 outinratio 0.0284 

WminusH126_4e_TCjmax_genbin4_recobin2 acc 0.031 eff -1.0 outinratio 0.0 

WplusH126_4e_TCjmax_genbin4_recobin2 acc 0.0308 eff 0.0075 outinratio 0.0648 

ZH126_4e_TCjmax_genbin4_recobin2 acc 0.0348 eff 0.0 outinratio 0.1648 

ttH126_4e_TCjmax_genbin4_recobin2 acc 0.0076 eff 0.0 outinratio 0.0 

ggH126_4e_TCjmax_genbin5_recobin2 acc 0.0314 eff 0.0 outinratio 0.0549 

VBFH126_4e_TCjmax_genbin5_recobin2 acc 0.0701 eff 0.0 outinratio 0.0284 

WminusH126_4e_TCjmax_genbin5_recobin2 acc 0.0853 eff 0.0 outinratio 0.0 

WplusH126_4e_TCjmax_genbin5_recobin2 acc 0.0774 eff 0.0 outinratio 0.0648 

ZH126_4e_TCjmax_genbin5_recobin2 acc 0.0854 eff 0.0021 outinratio 0.1648 

ttH126_4e_TCjmax_genbin5_recobin2 acc 0.0632 eff 0.0 outinratio 0.0 

ggH126_4e_TCjmax_genbin6_recobin2 acc 0.0252 eff 0.0 outinratio 0.0549 

VBFH126_4e_TCjmax_genbin6_recobin2 acc 0.0631 eff 0.0 outinratio 0.0284 

WminusH126_4e_TCjmax_genbin6_recobin2 acc 0.0775 eff -1.0 outinratio 0.0 

WplusH126_4e_TCjmax_genbin6_recobin2 acc 0.0899 eff 0.0 outinratio 0.0648 

ZH126_4e_TCjmax_genbin6_recobin2 acc 0.0985 eff 0.0 outinratio 0.1648 

ttH126_4e_TCjmax_genbin6_recobin2 acc 0.2383 eff 0.0 outinratio 0.0 

ggH126_4e_TCjmax_genbin0_recobin3 acc 0.2453 eff 0.0082 outinratio 0.043 

VBFH126_4e_TCjmax_genbin0_recobin3 acc 0.0424 eff 0.0307 outinratio 0.0 

WminusH126_4e_TCjmax_genbin0_recobin3 acc 0.0698 eff -1.0 outinratio 0.0 

WplusH126_4e_TCjmax_genbin0_recobin3 acc 0.0732 eff 0.0125 outinratio 0.0923 

ZH126_4e_TCjmax_genbin0_recobin3 acc 0.0723 eff 0.0119 outinratio 0.0192 

ttH126_4e_TCjmax_genbin0_recobin3 acc 0.0004 eff -1.0 outinratio 0.0 

ggH126_4e_TCjmax_genbin1_recobin3 acc 0.0251 eff 0.0038 outinratio 0.043 

VBFH126_4e_TCjmax_genbin1_recobin3 acc 0.0865 eff 0.0213 outinratio 0.0 

WminusH126_4e_TCjmax_genbin1_recobin3 acc 0.0 eff -1.0 outinratio 0.0 

WplusH126_4e_TCjmax_genbin1_recobin3 acc 0.0037 eff 0.0188 outinratio 0.0923 

ZH126_4e_TCjmax_genbin1_recobin3 acc 0.0043 eff 0.0959 outinratio 0.0192 

ttH126_4e_TCjmax_genbin1_recobin3 acc 0.0004 eff -1.0 outinratio 0.0 

ggH126_4e_TCjmax_genbin2_recobin3 acc 0.0211 eff 0.0502 outinratio 0.043 

VBFH126_4e_TCjmax_genbin2_recobin3 acc 0.0576 eff 0.0653 outinratio 0.0 

WminusH126_4e_TCjmax_genbin2_recobin3 acc 0.0078 eff -1.0 outinratio 0.0 

WplusH126_4e_TCjmax_genbin2_recobin3 acc 0.0066 eff 0.0647 outinratio 0.0923 

ZH126_4e_TCjmax_genbin2_recobin3 acc 0.0056 eff 0.046 outinratio 0.0192 

ttH126_4e_TCjmax_genbin2_recobin3 acc 0.0 eff -1.0 outinratio 0.0 

ggH126_4e_TCjmax_genbin3_recobin3 acc 0.031 eff 0.2365 outinratio 0.043 

VBFH126_4e_TCjmax_genbin3_recobin3 acc 0.0821 eff 0.2735 outinratio 0.0 

WminusH126_4e_TCjmax_genbin3_recobin3 acc 0.0233 eff -1.0 outinratio 0.0 

WplusH126_4e_TCjmax_genbin3_recobin3 acc 0.0215 eff 0.1955 outinratio 0.0923 

ZH126_4e_TCjmax_genbin3_recobin3 acc 0.0244 eff 0.2008 outinratio 0.0192 

ttH126_4e_TCjmax_genbin3_recobin3 acc 0.0043 eff 0.19 outinratio 0.0 

ggH126_4e_TCjmax_genbin4_recobin3 acc 0.0216 eff 0.0592 outinratio 0.043 

VBFH126_4e_TCjmax_genbin4_recobin3 acc 0.044 eff 0.0867 outinratio 0.0 

WminusH126_4e_TCjmax_genbin4_recobin3 acc 0.031 eff -1.0 outinratio 0.0 

WplusH126_4e_TCjmax_genbin4_recobin3 acc 0.0308 eff 0.0384 outinratio 0.0923 

ZH126_4e_TCjmax_genbin4_recobin3 acc 0.0348 eff 0.042 outinratio 0.0192 

ttH126_4e_TCjmax_genbin4_recobin3 acc 0.0076 eff 0.0304 outinratio 0.0 

ggH126_4e_TCjmax_genbin5_recobin3 acc 0.0314 eff 0.0 outinratio 0.043 

VBFH126_4e_TCjmax_genbin5_recobin3 acc 0.0701 eff 0.0045 outinratio 0.0 

WminusH126_4e_TCjmax_genbin5_recobin3 acc 0.0853 eff 0.0 outinratio 0.0 

WplusH126_4e_TCjmax_genbin5_recobin3 acc 0.0774 eff 0.0028 outinratio 0.0923 

ZH126_4e_TCjmax_genbin5_recobin3 acc 0.0854 eff 0.0063 outinratio 0.0192 

ttH126_4e_TCjmax_genbin5_recobin3 acc 0.0632 eff 0.0 outinratio 0.0 

ggH126_4e_TCjmax_genbin6_recobin3 acc 0.0252 eff 0.0 outinratio 0.043 

VBFH126_4e_TCjmax_genbin6_recobin3 acc 0.0631 eff 0.0 outinratio 0.0 

WminusH126_4e_TCjmax_genbin6_recobin3 acc 0.0775 eff -1.0 outinratio 0.0 

WplusH126_4e_TCjmax_genbin6_recobin3 acc 0.0899 eff 0.0009 outinratio 0.0923 

ZH126_4e_TCjmax_genbin6_recobin3 acc 0.0985 eff 0.0 outinratio 0.0192 

ttH126_4e_TCjmax_genbin6_recobin3 acc 0.2383 eff 0.0 outinratio 0.0 

ggH126_4e_TCjmax_genbin0_recobin4 acc 0.2453 eff 0.0051 outinratio 0.0237 

VBFH126_4e_TCjmax_genbin0_recobin4 acc 0.0424 eff 0.0164 outinratio 0.0515 

WminusH126_4e_TCjmax_genbin0_recobin4 acc 0.0698 eff -1.0 outinratio 0.0 

WplusH126_4e_TCjmax_genbin0_recobin4 acc 0.0732 eff 0.0181 outinratio 0.0784 

ZH126_4e_TCjmax_genbin0_recobin4 acc 0.0723 eff 0.0139 outinratio 0.0083 

ttH126_4e_TCjmax_genbin0_recobin4 acc 0.0004 eff -1.0 outinratio 0.2057 

ggH126_4e_TCjmax_genbin1_recobin4 acc 0.0251 eff 0.0114 outinratio 0.0237 

VBFH126_4e_TCjmax_genbin1_recobin4 acc 0.0865 eff 0.0 outinratio 0.0515 

WminusH126_4e_TCjmax_genbin1_recobin4 acc 0.0 eff -1.0 outinratio 0.0 

WplusH126_4e_TCjmax_genbin1_recobin4 acc 0.0037 eff 0.0017 outinratio 0.0784 

ZH126_4e_TCjmax_genbin1_recobin4 acc 0.0043 eff 0.0 outinratio 0.0083 

ttH126_4e_TCjmax_genbin1_recobin4 acc 0.0004 eff -1.0 outinratio 0.2057 

ggH126_4e_TCjmax_genbin2_recobin4 acc 0.0211 eff 0.0232 outinratio 0.0237 

VBFH126_4e_TCjmax_genbin2_recobin4 acc 0.0576 eff 0.0 outinratio 0.0515 

WminusH126_4e_TCjmax_genbin2_recobin4 acc 0.0078 eff -1.0 outinratio 0.0 

WplusH126_4e_TCjmax_genbin2_recobin4 acc 0.0066 eff 0.0154 outinratio 0.0784 

ZH126_4e_TCjmax_genbin2_recobin4 acc 0.0056 eff 0.0636 outinratio 0.0083 

ttH126_4e_TCjmax_genbin2_recobin4 acc 0.0 eff -1.0 outinratio 0.2057 

ggH126_4e_TCjmax_genbin3_recobin4 acc 0.031 eff 0.0527 outinratio 0.0237 

VBFH126_4e_TCjmax_genbin3_recobin4 acc 0.0821 eff 0.0404 outinratio 0.0515 

WminusH126_4e_TCjmax_genbin3_recobin4 acc 0.0233 eff -1.0 outinratio 0.0 

WplusH126_4e_TCjmax_genbin3_recobin4 acc 0.0215 eff 0.084 outinratio 0.0784 

ZH126_4e_TCjmax_genbin3_recobin4 acc 0.0244 eff 0.0405 outinratio 0.0083 

ttH126_4e_TCjmax_genbin3_recobin4 acc 0.0043 eff 0.1556 outinratio 0.2057 

ggH126_4e_TCjmax_genbin4_recobin4 acc 0.0216 eff 0.1686 outinratio 0.0237 

VBFH126_4e_TCjmax_genbin4_recobin4 acc 0.044 eff 0.2118 outinratio 0.0515 

WminusH126_4e_TCjmax_genbin4_recobin4 acc 0.031 eff -1.0 outinratio 0.0 

WplusH126_4e_TCjmax_genbin4_recobin4 acc 0.0308 eff 0.1678 outinratio 0.0784 

ZH126_4e_TCjmax_genbin4_recobin4 acc 0.0348 eff 0.1476 outinratio 0.0083 

ttH126_4e_TCjmax_genbin4_recobin4 acc 0.0076 eff 0.129 outinratio 0.2057 

ggH126_4e_TCjmax_genbin5_recobin4 acc 0.0314 eff 0.0499 outinratio 0.0237 

VBFH126_4e_TCjmax_genbin5_recobin4 acc 0.0701 eff 0.0669 outinratio 0.0515 

WminusH126_4e_TCjmax_genbin5_recobin4 acc 0.0853 eff 0.0 outinratio 0.0 

WplusH126_4e_TCjmax_genbin5_recobin4 acc 0.0774 eff 0.0306 outinratio 0.0784 

ZH126_4e_TCjmax_genbin5_recobin4 acc 0.0854 eff 0.0364 outinratio 0.0083 

ttH126_4e_TCjmax_genbin5_recobin4 acc 0.0632 eff 0.0149 outinratio 0.2057 

ggH126_4e_TCjmax_genbin6_recobin4 acc 0.0252 eff 0.0 outinratio 0.0237 

VBFH126_4e_TCjmax_genbin6_recobin4 acc 0.0631 eff 0.0 outinratio 0.0515 

WminusH126_4e_TCjmax_genbin6_recobin4 acc 0.0775 eff -1.0 outinratio 0.0 

WplusH126_4e_TCjmax_genbin6_recobin4 acc 0.0899 eff 0.0 outinratio 0.0784 

ZH126_4e_TCjmax_genbin6_recobin4 acc 0.0985 eff 0.0017 outinratio 0.0083 

ttH126_4e_TCjmax_genbin6_recobin4 acc 0.2383 eff 0.0 outinratio 0.2057 

ggH126_4e_TCjmax_genbin0_recobin5 acc 0.2453 eff 0.0036 outinratio 0.0897 

VBFH126_4e_TCjmax_genbin0_recobin5 acc 0.0424 eff 0.0 outinratio 0.0487 

WminusH126_4e_TCjmax_genbin0_recobin5 acc 0.0698 eff -1.0 outinratio 0.0 

WplusH126_4e_TCjmax_genbin0_recobin5 acc 0.0732 eff 0.0139 outinratio 0.077 

ZH126_4e_TCjmax_genbin0_recobin5 acc 0.0723 eff 0.01 outinratio 0.1578 

ttH126_4e_TCjmax_genbin0_recobin5 acc 0.0004 eff -1.0 outinratio 0.174 

ggH126_4e_TCjmax_genbin1_recobin5 acc 0.0251 eff 0.0075 outinratio 0.0897 

VBFH126_4e_TCjmax_genbin1_recobin5 acc 0.0865 eff 0.0044 outinratio 0.0487 

WminusH126_4e_TCjmax_genbin1_recobin5 acc 0.0 eff -1.0 outinratio 0.0 

WplusH126_4e_TCjmax_genbin1_recobin5 acc 0.0037 eff 0.0 outinratio 0.077 

ZH126_4e_TCjmax_genbin1_recobin5 acc 0.0043 eff 0.0 outinratio 0.1578 

ttH126_4e_TCjmax_genbin1_recobin5 acc 0.0004 eff -1.0 outinratio 0.174 

ggH126_4e_TCjmax_genbin2_recobin5 acc 0.0211 eff 0.0 outinratio 0.0897 

VBFH126_4e_TCjmax_genbin2_recobin5 acc 0.0576 eff 0.0017 outinratio 0.0487 

WminusH126_4e_TCjmax_genbin2_recobin5 acc 0.0078 eff -1.0 outinratio 0.0 

WplusH126_4e_TCjmax_genbin2_recobin5 acc 0.0066 eff 0.0201 outinratio 0.077 

ZH126_4e_TCjmax_genbin2_recobin5 acc 0.0056 eff 0.0 outinratio 0.1578 

ttH126_4e_TCjmax_genbin2_recobin5 acc 0.0 eff -1.0 outinratio 0.174 

ggH126_4e_TCjmax_genbin3_recobin5 acc 0.031 eff 0.0097 outinratio 0.0897 

VBFH126_4e_TCjmax_genbin3_recobin5 acc 0.0821 eff 0.0 outinratio 0.0487 

WminusH126_4e_TCjmax_genbin3_recobin5 acc 0.0233 eff -1.0 outinratio 0.0 

WplusH126_4e_TCjmax_genbin3_recobin5 acc 0.0215 eff 0.0116 outinratio 0.077 

ZH126_4e_TCjmax_genbin3_recobin5 acc 0.0244 eff 0.0674 outinratio 0.1578 

ttH126_4e_TCjmax_genbin3_recobin5 acc 0.0043 eff 0.1011 outinratio 0.174 

ggH126_4e_TCjmax_genbin4_recobin5 acc 0.0216 eff 0.0505 outinratio 0.0897 

VBFH126_4e_TCjmax_genbin4_recobin5 acc 0.044 eff 0.0917 outinratio 0.0487 

WminusH126_4e_TCjmax_genbin4_recobin5 acc 0.031 eff -1.0 outinratio 0.0 

WplusH126_4e_TCjmax_genbin4_recobin5 acc 0.0308 eff 0.0757 outinratio 0.077 

ZH126_4e_TCjmax_genbin4_recobin5 acc 0.0348 eff 0.0715 outinratio 0.1578 

ttH126_4e_TCjmax_genbin4_recobin5 acc 0.0076 eff 0.0271 outinratio 0.174 

ggH126_4e_TCjmax_genbin5_recobin5 acc 0.0314 eff 0.2913 outinratio 0.0897 

VBFH126_4e_TCjmax_genbin5_recobin5 acc 0.0701 eff 0.228 outinratio 0.0487 

WminusH126_4e_TCjmax_genbin5_recobin5 acc 0.0853 eff 0.5932 outinratio 0.0 

WplusH126_4e_TCjmax_genbin5_recobin5 acc 0.0774 eff 0.2552 outinratio 0.077 

ZH126_4e_TCjmax_genbin5_recobin5 acc 0.0854 eff 0.2472 outinratio 0.1578 

ttH126_4e_TCjmax_genbin5_recobin5 acc 0.0632 eff 0.2737 outinratio 0.174 

ggH126_4e_TCjmax_genbin6_recobin5 acc 0.0252 eff 0.0325 outinratio 0.0897 

VBFH126_4e_TCjmax_genbin6_recobin5 acc 0.0631 eff 0.0689 outinratio 0.0487 

WminusH126_4e_TCjmax_genbin6_recobin5 acc 0.0775 eff -1.0 outinratio 0.0 

WplusH126_4e_TCjmax_genbin6_recobin5 acc 0.0899 eff 0.0209 outinratio 0.077 

ZH126_4e_TCjmax_genbin6_recobin5 acc 0.0985 eff 0.0185 outinratio 0.1578 

ttH126_4e_TCjmax_genbin6_recobin5 acc 0.2383 eff 0.0135 outinratio 0.174 

ggH126_4e_TCjmax_genbin0_recobin6 acc 0.2453 eff 0.0008 outinratio 0.0825 

VBFH126_4e_TCjmax_genbin0_recobin6 acc 0.0424 eff 0.0154 outinratio 0.0244 

WminusH126_4e_TCjmax_genbin0_recobin6 acc 0.0698 eff -1.0 outinratio 0.0 

WplusH126_4e_TCjmax_genbin0_recobin6 acc 0.0732 eff 0.0093 outinratio 0.0673 

ZH126_4e_TCjmax_genbin0_recobin6 acc 0.0723 eff 0.0087 outinratio 0.1196 

ttH126_4e_TCjmax_genbin0_recobin6 acc 0.0004 eff -1.0 outinratio 0.1789 

ggH126_4e_TCjmax_genbin1_recobin6 acc 0.0251 eff 0.0 outinratio 0.0825 

VBFH126_4e_TCjmax_genbin1_recobin6 acc 0.0865 eff 0.0 outinratio 0.0244 

WminusH126_4e_TCjmax_genbin1_recobin6 acc 0.0 eff -1.0 outinratio 0.0 

WplusH126_4e_TCjmax_genbin1_recobin6 acc 0.0037 eff 0.0112 outinratio 0.0673 

ZH126_4e_TCjmax_genbin1_recobin6 acc 0.0043 eff 0.0 outinratio 0.1196 

ttH126_4e_TCjmax_genbin1_recobin6 acc 0.0004 eff -1.0 outinratio 0.1789 

ggH126_4e_TCjmax_genbin2_recobin6 acc 0.0211 eff 0.0 outinratio 0.0825 

VBFH126_4e_TCjmax_genbin2_recobin6 acc 0.0576 eff 0.0 outinratio 0.0244 

WminusH126_4e_TCjmax_genbin2_recobin6 acc 0.0078 eff -1.0 outinratio 0.0 

WplusH126_4e_TCjmax_genbin2_recobin6 acc 0.0066 eff 0.0044 outinratio 0.0673 

ZH126_4e_TCjmax_genbin2_recobin6 acc 0.0056 eff 0.0 outinratio 0.1196 

ttH126_4e_TCjmax_genbin2_recobin6 acc 0.0 eff -1.0 outinratio 0.1789 

ggH126_4e_TCjmax_genbin3_recobin6 acc 0.031 eff 0.0 outinratio 0.0825 

VBFH126_4e_TCjmax_genbin3_recobin6 acc 0.0821 eff 0.0 outinratio 0.0244 

WminusH126_4e_TCjmax_genbin3_recobin6 acc 0.0233 eff -1.0 outinratio 0.0 

WplusH126_4e_TCjmax_genbin3_recobin6 acc 0.0215 eff 0.0116 outinratio 0.0673 

ZH126_4e_TCjmax_genbin3_recobin6 acc 0.0244 eff 0.0 outinratio 0.1196 

ttH126_4e_TCjmax_genbin3_recobin6 acc 0.0043 eff 0.1154 outinratio 0.1789 

ggH126_4e_TCjmax_genbin4_recobin6 acc 0.0216 eff 0.0014 outinratio 0.0825 

VBFH126_4e_TCjmax_genbin4_recobin6 acc 0.044 eff 0.0 outinratio 0.0244 

WminusH126_4e_TCjmax_genbin4_recobin6 acc 0.031 eff -1.0 outinratio 0.0 

WplusH126_4e_TCjmax_genbin4_recobin6 acc 0.0308 eff 0.0059 outinratio 0.0673 

ZH126_4e_TCjmax_genbin4_recobin6 acc 0.0348 eff 0.0033 outinratio 0.1196 

ttH126_4e_TCjmax_genbin4_recobin6 acc 0.0076 eff 0.1067 outinratio 0.1789 

ggH126_4e_TCjmax_genbin5_recobin6 acc 0.0314 eff 0.0236 outinratio 0.0825 

VBFH126_4e_TCjmax_genbin5_recobin6 acc 0.0701 eff 0.0381 outinratio 0.0244 

WminusH126_4e_TCjmax_genbin5_recobin6 acc 0.0853 eff 0.0 outinratio 0.0 

WplusH126_4e_TCjmax_genbin5_recobin6 acc 0.0774 eff 0.0447 outinratio 0.0673 

ZH126_4e_TCjmax_genbin5_recobin6 acc 0.0854 eff 0.0368 outinratio 0.1196 

ttH126_4e_TCjmax_genbin5_recobin6 acc 0.0632 eff 0.0972 outinratio 0.1789 

ggH126_4e_TCjmax_genbin6_recobin6 acc 0.0252 eff 0.3534 outinratio 0.0825 

VBFH126_4e_TCjmax_genbin6_recobin6 acc 0.0631 eff 0.3481 outinratio 0.0244 

WminusH126_4e_TCjmax_genbin6_recobin6 acc 0.0775 eff -1.0 outinratio 0.0 

WplusH126_4e_TCjmax_genbin6_recobin6 acc 0.0899 eff 0.3479 outinratio 0.0673 

ZH126_4e_TCjmax_genbin6_recobin6 acc 0.0985 eff 0.2918 outinratio 0.1196 

ttH126_4e_TCjmax_genbin6_recobin6 acc 0.2383 eff 0.3267 outinratio 0.1789 

ggH126_4mu_TCjmax_genbin0_recobin0 acc 0.2708 eff 0.7057 outinratio 0.0535 

VBFH126_4mu_TCjmax_genbin0_recobin0 acc 0.0362 eff 0.4888 outinratio 0.013 

WminusH126_4mu_TCjmax_genbin0_recobin0 acc 0.0909 eff -1.0 outinratio 0.282 

WplusH126_4mu_TCjmax_genbin0_recobin0 acc 0.0802 eff 0.5472 outinratio 0.0537 

ZH126_4mu_TCjmax_genbin0_recobin0 acc 0.0818 eff 0.6393 outinratio 0.0876 

ttH126_4mu_TCjmax_genbin0_recobin0 acc 0.0018 eff -1.0 outinratio 1.34 

ggH126_4mu_TCjmax_genbin1_recobin0 acc 0.0248 eff 0.1821 outinratio 0.0535 

VBFH126_4mu_TCjmax_genbin1_recobin0 acc 0.0734 eff 0.0853 outinratio 0.013 

WminusH126_4mu_TCjmax_genbin1_recobin0 acc 0.0091 eff -1.0 outinratio 0.282 

WplusH126_4mu_TCjmax_genbin1_recobin0 acc 0.0035 eff 0.1101 outinratio 0.0537 

ZH126_4mu_TCjmax_genbin1_recobin0 acc 0.0061 eff 0.0698 outinratio 0.0876 

ttH126_4mu_TCjmax_genbin1_recobin0 acc 0.0 eff -1.0 outinratio 1.34 

ggH126_4mu_TCjmax_genbin2_recobin0 acc 0.022 eff 0.1267 outinratio 0.0535 

VBFH126_4mu_TCjmax_genbin2_recobin0 acc 0.0745 eff 0.0342 outinratio 0.013 

WminusH126_4mu_TCjmax_genbin2_recobin0 acc 0.0091 eff -1.0 outinratio 0.282 

WplusH126_4mu_TCjmax_genbin2_recobin0 acc 0.0084 eff 0.1078 outinratio 0.0537 

ZH126_4mu_TCjmax_genbin2_recobin0 acc 0.0104 eff 0.1328 outinratio 0.0876 

ttH126_4mu_TCjmax_genbin2_recobin0 acc 0.0014 eff -1.0 outinratio 1.34 

ggH126_4mu_TCjmax_genbin3_recobin0 acc 0.0316 eff 0.0861 outinratio 0.0535 

VBFH126_4mu_TCjmax_genbin3_recobin0 acc 0.0857 eff 0.0236 outinratio 0.013 

WminusH126_4mu_TCjmax_genbin3_recobin0 acc 0.0091 eff -1.0 outinratio 0.282 

WplusH126_4mu_TCjmax_genbin3_recobin0 acc 0.0264 eff 0.0811 outinratio 0.0537 

ZH126_4mu_TCjmax_genbin3_recobin0 acc 0.0275 eff 0.0671 outinratio 0.0876 

ttH126_4mu_TCjmax_genbin3_recobin0 acc 0.0036 eff -1.0 outinratio 1.34 

ggH126_4mu_TCjmax_genbin4_recobin0 acc 0.0232 eff 0.0972 outinratio 0.0535 

VBFH126_4mu_TCjmax_genbin4_recobin0 acc 0.0545 eff 0.0073 outinratio 0.013 

WminusH126_4mu_TCjmax_genbin4_recobin0 acc 0.0455 eff -1.0 outinratio 0.282 

WplusH126_4mu_TCjmax_genbin4_recobin0 acc 0.0357 eff 0.0459 outinratio 0.0537 

ZH126_4mu_TCjmax_genbin4_recobin0 acc 0.039 eff 0.0287 outinratio 0.0876 

ttH126_4mu_TCjmax_genbin4_recobin0 acc 0.0107 eff 0.0 outinratio 1.34 

ggH126_4mu_TCjmax_genbin5_recobin0 acc 0.0303 eff 0.0067 outinratio 0.0535 

VBFH126_4mu_TCjmax_genbin5_recobin0 acc 0.0795 eff 0.0 outinratio 0.013 

WminusH126_4mu_TCjmax_genbin5_recobin0 acc 0.0545 eff -1.0 outinratio 0.282 

WplusH126_4mu_TCjmax_genbin5_recobin0 acc 0.0801 eff 0.0058 outinratio 0.0537 

ZH126_4mu_TCjmax_genbin5_recobin0 acc 0.0978 eff 0.0087 outinratio 0.0876 

ttH126_4mu_TCjmax_genbin5_recobin0 acc 0.0619 eff 0.0 outinratio 1.34 

ggH126_4mu_TCjmax_genbin6_recobin0 acc 0.0239 eff 0.003 outinratio 0.0535 

VBFH126_4mu_TCjmax_genbin6_recobin0 acc 0.0695 eff 0.0074 outinratio 0.013 

WminusH126_4mu_TCjmax_genbin6_recobin0 acc 0.1364 eff 0.0 outinratio 0.282 

WplusH126_4mu_TCjmax_genbin6_recobin0 acc 0.0977 eff 0.0012 outinratio 0.0537 

ZH126_4mu_TCjmax_genbin6_recobin0 acc 0.1042 eff 0.0026 outinratio 0.0876 

ttH126_4mu_TCjmax_genbin6_recobin0 acc 0.2634 eff 0.0 outinratio 1.34 

ggH126_4mu_TCjmax_genbin0_recobin1 acc 0.2708 eff 0.0379 outinratio 0.0332 

VBFH126_4mu_TCjmax_genbin0_recobin1 acc 0.0362 eff 0.1691 outinratio 0.1038 

WminusH126_4mu_TCjmax_genbin0_recobin1 acc 0.0909 eff -1.0 outinratio 0.0 

WplusH126_4mu_TCjmax_genbin0_recobin1 acc 0.0802 eff 0.0366 outinratio 0.0699 

ZH126_4mu_TCjmax_genbin0_recobin1 acc 0.0818 eff 0.017 outinratio 0.1192 

ttH126_4mu_TCjmax_genbin0_recobin1 acc 0.0018 eff -1.0 outinratio 0.0 

ggH126_4mu_TCjmax_genbin1_recobin1 acc 0.0248 eff 0.4526 outinratio 0.0332 

VBFH126_4mu_TCjmax_genbin1_recobin1 acc 0.0734 eff 0.5895 outinratio 0.1038 

WminusH126_4mu_TCjmax_genbin1_recobin1 acc 0.0091 eff -1.0 outinratio 0.0 

WplusH126_4mu_TCjmax_genbin1_recobin1 acc 0.0035 eff 0.5092 outinratio 0.0699 

ZH126_4mu_TCjmax_genbin1_recobin1 acc 0.0061 eff 0.182 outinratio 0.1192 

ttH126_4mu_TCjmax_genbin1_recobin1 acc 0.0 eff -1.0 outinratio 0.0 

ggH126_4mu_TCjmax_genbin2_recobin1 acc 0.022 eff 0.0507 outinratio 0.0332 

VBFH126_4mu_TCjmax_genbin2_recobin1 acc 0.0745 eff 0.088 outinratio 0.1038 

WminusH126_4mu_TCjmax_genbin2_recobin1 acc 0.0091 eff -1.0 outinratio 0.0 

WplusH126_4mu_TCjmax_genbin2_recobin1 acc 0.0084 eff 0.0328 outinratio 0.0699 

ZH126_4mu_TCjmax_genbin2_recobin1 acc 0.0104 eff 0.0282 outinratio 0.1192 

ttH126_4mu_TCjmax_genbin2_recobin1 acc 0.0014 eff -1.0 outinratio 0.0 

ggH126_4mu_TCjmax_genbin3_recobin1 acc 0.0316 eff 0.0145 outinratio 0.0332 

VBFH126_4mu_TCjmax_genbin3_recobin1 acc 0.0857 eff 0.0102 outinratio 0.1038 

WminusH126_4mu_TCjmax_genbin3_recobin1 acc 0.0091 eff -1.0 outinratio 0.0 

WplusH126_4mu_TCjmax_genbin3_recobin1 acc 0.0264 eff 0.0074 outinratio 0.0699 

ZH126_4mu_TCjmax_genbin3_recobin1 acc 0.0275 eff 0.0 outinratio 0.1192 

ttH126_4mu_TCjmax_genbin3_recobin1 acc 0.0036 eff -1.0 outinratio 0.0 

ggH126_4mu_TCjmax_genbin4_recobin1 acc 0.0232 eff 0.0286 outinratio 0.0332 

VBFH126_4mu_TCjmax_genbin4_recobin1 acc 0.0545 eff 0.0072 outinratio 0.1038 

WminusH126_4mu_TCjmax_genbin4_recobin1 acc 0.0455 eff -1.0 outinratio 0.0 

WplusH126_4mu_TCjmax_genbin4_recobin1 acc 0.0357 eff 0.0066 outinratio 0.0699 

ZH126_4mu_TCjmax_genbin4_recobin1 acc 0.039 eff 0.0205 outinratio 0.1192 

ttH126_4mu_TCjmax_genbin4_recobin1 acc 0.0107 eff 0.0 outinratio 0.0 

ggH126_4mu_TCjmax_genbin5_recobin1 acc 0.0303 eff 0.0018 outinratio 0.0332 

VBFH126_4mu_TCjmax_genbin5_recobin1 acc 0.0795 eff 0.0 outinratio 0.1038 

WminusH126_4mu_TCjmax_genbin5_recobin1 acc 0.0545 eff -1.0 outinratio 0.0 

WplusH126_4mu_TCjmax_genbin5_recobin1 acc 0.0801 eff 0.0004 outinratio 0.0699 

ZH126_4mu_TCjmax_genbin5_recobin1 acc 0.0978 eff 0.0 outinratio 0.1192 

ttH126_4mu_TCjmax_genbin5_recobin1 acc 0.0619 eff 0.0 outinratio 0.0 

ggH126_4mu_TCjmax_genbin6_recobin1 acc 0.0239 eff 0.0 outinratio 0.0332 

VBFH126_4mu_TCjmax_genbin6_recobin1 acc 0.0695 eff 0.0058 outinratio 0.1038 

WminusH126_4mu_TCjmax_genbin6_recobin1 acc 0.1364 eff 0.0 outinratio 0.0 

WplusH126_4mu_TCjmax_genbin6_recobin1 acc 0.0977 eff 0.0005 outinratio 0.0699 

ZH126_4mu_TCjmax_genbin6_recobin1 acc 0.1042 eff 0.0 outinratio 0.1192 

ttH126_4mu_TCjmax_genbin6_recobin1 acc 0.2634 eff 0.0 outinratio 0.0 

ggH126_4mu_TCjmax_genbin0_recobin2 acc 0.2708 eff 0.0126 outinratio 0.0346 

VBFH126_4mu_TCjmax_genbin0_recobin2 acc 0.0362 eff 0.0624 outinratio 0.0158 

WminusH126_4mu_TCjmax_genbin0_recobin2 acc 0.0909 eff -1.0 outinratio 0.0 

WplusH126_4mu_TCjmax_genbin0_recobin2 acc 0.0802 eff 0.0288 outinratio 0.1016 

ZH126_4mu_TCjmax_genbin0_recobin2 acc 0.0818 eff 0.009 outinratio 0.1183 

ttH126_4mu_TCjmax_genbin0_recobin2 acc 0.0018 eff -1.0 outinratio 0.0 

ggH126_4mu_TCjmax_genbin1_recobin2 acc 0.0248 eff 0.0482 outinratio 0.0346 

VBFH126_4mu_TCjmax_genbin1_recobin2 acc 0.0734 eff 0.0977 outinratio 0.0158 

WminusH126_4mu_TCjmax_genbin1_recobin2 acc 0.0091 eff -1.0 outinratio 0.0 

WplusH126_4mu_TCjmax_genbin1_recobin2 acc 0.0035 eff 0.0524 outinratio 0.1016 

ZH126_4mu_TCjmax_genbin1_recobin2 acc 0.0061 eff 0.0857 outinratio 0.1183 

ttH126_4mu_TCjmax_genbin1_recobin2 acc 0.0 eff -1.0 outinratio 0.0 

ggH126_4mu_TCjmax_genbin2_recobin2 acc 0.022 eff 0.4513 outinratio 0.0346 

VBFH126_4mu_TCjmax_genbin2_recobin2 acc 0.0745 eff 0.4963 outinratio 0.0158 

WminusH126_4mu_TCjmax_genbin2_recobin2 acc 0.0091 eff -1.0 outinratio 0.0 

WplusH126_4mu_TCjmax_genbin2_recobin2 acc 0.0084 eff 0.3205 outinratio 0.1016 

ZH126_4mu_TCjmax_genbin2_recobin2 acc 0.0104 eff 0.4249 outinratio 0.1183 

ttH126_4mu_TCjmax_genbin2_recobin2 acc 0.0014 eff -1.0 outinratio 0.0 

ggH126_4mu_TCjmax_genbin3_recobin2 acc 0.0316 eff 0.0566 outinratio 0.0346 

VBFH126_4mu_TCjmax_genbin3_recobin2 acc 0.0857 eff 0.0546 outinratio 0.0158 

WminusH126_4mu_TCjmax_genbin3_recobin2 acc 0.0091 eff -1.0 outinratio 0.0 

WplusH126_4mu_TCjmax_genbin3_recobin2 acc 0.0264 eff 0.0191 outinratio 0.1016 

ZH126_4mu_TCjmax_genbin3_recobin2 acc 0.0275 eff 0.0469 outinratio 0.1183 

ttH126_4mu_TCjmax_genbin3_recobin2 acc 0.0036 eff -1.0 outinratio 0.0 

ggH126_4mu_TCjmax_genbin4_recobin2 acc 0.0232 eff 0.0029 outinratio 0.0346 

VBFH126_4mu_TCjmax_genbin4_recobin2 acc 0.0545 eff 0.0142 outinratio 0.0158 

WminusH126_4mu_TCjmax_genbin4_recobin2 acc 0.0455 eff -1.0 outinratio 0.0 

WplusH126_4mu_TCjmax_genbin4_recobin2 acc 0.0357 eff 0.0074 outinratio 0.1016 

ZH126_4mu_TCjmax_genbin4_recobin2 acc 0.039 eff 0.0057 outinratio 0.1183 

ttH126_4mu_TCjmax_genbin4_recobin2 acc 0.0107 eff 0.0 outinratio 0.0 

ggH126_4mu_TCjmax_genbin5_recobin2 acc 0.0303 eff 0.0 outinratio 0.0346 

VBFH126_4mu_TCjmax_genbin5_recobin2 acc 0.0795 eff 0.0 outinratio 0.0158 

WminusH126_4mu_TCjmax_genbin5_recobin2 acc 0.0545 eff -1.0 outinratio 0.0 

WplusH126_4mu_TCjmax_genbin5_recobin2 acc 0.0801 eff 0.0003 outinratio 0.1016 

ZH126_4mu_TCjmax_genbin5_recobin2 acc 0.0978 eff 0.0 outinratio 0.1183 

ttH126_4mu_TCjmax_genbin5_recobin2 acc 0.0619 eff 0.0 outinratio 0.0 

ggH126_4mu_TCjmax_genbin6_recobin2 acc 0.0239 eff 0.0 outinratio 0.0346 

VBFH126_4mu_TCjmax_genbin6_recobin2 acc 0.0695 eff 0.0075 outinratio 0.0158 

WminusH126_4mu_TCjmax_genbin6_recobin2 acc 0.1364 eff 0.0 outinratio 0.0 

WplusH126_4mu_TCjmax_genbin6_recobin2 acc 0.0977 eff 0.0 outinratio 0.1016 

ZH126_4mu_TCjmax_genbin6_recobin2 acc 0.1042 eff 0.0018 outinratio 0.1183 

ttH126_4mu_TCjmax_genbin6_recobin2 acc 0.2634 eff 0.0 outinratio 0.0 

ggH126_4mu_TCjmax_genbin0_recobin3 acc 0.2708 eff 0.0226 outinratio 0.0514 

VBFH126_4mu_TCjmax_genbin0_recobin3 acc 0.0362 eff 0.0112 outinratio 0.0398 

WminusH126_4mu_TCjmax_genbin0_recobin3 acc 0.0909 eff -1.0 outinratio 0.0 

WplusH126_4mu_TCjmax_genbin0_recobin3 acc 0.0802 eff 0.0514 outinratio 0.0686 

ZH126_4mu_TCjmax_genbin0_recobin3 acc 0.0818 eff 0.041 outinratio 0.0745 

ttH126_4mu_TCjmax_genbin0_recobin3 acc 0.0018 eff -1.0 outinratio 0.2523 

ggH126_4mu_TCjmax_genbin1_recobin3 acc 0.0248 eff 0.0247 outinratio 0.0514 

VBFH126_4mu_TCjmax_genbin1_recobin3 acc 0.0734 eff 0.0223 outinratio 0.0398 

WminusH126_4mu_TCjmax_genbin1_recobin3 acc 0.0091 eff -1.0 outinratio 0.0 

WplusH126_4mu_TCjmax_genbin1_recobin3 acc 0.0035 eff 0.0101 outinratio 0.0686 

ZH126_4mu_TCjmax_genbin1_recobin3 acc 0.0061 eff 0.1831 outinratio 0.0745 

ttH126_4mu_TCjmax_genbin1_recobin3 acc 0.0 eff -1.0 outinratio 0.2523 

ggH126_4mu_TCjmax_genbin2_recobin3 acc 0.022 eff 0.1118 outinratio 0.0514 

VBFH126_4mu_TCjmax_genbin2_recobin3 acc 0.0745 eff 0.1758 outinratio 0.0398 

WminusH126_4mu_TCjmax_genbin2_recobin3 acc 0.0091 eff -1.0 outinratio 0.0 

WplusH126_4mu_TCjmax_genbin2_recobin3 acc 0.0084 eff 0.1215 outinratio 0.0686 

ZH126_4mu_TCjmax_genbin2_recobin3 acc 0.0104 eff 0.2748 outinratio 0.0745 

ttH126_4mu_TCjmax_genbin2_recobin3 acc 0.0014 eff -1.0 outinratio 0.2523 

ggH126_4mu_TCjmax_genbin3_recobin3 acc 0.0316 eff 0.531 outinratio 0.0514 

VBFH126_4mu_TCjmax_genbin3_recobin3 acc 0.0857 eff 0.5116 outinratio 0.0398 

WminusH126_4mu_TCjmax_genbin3_recobin3 acc 0.0091 eff -1.0 outinratio 0.0 

WplusH126_4mu_TCjmax_genbin3_recobin3 acc 0.0264 eff 0.4342 outinratio 0.0686 

ZH126_4mu_TCjmax_genbin3_recobin3 acc 0.0275 eff 0.4808 outinratio 0.0745 

ttH126_4mu_TCjmax_genbin3_recobin3 acc 0.0036 eff -1.0 outinratio 0.2523 

ggH126_4mu_TCjmax_genbin4_recobin3 acc 0.0232 eff 0.1237 outinratio 0.0514 

VBFH126_4mu_TCjmax_genbin4_recobin3 acc 0.0545 eff 0.142 outinratio 0.0398 

WminusH126_4mu_TCjmax_genbin4_recobin3 acc 0.0455 eff -1.0 outinratio 0.0 

WplusH126_4mu_TCjmax_genbin4_recobin3 acc 0.0357 eff 0.0957 outinratio 0.0686 

ZH126_4mu_TCjmax_genbin4_recobin3 acc 0.039 eff 0.1198 outinratio 0.0745 

ttH126_4mu_TCjmax_genbin4_recobin3 acc 0.0107 eff 0.1346 outinratio 0.2523 

ggH126_4mu_TCjmax_genbin5_recobin3 acc 0.0303 eff 0.005 outinratio 0.0514 

VBFH126_4mu_TCjmax_genbin5_recobin3 acc 0.0795 eff 0.005 outinratio 0.0398 

WminusH126_4mu_TCjmax_genbin5_recobin3 acc 0.0545 eff -1.0 outinratio 0.0 

WplusH126_4mu_TCjmax_genbin5_recobin3 acc 0.0801 eff 0.0056 outinratio 0.0686 

ZH126_4mu_TCjmax_genbin5_recobin3 acc 0.0978 eff 0.023 outinratio 0.0745 

ttH126_4mu_TCjmax_genbin5_recobin3 acc 0.0619 eff 0.0 outinratio 0.2523 

ggH126_4mu_TCjmax_genbin6_recobin3 acc 0.0239 eff 0.0 outinratio 0.0514 

VBFH126_4mu_TCjmax_genbin6_recobin3 acc 0.0695 eff 0.0 outinratio 0.0398 

WminusH126_4mu_TCjmax_genbin6_recobin3 acc 0.1364 eff 0.0 outinratio 0.0 

WplusH126_4mu_TCjmax_genbin6_recobin3 acc 0.0977 eff 0.0004 outinratio 0.0686 

ZH126_4mu_TCjmax_genbin6_recobin3 acc 0.1042 eff 0.0043 outinratio 0.0745 

ttH126_4mu_TCjmax_genbin6_recobin3 acc 0.2634 eff 0.0 outinratio 0.2523 

ggH126_4mu_TCjmax_genbin0_recobin4 acc 0.2708 eff 0.0192 outinratio 0.0469 

VBFH126_4mu_TCjmax_genbin0_recobin4 acc 0.0362 eff 0.0415 outinratio 0.0 

WminusH126_4mu_TCjmax_genbin0_recobin4 acc 0.0909 eff -1.0 outinratio 0.0 

WplusH126_4mu_TCjmax_genbin0_recobin4 acc 0.0802 eff 0.0504 outinratio 0.0776 

ZH126_4mu_TCjmax_genbin0_recobin4 acc 0.0818 eff 0.0193 outinratio 0.047 

ttH126_4mu_TCjmax_genbin0_recobin4 acc 0.0018 eff -1.0 outinratio 0.0904 

ggH126_4mu_TCjmax_genbin1_recobin4 acc 0.0248 eff 0.0223 outinratio 0.0469 

VBFH126_4mu_TCjmax_genbin1_recobin4 acc 0.0734 eff 0.0112 outinratio 0.0 

WminusH126_4mu_TCjmax_genbin1_recobin4 acc 0.0091 eff -1.0 outinratio 0.0 

WplusH126_4mu_TCjmax_genbin1_recobin4 acc 0.0035 eff 0.0658 outinratio 0.0776 

ZH126_4mu_TCjmax_genbin1_recobin4 acc 0.0061 eff 0.0395 outinratio 0.047 

ttH126_4mu_TCjmax_genbin1_recobin4 acc 0.0 eff -1.0 outinratio 0.0904 

ggH126_4mu_TCjmax_genbin2_recobin4 acc 0.022 eff 0.0157 outinratio 0.0469 

VBFH126_4mu_TCjmax_genbin2_recobin4 acc 0.0745 eff 0.0053 outinratio 0.0 

WminusH126_4mu_TCjmax_genbin2_recobin4 acc 0.0091 eff -1.0 outinratio 0.0 

WplusH126_4mu_TCjmax_genbin2_recobin4 acc 0.0084 eff 0.0265 outinratio 0.0776 

ZH126_4mu_TCjmax_genbin2_recobin4 acc 0.0104 eff 0.0186 outinratio 0.047 

ttH126_4mu_TCjmax_genbin2_recobin4 acc 0.0014 eff -1.0 outinratio 0.0904 

ggH126_4mu_TCjmax_genbin3_recobin4 acc 0.0316 eff 0.1064 outinratio 0.0469 

VBFH126_4mu_TCjmax_genbin3_recobin4 acc 0.0857 eff 0.0931 outinratio 0.0 

WminusH126_4mu_TCjmax_genbin3_recobin4 acc 0.0091 eff -1.0 outinratio 0.0 

WplusH126_4mu_TCjmax_genbin3_recobin4 acc 0.0264 eff 0.1547 outinratio 0.0776 

ZH126_4mu_TCjmax_genbin3_recobin4 acc 0.0275 eff 0.136 outinratio 0.047 

ttH126_4mu_TCjmax_genbin3_recobin4 acc 0.0036 eff -1.0 outinratio 0.0904 

ggH126_4mu_TCjmax_genbin4_recobin4 acc 0.0232 eff 0.44 outinratio 0.0469 

VBFH126_4mu_TCjmax_genbin4_recobin4 acc 0.0545 eff 0.5146 outinratio 0.0 

WminusH126_4mu_TCjmax_genbin4_recobin4 acc 0.0455 eff -1.0 outinratio 0.0 

WplusH126_4mu_TCjmax_genbin4_recobin4 acc 0.0357 eff 0.3723 outinratio 0.0776 

ZH126_4mu_TCjmax_genbin4_recobin4 acc 0.039 eff 0.4115 outinratio 0.047 

ttH126_4mu_TCjmax_genbin4_recobin4 acc 0.0107 eff 0.619 outinratio 0.0904 

ggH126_4mu_TCjmax_genbin5_recobin4 acc 0.0303 eff 0.1334 outinratio 0.0469 

VBFH126_4mu_TCjmax_genbin5_recobin4 acc 0.0795 eff 0.0728 outinratio 0.0 

WminusH126_4mu_TCjmax_genbin5_recobin4 acc 0.0545 eff -1.0 outinratio 0.0 

WplusH126_4mu_TCjmax_genbin5_recobin4 acc 0.0801 eff 0.0583 outinratio 0.0776 

ZH126_4mu_TCjmax_genbin5_recobin4 acc 0.0978 eff 0.0646 outinratio 0.047 

ttH126_4mu_TCjmax_genbin5_recobin4 acc 0.0619 eff 0.0123 outinratio 0.0904 

ggH126_4mu_TCjmax_genbin6_recobin4 acc 0.0239 eff 0.0 outinratio 0.0469 

VBFH126_4mu_TCjmax_genbin6_recobin4 acc 0.0695 eff 0.0162 outinratio 0.0 

WminusH126_4mu_TCjmax_genbin6_recobin4 acc 0.1364 eff 0.0 outinratio 0.0 

WplusH126_4mu_TCjmax_genbin6_recobin4 acc 0.0977 eff 0.0028 outinratio 0.0776 

ZH126_4mu_TCjmax_genbin6_recobin4 acc 0.1042 eff 0.0076 outinratio 0.047 

ttH126_4mu_TCjmax_genbin6_recobin4 acc 0.2634 eff 0.0 outinratio 0.0904 

ggH126_4mu_TCjmax_genbin0_recobin5 acc 0.2708 eff 0.0123 outinratio 0.0526 

VBFH126_4mu_TCjmax_genbin0_recobin5 acc 0.0362 eff 0.0065 outinratio 0.0629 

WminusH126_4mu_TCjmax_genbin0_recobin5 acc 0.0909 eff -1.0 outinratio 0.1735 

WplusH126_4mu_TCjmax_genbin0_recobin5 acc 0.0802 eff 0.047 outinratio 0.0762 

ZH126_4mu_TCjmax_genbin0_recobin5 acc 0.0818 eff 0.0169 outinratio 0.0808 

ttH126_4mu_TCjmax_genbin0_recobin5 acc 0.0018 eff -1.0 outinratio 0.1883 

ggH126_4mu_TCjmax_genbin1_recobin5 acc 0.0248 eff 0.0095 outinratio 0.0526 

VBFH126_4mu_TCjmax_genbin1_recobin5 acc 0.0734 eff 0.0056 outinratio 0.0629 

WminusH126_4mu_TCjmax_genbin1_recobin5 acc 0.0091 eff -1.0 outinratio 0.1735 

WplusH126_4mu_TCjmax_genbin1_recobin5 acc 0.0035 eff 0.0094 outinratio 0.0762 

ZH126_4mu_TCjmax_genbin1_recobin5 acc 0.0061 eff 0.1373 outinratio 0.0808 

ttH126_4mu_TCjmax_genbin1_recobin5 acc 0.0 eff -1.0 outinratio 0.1883 

ggH126_4mu_TCjmax_genbin2_recobin5 acc 0.022 eff 0.0142 outinratio 0.0526 

VBFH126_4mu_TCjmax_genbin2_recobin5 acc 0.0745 eff 0.0 outinratio 0.0629 

WminusH126_4mu_TCjmax_genbin2_recobin5 acc 0.0091 eff -1.0 outinratio 0.1735 

WplusH126_4mu_TCjmax_genbin2_recobin5 acc 0.0084 eff 0.0256 outinratio 0.0762 

ZH126_4mu_TCjmax_genbin2_recobin5 acc 0.0104 eff 0.0346 outinratio 0.0808 

ttH126_4mu_TCjmax_genbin2_recobin5 acc 0.0014 eff -1.0 outinratio 0.1883 

ggH126_4mu_TCjmax_genbin3_recobin5 acc 0.0316 eff 0.0238 outinratio 0.0526 

VBFH126_4mu_TCjmax_genbin3_recobin5 acc 0.0857 eff 0.0396 outinratio 0.0629 

WminusH126_4mu_TCjmax_genbin3_recobin5 acc 0.0091 eff -1.0 outinratio 0.1735 

WplusH126_4mu_TCjmax_genbin3_recobin5 acc 0.0264 eff 0.0495 outinratio 0.0762 

ZH126_4mu_TCjmax_genbin3_recobin5 acc 0.0275 eff 0.0147 outinratio 0.0808 

ttH126_4mu_TCjmax_genbin3_recobin5 acc 0.0036 eff -1.0 outinratio 0.1883 

ggH126_4mu_TCjmax_genbin4_recobin5 acc 0.0232 eff 0.1791 outinratio 0.0526 

VBFH126_4mu_TCjmax_genbin4_recobin5 acc 0.0545 eff 0.247 outinratio 0.0629 

WminusH126_4mu_TCjmax_genbin4_recobin5 acc 0.0455 eff -1.0 outinratio 0.1735 

WplusH126_4mu_TCjmax_genbin4_recobin5 acc 0.0357 eff 0.2434 outinratio 0.0762 

ZH126_4mu_TCjmax_genbin4_recobin5 acc 0.039 eff 0.2826 outinratio 0.0808 

ttH126_4mu_TCjmax_genbin4_recobin5 acc 0.0107 eff 0.351 outinratio 0.1883 

ggH126_4mu_TCjmax_genbin5_recobin5 acc 0.0303 eff 0.6159 outinratio 0.0526 

VBFH126_4mu_TCjmax_genbin5_recobin5 acc 0.0795 eff 0.6983 outinratio 0.0629 

WminusH126_4mu_TCjmax_genbin5_recobin5 acc 0.0545 eff -1.0 outinratio 0.1735 

WplusH126_4mu_TCjmax_genbin5_recobin5 acc 0.0801 eff 0.6013 outinratio 0.0762 

ZH126_4mu_TCjmax_genbin5_recobin5 acc 0.0978 eff 0.6157 outinratio 0.0808 

ttH126_4mu_TCjmax_genbin5_recobin5 acc 0.0619 eff 0.5481 outinratio 0.1883 

ggH126_4mu_TCjmax_genbin6_recobin5 acc 0.0239 eff 0.0997 outinratio 0.0526 

VBFH126_4mu_TCjmax_genbin6_recobin5 acc 0.0695 eff 0.0507 outinratio 0.0629 

WminusH126_4mu_TCjmax_genbin6_recobin5 acc 0.1364 eff 0.1323 outinratio 0.1735 

WplusH126_4mu_TCjmax_genbin6_recobin5 acc 0.0977 eff 0.0521 outinratio 0.0762 

ZH126_4mu_TCjmax_genbin6_recobin5 acc 0.1042 eff 0.0519 outinratio 0.0808 

ttH126_4mu_TCjmax_genbin6_recobin5 acc 0.2634 eff 0.0352 outinratio 0.1883 

ggH126_4mu_TCjmax_genbin0_recobin6 acc 0.2708 eff 0.0015 outinratio 0.0515 

VBFH126_4mu_TCjmax_genbin0_recobin6 acc 0.0362 eff 0.0 outinratio 0.0132 

WminusH126_4mu_TCjmax_genbin0_recobin6 acc 0.0909 eff -1.0 outinratio 0.0 

WplusH126_4mu_TCjmax_genbin0_recobin6 acc 0.0802 eff 0.0334 outinratio 0.0615 

ZH126_4mu_TCjmax_genbin0_recobin6 acc 0.0818 eff 0.0111 outinratio 0.0751 

ttH126_4mu_TCjmax_genbin0_recobin6 acc 0.0018 eff -1.0 outinratio 0.139 

ggH126_4mu_TCjmax_genbin1_recobin6 acc 0.0248 eff 0.0 outinratio 0.0515 

VBFH126_4mu_TCjmax_genbin1_recobin6 acc 0.0734 eff 0.0166 outinratio 0.0132 

WminusH126_4mu_TCjmax_genbin1_recobin6 acc 0.0091 eff -1.0 outinratio 0.0 

WplusH126_4mu_TCjmax_genbin1_recobin6 acc 0.0035 eff 0.0255 outinratio 0.0615 

ZH126_4mu_TCjmax_genbin1_recobin6 acc 0.0061 eff 0.0 outinratio 0.0751 

ttH126_4mu_TCjmax_genbin1_recobin6 acc 0.0 eff -1.0 outinratio 0.139 

ggH126_4mu_TCjmax_genbin2_recobin6 acc 0.022 eff 0.0 outinratio 0.0515 

VBFH126_4mu_TCjmax_genbin2_recobin6 acc 0.0745 eff 0.0053 outinratio 0.0132 

WminusH126_4mu_TCjmax_genbin2_recobin6 acc 0.0091 eff -1.0 outinratio 0.0 

WplusH126_4mu_TCjmax_genbin2_recobin6 acc 0.0084 eff 0.0286 outinratio 0.0615 

ZH126_4mu_TCjmax_genbin2_recobin6 acc 0.0104 eff 0.0 outinratio 0.0751 

ttH126_4mu_TCjmax_genbin2_recobin6 acc 0.0014 eff -1.0 outinratio 0.139 

ggH126_4mu_TCjmax_genbin3_recobin6 acc 0.0316 eff 0.0 outinratio 0.0515 

VBFH126_4mu_TCjmax_genbin3_recobin6 acc 0.0857 eff 0.0 outinratio 0.0132 

WminusH126_4mu_TCjmax_genbin3_recobin6 acc 0.0091 eff -1.0 outinratio 0.0 

WplusH126_4mu_TCjmax_genbin3_recobin6 acc 0.0264 eff 0.0197 outinratio 0.0615 

ZH126_4mu_TCjmax_genbin3_recobin6 acc 0.0275 eff 0.0128 outinratio 0.0751 

ttH126_4mu_TCjmax_genbin3_recobin6 acc 0.0036 eff -1.0 outinratio 0.139 

ggH126_4mu_TCjmax_genbin4_recobin6 acc 0.0232 eff 0.0041 outinratio 0.0515 

VBFH126_4mu_TCjmax_genbin4_recobin6 acc 0.0545 eff 0.0 outinratio 0.0132 

WminusH126_4mu_TCjmax_genbin4_recobin6 acc 0.0455 eff -1.0 outinratio 0.0 

WplusH126_4mu_TCjmax_genbin4_recobin6 acc 0.0357 eff 0.0123 outinratio 0.0615 

ZH126_4mu_TCjmax_genbin4_recobin6 acc 0.039 eff 0.0236 outinratio 0.0751 

ttH126_4mu_TCjmax_genbin4_recobin6 acc 0.0107 eff 0.1268 outinratio 0.139 

ggH126_4mu_TCjmax_genbin5_recobin6 acc 0.0303 eff 0.0769 outinratio 0.0515 

VBFH126_4mu_TCjmax_genbin5_recobin6 acc 0.0795 eff 0.0682 outinratio 0.0132 

WminusH126_4mu_TCjmax_genbin5_recobin6 acc 0.0545 eff -1.0 outinratio 0.0 

WplusH126_4mu_TCjmax_genbin5_recobin6 acc 0.0801 eff 0.1196 outinratio 0.0615 

ZH126_4mu_TCjmax_genbin5_recobin6 acc 0.0978 eff 0.125 outinratio 0.0751 

ttH126_4mu_TCjmax_genbin5_recobin6 acc 0.0619 eff 0.205 outinratio 0.139 

ggH126_4mu_TCjmax_genbin6_recobin6 acc 0.0239 eff 0.7018 outinratio 0.0515 

VBFH126_4mu_TCjmax_genbin6_recobin6 acc 0.0695 eff 0.7391 outinratio 0.0132 

WminusH126_4mu_TCjmax_genbin6_recobin6 acc 0.1364 eff 0.5738 outinratio 0.0 

WplusH126_4mu_TCjmax_genbin6_recobin6 acc 0.0977 eff 0.7539 outinratio 0.0615 

ZH126_4mu_TCjmax_genbin6_recobin6 acc 0.1042 eff 0.7185 outinratio 0.0751 

ttH126_4mu_TCjmax_genbin6_recobin6 acc 0.2634 eff 0.7068 outinratio 0.139 

ggH126_2e2mu_TCjmax_genbin0_recobin0 acc 0.2529 eff 0.4456 outinratio 0.0529 

VBFH126_2e2mu_TCjmax_genbin0_recobin0 acc 0.0362 eff 0.379 outinratio 0.0098 

WminusH126_2e2mu_TCjmax_genbin0_recobin0 acc 0.1043 eff 0.2994 outinratio 0.3318 

WplusH126_2e2mu_TCjmax_genbin0_recobin0 acc 0.0716 eff 0.3706 outinratio 0.0658 

ZH126_2e2mu_TCjmax_genbin0_recobin0 acc 0.0735 eff 0.4073 outinratio 0.0759 

ttH126_2e2mu_TCjmax_genbin0_recobin0 acc 0.0 eff -1.0 outinratio 0.0 

ggH126_2e2mu_TCjmax_genbin1_recobin0 acc 0.0222 eff 0.1259 outinratio 0.0529 

VBFH126_2e2mu_TCjmax_genbin1_recobin0 acc 0.0901 eff 0.0644 outinratio 0.0098 

WminusH126_2e2mu_TCjmax_genbin1_recobin0 acc 0.0 eff -1.0 outinratio 0.3318 

WplusH126_2e2mu_TCjmax_genbin1_recobin0 acc 0.0039 eff 0.0549 outinratio 0.0658 

ZH126_2e2mu_TCjmax_genbin1_recobin0 acc 0.0036 eff 0.1104 outinratio 0.0759 

ttH126_2e2mu_TCjmax_genbin1_recobin0 acc 0.0004 eff -1.0 outinratio 0.0 

ggH126_2e2mu_TCjmax_genbin2_recobin0 acc 0.0206 eff 0.0762 outinratio 0.0529 

VBFH126_2e2mu_TCjmax_genbin2_recobin0 acc 0.0646 eff 0.0052 outinratio 0.0098 

WminusH126_2e2mu_TCjmax_genbin2_recobin0 acc 0.0043 eff -1.0 outinratio 0.3318 

WplusH126_2e2mu_TCjmax_genbin2_recobin0 acc 0.0082 eff 0.0891 outinratio 0.0658 

ZH126_2e2mu_TCjmax_genbin2_recobin0 acc 0.0072 eff 0.0533 outinratio 0.0759 

ttH126_2e2mu_TCjmax_genbin2_recobin0 acc 0.0014 eff -1.0 outinratio 0.0 

ggH126_2e2mu_TCjmax_genbin3_recobin0 acc 0.0287 eff 0.0717 outinratio 0.0529 

VBFH126_2e2mu_TCjmax_genbin3_recobin0 acc 0.083 eff 0.0087 outinratio 0.0098 

WminusH126_2e2mu_TCjmax_genbin3_recobin0 acc 0.0565 eff 0.0641 outinratio 0.3318 

WplusH126_2e2mu_TCjmax_genbin3_recobin0 acc 0.0239 eff 0.0635 outinratio 0.0658 

ZH126_2e2mu_TCjmax_genbin3_recobin0 acc 0.0256 eff 0.0775 outinratio 0.0759 

ttH126_2e2mu_TCjmax_genbin3_recobin0 acc 0.0039 eff 0.0 outinratio 0.0 

ggH126_2e2mu_TCjmax_genbin4_recobin0 acc 0.0232 eff 0.0687 outinratio 0.0529 

VBFH126_2e2mu_TCjmax_genbin4_recobin0 acc 0.0446 eff 0.0 outinratio 0.0098 

WminusH126_2e2mu_TCjmax_genbin4_recobin0 acc 0.0565 eff 0.0 outinratio 0.3318 

WplusH126_2e2mu_TCjmax_genbin4_recobin0 acc 0.0311 eff 0.0349 outinratio 0.0658 

ZH126_2e2mu_TCjmax_genbin4_recobin0 acc 0.0357 eff 0.0212 outinratio 0.0759 

ttH126_2e2mu_TCjmax_genbin4_recobin0 acc 0.0098 eff 0.0 outinratio 0.0 

ggH126_2e2mu_TCjmax_genbin5_recobin0 acc 0.0286 eff 0.0039 outinratio 0.0529 

VBFH126_2e2mu_TCjmax_genbin5_recobin0 acc 0.0755 eff 0.0 outinratio 0.0098 

WminusH126_2e2mu_TCjmax_genbin5_recobin0 acc 0.0696 eff 0.0 outinratio 0.3318 

WplusH126_2e2mu_TCjmax_genbin5_recobin0 acc 0.0796 eff 0.0041 outinratio 0.0658 

ZH126_2e2mu_TCjmax_genbin5_recobin0 acc 0.0908 eff 0.0088 outinratio 0.0759 

ttH126_2e2mu_TCjmax_genbin5_recobin0 acc 0.0576 eff 0.0 outinratio 0.0 

ggH126_2e2mu_TCjmax_genbin6_recobin0 acc 0.0235 eff 0.0 outinratio 0.0529 

VBFH126_2e2mu_TCjmax_genbin6_recobin0 acc 0.0683 eff 0.0032 outinratio 0.0098 

WminusH126_2e2mu_TCjmax_genbin6_recobin0 acc 0.0913 eff 0.0 outinratio 0.3318 

WplusH126_2e2mu_TCjmax_genbin6_recobin0 acc 0.0906 eff 0.0019 outinratio 0.0658 

ZH126_2e2mu_TCjmax_genbin6_recobin0 acc 0.1039 eff 0.0009 outinratio 0.0759 

ttH126_2e2mu_TCjmax_genbin6_recobin0 acc 0.2379 eff 0.0 outinratio 0.0 

ggH126_2e2mu_TCjmax_genbin0_recobin1 acc 0.2529 eff 0.0282 outinratio 0.0442 

VBFH126_2e2mu_TCjmax_genbin0_recobin1 acc 0.0362 eff 0.0881 outinratio 0.0325 

WminusH126_2e2mu_TCjmax_genbin0_recobin1 acc 0.1043 eff 0.0125 outinratio 0.0 

WplusH126_2e2mu_TCjmax_genbin0_recobin1 acc 0.0716 eff 0.0172 outinratio 0.131 

ZH126_2e2mu_TCjmax_genbin0_recobin1 acc 0.0735 eff 0.0139 outinratio 0.1901 

ttH126_2e2mu_TCjmax_genbin0_recobin1 acc 0.0 eff -1.0 outinratio 0.0 

ggH126_2e2mu_TCjmax_genbin1_recobin1 acc 0.0222 eff 0.3202 outinratio 0.0442 

VBFH126_2e2mu_TCjmax_genbin1_recobin1 acc 0.0901 eff 0.3199 outinratio 0.0325 

WminusH126_2e2mu_TCjmax_genbin1_recobin1 acc 0.0 eff -1.0 outinratio 0.0 

WplusH126_2e2mu_TCjmax_genbin1_recobin1 acc 0.0039 eff 0.2253 outinratio 0.131 

ZH126_2e2mu_TCjmax_genbin1_recobin1 acc 0.0036 eff 0.1394 outinratio 0.1901 

ttH126_2e2mu_TCjmax_genbin1_recobin1 acc 0.0004 eff -1.0 outinratio 0.0 

ggH126_2e2mu_TCjmax_genbin2_recobin1 acc 0.0206 eff 0.0339 outinratio 0.0442 

VBFH126_2e2mu_TCjmax_genbin2_recobin1 acc 0.0646 eff 0.0586 outinratio 0.0325 

WminusH126_2e2mu_TCjmax_genbin2_recobin1 acc 0.0043 eff -1.0 outinratio 0.0 

WplusH126_2e2mu_TCjmax_genbin2_recobin1 acc 0.0082 eff 0.0321 outinratio 0.131 

ZH126_2e2mu_TCjmax_genbin2_recobin1 acc 0.0072 eff 0.0 outinratio 0.1901 

ttH126_2e2mu_TCjmax_genbin2_recobin1 acc 0.0014 eff -1.0 outinratio 0.0 

ggH126_2e2mu_TCjmax_genbin3_recobin1 acc 0.0287 eff 0.0036 outinratio 0.0442 

VBFH126_2e2mu_TCjmax_genbin3_recobin1 acc 0.083 eff 0.0156 outinratio 0.0325 

WminusH126_2e2mu_TCjmax_genbin3_recobin1 acc 0.0565 eff 0.0 outinratio 0.0 

WplusH126_2e2mu_TCjmax_genbin3_recobin1 acc 0.0239 eff 0.0028 outinratio 0.131 

ZH126_2e2mu_TCjmax_genbin3_recobin1 acc 0.0256 eff 0.0035 outinratio 0.1901 

ttH126_2e2mu_TCjmax_genbin3_recobin1 acc 0.0039 eff 0.0 outinratio 0.0 

ggH126_2e2mu_TCjmax_genbin4_recobin1 acc 0.0232 eff 0.0145 outinratio 0.0442 

VBFH126_2e2mu_TCjmax_genbin4_recobin1 acc 0.0446 eff 0.0075 outinratio 0.0325 

WminusH126_2e2mu_TCjmax_genbin4_recobin1 acc 0.0565 eff 0.0 outinratio 0.0 

WplusH126_2e2mu_TCjmax_genbin4_recobin1 acc 0.0311 eff 0.0029 outinratio 0.131 

ZH126_2e2mu_TCjmax_genbin4_recobin1 acc 0.0357 eff 0.001 outinratio 0.1901 

ttH126_2e2mu_TCjmax_genbin4_recobin1 acc 0.0098 eff 0.0 outinratio 0.0 

ggH126_2e2mu_TCjmax_genbin5_recobin1 acc 0.0286 eff 0.0027 outinratio 0.0442 

VBFH126_2e2mu_TCjmax_genbin5_recobin1 acc 0.0755 eff 0.0 outinratio 0.0325 

WminusH126_2e2mu_TCjmax_genbin5_recobin1 acc 0.0696 eff 0.0 outinratio 0.0 

WplusH126_2e2mu_TCjmax_genbin5_recobin1 acc 0.0796 eff 0.0005 outinratio 0.131 

ZH126_2e2mu_TCjmax_genbin5_recobin1 acc 0.0908 eff 0.0 outinratio 0.1901 

ttH126_2e2mu_TCjmax_genbin5_recobin1 acc 0.0576 eff 0.0 outinratio 0.0 

ggH126_2e2mu_TCjmax_genbin6_recobin1 acc 0.0235 eff 0.0 outinratio 0.0442 

VBFH126_2e2mu_TCjmax_genbin6_recobin1 acc 0.0683 eff 0.0011 outinratio 0.0325 

WminusH126_2e2mu_TCjmax_genbin6_recobin1 acc 0.0913 eff 0.0 outinratio 0.0 

WplusH126_2e2mu_TCjmax_genbin6_recobin1 acc 0.0906 eff 0.0002 outinratio 0.131 

ZH126_2e2mu_TCjmax_genbin6_recobin1 acc 0.1039 eff 0.0 outinratio 0.1901 

ttH126_2e2mu_TCjmax_genbin6_recobin1 acc 0.2379 eff 0.0 outinratio 0.0 

ggH126_2e2mu_TCjmax_genbin0_recobin2 acc 0.2529 eff 0.011 outinratio 0.0528 

VBFH126_2e2mu_TCjmax_genbin0_recobin2 acc 0.0362 eff 0.0177 outinratio 0.0566 

WminusH126_2e2mu_TCjmax_genbin0_recobin2 acc 0.1043 eff 0.0 outinratio 0.0 

WplusH126_2e2mu_TCjmax_genbin0_recobin2 acc 0.0716 eff 0.0098 outinratio 0.0687 

ZH126_2e2mu_TCjmax_genbin0_recobin2 acc 0.0735 eff 0.0211 outinratio 0.0305 

ttH126_2e2mu_TCjmax_genbin0_recobin2 acc 0.0 eff -1.0 outinratio 0.0 

ggH126_2e2mu_TCjmax_genbin1_recobin2 acc 0.0222 eff 0.0349 outinratio 0.0528 

VBFH126_2e2mu_TCjmax_genbin1_recobin2 acc 0.0901 eff 0.0424 outinratio 0.0566 

WminusH126_2e2mu_TCjmax_genbin1_recobin2 acc 0.0 eff -1.0 outinratio 0.0 

WplusH126_2e2mu_TCjmax_genbin1_recobin2 acc 0.0039 eff 0.0529 outinratio 0.0687 

ZH126_2e2mu_TCjmax_genbin1_recobin2 acc 0.0036 eff 0.0 outinratio 0.0305 

ttH126_2e2mu_TCjmax_genbin1_recobin2 acc 0.0004 eff -1.0 outinratio 0.0 

ggH126_2e2mu_TCjmax_genbin2_recobin2 acc 0.0206 eff 0.3166 outinratio 0.0528 

VBFH126_2e2mu_TCjmax_genbin2_recobin2 acc 0.0646 eff 0.4082 outinratio 0.0566 

WminusH126_2e2mu_TCjmax_genbin2_recobin2 acc 0.0043 eff -1.0 outinratio 0.0 

WplusH126_2e2mu_TCjmax_genbin2_recobin2 acc 0.0082 eff 0.1868 outinratio 0.0687 

ZH126_2e2mu_TCjmax_genbin2_recobin2 acc 0.0072 eff 0.29 outinratio 0.0305 

ttH126_2e2mu_TCjmax_genbin2_recobin2 acc 0.0014 eff -1.0 outinratio 0.0 

ggH126_2e2mu_TCjmax_genbin3_recobin2 acc 0.0287 eff 0.043 outinratio 0.0528 

VBFH126_2e2mu_TCjmax_genbin3_recobin2 acc 0.083 eff 0.0355 outinratio 0.0566 

WminusH126_2e2mu_TCjmax_genbin3_recobin2 acc 0.0565 eff 0.0275 outinratio 0.0 

WplusH126_2e2mu_TCjmax_genbin3_recobin2 acc 0.0239 eff 0.0238 outinratio 0.0687 

ZH126_2e2mu_TCjmax_genbin3_recobin2 acc 0.0256 eff 0.0284 outinratio 0.0305 

ttH126_2e2mu_TCjmax_genbin3_recobin2 acc 0.0039 eff 0.012 outinratio 0.0 

ggH126_2e2mu_TCjmax_genbin4_recobin2 acc 0.0232 eff 0.004 outinratio 0.0528 

VBFH126_2e2mu_TCjmax_genbin4_recobin2 acc 0.0446 eff 0.003 outinratio 0.0566 

WminusH126_2e2mu_TCjmax_genbin4_recobin2 acc 0.0565 eff 0.0 outinratio 0.0 

WplusH126_2e2mu_TCjmax_genbin4_recobin2 acc 0.0311 eff 0.0063 outinratio 0.0687 

ZH126_2e2mu_TCjmax_genbin4_recobin2 acc 0.0357 eff 0.0 outinratio 0.0305 

ttH126_2e2mu_TCjmax_genbin4_recobin2 acc 0.0098 eff 0.0 outinratio 0.0 

ggH126_2e2mu_TCjmax_genbin5_recobin2 acc 0.0286 eff 0.0024 outinratio 0.0528 

VBFH126_2e2mu_TCjmax_genbin5_recobin2 acc 0.0755 eff 0.0026 outinratio 0.0566 

WminusH126_2e2mu_TCjmax_genbin5_recobin2 acc 0.0696 eff 0.0 outinratio 0.0 

WplusH126_2e2mu_TCjmax_genbin5_recobin2 acc 0.0796 eff 0.0008 outinratio 0.0687 

ZH126_2e2mu_TCjmax_genbin5_recobin2 acc 0.0908 eff 0.0 outinratio 0.0305 

ttH126_2e2mu_TCjmax_genbin5_recobin2 acc 0.0576 eff 0.0 outinratio 0.0 

ggH126_2e2mu_TCjmax_genbin6_recobin2 acc 0.0235 eff 0.0 outinratio 0.0528 

VBFH126_2e2mu_TCjmax_genbin6_recobin2 acc 0.0683 eff 0.0 outinratio 0.0566 

WminusH126_2e2mu_TCjmax_genbin6_recobin2 acc 0.0913 eff 0.0 outinratio 0.0 

WplusH126_2e2mu_TCjmax_genbin6_recobin2 acc 0.0906 eff 0.0 outinratio 0.0687 

ZH126_2e2mu_TCjmax_genbin6_recobin2 acc 0.1039 eff 0.0 outinratio 0.0305 

ttH126_2e2mu_TCjmax_genbin6_recobin2 acc 0.2379 eff 0.0 outinratio 0.0 

ggH126_2e2mu_TCjmax_genbin0_recobin3 acc 0.2529 eff 0.0119 outinratio 0.0761 

VBFH126_2e2mu_TCjmax_genbin0_recobin3 acc 0.0362 eff 0.0273 outinratio 0.0404 

WminusH126_2e2mu_TCjmax_genbin0_recobin3 acc 0.1043 eff 0.0136 outinratio 0.0 

WplusH126_2e2mu_TCjmax_genbin0_recobin3 acc 0.0716 eff 0.035 outinratio 0.0579 

ZH126_2e2mu_TCjmax_genbin0_recobin3 acc 0.0735 eff 0.0327 outinratio 0.0745 

ttH126_2e2mu_TCjmax_genbin0_recobin3 acc 0.0 eff -1.0 outinratio 0.0 

ggH126_2e2mu_TCjmax_genbin1_recobin3 acc 0.0222 eff 0.0139 outinratio 0.0761 

VBFH126_2e2mu_TCjmax_genbin1_recobin3 acc 0.0901 eff 0.0245 outinratio 0.0404 

WminusH126_2e2mu_TCjmax_genbin1_recobin3 acc 0.0 eff -1.0 outinratio 0.0 

WplusH126_2e2mu_TCjmax_genbin1_recobin3 acc 0.0039 eff 0.0306 outinratio 0.0579 

ZH126_2e2mu_TCjmax_genbin1_recobin3 acc 0.0036 eff 0.0921 outinratio 0.0745 

ttH126_2e2mu_TCjmax_genbin1_recobin3 acc 0.0004 eff -1.0 outinratio 0.0 

ggH126_2e2mu_TCjmax_genbin2_recobin3 acc 0.0206 eff 0.0643 outinratio 0.0761 

VBFH126_2e2mu_TCjmax_genbin2_recobin3 acc 0.0646 eff 0.079 outinratio 0.0404 

WminusH126_2e2mu_TCjmax_genbin2_recobin3 acc 0.0043 eff -1.0 outinratio 0.0 

WplusH126_2e2mu_TCjmax_genbin2_recobin3 acc 0.0082 eff 0.1107 outinratio 0.0579 

ZH126_2e2mu_TCjmax_genbin2_recobin3 acc 0.0072 eff 0.0704 outinratio 0.0745 

ttH126_2e2mu_TCjmax_genbin2_recobin3 acc 0.0014 eff -1.0 outinratio 0.0 

ggH126_2e2mu_TCjmax_genbin3_recobin3 acc 0.0287 eff 0.3367 outinratio 0.0761 

VBFH126_2e2mu_TCjmax_genbin3_recobin3 acc 0.083 eff 0.3741 outinratio 0.0404 

WminusH126_2e2mu_TCjmax_genbin3_recobin3 acc 0.0565 eff 0.2206 outinratio 0.0 

WplusH126_2e2mu_TCjmax_genbin3_recobin3 acc 0.0239 eff 0.3123 outinratio 0.0579 

ZH126_2e2mu_TCjmax_genbin3_recobin3 acc 0.0256 eff 0.2607 outinratio 0.0745 

ttH126_2e2mu_TCjmax_genbin3_recobin3 acc 0.0039 eff 0.3173 outinratio 0.0 

ggH126_2e2mu_TCjmax_genbin4_recobin3 acc 0.0232 eff 0.0753 outinratio 0.0761 

VBFH126_2e2mu_TCjmax_genbin4_recobin3 acc 0.0446 eff 0.0483 outinratio 0.0404 

WminusH126_2e2mu_TCjmax_genbin4_recobin3 acc 0.0565 eff 0.085 outinratio 0.0 

WplusH126_2e2mu_TCjmax_genbin4_recobin3 acc 0.0311 eff 0.0596 outinratio 0.0579 

ZH126_2e2mu_TCjmax_genbin4_recobin3 acc 0.0357 eff 0.0439 outinratio 0.0745 

ttH126_2e2mu_TCjmax_genbin4_recobin3 acc 0.0098 eff 0.0632 outinratio 0.0 

ggH126_2e2mu_TCjmax_genbin5_recobin3 acc 0.0286 eff 0.0079 outinratio 0.0761 

VBFH126_2e2mu_TCjmax_genbin5_recobin3 acc 0.0755 eff 0.0048 outinratio 0.0404 

WminusH126_2e2mu_TCjmax_genbin5_recobin3 acc 0.0696 eff 0.0 outinratio 0.0 

WplusH126_2e2mu_TCjmax_genbin5_recobin3 acc 0.0796 eff 0.0045 outinratio 0.0579 

ZH126_2e2mu_TCjmax_genbin5_recobin3 acc 0.0908 eff 0.0042 outinratio 0.0745 

ttH126_2e2mu_TCjmax_genbin5_recobin3 acc 0.0576 eff 0.0 outinratio 0.0 

ggH126_2e2mu_TCjmax_genbin6_recobin3 acc 0.0235 eff 0.0 outinratio 0.0761 

VBFH126_2e2mu_TCjmax_genbin6_recobin3 acc 0.0683 eff 0.0 outinratio 0.0404 

WminusH126_2e2mu_TCjmax_genbin6_recobin3 acc 0.0913 eff 0.0 outinratio 0.0 

WplusH126_2e2mu_TCjmax_genbin6_recobin3 acc 0.0906 eff 0.0003 outinratio 0.0579 

ZH126_2e2mu_TCjmax_genbin6_recobin3 acc 0.1039 eff 0.0013 outinratio 0.0745 

ttH126_2e2mu_TCjmax_genbin6_recobin3 acc 0.2379 eff 0.0 outinratio 0.0 

ggH126_2e2mu_TCjmax_genbin0_recobin4 acc 0.2529 eff 0.0101 outinratio 0.0707 

VBFH126_2e2mu_TCjmax_genbin0_recobin4 acc 0.0362 eff 0.0127 outinratio 0.0033 

WminusH126_2e2mu_TCjmax_genbin0_recobin4 acc 0.1043 eff 0.0 outinratio 0.1842 

WplusH126_2e2mu_TCjmax_genbin0_recobin4 acc 0.0716 eff 0.0282 outinratio 0.0706 

ZH126_2e2mu_TCjmax_genbin0_recobin4 acc 0.0735 eff 0.0203 outinratio 0.1538 

ttH126_2e2mu_TCjmax_genbin0_recobin4 acc 0.0 eff -1.0 outinratio 0.0178 

ggH126_2e2mu_TCjmax_genbin1_recobin4 acc 0.0222 eff 0.0085 outinratio 0.0707 

VBFH126_2e2mu_TCjmax_genbin1_recobin4 acc 0.0901 eff 0.0031 outinratio 0.0033 

WminusH126_2e2mu_TCjmax_genbin1_recobin4 acc 0.0 eff -1.0 outinratio 0.1842 

WplusH126_2e2mu_TCjmax_genbin1_recobin4 acc 0.0039 eff 0.008 outinratio 0.0706 

ZH126_2e2mu_TCjmax_genbin1_recobin4 acc 0.0036 eff 0.0295 outinratio 0.1538 

ttH126_2e2mu_TCjmax_genbin1_recobin4 acc 0.0004 eff -1.0 outinratio 0.0178 

ggH126_2e2mu_TCjmax_genbin2_recobin4 acc 0.0206 eff 0.0033 outinratio 0.0707 

VBFH126_2e2mu_TCjmax_genbin2_recobin4 acc 0.0646 eff 0.0171 outinratio 0.0033 

WminusH126_2e2mu_TCjmax_genbin2_recobin4 acc 0.0043 eff -1.0 outinratio 0.1842 

WplusH126_2e2mu_TCjmax_genbin2_recobin4 acc 0.0082 eff 0.0343 outinratio 0.0706 

ZH126_2e2mu_TCjmax_genbin2_recobin4 acc 0.0072 eff 0.0122 outinratio 0.1538 

ttH126_2e2mu_TCjmax_genbin2_recobin4 acc 0.0014 eff -1.0 outinratio 0.0178 

ggH126_2e2mu_TCjmax_genbin3_recobin4 acc 0.0287 eff 0.0805 outinratio 0.0707 

VBFH126_2e2mu_TCjmax_genbin3_recobin4 acc 0.083 eff 0.0823 outinratio 0.0033 

WminusH126_2e2mu_TCjmax_genbin3_recobin4 acc 0.0565 eff 0.119 outinratio 0.1842 

WplusH126_2e2mu_TCjmax_genbin3_recobin4 acc 0.0239 eff 0.1005 outinratio 0.0706 

ZH126_2e2mu_TCjmax_genbin3_recobin4 acc 0.0256 eff 0.0894 outinratio 0.1538 

ttH126_2e2mu_TCjmax_genbin3_recobin4 acc 0.0039 eff 0.072 outinratio 0.0178 

ggH126_2e2mu_TCjmax_genbin4_recobin4 acc 0.0232 eff 0.277 outinratio 0.0707 

VBFH126_2e2mu_TCjmax_genbin4_recobin4 acc 0.0446 eff 0.3173 outinratio 0.0033 

WminusH126_2e2mu_TCjmax_genbin4_recobin4 acc 0.0565 eff 0.4331 outinratio 0.1842 

WplusH126_2e2mu_TCjmax_genbin4_recobin4 acc 0.0311 eff 0.2373 outinratio 0.0706 

ZH126_2e2mu_TCjmax_genbin4_recobin4 acc 0.0357 eff 0.2202 outinratio 0.1538 

ttH126_2e2mu_TCjmax_genbin4_recobin4 acc 0.0098 eff 0.2139 outinratio 0.0178 

ggH126_2e2mu_TCjmax_genbin5_recobin4 acc 0.0286 eff 0.0843 outinratio 0.0707 

VBFH126_2e2mu_TCjmax_genbin5_recobin4 acc 0.0755 eff 0.03 outinratio 0.0033 

WminusH126_2e2mu_TCjmax_genbin5_recobin4 acc 0.0696 eff 0.0 outinratio 0.1842 

WplusH126_2e2mu_TCjmax_genbin5_recobin4 acc 0.0796 eff 0.0489 outinratio 0.0706 

ZH126_2e2mu_TCjmax_genbin5_recobin4 acc 0.0908 eff 0.0528 outinratio 0.1538 

ttH126_2e2mu_TCjmax_genbin5_recobin4 acc 0.0576 eff 0.0188 outinratio 0.0178 

ggH126_2e2mu_TCjmax_genbin6_recobin4 acc 0.0235 eff 0.0 outinratio 0.0707 

VBFH126_2e2mu_TCjmax_genbin6_recobin4 acc 0.0683 eff 0.0 outinratio 0.0033 

WminusH126_2e2mu_TCjmax_genbin6_recobin4 acc 0.0913 eff 0.0 outinratio 0.1842 

WplusH126_2e2mu_TCjmax_genbin6_recobin4 acc 0.0906 eff 0.0002 outinratio 0.0706 

ZH126_2e2mu_TCjmax_genbin6_recobin4 acc 0.1039 eff 0.0012 outinratio 0.1538 

ttH126_2e2mu_TCjmax_genbin6_recobin4 acc 0.2379 eff 0.0 outinratio 0.0178 

ggH126_2e2mu_TCjmax_genbin0_recobin5 acc 0.2529 eff 0.0047 outinratio 0.0931 

VBFH126_2e2mu_TCjmax_genbin0_recobin5 acc 0.0362 eff 0.0 outinratio 0.0089 

WminusH126_2e2mu_TCjmax_genbin0_recobin5 acc 0.1043 eff 0.0274 outinratio 0.0 

WplusH126_2e2mu_TCjmax_genbin0_recobin5 acc 0.0716 eff 0.0298 outinratio 0.1012 

ZH126_2e2mu_TCjmax_genbin0_recobin5 acc 0.0735 eff 0.0214 outinratio 0.088 

ttH126_2e2mu_TCjmax_genbin0_recobin5 acc 0.0 eff -1.0 outinratio 0.1638 

ggH126_2e2mu_TCjmax_genbin1_recobin5 acc 0.0222 eff 0.0097 outinratio 0.0931 

VBFH126_2e2mu_TCjmax_genbin1_recobin5 acc 0.0901 eff 0.0102 outinratio 0.0089 

WminusH126_2e2mu_TCjmax_genbin1_recobin5 acc 0.0 eff -1.0 outinratio 0.0 

WplusH126_2e2mu_TCjmax_genbin1_recobin5 acc 0.0039 eff 0.0712 outinratio 0.1012 

ZH126_2e2mu_TCjmax_genbin1_recobin5 acc 0.0036 eff 0.0425 outinratio 0.088 

ttH126_2e2mu_TCjmax_genbin1_recobin5 acc 0.0004 eff -1.0 outinratio 0.1638 

ggH126_2e2mu_TCjmax_genbin2_recobin5 acc 0.0206 eff 0.0049 outinratio 0.0931 

VBFH126_2e2mu_TCjmax_genbin2_recobin5 acc 0.0646 eff 0.0 outinratio 0.0089 

WminusH126_2e2mu_TCjmax_genbin2_recobin5 acc 0.0043 eff -1.0 outinratio 0.0 

WplusH126_2e2mu_TCjmax_genbin2_recobin5 acc 0.0082 eff 0.0323 outinratio 0.1012 

ZH126_2e2mu_TCjmax_genbin2_recobin5 acc 0.0072 eff 0.0 outinratio 0.088 

ttH126_2e2mu_TCjmax_genbin2_recobin5 acc 0.0014 eff -1.0 outinratio 0.1638 

ggH126_2e2mu_TCjmax_genbin3_recobin5 acc 0.0287 eff 0.0075 outinratio 0.0931 

VBFH126_2e2mu_TCjmax_genbin3_recobin5 acc 0.083 eff 0.0027 outinratio 0.0089 

WminusH126_2e2mu_TCjmax_genbin3_recobin5 acc 0.0565 eff 0.0229 outinratio 0.0 

WplusH126_2e2mu_TCjmax_genbin3_recobin5 acc 0.0239 eff 0.0289 outinratio 0.1012 

ZH126_2e2mu_TCjmax_genbin3_recobin5 acc 0.0256 eff 0.0414 outinratio 0.088 

ttH126_2e2mu_TCjmax_genbin3_recobin5 acc 0.0039 eff 0.0382 outinratio 0.1638 

ggH126_2e2mu_TCjmax_genbin4_recobin5 acc 0.0232 eff 0.0946 outinratio 0.0931 

VBFH126_2e2mu_TCjmax_genbin4_recobin5 acc 0.0446 eff 0.1442 outinratio 0.0089 

WminusH126_2e2mu_TCjmax_genbin4_recobin5 acc 0.0565 eff 0.0692 outinratio 0.0 

WplusH126_2e2mu_TCjmax_genbin4_recobin5 acc 0.0311 eff 0.161 outinratio 0.1012 

ZH126_2e2mu_TCjmax_genbin4_recobin5 acc 0.0357 eff 0.1574 outinratio 0.088 

ttH126_2e2mu_TCjmax_genbin4_recobin5 acc 0.0098 eff 0.1684 outinratio 0.1638 

ggH126_2e2mu_TCjmax_genbin5_recobin5 acc 0.0286 eff 0.4228 outinratio 0.0931 

VBFH126_2e2mu_TCjmax_genbin5_recobin5 acc 0.0755 eff 0.4757 outinratio 0.0089 

WminusH126_2e2mu_TCjmax_genbin5_recobin5 acc 0.0696 eff 0.2968 outinratio 0.0 

WplusH126_2e2mu_TCjmax_genbin5_recobin5 acc 0.0796 eff 0.3985 outinratio 0.1012 

ZH126_2e2mu_TCjmax_genbin5_recobin5 acc 0.0908 eff 0.3896 outinratio 0.088 

ttH126_2e2mu_TCjmax_genbin5_recobin5 acc 0.0576 eff 0.3567 outinratio 0.1638 

ggH126_2e2mu_TCjmax_genbin6_recobin5 acc 0.0235 eff 0.0608 outinratio 0.0931 

VBFH126_2e2mu_TCjmax_genbin6_recobin5 acc 0.0683 eff 0.0374 outinratio 0.0089 

WminusH126_2e2mu_TCjmax_genbin6_recobin5 acc 0.0913 eff 0.1089 outinratio 0.0 

WplusH126_2e2mu_TCjmax_genbin6_recobin5 acc 0.0906 eff 0.0349 outinratio 0.1012 

ZH126_2e2mu_TCjmax_genbin6_recobin5 acc 0.1039 eff 0.0419 outinratio 0.088 

ttH126_2e2mu_TCjmax_genbin6_recobin5 acc 0.2379 eff 0.0272 outinratio 0.1638 

ggH126_2e2mu_TCjmax_genbin0_recobin6 acc 0.2529 eff 0.0005 outinratio 0.0679 

VBFH126_2e2mu_TCjmax_genbin0_recobin6 acc 0.0362 eff 0.0 outinratio 0.0402 

WminusH126_2e2mu_TCjmax_genbin0_recobin6 acc 0.1043 eff -0.019 outinratio 0.0 

WplusH126_2e2mu_TCjmax_genbin0_recobin6 acc 0.0716 eff 0.0155 outinratio 0.0707 

ZH126_2e2mu_TCjmax_genbin0_recobin6 acc 0.0735 eff 0.0158 outinratio 0.077 

ttH126_2e2mu_TCjmax_genbin0_recobin6 acc 0.0 eff -1.0 outinratio 0.1884 

ggH126_2e2mu_TCjmax_genbin1_recobin6 acc 0.0222 eff 0.0 outinratio 0.0679 

VBFH126_2e2mu_TCjmax_genbin1_recobin6 acc 0.0901 eff 0.0 outinratio 0.0402 

WminusH126_2e2mu_TCjmax_genbin1_recobin6 acc 0.0 eff -1.0 outinratio 0.0 

WplusH126_2e2mu_TCjmax_genbin1_recobin6 acc 0.0039 eff 0.0333 outinratio 0.0707 

ZH126_2e2mu_TCjmax_genbin1_recobin6 acc 0.0036 eff 0.0 outinratio 0.077 

ttH126_2e2mu_TCjmax_genbin1_recobin6 acc 0.0004 eff -1.0 outinratio 0.1884 

ggH126_2e2mu_TCjmax_genbin2_recobin6 acc 0.0206 eff 0.0 outinratio 0.0679 

VBFH126_2e2mu_TCjmax_genbin2_recobin6 acc 0.0646 eff 0.0 outinratio 0.0402 

WminusH126_2e2mu_TCjmax_genbin2_recobin6 acc 0.0043 eff -1.0 outinratio 0.0 

WplusH126_2e2mu_TCjmax_genbin2_recobin6 acc 0.0082 eff 0.0241 outinratio 0.0707 

ZH126_2e2mu_TCjmax_genbin2_recobin6 acc 0.0072 eff 0.0 outinratio 0.077 

ttH126_2e2mu_TCjmax_genbin2_recobin6 acc 0.0014 eff -1.0 outinratio 0.1884 

ggH126_2e2mu_TCjmax_genbin3_recobin6 acc 0.0287 eff 0.0 outinratio 0.0679 

VBFH126_2e2mu_TCjmax_genbin3_recobin6 acc 0.083 eff 0.0 outinratio 0.0402 

WminusH126_2e2mu_TCjmax_genbin3_recobin6 acc 0.0565 eff 0.0 outinratio 0.0 

WplusH126_2e2mu_TCjmax_genbin3_recobin6 acc 0.0239 eff 0.0101 outinratio 0.0707 

ZH126_2e2mu_TCjmax_genbin3_recobin6 acc 0.0256 eff 0.0097 outinratio 0.077 

ttH126_2e2mu_TCjmax_genbin3_recobin6 acc 0.0039 eff 0.0846 outinratio 0.1884 

ggH126_2e2mu_TCjmax_genbin4_recobin6 acc 0.0232 eff 0.0 outinratio 0.0679 

VBFH126_2e2mu_TCjmax_genbin4_recobin6 acc 0.0446 eff 0.0046 outinratio 0.0402 

WminusH126_2e2mu_TCjmax_genbin4_recobin6 acc 0.0565 eff 0.0 outinratio 0.0 

WplusH126_2e2mu_TCjmax_genbin4_recobin6 acc 0.0311 eff 0.0066 outinratio 0.0707 

ZH126_2e2mu_TCjmax_genbin4_recobin6 acc 0.0357 eff 0.0 outinratio 0.077 

ttH126_2e2mu_TCjmax_genbin4_recobin6 acc 0.0098 eff 0.0147 outinratio 0.1884 

ggH126_2e2mu_TCjmax_genbin5_recobin6 acc 0.0286 eff 0.0316 outinratio 0.0679 

VBFH126_2e2mu_TCjmax_genbin5_recobin6 acc 0.0755 eff 0.0456 outinratio 0.0402 

WminusH126_2e2mu_TCjmax_genbin5_recobin6 acc 0.0696 eff 0.1647 outinratio 0.0 

WplusH126_2e2mu_TCjmax_genbin5_recobin6 acc 0.0796 eff 0.0716 outinratio 0.0707 

ZH126_2e2mu_TCjmax_genbin5_recobin6 acc 0.0908 eff 0.0809 outinratio 0.077 

ttH126_2e2mu_TCjmax_genbin5_recobin6 acc 0.0576 eff 0.1285 outinratio 0.1884 

ggH126_2e2mu_TCjmax_genbin6_recobin6 acc 0.0235 eff 0.4813 outinratio 0.0679 

VBFH126_2e2mu_TCjmax_genbin6_recobin6 acc 0.0683 eff 0.5098 outinratio 0.0402 

WminusH126_2e2mu_TCjmax_genbin6_recobin6 acc 0.0913 eff 0.3602 outinratio 0.0 

WplusH126_2e2mu_TCjmax_genbin6_recobin6 acc 0.0906 eff 0.4801 outinratio 0.0707 

ZH126_2e2mu_TCjmax_genbin6_recobin6 acc 0.1039 eff 0.507 outinratio 0.077 

ttH126_2e2mu_TCjmax_genbin6_recobin6 acc 0.2379 eff 0.4734 outinratio 0.1884 

Coeff fullNNLOPS
