Welcome in RunCoefficients!
OPT SPLIT
DEBUG opt.YEAR = 2022EE_4
It is a single-differential measurement, binning [-100.0, 0.0, 25.0, 75.0, 10000.0]
pTHjj
Following observables extracted from dictionary: RECO =  pTHjj  GEN =  GENpTHjj
LUMI: 4.4454666666666665
ttH126 0.0001677859
Processing ggH126 2022EE_4
Signal created
Signal failed created
Processing VBFH126 2022EE_4
Signal created
Signal failed created
Processing WminusH126 2022EE_4
Signal created
Signal failed created
Processing WplusH126 2022EE_4
Signal created
Signal failed created
Processing ZH126 2022EE_4
Signal created
Signal failed created
Processing ttH126 2022EE_4
Signal created
Signal failed created
2022EE_4 SKIMMED df CREATED
2022EE_4 ggH126
2022EE_4 VBFH126
2022EE_4 WminusH126
2022EE_4 WplusH126
2022EE_4 ZH126
2022EE_4 ttH126
Dataframes created successfully
Coeff std
ggH126_4l_pTHjj_genbin0_recobin0 acc 0.4023 eff 0.4775 outinratio 0.0068 

VBFH126_4l_pTHjj_genbin0_recobin0 acc 0.2862 eff 0.4538 outinratio 0.0053 

WminusH126_4l_pTHjj_genbin0_recobin0 acc 0.2365 eff 0.3984 outinratio 0.0235 

WplusH126_4l_pTHjj_genbin0_recobin0 acc 0.2083 eff 0.4002 outinratio 0.023 

ZH126_4l_pTHjj_genbin0_recobin0 acc 0.2115 eff 0.4059 outinratio 0.0668 

ttH126_4l_pTHjj_genbin0_recobin0 acc 0.0156 eff 0.1812 outinratio 0.152 

ggH126_4l_pTHjj_genbin1_recobin0 acc 0.0181 eff 0.1155 outinratio 0.0068 

VBFH126_4l_pTHjj_genbin1_recobin0 acc 0.1314 eff 0.0954 outinratio 0.0053 

WminusH126_4l_pTHjj_genbin1_recobin0 acc 0.0699 eff 0.0791 outinratio 0.0235 

WplusH126_4l_pTHjj_genbin1_recobin0 acc 0.0638 eff 0.0759 outinratio 0.023 

ZH126_4l_pTHjj_genbin1_recobin0 acc 0.0713 eff 0.1044 outinratio 0.0668 

ttH126_4l_pTHjj_genbin1_recobin0 acc 0.0213 eff 0.0065 outinratio 0.152 

ggH126_4l_pTHjj_genbin2_recobin0 acc 0.0216 eff 0.0955 outinratio 0.0068 

VBFH126_4l_pTHjj_genbin2_recobin0 acc 0.0565 eff 0.0721 outinratio 0.0053 

WminusH126_4l_pTHjj_genbin2_recobin0 acc 0.0756 eff 0.0487 outinratio 0.0235 

WplusH126_4l_pTHjj_genbin2_recobin0 acc 0.0695 eff 0.0392 outinratio 0.023 

ZH126_4l_pTHjj_genbin2_recobin0 acc 0.0821 eff 0.0581 outinratio 0.0668 

ttH126_4l_pTHjj_genbin2_recobin0 acc 0.1418 eff 0.0056 outinratio 0.152 

ggH126_4l_pTHjj_genbin3_recobin0 acc 0.0042 eff 0.0136 outinratio 0.0068 

VBFH126_4l_pTHjj_genbin3_recobin0 acc 0.0071 eff 0.0097 outinratio 0.0053 

WminusH126_4l_pTHjj_genbin3_recobin0 acc 0.0262 eff 0.018 outinratio 0.0235 

WplusH126_4l_pTHjj_genbin3_recobin0 acc 0.0258 eff 0.0267 outinratio 0.023 

ZH126_4l_pTHjj_genbin3_recobin0 acc 0.0289 eff 0.0182 outinratio 0.0668 

ttH126_4l_pTHjj_genbin3_recobin0 acc 0.3183 eff 0.0049 outinratio 0.152 

ggH126_4l_pTHjj_genbin0_recobin1 acc 0.4023 eff 0.0055 outinratio 0.0088 

VBFH126_4l_pTHjj_genbin0_recobin1 acc 0.2862 eff 0.0275 outinratio 0.0079 

WminusH126_4l_pTHjj_genbin0_recobin1 acc 0.2365 eff 0.0197 outinratio 0.0094 

WplusH126_4l_pTHjj_genbin0_recobin1 acc 0.2083 eff 0.0245 outinratio 0.0076 

ZH126_4l_pTHjj_genbin0_recobin1 acc 0.2115 eff 0.0201 outinratio 0.0217 

ttH126_4l_pTHjj_genbin0_recobin1 acc 0.0156 eff 0.0 outinratio 0.0216 

ggH126_4l_pTHjj_genbin1_recobin1 acc 0.0181 eff 0.254 outinratio 0.0088 

VBFH126_4l_pTHjj_genbin1_recobin1 acc 0.1314 eff 0.2827 outinratio 0.0079 

WminusH126_4l_pTHjj_genbin1_recobin1 acc 0.0699 eff 0.2844 outinratio 0.0094 

WplusH126_4l_pTHjj_genbin1_recobin1 acc 0.0638 eff 0.2753 outinratio 0.0076 

ZH126_4l_pTHjj_genbin1_recobin1 acc 0.0713 eff 0.2764 outinratio 0.0217 

ttH126_4l_pTHjj_genbin1_recobin1 acc 0.0213 eff 0.1425 outinratio 0.0216 

ggH126_4l_pTHjj_genbin2_recobin1 acc 0.0216 eff 0.0485 outinratio 0.0088 

VBFH126_4l_pTHjj_genbin2_recobin1 acc 0.0565 eff 0.0723 outinratio 0.0079 

WminusH126_4l_pTHjj_genbin2_recobin1 acc 0.0756 eff 0.0483 outinratio 0.0094 

WplusH126_4l_pTHjj_genbin2_recobin1 acc 0.0695 eff 0.0455 outinratio 0.0076 

ZH126_4l_pTHjj_genbin2_recobin1 acc 0.0821 eff 0.0425 outinratio 0.0217 

ttH126_4l_pTHjj_genbin2_recobin1 acc 0.1418 eff 0.0276 outinratio 0.0216 

ggH126_4l_pTHjj_genbin3_recobin1 acc 0.0042 eff 0.0077 outinratio 0.0088 

VBFH126_4l_pTHjj_genbin3_recobin1 acc 0.0071 eff 0.0091 outinratio 0.0079 

WminusH126_4l_pTHjj_genbin3_recobin1 acc 0.0262 eff 0.0069 outinratio 0.0094 

WplusH126_4l_pTHjj_genbin3_recobin1 acc 0.0258 eff 0.0043 outinratio 0.0076 

ZH126_4l_pTHjj_genbin3_recobin1 acc 0.0289 eff 0.0047 outinratio 0.0217 

ttH126_4l_pTHjj_genbin3_recobin1 acc 0.3183 eff 0.0046 outinratio 0.0216 

ggH126_4l_pTHjj_genbin0_recobin2 acc 0.4023 eff 0.0099 outinratio 0.0065 

VBFH126_4l_pTHjj_genbin0_recobin2 acc 0.2862 eff 0.0361 outinratio 0.007 

WminusH126_4l_pTHjj_genbin0_recobin2 acc 0.2365 eff 0.0328 outinratio 0.0116 

WplusH126_4l_pTHjj_genbin0_recobin2 acc 0.2083 eff 0.0296 outinratio 0.0105 

ZH126_4l_pTHjj_genbin0_recobin2 acc 0.2115 eff 0.0293 outinratio 0.0362 

ttH126_4l_pTHjj_genbin0_recobin2 acc 0.0156 eff 0.0352 outinratio 0.0304 

ggH126_4l_pTHjj_genbin1_recobin2 acc 0.0181 eff 0.1444 outinratio 0.0065 

VBFH126_4l_pTHjj_genbin1_recobin2 acc 0.1314 eff 0.166 outinratio 0.007 

WminusH126_4l_pTHjj_genbin1_recobin2 acc 0.0699 eff 0.1392 outinratio 0.0116 

WplusH126_4l_pTHjj_genbin1_recobin2 acc 0.0638 eff 0.1494 outinratio 0.0105 

ZH126_4l_pTHjj_genbin1_recobin2 acc 0.0713 eff 0.1312 outinratio 0.0362 

ttH126_4l_pTHjj_genbin1_recobin2 acc 0.0213 eff 0.1361 outinratio 0.0304 

ggH126_4l_pTHjj_genbin2_recobin2 acc 0.0216 eff 0.3315 outinratio 0.0065 

VBFH126_4l_pTHjj_genbin2_recobin2 acc 0.0565 eff 0.3618 outinratio 0.007 

WminusH126_4l_pTHjj_genbin2_recobin2 acc 0.0756 eff 0.3316 outinratio 0.0116 

WplusH126_4l_pTHjj_genbin2_recobin2 acc 0.0695 eff 0.3368 outinratio 0.0105 

ZH126_4l_pTHjj_genbin2_recobin2 acc 0.0821 eff 0.3287 outinratio 0.0362 

ttH126_4l_pTHjj_genbin2_recobin2 acc 0.1418 eff 0.2428 outinratio 0.0304 

ggH126_4l_pTHjj_genbin3_recobin2 acc 0.0042 eff 0.0962 outinratio 0.0065 

VBFH126_4l_pTHjj_genbin3_recobin2 acc 0.0071 eff 0.0763 outinratio 0.007 

WminusH126_4l_pTHjj_genbin3_recobin2 acc 0.0262 eff 0.0597 outinratio 0.0116 

WplusH126_4l_pTHjj_genbin3_recobin2 acc 0.0258 eff 0.0597 outinratio 0.0105 

ZH126_4l_pTHjj_genbin3_recobin2 acc 0.0289 eff 0.0666 outinratio 0.0362 

ttH126_4l_pTHjj_genbin3_recobin2 acc 0.3183 eff 0.0446 outinratio 0.0304 

ggH126_4l_pTHjj_genbin0_recobin3 acc 0.4023 eff 0.002 outinratio 0.0131 

VBFH126_4l_pTHjj_genbin0_recobin3 acc 0.2862 eff 0.0058 outinratio 0.0 

WminusH126_4l_pTHjj_genbin0_recobin3 acc 0.2365 eff 0.0105 outinratio 0.0182 

WplusH126_4l_pTHjj_genbin0_recobin3 acc 0.2083 eff 0.0101 outinratio 0.0163 

ZH126_4l_pTHjj_genbin0_recobin3 acc 0.2115 eff 0.0089 outinratio 0.0711 

ttH126_4l_pTHjj_genbin0_recobin3 acc 0.0156 eff 0.1317 outinratio 0.0465 

ggH126_4l_pTHjj_genbin1_recobin3 acc 0.0181 eff 0.0112 outinratio 0.0131 

VBFH126_4l_pTHjj_genbin1_recobin3 acc 0.1314 eff 0.0104 outinratio 0.0 

WminusH126_4l_pTHjj_genbin1_recobin3 acc 0.0699 eff 0.0124 outinratio 0.0182 

WplusH126_4l_pTHjj_genbin1_recobin3 acc 0.0638 eff 0.0161 outinratio 0.0163 

ZH126_4l_pTHjj_genbin1_recobin3 acc 0.0713 eff 0.0116 outinratio 0.0711 

ttH126_4l_pTHjj_genbin1_recobin3 acc 0.0213 eff 0.0958 outinratio 0.0465 

ggH126_4l_pTHjj_genbin2_recobin3 acc 0.0216 eff 0.0494 outinratio 0.0131 

VBFH126_4l_pTHjj_genbin2_recobin3 acc 0.0565 eff 0.0546 outinratio 0.0 

WminusH126_4l_pTHjj_genbin2_recobin3 acc 0.0756 eff 0.0529 outinratio 0.0182 

WplusH126_4l_pTHjj_genbin2_recobin3 acc 0.0695 eff 0.0564 outinratio 0.0163 

ZH126_4l_pTHjj_genbin2_recobin3 acc 0.0821 eff 0.0516 outinratio 0.0711 

ttH126_4l_pTHjj_genbin2_recobin3 acc 0.1418 eff 0.1061 outinratio 0.0465 

ggH126_4l_pTHjj_genbin3_recobin3 acc 0.0042 eff 0.4247 outinratio 0.0131 

VBFH126_4l_pTHjj_genbin3_recobin3 acc 0.0071 eff 0.4136 outinratio 0.0 

WminusH126_4l_pTHjj_genbin3_recobin3 acc 0.0262 eff 0.3713 outinratio 0.0182 

WplusH126_4l_pTHjj_genbin3_recobin3 acc 0.0258 eff 0.3684 outinratio 0.0163 

ZH126_4l_pTHjj_genbin3_recobin3 acc 0.0289 eff 0.36 outinratio 0.0711 

ttH126_4l_pTHjj_genbin3_recobin3 acc 0.3183 eff 0.3404 outinratio 0.0465 

ggH126_4e_pTHjj_genbin0_recobin0 acc 0.3822 eff 0.3133 outinratio 0.0086 

VBFH126_4e_pTHjj_genbin0_recobin0 acc 0.2748 eff 0.3237 outinratio 0.0062 

WminusH126_4e_pTHjj_genbin0_recobin0 acc 0.2274 eff 0.2642 outinratio 0.0356 

WplusH126_4e_pTHjj_genbin0_recobin0 acc 0.2007 eff 0.2781 outinratio 0.0158 

ZH126_4e_pTHjj_genbin0_recobin0 acc 0.2061 eff 0.2756 outinratio 0.0731 

ttH126_4e_pTHjj_genbin0_recobin0 acc 0.0147 eff 0.1198 outinratio 0.0327 

ggH126_4e_pTHjj_genbin1_recobin0 acc 0.0177 eff 0.0833 outinratio 0.0086 

VBFH126_4e_pTHjj_genbin1_recobin0 acc 0.1251 eff 0.0754 outinratio 0.0062 

WminusH126_4e_pTHjj_genbin1_recobin0 acc 0.0659 eff 0.0466 outinratio 0.0356 

WplusH126_4e_pTHjj_genbin1_recobin0 acc 0.0613 eff 0.0454 outinratio 0.0158 

ZH126_4e_pTHjj_genbin1_recobin0 acc 0.0666 eff 0.0608 outinratio 0.0731 

ttH126_4e_pTHjj_genbin1_recobin0 acc 0.0189 eff 0.0 outinratio 0.0327 

ggH126_4e_pTHjj_genbin2_recobin0 acc 0.0215 eff 0.0741 outinratio 0.0086 

VBFH126_4e_pTHjj_genbin2_recobin0 acc 0.0542 eff 0.0469 outinratio 0.0062 

WminusH126_4e_pTHjj_genbin2_recobin0 acc 0.0731 eff 0.0307 outinratio 0.0356 

WplusH126_4e_pTHjj_genbin2_recobin0 acc 0.0657 eff 0.0261 outinratio 0.0158 

ZH126_4e_pTHjj_genbin2_recobin0 acc 0.0792 eff 0.0427 outinratio 0.0731 

ttH126_4e_pTHjj_genbin2_recobin0 acc 0.138 eff 0.0053 outinratio 0.0327 

ggH126_4e_pTHjj_genbin3_recobin0 acc 0.0042 eff 0.0037 outinratio 0.0086 

VBFH126_4e_pTHjj_genbin3_recobin0 acc 0.0066 eff 0.0 outinratio 0.0062 

WminusH126_4e_pTHjj_genbin3_recobin0 acc 0.0254 eff 0.0085 outinratio 0.0356 

WplusH126_4e_pTHjj_genbin3_recobin0 acc 0.0248 eff 0.0109 outinratio 0.0158 

ZH126_4e_pTHjj_genbin3_recobin0 acc 0.0278 eff 0.0111 outinratio 0.0731 

ttH126_4e_pTHjj_genbin3_recobin0 acc 0.3128 eff 0.0014 outinratio 0.0327 

ggH126_4e_pTHjj_genbin0_recobin1 acc 0.3822 eff 0.0033 outinratio 0.0142 

VBFH126_4e_pTHjj_genbin0_recobin1 acc 0.2748 eff 0.017 outinratio 0.0145 

WminusH126_4e_pTHjj_genbin0_recobin1 acc 0.2274 eff 0.0108 outinratio 0.0083 

WplusH126_4e_pTHjj_genbin0_recobin1 acc 0.2007 eff 0.0153 outinratio 0.0092 

ZH126_4e_pTHjj_genbin0_recobin1 acc 0.2061 eff 0.0135 outinratio 0.02 

ttH126_4e_pTHjj_genbin0_recobin1 acc 0.0147 eff 0.0 outinratio 0.0184 

ggH126_4e_pTHjj_genbin1_recobin1 acc 0.0177 eff 0.1787 outinratio 0.0142 

VBFH126_4e_pTHjj_genbin1_recobin1 acc 0.1251 eff 0.2046 outinratio 0.0145 

WminusH126_4e_pTHjj_genbin1_recobin1 acc 0.0659 eff 0.1892 outinratio 0.0083 

WplusH126_4e_pTHjj_genbin1_recobin1 acc 0.0613 eff 0.1723 outinratio 0.0092 

ZH126_4e_pTHjj_genbin1_recobin1 acc 0.0666 eff 0.2037 outinratio 0.02 

ttH126_4e_pTHjj_genbin1_recobin1 acc 0.0189 eff 0.1129 outinratio 0.0184 

ggH126_4e_pTHjj_genbin2_recobin1 acc 0.0215 eff 0.0257 outinratio 0.0142 

VBFH126_4e_pTHjj_genbin2_recobin1 acc 0.0542 eff 0.0521 outinratio 0.0145 

WminusH126_4e_pTHjj_genbin2_recobin1 acc 0.0731 eff 0.0296 outinratio 0.0083 

WplusH126_4e_pTHjj_genbin2_recobin1 acc 0.0657 eff 0.033 outinratio 0.0092 

ZH126_4e_pTHjj_genbin2_recobin1 acc 0.0792 eff 0.0343 outinratio 0.02 

ttH126_4e_pTHjj_genbin2_recobin1 acc 0.138 eff 0.0347 outinratio 0.0184 

ggH126_4e_pTHjj_genbin3_recobin1 acc 0.0042 eff 0.0073 outinratio 0.0142 

VBFH126_4e_pTHjj_genbin3_recobin1 acc 0.0066 eff 0.0 outinratio 0.0145 

WminusH126_4e_pTHjj_genbin3_recobin1 acc 0.0254 eff 0.0039 outinratio 0.0083 

WplusH126_4e_pTHjj_genbin3_recobin1 acc 0.0248 eff 0.0017 outinratio 0.0092 

ZH126_4e_pTHjj_genbin3_recobin1 acc 0.0278 eff 0.0014 outinratio 0.02 

ttH126_4e_pTHjj_genbin3_recobin1 acc 0.3128 eff 0.0011 outinratio 0.0184 

ggH126_4e_pTHjj_genbin0_recobin2 acc 0.3822 eff 0.0065 outinratio 0.0097 

VBFH126_4e_pTHjj_genbin0_recobin2 acc 0.2748 eff 0.0232 outinratio 0.0112 

WminusH126_4e_pTHjj_genbin0_recobin2 acc 0.2274 eff 0.0229 outinratio 0.0118 

WplusH126_4e_pTHjj_genbin0_recobin2 acc 0.2007 eff 0.0171 outinratio 0.0069 

ZH126_4e_pTHjj_genbin0_recobin2 acc 0.2061 eff 0.0241 outinratio 0.0601 

ttH126_4e_pTHjj_genbin0_recobin2 acc 0.0147 eff 0.0442 outinratio 0.0109 

ggH126_4e_pTHjj_genbin1_recobin2 acc 0.0177 eff 0.1091 outinratio 0.0097 

VBFH126_4e_pTHjj_genbin1_recobin2 acc 0.1251 eff 0.116 outinratio 0.0112 

WminusH126_4e_pTHjj_genbin1_recobin2 acc 0.0659 eff 0.1082 outinratio 0.0118 

WplusH126_4e_pTHjj_genbin1_recobin2 acc 0.0613 eff 0.1173 outinratio 0.0069 

ZH126_4e_pTHjj_genbin1_recobin2 acc 0.0666 eff 0.0776 outinratio 0.0601 

ttH126_4e_pTHjj_genbin1_recobin2 acc 0.0189 eff 0.0926 outinratio 0.0109 

ggH126_4e_pTHjj_genbin2_recobin2 acc 0.0215 eff 0.2313 outinratio 0.0097 

VBFH126_4e_pTHjj_genbin2_recobin2 acc 0.0542 eff 0.2666 outinratio 0.0112 

WminusH126_4e_pTHjj_genbin2_recobin2 acc 0.0731 eff 0.2208 outinratio 0.0118 

WplusH126_4e_pTHjj_genbin2_recobin2 acc 0.0657 eff 0.2678 outinratio 0.0069 

ZH126_4e_pTHjj_genbin2_recobin2 acc 0.0792 eff 0.2378 outinratio 0.0601 

ttH126_4e_pTHjj_genbin2_recobin2 acc 0.138 eff 0.1697 outinratio 0.0109 

ggH126_4e_pTHjj_genbin3_recobin2 acc 0.0042 eff 0.098 outinratio 0.0097 

VBFH126_4e_pTHjj_genbin3_recobin2 acc 0.0066 eff 0.0875 outinratio 0.0112 

WminusH126_4e_pTHjj_genbin3_recobin2 acc 0.0254 eff 0.0454 outinratio 0.0118 

WplusH126_4e_pTHjj_genbin3_recobin2 acc 0.0248 eff 0.0765 outinratio 0.0069 

ZH126_4e_pTHjj_genbin3_recobin2 acc 0.0278 eff 0.0454 outinratio 0.0601 

ttH126_4e_pTHjj_genbin3_recobin2 acc 0.3128 eff 0.0372 outinratio 0.0109 

ggH126_4e_pTHjj_genbin0_recobin3 acc 0.3822 eff 0.0012 outinratio 0.02 

VBFH126_4e_pTHjj_genbin0_recobin3 acc 0.2748 eff 0.0063 outinratio 0.0 

WminusH126_4e_pTHjj_genbin0_recobin3 acc 0.2274 eff 0.0061 outinratio 0.0338 

WplusH126_4e_pTHjj_genbin0_recobin3 acc 0.2007 eff 0.0035 outinratio 0.0364 

ZH126_4e_pTHjj_genbin0_recobin3 acc 0.2061 eff 0.0066 outinratio 0.0497 

ttH126_4e_pTHjj_genbin0_recobin3 acc 0.0147 eff 0.0306 outinratio 0.0576 

ggH126_4e_pTHjj_genbin1_recobin3 acc 0.0177 eff 0.0066 outinratio 0.02 

VBFH126_4e_pTHjj_genbin1_recobin3 acc 0.1251 eff 0.0068 outinratio 0.0 

WminusH126_4e_pTHjj_genbin1_recobin3 acc 0.0659 eff 0.0102 outinratio 0.0338 

WplusH126_4e_pTHjj_genbin1_recobin3 acc 0.0613 eff 0.008 outinratio 0.0364 

ZH126_4e_pTHjj_genbin1_recobin3 acc 0.0666 eff 0.0093 outinratio 0.0497 

ttH126_4e_pTHjj_genbin1_recobin3 acc 0.0189 eff 0.1065 outinratio 0.0576 

ggH126_4e_pTHjj_genbin2_recobin3 acc 0.0215 eff 0.0403 outinratio 0.02 

VBFH126_4e_pTHjj_genbin2_recobin3 acc 0.0542 eff 0.0358 outinratio 0.0 

WminusH126_4e_pTHjj_genbin2_recobin3 acc 0.0731 eff 0.0389 outinratio 0.0338 

WplusH126_4e_pTHjj_genbin2_recobin3 acc 0.0657 eff 0.0404 outinratio 0.0364 

ZH126_4e_pTHjj_genbin2_recobin3 acc 0.0792 eff 0.0368 outinratio 0.0497 

ttH126_4e_pTHjj_genbin2_recobin3 acc 0.138 eff 0.0863 outinratio 0.0576 

ggH126_4e_pTHjj_genbin3_recobin3 acc 0.0042 eff 0.2921 outinratio 0.02 

VBFH126_4e_pTHjj_genbin3_recobin3 acc 0.0066 eff 0.3929 outinratio 0.0 

WminusH126_4e_pTHjj_genbin3_recobin3 acc 0.0254 eff 0.2576 outinratio 0.0338 

WplusH126_4e_pTHjj_genbin3_recobin3 acc 0.0248 eff 0.269 outinratio 0.0364 

ZH126_4e_pTHjj_genbin3_recobin3 acc 0.0278 eff 0.273 outinratio 0.0497 

ttH126_4e_pTHjj_genbin3_recobin3 acc 0.3128 eff 0.2836 outinratio 0.0576 

ggH126_4mu_pTHjj_genbin0_recobin0 acc 0.431 eff 0.6587 outinratio 0.0056 

VBFH126_4mu_pTHjj_genbin0_recobin0 acc 0.3056 eff 0.6149 outinratio 0.0061 

WminusH126_4mu_pTHjj_genbin0_recobin0 acc 0.2516 eff 0.5453 outinratio 0.0139 

WplusH126_4mu_pTHjj_genbin0_recobin0 acc 0.2223 eff 0.5517 outinratio 0.0232 

ZH126_4mu_pTHjj_genbin0_recobin0 acc 0.2217 eff 0.5531 outinratio 0.0635 

ttH126_4mu_pTHjj_genbin0_recobin0 acc 0.0184 eff 0.2195 outinratio 0.1646 

ggH126_4mu_pTHjj_genbin1_recobin0 acc 0.0197 eff 0.1646 outinratio 0.0056 

VBFH126_4mu_pTHjj_genbin1_recobin0 acc 0.1423 eff 0.1242 outinratio 0.0061 

WminusH126_4mu_pTHjj_genbin1_recobin0 acc 0.0734 eff 0.1131 outinratio 0.0139 

WplusH126_4mu_pTHjj_genbin1_recobin0 acc 0.0663 eff 0.0855 outinratio 0.0232 

ZH126_4mu_pTHjj_genbin1_recobin0 acc 0.0749 eff 0.1512 outinratio 0.0635 

ttH126_4mu_pTHjj_genbin1_recobin0 acc 0.0276 eff 0.0068 outinratio 0.1646 

ggH126_4mu_pTHjj_genbin2_recobin0 acc 0.0227 eff 0.1297 outinratio 0.0056 

VBFH126_4mu_pTHjj_genbin2_recobin0 acc 0.0573 eff 0.107 outinratio 0.0061 

WminusH126_4mu_pTHjj_genbin2_recobin0 acc 0.0807 eff 0.0738 outinratio 0.0139 

WplusH126_4mu_pTHjj_genbin2_recobin0 acc 0.0757 eff 0.0556 outinratio 0.0232 

ZH126_4mu_pTHjj_genbin2_recobin0 acc 0.0853 eff 0.0831 outinratio 0.0635 

ttH126_4mu_pTHjj_genbin2_recobin0 acc 0.15 eff 0.0081 outinratio 0.1646 

ggH126_4mu_pTHjj_genbin3_recobin0 acc 0.0045 eff 0.014 outinratio 0.0056 

VBFH126_4mu_pTHjj_genbin3_recobin0 acc 0.0068 eff 0.0 outinratio 0.0061 

WminusH126_4mu_pTHjj_genbin3_recobin0 acc 0.0286 eff 0.0255 outinratio 0.0139 

WplusH126_4mu_pTHjj_genbin3_recobin0 acc 0.0279 eff 0.0415 outinratio 0.0232 

ZH126_4mu_pTHjj_genbin3_recobin0 acc 0.03 eff 0.0168 outinratio 0.0635 

ttH126_4mu_pTHjj_genbin3_recobin0 acc 0.3459 eff 0.0091 outinratio 0.1646 

ggH126_4mu_pTHjj_genbin0_recobin1 acc 0.431 eff 0.0074 outinratio 0.0113 

VBFH126_4mu_pTHjj_genbin0_recobin1 acc 0.3056 eff 0.0362 outinratio 0.0101 

WminusH126_4mu_pTHjj_genbin0_recobin1 acc 0.2516 eff 0.0294 outinratio 0.0024 

WplusH126_4mu_pTHjj_genbin0_recobin1 acc 0.2223 eff 0.0326 outinratio 0.0043 

ZH126_4mu_pTHjj_genbin0_recobin1 acc 0.2217 eff 0.027 outinratio 0.0215 

ttH126_4mu_pTHjj_genbin0_recobin1 acc 0.0184 eff 0.0 outinratio 0.022 

ggH126_4mu_pTHjj_genbin1_recobin1 acc 0.0197 eff 0.3176 outinratio 0.0113 

VBFH126_4mu_pTHjj_genbin1_recobin1 acc 0.1423 eff 0.3729 outinratio 0.0101 

WminusH126_4mu_pTHjj_genbin1_recobin1 acc 0.0734 eff 0.3719 outinratio 0.0024 

WplusH126_4mu_pTHjj_genbin1_recobin1 acc 0.0663 eff 0.4122 outinratio 0.0043 

ZH126_4mu_pTHjj_genbin1_recobin1 acc 0.0749 eff 0.3718 outinratio 0.0215 

ttH126_4mu_pTHjj_genbin1_recobin1 acc 0.0276 eff 0.1814 outinratio 0.022 

ggH126_4mu_pTHjj_genbin2_recobin1 acc 0.0227 eff 0.0724 outinratio 0.0113 

VBFH126_4mu_pTHjj_genbin2_recobin1 acc 0.0573 eff 0.1033 outinratio 0.0101 

WminusH126_4mu_pTHjj_genbin2_recobin1 acc 0.0807 eff 0.0675 outinratio 0.0024 

WplusH126_4mu_pTHjj_genbin2_recobin1 acc 0.0757 eff 0.066 outinratio 0.0043 

ZH126_4mu_pTHjj_genbin2_recobin1 acc 0.0853 eff 0.0504 outinratio 0.0215 

ttH126_4mu_pTHjj_genbin2_recobin1 acc 0.15 eff 0.0251 outinratio 0.022 

ggH126_4mu_pTHjj_genbin3_recobin1 acc 0.0045 eff 0.0069 outinratio 0.0113 

VBFH126_4mu_pTHjj_genbin3_recobin1 acc 0.0068 eff 0.0278 outinratio 0.0101 

WminusH126_4mu_pTHjj_genbin3_recobin1 acc 0.0286 eff 0.0096 outinratio 0.0024 

WplusH126_4mu_pTHjj_genbin3_recobin1 acc 0.0279 eff 0.0053 outinratio 0.0043 

ZH126_4mu_pTHjj_genbin3_recobin1 acc 0.03 eff 0.0107 outinratio 0.0215 

ttH126_4mu_pTHjj_genbin3_recobin1 acc 0.3459 eff 0.0044 outinratio 0.022 

ggH126_4mu_pTHjj_genbin0_recobin2 acc 0.431 eff 0.0149 outinratio 0.0024 

VBFH126_4mu_pTHjj_genbin0_recobin2 acc 0.3056 eff 0.0529 outinratio 0.0068 

WminusH126_4mu_pTHjj_genbin0_recobin2 acc 0.2516 eff 0.0397 outinratio 0.0078 

WplusH126_4mu_pTHjj_genbin0_recobin2 acc 0.2223 eff 0.0439 outinratio 0.0123 

ZH126_4mu_pTHjj_genbin0_recobin2 acc 0.2217 eff 0.0384 outinratio 0.0348 

ttH126_4mu_pTHjj_genbin0_recobin2 acc 0.0184 eff 0.0484 outinratio 0.03 

ggH126_4mu_pTHjj_genbin1_recobin2 acc 0.0197 eff 0.1824 outinratio 0.0024 

VBFH126_4mu_pTHjj_genbin1_recobin2 acc 0.1423 eff 0.2279 outinratio 0.0068 

WminusH126_4mu_pTHjj_genbin1_recobin2 acc 0.0734 eff 0.1799 outinratio 0.0078 

WplusH126_4mu_pTHjj_genbin1_recobin2 acc 0.0663 eff 0.1713 outinratio 0.0123 

ZH126_4mu_pTHjj_genbin1_recobin2 acc 0.0749 eff 0.1787 outinratio 0.0348 

ttH126_4mu_pTHjj_genbin1_recobin2 acc 0.0276 eff 0.1607 outinratio 0.03 

ggH126_4mu_pTHjj_genbin2_recobin2 acc 0.0227 eff 0.4162 outinratio 0.0024 

VBFH126_4mu_pTHjj_genbin2_recobin2 acc 0.0573 eff 0.4729 outinratio 0.0068 

WminusH126_4mu_pTHjj_genbin2_recobin2 acc 0.0807 eff 0.4421 outinratio 0.0078 

WplusH126_4mu_pTHjj_genbin2_recobin2 acc 0.0757 eff 0.449 outinratio 0.0123 

ZH126_4mu_pTHjj_genbin2_recobin2 acc 0.0853 eff 0.4371 outinratio 0.0348 

ttH126_4mu_pTHjj_genbin2_recobin2 acc 0.15 eff 0.3345 outinratio 0.03 

ggH126_4mu_pTHjj_genbin3_recobin2 acc 0.0045 eff 0.131 outinratio 0.0024 

VBFH126_4mu_pTHjj_genbin3_recobin2 acc 0.0068 eff 0.0665 outinratio 0.0068 

WminusH126_4mu_pTHjj_genbin3_recobin2 acc 0.0286 eff 0.0783 outinratio 0.0078 

WplusH126_4mu_pTHjj_genbin3_recobin2 acc 0.0279 eff 0.0634 outinratio 0.0123 

ZH126_4mu_pTHjj_genbin3_recobin2 acc 0.03 eff 0.0962 outinratio 0.0348 

ttH126_4mu_pTHjj_genbin3_recobin2 acc 0.3459 eff 0.0577 outinratio 0.03 

ggH126_4mu_pTHjj_genbin0_recobin3 acc 0.431 eff 0.0027 outinratio 0.0103 

VBFH126_4mu_pTHjj_genbin0_recobin3 acc 0.3056 eff 0.0082 outinratio 0.0 

WminusH126_4mu_pTHjj_genbin0_recobin3 acc 0.2516 eff 0.0132 outinratio 0.0032 

WplusH126_4mu_pTHjj_genbin0_recobin3 acc 0.2223 eff 0.0159 outinratio 0.0169 

ZH126_4mu_pTHjj_genbin0_recobin3 acc 0.2217 eff 0.0134 outinratio 0.0884 

ttH126_4mu_pTHjj_genbin0_recobin3 acc 0.0184 eff 0.0985 outinratio 0.032 

ggH126_4mu_pTHjj_genbin1_recobin3 acc 0.0197 eff 0.0201 outinratio 0.0103 

VBFH126_4mu_pTHjj_genbin1_recobin3 acc 0.1423 eff 0.0189 outinratio 0.0 

WminusH126_4mu_pTHjj_genbin1_recobin3 acc 0.0734 eff 0.0141 outinratio 0.0032 

WplusH126_4mu_pTHjj_genbin1_recobin3 acc 0.0663 eff 0.031 outinratio 0.0169 

ZH126_4mu_pTHjj_genbin1_recobin3 acc 0.0749 eff 0.0113 outinratio 0.0884 

ttH126_4mu_pTHjj_genbin1_recobin3 acc 0.0276 eff 0.1052 outinratio 0.032 

ggH126_4mu_pTHjj_genbin2_recobin3 acc 0.0227 eff 0.067 outinratio 0.0103 

VBFH126_4mu_pTHjj_genbin2_recobin3 acc 0.0573 eff 0.0745 outinratio 0.0 

WminusH126_4mu_pTHjj_genbin2_recobin3 acc 0.0807 eff 0.0632 outinratio 0.0032 

WplusH126_4mu_pTHjj_genbin2_recobin3 acc 0.0757 eff 0.0617 outinratio 0.0169 

ZH126_4mu_pTHjj_genbin2_recobin3 acc 0.0853 eff 0.07 outinratio 0.0884 

ttH126_4mu_pTHjj_genbin2_recobin3 acc 0.15 eff 0.1271 outinratio 0.032 

ggH126_4mu_pTHjj_genbin3_recobin3 acc 0.0045 eff 0.5275 outinratio 0.0103 

VBFH126_4mu_pTHjj_genbin3_recobin3 acc 0.0068 eff 0.6416 outinratio 0.0 

WminusH126_4mu_pTHjj_genbin3_recobin3 acc 0.0286 eff 0.4557 outinratio 0.0032 

WplusH126_4mu_pTHjj_genbin3_recobin3 acc 0.0279 eff 0.4215 outinratio 0.0169 

ZH126_4mu_pTHjj_genbin3_recobin3 acc 0.03 eff 0.4697 outinratio 0.0884 

ttH126_4mu_pTHjj_genbin3_recobin3 acc 0.3459 eff 0.4266 outinratio 0.032 

ggH126_2e2mu_pTHjj_genbin0_recobin0 acc 0.3975 eff 0.4562 outinratio 0.0071 

VBFH126_2e2mu_pTHjj_genbin0_recobin0 acc 0.2818 eff 0.4275 outinratio 0.0042 

WminusH126_2e2mu_pTHjj_genbin0_recobin0 acc 0.2333 eff 0.3834 outinratio 0.0271 

WplusH126_2e2mu_pTHjj_genbin0_recobin0 acc 0.2047 eff 0.3743 outinratio 0.0256 

ZH126_2e2mu_pTHjj_genbin0_recobin0 acc 0.2088 eff 0.3899 outinratio 0.0673 

ttH126_2e2mu_pTHjj_genbin0_recobin0 acc 0.0145 eff 0.1898 outinratio 0.1803 

ggH126_2e2mu_pTHjj_genbin1_recobin0 acc 0.0175 eff 0.103 outinratio 0.0071 

VBFH126_2e2mu_pTHjj_genbin1_recobin0 acc 0.1289 eff 0.0886 outinratio 0.0042 

WminusH126_2e2mu_pTHjj_genbin1_recobin0 acc 0.0701 eff 0.0764 outinratio 0.0271 

WplusH126_2e2mu_pTHjj_genbin1_recobin0 acc 0.0638 eff 0.0863 outinratio 0.0256 

ZH126_2e2mu_pTHjj_genbin1_recobin0 acc 0.0718 eff 0.0995 outinratio 0.0673 

ttH126_2e2mu_pTHjj_genbin1_recobin0 acc 0.0194 eff 0.0098 outinratio 0.1803 

ggH126_2e2mu_pTHjj_genbin2_recobin0 acc 0.021 eff 0.0872 outinratio 0.0071 

VBFH126_2e2mu_pTHjj_genbin2_recobin0 acc 0.0572 eff 0.066 outinratio 0.0042 

WminusH126_2e2mu_pTHjj_genbin2_recobin0 acc 0.0742 eff 0.0436 outinratio 0.0271 

WplusH126_2e2mu_pTHjj_genbin2_recobin0 acc 0.0681 eff 0.036 outinratio 0.0256 

ZH126_2e2mu_pTHjj_genbin2_recobin0 acc 0.082 eff 0.052 outinratio 0.0673 

ttH126_2e2mu_pTHjj_genbin2_recobin0 acc 0.1396 eff 0.0043 outinratio 0.1803 

ggH126_2e2mu_pTHjj_genbin3_recobin0 acc 0.0042 eff 0.0188 outinratio 0.0071 

VBFH126_2e2mu_pTHjj_genbin3_recobin0 acc 0.0076 eff 0.0191 outinratio 0.0042 

WminusH126_2e2mu_pTHjj_genbin3_recobin0 acc 0.0252 eff 0.0186 outinratio 0.0271 

WplusH126_2e2mu_pTHjj_genbin3_recobin0 acc 0.0252 eff 0.026 outinratio 0.0256 

ZH126_2e2mu_pTHjj_genbin3_recobin0 acc 0.0288 eff 0.0227 outinratio 0.0673 

ttH126_2e2mu_pTHjj_genbin3_recobin0 acc 0.3067 eff 0.0042 outinratio 0.1803 

ggH126_2e2mu_pTHjj_genbin0_recobin1 acc 0.3975 eff 0.0055 outinratio 0.0048 

VBFH126_2e2mu_pTHjj_genbin0_recobin1 acc 0.2818 eff 0.0278 outinratio 0.0036 

WminusH126_2e2mu_pTHjj_genbin0_recobin1 acc 0.2333 eff 0.0188 outinratio 0.0153 

WplusH126_2e2mu_pTHjj_genbin0_recobin1 acc 0.2047 eff 0.0245 outinratio 0.01 

ZH126_2e2mu_pTHjj_genbin0_recobin1 acc 0.2088 eff 0.0195 outinratio 0.0224 

ttH126_2e2mu_pTHjj_genbin0_recobin1 acc 0.0145 eff 0.0 outinratio 0.023 

ggH126_2e2mu_pTHjj_genbin1_recobin1 acc 0.0175 eff 0.2566 outinratio 0.0048 

VBFH126_2e2mu_pTHjj_genbin1_recobin1 acc 0.1289 eff 0.2695 outinratio 0.0036 

WminusH126_2e2mu_pTHjj_genbin1_recobin1 acc 0.0701 eff 0.2834 outinratio 0.0153 

WplusH126_2e2mu_pTHjj_genbin1_recobin1 acc 0.0638 eff 0.2504 outinratio 0.01 

ZH126_2e2mu_pTHjj_genbin1_recobin1 acc 0.0718 eff 0.2584 outinratio 0.0224 

ttH126_2e2mu_pTHjj_genbin1_recobin1 acc 0.0194 eff 0.1291 outinratio 0.023 

ggH126_2e2mu_pTHjj_genbin2_recobin1 acc 0.021 eff 0.0471 outinratio 0.0048 

VBFH126_2e2mu_pTHjj_genbin2_recobin1 acc 0.0572 eff 0.0659 outinratio 0.0036 

WminusH126_2e2mu_pTHjj_genbin2_recobin1 acc 0.0742 eff 0.0469 outinratio 0.0153 

WplusH126_2e2mu_pTHjj_genbin2_recobin1 acc 0.0681 eff 0.0395 outinratio 0.01 

ZH126_2e2mu_pTHjj_genbin2_recobin1 acc 0.082 eff 0.0422 outinratio 0.0224 

ttH126_2e2mu_pTHjj_genbin2_recobin1 acc 0.1396 eff 0.0251 outinratio 0.023 

ggH126_2e2mu_pTHjj_genbin3_recobin1 acc 0.0042 eff 0.0083 outinratio 0.0048 

VBFH126_2e2mu_pTHjj_genbin3_recobin1 acc 0.0076 eff 0.0042 outinratio 0.0036 

WminusH126_2e2mu_pTHjj_genbin3_recobin1 acc 0.0252 eff 0.0068 outinratio 0.0153 

WplusH126_2e2mu_pTHjj_genbin3_recobin1 acc 0.0252 eff 0.005 outinratio 0.01 

ZH126_2e2mu_pTHjj_genbin3_recobin1 acc 0.0288 eff 0.0029 outinratio 0.0224 

ttH126_2e2mu_pTHjj_genbin3_recobin1 acc 0.3067 eff 0.0066 outinratio 0.023 

ggH126_2e2mu_pTHjj_genbin0_recobin2 acc 0.3975 eff 0.0088 outinratio 0.0085 

VBFH126_2e2mu_pTHjj_genbin0_recobin2 acc 0.2818 eff 0.0329 outinratio 0.0055 

WminusH126_2e2mu_pTHjj_genbin0_recobin2 acc 0.2333 eff 0.0339 outinratio 0.0145 

WplusH126_2e2mu_pTHjj_genbin0_recobin2 acc 0.2047 eff 0.0277 outinratio 0.0106 

ZH126_2e2mu_pTHjj_genbin0_recobin2 acc 0.2088 eff 0.0269 outinratio 0.0283 

ttH126_2e2mu_pTHjj_genbin0_recobin2 acc 0.0145 eff 0.0214 outinratio 0.0391 

ggH126_2e2mu_pTHjj_genbin1_recobin2 acc 0.0175 eff 0.1405 outinratio 0.0085 

VBFH126_2e2mu_pTHjj_genbin1_recobin2 acc 0.1289 eff 0.1551 outinratio 0.0055 

WminusH126_2e2mu_pTHjj_genbin1_recobin2 acc 0.0701 eff 0.1318 outinratio 0.0145 

WplusH126_2e2mu_pTHjj_genbin1_recobin2 acc 0.0638 eff 0.1535 outinratio 0.0106 

ZH126_2e2mu_pTHjj_genbin1_recobin2 acc 0.0718 eff 0.131 outinratio 0.0283 

ttH126_2e2mu_pTHjj_genbin1_recobin2 acc 0.0194 eff 0.141 outinratio 0.0391 

ggH126_2e2mu_pTHjj_genbin2_recobin2 acc 0.021 eff 0.3376 outinratio 0.0085 

VBFH126_2e2mu_pTHjj_genbin2_recobin2 acc 0.0572 eff 0.3501 outinratio 0.0055 

WminusH126_2e2mu_pTHjj_genbin2_recobin2 acc 0.0742 eff 0.3257 outinratio 0.0145 

WplusH126_2e2mu_pTHjj_genbin2_recobin2 acc 0.0681 eff 0.3039 outinratio 0.0106 

ZH126_2e2mu_pTHjj_genbin2_recobin2 acc 0.082 eff 0.3145 outinratio 0.0283 

ttH126_2e2mu_pTHjj_genbin2_recobin2 acc 0.1396 eff 0.2304 outinratio 0.0391 

ggH126_2e2mu_pTHjj_genbin3_recobin2 acc 0.0042 eff 0.0748 outinratio 0.0085 

VBFH126_2e2mu_pTHjj_genbin3_recobin2 acc 0.0076 eff 0.0758 outinratio 0.0055 

WminusH126_2e2mu_pTHjj_genbin3_recobin2 acc 0.0252 eff 0.0562 outinratio 0.0145 

WplusH126_2e2mu_pTHjj_genbin3_recobin2 acc 0.0252 eff 0.0484 outinratio 0.0106 

ZH126_2e2mu_pTHjj_genbin3_recobin2 acc 0.0288 eff 0.0608 outinratio 0.0283 

ttH126_2e2mu_pTHjj_genbin3_recobin2 acc 0.3067 eff 0.041 outinratio 0.0391 

ggH126_2e2mu_pTHjj_genbin0_recobin3 acc 0.3975 eff 0.002 outinratio 0.0128 

VBFH126_2e2mu_pTHjj_genbin0_recobin3 acc 0.2818 eff 0.004 outinratio 0.0 

WminusH126_2e2mu_pTHjj_genbin0_recobin3 acc 0.2333 eff 0.0113 outinratio 0.0233 

WplusH126_2e2mu_pTHjj_genbin0_recobin3 acc 0.2047 eff 0.0102 outinratio 0.009 

ZH126_2e2mu_pTHjj_genbin0_recobin3 acc 0.2088 eff 0.0076 outinratio 0.0662 

ttH126_2e2mu_pTHjj_genbin0_recobin3 acc 0.0145 eff 0.2107 outinratio 0.0524 

ggH126_2e2mu_pTHjj_genbin1_recobin3 acc 0.0175 eff 0.0084 outinratio 0.0128 

VBFH126_2e2mu_pTHjj_genbin1_recobin3 acc 0.1289 eff 0.0072 outinratio 0.0 

WminusH126_2e2mu_pTHjj_genbin1_recobin3 acc 0.0701 eff 0.0126 outinratio 0.0233 

WplusH126_2e2mu_pTHjj_genbin1_recobin3 acc 0.0638 eff 0.0118 outinratio 0.009 

ZH126_2e2mu_pTHjj_genbin1_recobin3 acc 0.0718 eff 0.0129 outinratio 0.0662 

ttH126_2e2mu_pTHjj_genbin1_recobin3 acc 0.0194 eff 0.0829 outinratio 0.0524 

ggH126_2e2mu_pTHjj_genbin2_recobin3 acc 0.021 eff 0.0441 outinratio 0.0128 

VBFH126_2e2mu_pTHjj_genbin2_recobin3 acc 0.0572 eff 0.0533 outinratio 0.0 

WminusH126_2e2mu_pTHjj_genbin2_recobin3 acc 0.0742 eff 0.0542 outinratio 0.0233 

WplusH126_2e2mu_pTHjj_genbin2_recobin3 acc 0.0681 eff 0.0616 outinratio 0.009 

ZH126_2e2mu_pTHjj_genbin2_recobin3 acc 0.082 eff 0.0489 outinratio 0.0662 

ttH126_2e2mu_pTHjj_genbin2_recobin3 acc 0.1396 eff 0.105 outinratio 0.0524 

ggH126_2e2mu_pTHjj_genbin3_recobin3 acc 0.0042 eff 0.4375 outinratio 0.0128 

VBFH126_2e2mu_pTHjj_genbin3_recobin3 acc 0.0076 eff 0.312 outinratio 0.0 

WminusH126_2e2mu_pTHjj_genbin3_recobin3 acc 0.0252 eff 0.3818 outinratio 0.0233 

WplusH126_2e2mu_pTHjj_genbin3_recobin3 acc 0.0252 eff 0.3891 outinratio 0.009 

ZH126_2e2mu_pTHjj_genbin3_recobin3 acc 0.0288 eff 0.3429 outinratio 0.0662 

ttH126_2e2mu_pTHjj_genbin3_recobin3 acc 0.3067 eff 0.3207 outinratio 0.0524 

Coeff fullNNLOPS
