Welcome in RunCoefficients!
OPT SPLIT
DEBUG opt.YEAR = 2024_1
It is a single-differential measurement, binning [-100.0, 30.0, 55.0, 95.0, 200.0, 10000.0]
pTj1
Following observables extracted from dictionary: RECO =  pTj1  GEN =  GENpTj1
LUMI: 10.882200000000001
ttH126 0.00046886125
Processing ggH126 2024_1
Signal created
Signal failed created
Processing VBFH126 2024_1
Signal created
Signal failed created
Processing WminusH126 2024_1
Signal created
Signal failed created
Processing WplusH126 2024_1
Signal created
Signal failed created
Processing ZH126 2024_1
Signal created
Signal failed created
Processing ttH126 2024_1
Signal created
Signal failed created
2024_1 SKIMMED df CREATED
2024_1 ggH126
2024_1 VBFH126
2024_1 WminusH126
2024_1 WplusH126
2024_1 ZH126
2024_1 ttH126
Dataframes created successfully
Coeff std
ggH126_4l_pTj1_genbin0_recobin0 acc 0.2568 eff 0.4716 outinratio 0.0479 

VBFH126_4l_pTj1_genbin0_recobin0 acc 0.0393 eff 0.386 outinratio 0.031 

WminusH126_4l_pTj1_genbin0_recobin0 acc 0.0929 eff 0.3729 outinratio 0.0204 

WplusH126_4l_pTj1_genbin0_recobin0 acc 0.0736 eff 0.364 outinratio 0.0679 

ZH126_4l_pTj1_genbin0_recobin0 acc 0.0738 eff 0.4269 outinratio 0.0902 

ttH126_4l_pTj1_genbin0_recobin0 acc 0.0007 eff 0.095 outinratio 0.548 

ggH126_4l_pTj1_genbin1_recobin0 acc 0.0745 eff 0.0973 outinratio 0.0479 

VBFH126_4l_pTj1_genbin1_recobin0 acc 0.0927 eff 0.0663 outinratio 0.031 

WminusH126_4l_pTj1_genbin1_recobin0 acc 0.0937 eff 0.064 outinratio 0.0204 

WplusH126_4l_pTj1_genbin1_recobin0 acc 0.0693 eff 0.0442 outinratio 0.0679 

ZH126_4l_pTj1_genbin1_recobin0 acc 0.0765 eff 0.0568 outinratio 0.0902 

ttH126_4l_pTj1_genbin1_recobin0 acc 0.0065 eff 0.0175 outinratio 0.548 

ggH126_4l_pTj1_genbin2_recobin0 acc 0.0438 eff 0.0092 outinratio 0.0479 

VBFH126_4l_pTj1_genbin2_recobin0 acc 0.1571 eff 0.0116 outinratio 0.031 

WminusH126_4l_pTj1_genbin2_recobin0 acc 0.0957 eff 0.0124 outinratio 0.0204 

WplusH126_4l_pTj1_genbin2_recobin0 acc 0.0882 eff 0.0046 outinratio 0.0679 

ZH126_4l_pTj1_genbin2_recobin0 acc 0.1047 eff 0.0049 outinratio 0.0902 

ttH126_4l_pTj1_genbin2_recobin0 acc 0.0671 eff 0.0002 outinratio 0.548 

ggH126_4l_pTj1_genbin3_recobin0 acc 0.0256 eff 0.0026 outinratio 0.0479 

VBFH126_4l_pTj1_genbin3_recobin0 acc 0.138 eff 0.0032 outinratio 0.031 

WminusH126_4l_pTj1_genbin3_recobin0 acc 0.066 eff 0.0 outinratio 0.0204 

WplusH126_4l_pTj1_genbin3_recobin0 acc 0.0641 eff 0.0015 outinratio 0.0679 

ZH126_4l_pTj1_genbin3_recobin0 acc 0.0734 eff 0.0008 outinratio 0.0902 

ttH126_4l_pTj1_genbin3_recobin0 acc 0.1753 eff 0.0 outinratio 0.548 

ggH126_4l_pTj1_genbin4_recobin0 acc 0.0063 eff 0.0 outinratio 0.0479 

VBFH126_4l_pTj1_genbin4_recobin0 acc 0.0257 eff 0.0016 outinratio 0.031 

WminusH126_4l_pTj1_genbin4_recobin0 acc 0.0174 eff 0.0 outinratio 0.0204 

WplusH126_4l_pTj1_genbin4_recobin0 acc 0.0171 eff 0.0 outinratio 0.0679 

ZH126_4l_pTj1_genbin4_recobin0 acc 0.0168 eff 0.0037 outinratio 0.0902 

ttH126_4l_pTj1_genbin4_recobin0 acc 0.0694 eff 0.0 outinratio 0.548 

ggH126_4l_pTj1_genbin0_recobin1 acc 0.2568 eff 0.0647 outinratio 0.0583 

VBFH126_4l_pTj1_genbin0_recobin1 acc 0.0393 eff 0.1355 outinratio 0.0354 

WminusH126_4l_pTj1_genbin0_recobin1 acc 0.0929 eff 0.0888 outinratio 0.0859 

WplusH126_4l_pTj1_genbin0_recobin1 acc 0.0736 eff 0.1042 outinratio 0.0769 

ZH126_4l_pTj1_genbin0_recobin1 acc 0.0738 eff 0.0849 outinratio 0.0904 

ttH126_4l_pTj1_genbin0_recobin1 acc 0.0007 eff 0.0716 outinratio 0.1642 

ggH126_4l_pTj1_genbin1_recobin1 acc 0.0745 eff 0.3813 outinratio 0.0583 

VBFH126_4l_pTj1_genbin1_recobin1 acc 0.0927 eff 0.3503 outinratio 0.0354 

WminusH126_4l_pTj1_genbin1_recobin1 acc 0.0937 eff 0.3635 outinratio 0.0859 

WplusH126_4l_pTj1_genbin1_recobin1 acc 0.0693 eff 0.3589 outinratio 0.0769 

ZH126_4l_pTj1_genbin1_recobin1 acc 0.0765 eff 0.3656 outinratio 0.0904 

ttH126_4l_pTj1_genbin1_recobin1 acc 0.0065 eff 0.2442 outinratio 0.1642 

ggH126_4l_pTj1_genbin2_recobin1 acc 0.0438 eff 0.0912 outinratio 0.0583 

VBFH126_4l_pTj1_genbin2_recobin1 acc 0.1571 eff 0.0551 outinratio 0.0354 

WminusH126_4l_pTj1_genbin2_recobin1 acc 0.0957 eff 0.0543 outinratio 0.0859 

WplusH126_4l_pTj1_genbin2_recobin1 acc 0.0882 eff 0.06 outinratio 0.0769 

ZH126_4l_pTj1_genbin2_recobin1 acc 0.1047 eff 0.0647 outinratio 0.0904 

ttH126_4l_pTj1_genbin2_recobin1 acc 0.0671 eff 0.0196 outinratio 0.1642 

ggH126_4l_pTj1_genbin3_recobin1 acc 0.0256 eff 0.0012 outinratio 0.0583 

VBFH126_4l_pTj1_genbin3_recobin1 acc 0.138 eff 0.0034 outinratio 0.0354 

WminusH126_4l_pTj1_genbin3_recobin1 acc 0.066 eff 0.0 outinratio 0.0859 

WplusH126_4l_pTj1_genbin3_recobin1 acc 0.0641 eff 0.0013 outinratio 0.0769 

ZH126_4l_pTj1_genbin3_recobin1 acc 0.0734 eff 0.003 outinratio 0.0904 

ttH126_4l_pTj1_genbin3_recobin1 acc 0.1753 eff 0.0008 outinratio 0.1642 

ggH126_4l_pTj1_genbin4_recobin1 acc 0.0063 eff 0.0 outinratio 0.0583 

VBFH126_4l_pTj1_genbin4_recobin1 acc 0.0257 eff 0.0016 outinratio 0.0354 

WminusH126_4l_pTj1_genbin4_recobin1 acc 0.0174 eff 0.0 outinratio 0.0859 

WplusH126_4l_pTj1_genbin4_recobin1 acc 0.0171 eff 0.0 outinratio 0.0769 

ZH126_4l_pTj1_genbin4_recobin1 acc 0.0168 eff 0.0024 outinratio 0.0904 

ttH126_4l_pTj1_genbin4_recobin1 acc 0.0694 eff 0.0002 outinratio 0.1642 

ggH126_4l_pTj1_genbin0_recobin2 acc 0.2568 eff 0.0076 outinratio 0.0589 

VBFH126_4l_pTj1_genbin0_recobin2 acc 0.0393 eff 0.0334 outinratio 0.0342 

WminusH126_4l_pTj1_genbin0_recobin2 acc 0.0929 eff 0.0636 outinratio 0.0723 

WplusH126_4l_pTj1_genbin0_recobin2 acc 0.0736 eff 0.0367 outinratio 0.0693 

ZH126_4l_pTj1_genbin0_recobin2 acc 0.0738 eff 0.0244 outinratio 0.0781 

ttH126_4l_pTj1_genbin0_recobin2 acc 0.0007 eff 0.0995 outinratio 0.1424 

ggH126_4l_pTj1_genbin1_recobin2 acc 0.0745 eff 0.0711 outinratio 0.0589 

VBFH126_4l_pTj1_genbin1_recobin2 acc 0.0927 eff 0.1326 outinratio 0.0342 

WminusH126_4l_pTj1_genbin1_recobin2 acc 0.0937 eff 0.1207 outinratio 0.0723 

WplusH126_4l_pTj1_genbin1_recobin2 acc 0.0693 eff 0.1128 outinratio 0.0693 

ZH126_4l_pTj1_genbin1_recobin2 acc 0.0765 eff 0.1105 outinratio 0.0781 

ttH126_4l_pTj1_genbin1_recobin2 acc 0.0065 eff 0.1547 outinratio 0.1424 

ggH126_4l_pTj1_genbin2_recobin2 acc 0.0438 eff 0.4246 outinratio 0.0589 

VBFH126_4l_pTj1_genbin2_recobin2 acc 0.1571 eff 0.4111 outinratio 0.0342 

WminusH126_4l_pTj1_genbin2_recobin2 acc 0.0957 eff 0.4451 outinratio 0.0723 

WplusH126_4l_pTj1_genbin2_recobin2 acc 0.0882 eff 0.4268 outinratio 0.0693 

ZH126_4l_pTj1_genbin2_recobin2 acc 0.1047 eff 0.4193 outinratio 0.0781 

ttH126_4l_pTj1_genbin2_recobin2 acc 0.0671 eff 0.3946 outinratio 0.1424 

ggH126_4l_pTj1_genbin3_recobin2 acc 0.0256 eff 0.063 outinratio 0.0589 

VBFH126_4l_pTj1_genbin3_recobin2 acc 0.138 eff 0.0547 outinratio 0.0342 

WminusH126_4l_pTj1_genbin3_recobin2 acc 0.066 eff 0.0525 outinratio 0.0723 

WplusH126_4l_pTj1_genbin3_recobin2 acc 0.0641 eff 0.0551 outinratio 0.0693 

ZH126_4l_pTj1_genbin3_recobin2 acc 0.0734 eff 0.0593 outinratio 0.0781 

ttH126_4l_pTj1_genbin3_recobin2 acc 0.1753 eff 0.0352 outinratio 0.1424 

ggH126_4l_pTj1_genbin4_recobin2 acc 0.0063 eff 0.0 outinratio 0.0589 

VBFH126_4l_pTj1_genbin4_recobin2 acc 0.0257 eff 0.0038 outinratio 0.0342 

WminusH126_4l_pTj1_genbin4_recobin2 acc 0.0174 eff 0.0 outinratio 0.0723 

WplusH126_4l_pTj1_genbin4_recobin2 acc 0.0171 eff 0.0033 outinratio 0.0693 

ZH126_4l_pTj1_genbin4_recobin2 acc 0.0168 eff 0.0 outinratio 0.0781 

ttH126_4l_pTj1_genbin4_recobin2 acc 0.0694 eff 0.0009 outinratio 0.1424 

ggH126_4l_pTj1_genbin0_recobin3 acc 0.2568 eff 0.0005 outinratio 0.0503 

VBFH126_4l_pTj1_genbin0_recobin3 acc 0.0393 eff 0.0007 outinratio 0.0356 

WminusH126_4l_pTj1_genbin0_recobin3 acc 0.0929 eff 0.0135 outinratio 0.0949 

WplusH126_4l_pTj1_genbin0_recobin3 acc 0.0736 eff 0.0135 outinratio 0.0676 

ZH126_4l_pTj1_genbin0_recobin3 acc 0.0738 eff 0.0119 outinratio 0.0777 

ttH126_4l_pTj1_genbin0_recobin3 acc 0.0007 eff 0.1243 outinratio 0.1629 

ggH126_4l_pTj1_genbin1_recobin3 acc 0.0745 eff 0.0013 outinratio 0.0503 

VBFH126_4l_pTj1_genbin1_recobin3 acc 0.0927 eff 0.0014 outinratio 0.0356 

WminusH126_4l_pTj1_genbin1_recobin3 acc 0.0937 eff 0.0021 outinratio 0.0949 

WplusH126_4l_pTj1_genbin1_recobin3 acc 0.0693 eff 0.0069 outinratio 0.0676 

ZH126_4l_pTj1_genbin1_recobin3 acc 0.0765 eff 0.0044 outinratio 0.0777 

ttH126_4l_pTj1_genbin1_recobin3 acc 0.0065 eff 0.0485 outinratio 0.1629 

ggH126_4l_pTj1_genbin2_recobin3 acc 0.0438 eff 0.044 outinratio 0.0503 

VBFH126_4l_pTj1_genbin2_recobin3 acc 0.1571 eff 0.089 outinratio 0.0356 

WminusH126_4l_pTj1_genbin2_recobin3 acc 0.0957 eff 0.0484 outinratio 0.0949 

WplusH126_4l_pTj1_genbin2_recobin3 acc 0.0882 eff 0.0669 outinratio 0.0676 

ZH126_4l_pTj1_genbin2_recobin3 acc 0.1047 eff 0.0631 outinratio 0.0777 

ttH126_4l_pTj1_genbin2_recobin3 acc 0.0671 eff 0.1304 outinratio 0.1629 

ggH126_4l_pTj1_genbin3_recobin3 acc 0.0256 eff 0.4923 outinratio 0.0503 

VBFH126_4l_pTj1_genbin3_recobin3 acc 0.138 eff 0.4978 outinratio 0.0356 

WminusH126_4l_pTj1_genbin3_recobin3 acc 0.066 eff 0.4727 outinratio 0.0949 

WplusH126_4l_pTj1_genbin3_recobin3 acc 0.0641 eff 0.4813 outinratio 0.0676 

ZH126_4l_pTj1_genbin3_recobin3 acc 0.0734 eff 0.4908 outinratio 0.0777 

ttH126_4l_pTj1_genbin3_recobin3 acc 0.1753 eff 0.4885 outinratio 0.1629 

ggH126_4l_pTj1_genbin4_recobin3 acc 0.0063 eff 0.062 outinratio 0.0503 

VBFH126_4l_pTj1_genbin4_recobin3 acc 0.0257 eff 0.0543 outinratio 0.0356 

WminusH126_4l_pTj1_genbin4_recobin3 acc 0.0174 eff 0.054 outinratio 0.0949 

WplusH126_4l_pTj1_genbin4_recobin3 acc 0.0171 eff 0.0446 outinratio 0.0676 

ZH126_4l_pTj1_genbin4_recobin3 acc 0.0168 eff 0.05 outinratio 0.0777 

ttH126_4l_pTj1_genbin4_recobin3 acc 0.0694 eff 0.0377 outinratio 0.1629 

ggH126_4l_pTj1_genbin0_recobin4 acc 0.2568 eff 0.0 outinratio 0.0414 

VBFH126_4l_pTj1_genbin0_recobin4 acc 0.0393 eff 0.0 outinratio 0.0404 

WminusH126_4l_pTj1_genbin0_recobin4 acc 0.0929 eff 0.0014 outinratio 0.0954 

WplusH126_4l_pTj1_genbin0_recobin4 acc 0.0736 eff 0.0013 outinratio 0.0767 

ZH126_4l_pTj1_genbin0_recobin4 acc 0.0738 eff 0.0013 outinratio 0.0837 

ttH126_4l_pTj1_genbin0_recobin4 acc 0.0007 eff 0.0643 outinratio 0.1714 

ggH126_4l_pTj1_genbin1_recobin4 acc 0.0745 eff 0.0 outinratio 0.0414 

VBFH126_4l_pTj1_genbin1_recobin4 acc 0.0927 eff 0.0001 outinratio 0.0404 

WminusH126_4l_pTj1_genbin1_recobin4 acc 0.0937 eff 0.0 outinratio 0.0954 

WplusH126_4l_pTj1_genbin1_recobin4 acc 0.0693 eff 0.0016 outinratio 0.0767 

ZH126_4l_pTj1_genbin1_recobin4 acc 0.0765 eff 0.0001 outinratio 0.0837 

ttH126_4l_pTj1_genbin1_recobin4 acc 0.0065 eff 0.0131 outinratio 0.1714 

ggH126_4l_pTj1_genbin2_recobin4 acc 0.0438 eff 0.0002 outinratio 0.0414 

VBFH126_4l_pTj1_genbin2_recobin4 acc 0.1571 eff 0.0 outinratio 0.0404 

WminusH126_4l_pTj1_genbin2_recobin4 acc 0.0957 eff 0.0 outinratio 0.0954 

WplusH126_4l_pTj1_genbin2_recobin4 acc 0.0882 eff 0.0 outinratio 0.0767 

ZH126_4l_pTj1_genbin2_recobin4 acc 0.1047 eff 0.0002 outinratio 0.0837 

ttH126_4l_pTj1_genbin2_recobin4 acc 0.0671 eff 0.0069 outinratio 0.1714 

ggH126_4l_pTj1_genbin3_recobin4 acc 0.0256 eff 0.018 outinratio 0.0414 

VBFH126_4l_pTj1_genbin3_recobin4 acc 0.138 eff 0.0256 outinratio 0.0404 

WminusH126_4l_pTj1_genbin3_recobin4 acc 0.066 eff 0.0118 outinratio 0.0954 

WplusH126_4l_pTj1_genbin3_recobin4 acc 0.0641 eff 0.0209 outinratio 0.0767 

ZH126_4l_pTj1_genbin3_recobin4 acc 0.0734 eff 0.0236 outinratio 0.0837 

ttH126_4l_pTj1_genbin3_recobin4 acc 0.1753 eff 0.0331 outinratio 0.1714 

ggH126_4l_pTj1_genbin4_recobin4 acc 0.0063 eff 0.5412 outinratio 0.0414 

VBFH126_4l_pTj1_genbin4_recobin4 acc 0.0257 eff 0.5379 outinratio 0.0404 

WminusH126_4l_pTj1_genbin4_recobin4 acc 0.0174 eff 0.5712 outinratio 0.0954 

WplusH126_4l_pTj1_genbin4_recobin4 acc 0.0171 eff 0.5048 outinratio 0.0767 

ZH126_4l_pTj1_genbin4_recobin4 acc 0.0168 eff 0.5299 outinratio 0.0837 

ttH126_4l_pTj1_genbin4_recobin4 acc 0.0694 eff 0.516 outinratio 0.1714 

ggH126_4e_pTj1_genbin0_recobin0 acc 0.2481 eff 0.276 outinratio 0.0527 

VBFH126_4e_pTj1_genbin0_recobin0 acc 0.0372 eff 0.2204 outinratio 0.0292 

WminusH126_4e_pTj1_genbin0_recobin0 acc 0.0868 eff 0.1934 outinratio 0.0515 

WplusH126_4e_pTj1_genbin0_recobin0 acc 0.0772 eff 0.2195 outinratio 0.0464 

ZH126_4e_pTj1_genbin0_recobin0 acc 0.0731 eff 0.26 outinratio 0.0761 

ttH126_4e_pTj1_genbin0_recobin0 acc 0.0006 eff 0.0326 outinratio 1.1865 

ggH126_4e_pTj1_genbin1_recobin0 acc 0.0714 eff 0.0607 outinratio 0.0527 

VBFH126_4e_pTj1_genbin1_recobin0 acc 0.0885 eff 0.0398 outinratio 0.0292 

WminusH126_4e_pTj1_genbin1_recobin0 acc 0.0927 eff 0.0351 outinratio 0.0515 

WplusH126_4e_pTj1_genbin1_recobin0 acc 0.0667 eff 0.027 outinratio 0.0464 

ZH126_4e_pTj1_genbin1_recobin0 acc 0.0784 eff 0.0268 outinratio 0.0761 

ttH126_4e_pTj1_genbin1_recobin0 acc 0.0073 eff 0.0174 outinratio 1.1865 

ggH126_4e_pTj1_genbin2_recobin0 acc 0.0415 eff 0.0044 outinratio 0.0527 

VBFH126_4e_pTj1_genbin2_recobin0 acc 0.1492 eff 0.0063 outinratio 0.0292 

WminusH126_4e_pTj1_genbin2_recobin0 acc 0.0964 eff 0.0239 outinratio 0.0515 

WplusH126_4e_pTj1_genbin2_recobin0 acc 0.0854 eff 0.0006 outinratio 0.0464 

ZH126_4e_pTj1_genbin2_recobin0 acc 0.0983 eff 0.0041 outinratio 0.0761 

ttH126_4e_pTj1_genbin2_recobin0 acc 0.064 eff 0.0 outinratio 1.1865 

ggH126_4e_pTj1_genbin3_recobin0 acc 0.025 eff 0.0007 outinratio 0.0527 

VBFH126_4e_pTj1_genbin3_recobin0 acc 0.1349 eff 0.0013 outinratio 0.0292 

WminusH126_4e_pTj1_genbin3_recobin0 acc 0.066 eff 0.0 outinratio 0.0515 

WplusH126_4e_pTj1_genbin3_recobin0 acc 0.062 eff 0.0012 outinratio 0.0464 

ZH126_4e_pTj1_genbin3_recobin0 acc 0.0689 eff 0.0 outinratio 0.0761 

ttH126_4e_pTj1_genbin3_recobin0 acc 0.1684 eff 0.0 outinratio 1.1865 

ggH126_4e_pTj1_genbin4_recobin0 acc 0.0064 eff 0.0 outinratio 0.0527 

VBFH126_4e_pTj1_genbin4_recobin0 acc 0.0257 eff 0.0 outinratio 0.0292 

WminusH126_4e_pTj1_genbin4_recobin0 acc 0.02 eff 0.0 outinratio 0.0515 

WplusH126_4e_pTj1_genbin4_recobin0 acc 0.0152 eff 0.0 outinratio 0.0464 

ZH126_4e_pTj1_genbin4_recobin0 acc 0.0158 eff 0.0 outinratio 0.0761 

ttH126_4e_pTj1_genbin4_recobin0 acc 0.0689 eff 0.0 outinratio 1.1865 

ggH126_4e_pTj1_genbin0_recobin1 acc 0.2481 eff 0.0366 outinratio 0.0574 

VBFH126_4e_pTj1_genbin0_recobin1 acc 0.0372 eff 0.0807 outinratio 0.0341 

WminusH126_4e_pTj1_genbin0_recobin1 acc 0.0868 eff 0.0674 outinratio 0.0749 

WplusH126_4e_pTj1_genbin0_recobin1 acc 0.0772 eff 0.0677 outinratio 0.0423 

ZH126_4e_pTj1_genbin0_recobin1 acc 0.0731 eff 0.0414 outinratio 0.0819 

ttH126_4e_pTj1_genbin0_recobin1 acc 0.0006 eff 0.0576 outinratio 0.1531 

ggH126_4e_pTj1_genbin1_recobin1 acc 0.0714 eff 0.2224 outinratio 0.0574 

VBFH126_4e_pTj1_genbin1_recobin1 acc 0.0885 eff 0.2038 outinratio 0.0341 

WminusH126_4e_pTj1_genbin1_recobin1 acc 0.0927 eff 0.2355 outinratio 0.0749 

WplusH126_4e_pTj1_genbin1_recobin1 acc 0.0667 eff 0.2209 outinratio 0.0423 

ZH126_4e_pTj1_genbin1_recobin1 acc 0.0784 eff 0.2269 outinratio 0.0819 

ttH126_4e_pTj1_genbin1_recobin1 acc 0.0073 eff 0.1105 outinratio 0.1531 

ggH126_4e_pTj1_genbin2_recobin1 acc 0.0415 eff 0.0535 outinratio 0.0574 

VBFH126_4e_pTj1_genbin2_recobin1 acc 0.1492 eff 0.0357 outinratio 0.0341 

WminusH126_4e_pTj1_genbin2_recobin1 acc 0.0964 eff 0.0075 outinratio 0.0749 

WplusH126_4e_pTj1_genbin2_recobin1 acc 0.0854 eff 0.021 outinratio 0.0423 

ZH126_4e_pTj1_genbin2_recobin1 acc 0.0983 eff 0.0412 outinratio 0.0819 

ttH126_4e_pTj1_genbin2_recobin1 acc 0.064 eff 0.0091 outinratio 0.1531 

ggH126_4e_pTj1_genbin3_recobin1 acc 0.025 eff 0.0007 outinratio 0.0574 

VBFH126_4e_pTj1_genbin3_recobin1 acc 0.1349 eff 0.0022 outinratio 0.0341 

WminusH126_4e_pTj1_genbin3_recobin1 acc 0.066 eff 0.0 outinratio 0.0749 

WplusH126_4e_pTj1_genbin3_recobin1 acc 0.062 eff 0.0 outinratio 0.0423 

ZH126_4e_pTj1_genbin3_recobin1 acc 0.0689 eff 0.0004 outinratio 0.0819 

ttH126_4e_pTj1_genbin3_recobin1 acc 0.1684 eff 0.0004 outinratio 0.1531 

ggH126_4e_pTj1_genbin4_recobin1 acc 0.0064 eff 0.0 outinratio 0.0574 

VBFH126_4e_pTj1_genbin4_recobin1 acc 0.0257 eff 0.0014 outinratio 0.0341 

WminusH126_4e_pTj1_genbin4_recobin1 acc 0.02 eff 0.0 outinratio 0.0749 

WplusH126_4e_pTj1_genbin4_recobin1 acc 0.0152 eff 0.0 outinratio 0.0423 

ZH126_4e_pTj1_genbin4_recobin1 acc 0.0158 eff 0.0 outinratio 0.0819 

ttH126_4e_pTj1_genbin4_recobin1 acc 0.0689 eff 0.0 outinratio 0.1531 

ggH126_4e_pTj1_genbin0_recobin2 acc 0.2481 eff 0.0044 outinratio 0.059 

VBFH126_4e_pTj1_genbin0_recobin2 acc 0.0372 eff 0.0146 outinratio 0.0347 

WminusH126_4e_pTj1_genbin0_recobin2 acc 0.0868 eff 0.0297 outinratio 0.0116 

WplusH126_4e_pTj1_genbin0_recobin2 acc 0.0772 eff 0.023 outinratio 0.094 

ZH126_4e_pTj1_genbin0_recobin2 acc 0.0731 eff 0.0146 outinratio 0.0852 

ttH126_4e_pTj1_genbin0_recobin2 acc 0.0006 eff 0.1374 outinratio 0.175 

ggH126_4e_pTj1_genbin1_recobin2 acc 0.0714 eff 0.0451 outinratio 0.059 

VBFH126_4e_pTj1_genbin1_recobin2 acc 0.0885 eff 0.0782 outinratio 0.0347 

WminusH126_4e_pTj1_genbin1_recobin2 acc 0.0927 eff 0.0747 outinratio 0.0116 

WplusH126_4e_pTj1_genbin1_recobin2 acc 0.0667 eff 0.0685 outinratio 0.094 

ZH126_4e_pTj1_genbin1_recobin2 acc 0.0784 eff 0.0665 outinratio 0.0852 

ttH126_4e_pTj1_genbin1_recobin2 acc 0.0073 eff 0.1091 outinratio 0.175 

ggH126_4e_pTj1_genbin2_recobin2 acc 0.0415 eff 0.2545 outinratio 0.059 

VBFH126_4e_pTj1_genbin2_recobin2 acc 0.1492 eff 0.2506 outinratio 0.0347 

WminusH126_4e_pTj1_genbin2_recobin2 acc 0.0964 eff 0.3085 outinratio 0.0116 

WplusH126_4e_pTj1_genbin2_recobin2 acc 0.0854 eff 0.2676 outinratio 0.094 

ZH126_4e_pTj1_genbin2_recobin2 acc 0.0983 eff 0.2626 outinratio 0.0852 

ttH126_4e_pTj1_genbin2_recobin2 acc 0.064 eff 0.2636 outinratio 0.175 

ggH126_4e_pTj1_genbin3_recobin2 acc 0.025 eff 0.0428 outinratio 0.059 

VBFH126_4e_pTj1_genbin3_recobin2 acc 0.1349 eff 0.0342 outinratio 0.0347 

WminusH126_4e_pTj1_genbin3_recobin2 acc 0.066 eff 0.0154 outinratio 0.0116 

WplusH126_4e_pTj1_genbin3_recobin2 acc 0.062 eff 0.0339 outinratio 0.094 

ZH126_4e_pTj1_genbin3_recobin2 acc 0.0689 eff 0.048 outinratio 0.0852 

ttH126_4e_pTj1_genbin3_recobin2 acc 0.1684 eff 0.0186 outinratio 0.175 

ggH126_4e_pTj1_genbin4_recobin2 acc 0.0064 eff 0.0 outinratio 0.059 

VBFH126_4e_pTj1_genbin4_recobin2 acc 0.0257 eff 0.0023 outinratio 0.0347 

WminusH126_4e_pTj1_genbin4_recobin2 acc 0.02 eff 0.0 outinratio 0.0116 

WplusH126_4e_pTj1_genbin4_recobin2 acc 0.0152 eff 0.0 outinratio 0.094 

ZH126_4e_pTj1_genbin4_recobin2 acc 0.0158 eff 0.0 outinratio 0.0852 

ttH126_4e_pTj1_genbin4_recobin2 acc 0.0689 eff 0.0 outinratio 0.175 

ggH126_4e_pTj1_genbin0_recobin3 acc 0.2481 eff 0.0001 outinratio 0.0393 

VBFH126_4e_pTj1_genbin0_recobin3 acc 0.0372 eff 0.001 outinratio 0.0352 

WminusH126_4e_pTj1_genbin0_recobin3 acc 0.0868 eff 0.017 outinratio 0.1268 

WplusH126_4e_pTj1_genbin0_recobin3 acc 0.0772 eff 0.01 outinratio 0.095 

ZH126_4e_pTj1_genbin0_recobin3 acc 0.0731 eff 0.0056 outinratio 0.0757 

ttH126_4e_pTj1_genbin0_recobin3 acc 0.0006 eff 0.0 outinratio 0.1979 

ggH126_4e_pTj1_genbin1_recobin3 acc 0.0714 eff 0.0004 outinratio 0.0393 

VBFH126_4e_pTj1_genbin1_recobin3 acc 0.0885 eff 0.0006 outinratio 0.0352 

WminusH126_4e_pTj1_genbin1_recobin3 acc 0.0927 eff 0.0 outinratio 0.1268 

WplusH126_4e_pTj1_genbin1_recobin3 acc 0.0667 eff 0.0037 outinratio 0.095 

ZH126_4e_pTj1_genbin1_recobin3 acc 0.0784 eff 0.0049 outinratio 0.0757 

ttH126_4e_pTj1_genbin1_recobin3 acc 0.0073 eff 0.0409 outinratio 0.1979 

ggH126_4e_pTj1_genbin2_recobin3 acc 0.0415 eff 0.0282 outinratio 0.0393 

VBFH126_4e_pTj1_genbin2_recobin3 acc 0.1492 eff 0.0545 outinratio 0.0352 

WminusH126_4e_pTj1_genbin2_recobin3 acc 0.0964 eff 0.0383 outinratio 0.1268 

WplusH126_4e_pTj1_genbin2_recobin3 acc 0.0854 eff 0.0407 outinratio 0.095 

ZH126_4e_pTj1_genbin2_recobin3 acc 0.0983 eff 0.0418 outinratio 0.0757 

ttH126_4e_pTj1_genbin2_recobin3 acc 0.064 eff 0.0823 outinratio 0.1979 

ggH126_4e_pTj1_genbin3_recobin3 acc 0.025 eff 0.3266 outinratio 0.0393 

VBFH126_4e_pTj1_genbin3_recobin3 acc 0.1349 eff 0.3184 outinratio 0.0352 

WminusH126_4e_pTj1_genbin3_recobin3 acc 0.066 eff 0.3034 outinratio 0.1268 

WplusH126_4e_pTj1_genbin3_recobin3 acc 0.062 eff 0.3173 outinratio 0.095 

ZH126_4e_pTj1_genbin3_recobin3 acc 0.0689 eff 0.3052 outinratio 0.0757 

ttH126_4e_pTj1_genbin3_recobin3 acc 0.1684 eff 0.3072 outinratio 0.1979 

ggH126_4e_pTj1_genbin4_recobin3 acc 0.0064 eff 0.0618 outinratio 0.0393 

VBFH126_4e_pTj1_genbin4_recobin3 acc 0.0257 eff 0.0334 outinratio 0.0352 

WminusH126_4e_pTj1_genbin4_recobin3 acc 0.02 eff 0.078 outinratio 0.1268 

WplusH126_4e_pTj1_genbin4_recobin3 acc 0.0152 eff 0.0407 outinratio 0.095 

ZH126_4e_pTj1_genbin4_recobin3 acc 0.0158 eff 0.0373 outinratio 0.0757 

ttH126_4e_pTj1_genbin4_recobin3 acc 0.0689 eff 0.0212 outinratio 0.1979 

ggH126_4e_pTj1_genbin0_recobin4 acc 0.2481 eff 0.0 outinratio 0.0156 

VBFH126_4e_pTj1_genbin0_recobin4 acc 0.0372 eff 0.0 outinratio 0.0342 

WminusH126_4e_pTj1_genbin0_recobin4 acc 0.0868 eff 0.0 outinratio 0.0477 

WplusH126_4e_pTj1_genbin0_recobin4 acc 0.0772 eff 0.0019 outinratio 0.066 

ZH126_4e_pTj1_genbin0_recobin4 acc 0.0731 eff 0.0015 outinratio 0.0523 

ttH126_4e_pTj1_genbin0_recobin4 acc 0.0006 eff 0.0597 outinratio 0.2429 

ggH126_4e_pTj1_genbin1_recobin4 acc 0.0714 eff 0.0 outinratio 0.0156 

VBFH126_4e_pTj1_genbin1_recobin4 acc 0.0885 eff 0.0 outinratio 0.0342 

WminusH126_4e_pTj1_genbin1_recobin4 acc 0.0927 eff 0.0 outinratio 0.0477 

WplusH126_4e_pTj1_genbin1_recobin4 acc 0.0667 eff 0.0 outinratio 0.066 

ZH126_4e_pTj1_genbin1_recobin4 acc 0.0784 eff 0.0 outinratio 0.0523 

ttH126_4e_pTj1_genbin1_recobin4 acc 0.0073 eff 0.0 outinratio 0.2429 

ggH126_4e_pTj1_genbin2_recobin4 acc 0.0415 eff 0.0 outinratio 0.0156 

VBFH126_4e_pTj1_genbin2_recobin4 acc 0.1492 eff 0.0 outinratio 0.0342 

WminusH126_4e_pTj1_genbin2_recobin4 acc 0.0964 eff 0.0 outinratio 0.0477 

WplusH126_4e_pTj1_genbin2_recobin4 acc 0.0854 eff 0.0 outinratio 0.066 

ZH126_4e_pTj1_genbin2_recobin4 acc 0.0983 eff 0.0009 outinratio 0.0523 

ttH126_4e_pTj1_genbin2_recobin4 acc 0.064 eff 0.0037 outinratio 0.2429 

ggH126_4e_pTj1_genbin3_recobin4 acc 0.025 eff 0.014 outinratio 0.0156 

VBFH126_4e_pTj1_genbin3_recobin4 acc 0.1349 eff 0.0165 outinratio 0.0342 

WminusH126_4e_pTj1_genbin3_recobin4 acc 0.066 eff 0.0238 outinratio 0.0477 

WplusH126_4e_pTj1_genbin3_recobin4 acc 0.062 eff 0.0116 outinratio 0.066 

ZH126_4e_pTj1_genbin3_recobin4 acc 0.0689 eff 0.0193 outinratio 0.0523 

ttH126_4e_pTj1_genbin3_recobin4 acc 0.1684 eff 0.0228 outinratio 0.2429 

ggH126_4e_pTj1_genbin4_recobin4 acc 0.0064 eff 0.3432 outinratio 0.0156 

VBFH126_4e_pTj1_genbin4_recobin4 acc 0.0257 eff 0.3594 outinratio 0.0342 

WminusH126_4e_pTj1_genbin4_recobin4 acc 0.02 eff 0.3801 outinratio 0.0477 

WplusH126_4e_pTj1_genbin4_recobin4 acc 0.0152 eff 0.2997 outinratio 0.066 

ZH126_4e_pTj1_genbin4_recobin4 acc 0.0158 eff 0.3913 outinratio 0.0523 

ttH126_4e_pTj1_genbin4_recobin4 acc 0.0689 eff 0.3031 outinratio 0.2429 

ggH126_4mu_pTj1_genbin0_recobin0 acc 0.2736 eff 0.6979 outinratio 0.0433 

VBFH126_4mu_pTj1_genbin0_recobin0 acc 0.0428 eff 0.5522 outinratio 0.0312 

WminusH126_4mu_pTj1_genbin0_recobin0 acc 0.1057 eff 0.5822 outinratio 0.0165 

WplusH126_4mu_pTj1_genbin0_recobin0 acc 0.0753 eff 0.5642 outinratio 0.0449 

ZH126_4mu_pTj1_genbin0_recobin0 acc 0.0784 eff 0.603 outinratio 0.1052 

ttH126_4mu_pTj1_genbin0_recobin0 acc 0.0004 eff -1.0 outinratio 0.6739 

ggH126_4mu_pTj1_genbin1_recobin0 acc 0.0781 eff 0.1432 outinratio 0.0433 

VBFH126_4mu_pTj1_genbin1_recobin0 acc 0.0997 eff 0.1012 outinratio 0.0312 

WminusH126_4mu_pTj1_genbin1_recobin0 acc 0.1026 eff 0.0674 outinratio 0.0165 

WplusH126_4mu_pTj1_genbin1_recobin0 acc 0.0725 eff 0.0788 outinratio 0.0449 

ZH126_4mu_pTj1_genbin1_recobin0 acc 0.0785 eff 0.0838 outinratio 0.1052 

ttH126_4mu_pTj1_genbin1_recobin0 acc 0.0064 eff 0.0296 outinratio 0.6739 

ggH126_4mu_pTj1_genbin2_recobin0 acc 0.0466 eff 0.0118 outinratio 0.0433 

VBFH126_4mu_pTj1_genbin2_recobin0 acc 0.1678 eff 0.0185 outinratio 0.0312 

WminusH126_4mu_pTj1_genbin2_recobin0 acc 0.1179 eff 0.0145 outinratio 0.0165 

WplusH126_4mu_pTj1_genbin2_recobin0 acc 0.0956 eff 0.0067 outinratio 0.0449 

ZH126_4mu_pTj1_genbin2_recobin0 acc 0.112 eff 0.0052 outinratio 0.1052 

ttH126_4mu_pTj1_genbin2_recobin0 acc 0.0714 eff 0.0 outinratio 0.6739 

ggH126_4mu_pTj1_genbin3_recobin0 acc 0.0276 eff 0.0062 outinratio 0.0433 

VBFH126_4mu_pTj1_genbin3_recobin0 acc 0.1464 eff 0.0045 outinratio 0.0312 

WminusH126_4mu_pTj1_genbin3_recobin0 acc 0.0651 eff 0.0 outinratio 0.0165 

WplusH126_4mu_pTj1_genbin3_recobin0 acc 0.0677 eff 0.0 outinratio 0.0449 

ZH126_4mu_pTj1_genbin3_recobin0 acc 0.0741 eff 0.0017 outinratio 0.1052 

ttH126_4mu_pTj1_genbin3_recobin0 acc 0.1886 eff 0.0 outinratio 0.6739 

ggH126_4mu_pTj1_genbin4_recobin0 acc 0.0064 eff 0.0 outinratio 0.0433 

VBFH126_4mu_pTj1_genbin4_recobin0 acc 0.0269 eff 0.0025 outinratio 0.0312 

WminusH126_4mu_pTj1_genbin4_recobin0 acc 0.0123 eff 0.0 outinratio 0.0165 

WplusH126_4mu_pTj1_genbin4_recobin0 acc 0.0208 eff 0.0 outinratio 0.0449 

ZH126_4mu_pTj1_genbin4_recobin0 acc 0.0167 eff 0.0083 outinratio 0.1052 

ttH126_4mu_pTj1_genbin4_recobin0 acc 0.0753 eff 0.0 outinratio 0.6739 

ggH126_4mu_pTj1_genbin0_recobin1 acc 0.2736 eff 0.099 outinratio 0.0605 

VBFH126_4mu_pTj1_genbin0_recobin1 acc 0.0428 eff 0.2136 outinratio 0.0334 

WminusH126_4mu_pTj1_genbin0_recobin1 acc 0.1057 eff 0.1124 outinratio 0.1111 

WplusH126_4mu_pTj1_genbin0_recobin1 acc 0.0753 eff 0.1465 outinratio 0.0657 

ZH126_4mu_pTj1_genbin0_recobin1 acc 0.0784 eff 0.1336 outinratio 0.0905 

ttH126_4mu_pTj1_genbin0_recobin1 acc 0.0004 eff -1.0 outinratio 0.1711 

ggH126_4mu_pTj1_genbin1_recobin1 acc 0.0781 eff 0.564 outinratio 0.0605 

VBFH126_4mu_pTj1_genbin1_recobin1 acc 0.0997 eff 0.509 outinratio 0.0334 

WminusH126_4mu_pTj1_genbin1_recobin1 acc 0.1026 eff 0.4815 outinratio 0.1111 

WplusH126_4mu_pTj1_genbin1_recobin1 acc 0.0725 eff 0.5533 outinratio 0.0657 

ZH126_4mu_pTj1_genbin1_recobin1 acc 0.0785 eff 0.5734 outinratio 0.0905 

ttH126_4mu_pTj1_genbin1_recobin1 acc 0.0064 eff 0.4083 outinratio 0.1711 

ggH126_4mu_pTj1_genbin2_recobin1 acc 0.0466 eff 0.1311 outinratio 0.0605 

VBFH126_4mu_pTj1_genbin2_recobin1 acc 0.1678 eff 0.0799 outinratio 0.0334 

WminusH126_4mu_pTj1_genbin2_recobin1 acc 0.1179 eff 0.0698 outinratio 0.1111 

WplusH126_4mu_pTj1_genbin2_recobin1 acc 0.0956 eff 0.0864 outinratio 0.0657 

ZH126_4mu_pTj1_genbin2_recobin1 acc 0.112 eff 0.0989 outinratio 0.0905 

ttH126_4mu_pTj1_genbin2_recobin1 acc 0.0714 eff 0.0251 outinratio 0.1711 

ggH126_4mu_pTj1_genbin3_recobin1 acc 0.0276 eff 0.0019 outinratio 0.0605 

VBFH126_4mu_pTj1_genbin3_recobin1 acc 0.1464 eff 0.0047 outinratio 0.0334 

WminusH126_4mu_pTj1_genbin3_recobin1 acc 0.0651 eff 0.0 outinratio 0.1111 

WplusH126_4mu_pTj1_genbin3_recobin1 acc 0.0677 eff 0.0012 outinratio 0.0657 

ZH126_4mu_pTj1_genbin3_recobin1 acc 0.0741 eff 0.0048 outinratio 0.0905 

ttH126_4mu_pTj1_genbin3_recobin1 acc 0.1886 eff 0.0018 outinratio 0.1711 

ggH126_4mu_pTj1_genbin4_recobin1 acc 0.0064 eff 0.0 outinratio 0.0605 

VBFH126_4mu_pTj1_genbin4_recobin1 acc 0.0269 eff 0.0023 outinratio 0.0334 

WminusH126_4mu_pTj1_genbin4_recobin1 acc 0.0123 eff 0.0 outinratio 0.1111 

WplusH126_4mu_pTj1_genbin4_recobin1 acc 0.0208 eff 0.0 outinratio 0.0657 

ZH126_4mu_pTj1_genbin4_recobin1 acc 0.0167 eff 0.0 outinratio 0.0905 

ttH126_4mu_pTj1_genbin4_recobin1 acc 0.0753 eff 0.0006 outinratio 0.1711 

ggH126_4mu_pTj1_genbin0_recobin2 acc 0.2736 eff 0.0117 outinratio 0.0545 

VBFH126_4mu_pTj1_genbin0_recobin2 acc 0.0428 eff 0.0485 outinratio 0.0337 

WminusH126_4mu_pTj1_genbin0_recobin2 acc 0.1057 eff 0.0504 outinratio 0.0619 

WplusH126_4mu_pTj1_genbin0_recobin2 acc 0.0753 eff 0.0515 outinratio 0.0625 

ZH126_4mu_pTj1_genbin0_recobin2 acc 0.0784 eff 0.0363 outinratio 0.0858 

ttH126_4mu_pTj1_genbin0_recobin2 acc 0.0004 eff -1.0 outinratio 0.1285 

ggH126_4mu_pTj1_genbin1_recobin2 acc 0.0781 eff 0.0979 outinratio 0.0545 

VBFH126_4mu_pTj1_genbin1_recobin2 acc 0.0997 eff 0.1942 outinratio 0.0337 

WminusH126_4mu_pTj1_genbin1_recobin2 acc 0.1026 eff 0.2063 outinratio 0.0619 

WplusH126_4mu_pTj1_genbin1_recobin2 acc 0.0725 eff 0.1622 outinratio 0.0625 

ZH126_4mu_pTj1_genbin1_recobin2 acc 0.0785 eff 0.1636 outinratio 0.0858 

ttH126_4mu_pTj1_genbin1_recobin2 acc 0.0064 eff 0.2416 outinratio 0.1285 

ggH126_4mu_pTj1_genbin2_recobin2 acc 0.0466 eff 0.6078 outinratio 0.0545 

VBFH126_4mu_pTj1_genbin2_recobin2 acc 0.1678 eff 0.5835 outinratio 0.0337 

WminusH126_4mu_pTj1_genbin2_recobin2 acc 0.1179 eff 0.6495 outinratio 0.0619 

WplusH126_4mu_pTj1_genbin2_recobin2 acc 0.0956 eff 0.6104 outinratio 0.0625 

ZH126_4mu_pTj1_genbin2_recobin2 acc 0.112 eff 0.6176 outinratio 0.0858 

ttH126_4mu_pTj1_genbin2_recobin2 acc 0.0714 eff 0.57 outinratio 0.1285 

ggH126_4mu_pTj1_genbin3_recobin2 acc 0.0276 eff 0.0774 outinratio 0.0545 

VBFH126_4mu_pTj1_genbin3_recobin2 acc 0.1464 eff 0.0779 outinratio 0.0337 

WminusH126_4mu_pTj1_genbin3_recobin2 acc 0.0651 eff 0.0395 outinratio 0.0619 

WplusH126_4mu_pTj1_genbin3_recobin2 acc 0.0677 eff 0.0744 outinratio 0.0625 

ZH126_4mu_pTj1_genbin3_recobin2 acc 0.0741 eff 0.0851 outinratio 0.0858 

ttH126_4mu_pTj1_genbin3_recobin2 acc 0.1886 eff 0.0484 outinratio 0.1285 

ggH126_4mu_pTj1_genbin4_recobin2 acc 0.0064 eff 0.0 outinratio 0.0545 

VBFH126_4mu_pTj1_genbin4_recobin2 acc 0.0269 eff 0.008 outinratio 0.0337 

WminusH126_4mu_pTj1_genbin4_recobin2 acc 0.0123 eff 0.0 outinratio 0.0619 

WplusH126_4mu_pTj1_genbin4_recobin2 acc 0.0208 eff 0.004 outinratio 0.0625 

ZH126_4mu_pTj1_genbin4_recobin2 acc 0.0167 eff 0.0 outinratio 0.0858 

ttH126_4mu_pTj1_genbin4_recobin2 acc 0.0753 eff 0.0008 outinratio 0.1285 

ggH126_4mu_pTj1_genbin0_recobin3 acc 0.2736 eff 0.0011 outinratio 0.0476 

VBFH126_4mu_pTj1_genbin0_recobin3 acc 0.0428 eff 0.0007 outinratio 0.0317 

WminusH126_4mu_pTj1_genbin0_recobin3 acc 0.1057 eff 0.0291 outinratio 0.0686 

WplusH126_4mu_pTj1_genbin0_recobin3 acc 0.0753 eff 0.0186 outinratio 0.0645 

ZH126_4mu_pTj1_genbin0_recobin3 acc 0.0784 eff 0.0186 outinratio 0.0723 

ttH126_4mu_pTj1_genbin0_recobin3 acc 0.0004 eff -1.0 outinratio 0.1457 

ggH126_4mu_pTj1_genbin1_recobin3 acc 0.0781 eff 0.0027 outinratio 0.0476 

VBFH126_4mu_pTj1_genbin1_recobin3 acc 0.0997 eff 0.0026 outinratio 0.0317 

WminusH126_4mu_pTj1_genbin1_recobin3 acc 0.1026 eff 0.002 outinratio 0.0686 

WplusH126_4mu_pTj1_genbin1_recobin3 acc 0.0725 eff 0.0151 outinratio 0.0645 

ZH126_4mu_pTj1_genbin1_recobin3 acc 0.0785 eff 0.0043 outinratio 0.0723 

ttH126_4mu_pTj1_genbin1_recobin3 acc 0.0064 eff 0.0708 outinratio 0.1457 

ggH126_4mu_pTj1_genbin2_recobin3 acc 0.0466 eff 0.0611 outinratio 0.0476 

VBFH126_4mu_pTj1_genbin2_recobin3 acc 0.1678 eff 0.1318 outinratio 0.0317 

WminusH126_4mu_pTj1_genbin2_recobin3 acc 0.1179 eff 0.0742 outinratio 0.0686 

WplusH126_4mu_pTj1_genbin2_recobin3 acc 0.0956 eff 0.1019 outinratio 0.0645 

ZH126_4mu_pTj1_genbin2_recobin3 acc 0.112 eff 0.0977 outinratio 0.0723 

ttH126_4mu_pTj1_genbin2_recobin3 acc 0.0714 eff 0.1796 outinratio 0.1457 

ggH126_4mu_pTj1_genbin3_recobin3 acc 0.0276 eff 0.7152 outinratio 0.0476 

VBFH126_4mu_pTj1_genbin3_recobin3 acc 0.1464 eff 0.7037 outinratio 0.0317 

WminusH126_4mu_pTj1_genbin3_recobin3 acc 0.0651 eff 0.6583 outinratio 0.0686 

WplusH126_4mu_pTj1_genbin3_recobin3 acc 0.0677 eff 0.681 outinratio 0.0645 

ZH126_4mu_pTj1_genbin3_recobin3 acc 0.0741 eff 0.6905 outinratio 0.0723 

ttH126_4mu_pTj1_genbin3_recobin3 acc 0.1886 eff 0.6993 outinratio 0.1457 

ggH126_4mu_pTj1_genbin4_recobin3 acc 0.0064 eff 0.0872 outinratio 0.0476 

VBFH126_4mu_pTj1_genbin4_recobin3 acc 0.0269 eff 0.0735 outinratio 0.0317 

WminusH126_4mu_pTj1_genbin4_recobin3 acc 0.0123 eff 0.0 outinratio 0.0686 

WplusH126_4mu_pTj1_genbin4_recobin3 acc 0.0208 eff 0.0683 outinratio 0.0645 

ZH126_4mu_pTj1_genbin4_recobin3 acc 0.0167 eff 0.0772 outinratio 0.0723 

ttH126_4mu_pTj1_genbin4_recobin3 acc 0.0753 eff 0.0484 outinratio 0.1457 

ggH126_4mu_pTj1_genbin0_recobin4 acc 0.2736 eff 0.0 outinratio 0.0397 

VBFH126_4mu_pTj1_genbin0_recobin4 acc 0.0428 eff 0.0 outinratio 0.041 

WminusH126_4mu_pTj1_genbin0_recobin4 acc 0.1057 eff 0.0 outinratio 0.0437 

WplusH126_4mu_pTj1_genbin0_recobin4 acc 0.0753 eff 0.0011 outinratio 0.0782 

ZH126_4mu_pTj1_genbin0_recobin4 acc 0.0784 eff 0.0 outinratio 0.0806 

ttH126_4mu_pTj1_genbin0_recobin4 acc 0.0004 eff -1.0 outinratio 0.1456 

ggH126_4mu_pTj1_genbin1_recobin4 acc 0.0781 eff 0.0 outinratio 0.0397 

VBFH126_4mu_pTj1_genbin1_recobin4 acc 0.0997 eff 0.0002 outinratio 0.041 

WminusH126_4mu_pTj1_genbin1_recobin4 acc 0.1026 eff 0.0 outinratio 0.0437 

WplusH126_4mu_pTj1_genbin1_recobin4 acc 0.0725 eff 0.0017 outinratio 0.0782 

ZH126_4mu_pTj1_genbin1_recobin4 acc 0.0785 eff 0.0 outinratio 0.0806 

ttH126_4mu_pTj1_genbin1_recobin4 acc 0.0064 eff 0.0344 outinratio 0.1456 

ggH126_4mu_pTj1_genbin2_recobin4 acc 0.0466 eff 0.0009 outinratio 0.0397 

VBFH126_4mu_pTj1_genbin2_recobin4 acc 0.1678 eff 0.0001 outinratio 0.041 

WminusH126_4mu_pTj1_genbin2_recobin4 acc 0.1179 eff 0.0 outinratio 0.0437 

WplusH126_4mu_pTj1_genbin2_recobin4 acc 0.0956 eff 0.0 outinratio 0.0782 

ZH126_4mu_pTj1_genbin2_recobin4 acc 0.112 eff 0.0 outinratio 0.0806 

ttH126_4mu_pTj1_genbin2_recobin4 acc 0.0714 eff 0.0112 outinratio 0.1456 

ggH126_4mu_pTj1_genbin3_recobin4 acc 0.0276 eff 0.0255 outinratio 0.0397 

VBFH126_4mu_pTj1_genbin3_recobin4 acc 0.1464 eff 0.0357 outinratio 0.041 

WminusH126_4mu_pTj1_genbin3_recobin4 acc 0.0651 eff 0.0135 outinratio 0.0437 

WplusH126_4mu_pTj1_genbin3_recobin4 acc 0.0677 eff 0.0344 outinratio 0.0782 

ZH126_4mu_pTj1_genbin3_recobin4 acc 0.0741 eff 0.0293 outinratio 0.0806 

ttH126_4mu_pTj1_genbin3_recobin4 acc 0.1886 eff 0.0437 outinratio 0.1456 

ggH126_4mu_pTj1_genbin4_recobin4 acc 0.0064 eff 0.7921 outinratio 0.0397 

VBFH126_4mu_pTj1_genbin4_recobin4 acc 0.0269 eff 0.7524 outinratio 0.041 

WminusH126_4mu_pTj1_genbin4_recobin4 acc 0.0123 eff 1.0035 outinratio 0.0437 

WplusH126_4mu_pTj1_genbin4_recobin4 acc 0.0208 eff 0.693 outinratio 0.0782 

ZH126_4mu_pTj1_genbin4_recobin4 acc 0.0167 eff 0.7159 outinratio 0.0806 

ttH126_4mu_pTj1_genbin4_recobin4 acc 0.0753 eff 0.7276 outinratio 0.1456 

ggH126_2e2mu_pTj1_genbin0_recobin0 acc 0.2524 eff 0.4436 outinratio 0.0506 

VBFH126_2e2mu_pTj1_genbin0_recobin0 acc 0.0385 eff 0.373 outinratio 0.0313 

WminusH126_2e2mu_pTj1_genbin0_recobin0 acc 0.0894 eff 0.336 outinratio 0.0139 

WplusH126_2e2mu_pTj1_genbin0_recobin0 acc 0.0708 eff 0.3359 outinratio 0.0983 

ZH126_2e2mu_pTj1_genbin0_recobin0 acc 0.0716 eff 0.4161 outinratio 0.0823 

ttH126_2e2mu_pTj1_genbin0_recobin0 acc 0.0008 eff 0.043 outinratio 0.0 

ggH126_2e2mu_pTj1_genbin1_recobin0 acc 0.0742 eff 0.0904 outinratio 0.0506 

VBFH126_2e2mu_pTj1_genbin1_recobin0 acc 0.0913 eff 0.0595 outinratio 0.0313 

WminusH126_2e2mu_pTj1_genbin1_recobin0 acc 0.0894 eff 0.0788 outinratio 0.0139 

WplusH126_2e2mu_pTj1_genbin1_recobin0 acc 0.0689 eff 0.0339 outinratio 0.0983 

ZH126_2e2mu_pTj1_genbin1_recobin0 acc 0.0745 eff 0.0587 outinratio 0.0823 

ttH126_2e2mu_pTj1_genbin1_recobin0 acc 0.0061 eff 0.0106 outinratio 0.0 

ggH126_2e2mu_pTj1_genbin2_recobin0 acc 0.0436 eff 0.0103 outinratio 0.0506 

VBFH126_2e2mu_pTj1_genbin2_recobin0 acc 0.1556 eff 0.0104 outinratio 0.0313 

WminusH126_2e2mu_pTj1_genbin2_recobin0 acc 0.0831 eff 0.0033 outinratio 0.0139 

WplusH126_2e2mu_pTj1_genbin2_recobin0 acc 0.0859 eff 0.0055 outinratio 0.0983 

ZH126_2e2mu_pTj1_genbin2_recobin0 acc 0.1043 eff 0.0052 outinratio 0.0823 

ttH126_2e2mu_pTj1_genbin2_recobin0 acc 0.0664 eff 0.0005 outinratio 0.0 

ggH126_2e2mu_pTj1_genbin3_recobin0 acc 0.0248 eff 0.0015 outinratio 0.0506 

VBFH126_2e2mu_pTj1_genbin3_recobin0 acc 0.135 eff 0.0034 outinratio 0.0313 

WminusH126_2e2mu_pTj1_genbin3_recobin0 acc 0.0664 eff 0.0 outinratio 0.0139 

WplusH126_2e2mu_pTj1_genbin3_recobin0 acc 0.0634 eff 0.0026 outinratio 0.0983 

ZH126_2e2mu_pTj1_genbin3_recobin0 acc 0.0754 eff 0.0007 outinratio 0.0823 

ttH126_2e2mu_pTj1_genbin3_recobin0 acc 0.1717 eff 0.0 outinratio 0.0 

ggH126_2e2mu_pTj1_genbin4_recobin0 acc 0.0062 eff 0.0 outinratio 0.0506 

VBFH126_2e2mu_pTj1_genbin4_recobin0 acc 0.0252 eff 0.002 outinratio 0.0313 

WminusH126_2e2mu_pTj1_genbin4_recobin0 acc 0.0188 eff 0.0 outinratio 0.0139 

WplusH126_2e2mu_pTj1_genbin4_recobin0 acc 0.0161 eff 0.0 outinratio 0.0983 

ZH126_2e2mu_pTj1_genbin4_recobin0 acc 0.0174 eff 0.0032 outinratio 0.0823 

ttH126_2e2mu_pTj1_genbin4_recobin0 acc 0.0665 eff 0.0 outinratio 0.0 

ggH126_2e2mu_pTj1_genbin0_recobin1 acc 0.2524 eff 0.0596 outinratio 0.0566 

VBFH126_2e2mu_pTj1_genbin0_recobin1 acc 0.0385 eff 0.1171 outinratio 0.0378 

WminusH126_2e2mu_pTj1_genbin0_recobin1 acc 0.0894 eff 0.0854 outinratio 0.0691 

WplusH126_2e2mu_pTj1_genbin0_recobin1 acc 0.0708 eff 0.1018 outinratio 0.0985 

ZH126_2e2mu_pTj1_genbin0_recobin1 acc 0.0716 eff 0.0804 outinratio 0.0934 

ttH126_2e2mu_pTj1_genbin0_recobin1 acc 0.0008 eff 0.0958 outinratio 0.1611 

ggH126_2e2mu_pTj1_genbin1_recobin1 acc 0.0742 eff 0.3606 outinratio 0.0566 

VBFH126_2e2mu_pTj1_genbin1_recobin1 acc 0.0913 eff 0.3337 outinratio 0.0378 

WminusH126_2e2mu_pTj1_genbin1_recobin1 acc 0.0894 eff 0.3643 outinratio 0.0691 

WplusH126_2e2mu_pTj1_genbin1_recobin1 acc 0.0689 eff 0.3225 outinratio 0.0985 

ZH126_2e2mu_pTj1_genbin1_recobin1 acc 0.0745 eff 0.3269 outinratio 0.0934 

ttH126_2e2mu_pTj1_genbin1_recobin1 acc 0.0061 eff 0.2352 outinratio 0.1611 

ggH126_2e2mu_pTj1_genbin2_recobin1 acc 0.0436 eff 0.0877 outinratio 0.0566 

VBFH126_2e2mu_pTj1_genbin2_recobin1 acc 0.1556 eff 0.0506 outinratio 0.0378 

WminusH126_2e2mu_pTj1_genbin2_recobin1 acc 0.0831 eff 0.0728 outinratio 0.0691 

WplusH126_2e2mu_pTj1_genbin2_recobin1 acc 0.0859 eff 0.0652 outinratio 0.0985 

ZH126_2e2mu_pTj1_genbin2_recobin1 acc 0.1043 eff 0.057 outinratio 0.0934 

ttH126_2e2mu_pTj1_genbin2_recobin1 acc 0.0664 eff 0.0217 outinratio 0.1611 

ggH126_2e2mu_pTj1_genbin3_recobin1 acc 0.0248 eff 0.0011 outinratio 0.0566 

VBFH126_2e2mu_pTj1_genbin3_recobin1 acc 0.135 eff 0.0034 outinratio 0.0378 

WminusH126_2e2mu_pTj1_genbin3_recobin1 acc 0.0664 eff 0.0 outinratio 0.0691 

WplusH126_2e2mu_pTj1_genbin3_recobin1 acc 0.0634 eff 0.0021 outinratio 0.0985 

ZH126_2e2mu_pTj1_genbin3_recobin1 acc 0.0754 eff 0.0035 outinratio 0.0934 

ttH126_2e2mu_pTj1_genbin3_recobin1 acc 0.1717 eff 0.0004 outinratio 0.1611 

ggH126_2e2mu_pTj1_genbin4_recobin1 acc 0.0062 eff 0.0 outinratio 0.0566 

VBFH126_2e2mu_pTj1_genbin4_recobin1 acc 0.0252 eff 0.0012 outinratio 0.0378 

WminusH126_2e2mu_pTj1_genbin4_recobin1 acc 0.0188 eff 0.0 outinratio 0.0691 

WplusH126_2e2mu_pTj1_genbin4_recobin1 acc 0.0161 eff 0.0 outinratio 0.0985 

ZH126_2e2mu_pTj1_genbin4_recobin1 acc 0.0174 eff 0.0047 outinratio 0.0934 

ttH126_2e2mu_pTj1_genbin4_recobin1 acc 0.0665 eff 0.0 outinratio 0.1611 

ggH126_2e2mu_pTj1_genbin0_recobin2 acc 0.2524 eff 0.007 outinratio 0.0625 

VBFH126_2e2mu_pTj1_genbin0_recobin2 acc 0.0385 eff 0.0342 outinratio 0.0344 

WminusH126_2e2mu_pTj1_genbin0_recobin2 acc 0.0894 eff 0.0906 outinratio 0.1094 

WplusH126_2e2mu_pTj1_genbin0_recobin2 acc 0.0708 eff 0.0365 outinratio 0.0665 

ZH126_2e2mu_pTj1_genbin0_recobin2 acc 0.0716 eff 0.0228 outinratio 0.0684 

ttH126_2e2mu_pTj1_genbin0_recobin2 acc 0.0008 eff 0.0 outinratio 0.1434 

ggH126_2e2mu_pTj1_genbin1_recobin2 acc 0.0742 eff 0.0696 outinratio 0.0625 

VBFH126_2e2mu_pTj1_genbin1_recobin2 acc 0.0913 eff 0.1248 outinratio 0.0344 

WminusH126_2e2mu_pTj1_genbin1_recobin2 acc 0.0894 eff 0.094 outinratio 0.1094 

WplusH126_2e2mu_pTj1_genbin1_recobin2 acc 0.0689 eff 0.1084 outinratio 0.0665 

ZH126_2e2mu_pTj1_genbin1_recobin2 acc 0.0745 eff 0.1057 outinratio 0.0684 

ttH126_2e2mu_pTj1_genbin1_recobin2 acc 0.0061 eff 0.1339 outinratio 0.1434 

ggH126_2e2mu_pTj1_genbin2_recobin2 acc 0.0436 eff 0.4072 outinratio 0.0625 

VBFH126_2e2mu_pTj1_genbin2_recobin2 acc 0.1556 eff 0.3942 outinratio 0.0344 

WminusH126_2e2mu_pTj1_genbin2_recobin2 acc 0.0831 eff 0.3762 outinratio 0.1094 

WplusH126_2e2mu_pTj1_genbin2_recobin2 acc 0.0859 eff 0.4037 outinratio 0.0665 

ZH126_2e2mu_pTj1_genbin2_recobin2 acc 0.1043 eff 0.385 outinratio 0.0684 

ttH126_2e2mu_pTj1_genbin2_recobin2 acc 0.0664 eff 0.3581 outinratio 0.1434 

ggH126_2e2mu_pTj1_genbin3_recobin2 acc 0.0248 eff 0.0654 outinratio 0.0625 

VBFH126_2e2mu_pTj1_genbin3_recobin2 acc 0.135 eff 0.0523 outinratio 0.0344 

WminusH126_2e2mu_pTj1_genbin3_recobin2 acc 0.0664 eff 0.0801 outinratio 0.1094 

WplusH126_2e2mu_pTj1_genbin3_recobin2 acc 0.0634 eff 0.0554 outinratio 0.0665 

ZH126_2e2mu_pTj1_genbin3_recobin2 acc 0.0754 eff 0.0511 outinratio 0.0684 

ttH126_2e2mu_pTj1_genbin3_recobin2 acc 0.1717 eff 0.036 outinratio 0.1434 

ggH126_2e2mu_pTj1_genbin4_recobin2 acc 0.0062 eff 0.0 outinratio 0.0625 

VBFH126_2e2mu_pTj1_genbin4_recobin2 acc 0.0252 eff 0.0021 outinratio 0.0344 

WminusH126_2e2mu_pTj1_genbin4_recobin2 acc 0.0188 eff 0.0 outinratio 0.1094 

WplusH126_2e2mu_pTj1_genbin4_recobin2 acc 0.0161 eff 0.0045 outinratio 0.0665 

ZH126_2e2mu_pTj1_genbin4_recobin2 acc 0.0174 eff 0.0 outinratio 0.0684 

ttH126_2e2mu_pTj1_genbin4_recobin2 acc 0.0665 eff 0.0014 outinratio 0.1434 

ggH126_2e2mu_pTj1_genbin0_recobin3 acc 0.2524 eff 0.0003 outinratio 0.0573 

VBFH126_2e2mu_pTj1_genbin0_recobin3 acc 0.0385 eff 0.0005 outinratio 0.0393 

WminusH126_2e2mu_pTj1_genbin0_recobin3 acc 0.0894 eff 0.0016 outinratio 0.1035 

WplusH126_2e2mu_pTj1_genbin0_recobin3 acc 0.0708 eff 0.0127 outinratio 0.0599 

ZH126_2e2mu_pTj1_genbin0_recobin3 acc 0.0716 eff 0.0115 outinratio 0.0827 

ttH126_2e2mu_pTj1_genbin0_recobin3 acc 0.0008 eff 0.1311 outinratio 0.1664 

ggH126_2e2mu_pTj1_genbin1_recobin3 acc 0.0742 eff 0.0009 outinratio 0.0573 

VBFH126_2e2mu_pTj1_genbin1_recobin3 acc 0.0913 eff 0.0011 outinratio 0.0393 

WminusH126_2e2mu_pTj1_genbin1_recobin3 acc 0.0894 eff 0.0034 outinratio 0.1035 

WplusH126_2e2mu_pTj1_genbin1_recobin3 acc 0.0689 eff 0.0039 outinratio 0.0599 

ZH126_2e2mu_pTj1_genbin1_recobin3 acc 0.0745 eff 0.0042 outinratio 0.0827 

ttH126_2e2mu_pTj1_genbin1_recobin3 acc 0.0061 eff 0.0405 outinratio 0.1664 

ggH126_2e2mu_pTj1_genbin2_recobin3 acc 0.0436 eff 0.0424 outinratio 0.0573 

VBFH126_2e2mu_pTj1_genbin2_recobin3 acc 0.1556 eff 0.0819 outinratio 0.0393 

WminusH126_2e2mu_pTj1_genbin2_recobin3 acc 0.0831 eff 0.0349 outinratio 0.1035 

WplusH126_2e2mu_pTj1_genbin2_recobin3 acc 0.0859 eff 0.0604 outinratio 0.0599 

ZH126_2e2mu_pTj1_genbin2_recobin3 acc 0.1043 eff 0.054 outinratio 0.0827 

ttH126_2e2mu_pTj1_genbin2_recobin3 acc 0.0664 eff 0.1261 outinratio 0.1664 

ggH126_2e2mu_pTj1_genbin3_recobin3 acc 0.0248 eff 0.4492 outinratio 0.0573 

VBFH126_2e2mu_pTj1_genbin3_recobin3 acc 0.135 eff 0.4743 outinratio 0.0393 

WminusH126_2e2mu_pTj1_genbin3_recobin3 acc 0.0664 eff 0.4682 outinratio 0.1035 

WplusH126_2e2mu_pTj1_genbin3_recobin3 acc 0.0634 eff 0.4545 outinratio 0.0599 

ZH126_2e2mu_pTj1_genbin3_recobin3 acc 0.0754 eff 0.4775 outinratio 0.0827 

ttH126_2e2mu_pTj1_genbin3_recobin3 acc 0.1717 eff 0.4562 outinratio 0.1664 

ggH126_2e2mu_pTj1_genbin4_recobin3 acc 0.0062 eff 0.0481 outinratio 0.0573 

VBFH126_2e2mu_pTj1_genbin4_recobin3 acc 0.0252 eff 0.0549 outinratio 0.0393 

WminusH126_2e2mu_pTj1_genbin4_recobin3 acc 0.0188 eff 0.0587 outinratio 0.1035 

WplusH126_2e2mu_pTj1_genbin4_recobin3 acc 0.0161 eff 0.0303 outinratio 0.0599 

ZH126_2e2mu_pTj1_genbin4_recobin3 acc 0.0174 eff 0.0423 outinratio 0.0827 

ttH126_2e2mu_pTj1_genbin4_recobin3 acc 0.0665 eff 0.0402 outinratio 0.1664 

ggH126_2e2mu_pTj1_genbin0_recobin4 acc 0.2524 eff 0.0 outinratio 0.0531 

VBFH126_2e2mu_pTj1_genbin0_recobin4 acc 0.0385 eff 0.0 outinratio 0.0424 

WminusH126_2e2mu_pTj1_genbin0_recobin4 acc 0.0894 eff 0.0032 outinratio 0.154 

WplusH126_2e2mu_pTj1_genbin0_recobin4 acc 0.0708 eff 0.001 outinratio 0.0787 

ZH126_2e2mu_pTj1_genbin0_recobin4 acc 0.0716 eff 0.002 outinratio 0.0983 

ttH126_2e2mu_pTj1_genbin0_recobin4 acc 0.0008 eff 0.0597 outinratio 0.1703 

ggH126_2e2mu_pTj1_genbin1_recobin4 acc 0.0742 eff 0.0 outinratio 0.0531 

VBFH126_2e2mu_pTj1_genbin1_recobin4 acc 0.0913 eff 0.0 outinratio 0.0424 

WminusH126_2e2mu_pTj1_genbin1_recobin4 acc 0.0894 eff 0.0 outinratio 0.154 

WplusH126_2e2mu_pTj1_genbin1_recobin4 acc 0.0689 eff 0.0023 outinratio 0.0787 

ZH126_2e2mu_pTj1_genbin1_recobin4 acc 0.0745 eff 0.0002 outinratio 0.0983 

ttH126_2e2mu_pTj1_genbin1_recobin4 acc 0.0061 eff 0.0093 outinratio 0.1703 

ggH126_2e2mu_pTj1_genbin2_recobin4 acc 0.0436 eff 0.0 outinratio 0.0531 

VBFH126_2e2mu_pTj1_genbin2_recobin4 acc 0.1556 eff 0.0 outinratio 0.0424 

WminusH126_2e2mu_pTj1_genbin2_recobin4 acc 0.0831 eff 0.0 outinratio 0.154 

WplusH126_2e2mu_pTj1_genbin2_recobin4 acc 0.0859 eff 0.0 outinratio 0.0787 

ZH126_2e2mu_pTj1_genbin2_recobin4 acc 0.1043 eff 0.0 outinratio 0.0983 

ttH126_2e2mu_pTj1_genbin2_recobin4 acc 0.0664 eff 0.006 outinratio 0.1703 

ggH126_2e2mu_pTj1_genbin3_recobin4 acc 0.0248 eff 0.0156 outinratio 0.0531 

VBFH126_2e2mu_pTj1_genbin3_recobin4 acc 0.135 eff 0.0246 outinratio 0.0424 

WminusH126_2e2mu_pTj1_genbin3_recobin4 acc 0.0664 eff 0.0043 outinratio 0.154 

WplusH126_2e2mu_pTj1_genbin3_recobin4 acc 0.0634 eff 0.018 outinratio 0.0787 

ZH126_2e2mu_pTj1_genbin3_recobin4 acc 0.0754 eff 0.0228 outinratio 0.0983 

ttH126_2e2mu_pTj1_genbin3_recobin4 acc 0.1717 eff 0.0321 outinratio 0.1703 

ggH126_2e2mu_pTj1_genbin4_recobin4 acc 0.0062 eff 0.5139 outinratio 0.0531 

VBFH126_2e2mu_pTj1_genbin4_recobin4 acc 0.0252 eff 0.5131 outinratio 0.0424 

WminusH126_2e2mu_pTj1_genbin4_recobin4 acc 0.0188 eff 0.5321 outinratio 0.154 

WplusH126_2e2mu_pTj1_genbin4_recobin4 acc 0.0161 eff 0.4804 outinratio 0.0787 

ZH126_2e2mu_pTj1_genbin4_recobin4 acc 0.0174 eff 0.5021 outinratio 0.0983 

ttH126_2e2mu_pTj1_genbin4_recobin4 acc 0.0665 eff 0.5022 outinratio 0.1703 

Coeff fullNNLOPS
