Welcome in RunCoefficients!
OPT SPLIT
DEBUG opt.YEAR = 2024_7
It is a single-differential measurement, binning [-100.0, -3.14159265359, -1.5707963267948966, 0.0, 1.5707963267948966, 3.14159265359]
dphijj
Following observables extracted from dictionary: RECO =  dphijj  GEN =  GENdphijj
LUMI: 10.882200000000001
ttH126 0.00046886125
Processing ggH126 2024_7
Signal created
Signal failed created
Processing VBFH126 2024_7
Signal created
Signal failed created
Processing WminusH126 2024_7
Signal created
Signal failed created
Processing WplusH126 2024_7
Signal created
Signal failed created
Processing ZH126 2024_7
Signal created
Signal failed created
Processing ttH126 2024_7
Signal created
Signal failed created
2024_7 SKIMMED df CREATED
2024_7 ggH126
2024_7 VBFH126
2024_7 WminusH126
2024_7 WplusH126
2024_7 ZH126
2024_7 ttH126
Dataframes created successfully
Coeff std
ggH126_4l_dphijj_genbin0_recobin0 acc 0.3598 eff 0.5172 outinratio 0.0417 

VBFH126_4l_dphijj_genbin0_recobin0 acc 0.2101 eff 0.4635 outinratio 0.0254 

WminusH126_4l_dphijj_genbin0_recobin0 acc 0.1933 eff 0.4812 outinratio 0.0703 

WplusH126_4l_dphijj_genbin0_recobin0 acc 0.1735 eff 0.4699 outinratio 0.0595 

ZH126_4l_dphijj_genbin0_recobin0 acc 0.1831 eff 0.4618 outinratio 0.083 

ttH126_4l_dphijj_genbin0_recobin0 acc 0.0081 eff 0.2086 outinratio 0.1504 

ggH126_4l_dphijj_genbin1_recobin0 acc 0.0111 eff 0.12 outinratio 0.0417 

VBFH126_4l_dphijj_genbin1_recobin0 acc 0.0705 eff 0.1075 outinratio 0.0254 

WminusH126_4l_dphijj_genbin1_recobin0 acc 0.0345 eff 0.0557 outinratio 0.0703 

WplusH126_4l_dphijj_genbin1_recobin0 acc 0.0287 eff 0.0555 outinratio 0.0595 

ZH126_4l_dphijj_genbin1_recobin0 acc 0.0355 eff 0.0466 outinratio 0.083 

ttH126_4l_dphijj_genbin1_recobin0 acc 0.0978 eff 0.0046 outinratio 0.1504 

ggH126_4l_dphijj_genbin2_recobin0 acc 0.0132 eff 0.1323 outinratio 0.0417 

VBFH126_4l_dphijj_genbin2_recobin0 acc 0.0523 eff 0.087 outinratio 0.0254 

WminusH126_4l_dphijj_genbin2_recobin0 acc 0.0454 eff 0.0549 outinratio 0.0703 

WplusH126_4l_dphijj_genbin2_recobin0 acc 0.0419 eff 0.0449 outinratio 0.0595 

ZH126_4l_dphijj_genbin2_recobin0 acc 0.0419 eff 0.055 outinratio 0.083 

ttH126_4l_dphijj_genbin2_recobin0 acc 0.0567 eff 0.0072 outinratio 0.1504 

ggH126_4l_dphijj_genbin3_recobin0 acc 0.0137 eff 0.0249 outinratio 0.0417 

VBFH126_4l_dphijj_genbin3_recobin0 acc 0.0558 eff 0.0875 outinratio 0.0254 

WminusH126_4l_dphijj_genbin3_recobin0 acc 0.0437 eff 0.055 outinratio 0.0703 

WplusH126_4l_dphijj_genbin3_recobin0 acc 0.0398 eff 0.0573 outinratio 0.0595 

ZH126_4l_dphijj_genbin3_recobin0 acc 0.0433 eff 0.045 outinratio 0.083 

ttH126_4l_dphijj_genbin3_recobin0 acc 0.057 eff 0.005 outinratio 0.1504 

ggH126_4l_dphijj_genbin4_recobin0 acc 0.0109 eff 0.0886 outinratio 0.0417 

VBFH126_4l_dphijj_genbin4_recobin0 acc 0.0664 eff 0.0728 outinratio 0.0254 

WminusH126_4l_dphijj_genbin4_recobin0 acc 0.0315 eff 0.0684 outinratio 0.0703 

WplusH126_4l_dphijj_genbin4_recobin0 acc 0.0301 eff 0.0556 outinratio 0.0595 

ZH126_4l_dphijj_genbin4_recobin0 acc 0.0374 eff 0.061 outinratio 0.083 

ttH126_4l_dphijj_genbin4_recobin0 acc 0.0976 eff 0.004 outinratio 0.1504 

ggH126_4l_dphijj_genbin0_recobin1 acc 0.3598 eff 0.0062 outinratio 0.0597 

VBFH126_4l_dphijj_genbin0_recobin1 acc 0.2101 eff 0.0184 outinratio 0.0538 

WminusH126_4l_dphijj_genbin0_recobin1 acc 0.1933 eff 0.0179 outinratio 0.0822 

WplusH126_4l_dphijj_genbin0_recobin1 acc 0.1735 eff 0.0325 outinratio 0.0902 

ZH126_4l_dphijj_genbin0_recobin1 acc 0.1831 eff 0.025 outinratio 0.0704 

ttH126_4l_dphijj_genbin0_recobin1 acc 0.0081 eff 0.085 outinratio 0.1719 

ggH126_4l_dphijj_genbin1_recobin1 acc 0.0111 eff 0.4297 outinratio 0.0597 

VBFH126_4l_dphijj_genbin1_recobin1 acc 0.0705 eff 0.4232 outinratio 0.0538 

WminusH126_4l_dphijj_genbin1_recobin1 acc 0.0345 eff 0.4204 outinratio 0.0822 

WplusH126_4l_dphijj_genbin1_recobin1 acc 0.0287 eff 0.4392 outinratio 0.0902 

ZH126_4l_dphijj_genbin1_recobin1 acc 0.0355 eff 0.3833 outinratio 0.0704 

ttH126_4l_dphijj_genbin1_recobin1 acc 0.0978 eff 0.4281 outinratio 0.1719 

ggH126_4l_dphijj_genbin2_recobin1 acc 0.0132 eff 0.0176 outinratio 0.0597 

VBFH126_4l_dphijj_genbin2_recobin1 acc 0.0523 eff 0.0069 outinratio 0.0538 

WminusH126_4l_dphijj_genbin2_recobin1 acc 0.0454 eff 0.0209 outinratio 0.0822 

WplusH126_4l_dphijj_genbin2_recobin1 acc 0.0419 eff 0.0226 outinratio 0.0902 

ZH126_4l_dphijj_genbin2_recobin1 acc 0.0419 eff 0.0237 outinratio 0.0704 

ttH126_4l_dphijj_genbin2_recobin1 acc 0.0567 eff 0.069 outinratio 0.1719 

ggH126_4l_dphijj_genbin3_recobin1 acc 0.0137 eff 0.0 outinratio 0.0597 

VBFH126_4l_dphijj_genbin3_recobin1 acc 0.0558 eff 0.0067 outinratio 0.0538 

WminusH126_4l_dphijj_genbin3_recobin1 acc 0.0437 eff 0.0294 outinratio 0.0822 

WplusH126_4l_dphijj_genbin3_recobin1 acc 0.0398 eff 0.0217 outinratio 0.0902 

ZH126_4l_dphijj_genbin3_recobin1 acc 0.0433 eff 0.0113 outinratio 0.0704 

ttH126_4l_dphijj_genbin3_recobin1 acc 0.057 eff 0.0604 outinratio 0.1719 

ggH126_4l_dphijj_genbin4_recobin1 acc 0.0109 eff 0.0602 outinratio 0.0597 

VBFH126_4l_dphijj_genbin4_recobin1 acc 0.0664 eff 0.0219 outinratio 0.0538 

WminusH126_4l_dphijj_genbin4_recobin1 acc 0.0315 eff 0.047 outinratio 0.0822 

WplusH126_4l_dphijj_genbin4_recobin1 acc 0.0301 eff 0.0301 outinratio 0.0902 

ZH126_4l_dphijj_genbin4_recobin1 acc 0.0374 eff 0.0376 outinratio 0.0704 

ttH126_4l_dphijj_genbin4_recobin1 acc 0.0976 eff 0.0535 outinratio 0.1719 

ggH126_4l_dphijj_genbin0_recobin2 acc 0.3598 eff 0.0046 outinratio 0.0628 

VBFH126_4l_dphijj_genbin0_recobin2 acc 0.2101 eff 0.017 outinratio 0.0629 

WminusH126_4l_dphijj_genbin0_recobin2 acc 0.1933 eff 0.0169 outinratio 0.0408 

WplusH126_4l_dphijj_genbin0_recobin2 acc 0.1735 eff 0.0173 outinratio 0.0387 

ZH126_4l_dphijj_genbin0_recobin2 acc 0.1831 eff 0.018 outinratio 0.073 

ttH126_4l_dphijj_genbin0_recobin2 acc 0.0081 eff 0.0303 outinratio 0.1501 

ggH126_4l_dphijj_genbin1_recobin2 acc 0.0111 eff 0.0118 outinratio 0.0628 

VBFH126_4l_dphijj_genbin1_recobin2 acc 0.0705 eff 0.0176 outinratio 0.0629 

WminusH126_4l_dphijj_genbin1_recobin2 acc 0.0345 eff 0.0256 outinratio 0.0408 

WplusH126_4l_dphijj_genbin1_recobin2 acc 0.0287 eff 0.0134 outinratio 0.0387 

ZH126_4l_dphijj_genbin1_recobin2 acc 0.0355 eff 0.0236 outinratio 0.073 

ttH126_4l_dphijj_genbin1_recobin2 acc 0.0978 eff 0.0329 outinratio 0.1501 

ggH126_4l_dphijj_genbin2_recobin2 acc 0.0132 eff 0.3092 outinratio 0.0628 

VBFH126_4l_dphijj_genbin2_recobin2 acc 0.0523 eff 0.4539 outinratio 0.0629 

WminusH126_4l_dphijj_genbin2_recobin2 acc 0.0454 eff 0.4443 outinratio 0.0408 

WplusH126_4l_dphijj_genbin2_recobin2 acc 0.0419 eff 0.4626 outinratio 0.0387 

ZH126_4l_dphijj_genbin2_recobin2 acc 0.0419 eff 0.454 outinratio 0.073 

ttH126_4l_dphijj_genbin2_recobin2 acc 0.0567 eff 0.3695 outinratio 0.1501 

ggH126_4l_dphijj_genbin3_recobin2 acc 0.0137 eff 0.0154 outinratio 0.0628 

VBFH126_4l_dphijj_genbin3_recobin2 acc 0.0558 eff 0.0199 outinratio 0.0629 

WminusH126_4l_dphijj_genbin3_recobin2 acc 0.0437 eff 0.0292 outinratio 0.0408 

WplusH126_4l_dphijj_genbin3_recobin2 acc 0.0398 eff 0.0382 outinratio 0.0387 

ZH126_4l_dphijj_genbin3_recobin2 acc 0.0433 eff 0.0359 outinratio 0.073 

ttH126_4l_dphijj_genbin3_recobin2 acc 0.057 eff 0.0392 outinratio 0.1501 

ggH126_4l_dphijj_genbin4_recobin2 acc 0.0109 eff 0.0534 outinratio 0.0628 

VBFH126_4l_dphijj_genbin4_recobin2 acc 0.0664 eff 0.0033 outinratio 0.0629 

WminusH126_4l_dphijj_genbin4_recobin2 acc 0.0315 eff 0.0181 outinratio 0.0408 

WplusH126_4l_dphijj_genbin4_recobin2 acc 0.0301 eff 0.0164 outinratio 0.0387 

ZH126_4l_dphijj_genbin4_recobin2 acc 0.0374 eff 0.0149 outinratio 0.073 

ttH126_4l_dphijj_genbin4_recobin2 acc 0.0976 eff 0.0301 outinratio 0.1501 

ggH126_4l_dphijj_genbin0_recobin3 acc 0.3598 eff 0.0075 outinratio 0.0314 

VBFH126_4l_dphijj_genbin0_recobin3 acc 0.2101 eff 0.0186 outinratio 0.0374 

WminusH126_4l_dphijj_genbin0_recobin3 acc 0.1933 eff 0.0198 outinratio 0.0675 

WplusH126_4l_dphijj_genbin0_recobin3 acc 0.1735 eff 0.0177 outinratio 0.0354 

ZH126_4l_dphijj_genbin0_recobin3 acc 0.1831 eff 0.0161 outinratio 0.0542 

ttH126_4l_dphijj_genbin0_recobin3 acc 0.0081 eff 0.0708 outinratio 0.1422 

ggH126_4l_dphijj_genbin1_recobin3 acc 0.0111 eff 0.0165 outinratio 0.0314 

VBFH126_4l_dphijj_genbin1_recobin3 acc 0.0705 eff 0.002 outinratio 0.0374 

WminusH126_4l_dphijj_genbin1_recobin3 acc 0.0345 eff 0.0214 outinratio 0.0675 

WplusH126_4l_dphijj_genbin1_recobin3 acc 0.0287 eff 0.0239 outinratio 0.0354 

ZH126_4l_dphijj_genbin1_recobin3 acc 0.0355 eff 0.016 outinratio 0.0542 

ttH126_4l_dphijj_genbin1_recobin3 acc 0.0978 eff 0.0289 outinratio 0.1422 

ggH126_4l_dphijj_genbin2_recobin3 acc 0.0132 eff 0.0146 outinratio 0.0314 

VBFH126_4l_dphijj_genbin2_recobin3 acc 0.0523 eff 0.0278 outinratio 0.0374 

WminusH126_4l_dphijj_genbin2_recobin3 acc 0.0454 eff 0.0281 outinratio 0.0675 

WplusH126_4l_dphijj_genbin2_recobin3 acc 0.0419 eff 0.0409 outinratio 0.0354 

ZH126_4l_dphijj_genbin2_recobin3 acc 0.0419 eff 0.0305 outinratio 0.0542 

ttH126_4l_dphijj_genbin2_recobin3 acc 0.0567 eff 0.0408 outinratio 0.1422 

ggH126_4l_dphijj_genbin3_recobin3 acc 0.0137 eff 0.5341 outinratio 0.0314 

VBFH126_4l_dphijj_genbin3_recobin3 acc 0.0558 eff 0.4329 outinratio 0.0374 

WminusH126_4l_dphijj_genbin3_recobin3 acc 0.0437 eff 0.4292 outinratio 0.0675 

WplusH126_4l_dphijj_genbin3_recobin3 acc 0.0398 eff 0.4266 outinratio 0.0354 

ZH126_4l_dphijj_genbin3_recobin3 acc 0.0433 eff 0.4842 outinratio 0.0542 

ttH126_4l_dphijj_genbin3_recobin3 acc 0.057 eff 0.3788 outinratio 0.1422 

ggH126_4l_dphijj_genbin4_recobin3 acc 0.0109 eff 0.0225 outinratio 0.0314 

VBFH126_4l_dphijj_genbin4_recobin3 acc 0.0664 eff 0.0061 outinratio 0.0374 

WminusH126_4l_dphijj_genbin4_recobin3 acc 0.0315 eff 0.0181 outinratio 0.0675 

WplusH126_4l_dphijj_genbin4_recobin3 acc 0.0301 eff 0.0273 outinratio 0.0354 

ZH126_4l_dphijj_genbin4_recobin3 acc 0.0374 eff 0.0379 outinratio 0.0542 

ttH126_4l_dphijj_genbin4_recobin3 acc 0.0976 eff 0.0302 outinratio 0.1422 

ggH126_4l_dphijj_genbin0_recobin4 acc 0.3598 eff 0.005 outinratio 0.0646 

VBFH126_4l_dphijj_genbin0_recobin4 acc 0.2101 eff 0.0334 outinratio 0.0496 

WminusH126_4l_dphijj_genbin0_recobin4 acc 0.1933 eff 0.0218 outinratio 0.0972 

WplusH126_4l_dphijj_genbin0_recobin4 acc 0.1735 eff 0.0235 outinratio 0.0846 

ZH126_4l_dphijj_genbin0_recobin4 acc 0.1831 eff 0.02 outinratio 0.1146 

ttH126_4l_dphijj_genbin0_recobin4 acc 0.0081 eff 0.1096 outinratio 0.1838 

ggH126_4l_dphijj_genbin1_recobin4 acc 0.0111 eff 0.0255 outinratio 0.0646 

VBFH126_4l_dphijj_genbin1_recobin4 acc 0.0705 eff 0.016 outinratio 0.0496 

WminusH126_4l_dphijj_genbin1_recobin4 acc 0.0345 eff 0.0489 outinratio 0.0972 

WplusH126_4l_dphijj_genbin1_recobin4 acc 0.0287 eff 0.0482 outinratio 0.0846 

ZH126_4l_dphijj_genbin1_recobin4 acc 0.0355 eff 0.0319 outinratio 0.1146 

ttH126_4l_dphijj_genbin1_recobin4 acc 0.0978 eff 0.0515 outinratio 0.1838 

ggH126_4l_dphijj_genbin2_recobin4 acc 0.0132 eff 0.0335 outinratio 0.0646 

VBFH126_4l_dphijj_genbin2_recobin4 acc 0.0523 eff 0.0078 outinratio 0.0496 

WminusH126_4l_dphijj_genbin2_recobin4 acc 0.0454 eff 0.0171 outinratio 0.0972 

WplusH126_4l_dphijj_genbin2_recobin4 acc 0.0419 eff 0.0173 outinratio 0.0846 

ZH126_4l_dphijj_genbin2_recobin4 acc 0.0419 eff 0.0179 outinratio 0.1146 

ttH126_4l_dphijj_genbin2_recobin4 acc 0.0567 eff 0.0663 outinratio 0.1838 

ggH126_4l_dphijj_genbin3_recobin4 acc 0.0137 eff 0.0103 outinratio 0.0646 

VBFH126_4l_dphijj_genbin3_recobin4 acc 0.0558 eff 0.0129 outinratio 0.0496 

WminusH126_4l_dphijj_genbin3_recobin4 acc 0.0437 eff 0.018 outinratio 0.0972 

WplusH126_4l_dphijj_genbin3_recobin4 acc 0.0398 eff 0.0119 outinratio 0.0846 

ZH126_4l_dphijj_genbin3_recobin4 acc 0.0433 eff 0.0187 outinratio 0.1146 

ttH126_4l_dphijj_genbin3_recobin4 acc 0.057 eff 0.0619 outinratio 0.1838 

ggH126_4l_dphijj_genbin4_recobin4 acc 0.0109 eff 0.3979 outinratio 0.0646 

VBFH126_4l_dphijj_genbin4_recobin4 acc 0.0664 eff 0.4537 outinratio 0.0496 

WminusH126_4l_dphijj_genbin4_recobin4 acc 0.0315 eff 0.4024 outinratio 0.0972 

WplusH126_4l_dphijj_genbin4_recobin4 acc 0.0301 eff 0.3787 outinratio 0.0846 

ZH126_4l_dphijj_genbin4_recobin4 acc 0.0374 eff 0.4263 outinratio 0.1146 

ttH126_4l_dphijj_genbin4_recobin4 acc 0.0976 eff 0.4079 outinratio 0.1838 

ggH126_4e_dphijj_genbin0_recobin0 acc 0.3244 eff 0.2902 outinratio 0.0592 

VBFH126_4e_dphijj_genbin0_recobin0 acc 0.1874 eff 0.2807 outinratio 0.0392 

WminusH126_4e_dphijj_genbin0_recobin0 acc 0.1808 eff 0.2995 outinratio 0.0746 

WplusH126_4e_dphijj_genbin0_recobin0 acc 0.1649 eff 0.2639 outinratio 0.0897 

ZH126_4e_dphijj_genbin0_recobin0 acc 0.1706 eff 0.2589 outinratio 0.0522 

ttH126_4e_dphijj_genbin0_recobin0 acc 0.0092 eff 0.1237 outinratio 0.1479 

ggH126_4e_dphijj_genbin1_recobin0 acc 0.011 eff 0.1913 outinratio 0.0592 

VBFH126_4e_dphijj_genbin1_recobin0 acc 0.0699 eff 0.072 outinratio 0.0392 

WminusH126_4e_dphijj_genbin1_recobin0 acc 0.0332 eff 0.0334 outinratio 0.0746 

WplusH126_4e_dphijj_genbin1_recobin0 acc 0.0265 eff 0.0397 outinratio 0.0897 

ZH126_4e_dphijj_genbin1_recobin0 acc 0.0391 eff 0.0388 outinratio 0.0522 

ttH126_4e_dphijj_genbin1_recobin0 acc 0.0965 eff 0.0014 outinratio 0.1479 

ggH126_4e_dphijj_genbin2_recobin0 acc 0.0189 eff 0.112 outinratio 0.0592 

VBFH126_4e_dphijj_genbin2_recobin0 acc 0.0548 eff 0.0286 outinratio 0.0392 

WminusH126_4e_dphijj_genbin2_recobin0 acc 0.051 eff 0.0231 outinratio 0.0746 

WplusH126_4e_dphijj_genbin2_recobin0 acc 0.0444 eff 0.0483 outinratio 0.0897 

ZH126_4e_dphijj_genbin2_recobin0 acc 0.0484 eff 0.0314 outinratio 0.0522 

ttH126_4e_dphijj_genbin2_recobin0 acc 0.0524 eff 0.0019 outinratio 0.1479 

ggH126_4e_dphijj_genbin3_recobin0 acc 0.0157 eff 0.031 outinratio 0.0592 

VBFH126_4e_dphijj_genbin3_recobin0 acc 0.0583 eff 0.0997 outinratio 0.0392 

WminusH126_4e_dphijj_genbin3_recobin0 acc 0.0437 eff 0.0315 outinratio 0.0746 

WplusH126_4e_dphijj_genbin3_recobin0 acc 0.0361 eff 0.0384 outinratio 0.0897 

ZH126_4e_dphijj_genbin3_recobin0 acc 0.0404 eff 0.0271 outinratio 0.0522 

ttH126_4e_dphijj_genbin3_recobin0 acc 0.0576 eff 0.0013 outinratio 0.1479 

ggH126_4e_dphijj_genbin4_recobin0 acc 0.0134 eff 0.1003 outinratio 0.0592 

VBFH126_4e_dphijj_genbin4_recobin0 acc 0.0601 eff 0.0439 outinratio 0.0392 

WminusH126_4e_dphijj_genbin4_recobin0 acc 0.0282 eff 0.0718 outinratio 0.0746 

WplusH126_4e_dphijj_genbin4_recobin0 acc 0.0273 eff 0.0164 outinratio 0.0897 

ZH126_4e_dphijj_genbin4_recobin0 acc 0.0349 eff 0.0225 outinratio 0.0522 

ttH126_4e_dphijj_genbin4_recobin0 acc 0.0961 eff 0.0036 outinratio 0.1479 

ggH126_4e_dphijj_genbin0_recobin1 acc 0.3244 eff 0.0069 outinratio 0.0 

VBFH126_4e_dphijj_genbin0_recobin1 acc 0.1874 eff 0.0145 outinratio 0.0272 

WminusH126_4e_dphijj_genbin0_recobin1 acc 0.1808 eff 0.0147 outinratio 0.0724 

WplusH126_4e_dphijj_genbin0_recobin1 acc 0.1649 eff 0.018 outinratio 0.1062 

ZH126_4e_dphijj_genbin0_recobin1 acc 0.1706 eff 0.0089 outinratio 0.0712 

ttH126_4e_dphijj_genbin0_recobin1 acc 0.0092 eff 0.0358 outinratio 0.2029 

ggH126_4e_dphijj_genbin1_recobin1 acc 0.011 eff 0.2208 outinratio 0.0 

VBFH126_4e_dphijj_genbin1_recobin1 acc 0.0699 eff 0.2798 outinratio 0.0272 

WminusH126_4e_dphijj_genbin1_recobin1 acc 0.0332 eff 0.3001 outinratio 0.0724 

WplusH126_4e_dphijj_genbin1_recobin1 acc 0.0265 eff 0.2444 outinratio 0.1062 

ZH126_4e_dphijj_genbin1_recobin1 acc 0.0391 eff 0.2212 outinratio 0.0712 

ttH126_4e_dphijj_genbin1_recobin1 acc 0.0965 eff 0.2774 outinratio 0.2029 

ggH126_4e_dphijj_genbin2_recobin1 acc 0.0189 eff 0.0311 outinratio 0.0 

VBFH126_4e_dphijj_genbin2_recobin1 acc 0.0548 eff 0.0049 outinratio 0.0272 

WminusH126_4e_dphijj_genbin2_recobin1 acc 0.051 eff 0.0071 outinratio 0.0724 

WplusH126_4e_dphijj_genbin2_recobin1 acc 0.0444 eff 0.025 outinratio 0.1062 

ZH126_4e_dphijj_genbin2_recobin1 acc 0.0484 eff 0.0111 outinratio 0.0712 

ttH126_4e_dphijj_genbin2_recobin1 acc 0.0524 eff 0.0351 outinratio 0.2029 

ggH126_4e_dphijj_genbin3_recobin1 acc 0.0157 eff 0.0 outinratio 0.0 

VBFH126_4e_dphijj_genbin3_recobin1 acc 0.0583 eff 0.0 outinratio 0.0272 

WminusH126_4e_dphijj_genbin3_recobin1 acc 0.0437 eff 0.0216 outinratio 0.0724 

WplusH126_4e_dphijj_genbin3_recobin1 acc 0.0361 eff 0.0169 outinratio 0.1062 

ZH126_4e_dphijj_genbin3_recobin1 acc 0.0404 eff 0.0072 outinratio 0.0712 

ttH126_4e_dphijj_genbin3_recobin1 acc 0.0576 eff 0.03 outinratio 0.2029 

ggH126_4e_dphijj_genbin4_recobin1 acc 0.0134 eff 0.0853 outinratio 0.0 

VBFH126_4e_dphijj_genbin4_recobin1 acc 0.0601 eff 0.0101 outinratio 0.0272 

WminusH126_4e_dphijj_genbin4_recobin1 acc 0.0282 eff 0.0113 outinratio 0.0724 

WplusH126_4e_dphijj_genbin4_recobin1 acc 0.0273 eff 0.0381 outinratio 0.1062 

ZH126_4e_dphijj_genbin4_recobin1 acc 0.0349 eff 0.0132 outinratio 0.0712 

ttH126_4e_dphijj_genbin4_recobin1 acc 0.0961 eff 0.0275 outinratio 0.2029 

ggH126_4e_dphijj_genbin0_recobin2 acc 0.3244 eff 0.0023 outinratio 0.0 

VBFH126_4e_dphijj_genbin0_recobin2 acc 0.1874 eff 0.0091 outinratio 0.059 

WminusH126_4e_dphijj_genbin0_recobin2 acc 0.1808 eff 0.0076 outinratio 0.0115 

WplusH126_4e_dphijj_genbin0_recobin2 acc 0.1649 eff 0.0112 outinratio 0.0674 

ZH126_4e_dphijj_genbin0_recobin2 acc 0.1706 eff 0.0069 outinratio 0.0206 

ttH126_4e_dphijj_genbin0_recobin2 acc 0.0092 eff 0.0167 outinratio 0.1701 

ggH126_4e_dphijj_genbin1_recobin2 acc 0.011 eff 0.0431 outinratio 0.0 

VBFH126_4e_dphijj_genbin1_recobin2 acc 0.0699 eff 0.0047 outinratio 0.059 

WminusH126_4e_dphijj_genbin1_recobin2 acc 0.0332 eff 0.0043 outinratio 0.0115 

WplusH126_4e_dphijj_genbin1_recobin2 acc 0.0265 eff 0.0134 outinratio 0.0674 

ZH126_4e_dphijj_genbin1_recobin2 acc 0.0391 eff 0.0312 outinratio 0.0206 

ttH126_4e_dphijj_genbin1_recobin2 acc 0.0965 eff 0.0195 outinratio 0.1701 

ggH126_4e_dphijj_genbin2_recobin2 acc 0.0189 eff 0.2548 outinratio 0.0 

VBFH126_4e_dphijj_genbin2_recobin2 acc 0.0548 eff 0.3527 outinratio 0.059 

WminusH126_4e_dphijj_genbin2_recobin2 acc 0.051 eff 0.2829 outinratio 0.0115 

WplusH126_4e_dphijj_genbin2_recobin2 acc 0.0444 eff 0.2762 outinratio 0.0674 

ZH126_4e_dphijj_genbin2_recobin2 acc 0.0484 eff 0.2389 outinratio 0.0206 

ttH126_4e_dphijj_genbin2_recobin2 acc 0.0524 eff 0.2434 outinratio 0.1701 

ggH126_4e_dphijj_genbin3_recobin2 acc 0.0157 eff 0.0 outinratio 0.0 

VBFH126_4e_dphijj_genbin3_recobin2 acc 0.0583 eff 0.0092 outinratio 0.059 

WminusH126_4e_dphijj_genbin3_recobin2 acc 0.0437 eff 0.0187 outinratio 0.0115 

WplusH126_4e_dphijj_genbin3_recobin2 acc 0.0361 eff 0.0299 outinratio 0.0674 

ZH126_4e_dphijj_genbin3_recobin2 acc 0.0404 eff 0.0158 outinratio 0.0206 

ttH126_4e_dphijj_genbin3_recobin2 acc 0.0576 eff 0.0273 outinratio 0.1701 

ggH126_4e_dphijj_genbin4_recobin2 acc 0.0134 eff 0.0 outinratio 0.0 

VBFH126_4e_dphijj_genbin4_recobin2 acc 0.0601 eff 0.0 outinratio 0.059 

WminusH126_4e_dphijj_genbin4_recobin2 acc 0.0282 eff 0.0316 outinratio 0.0115 

WplusH126_4e_dphijj_genbin4_recobin2 acc 0.0273 eff 0.0059 outinratio 0.0674 

ZH126_4e_dphijj_genbin4_recobin2 acc 0.0349 eff 0.0164 outinratio 0.0206 

ttH126_4e_dphijj_genbin4_recobin2 acc 0.0961 eff 0.0139 outinratio 0.1701 

ggH126_4e_dphijj_genbin0_recobin3 acc 0.3244 eff 0.005 outinratio 0.0 

VBFH126_4e_dphijj_genbin0_recobin3 acc 0.1874 eff 0.0085 outinratio 0.0136 

WminusH126_4e_dphijj_genbin0_recobin3 acc 0.1808 eff 0.0091 outinratio 0.0778 

WplusH126_4e_dphijj_genbin0_recobin3 acc 0.1649 eff 0.0069 outinratio 0.0234 

ZH126_4e_dphijj_genbin0_recobin3 acc 0.1706 eff 0.0141 outinratio 0.0621 

ttH126_4e_dphijj_genbin0_recobin3 acc 0.0092 eff 0.0316 outinratio 0.1606 

ggH126_4e_dphijj_genbin1_recobin3 acc 0.011 eff 0.0 outinratio 0.0 

VBFH126_4e_dphijj_genbin1_recobin3 acc 0.0699 eff 0.0 outinratio 0.0136 

WminusH126_4e_dphijj_genbin1_recobin3 acc 0.0332 eff 0.009 outinratio 0.0778 

WplusH126_4e_dphijj_genbin1_recobin3 acc 0.0265 eff 0.0039 outinratio 0.0234 

ZH126_4e_dphijj_genbin1_recobin3 acc 0.0391 eff 0.0067 outinratio 0.0621 

ttH126_4e_dphijj_genbin1_recobin3 acc 0.0965 eff 0.0109 outinratio 0.1606 

ggH126_4e_dphijj_genbin2_recobin3 acc 0.0189 eff 0.0 outinratio 0.0 

VBFH126_4e_dphijj_genbin2_recobin3 acc 0.0548 eff 0.0385 outinratio 0.0136 

WminusH126_4e_dphijj_genbin2_recobin3 acc 0.051 eff 0.0249 outinratio 0.0778 

WplusH126_4e_dphijj_genbin2_recobin3 acc 0.0444 eff 0.0207 outinratio 0.0234 

ZH126_4e_dphijj_genbin2_recobin3 acc 0.0484 eff 0.0135 outinratio 0.0621 

ttH126_4e_dphijj_genbin2_recobin3 acc 0.0524 eff 0.0308 outinratio 0.1606 

ggH126_4e_dphijj_genbin3_recobin3 acc 0.0157 eff 0.5274 outinratio 0.0 

VBFH126_4e_dphijj_genbin3_recobin3 acc 0.0583 eff 0.2724 outinratio 0.0136 

WminusH126_4e_dphijj_genbin3_recobin3 acc 0.0437 eff 0.2797 outinratio 0.0778 

WplusH126_4e_dphijj_genbin3_recobin3 acc 0.0361 eff 0.2797 outinratio 0.0234 

ZH126_4e_dphijj_genbin3_recobin3 acc 0.0404 eff 0.3121 outinratio 0.0621 

ttH126_4e_dphijj_genbin3_recobin3 acc 0.0576 eff 0.2502 outinratio 0.1606 

ggH126_4e_dphijj_genbin4_recobin3 acc 0.0134 eff 0.0 outinratio 0.0 

VBFH126_4e_dphijj_genbin4_recobin3 acc 0.0601 eff 0.0 outinratio 0.0136 

WminusH126_4e_dphijj_genbin4_recobin3 acc 0.0282 eff 0.0071 outinratio 0.0778 

WplusH126_4e_dphijj_genbin4_recobin3 acc 0.0273 eff 0.0466 outinratio 0.0234 

ZH126_4e_dphijj_genbin4_recobin3 acc 0.0349 eff 0.0229 outinratio 0.0621 

ttH126_4e_dphijj_genbin4_recobin3 acc 0.0961 eff 0.0184 outinratio 0.1606 

ggH126_4e_dphijj_genbin0_recobin4 acc 0.3244 eff 0.0016 outinratio 0.0 

VBFH126_4e_dphijj_genbin0_recobin4 acc 0.1874 eff 0.011 outinratio 0.1381 

WminusH126_4e_dphijj_genbin0_recobin4 acc 0.1808 eff 0.011 outinratio 0.1476 

WplusH126_4e_dphijj_genbin0_recobin4 acc 0.1649 eff 0.0066 outinratio 0.0158 

ZH126_4e_dphijj_genbin0_recobin4 acc 0.1706 eff 0.0121 outinratio 0.1194 

ttH126_4e_dphijj_genbin0_recobin4 acc 0.0092 eff 0.0635 outinratio 0.2372 

ggH126_4e_dphijj_genbin1_recobin4 acc 0.011 eff 0.0929 outinratio 0.0 

VBFH126_4e_dphijj_genbin1_recobin4 acc 0.0699 eff 0.0095 outinratio 0.1381 

WminusH126_4e_dphijj_genbin1_recobin4 acc 0.0332 eff 0.008 outinratio 0.1476 

WplusH126_4e_dphijj_genbin1_recobin4 acc 0.0265 eff 0.0408 outinratio 0.0158 

ZH126_4e_dphijj_genbin1_recobin4 acc 0.0391 eff 0.0036 outinratio 0.1194 

ttH126_4e_dphijj_genbin1_recobin4 acc 0.0965 eff 0.0339 outinratio 0.2372 

ggH126_4e_dphijj_genbin2_recobin4 acc 0.0189 eff 0.0 outinratio 0.0 

VBFH126_4e_dphijj_genbin2_recobin4 acc 0.0548 eff 0.0 outinratio 0.1381 

WminusH126_4e_dphijj_genbin2_recobin4 acc 0.051 eff 0.0058 outinratio 0.1476 

WplusH126_4e_dphijj_genbin2_recobin4 acc 0.0444 eff 0.0058 outinratio 0.0158 

ZH126_4e_dphijj_genbin2_recobin4 acc 0.0484 eff 0.0028 outinratio 0.1194 

ttH126_4e_dphijj_genbin2_recobin4 acc 0.0524 eff 0.05 outinratio 0.2372 

ggH126_4e_dphijj_genbin3_recobin4 acc 0.0157 eff 0.0 outinratio 0.0 

VBFH126_4e_dphijj_genbin3_recobin4 acc 0.0583 eff 0.0 outinratio 0.1381 

WminusH126_4e_dphijj_genbin3_recobin4 acc 0.0437 eff 0.0124 outinratio 0.1476 

WplusH126_4e_dphijj_genbin3_recobin4 acc 0.0361 eff 0.015 outinratio 0.0158 

ZH126_4e_dphijj_genbin3_recobin4 acc 0.0404 eff 0.0145 outinratio 0.1194 

ttH126_4e_dphijj_genbin3_recobin4 acc 0.0576 eff 0.0277 outinratio 0.2372 

ggH126_4e_dphijj_genbin4_recobin4 acc 0.0134 eff 0.1959 outinratio 0.0 

VBFH126_4e_dphijj_genbin4_recobin4 acc 0.0601 eff 0.2746 outinratio 0.1381 

WminusH126_4e_dphijj_genbin4_recobin4 acc 0.0282 eff 0.2292 outinratio 0.1476 

WplusH126_4e_dphijj_genbin4_recobin4 acc 0.0273 eff 0.2589 outinratio 0.0158 

ZH126_4e_dphijj_genbin4_recobin4 acc 0.0349 eff 0.2308 outinratio 0.1194 

ttH126_4e_dphijj_genbin4_recobin4 acc 0.0961 eff 0.2564 outinratio 0.2372 

ggH126_4mu_dphijj_genbin0_recobin0 acc 0.4007 eff 0.7453 outinratio 0.0422 

VBFH126_4mu_dphijj_genbin0_recobin0 acc 0.2453 eff 0.6586 outinratio 0.0252 

WminusH126_4mu_dphijj_genbin0_recobin0 acc 0.2118 eff 0.6809 outinratio 0.0646 

WplusH126_4mu_dphijj_genbin0_recobin0 acc 0.1806 eff 0.6875 outinratio 0.0346 

ZH126_4mu_dphijj_genbin0_recobin0 acc 0.187 eff 0.6757 outinratio 0.085 

ttH126_4mu_dphijj_genbin0_recobin0 acc 0.0086 eff 0.308 outinratio 0.0957 

ggH126_4mu_dphijj_genbin1_recobin0 acc 0.0144 eff 0.1828 outinratio 0.0422 

VBFH126_4mu_dphijj_genbin1_recobin0 acc 0.0818 eff 0.1676 outinratio 0.0252 

WminusH126_4mu_dphijj_genbin1_recobin0 acc 0.0362 eff 0.0702 outinratio 0.0646 

WplusH126_4mu_dphijj_genbin1_recobin0 acc 0.0315 eff 0.012 outinratio 0.0346 

ZH126_4mu_dphijj_genbin1_recobin0 acc 0.0351 eff 0.0723 outinratio 0.085 

ttH126_4mu_dphijj_genbin1_recobin0 acc 0.1061 eff 0.006 outinratio 0.0957 

ggH126_4mu_dphijj_genbin2_recobin0 acc 0.0118 eff 0.1228 outinratio 0.0422 

VBFH126_4mu_dphijj_genbin2_recobin0 acc 0.0518 eff 0.1286 outinratio 0.0252 

WminusH126_4mu_dphijj_genbin2_recobin0 acc 0.0459 eff 0.0759 outinratio 0.0646 

WplusH126_4mu_dphijj_genbin2_recobin0 acc 0.0482 eff 0.056 outinratio 0.0346 

ZH126_4mu_dphijj_genbin2_recobin0 acc 0.0491 eff 0.0769 outinratio 0.085 

ttH126_4mu_dphijj_genbin2_recobin0 acc 0.0595 eff 0.0132 outinratio 0.0957 

ggH126_4mu_dphijj_genbin3_recobin0 acc 0.0161 eff 0.0154 outinratio 0.0422 

VBFH126_4mu_dphijj_genbin3_recobin0 acc 0.0535 eff 0.1053 outinratio 0.0252 

WminusH126_4mu_dphijj_genbin3_recobin0 acc 0.0457 eff 0.0882 outinratio 0.0646 

WplusH126_4mu_dphijj_genbin3_recobin0 acc 0.0426 eff 0.074 outinratio 0.0346 

ZH126_4mu_dphijj_genbin3_recobin0 acc 0.0427 eff 0.0581 outinratio 0.085 

ttH126_4mu_dphijj_genbin3_recobin0 acc 0.0607 eff 0.01 outinratio 0.0957 

ggH126_4mu_dphijj_genbin4_recobin0 acc 0.0135 eff 0.1703 outinratio 0.0422 

VBFH126_4mu_dphijj_genbin4_recobin0 acc 0.0648 eff 0.0658 outinratio 0.0252 

WminusH126_4mu_dphijj_genbin4_recobin0 acc 0.0329 eff 0.075 outinratio 0.0646 

WplusH126_4mu_dphijj_genbin4_recobin0 acc 0.0376 eff 0.0848 outinratio 0.0346 

ZH126_4mu_dphijj_genbin4_recobin0 acc 0.0419 eff 0.0733 outinratio 0.085 

ttH126_4mu_dphijj_genbin4_recobin0 acc 0.1055 eff 0.0073 outinratio 0.0957 

ggH126_4mu_dphijj_genbin0_recobin1 acc 0.4007 eff 0.014 outinratio 0.0867 

VBFH126_4mu_dphijj_genbin0_recobin1 acc 0.2453 eff 0.0318 outinratio 0.0728 

WminusH126_4mu_dphijj_genbin0_recobin1 acc 0.2118 eff 0.0241 outinratio 0.0856 

WplusH126_4mu_dphijj_genbin0_recobin1 acc 0.1806 eff 0.0399 outinratio 0.0937 

ZH126_4mu_dphijj_genbin0_recobin1 acc 0.187 eff 0.0406 outinratio 0.0669 

ttH126_4mu_dphijj_genbin0_recobin1 acc 0.0086 eff 0.1246 outinratio 0.1317 

ggH126_4mu_dphijj_genbin1_recobin1 acc 0.0144 eff 0.5553 outinratio 0.0867 

VBFH126_4mu_dphijj_genbin1_recobin1 acc 0.0818 eff 0.6115 outinratio 0.0728 

WminusH126_4mu_dphijj_genbin1_recobin1 acc 0.0362 eff 0.4836 outinratio 0.0856 

WplusH126_4mu_dphijj_genbin1_recobin1 acc 0.0315 eff 0.7053 outinratio 0.0937 

ZH126_4mu_dphijj_genbin1_recobin1 acc 0.0351 eff 0.5994 outinratio 0.0669 

ttH126_4mu_dphijj_genbin1_recobin1 acc 0.1061 eff 0.5833 outinratio 0.1317 

ggH126_4mu_dphijj_genbin2_recobin1 acc 0.0118 eff 0.0 outinratio 0.0867 

VBFH126_4mu_dphijj_genbin2_recobin1 acc 0.0518 eff 0.014 outinratio 0.0728 

WminusH126_4mu_dphijj_genbin2_recobin1 acc 0.0459 eff 0.0158 outinratio 0.0856 

WplusH126_4mu_dphijj_genbin2_recobin1 acc 0.0482 eff 0.0114 outinratio 0.0937 

ZH126_4mu_dphijj_genbin2_recobin1 acc 0.0491 eff 0.0288 outinratio 0.0669 

ttH126_4mu_dphijj_genbin2_recobin1 acc 0.0595 eff 0.0927 outinratio 0.1317 

ggH126_4mu_dphijj_genbin3_recobin1 acc 0.0161 eff 0.0 outinratio 0.0867 

VBFH126_4mu_dphijj_genbin3_recobin1 acc 0.0535 eff 0.0142 outinratio 0.0728 

WminusH126_4mu_dphijj_genbin3_recobin1 acc 0.0457 eff 0.0489 outinratio 0.0856 

WplusH126_4mu_dphijj_genbin3_recobin1 acc 0.0426 eff 0.0322 outinratio 0.0937 

ZH126_4mu_dphijj_genbin3_recobin1 acc 0.0427 eff 0.0237 outinratio 0.0669 

ttH126_4mu_dphijj_genbin3_recobin1 acc 0.0607 eff 0.0936 outinratio 0.1317 

ggH126_4mu_dphijj_genbin4_recobin1 acc 0.0135 eff 0.0976 outinratio 0.0867 

VBFH126_4mu_dphijj_genbin4_recobin1 acc 0.0648 eff 0.0398 outinratio 0.0728 

WminusH126_4mu_dphijj_genbin4_recobin1 acc 0.0329 eff 0.0963 outinratio 0.0856 

WplusH126_4mu_dphijj_genbin4_recobin1 acc 0.0376 eff 0.0409 outinratio 0.0937 

ZH126_4mu_dphijj_genbin4_recobin1 acc 0.0419 eff 0.057 outinratio 0.0669 

ttH126_4mu_dphijj_genbin4_recobin1 acc 0.1055 eff 0.084 outinratio 0.1317 

ggH126_4mu_dphijj_genbin0_recobin2 acc 0.4007 eff 0.0071 outinratio 0.176 

VBFH126_4mu_dphijj_genbin0_recobin2 acc 0.2453 eff 0.0251 outinratio 0.0707 

WminusH126_4mu_dphijj_genbin0_recobin2 acc 0.2118 eff 0.0186 outinratio 0.0428 

WplusH126_4mu_dphijj_genbin0_recobin2 acc 0.1806 eff 0.0369 outinratio 0.0303 

ZH126_4mu_dphijj_genbin0_recobin2 acc 0.187 eff 0.0312 outinratio 0.1054 

ttH126_4mu_dphijj_genbin0_recobin2 acc 0.0086 eff 0.0575 outinratio 0.1352 

ggH126_4mu_dphijj_genbin1_recobin2 acc 0.0144 eff 0.0 outinratio 0.176 

VBFH126_4mu_dphijj_genbin1_recobin2 acc 0.0818 eff 0.0268 outinratio 0.0707 

WminusH126_4mu_dphijj_genbin1_recobin2 acc 0.0362 eff 0.0467 outinratio 0.0428 

WplusH126_4mu_dphijj_genbin1_recobin2 acc 0.0315 eff 0.0259 outinratio 0.0303 

ZH126_4mu_dphijj_genbin1_recobin2 acc 0.0351 eff 0.0292 outinratio 0.1054 

ttH126_4mu_dphijj_genbin1_recobin2 acc 0.1061 eff 0.0439 outinratio 0.1352 

ggH126_4mu_dphijj_genbin2_recobin2 acc 0.0118 eff 0.5446 outinratio 0.176 

VBFH126_4mu_dphijj_genbin2_recobin2 acc 0.0518 eff 0.6314 outinratio 0.0707 

WminusH126_4mu_dphijj_genbin2_recobin2 acc 0.0459 eff 0.674 outinratio 0.0428 

WplusH126_4mu_dphijj_genbin2_recobin2 acc 0.0482 eff 0.6487 outinratio 0.0303 

ZH126_4mu_dphijj_genbin2_recobin2 acc 0.0491 eff 0.6695 outinratio 0.1054 

ttH126_4mu_dphijj_genbin2_recobin2 acc 0.0595 eff 0.5329 outinratio 0.1352 

ggH126_4mu_dphijj_genbin3_recobin2 acc 0.0161 eff 0.0 outinratio 0.176 

VBFH126_4mu_dphijj_genbin3_recobin2 acc 0.0535 eff 0.0353 outinratio 0.0707 

WminusH126_4mu_dphijj_genbin3_recobin2 acc 0.0457 eff 0.0291 outinratio 0.0428 

WplusH126_4mu_dphijj_genbin3_recobin2 acc 0.0426 eff 0.0427 outinratio 0.0303 

ZH126_4mu_dphijj_genbin3_recobin2 acc 0.0427 eff 0.0696 outinratio 0.1054 

ttH126_4mu_dphijj_genbin3_recobin2 acc 0.0607 eff 0.0566 outinratio 0.1352 

ggH126_4mu_dphijj_genbin4_recobin2 acc 0.0135 eff 0.0 outinratio 0.176 

VBFH126_4mu_dphijj_genbin4_recobin2 acc 0.0648 eff 0.0075 outinratio 0.0707 

WminusH126_4mu_dphijj_genbin4_recobin2 acc 0.0329 eff 0.0189 outinratio 0.0428 

WplusH126_4mu_dphijj_genbin4_recobin2 acc 0.0376 eff 0.0257 outinratio 0.0303 

ZH126_4mu_dphijj_genbin4_recobin2 acc 0.0419 eff 0.0211 outinratio 0.1054 

ttH126_4mu_dphijj_genbin4_recobin2 acc 0.1055 eff 0.0463 outinratio 0.1352 

ggH126_4mu_dphijj_genbin0_recobin3 acc 0.4007 eff 0.0187 outinratio 0.0311 

VBFH126_4mu_dphijj_genbin0_recobin3 acc 0.2453 eff 0.0319 outinratio 0.0325 

WminusH126_4mu_dphijj_genbin0_recobin3 acc 0.2118 eff 0.0286 outinratio 0.0741 

WplusH126_4mu_dphijj_genbin0_recobin3 acc 0.1806 eff 0.0224 outinratio 0.0137 

ZH126_4mu_dphijj_genbin0_recobin3 acc 0.187 eff 0.0182 outinratio 0.0544 

ttH126_4mu_dphijj_genbin0_recobin3 acc 0.0086 eff 0.0876 outinratio 0.1253 

ggH126_4mu_dphijj_genbin1_recobin3 acc 0.0144 eff 0.0495 outinratio 0.0311 

VBFH126_4mu_dphijj_genbin1_recobin3 acc 0.0818 eff 0.0037 outinratio 0.0325 

WminusH126_4mu_dphijj_genbin1_recobin3 acc 0.0362 eff 0.0472 outinratio 0.0741 

WplusH126_4mu_dphijj_genbin1_recobin3 acc 0.0315 eff 0.0436 outinratio 0.0137 

ZH126_4mu_dphijj_genbin1_recobin3 acc 0.0351 eff 0.0279 outinratio 0.0544 

ttH126_4mu_dphijj_genbin1_recobin3 acc 0.1061 eff 0.0482 outinratio 0.1253 

ggH126_4mu_dphijj_genbin2_recobin3 acc 0.0118 eff 0.0 outinratio 0.0311 

VBFH126_4mu_dphijj_genbin2_recobin3 acc 0.0518 eff 0.0553 outinratio 0.0325 

WminusH126_4mu_dphijj_genbin2_recobin3 acc 0.0459 eff 0.0348 outinratio 0.0741 

WplusH126_4mu_dphijj_genbin2_recobin3 acc 0.0482 eff 0.0668 outinratio 0.0137 

ZH126_4mu_dphijj_genbin2_recobin3 acc 0.0491 eff 0.0431 outinratio 0.0544 

ttH126_4mu_dphijj_genbin2_recobin3 acc 0.0595 eff 0.0559 outinratio 0.1253 

ggH126_4mu_dphijj_genbin3_recobin3 acc 0.0161 eff 0.7282 outinratio 0.0311 

VBFH126_4mu_dphijj_genbin3_recobin3 acc 0.0535 eff 0.591 outinratio 0.0325 

WminusH126_4mu_dphijj_genbin3_recobin3 acc 0.0457 eff 0.602 outinratio 0.0741 

WplusH126_4mu_dphijj_genbin3_recobin3 acc 0.0426 eff 0.5964 outinratio 0.0137 

ZH126_4mu_dphijj_genbin3_recobin3 acc 0.0427 eff 0.7381 outinratio 0.0544 

ttH126_4mu_dphijj_genbin3_recobin3 acc 0.0607 eff 0.5469 outinratio 0.1253 

ggH126_4mu_dphijj_genbin4_recobin3 acc 0.0135 eff 0.0 outinratio 0.0311 

VBFH126_4mu_dphijj_genbin4_recobin3 acc 0.0648 eff 0.0076 outinratio 0.0325 

WminusH126_4mu_dphijj_genbin4_recobin3 acc 0.0329 eff 0.0273 outinratio 0.0741 

WplusH126_4mu_dphijj_genbin4_recobin3 acc 0.0376 eff 0.01 outinratio 0.0137 

ZH126_4mu_dphijj_genbin4_recobin3 acc 0.0419 eff 0.0347 outinratio 0.0544 

ttH126_4mu_dphijj_genbin4_recobin3 acc 0.1055 eff 0.0402 outinratio 0.1253 

ggH126_4mu_dphijj_genbin0_recobin4 acc 0.4007 eff 0.0075 outinratio 0.0 

VBFH126_4mu_dphijj_genbin0_recobin4 acc 0.2453 eff 0.0401 outinratio 0.0516 

WminusH126_4mu_dphijj_genbin0_recobin4 acc 0.2118 eff 0.0307 outinratio 0.0457 

WplusH126_4mu_dphijj_genbin0_recobin4 acc 0.1806 eff 0.0302 outinratio 0.0772 

ZH126_4mu_dphijj_genbin0_recobin4 acc 0.187 eff 0.0232 outinratio 0.1021 

ttH126_4mu_dphijj_genbin0_recobin4 acc 0.0086 eff 0.1603 outinratio 0.1537 

ggH126_4mu_dphijj_genbin1_recobin4 acc 0.0144 eff 0.0 outinratio 0.0 

VBFH126_4mu_dphijj_genbin1_recobin4 acc 0.0818 eff 0.0156 outinratio 0.0516 

WminusH126_4mu_dphijj_genbin1_recobin4 acc 0.0362 eff 0.1048 outinratio 0.0457 

WplusH126_4mu_dphijj_genbin1_recobin4 acc 0.0315 eff 0.0506 outinratio 0.0772 

ZH126_4mu_dphijj_genbin1_recobin4 acc 0.0351 eff 0.047 outinratio 0.1021 

ttH126_4mu_dphijj_genbin1_recobin4 acc 0.1061 eff 0.08 outinratio 0.1537 

ggH126_4mu_dphijj_genbin2_recobin4 acc 0.0118 eff 0.0794 outinratio 0.0 

VBFH126_4mu_dphijj_genbin2_recobin4 acc 0.0518 eff 0.0084 outinratio 0.0516 

WminusH126_4mu_dphijj_genbin2_recobin4 acc 0.0459 eff 0.0243 outinratio 0.0457 

WplusH126_4mu_dphijj_genbin2_recobin4 acc 0.0482 eff 0.0395 outinratio 0.0772 

ZH126_4mu_dphijj_genbin2_recobin4 acc 0.0491 eff 0.0348 outinratio 0.1021 

ttH126_4mu_dphijj_genbin2_recobin4 acc 0.0595 eff 0.0897 outinratio 0.1537 

ggH126_4mu_dphijj_genbin3_recobin4 acc 0.0161 eff 0.0 outinratio 0.0 

VBFH126_4mu_dphijj_genbin3_recobin4 acc 0.0535 eff 0.0309 outinratio 0.0516 

WminusH126_4mu_dphijj_genbin3_recobin4 acc 0.0457 eff 0.0255 outinratio 0.0457 

WplusH126_4mu_dphijj_genbin3_recobin4 acc 0.0426 eff 0.0125 outinratio 0.0772 

ZH126_4mu_dphijj_genbin3_recobin4 acc 0.0427 eff 0.027 outinratio 0.1021 

ttH126_4mu_dphijj_genbin3_recobin4 acc 0.0607 eff 0.0972 outinratio 0.1537 

ggH126_4mu_dphijj_genbin4_recobin4 acc 0.0135 eff 0.5397 outinratio 0.0 

VBFH126_4mu_dphijj_genbin4_recobin4 acc 0.0648 eff 0.6983 outinratio 0.0516 

WminusH126_4mu_dphijj_genbin4_recobin4 acc 0.0329 eff 0.5637 outinratio 0.0457 

WplusH126_4mu_dphijj_genbin4_recobin4 acc 0.0376 eff 0.5624 outinratio 0.0772 

ZH126_4mu_dphijj_genbin4_recobin4 acc 0.0419 eff 0.6182 outinratio 0.1021 

ttH126_4mu_dphijj_genbin4_recobin4 acc 0.1055 eff 0.5847 outinratio 0.1537 

ggH126_2e2mu_dphijj_genbin0_recobin0 acc 0.3582 eff 0.4983 outinratio 0.0356 

VBFH126_2e2mu_dphijj_genbin0_recobin0 acc 0.2027 eff 0.4238 outinratio 0.0209 

WminusH126_2e2mu_dphijj_genbin0_recobin0 acc 0.1898 eff 0.4522 outinratio 0.074 

WplusH126_2e2mu_dphijj_genbin0_recobin0 acc 0.1744 eff 0.4548 outinratio 0.0708 

ZH126_2e2mu_dphijj_genbin0_recobin0 acc 0.1878 eff 0.4447 outinratio 0.0904 

ttH126_2e2mu_dphijj_genbin0_recobin0 acc 0.0072 eff 0.203 outinratio 0.2109 

ggH126_2e2mu_dphijj_genbin1_recobin0 acc 0.0093 eff 0.0166 outinratio 0.0356 

VBFH126_2e2mu_dphijj_genbin1_recobin0 acc 0.0645 eff 0.0859 outinratio 0.0209 

WminusH126_2e2mu_dphijj_genbin1_recobin0 acc 0.0342 eff 0.0588 outinratio 0.074 

WplusH126_2e2mu_dphijj_genbin1_recobin0 acc 0.0284 eff 0.0891 outinratio 0.0708 

ZH126_2e2mu_dphijj_genbin1_recobin0 acc 0.0339 eff 0.0368 outinratio 0.0904 

ttH126_2e2mu_dphijj_genbin1_recobin0 acc 0.0938 eff 0.0055 outinratio 0.2109 

ggH126_2e2mu_dphijj_genbin2_recobin0 acc 0.0107 eff 0.1593 outinratio 0.0356 

VBFH126_2e2mu_dphijj_genbin2_recobin0 acc 0.0512 eff 0.0975 outinratio 0.0209 

WminusH126_2e2mu_dphijj_genbin2_recobin0 acc 0.0421 eff 0.0629 outinratio 0.074 

WplusH126_2e2mu_dphijj_genbin2_recobin0 acc 0.0372 eff 0.0351 outinratio 0.0708 

ZH126_2e2mu_dphijj_genbin2_recobin0 acc 0.0343 eff 0.0558 outinratio 0.0904 

ttH126_2e2mu_dphijj_genbin2_recobin0 acc 0.0575 eff 0.0065 outinratio 0.2109 

ggH126_2e2mu_dphijj_genbin3_recobin0 acc 0.0111 eff 0.0273 outinratio 0.0356 

VBFH126_2e2mu_dphijj_genbin3_recobin0 acc 0.0558 eff 0.071 outinratio 0.0209 

WminusH126_2e2mu_dphijj_genbin3_recobin0 acc 0.0425 eff 0.0485 outinratio 0.074 

WplusH126_2e2mu_dphijj_genbin3_recobin0 acc 0.0403 eff 0.0571 outinratio 0.0708 

ZH126_2e2mu_dphijj_genbin3_recobin0 acc 0.0452 eff 0.0469 outinratio 0.0904 

ttH126_2e2mu_dphijj_genbin3_recobin0 acc 0.0547 eff 0.004 outinratio 0.2109 

ggH126_2e2mu_dphijj_genbin4_recobin0 acc 0.0079 eff 0.0 outinratio 0.0356 

VBFH126_2e2mu_dphijj_genbin4_recobin0 acc 0.0708 eff 0.0897 outinratio 0.0209 

WminusH126_2e2mu_dphijj_genbin4_recobin0 acc 0.0325 eff 0.0632 outinratio 0.074 

WplusH126_2e2mu_dphijj_genbin4_recobin0 acc 0.0275 eff 0.0553 outinratio 0.0708 

ZH126_2e2mu_dphijj_genbin4_recobin0 acc 0.0364 eff 0.0732 outinratio 0.0904 

ttH126_2e2mu_dphijj_genbin4_recobin0 acc 0.0941 eff 0.0021 outinratio 0.2109 

ggH126_2e2mu_dphijj_genbin0_recobin1 acc 0.3582 eff 0.001 outinratio 0.0604 

VBFH126_2e2mu_dphijj_genbin0_recobin1 acc 0.2027 eff 0.0113 outinratio 0.0425 

WminusH126_2e2mu_dphijj_genbin0_recobin1 acc 0.1898 eff 0.0156 outinratio 0.0833 

WplusH126_2e2mu_dphijj_genbin0_recobin1 acc 0.1744 eff 0.0358 outinratio 0.0816 

ZH126_2e2mu_dphijj_genbin0_recobin1 acc 0.1878 eff 0.0244 outinratio 0.0735 

ttH126_2e2mu_dphijj_genbin0_recobin1 acc 0.0072 eff 0.0935 outinratio 0.197 

ggH126_2e2mu_dphijj_genbin1_recobin1 acc 0.0093 eff 0.4691 outinratio 0.0604 

VBFH126_2e2mu_dphijj_genbin1_recobin1 acc 0.0645 eff 0.3748 outinratio 0.0425 

WminusH126_2e2mu_dphijj_genbin1_recobin1 acc 0.0342 eff 0.4461 outinratio 0.0833 

WplusH126_2e2mu_dphijj_genbin1_recobin1 acc 0.0284 eff 0.3798 outinratio 0.0816 

ZH126_2e2mu_dphijj_genbin1_recobin1 acc 0.0339 eff 0.3616 outinratio 0.0735 

ttH126_2e2mu_dphijj_genbin1_recobin1 acc 0.0938 eff 0.4159 outinratio 0.197 

ggH126_2e2mu_dphijj_genbin2_recobin1 acc 0.0107 eff 0.0141 outinratio 0.0604 

VBFH126_2e2mu_dphijj_genbin2_recobin1 acc 0.0512 eff 0.0041 outinratio 0.0425 

WminusH126_2e2mu_dphijj_genbin2_recobin1 acc 0.0421 eff 0.0328 outinratio 0.0833 

WplusH126_2e2mu_dphijj_genbin2_recobin1 acc 0.0372 eff 0.0289 outinratio 0.0816 

ZH126_2e2mu_dphijj_genbin2_recobin1 acc 0.0343 eff 0.0294 outinratio 0.0735 

ttH126_2e2mu_dphijj_genbin2_recobin1 acc 0.0575 eff 0.0723 outinratio 0.197 

ggH126_2e2mu_dphijj_genbin3_recobin1 acc 0.0111 eff 0.0 outinratio 0.0604 

VBFH126_2e2mu_dphijj_genbin3_recobin1 acc 0.0558 eff 0.0066 outinratio 0.0425 

WminusH126_2e2mu_dphijj_genbin3_recobin1 acc 0.0425 eff 0.0224 outinratio 0.0833 

WplusH126_2e2mu_dphijj_genbin3_recobin1 acc 0.0403 eff 0.0182 outinratio 0.0816 

ZH126_2e2mu_dphijj_genbin3_recobin1 acc 0.0452 eff 0.0068 outinratio 0.0735 

ttH126_2e2mu_dphijj_genbin3_recobin1 acc 0.0547 eff 0.0577 outinratio 0.197 

ggH126_2e2mu_dphijj_genbin4_recobin1 acc 0.0079 eff 0.0 outinratio 0.0604 

VBFH126_2e2mu_dphijj_genbin4_recobin1 acc 0.0708 eff 0.0182 outinratio 0.0425 

WminusH126_2e2mu_dphijj_genbin4_recobin1 acc 0.0325 eff 0.0363 outinratio 0.0833 

WplusH126_2e2mu_dphijj_genbin4_recobin1 acc 0.0275 eff 0.018 outinratio 0.0816 

ZH126_2e2mu_dphijj_genbin4_recobin1 acc 0.0364 eff 0.0381 outinratio 0.0735 

ttH126_2e2mu_dphijj_genbin4_recobin1 acc 0.0941 eff 0.0491 outinratio 0.197 

ggH126_2e2mu_dphijj_genbin0_recobin2 acc 0.3582 eff 0.0044 outinratio 0.0 

VBFH126_2e2mu_dphijj_genbin0_recobin2 acc 0.2027 eff 0.0156 outinratio 0.0576 

WminusH126_2e2mu_dphijj_genbin0_recobin2 acc 0.1898 eff 0.0206 outinratio 0.0504 

WplusH126_2e2mu_dphijj_genbin0_recobin2 acc 0.1744 eff 0.0096 outinratio 0.036 

ZH126_2e2mu_dphijj_genbin0_recobin2 acc 0.1878 eff 0.0163 outinratio 0.0561 

ttH126_2e2mu_dphijj_genbin0_recobin2 acc 0.0072 eff 0.0221 outinratio 0.1566 

ggH126_2e2mu_dphijj_genbin1_recobin2 acc 0.0093 eff 0.0 outinratio 0.0 

VBFH126_2e2mu_dphijj_genbin1_recobin2 acc 0.0645 eff 0.0187 outinratio 0.0576 

WminusH126_2e2mu_dphijj_genbin1_recobin2 acc 0.0342 eff 0.0246 outinratio 0.0504 

WplusH126_2e2mu_dphijj_genbin1_recobin2 acc 0.0284 eff 0.006 outinratio 0.036 

ZH126_2e2mu_dphijj_genbin1_recobin2 acc 0.0339 eff 0.0156 outinratio 0.0561 

ttH126_2e2mu_dphijj_genbin1_recobin2 acc 0.0938 eff 0.0335 outinratio 0.1566 

ggH126_2e2mu_dphijj_genbin2_recobin2 acc 0.0107 eff 0.2226 outinratio 0.0 

VBFH126_2e2mu_dphijj_genbin2_recobin2 acc 0.0512 eff 0.4128 outinratio 0.0576 

WminusH126_2e2mu_dphijj_genbin2_recobin2 acc 0.0421 eff 0.4122 outinratio 0.0504 

WplusH126_2e2mu_dphijj_genbin2_recobin2 acc 0.0372 eff 0.4537 outinratio 0.036 

ZH126_2e2mu_dphijj_genbin2_recobin2 acc 0.0343 eff 0.4491 outinratio 0.0561 

ttH126_2e2mu_dphijj_genbin2_recobin2 acc 0.0575 eff 0.3388 outinratio 0.1566 

ggH126_2e2mu_dphijj_genbin3_recobin2 acc 0.0111 eff 0.0405 outinratio 0.0 

VBFH126_2e2mu_dphijj_genbin3_recobin2 acc 0.0558 eff 0.0177 outinratio 0.0576 

WminusH126_2e2mu_dphijj_genbin3_recobin2 acc 0.0425 eff 0.0349 outinratio 0.0504 

WplusH126_2e2mu_dphijj_genbin3_recobin2 acc 0.0403 eff 0.0396 outinratio 0.036 

ZH126_2e2mu_dphijj_genbin3_recobin2 acc 0.0452 eff 0.0281 outinratio 0.0561 

ttH126_2e2mu_dphijj_genbin3_recobin2 acc 0.0547 eff 0.0354 outinratio 0.1566 

ggH126_2e2mu_dphijj_genbin4_recobin2 acc 0.0079 eff 0.1572 outinratio 0.0 

VBFH126_2e2mu_dphijj_genbin4_recobin2 acc 0.0708 eff 0.0026 outinratio 0.0576 

WminusH126_2e2mu_dphijj_genbin4_recobin2 acc 0.0325 eff 0.0113 outinratio 0.0504 

WplusH126_2e2mu_dphijj_genbin4_recobin2 acc 0.0275 eff 0.0152 outinratio 0.036 

ZH126_2e2mu_dphijj_genbin4_recobin2 acc 0.0364 eff 0.0101 outinratio 0.0561 

ttH126_2e2mu_dphijj_genbin4_recobin2 acc 0.0941 eff 0.0291 outinratio 0.1566 

ggH126_2e2mu_dphijj_genbin0_recobin3 acc 0.3582 eff 0.0019 outinratio 0.063 

VBFH126_2e2mu_dphijj_genbin0_recobin3 acc 0.2027 eff 0.0148 outinratio 0.0505 

WminusH126_2e2mu_dphijj_genbin0_recobin3 acc 0.1898 eff 0.02 outinratio 0.058 

WplusH126_2e2mu_dphijj_genbin0_recobin3 acc 0.1744 eff 0.0207 outinratio 0.0569 

ZH126_2e2mu_dphijj_genbin0_recobin3 acc 0.1878 eff 0.0158 outinratio 0.0512 

ttH126_2e2mu_dphijj_genbin0_recobin3 acc 0.0072 eff 0.0873 outinratio 0.1511 

ggH126_2e2mu_dphijj_genbin1_recobin3 acc 0.0093 eff 0.0 outinratio 0.063 

VBFH126_2e2mu_dphijj_genbin1_recobin3 acc 0.0645 eff 0.002 outinratio 0.0505 

WminusH126_2e2mu_dphijj_genbin1_recobin3 acc 0.0342 eff 0.0129 outinratio 0.058 

WplusH126_2e2mu_dphijj_genbin1_recobin3 acc 0.0284 eff 0.0223 outinratio 0.0569 

ZH126_2e2mu_dphijj_genbin1_recobin3 acc 0.0339 eff 0.0151 outinratio 0.0512 

ttH126_2e2mu_dphijj_genbin1_recobin3 acc 0.0938 eff 0.0269 outinratio 0.1511 

ggH126_2e2mu_dphijj_genbin2_recobin3 acc 0.0107 eff 0.0387 outinratio 0.063 

VBFH126_2e2mu_dphijj_genbin2_recobin3 acc 0.0512 eff 0.0061 outinratio 0.0505 

WminusH126_2e2mu_dphijj_genbin2_recobin3 acc 0.0421 eff 0.0261 outinratio 0.058 

WplusH126_2e2mu_dphijj_genbin2_recobin3 acc 0.0372 eff 0.036 outinratio 0.0569 

ZH126_2e2mu_dphijj_genbin2_recobin3 acc 0.0343 eff 0.0337 outinratio 0.0512 

ttH126_2e2mu_dphijj_genbin2_recobin3 acc 0.0575 eff 0.037 outinratio 0.1511 

ggH126_2e2mu_dphijj_genbin3_recobin3 acc 0.0111 eff 0.3862 outinratio 0.063 

VBFH126_2e2mu_dphijj_genbin3_recobin3 acc 0.0558 eff 0.4397 outinratio 0.0505 

WminusH126_2e2mu_dphijj_genbin3_recobin3 acc 0.0425 eff 0.41 outinratio 0.058 

WplusH126_2e2mu_dphijj_genbin3_recobin3 acc 0.0403 eff 0.4018 outinratio 0.0569 

ZH126_2e2mu_dphijj_genbin3_recobin3 acc 0.0452 eff 0.4355 outinratio 0.0512 

ttH126_2e2mu_dphijj_genbin3_recobin3 acc 0.0547 eff 0.3497 outinratio 0.1511 

ggH126_2e2mu_dphijj_genbin4_recobin3 acc 0.0079 eff 0.066 outinratio 0.063 

VBFH126_2e2mu_dphijj_genbin4_recobin3 acc 0.0708 eff 0.0081 outinratio 0.0505 

WminusH126_2e2mu_dphijj_genbin4_recobin3 acc 0.0325 eff 0.0182 outinratio 0.058 

WplusH126_2e2mu_dphijj_genbin4_recobin3 acc 0.0275 eff 0.0295 outinratio 0.0569 

ZH126_2e2mu_dphijj_genbin4_recobin3 acc 0.0364 eff 0.0478 outinratio 0.0512 

ttH126_2e2mu_dphijj_genbin4_recobin3 acc 0.0941 eff 0.0306 outinratio 0.1511 

ggH126_2e2mu_dphijj_genbin0_recobin4 acc 0.3582 eff 0.0052 outinratio 0.1536 

VBFH126_2e2mu_dphijj_genbin0_recobin4 acc 0.2027 eff 0.0403 outinratio 0.0247 

WminusH126_2e2mu_dphijj_genbin0_recobin4 acc 0.1898 eff 0.022 outinratio 0.1282 

WplusH126_2e2mu_dphijj_genbin0_recobin4 acc 0.1744 eff 0.0283 outinratio 0.1162 

ZH126_2e2mu_dphijj_genbin0_recobin4 acc 0.1878 eff 0.0221 outinratio 0.1243 

ttH126_2e2mu_dphijj_genbin0_recobin4 acc 0.0072 eff 0.1086 outinratio 0.1927 

ggH126_2e2mu_dphijj_genbin1_recobin4 acc 0.0093 eff 0.0 outinratio 0.1536 

VBFH126_2e2mu_dphijj_genbin1_recobin4 acc 0.0645 eff 0.0201 outinratio 0.0247 

WminusH126_2e2mu_dphijj_genbin1_recobin4 acc 0.0342 eff 0.038 outinratio 0.1282 

WplusH126_2e2mu_dphijj_genbin1_recobin4 acc 0.0284 eff 0.0504 outinratio 0.1162 

ZH126_2e2mu_dphijj_genbin1_recobin4 acc 0.0339 eff 0.0411 outinratio 0.1243 

ttH126_2e2mu_dphijj_genbin1_recobin4 acc 0.0938 eff 0.0434 outinratio 0.1927 

ggH126_2e2mu_dphijj_genbin2_recobin4 acc 0.0107 eff 0.0405 outinratio 0.1536 

VBFH126_2e2mu_dphijj_genbin2_recobin4 acc 0.0512 eff 0.012 outinratio 0.0247 

WminusH126_2e2mu_dphijj_genbin2_recobin4 acc 0.0421 eff 0.0201 outinratio 0.1282 

WplusH126_2e2mu_dphijj_genbin2_recobin4 acc 0.0372 eff 0.0095 outinratio 0.1162 

ZH126_2e2mu_dphijj_genbin2_recobin4 acc 0.0343 eff 0.0161 outinratio 0.1243 

ttH126_2e2mu_dphijj_genbin2_recobin4 acc 0.0575 eff 0.061 outinratio 0.1927 

ggH126_2e2mu_dphijj_genbin3_recobin4 acc 0.0111 eff 0.027 outinratio 0.1536 

VBFH126_2e2mu_dphijj_genbin3_recobin4 acc 0.0558 eff 0.0106 outinratio 0.0247 

WminusH126_2e2mu_dphijj_genbin3_recobin4 acc 0.0425 eff 0.0167 outinratio 0.1282 

WplusH126_2e2mu_dphijj_genbin3_recobin4 acc 0.0403 eff 0.01 outinratio 0.1162 

ZH126_2e2mu_dphijj_genbin3_recobin4 acc 0.0452 eff 0.0165 outinratio 0.1243 

ttH126_2e2mu_dphijj_genbin3_recobin4 acc 0.0547 eff 0.0599 outinratio 0.1927 

ggH126_2e2mu_dphijj_genbin4_recobin4 acc 0.0079 eff 0.4666 outinratio 0.1536 

VBFH126_2e2mu_dphijj_genbin4_recobin4 acc 0.0708 eff 0.4117 outinratio 0.0247 

WminusH126_2e2mu_dphijj_genbin4_recobin4 acc 0.0325 eff 0.3937 outinratio 0.1282 

WplusH126_2e2mu_dphijj_genbin4_recobin4 acc 0.0275 eff 0.3088 outinratio 0.1162 

ZH126_2e2mu_dphijj_genbin4_recobin4 acc 0.0364 eff 0.4065 outinratio 0.1243 

ttH126_2e2mu_dphijj_genbin4_recobin4 acc 0.0941 eff 0.3827 outinratio 0.1927 

Coeff fullNNLOPS
