Welcome in RunCoefficients!
OPT SPLIT
DEBUG opt.YEAR = 2024_1
It is a double-differential measurement, binning for the 1st variable {0: [-100.0, 30.0], 1: [30.0, 10000.0], 2: [30.0, 80.0], 3: [80.0, 10000.0], 4: [30.0, 10000.0]} and for the 2nd variable {0: [-100.0, 30.0], 1: [-100.0, 30.0], 2: [30.0, 50.0], 3: [30.0, 50.0], 4: [50.0, 10000.0]}
{0: [-100.0, 30.0, -100.0, 30.0], 1: [30.0, 10000.0, -100.0, 30.0], 2: [30.0, 80.0, 30.0, 50.0], 3: [80.0, 10000.0, 30.0, 50.0], 4: [30.0, 10000.0, 50.0, 10000.0]}
pTj1
Following observables extracted from dictionary: RECO =  pTj1  GEN =  GENpTj1
It is a double-differential measurement: RECO_2nd =  pTj2  GEN_2nd =  GENpTj2
LUMI: 10.882200000000001
ttH126 0.00046886125
Processing ggH126 2024_1
Signal created
Signal failed created
Processing VBFH126 2024_1
Signal created
Signal failed created
Processing WminusH126 2024_1
Signal created
Signal failed created
Processing WplusH126 2024_1
Signal created
Signal failed created
Processing ZH126 2024_1
Signal created
Signal failed created
Processing ttH126 2024_1
Signal created
Signal failed created
2024_1 SKIMMED df CREATED
2024_1 ggH126
2024_1 VBFH126
2024_1 WminusH126
2024_1 WplusH126
2024_1 ZH126
2024_1 ttH126
Dataframes created successfully
Coeff std
ggH126_4l_pTj1_pTj2_genbin0_recobin0 acc 0.2568 eff 0.4716 outinratio 0.0479 

VBFH126_4l_pTj1_pTj2_genbin0_recobin0 acc 0.0393 eff 0.386 outinratio 0.031 

WminusH126_4l_pTj1_pTj2_genbin0_recobin0 acc 0.0929 eff 0.3729 outinratio 0.0204 

WplusH126_4l_pTj1_pTj2_genbin0_recobin0 acc 0.0736 eff 0.364 outinratio 0.0679 

ZH126_4l_pTj1_pTj2_genbin0_recobin0 acc 0.0738 eff 0.4269 outinratio 0.0902 

ttH126_4l_pTj1_pTj2_genbin0_recobin0 acc 0.0007 eff 0.095 outinratio 0.548 

ggH126_4l_pTj1_pTj2_genbin1_recobin0 acc 0.1059 eff 0.0704 outinratio 0.0479 

VBFH126_4l_pTj1_pTj2_genbin1_recobin0 acc 0.1736 eff 0.0428 outinratio 0.031 

WminusH126_4l_pTj1_pTj2_genbin1_recobin0 acc 0.1218 eff 0.0564 outinratio 0.0204 

WplusH126_4l_pTj1_pTj2_genbin1_recobin0 acc 0.1001 eff 0.032 outinratio 0.0679 

ZH126_4l_pTj1_pTj2_genbin1_recobin0 acc 0.108 eff 0.0407 outinratio 0.0902 

ttH126_4l_pTj1_pTj2_genbin1_recobin0 acc 0.0075 eff 0.0163 outinratio 0.548 

ggH126_4l_pTj1_pTj2_genbin2_recobin0 acc 0.0185 eff 0.0138 outinratio 0.0479 

VBFH126_4l_pTj1_pTj2_genbin2_recobin0 acc 0.0632 eff 0.0122 outinratio 0.031 

WminusH126_4l_pTj1_pTj2_genbin2_recobin0 acc 0.0565 eff 0.0057 outinratio 0.0204 

WplusH126_4l_pTj1_pTj2_genbin2_recobin0 acc 0.0459 eff 0.0079 outinratio 0.0679 

ZH126_4l_pTj1_pTj2_genbin2_recobin0 acc 0.0567 eff 0.0098 outinratio 0.0902 

ttH126_4l_pTj1_pTj2_genbin2_recobin0 acc 0.0124 eff 0.0 outinratio 0.548 

ggH126_4l_pTj1_pTj2_genbin3_recobin0 acc 0.0084 eff 0.0017 outinratio 0.0479 

VBFH126_4l_pTj1_pTj2_genbin3_recobin0 acc 0.0485 eff 0.0028 outinratio 0.031 

WminusH126_4l_pTj1_pTj2_genbin3_recobin0 acc 0.024 eff 0.0 outinratio 0.0204 

WplusH126_4l_pTj1_pTj2_genbin3_recobin0 acc 0.0225 eff 0.0003 outinratio 0.0679 

ZH126_4l_pTj1_pTj2_genbin3_recobin0 acc 0.0259 eff 0.0013 outinratio 0.0902 

ttH126_4l_pTj1_pTj2_genbin3_recobin0 acc 0.0144 eff 0.0 outinratio 0.548 

ggH126_4l_pTj1_pTj2_genbin4_recobin0 acc 0.0175 eff 0.0 outinratio 0.0479 

VBFH126_4l_pTj1_pTj2_genbin4_recobin0 acc 0.1283 eff 0.0009 outinratio 0.031 

WminusH126_4l_pTj1_pTj2_genbin4_recobin0 acc 0.0705 eff 0.0 outinratio 0.0204 

WplusH126_4l_pTj1_pTj2_genbin4_recobin0 acc 0.0703 eff 0.0 outinratio 0.0679 

ZH126_4l_pTj1_pTj2_genbin4_recobin0 acc 0.0808 eff 0.0 outinratio 0.0902 

ttH126_4l_pTj1_pTj2_genbin4_recobin0 acc 0.284 eff 0.0 outinratio 0.548 

ggH126_4l_pTj1_pTj2_genbin0_recobin1 acc 0.2568 eff 0.0659 outinratio 0.0548 

VBFH126_4l_pTj1_pTj2_genbin0_recobin1 acc 0.0393 eff 0.1445 outinratio 0.0325 

WminusH126_4l_pTj1_pTj2_genbin0_recobin1 acc 0.0929 eff 0.1635 outinratio 0.0524 

WplusH126_4l_pTj1_pTj2_genbin0_recobin1 acc 0.0736 eff 0.1352 outinratio 0.0647 

ZH126_4l_pTj1_pTj2_genbin0_recobin1 acc 0.0738 eff 0.0958 outinratio 0.0879 

ttH126_4l_pTj1_pTj2_genbin0_recobin1 acc 0.0007 eff 0.1765 outinratio 0.1355 

ggH126_4l_pTj1_pTj2_genbin1_recobin1 acc 0.1059 eff 0.4204 outinratio 0.0548 

VBFH126_4l_pTj1_pTj2_genbin1_recobin1 acc 0.1736 eff 0.4134 outinratio 0.0325 

WminusH126_4l_pTj1_pTj2_genbin1_recobin1 acc 0.1218 eff 0.3517 outinratio 0.0524 

WplusH126_4l_pTj1_pTj2_genbin1_recobin1 acc 0.1001 eff 0.3806 outinratio 0.0647 

ZH126_4l_pTj1_pTj2_genbin1_recobin1 acc 0.108 eff 0.398 outinratio 0.0879 

ttH126_4l_pTj1_pTj2_genbin1_recobin1 acc 0.0075 eff 0.2033 outinratio 0.1355 

ggH126_4l_pTj1_pTj2_genbin2_recobin1 acc 0.0185 eff 0.1394 outinratio 0.0548 

VBFH126_4l_pTj1_pTj2_genbin2_recobin1 acc 0.0632 eff 0.1345 outinratio 0.0325 

WminusH126_4l_pTj1_pTj2_genbin2_recobin1 acc 0.0565 eff 0.15 outinratio 0.0524 

WplusH126_4l_pTj1_pTj2_genbin2_recobin1 acc 0.0459 eff 0.0974 outinratio 0.0647 

ZH126_4l_pTj1_pTj2_genbin2_recobin1 acc 0.0567 eff 0.1129 outinratio 0.0879 

ttH126_4l_pTj1_pTj2_genbin2_recobin1 acc 0.0124 eff 0.0373 outinratio 0.1355 

ggH126_4l_pTj1_pTj2_genbin3_recobin1 acc 0.0084 eff 0.105 outinratio 0.0548 

VBFH126_4l_pTj1_pTj2_genbin3_recobin1 acc 0.0485 eff 0.1237 outinratio 0.0325 

WminusH126_4l_pTj1_pTj2_genbin3_recobin1 acc 0.024 eff 0.0789 outinratio 0.0524 

WplusH126_4l_pTj1_pTj2_genbin3_recobin1 acc 0.0225 eff 0.0842 outinratio 0.0647 

ZH126_4l_pTj1_pTj2_genbin3_recobin1 acc 0.0259 eff 0.0896 outinratio 0.0879 

ttH126_4l_pTj1_pTj2_genbin3_recobin1 acc 0.0144 eff 0.0369 outinratio 0.1355 

ggH126_4l_pTj1_pTj2_genbin4_recobin1 acc 0.0175 eff 0.0184 outinratio 0.0548 

VBFH126_4l_pTj1_pTj2_genbin4_recobin1 acc 0.1283 eff 0.0382 outinratio 0.0325 

WminusH126_4l_pTj1_pTj2_genbin4_recobin1 acc 0.0705 eff 0.0073 outinratio 0.0524 

WplusH126_4l_pTj1_pTj2_genbin4_recobin1 acc 0.0703 eff 0.0086 outinratio 0.0647 

ZH126_4l_pTj1_pTj2_genbin4_recobin1 acc 0.0808 eff 0.0122 outinratio 0.0879 

ttH126_4l_pTj1_pTj2_genbin4_recobin1 acc 0.284 eff 0.0008 outinratio 0.1355 

ggH126_4l_pTj1_pTj2_genbin0_recobin2 acc 0.2568 eff 0.0063 outinratio 0.0658 

VBFH126_4l_pTj1_pTj2_genbin0_recobin2 acc 0.0393 eff 0.0221 outinratio 0.0394 

WminusH126_4l_pTj1_pTj2_genbin0_recobin2 acc 0.0929 eff 0.0039 outinratio 0.0991 

WplusH126_4l_pTj1_pTj2_genbin0_recobin2 acc 0.0736 eff 0.0141 outinratio 0.0837 

ZH126_4l_pTj1_pTj2_genbin0_recobin2 acc 0.0738 eff 0.0151 outinratio 0.0784 

ttH126_4l_pTj1_pTj2_genbin0_recobin2 acc 0.0007 eff 0.0 outinratio 0.1346 

ggH126_4l_pTj1_pTj2_genbin1_recobin2 acc 0.1059 eff 0.0459 outinratio 0.0658 

VBFH126_4l_pTj1_pTj2_genbin1_recobin2 acc 0.1736 eff 0.0522 outinratio 0.0394 

WminusH126_4l_pTj1_pTj2_genbin1_recobin2 acc 0.1218 eff 0.0977 outinratio 0.0991 

WplusH126_4l_pTj1_pTj2_genbin1_recobin2 acc 0.1001 eff 0.0771 outinratio 0.0837 

ZH126_4l_pTj1_pTj2_genbin1_recobin2 acc 0.108 eff 0.0683 outinratio 0.0784 

ttH126_4l_pTj1_pTj2_genbin1_recobin2 acc 0.0075 eff 0.052 outinratio 0.1346 

ggH126_4l_pTj1_pTj2_genbin2_recobin2 acc 0.0185 eff 0.3279 outinratio 0.0658 

VBFH126_4l_pTj1_pTj2_genbin2_recobin2 acc 0.0632 eff 0.2867 outinratio 0.0394 

WminusH126_4l_pTj1_pTj2_genbin2_recobin2 acc 0.0565 eff 0.3093 outinratio 0.0991 

WplusH126_4l_pTj1_pTj2_genbin2_recobin2 acc 0.0459 eff 0.3329 outinratio 0.0837 

ZH126_4l_pTj1_pTj2_genbin2_recobin2 acc 0.0567 eff 0.34 outinratio 0.0784 

ttH126_4l_pTj1_pTj2_genbin2_recobin2 acc 0.0124 eff 0.2512 outinratio 0.1346 

ggH126_4l_pTj1_pTj2_genbin3_recobin2 acc 0.0084 eff 0.0334 outinratio 0.0658 

VBFH126_4l_pTj1_pTj2_genbin3_recobin2 acc 0.0485 eff 0.0268 outinratio 0.0394 

WminusH126_4l_pTj1_pTj2_genbin3_recobin2 acc 0.024 eff 0.0452 outinratio 0.0991 

WplusH126_4l_pTj1_pTj2_genbin3_recobin2 acc 0.0225 eff 0.0346 outinratio 0.0837 

ZH126_4l_pTj1_pTj2_genbin3_recobin2 acc 0.0259 eff 0.0362 outinratio 0.0784 

ttH126_4l_pTj1_pTj2_genbin3_recobin2 acc 0.0144 eff 0.0313 outinratio 0.1346 

ggH126_4l_pTj1_pTj2_genbin4_recobin2 acc 0.0175 eff 0.0336 outinratio 0.0658 

VBFH126_4l_pTj1_pTj2_genbin4_recobin2 acc 0.1283 eff 0.0229 outinratio 0.0394 

WminusH126_4l_pTj1_pTj2_genbin4_recobin2 acc 0.0705 eff 0.0213 outinratio 0.0991 

WplusH126_4l_pTj1_pTj2_genbin4_recobin2 acc 0.0703 eff 0.0273 outinratio 0.0837 

ZH126_4l_pTj1_pTj2_genbin4_recobin2 acc 0.0808 eff 0.0289 outinratio 0.0784 

ttH126_4l_pTj1_pTj2_genbin4_recobin2 acc 0.284 eff 0.0077 outinratio 0.1346 

ggH126_4l_pTj1_pTj2_genbin0_recobin3 acc 0.2568 eff 0.0002 outinratio 0.0509 

VBFH126_4l_pTj1_pTj2_genbin0_recobin3 acc 0.0393 eff 0.0013 outinratio 0.037 

WminusH126_4l_pTj1_pTj2_genbin0_recobin3 acc 0.0929 eff 0.0 outinratio 0.1433 

WplusH126_4l_pTj1_pTj2_genbin0_recobin3 acc 0.0736 eff 0.0053 outinratio 0.0522 

ZH126_4l_pTj1_pTj2_genbin0_recobin3 acc 0.0738 eff 0.0062 outinratio 0.0601 

ttH126_4l_pTj1_pTj2_genbin0_recobin3 acc 0.0007 eff 0.014 outinratio 0.2013 

ggH126_4l_pTj1_pTj2_genbin1_recobin3 acc 0.1059 eff 0.0138 outinratio 0.0509 

VBFH126_4l_pTj1_pTj2_genbin1_recobin3 acc 0.1736 eff 0.0354 outinratio 0.037 

WminusH126_4l_pTj1_pTj2_genbin1_recobin3 acc 0.1218 eff 0.0277 outinratio 0.1433 

WplusH126_4l_pTj1_pTj2_genbin1_recobin3 acc 0.1001 eff 0.0309 outinratio 0.0522 

ZH126_4l_pTj1_pTj2_genbin1_recobin3 acc 0.108 eff 0.0291 outinratio 0.0601 

ttH126_4l_pTj1_pTj2_genbin1_recobin3 acc 0.0075 eff 0.0717 outinratio 0.2013 

ggH126_4l_pTj1_pTj2_genbin2_recobin3 acc 0.0185 eff 0.0219 outinratio 0.0509 

VBFH126_4l_pTj1_pTj2_genbin2_recobin3 acc 0.0632 eff 0.0407 outinratio 0.037 

WminusH126_4l_pTj1_pTj2_genbin2_recobin3 acc 0.0565 eff 0.0255 outinratio 0.1433 

WplusH126_4l_pTj1_pTj2_genbin2_recobin3 acc 0.0459 eff 0.0259 outinratio 0.0522 

ZH126_4l_pTj1_pTj2_genbin2_recobin3 acc 0.0567 eff 0.0286 outinratio 0.0601 

ttH126_4l_pTj1_pTj2_genbin2_recobin3 acc 0.0124 eff 0.0347 outinratio 0.2013 

ggH126_4l_pTj1_pTj2_genbin3_recobin3 acc 0.0084 eff 0.3589 outinratio 0.0509 

VBFH126_4l_pTj1_pTj2_genbin3_recobin3 acc 0.0485 eff 0.3013 outinratio 0.037 

WminusH126_4l_pTj1_pTj2_genbin3_recobin3 acc 0.024 eff 0.3143 outinratio 0.1433 

WplusH126_4l_pTj1_pTj2_genbin3_recobin3 acc 0.0225 eff 0.294 outinratio 0.0522 

ZH126_4l_pTj1_pTj2_genbin3_recobin3 acc 0.0259 eff 0.3071 outinratio 0.0601 

ttH126_4l_pTj1_pTj2_genbin3_recobin3 acc 0.0144 eff 0.243 outinratio 0.2013 

ggH126_4l_pTj1_pTj2_genbin4_recobin3 acc 0.0175 eff 0.0439 outinratio 0.0509 

VBFH126_4l_pTj1_pTj2_genbin4_recobin3 acc 0.1283 eff 0.0323 outinratio 0.037 

WminusH126_4l_pTj1_pTj2_genbin4_recobin3 acc 0.0705 eff 0.0277 outinratio 0.1433 

WplusH126_4l_pTj1_pTj2_genbin4_recobin3 acc 0.0703 eff 0.0238 outinratio 0.0522 

ZH126_4l_pTj1_pTj2_genbin4_recobin3 acc 0.0808 eff 0.0287 outinratio 0.0601 

ttH126_4l_pTj1_pTj2_genbin4_recobin3 acc 0.284 eff 0.0085 outinratio 0.2013 

ggH126_4l_pTj1_pTj2_genbin0_recobin4 acc 0.2568 eff 0.0004 outinratio 0.0581 

VBFH126_4l_pTj1_pTj2_genbin0_recobin4 acc 0.0393 eff 0.0017 outinratio 0.0368 

WminusH126_4l_pTj1_pTj2_genbin0_recobin4 acc 0.0929 eff 0.0 outinratio 0.1005 

WplusH126_4l_pTj1_pTj2_genbin0_recobin4 acc 0.0736 eff 0.0011 outinratio 0.078 

ZH126_4l_pTj1_pTj2_genbin0_recobin4 acc 0.0738 eff 0.0054 outinratio 0.0828 

ttH126_4l_pTj1_pTj2_genbin0_recobin4 acc 0.0007 eff 0.1692 outinratio 0.1608 

ggH126_4l_pTj1_pTj2_genbin1_recobin4 acc 0.1059 eff 0.0081 outinratio 0.0581 

VBFH126_4l_pTj1_pTj2_genbin1_recobin4 acc 0.1736 eff 0.0225 outinratio 0.0368 

WminusH126_4l_pTj1_pTj2_genbin1_recobin4 acc 0.1218 eff 0.031 outinratio 0.1005 

WplusH126_4l_pTj1_pTj2_genbin1_recobin4 acc 0.1001 eff 0.0187 outinratio 0.078 

ZH126_4l_pTj1_pTj2_genbin1_recobin4 acc 0.108 eff 0.02 outinratio 0.0828 

ttH126_4l_pTj1_pTj2_genbin1_recobin4 acc 0.0075 eff 0.1947 outinratio 0.1608 

ggH126_4l_pTj1_pTj2_genbin2_recobin4 acc 0.0185 eff 0.0447 outinratio 0.0581 

VBFH126_4l_pTj1_pTj2_genbin2_recobin4 acc 0.0632 eff 0.0852 outinratio 0.0368 

WminusH126_4l_pTj1_pTj2_genbin2_recobin4 acc 0.0565 eff 0.043 outinratio 0.1005 

WplusH126_4l_pTj1_pTj2_genbin2_recobin4 acc 0.0459 eff 0.0802 outinratio 0.078 

ZH126_4l_pTj1_pTj2_genbin2_recobin4 acc 0.0567 eff 0.0615 outinratio 0.0828 

ttH126_4l_pTj1_pTj2_genbin2_recobin4 acc 0.0124 eff 0.2031 outinratio 0.1608 

ggH126_4l_pTj1_pTj2_genbin3_recobin4 acc 0.0084 eff 0.0908 outinratio 0.0581 

VBFH126_4l_pTj1_pTj2_genbin3_recobin4 acc 0.0485 eff 0.1282 outinratio 0.0368 

WminusH126_4l_pTj1_pTj2_genbin3_recobin4 acc 0.024 eff 0.0823 outinratio 0.1005 

WplusH126_4l_pTj1_pTj2_genbin3_recobin4 acc 0.0225 eff 0.1393 outinratio 0.078 

ZH126_4l_pTj1_pTj2_genbin3_recobin4 acc 0.0259 eff 0.0972 outinratio 0.0828 

ttH126_4l_pTj1_pTj2_genbin3_recobin4 acc 0.0144 eff 0.2493 outinratio 0.1608 

ggH126_4l_pTj1_pTj2_genbin4_recobin4 acc 0.0175 eff 0.4977 outinratio 0.0581 

VBFH126_4l_pTj1_pTj2_genbin4_recobin4 acc 0.1283 eff 0.4848 outinratio 0.0368 

WminusH126_4l_pTj1_pTj2_genbin4_recobin4 acc 0.0705 eff 0.5126 outinratio 0.1005 

WplusH126_4l_pTj1_pTj2_genbin4_recobin4 acc 0.0703 eff 0.5037 outinratio 0.078 

ZH126_4l_pTj1_pTj2_genbin4_recobin4 acc 0.0808 eff 0.4996 outinratio 0.0828 

ttH126_4l_pTj1_pTj2_genbin4_recobin4 acc 0.284 eff 0.5386 outinratio 0.1608 

ggH126_4e_pTj1_pTj2_genbin0_recobin0 acc 0.2481 eff 0.276 outinratio 0.0527 

VBFH126_4e_pTj1_pTj2_genbin0_recobin0 acc 0.0372 eff 0.2204 outinratio 0.0292 

WminusH126_4e_pTj1_pTj2_genbin0_recobin0 acc 0.0868 eff 0.1934 outinratio 0.0515 

WplusH126_4e_pTj1_pTj2_genbin0_recobin0 acc 0.0772 eff 0.2195 outinratio 0.0464 

ZH126_4e_pTj1_pTj2_genbin0_recobin0 acc 0.0731 eff 0.26 outinratio 0.0761 

ttH126_4e_pTj1_pTj2_genbin0_recobin0 acc 0.0006 eff 0.0326 outinratio 1.1865 

ggH126_4e_pTj1_pTj2_genbin1_recobin0 acc 0.1019 eff 0.0427 outinratio 0.0527 

VBFH126_4e_pTj1_pTj2_genbin1_recobin0 acc 0.1677 eff 0.0249 outinratio 0.0292 

WminusH126_4e_pTj1_pTj2_genbin1_recobin0 acc 0.1217 eff 0.0458 outinratio 0.0515 

WplusH126_4e_pTj1_pTj2_genbin1_recobin0 acc 0.0959 eff 0.018 outinratio 0.0464 

ZH126_4e_pTj1_pTj2_genbin1_recobin0 acc 0.1035 eff 0.0202 outinratio 0.0761 

ttH126_4e_pTj1_pTj2_genbin1_recobin0 acc 0.0079 eff 0.016 outinratio 1.1865 

ggH126_4e_pTj1_pTj2_genbin2_recobin0 acc 0.0171 eff 0.0095 outinratio 0.0527 

VBFH126_4e_pTj1_pTj2_genbin2_recobin0 acc 0.0597 eff 0.0054 outinratio 0.0292 

WminusH126_4e_pTj1_pTj2_genbin2_recobin0 acc 0.0527 eff 0.0 outinratio 0.0515 

WplusH126_4e_pTj1_pTj2_genbin2_recobin0 acc 0.0422 eff 0.0046 outinratio 0.0464 

ZH126_4e_pTj1_pTj2_genbin2_recobin0 acc 0.0553 eff 0.0075 outinratio 0.0761 

ttH126_4e_pTj1_pTj2_genbin2_recobin0 acc 0.0125 eff 0.0 outinratio 1.1865 

ggH126_4e_pTj1_pTj2_genbin3_recobin0 acc 0.0082 eff 0.0016 outinratio 0.0527 

VBFH126_4e_pTj1_pTj2_genbin3_recobin0 acc 0.0477 eff 0.0011 outinratio 0.0292 

WminusH126_4e_pTj1_pTj2_genbin3_recobin0 acc 0.0312 eff 0.0 outinratio 0.0515 

WplusH126_4e_pTj1_pTj2_genbin3_recobin0 acc 0.0212 eff 0.0 outinratio 0.0464 

ZH126_4e_pTj1_pTj2_genbin3_recobin0 acc 0.0264 eff 0.0 outinratio 0.0761 

ttH126_4e_pTj1_pTj2_genbin3_recobin0 acc 0.0133 eff 0.0 outinratio 1.1865 

ggH126_4e_pTj1_pTj2_genbin4_recobin0 acc 0.0171 eff 0.0 outinratio 0.0527 

VBFH126_4e_pTj1_pTj2_genbin4_recobin0 acc 0.1231 eff 0.0008 outinratio 0.0292 

WminusH126_4e_pTj1_pTj2_genbin4_recobin0 acc 0.0697 eff 0.0 outinratio 0.0515 

WplusH126_4e_pTj1_pTj2_genbin4_recobin0 acc 0.0701 eff 0.0 outinratio 0.0464 

ZH126_4e_pTj1_pTj2_genbin4_recobin0 acc 0.0761 eff 0.0 outinratio 0.0761 

ttH126_4e_pTj1_pTj2_genbin4_recobin0 acc 0.2748 eff 0.0 outinratio 1.1865 

ggH126_4e_pTj1_pTj2_genbin0_recobin1 acc 0.2481 eff 0.0365 outinratio 0.0504 

VBFH126_4e_pTj1_pTj2_genbin0_recobin1 acc 0.0372 eff 0.0811 outinratio 0.0319 

WminusH126_4e_pTj1_pTj2_genbin0_recobin1 acc 0.0868 eff 0.1141 outinratio 0.0216 

WplusH126_4e_pTj1_pTj2_genbin0_recobin1 acc 0.0772 eff 0.0909 outinratio 0.0663 

ZH126_4e_pTj1_pTj2_genbin0_recobin1 acc 0.0731 eff 0.0456 outinratio 0.1008 

ttH126_4e_pTj1_pTj2_genbin0_recobin1 acc 0.0006 eff 0.1164 outinratio 0.182 

ggH126_4e_pTj1_pTj2_genbin1_recobin1 acc 0.1019 eff 0.2572 outinratio 0.0504 

VBFH126_4e_pTj1_pTj2_genbin1_recobin1 acc 0.1677 eff 0.2547 outinratio 0.0319 

WminusH126_4e_pTj1_pTj2_genbin1_recobin1 acc 0.1217 eff 0.2302 outinratio 0.0216 

WplusH126_4e_pTj1_pTj2_genbin1_recobin1 acc 0.0959 eff 0.2454 outinratio 0.0663 

ZH126_4e_pTj1_pTj2_genbin1_recobin1 acc 0.1035 eff 0.2448 outinratio 0.1008 

ttH126_4e_pTj1_pTj2_genbin1_recobin1 acc 0.0079 eff 0.1103 outinratio 0.182 

ggH126_4e_pTj1_pTj2_genbin2_recobin1 acc 0.0171 eff 0.0902 outinratio 0.0504 

VBFH126_4e_pTj1_pTj2_genbin2_recobin1 acc 0.0597 eff 0.0845 outinratio 0.0319 

WminusH126_4e_pTj1_pTj2_genbin2_recobin1 acc 0.0527 eff 0.1903 outinratio 0.0216 

WplusH126_4e_pTj1_pTj2_genbin2_recobin1 acc 0.0422 eff 0.0649 outinratio 0.0663 

ZH126_4e_pTj1_pTj2_genbin2_recobin1 acc 0.0553 eff 0.0673 outinratio 0.1008 

ttH126_4e_pTj1_pTj2_genbin2_recobin1 acc 0.0125 eff 0.0172 outinratio 0.182 

ggH126_4e_pTj1_pTj2_genbin3_recobin1 acc 0.0082 eff 0.0819 outinratio 0.0504 

VBFH126_4e_pTj1_pTj2_genbin3_recobin1 acc 0.0477 eff 0.0746 outinratio 0.0319 

WminusH126_4e_pTj1_pTj2_genbin3_recobin1 acc 0.0312 eff 0.0383 outinratio 0.0216 

WplusH126_4e_pTj1_pTj2_genbin3_recobin1 acc 0.0212 eff 0.0352 outinratio 0.0663 

ZH126_4e_pTj1_pTj2_genbin3_recobin1 acc 0.0264 eff 0.0668 outinratio 0.1008 

ttH126_4e_pTj1_pTj2_genbin3_recobin1 acc 0.0133 eff 0.035 outinratio 0.182 

ggH126_4e_pTj1_pTj2_genbin4_recobin1 acc 0.0171 eff 0.0093 outinratio 0.0504 

VBFH126_4e_pTj1_pTj2_genbin4_recobin1 acc 0.1231 eff 0.0246 outinratio 0.0319 

WminusH126_4e_pTj1_pTj2_genbin4_recobin1 acc 0.0697 eff 0.0 outinratio 0.0216 

WplusH126_4e_pTj1_pTj2_genbin4_recobin1 acc 0.0701 eff 0.0043 outinratio 0.0663 

ZH126_4e_pTj1_pTj2_genbin4_recobin1 acc 0.0761 eff 0.0088 outinratio 0.1008 

ttH126_4e_pTj1_pTj2_genbin4_recobin1 acc 0.2748 eff 0.0012 outinratio 0.182 

ggH126_4e_pTj1_pTj2_genbin0_recobin2 acc 0.2481 eff 0.0045 outinratio 0.0636 

VBFH126_4e_pTj1_pTj2_genbin0_recobin2 acc 0.0372 eff 0.014 outinratio 0.0372 

WminusH126_4e_pTj1_pTj2_genbin0_recobin2 acc 0.0868 eff 0.0 outinratio 0.1117 

WplusH126_4e_pTj1_pTj2_genbin0_recobin2 acc 0.0772 eff 0.0069 outinratio 0.0698 

ZH126_4e_pTj1_pTj2_genbin0_recobin2 acc 0.0731 eff 0.007 outinratio 0.0657 

ttH126_4e_pTj1_pTj2_genbin0_recobin2 acc 0.0006 eff 0.0 outinratio 0.1235 

ggH126_4e_pTj1_pTj2_genbin1_recobin2 acc 0.1019 eff 0.0232 outinratio 0.0636 

VBFH126_4e_pTj1_pTj2_genbin1_recobin2 acc 0.1677 eff 0.0308 outinratio 0.0372 

WminusH126_4e_pTj1_pTj2_genbin1_recobin2 acc 0.1217 eff 0.0626 outinratio 0.1117 

WplusH126_4e_pTj1_pTj2_genbin1_recobin2 acc 0.0959 eff 0.0449 outinratio 0.0698 

ZH126_4e_pTj1_pTj2_genbin1_recobin2 acc 0.1035 eff 0.0413 outinratio 0.0657 

ttH126_4e_pTj1_pTj2_genbin1_recobin2 acc 0.0079 eff 0.0416 outinratio 0.1235 

ggH126_4e_pTj1_pTj2_genbin2_recobin2 acc 0.0171 eff 0.1925 outinratio 0.0636 

VBFH126_4e_pTj1_pTj2_genbin2_recobin2 acc 0.0597 eff 0.1776 outinratio 0.0372 

WminusH126_4e_pTj1_pTj2_genbin2_recobin2 acc 0.0527 eff 0.1129 outinratio 0.1117 

WplusH126_4e_pTj1_pTj2_genbin2_recobin2 acc 0.0422 eff 0.1947 outinratio 0.0698 

ZH126_4e_pTj1_pTj2_genbin2_recobin2 acc 0.0553 eff 0.2267 outinratio 0.0657 

ttH126_4e_pTj1_pTj2_genbin2_recobin2 acc 0.0125 eff 0.1401 outinratio 0.1235 

ggH126_4e_pTj1_pTj2_genbin3_recobin2 acc 0.0082 eff 0.0204 outinratio 0.0636 

VBFH126_4e_pTj1_pTj2_genbin3_recobin2 acc 0.0477 eff 0.017 outinratio 0.0372 

WminusH126_4e_pTj1_pTj2_genbin3_recobin2 acc 0.0312 eff 0.0346 outinratio 0.1117 

WplusH126_4e_pTj1_pTj2_genbin3_recobin2 acc 0.0212 eff 0.0457 outinratio 0.0698 

ZH126_4e_pTj1_pTj2_genbin3_recobin2 acc 0.0264 eff 0.0201 outinratio 0.0657 

ttH126_4e_pTj1_pTj2_genbin3_recobin2 acc 0.0133 eff 0.016 outinratio 0.1235 

ggH126_4e_pTj1_pTj2_genbin4_recobin2 acc 0.0171 eff 0.0199 outinratio 0.0636 

VBFH126_4e_pTj1_pTj2_genbin4_recobin2 acc 0.1231 eff 0.0161 outinratio 0.0372 

WminusH126_4e_pTj1_pTj2_genbin4_recobin2 acc 0.0697 eff 0.0087 outinratio 0.1117 

WplusH126_4e_pTj1_pTj2_genbin4_recobin2 acc 0.0701 eff 0.0193 outinratio 0.0698 

ZH126_4e_pTj1_pTj2_genbin4_recobin2 acc 0.0761 eff 0.0161 outinratio 0.0657 

ttH126_4e_pTj1_pTj2_genbin4_recobin2 acc 0.2748 eff 0.0055 outinratio 0.1235 

ggH126_4e_pTj1_pTj2_genbin0_recobin3 acc 0.2481 eff 0.0001 outinratio 0.0533 

VBFH126_4e_pTj1_pTj2_genbin0_recobin3 acc 0.0372 eff 0.0007 outinratio 0.0373 

WminusH126_4e_pTj1_pTj2_genbin0_recobin3 acc 0.0868 eff 0.0 outinratio 0.0 

WplusH126_4e_pTj1_pTj2_genbin0_recobin3 acc 0.0772 eff 0.0032 outinratio 0.0976 

ZH126_4e_pTj1_pTj2_genbin0_recobin3 acc 0.0731 eff 0.0037 outinratio 0.0221 

ttH126_4e_pTj1_pTj2_genbin0_recobin3 acc 0.0006 eff 0.0 outinratio 0.1209 

ggH126_4e_pTj1_pTj2_genbin1_recobin3 acc 0.1019 eff 0.0094 outinratio 0.0533 

VBFH126_4e_pTj1_pTj2_genbin1_recobin3 acc 0.1677 eff 0.0242 outinratio 0.0373 

WminusH126_4e_pTj1_pTj2_genbin1_recobin3 acc 0.1217 eff 0.0028 outinratio 0.0 

WplusH126_4e_pTj1_pTj2_genbin1_recobin3 acc 0.0959 eff 0.0149 outinratio 0.0976 

ZH126_4e_pTj1_pTj2_genbin1_recobin3 acc 0.1035 eff 0.0132 outinratio 0.0221 

ttH126_4e_pTj1_pTj2_genbin1_recobin3 acc 0.0079 eff 0.045 outinratio 0.1209 

ggH126_4e_pTj1_pTj2_genbin2_recobin3 acc 0.0171 eff 0.0106 outinratio 0.0533 

VBFH126_4e_pTj1_pTj2_genbin2_recobin3 acc 0.0597 eff 0.0278 outinratio 0.0373 

WminusH126_4e_pTj1_pTj2_genbin2_recobin3 acc 0.0527 eff 0.0188 outinratio 0.0 

WplusH126_4e_pTj1_pTj2_genbin2_recobin3 acc 0.0422 eff 0.0105 outinratio 0.0976 

ZH126_4e_pTj1_pTj2_genbin2_recobin3 acc 0.0553 eff 0.0188 outinratio 0.0221 

ttH126_4e_pTj1_pTj2_genbin2_recobin3 acc 0.0125 eff 0.0167 outinratio 0.1209 

ggH126_4e_pTj1_pTj2_genbin3_recobin3 acc 0.0082 eff 0.2129 outinratio 0.0533 

VBFH126_4e_pTj1_pTj2_genbin3_recobin3 acc 0.0477 eff 0.193 outinratio 0.0373 

WminusH126_4e_pTj1_pTj2_genbin3_recobin3 acc 0.0312 eff 0.2253 outinratio 0.0 

WplusH126_4e_pTj1_pTj2_genbin3_recobin3 acc 0.0212 eff 0.1839 outinratio 0.0976 

ZH126_4e_pTj1_pTj2_genbin3_recobin3 acc 0.0264 eff 0.1841 outinratio 0.0221 

ttH126_4e_pTj1_pTj2_genbin3_recobin3 acc 0.0133 eff 0.1986 outinratio 0.1209 

ggH126_4e_pTj1_pTj2_genbin4_recobin3 acc 0.0171 eff 0.0344 outinratio 0.0533 

VBFH126_4e_pTj1_pTj2_genbin4_recobin3 acc 0.1231 eff 0.0202 outinratio 0.0373 

WminusH126_4e_pTj1_pTj2_genbin4_recobin3 acc 0.0697 eff 0.0086 outinratio 0.0 

WplusH126_4e_pTj1_pTj2_genbin4_recobin3 acc 0.0701 eff 0.0211 outinratio 0.0976 

ZH126_4e_pTj1_pTj2_genbin4_recobin3 acc 0.0761 eff 0.0113 outinratio 0.0221 

ttH126_4e_pTj1_pTj2_genbin4_recobin3 acc 0.2748 eff 0.004 outinratio 0.1209 

ggH126_4e_pTj1_pTj2_genbin0_recobin4 acc 0.2481 eff 0.0 outinratio 0.0542 

VBFH126_4e_pTj1_pTj2_genbin0_recobin4 acc 0.0372 eff 0.0005 outinratio 0.0362 

WminusH126_4e_pTj1_pTj2_genbin0_recobin4 acc 0.0868 eff 0.0 outinratio 0.1171 

WplusH126_4e_pTj1_pTj2_genbin0_recobin4 acc 0.0772 eff 0.0016 outinratio 0.0957 

ZH126_4e_pTj1_pTj2_genbin0_recobin4 acc 0.0731 eff 0.0068 outinratio 0.0781 

ttH126_4e_pTj1_pTj2_genbin0_recobin4 acc 0.0006 eff 0.1383 outinratio 0.2107 

ggH126_4e_pTj1_pTj2_genbin1_recobin4 acc 0.1019 eff 0.0051 outinratio 0.0542 

VBFH126_4e_pTj1_pTj2_genbin1_recobin4 acc 0.1677 eff 0.0121 outinratio 0.0362 

WminusH126_4e_pTj1_pTj2_genbin1_recobin4 acc 0.1217 eff 0.0208 outinratio 0.1171 

WplusH126_4e_pTj1_pTj2_genbin1_recobin4 acc 0.0959 eff 0.0114 outinratio 0.0957 

ZH126_4e_pTj1_pTj2_genbin1_recobin4 acc 0.1035 eff 0.0162 outinratio 0.0781 

ttH126_4e_pTj1_pTj2_genbin1_recobin4 acc 0.0079 eff 0.1546 outinratio 0.2107 

ggH126_4e_pTj1_pTj2_genbin2_recobin4 acc 0.0171 eff 0.0331 outinratio 0.0542 

VBFH126_4e_pTj1_pTj2_genbin2_recobin4 acc 0.0597 eff 0.0503 outinratio 0.0362 

WminusH126_4e_pTj1_pTj2_genbin2_recobin4 acc 0.0527 eff 0.0302 outinratio 0.1171 

WplusH126_4e_pTj1_pTj2_genbin2_recobin4 acc 0.0422 eff 0.0287 outinratio 0.0957 

ZH126_4e_pTj1_pTj2_genbin2_recobin4 acc 0.0553 eff 0.0306 outinratio 0.0781 

ttH126_4e_pTj1_pTj2_genbin2_recobin4 acc 0.0125 eff 0.1665 outinratio 0.2107 

ggH126_4e_pTj1_pTj2_genbin3_recobin4 acc 0.0082 eff 0.0646 outinratio 0.0542 

VBFH126_4e_pTj1_pTj2_genbin3_recobin4 acc 0.0477 eff 0.076 outinratio 0.0362 

WminusH126_4e_pTj1_pTj2_genbin3_recobin4 acc 0.0312 eff 0.0518 outinratio 0.1171 

WplusH126_4e_pTj1_pTj2_genbin3_recobin4 acc 0.0212 eff 0.1159 outinratio 0.0957 

ZH126_4e_pTj1_pTj2_genbin3_recobin4 acc 0.0264 eff 0.0889 outinratio 0.0781 

ttH126_4e_pTj1_pTj2_genbin3_recobin4 acc 0.0133 eff 0.1202 outinratio 0.2107 

ggH126_4e_pTj1_pTj2_genbin4_recobin4 acc 0.0171 eff 0.318 outinratio 0.0542 

VBFH126_4e_pTj1_pTj2_genbin4_recobin4 acc 0.1231 eff 0.3013 outinratio 0.0362 

WminusH126_4e_pTj1_pTj2_genbin4_recobin4 acc 0.0697 eff 0.3668 outinratio 0.1171 

WplusH126_4e_pTj1_pTj2_genbin4_recobin4 acc 0.0701 eff 0.3026 outinratio 0.0957 

ZH126_4e_pTj1_pTj2_genbin4_recobin4 acc 0.0761 eff 0.3415 outinratio 0.0781 

ttH126_4e_pTj1_pTj2_genbin4_recobin4 acc 0.2748 eff 0.3313 outinratio 0.2107 

ggH126_4mu_pTj1_pTj2_genbin0_recobin0 acc 0.2736 eff 0.6979 outinratio 0.0433 

VBFH126_4mu_pTj1_pTj2_genbin0_recobin0 acc 0.0428 eff 0.5522 outinratio 0.0312 

WminusH126_4mu_pTj1_pTj2_genbin0_recobin0 acc 0.1057 eff 0.5822 outinratio 0.0165 

WplusH126_4mu_pTj1_pTj2_genbin0_recobin0 acc 0.0753 eff 0.5642 outinratio 0.0449 

ZH126_4mu_pTj1_pTj2_genbin0_recobin0 acc 0.0784 eff 0.603 outinratio 0.1052 

ttH126_4mu_pTj1_pTj2_genbin0_recobin0 acc 0.0004 eff -1.0 outinratio 0.6739 

ggH126_4mu_pTj1_pTj2_genbin1_recobin0 acc 0.1111 eff 0.1025 outinratio 0.0433 

VBFH126_4mu_pTj1_pTj2_genbin1_recobin0 acc 0.185 eff 0.0657 outinratio 0.0312 

WminusH126_4mu_pTj1_pTj2_genbin1_recobin0 acc 0.1401 eff 0.0615 outinratio 0.0165 

WplusH126_4mu_pTj1_pTj2_genbin1_recobin0 acc 0.1054 eff 0.0513 outinratio 0.0449 

ZH126_4mu_pTj1_pTj2_genbin1_recobin0 acc 0.116 eff 0.0552 outinratio 0.1052 

ttH126_4mu_pTj1_pTj2_genbin1_recobin0 acc 0.0074 eff 0.0254 outinratio 0.6739 

ggH126_4mu_pTj1_pTj2_genbin2_recobin0 acc 0.0199 eff 0.0254 outinratio 0.0433 

VBFH126_4mu_pTj1_pTj2_genbin2_recobin0 acc 0.0673 eff 0.0222 outinratio 0.0312 

WminusH126_4mu_pTj1_pTj2_genbin2_recobin0 acc 0.0628 eff 0.0 outinratio 0.0165 

WplusH126_4mu_pTj1_pTj2_genbin2_recobin0 acc 0.0508 eff 0.0181 outinratio 0.0449 

ZH126_4mu_pTj1_pTj2_genbin2_recobin0 acc 0.0592 eff 0.0152 outinratio 0.1052 

ttH126_4mu_pTj1_pTj2_genbin2_recobin0 acc 0.0128 eff 0.0 outinratio 0.6739 

ggH126_4mu_pTj1_pTj2_genbin3_recobin0 acc 0.0087 eff 0.0017 outinratio 0.0433 

VBFH126_4mu_pTj1_pTj2_genbin3_recobin0 acc 0.0513 eff 0.0037 outinratio 0.0312 

WminusH126_4mu_pTj1_pTj2_genbin3_recobin0 acc 0.0176 eff 0.0 outinratio 0.0165 

WplusH126_4mu_pTj1_pTj2_genbin3_recobin0 acc 0.024 eff 0.0012 outinratio 0.0449 

ZH126_4mu_pTj1_pTj2_genbin3_recobin0 acc 0.0222 eff 0.0057 outinratio 0.1052 

ttH126_4mu_pTj1_pTj2_genbin3_recobin0 acc 0.0163 eff 0.0 outinratio 0.6739 

ggH126_4mu_pTj1_pTj2_genbin4_recobin0 acc 0.0189 eff 0.0 outinratio 0.0433 

VBFH126_4mu_pTj1_pTj2_genbin4_recobin0 acc 0.1371 eff 0.0006 outinratio 0.0312 

WminusH126_4mu_pTj1_pTj2_genbin4_recobin0 acc 0.0773 eff 0.0 outinratio 0.0165 

WplusH126_4mu_pTj1_pTj2_genbin4_recobin0 acc 0.0764 eff 0.0 outinratio 0.0449 

ZH126_4mu_pTj1_pTj2_genbin4_recobin0 acc 0.084 eff 0.0 outinratio 0.1052 

ttH126_4mu_pTj1_pTj2_genbin4_recobin0 acc 0.305 eff 0.0 outinratio 0.6739 

ggH126_4mu_pTj1_pTj2_genbin0_recobin1 acc 0.2736 eff 0.1012 outinratio 0.056 

VBFH126_4mu_pTj1_pTj2_genbin0_recobin1 acc 0.0428 eff 0.2257 outinratio 0.0276 

WminusH126_4mu_pTj1_pTj2_genbin0_recobin1 acc 0.1057 eff 0.1844 outinratio 0.0448 

WplusH126_4mu_pTj1_pTj2_genbin0_recobin1 acc 0.0753 eff 0.1941 outinratio 0.0607 

ZH126_4mu_pTj1_pTj2_genbin0_recobin1 acc 0.0784 eff 0.1496 outinratio 0.0909 

ttH126_4mu_pTj1_pTj2_genbin0_recobin1 acc 0.0004 eff -1.0 outinratio 0.0539 

ggH126_4mu_pTj1_pTj2_genbin1_recobin1 acc 0.1111 eff 0.6063 outinratio 0.056 

VBFH126_4mu_pTj1_pTj2_genbin1_recobin1 acc 0.185 eff 0.5911 outinratio 0.0276 

WminusH126_4mu_pTj1_pTj2_genbin1_recobin1 acc 0.1401 eff 0.5027 outinratio 0.0448 

WplusH126_4mu_pTj1_pTj2_genbin1_recobin1 acc 0.1054 eff 0.5523 outinratio 0.0607 

ZH126_4mu_pTj1_pTj2_genbin1_recobin1 acc 0.116 eff 0.5858 outinratio 0.0909 

ttH126_4mu_pTj1_pTj2_genbin1_recobin1 acc 0.0074 eff 0.315 outinratio 0.0539 

ggH126_4mu_pTj1_pTj2_genbin2_recobin1 acc 0.0199 eff 0.1943 outinratio 0.056 

VBFH126_4mu_pTj1_pTj2_genbin2_recobin1 acc 0.0673 eff 0.192 outinratio 0.0276 

WminusH126_4mu_pTj1_pTj2_genbin2_recobin1 acc 0.0628 eff 0.2246 outinratio 0.0448 

WplusH126_4mu_pTj1_pTj2_genbin2_recobin1 acc 0.0508 eff 0.1642 outinratio 0.0607 

ZH126_4mu_pTj1_pTj2_genbin2_recobin1 acc 0.0592 eff 0.1847 outinratio 0.0909 

ttH126_4mu_pTj1_pTj2_genbin2_recobin1 acc 0.0128 eff 0.0585 outinratio 0.0539 

ggH126_4mu_pTj1_pTj2_genbin3_recobin1 acc 0.0087 eff 0.1388 outinratio 0.056 

VBFH126_4mu_pTj1_pTj2_genbin3_recobin1 acc 0.0513 eff 0.1791 outinratio 0.0276 

WminusH126_4mu_pTj1_pTj2_genbin3_recobin1 acc 0.0176 eff 0.127 outinratio 0.0448 

WplusH126_4mu_pTj1_pTj2_genbin3_recobin1 acc 0.024 eff 0.154 outinratio 0.0607 

ZH126_4mu_pTj1_pTj2_genbin3_recobin1 acc 0.0222 eff 0.1537 outinratio 0.0909 

ttH126_4mu_pTj1_pTj2_genbin3_recobin1 acc 0.0163 eff 0.0357 outinratio 0.0539 

ggH126_4mu_pTj1_pTj2_genbin4_recobin1 acc 0.0189 eff 0.0242 outinratio 0.056 

VBFH126_4mu_pTj1_pTj2_genbin4_recobin1 acc 0.1371 eff 0.0533 outinratio 0.0276 

WminusH126_4mu_pTj1_pTj2_genbin4_recobin1 acc 0.0773 eff 0.0258 outinratio 0.0448 

WplusH126_4mu_pTj1_pTj2_genbin4_recobin1 acc 0.0764 eff 0.0096 outinratio 0.0607 

ZH126_4mu_pTj1_pTj2_genbin4_recobin1 acc 0.084 eff 0.0235 outinratio 0.0909 

ttH126_4mu_pTj1_pTj2_genbin4_recobin1 acc 0.305 eff 0.001 outinratio 0.0539 

ggH126_4mu_pTj1_pTj2_genbin0_recobin2 acc 0.2736 eff 0.0097 outinratio 0.0676 

VBFH126_4mu_pTj1_pTj2_genbin0_recobin2 acc 0.0428 eff 0.0334 outinratio 0.0449 

WminusH126_4mu_pTj1_pTj2_genbin0_recobin2 acc 0.1057 eff 0.0075 outinratio 0.1582 

WplusH126_4mu_pTj1_pTj2_genbin0_recobin2 acc 0.0753 eff 0.0143 outinratio 0.0664 

ZH126_4mu_pTj1_pTj2_genbin0_recobin2 acc 0.0784 eff 0.0253 outinratio 0.075 

ttH126_4mu_pTj1_pTj2_genbin0_recobin2 acc 0.0004 eff -1.0 outinratio 0.158 

ggH126_4mu_pTj1_pTj2_genbin1_recobin2 acc 0.1111 eff 0.0712 outinratio 0.0676 

VBFH126_4mu_pTj1_pTj2_genbin1_recobin2 acc 0.185 eff 0.0746 outinratio 0.0449 

WminusH126_4mu_pTj1_pTj2_genbin1_recobin2 acc 0.1401 eff 0.1059 outinratio 0.1582 

WplusH126_4mu_pTj1_pTj2_genbin1_recobin2 acc 0.1054 eff 0.1027 outinratio 0.0664 

ZH126_4mu_pTj1_pTj2_genbin1_recobin2 acc 0.116 eff 0.112 outinratio 0.075 

ttH126_4mu_pTj1_pTj2_genbin1_recobin2 acc 0.0074 eff 0.0818 outinratio 0.158 

ggH126_4mu_pTj1_pTj2_genbin2_recobin2 acc 0.0199 eff 0.4801 outinratio 0.0676 

VBFH126_4mu_pTj1_pTj2_genbin2_recobin2 acc 0.0673 eff 0.4188 outinratio 0.0449 

WminusH126_4mu_pTj1_pTj2_genbin2_recobin2 acc 0.0628 eff 0.3893 outinratio 0.1582 

WplusH126_4mu_pTj1_pTj2_genbin2_recobin2 acc 0.0508 eff 0.5008 outinratio 0.0664 

ZH126_4mu_pTj1_pTj2_genbin2_recobin2 acc 0.0592 eff 0.4909 outinratio 0.075 

ttH126_4mu_pTj1_pTj2_genbin2_recobin2 acc 0.0128 eff 0.3552 outinratio 0.158 

ggH126_4mu_pTj1_pTj2_genbin3_recobin2 acc 0.0087 eff 0.05 outinratio 0.0676 

VBFH126_4mu_pTj1_pTj2_genbin3_recobin2 acc 0.0513 eff 0.0401 outinratio 0.0449 

WminusH126_4mu_pTj1_pTj2_genbin3_recobin2 acc 0.0176 eff 0.1479 outinratio 0.1582 

WplusH126_4mu_pTj1_pTj2_genbin3_recobin2 acc 0.024 eff 0.024 outinratio 0.0664 

ZH126_4mu_pTj1_pTj2_genbin3_recobin2 acc 0.0222 eff 0.0598 outinratio 0.075 

ttH126_4mu_pTj1_pTj2_genbin3_recobin2 acc 0.0163 eff 0.0607 outinratio 0.158 

ggH126_4mu_pTj1_pTj2_genbin4_recobin2 acc 0.0189 eff 0.0392 outinratio 0.0676 

VBFH126_4mu_pTj1_pTj2_genbin4_recobin2 acc 0.1371 eff 0.032 outinratio 0.0449 

WminusH126_4mu_pTj1_pTj2_genbin4_recobin2 acc 0.0773 eff 0.0392 outinratio 0.1582 

WplusH126_4mu_pTj1_pTj2_genbin4_recobin2 acc 0.0764 eff 0.0366 outinratio 0.0664 

ZH126_4mu_pTj1_pTj2_genbin4_recobin2 acc 0.084 eff 0.0443 outinratio 0.075 

ttH126_4mu_pTj1_pTj2_genbin4_recobin2 acc 0.305 eff 0.0101 outinratio 0.158 

ggH126_4mu_pTj1_pTj2_genbin0_recobin3 acc 0.2736 eff 0.0002 outinratio 0.031 

VBFH126_4mu_pTj1_pTj2_genbin0_recobin3 acc 0.0428 eff 0.0026 outinratio 0.035 

WminusH126_4mu_pTj1_pTj2_genbin0_recobin3 acc 0.1057 eff 0.0 outinratio 0.1283 

WplusH126_4mu_pTj1_pTj2_genbin0_recobin3 acc 0.0753 eff 0.0079 outinratio 0.0222 

ZH126_4mu_pTj1_pTj2_genbin0_recobin3 acc 0.0784 eff 0.0089 outinratio 0.0682 

ttH126_4mu_pTj1_pTj2_genbin0_recobin3 acc 0.0004 eff -1.0 outinratio 0.2179 

ggH126_4mu_pTj1_pTj2_genbin1_recobin3 acc 0.1111 eff 0.0205 outinratio 0.031 

VBFH126_4mu_pTj1_pTj2_genbin1_recobin3 acc 0.185 eff 0.0473 outinratio 0.035 

WminusH126_4mu_pTj1_pTj2_genbin1_recobin3 acc 0.1401 eff 0.0615 outinratio 0.1283 

WplusH126_4mu_pTj1_pTj2_genbin1_recobin3 acc 0.1054 eff 0.0509 outinratio 0.0222 

ZH126_4mu_pTj1_pTj2_genbin1_recobin3 acc 0.116 eff 0.0394 outinratio 0.0682 

ttH126_4mu_pTj1_pTj2_genbin1_recobin3 acc 0.0074 eff 0.0881 outinratio 0.2179 

ggH126_4mu_pTj1_pTj2_genbin2_recobin3 acc 0.0199 eff 0.0335 outinratio 0.031 

VBFH126_4mu_pTj1_pTj2_genbin2_recobin3 acc 0.0673 eff 0.0524 outinratio 0.035 

WminusH126_4mu_pTj1_pTj2_genbin2_recobin3 acc 0.0628 eff 0.0318 outinratio 0.1283 

WplusH126_4mu_pTj1_pTj2_genbin2_recobin3 acc 0.0508 eff 0.0493 outinratio 0.0222 

ZH126_4mu_pTj1_pTj2_genbin2_recobin3 acc 0.0592 eff 0.0358 outinratio 0.0682 

ttH126_4mu_pTj1_pTj2_genbin2_recobin3 acc 0.0128 eff 0.0615 outinratio 0.2179 

ggH126_4mu_pTj1_pTj2_genbin3_recobin3 acc 0.0087 eff 0.5126 outinratio 0.031 

VBFH126_4mu_pTj1_pTj2_genbin3_recobin3 acc 0.0513 eff 0.4216 outinratio 0.035 

WminusH126_4mu_pTj1_pTj2_genbin3_recobin3 acc 0.0176 eff 0.525 outinratio 0.1283 

WplusH126_4mu_pTj1_pTj2_genbin3_recobin3 acc 0.024 eff 0.4125 outinratio 0.0222 

ZH126_4mu_pTj1_pTj2_genbin3_recobin3 acc 0.0222 eff 0.4913 outinratio 0.0682 

ttH126_4mu_pTj1_pTj2_genbin3_recobin3 acc 0.0163 eff 0.331 outinratio 0.2179 

ggH126_4mu_pTj1_pTj2_genbin4_recobin3 acc 0.0189 eff 0.0757 outinratio 0.031 

VBFH126_4mu_pTj1_pTj2_genbin4_recobin3 acc 0.1371 eff 0.0455 outinratio 0.035 

WminusH126_4mu_pTj1_pTj2_genbin4_recobin3 acc 0.0773 eff 0.0366 outinratio 0.1283 

WplusH126_4mu_pTj1_pTj2_genbin4_recobin3 acc 0.0764 eff 0.0308 outinratio 0.0222 

ZH126_4mu_pTj1_pTj2_genbin4_recobin3 acc 0.084 eff 0.0323 outinratio 0.0682 

ttH126_4mu_pTj1_pTj2_genbin4_recobin3 acc 0.305 eff 0.0133 outinratio 0.2179 

ggH126_4mu_pTj1_pTj2_genbin0_recobin4 acc 0.2736 eff 0.0008 outinratio 0.0543 

VBFH126_4mu_pTj1_pTj2_genbin0_recobin4 acc 0.0428 eff 0.0012 outinratio 0.0353 

WminusH126_4mu_pTj1_pTj2_genbin0_recobin4 acc 0.1057 eff 0.0 outinratio 0.0542 

WplusH126_4mu_pTj1_pTj2_genbin0_recobin4 acc 0.0753 eff 0.0014 outinratio 0.0832 

ZH126_4mu_pTj1_pTj2_genbin0_recobin4 acc 0.0784 eff 0.0047 outinratio 0.0826 

ttH126_4mu_pTj1_pTj2_genbin0_recobin4 acc 0.0004 eff -1.0 outinratio 0.1404 

ggH126_4mu_pTj1_pTj2_genbin1_recobin4 acc 0.1111 eff 0.0137 outinratio 0.0543 

VBFH126_4mu_pTj1_pTj2_genbin1_recobin4 acc 0.185 eff 0.0346 outinratio 0.0353 

WminusH126_4mu_pTj1_pTj2_genbin1_recobin4 acc 0.1401 eff 0.0353 outinratio 0.0542 

WplusH126_4mu_pTj1_pTj2_genbin1_recobin4 acc 0.1054 eff 0.0349 outinratio 0.0832 

ZH126_4mu_pTj1_pTj2_genbin1_recobin4 acc 0.116 eff 0.0257 outinratio 0.0826 

ttH126_4mu_pTj1_pTj2_genbin1_recobin4 acc 0.0074 eff 0.2408 outinratio 0.1404 

ggH126_4mu_pTj1_pTj2_genbin2_recobin4 acc 0.0199 eff 0.0611 outinratio 0.0543 

VBFH126_4mu_pTj1_pTj2_genbin2_recobin4 acc 0.0673 eff 0.1257 outinratio 0.0353 

WminusH126_4mu_pTj1_pTj2_genbin2_recobin4 acc 0.0628 eff 0.0879 outinratio 0.0542 

WplusH126_4mu_pTj1_pTj2_genbin2_recobin4 acc 0.0508 eff 0.1081 outinratio 0.0832 

ZH126_4mu_pTj1_pTj2_genbin2_recobin4 acc 0.0592 eff 0.1131 outinratio 0.0826 

ttH126_4mu_pTj1_pTj2_genbin2_recobin4 acc 0.0128 eff 0.2929 outinratio 0.1404 

ggH126_4mu_pTj1_pTj2_genbin3_recobin4 acc 0.0087 eff 0.1095 outinratio 0.0543 

VBFH126_4mu_pTj1_pTj2_genbin3_recobin4 acc 0.0513 eff 0.1918 outinratio 0.0353 

WminusH126_4mu_pTj1_pTj2_genbin3_recobin4 acc 0.0176 eff 0.1502 outinratio 0.0542 

WplusH126_4mu_pTj1_pTj2_genbin3_recobin4 acc 0.024 eff 0.18 outinratio 0.0832 

ZH126_4mu_pTj1_pTj2_genbin3_recobin4 acc 0.0222 eff 0.1383 outinratio 0.0826 

ttH126_4mu_pTj1_pTj2_genbin3_recobin4 acc 0.0163 eff 0.3513 outinratio 0.1404 

ggH126_4mu_pTj1_pTj2_genbin4_recobin4 acc 0.0189 eff 0.7058 outinratio 0.0543 

VBFH126_4mu_pTj1_pTj2_genbin4_recobin4 acc 0.1371 eff 0.6897 outinratio 0.0353 

WminusH126_4mu_pTj1_pTj2_genbin4_recobin4 acc 0.0773 eff 0.6909 outinratio 0.0542 

WplusH126_4mu_pTj1_pTj2_genbin4_recobin4 acc 0.0764 eff 0.7157 outinratio 0.0832 

ZH126_4mu_pTj1_pTj2_genbin4_recobin4 acc 0.084 eff 0.6937 outinratio 0.0826 

ttH126_4mu_pTj1_pTj2_genbin4_recobin4 acc 0.305 eff 0.7658 outinratio 0.1404 

ggH126_2e2mu_pTj1_pTj2_genbin0_recobin0 acc 0.2524 eff 0.4436 outinratio 0.0506 

VBFH126_2e2mu_pTj1_pTj2_genbin0_recobin0 acc 0.0385 eff 0.373 outinratio 0.0313 

WminusH126_2e2mu_pTj1_pTj2_genbin0_recobin0 acc 0.0894 eff 0.336 outinratio 0.0139 

WplusH126_2e2mu_pTj1_pTj2_genbin0_recobin0 acc 0.0708 eff 0.3359 outinratio 0.0983 

ZH126_2e2mu_pTj1_pTj2_genbin0_recobin0 acc 0.0716 eff 0.4161 outinratio 0.0823 

ttH126_2e2mu_pTj1_pTj2_genbin0_recobin0 acc 0.0008 eff 0.043 outinratio 0.0 

ggH126_2e2mu_pTj1_pTj2_genbin1_recobin0 acc 0.1052 eff 0.0666 outinratio 0.0506 

VBFH126_2e2mu_pTj1_pTj2_genbin1_recobin0 acc 0.1706 eff 0.039 outinratio 0.0313 

WminusH126_2e2mu_pTj1_pTj2_genbin1_recobin0 acc 0.1119 eff 0.0593 outinratio 0.0139 

WplusH126_2e2mu_pTj1_pTj2_genbin1_recobin0 acc 0.0995 eff 0.0283 outinratio 0.0983 

ZH126_2e2mu_pTj1_pTj2_genbin1_recobin0 acc 0.1062 eff 0.0431 outinratio 0.0823 

ttH126_2e2mu_pTj1_pTj2_genbin1_recobin0 acc 0.0073 eff 0.0113 outinratio 0.0 

ggH126_2e2mu_pTj1_pTj2_genbin2_recobin0 acc 0.0184 eff 0.0092 outinratio 0.0506 

VBFH126_2e2mu_pTj1_pTj2_genbin2_recobin0 acc 0.0628 eff 0.0098 outinratio 0.0313 

WminusH126_2e2mu_pTj1_pTj2_genbin2_recobin0 acc 0.0551 eff 0.0122 outinratio 0.0139 

WplusH126_2e2mu_pTj1_pTj2_genbin2_recobin0 acc 0.0453 eff 0.0034 outinratio 0.0983 

ZH126_2e2mu_pTj1_pTj2_genbin2_recobin0 acc 0.056 eff 0.0079 outinratio 0.0823 

ttH126_2e2mu_pTj1_pTj2_genbin2_recobin0 acc 0.0122 eff 0.0 outinratio 0.0 

ggH126_2e2mu_pTj1_pTj2_genbin3_recobin0 acc 0.0083 eff 0.0018 outinratio 0.0506 

VBFH126_2e2mu_pTj1_pTj2_genbin3_recobin0 acc 0.0474 eff 0.0033 outinratio 0.0313 

WminusH126_2e2mu_pTj1_pTj2_genbin3_recobin0 acc 0.0234 eff 0.0 outinratio 0.0139 

WplusH126_2e2mu_pTj1_pTj2_genbin3_recobin0 acc 0.0223 eff 0.0 outinratio 0.0983 

ZH126_2e2mu_pTj1_pTj2_genbin3_recobin0 acc 0.0277 eff 0.0 outinratio 0.0823 

ttH126_2e2mu_pTj1_pTj2_genbin3_recobin0 acc 0.0138 eff 0.0 outinratio 0.0 

ggH126_2e2mu_pTj1_pTj2_genbin4_recobin0 acc 0.0169 eff 0.0 outinratio 0.0506 

VBFH126_2e2mu_pTj1_pTj2_genbin4_recobin0 acc 0.1263 eff 0.0011 outinratio 0.0313 

WminusH126_2e2mu_pTj1_pTj2_genbin4_recobin0 acc 0.0673 eff 0.0 outinratio 0.0139 

WplusH126_2e2mu_pTj1_pTj2_genbin4_recobin0 acc 0.0671 eff 0.0 outinratio 0.0983 

ZH126_2e2mu_pTj1_pTj2_genbin4_recobin0 acc 0.0817 eff 0.0 outinratio 0.0823 

ttH126_2e2mu_pTj1_pTj2_genbin4_recobin0 acc 0.2773 eff 0.0001 outinratio 0.0 

ggH126_2e2mu_pTj1_pTj2_genbin0_recobin1 acc 0.2524 eff 0.0609 outinratio 0.0553 

VBFH126_2e2mu_pTj1_pTj2_genbin0_recobin1 acc 0.0385 eff 0.1288 outinratio 0.0371 

WminusH126_2e2mu_pTj1_pTj2_genbin0_recobin1 acc 0.0894 eff 0.1771 outinratio 0.0746 

WplusH126_2e2mu_pTj1_pTj2_genbin0_recobin1 acc 0.0708 eff 0.1279 outinratio 0.0679 

ZH126_2e2mu_pTj1_pTj2_genbin0_recobin1 acc 0.0716 eff 0.0921 outinratio 0.0804 

ttH126_2e2mu_pTj1_pTj2_genbin0_recobin1 acc 0.0008 eff 0.1737 outinratio 0.1863 

ggH126_2e2mu_pTj1_pTj2_genbin1_recobin1 acc 0.1052 eff 0.4004 outinratio 0.0553 

VBFH126_2e2mu_pTj1_pTj2_genbin1_recobin1 acc 0.1706 eff 0.3939 outinratio 0.0371 

WminusH126_2e2mu_pTj1_pTj2_genbin1_recobin1 acc 0.1119 eff 0.323 outinratio 0.0746 

WplusH126_2e2mu_pTj1_pTj2_genbin1_recobin1 acc 0.0995 eff 0.3542 outinratio 0.0679 

ZH126_2e2mu_pTj1_pTj2_genbin1_recobin1 acc 0.1062 eff 0.3687 outinratio 0.0804 

ttH126_2e2mu_pTj1_pTj2_genbin1_recobin1 acc 0.0073 eff 0.1945 outinratio 0.1863 

ggH126_2e2mu_pTj1_pTj2_genbin2_recobin1 acc 0.0184 eff 0.132 outinratio 0.0553 

VBFH126_2e2mu_pTj1_pTj2_genbin2_recobin1 acc 0.0628 eff 0.1269 outinratio 0.0371 

WminusH126_2e2mu_pTj1_pTj2_genbin2_recobin1 acc 0.0551 eff 0.0821 outinratio 0.0746 

WplusH126_2e2mu_pTj1_pTj2_genbin2_recobin1 acc 0.0453 eff 0.0739 outinratio 0.0679 

ZH126_2e2mu_pTj1_pTj2_genbin2_recobin1 acc 0.056 eff 0.0965 outinratio 0.0804 

ttH126_2e2mu_pTj1_pTj2_genbin2_recobin1 acc 0.0122 eff 0.036 outinratio 0.1863 

ggH126_2e2mu_pTj1_pTj2_genbin3_recobin1 acc 0.0083 eff 0.0984 outinratio 0.0553 

VBFH126_2e2mu_pTj1_pTj2_genbin3_recobin1 acc 0.0474 eff 0.1181 outinratio 0.0371 

WminusH126_2e2mu_pTj1_pTj2_genbin3_recobin1 acc 0.0234 eff 0.0895 outinratio 0.0746 

WplusH126_2e2mu_pTj1_pTj2_genbin3_recobin1 acc 0.0223 eff 0.0697 outinratio 0.0679 

ZH126_2e2mu_pTj1_pTj2_genbin3_recobin1 acc 0.0277 eff 0.0738 outinratio 0.0804 

ttH126_2e2mu_pTj1_pTj2_genbin3_recobin1 acc 0.0138 eff 0.0387 outinratio 0.1863 

ggH126_2e2mu_pTj1_pTj2_genbin4_recobin1 acc 0.0169 eff 0.0198 outinratio 0.0553 

VBFH126_2e2mu_pTj1_pTj2_genbin4_recobin1 acc 0.1263 eff 0.0365 outinratio 0.0371 

WminusH126_2e2mu_pTj1_pTj2_genbin4_recobin1 acc 0.0673 eff 0.0 outinratio 0.0746 

WplusH126_2e2mu_pTj1_pTj2_genbin4_recobin1 acc 0.0671 eff 0.0105 outinratio 0.0679 

ZH126_2e2mu_pTj1_pTj2_genbin4_recobin1 acc 0.0817 eff 0.0076 outinratio 0.0804 

ttH126_2e2mu_pTj1_pTj2_genbin4_recobin1 acc 0.2773 eff 0.0004 outinratio 0.1863 

ggH126_2e2mu_pTj1_pTj2_genbin0_recobin2 acc 0.2524 eff 0.0052 outinratio 0.0649 

VBFH126_2e2mu_pTj1_pTj2_genbin0_recobin2 acc 0.0385 eff 0.0195 outinratio 0.0353 

WminusH126_2e2mu_pTj1_pTj2_genbin0_recobin2 acc 0.0894 eff 0.0036 outinratio 0.0534 

WplusH126_2e2mu_pTj1_pTj2_genbin0_recobin2 acc 0.0708 eff 0.0183 outinratio 0.1029 

ZH126_2e2mu_pTj1_pTj2_genbin0_recobin2 acc 0.0716 eff 0.0136 outinratio 0.0865 

ttH126_2e2mu_pTj1_pTj2_genbin0_recobin2 acc 0.0008 eff 0.0 outinratio 0.1174 

ggH126_2e2mu_pTj1_pTj2_genbin1_recobin2 acc 0.1052 eff 0.0433 outinratio 0.0649 

VBFH126_2e2mu_pTj1_pTj2_genbin1_recobin2 acc 0.1706 eff 0.0505 outinratio 0.0353 

WminusH126_2e2mu_pTj1_pTj2_genbin1_recobin2 acc 0.1119 eff 0.1135 outinratio 0.0534 

WplusH126_2e2mu_pTj1_pTj2_genbin1_recobin2 acc 0.0995 eff 0.0795 outinratio 0.1029 

ZH126_2e2mu_pTj1_pTj2_genbin1_recobin2 acc 0.1062 eff 0.057 outinratio 0.0865 

ttH126_2e2mu_pTj1_pTj2_genbin1_recobin2 acc 0.0073 eff 0.0412 outinratio 0.1174 

ggH126_2e2mu_pTj1_pTj2_genbin2_recobin2 acc 0.0184 eff 0.3072 outinratio 0.0649 

VBFH126_2e2mu_pTj1_pTj2_genbin2_recobin2 acc 0.0628 eff 0.2663 outinratio 0.0353 

WminusH126_2e2mu_pTj1_pTj2_genbin2_recobin2 acc 0.0551 eff 0.3652 outinratio 0.0534 

WplusH126_2e2mu_pTj1_pTj2_genbin2_recobin2 acc 0.0453 eff 0.3023 outinratio 0.1029 

ZH126_2e2mu_pTj1_pTj2_genbin2_recobin2 acc 0.056 eff 0.315 outinratio 0.0865 

ttH126_2e2mu_pTj1_pTj2_genbin2_recobin2 acc 0.0122 eff 0.2521 outinratio 0.1174 

ggH126_2e2mu_pTj1_pTj2_genbin3_recobin2 acc 0.0083 eff 0.0311 outinratio 0.0649 

VBFH126_2e2mu_pTj1_pTj2_genbin3_recobin2 acc 0.0474 eff 0.0244 outinratio 0.0353 

WminusH126_2e2mu_pTj1_pTj2_genbin3_recobin2 acc 0.0234 eff 0.0111 outinratio 0.0534 

WplusH126_2e2mu_pTj1_pTj2_genbin3_recobin2 acc 0.0223 eff 0.035 outinratio 0.1029 

ZH126_2e2mu_pTj1_pTj2_genbin3_recobin2 acc 0.0277 eff 0.0344 outinratio 0.0865 

ttH126_2e2mu_pTj1_pTj2_genbin3_recobin2 acc 0.0138 eff 0.0201 outinratio 0.1174 

ggH126_2e2mu_pTj1_pTj2_genbin4_recobin2 acc 0.0169 eff 0.0379 outinratio 0.0649 

VBFH126_2e2mu_pTj1_pTj2_genbin4_recobin2 acc 0.1263 eff 0.0211 outinratio 0.0353 

WminusH126_2e2mu_pTj1_pTj2_genbin4_recobin2 acc 0.0673 eff 0.0174 outinratio 0.0534 

WplusH126_2e2mu_pTj1_pTj2_genbin4_recobin2 acc 0.0671 eff 0.0262 outinratio 0.1029 

ZH126_2e2mu_pTj1_pTj2_genbin4_recobin2 acc 0.0817 eff 0.0268 outinratio 0.0865 

ttH126_2e2mu_pTj1_pTj2_genbin4_recobin2 acc 0.2773 eff 0.0073 outinratio 0.1174 

ggH126_2e2mu_pTj1_pTj2_genbin0_recobin3 acc 0.2524 eff 0.0003 outinratio 0.0689 

VBFH126_2e2mu_pTj1_pTj2_genbin0_recobin3 acc 0.0385 eff 0.0008 outinratio 0.0386 

WminusH126_2e2mu_pTj1_pTj2_genbin0_recobin3 acc 0.0894 eff 0.0 outinratio 0.2147 

WplusH126_2e2mu_pTj1_pTj2_genbin0_recobin3 acc 0.0708 eff 0.005 outinratio 0.0646 

ZH126_2e2mu_pTj1_pTj2_genbin0_recobin3 acc 0.0716 eff 0.0061 outinratio 0.0651 

ttH126_2e2mu_pTj1_pTj2_genbin0_recobin3 acc 0.0008 eff 0.0229 outinratio 0.2157 

ggH126_2e2mu_pTj1_pTj2_genbin1_recobin3 acc 0.1052 eff 0.0123 outinratio 0.0689 

VBFH126_2e2mu_pTj1_pTj2_genbin1_recobin3 acc 0.1706 eff 0.0344 outinratio 0.0386 

WminusH126_2e2mu_pTj1_pTj2_genbin1_recobin3 acc 0.1119 eff 0.0197 outinratio 0.2147 

WplusH126_2e2mu_pTj1_pTj2_genbin1_recobin3 acc 0.0995 eff 0.028 outinratio 0.0646 

ZH126_2e2mu_pTj1_pTj2_genbin1_recobin3 acc 0.1062 eff 0.0315 outinratio 0.0651 

ttH126_2e2mu_pTj1_pTj2_genbin1_recobin3 acc 0.0073 eff 0.0779 outinratio 0.2157 

ggH126_2e2mu_pTj1_pTj2_genbin2_recobin3 acc 0.0184 eff 0.0209 outinratio 0.0689 

VBFH126_2e2mu_pTj1_pTj2_genbin2_recobin3 acc 0.0628 eff 0.0406 outinratio 0.0386 

WminusH126_2e2mu_pTj1_pTj2_genbin2_recobin3 acc 0.0551 eff 0.0251 outinratio 0.2147 

WplusH126_2e2mu_pTj1_pTj2_genbin2_recobin3 acc 0.0453 eff 0.0196 outinratio 0.0646 

ZH126_2e2mu_pTj1_pTj2_genbin2_recobin3 acc 0.056 eff 0.0298 outinratio 0.0651 

ttH126_2e2mu_pTj1_pTj2_genbin2_recobin3 acc 0.0122 eff 0.029 outinratio 0.2157 

ggH126_2e2mu_pTj1_pTj2_genbin3_recobin3 acc 0.0083 eff 0.3511 outinratio 0.0689 

VBFH126_2e2mu_pTj1_pTj2_genbin3_recobin3 acc 0.0474 eff 0.2901 outinratio 0.0386 

WminusH126_2e2mu_pTj1_pTj2_genbin3_recobin3 acc 0.0234 eff 0.2945 outinratio 0.2147 

WplusH126_2e2mu_pTj1_pTj2_genbin3_recobin3 acc 0.0223 eff 0.2829 outinratio 0.0646 

ZH126_2e2mu_pTj1_pTj2_genbin3_recobin3 acc 0.0277 eff 0.2916 outinratio 0.0651 

ttH126_2e2mu_pTj1_pTj2_genbin3_recobin3 acc 0.0138 eff 0.2087 outinratio 0.2157 

ggH126_2e2mu_pTj1_pTj2_genbin4_recobin3 acc 0.0169 eff 0.0297 outinratio 0.0689 

VBFH126_2e2mu_pTj1_pTj2_genbin4_recobin3 acc 0.1263 eff 0.0309 outinratio 0.0386 

WminusH126_2e2mu_pTj1_pTj2_genbin4_recobin3 acc 0.0673 eff 0.0334 outinratio 0.2147 

WplusH126_2e2mu_pTj1_pTj2_genbin4_recobin3 acc 0.0671 eff 0.0211 outinratio 0.0646 

ZH126_2e2mu_pTj1_pTj2_genbin4_recobin3 acc 0.0817 eff 0.0356 outinratio 0.0651 

ttH126_2e2mu_pTj1_pTj2_genbin4_recobin3 acc 0.2773 eff 0.0078 outinratio 0.2157 

ggH126_2e2mu_pTj1_pTj2_genbin0_recobin4 acc 0.2524 eff 0.0004 outinratio 0.0631 

VBFH126_2e2mu_pTj1_pTj2_genbin0_recobin4 acc 0.0385 eff 0.0026 outinratio 0.0384 

WminusH126_2e2mu_pTj1_pTj2_genbin0_recobin4 acc 0.0894 eff 0.0 outinratio 0.1356 

WplusH126_2e2mu_pTj1_pTj2_genbin0_recobin4 acc 0.0708 eff 0.0007 outinratio 0.0673 

ZH126_2e2mu_pTj1_pTj2_genbin0_recobin4 acc 0.0716 eff 0.005 outinratio 0.0848 

ttH126_2e2mu_pTj1_pTj2_genbin0_recobin4 acc 0.0008 eff 0.09 outinratio 0.1621 

ggH126_2e2mu_pTj1_pTj2_genbin1_recobin4 acc 0.1052 eff 0.0064 outinratio 0.0631 

VBFH126_2e2mu_pTj1_pTj2_genbin1_recobin4 acc 0.1706 eff 0.021 outinratio 0.0384 

WminusH126_2e2mu_pTj1_pTj2_genbin1_recobin4 acc 0.1119 eff 0.0344 outinratio 0.1356 

WplusH126_2e2mu_pTj1_pTj2_genbin1_recobin4 acc 0.0995 eff 0.0133 outinratio 0.0673 

ZH126_2e2mu_pTj1_pTj2_genbin1_recobin4 acc 0.1062 eff 0.0187 outinratio 0.0848 

ttH126_2e2mu_pTj1_pTj2_genbin1_recobin4 acc 0.0073 eff 0.1921 outinratio 0.1621 

ggH126_2e2mu_pTj1_pTj2_genbin2_recobin4 acc 0.0184 eff 0.0409 outinratio 0.0631 

VBFH126_2e2mu_pTj1_pTj2_genbin2_recobin4 acc 0.0628 eff 0.0798 outinratio 0.0384 

WminusH126_2e2mu_pTj1_pTj2_genbin2_recobin4 acc 0.0551 eff 0.0219 outinratio 0.1356 

WplusH126_2e2mu_pTj1_pTj2_genbin2_recobin4 acc 0.0453 eff 0.0895 outinratio 0.0673 

ZH126_2e2mu_pTj1_pTj2_genbin2_recobin4 acc 0.056 eff 0.0487 outinratio 0.0848 

ttH126_2e2mu_pTj1_pTj2_genbin2_recobin4 acc 0.0122 eff 0.171 outinratio 0.1621 

ggH126_2e2mu_pTj1_pTj2_genbin3_recobin4 acc 0.0083 eff 0.0946 outinratio 0.0631 

VBFH126_2e2mu_pTj1_pTj2_genbin3_recobin4 acc 0.0474 eff 0.1194 outinratio 0.0384 

WminusH126_2e2mu_pTj1_pTj2_genbin3_recobin4 acc 0.0234 eff 0.0773 outinratio 0.1356 

WplusH126_2e2mu_pTj1_pTj2_genbin3_recobin4 acc 0.0223 eff 0.128 outinratio 0.0673 

ZH126_2e2mu_pTj1_pTj2_genbin3_recobin4 acc 0.0277 eff 0.0838 outinratio 0.0848 

ttH126_2e2mu_pTj1_pTj2_genbin3_recobin4 acc 0.0138 eff 0.2497 outinratio 0.1621 

ggH126_2e2mu_pTj1_pTj2_genbin4_recobin4 acc 0.0169 eff 0.471 outinratio 0.0631 

VBFH126_2e2mu_pTj1_pTj2_genbin4_recobin4 acc 0.1263 eff 0.4616 outinratio 0.0384 

WminusH126_2e2mu_pTj1_pTj2_genbin4_recobin4 acc 0.0673 eff 0.4859 outinratio 0.1356 

WplusH126_2e2mu_pTj1_pTj2_genbin4_recobin4 acc 0.0671 eff 0.4889 outinratio 0.0673 

ZH126_2e2mu_pTj1_pTj2_genbin4_recobin4 acc 0.0817 eff 0.4722 outinratio 0.0848 

ttH126_2e2mu_pTj1_pTj2_genbin4_recobin4 acc 0.2773 eff 0.5107 outinratio 0.1621 

Coeff fullNNLOPS
