Welcome in RunCoefficients!
OPT SPLIT
DEBUG opt.YEAR = 2023preBPix_1
It is a single-differential measurement, binning [-100.0, 0.0, 12.0, 28.0, 40.0, 85.0, 10000.0]
pTHj
Following observables extracted from dictionary: RECO =  pTHj  GEN =  GENpTHj
LUMI: 18.06265
ttH126 0.00046886128
Processing ggH126 2023preBPix_1
Signal created
Signal failed created
Processing VBFH126 2023preBPix_1
Signal created
Signal failed created
Processing WminusH126 2023preBPix_1
Signal created
Signal failed created
Processing WplusH126 2023preBPix_1
Signal created
Signal failed created
Processing ZH126 2023preBPix_1
Signal created
Signal failed created
Processing ttH126 2023preBPix_1
Signal created
Signal failed created
2023preBPix_1 SKIMMED df CREATED
2023preBPix_1 ggH126
2023preBPix_1 VBFH126
2023preBPix_1 WminusH126
2023preBPix_1 WplusH126
2023preBPix_1 ZH126
2023preBPix_1 ttH126
Dataframes created successfully
Coeff std
ggH126_4l_pTHj_genbin0_recobin0 acc 0.2919 eff 0.5201 outinratio 0.0078 

VBFH126_4l_pTHj_genbin0_recobin0 acc 0.0708 eff 0.4403 outinratio 0.0064 

WminusH126_4l_pTHj_genbin0_recobin0 acc 0.1023 eff 0.4086 outinratio 0.0234 

WplusH126_4l_pTHj_genbin0_recobin0 acc 0.0885 eff 0.4088 outinratio 0.0247 

ZH126_4l_pTHj_genbin0_recobin0 acc 0.0807 eff 0.4773 outinratio 0.0692 

ttH126_4l_pTHj_genbin0_recobin0 acc 0.0016 eff 0.0798 outinratio 0.0679 

ggH126_4l_pTHj_genbin1_recobin0 acc 0.0266 eff 0.0722 outinratio 0.0078 

VBFH126_4l_pTHj_genbin1_recobin0 acc 0.0226 eff 0.0493 outinratio 0.0064 

WminusH126_4l_pTHj_genbin1_recobin0 acc 0.0166 eff 0.0302 outinratio 0.0234 

WplusH126_4l_pTHj_genbin1_recobin0 acc 0.0142 eff 0.0314 outinratio 0.0247 

ZH126_4l_pTHj_genbin1_recobin0 acc 0.014 eff 0.043 outinratio 0.0692 

ttH126_4l_pTHj_genbin1_recobin0 acc 0.0037 eff 0.0 outinratio 0.0679 

ggH126_4l_pTHj_genbin2_recobin0 acc 0.0486 eff 0.07 outinratio 0.0078 

VBFH126_4l_pTHj_genbin2_recobin0 acc 0.083 eff 0.0465 outinratio 0.0064 

WminusH126_4l_pTHj_genbin2_recobin0 acc 0.0612 eff 0.0321 outinratio 0.0234 

WplusH126_4l_pTHj_genbin2_recobin0 acc 0.0525 eff 0.0289 outinratio 0.0247 

ZH126_4l_pTHj_genbin2_recobin0 acc 0.0556 eff 0.0376 outinratio 0.0692 

ttH126_4l_pTHj_genbin2_recobin0 acc 0.0167 eff 0.0026 outinratio 0.0679 

ggH126_4l_pTHj_genbin3_recobin0 acc 0.0259 eff 0.0575 outinratio 0.0078 

VBFH126_4l_pTHj_genbin3_recobin0 acc 0.074 eff 0.0346 outinratio 0.0064 

WminusH126_4l_pTHj_genbin3_recobin0 acc 0.0544 eff 0.0275 outinratio 0.0234 

WplusH126_4l_pTHj_genbin3_recobin0 acc 0.0467 eff 0.0237 outinratio 0.0247 

ZH126_4l_pTHj_genbin3_recobin0 acc 0.0521 eff 0.0261 outinratio 0.0692 

ttH126_4l_pTHj_genbin3_recobin0 acc 0.0197 eff 0.0016 outinratio 0.0679 

ggH126_4l_pTHj_genbin4_recobin0 acc 0.0398 eff 0.0341 outinratio 0.0078 

VBFH126_4l_pTHj_genbin4_recobin0 acc 0.1783 eff 0.0165 outinratio 0.0064 

WminusH126_4l_pTHj_genbin4_recobin0 acc 0.1173 eff 0.0131 outinratio 0.0234 

WplusH126_4l_pTHj_genbin4_recobin0 acc 0.1038 eff 0.0115 outinratio 0.0247 

ZH126_4l_pTHj_genbin4_recobin0 acc 0.1234 eff 0.0179 outinratio 0.0692 

ttH126_4l_pTHj_genbin4_recobin0 acc 0.1114 eff 0.0015 outinratio 0.0679 

ggH126_4l_pTHj_genbin5_recobin0 acc 0.013 eff 0.0037 outinratio 0.0078 

VBFH126_4l_pTHj_genbin5_recobin0 acc 0.0548 eff 0.0021 outinratio 0.0064 

WminusH126_4l_pTHj_genbin5_recobin0 acc 0.0632 eff 0.01 outinratio 0.0234 

WplusH126_4l_pTHj_genbin5_recobin0 acc 0.0623 eff 0.0096 outinratio 0.0247 

ZH126_4l_pTHj_genbin5_recobin0 acc 0.068 eff 0.0123 outinratio 0.0692 

ttH126_4l_pTHj_genbin5_recobin0 acc 0.336 eff 0.0013 outinratio 0.0679 

ggH126_4l_pTHj_genbin0_recobin1 acc 0.2919 eff 0.0067 outinratio 0.009 

VBFH126_4l_pTHj_genbin0_recobin1 acc 0.0708 eff 0.0133 outinratio 0.0121 

WminusH126_4l_pTHj_genbin0_recobin1 acc 0.1023 eff 0.0068 outinratio 0.0123 

WplusH126_4l_pTHj_genbin0_recobin1 acc 0.0885 eff 0.0058 outinratio 0.0112 

ZH126_4l_pTHj_genbin0_recobin1 acc 0.0807 eff 0.0063 outinratio 0.0391 

ttH126_4l_pTHj_genbin0_recobin1 acc 0.0016 eff 0.0 outinratio 0.0691 

ggH126_4l_pTHj_genbin1_recobin1 acc 0.0266 eff 0.3105 outinratio 0.009 

VBFH126_4l_pTHj_genbin1_recobin1 acc 0.0226 eff 0.2709 outinratio 0.0121 

WminusH126_4l_pTHj_genbin1_recobin1 acc 0.0166 eff 0.2701 outinratio 0.0123 

WplusH126_4l_pTHj_genbin1_recobin1 acc 0.0142 eff 0.2567 outinratio 0.0112 

ZH126_4l_pTHj_genbin1_recobin1 acc 0.014 eff 0.274 outinratio 0.0391 

ttH126_4l_pTHj_genbin1_recobin1 acc 0.0037 eff 0.0921 outinratio 0.0691 

ggH126_4l_pTHj_genbin2_recobin1 acc 0.0486 eff 0.0568 outinratio 0.009 

VBFH126_4l_pTHj_genbin2_recobin1 acc 0.083 eff 0.0552 outinratio 0.0121 

WminusH126_4l_pTHj_genbin2_recobin1 acc 0.0612 eff 0.0445 outinratio 0.0123 

WplusH126_4l_pTHj_genbin2_recobin1 acc 0.0525 eff 0.0484 outinratio 0.0112 

ZH126_4l_pTHj_genbin2_recobin1 acc 0.0556 eff 0.0503 outinratio 0.0391 

ttH126_4l_pTHj_genbin2_recobin1 acc 0.0167 eff 0.0396 outinratio 0.0691 

ggH126_4l_pTHj_genbin3_recobin1 acc 0.0259 eff 0.0024 outinratio 0.009 

VBFH126_4l_pTHj_genbin3_recobin1 acc 0.074 eff 0.0086 outinratio 0.0121 

WminusH126_4l_pTHj_genbin3_recobin1 acc 0.0544 eff 0.0041 outinratio 0.0123 

WplusH126_4l_pTHj_genbin3_recobin1 acc 0.0467 eff 0.0044 outinratio 0.0112 

ZH126_4l_pTHj_genbin3_recobin1 acc 0.0521 eff 0.0027 outinratio 0.0391 

ttH126_4l_pTHj_genbin3_recobin1 acc 0.0197 eff 0.0085 outinratio 0.0691 

ggH126_4l_pTHj_genbin4_recobin1 acc 0.0398 eff 0.0002 outinratio 0.009 

VBFH126_4l_pTHj_genbin4_recobin1 acc 0.1783 eff 0.0015 outinratio 0.0121 

WminusH126_4l_pTHj_genbin4_recobin1 acc 0.1173 eff 0.0014 outinratio 0.0123 

WplusH126_4l_pTHj_genbin4_recobin1 acc 0.1038 eff 0.0018 outinratio 0.0112 

ZH126_4l_pTHj_genbin4_recobin1 acc 0.1234 eff 0.0006 outinratio 0.0391 

ttH126_4l_pTHj_genbin4_recobin1 acc 0.1114 eff 0.0005 outinratio 0.0691 

ggH126_4l_pTHj_genbin5_recobin1 acc 0.013 eff 0.0 outinratio 0.009 

VBFH126_4l_pTHj_genbin5_recobin1 acc 0.0548 eff 0.0001 outinratio 0.0121 

WminusH126_4l_pTHj_genbin5_recobin1 acc 0.0632 eff 0.001 outinratio 0.0123 

WplusH126_4l_pTHj_genbin5_recobin1 acc 0.0623 eff 0.0006 outinratio 0.0112 

ZH126_4l_pTHj_genbin5_recobin1 acc 0.068 eff 0.0007 outinratio 0.0391 

ttH126_4l_pTHj_genbin5_recobin1 acc 0.336 eff 0.0005 outinratio 0.0691 

ggH126_4l_pTHj_genbin0_recobin2 acc 0.2919 eff 0.0174 outinratio 0.008 

VBFH126_4l_pTHj_genbin0_recobin2 acc 0.0708 eff 0.0464 outinratio 0.0094 

WminusH126_4l_pTHj_genbin0_recobin2 acc 0.1023 eff 0.0266 outinratio 0.0107 

WplusH126_4l_pTHj_genbin0_recobin2 acc 0.0885 eff 0.0213 outinratio 0.0107 

ZH126_4l_pTHj_genbin0_recobin2 acc 0.0807 eff 0.0158 outinratio 0.0335 

ttH126_4l_pTHj_genbin0_recobin2 acc 0.0016 eff 0.0 outinratio 0.0303 

ggH126_4l_pTHj_genbin1_recobin2 acc 0.0266 eff 0.1789 outinratio 0.008 

VBFH126_4l_pTHj_genbin1_recobin2 acc 0.0226 eff 0.242 outinratio 0.0094 

WminusH126_4l_pTHj_genbin1_recobin2 acc 0.0166 eff 0.2058 outinratio 0.0107 

WplusH126_4l_pTHj_genbin1_recobin2 acc 0.0142 eff 0.2198 outinratio 0.0107 

ZH126_4l_pTHj_genbin1_recobin2 acc 0.014 eff 0.1743 outinratio 0.0335 

ttH126_4l_pTHj_genbin1_recobin2 acc 0.0037 eff 0.1612 outinratio 0.0303 

ggH126_4l_pTHj_genbin2_recobin2 acc 0.0486 eff 0.3539 outinratio 0.008 

VBFH126_4l_pTHj_genbin2_recobin2 acc 0.083 eff 0.3397 outinratio 0.0094 

WminusH126_4l_pTHj_genbin2_recobin2 acc 0.0612 eff 0.3339 outinratio 0.0107 

WplusH126_4l_pTHj_genbin2_recobin2 acc 0.0525 eff 0.3323 outinratio 0.0107 

ZH126_4l_pTHj_genbin2_recobin2 acc 0.0556 eff 0.3147 outinratio 0.0335 

ttH126_4l_pTHj_genbin2_recobin2 acc 0.0167 eff 0.199 outinratio 0.0303 

ggH126_4l_pTHj_genbin3_recobin2 acc 0.0259 eff 0.0975 outinratio 0.008 

VBFH126_4l_pTHj_genbin3_recobin2 acc 0.074 eff 0.1027 outinratio 0.0094 

WminusH126_4l_pTHj_genbin3_recobin2 acc 0.0544 eff 0.0854 outinratio 0.0107 

WplusH126_4l_pTHj_genbin3_recobin2 acc 0.0467 eff 0.0856 outinratio 0.0107 

ZH126_4l_pTHj_genbin3_recobin2 acc 0.0521 eff 0.0829 outinratio 0.0335 

ttH126_4l_pTHj_genbin3_recobin2 acc 0.0197 eff 0.0746 outinratio 0.0303 

ggH126_4l_pTHj_genbin4_recobin2 acc 0.0398 eff 0.0114 outinratio 0.008 

VBFH126_4l_pTHj_genbin4_recobin2 acc 0.1783 eff 0.0138 outinratio 0.0094 

WminusH126_4l_pTHj_genbin4_recobin2 acc 0.1173 eff 0.0119 outinratio 0.0107 

WplusH126_4l_pTHj_genbin4_recobin2 acc 0.1038 eff 0.0123 outinratio 0.0107 

ZH126_4l_pTHj_genbin4_recobin2 acc 0.1234 eff 0.0099 outinratio 0.0335 

ttH126_4l_pTHj_genbin4_recobin2 acc 0.1114 eff 0.0057 outinratio 0.0303 

ggH126_4l_pTHj_genbin5_recobin2 acc 0.013 eff 0.0008 outinratio 0.008 

VBFH126_4l_pTHj_genbin5_recobin2 acc 0.0548 eff 0.0026 outinratio 0.0094 

WminusH126_4l_pTHj_genbin5_recobin2 acc 0.0632 eff 0.0032 outinratio 0.0107 

WplusH126_4l_pTHj_genbin5_recobin2 acc 0.0623 eff 0.0025 outinratio 0.0107 

ZH126_4l_pTHj_genbin5_recobin2 acc 0.068 eff 0.0022 outinratio 0.0335 

ttH126_4l_pTHj_genbin5_recobin2 acc 0.336 eff 0.0015 outinratio 0.0303 

ggH126_4l_pTHj_genbin0_recobin3 acc 0.2919 eff 0.0108 outinratio 0.0061 

VBFH126_4l_pTHj_genbin0_recobin3 acc 0.0708 eff 0.0367 outinratio 0.0059 

WminusH126_4l_pTHj_genbin0_recobin3 acc 0.1023 eff 0.0238 outinratio 0.0114 

WplusH126_4l_pTHj_genbin0_recobin3 acc 0.0885 eff 0.0216 outinratio 0.0127 

ZH126_4l_pTHj_genbin0_recobin3 acc 0.0807 eff 0.0102 outinratio 0.0388 

ttH126_4l_pTHj_genbin0_recobin3 acc 0.0016 eff -0.012 outinratio 0.0187 

ggH126_4l_pTHj_genbin1_recobin3 acc 0.0266 eff 0.0201 outinratio 0.0061 

VBFH126_4l_pTHj_genbin1_recobin3 acc 0.0226 eff 0.0327 outinratio 0.0059 

WminusH126_4l_pTHj_genbin1_recobin3 acc 0.0166 eff 0.0217 outinratio 0.0114 

WplusH126_4l_pTHj_genbin1_recobin3 acc 0.0142 eff 0.029 outinratio 0.0127 

ZH126_4l_pTHj_genbin1_recobin3 acc 0.014 eff 0.0279 outinratio 0.0388 

ttH126_4l_pTHj_genbin1_recobin3 acc 0.0037 eff 0.053 outinratio 0.0187 

ggH126_4l_pTHj_genbin2_recobin3 acc 0.0486 eff 0.0825 outinratio 0.0061 

VBFH126_4l_pTHj_genbin2_recobin3 acc 0.083 eff 0.1198 outinratio 0.0059 

WminusH126_4l_pTHj_genbin2_recobin3 acc 0.0612 eff 0.1065 outinratio 0.0114 

WplusH126_4l_pTHj_genbin2_recobin3 acc 0.0525 eff 0.106 outinratio 0.0127 

ZH126_4l_pTHj_genbin2_recobin3 acc 0.0556 eff 0.0948 outinratio 0.0388 

ttH126_4l_pTHj_genbin2_recobin3 acc 0.0167 eff 0.0649 outinratio 0.0187 

ggH126_4l_pTHj_genbin3_recobin3 acc 0.0259 eff 0.2984 outinratio 0.0061 

VBFH126_4l_pTHj_genbin3_recobin3 acc 0.074 eff 0.2811 outinratio 0.0059 

WminusH126_4l_pTHj_genbin3_recobin3 acc 0.0544 eff 0.2852 outinratio 0.0114 

WplusH126_4l_pTHj_genbin3_recobin3 acc 0.0467 eff 0.2839 outinratio 0.0127 

ZH126_4l_pTHj_genbin3_recobin3 acc 0.0521 eff 0.2767 outinratio 0.0388 

ttH126_4l_pTHj_genbin3_recobin3 acc 0.0197 eff 0.1798 outinratio 0.0187 

ggH126_4l_pTHj_genbin4_recobin3 acc 0.0398 eff 0.0465 outinratio 0.0061 

VBFH126_4l_pTHj_genbin4_recobin3 acc 0.1783 eff 0.0521 outinratio 0.0059 

WminusH126_4l_pTHj_genbin4_recobin3 acc 0.1173 eff 0.0457 outinratio 0.0114 

WplusH126_4l_pTHj_genbin4_recobin3 acc 0.1038 eff 0.046 outinratio 0.0127 

ZH126_4l_pTHj_genbin4_recobin3 acc 0.1234 eff 0.0393 outinratio 0.0388 

ttH126_4l_pTHj_genbin4_recobin3 acc 0.1114 eff 0.0216 outinratio 0.0187 

ggH126_4l_pTHj_genbin5_recobin3 acc 0.013 eff 0.0022 outinratio 0.0061 

VBFH126_4l_pTHj_genbin5_recobin3 acc 0.0548 eff 0.0028 outinratio 0.0059 

WminusH126_4l_pTHj_genbin5_recobin3 acc 0.0632 eff 0.004 outinratio 0.0114 

WplusH126_4l_pTHj_genbin5_recobin3 acc 0.0623 eff 0.0038 outinratio 0.0127 

ZH126_4l_pTHj_genbin5_recobin3 acc 0.068 eff 0.0015 outinratio 0.0388 

ttH126_4l_pTHj_genbin5_recobin3 acc 0.336 eff 0.0025 outinratio 0.0187 

ggH126_4l_pTHj_genbin0_recobin4 acc 0.2919 eff 0.0189 outinratio 0.0098 

VBFH126_4l_pTHj_genbin0_recobin4 acc 0.0708 eff 0.0484 outinratio 0.0063 

WminusH126_4l_pTHj_genbin0_recobin4 acc 0.1023 eff 0.0567 outinratio 0.0133 

WplusH126_4l_pTHj_genbin0_recobin4 acc 0.0885 eff 0.0503 outinratio 0.0128 

ZH126_4l_pTHj_genbin0_recobin4 acc 0.0807 eff 0.027 outinratio 0.0454 

ttH126_4l_pTHj_genbin0_recobin4 acc 0.0016 eff 0.0504 outinratio 0.0428 

ggH126_4l_pTHj_genbin1_recobin4 acc 0.0266 eff 0.0134 outinratio 0.0098 

VBFH126_4l_pTHj_genbin1_recobin4 acc 0.0226 eff 0.0211 outinratio 0.0063 

WminusH126_4l_pTHj_genbin1_recobin4 acc 0.0166 eff 0.0221 outinratio 0.0133 

WplusH126_4l_pTHj_genbin1_recobin4 acc 0.0142 eff 0.0237 outinratio 0.0128 

ZH126_4l_pTHj_genbin1_recobin4 acc 0.014 eff 0.009 outinratio 0.0454 

ttH126_4l_pTHj_genbin1_recobin4 acc 0.0037 eff 0.0122 outinratio 0.0428 

ggH126_4l_pTHj_genbin2_recobin4 acc 0.0486 eff 0.0294 outinratio 0.0098 

VBFH126_4l_pTHj_genbin2_recobin4 acc 0.083 eff 0.0488 outinratio 0.0063 

WminusH126_4l_pTHj_genbin2_recobin4 acc 0.0612 eff 0.0428 outinratio 0.0133 

WplusH126_4l_pTHj_genbin2_recobin4 acc 0.0525 eff 0.042 outinratio 0.0128 

ZH126_4l_pTHj_genbin2_recobin4 acc 0.0556 eff 0.0512 outinratio 0.0454 

ttH126_4l_pTHj_genbin2_recobin4 acc 0.0167 eff 0.0421 outinratio 0.0428 

ggH126_4l_pTHj_genbin3_recobin4 acc 0.0259 eff 0.1295 outinratio 0.0098 

VBFH126_4l_pTHj_genbin3_recobin4 acc 0.074 eff 0.1765 outinratio 0.0063 

WminusH126_4l_pTHj_genbin3_recobin4 acc 0.0544 eff 0.1465 outinratio 0.0133 

WplusH126_4l_pTHj_genbin3_recobin4 acc 0.0467 eff 0.1497 outinratio 0.0128 

ZH126_4l_pTHj_genbin3_recobin4 acc 0.0521 eff 0.1505 outinratio 0.0454 

ttH126_4l_pTHj_genbin3_recobin4 acc 0.0197 eff 0.1332 outinratio 0.0428 

ggH126_4l_pTHj_genbin4_recobin4 acc 0.0398 eff 0.4671 outinratio 0.0098 

VBFH126_4l_pTHj_genbin4_recobin4 acc 0.1783 eff 0.4763 outinratio 0.0063 

WminusH126_4l_pTHj_genbin4_recobin4 acc 0.1173 eff 0.443 outinratio 0.0133 

WplusH126_4l_pTHj_genbin4_recobin4 acc 0.1038 eff 0.4394 outinratio 0.0128 

ZH126_4l_pTHj_genbin4_recobin4 acc 0.1234 eff 0.4468 outinratio 0.0454 

ttH126_4l_pTHj_genbin4_recobin4 acc 0.1114 eff 0.3038 outinratio 0.0428 

ggH126_4l_pTHj_genbin5_recobin4 acc 0.013 eff 0.0586 outinratio 0.0098 

VBFH126_4l_pTHj_genbin5_recobin4 acc 0.0548 eff 0.0838 outinratio 0.0063 

WminusH126_4l_pTHj_genbin5_recobin4 acc 0.0632 eff 0.0642 outinratio 0.0133 

WplusH126_4l_pTHj_genbin5_recobin4 acc 0.0623 eff 0.0581 outinratio 0.0128 

ZH126_4l_pTHj_genbin5_recobin4 acc 0.068 eff 0.0524 outinratio 0.0454 

ttH126_4l_pTHj_genbin5_recobin4 acc 0.336 eff 0.0251 outinratio 0.0428 

ggH126_4l_pTHj_genbin0_recobin5 acc 0.2919 eff 0.002 outinratio 0.005 

VBFH126_4l_pTHj_genbin0_recobin5 acc 0.0708 eff 0.0054 outinratio 0.0083 

WminusH126_4l_pTHj_genbin0_recobin5 acc 0.1023 eff 0.032 outinratio 0.0159 

WplusH126_4l_pTHj_genbin0_recobin5 acc 0.0885 eff 0.0365 outinratio 0.0162 

ZH126_4l_pTHj_genbin0_recobin5 acc 0.0807 eff 0.0205 outinratio 0.0715 

ttH126_4l_pTHj_genbin0_recobin5 acc 0.0016 eff 0.1684 outinratio 0.0352 

ggH126_4l_pTHj_genbin1_recobin5 acc 0.0266 eff 0.0061 outinratio 0.005 

VBFH126_4l_pTHj_genbin1_recobin5 acc 0.0226 eff 0.004 outinratio 0.0083 

WminusH126_4l_pTHj_genbin1_recobin5 acc 0.0166 eff 0.012 outinratio 0.0159 

WplusH126_4l_pTHj_genbin1_recobin5 acc 0.0142 eff 0.0081 outinratio 0.0162 

ZH126_4l_pTHj_genbin1_recobin5 acc 0.014 eff 0.0159 outinratio 0.0715 

ttH126_4l_pTHj_genbin1_recobin5 acc 0.0037 eff 0.1184 outinratio 0.0352 

ggH126_4l_pTHj_genbin2_recobin5 acc 0.0486 eff 0.004 outinratio 0.005 

VBFH126_4l_pTHj_genbin2_recobin5 acc 0.083 eff 0.0072 outinratio 0.0083 

WminusH126_4l_pTHj_genbin2_recobin5 acc 0.0612 eff 0.0092 outinratio 0.0159 

WplusH126_4l_pTHj_genbin2_recobin5 acc 0.0525 eff 0.01 outinratio 0.0162 

ZH126_4l_pTHj_genbin2_recobin5 acc 0.0556 eff 0.009 outinratio 0.0715 

ttH126_4l_pTHj_genbin2_recobin5 acc 0.0167 eff 0.0599 outinratio 0.0352 

ggH126_4l_pTHj_genbin3_recobin5 acc 0.0259 eff 0.0086 outinratio 0.005 

VBFH126_4l_pTHj_genbin3_recobin5 acc 0.074 eff 0.0106 outinratio 0.0083 

WminusH126_4l_pTHj_genbin3_recobin5 acc 0.0544 eff 0.0126 outinratio 0.0159 

WplusH126_4l_pTHj_genbin3_recobin5 acc 0.0467 eff 0.0108 outinratio 0.0162 

ZH126_4l_pTHj_genbin3_recobin5 acc 0.0521 eff 0.0133 outinratio 0.0715 

ttH126_4l_pTHj_genbin3_recobin5 acc 0.0197 eff 0.0744 outinratio 0.0352 

ggH126_4l_pTHj_genbin4_recobin5 acc 0.0398 eff 0.0419 outinratio 0.005 

VBFH126_4l_pTHj_genbin4_recobin5 acc 0.1783 eff 0.0652 outinratio 0.0083 

WminusH126_4l_pTHj_genbin4_recobin5 acc 0.1173 eff 0.0442 outinratio 0.0159 

WplusH126_4l_pTHj_genbin4_recobin5 acc 0.1038 eff 0.0471 outinratio 0.0162 

ZH126_4l_pTHj_genbin4_recobin5 acc 0.1234 eff 0.0509 outinratio 0.0715 

ttH126_4l_pTHj_genbin4_recobin5 acc 0.1114 eff 0.1091 outinratio 0.0352 

ggH126_4l_pTHj_genbin5_recobin5 acc 0.013 eff 0.5178 outinratio 0.005 

VBFH126_4l_pTHj_genbin5_recobin5 acc 0.0548 eff 0.5367 outinratio 0.0083 

WminusH126_4l_pTHj_genbin5_recobin5 acc 0.0632 eff 0.4795 outinratio 0.0159 

WplusH126_4l_pTHj_genbin5_recobin5 acc 0.0623 eff 0.4857 outinratio 0.0162 

ZH126_4l_pTHj_genbin5_recobin5 acc 0.068 eff 0.5039 outinratio 0.0715 

ttH126_4l_pTHj_genbin5_recobin5 acc 0.336 eff 0.4231 outinratio 0.0352 

ggH126_4e_pTHj_genbin0_recobin0 acc 0.2802 eff 0.3456 outinratio 0.0076 

VBFH126_4e_pTHj_genbin0_recobin0 acc 0.0677 eff 0.2896 outinratio 0.0036 

WminusH126_4e_pTHj_genbin0_recobin0 acc 0.0993 eff 0.2928 outinratio 0.0335 

WplusH126_4e_pTHj_genbin0_recobin0 acc 0.0861 eff 0.2898 outinratio 0.0385 

ZH126_4e_pTHj_genbin0_recobin0 acc 0.0765 eff 0.3374 outinratio 0.0788 

ttH126_4e_pTHj_genbin0_recobin0 acc 0.0016 eff 0.0 outinratio 0.0 

ggH126_4e_pTHj_genbin1_recobin0 acc 0.0256 eff 0.0376 outinratio 0.0076 

VBFH126_4e_pTHj_genbin1_recobin0 acc 0.02 eff 0.0288 outinratio 0.0036 

WminusH126_4e_pTHj_genbin1_recobin0 acc 0.016 eff 0.0219 outinratio 0.0335 

WplusH126_4e_pTHj_genbin1_recobin0 acc 0.0139 eff 0.026 outinratio 0.0385 

ZH126_4e_pTHj_genbin1_recobin0 acc 0.013 eff 0.0093 outinratio 0.0788 

ttH126_4e_pTHj_genbin1_recobin0 acc 0.0033 eff 0.0 outinratio 0.0 

ggH126_4e_pTHj_genbin2_recobin0 acc 0.0474 eff 0.0394 outinratio 0.0076 

VBFH126_4e_pTHj_genbin2_recobin0 acc 0.0794 eff 0.0318 outinratio 0.0036 

WminusH126_4e_pTHj_genbin2_recobin0 acc 0.0587 eff 0.021 outinratio 0.0335 

WplusH126_4e_pTHj_genbin2_recobin0 acc 0.0503 eff 0.0191 outinratio 0.0385 

ZH126_4e_pTHj_genbin2_recobin0 acc 0.0539 eff 0.0312 outinratio 0.0788 

ttH126_4e_pTHj_genbin2_recobin0 acc 0.0156 eff 0.0 outinratio 0.0 

ggH126_4e_pTHj_genbin3_recobin0 acc 0.0238 eff 0.0339 outinratio 0.0076 

VBFH126_4e_pTHj_genbin3_recobin0 acc 0.0719 eff 0.0333 outinratio 0.0036 

WminusH126_4e_pTHj_genbin3_recobin0 acc 0.0526 eff 0.0179 outinratio 0.0335 

WplusH126_4e_pTHj_genbin3_recobin0 acc 0.0451 eff 0.0166 outinratio 0.0385 

ZH126_4e_pTHj_genbin3_recobin0 acc 0.0509 eff 0.0119 outinratio 0.0788 

ttH126_4e_pTHj_genbin3_recobin0 acc 0.0195 eff 0.0064 outinratio 0.0 

ggH126_4e_pTHj_genbin4_recobin0 acc 0.0375 eff 0.0215 outinratio 0.0076 

VBFH126_4e_pTHj_genbin4_recobin0 acc 0.1694 eff 0.0112 outinratio 0.0036 

WminusH126_4e_pTHj_genbin4_recobin0 acc 0.113 eff 0.0079 outinratio 0.0335 

WplusH126_4e_pTHj_genbin4_recobin0 acc 0.1015 eff 0.0074 outinratio 0.0385 

ZH126_4e_pTHj_genbin4_recobin0 acc 0.1156 eff 0.0099 outinratio 0.0788 

ttH126_4e_pTHj_genbin4_recobin0 acc 0.1073 eff 0.0 outinratio 0.0 

ggH126_4e_pTHj_genbin5_recobin0 acc 0.0125 eff 0.0 outinratio 0.0076 

VBFH126_4e_pTHj_genbin5_recobin0 acc 0.0503 eff 0.0007 outinratio 0.0036 

WminusH126_4e_pTHj_genbin5_recobin0 acc 0.0615 eff 0.0076 outinratio 0.0335 

WplusH126_4e_pTHj_genbin5_recobin0 acc 0.06 eff 0.0069 outinratio 0.0385 

ZH126_4e_pTHj_genbin5_recobin0 acc 0.0661 eff 0.007 outinratio 0.0788 

ttH126_4e_pTHj_genbin5_recobin0 acc 0.3168 eff 0.001 outinratio 0.0 

ggH126_4e_pTHj_genbin0_recobin1 acc 0.2802 eff 0.0068 outinratio 0.022 

VBFH126_4e_pTHj_genbin0_recobin1 acc 0.0677 eff 0.0086 outinratio 0.0118 

WminusH126_4e_pTHj_genbin0_recobin1 acc 0.0993 eff 0.0049 outinratio 0.0154 

WplusH126_4e_pTHj_genbin0_recobin1 acc 0.0861 eff 0.0032 outinratio 0.0148 

ZH126_4e_pTHj_genbin0_recobin1 acc 0.0765 eff 0.0066 outinratio 0.0907 

ttH126_4e_pTHj_genbin0_recobin1 acc 0.0016 eff 0.0 outinratio 0.0 

ggH126_4e_pTHj_genbin1_recobin1 acc 0.0256 eff 0.2009 outinratio 0.022 

VBFH126_4e_pTHj_genbin1_recobin1 acc 0.02 eff 0.1864 outinratio 0.0118 

WminusH126_4e_pTHj_genbin1_recobin1 acc 0.016 eff 0.1854 outinratio 0.0154 

WplusH126_4e_pTHj_genbin1_recobin1 acc 0.0139 eff 0.1566 outinratio 0.0148 

ZH126_4e_pTHj_genbin1_recobin1 acc 0.013 eff 0.1503 outinratio 0.0907 

ttH126_4e_pTHj_genbin1_recobin1 acc 0.0033 eff 0.0 outinratio 0.0 

ggH126_4e_pTHj_genbin2_recobin1 acc 0.0474 eff 0.0427 outinratio 0.022 

VBFH126_4e_pTHj_genbin2_recobin1 acc 0.0794 eff 0.0361 outinratio 0.0118 

WminusH126_4e_pTHj_genbin2_recobin1 acc 0.0587 eff 0.0321 outinratio 0.0154 

WplusH126_4e_pTHj_genbin2_recobin1 acc 0.0503 eff 0.0376 outinratio 0.0148 

ZH126_4e_pTHj_genbin2_recobin1 acc 0.0539 eff 0.0264 outinratio 0.0907 

ttH126_4e_pTHj_genbin2_recobin1 acc 0.0156 eff 0.0257 outinratio 0.0 

ggH126_4e_pTHj_genbin3_recobin1 acc 0.0238 eff 0.0025 outinratio 0.022 

VBFH126_4e_pTHj_genbin3_recobin1 acc 0.0719 eff 0.007 outinratio 0.0118 

WminusH126_4e_pTHj_genbin3_recobin1 acc 0.0526 eff 0.0036 outinratio 0.0154 

WplusH126_4e_pTHj_genbin3_recobin1 acc 0.0451 eff 0.0045 outinratio 0.0148 

ZH126_4e_pTHj_genbin3_recobin1 acc 0.0509 eff 0.0017 outinratio 0.0907 

ttH126_4e_pTHj_genbin3_recobin1 acc 0.0195 eff 0.0 outinratio 0.0 

ggH126_4e_pTHj_genbin4_recobin1 acc 0.0375 eff 0.0 outinratio 0.022 

VBFH126_4e_pTHj_genbin4_recobin1 acc 0.1694 eff 0.0012 outinratio 0.0118 

WminusH126_4e_pTHj_genbin4_recobin1 acc 0.113 eff 0.0006 outinratio 0.0154 

WplusH126_4e_pTHj_genbin4_recobin1 acc 0.1015 eff 0.0011 outinratio 0.0148 

ZH126_4e_pTHj_genbin4_recobin1 acc 0.1156 eff 0.0 outinratio 0.0907 

ttH126_4e_pTHj_genbin4_recobin1 acc 0.1073 eff 0.0 outinratio 0.0 

ggH126_4e_pTHj_genbin5_recobin1 acc 0.0125 eff 0.0 outinratio 0.022 

VBFH126_4e_pTHj_genbin5_recobin1 acc 0.0503 eff 0.0 outinratio 0.0118 

WminusH126_4e_pTHj_genbin5_recobin1 acc 0.0615 eff 0.0009 outinratio 0.0154 

WplusH126_4e_pTHj_genbin5_recobin1 acc 0.06 eff 0.0009 outinratio 0.0148 

ZH126_4e_pTHj_genbin5_recobin1 acc 0.0661 eff 0.0 outinratio 0.0907 

ttH126_4e_pTHj_genbin5_recobin1 acc 0.3168 eff 0.0 outinratio 0.0 

ggH126_4e_pTHj_genbin0_recobin2 acc 0.2802 eff 0.0114 outinratio 0.011 

VBFH126_4e_pTHj_genbin0_recobin2 acc 0.0677 eff 0.0289 outinratio 0.0094 

WminusH126_4e_pTHj_genbin0_recobin2 acc 0.0993 eff 0.018 outinratio 0.0196 

WplusH126_4e_pTHj_genbin0_recobin2 acc 0.0861 eff 0.0151 outinratio 0.0127 

ZH126_4e_pTHj_genbin0_recobin2 acc 0.0765 eff 0.0104 outinratio 0.0552 

ttH126_4e_pTHj_genbin0_recobin2 acc 0.0016 eff 0.0 outinratio 0.0279 

ggH126_4e_pTHj_genbin1_recobin2 acc 0.0256 eff 0.1161 outinratio 0.011 

VBFH126_4e_pTHj_genbin1_recobin2 acc 0.02 eff 0.1829 outinratio 0.0094 

WminusH126_4e_pTHj_genbin1_recobin2 acc 0.016 eff 0.1439 outinratio 0.0196 

WplusH126_4e_pTHj_genbin1_recobin2 acc 0.0139 eff 0.1671 outinratio 0.0127 

ZH126_4e_pTHj_genbin1_recobin2 acc 0.013 eff 0.1603 outinratio 0.0552 

ttH126_4e_pTHj_genbin1_recobin2 acc 0.0033 eff 0.243 outinratio 0.0279 

ggH126_4e_pTHj_genbin2_recobin2 acc 0.0474 eff 0.2441 outinratio 0.011 

VBFH126_4e_pTHj_genbin2_recobin2 acc 0.0794 eff 0.2219 outinratio 0.0094 

WminusH126_4e_pTHj_genbin2_recobin2 acc 0.0587 eff 0.2319 outinratio 0.0196 

WplusH126_4e_pTHj_genbin2_recobin2 acc 0.0503 eff 0.2326 outinratio 0.0127 

ZH126_4e_pTHj_genbin2_recobin2 acc 0.0539 eff 0.2162 outinratio 0.0552 

ttH126_4e_pTHj_genbin2_recobin2 acc 0.0156 eff 0.1369 outinratio 0.0279 

ggH126_4e_pTHj_genbin3_recobin2 acc 0.0238 eff 0.057 outinratio 0.011 

VBFH126_4e_pTHj_genbin3_recobin2 acc 0.0719 eff 0.0845 outinratio 0.0094 

WminusH126_4e_pTHj_genbin3_recobin2 acc 0.0526 eff 0.0625 outinratio 0.0196 

WplusH126_4e_pTHj_genbin3_recobin2 acc 0.0451 eff 0.0631 outinratio 0.0127 

ZH126_4e_pTHj_genbin3_recobin2 acc 0.0509 eff 0.057 outinratio 0.0552 

ttH126_4e_pTHj_genbin3_recobin2 acc 0.0195 eff 0.08 outinratio 0.0279 

ggH126_4e_pTHj_genbin4_recobin2 acc 0.0375 eff 0.0072 outinratio 0.011 

VBFH126_4e_pTHj_genbin4_recobin2 acc 0.1694 eff 0.0098 outinratio 0.0094 

WminusH126_4e_pTHj_genbin4_recobin2 acc 0.113 eff 0.0074 outinratio 0.0196 

WplusH126_4e_pTHj_genbin4_recobin2 acc 0.1015 eff 0.0085 outinratio 0.0127 

ZH126_4e_pTHj_genbin4_recobin2 acc 0.1156 eff 0.0067 outinratio 0.0552 

ttH126_4e_pTHj_genbin4_recobin2 acc 0.1073 eff 0.0041 outinratio 0.0279 

ggH126_4e_pTHj_genbin5_recobin2 acc 0.0125 eff 0.0034 outinratio 0.011 

VBFH126_4e_pTHj_genbin5_recobin2 acc 0.0503 eff 0.0 outinratio 0.0094 

WminusH126_4e_pTHj_genbin5_recobin2 acc 0.0615 eff 0.0019 outinratio 0.0196 

WplusH126_4e_pTHj_genbin5_recobin2 acc 0.06 eff 0.0017 outinratio 0.0127 

ZH126_4e_pTHj_genbin5_recobin2 acc 0.0661 eff 0.0006 outinratio 0.0552 

ttH126_4e_pTHj_genbin5_recobin2 acc 0.3168 eff 0.0008 outinratio 0.0279 

ggH126_4e_pTHj_genbin0_recobin3 acc 0.2802 eff 0.0066 outinratio 0.0084 

VBFH126_4e_pTHj_genbin0_recobin3 acc 0.0677 eff 0.0253 outinratio 0.0145 

WminusH126_4e_pTHj_genbin0_recobin3 acc 0.0993 eff 0.0145 outinratio 0.0153 

WplusH126_4e_pTHj_genbin0_recobin3 acc 0.0861 eff 0.0183 outinratio 0.0191 

ZH126_4e_pTHj_genbin0_recobin3 acc 0.0765 eff 0.0069 outinratio 0.0407 

ttH126_4e_pTHj_genbin0_recobin3 acc 0.0016 eff 0.0 outinratio 0.0198 

ggH126_4e_pTHj_genbin1_recobin3 acc 0.0256 eff 0.0096 outinratio 0.0084 

VBFH126_4e_pTHj_genbin1_recobin3 acc 0.02 eff 0.0253 outinratio 0.0145 

WminusH126_4e_pTHj_genbin1_recobin3 acc 0.016 eff 0.0214 outinratio 0.0153 

WplusH126_4e_pTHj_genbin1_recobin3 acc 0.0139 eff 0.0183 outinratio 0.0191 

ZH126_4e_pTHj_genbin1_recobin3 acc 0.013 eff 0.0163 outinratio 0.0407 

ttH126_4e_pTHj_genbin1_recobin3 acc 0.0033 eff 0.0409 outinratio 0.0198 

ggH126_4e_pTHj_genbin2_recobin3 acc 0.0474 eff 0.054 outinratio 0.0084 

VBFH126_4e_pTHj_genbin2_recobin3 acc 0.0794 eff 0.0994 outinratio 0.0145 

WminusH126_4e_pTHj_genbin2_recobin3 acc 0.0587 eff 0.0736 outinratio 0.0153 

WplusH126_4e_pTHj_genbin2_recobin3 acc 0.0503 eff 0.0711 outinratio 0.0191 

ZH126_4e_pTHj_genbin2_recobin3 acc 0.0539 eff 0.0593 outinratio 0.0407 

ttH126_4e_pTHj_genbin2_recobin3 acc 0.0156 eff 0.0744 outinratio 0.0198 

ggH126_4e_pTHj_genbin3_recobin3 acc 0.0238 eff 0.2084 outinratio 0.0084 

VBFH126_4e_pTHj_genbin3_recobin3 acc 0.0719 eff 0.1996 outinratio 0.0145 

WminusH126_4e_pTHj_genbin3_recobin3 acc 0.0526 eff 0.1925 outinratio 0.0153 

WplusH126_4e_pTHj_genbin3_recobin3 acc 0.0451 eff 0.1907 outinratio 0.0191 

ZH126_4e_pTHj_genbin3_recobin3 acc 0.0509 eff 0.201 outinratio 0.0407 

ttH126_4e_pTHj_genbin3_recobin3 acc 0.0195 eff 0.1381 outinratio 0.0198 

ggH126_4e_pTHj_genbin4_recobin3 acc 0.0375 eff 0.0434 outinratio 0.0084 

VBFH126_4e_pTHj_genbin4_recobin3 acc 0.1694 eff 0.0332 outinratio 0.0145 

WminusH126_4e_pTHj_genbin4_recobin3 acc 0.113 eff 0.0363 outinratio 0.0153 

WplusH126_4e_pTHj_genbin4_recobin3 acc 0.1015 eff 0.0347 outinratio 0.0191 

ZH126_4e_pTHj_genbin4_recobin3 acc 0.1156 eff 0.0248 outinratio 0.0407 

ttH126_4e_pTHj_genbin4_recobin3 acc 0.1073 eff 0.0144 outinratio 0.0198 

ggH126_4e_pTHj_genbin5_recobin3 acc 0.0125 eff 0.0 outinratio 0.0084 

VBFH126_4e_pTHj_genbin5_recobin3 acc 0.0503 eff 0.0016 outinratio 0.0145 

WminusH126_4e_pTHj_genbin5_recobin3 acc 0.0615 eff 0.0021 outinratio 0.0153 

WplusH126_4e_pTHj_genbin5_recobin3 acc 0.06 eff 0.0018 outinratio 0.0191 

ZH126_4e_pTHj_genbin5_recobin3 acc 0.0661 eff 0.0 outinratio 0.0407 

ttH126_4e_pTHj_genbin5_recobin3 acc 0.3168 eff 0.0014 outinratio 0.0198 

ggH126_4e_pTHj_genbin0_recobin4 acc 0.2802 eff 0.0114 outinratio 0.0104 

VBFH126_4e_pTHj_genbin0_recobin4 acc 0.0677 eff 0.0283 outinratio 0.0141 

WminusH126_4e_pTHj_genbin0_recobin4 acc 0.0993 eff 0.039 outinratio 0.0231 

WplusH126_4e_pTHj_genbin0_recobin4 acc 0.0861 eff 0.0314 outinratio 0.0227 

ZH126_4e_pTHj_genbin0_recobin4 acc 0.0765 eff 0.0247 outinratio 0.0495 

ttH126_4e_pTHj_genbin0_recobin4 acc 0.0016 eff 0.0 outinratio 0.0362 

ggH126_4e_pTHj_genbin1_recobin4 acc 0.0256 eff 0.0107 outinratio 0.0104 

VBFH126_4e_pTHj_genbin1_recobin4 acc 0.02 eff 0.0027 outinratio 0.0141 

WminusH126_4e_pTHj_genbin1_recobin4 acc 0.016 eff 0.0146 outinratio 0.0231 

WplusH126_4e_pTHj_genbin1_recobin4 acc 0.0139 eff 0.0208 outinratio 0.0227 

ZH126_4e_pTHj_genbin1_recobin4 acc 0.013 eff 0.016 outinratio 0.0495 

ttH126_4e_pTHj_genbin1_recobin4 acc 0.0033 eff 0.0 outinratio 0.0362 

ggH126_4e_pTHj_genbin2_recobin4 acc 0.0474 eff 0.0236 outinratio 0.0104 

VBFH126_4e_pTHj_genbin2_recobin4 acc 0.0794 eff 0.0342 outinratio 0.0141 

WminusH126_4e_pTHj_genbin2_recobin4 acc 0.0587 eff 0.031 outinratio 0.0231 

WplusH126_4e_pTHj_genbin2_recobin4 acc 0.0503 eff 0.0271 outinratio 0.0227 

ZH126_4e_pTHj_genbin2_recobin4 acc 0.0539 eff 0.0462 outinratio 0.0495 

ttH126_4e_pTHj_genbin2_recobin4 acc 0.0156 eff 0.0187 outinratio 0.0362 

ggH126_4e_pTHj_genbin3_recobin4 acc 0.0238 eff 0.0965 outinratio 0.0104 

VBFH126_4e_pTHj_genbin3_recobin4 acc 0.0719 eff 0.1239 outinratio 0.0141 

WminusH126_4e_pTHj_genbin3_recobin4 acc 0.0526 eff 0.1044 outinratio 0.0231 

WplusH126_4e_pTHj_genbin3_recobin4 acc 0.0451 eff 0.1028 outinratio 0.0227 

ZH126_4e_pTHj_genbin3_recobin4 acc 0.0509 eff 0.1159 outinratio 0.0495 

ttH126_4e_pTHj_genbin3_recobin4 acc 0.0195 eff 0.1202 outinratio 0.0362 

ggH126_4e_pTHj_genbin4_recobin4 acc 0.0375 eff 0.3367 outinratio 0.0104 

VBFH126_4e_pTHj_genbin4_recobin4 acc 0.1694 eff 0.3468 outinratio 0.0141 

WminusH126_4e_pTHj_genbin4_recobin4 acc 0.113 eff 0.3155 outinratio 0.0231 

WplusH126_4e_pTHj_genbin4_recobin4 acc 0.1015 eff 0.3076 outinratio 0.0227 

ZH126_4e_pTHj_genbin4_recobin4 acc 0.1156 eff 0.3014 outinratio 0.0495 

ttH126_4e_pTHj_genbin4_recobin4 acc 0.1073 eff 0.2271 outinratio 0.0362 

ggH126_4e_pTHj_genbin5_recobin4 acc 0.0125 eff 0.0369 outinratio 0.0104 

VBFH126_4e_pTHj_genbin5_recobin4 acc 0.0503 eff 0.0656 outinratio 0.0141 

WminusH126_4e_pTHj_genbin5_recobin4 acc 0.0615 eff 0.0523 outinratio 0.0231 

WplusH126_4e_pTHj_genbin5_recobin4 acc 0.06 eff 0.0417 outinratio 0.0227 

ZH126_4e_pTHj_genbin5_recobin4 acc 0.0661 eff 0.0495 outinratio 0.0495 

ttH126_4e_pTHj_genbin5_recobin4 acc 0.3168 eff 0.0199 outinratio 0.0362 

ggH126_4e_pTHj_genbin0_recobin5 acc 0.2802 eff 0.0011 outinratio 0.0028 

VBFH126_4e_pTHj_genbin0_recobin5 acc 0.0677 eff 0.0043 outinratio 0.0192 

WminusH126_4e_pTHj_genbin0_recobin5 acc 0.0993 eff 0.0209 outinratio 0.021 

WplusH126_4e_pTHj_genbin0_recobin5 acc 0.0861 eff 0.026 outinratio 0.0255 

ZH126_4e_pTHj_genbin0_recobin5 acc 0.0765 eff 0.0098 outinratio 0.0761 

ttH126_4e_pTHj_genbin0_recobin5 acc 0.0016 eff 0.11 outinratio 0.0591 

ggH126_4e_pTHj_genbin1_recobin5 acc 0.0256 eff 0.0 outinratio 0.0028 

VBFH126_4e_pTHj_genbin1_recobin5 acc 0.02 eff 0.0012 outinratio 0.0192 

WminusH126_4e_pTHj_genbin1_recobin5 acc 0.016 eff 0.0124 outinratio 0.021 

WplusH126_4e_pTHj_genbin1_recobin5 acc 0.0139 eff 0.0071 outinratio 0.0255 

ZH126_4e_pTHj_genbin1_recobin5 acc 0.013 eff 0.0147 outinratio 0.0761 

ttH126_4e_pTHj_genbin1_recobin5 acc 0.0033 eff 0.1665 outinratio 0.0591 

ggH126_4e_pTHj_genbin2_recobin5 acc 0.0474 eff 0.0035 outinratio 0.0028 

VBFH126_4e_pTHj_genbin2_recobin5 acc 0.0794 eff 0.005 outinratio 0.0192 

WminusH126_4e_pTHj_genbin2_recobin5 acc 0.0587 eff 0.0039 outinratio 0.021 

WplusH126_4e_pTHj_genbin2_recobin5 acc 0.0503 eff 0.0089 outinratio 0.0255 

ZH126_4e_pTHj_genbin2_recobin5 acc 0.0539 eff 0.0031 outinratio 0.0761 

ttH126_4e_pTHj_genbin2_recobin5 acc 0.0156 eff 0.0557 outinratio 0.0591 

ggH126_4e_pTHj_genbin3_recobin5 acc 0.0238 eff 0.0086 outinratio 0.0028 

VBFH126_4e_pTHj_genbin3_recobin5 acc 0.0719 eff 0.0063 outinratio 0.0192 

WminusH126_4e_pTHj_genbin3_recobin5 acc 0.0526 eff 0.008 outinratio 0.021 

WplusH126_4e_pTHj_genbin3_recobin5 acc 0.0451 eff 0.0085 outinratio 0.0255 

ZH126_4e_pTHj_genbin3_recobin5 acc 0.0509 eff 0.011 outinratio 0.0761 

ttH126_4e_pTHj_genbin3_recobin5 acc 0.0195 eff 0.0459 outinratio 0.0591 

ggH126_4e_pTHj_genbin4_recobin5 acc 0.0375 eff 0.0241 outinratio 0.0028 

VBFH126_4e_pTHj_genbin4_recobin5 acc 0.1694 eff 0.0471 outinratio 0.0192 

WminusH126_4e_pTHj_genbin4_recobin5 acc 0.113 eff 0.0331 outinratio 0.021 

WplusH126_4e_pTHj_genbin4_recobin5 acc 0.1015 eff 0.0324 outinratio 0.0255 

ZH126_4e_pTHj_genbin4_recobin5 acc 0.1156 eff 0.0289 outinratio 0.0761 

ttH126_4e_pTHj_genbin4_recobin5 acc 0.1073 eff 0.0842 outinratio 0.0591 

ggH126_4e_pTHj_genbin5_recobin5 acc 0.0125 eff 0.385 outinratio 0.0028 

VBFH126_4e_pTHj_genbin5_recobin5 acc 0.0503 eff 0.4091 outinratio 0.0192 

WminusH126_4e_pTHj_genbin5_recobin5 acc 0.0615 eff 0.3519 outinratio 0.021 

WplusH126_4e_pTHj_genbin5_recobin5 acc 0.06 eff 0.3583 outinratio 0.0255 

ZH126_4e_pTHj_genbin5_recobin5 acc 0.0661 eff 0.3518 outinratio 0.0761 

ttH126_4e_pTHj_genbin5_recobin5 acc 0.3168 eff 0.3109 outinratio 0.0591 

ggH126_4mu_pTHj_genbin0_recobin0 acc 0.3111 eff 0.7035 outinratio 0.0057 

VBFH126_4mu_pTHj_genbin0_recobin0 acc 0.0777 eff 0.5651 outinratio 0.0067 

WminusH126_4mu_pTHj_genbin0_recobin0 acc 0.1088 eff 0.5444 outinratio 0.0142 

WplusH126_4mu_pTHj_genbin0_recobin0 acc 0.0948 eff 0.5527 outinratio 0.0117 

ZH126_4mu_pTHj_genbin0_recobin0 acc 0.0824 eff 0.6255 outinratio 0.0699 

ttH126_4mu_pTHj_genbin0_recobin0 acc 0.0015 eff 0.1901 outinratio 0.0 

ggH126_4mu_pTHj_genbin1_recobin0 acc 0.0294 eff 0.0993 outinratio 0.0057 

VBFH126_4mu_pTHj_genbin1_recobin0 acc 0.025 eff 0.0861 outinratio 0.0067 

WminusH126_4mu_pTHj_genbin1_recobin0 acc 0.0173 eff 0.0452 outinratio 0.0142 

WplusH126_4mu_pTHj_genbin1_recobin0 acc 0.0146 eff 0.0438 outinratio 0.0117 

ZH126_4mu_pTHj_genbin1_recobin0 acc 0.0139 eff 0.054 outinratio 0.0699 

ttH126_4mu_pTHj_genbin1_recobin0 acc 0.0041 eff 0.0 outinratio 0.0 

ggH126_4mu_pTHj_genbin2_recobin0 acc 0.0516 eff 0.1054 outinratio 0.0057 

VBFH126_4mu_pTHj_genbin2_recobin0 acc 0.0876 eff 0.0628 outinratio 0.0067 

WminusH126_4mu_pTHj_genbin2_recobin0 acc 0.0652 eff 0.045 outinratio 0.0142 

WplusH126_4mu_pTHj_genbin2_recobin0 acc 0.0556 eff 0.0414 outinratio 0.0117 

ZH126_4mu_pTHj_genbin2_recobin0 acc 0.0595 eff 0.0609 outinratio 0.0699 

ttH126_4mu_pTHj_genbin2_recobin0 acc 0.0166 eff 0.0 outinratio 0.0 

ggH126_4mu_pTHj_genbin3_recobin0 acc 0.0275 eff 0.0688 outinratio 0.0057 

VBFH126_4mu_pTHj_genbin3_recobin0 acc 0.0794 eff 0.0506 outinratio 0.0067 

WminusH126_4mu_pTHj_genbin3_recobin0 acc 0.0576 eff 0.0393 outinratio 0.0142 

WplusH126_4mu_pTHj_genbin3_recobin0 acc 0.0489 eff 0.0338 outinratio 0.0117 

ZH126_4mu_pTHj_genbin3_recobin0 acc 0.0567 eff 0.0421 outinratio 0.0699 

ttH126_4mu_pTHj_genbin3_recobin0 acc 0.0206 eff 0.0 outinratio 0.0 

ggH126_4mu_pTHj_genbin4_recobin0 acc 0.0433 eff 0.0546 outinratio 0.0057 

VBFH126_4mu_pTHj_genbin4_recobin0 acc 0.1901 eff 0.0226 outinratio 0.0067 

WminusH126_4mu_pTHj_genbin4_recobin0 acc 0.1241 eff 0.0175 outinratio 0.0142 

WplusH126_4mu_pTHj_genbin4_recobin0 acc 0.109 eff 0.0157 outinratio 0.0117 

ZH126_4mu_pTHj_genbin4_recobin0 acc 0.1307 eff 0.0284 outinratio 0.0699 

ttH126_4mu_pTHj_genbin4_recobin0 acc 0.119 eff 0.0014 outinratio 0.0 

ggH126_4mu_pTHj_genbin5_recobin0 acc 0.0141 eff 0.0036 outinratio 0.0057 

VBFH126_4mu_pTHj_genbin5_recobin0 acc 0.0597 eff 0.0024 outinratio 0.0067 

WminusH126_4mu_pTHj_genbin5_recobin0 acc 0.067 eff 0.012 outinratio 0.0142 

WplusH126_4mu_pTHj_genbin5_recobin0 acc 0.0658 eff 0.0133 outinratio 0.0117 

ZH126_4mu_pTHj_genbin5_recobin0 acc 0.0701 eff 0.0241 outinratio 0.0699 

ttH126_4mu_pTHj_genbin5_recobin0 acc 0.3664 eff 0.0027 outinratio 0.0 

ggH126_4mu_pTHj_genbin0_recobin1 acc 0.3111 eff 0.0083 outinratio 0.0 

VBFH126_4mu_pTHj_genbin0_recobin1 acc 0.0777 eff 0.0194 outinratio 0.0078 

WminusH126_4mu_pTHj_genbin0_recobin1 acc 0.1088 eff 0.0094 outinratio 0.008 

WplusH126_4mu_pTHj_genbin0_recobin1 acc 0.0948 eff 0.0092 outinratio 0.0076 

ZH126_4mu_pTHj_genbin0_recobin1 acc 0.0824 eff 0.0079 outinratio 0.0285 

ttH126_4mu_pTHj_genbin0_recobin1 acc 0.0015 eff 0.0 outinratio 0.1788 

ggH126_4mu_pTHj_genbin1_recobin1 acc 0.0294 eff 0.4103 outinratio 0.0 

VBFH126_4mu_pTHj_genbin1_recobin1 acc 0.025 eff 0.3417 outinratio 0.0078 

WminusH126_4mu_pTHj_genbin1_recobin1 acc 0.0173 eff 0.3709 outinratio 0.008 

WplusH126_4mu_pTHj_genbin1_recobin1 acc 0.0146 eff 0.3612 outinratio 0.0076 

ZH126_4mu_pTHj_genbin1_recobin1 acc 0.0139 eff 0.4094 outinratio 0.0285 

ttH126_4mu_pTHj_genbin1_recobin1 acc 0.0041 eff 0.0786 outinratio 0.1788 

ggH126_4mu_pTHj_genbin2_recobin1 acc 0.0516 eff 0.0732 outinratio 0.0 

VBFH126_4mu_pTHj_genbin2_recobin1 acc 0.0876 eff 0.075 outinratio 0.0078 

WminusH126_4mu_pTHj_genbin2_recobin1 acc 0.0652 eff 0.0591 outinratio 0.008 

WplusH126_4mu_pTHj_genbin2_recobin1 acc 0.0556 eff 0.0614 outinratio 0.0076 

ZH126_4mu_pTHj_genbin2_recobin1 acc 0.0595 eff 0.072 outinratio 0.0285 

ttH126_4mu_pTHj_genbin2_recobin1 acc 0.0166 eff 0.0481 outinratio 0.1788 

ggH126_4mu_pTHj_genbin3_recobin1 acc 0.0275 eff 0.0056 outinratio 0.0 

VBFH126_4mu_pTHj_genbin3_recobin1 acc 0.0794 eff 0.0126 outinratio 0.0078 

WminusH126_4mu_pTHj_genbin3_recobin1 acc 0.0576 eff 0.0049 outinratio 0.008 

WplusH126_4mu_pTHj_genbin3_recobin1 acc 0.0489 eff 0.0039 outinratio 0.0076 

ZH126_4mu_pTHj_genbin3_recobin1 acc 0.0567 eff 0.0037 outinratio 0.0285 

ttH126_4mu_pTHj_genbin3_recobin1 acc 0.0206 eff 0.0246 outinratio 0.1788 

ggH126_4mu_pTHj_genbin4_recobin1 acc 0.0433 eff 0.0002 outinratio 0.0 

VBFH126_4mu_pTHj_genbin4_recobin1 acc 0.1901 eff 0.0019 outinratio 0.0078 

WminusH126_4mu_pTHj_genbin4_recobin1 acc 0.1241 eff 0.002 outinratio 0.008 

WplusH126_4mu_pTHj_genbin4_recobin1 acc 0.109 eff 0.0027 outinratio 0.0076 

ZH126_4mu_pTHj_genbin4_recobin1 acc 0.1307 eff 0.0004 outinratio 0.0285 

ttH126_4mu_pTHj_genbin4_recobin1 acc 0.119 eff 0.0011 outinratio 0.1788 

ggH126_4mu_pTHj_genbin5_recobin1 acc 0.0141 eff 0.0 outinratio 0.0 

VBFH126_4mu_pTHj_genbin5_recobin1 acc 0.0597 eff 0.0003 outinratio 0.0078 

WminusH126_4mu_pTHj_genbin5_recobin1 acc 0.067 eff 0.0016 outinratio 0.008 

WplusH126_4mu_pTHj_genbin5_recobin1 acc 0.0658 eff 0.0008 outinratio 0.0076 

ZH126_4mu_pTHj_genbin5_recobin1 acc 0.0701 eff 0.0 outinratio 0.0285 

ttH126_4mu_pTHj_genbin5_recobin1 acc 0.3664 eff 0.0008 outinratio 0.1788 

ggH126_4mu_pTHj_genbin0_recobin2 acc 0.3111 eff 0.022 outinratio 0.0036 

VBFH126_4mu_pTHj_genbin0_recobin2 acc 0.0777 eff 0.0636 outinratio 0.0072 

WminusH126_4mu_pTHj_genbin0_recobin2 acc 0.1088 eff 0.0359 outinratio 0.0063 

WplusH126_4mu_pTHj_genbin0_recobin2 acc 0.0948 eff 0.0272 outinratio 0.0089 

ZH126_4mu_pTHj_genbin0_recobin2 acc 0.0824 eff 0.0174 outinratio 0.0307 

ttH126_4mu_pTHj_genbin0_recobin2 acc 0.0015 eff 0.0 outinratio 0.0187 

ggH126_4mu_pTHj_genbin1_recobin2 acc 0.0294 eff 0.2565 outinratio 0.0036 

VBFH126_4mu_pTHj_genbin1_recobin2 acc 0.025 eff 0.3218 outinratio 0.0072 

WminusH126_4mu_pTHj_genbin1_recobin2 acc 0.0173 eff 0.2667 outinratio 0.0063 

WplusH126_4mu_pTHj_genbin1_recobin2 acc 0.0146 eff 0.2725 outinratio 0.0089 

ZH126_4mu_pTHj_genbin1_recobin2 acc 0.0139 eff 0.2276 outinratio 0.0307 

ttH126_4mu_pTHj_genbin1_recobin2 acc 0.0041 eff 0.1263 outinratio 0.0187 

ggH126_4mu_pTHj_genbin2_recobin2 acc 0.0516 eff 0.4906 outinratio 0.0036 

VBFH126_4mu_pTHj_genbin2_recobin2 acc 0.0876 eff 0.4576 outinratio 0.0072 

WminusH126_4mu_pTHj_genbin2_recobin2 acc 0.0652 eff 0.4508 outinratio 0.0063 

WplusH126_4mu_pTHj_genbin2_recobin2 acc 0.0556 eff 0.4521 outinratio 0.0089 

ZH126_4mu_pTHj_genbin2_recobin2 acc 0.0595 eff 0.4366 outinratio 0.0307 

ttH126_4mu_pTHj_genbin2_recobin2 acc 0.0166 eff 0.2521 outinratio 0.0187 

ggH126_4mu_pTHj_genbin3_recobin2 acc 0.0275 eff 0.121 outinratio 0.0036 

VBFH126_4mu_pTHj_genbin3_recobin2 acc 0.0794 eff 0.1365 outinratio 0.0072 

WminusH126_4mu_pTHj_genbin3_recobin2 acc 0.0576 eff 0.1102 outinratio 0.0063 

WplusH126_4mu_pTHj_genbin3_recobin2 acc 0.0489 eff 0.1135 outinratio 0.0089 

ZH126_4mu_pTHj_genbin3_recobin2 acc 0.0567 eff 0.1135 outinratio 0.0307 

ttH126_4mu_pTHj_genbin3_recobin2 acc 0.0206 eff 0.0808 outinratio 0.0187 

ggH126_4mu_pTHj_genbin4_recobin2 acc 0.0433 eff 0.013 outinratio 0.0036 

VBFH126_4mu_pTHj_genbin4_recobin2 acc 0.1901 eff 0.0193 outinratio 0.0072 

WminusH126_4mu_pTHj_genbin4_recobin2 acc 0.1241 eff 0.0172 outinratio 0.0063 

WplusH126_4mu_pTHj_genbin4_recobin2 acc 0.109 eff 0.0156 outinratio 0.0089 

ZH126_4mu_pTHj_genbin4_recobin2 acc 0.1307 eff 0.0122 outinratio 0.0307 

ttH126_4mu_pTHj_genbin4_recobin2 acc 0.119 eff 0.0061 outinratio 0.0187 

ggH126_4mu_pTHj_genbin5_recobin2 acc 0.0141 eff 0.0 outinratio 0.0036 

VBFH126_4mu_pTHj_genbin5_recobin2 acc 0.0597 eff 0.0048 outinratio 0.0072 

WminusH126_4mu_pTHj_genbin5_recobin2 acc 0.067 eff 0.0047 outinratio 0.0063 

WplusH126_4mu_pTHj_genbin5_recobin2 acc 0.0658 eff 0.0031 outinratio 0.0089 

ZH126_4mu_pTHj_genbin5_recobin2 acc 0.0701 eff 0.0058 outinratio 0.0307 

ttH126_4mu_pTHj_genbin5_recobin2 acc 0.3664 eff 0.0021 outinratio 0.0187 

ggH126_4mu_pTHj_genbin0_recobin3 acc 0.3111 eff 0.0155 outinratio 0.0043 

VBFH126_4mu_pTHj_genbin0_recobin3 acc 0.0777 eff 0.0538 outinratio 0.004 

WminusH126_4mu_pTHj_genbin0_recobin3 acc 0.1088 eff 0.0324 outinratio 0.0057 

WplusH126_4mu_pTHj_genbin0_recobin3 acc 0.0948 eff 0.0256 outinratio 0.0096 

ZH126_4mu_pTHj_genbin0_recobin3 acc 0.0824 eff 0.0145 outinratio 0.0307 

ttH126_4mu_pTHj_genbin0_recobin3 acc 0.0015 eff -0.0479 outinratio 0.0183 

ggH126_4mu_pTHj_genbin1_recobin3 acc 0.0294 eff 0.0356 outinratio 0.0043 

VBFH126_4mu_pTHj_genbin1_recobin3 acc 0.025 eff 0.0528 outinratio 0.004 

WminusH126_4mu_pTHj_genbin1_recobin3 acc 0.0173 eff 0.0246 outinratio 0.0057 

WplusH126_4mu_pTHj_genbin1_recobin3 acc 0.0146 eff 0.043 outinratio 0.0096 

ZH126_4mu_pTHj_genbin1_recobin3 acc 0.0139 eff 0.0597 outinratio 0.0307 

ttH126_4mu_pTHj_genbin1_recobin3 acc 0.0041 eff 0.0678 outinratio 0.0183 

ggH126_4mu_pTHj_genbin2_recobin3 acc 0.0516 eff 0.1096 outinratio 0.0043 

VBFH126_4mu_pTHj_genbin2_recobin3 acc 0.0876 eff 0.1506 outinratio 0.004 

WminusH126_4mu_pTHj_genbin2_recobin3 acc 0.0652 eff 0.1366 outinratio 0.0057 

WplusH126_4mu_pTHj_genbin2_recobin3 acc 0.0556 eff 0.1443 outinratio 0.0096 

ZH126_4mu_pTHj_genbin2_recobin3 acc 0.0595 eff 0.1166 outinratio 0.0307 

ttH126_4mu_pTHj_genbin2_recobin3 acc 0.0166 eff 0.0923 outinratio 0.0183 

ggH126_4mu_pTHj_genbin3_recobin3 acc 0.0275 eff 0.3912 outinratio 0.0043 

VBFH126_4mu_pTHj_genbin3_recobin3 acc 0.0794 eff 0.3536 outinratio 0.004 

WminusH126_4mu_pTHj_genbin3_recobin3 acc 0.0576 eff 0.3918 outinratio 0.0057 

WplusH126_4mu_pTHj_genbin3_recobin3 acc 0.0489 eff 0.3898 outinratio 0.0096 

ZH126_4mu_pTHj_genbin3_recobin3 acc 0.0567 eff 0.3583 outinratio 0.0307 

ttH126_4mu_pTHj_genbin3_recobin3 acc 0.0206 eff 0.2091 outinratio 0.0183 

ggH126_4mu_pTHj_genbin4_recobin3 acc 0.0433 eff 0.0572 outinratio 0.0043 

VBFH126_4mu_pTHj_genbin4_recobin3 acc 0.1901 eff 0.0672 outinratio 0.004 

WminusH126_4mu_pTHj_genbin4_recobin3 acc 0.1241 eff 0.0568 outinratio 0.0057 

WplusH126_4mu_pTHj_genbin4_recobin3 acc 0.109 eff 0.0608 outinratio 0.0096 

ZH126_4mu_pTHj_genbin4_recobin3 acc 0.1307 eff 0.0428 outinratio 0.0307 

ttH126_4mu_pTHj_genbin4_recobin3 acc 0.119 eff 0.0268 outinratio 0.0183 

ggH126_4mu_pTHj_genbin5_recobin3 acc 0.0141 eff 0.0039 outinratio 0.0043 

VBFH126_4mu_pTHj_genbin5_recobin3 acc 0.0597 eff 0.0059 outinratio 0.004 

WminusH126_4mu_pTHj_genbin5_recobin3 acc 0.067 eff 0.0046 outinratio 0.0057 

WplusH126_4mu_pTHj_genbin5_recobin3 acc 0.0658 eff 0.0053 outinratio 0.0096 

ZH126_4mu_pTHj_genbin5_recobin3 acc 0.0701 eff 0.0017 outinratio 0.0307 

ttH126_4mu_pTHj_genbin5_recobin3 acc 0.3664 eff 0.0037 outinratio 0.0183 

ggH126_4mu_pTHj_genbin0_recobin4 acc 0.3111 eff 0.0272 outinratio 0.0072 

VBFH126_4mu_pTHj_genbin0_recobin4 acc 0.0777 eff 0.0682 outinratio 0.0026 

WminusH126_4mu_pTHj_genbin0_recobin4 acc 0.1088 eff 0.0733 outinratio 0.0073 

WplusH126_4mu_pTHj_genbin0_recobin4 acc 0.0948 eff 0.065 outinratio 0.0083 

ZH126_4mu_pTHj_genbin0_recobin4 acc 0.0824 eff 0.0302 outinratio 0.0354 

ttH126_4mu_pTHj_genbin0_recobin4 acc 0.0015 eff 0.2015 outinratio 0.0414 

ggH126_4mu_pTHj_genbin1_recobin4 acc 0.0294 eff 0.0102 outinratio 0.0072 

VBFH126_4mu_pTHj_genbin1_recobin4 acc 0.025 eff 0.0311 outinratio 0.0026 

WminusH126_4mu_pTHj_genbin1_recobin4 acc 0.0173 eff 0.0233 outinratio 0.0073 

WplusH126_4mu_pTHj_genbin1_recobin4 acc 0.0146 eff 0.0307 outinratio 0.0083 

ZH126_4mu_pTHj_genbin1_recobin4 acc 0.0139 eff 0.0134 outinratio 0.0354 

ttH126_4mu_pTHj_genbin1_recobin4 acc 0.0041 eff 0.0341 outinratio 0.0414 

ggH126_4mu_pTHj_genbin2_recobin4 acc 0.0516 eff 0.0323 outinratio 0.0072 

VBFH126_4mu_pTHj_genbin2_recobin4 acc 0.0876 eff 0.0651 outinratio 0.0026 

WminusH126_4mu_pTHj_genbin2_recobin4 acc 0.0652 eff 0.0568 outinratio 0.0073 

WplusH126_4mu_pTHj_genbin2_recobin4 acc 0.0556 eff 0.0553 outinratio 0.0083 

ZH126_4mu_pTHj_genbin2_recobin4 acc 0.0595 eff 0.0581 outinratio 0.0354 

ttH126_4mu_pTHj_genbin2_recobin4 acc 0.0166 eff 0.0621 outinratio 0.0414 

ggH126_4mu_pTHj_genbin3_recobin4 acc 0.0275 eff 0.1681 outinratio 0.0072 

VBFH126_4mu_pTHj_genbin3_recobin4 acc 0.0794 eff 0.2407 outinratio 0.0026 

WminusH126_4mu_pTHj_genbin3_recobin4 acc 0.0576 eff 0.1855 outinratio 0.0073 

WplusH126_4mu_pTHj_genbin3_recobin4 acc 0.0489 eff 0.1945 outinratio 0.0083 

ZH126_4mu_pTHj_genbin3_recobin4 acc 0.0567 eff 0.1934 outinratio 0.0354 

ttH126_4mu_pTHj_genbin3_recobin4 acc 0.0206 eff 0.1395 outinratio 0.0414 

ggH126_4mu_pTHj_genbin4_recobin4 acc 0.0433 eff 0.6032 outinratio 0.0072 

VBFH126_4mu_pTHj_genbin4_recobin4 acc 0.1901 eff 0.6172 outinratio 0.0026 

WminusH126_4mu_pTHj_genbin4_recobin4 acc 0.1241 eff 0.5893 outinratio 0.0073 

WplusH126_4mu_pTHj_genbin4_recobin4 acc 0.109 eff 0.578 outinratio 0.0083 

ZH126_4mu_pTHj_genbin4_recobin4 acc 0.1307 eff 0.6063 outinratio 0.0354 

ttH126_4mu_pTHj_genbin4_recobin4 acc 0.119 eff 0.3914 outinratio 0.0414 

ggH126_4mu_pTHj_genbin5_recobin4 acc 0.0141 eff 0.095 outinratio 0.0072 

VBFH126_4mu_pTHj_genbin5_recobin4 acc 0.0597 eff 0.1 outinratio 0.0026 

WminusH126_4mu_pTHj_genbin5_recobin4 acc 0.067 eff 0.0799 outinratio 0.0073 

WplusH126_4mu_pTHj_genbin5_recobin4 acc 0.0658 eff 0.0739 outinratio 0.0083 

ZH126_4mu_pTHj_genbin5_recobin4 acc 0.0701 eff 0.0658 outinratio 0.0354 

ttH126_4mu_pTHj_genbin5_recobin4 acc 0.3664 eff 0.0326 outinratio 0.0414 

ggH126_4mu_pTHj_genbin0_recobin5 acc 0.3111 eff 0.0034 outinratio 0.0037 

VBFH126_4mu_pTHj_genbin0_recobin5 acc 0.0777 eff 0.0096 outinratio 0.0044 

WminusH126_4mu_pTHj_genbin0_recobin5 acc 0.1088 eff 0.0401 outinratio 0.01 

WplusH126_4mu_pTHj_genbin0_recobin5 acc 0.0948 eff 0.0475 outinratio 0.0131 

ZH126_4mu_pTHj_genbin0_recobin5 acc 0.0824 eff 0.0282 outinratio 0.0713 

ttH126_4mu_pTHj_genbin0_recobin5 acc 0.0015 eff 0.0136 outinratio 0.0239 

ggH126_4mu_pTHj_genbin1_recobin5 acc 0.0294 eff 0.0069 outinratio 0.0037 

VBFH126_4mu_pTHj_genbin1_recobin5 acc 0.025 eff 0.0053 outinratio 0.0044 

WminusH126_4mu_pTHj_genbin1_recobin5 acc 0.0173 eff 0.0136 outinratio 0.01 

WplusH126_4mu_pTHj_genbin1_recobin5 acc 0.0146 eff 0.0116 outinratio 0.0131 

ZH126_4mu_pTHj_genbin1_recobin5 acc 0.0139 eff 0.0358 outinratio 0.0713 

ttH126_4mu_pTHj_genbin1_recobin5 acc 0.0041 eff 0.081 outinratio 0.0239 

ggH126_4mu_pTHj_genbin2_recobin5 acc 0.0516 eff 0.003 outinratio 0.0037 

VBFH126_4mu_pTHj_genbin2_recobin5 acc 0.0876 eff 0.0092 outinratio 0.0044 

WminusH126_4mu_pTHj_genbin2_recobin5 acc 0.0652 eff 0.012 outinratio 0.01 

WplusH126_4mu_pTHj_genbin2_recobin5 acc 0.0556 eff 0.0118 outinratio 0.0131 

ZH126_4mu_pTHj_genbin2_recobin5 acc 0.0595 eff 0.0182 outinratio 0.0713 

ttH126_4mu_pTHj_genbin2_recobin5 acc 0.0166 eff 0.0704 outinratio 0.0239 

ggH126_4mu_pTHj_genbin3_recobin5 acc 0.0275 eff 0.0077 outinratio 0.0037 

VBFH126_4mu_pTHj_genbin3_recobin5 acc 0.0794 eff 0.015 outinratio 0.0044 

WminusH126_4mu_pTHj_genbin3_recobin5 acc 0.0576 eff 0.0171 outinratio 0.01 

WplusH126_4mu_pTHj_genbin3_recobin5 acc 0.0489 eff 0.0133 outinratio 0.0131 

ZH126_4mu_pTHj_genbin3_recobin5 acc 0.0567 eff 0.0108 outinratio 0.0713 

ttH126_4mu_pTHj_genbin3_recobin5 acc 0.0206 eff 0.0822 outinratio 0.0239 

ggH126_4mu_pTHj_genbin4_recobin5 acc 0.0433 eff 0.0565 outinratio 0.0037 

VBFH126_4mu_pTHj_genbin4_recobin5 acc 0.1901 eff 0.0934 outinratio 0.0044 

WminusH126_4mu_pTHj_genbin4_recobin5 acc 0.1241 eff 0.0576 outinratio 0.01 

WplusH126_4mu_pTHj_genbin4_recobin5 acc 0.109 eff 0.0609 outinratio 0.0131 

ZH126_4mu_pTHj_genbin4_recobin5 acc 0.1307 eff 0.0745 outinratio 0.0713 

ttH126_4mu_pTHj_genbin4_recobin5 acc 0.119 eff 0.1355 outinratio 0.0239 

ggH126_4mu_pTHj_genbin5_recobin5 acc 0.0141 eff 0.5974 outinratio 0.0037 

VBFH126_4mu_pTHj_genbin5_recobin5 acc 0.0597 eff 0.6831 outinratio 0.0044 

WminusH126_4mu_pTHj_genbin5_recobin5 acc 0.067 eff 0.6242 outinratio 0.01 

WplusH126_4mu_pTHj_genbin5_recobin5 acc 0.0658 eff 0.6168 outinratio 0.0131 

ZH126_4mu_pTHj_genbin5_recobin5 acc 0.0701 eff 0.6729 outinratio 0.0713 

ttH126_4mu_pTHj_genbin5_recobin5 acc 0.3664 eff 0.5307 outinratio 0.0239 

ggH126_2e2mu_pTHj_genbin0_recobin0 acc 0.2879 eff 0.5044 outinratio 0.0096 

VBFH126_2e2mu_pTHj_genbin0_recobin0 acc 0.0688 eff 0.4429 outinratio 0.0073 

WminusH126_2e2mu_pTHj_genbin0_recobin0 acc 0.1003 eff 0.3911 outinratio 0.027 

WplusH126_2e2mu_pTHj_genbin0_recobin0 acc 0.0863 eff 0.3877 outinratio 0.0302 

ZH126_2e2mu_pTHj_genbin0_recobin0 acc 0.0821 eff 0.4669 outinratio 0.0652 

ttH126_2e2mu_pTHj_genbin0_recobin0 acc 0.0016 eff 0.0669 outinratio 0.1691 

ggH126_2e2mu_pTHj_genbin1_recobin0 acc 0.0256 eff 0.074 outinratio 0.0096 

VBFH126_2e2mu_pTHj_genbin1_recobin0 acc 0.0228 eff 0.0367 outinratio 0.0073 

WminusH126_2e2mu_pTHj_genbin1_recobin0 acc 0.0164 eff 0.026 outinratio 0.027 

WplusH126_2e2mu_pTHj_genbin1_recobin0 acc 0.0142 eff 0.0274 outinratio 0.0302 

ZH126_2e2mu_pTHj_genbin1_recobin0 acc 0.0146 eff 0.0537 outinratio 0.0652 

ttH126_2e2mu_pTHj_genbin1_recobin0 acc 0.0036 eff 0.0 outinratio 0.1691 

ggH126_2e2mu_pTHj_genbin2_recobin0 acc 0.0477 eff 0.0657 outinratio 0.0096 

VBFH126_2e2mu_pTHj_genbin2_recobin0 acc 0.0823 eff 0.0446 outinratio 0.0073 

WminusH126_2e2mu_pTHj_genbin2_recobin0 acc 0.0603 eff 0.0303 outinratio 0.027 

WplusH126_2e2mu_pTHj_genbin2_recobin0 acc 0.0521 eff 0.0268 outinratio 0.0302 

ZH126_2e2mu_pTHj_genbin2_recobin0 acc 0.0544 eff 0.027 outinratio 0.0652 

ttH126_2e2mu_pTHj_genbin2_recobin0 acc 0.0174 eff 0.0053 outinratio 0.1691 

ggH126_2e2mu_pTHj_genbin3_recobin0 acc 0.0261 eff 0.0628 outinratio 0.0096 

VBFH126_2e2mu_pTHj_genbin3_recobin0 acc 0.0721 eff 0.0255 outinratio 0.0073 

WminusH126_2e2mu_pTHj_genbin3_recobin0 acc 0.0537 eff 0.0258 outinratio 0.027 

WplusH126_2e2mu_pTHj_genbin3_recobin0 acc 0.0463 eff 0.0216 outinratio 0.0302 

ZH126_2e2mu_pTHj_genbin3_recobin0 acc 0.0502 eff 0.0242 outinratio 0.0652 

ttH126_2e2mu_pTHj_genbin3_recobin0 acc 0.0193 eff 0.0 outinratio 0.1691 

ggH126_2e2mu_pTHj_genbin4_recobin0 acc 0.0391 eff 0.0283 outinratio 0.0096 

VBFH126_2e2mu_pTHj_genbin4_recobin0 acc 0.1766 eff 0.0157 outinratio 0.0073 

WminusH126_2e2mu_pTHj_genbin4_recobin0 acc 0.116 eff 0.0133 outinratio 0.027 

WplusH126_2e2mu_pTHj_genbin4_recobin0 acc 0.1021 eff 0.0112 outinratio 0.0302 

ZH126_2e2mu_pTHj_genbin4_recobin0 acc 0.1236 eff 0.0159 outinratio 0.0652 

ttH126_2e2mu_pTHj_genbin4_recobin0 acc 0.1095 eff 0.0023 outinratio 0.1691 

ggH126_2e2mu_pTHj_genbin5_recobin0 acc 0.0127 eff 0.0058 outinratio 0.0096 

VBFH126_2e2mu_pTHj_genbin5_recobin0 acc 0.0545 eff 0.0025 outinratio 0.0073 

WminusH126_2e2mu_pTHj_genbin5_recobin0 acc 0.062 eff 0.01 outinratio 0.027 

WplusH126_2e2mu_pTHj_genbin5_recobin0 acc 0.0616 eff 0.009 outinratio 0.0302 

ZH126_2e2mu_pTHj_genbin5_recobin0 acc 0.068 eff 0.0083 outinratio 0.0652 

ttH126_2e2mu_pTHj_genbin5_recobin0 acc 0.3301 eff 0.0007 outinratio 0.1691 

ggH126_2e2mu_pTHj_genbin0_recobin1 acc 0.2879 eff 0.0057 outinratio 0.0111 

VBFH126_2e2mu_pTHj_genbin0_recobin1 acc 0.0688 eff 0.0119 outinratio 0.0157 

WminusH126_2e2mu_pTHj_genbin0_recobin1 acc 0.1003 eff 0.0063 outinratio 0.0147 

WplusH126_2e2mu_pTHj_genbin0_recobin1 acc 0.0863 eff 0.0053 outinratio 0.0128 

ZH126_2e2mu_pTHj_genbin0_recobin1 acc 0.0821 eff 0.0053 outinratio 0.0325 

ttH126_2e2mu_pTHj_genbin0_recobin1 acc 0.0016 eff 0.0 outinratio 0.0 

ggH126_2e2mu_pTHj_genbin1_recobin1 acc 0.0256 eff 0.3076 outinratio 0.0111 

VBFH126_2e2mu_pTHj_genbin1_recobin1 acc 0.0228 eff 0.2682 outinratio 0.0157 

WminusH126_2e2mu_pTHj_genbin1_recobin1 acc 0.0164 eff 0.2574 outinratio 0.0147 

WplusH126_2e2mu_pTHj_genbin1_recobin1 acc 0.0142 eff 0.2519 outinratio 0.0128 

ZH126_2e2mu_pTHj_genbin1_recobin1 acc 0.0146 eff 0.2638 outinratio 0.0325 

ttH126_2e2mu_pTHj_genbin1_recobin1 acc 0.0036 eff 0.1472 outinratio 0.0 

ggH126_2e2mu_pTHj_genbin2_recobin1 acc 0.0477 eff 0.0547 outinratio 0.0111 

VBFH126_2e2mu_pTHj_genbin2_recobin1 acc 0.0823 eff 0.0535 outinratio 0.0157 

WminusH126_2e2mu_pTHj_genbin2_recobin1 acc 0.0603 eff 0.0424 outinratio 0.0147 

WplusH126_2e2mu_pTHj_genbin2_recobin1 acc 0.0521 eff 0.0467 outinratio 0.0128 

ZH126_2e2mu_pTHj_genbin2_recobin1 acc 0.0544 eff 0.0501 outinratio 0.0325 

ttH126_2e2mu_pTHj_genbin2_recobin1 acc 0.0174 eff 0.042 outinratio 0.0 

ggH126_2e2mu_pTHj_genbin3_recobin1 acc 0.0261 eff 0.0006 outinratio 0.0111 

VBFH126_2e2mu_pTHj_genbin3_recobin1 acc 0.0721 eff 0.0069 outinratio 0.0157 

WminusH126_2e2mu_pTHj_genbin3_recobin1 acc 0.0537 eff 0.0038 outinratio 0.0147 

WplusH126_2e2mu_pTHj_genbin3_recobin1 acc 0.0463 eff 0.0048 outinratio 0.0128 

ZH126_2e2mu_pTHj_genbin3_recobin1 acc 0.0502 eff 0.0026 outinratio 0.0325 

ttH126_2e2mu_pTHj_genbin3_recobin1 acc 0.0193 eff 0.004 outinratio 0.0 

ggH126_2e2mu_pTHj_genbin4_recobin1 acc 0.0391 eff 0.0004 outinratio 0.0111 

VBFH126_2e2mu_pTHj_genbin4_recobin1 acc 0.1766 eff 0.0014 outinratio 0.0157 

WminusH126_2e2mu_pTHj_genbin4_recobin1 acc 0.116 eff 0.0015 outinratio 0.0147 

WplusH126_2e2mu_pTHj_genbin4_recobin1 acc 0.1021 eff 0.0016 outinratio 0.0128 

ZH126_2e2mu_pTHj_genbin4_recobin1 acc 0.1236 eff 0.001 outinratio 0.0325 

ttH126_2e2mu_pTHj_genbin4_recobin1 acc 0.1095 eff 0.0004 outinratio 0.0 

ggH126_2e2mu_pTHj_genbin5_recobin1 acc 0.0127 eff 0.0 outinratio 0.0111 

VBFH126_2e2mu_pTHj_genbin5_recobin1 acc 0.0545 eff 0.0 outinratio 0.0157 

WminusH126_2e2mu_pTHj_genbin5_recobin1 acc 0.062 eff 0.0007 outinratio 0.0147 

WplusH126_2e2mu_pTHj_genbin5_recobin1 acc 0.0616 eff 0.0003 outinratio 0.0128 

ZH126_2e2mu_pTHj_genbin5_recobin1 acc 0.068 eff 0.0014 outinratio 0.0325 

ttH126_2e2mu_pTHj_genbin5_recobin1 acc 0.3301 eff 0.0005 outinratio 0.0 

ggH126_2e2mu_pTHj_genbin0_recobin2 acc 0.2879 eff 0.0178 outinratio 0.0106 

VBFH126_2e2mu_pTHj_genbin0_recobin2 acc 0.0688 eff 0.045 outinratio 0.0112 

WminusH126_2e2mu_pTHj_genbin0_recobin2 acc 0.1003 eff 0.0257 outinratio 0.0108 

WplusH126_2e2mu_pTHj_genbin0_recobin2 acc 0.0863 eff 0.0211 outinratio 0.0113 

ZH126_2e2mu_pTHj_genbin0_recobin2 acc 0.0821 eff 0.0176 outinratio 0.0273 

ttH126_2e2mu_pTHj_genbin0_recobin2 acc 0.0016 eff 0.0 outinratio 0.0389 

ggH126_2e2mu_pTHj_genbin1_recobin2 acc 0.0256 eff 0.1643 outinratio 0.0106 

VBFH126_2e2mu_pTHj_genbin1_recobin2 acc 0.0228 eff 0.2217 outinratio 0.0112 

WminusH126_2e2mu_pTHj_genbin1_recobin2 acc 0.0164 eff 0.2039 outinratio 0.0108 

WplusH126_2e2mu_pTHj_genbin1_recobin2 acc 0.0142 eff 0.2186 outinratio 0.0113 

ZH126_2e2mu_pTHj_genbin1_recobin2 acc 0.0146 eff 0.1534 outinratio 0.0273 

ttH126_2e2mu_pTHj_genbin1_recobin2 acc 0.0036 eff 0.1412 outinratio 0.0389 

ggH126_2e2mu_pTHj_genbin2_recobin2 acc 0.0477 eff 0.3324 outinratio 0.0106 

VBFH126_2e2mu_pTHj_genbin2_recobin2 acc 0.0823 eff 0.332 outinratio 0.0112 

WminusH126_2e2mu_pTHj_genbin2_recobin2 acc 0.0603 eff 0.3195 outinratio 0.0108 

WplusH126_2e2mu_pTHj_genbin2_recobin2 acc 0.0521 eff 0.3155 outinratio 0.0113 

ZH126_2e2mu_pTHj_genbin2_recobin2 acc 0.0544 eff 0.2947 outinratio 0.0273 

ttH126_2e2mu_pTHj_genbin2_recobin2 acc 0.0174 eff 0.2019 outinratio 0.0389 

ggH126_2e2mu_pTHj_genbin3_recobin2 acc 0.0261 eff 0.1042 outinratio 0.0106 

VBFH126_2e2mu_pTHj_genbin3_recobin2 acc 0.0721 eff 0.092 outinratio 0.0112 

WminusH126_2e2mu_pTHj_genbin3_recobin2 acc 0.0537 eff 0.0831 outinratio 0.0108 

WplusH126_2e2mu_pTHj_genbin3_recobin2 acc 0.0463 eff 0.0815 outinratio 0.0113 

ZH126_2e2mu_pTHj_genbin3_recobin2 acc 0.0502 eff 0.0782 outinratio 0.0273 

ttH126_2e2mu_pTHj_genbin3_recobin2 acc 0.0193 eff 0.068 outinratio 0.0389 

ggH126_2e2mu_pTHj_genbin4_recobin2 acc 0.0391 eff 0.0126 outinratio 0.0106 

VBFH126_2e2mu_pTHj_genbin4_recobin2 acc 0.1766 eff 0.0126 outinratio 0.0112 

WminusH126_2e2mu_pTHj_genbin4_recobin2 acc 0.116 eff 0.0112 outinratio 0.0108 

WplusH126_2e2mu_pTHj_genbin4_recobin2 acc 0.1021 eff 0.0124 outinratio 0.0113 

ZH126_2e2mu_pTHj_genbin4_recobin2 acc 0.1236 eff 0.0102 outinratio 0.0273 

ttH126_2e2mu_pTHj_genbin4_recobin2 acc 0.1095 eff 0.0063 outinratio 0.0389 

ggH126_2e2mu_pTHj_genbin5_recobin2 acc 0.0127 eff 0.0 outinratio 0.0106 

VBFH126_2e2mu_pTHj_genbin5_recobin2 acc 0.0545 eff 0.0025 outinratio 0.0112 

WminusH126_2e2mu_pTHj_genbin5_recobin2 acc 0.062 eff 0.003 outinratio 0.0108 

WplusH126_2e2mu_pTHj_genbin5_recobin2 acc 0.0616 eff 0.0026 outinratio 0.0113 

ZH126_2e2mu_pTHj_genbin5_recobin2 acc 0.068 eff 0.0011 outinratio 0.0273 

ttH126_2e2mu_pTHj_genbin5_recobin2 acc 0.3301 eff 0.0014 outinratio 0.0389 

ggH126_2e2mu_pTHj_genbin0_recobin3 acc 0.2879 eff 0.0102 outinratio 0.0067 

VBFH126_2e2mu_pTHj_genbin0_recobin3 acc 0.0688 eff 0.032 outinratio 0.004 

WminusH126_2e2mu_pTHj_genbin0_recobin3 acc 0.1003 eff 0.0239 outinratio 0.0144 

WplusH126_2e2mu_pTHj_genbin0_recobin3 acc 0.0863 eff 0.0209 outinratio 0.0128 

ZH126_2e2mu_pTHj_genbin0_recobin3 acc 0.0821 eff 0.0096 outinratio 0.0441 

ttH126_2e2mu_pTHj_genbin0_recobin3 acc 0.0016 eff 0.0 outinratio 0.0185 

ggH126_2e2mu_pTHj_genbin1_recobin3 acc 0.0256 eff 0.0161 outinratio 0.0067 

VBFH126_2e2mu_pTHj_genbin1_recobin3 acc 0.0228 eff 0.024 outinratio 0.004 

WminusH126_2e2mu_pTHj_genbin1_recobin3 acc 0.0164 eff 0.0202 outinratio 0.0144 

WplusH126_2e2mu_pTHj_genbin1_recobin3 acc 0.0142 eff 0.0269 outinratio 0.0128 

ZH126_2e2mu_pTHj_genbin1_recobin3 acc 0.0146 eff 0.017 outinratio 0.0441 

ttH126_2e2mu_pTHj_genbin1_recobin3 acc 0.0036 eff 0.05 outinratio 0.0185 

ggH126_2e2mu_pTHj_genbin2_recobin3 acc 0.0477 eff 0.0818 outinratio 0.0067 

VBFH126_2e2mu_pTHj_genbin2_recobin3 acc 0.0823 eff 0.1124 outinratio 0.004 

WminusH126_2e2mu_pTHj_genbin2_recobin3 acc 0.0603 eff 0.1063 outinratio 0.0144 

WplusH126_2e2mu_pTHj_genbin2_recobin3 acc 0.0521 eff 0.1022 outinratio 0.0128 

ZH126_2e2mu_pTHj_genbin2_recobin3 acc 0.0544 eff 0.1008 outinratio 0.0441 

ttH126_2e2mu_pTHj_genbin2_recobin3 acc 0.0174 eff 0.046 outinratio 0.0185 

ggH126_2e2mu_pTHj_genbin3_recobin3 acc 0.0261 eff 0.2896 outinratio 0.0067 

VBFH126_2e2mu_pTHj_genbin3_recobin3 acc 0.0721 eff 0.2811 outinratio 0.004 

WminusH126_2e2mu_pTHj_genbin3_recobin3 acc 0.0537 eff 0.2726 outinratio 0.0144 

WplusH126_2e2mu_pTHj_genbin3_recobin3 acc 0.0463 eff 0.2726 outinratio 0.0128 

ZH126_2e2mu_pTHj_genbin3_recobin3 acc 0.0502 eff 0.268 outinratio 0.0441 

ttH126_2e2mu_pTHj_genbin3_recobin3 acc 0.0193 eff 0.1857 outinratio 0.0185 

ggH126_2e2mu_pTHj_genbin4_recobin3 acc 0.0391 eff 0.0417 outinratio 0.0067 

VBFH126_2e2mu_pTHj_genbin4_recobin3 acc 0.1766 eff 0.053 outinratio 0.004 

WminusH126_2e2mu_pTHj_genbin4_recobin3 acc 0.116 eff 0.0443 outinratio 0.0144 

WplusH126_2e2mu_pTHj_genbin4_recobin3 acc 0.1021 eff 0.0436 outinratio 0.0128 

ZH126_2e2mu_pTHj_genbin4_recobin3 acc 0.1236 eff 0.0447 outinratio 0.0441 

ttH126_2e2mu_pTHj_genbin4_recobin3 acc 0.1095 eff 0.0225 outinratio 0.0185 

ggH126_2e2mu_pTHj_genbin5_recobin3 acc 0.0127 eff 0.0024 outinratio 0.0067 

VBFH126_2e2mu_pTHj_genbin5_recobin3 acc 0.0545 eff 0.0014 outinratio 0.004 

WminusH126_2e2mu_pTHj_genbin5_recobin3 acc 0.062 eff 0.0046 outinratio 0.0144 

WplusH126_2e2mu_pTHj_genbin5_recobin3 acc 0.0616 eff 0.004 outinratio 0.0128 

ZH126_2e2mu_pTHj_genbin5_recobin3 acc 0.068 eff 0.0021 outinratio 0.0441 

ttH126_2e2mu_pTHj_genbin5_recobin3 acc 0.3301 eff 0.0024 outinratio 0.0185 

ggH126_2e2mu_pTHj_genbin0_recobin4 acc 0.2879 eff 0.0179 outinratio 0.0118 

VBFH126_2e2mu_pTHj_genbin0_recobin4 acc 0.0688 eff 0.0468 outinratio 0.0064 

WminusH126_2e2mu_pTHj_genbin0_recobin4 acc 0.1003 eff 0.0565 outinratio 0.0141 

WplusH126_2e2mu_pTHj_genbin0_recobin4 acc 0.0863 eff 0.0518 outinratio 0.0125 

ZH126_2e2mu_pTHj_genbin0_recobin4 acc 0.0821 eff 0.0264 outinratio 0.052 

ttH126_2e2mu_pTHj_genbin0_recobin4 acc 0.0016 eff 0.0 outinratio 0.0467 

ggH126_2e2mu_pTHj_genbin1_recobin4 acc 0.0256 eff 0.0168 outinratio 0.0118 

VBFH126_2e2mu_pTHj_genbin1_recobin4 acc 0.0228 eff 0.0238 outinratio 0.0064 

WminusH126_2e2mu_pTHj_genbin1_recobin4 acc 0.0164 eff 0.0254 outinratio 0.0141 

WplusH126_2e2mu_pTHj_genbin1_recobin4 acc 0.0142 eff 0.0213 outinratio 0.0125 

ZH126_2e2mu_pTHj_genbin1_recobin4 acc 0.0146 eff 0.0035 outinratio 0.052 

ttH126_2e2mu_pTHj_genbin1_recobin4 acc 0.0036 eff 0.0049 outinratio 0.0467 

ggH126_2e2mu_pTHj_genbin2_recobin4 acc 0.0477 eff 0.0309 outinratio 0.0118 

VBFH126_2e2mu_pTHj_genbin2_recobin4 acc 0.0823 eff 0.0468 outinratio 0.0064 

WminusH126_2e2mu_pTHj_genbin2_recobin4 acc 0.0603 eff 0.0408 outinratio 0.0141 

WplusH126_2e2mu_pTHj_genbin2_recobin4 acc 0.0521 eff 0.0423 outinratio 0.0125 

ZH126_2e2mu_pTHj_genbin2_recobin4 acc 0.0544 eff 0.0498 outinratio 0.052 

ttH126_2e2mu_pTHj_genbin2_recobin4 acc 0.0174 eff 0.0432 outinratio 0.0467 

ggH126_2e2mu_pTHj_genbin3_recobin4 acc 0.0261 eff 0.1236 outinratio 0.0118 

VBFH126_2e2mu_pTHj_genbin3_recobin4 acc 0.0721 eff 0.1659 outinratio 0.0064 

WminusH126_2e2mu_pTHj_genbin3_recobin4 acc 0.0537 eff 0.1463 outinratio 0.0141 

WplusH126_2e2mu_pTHj_genbin3_recobin4 acc 0.0463 eff 0.1489 outinratio 0.0125 

ZH126_2e2mu_pTHj_genbin3_recobin4 acc 0.0502 eff 0.1431 outinratio 0.052 

ttH126_2e2mu_pTHj_genbin3_recobin4 acc 0.0193 eff 0.1368 outinratio 0.0467 

ggH126_2e2mu_pTHj_genbin4_recobin4 acc 0.0391 eff 0.4529 outinratio 0.0118 

VBFH126_2e2mu_pTHj_genbin4_recobin4 acc 0.1766 eff 0.4601 outinratio 0.0064 

WminusH126_2e2mu_pTHj_genbin4_recobin4 acc 0.116 eff 0.4258 outinratio 0.0141 

WplusH126_2e2mu_pTHj_genbin4_recobin4 acc 0.1021 eff 0.4305 outinratio 0.0125 

ZH126_2e2mu_pTHj_genbin4_recobin4 acc 0.1236 eff 0.4287 outinratio 0.052 

ttH126_2e2mu_pTHj_genbin4_recobin4 acc 0.1095 eff 0.2932 outinratio 0.0467 

ggH126_2e2mu_pTHj_genbin5_recobin4 acc 0.0127 eff 0.0483 outinratio 0.0118 

VBFH126_2e2mu_pTHj_genbin5_recobin4 acc 0.0545 eff 0.0832 outinratio 0.0064 

WminusH126_2e2mu_pTHj_genbin5_recobin4 acc 0.062 eff 0.0614 outinratio 0.0141 

WplusH126_2e2mu_pTHj_genbin5_recobin4 acc 0.0616 eff 0.0576 outinratio 0.0125 

ZH126_2e2mu_pTHj_genbin5_recobin4 acc 0.068 eff 0.0463 outinratio 0.052 

ttH126_2e2mu_pTHj_genbin5_recobin4 acc 0.3301 eff 0.0233 outinratio 0.0467 

ggH126_2e2mu_pTHj_genbin0_recobin5 acc 0.2879 eff 0.0017 outinratio 0.0067 

VBFH126_2e2mu_pTHj_genbin0_recobin5 acc 0.0688 eff 0.0034 outinratio 0.0072 

WminusH126_2e2mu_pTHj_genbin0_recobin5 acc 0.1003 eff 0.0332 outinratio 0.0185 

WplusH126_2e2mu_pTHj_genbin0_recobin5 acc 0.0863 eff 0.0357 outinratio 0.0148 

ZH126_2e2mu_pTHj_genbin0_recobin5 acc 0.0821 eff 0.0216 outinratio 0.07 

ttH126_2e2mu_pTHj_genbin0_recobin5 acc 0.0016 eff 0.2806 outinratio 0.0344 

ggH126_2e2mu_pTHj_genbin1_recobin5 acc 0.0256 eff 0.009 outinratio 0.0067 

VBFH126_2e2mu_pTHj_genbin1_recobin5 acc 0.0228 eff 0.0045 outinratio 0.0072 

WminusH126_2e2mu_pTHj_genbin1_recobin5 acc 0.0164 eff 0.0108 outinratio 0.0185 

WplusH126_2e2mu_pTHj_genbin1_recobin5 acc 0.0142 eff 0.0067 outinratio 0.0148 

ZH126_2e2mu_pTHj_genbin1_recobin5 acc 0.0146 eff 0.0061 outinratio 0.07 

ttH126_2e2mu_pTHj_genbin1_recobin5 acc 0.0036 eff 0.117 outinratio 0.0344 

ggH126_2e2mu_pTHj_genbin2_recobin5 acc 0.0477 eff 0.0048 outinratio 0.0067 

VBFH126_2e2mu_pTHj_genbin2_recobin5 acc 0.0823 eff 0.0072 outinratio 0.0072 

WminusH126_2e2mu_pTHj_genbin2_recobin5 acc 0.0603 eff 0.0103 outinratio 0.0185 

WplusH126_2e2mu_pTHj_genbin2_recobin5 acc 0.0521 eff 0.0095 outinratio 0.0148 

ZH126_2e2mu_pTHj_genbin2_recobin5 acc 0.0544 eff 0.0066 outinratio 0.07 

ttH126_2e2mu_pTHj_genbin2_recobin5 acc 0.0174 eff 0.0566 outinratio 0.0344 

ggH126_2e2mu_pTHj_genbin3_recobin5 acc 0.0261 eff 0.0091 outinratio 0.0067 

VBFH126_2e2mu_pTHj_genbin3_recobin5 acc 0.0721 eff 0.0103 outinratio 0.0072 

WminusH126_2e2mu_pTHj_genbin3_recobin5 acc 0.0537 eff 0.0125 outinratio 0.0185 

WplusH126_2e2mu_pTHj_genbin3_recobin5 acc 0.0463 eff 0.0105 outinratio 0.0148 

ZH126_2e2mu_pTHj_genbin3_recobin5 acc 0.0502 eff 0.0162 outinratio 0.07 

ttH126_2e2mu_pTHj_genbin3_recobin5 acc 0.0193 eff 0.0857 outinratio 0.0344 

ggH126_2e2mu_pTHj_genbin4_recobin5 acc 0.0391 eff 0.0424 outinratio 0.0067 

VBFH126_2e2mu_pTHj_genbin4_recobin5 acc 0.1766 eff 0.0579 outinratio 0.0072 

WminusH126_2e2mu_pTHj_genbin4_recobin5 acc 0.116 eff 0.0422 outinratio 0.0185 

WplusH126_2e2mu_pTHj_genbin4_recobin5 acc 0.1021 eff 0.047 outinratio 0.0148 

ZH126_2e2mu_pTHj_genbin4_recobin5 acc 0.1236 eff 0.0484 outinratio 0.07 

ttH126_2e2mu_pTHj_genbin4_recobin5 acc 0.1095 eff 0.1068 outinratio 0.0344 

ggH126_2e2mu_pTHj_genbin5_recobin5 acc 0.0127 eff 0.5408 outinratio 0.0067 

VBFH126_2e2mu_pTHj_genbin5_recobin5 acc 0.0545 eff 0.5121 outinratio 0.0072 

WminusH126_2e2mu_pTHj_genbin5_recobin5 acc 0.062 eff 0.4637 outinratio 0.0185 

WplusH126_2e2mu_pTHj_genbin5_recobin5 acc 0.0616 eff 0.4773 outinratio 0.0148 

ZH126_2e2mu_pTHj_genbin5_recobin5 acc 0.068 eff 0.4889 outinratio 0.07 

ttH126_2e2mu_pTHj_genbin5_recobin5 acc 0.3301 eff 0.4171 outinratio 0.0344 

Coeff fullNNLOPS
