Welcome in RunCoefficients!
OPT SPLIT
DEBUG opt.YEAR = 2022EE_5
It is a single-differential measurement, binning [105.0, 160.0]
ZZMass
Following observables extracted from dictionary: RECO =  ZZMass  GEN =  GENmass4l
LUMI: 4.4454666666666665
ttH126 0.00016778591
Processing ggH126 2022EE_5
Signal created
Signal failed created
Processing VBFH126 2022EE_5
Signal created
Signal failed created
Processing WminusH126 2022EE_5
Signal created
Signal failed created
Processing WplusH126 2022EE_5
Signal created
Signal failed created
Processing ZH126 2022EE_5
Signal created
Signal failed created
Processing ttH126 2022EE_5
Signal created
Signal failed created
2022EE_5 SKIMMED df CREATED
2022EE_5 ggH126
2022EE_5 VBFH126
2022EE_5 WminusH126
2022EE_5 WplusH126
2022EE_5 ZH126
2022EE_5 ttH126
Dataframes created successfully
Coeff std
ggH126_4l_mass4l_genbin0_recobin0 acc 0.447 eff 0.4929 outinratio 0.0072 

VBFH126_4l_mass4l_genbin0_recobin0 acc 0.4851 eff 0.5208 outinratio 0.0064 

WminusH126_4l_mass4l_genbin0_recobin0 acc 0.4097 eff 0.4751 outinratio 0.0174 

WplusH126_4l_mass4l_genbin0_recobin0 acc 0.3662 eff 0.4744 outinratio 0.0168 

ZH126_4l_mass4l_genbin0_recobin0 acc 0.3904 eff 0.4787 outinratio 0.0534 

ttH126_4l_mass4l_genbin0_recobin0 acc 0.4905 eff 0.3518 outinratio 0.0296 

ggH126_4e_mass4l_genbin0_recobin0 acc 0.4284 eff 0.3329 outinratio 0.0116 

VBFH126_4e_mass4l_genbin0_recobin0 acc 0.4697 eff 0.357 outinratio 0.0084 

WminusH126_4e_mass4l_genbin0_recobin0 acc 0.3913 eff 0.32 outinratio 0.0298 

WplusH126_4e_mass4l_genbin0_recobin0 acc 0.3547 eff 0.3217 outinratio 0.0255 

ZH126_4e_mass4l_genbin0_recobin0 acc 0.3783 eff 0.3325 outinratio 0.0456 

ttH126_4e_mass4l_genbin0_recobin0 acc 0.4837 eff 0.285 outinratio 0.0626 

ggH126_4mu_mass4l_genbin0_recobin0 acc 0.4747 eff 0.681 outinratio 0.0055 

VBFH126_4mu_mass4l_genbin0_recobin0 acc 0.518 eff 0.6952 outinratio 0.0068 

WminusH126_4mu_mass4l_genbin0_recobin0 acc 0.439 eff 0.6404 outinratio 0.013 

WplusH126_4mu_mass4l_genbin0_recobin0 acc 0.3874 eff 0.6439 outinratio 0.0111 

ZH126_4mu_mass4l_genbin0_recobin0 acc 0.4102 eff 0.6445 outinratio 0.0611 

ttH126_4mu_mass4l_genbin0_recobin0 acc 0.5034 eff 0.4209 outinratio 0.0252 

ggH126_2e2mu_mass4l_genbin0_recobin0 acc 0.4422 eff 0.4682 outinratio 0.0069 

VBFH126_2e2mu_mass4l_genbin0_recobin0 acc 0.4753 eff 0.5055 outinratio 0.0053 

WminusH126_2e2mu_mass4l_genbin0_recobin0 acc 0.4037 eff 0.4589 outinratio 0.0165 

WplusH126_2e2mu_mass4l_genbin0_recobin0 acc 0.3608 eff 0.4565 outinratio 0.0183 

ZH126_2e2mu_mass4l_genbin0_recobin0 acc 0.3861 eff 0.46 outinratio 0.0502 

ttH126_2e2mu_mass4l_genbin0_recobin0 acc 0.4877 eff 0.3536 outinratio 0.0166 

Coeff fullNNLOPS
