Welcome in RunCoefficients!
OPT SPLIT
DEBUG opt.YEAR = 2023postBPix_1
It is a double-differential measurement, binning for the 1st variable {0: [-100.0, 30.0], 1: [30.0, 10000.0], 2: [30.0, 80.0], 3: [80.0, 10000.0], 4: [30.0, 10000.0]} and for the 2nd variable {0: [-100.0, 30.0], 1: [-100.0, 30.0], 2: [30.0, 50.0], 3: [30.0, 50.0], 4: [50.0, 10000.0]}
{0: [-100.0, 30.0, -100.0, 30.0], 1: [30.0, 10000.0, -100.0, 30.0], 2: [30.0, 80.0, 30.0, 50.0], 3: [80.0, 10000.0, 30.0, 50.0], 4: [30.0, 10000.0, 50.0, 10000.0]}
pTj1
Following observables extracted from dictionary: RECO =  pTj1  GEN =  GENpTj1
It is a double-differential measurement: RECO_2nd =  pTj2  GEN_2nd =  GENpTj2
LUMI: 9.693
ttH126 0.00046886128
Processing ggH126 2023postBPix_1
Signal created
Signal failed created
Processing VBFH126 2023postBPix_1
Signal created
Signal failed created
Processing WminusH126 2023postBPix_1
Signal created
Signal failed created
Processing WplusH126 2023postBPix_1
Signal created
Signal failed created
Processing ZH126 2023postBPix_1
Signal created
Signal failed created
Processing ttH126 2023postBPix_1
Signal created
Signal failed created
2023postBPix_1 SKIMMED df CREATED
2023postBPix_1 ggH126
2023postBPix_1 VBFH126
2023postBPix_1 WminusH126
2023postBPix_1 WplusH126
2023postBPix_1 ZH126
2023postBPix_1 ttH126
Dataframes created successfully
Coeff std
ggH126_4l_pTj1_pTj2_genbin0_recobin0 acc 0.2935 eff 0.5257 outinratio 0.0095 

VBFH126_4l_pTj1_pTj2_genbin0_recobin0 acc 0.0714 eff 0.4387 outinratio 0.0088 

WminusH126_4l_pTj1_pTj2_genbin0_recobin0 acc 0.1022 eff 0.4054 outinratio 0.0251 

WplusH126_4l_pTj1_pTj2_genbin0_recobin0 acc 0.087 eff 0.4121 outinratio 0.0233 

ZH126_4l_pTj1_pTj2_genbin0_recobin0 acc 0.0798 eff 0.4677 outinratio 0.0691 

ttH126_4l_pTj1_pTj2_genbin0_recobin0 acc 0.0011 eff 0.0861 outinratio 0.0 

ggH126_4l_pTj1_pTj2_genbin1_recobin0 acc 0.1115 eff 0.0664 outinratio 0.0095 

VBFH126_4l_pTj1_pTj2_genbin1_recobin0 acc 0.2174 eff 0.0473 outinratio 0.0088 

WminusH126_4l_pTj1_pTj2_genbin1_recobin0 acc 0.1376 eff 0.0379 outinratio 0.0251 

WplusH126_4l_pTj1_pTj2_genbin1_recobin0 acc 0.1199 eff 0.037 outinratio 0.0233 

ZH126_4l_pTj1_pTj2_genbin1_recobin0 acc 0.1228 eff 0.0438 outinratio 0.0691 

ttH126_4l_pTj1_pTj2_genbin1_recobin0 acc 0.0132 eff 0.0068 outinratio 0.0 

ggH126_4l_pTj1_pTj2_genbin2_recobin0 acc 0.0161 eff 0.0139 outinratio 0.0095 

VBFH126_4l_pTj1_pTj2_genbin2_recobin0 acc 0.0333 eff 0.0178 outinratio 0.0088 

WminusH126_4l_pTj1_pTj2_genbin2_recobin0 acc 0.0608 eff 0.0105 outinratio 0.0251 

WplusH126_4l_pTj1_pTj2_genbin2_recobin0 acc 0.0514 eff 0.0077 outinratio 0.0233 

ZH126_4l_pTj1_pTj2_genbin2_recobin0 acc 0.0634 eff 0.0088 outinratio 0.0691 

ttH126_4l_pTj1_pTj2_genbin2_recobin0 acc 0.0216 eff 0.0082 outinratio 0.0 

ggH126_4l_pTj1_pTj2_genbin3_recobin0 acc 0.0074 eff 0.0019 outinratio 0.0095 

VBFH126_4l_pTj1_pTj2_genbin3_recobin0 acc 0.0266 eff 0.0013 outinratio 0.0088 

WminusH126_4l_pTj1_pTj2_genbin3_recobin0 acc 0.0261 eff 0.0006 outinratio 0.0251 

WplusH126_4l_pTj1_pTj2_genbin3_recobin0 acc 0.025 eff 0.0022 outinratio 0.0233 

ZH126_4l_pTj1_pTj2_genbin3_recobin0 acc 0.0268 eff 0.0 outinratio 0.0691 

ttH126_4l_pTj1_pTj2_genbin3_recobin0 acc 0.0228 eff 0.0031 outinratio 0.0 

ggH126_4l_pTj1_pTj2_genbin4_recobin0 acc 0.0204 eff 0.0006 outinratio 0.0095 

VBFH126_4l_pTj1_pTj2_genbin4_recobin0 acc 0.1358 eff 0.0027 outinratio 0.0088 

WminusH126_4l_pTj1_pTj2_genbin4_recobin0 acc 0.0863 eff 0.0001 outinratio 0.0251 

WplusH126_4l_pTj1_pTj2_genbin4_recobin0 acc 0.0833 eff 0.0004 outinratio 0.0233 

ZH126_4l_pTj1_pTj2_genbin4_recobin0 acc 0.0915 eff 0.0 outinratio 0.0691 

ttH126_4l_pTj1_pTj2_genbin4_recobin0 acc 0.4325 eff 0.0 outinratio 0.0 

ggH126_4l_pTj1_pTj2_genbin0_recobin1 acc 0.2935 eff 0.0516 outinratio 0.0083 

VBFH126_4l_pTj1_pTj2_genbin0_recobin1 acc 0.0714 eff 0.1236 outinratio 0.0093 

WminusH126_4l_pTj1_pTj2_genbin0_recobin1 acc 0.1022 eff 0.1269 outinratio 0.0152 

WplusH126_4l_pTj1_pTj2_genbin0_recobin1 acc 0.087 eff 0.124 outinratio 0.015 

ZH126_4l_pTj1_pTj2_genbin0_recobin1 acc 0.0798 eff 0.0767 outinratio 0.0627 

ttH126_4l_pTj1_pTj2_genbin0_recobin1 acc 0.0011 eff 0.1702 outinratio 0.1149 

ggH126_4l_pTj1_pTj2_genbin1_recobin1 acc 0.1115 eff 0.4486 outinratio 0.0083 

VBFH126_4l_pTj1_pTj2_genbin1_recobin1 acc 0.2174 eff 0.4626 outinratio 0.0093 

WminusH126_4l_pTj1_pTj2_genbin1_recobin1 acc 0.1376 eff 0.3946 outinratio 0.0152 

WplusH126_4l_pTj1_pTj2_genbin1_recobin1 acc 0.1199 eff 0.4003 outinratio 0.015 

ZH126_4l_pTj1_pTj2_genbin1_recobin1 acc 0.1228 eff 0.4064 outinratio 0.0627 

ttH126_4l_pTj1_pTj2_genbin1_recobin1 acc 0.0132 eff 0.1982 outinratio 0.1149 

ggH126_4l_pTj1_pTj2_genbin2_recobin1 acc 0.0161 eff 0.146 outinratio 0.0083 

VBFH126_4l_pTj1_pTj2_genbin2_recobin1 acc 0.0333 eff 0.1514 outinratio 0.0093 

WminusH126_4l_pTj1_pTj2_genbin2_recobin1 acc 0.0608 eff 0.1179 outinratio 0.0152 

WplusH126_4l_pTj1_pTj2_genbin2_recobin1 acc 0.0514 eff 0.1167 outinratio 0.015 

ZH126_4l_pTj1_pTj2_genbin2_recobin1 acc 0.0634 eff 0.1461 outinratio 0.0627 

ttH126_4l_pTj1_pTj2_genbin2_recobin1 acc 0.0216 eff 0.0462 outinratio 0.1149 

ggH126_4l_pTj1_pTj2_genbin3_recobin1 acc 0.0074 eff 0.1241 outinratio 0.0083 

VBFH126_4l_pTj1_pTj2_genbin3_recobin1 acc 0.0266 eff 0.1335 outinratio 0.0093 

WminusH126_4l_pTj1_pTj2_genbin3_recobin1 acc 0.0261 eff 0.0948 outinratio 0.0152 

WplusH126_4l_pTj1_pTj2_genbin3_recobin1 acc 0.025 eff 0.0958 outinratio 0.015 

ZH126_4l_pTj1_pTj2_genbin3_recobin1 acc 0.0268 eff 0.0865 outinratio 0.0627 

ttH126_4l_pTj1_pTj2_genbin3_recobin1 acc 0.0228 eff 0.0373 outinratio 0.1149 

ggH126_4l_pTj1_pTj2_genbin4_recobin1 acc 0.0204 eff 0.0246 outinratio 0.0083 

VBFH126_4l_pTj1_pTj2_genbin4_recobin1 acc 0.1358 eff 0.0639 outinratio 0.0093 

WminusH126_4l_pTj1_pTj2_genbin4_recobin1 acc 0.0863 eff 0.0136 outinratio 0.0152 

WplusH126_4l_pTj1_pTj2_genbin4_recobin1 acc 0.0833 eff 0.0136 outinratio 0.015 

ZH126_4l_pTj1_pTj2_genbin4_recobin1 acc 0.0915 eff 0.0191 outinratio 0.0627 

ttH126_4l_pTj1_pTj2_genbin4_recobin1 acc 0.4325 eff 0.0024 outinratio 0.1149 

ggH126_4l_pTj1_pTj2_genbin0_recobin2 acc 0.2935 eff 0.0026 outinratio 0.0073 

VBFH126_4l_pTj1_pTj2_genbin0_recobin2 acc 0.0714 eff 0.0127 outinratio 0.0088 

WminusH126_4l_pTj1_pTj2_genbin0_recobin2 acc 0.1022 eff 0.0098 outinratio 0.0091 

WplusH126_4l_pTj1_pTj2_genbin0_recobin2 acc 0.087 eff 0.0096 outinratio 0.01 

ZH126_4l_pTj1_pTj2_genbin0_recobin2 acc 0.0798 eff 0.0087 outinratio 0.0339 

ttH126_4l_pTj1_pTj2_genbin0_recobin2 acc 0.0011 eff 0.0 outinratio 0.0697 

ggH126_4l_pTj1_pTj2_genbin1_recobin2 acc 0.1115 eff 0.0343 outinratio 0.0073 

VBFH126_4l_pTj1_pTj2_genbin1_recobin2 acc 0.2174 eff 0.0246 outinratio 0.0088 

WminusH126_4l_pTj1_pTj2_genbin1_recobin2 acc 0.1376 eff 0.0626 outinratio 0.0091 

WplusH126_4l_pTj1_pTj2_genbin1_recobin2 acc 0.1199 eff 0.0589 outinratio 0.01 

ZH126_4l_pTj1_pTj2_genbin1_recobin2 acc 0.1228 eff 0.0517 outinratio 0.0339 

ttH126_4l_pTj1_pTj2_genbin1_recobin2 acc 0.0132 eff 0.0218 outinratio 0.0697 

ggH126_4l_pTj1_pTj2_genbin2_recobin2 acc 0.0161 eff 0.357 outinratio 0.0073 

VBFH126_4l_pTj1_pTj2_genbin2_recobin2 acc 0.0333 eff 0.281 outinratio 0.0088 

WminusH126_4l_pTj1_pTj2_genbin2_recobin2 acc 0.0608 eff 0.3332 outinratio 0.0091 

WplusH126_4l_pTj1_pTj2_genbin2_recobin2 acc 0.0514 eff 0.32 outinratio 0.01 

ZH126_4l_pTj1_pTj2_genbin2_recobin2 acc 0.0634 eff 0.3274 outinratio 0.0339 

ttH126_4l_pTj1_pTj2_genbin2_recobin2 acc 0.0216 eff 0.1783 outinratio 0.0697 

ggH126_4l_pTj1_pTj2_genbin3_recobin2 acc 0.0074 eff 0.0505 outinratio 0.0073 

VBFH126_4l_pTj1_pTj2_genbin3_recobin2 acc 0.0266 eff 0.027 outinratio 0.0088 

WminusH126_4l_pTj1_pTj2_genbin3_recobin2 acc 0.0261 eff 0.0374 outinratio 0.0091 

WplusH126_4l_pTj1_pTj2_genbin3_recobin2 acc 0.025 eff 0.0303 outinratio 0.01 

ZH126_4l_pTj1_pTj2_genbin3_recobin2 acc 0.0268 eff 0.0477 outinratio 0.0339 

ttH126_4l_pTj1_pTj2_genbin3_recobin2 acc 0.0228 eff 0.0121 outinratio 0.0697 

ggH126_4l_pTj1_pTj2_genbin4_recobin2 acc 0.0204 eff 0.0305 outinratio 0.0073 

VBFH126_4l_pTj1_pTj2_genbin4_recobin2 acc 0.1358 eff 0.0188 outinratio 0.0088 

WminusH126_4l_pTj1_pTj2_genbin4_recobin2 acc 0.0863 eff 0.0288 outinratio 0.0091 

WplusH126_4l_pTj1_pTj2_genbin4_recobin2 acc 0.0833 eff 0.0264 outinratio 0.01 

ZH126_4l_pTj1_pTj2_genbin4_recobin2 acc 0.0915 eff 0.0384 outinratio 0.0339 

ttH126_4l_pTj1_pTj2_genbin4_recobin2 acc 0.4325 eff 0.0097 outinratio 0.0697 

ggH126_4l_pTj1_pTj2_genbin0_recobin3 acc 0.2935 eff 0.0002 outinratio 0.0056 

VBFH126_4l_pTj1_pTj2_genbin0_recobin3 acc 0.0714 eff 0.0 outinratio 0.0099 

WminusH126_4l_pTj1_pTj2_genbin0_recobin3 acc 0.1022 eff 0.002 outinratio 0.0079 

WplusH126_4l_pTj1_pTj2_genbin0_recobin3 acc 0.087 eff 0.0029 outinratio 0.0109 

ZH126_4l_pTj1_pTj2_genbin0_recobin3 acc 0.0798 eff 0.0012 outinratio 0.0661 

ttH126_4l_pTj1_pTj2_genbin0_recobin3 acc 0.0011 eff 0.0017 outinratio 0.0996 

ggH126_4l_pTj1_pTj2_genbin1_recobin3 acc 0.1115 eff 0.0116 outinratio 0.0056 

VBFH126_4l_pTj1_pTj2_genbin1_recobin3 acc 0.2174 eff 0.0208 outinratio 0.0099 

WminusH126_4l_pTj1_pTj2_genbin1_recobin3 acc 0.1376 eff 0.0257 outinratio 0.0079 

WplusH126_4l_pTj1_pTj2_genbin1_recobin3 acc 0.1199 eff 0.0246 outinratio 0.0109 

ZH126_4l_pTj1_pTj2_genbin1_recobin3 acc 0.1228 eff 0.0287 outinratio 0.0661 

ttH126_4l_pTj1_pTj2_genbin1_recobin3 acc 0.0132 eff 0.0705 outinratio 0.0996 

ggH126_4l_pTj1_pTj2_genbin2_recobin3 acc 0.0161 eff 0.0231 outinratio 0.0056 

VBFH126_4l_pTj1_pTj2_genbin2_recobin3 acc 0.0333 eff 0.0461 outinratio 0.0099 

WminusH126_4l_pTj1_pTj2_genbin2_recobin3 acc 0.0608 eff 0.0306 outinratio 0.0079 

WplusH126_4l_pTj1_pTj2_genbin2_recobin3 acc 0.0514 eff 0.0289 outinratio 0.0109 

ZH126_4l_pTj1_pTj2_genbin2_recobin3 acc 0.0634 eff 0.0292 outinratio 0.0661 

ttH126_4l_pTj1_pTj2_genbin2_recobin3 acc 0.0216 eff 0.0159 outinratio 0.0996 

ggH126_4l_pTj1_pTj2_genbin3_recobin3 acc 0.0074 eff 0.3388 outinratio 0.0056 

VBFH126_4l_pTj1_pTj2_genbin3_recobin3 acc 0.0266 eff 0.3097 outinratio 0.0099 

WminusH126_4l_pTj1_pTj2_genbin3_recobin3 acc 0.0261 eff 0.3157 outinratio 0.0079 

WplusH126_4l_pTj1_pTj2_genbin3_recobin3 acc 0.025 eff 0.3253 outinratio 0.0109 

ZH126_4l_pTj1_pTj2_genbin3_recobin3 acc 0.0268 eff 0.3288 outinratio 0.0661 

ttH126_4l_pTj1_pTj2_genbin3_recobin3 acc 0.0228 eff 0.1555 outinratio 0.0996 

ggH126_4l_pTj1_pTj2_genbin4_recobin3 acc 0.0204 eff 0.0391 outinratio 0.0056 

VBFH126_4l_pTj1_pTj2_genbin4_recobin3 acc 0.1358 eff 0.0228 outinratio 0.0099 

WminusH126_4l_pTj1_pTj2_genbin4_recobin3 acc 0.0863 eff 0.0299 outinratio 0.0079 

WplusH126_4l_pTj1_pTj2_genbin4_recobin3 acc 0.0833 eff 0.03 outinratio 0.0109 

ZH126_4l_pTj1_pTj2_genbin4_recobin3 acc 0.0915 eff 0.0385 outinratio 0.0661 

ttH126_4l_pTj1_pTj2_genbin4_recobin3 acc 0.4325 eff 0.0102 outinratio 0.0996 

ggH126_4l_pTj1_pTj2_genbin0_recobin4 acc 0.2935 eff 0.0003 outinratio 0.0039 

VBFH126_4l_pTj1_pTj2_genbin0_recobin4 acc 0.0714 eff 0.0052 outinratio 0.009 

WminusH126_4l_pTj1_pTj2_genbin0_recobin4 acc 0.1022 eff 0.0018 outinratio 0.01 

WplusH126_4l_pTj1_pTj2_genbin0_recobin4 acc 0.087 eff 0.0019 outinratio 0.0098 

ZH126_4l_pTj1_pTj2_genbin0_recobin4 acc 0.0798 eff 0.0 outinratio 0.0374 

ttH126_4l_pTj1_pTj2_genbin0_recobin4 acc 0.0011 eff 0.1327 outinratio 0.0372 

ggH126_4l_pTj1_pTj2_genbin1_recobin4 acc 0.1115 eff 0.011 outinratio 0.0039 

VBFH126_4l_pTj1_pTj2_genbin1_recobin4 acc 0.2174 eff 0.0447 outinratio 0.009 

WminusH126_4l_pTj1_pTj2_genbin1_recobin4 acc 0.1376 eff 0.0218 outinratio 0.01 

WplusH126_4l_pTj1_pTj2_genbin1_recobin4 acc 0.1199 eff 0.0227 outinratio 0.0098 

ZH126_4l_pTj1_pTj2_genbin1_recobin4 acc 0.1228 eff 0.0177 outinratio 0.0374 

ttH126_4l_pTj1_pTj2_genbin1_recobin4 acc 0.0132 eff 0.0958 outinratio 0.0372 

ggH126_4l_pTj1_pTj2_genbin2_recobin4 acc 0.0161 eff 0.0431 outinratio 0.0039 

VBFH126_4l_pTj1_pTj2_genbin2_recobin4 acc 0.0333 eff 0.0991 outinratio 0.009 

WminusH126_4l_pTj1_pTj2_genbin2_recobin4 acc 0.0608 eff 0.0697 outinratio 0.01 

WplusH126_4l_pTj1_pTj2_genbin2_recobin4 acc 0.0514 eff 0.0734 outinratio 0.0098 

ZH126_4l_pTj1_pTj2_genbin2_recobin4 acc 0.0634 eff 0.0611 outinratio 0.0374 

ttH126_4l_pTj1_pTj2_genbin2_recobin4 acc 0.0216 eff 0.1355 outinratio 0.0372 

ggH126_4l_pTj1_pTj2_genbin3_recobin4 acc 0.0074 eff 0.0823 outinratio 0.0039 

VBFH126_4l_pTj1_pTj2_genbin3_recobin4 acc 0.0266 eff 0.1374 outinratio 0.009 

WminusH126_4l_pTj1_pTj2_genbin3_recobin4 acc 0.0261 eff 0.1362 outinratio 0.01 

WplusH126_4l_pTj1_pTj2_genbin3_recobin4 acc 0.025 eff 0.1293 outinratio 0.0098 

ZH126_4l_pTj1_pTj2_genbin3_recobin4 acc 0.0268 eff 0.1189 outinratio 0.0374 

ttH126_4l_pTj1_pTj2_genbin3_recobin4 acc 0.0228 eff 0.1948 outinratio 0.0372 

ggH126_4l_pTj1_pTj2_genbin4_recobin4 acc 0.0204 eff 0.5192 outinratio 0.0039 

VBFH126_4l_pTj1_pTj2_genbin4_recobin4 acc 0.1358 eff 0.53 outinratio 0.009 

WminusH126_4l_pTj1_pTj2_genbin4_recobin4 acc 0.0863 eff 0.5045 outinratio 0.01 

WplusH126_4l_pTj1_pTj2_genbin4_recobin4 acc 0.0833 eff 0.508 outinratio 0.0098 

ZH126_4l_pTj1_pTj2_genbin4_recobin4 acc 0.0915 eff 0.4893 outinratio 0.0374 

ttH126_4l_pTj1_pTj2_genbin4_recobin4 acc 0.4325 eff 0.4342 outinratio 0.0372 

ggH126_4e_pTj1_pTj2_genbin0_recobin0 acc 0.2799 eff 0.3177 outinratio 0.0122 

VBFH126_4e_pTj1_pTj2_genbin0_recobin0 acc 0.0664 eff 0.2797 outinratio 0.0093 

WminusH126_4e_pTj1_pTj2_genbin0_recobin0 acc 0.0995 eff 0.2645 outinratio 0.0347 

WplusH126_4e_pTj1_pTj2_genbin0_recobin0 acc 0.0854 eff 0.2765 outinratio 0.0277 

ZH126_4e_pTj1_pTj2_genbin0_recobin0 acc 0.0715 eff 0.266 outinratio 0.1255 

ttH126_4e_pTj1_pTj2_genbin0_recobin0 acc 0.0004 eff -1.0 outinratio 0.0 

ggH126_4e_pTj1_pTj2_genbin1_recobin0 acc 0.106 eff 0.0472 outinratio 0.0122 

VBFH126_4e_pTj1_pTj2_genbin1_recobin0 acc 0.2085 eff 0.0318 outinratio 0.0093 

WminusH126_4e_pTj1_pTj2_genbin1_recobin0 acc 0.1332 eff 0.0262 outinratio 0.0347 

WplusH126_4e_pTj1_pTj2_genbin1_recobin0 acc 0.1166 eff 0.022 outinratio 0.0277 

ZH126_4e_pTj1_pTj2_genbin1_recobin0 acc 0.1232 eff 0.0374 outinratio 0.1255 

ttH126_4e_pTj1_pTj2_genbin1_recobin0 acc 0.0131 eff 0.0195 outinratio 0.0 

ggH126_4e_pTj1_pTj2_genbin2_recobin0 acc 0.0151 eff 0.0103 outinratio 0.0122 

VBFH126_4e_pTj1_pTj2_genbin2_recobin0 acc 0.0302 eff 0.0116 outinratio 0.0093 

WminusH126_4e_pTj1_pTj2_genbin2_recobin0 acc 0.0575 eff 0.0066 outinratio 0.0347 

WplusH126_4e_pTj1_pTj2_genbin2_recobin0 acc 0.0501 eff 0.0067 outinratio 0.0277 

ZH126_4e_pTj1_pTj2_genbin2_recobin0 acc 0.0602 eff 0.0134 outinratio 0.1255 

ttH126_4e_pTj1_pTj2_genbin2_recobin0 acc 0.018 eff 0.0156 outinratio 0.0 

ggH126_4e_pTj1_pTj2_genbin3_recobin0 acc 0.0072 eff 0.0 outinratio 0.0122 

VBFH126_4e_pTj1_pTj2_genbin3_recobin0 acc 0.0266 eff 0.0 outinratio 0.0093 

WminusH126_4e_pTj1_pTj2_genbin3_recobin0 acc 0.0257 eff 0.0016 outinratio 0.0347 

WplusH126_4e_pTj1_pTj2_genbin3_recobin0 acc 0.0247 eff 0.0018 outinratio 0.0277 

ZH126_4e_pTj1_pTj2_genbin3_recobin0 acc 0.0221 eff 0.0 outinratio 0.1255 

ttH126_4e_pTj1_pTj2_genbin3_recobin0 acc 0.0222 eff 0.0121 outinratio 0.0 

ggH126_4e_pTj1_pTj2_genbin4_recobin0 acc 0.0191 eff 0.0 outinratio 0.0122 

VBFH126_4e_pTj1_pTj2_genbin4_recobin0 acc 0.1313 eff 0.0009 outinratio 0.0093 

WminusH126_4e_pTj1_pTj2_genbin4_recobin0 acc 0.083 eff 0.0002 outinratio 0.0347 

WplusH126_4e_pTj1_pTj2_genbin4_recobin0 acc 0.0803 eff 0.0002 outinratio 0.0277 

ZH126_4e_pTj1_pTj2_genbin4_recobin0 acc 0.0875 eff 0.0 outinratio 0.1255 

ttH126_4e_pTj1_pTj2_genbin4_recobin0 acc 0.417 eff 0.0 outinratio 0.0 

ggH126_4e_pTj1_pTj2_genbin0_recobin1 acc 0.2799 eff 0.0332 outinratio 0.0166 

VBFH126_4e_pTj1_pTj2_genbin0_recobin1 acc 0.0664 eff 0.0721 outinratio 0.0167 

WminusH126_4e_pTj1_pTj2_genbin0_recobin1 acc 0.0995 eff 0.0834 outinratio 0.0226 

WplusH126_4e_pTj1_pTj2_genbin0_recobin1 acc 0.0854 eff 0.077 outinratio 0.0297 

ZH126_4e_pTj1_pTj2_genbin0_recobin1 acc 0.0715 eff 0.0736 outinratio 0.0608 

ttH126_4e_pTj1_pTj2_genbin0_recobin1 acc 0.0004 eff -1.0 outinratio 0.2317 

ggH126_4e_pTj1_pTj2_genbin1_recobin1 acc 0.106 eff 0.2704 outinratio 0.0166 

VBFH126_4e_pTj1_pTj2_genbin1_recobin1 acc 0.2085 eff 0.3003 outinratio 0.0167 

WminusH126_4e_pTj1_pTj2_genbin1_recobin1 acc 0.1332 eff 0.2648 outinratio 0.0226 

WplusH126_4e_pTj1_pTj2_genbin1_recobin1 acc 0.1166 eff 0.2678 outinratio 0.0297 

ZH126_4e_pTj1_pTj2_genbin1_recobin1 acc 0.1232 eff 0.2724 outinratio 0.0608 

ttH126_4e_pTj1_pTj2_genbin1_recobin1 acc 0.0131 eff 0.1166 outinratio 0.2317 

ggH126_4e_pTj1_pTj2_genbin2_recobin1 acc 0.0151 eff 0.0932 outinratio 0.0166 

VBFH126_4e_pTj1_pTj2_genbin2_recobin1 acc 0.0302 eff 0.0769 outinratio 0.0167 

WminusH126_4e_pTj1_pTj2_genbin2_recobin1 acc 0.0575 eff 0.0699 outinratio 0.0226 

WplusH126_4e_pTj1_pTj2_genbin2_recobin1 acc 0.0501 eff 0.0683 outinratio 0.0297 

ZH126_4e_pTj1_pTj2_genbin2_recobin1 acc 0.0602 eff 0.0617 outinratio 0.0608 

ttH126_4e_pTj1_pTj2_genbin2_recobin1 acc 0.018 eff 0.0152 outinratio 0.2317 

ggH126_4e_pTj1_pTj2_genbin3_recobin1 acc 0.0072 eff 0.0707 outinratio 0.0166 

VBFH126_4e_pTj1_pTj2_genbin3_recobin1 acc 0.0266 eff 0.109 outinratio 0.0167 

WminusH126_4e_pTj1_pTj2_genbin3_recobin1 acc 0.0257 eff 0.0664 outinratio 0.0226 

WplusH126_4e_pTj1_pTj2_genbin3_recobin1 acc 0.0247 eff 0.0605 outinratio 0.0297 

ZH126_4e_pTj1_pTj2_genbin3_recobin1 acc 0.0221 eff 0.038 outinratio 0.0608 

ttH126_4e_pTj1_pTj2_genbin3_recobin1 acc 0.0222 eff 0.0471 outinratio 0.2317 

ggH126_4e_pTj1_pTj2_genbin4_recobin1 acc 0.0191 eff 0.0101 outinratio 0.0166 

VBFH126_4e_pTj1_pTj2_genbin4_recobin1 acc 0.1313 eff 0.04 outinratio 0.0167 

WminusH126_4e_pTj1_pTj2_genbin4_recobin1 acc 0.083 eff 0.0069 outinratio 0.0226 

WplusH126_4e_pTj1_pTj2_genbin4_recobin1 acc 0.0803 eff 0.0105 outinratio 0.0297 

ZH126_4e_pTj1_pTj2_genbin4_recobin1 acc 0.0875 eff 0.0092 outinratio 0.0608 

ttH126_4e_pTj1_pTj2_genbin4_recobin1 acc 0.417 eff 0.0015 outinratio 0.2317 

ggH126_4e_pTj1_pTj2_genbin0_recobin2 acc 0.2799 eff 0.0012 outinratio 0.0 

VBFH126_4e_pTj1_pTj2_genbin0_recobin2 acc 0.0664 eff 0.0086 outinratio 0.0109 

WminusH126_4e_pTj1_pTj2_genbin0_recobin2 acc 0.0995 eff 0.0056 outinratio 0.0147 

WplusH126_4e_pTj1_pTj2_genbin0_recobin2 acc 0.0854 eff 0.0064 outinratio 0.0191 

ZH126_4e_pTj1_pTj2_genbin0_recobin2 acc 0.0715 eff 0.0019 outinratio 0.0095 

ttH126_4e_pTj1_pTj2_genbin0_recobin2 acc 0.0004 eff -1.0 outinratio 0.0987 

ggH126_4e_pTj1_pTj2_genbin1_recobin2 acc 0.106 eff 0.0258 outinratio 0.0 

VBFH126_4e_pTj1_pTj2_genbin1_recobin2 acc 0.2085 eff 0.0162 outinratio 0.0109 

WminusH126_4e_pTj1_pTj2_genbin1_recobin2 acc 0.1332 eff 0.0383 outinratio 0.0147 

WplusH126_4e_pTj1_pTj2_genbin1_recobin2 acc 0.1166 eff 0.04 outinratio 0.0191 

ZH126_4e_pTj1_pTj2_genbin1_recobin2 acc 0.1232 eff 0.0222 outinratio 0.0095 

ttH126_4e_pTj1_pTj2_genbin1_recobin2 acc 0.0131 eff 0.0 outinratio 0.0987 

ggH126_4e_pTj1_pTj2_genbin2_recobin2 acc 0.0151 eff 0.2213 outinratio 0.0 

VBFH126_4e_pTj1_pTj2_genbin2_recobin2 acc 0.0302 eff 0.1951 outinratio 0.0109 

WminusH126_4e_pTj1_pTj2_genbin2_recobin2 acc 0.0575 eff 0.2052 outinratio 0.0147 

WplusH126_4e_pTj1_pTj2_genbin2_recobin2 acc 0.0501 eff 0.2253 outinratio 0.0191 

ZH126_4e_pTj1_pTj2_genbin2_recobin2 acc 0.0602 eff 0.2339 outinratio 0.0095 

ttH126_4e_pTj1_pTj2_genbin2_recobin2 acc 0.018 eff 0.1687 outinratio 0.0987 

ggH126_4e_pTj1_pTj2_genbin3_recobin2 acc 0.0072 eff 0.0256 outinratio 0.0 

VBFH126_4e_pTj1_pTj2_genbin3_recobin2 acc 0.0266 eff 0.0176 outinratio 0.0109 

WminusH126_4e_pTj1_pTj2_genbin3_recobin2 acc 0.0257 eff 0.0207 outinratio 0.0147 

WplusH126_4e_pTj1_pTj2_genbin3_recobin2 acc 0.0247 eff 0.0191 outinratio 0.0191 

ZH126_4e_pTj1_pTj2_genbin3_recobin2 acc 0.0221 eff 0.0118 outinratio 0.0095 

ttH126_4e_pTj1_pTj2_genbin3_recobin2 acc 0.0222 eff 0.0033 outinratio 0.0987 

ggH126_4e_pTj1_pTj2_genbin4_recobin2 acc 0.0191 eff 0.0315 outinratio 0.0 

VBFH126_4e_pTj1_pTj2_genbin4_recobin2 acc 0.1313 eff 0.0089 outinratio 0.0109 

WminusH126_4e_pTj1_pTj2_genbin4_recobin2 acc 0.083 eff 0.0203 outinratio 0.0147 

WplusH126_4e_pTj1_pTj2_genbin4_recobin2 acc 0.0803 eff 0.016 outinratio 0.0191 

ZH126_4e_pTj1_pTj2_genbin4_recobin2 acc 0.0875 eff 0.0305 outinratio 0.0095 

ttH126_4e_pTj1_pTj2_genbin4_recobin2 acc 0.417 eff 0.0072 outinratio 0.0987 

ggH126_4e_pTj1_pTj2_genbin0_recobin3 acc 0.2799 eff 0.0 outinratio 0.0 

VBFH126_4e_pTj1_pTj2_genbin0_recobin3 acc 0.0664 eff 0.0 outinratio 0.0 

WminusH126_4e_pTj1_pTj2_genbin0_recobin3 acc 0.0995 eff 0.0008 outinratio 0.0148 

WplusH126_4e_pTj1_pTj2_genbin0_recobin3 acc 0.0854 eff 0.0025 outinratio 0.0215 

ZH126_4e_pTj1_pTj2_genbin0_recobin3 acc 0.0715 eff 0.0 outinratio 0.0817 

ttH126_4e_pTj1_pTj2_genbin0_recobin3 acc 0.0004 eff -1.0 outinratio 0.1116 

ggH126_4e_pTj1_pTj2_genbin1_recobin3 acc 0.106 eff 0.0046 outinratio 0.0 

VBFH126_4e_pTj1_pTj2_genbin1_recobin3 acc 0.2085 eff 0.0098 outinratio 0.0 

WminusH126_4e_pTj1_pTj2_genbin1_recobin3 acc 0.1332 eff 0.0186 outinratio 0.0148 

WplusH126_4e_pTj1_pTj2_genbin1_recobin3 acc 0.1166 eff 0.0162 outinratio 0.0215 

ZH126_4e_pTj1_pTj2_genbin1_recobin3 acc 0.1232 eff 0.0266 outinratio 0.0817 

ttH126_4e_pTj1_pTj2_genbin1_recobin3 acc 0.0131 eff 0.0574 outinratio 0.1116 

ggH126_4e_pTj1_pTj2_genbin2_recobin3 acc 0.0151 eff 0.0137 outinratio 0.0 

VBFH126_4e_pTj1_pTj2_genbin2_recobin3 acc 0.0302 eff 0.0292 outinratio 0.0 

WminusH126_4e_pTj1_pTj2_genbin2_recobin3 acc 0.0575 eff 0.0196 outinratio 0.0148 

WplusH126_4e_pTj1_pTj2_genbin2_recobin3 acc 0.0501 eff 0.0149 outinratio 0.0215 

ZH126_4e_pTj1_pTj2_genbin2_recobin3 acc 0.0602 eff 0.014 outinratio 0.0817 

ttH126_4e_pTj1_pTj2_genbin2_recobin3 acc 0.018 eff 0.0022 outinratio 0.1116 

ggH126_4e_pTj1_pTj2_genbin3_recobin3 acc 0.0072 eff 0.3062 outinratio 0.0 

VBFH126_4e_pTj1_pTj2_genbin3_recobin3 acc 0.0266 eff 0.2744 outinratio 0.0 

WminusH126_4e_pTj1_pTj2_genbin3_recobin3 acc 0.0257 eff 0.2105 outinratio 0.0148 

WplusH126_4e_pTj1_pTj2_genbin3_recobin3 acc 0.0247 eff 0.2374 outinratio 0.0215 

ZH126_4e_pTj1_pTj2_genbin3_recobin3 acc 0.0221 eff 0.2188 outinratio 0.0817 

ttH126_4e_pTj1_pTj2_genbin3_recobin3 acc 0.0222 eff 0.1008 outinratio 0.1116 

ggH126_4e_pTj1_pTj2_genbin4_recobin3 acc 0.0191 eff 0.016 outinratio 0.0 

VBFH126_4e_pTj1_pTj2_genbin4_recobin3 acc 0.1313 eff 0.0151 outinratio 0.0 

WminusH126_4e_pTj1_pTj2_genbin4_recobin3 acc 0.083 eff 0.0213 outinratio 0.0148 

WplusH126_4e_pTj1_pTj2_genbin4_recobin3 acc 0.0803 eff 0.0184 outinratio 0.0215 

ZH126_4e_pTj1_pTj2_genbin4_recobin3 acc 0.0875 eff 0.0149 outinratio 0.0817 

ttH126_4e_pTj1_pTj2_genbin4_recobin3 acc 0.417 eff 0.0075 outinratio 0.1116 

ggH126_4e_pTj1_pTj2_genbin0_recobin4 acc 0.2799 eff 0.0001 outinratio 0.0079 

VBFH126_4e_pTj1_pTj2_genbin0_recobin4 acc 0.0664 eff 0.0029 outinratio 0.0097 

WminusH126_4e_pTj1_pTj2_genbin0_recobin4 acc 0.0995 eff 0.0009 outinratio 0.0142 

WplusH126_4e_pTj1_pTj2_genbin0_recobin4 acc 0.0854 eff 0.0019 outinratio 0.0142 

ZH126_4e_pTj1_pTj2_genbin0_recobin4 acc 0.0715 eff 0.0 outinratio 0.0447 

ttH126_4e_pTj1_pTj2_genbin0_recobin4 acc 0.0004 eff -1.0 outinratio 0.0544 

ggH126_4e_pTj1_pTj2_genbin1_recobin4 acc 0.106 eff 0.0091 outinratio 0.0079 

VBFH126_4e_pTj1_pTj2_genbin1_recobin4 acc 0.2085 eff 0.022 outinratio 0.0097 

WminusH126_4e_pTj1_pTj2_genbin1_recobin4 acc 0.1332 eff 0.0163 outinratio 0.0142 

WplusH126_4e_pTj1_pTj2_genbin1_recobin4 acc 0.1166 eff 0.0157 outinratio 0.0142 

ZH126_4e_pTj1_pTj2_genbin1_recobin4 acc 0.1232 eff 0.0159 outinratio 0.0447 

ttH126_4e_pTj1_pTj2_genbin1_recobin4 acc 0.0131 eff 0.0878 outinratio 0.0544 

ggH126_4e_pTj1_pTj2_genbin2_recobin4 acc 0.0151 eff 0.0053 outinratio 0.0079 

VBFH126_4e_pTj1_pTj2_genbin2_recobin4 acc 0.0302 eff 0.0678 outinratio 0.0097 

WminusH126_4e_pTj1_pTj2_genbin2_recobin4 acc 0.0575 eff 0.0499 outinratio 0.0142 

WplusH126_4e_pTj1_pTj2_genbin2_recobin4 acc 0.0501 eff 0.0516 outinratio 0.0142 

ZH126_4e_pTj1_pTj2_genbin2_recobin4 acc 0.0602 eff 0.0425 outinratio 0.0447 

ttH126_4e_pTj1_pTj2_genbin2_recobin4 acc 0.018 eff 0.0816 outinratio 0.0544 

ggH126_4e_pTj1_pTj2_genbin3_recobin4 acc 0.0072 eff 0.056 outinratio 0.0079 

VBFH126_4e_pTj1_pTj2_genbin3_recobin4 acc 0.0266 eff 0.0782 outinratio 0.0097 

WminusH126_4e_pTj1_pTj2_genbin3_recobin4 acc 0.0257 eff 0.0886 outinratio 0.0142 

WplusH126_4e_pTj1_pTj2_genbin3_recobin4 acc 0.0247 eff 0.0847 outinratio 0.0142 

ZH126_4e_pTj1_pTj2_genbin3_recobin4 acc 0.0221 eff 0.0997 outinratio 0.0447 

ttH126_4e_pTj1_pTj2_genbin3_recobin4 acc 0.0222 eff 0.0941 outinratio 0.0544 

ggH126_4e_pTj1_pTj2_genbin4_recobin4 acc 0.0191 eff 0.3722 outinratio 0.0079 

VBFH126_4e_pTj1_pTj2_genbin4_recobin4 acc 0.1313 eff 0.3739 outinratio 0.0097 

WminusH126_4e_pTj1_pTj2_genbin4_recobin4 acc 0.083 eff 0.3519 outinratio 0.0142 

WplusH126_4e_pTj1_pTj2_genbin4_recobin4 acc 0.0803 eff 0.3478 outinratio 0.0142 

ZH126_4e_pTj1_pTj2_genbin4_recobin4 acc 0.0875 eff 0.3981 outinratio 0.0447 

ttH126_4e_pTj1_pTj2_genbin4_recobin4 acc 0.417 eff 0.3064 outinratio 0.0544 

ggH126_4mu_pTj1_pTj2_genbin0_recobin0 acc 0.3095 eff 0.7465 outinratio 0.0071 

VBFH126_4mu_pTj1_pTj2_genbin0_recobin0 acc 0.0773 eff 0.6157 outinratio 0.0043 

WminusH126_4mu_pTj1_pTj2_genbin0_recobin0 acc 0.1096 eff 0.5612 outinratio 0.0143 

WplusH126_4mu_pTj1_pTj2_genbin0_recobin0 acc 0.0928 eff 0.5631 outinratio 0.0157 

ZH126_4mu_pTj1_pTj2_genbin0_recobin0 acc 0.0842 eff 0.62 outinratio 0.0913 

ttH126_4mu_pTj1_pTj2_genbin0_recobin0 acc 0.0018 eff -1.0 outinratio 0.0 

ggH126_4mu_pTj1_pTj2_genbin1_recobin0 acc 0.1227 eff 0.0861 outinratio 0.0071 

VBFH126_4mu_pTj1_pTj2_genbin1_recobin0 acc 0.2322 eff 0.0618 outinratio 0.0043 

WminusH126_4mu_pTj1_pTj2_genbin1_recobin0 acc 0.1457 eff 0.0533 outinratio 0.0143 

WplusH126_4mu_pTj1_pTj2_genbin1_recobin0 acc 0.1278 eff 0.0531 outinratio 0.0157 

ZH126_4mu_pTj1_pTj2_genbin1_recobin0 acc 0.1321 eff 0.0472 outinratio 0.0913 

ttH126_4mu_pTj1_pTj2_genbin1_recobin0 acc 0.015 eff 0.0044 outinratio 0.0 

ggH126_4mu_pTj1_pTj2_genbin2_recobin0 acc 0.0178 eff 0.0191 outinratio 0.0071 

VBFH126_4mu_pTj1_pTj2_genbin2_recobin0 acc 0.0359 eff 0.0235 outinratio 0.0043 

WminusH126_4mu_pTj1_pTj2_genbin2_recobin0 acc 0.0658 eff 0.0147 outinratio 0.0143 

WplusH126_4mu_pTj1_pTj2_genbin2_recobin0 acc 0.0547 eff 0.0114 outinratio 0.0157 

ZH126_4mu_pTj1_pTj2_genbin2_recobin0 acc 0.0702 eff 0.0073 outinratio 0.0913 

ttH126_4mu_pTj1_pTj2_genbin2_recobin0 acc 0.0222 eff 0.0143 outinratio 0.0 

ggH126_4mu_pTj1_pTj2_genbin3_recobin0 acc 0.0083 eff 0.0 outinratio 0.0071 

VBFH126_4mu_pTj1_pTj2_genbin3_recobin0 acc 0.0264 eff 0.001 outinratio 0.0043 

WminusH126_4mu_pTj1_pTj2_genbin3_recobin0 acc 0.0285 eff 0.0 outinratio 0.0143 

WplusH126_4mu_pTj1_pTj2_genbin3_recobin0 acc 0.0261 eff 0.0029 outinratio 0.0157 

ZH126_4mu_pTj1_pTj2_genbin3_recobin0 acc 0.0296 eff 0.0 outinratio 0.0913 

ttH126_4mu_pTj1_pTj2_genbin3_recobin0 acc 0.0248 eff 0.0 outinratio 0.0 

ggH126_4mu_pTj1_pTj2_genbin4_recobin0 acc 0.021 eff 0.0022 outinratio 0.0071 

VBFH126_4mu_pTj1_pTj2_genbin4_recobin0 acc 0.1461 eff 0.0017 outinratio 0.0043 

WminusH126_4mu_pTj1_pTj2_genbin4_recobin0 acc 0.0915 eff 0.0 outinratio 0.0143 

WplusH126_4mu_pTj1_pTj2_genbin4_recobin0 acc 0.0878 eff 0.0003 outinratio 0.0157 

ZH126_4mu_pTj1_pTj2_genbin4_recobin0 acc 0.0905 eff 0.0 outinratio 0.0913 

ttH126_4mu_pTj1_pTj2_genbin4_recobin0 acc 0.4668 eff 0.0 outinratio 0.0 

ggH126_4mu_pTj1_pTj2_genbin0_recobin1 acc 0.3095 eff 0.0784 outinratio 0.0065 

VBFH126_4mu_pTj1_pTj2_genbin0_recobin1 acc 0.0773 eff 0.1729 outinratio 0.0073 

WminusH126_4mu_pTj1_pTj2_genbin0_recobin1 acc 0.1096 eff 0.1802 outinratio 0.0099 

WplusH126_4mu_pTj1_pTj2_genbin0_recobin1 acc 0.0928 eff 0.1734 outinratio 0.0085 

ZH126_4mu_pTj1_pTj2_genbin0_recobin1 acc 0.0842 eff 0.1211 outinratio 0.0851 

ttH126_4mu_pTj1_pTj2_genbin0_recobin1 acc 0.0018 eff -1.0 outinratio 0.0943 

ggH126_4mu_pTj1_pTj2_genbin1_recobin1 acc 0.1227 eff 0.6298 outinratio 0.0065 

VBFH126_4mu_pTj1_pTj2_genbin1_recobin1 acc 0.2322 eff 0.6334 outinratio 0.0073 

WminusH126_4mu_pTj1_pTj2_genbin1_recobin1 acc 0.1457 eff 0.5377 outinratio 0.0099 

WplusH126_4mu_pTj1_pTj2_genbin1_recobin1 acc 0.1278 eff 0.5444 outinratio 0.0085 

ZH126_4mu_pTj1_pTj2_genbin1_recobin1 acc 0.1321 eff 0.5901 outinratio 0.0851 

ttH126_4mu_pTj1_pTj2_genbin1_recobin1 acc 0.015 eff 0.2648 outinratio 0.0943 

ggH126_4mu_pTj1_pTj2_genbin2_recobin1 acc 0.0178 eff 0.1607 outinratio 0.0065 

VBFH126_4mu_pTj1_pTj2_genbin2_recobin1 acc 0.0359 eff 0.2059 outinratio 0.0073 

WminusH126_4mu_pTj1_pTj2_genbin2_recobin1 acc 0.0658 eff 0.1686 outinratio 0.0099 

WplusH126_4mu_pTj1_pTj2_genbin2_recobin1 acc 0.0547 eff 0.1598 outinratio 0.0085 

ZH126_4mu_pTj1_pTj2_genbin2_recobin1 acc 0.0702 eff 0.2218 outinratio 0.0851 

ttH126_4mu_pTj1_pTj2_genbin2_recobin1 acc 0.0222 eff 0.0509 outinratio 0.0943 

ggH126_4mu_pTj1_pTj2_genbin3_recobin1 acc 0.0083 eff 0.1693 outinratio 0.0065 

VBFH126_4mu_pTj1_pTj2_genbin3_recobin1 acc 0.0264 eff 0.1494 outinratio 0.0073 

WminusH126_4mu_pTj1_pTj2_genbin3_recobin1 acc 0.0285 eff 0.1339 outinratio 0.0099 

WplusH126_4mu_pTj1_pTj2_genbin3_recobin1 acc 0.0261 eff 0.145 outinratio 0.0085 

ZH126_4mu_pTj1_pTj2_genbin3_recobin1 acc 0.0296 eff 0.0902 outinratio 0.0851 

ttH126_4mu_pTj1_pTj2_genbin3_recobin1 acc 0.0248 eff 0.0409 outinratio 0.0943 

ggH126_4mu_pTj1_pTj2_genbin4_recobin1 acc 0.021 eff 0.017 outinratio 0.0065 

VBFH126_4mu_pTj1_pTj2_genbin4_recobin1 acc 0.1461 eff 0.0788 outinratio 0.0073 

WminusH126_4mu_pTj1_pTj2_genbin4_recobin1 acc 0.0915 eff 0.0191 outinratio 0.0099 

WplusH126_4mu_pTj1_pTj2_genbin4_recobin1 acc 0.0878 eff 0.0176 outinratio 0.0085 

ZH126_4mu_pTj1_pTj2_genbin4_recobin1 acc 0.0905 eff 0.0416 outinratio 0.0851 

ttH126_4mu_pTj1_pTj2_genbin4_recobin1 acc 0.4668 eff 0.0044 outinratio 0.0943 

ggH126_4mu_pTj1_pTj2_genbin0_recobin2 acc 0.3095 eff 0.0034 outinratio 0.0183 

VBFH126_4mu_pTj1_pTj2_genbin0_recobin2 acc 0.0773 eff 0.0181 outinratio 0.011 

WminusH126_4mu_pTj1_pTj2_genbin0_recobin2 acc 0.1096 eff 0.0134 outinratio 0.0033 

WplusH126_4mu_pTj1_pTj2_genbin0_recobin2 acc 0.0928 eff 0.0121 outinratio 0.0038 

ZH126_4mu_pTj1_pTj2_genbin0_recobin2 acc 0.0842 eff 0.0087 outinratio 0.0419 

ttH126_4mu_pTj1_pTj2_genbin0_recobin2 acc 0.0018 eff -1.0 outinratio 0.0575 

ggH126_4mu_pTj1_pTj2_genbin1_recobin2 acc 0.1227 eff 0.0479 outinratio 0.0183 

VBFH126_4mu_pTj1_pTj2_genbin1_recobin2 acc 0.2322 eff 0.0363 outinratio 0.011 

WminusH126_4mu_pTj1_pTj2_genbin1_recobin2 acc 0.1457 eff 0.0943 outinratio 0.0033 

WplusH126_4mu_pTj1_pTj2_genbin1_recobin2 acc 0.1278 eff 0.0791 outinratio 0.0038 

ZH126_4mu_pTj1_pTj2_genbin1_recobin2 acc 0.1321 eff 0.064 outinratio 0.0419 

ttH126_4mu_pTj1_pTj2_genbin1_recobin2 acc 0.015 eff 0.0648 outinratio 0.0575 

ggH126_4mu_pTj1_pTj2_genbin2_recobin2 acc 0.0178 eff 0.5252 outinratio 0.0183 

VBFH126_4mu_pTj1_pTj2_genbin2_recobin2 acc 0.0359 eff 0.3914 outinratio 0.011 

WminusH126_4mu_pTj1_pTj2_genbin2_recobin2 acc 0.0658 eff 0.4707 outinratio 0.0033 

WplusH126_4mu_pTj1_pTj2_genbin2_recobin2 acc 0.0547 eff 0.4456 outinratio 0.0038 

ZH126_4mu_pTj1_pTj2_genbin2_recobin2 acc 0.0702 eff 0.4518 outinratio 0.0419 

ttH126_4mu_pTj1_pTj2_genbin2_recobin2 acc 0.0222 eff 0.1662 outinratio 0.0575 

ggH126_4mu_pTj1_pTj2_genbin3_recobin2 acc 0.0083 eff 0.0321 outinratio 0.0183 

VBFH126_4mu_pTj1_pTj2_genbin3_recobin2 acc 0.0264 eff 0.0307 outinratio 0.011 

WminusH126_4mu_pTj1_pTj2_genbin3_recobin2 acc 0.0285 eff 0.0546 outinratio 0.0033 

WplusH126_4mu_pTj1_pTj2_genbin3_recobin2 acc 0.0261 eff 0.0411 outinratio 0.0038 

ZH126_4mu_pTj1_pTj2_genbin3_recobin2 acc 0.0296 eff 0.0433 outinratio 0.0419 

ttH126_4mu_pTj1_pTj2_genbin3_recobin2 acc 0.0248 eff 0.0376 outinratio 0.0575 

ggH126_4mu_pTj1_pTj2_genbin4_recobin2 acc 0.021 eff 0.034 outinratio 0.0183 

VBFH126_4mu_pTj1_pTj2_genbin4_recobin2 acc 0.1461 eff 0.0245 outinratio 0.011 

WminusH126_4mu_pTj1_pTj2_genbin4_recobin2 acc 0.0915 eff 0.0408 outinratio 0.0033 

WplusH126_4mu_pTj1_pTj2_genbin4_recobin2 acc 0.0878 eff 0.0384 outinratio 0.0038 

ZH126_4mu_pTj1_pTj2_genbin4_recobin2 acc 0.0905 eff 0.052 outinratio 0.0419 

ttH126_4mu_pTj1_pTj2_genbin4_recobin2 acc 0.4668 eff 0.0117 outinratio 0.0575 

ggH126_4mu_pTj1_pTj2_genbin0_recobin3 acc 0.3095 eff 0.0006 outinratio 0.0147 

VBFH126_4mu_pTj1_pTj2_genbin0_recobin3 acc 0.0773 eff 0.0 outinratio 0.0174 

WminusH126_4mu_pTj1_pTj2_genbin0_recobin3 acc 0.1096 eff 0.003 outinratio 0.0042 

WplusH126_4mu_pTj1_pTj2_genbin0_recobin3 acc 0.0928 eff 0.0054 outinratio 0.0085 

ZH126_4mu_pTj1_pTj2_genbin0_recobin3 acc 0.0842 eff 0.0042 outinratio 0.0816 

ttH126_4mu_pTj1_pTj2_genbin0_recobin3 acc 0.0018 eff -1.0 outinratio 0.0958 

ggH126_4mu_pTj1_pTj2_genbin1_recobin3 acc 0.1227 eff 0.0154 outinratio 0.0147 

VBFH126_4mu_pTj1_pTj2_genbin1_recobin3 acc 0.2322 eff 0.0349 outinratio 0.0174 

WminusH126_4mu_pTj1_pTj2_genbin1_recobin3 acc 0.1457 eff 0.0354 outinratio 0.0042 

WplusH126_4mu_pTj1_pTj2_genbin1_recobin3 acc 0.1278 eff 0.0347 outinratio 0.0085 

ZH126_4mu_pTj1_pTj2_genbin1_recobin3 acc 0.1321 eff 0.0235 outinratio 0.0816 

ttH126_4mu_pTj1_pTj2_genbin1_recobin3 acc 0.015 eff 0.0619 outinratio 0.0958 

ggH126_4mu_pTj1_pTj2_genbin2_recobin3 acc 0.0178 eff 0.0281 outinratio 0.0147 

VBFH126_4mu_pTj1_pTj2_genbin2_recobin3 acc 0.0359 eff 0.0512 outinratio 0.0174 

WminusH126_4mu_pTj1_pTj2_genbin2_recobin3 acc 0.0658 eff 0.0419 outinratio 0.0042 

WplusH126_4mu_pTj1_pTj2_genbin2_recobin3 acc 0.0547 eff 0.0407 outinratio 0.0085 

ZH126_4mu_pTj1_pTj2_genbin2_recobin3 acc 0.0702 eff 0.0333 outinratio 0.0816 

ttH126_4mu_pTj1_pTj2_genbin2_recobin3 acc 0.0222 eff 0.0067 outinratio 0.0958 

ggH126_4mu_pTj1_pTj2_genbin3_recobin3 acc 0.0083 eff 0.4534 outinratio 0.0147 

VBFH126_4mu_pTj1_pTj2_genbin3_recobin3 acc 0.0264 eff 0.3953 outinratio 0.0174 

WminusH126_4mu_pTj1_pTj2_genbin3_recobin3 acc 0.0285 eff 0.4073 outinratio 0.0042 

WplusH126_4mu_pTj1_pTj2_genbin3_recobin3 acc 0.0261 eff 0.4388 outinratio 0.0085 

ZH126_4mu_pTj1_pTj2_genbin3_recobin3 acc 0.0296 eff 0.5072 outinratio 0.0816 

ttH126_4mu_pTj1_pTj2_genbin3_recobin3 acc 0.0248 eff 0.2346 outinratio 0.0958 

ggH126_4mu_pTj1_pTj2_genbin4_recobin3 acc 0.021 eff 0.0492 outinratio 0.0147 

VBFH126_4mu_pTj1_pTj2_genbin4_recobin3 acc 0.1461 eff 0.0315 outinratio 0.0174 

WminusH126_4mu_pTj1_pTj2_genbin4_recobin3 acc 0.0915 eff 0.0383 outinratio 0.0042 

WplusH126_4mu_pTj1_pTj2_genbin4_recobin3 acc 0.0878 eff 0.0384 outinratio 0.0085 

ZH126_4mu_pTj1_pTj2_genbin4_recobin3 acc 0.0905 eff 0.0762 outinratio 0.0816 

ttH126_4mu_pTj1_pTj2_genbin4_recobin3 acc 0.4668 eff 0.0143 outinratio 0.0958 

ggH126_4mu_pTj1_pTj2_genbin0_recobin4 acc 0.3095 eff 0.0005 outinratio 0.0008 

VBFH126_4mu_pTj1_pTj2_genbin0_recobin4 acc 0.0773 eff 0.0071 outinratio 0.0084 

WminusH126_4mu_pTj1_pTj2_genbin0_recobin4 acc 0.1096 eff 0.0025 outinratio 0.0077 

WplusH126_4mu_pTj1_pTj2_genbin0_recobin4 acc 0.0928 eff 0.0027 outinratio 0.0065 

ZH126_4mu_pTj1_pTj2_genbin0_recobin4 acc 0.0842 eff 0.0 outinratio 0.0442 

ttH126_4mu_pTj1_pTj2_genbin0_recobin4 acc 0.0018 eff -1.0 outinratio 0.0313 

ggH126_4mu_pTj1_pTj2_genbin1_recobin4 acc 0.1227 eff 0.0183 outinratio 0.0008 

VBFH126_4mu_pTj1_pTj2_genbin1_recobin4 acc 0.2322 eff 0.0673 outinratio 0.0084 

WminusH126_4mu_pTj1_pTj2_genbin1_recobin4 acc 0.1457 eff 0.0281 outinratio 0.0077 

WplusH126_4mu_pTj1_pTj2_genbin1_recobin4 acc 0.1278 eff 0.0287 outinratio 0.0065 

ZH126_4mu_pTj1_pTj2_genbin1_recobin4 acc 0.1321 eff 0.0253 outinratio 0.0442 

ttH126_4mu_pTj1_pTj2_genbin1_recobin4 acc 0.015 eff 0.1102 outinratio 0.0313 

ggH126_4mu_pTj1_pTj2_genbin2_recobin4 acc 0.0178 eff 0.0657 outinratio 0.0008 

VBFH126_4mu_pTj1_pTj2_genbin2_recobin4 acc 0.0359 eff 0.1503 outinratio 0.0084 

WminusH126_4mu_pTj1_pTj2_genbin2_recobin4 acc 0.0658 eff 0.0925 outinratio 0.0077 

WplusH126_4mu_pTj1_pTj2_genbin2_recobin4 acc 0.0547 eff 0.1093 outinratio 0.0065 

ZH126_4mu_pTj1_pTj2_genbin2_recobin4 acc 0.0702 eff 0.0754 outinratio 0.0442 

ttH126_4mu_pTj1_pTj2_genbin2_recobin4 acc 0.0222 eff 0.2399 outinratio 0.0313 

ggH126_4mu_pTj1_pTj2_genbin3_recobin4 acc 0.0083 eff 0.0783 outinratio 0.0008 

VBFH126_4mu_pTj1_pTj2_genbin3_recobin4 acc 0.0264 eff 0.2013 outinratio 0.0084 

WminusH126_4mu_pTj1_pTj2_genbin3_recobin4 acc 0.0285 eff 0.1836 outinratio 0.0077 

WplusH126_4mu_pTj1_pTj2_genbin3_recobin4 acc 0.0261 eff 0.1709 outinratio 0.0065 

ZH126_4mu_pTj1_pTj2_genbin3_recobin4 acc 0.0296 eff 0.1006 outinratio 0.0442 

ttH126_4mu_pTj1_pTj2_genbin3_recobin4 acc 0.0248 eff 0.2684 outinratio 0.0313 

ggH126_4mu_pTj1_pTj2_genbin4_recobin4 acc 0.021 eff 0.7272 outinratio 0.0008 

VBFH126_4mu_pTj1_pTj2_genbin4_recobin4 acc 0.1461 eff 0.6966 outinratio 0.0084 

WminusH126_4mu_pTj1_pTj2_genbin4_recobin4 acc 0.0915 eff 0.6737 outinratio 0.0077 

WplusH126_4mu_pTj1_pTj2_genbin4_recobin4 acc 0.0878 eff 0.6745 outinratio 0.0065 

ZH126_4mu_pTj1_pTj2_genbin4_recobin4 acc 0.0905 eff 0.5699 outinratio 0.0442 

ttH126_4mu_pTj1_pTj2_genbin4_recobin4 acc 0.4668 eff 0.5752 outinratio 0.0313 

ggH126_2e2mu_pTj1_pTj2_genbin0_recobin0 acc 0.2923 eff 0.5073 outinratio 0.0106 

VBFH126_2e2mu_pTj1_pTj2_genbin0_recobin0 acc 0.0708 eff 0.4142 outinratio 0.0125 

WminusH126_2e2mu_pTj1_pTj2_genbin0_recobin0 acc 0.0997 eff 0.3888 outinratio 0.0308 

WplusH126_2e2mu_pTj1_pTj2_genbin0_recobin0 acc 0.0847 eff 0.3959 outinratio 0.0281 

ZH126_2e2mu_pTj1_pTj2_genbin0_recobin0 acc 0.0821 eff 0.4786 outinratio 0.0356 

ttH126_2e2mu_pTj1_pTj2_genbin0_recobin0 acc 0.0011 eff -1.0 outinratio 0.0 

ggH126_2e2mu_pTj1_pTj2_genbin1_recobin0 acc 0.1083 eff 0.0645 outinratio 0.0106 

VBFH126_2e2mu_pTj1_pTj2_genbin1_recobin0 acc 0.2141 eff 0.047 outinratio 0.0125 

WminusH126_2e2mu_pTj1_pTj2_genbin1_recobin0 acc 0.1356 eff 0.0352 outinratio 0.0308 

WplusH126_2e2mu_pTj1_pTj2_genbin1_recobin0 acc 0.1172 eff 0.0354 outinratio 0.0281 

ZH126_2e2mu_pTj1_pTj2_genbin1_recobin0 acc 0.1174 eff 0.0455 outinratio 0.0356 

ttH126_2e2mu_pTj1_pTj2_genbin1_recobin0 acc 0.0123 eff 0.0008 outinratio 0.0 

ggH126_2e2mu_pTj1_pTj2_genbin2_recobin0 acc 0.0157 eff 0.0127 outinratio 0.0106 

VBFH126_2e2mu_pTj1_pTj2_genbin2_recobin0 acc 0.0335 eff 0.0175 outinratio 0.0125 

WminusH126_2e2mu_pTj1_pTj2_genbin2_recobin0 acc 0.06 eff 0.01 outinratio 0.0308 

WplusH126_2e2mu_pTj1_pTj2_genbin2_recobin0 acc 0.0503 eff 0.0061 outinratio 0.0281 

ZH126_2e2mu_pTj1_pTj2_genbin2_recobin0 acc 0.0614 eff 0.0072 outinratio 0.0356 

ttH126_2e2mu_pTj1_pTj2_genbin2_recobin0 acc 0.0232 eff 0.0018 outinratio 0.0 

ggH126_2e2mu_pTj1_pTj2_genbin3_recobin0 acc 0.007 eff 0.0042 outinratio 0.0106 

VBFH126_2e2mu_pTj1_pTj2_genbin3_recobin0 acc 0.0268 eff 0.0022 outinratio 0.0125 

WminusH126_2e2mu_pTj1_pTj2_genbin3_recobin0 acc 0.0251 eff 0.0005 outinratio 0.0308 

WplusH126_2e2mu_pTj1_pTj2_genbin3_recobin0 acc 0.0247 eff 0.0021 outinratio 0.0281 

ZH126_2e2mu_pTj1_pTj2_genbin3_recobin0 acc 0.0279 eff 0.0 outinratio 0.0356 

ttH126_2e2mu_pTj1_pTj2_genbin3_recobin0 acc 0.022 eff 0.0 outinratio 0.0 

ggH126_2e2mu_pTj1_pTj2_genbin4_recobin0 acc 0.0207 eff 0.0 outinratio 0.0106 

VBFH126_2e2mu_pTj1_pTj2_genbin4_recobin0 acc 0.1326 eff 0.0042 outinratio 0.0125 

WminusH126_2e2mu_pTj1_pTj2_genbin4_recobin0 acc 0.0853 eff 0.0 outinratio 0.0308 

WplusH126_2e2mu_pTj1_pTj2_genbin4_recobin0 acc 0.0825 eff 0.0006 outinratio 0.0281 

ZH126_2e2mu_pTj1_pTj2_genbin4_recobin0 acc 0.0944 eff 0.0 outinratio 0.0356 

ttH126_2e2mu_pTj1_pTj2_genbin4_recobin0 acc 0.4225 eff 0.0 outinratio 0.0 

ggH126_2e2mu_pTj1_pTj2_genbin0_recobin1 acc 0.2923 eff 0.0457 outinratio 0.0071 

VBFH126_2e2mu_pTj1_pTj2_genbin0_recobin1 acc 0.0708 eff 0.1205 outinratio 0.0084 

WminusH126_2e2mu_pTj1_pTj2_genbin0_recobin1 acc 0.0997 eff 0.1187 outinratio 0.0169 

WplusH126_2e2mu_pTj1_pTj2_genbin0_recobin1 acc 0.0847 eff 0.1202 outinratio 0.0151 

ZH126_2e2mu_pTj1_pTj2_genbin0_recobin1 acc 0.0821 eff 0.0525 outinratio 0.0407 

ttH126_2e2mu_pTj1_pTj2_genbin0_recobin1 acc 0.0011 eff -1.0 outinratio 0.0911 

ggH126_2e2mu_pTj1_pTj2_genbin1_recobin1 acc 0.1083 eff 0.4322 outinratio 0.0071 

VBFH126_2e2mu_pTj1_pTj2_genbin1_recobin1 acc 0.2141 eff 0.4474 outinratio 0.0084 

WminusH126_2e2mu_pTj1_pTj2_genbin1_recobin1 acc 0.1356 eff 0.3803 outinratio 0.0169 

WplusH126_2e2mu_pTj1_pTj2_genbin1_recobin1 acc 0.1172 eff 0.3859 outinratio 0.0151 

ZH126_2e2mu_pTj1_pTj2_genbin1_recobin1 acc 0.1174 eff 0.3692 outinratio 0.0407 

ttH126_2e2mu_pTj1_pTj2_genbin1_recobin1 acc 0.0123 eff 0.2022 outinratio 0.0911 

ggH126_2e2mu_pTj1_pTj2_genbin2_recobin1 acc 0.0157 eff 0.1649 outinratio 0.0071 

VBFH126_2e2mu_pTj1_pTj2_genbin2_recobin1 acc 0.0335 eff 0.1561 outinratio 0.0084 

WminusH126_2e2mu_pTj1_pTj2_genbin2_recobin1 acc 0.06 eff 0.1126 outinratio 0.0169 

WplusH126_2e2mu_pTj1_pTj2_genbin2_recobin1 acc 0.0503 eff 0.1172 outinratio 0.0151 

ZH126_2e2mu_pTj1_pTj2_genbin2_recobin1 acc 0.0614 eff 0.1438 outinratio 0.0407 

ttH126_2e2mu_pTj1_pTj2_genbin2_recobin1 acc 0.0232 eff 0.057 outinratio 0.0911 

ggH126_2e2mu_pTj1_pTj2_genbin3_recobin1 acc 0.007 eff 0.1248 outinratio 0.0071 

VBFH126_2e2mu_pTj1_pTj2_genbin3_recobin1 acc 0.0268 eff 0.1382 outinratio 0.0084 

WminusH126_2e2mu_pTj1_pTj2_genbin3_recobin1 acc 0.0251 eff 0.0864 outinratio 0.0169 

WplusH126_2e2mu_pTj1_pTj2_genbin3_recobin1 acc 0.0247 eff 0.0865 outinratio 0.0151 

ZH126_2e2mu_pTj1_pTj2_genbin3_recobin1 acc 0.0279 eff 0.1059 outinratio 0.0407 

ttH126_2e2mu_pTj1_pTj2_genbin3_recobin1 acc 0.022 eff 0.0296 outinratio 0.0911 

ggH126_2e2mu_pTj1_pTj2_genbin4_recobin1 acc 0.0207 eff 0.0361 outinratio 0.0071 

VBFH126_2e2mu_pTj1_pTj2_genbin4_recobin1 acc 0.1326 eff 0.0679 outinratio 0.0084 

WminusH126_2e2mu_pTj1_pTj2_genbin4_recobin1 acc 0.0853 eff 0.0141 outinratio 0.0169 

WplusH126_2e2mu_pTj1_pTj2_genbin4_recobin1 acc 0.0825 eff 0.0129 outinratio 0.0151 

ZH126_2e2mu_pTj1_pTj2_genbin4_recobin1 acc 0.0944 eff 0.012 outinratio 0.0407 

ttH126_2e2mu_pTj1_pTj2_genbin4_recobin1 acc 0.4225 eff 0.0016 outinratio 0.0911 

ggH126_2e2mu_pTj1_pTj2_genbin0_recobin2 acc 0.2923 eff 0.0028 outinratio 0.0002 

VBFH126_2e2mu_pTj1_pTj2_genbin0_recobin2 acc 0.0708 eff 0.0115 outinratio 0.0061 

WminusH126_2e2mu_pTj1_pTj2_genbin0_recobin2 acc 0.0997 eff 0.01 outinratio 0.0126 

WplusH126_2e2mu_pTj1_pTj2_genbin0_recobin2 acc 0.0847 eff 0.0099 outinratio 0.0118 

ZH126_2e2mu_pTj1_pTj2_genbin0_recobin2 acc 0.0821 eff 0.0121 outinratio 0.0359 

ttH126_2e2mu_pTj1_pTj2_genbin0_recobin2 acc 0.0011 eff -1.0 outinratio 0.067 

ggH126_2e2mu_pTj1_pTj2_genbin1_recobin2 acc 0.1083 eff 0.0304 outinratio 0.0002 

VBFH126_2e2mu_pTj1_pTj2_genbin1_recobin2 acc 0.2141 eff 0.022 outinratio 0.0061 

WminusH126_2e2mu_pTj1_pTj2_genbin1_recobin2 acc 0.1356 eff 0.057 outinratio 0.0126 

WplusH126_2e2mu_pTj1_pTj2_genbin1_recobin2 acc 0.1172 eff 0.0571 outinratio 0.0118 

ZH126_2e2mu_pTj1_pTj2_genbin1_recobin2 acc 0.1174 eff 0.0614 outinratio 0.0359 

ttH126_2e2mu_pTj1_pTj2_genbin1_recobin2 acc 0.0123 eff 0.0063 outinratio 0.067 

ggH126_2e2mu_pTj1_pTj2_genbin2_recobin2 acc 0.0157 eff 0.3246 outinratio 0.0002 

VBFH126_2e2mu_pTj1_pTj2_genbin2_recobin2 acc 0.0335 eff 0.2585 outinratio 0.0061 

WminusH126_2e2mu_pTj1_pTj2_genbin2_recobin2 acc 0.06 eff 0.3179 outinratio 0.0126 

WplusH126_2e2mu_pTj1_pTj2_genbin2_recobin2 acc 0.0503 eff 0.2966 outinratio 0.0118 

ZH126_2e2mu_pTj1_pTj2_genbin2_recobin2 acc 0.0614 eff 0.2989 outinratio 0.0359 

ttH126_2e2mu_pTj1_pTj2_genbin2_recobin2 acc 0.0232 eff 0.1887 outinratio 0.067 

ggH126_2e2mu_pTj1_pTj2_genbin3_recobin2 acc 0.007 eff 0.0764 outinratio 0.0002 

VBFH126_2e2mu_pTj1_pTj2_genbin3_recobin2 acc 0.0268 eff 0.0301 outinratio 0.0061 

WminusH126_2e2mu_pTj1_pTj2_genbin3_recobin2 acc 0.0251 eff 0.0361 outinratio 0.0126 

WplusH126_2e2mu_pTj1_pTj2_genbin3_recobin2 acc 0.0247 eff 0.0301 outinratio 0.0118 

ZH126_2e2mu_pTj1_pTj2_genbin3_recobin2 acc 0.0279 eff 0.0663 outinratio 0.0359 

ttH126_2e2mu_pTj1_pTj2_genbin3_recobin2 acc 0.022 eff 0.0015 outinratio 0.067 

ggH126_2e2mu_pTj1_pTj2_genbin4_recobin2 acc 0.0207 eff 0.0281 outinratio 0.0002 

VBFH126_2e2mu_pTj1_pTj2_genbin4_recobin2 acc 0.1326 eff 0.0208 outinratio 0.0061 

WminusH126_2e2mu_pTj1_pTj2_genbin4_recobin2 acc 0.0853 eff 0.0263 outinratio 0.0126 

WplusH126_2e2mu_pTj1_pTj2_genbin4_recobin2 acc 0.0825 eff 0.025 outinratio 0.0118 

ZH126_2e2mu_pTj1_pTj2_genbin4_recobin2 acc 0.0944 eff 0.0353 outinratio 0.0359 

ttH126_2e2mu_pTj1_pTj2_genbin4_recobin2 acc 0.4225 eff 0.0098 outinratio 0.067 

ggH126_2e2mu_pTj1_pTj2_genbin0_recobin3 acc 0.2923 eff 0.0 outinratio 0.0 

VBFH126_2e2mu_pTj1_pTj2_genbin0_recobin3 acc 0.0708 eff 0.0 outinratio 0.0077 

WminusH126_2e2mu_pTj1_pTj2_genbin0_recobin3 acc 0.0997 eff 0.002 outinratio 0.0083 

WplusH126_2e2mu_pTj1_pTj2_genbin0_recobin3 acc 0.0847 eff 0.0017 outinratio 0.0089 

ZH126_2e2mu_pTj1_pTj2_genbin0_recobin3 acc 0.0821 eff 0.0 outinratio 0.0461 

ttH126_2e2mu_pTj1_pTj2_genbin0_recobin3 acc 0.0011 eff -1.0 outinratio 0.0982 

ggH126_2e2mu_pTj1_pTj2_genbin1_recobin3 acc 0.1083 eff 0.0131 outinratio 0.0 

VBFH126_2e2mu_pTj1_pTj2_genbin1_recobin3 acc 0.2141 eff 0.0183 outinratio 0.0077 

WminusH126_2e2mu_pTj1_pTj2_genbin1_recobin3 acc 0.1356 eff 0.0239 outinratio 0.0083 

WplusH126_2e2mu_pTj1_pTj2_genbin1_recobin3 acc 0.1172 eff 0.0231 outinratio 0.0089 

ZH126_2e2mu_pTj1_pTj2_genbin1_recobin3 acc 0.1174 eff 0.0332 outinratio 0.0461 

ttH126_2e2mu_pTj1_pTj2_genbin1_recobin3 acc 0.0123 eff 0.0838 outinratio 0.0982 

ggH126_2e2mu_pTj1_pTj2_genbin2_recobin3 acc 0.0157 eff 0.0249 outinratio 0.0 

VBFH126_2e2mu_pTj1_pTj2_genbin2_recobin3 acc 0.0335 eff 0.0514 outinratio 0.0077 

WminusH126_2e2mu_pTj1_pTj2_genbin2_recobin3 acc 0.06 eff 0.0295 outinratio 0.0083 

WplusH126_2e2mu_pTj1_pTj2_genbin2_recobin3 acc 0.0503 eff 0.0294 outinratio 0.0089 

ZH126_2e2mu_pTj1_pTj2_genbin2_recobin3 acc 0.0614 eff 0.0349 outinratio 0.0461 

ttH126_2e2mu_pTj1_pTj2_genbin2_recobin3 acc 0.0232 eff 0.0265 outinratio 0.0982 

ggH126_2e2mu_pTj1_pTj2_genbin3_recobin3 acc 0.007 eff 0.2831 outinratio 0.0 

VBFH126_2e2mu_pTj1_pTj2_genbin3_recobin3 acc 0.0268 eff 0.2827 outinratio 0.0077 

WminusH126_2e2mu_pTj1_pTj2_genbin3_recobin3 acc 0.0251 eff 0.3178 outinratio 0.0083 

WplusH126_2e2mu_pTj1_pTj2_genbin3_recobin3 acc 0.0247 eff 0.3073 outinratio 0.0089 

ZH126_2e2mu_pTj1_pTj2_genbin3_recobin3 acc 0.0279 eff 0.2714 outinratio 0.0461 

ttH126_2e2mu_pTj1_pTj2_genbin3_recobin3 acc 0.022 eff 0.1375 outinratio 0.0982 

ggH126_2e2mu_pTj1_pTj2_genbin4_recobin3 acc 0.0207 eff 0.0452 outinratio 0.0 

VBFH126_2e2mu_pTj1_pTj2_genbin4_recobin3 acc 0.1326 eff 0.0217 outinratio 0.0077 

WminusH126_2e2mu_pTj1_pTj2_genbin4_recobin3 acc 0.0853 eff 0.0296 outinratio 0.0083 

WplusH126_2e2mu_pTj1_pTj2_genbin4_recobin3 acc 0.0825 eff 0.0313 outinratio 0.0089 

ZH126_2e2mu_pTj1_pTj2_genbin4_recobin3 acc 0.0944 eff 0.0304 outinratio 0.0461 

ttH126_2e2mu_pTj1_pTj2_genbin4_recobin3 acc 0.4225 eff 0.0092 outinratio 0.0982 

ggH126_2e2mu_pTj1_pTj2_genbin0_recobin4 acc 0.2923 eff 0.0003 outinratio 0.005 

VBFH126_2e2mu_pTj1_pTj2_genbin0_recobin4 acc 0.0708 eff 0.0053 outinratio 0.0092 

WminusH126_2e2mu_pTj1_pTj2_genbin0_recobin4 acc 0.0997 eff 0.0019 outinratio 0.0104 

WplusH126_2e2mu_pTj1_pTj2_genbin0_recobin4 acc 0.0847 eff 0.0014 outinratio 0.0108 

ZH126_2e2mu_pTj1_pTj2_genbin0_recobin4 acc 0.0821 eff 0.0 outinratio 0.03 

ttH126_2e2mu_pTj1_pTj2_genbin0_recobin4 acc 0.0011 eff -1.0 outinratio 0.0353 

ggH126_2e2mu_pTj1_pTj2_genbin1_recobin4 acc 0.1083 eff 0.0074 outinratio 0.005 

VBFH126_2e2mu_pTj1_pTj2_genbin1_recobin4 acc 0.2141 eff 0.0434 outinratio 0.0092 

WminusH126_2e2mu_pTj1_pTj2_genbin1_recobin4 acc 0.1356 eff 0.0211 outinratio 0.0104 

WplusH126_2e2mu_pTj1_pTj2_genbin1_recobin4 acc 0.1172 eff 0.0229 outinratio 0.0108 

ZH126_2e2mu_pTj1_pTj2_genbin1_recobin4 acc 0.1174 eff 0.0139 outinratio 0.03 

ttH126_2e2mu_pTj1_pTj2_genbin1_recobin4 acc 0.0123 eff 0.091 outinratio 0.0353 

ggH126_2e2mu_pTj1_pTj2_genbin2_recobin4 acc 0.0157 eff 0.049 outinratio 0.005 

VBFH126_2e2mu_pTj1_pTj2_genbin2_recobin4 acc 0.0335 eff 0.0844 outinratio 0.0092 

WminusH126_2e2mu_pTj1_pTj2_genbin2_recobin4 acc 0.06 eff 0.0664 outinratio 0.0104 

WplusH126_2e2mu_pTj1_pTj2_genbin2_recobin4 acc 0.0503 eff 0.0639 outinratio 0.0108 

ZH126_2e2mu_pTj1_pTj2_genbin2_recobin4 acc 0.0614 eff 0.0622 outinratio 0.03 

ttH126_2e2mu_pTj1_pTj2_genbin2_recobin4 acc 0.0232 eff 0.1045 outinratio 0.0353 

ggH126_2e2mu_pTj1_pTj2_genbin3_recobin4 acc 0.007 eff 0.0996 outinratio 0.005 

VBFH126_2e2mu_pTj1_pTj2_genbin3_recobin4 acc 0.0268 eff 0.1348 outinratio 0.0092 

WminusH126_2e2mu_pTj1_pTj2_genbin3_recobin4 acc 0.0251 eff 0.1335 outinratio 0.0104 

WplusH126_2e2mu_pTj1_pTj2_genbin3_recobin4 acc 0.0247 eff 0.1295 outinratio 0.0108 

ZH126_2e2mu_pTj1_pTj2_genbin3_recobin4 acc 0.0279 eff 0.1385 outinratio 0.03 

ttH126_2e2mu_pTj1_pTj2_genbin3_recobin4 acc 0.022 eff 0.2058 outinratio 0.0353 

ggH126_2e2mu_pTj1_pTj2_genbin4_recobin4 acc 0.0207 eff 0.4783 outinratio 0.005 

VBFH126_2e2mu_pTj1_pTj2_genbin4_recobin4 acc 0.1326 eff 0.5136 outinratio 0.0092 

WminusH126_2e2mu_pTj1_pTj2_genbin4_recobin4 acc 0.0853 eff 0.4866 outinratio 0.0104 

WplusH126_2e2mu_pTj1_pTj2_genbin4_recobin4 acc 0.0825 eff 0.4956 outinratio 0.0108 

ZH126_2e2mu_pTj1_pTj2_genbin4_recobin4 acc 0.0944 eff 0.4934 outinratio 0.03 

ttH126_2e2mu_pTj1_pTj2_genbin4_recobin4 acc 0.4225 eff 0.4191 outinratio 0.0353 

Coeff fullNNLOPS
