Welcome in RunCoefficients!
OPT SPLIT
DEBUG opt.YEAR = 2022_4
It is a single-differential measurement, binning [-100.0, 0.0, 92.0, 224.0, 10000.0]
mjj
Following observables extracted from dictionary: RECO =  mjj  GEN =  GENmjj
LUMI: 1.9951
ttH126 0.00016778591
Processing ggH126 2022_4
Signal created
Signal failed created
Processing VBFH126 2022_4
Signal created
Signal failed created
Processing WminusH126 2022_4
Signal created
Signal failed created
Processing WplusH126 2022_4
Signal created
Signal failed created
Processing ZH126 2022_4
Signal created
Signal failed created
Processing ttH126 2022_4
Signal created
Signal failed created
2022_4 SKIMMED df CREATED
2022_4 ggH126
2022_4 VBFH126
2022_4 WminusH126
2022_4 WplusH126
2022_4 ZH126
2022_4 ttH126
Dataframes created successfully
Coeff std
ggH126_4l_mjj_genbin0_recobin0 acc 0.4006 eff 0.4723 outinratio 0.0084 

VBFH126_4l_mjj_genbin0_recobin0 acc 0.2931 eff 0.4405 outinratio 0.0129 

WminusH126_4l_mjj_genbin0_recobin0 acc 0.2373 eff 0.3999 outinratio 0.0213 

WplusH126_4l_mjj_genbin0_recobin0 acc 0.2124 eff 0.3954 outinratio 0.0231 

ZH126_4l_mjj_genbin0_recobin0 acc 0.2042 eff 0.4033 outinratio 0.076 

ttH126_4l_mjj_genbin0_recobin0 acc 0.0142 eff 0.1541 outinratio 0.1465 

ggH126_4l_mjj_genbin1_recobin0 acc 0.0111 eff 0.1419 outinratio 0.0084 

VBFH126_4l_mjj_genbin1_recobin0 acc 0.0113 eff 0.1622 outinratio 0.0129 

WminusH126_4l_mjj_genbin1_recobin0 acc 0.096 eff 0.0683 outinratio 0.0213 

WplusH126_4l_mjj_genbin1_recobin0 acc 0.0879 eff 0.0705 outinratio 0.0231 

ZH126_4l_mjj_genbin1_recobin0 acc 0.0846 eff 0.0855 outinratio 0.076 

ttH126_4l_mjj_genbin1_recobin0 acc 0.0541 eff 0.0081 outinratio 0.1465 

ggH126_4l_mjj_genbin2_recobin0 acc 0.0181 eff 0.0784 outinratio 0.0084 

VBFH126_4l_mjj_genbin2_recobin0 acc 0.0235 eff 0.0652 outinratio 0.0129 

WminusH126_4l_mjj_genbin2_recobin0 acc 0.0463 eff 0.0424 outinratio 0.0213 

WplusH126_4l_mjj_genbin2_recobin0 acc 0.0438 eff 0.0382 outinratio 0.0231 

ZH126_4l_mjj_genbin2_recobin0 acc 0.0667 eff 0.05 outinratio 0.076 

ttH126_4l_mjj_genbin2_recobin0 acc 0.2012 eff 0.0052 outinratio 0.1465 

ggH126_4l_mjj_genbin3_recobin0 acc 0.0151 eff 0.058 outinratio 0.0084 

VBFH126_4l_mjj_genbin3_recobin0 acc 0.1583 eff 0.0776 outinratio 0.0129 

WminusH126_4l_mjj_genbin3_recobin0 acc 0.0293 eff 0.0123 outinratio 0.0213 

WplusH126_4l_mjj_genbin3_recobin0 acc 0.0305 eff 0.0289 outinratio 0.0231 

ZH126_4l_mjj_genbin3_recobin0 acc 0.0323 eff 0.0127 outinratio 0.076 

ttH126_4l_mjj_genbin3_recobin0 acc 0.2158 eff 0.0009 outinratio 0.1465 

ggH126_4l_mjj_genbin0_recobin1 acc 0.4006 eff 0.0063 outinratio 0.0 

VBFH126_4l_mjj_genbin0_recobin1 acc 0.2931 eff 0.0067 outinratio 0.0132 

WminusH126_4l_mjj_genbin0_recobin1 acc 0.2373 eff 0.0244 outinratio 0.008 

WplusH126_4l_mjj_genbin0_recobin1 acc 0.2124 eff 0.0235 outinratio 0.0023 

ZH126_4l_mjj_genbin0_recobin1 acc 0.2042 eff 0.0209 outinratio 0.0217 

ttH126_4l_mjj_genbin0_recobin1 acc 0.0142 eff 0.0334 outinratio 0.0377 

ggH126_4l_mjj_genbin1_recobin1 acc 0.0111 eff 0.2994 outinratio 0.0 

VBFH126_4l_mjj_genbin1_recobin1 acc 0.0113 eff 0.2537 outinratio 0.0132 

WminusH126_4l_mjj_genbin1_recobin1 acc 0.096 eff 0.3527 outinratio 0.008 

WplusH126_4l_mjj_genbin1_recobin1 acc 0.0879 eff 0.3324 outinratio 0.0023 

ZH126_4l_mjj_genbin1_recobin1 acc 0.0846 eff 0.2691 outinratio 0.0217 

ttH126_4l_mjj_genbin1_recobin1 acc 0.0541 eff 0.1942 outinratio 0.0377 

ggH126_4l_mjj_genbin2_recobin1 acc 0.0181 eff 0.0305 outinratio 0.0 

VBFH126_4l_mjj_genbin2_recobin1 acc 0.0235 eff 0.0202 outinratio 0.0132 

WminusH126_4l_mjj_genbin2_recobin1 acc 0.0463 eff 0.0396 outinratio 0.008 

WplusH126_4l_mjj_genbin2_recobin1 acc 0.0438 eff 0.0505 outinratio 0.0023 

ZH126_4l_mjj_genbin2_recobin1 acc 0.0667 eff 0.0635 outinratio 0.0217 

ttH126_4l_mjj_genbin2_recobin1 acc 0.2012 eff 0.0359 outinratio 0.0377 

ggH126_4l_mjj_genbin3_recobin1 acc 0.0151 eff 0.0083 outinratio 0.0 

VBFH126_4l_mjj_genbin3_recobin1 acc 0.1583 eff 0.0038 outinratio 0.0132 

WminusH126_4l_mjj_genbin3_recobin1 acc 0.0293 eff 0.0113 outinratio 0.008 

WplusH126_4l_mjj_genbin3_recobin1 acc 0.0305 eff 0.0133 outinratio 0.0023 

ZH126_4l_mjj_genbin3_recobin1 acc 0.0323 eff 0.0075 outinratio 0.0217 

ttH126_4l_mjj_genbin3_recobin1 acc 0.2158 eff 0.0052 outinratio 0.0377 

ggH126_4l_mjj_genbin0_recobin2 acc 0.4006 eff 0.0057 outinratio 0.0059 

VBFH126_4l_mjj_genbin0_recobin2 acc 0.2931 eff 0.0132 outinratio 0.0 

WminusH126_4l_mjj_genbin0_recobin2 acc 0.2373 eff 0.0233 outinratio 0.0211 

WplusH126_4l_mjj_genbin0_recobin2 acc 0.2124 eff 0.0265 outinratio 0.0163 

ZH126_4l_mjj_genbin0_recobin2 acc 0.2042 eff 0.0284 outinratio 0.026 

ttH126_4l_mjj_genbin0_recobin2 acc 0.0142 eff 0.1003 outinratio 0.0423 

ggH126_4l_mjj_genbin1_recobin2 acc 0.0111 eff 0.0563 outinratio 0.0059 

VBFH126_4l_mjj_genbin1_recobin2 acc 0.0113 eff 0.0203 outinratio 0.0 

WminusH126_4l_mjj_genbin1_recobin2 acc 0.096 eff 0.0779 outinratio 0.0211 

WplusH126_4l_mjj_genbin1_recobin2 acc 0.0879 eff 0.0808 outinratio 0.0163 

ZH126_4l_mjj_genbin1_recobin2 acc 0.0846 eff 0.1214 outinratio 0.026 

ttH126_4l_mjj_genbin1_recobin2 acc 0.0541 eff 0.0693 outinratio 0.0423 

ggH126_4l_mjj_genbin2_recobin2 acc 0.0181 eff 0.3743 outinratio 0.0059 

VBFH126_4l_mjj_genbin2_recobin2 acc 0.0235 eff 0.3806 outinratio 0.0 

WminusH126_4l_mjj_genbin2_recobin2 acc 0.0463 eff 0.3392 outinratio 0.0211 

WplusH126_4l_mjj_genbin2_recobin2 acc 0.0438 eff 0.334 outinratio 0.0163 

ZH126_4l_mjj_genbin2_recobin2 acc 0.0667 eff 0.3383 outinratio 0.026 

ttH126_4l_mjj_genbin2_recobin2 acc 0.2012 eff 0.2723 outinratio 0.0423 

ggH126_4l_mjj_genbin3_recobin2 acc 0.0151 eff 0.0286 outinratio 0.0059 

VBFH126_4l_mjj_genbin3_recobin2 acc 0.1583 eff 0.0109 outinratio 0.0 

WminusH126_4l_mjj_genbin3_recobin2 acc 0.0293 eff 0.0351 outinratio 0.0211 

WplusH126_4l_mjj_genbin3_recobin2 acc 0.0305 eff 0.0269 outinratio 0.0163 

ZH126_4l_mjj_genbin3_recobin2 acc 0.0323 eff 0.0399 outinratio 0.026 

ttH126_4l_mjj_genbin3_recobin2 acc 0.2158 eff 0.0355 outinratio 0.0423 

ggH126_4l_mjj_genbin0_recobin3 acc 0.4006 eff 0.0031 outinratio 0.0099 

VBFH126_4l_mjj_genbin0_recobin3 acc 0.2931 eff 0.0499 outinratio 0.0047 

WminusH126_4l_mjj_genbin0_recobin3 acc 0.2373 eff 0.0068 outinratio 0.0125 

WplusH126_4l_mjj_genbin0_recobin3 acc 0.2124 eff 0.0065 outinratio 0.0266 

ZH126_4l_mjj_genbin0_recobin3 acc 0.2042 eff 0.0054 outinratio 0.0376 

ttH126_4l_mjj_genbin0_recobin3 acc 0.0142 eff 0.0663 outinratio 0.0441 

ggH126_4l_mjj_genbin1_recobin3 acc 0.0111 eff 0.009 outinratio 0.0099 

VBFH126_4l_mjj_genbin1_recobin3 acc 0.0113 eff 0.0804 outinratio 0.0047 

WminusH126_4l_mjj_genbin1_recobin3 acc 0.096 eff 0.0088 outinratio 0.0125 

WplusH126_4l_mjj_genbin1_recobin3 acc 0.0879 eff 0.0113 outinratio 0.0266 

ZH126_4l_mjj_genbin1_recobin3 acc 0.0846 eff 0.0094 outinratio 0.0376 

ttH126_4l_mjj_genbin1_recobin3 acc 0.0541 eff 0.0634 outinratio 0.0441 

ggH126_4l_mjj_genbin2_recobin3 acc 0.0181 eff 0.0452 outinratio 0.0099 

VBFH126_4l_mjj_genbin2_recobin3 acc 0.0235 eff 0.0736 outinratio 0.0047 

WminusH126_4l_mjj_genbin2_recobin3 acc 0.0463 eff 0.0321 outinratio 0.0125 

WplusH126_4l_mjj_genbin2_recobin3 acc 0.0438 eff 0.0291 outinratio 0.0266 

ZH126_4l_mjj_genbin2_recobin3 acc 0.0667 eff 0.0251 outinratio 0.0376 

ttH126_4l_mjj_genbin2_recobin3 acc 0.2012 eff 0.0561 outinratio 0.0441 

ggH126_4l_mjj_genbin3_recobin3 acc 0.0151 eff 0.4125 outinratio 0.0099 

VBFH126_4l_mjj_genbin3_recobin3 acc 0.1583 eff 0.4345 outinratio 0.0047 

WminusH126_4l_mjj_genbin3_recobin3 acc 0.0293 eff 0.3882 outinratio 0.0125 

WplusH126_4l_mjj_genbin3_recobin3 acc 0.0305 eff 0.3773 outinratio 0.0266 

ZH126_4l_mjj_genbin3_recobin3 acc 0.0323 eff 0.4039 outinratio 0.0376 

ttH126_4l_mjj_genbin3_recobin3 acc 0.2158 eff 0.3542 outinratio 0.0441 

ggH126_4e_mjj_genbin0_recobin0 acc 0.3806 eff 0.3662 outinratio 0.0137 

VBFH126_4e_mjj_genbin0_recobin0 acc 0.2768 eff 0.3401 outinratio 0.01 

WminusH126_4e_mjj_genbin0_recobin0 acc 0.228 eff 0.3073 outinratio 0.0301 

WplusH126_4e_mjj_genbin0_recobin0 acc 0.1987 eff 0.3286 outinratio 0.0366 

ZH126_4e_mjj_genbin0_recobin0 acc 0.1967 eff 0.3114 outinratio 0.0997 

ttH126_4e_mjj_genbin0_recobin0 acc 0.0132 eff 0.0319 outinratio 0.5587 

ggH126_4e_mjj_genbin1_recobin0 acc 0.0129 eff 0.1278 outinratio 0.0137 

VBFH126_4e_mjj_genbin1_recobin0 acc 0.0115 eff 0.1168 outinratio 0.01 

WminusH126_4e_mjj_genbin1_recobin0 acc 0.0912 eff 0.0416 outinratio 0.0301 

WplusH126_4e_mjj_genbin1_recobin0 acc 0.0873 eff 0.0507 outinratio 0.0366 

ZH126_4e_mjj_genbin1_recobin0 acc 0.0775 eff 0.0646 outinratio 0.0997 

ttH126_4e_mjj_genbin1_recobin0 acc 0.0475 eff 0.0059 outinratio 0.5587 

ggH126_4e_mjj_genbin2_recobin0 acc 0.0174 eff 0.0706 outinratio 0.0137 

VBFH126_4e_mjj_genbin2_recobin0 acc 0.0215 eff 0.0732 outinratio 0.01 

WminusH126_4e_mjj_genbin2_recobin0 acc 0.0461 eff 0.0316 outinratio 0.0301 

WplusH126_4e_mjj_genbin2_recobin0 acc 0.0388 eff 0.0259 outinratio 0.0366 

ZH126_4e_mjj_genbin2_recobin0 acc 0.0615 eff 0.0283 outinratio 0.0997 

ttH126_4e_mjj_genbin2_recobin0 acc 0.1985 eff 0.0032 outinratio 0.5587 

ggH126_4e_mjj_genbin3_recobin0 acc 0.0162 eff 0.0576 outinratio 0.0137 

VBFH126_4e_mjj_genbin3_recobin0 acc 0.1551 eff 0.0638 outinratio 0.01 

WminusH126_4e_mjj_genbin3_recobin0 acc 0.0298 eff 0.0088 outinratio 0.0301 

WplusH126_4e_mjj_genbin3_recobin0 acc 0.0284 eff 0.0232 outinratio 0.0366 

ZH126_4e_mjj_genbin3_recobin0 acc 0.0313 eff 0.0116 outinratio 0.0997 

ttH126_4e_mjj_genbin3_recobin0 acc 0.2178 eff 0.0 outinratio 0.5587 

ggH126_4e_mjj_genbin0_recobin1 acc 0.3806 eff 0.0038 outinratio 0.0 

VBFH126_4e_mjj_genbin0_recobin1 acc 0.2768 eff 0.0095 outinratio 0.0 

WminusH126_4e_mjj_genbin0_recobin1 acc 0.228 eff 0.0192 outinratio 0.0109 

WplusH126_4e_mjj_genbin0_recobin1 acc 0.1987 eff 0.015 outinratio -0.0113 

ZH126_4e_mjj_genbin0_recobin1 acc 0.1967 eff 0.0164 outinratio 0.0144 

ttH126_4e_mjj_genbin0_recobin1 acc 0.0132 eff 0.0126 outinratio 0.0222 

ggH126_4e_mjj_genbin1_recobin1 acc 0.0129 eff 0.2367 outinratio 0.0 

VBFH126_4e_mjj_genbin1_recobin1 acc 0.0115 eff 0.2452 outinratio 0.0 

WminusH126_4e_mjj_genbin1_recobin1 acc 0.0912 eff 0.2886 outinratio 0.0109 

WplusH126_4e_mjj_genbin1_recobin1 acc 0.0873 eff 0.2787 outinratio -0.0113 

ZH126_4e_mjj_genbin1_recobin1 acc 0.0775 eff 0.2209 outinratio 0.0144 

ttH126_4e_mjj_genbin1_recobin1 acc 0.0475 eff 0.2118 outinratio 0.0222 

ggH126_4e_mjj_genbin2_recobin1 acc 0.0174 eff 0.0234 outinratio 0.0 

VBFH126_4e_mjj_genbin2_recobin1 acc 0.0215 eff 0.0156 outinratio 0.0 

WminusH126_4e_mjj_genbin2_recobin1 acc 0.0461 eff 0.0252 outinratio 0.0109 

WplusH126_4e_mjj_genbin2_recobin1 acc 0.0388 eff 0.0496 outinratio -0.0113 

ZH126_4e_mjj_genbin2_recobin1 acc 0.0615 eff 0.0682 outinratio 0.0144 

ttH126_4e_mjj_genbin2_recobin1 acc 0.1985 eff 0.0394 outinratio 0.0222 

ggH126_4e_mjj_genbin3_recobin1 acc 0.0162 eff 0.0133 outinratio 0.0 

VBFH126_4e_mjj_genbin3_recobin1 acc 0.1551 eff 0.0006 outinratio 0.0 

WminusH126_4e_mjj_genbin3_recobin1 acc 0.0298 eff 0.018 outinratio 0.0109 

WplusH126_4e_mjj_genbin3_recobin1 acc 0.0284 eff 0.0121 outinratio -0.0113 

ZH126_4e_mjj_genbin3_recobin1 acc 0.0313 eff 0.0064 outinratio 0.0144 

ttH126_4e_mjj_genbin3_recobin1 acc 0.2178 eff 0.0026 outinratio 0.0222 

ggH126_4e_mjj_genbin0_recobin2 acc 0.3806 eff 0.0032 outinratio 0.0154 

VBFH126_4e_mjj_genbin0_recobin2 acc 0.2768 eff 0.0132 outinratio 0.0 

WminusH126_4e_mjj_genbin0_recobin2 acc 0.228 eff 0.0212 outinratio 0.0368 

WplusH126_4e_mjj_genbin0_recobin2 acc 0.1987 eff 0.0229 outinratio 0.0415 

ZH126_4e_mjj_genbin0_recobin2 acc 0.1967 eff 0.0273 outinratio 0.0439 

ttH126_4e_mjj_genbin0_recobin2 acc 0.0132 eff 0.0594 outinratio 0.0519 

ggH126_4e_mjj_genbin1_recobin2 acc 0.0129 eff 0.0095 outinratio 0.0154 

VBFH126_4e_mjj_genbin1_recobin2 acc 0.0115 eff 0.0161 outinratio 0.0 

WminusH126_4e_mjj_genbin1_recobin2 acc 0.0912 eff 0.0608 outinratio 0.0368 

WplusH126_4e_mjj_genbin1_recobin2 acc 0.0873 eff 0.0548 outinratio 0.0415 

ZH126_4e_mjj_genbin1_recobin2 acc 0.0775 eff 0.0915 outinratio 0.0439 

ttH126_4e_mjj_genbin1_recobin2 acc 0.0475 eff 0.0496 outinratio 0.0519 

ggH126_4e_mjj_genbin2_recobin2 acc 0.0174 eff 0.2837 outinratio 0.0154 

VBFH126_4e_mjj_genbin2_recobin2 acc 0.0215 eff 0.2714 outinratio 0.0 

WminusH126_4e_mjj_genbin2_recobin2 acc 0.0461 eff 0.2678 outinratio 0.0368 

WplusH126_4e_mjj_genbin2_recobin2 acc 0.0388 eff 0.2455 outinratio 0.0415 

ZH126_4e_mjj_genbin2_recobin2 acc 0.0615 eff 0.2447 outinratio 0.0439 

ttH126_4e_mjj_genbin2_recobin2 acc 0.1985 eff 0.2087 outinratio 0.0519 

ggH126_4e_mjj_genbin3_recobin2 acc 0.0162 eff 0.019 outinratio 0.0154 

VBFH126_4e_mjj_genbin3_recobin2 acc 0.1551 eff 0.0075 outinratio 0.0 

WminusH126_4e_mjj_genbin3_recobin2 acc 0.0298 eff 0.0222 outinratio 0.0368 

WplusH126_4e_mjj_genbin3_recobin2 acc 0.0284 eff 0.0173 outinratio 0.0415 

ZH126_4e_mjj_genbin3_recobin2 acc 0.0313 eff 0.0265 outinratio 0.0439 

ttH126_4e_mjj_genbin3_recobin2 acc 0.2178 eff 0.0217 outinratio 0.0519 

ggH126_4e_mjj_genbin0_recobin3 acc 0.3806 eff 0.0018 outinratio 0.0 

VBFH126_4e_mjj_genbin0_recobin3 acc 0.2768 eff 0.0336 outinratio 0.0145 

WminusH126_4e_mjj_genbin0_recobin3 acc 0.228 eff 0.0056 outinratio 0.0125 

WplusH126_4e_mjj_genbin0_recobin3 acc 0.1987 eff 0.0053 outinratio 0.0786 

ZH126_4e_mjj_genbin0_recobin3 acc 0.1967 eff 0.0049 outinratio 0.0172 

ttH126_4e_mjj_genbin0_recobin3 acc 0.0132 eff 0.045 outinratio 0.0661 

ggH126_4e_mjj_genbin1_recobin3 acc 0.0129 eff 0.0093 outinratio 0.0 

VBFH126_4e_mjj_genbin1_recobin3 acc 0.0115 eff 0.1253 outinratio 0.0145 

WminusH126_4e_mjj_genbin1_recobin3 acc 0.0912 eff 0.0081 outinratio 0.0125 

WplusH126_4e_mjj_genbin1_recobin3 acc 0.0873 eff -0.001 outinratio 0.0786 

ZH126_4e_mjj_genbin1_recobin3 acc 0.0775 eff 0.0122 outinratio 0.0172 

ttH126_4e_mjj_genbin1_recobin3 acc 0.0475 eff 0.0339 outinratio 0.0661 

ggH126_4e_mjj_genbin2_recobin3 acc 0.0174 eff 0.0397 outinratio 0.0 

VBFH126_4e_mjj_genbin2_recobin3 acc 0.0215 eff 0.0246 outinratio 0.0145 

WminusH126_4e_mjj_genbin2_recobin3 acc 0.0461 eff 0.0357 outinratio 0.0125 

WplusH126_4e_mjj_genbin2_recobin3 acc 0.0388 eff 0.0258 outinratio 0.0786 

ZH126_4e_mjj_genbin2_recobin3 acc 0.0615 eff 0.0119 outinratio 0.0172 

ttH126_4e_mjj_genbin2_recobin3 acc 0.1985 eff 0.056 outinratio 0.0661 

ggH126_4e_mjj_genbin3_recobin3 acc 0.0162 eff 0.3158 outinratio 0.0 

VBFH126_4e_mjj_genbin3_recobin3 acc 0.1551 eff 0.3428 outinratio 0.0145 

WminusH126_4e_mjj_genbin3_recobin3 acc 0.0298 eff 0.3153 outinratio 0.0125 

WplusH126_4e_mjj_genbin3_recobin3 acc 0.0284 eff 0.4261 outinratio 0.0786 

ZH126_4e_mjj_genbin3_recobin3 acc 0.0313 eff 0.3582 outinratio 0.0172 

ttH126_4e_mjj_genbin3_recobin3 acc 0.2178 eff 0.2735 outinratio 0.0661 

ggH126_4mu_mjj_genbin0_recobin0 acc 0.4322 eff 0.5836 outinratio 0.0054 

VBFH126_4mu_mjj_genbin0_recobin0 acc 0.312 eff 0.545 outinratio 0.0094 

WminusH126_4mu_mjj_genbin0_recobin0 acc 0.2555 eff 0.4863 outinratio 0.0167 

WplusH126_4mu_mjj_genbin0_recobin0 acc 0.2209 eff 0.4892 outinratio 0.0119 

ZH126_4mu_mjj_genbin0_recobin0 acc 0.2168 eff 0.4918 outinratio 0.0675 

ttH126_4mu_mjj_genbin0_recobin0 acc 0.0183 eff 0.2219 outinratio 0.1388 

ggH126_4mu_mjj_genbin1_recobin0 acc 0.0111 eff 0.1552 outinratio 0.0054 

VBFH126_4mu_mjj_genbin1_recobin0 acc 0.0128 eff 0.2369 outinratio 0.0094 

WminusH126_4mu_mjj_genbin1_recobin0 acc 0.1029 eff 0.0826 outinratio 0.0167 

WplusH126_4mu_mjj_genbin1_recobin0 acc 0.0951 eff 0.0952 outinratio 0.0119 

ZH126_4mu_mjj_genbin1_recobin0 acc 0.0956 eff 0.1052 outinratio 0.0675 

ttH126_4mu_mjj_genbin1_recobin0 acc 0.0599 eff 0.0058 outinratio 0.1388 

ggH126_4mu_mjj_genbin2_recobin0 acc 0.0178 eff 0.0725 outinratio 0.0054 

VBFH126_4mu_mjj_genbin2_recobin0 acc 0.0254 eff 0.0695 outinratio 0.0094 

WminusH126_4mu_mjj_genbin2_recobin0 acc 0.0496 eff 0.0403 outinratio 0.0167 

WplusH126_4mu_mjj_genbin2_recobin0 acc 0.0468 eff 0.0475 outinratio 0.0119 

ZH126_4mu_mjj_genbin2_recobin0 acc 0.0682 eff 0.0696 outinratio 0.0675 

ttH126_4mu_mjj_genbin2_recobin0 acc 0.2105 eff 0.0032 outinratio 0.1388 

ggH126_4mu_mjj_genbin3_recobin0 acc 0.0166 eff 0.082 outinratio 0.0054 

VBFH126_4mu_mjj_genbin3_recobin0 acc 0.1654 eff 0.0916 outinratio 0.0094 

WminusH126_4mu_mjj_genbin3_recobin0 acc 0.0307 eff 0.0144 outinratio 0.0167 

WplusH126_4mu_mjj_genbin3_recobin0 acc 0.0338 eff 0.0441 outinratio 0.0119 

ZH126_4mu_mjj_genbin3_recobin0 acc 0.033 eff 0.0116 outinratio 0.0675 

ttH126_4mu_mjj_genbin3_recobin0 acc 0.2224 eff 0.0006 outinratio 0.1388 

ggH126_4mu_mjj_genbin0_recobin1 acc 0.4322 eff 0.0077 outinratio 0.0 

VBFH126_4mu_mjj_genbin0_recobin1 acc 0.312 eff 0.011 outinratio 0.0 

WminusH126_4mu_mjj_genbin0_recobin1 acc 0.2555 eff 0.0275 outinratio 0.0029 

WplusH126_4mu_mjj_genbin0_recobin1 acc 0.2209 eff 0.0283 outinratio 0.0093 

ZH126_4mu_mjj_genbin0_recobin1 acc 0.2168 eff 0.0281 outinratio 0.0212 

ttH126_4mu_mjj_genbin0_recobin1 acc 0.0183 eff 0.0319 outinratio 0.0479 

ggH126_4mu_mjj_genbin1_recobin1 acc 0.0111 eff 0.3407 outinratio 0.0 

VBFH126_4mu_mjj_genbin1_recobin1 acc 0.0128 eff 0.2752 outinratio 0.0 

WminusH126_4mu_mjj_genbin1_recobin1 acc 0.1029 eff 0.4142 outinratio 0.0029 

WplusH126_4mu_mjj_genbin1_recobin1 acc 0.0951 eff 0.3603 outinratio 0.0093 

ZH126_4mu_mjj_genbin1_recobin1 acc 0.0956 eff 0.3305 outinratio 0.0212 

ttH126_4mu_mjj_genbin1_recobin1 acc 0.0599 eff 0.1706 outinratio 0.0479 

ggH126_4mu_mjj_genbin2_recobin1 acc 0.0178 eff 0.0322 outinratio 0.0 

VBFH126_4mu_mjj_genbin2_recobin1 acc 0.0254 eff 0.0368 outinratio 0.0 

WminusH126_4mu_mjj_genbin2_recobin1 acc 0.0496 eff 0.0324 outinratio 0.0029 

WplusH126_4mu_mjj_genbin2_recobin1 acc 0.0468 eff 0.0534 outinratio 0.0093 

ZH126_4mu_mjj_genbin2_recobin1 acc 0.0682 eff 0.061 outinratio 0.0212 

ttH126_4mu_mjj_genbin2_recobin1 acc 0.2105 eff 0.0432 outinratio 0.0479 

ggH126_4mu_mjj_genbin3_recobin1 acc 0.0166 eff 0.0073 outinratio 0.0 

VBFH126_4mu_mjj_genbin3_recobin1 acc 0.1654 eff 0.0059 outinratio 0.0 

WminusH126_4mu_mjj_genbin3_recobin1 acc 0.0307 eff 0.0113 outinratio 0.0029 

WplusH126_4mu_mjj_genbin3_recobin1 acc 0.0338 eff 0.0122 outinratio 0.0093 

ZH126_4mu_mjj_genbin3_recobin1 acc 0.033 eff 0.0079 outinratio 0.0212 

ttH126_4mu_mjj_genbin3_recobin1 acc 0.2224 eff 0.0049 outinratio 0.0479 

ggH126_4mu_mjj_genbin0_recobin2 acc 0.4322 eff 0.0092 outinratio 0.002 

VBFH126_4mu_mjj_genbin0_recobin2 acc 0.312 eff 0.0113 outinratio 0.0 

WminusH126_4mu_mjj_genbin0_recobin2 acc 0.2555 eff 0.0214 outinratio 0.0132 

WplusH126_4mu_mjj_genbin0_recobin2 acc 0.2209 eff 0.0232 outinratio 0.0132 

ZH126_4mu_mjj_genbin0_recobin2 acc 0.2168 eff 0.033 outinratio 0.022 

ttH126_4mu_mjj_genbin0_recobin2 acc 0.0183 eff 0.0982 outinratio 0.0258 

ggH126_4mu_mjj_genbin1_recobin2 acc 0.0111 eff 0.1109 outinratio 0.002 

VBFH126_4mu_mjj_genbin1_recobin2 acc 0.0128 eff 0.0082 outinratio 0.0 

WminusH126_4mu_mjj_genbin1_recobin2 acc 0.1029 eff 0.0978 outinratio 0.0132 

WplusH126_4mu_mjj_genbin1_recobin2 acc 0.0951 eff 0.0854 outinratio 0.0132 

ZH126_4mu_mjj_genbin1_recobin2 acc 0.0956 eff 0.1276 outinratio 0.022 

ttH126_4mu_mjj_genbin1_recobin2 acc 0.0599 eff 0.0837 outinratio 0.0258 

ggH126_4mu_mjj_genbin2_recobin2 acc 0.0178 eff 0.4108 outinratio 0.002 

VBFH126_4mu_mjj_genbin2_recobin2 acc 0.0254 eff 0.4096 outinratio 0.0 

WminusH126_4mu_mjj_genbin2_recobin2 acc 0.0496 eff 0.391 outinratio 0.0132 

WplusH126_4mu_mjj_genbin2_recobin2 acc 0.0468 eff 0.3816 outinratio 0.0132 

ZH126_4mu_mjj_genbin2_recobin2 acc 0.0682 eff 0.4047 outinratio 0.022 

ttH126_4mu_mjj_genbin2_recobin2 acc 0.2105 eff 0.3366 outinratio 0.0258 

ggH126_4mu_mjj_genbin3_recobin2 acc 0.0166 eff 0.0382 outinratio 0.002 

VBFH126_4mu_mjj_genbin3_recobin2 acc 0.1654 eff 0.0168 outinratio 0.0 

WminusH126_4mu_mjj_genbin3_recobin2 acc 0.0307 eff 0.0534 outinratio 0.0132 

WplusH126_4mu_mjj_genbin3_recobin2 acc 0.0338 eff 0.0498 outinratio 0.0132 

ZH126_4mu_mjj_genbin3_recobin2 acc 0.033 eff 0.0447 outinratio 0.022 

ttH126_4mu_mjj_genbin3_recobin2 acc 0.2224 eff 0.0465 outinratio 0.0258 

ggH126_4mu_mjj_genbin0_recobin3 acc 0.4322 eff 0.0051 outinratio 0.0159 

VBFH126_4mu_mjj_genbin0_recobin3 acc 0.312 eff 0.0563 outinratio 0.0014 

WminusH126_4mu_mjj_genbin0_recobin3 acc 0.2555 eff 0.0087 outinratio 0.0113 

WplusH126_4mu_mjj_genbin0_recobin3 acc 0.2209 eff 0.0059 outinratio 0.0154 

ZH126_4mu_mjj_genbin0_recobin3 acc 0.2168 eff 0.0057 outinratio 0.0325 

ttH126_4mu_mjj_genbin0_recobin3 acc 0.0183 eff 0.0604 outinratio 0.0323 

ggH126_4mu_mjj_genbin1_recobin3 acc 0.0111 eff 0.0108 outinratio 0.0159 

VBFH126_4mu_mjj_genbin1_recobin3 acc 0.0128 eff 0.0366 outinratio 0.0014 

WminusH126_4mu_mjj_genbin1_recobin3 acc 0.1029 eff 0.0114 outinratio 0.0113 

WplusH126_4mu_mjj_genbin1_recobin3 acc 0.0951 eff 0.0186 outinratio 0.0154 

ZH126_4mu_mjj_genbin1_recobin3 acc 0.0956 eff 0.0082 outinratio 0.0325 

ttH126_4mu_mjj_genbin1_recobin3 acc 0.0599 eff 0.1031 outinratio 0.0323 

ggH126_4mu_mjj_genbin2_recobin3 acc 0.0178 eff 0.0556 outinratio 0.0159 

VBFH126_4mu_mjj_genbin2_recobin3 acc 0.0254 eff 0.0839 outinratio 0.0014 

WminusH126_4mu_mjj_genbin2_recobin3 acc 0.0496 eff 0.0347 outinratio 0.0113 

WplusH126_4mu_mjj_genbin2_recobin3 acc 0.0468 eff 0.0511 outinratio 0.0154 

ZH126_4mu_mjj_genbin2_recobin3 acc 0.0682 eff 0.0326 outinratio 0.0325 

ttH126_4mu_mjj_genbin2_recobin3 acc 0.2105 eff 0.0584 outinratio 0.0323 

ggH126_4mu_mjj_genbin3_recobin3 acc 0.0166 eff 0.5096 outinratio 0.0159 

VBFH126_4mu_mjj_genbin3_recobin3 acc 0.1654 eff 0.5001 outinratio 0.0014 

WminusH126_4mu_mjj_genbin3_recobin3 acc 0.0307 eff 0.4875 outinratio 0.0113 

WplusH126_4mu_mjj_genbin3_recobin3 acc 0.0338 eff 0.4037 outinratio 0.0154 

ZH126_4mu_mjj_genbin3_recobin3 acc 0.033 eff 0.4868 outinratio 0.0325 

ttH126_4mu_mjj_genbin3_recobin3 acc 0.2224 eff 0.363 outinratio 0.0323 

ggH126_2e2mu_mjj_genbin0_recobin0 acc 0.3942 eff 0.4616 outinratio 0.0084 

VBFH126_2e2mu_mjj_genbin0_recobin0 acc 0.2917 eff 0.4313 outinratio 0.0166 

WminusH126_2e2mu_mjj_genbin0_recobin0 acc 0.2324 eff 0.3973 outinratio 0.0212 

WplusH126_2e2mu_mjj_genbin0_recobin0 acc 0.2151 eff 0.3765 outinratio 0.0255 

ZH126_2e2mu_mjj_genbin0_recobin0 acc 0.2015 eff 0.401 outinratio 0.0726 

ttH126_2e2mu_mjj_genbin0_recobin0 acc 0.0127 eff 0.172 outinratio 0.0861 

ggH126_2e2mu_mjj_genbin1_recobin0 acc 0.0101 eff 0.1437 outinratio 0.0084 

VBFH126_2e2mu_mjj_genbin1_recobin0 acc 0.0104 eff 0.139 outinratio 0.0166 

WminusH126_2e2mu_mjj_genbin1_recobin0 acc 0.0948 eff 0.0738 outinratio 0.0212 

WplusH126_2e2mu_mjj_genbin1_recobin0 acc 0.0844 eff 0.0665 outinratio 0.0255 

ZH126_2e2mu_mjj_genbin1_recobin0 acc 0.0827 eff 0.0839 outinratio 0.0726 

ttH126_2e2mu_mjj_genbin1_recobin0 acc 0.0547 eff 0.0105 outinratio 0.0861 

ggH126_2e2mu_mjj_genbin2_recobin0 acc 0.0186 eff 0.0855 outinratio 0.0084 

VBFH126_2e2mu_mjj_genbin2_recobin0 acc 0.0236 eff 0.0588 outinratio 0.0166 

WminusH126_2e2mu_mjj_genbin2_recobin0 acc 0.0446 eff 0.0496 outinratio 0.0212 

WplusH126_2e2mu_mjj_genbin2_recobin0 acc 0.0449 eff 0.0387 outinratio 0.0255 

ZH126_2e2mu_mjj_genbin2_recobin0 acc 0.0687 eff 0.0501 outinratio 0.0726 

ttH126_2e2mu_mjj_genbin2_recobin0 acc 0.1979 eff 0.0073 outinratio 0.0861 

ggH126_2e2mu_mjj_genbin3_recobin0 acc 0.0137 eff 0.0423 outinratio 0.0084 

VBFH126_2e2mu_mjj_genbin3_recobin0 acc 0.1561 eff 0.077 outinratio 0.0166 

WminusH126_2e2mu_mjj_genbin3_recobin0 acc 0.0283 eff 0.0131 outinratio 0.0212 

WplusH126_2e2mu_mjj_genbin3_recobin0 acc 0.0298 eff 0.0226 outinratio 0.0255 

ZH126_2e2mu_mjj_genbin3_recobin0 acc 0.0325 eff 0.0138 outinratio 0.0726 

ttH126_2e2mu_mjj_genbin3_recobin0 acc 0.2113 eff 0.0016 outinratio 0.0861 

ggH126_2e2mu_mjj_genbin0_recobin1 acc 0.3942 eff 0.0068 outinratio 0.0 

VBFH126_2e2mu_mjj_genbin0_recobin1 acc 0.2917 eff 0.0027 outinratio 0.0378 

WminusH126_2e2mu_mjj_genbin0_recobin1 acc 0.2324 eff 0.0253 outinratio 0.0102 

WplusH126_2e2mu_mjj_genbin0_recobin1 acc 0.2151 eff 0.025 outinratio 0.0037 

ZH126_2e2mu_mjj_genbin0_recobin1 acc 0.2015 eff 0.0192 outinratio 0.0253 

ttH126_2e2mu_mjj_genbin0_recobin1 acc 0.0127 eff 0.0458 outinratio 0.04 

ggH126_2e2mu_mjj_genbin1_recobin1 acc 0.0101 eff 0.3182 outinratio 0.0 

VBFH126_2e2mu_mjj_genbin1_recobin1 acc 0.0104 eff 0.2443 outinratio 0.0378 

WminusH126_2e2mu_mjj_genbin1_recobin1 acc 0.0948 eff 0.3498 outinratio 0.0102 

WplusH126_2e2mu_mjj_genbin1_recobin1 acc 0.0844 eff 0.345 outinratio 0.0037 

ZH126_2e2mu_mjj_genbin1_recobin1 acc 0.0827 eff 0.2557 outinratio 0.0253 

ttH126_2e2mu_mjj_genbin1_recobin1 acc 0.0547 eff 0.1991 outinratio 0.04 

ggH126_2e2mu_mjj_genbin2_recobin1 acc 0.0186 eff 0.0333 outinratio 0.0 

VBFH126_2e2mu_mjj_genbin2_recobin1 acc 0.0236 eff 0.0128 outinratio 0.0378 

WminusH126_2e2mu_mjj_genbin2_recobin1 acc 0.0446 eff 0.052 outinratio 0.0102 

WplusH126_2e2mu_mjj_genbin2_recobin1 acc 0.0449 eff 0.0494 outinratio 0.0037 

ZH126_2e2mu_mjj_genbin2_recobin1 acc 0.0687 eff 0.0627 outinratio 0.0253 

ttH126_2e2mu_mjj_genbin2_recobin1 acc 0.1979 eff 0.0302 outinratio 0.04 

ggH126_2e2mu_mjj_genbin3_recobin1 acc 0.0137 eff 0.0057 outinratio 0.0 

VBFH126_2e2mu_mjj_genbin3_recobin1 acc 0.1561 eff 0.0043 outinratio 0.0378 

WminusH126_2e2mu_mjj_genbin3_recobin1 acc 0.0283 eff 0.0074 outinratio 0.0102 

WplusH126_2e2mu_mjj_genbin3_recobin1 acc 0.0298 eff 0.0146 outinratio 0.0037 

ZH126_2e2mu_mjj_genbin3_recobin1 acc 0.0325 eff 0.0078 outinratio 0.0253 

ttH126_2e2mu_mjj_genbin3_recobin1 acc 0.2113 eff 0.0067 outinratio 0.04 

ggH126_2e2mu_mjj_genbin0_recobin2 acc 0.3942 eff 0.0049 outinratio 0.0053 

VBFH126_2e2mu_mjj_genbin0_recobin2 acc 0.2917 eff 0.0144 outinratio 0.0 

WminusH126_2e2mu_mjj_genbin0_recobin2 acc 0.2324 eff 0.0256 outinratio 0.0198 

WplusH126_2e2mu_mjj_genbin0_recobin2 acc 0.2151 eff 0.03 outinratio 0.0095 

ZH126_2e2mu_mjj_genbin0_recobin2 acc 0.2015 eff 0.0262 outinratio 0.022 

ttH126_2e2mu_mjj_genbin0_recobin2 acc 0.0127 eff 0.1244 outinratio 0.0496 

ggH126_2e2mu_mjj_genbin1_recobin2 acc 0.0101 eff 0.0562 outinratio 0.0053 

VBFH126_2e2mu_mjj_genbin1_recobin2 acc 0.0104 eff 0.031 outinratio 0.0 

WminusH126_2e2mu_mjj_genbin1_recobin2 acc 0.0948 eff 0.0749 outinratio 0.0198 

WplusH126_2e2mu_mjj_genbin1_recobin2 acc 0.0844 eff 0.0924 outinratio 0.0095 

ZH126_2e2mu_mjj_genbin1_recobin2 acc 0.0827 eff 0.1326 outinratio 0.022 

ttH126_2e2mu_mjj_genbin1_recobin2 acc 0.0547 eff 0.0705 outinratio 0.0496 

ggH126_2e2mu_mjj_genbin2_recobin2 acc 0.0186 eff 0.4014 outinratio 0.0053 

VBFH126_2e2mu_mjj_genbin2_recobin2 acc 0.0236 eff 0.4176 outinratio 0.0 

WminusH126_2e2mu_mjj_genbin2_recobin2 acc 0.0446 eff 0.3479 outinratio 0.0198 

WplusH126_2e2mu_mjj_genbin2_recobin2 acc 0.0449 eff 0.3481 outinratio 0.0095 

ZH126_2e2mu_mjj_genbin2_recobin2 acc 0.0687 eff 0.3483 outinratio 0.022 

ttH126_2e2mu_mjj_genbin2_recobin2 acc 0.1979 eff 0.2716 outinratio 0.0496 

ggH126_2e2mu_mjj_genbin3_recobin2 acc 0.0137 eff 0.0285 outinratio 0.0053 

VBFH126_2e2mu_mjj_genbin3_recobin2 acc 0.1561 eff 0.0093 outinratio 0.0 

WminusH126_2e2mu_mjj_genbin3_recobin2 acc 0.0283 eff 0.0315 outinratio 0.0198 

WplusH126_2e2mu_mjj_genbin3_recobin2 acc 0.0298 eff 0.0179 outinratio 0.0095 

ZH126_2e2mu_mjj_genbin3_recobin2 acc 0.0325 eff 0.0442 outinratio 0.022 

ttH126_2e2mu_mjj_genbin3_recobin2 acc 0.2113 eff 0.0372 outinratio 0.0496 

ggH126_2e2mu_mjj_genbin0_recobin3 acc 0.3942 eff 0.0026 outinratio 0.0096 

VBFH126_2e2mu_mjj_genbin0_recobin3 acc 0.2917 eff 0.0546 outinratio 0.0029 

WminusH126_2e2mu_mjj_genbin0_recobin3 acc 0.2324 eff 0.0062 outinratio 0.0134 

WplusH126_2e2mu_mjj_genbin0_recobin3 acc 0.2151 eff 0.0075 outinratio 0.0064 

ZH126_2e2mu_mjj_genbin0_recobin3 acc 0.2015 eff 0.0055 outinratio 0.0504 

ttH126_2e2mu_mjj_genbin0_recobin3 acc 0.0127 eff 0.0823 outinratio 0.0415 

ggH126_2e2mu_mjj_genbin1_recobin3 acc 0.0101 eff 0.0077 outinratio 0.0096 

VBFH126_2e2mu_mjj_genbin1_recobin3 acc 0.0104 eff 0.083 outinratio 0.0029 

WminusH126_2e2mu_mjj_genbin1_recobin3 acc 0.0948 eff 0.0077 outinratio 0.0134 

WplusH126_2e2mu_mjj_genbin1_recobin3 acc 0.0844 eff 0.0136 outinratio 0.0064 

ZH126_2e2mu_mjj_genbin1_recobin3 acc 0.0827 eff 0.0088 outinratio 0.0504 

ttH126_2e2mu_mjj_genbin1_recobin3 acc 0.0547 eff 0.0552 outinratio 0.0415 

ggH126_2e2mu_mjj_genbin2_recobin3 acc 0.0186 eff 0.0425 outinratio 0.0096 

VBFH126_2e2mu_mjj_genbin2_recobin3 acc 0.0236 eff 0.0917 outinratio 0.0029 

WminusH126_2e2mu_mjj_genbin2_recobin3 acc 0.0446 eff 0.0285 outinratio 0.0134 

WplusH126_2e2mu_mjj_genbin2_recobin3 acc 0.0449 eff 0.0182 outinratio 0.0064 

ZH126_2e2mu_mjj_genbin2_recobin3 acc 0.0687 eff 0.0276 outinratio 0.0504 

ttH126_2e2mu_mjj_genbin2_recobin3 acc 0.1979 eff 0.0548 outinratio 0.0415 

ggH126_2e2mu_mjj_genbin3_recobin3 acc 0.0137 eff 0.4106 outinratio 0.0096 

VBFH126_2e2mu_mjj_genbin3_recobin3 acc 0.1561 eff 0.4461 outinratio 0.0029 

WminusH126_2e2mu_mjj_genbin3_recobin3 acc 0.0283 eff 0.371 outinratio 0.0134 

WplusH126_2e2mu_mjj_genbin3_recobin3 acc 0.0298 eff 0.3364 outinratio 0.0064 

ZH126_2e2mu_mjj_genbin3_recobin3 acc 0.0325 eff 0.3829 outinratio 0.0504 

ttH126_2e2mu_mjj_genbin3_recobin3 acc 0.2113 eff 0.3938 outinratio 0.0415 

Coeff fullNNLOPS
