Welcome in RunCoefficients!
OPT SPLIT
DEBUG opt.YEAR = 2023preBPix_1
It is a single-differential measurement, binning [-100.0, 30.0, 45.0, 62.0, 10000.0]
pTj2
Following observables extracted from dictionary: RECO =  pTj2  GEN =  GENpTj2
LUMI: 18.06265
ttH126 0.00046886128
Processing ggH126 2023preBPix_1
Signal created
Signal failed created
Processing VBFH126 2023preBPix_1
Signal created
Signal failed created
Processing WminusH126 2023preBPix_1
Signal created
Signal failed created
Processing WplusH126 2023preBPix_1
Signal created
Signal failed created
Processing ZH126 2023preBPix_1
Signal created
Signal failed created
Processing ttH126 2023preBPix_1
Signal created
Signal failed created
2023preBPix_1 SKIMMED df CREATED
2023preBPix_1 ggH126
2023preBPix_1 VBFH126
2023preBPix_1 WminusH126
2023preBPix_1 WplusH126
2023preBPix_1 ZH126
2023preBPix_1 ttH126
Dataframes created successfully
Coeff std
ggH126_4l_pTj2_genbin0_recobin0 acc 0.4021 eff 0.5627 outinratio 0.0077 

VBFH126_4l_pTj2_genbin0_recobin0 acc 0.2908 eff 0.5316 outinratio 0.0072 

WminusH126_4l_pTj2_genbin0_recobin0 acc 0.2401 eff 0.481 outinratio 0.0187 

WplusH126_4l_pTj2_genbin0_recobin0 acc 0.2092 eff 0.4786 outinratio 0.0187 

ZH126_4l_pTj2_genbin0_recobin0 acc 0.2089 eff 0.4874 outinratio 0.0658 

ttH126_4l_pTj2_genbin0_recobin0 acc 0.0157 eff 0.1697 outinratio 0.0878 

ggH126_4l_pTj2_genbin1_recobin0 acc 0.0197 eff 0.1848 outinratio 0.0077 

VBFH126_4l_pTj2_genbin1_recobin0 acc 0.0461 eff 0.1733 outinratio 0.0072 

WminusH126_4l_pTj2_genbin1_recobin0 acc 0.072 eff 0.1375 outinratio 0.0187 

WplusH126_4l_pTj2_genbin1_recobin0 acc 0.0614 eff 0.1308 outinratio 0.0187 

ZH126_4l_pTj2_genbin1_recobin0 acc 0.0734 eff 0.1469 outinratio 0.0658 

ttH126_4l_pTj2_genbin1_recobin0 acc 0.03 eff 0.0606 outinratio 0.0878 

ggH126_4l_pTj2_genbin2_recobin0 acc 0.0112 eff 0.0469 outinratio 0.0077 

VBFH126_4l_pTj2_genbin2_recobin0 acc 0.063 eff 0.1057 outinratio 0.0072 

WminusH126_4l_pTj2_genbin2_recobin0 acc 0.0456 eff 0.0293 outinratio 0.0187 

WplusH126_4l_pTj2_genbin2_recobin0 acc 0.0408 eff 0.0315 outinratio 0.0187 

ZH126_4l_pTj2_genbin2_recobin0 acc 0.0472 eff 0.0434 outinratio 0.0658 

ttH126_4l_pTj2_genbin2_recobin0 acc 0.0726 eff 0.0143 outinratio 0.0878 

ggH126_4l_pTj2_genbin3_recobin0 acc 0.0128 eff 0.0108 outinratio 0.0077 

VBFH126_4l_pTj2_genbin3_recobin0 acc 0.0835 eff 0.0405 outinratio 0.0072 

WminusH126_4l_pTj2_genbin3_recobin0 acc 0.0572 eff 0.0082 outinratio 0.0187 

WplusH126_4l_pTj2_genbin3_recobin0 acc 0.0566 eff 0.0083 outinratio 0.0187 

ZH126_4l_pTj2_genbin3_recobin0 acc 0.0644 eff 0.0109 outinratio 0.0658 

ttH126_4l_pTj2_genbin3_recobin0 acc 0.3708 eff 0.0017 outinratio 0.0878 

ggH126_4l_pTj2_genbin0_recobin1 acc 0.4021 eff 0.0137 outinratio 0.0104 

VBFH126_4l_pTj2_genbin0_recobin1 acc 0.2908 eff 0.0337 outinratio 0.0052 

WminusH126_4l_pTj2_genbin0_recobin1 acc 0.2401 eff 0.0504 outinratio 0.0109 

WplusH126_4l_pTj2_genbin0_recobin1 acc 0.2092 eff 0.049 outinratio 0.0118 

ZH126_4l_pTj2_genbin0_recobin1 acc 0.2089 eff 0.0463 outinratio 0.0421 

ttH126_4l_pTj2_genbin0_recobin1 acc 0.0157 eff 0.0542 outinratio 0.0685 

ggH126_4l_pTj2_genbin1_recobin1 acc 0.0197 eff 0.342 outinratio 0.0104 

VBFH126_4l_pTj2_genbin1_recobin1 acc 0.0461 eff 0.2889 outinratio 0.0052 

WminusH126_4l_pTj2_genbin1_recobin1 acc 0.072 eff 0.3216 outinratio 0.0109 

WplusH126_4l_pTj2_genbin1_recobin1 acc 0.0614 eff 0.3147 outinratio 0.0118 

ZH126_4l_pTj2_genbin1_recobin1 acc 0.0734 eff 0.2994 outinratio 0.0421 

ttH126_4l_pTj2_genbin1_recobin1 acc 0.03 eff 0.1851 outinratio 0.0685 

ggH126_4l_pTj2_genbin2_recobin1 acc 0.0112 eff 0.1413 outinratio 0.0104 

VBFH126_4l_pTj2_genbin2_recobin1 acc 0.063 eff 0.0746 outinratio 0.0052 

WminusH126_4l_pTj2_genbin2_recobin1 acc 0.0456 eff 0.1112 outinratio 0.0109 

WplusH126_4l_pTj2_genbin2_recobin1 acc 0.0408 eff 0.1067 outinratio 0.0118 

ZH126_4l_pTj2_genbin2_recobin1 acc 0.0472 eff 0.1245 outinratio 0.0421 

ttH126_4l_pTj2_genbin2_recobin1 acc 0.0726 eff 0.0726 outinratio 0.0685 

ggH126_4l_pTj2_genbin3_recobin1 acc 0.0128 eff 0.0091 outinratio 0.0104 

VBFH126_4l_pTj2_genbin3_recobin1 acc 0.0835 eff 0.0093 outinratio 0.0052 

WminusH126_4l_pTj2_genbin3_recobin1 acc 0.0572 eff 0.0093 outinratio 0.0109 

WplusH126_4l_pTj2_genbin3_recobin1 acc 0.0566 eff 0.008 outinratio 0.0118 

ZH126_4l_pTj2_genbin3_recobin1 acc 0.0644 eff 0.0071 outinratio 0.0421 

ttH126_4l_pTj2_genbin3_recobin1 acc 0.3708 eff 0.0042 outinratio 0.0685 

ggH126_4l_pTj2_genbin0_recobin2 acc 0.4021 eff 0.0032 outinratio 0.0158 

VBFH126_4l_pTj2_genbin0_recobin2 acc 0.2908 eff 0.0323 outinratio 0.0074 

WminusH126_4l_pTj2_genbin0_recobin2 acc 0.2401 eff 0.0122 outinratio 0.0099 

WplusH126_4l_pTj2_genbin0_recobin2 acc 0.2092 eff 0.0124 outinratio 0.0113 

ZH126_4l_pTj2_genbin0_recobin2 acc 0.2089 eff 0.0104 outinratio 0.0352 

ttH126_4l_pTj2_genbin0_recobin2 acc 0.0157 eff 0.0422 outinratio 0.0467 

ggH126_4l_pTj2_genbin1_recobin2 acc 0.0197 eff 0.0724 outinratio 0.0158 

VBFH126_4l_pTj2_genbin1_recobin2 acc 0.0461 eff 0.139 outinratio 0.0074 

WminusH126_4l_pTj2_genbin1_recobin2 acc 0.072 eff 0.1032 outinratio 0.0099 

WplusH126_4l_pTj2_genbin1_recobin2 acc 0.0614 eff 0.1095 outinratio 0.0113 

ZH126_4l_pTj2_genbin1_recobin2 acc 0.0734 eff 0.1076 outinratio 0.0352 

ttH126_4l_pTj2_genbin1_recobin2 acc 0.03 eff 0.0994 outinratio 0.0467 

ggH126_4l_pTj2_genbin2_recobin2 acc 0.0112 eff 0.3188 outinratio 0.0158 

VBFH126_4l_pTj2_genbin2_recobin2 acc 0.063 eff 0.2822 outinratio 0.0074 

WminusH126_4l_pTj2_genbin2_recobin2 acc 0.0456 eff 0.316 outinratio 0.0099 

WplusH126_4l_pTj2_genbin2_recobin2 acc 0.0408 eff 0.3082 outinratio 0.0113 

ZH126_4l_pTj2_genbin2_recobin2 acc 0.0472 eff 0.2954 outinratio 0.0352 

ttH126_4l_pTj2_genbin2_recobin2 acc 0.0726 eff 0.2085 outinratio 0.0467 

ggH126_4l_pTj2_genbin3_recobin2 acc 0.0128 eff 0.0745 outinratio 0.0158 

VBFH126_4l_pTj2_genbin3_recobin2 acc 0.0835 eff 0.0653 outinratio 0.0074 

WminusH126_4l_pTj2_genbin3_recobin2 acc 0.0572 eff 0.0579 outinratio 0.0099 

WplusH126_4l_pTj2_genbin3_recobin2 acc 0.0566 eff 0.0579 outinratio 0.0113 

ZH126_4l_pTj2_genbin3_recobin2 acc 0.0644 eff 0.0735 outinratio 0.0352 

ttH126_4l_pTj2_genbin3_recobin2 acc 0.3708 eff 0.0277 outinratio 0.0467 

ggH126_4l_pTj2_genbin0_recobin3 acc 0.4021 eff 0.0008 outinratio 0.003 

VBFH126_4l_pTj2_genbin0_recobin3 acc 0.2908 eff 0.009 outinratio 0.0085 

WminusH126_4l_pTj2_genbin0_recobin3 acc 0.2401 eff 0.0062 outinratio 0.0115 

WplusH126_4l_pTj2_genbin0_recobin3 acc 0.2092 eff 0.0059 outinratio 0.0121 

ZH126_4l_pTj2_genbin0_recobin3 acc 0.2089 eff 0.004 outinratio 0.0391 

ttH126_4l_pTj2_genbin0_recobin3 acc 0.0157 eff 0.0836 outinratio 0.0303 

ggH126_4l_pTj2_genbin1_recobin3 acc 0.0197 eff 0.0033 outinratio 0.003 

VBFH126_4l_pTj2_genbin1_recobin3 acc 0.0461 eff 0.0099 outinratio 0.0085 

WminusH126_4l_pTj2_genbin1_recobin3 acc 0.072 eff 0.0102 outinratio 0.0115 

WplusH126_4l_pTj2_genbin1_recobin3 acc 0.0614 eff 0.0112 outinratio 0.0121 

ZH126_4l_pTj2_genbin1_recobin3 acc 0.0734 eff 0.0118 outinratio 0.0391 

ttH126_4l_pTj2_genbin1_recobin3 acc 0.03 eff 0.08 outinratio 0.0303 

ggH126_4l_pTj2_genbin2_recobin3 acc 0.0112 eff 0.1011 outinratio 0.003 

VBFH126_4l_pTj2_genbin2_recobin3 acc 0.063 eff 0.1675 outinratio 0.0085 

WminusH126_4l_pTj2_genbin2_recobin3 acc 0.0456 eff 0.117 outinratio 0.0115 

WplusH126_4l_pTj2_genbin2_recobin3 acc 0.0408 eff 0.122 outinratio 0.0121 

ZH126_4l_pTj2_genbin2_recobin3 acc 0.0472 eff 0.1004 outinratio 0.0391 

ttH126_4l_pTj2_genbin2_recobin3 acc 0.0726 eff 0.1513 outinratio 0.0303 

ggH126_4l_pTj2_genbin3_recobin3 acc 0.0128 eff 0.5206 outinratio 0.003 

VBFH126_4l_pTj2_genbin3_recobin3 acc 0.0835 eff 0.5326 outinratio 0.0085 

WminusH126_4l_pTj2_genbin3_recobin3 acc 0.0572 eff 0.5031 outinratio 0.0115 

WplusH126_4l_pTj2_genbin3_recobin3 acc 0.0566 eff 0.5051 outinratio 0.0121 

ZH126_4l_pTj2_genbin3_recobin3 acc 0.0644 eff 0.5061 outinratio 0.0391 

ttH126_4l_pTj2_genbin3_recobin3 acc 0.3708 eff 0.4231 outinratio 0.0303 

ggH126_4e_pTj2_genbin0_recobin0 acc 0.3847 eff 0.3745 outinratio 0.0087 

VBFH126_4e_pTj2_genbin0_recobin0 acc 0.2757 eff 0.3801 outinratio 0.0102 

WminusH126_4e_pTj2_genbin0_recobin0 acc 0.2333 eff 0.3368 outinratio 0.0286 

WplusH126_4e_pTj2_genbin0_recobin0 acc 0.203 eff 0.3341 outinratio 0.0297 

ZH126_4e_pTj2_genbin0_recobin0 acc 0.196 eff 0.3402 outinratio 0.0822 

ttH126_4e_pTj2_genbin0_recobin0 acc 0.0148 eff 0.0904 outinratio 0.14 

ggH126_4e_pTj2_genbin1_recobin0 acc 0.0192 eff 0.1256 outinratio 0.0087 

VBFH126_4e_pTj2_genbin1_recobin0 acc 0.0453 eff 0.1118 outinratio 0.0102 

WminusH126_4e_pTj2_genbin1_recobin0 acc 0.068 eff 0.0959 outinratio 0.0286 

WplusH126_4e_pTj2_genbin1_recobin0 acc 0.0596 eff 0.0907 outinratio 0.0297 

ZH126_4e_pTj2_genbin1_recobin0 acc 0.0718 eff 0.1122 outinratio 0.0822 

ttH126_4e_pTj2_genbin1_recobin0 acc 0.0281 eff 0.0355 outinratio 0.14 

ggH126_4e_pTj2_genbin2_recobin0 acc 0.0097 eff 0.0493 outinratio 0.0087 

VBFH126_4e_pTj2_genbin2_recobin0 acc 0.0594 eff 0.077 outinratio 0.0102 

WminusH126_4e_pTj2_genbin2_recobin0 acc 0.0447 eff 0.0246 outinratio 0.0286 

WplusH126_4e_pTj2_genbin2_recobin0 acc 0.0393 eff 0.0224 outinratio 0.0297 

ZH126_4e_pTj2_genbin2_recobin0 acc 0.0466 eff 0.0183 outinratio 0.0822 

ttH126_4e_pTj2_genbin2_recobin0 acc 0.0705 eff 0.01 outinratio 0.14 

ggH126_4e_pTj2_genbin3_recobin0 acc 0.0133 eff 0.0138 outinratio 0.0087 

VBFH126_4e_pTj2_genbin3_recobin0 acc 0.0783 eff 0.0229 outinratio 0.0102 

WminusH126_4e_pTj2_genbin3_recobin0 acc 0.0552 eff 0.0057 outinratio 0.0286 

WplusH126_4e_pTj2_genbin3_recobin0 acc 0.0551 eff 0.0064 outinratio 0.0297 

ZH126_4e_pTj2_genbin3_recobin0 acc 0.0616 eff 0.0092 outinratio 0.0822 

ttH126_4e_pTj2_genbin3_recobin0 acc 0.3508 eff 0.0002 outinratio 0.14 

ggH126_4e_pTj2_genbin0_recobin1 acc 0.3847 eff 0.0081 outinratio 0.021 

VBFH126_4e_pTj2_genbin0_recobin1 acc 0.2757 eff 0.0213 outinratio 0.0076 

WminusH126_4e_pTj2_genbin0_recobin1 acc 0.2333 eff 0.0352 outinratio 0.019 

WplusH126_4e_pTj2_genbin0_recobin1 acc 0.203 eff 0.0336 outinratio 0.0171 

ZH126_4e_pTj2_genbin0_recobin1 acc 0.196 eff 0.0323 outinratio 0.0344 

ttH126_4e_pTj2_genbin0_recobin1 acc 0.0148 eff 0.0489 outinratio 0.0795 

ggH126_4e_pTj2_genbin1_recobin1 acc 0.0192 eff 0.247 outinratio 0.021 

VBFH126_4e_pTj2_genbin1_recobin1 acc 0.0453 eff 0.2054 outinratio 0.0076 

WminusH126_4e_pTj2_genbin1_recobin1 acc 0.068 eff 0.2229 outinratio 0.019 

WplusH126_4e_pTj2_genbin1_recobin1 acc 0.0596 eff 0.2133 outinratio 0.0171 

ZH126_4e_pTj2_genbin1_recobin1 acc 0.0718 eff 0.1746 outinratio 0.0344 

ttH126_4e_pTj2_genbin1_recobin1 acc 0.0281 eff 0.1553 outinratio 0.0795 

ggH126_4e_pTj2_genbin2_recobin1 acc 0.0097 eff 0.0955 outinratio 0.021 

VBFH126_4e_pTj2_genbin2_recobin1 acc 0.0594 eff 0.0575 outinratio 0.0076 

WminusH126_4e_pTj2_genbin2_recobin1 acc 0.0447 eff 0.0735 outinratio 0.019 

WplusH126_4e_pTj2_genbin2_recobin1 acc 0.0393 eff 0.072 outinratio 0.0171 

ZH126_4e_pTj2_genbin2_recobin1 acc 0.0466 eff 0.1048 outinratio 0.0344 

ttH126_4e_pTj2_genbin2_recobin1 acc 0.0705 eff 0.0489 outinratio 0.0795 

ggH126_4e_pTj2_genbin3_recobin1 acc 0.0133 eff 0.0057 outinratio 0.021 

VBFH126_4e_pTj2_genbin3_recobin1 acc 0.0783 eff 0.0069 outinratio 0.0076 

WminusH126_4e_pTj2_genbin3_recobin1 acc 0.0552 eff 0.0072 outinratio 0.019 

WplusH126_4e_pTj2_genbin3_recobin1 acc 0.0551 eff 0.0079 outinratio 0.0171 

ZH126_4e_pTj2_genbin3_recobin1 acc 0.0616 eff 0.0047 outinratio 0.0344 

ttH126_4e_pTj2_genbin3_recobin1 acc 0.3508 eff 0.0025 outinratio 0.0795 

ggH126_4e_pTj2_genbin0_recobin2 acc 0.3847 eff 0.0021 outinratio 0.0 

VBFH126_4e_pTj2_genbin0_recobin2 acc 0.2757 eff 0.0201 outinratio 0.0188 

WminusH126_4e_pTj2_genbin0_recobin2 acc 0.2333 eff 0.0089 outinratio 0.0139 

WplusH126_4e_pTj2_genbin0_recobin2 acc 0.203 eff 0.0091 outinratio 0.0228 

ZH126_4e_pTj2_genbin0_recobin2 acc 0.196 eff 0.007 outinratio 0.0426 

ttH126_4e_pTj2_genbin0_recobin2 acc 0.0148 eff 0.0161 outinratio 0.0709 

ggH126_4e_pTj2_genbin1_recobin2 acc 0.0192 eff 0.0457 outinratio 0.0 

VBFH126_4e_pTj2_genbin1_recobin2 acc 0.0453 eff 0.0993 outinratio 0.0188 

WminusH126_4e_pTj2_genbin1_recobin2 acc 0.068 eff 0.0731 outinratio 0.0139 

WplusH126_4e_pTj2_genbin1_recobin2 acc 0.0596 eff 0.0802 outinratio 0.0228 

ZH126_4e_pTj2_genbin1_recobin2 acc 0.0718 eff 0.0861 outinratio 0.0426 

ttH126_4e_pTj2_genbin1_recobin2 acc 0.0281 eff 0.0721 outinratio 0.0709 

ggH126_4e_pTj2_genbin2_recobin2 acc 0.0097 eff 0.2882 outinratio 0.0 

VBFH126_4e_pTj2_genbin2_recobin2 acc 0.0594 eff 0.2002 outinratio 0.0188 

WminusH126_4e_pTj2_genbin2_recobin2 acc 0.0447 eff 0.228 outinratio 0.0139 

WplusH126_4e_pTj2_genbin2_recobin2 acc 0.0393 eff 0.2244 outinratio 0.0228 

ZH126_4e_pTj2_genbin2_recobin2 acc 0.0466 eff 0.2101 outinratio 0.0426 

ttH126_4e_pTj2_genbin2_recobin2 acc 0.0705 eff 0.1447 outinratio 0.0709 

ggH126_4e_pTj2_genbin3_recobin2 acc 0.0133 eff 0.0387 outinratio 0.0 

VBFH126_4e_pTj2_genbin3_recobin2 acc 0.0783 eff 0.0486 outinratio 0.0188 

WminusH126_4e_pTj2_genbin3_recobin2 acc 0.0552 eff 0.0461 outinratio 0.0139 

WplusH126_4e_pTj2_genbin3_recobin2 acc 0.0551 eff 0.0493 outinratio 0.0228 

ZH126_4e_pTj2_genbin3_recobin2 acc 0.0616 eff 0.0506 outinratio 0.0426 

ttH126_4e_pTj2_genbin3_recobin2 acc 0.3508 eff 0.0242 outinratio 0.0709 

ggH126_4e_pTj2_genbin0_recobin3 acc 0.3847 eff 0.0007 outinratio 0.007 

VBFH126_4e_pTj2_genbin0_recobin3 acc 0.2757 eff 0.0071 outinratio 0.0183 

WminusH126_4e_pTj2_genbin0_recobin3 acc 0.2333 eff 0.0045 outinratio 0.0165 

WplusH126_4e_pTj2_genbin0_recobin3 acc 0.203 eff 0.0053 outinratio 0.0164 

ZH126_4e_pTj2_genbin0_recobin3 acc 0.196 eff 0.0029 outinratio 0.0399 

ttH126_4e_pTj2_genbin0_recobin3 acc 0.0148 eff 0.0595 outinratio 0.0435 

ggH126_4e_pTj2_genbin1_recobin3 acc 0.0192 eff 0.0026 outinratio 0.007 

VBFH126_4e_pTj2_genbin1_recobin3 acc 0.0453 eff 0.0051 outinratio 0.0183 

WminusH126_4e_pTj2_genbin1_recobin3 acc 0.068 eff 0.0071 outinratio 0.0165 

WplusH126_4e_pTj2_genbin1_recobin3 acc 0.0596 eff 0.0081 outinratio 0.0164 

ZH126_4e_pTj2_genbin1_recobin3 acc 0.0718 eff 0.0112 outinratio 0.0399 

ttH126_4e_pTj2_genbin1_recobin3 acc 0.0281 eff 0.0695 outinratio 0.0435 

ggH126_4e_pTj2_genbin2_recobin3 acc 0.0097 eff 0.0617 outinratio 0.007 

VBFH126_4e_pTj2_genbin2_recobin3 acc 0.0594 eff 0.11 outinratio 0.0183 

WminusH126_4e_pTj2_genbin2_recobin3 acc 0.0447 eff 0.0912 outinratio 0.0165 

WplusH126_4e_pTj2_genbin2_recobin3 acc 0.0393 eff 0.0854 outinratio 0.0164 

ZH126_4e_pTj2_genbin2_recobin3 acc 0.0466 eff 0.059 outinratio 0.0399 

ttH126_4e_pTj2_genbin2_recobin3 acc 0.0705 eff 0.1084 outinratio 0.0435 

ggH126_4e_pTj2_genbin3_recobin3 acc 0.0133 eff 0.4133 outinratio 0.007 

VBFH126_4e_pTj2_genbin3_recobin3 acc 0.0783 eff 0.4041 outinratio 0.0183 

WminusH126_4e_pTj2_genbin3_recobin3 acc 0.0552 eff 0.3747 outinratio 0.0165 

WplusH126_4e_pTj2_genbin3_recobin3 acc 0.0551 eff 0.3639 outinratio 0.0164 

ZH126_4e_pTj2_genbin3_recobin3 acc 0.0616 eff 0.3434 outinratio 0.0399 

ttH126_4e_pTj2_genbin3_recobin3 acc 0.3508 eff 0.3176 outinratio 0.0435 

ggH126_4mu_pTj2_genbin0_recobin0 acc 0.4306 eff 0.7584 outinratio 0.005 

VBFH126_4mu_pTj2_genbin0_recobin0 acc 0.3126 eff 0.6985 outinratio 0.005 

WminusH126_4mu_pTj2_genbin0_recobin0 acc 0.2548 eff 0.6398 outinratio 0.0106 

WplusH126_4mu_pTj2_genbin0_recobin0 acc 0.2219 eff 0.6412 outinratio 0.0105 

ZH126_4mu_pTj2_genbin0_recobin0 acc 0.2237 eff 0.6563 outinratio 0.0557 

ttH126_4mu_pTj2_genbin0_recobin0 acc 0.0163 eff 0.2566 outinratio 0.0202 

ggH126_4mu_pTj2_genbin1_recobin0 acc 0.0214 eff 0.265 outinratio 0.005 

VBFH126_4mu_pTj2_genbin1_recobin0 acc 0.0477 eff 0.2321 outinratio 0.005 

WminusH126_4mu_pTj2_genbin1_recobin0 acc 0.0756 eff 0.1861 outinratio 0.0106 

WplusH126_4mu_pTj2_genbin1_recobin0 acc 0.0643 eff 0.176 outinratio 0.0105 

ZH126_4mu_pTj2_genbin1_recobin0 acc 0.0763 eff 0.1742 outinratio 0.0557 

ttH126_4mu_pTj2_genbin1_recobin0 acc 0.0322 eff 0.0715 outinratio 0.0202 

ggH126_4mu_pTj2_genbin2_recobin0 acc 0.0113 eff 0.0401 outinratio 0.005 

VBFH126_4mu_pTj2_genbin2_recobin0 acc 0.068 eff 0.129 outinratio 0.005 

WminusH126_4mu_pTj2_genbin2_recobin0 acc 0.0487 eff 0.0417 outinratio 0.0106 

WplusH126_4mu_pTj2_genbin2_recobin0 acc 0.0435 eff 0.0434 outinratio 0.0105 

ZH126_4mu_pTj2_genbin2_recobin0 acc 0.0502 eff 0.0751 outinratio 0.0557 

ttH126_4mu_pTj2_genbin2_recobin0 acc 0.0788 eff 0.0125 outinratio 0.0202 

ggH126_4mu_pTj2_genbin3_recobin0 acc 0.0136 eff 0.016 outinratio 0.005 

VBFH126_4mu_pTj2_genbin3_recobin0 acc 0.091 eff 0.0557 outinratio 0.005 

WminusH126_4mu_pTj2_genbin3_recobin0 acc 0.0608 eff 0.0121 outinratio 0.0106 

WplusH126_4mu_pTj2_genbin3_recobin0 acc 0.059 eff 0.0119 outinratio 0.0105 

ZH126_4mu_pTj2_genbin3_recobin0 acc 0.0631 eff 0.0145 outinratio 0.0557 

ttH126_4mu_pTj2_genbin3_recobin0 acc 0.4009 eff 0.0035 outinratio 0.0202 

ggH126_4mu_pTj2_genbin0_recobin1 acc 0.4306 eff 0.0185 outinratio 0.0058 

VBFH126_4mu_pTj2_genbin0_recobin1 acc 0.3126 eff 0.0468 outinratio 0.0028 

WminusH126_4mu_pTj2_genbin0_recobin1 acc 0.2548 eff 0.0669 outinratio 0.0053 

WplusH126_4mu_pTj2_genbin0_recobin1 acc 0.2219 eff 0.0633 outinratio 0.0093 

ZH126_4mu_pTj2_genbin0_recobin1 acc 0.2237 eff 0.0615 outinratio 0.0406 

ttH126_4mu_pTj2_genbin0_recobin1 acc 0.0163 eff 0.0708 outinratio 0.076 

ggH126_4mu_pTj2_genbin1_recobin1 acc 0.0214 eff 0.4288 outinratio 0.0058 

VBFH126_4mu_pTj2_genbin1_recobin1 acc 0.0477 eff 0.4023 outinratio 0.0028 

WminusH126_4mu_pTj2_genbin1_recobin1 acc 0.0756 eff 0.425 outinratio 0.0053 

WplusH126_4mu_pTj2_genbin1_recobin1 acc 0.0643 eff 0.4207 outinratio 0.0093 

ZH126_4mu_pTj2_genbin1_recobin1 acc 0.0763 eff 0.4279 outinratio 0.0406 

ttH126_4mu_pTj2_genbin1_recobin1 acc 0.0322 eff 0.231 outinratio 0.076 

ggH126_4mu_pTj2_genbin2_recobin1 acc 0.0113 eff 0.2179 outinratio 0.0058 

VBFH126_4mu_pTj2_genbin2_recobin1 acc 0.068 eff 0.0984 outinratio 0.0028 

WminusH126_4mu_pTj2_genbin2_recobin1 acc 0.0487 eff 0.1453 outinratio 0.0053 

WplusH126_4mu_pTj2_genbin2_recobin1 acc 0.0435 eff 0.1387 outinratio 0.0093 

ZH126_4mu_pTj2_genbin2_recobin1 acc 0.0502 eff 0.1539 outinratio 0.0406 

ttH126_4mu_pTj2_genbin2_recobin1 acc 0.0788 eff 0.0995 outinratio 0.076 

ggH126_4mu_pTj2_genbin3_recobin1 acc 0.0136 eff 0.0115 outinratio 0.0058 

VBFH126_4mu_pTj2_genbin3_recobin1 acc 0.091 eff 0.0139 outinratio 0.0028 

WminusH126_4mu_pTj2_genbin3_recobin1 acc 0.0608 eff 0.0127 outinratio 0.0053 

WplusH126_4mu_pTj2_genbin3_recobin1 acc 0.059 eff 0.0087 outinratio 0.0093 

ZH126_4mu_pTj2_genbin3_recobin1 acc 0.0631 eff 0.0114 outinratio 0.0406 

ttH126_4mu_pTj2_genbin3_recobin1 acc 0.4009 eff 0.0074 outinratio 0.076 

ggH126_4mu_pTj2_genbin0_recobin2 acc 0.4306 eff 0.0048 outinratio 0.018 

VBFH126_4mu_pTj2_genbin0_recobin2 acc 0.3126 eff 0.0434 outinratio 0.0051 

WminusH126_4mu_pTj2_genbin0_recobin2 acc 0.2548 eff 0.0158 outinratio 0.0049 

WplusH126_4mu_pTj2_genbin0_recobin2 acc 0.2219 eff 0.0165 outinratio 0.0083 

ZH126_4mu_pTj2_genbin0_recobin2 acc 0.2237 eff 0.014 outinratio 0.0383 

ttH126_4mu_pTj2_genbin0_recobin2 acc 0.0163 eff 0.0619 outinratio 0.0516 

ggH126_4mu_pTj2_genbin1_recobin2 acc 0.0214 eff 0.1007 outinratio 0.018 

VBFH126_4mu_pTj2_genbin1_recobin2 acc 0.0477 eff 0.1826 outinratio 0.0051 

WminusH126_4mu_pTj2_genbin1_recobin2 acc 0.0756 eff 0.137 outinratio 0.0049 

WplusH126_4mu_pTj2_genbin1_recobin2 acc 0.0643 eff 0.1472 outinratio 0.0083 

ZH126_4mu_pTj2_genbin1_recobin2 acc 0.0763 eff 0.1467 outinratio 0.0383 

ttH126_4mu_pTj2_genbin1_recobin2 acc 0.0322 eff 0.1522 outinratio 0.0516 

ggH126_4mu_pTj2_genbin2_recobin2 acc 0.0113 eff 0.4102 outinratio 0.018 

VBFH126_4mu_pTj2_genbin2_recobin2 acc 0.068 eff 0.3795 outinratio 0.0051 

WminusH126_4mu_pTj2_genbin2_recobin2 acc 0.0487 eff 0.4156 outinratio 0.0049 

WplusH126_4mu_pTj2_genbin2_recobin2 acc 0.0435 eff 0.3987 outinratio 0.0083 

ZH126_4mu_pTj2_genbin2_recobin2 acc 0.0502 eff 0.3842 outinratio 0.0383 

ttH126_4mu_pTj2_genbin2_recobin2 acc 0.0788 eff 0.2772 outinratio 0.0516 

ggH126_4mu_pTj2_genbin3_recobin2 acc 0.0136 eff 0.0796 outinratio 0.018 

VBFH126_4mu_pTj2_genbin3_recobin2 acc 0.091 eff 0.0807 outinratio 0.0051 

WminusH126_4mu_pTj2_genbin3_recobin2 acc 0.0608 eff 0.0788 outinratio 0.0049 

WplusH126_4mu_pTj2_genbin3_recobin2 acc 0.059 eff 0.0696 outinratio 0.0083 

ZH126_4mu_pTj2_genbin3_recobin2 acc 0.0631 eff 0.0849 outinratio 0.0383 

ttH126_4mu_pTj2_genbin3_recobin2 acc 0.4009 eff 0.0336 outinratio 0.0516 

ggH126_4mu_pTj2_genbin0_recobin3 acc 0.4306 eff 0.0012 outinratio 0.0 

VBFH126_4mu_pTj2_genbin0_recobin3 acc 0.3126 eff 0.0116 outinratio 0.0039 

WminusH126_4mu_pTj2_genbin0_recobin3 acc 0.2548 eff 0.0074 outinratio 0.0098 

WplusH126_4mu_pTj2_genbin0_recobin3 acc 0.2219 eff 0.0072 outinratio 0.0111 

ZH126_4mu_pTj2_genbin0_recobin3 acc 0.2237 eff 0.0063 outinratio 0.04 

ttH126_4mu_pTj2_genbin0_recobin3 acc 0.0163 eff 0.0848 outinratio 0.0203 

ggH126_4mu_pTj2_genbin1_recobin3 acc 0.0214 eff 0.0067 outinratio 0.0 

VBFH126_4mu_pTj2_genbin1_recobin3 acc 0.0477 eff 0.0091 outinratio 0.0039 

WminusH126_4mu_pTj2_genbin1_recobin3 acc 0.0756 eff 0.0113 outinratio 0.0098 

WplusH126_4mu_pTj2_genbin1_recobin3 acc 0.0643 eff 0.0122 outinratio 0.0111 

ZH126_4mu_pTj2_genbin1_recobin3 acc 0.0763 eff 0.0195 outinratio 0.04 

ttH126_4mu_pTj2_genbin1_recobin3 acc 0.0322 eff 0.0865 outinratio 0.0203 

ggH126_4mu_pTj2_genbin2_recobin3 acc 0.0113 eff 0.1438 outinratio 0.0 

VBFH126_4mu_pTj2_genbin2_recobin3 acc 0.068 eff 0.2321 outinratio 0.0039 

WminusH126_4mu_pTj2_genbin2_recobin3 acc 0.0487 eff 0.1594 outinratio 0.0098 

WplusH126_4mu_pTj2_genbin2_recobin3 acc 0.0435 eff 0.1619 outinratio 0.0111 

ZH126_4mu_pTj2_genbin2_recobin3 acc 0.0502 eff 0.1353 outinratio 0.04 

ttH126_4mu_pTj2_genbin2_recobin3 acc 0.0788 eff 0.1956 outinratio 0.0203 

ggH126_4mu_pTj2_genbin3_recobin3 acc 0.0136 eff 0.6302 outinratio 0.0 

VBFH126_4mu_pTj2_genbin3_recobin3 acc 0.091 eff 0.6688 outinratio 0.0039 

WminusH126_4mu_pTj2_genbin3_recobin3 acc 0.0608 eff 0.6466 outinratio 0.0098 

WplusH126_4mu_pTj2_genbin3_recobin3 acc 0.059 eff 0.6503 outinratio 0.0111 

ZH126_4mu_pTj2_genbin3_recobin3 acc 0.0631 eff 0.6761 outinratio 0.04 

ttH126_4mu_pTj2_genbin3_recobin3 acc 0.4009 eff 0.5225 outinratio 0.0203 

ggH126_2e2mu_pTj2_genbin0_recobin0 acc 0.3961 eff 0.5462 outinratio 0.0096 

VBFH126_2e2mu_pTj2_genbin0_recobin0 acc 0.287 eff 0.5101 outinratio 0.0078 

WminusH126_2e2mu_pTj2_genbin0_recobin0 acc 0.2359 eff 0.4656 outinratio 0.0215 

WplusH126_2e2mu_pTj2_genbin0_recobin0 acc 0.2056 eff 0.461 outinratio 0.0211 

ZH126_2e2mu_pTj2_genbin0_recobin0 acc 0.2077 eff 0.4636 outinratio 0.068 

ttH126_2e2mu_pTj2_genbin0_recobin0 acc 0.0158 eff 0.1616 outinratio 0.1254 

ggH126_2e2mu_pTj2_genbin1_recobin0 acc 0.0192 eff 0.168 outinratio 0.0096 

VBFH126_2e2mu_pTj2_genbin1_recobin0 acc 0.0457 eff 0.1726 outinratio 0.0078 

WminusH126_2e2mu_pTj2_genbin1_recobin0 acc 0.0723 eff 0.1311 outinratio 0.0215 

WplusH126_2e2mu_pTj2_genbin1_recobin0 acc 0.0608 eff 0.1262 outinratio 0.0211 

ZH126_2e2mu_pTj2_genbin1_recobin0 acc 0.0727 eff 0.1498 outinratio 0.068 

ttH126_2e2mu_pTj2_genbin1_recobin0 acc 0.0299 eff 0.0671 outinratio 0.1254 

ggH126_2e2mu_pTj2_genbin2_recobin0 acc 0.0119 eff 0.0494 outinratio 0.0096 

VBFH126_2e2mu_pTj2_genbin2_recobin0 acc 0.0622 eff 0.1065 outinratio 0.0078 

WminusH126_2e2mu_pTj2_genbin2_recobin0 acc 0.0443 eff 0.0245 outinratio 0.0215 

WplusH126_2e2mu_pTj2_genbin2_recobin0 acc 0.0402 eff 0.0293 outinratio 0.0211 

ZH126_2e2mu_pTj2_genbin2_recobin0 acc 0.0458 eff 0.0383 outinratio 0.068 

ttH126_2e2mu_pTj2_genbin2_recobin0 acc 0.0703 eff 0.0178 outinratio 0.1254 

ggH126_2e2mu_pTj2_genbin3_recobin0 acc 0.012 eff 0.0057 outinratio 0.0096 

VBFH126_2e2mu_pTj2_genbin3_recobin0 acc 0.0822 eff 0.0404 outinratio 0.0078 

WminusH126_2e2mu_pTj2_genbin3_recobin0 acc 0.0563 eff 0.0073 outinratio 0.0215 

WplusH126_2e2mu_pTj2_genbin3_recobin0 acc 0.0561 eff 0.0072 outinratio 0.0211 

ZH126_2e2mu_pTj2_genbin3_recobin0 acc 0.0666 eff 0.0099 outinratio 0.068 

ttH126_2e2mu_pTj2_genbin3_recobin0 acc 0.3654 eff 0.0014 outinratio 0.1254 

ggH126_2e2mu_pTj2_genbin0_recobin1 acc 0.3961 eff 0.0139 outinratio 0.0102 

VBFH126_2e2mu_pTj2_genbin0_recobin1 acc 0.287 eff 0.0323 outinratio 0.0063 

WminusH126_2e2mu_pTj2_genbin0_recobin1 acc 0.2359 eff 0.0489 outinratio 0.0123 

WplusH126_2e2mu_pTj2_genbin0_recobin1 acc 0.2056 eff 0.049 outinratio 0.0117 

ZH126_2e2mu_pTj2_genbin0_recobin1 acc 0.2077 eff 0.0446 outinratio 0.0461 

ttH126_2e2mu_pTj2_genbin0_recobin1 acc 0.0158 eff 0.0476 outinratio 0.0572 

ggH126_2e2mu_pTj2_genbin1_recobin1 acc 0.0192 eff 0.3408 outinratio 0.0102 

VBFH126_2e2mu_pTj2_genbin1_recobin1 acc 0.0457 eff 0.2684 outinratio 0.0063 

WminusH126_2e2mu_pTj2_genbin1_recobin1 acc 0.0723 eff 0.3135 outinratio 0.0123 

WplusH126_2e2mu_pTj2_genbin1_recobin1 acc 0.0608 eff 0.3081 outinratio 0.0117 

ZH126_2e2mu_pTj2_genbin1_recobin1 acc 0.0727 eff 0.2926 outinratio 0.0461 

ttH126_2e2mu_pTj2_genbin1_recobin1 acc 0.0299 eff 0.1736 outinratio 0.0572 

ggH126_2e2mu_pTj2_genbin2_recobin1 acc 0.0119 eff 0.1219 outinratio 0.0102 

VBFH126_2e2mu_pTj2_genbin2_recobin1 acc 0.0622 eff 0.0689 outinratio 0.0063 

WminusH126_2e2mu_pTj2_genbin2_recobin1 acc 0.0443 eff 0.1115 outinratio 0.0123 

WplusH126_2e2mu_pTj2_genbin2_recobin1 acc 0.0402 eff 0.1063 outinratio 0.0117 

ZH126_2e2mu_pTj2_genbin2_recobin1 acc 0.0458 eff 0.1178 outinratio 0.0461 

ttH126_2e2mu_pTj2_genbin2_recobin1 acc 0.0703 eff 0.0693 outinratio 0.0572 

ggH126_2e2mu_pTj2_genbin3_recobin1 acc 0.012 eff 0.0096 outinratio 0.0102 

VBFH126_2e2mu_pTj2_genbin3_recobin1 acc 0.0822 eff 0.0076 outinratio 0.0063 

WminusH126_2e2mu_pTj2_genbin3_recobin1 acc 0.0563 eff 0.0084 outinratio 0.0123 

WplusH126_2e2mu_pTj2_genbin3_recobin1 acc 0.0561 eff 0.0077 outinratio 0.0117 

ZH126_2e2mu_pTj2_genbin3_recobin1 acc 0.0666 eff 0.0061 outinratio 0.0461 

ttH126_2e2mu_pTj2_genbin3_recobin1 acc 0.3654 eff 0.0031 outinratio 0.0572 

ggH126_2e2mu_pTj2_genbin0_recobin2 acc 0.3961 eff 0.003 outinratio 0.0202 

VBFH126_2e2mu_pTj2_genbin0_recobin2 acc 0.287 eff 0.032 outinratio 0.005 

WminusH126_2e2mu_pTj2_genbin0_recobin2 acc 0.2359 eff 0.012 outinratio 0.0123 

WplusH126_2e2mu_pTj2_genbin0_recobin2 acc 0.2056 eff 0.0118 outinratio 0.009 

ZH126_2e2mu_pTj2_genbin0_recobin2 acc 0.2077 eff 0.0101 outinratio 0.0298 

ttH126_2e2mu_pTj2_genbin0_recobin2 acc 0.0158 eff 0.0445 outinratio 0.0323 

ggH126_2e2mu_pTj2_genbin1_recobin2 acc 0.0192 eff 0.0697 outinratio 0.0202 

VBFH126_2e2mu_pTj2_genbin1_recobin2 acc 0.0457 eff 0.1352 outinratio 0.005 

WminusH126_2e2mu_pTj2_genbin1_recobin2 acc 0.0723 eff 0.0994 outinratio 0.0123 

WplusH126_2e2mu_pTj2_genbin1_recobin2 acc 0.0608 eff 0.1036 outinratio 0.009 

ZH126_2e2mu_pTj2_genbin1_recobin2 acc 0.0727 eff 0.0966 outinratio 0.0298 

ttH126_2e2mu_pTj2_genbin1_recobin2 acc 0.0299 eff 0.0826 outinratio 0.0323 

ggH126_2e2mu_pTj2_genbin2_recobin2 acc 0.0119 eff 0.2849 outinratio 0.0202 

VBFH126_2e2mu_pTj2_genbin2_recobin2 acc 0.0622 eff 0.266 outinratio 0.005 

WminusH126_2e2mu_pTj2_genbin2_recobin2 acc 0.0443 eff 0.305 outinratio 0.0123 

WplusH126_2e2mu_pTj2_genbin2_recobin2 acc 0.0402 eff 0.2997 outinratio 0.009 

ZH126_2e2mu_pTj2_genbin2_recobin2 acc 0.0458 eff 0.2892 outinratio 0.0298 

ttH126_2e2mu_pTj2_genbin2_recobin2 acc 0.0703 eff 0.2017 outinratio 0.0323 

ggH126_2e2mu_pTj2_genbin3_recobin2 acc 0.012 eff 0.093 outinratio 0.0202 

VBFH126_2e2mu_pTj2_genbin3_recobin2 acc 0.0822 eff 0.0644 outinratio 0.005 

WminusH126_2e2mu_pTj2_genbin3_recobin2 acc 0.0563 eff 0.052 outinratio 0.0123 

WplusH126_2e2mu_pTj2_genbin3_recobin2 acc 0.0561 eff 0.0557 outinratio 0.009 

ZH126_2e2mu_pTj2_genbin3_recobin2 acc 0.0666 eff 0.0791 outinratio 0.0298 

ttH126_2e2mu_pTj2_genbin3_recobin2 acc 0.3654 eff 0.0259 outinratio 0.0323 

ggH126_2e2mu_pTj2_genbin0_recobin3 acc 0.3961 eff 0.0007 outinratio 0.0035 

VBFH126_2e2mu_pTj2_genbin0_recobin3 acc 0.287 eff 0.0084 outinratio 0.0084 

WminusH126_2e2mu_pTj2_genbin0_recobin3 acc 0.2359 eff 0.0063 outinratio 0.0107 

WplusH126_2e2mu_pTj2_genbin0_recobin3 acc 0.2056 eff 0.0054 outinratio 0.0112 

ZH126_2e2mu_pTj2_genbin0_recobin3 acc 0.2077 eff 0.0033 outinratio 0.0381 

ttH126_2e2mu_pTj2_genbin0_recobin3 acc 0.0158 eff 0.0952 outinratio 0.0325 

ggH126_2e2mu_pTj2_genbin1_recobin3 acc 0.0192 eff 0.0015 outinratio 0.0035 

VBFH126_2e2mu_pTj2_genbin1_recobin3 acc 0.0457 eff 0.0131 outinratio 0.0084 

WminusH126_2e2mu_pTj2_genbin1_recobin3 acc 0.0723 eff 0.0111 outinratio 0.0107 

WplusH126_2e2mu_pTj2_genbin1_recobin3 acc 0.0608 eff 0.0124 outinratio 0.0112 

ZH126_2e2mu_pTj2_genbin1_recobin3 acc 0.0727 eff 0.0077 outinratio 0.0381 

ttH126_2e2mu_pTj2_genbin1_recobin3 acc 0.0299 eff 0.0815 outinratio 0.0325 

ggH126_2e2mu_pTj2_genbin2_recobin3 acc 0.0119 eff 0.0964 outinratio 0.0035 

VBFH126_2e2mu_pTj2_genbin2_recobin3 acc 0.0622 eff 0.1583 outinratio 0.0084 

WminusH126_2e2mu_pTj2_genbin2_recobin3 acc 0.0443 eff 0.1058 outinratio 0.0107 

WplusH126_2e2mu_pTj2_genbin2_recobin3 acc 0.0402 eff 0.118 outinratio 0.0112 

ZH126_2e2mu_pTj2_genbin2_recobin3 acc 0.0458 eff 0.1023 outinratio 0.0381 

ttH126_2e2mu_pTj2_genbin2_recobin3 acc 0.0703 eff 0.1478 outinratio 0.0325 

ggH126_2e2mu_pTj2_genbin3_recobin3 acc 0.012 eff 0.5176 outinratio 0.0035 

VBFH126_2e2mu_pTj2_genbin3_recobin3 acc 0.0822 eff 0.5157 outinratio 0.0084 

WminusH126_2e2mu_pTj2_genbin3_recobin3 acc 0.0563 eff 0.4876 outinratio 0.0107 

WplusH126_2e2mu_pTj2_genbin3_recobin3 acc 0.0561 eff 0.4978 outinratio 0.0112 

ZH126_2e2mu_pTj2_genbin3_recobin3 acc 0.0666 eff 0.4997 outinratio 0.0381 

ttH126_2e2mu_pTj2_genbin3_recobin3 acc 0.3654 eff 0.4192 outinratio 0.0325 

Coeff fullNNLOPS
