Welcome in RunCoefficients!
OPT SPLIT
DEBUG opt.YEAR = 2022EE_2
It is a single-differential measurement, binning [-100.0, 0.0, 25.0, 75.0, 10000.0]
pTHjj
Following observables extracted from dictionary: RECO =  pTHjj  GEN =  GENpTHjj
LUMI: 4.4454666666666665
ttH126 0.00016778591
Processing ggH126 2022EE_2
Signal created
Signal failed created
Processing VBFH126 2022EE_2
Signal created
Signal failed created
Processing WminusH126 2022EE_2
Signal created
Signal failed created
Processing WplusH126 2022EE_2
Signal created
Signal failed created
Processing ZH126 2022EE_2
Signal created
Signal failed created
Processing ttH126 2022EE_2
Signal created
Signal failed created
2022EE_2 SKIMMED df CREATED
2022EE_2 ggH126
2022EE_2 VBFH126
2022EE_2 WminusH126
2022EE_2 WplusH126
2022EE_2 ZH126
2022EE_2 ttH126
Dataframes created successfully
Coeff std
ggH126_4l_pTHjj_genbin0_recobin0 acc 0.4033 eff 0.4764 outinratio 0.0076 

VBFH126_4l_pTHjj_genbin0_recobin0 acc 0.2861 eff 0.4659 outinratio 0.0047 

WminusH126_4l_pTHjj_genbin0_recobin0 acc 0.2345 eff 0.4035 outinratio 0.0208 

WplusH126_4l_pTHjj_genbin0_recobin0 acc 0.2071 eff 0.4036 outinratio 0.0241 

ZH126_4l_pTHjj_genbin0_recobin0 acc 0.2077 eff 0.4132 outinratio 0.0641 

ttH126_4l_pTHjj_genbin0_recobin0 acc 0.0142 eff 0.1748 outinratio 0.1212 

ggH126_4l_pTHjj_genbin1_recobin0 acc 0.0181 eff 0.1104 outinratio 0.0076 

VBFH126_4l_pTHjj_genbin1_recobin0 acc 0.1293 eff 0.0974 outinratio 0.0047 

WminusH126_4l_pTHjj_genbin1_recobin0 acc 0.0705 eff 0.0911 outinratio 0.0208 

WplusH126_4l_pTHjj_genbin1_recobin0 acc 0.0627 eff 0.0802 outinratio 0.0241 

ZH126_4l_pTHjj_genbin1_recobin0 acc 0.0733 eff 0.0981 outinratio 0.0641 

ttH126_4l_pTHjj_genbin1_recobin0 acc 0.025 eff 0.005 outinratio 0.1212 

ggH126_4l_pTHjj_genbin2_recobin0 acc 0.0218 eff 0.07 outinratio 0.0076 

VBFH126_4l_pTHjj_genbin2_recobin0 acc 0.056 eff 0.0604 outinratio 0.0047 

WminusH126_4l_pTHjj_genbin2_recobin0 acc 0.0768 eff 0.0514 outinratio 0.0208 

WplusH126_4l_pTHjj_genbin2_recobin0 acc 0.0691 eff 0.0511 outinratio 0.0241 

ZH126_4l_pTHjj_genbin2_recobin0 acc 0.0829 eff 0.0599 outinratio 0.0641 

ttH126_4l_pTHjj_genbin2_recobin0 acc 0.1375 eff 0.0082 outinratio 0.1212 

ggH126_4l_pTHjj_genbin3_recobin0 acc 0.0043 eff 0.0135 outinratio 0.0076 

VBFH126_4l_pTHjj_genbin3_recobin0 acc 0.009 eff 0.036 outinratio 0.0047 

WminusH126_4l_pTHjj_genbin3_recobin0 acc 0.0268 eff 0.0212 outinratio 0.0208 

WplusH126_4l_pTHjj_genbin3_recobin0 acc 0.0258 eff 0.0241 outinratio 0.0241 

ZH126_4l_pTHjj_genbin3_recobin0 acc 0.029 eff 0.0232 outinratio 0.0641 

ttH126_4l_pTHjj_genbin3_recobin0 acc 0.3114 eff 0.0048 outinratio 0.1212 

ggH126_4l_pTHjj_genbin0_recobin1 acc 0.4033 eff 0.0059 outinratio 0.006 

VBFH126_4l_pTHjj_genbin0_recobin1 acc 0.2861 eff 0.0251 outinratio 0.0079 

WminusH126_4l_pTHjj_genbin0_recobin1 acc 0.2345 eff 0.0209 outinratio 0.0098 

WplusH126_4l_pTHjj_genbin0_recobin1 acc 0.2071 eff 0.0187 outinratio 0.0088 

ZH126_4l_pTHjj_genbin0_recobin1 acc 0.2077 eff 0.0191 outinratio 0.0209 

ttH126_4l_pTHjj_genbin0_recobin1 acc 0.0142 eff 0.0151 outinratio 0.0465 

ggH126_4l_pTHjj_genbin1_recobin1 acc 0.0181 eff 0.2504 outinratio 0.006 

VBFH126_4l_pTHjj_genbin1_recobin1 acc 0.1293 eff 0.2852 outinratio 0.0079 

WminusH126_4l_pTHjj_genbin1_recobin1 acc 0.0705 eff 0.285 outinratio 0.0098 

WplusH126_4l_pTHjj_genbin1_recobin1 acc 0.0627 eff 0.2687 outinratio 0.0088 

ZH126_4l_pTHjj_genbin1_recobin1 acc 0.0733 eff 0.2734 outinratio 0.0209 

ttH126_4l_pTHjj_genbin1_recobin1 acc 0.025 eff 0.1285 outinratio 0.0465 

ggH126_4l_pTHjj_genbin2_recobin1 acc 0.0218 eff 0.0525 outinratio 0.006 

VBFH126_4l_pTHjj_genbin2_recobin1 acc 0.056 eff 0.0596 outinratio 0.0079 

WminusH126_4l_pTHjj_genbin2_recobin1 acc 0.0768 eff 0.0501 outinratio 0.0098 

WplusH126_4l_pTHjj_genbin2_recobin1 acc 0.0691 eff 0.0434 outinratio 0.0088 

ZH126_4l_pTHjj_genbin2_recobin1 acc 0.0829 eff 0.0512 outinratio 0.0209 

ttH126_4l_pTHjj_genbin2_recobin1 acc 0.1375 eff 0.0254 outinratio 0.0465 

ggH126_4l_pTHjj_genbin3_recobin1 acc 0.0043 eff 0.0018 outinratio 0.006 

VBFH126_4l_pTHjj_genbin3_recobin1 acc 0.009 eff 0.0 outinratio 0.0079 

WminusH126_4l_pTHjj_genbin3_recobin1 acc 0.0268 eff 0.0061 outinratio 0.0098 

WplusH126_4l_pTHjj_genbin3_recobin1 acc 0.0258 eff 0.0044 outinratio 0.0088 

ZH126_4l_pTHjj_genbin3_recobin1 acc 0.029 eff 0.0044 outinratio 0.0209 

ttH126_4l_pTHjj_genbin3_recobin1 acc 0.3114 eff 0.0041 outinratio 0.0465 

ggH126_4l_pTHjj_genbin0_recobin2 acc 0.4033 eff 0.0108 outinratio 0.0047 

VBFH126_4l_pTHjj_genbin0_recobin2 acc 0.2861 eff 0.0409 outinratio 0.0095 

WminusH126_4l_pTHjj_genbin0_recobin2 acc 0.2345 eff 0.0315 outinratio 0.0099 

WplusH126_4l_pTHjj_genbin0_recobin2 acc 0.2071 eff 0.0314 outinratio 0.0119 

ZH126_4l_pTHjj_genbin0_recobin2 acc 0.2077 eff 0.0287 outinratio 0.0262 

ttH126_4l_pTHjj_genbin0_recobin2 acc 0.0142 eff 0.0383 outinratio 0.036 

ggH126_4l_pTHjj_genbin1_recobin2 acc 0.0181 eff 0.1494 outinratio 0.0047 

VBFH126_4l_pTHjj_genbin1_recobin2 acc 0.1293 eff 0.1678 outinratio 0.0095 

WminusH126_4l_pTHjj_genbin1_recobin2 acc 0.0705 eff 0.1409 outinratio 0.0099 

WplusH126_4l_pTHjj_genbin1_recobin2 acc 0.0627 eff 0.1466 outinratio 0.0119 

ZH126_4l_pTHjj_genbin1_recobin2 acc 0.0733 eff 0.1368 outinratio 0.0262 

ttH126_4l_pTHjj_genbin1_recobin2 acc 0.025 eff 0.1737 outinratio 0.036 

ggH126_4l_pTHjj_genbin2_recobin2 acc 0.0218 eff 0.3409 outinratio 0.0047 

VBFH126_4l_pTHjj_genbin2_recobin2 acc 0.056 eff 0.378 outinratio 0.0095 

WminusH126_4l_pTHjj_genbin2_recobin2 acc 0.0768 eff 0.3325 outinratio 0.0099 

WplusH126_4l_pTHjj_genbin2_recobin2 acc 0.0691 eff 0.3254 outinratio 0.0119 

ZH126_4l_pTHjj_genbin2_recobin2 acc 0.0829 eff 0.331 outinratio 0.0262 

ttH126_4l_pTHjj_genbin2_recobin2 acc 0.1375 eff 0.2271 outinratio 0.036 

ggH126_4l_pTHjj_genbin3_recobin2 acc 0.0043 eff 0.1137 outinratio 0.0047 

VBFH126_4l_pTHjj_genbin3_recobin2 acc 0.009 eff 0.0875 outinratio 0.0095 

WminusH126_4l_pTHjj_genbin3_recobin2 acc 0.0268 eff 0.0759 outinratio 0.0099 

WplusH126_4l_pTHjj_genbin3_recobin2 acc 0.0258 eff 0.0607 outinratio 0.0119 

ZH126_4l_pTHjj_genbin3_recobin2 acc 0.029 eff 0.0655 outinratio 0.0262 

ttH126_4l_pTHjj_genbin3_recobin2 acc 0.3114 eff 0.0417 outinratio 0.036 

ggH126_4l_pTHjj_genbin0_recobin3 acc 0.4033 eff 0.0018 outinratio 0.0062 

VBFH126_4l_pTHjj_genbin0_recobin3 acc 0.2861 eff 0.0055 outinratio 0.0 

WminusH126_4l_pTHjj_genbin0_recobin3 acc 0.2345 eff 0.0115 outinratio 0.0226 

WplusH126_4l_pTHjj_genbin0_recobin3 acc 0.2071 eff 0.0109 outinratio 0.0193 

ZH126_4l_pTHjj_genbin0_recobin3 acc 0.2077 eff 0.0086 outinratio 0.063 

ttH126_4l_pTHjj_genbin0_recobin3 acc 0.0142 eff 0.1401 outinratio 0.0496 

ggH126_4l_pTHjj_genbin1_recobin3 acc 0.0181 eff 0.0118 outinratio 0.0062 

VBFH126_4l_pTHjj_genbin1_recobin3 acc 0.1293 eff 0.0161 outinratio 0.0 

WminusH126_4l_pTHjj_genbin1_recobin3 acc 0.0705 eff 0.0095 outinratio 0.0226 

WplusH126_4l_pTHjj_genbin1_recobin3 acc 0.0627 eff 0.0096 outinratio 0.0193 

ZH126_4l_pTHjj_genbin1_recobin3 acc 0.0733 eff 0.0118 outinratio 0.063 

ttH126_4l_pTHjj_genbin1_recobin3 acc 0.025 eff 0.0802 outinratio 0.0496 

ggH126_4l_pTHjj_genbin2_recobin3 acc 0.0218 eff 0.0517 outinratio 0.0062 

VBFH126_4l_pTHjj_genbin2_recobin3 acc 0.056 eff 0.0555 outinratio 0.0 

WminusH126_4l_pTHjj_genbin2_recobin3 acc 0.0768 eff 0.0562 outinratio 0.0226 

WplusH126_4l_pTHjj_genbin2_recobin3 acc 0.0691 eff 0.0515 outinratio 0.0193 

ZH126_4l_pTHjj_genbin2_recobin3 acc 0.0829 eff 0.0476 outinratio 0.063 

ttH126_4l_pTHjj_genbin2_recobin3 acc 0.1375 eff 0.116 outinratio 0.0496 

ggH126_4l_pTHjj_genbin3_recobin3 acc 0.0043 eff 0.4134 outinratio 0.0062 

VBFH126_4l_pTHjj_genbin3_recobin3 acc 0.009 eff 0.4182 outinratio 0.0 

WminusH126_4l_pTHjj_genbin3_recobin3 acc 0.0268 eff 0.3522 outinratio 0.0226 

WplusH126_4l_pTHjj_genbin3_recobin3 acc 0.0258 eff 0.3561 outinratio 0.0193 

ZH126_4l_pTHjj_genbin3_recobin3 acc 0.029 eff 0.3457 outinratio 0.063 

ttH126_4l_pTHjj_genbin3_recobin3 acc 0.3114 eff 0.3495 outinratio 0.0496 

ggH126_4e_pTHjj_genbin0_recobin0 acc 0.3888 eff 0.3072 outinratio 0.0109 

VBFH126_4e_pTHjj_genbin0_recobin0 acc 0.2797 eff 0.3599 outinratio 0.012 

WminusH126_4e_pTHjj_genbin0_recobin0 acc 0.2271 eff 0.2692 outinratio 0.023 

WplusH126_4e_pTHjj_genbin0_recobin0 acc 0.2021 eff 0.279 outinratio 0.0321 

ZH126_4e_pTHjj_genbin0_recobin0 acc 0.2054 eff 0.2766 outinratio 0.0641 

ttH126_4e_pTHjj_genbin0_recobin0 acc 0.0131 eff 0.1261 outinratio 0.2429 

ggH126_4e_pTHjj_genbin1_recobin0 acc 0.0172 eff 0.0723 outinratio 0.0109 

VBFH126_4e_pTHjj_genbin1_recobin0 acc 0.1192 eff 0.067 outinratio 0.012 

WminusH126_4e_pTHjj_genbin1_recobin0 acc 0.0686 eff 0.0685 outinratio 0.023 

WplusH126_4e_pTHjj_genbin1_recobin0 acc 0.062 eff 0.0538 outinratio 0.0321 

ZH126_4e_pTHjj_genbin1_recobin0 acc 0.0704 eff 0.0627 outinratio 0.0641 

ttH126_4e_pTHjj_genbin1_recobin0 acc 0.0238 eff 0.0151 outinratio 0.2429 

ggH126_4e_pTHjj_genbin2_recobin0 acc 0.0205 eff 0.0424 outinratio 0.0109 

VBFH126_4e_pTHjj_genbin2_recobin0 acc 0.0563 eff 0.0567 outinratio 0.012 

WminusH126_4e_pTHjj_genbin2_recobin0 acc 0.0708 eff 0.0376 outinratio 0.023 

WplusH126_4e_pTHjj_genbin2_recobin0 acc 0.0664 eff 0.0423 outinratio 0.0321 

ZH126_4e_pTHjj_genbin2_recobin0 acc 0.0789 eff 0.0442 outinratio 0.0641 

ttH126_4e_pTHjj_genbin2_recobin0 acc 0.1324 eff 0.0046 outinratio 0.2429 

ggH126_4e_pTHjj_genbin3_recobin0 acc 0.0043 eff 0.0 outinratio 0.0109 

VBFH126_4e_pTHjj_genbin3_recobin0 acc 0.0103 eff 0.0 outinratio 0.012 

WminusH126_4e_pTHjj_genbin3_recobin0 acc 0.0247 eff 0.0143 outinratio 0.023 

WplusH126_4e_pTHjj_genbin3_recobin0 acc 0.0235 eff 0.0169 outinratio 0.0321 

ZH126_4e_pTHjj_genbin3_recobin0 acc 0.0308 eff 0.0125 outinratio 0.0641 

ttH126_4e_pTHjj_genbin3_recobin0 acc 0.302 eff 0.0048 outinratio 0.2429 

ggH126_4e_pTHjj_genbin0_recobin1 acc 0.3888 eff 0.004 outinratio 0.0 

VBFH126_4e_pTHjj_genbin0_recobin1 acc 0.2797 eff 0.0244 outinratio 0.0342 

WminusH126_4e_pTHjj_genbin0_recobin1 acc 0.2271 eff 0.0126 outinratio 0.0075 

WplusH126_4e_pTHjj_genbin0_recobin1 acc 0.2021 eff 0.0125 outinratio 0.0171 

ZH126_4e_pTHjj_genbin0_recobin1 acc 0.2054 eff 0.011 outinratio 0.0286 

ttH126_4e_pTHjj_genbin0_recobin1 acc 0.0131 eff 0.0 outinratio 0.0429 

ggH126_4e_pTHjj_genbin1_recobin1 acc 0.0172 eff 0.1619 outinratio 0.0 

VBFH126_4e_pTHjj_genbin1_recobin1 acc 0.1192 eff 0.1588 outinratio 0.0342 

WminusH126_4e_pTHjj_genbin1_recobin1 acc 0.0686 eff 0.2164 outinratio 0.0075 

WplusH126_4e_pTHjj_genbin1_recobin1 acc 0.062 eff 0.1921 outinratio 0.0171 

ZH126_4e_pTHjj_genbin1_recobin1 acc 0.0704 eff 0.1921 outinratio 0.0286 

ttH126_4e_pTHjj_genbin1_recobin1 acc 0.0238 eff 0.0479 outinratio 0.0429 

ggH126_4e_pTHjj_genbin2_recobin1 acc 0.0205 eff 0.0334 outinratio 0.0 

VBFH126_4e_pTHjj_genbin2_recobin1 acc 0.0563 eff 0.0567 outinratio 0.0342 

WminusH126_4e_pTHjj_genbin2_recobin1 acc 0.0708 eff 0.0418 outinratio 0.0075 

WplusH126_4e_pTHjj_genbin2_recobin1 acc 0.0664 eff 0.031 outinratio 0.0171 

ZH126_4e_pTHjj_genbin2_recobin1 acc 0.0789 eff 0.0437 outinratio 0.0286 

ttH126_4e_pTHjj_genbin2_recobin1 acc 0.1324 eff 0.0213 outinratio 0.0429 

ggH126_4e_pTHjj_genbin3_recobin1 acc 0.0043 eff 0.0 outinratio 0.0 

VBFH126_4e_pTHjj_genbin3_recobin1 acc 0.0103 eff 0.0 outinratio 0.0342 

WminusH126_4e_pTHjj_genbin3_recobin1 acc 0.0247 eff 0.0027 outinratio 0.0075 

WplusH126_4e_pTHjj_genbin3_recobin1 acc 0.0235 eff 0.0 outinratio 0.0171 

ZH126_4e_pTHjj_genbin3_recobin1 acc 0.0308 eff 0.0 outinratio 0.0286 

ttH126_4e_pTHjj_genbin3_recobin1 acc 0.302 eff 0.0033 outinratio 0.0429 

ggH126_4e_pTHjj_genbin0_recobin2 acc 0.3888 eff 0.0062 outinratio 0.0095 

VBFH126_4e_pTHjj_genbin0_recobin2 acc 0.2797 eff 0.0242 outinratio 0.0 

WminusH126_4e_pTHjj_genbin0_recobin2 acc 0.2271 eff 0.018 outinratio 0.007 

WplusH126_4e_pTHjj_genbin0_recobin2 acc 0.2021 eff 0.0242 outinratio 0.0148 

ZH126_4e_pTHjj_genbin0_recobin2 acc 0.2054 eff 0.023 outinratio 0.0277 

ttH126_4e_pTHjj_genbin0_recobin2 acc 0.0131 eff 0.0302 outinratio 0.0299 

ggH126_4e_pTHjj_genbin1_recobin2 acc 0.0172 eff 0.0993 outinratio 0.0095 

VBFH126_4e_pTHjj_genbin1_recobin2 acc 0.1192 eff 0.1503 outinratio 0.0 

WminusH126_4e_pTHjj_genbin1_recobin2 acc 0.0686 eff 0.0914 outinratio 0.007 

WplusH126_4e_pTHjj_genbin1_recobin2 acc 0.062 eff 0.1011 outinratio 0.0148 

ZH126_4e_pTHjj_genbin1_recobin2 acc 0.0704 eff 0.0984 outinratio 0.0277 

ttH126_4e_pTHjj_genbin1_recobin2 acc 0.0238 eff 0.1883 outinratio 0.0299 

ggH126_4e_pTHjj_genbin2_recobin2 acc 0.0205 eff 0.2533 outinratio 0.0095 

VBFH126_4e_pTHjj_genbin2_recobin2 acc 0.0563 eff 0.2761 outinratio 0.0 

WminusH126_4e_pTHjj_genbin2_recobin2 acc 0.0708 eff 0.247 outinratio 0.007 

WplusH126_4e_pTHjj_genbin2_recobin2 acc 0.0664 eff 0.2295 outinratio 0.0148 

ZH126_4e_pTHjj_genbin2_recobin2 acc 0.0789 eff 0.2297 outinratio 0.0277 

ttH126_4e_pTHjj_genbin2_recobin2 acc 0.1324 eff 0.1739 outinratio 0.0299 

ggH126_4e_pTHjj_genbin3_recobin2 acc 0.0043 eff 0.0496 outinratio 0.0095 

VBFH126_4e_pTHjj_genbin3_recobin2 acc 0.0103 eff 0.0926 outinratio 0.0 

WminusH126_4e_pTHjj_genbin3_recobin2 acc 0.0247 eff 0.0485 outinratio 0.007 

WplusH126_4e_pTHjj_genbin3_recobin2 acc 0.0235 eff 0.0285 outinratio 0.0148 

ZH126_4e_pTHjj_genbin3_recobin2 acc 0.0308 eff 0.0253 outinratio 0.0277 

ttH126_4e_pTHjj_genbin3_recobin2 acc 0.302 eff 0.0271 outinratio 0.0299 

ggH126_4e_pTHjj_genbin0_recobin3 acc 0.3888 eff 0.0011 outinratio 0.0074 

VBFH126_4e_pTHjj_genbin0_recobin3 acc 0.2797 eff 0.0 outinratio 0.0 

WminusH126_4e_pTHjj_genbin0_recobin3 acc 0.2271 eff 0.0087 outinratio 0.029 

WplusH126_4e_pTHjj_genbin0_recobin3 acc 0.2021 eff 0.0092 outinratio 0.0327 

ZH126_4e_pTHjj_genbin0_recobin3 acc 0.2054 eff 0.0062 outinratio 0.0519 

ttH126_4e_pTHjj_genbin0_recobin3 acc 0.0131 eff 0.0571 outinratio 0.0637 

ggH126_4e_pTHjj_genbin1_recobin3 acc 0.0172 eff 0.0102 outinratio 0.0074 

VBFH126_4e_pTHjj_genbin1_recobin3 acc 0.1192 eff 0.0 outinratio 0.0 

WminusH126_4e_pTHjj_genbin1_recobin3 acc 0.0686 eff 0.0029 outinratio 0.029 

WplusH126_4e_pTHjj_genbin1_recobin3 acc 0.062 eff 0.004 outinratio 0.0327 

ZH126_4e_pTHjj_genbin1_recobin3 acc 0.0704 eff 0.007 outinratio 0.0519 

ttH126_4e_pTHjj_genbin1_recobin3 acc 0.0238 eff 0.0881 outinratio 0.0637 

ggH126_4e_pTHjj_genbin2_recobin3 acc 0.0205 eff 0.0264 outinratio 0.0074 

VBFH126_4e_pTHjj_genbin2_recobin3 acc 0.0563 eff 0.0132 outinratio 0.0 

WminusH126_4e_pTHjj_genbin2_recobin3 acc 0.0708 eff 0.0391 outinratio 0.029 

WplusH126_4e_pTHjj_genbin2_recobin3 acc 0.0664 eff 0.0341 outinratio 0.0327 

ZH126_4e_pTHjj_genbin2_recobin3 acc 0.0789 eff 0.0359 outinratio 0.0519 

ttH126_4e_pTHjj_genbin2_recobin3 acc 0.1324 eff 0.0827 outinratio 0.0637 

ggH126_4e_pTHjj_genbin3_recobin3 acc 0.0043 eff 0.3143 outinratio 0.0074 

VBFH126_4e_pTHjj_genbin3_recobin3 acc 0.0103 eff 0.534 outinratio 0.0 

WminusH126_4e_pTHjj_genbin3_recobin3 acc 0.0247 eff 0.2673 outinratio 0.029 

WplusH126_4e_pTHjj_genbin3_recobin3 acc 0.0235 eff 0.2356 outinratio 0.0327 

ZH126_4e_pTHjj_genbin3_recobin3 acc 0.0308 eff 0.2351 outinratio 0.0519 

ttH126_4e_pTHjj_genbin3_recobin3 acc 0.302 eff 0.281 outinratio 0.0637 

ggH126_4mu_pTHjj_genbin0_recobin0 acc 0.4305 eff 0.6611 outinratio 0.0061 

VBFH126_4mu_pTHjj_genbin0_recobin0 acc 0.3169 eff 0.597 outinratio 0.0052 

WminusH126_4mu_pTHjj_genbin0_recobin0 acc 0.2536 eff 0.5581 outinratio 0.0118 

WplusH126_4mu_pTHjj_genbin0_recobin0 acc 0.2204 eff 0.5558 outinratio 0.0147 

ZH126_4mu_pTHjj_genbin0_recobin0 acc 0.2182 eff 0.5673 outinratio 0.0617 

ttH126_4mu_pTHjj_genbin0_recobin0 acc 0.0158 eff 0.1998 outinratio 0.0279 

ggH126_4mu_pTHjj_genbin1_recobin0 acc 0.0198 eff 0.1326 outinratio 0.0061 

VBFH126_4mu_pTHjj_genbin1_recobin0 acc 0.1365 eff 0.1435 outinratio 0.0052 

WminusH126_4mu_pTHjj_genbin1_recobin0 acc 0.0752 eff 0.1188 outinratio 0.0118 

WplusH126_4mu_pTHjj_genbin1_recobin0 acc 0.0671 eff 0.1071 outinratio 0.0147 

ZH126_4mu_pTHjj_genbin1_recobin0 acc 0.0782 eff 0.1347 outinratio 0.0617 

ttH126_4mu_pTHjj_genbin1_recobin0 acc 0.0265 eff 0.0 outinratio 0.0279 

ggH126_4mu_pTHjj_genbin2_recobin0 acc 0.0235 eff 0.0952 outinratio 0.0061 

VBFH126_4mu_pTHjj_genbin2_recobin0 acc 0.0559 eff 0.0787 outinratio 0.0052 

WminusH126_4mu_pTHjj_genbin2_recobin0 acc 0.0816 eff 0.0763 outinratio 0.0118 

WplusH126_4mu_pTHjj_genbin2_recobin0 acc 0.073 eff 0.0588 outinratio 0.0147 

ZH126_4mu_pTHjj_genbin2_recobin0 acc 0.0893 eff 0.0834 outinratio 0.0617 

ttH126_4mu_pTHjj_genbin2_recobin0 acc 0.1489 eff 0.0159 outinratio 0.0279 

ggH126_4mu_pTHjj_genbin3_recobin0 acc 0.0047 eff 0.025 outinratio 0.0061 

VBFH126_4mu_pTHjj_genbin3_recobin0 acc 0.0084 eff 0.0747 outinratio 0.0052 

WminusH126_4mu_pTHjj_genbin3_recobin0 acc 0.0289 eff 0.0329 outinratio 0.0118 

WplusH126_4mu_pTHjj_genbin3_recobin0 acc 0.0269 eff 0.0316 outinratio 0.0147 

ZH126_4mu_pTHjj_genbin3_recobin0 acc 0.0283 eff 0.0319 outinratio 0.0617 

ttH126_4mu_pTHjj_genbin3_recobin0 acc 0.3337 eff 0.0047 outinratio 0.0279 

ggH126_4mu_pTHjj_genbin0_recobin1 acc 0.4305 eff 0.0077 outinratio 0.0039 

VBFH126_4mu_pTHjj_genbin0_recobin1 acc 0.3169 eff 0.0292 outinratio 0.0 

WminusH126_4mu_pTHjj_genbin0_recobin1 acc 0.2536 eff 0.0292 outinratio 0.0051 

WplusH126_4mu_pTHjj_genbin0_recobin1 acc 0.2204 eff 0.0243 outinratio 0.0088 

ZH126_4mu_pTHjj_genbin0_recobin1 acc 0.2182 eff 0.0247 outinratio 0.0189 

ttH126_4mu_pTHjj_genbin0_recobin1 acc 0.0158 eff 0.0317 outinratio 0.0641 

ggH126_4mu_pTHjj_genbin1_recobin1 acc 0.0198 eff 0.3378 outinratio 0.0039 

VBFH126_4mu_pTHjj_genbin1_recobin1 acc 0.1365 eff 0.3795 outinratio 0.0 

WminusH126_4mu_pTHjj_genbin1_recobin1 acc 0.0752 eff 0.3706 outinratio 0.0051 

WplusH126_4mu_pTHjj_genbin1_recobin1 acc 0.0671 eff 0.3607 outinratio 0.0088 

ZH126_4mu_pTHjj_genbin1_recobin1 acc 0.0782 eff 0.3525 outinratio 0.0189 

ttH126_4mu_pTHjj_genbin1_recobin1 acc 0.0265 eff 0.1674 outinratio 0.0641 

ggH126_4mu_pTHjj_genbin2_recobin1 acc 0.0235 eff 0.0774 outinratio 0.0039 

VBFH126_4mu_pTHjj_genbin2_recobin1 acc 0.0559 eff 0.0844 outinratio 0.0 

WminusH126_4mu_pTHjj_genbin2_recobin1 acc 0.0816 eff 0.0599 outinratio 0.0051 

WplusH126_4mu_pTHjj_genbin2_recobin1 acc 0.073 eff 0.0536 outinratio 0.0088 

ZH126_4mu_pTHjj_genbin2_recobin1 acc 0.0893 eff 0.0591 outinratio 0.0189 

ttH126_4mu_pTHjj_genbin2_recobin1 acc 0.1489 eff 0.0309 outinratio 0.0641 

ggH126_4mu_pTHjj_genbin3_recobin1 acc 0.0047 eff 0.0 outinratio 0.0039 

VBFH126_4mu_pTHjj_genbin3_recobin1 acc 0.0084 eff 0.0 outinratio 0.0 

WminusH126_4mu_pTHjj_genbin3_recobin1 acc 0.0289 eff 0.0068 outinratio 0.0051 

WplusH126_4mu_pTHjj_genbin3_recobin1 acc 0.0269 eff 0.0016 outinratio 0.0088 

ZH126_4mu_pTHjj_genbin3_recobin1 acc 0.0283 eff 0.0071 outinratio 0.0189 

ttH126_4mu_pTHjj_genbin3_recobin1 acc 0.3337 eff 0.0043 outinratio 0.0641 

ggH126_4mu_pTHjj_genbin0_recobin2 acc 0.4305 eff 0.0157 outinratio 0.0021 

VBFH126_4mu_pTHjj_genbin0_recobin2 acc 0.3169 eff 0.0572 outinratio 0.0259 

WminusH126_4mu_pTHjj_genbin0_recobin2 acc 0.2536 eff 0.0457 outinratio 0.0096 

WplusH126_4mu_pTHjj_genbin0_recobin2 acc 0.2204 eff 0.0424 outinratio 0.0095 

ZH126_4mu_pTHjj_genbin0_recobin2 acc 0.2182 eff 0.0363 outinratio 0.0284 

ttH126_4mu_pTHjj_genbin0_recobin2 acc 0.0158 eff 0.0649 outinratio 0.0306 

ggH126_4mu_pTHjj_genbin1_recobin2 acc 0.0198 eff 0.1941 outinratio 0.0021 

VBFH126_4mu_pTHjj_genbin1_recobin2 acc 0.1365 eff 0.2221 outinratio 0.0259 

WminusH126_4mu_pTHjj_genbin1_recobin2 acc 0.0752 eff 0.1855 outinratio 0.0096 

WplusH126_4mu_pTHjj_genbin1_recobin2 acc 0.0671 eff 0.1871 outinratio 0.0095 

ZH126_4mu_pTHjj_genbin1_recobin2 acc 0.0782 eff 0.1868 outinratio 0.0284 

ttH126_4mu_pTHjj_genbin1_recobin2 acc 0.0265 eff 0.2219 outinratio 0.0306 

ggH126_4mu_pTHjj_genbin2_recobin2 acc 0.0235 eff 0.4442 outinratio 0.0021 

VBFH126_4mu_pTHjj_genbin2_recobin2 acc 0.0559 eff 0.4695 outinratio 0.0259 

WminusH126_4mu_pTHjj_genbin2_recobin2 acc 0.0816 eff 0.4319 outinratio 0.0096 

WplusH126_4mu_pTHjj_genbin2_recobin2 acc 0.073 eff 0.4455 outinratio 0.0095 

ZH126_4mu_pTHjj_genbin2_recobin2 acc 0.0893 eff 0.4419 outinratio 0.0284 

ttH126_4mu_pTHjj_genbin2_recobin2 acc 0.1489 eff 0.2765 outinratio 0.0306 

ggH126_4mu_pTHjj_genbin3_recobin2 acc 0.0047 eff 0.1518 outinratio 0.0021 

VBFH126_4mu_pTHjj_genbin3_recobin2 acc 0.0084 eff 0.1952 outinratio 0.0259 

WminusH126_4mu_pTHjj_genbin3_recobin2 acc 0.0289 eff 0.0918 outinratio 0.0096 

WplusH126_4mu_pTHjj_genbin3_recobin2 acc 0.0269 eff 0.0832 outinratio 0.0095 

ZH126_4mu_pTHjj_genbin3_recobin2 acc 0.0283 eff 0.1155 outinratio 0.0284 

ttH126_4mu_pTHjj_genbin3_recobin2 acc 0.3337 eff 0.0556 outinratio 0.0306 

ggH126_4mu_pTHjj_genbin0_recobin3 acc 0.4305 eff 0.0021 outinratio 0.0107 

VBFH126_4mu_pTHjj_genbin0_recobin3 acc 0.3169 eff 0.0061 outinratio 0.0 

WminusH126_4mu_pTHjj_genbin0_recobin3 acc 0.2536 eff 0.0138 outinratio 0.0123 

WplusH126_4mu_pTHjj_genbin0_recobin3 acc 0.2204 eff 0.0141 outinratio 0.0159 

ZH126_4mu_pTHjj_genbin0_recobin3 acc 0.2182 eff 0.0098 outinratio 0.0825 

ttH126_4mu_pTHjj_genbin0_recobin3 acc 0.0158 eff 0.2061 outinratio 0.0443 

ggH126_4mu_pTHjj_genbin1_recobin3 acc 0.0198 eff 0.0154 outinratio 0.0107 

VBFH126_4mu_pTHjj_genbin1_recobin3 acc 0.1365 eff 0.0212 outinratio 0.0 

WminusH126_4mu_pTHjj_genbin1_recobin3 acc 0.0752 eff 0.0108 outinratio 0.0123 

WplusH126_4mu_pTHjj_genbin1_recobin3 acc 0.0671 eff 0.0123 outinratio 0.0159 

ZH126_4mu_pTHjj_genbin1_recobin3 acc 0.0782 eff 0.0217 outinratio 0.0825 

ttH126_4mu_pTHjj_genbin1_recobin3 acc 0.0265 eff 0.1125 outinratio 0.0443 

ggH126_4mu_pTHjj_genbin2_recobin3 acc 0.0235 eff 0.0567 outinratio 0.0107 

VBFH126_4mu_pTHjj_genbin2_recobin3 acc 0.0559 eff 0.0859 outinratio 0.0 

WminusH126_4mu_pTHjj_genbin2_recobin3 acc 0.0816 eff 0.0789 outinratio 0.0123 

WplusH126_4mu_pTHjj_genbin2_recobin3 acc 0.073 eff 0.0652 outinratio 0.0159 

ZH126_4mu_pTHjj_genbin2_recobin3 acc 0.0893 eff 0.0597 outinratio 0.0825 

ttH126_4mu_pTHjj_genbin2_recobin3 acc 0.1489 eff 0.1481 outinratio 0.0443 

ggH126_4mu_pTHjj_genbin3_recobin3 acc 0.0047 eff 0.5047 outinratio 0.0107 

VBFH126_4mu_pTHjj_genbin3_recobin3 acc 0.0084 eff 0.4632 outinratio 0.0 

WminusH126_4mu_pTHjj_genbin3_recobin3 acc 0.0289 eff 0.4307 outinratio 0.0123 

WplusH126_4mu_pTHjj_genbin3_recobin3 acc 0.0269 eff 0.4863 outinratio 0.0159 

ZH126_4mu_pTHjj_genbin3_recobin3 acc 0.0283 eff 0.4611 outinratio 0.0825 

ttH126_4mu_pTHjj_genbin3_recobin3 acc 0.3337 eff 0.4243 outinratio 0.0443 

ggH126_2e2mu_pTHjj_genbin0_recobin0 acc 0.3963 eff 0.4573 outinratio 0.0078 

VBFH126_2e2mu_pTHjj_genbin0_recobin0 acc 0.2723 eff 0.4407 outinratio 0.0008 

WminusH126_2e2mu_pTHjj_genbin0_recobin0 acc 0.228 eff 0.383 outinratio 0.028 

WplusH126_2e2mu_pTHjj_genbin0_recobin0 acc 0.2026 eff 0.3819 outinratio 0.0288 

ZH126_2e2mu_pTHjj_genbin0_recobin0 acc 0.2033 eff 0.3988 outinratio 0.0661 

ttH126_2e2mu_pTHjj_genbin0_recobin0 acc 0.0139 eff 0.1841 outinratio 0.1405 

ggH126_2e2mu_pTHjj_genbin1_recobin0 acc 0.0177 eff 0.1169 outinratio 0.0078 

VBFH126_2e2mu_pTHjj_genbin1_recobin0 acc 0.1308 eff 0.0856 outinratio 0.0008 

WminusH126_2e2mu_pTHjj_genbin1_recobin0 acc 0.069 eff 0.0868 outinratio 0.028 

WplusH126_2e2mu_pTHjj_genbin1_recobin0 acc 0.0607 eff 0.0789 outinratio 0.0288 

ZH126_2e2mu_pTHjj_genbin1_recobin0 acc 0.0722 eff 0.0954 outinratio 0.0661 

ttH126_2e2mu_pTHjj_genbin1_recobin0 acc 0.0248 eff 0.0027 outinratio 0.1405 

ggH126_2e2mu_pTHjj_genbin2_recobin0 acc 0.0216 eff 0.0693 outinratio 0.0078 

VBFH126_2e2mu_pTHjj_genbin2_recobin0 acc 0.0558 eff 0.0522 outinratio 0.0008 

WminusH126_2e2mu_pTHjj_genbin2_recobin0 acc 0.0776 eff 0.044 outinratio 0.028 

WplusH126_2e2mu_pTHjj_genbin2_recobin0 acc 0.0685 eff 0.0514 outinratio 0.0288 

ZH126_2e2mu_pTHjj_genbin2_recobin0 acc 0.0816 eff 0.0541 outinratio 0.0661 

ttH126_2e2mu_pTHjj_genbin2_recobin0 acc 0.1339 eff 0.0053 outinratio 0.1405 

ggH126_2e2mu_pTHjj_genbin3_recobin0 acc 0.0041 eff 0.0139 outinratio 0.0078 

VBFH126_2e2mu_pTHjj_genbin3_recobin0 acc 0.0086 eff 0.0388 outinratio 0.0008 

WminusH126_2e2mu_pTHjj_genbin3_recobin0 acc 0.0267 eff 0.0179 outinratio 0.028 

WplusH126_2e2mu_pTHjj_genbin3_recobin0 acc 0.0264 eff 0.0235 outinratio 0.0288 

ZH126_2e2mu_pTHjj_genbin3_recobin0 acc 0.0285 eff 0.0248 outinratio 0.0661 

ttH126_2e2mu_pTHjj_genbin3_recobin0 acc 0.3041 eff 0.005 outinratio 0.1405 

ggH126_2e2mu_pTHjj_genbin0_recobin1 acc 0.3963 eff 0.006 outinratio 0.0099 

VBFH126_2e2mu_pTHjj_genbin0_recobin1 acc 0.2723 eff 0.0228 outinratio 0.005 

WminusH126_2e2mu_pTHjj_genbin0_recobin1 acc 0.228 eff 0.0205 outinratio 0.0146 

WplusH126_2e2mu_pTHjj_genbin0_recobin1 acc 0.2026 eff 0.0189 outinratio 0.0054 

ZH126_2e2mu_pTHjj_genbin0_recobin1 acc 0.2033 eff 0.0204 outinratio 0.0194 

ttH126_2e2mu_pTHjj_genbin0_recobin1 acc 0.0139 eff 0.0125 outinratio 0.0349 

ggH126_2e2mu_pTHjj_genbin1_recobin1 acc 0.0177 eff 0.2438 outinratio 0.0099 

VBFH126_2e2mu_pTHjj_genbin1_recobin1 acc 0.1308 eff 0.2944 outinratio 0.005 

WminusH126_2e2mu_pTHjj_genbin1_recobin1 acc 0.069 eff 0.2714 outinratio 0.0146 

WplusH126_2e2mu_pTHjj_genbin1_recobin1 acc 0.0607 eff 0.2564 outinratio 0.0054 

ZH126_2e2mu_pTHjj_genbin1_recobin1 acc 0.0722 eff 0.2703 outinratio 0.0194 

ttH126_2e2mu_pTHjj_genbin1_recobin1 acc 0.0248 eff 0.1482 outinratio 0.0349 

ggH126_2e2mu_pTHjj_genbin2_recobin1 acc 0.0216 eff 0.0477 outinratio 0.0099 

VBFH126_2e2mu_pTHjj_genbin2_recobin1 acc 0.0558 eff 0.047 outinratio 0.005 

WminusH126_2e2mu_pTHjj_genbin2_recobin1 acc 0.0776 eff 0.0486 outinratio 0.0146 

WplusH126_2e2mu_pTHjj_genbin2_recobin1 acc 0.0685 eff 0.0442 outinratio 0.0054 

ZH126_2e2mu_pTHjj_genbin2_recobin1 acc 0.0816 eff 0.0505 outinratio 0.0194 

ttH126_2e2mu_pTHjj_genbin2_recobin1 acc 0.1339 eff 0.0242 outinratio 0.0349 

ggH126_2e2mu_pTHjj_genbin3_recobin1 acc 0.0041 eff 0.004 outinratio 0.0099 

VBFH126_2e2mu_pTHjj_genbin3_recobin1 acc 0.0086 eff 0.0 outinratio 0.005 

WminusH126_2e2mu_pTHjj_genbin3_recobin1 acc 0.0267 eff 0.0074 outinratio 0.0146 

WplusH126_2e2mu_pTHjj_genbin3_recobin1 acc 0.0264 eff 0.0081 outinratio 0.0054 

ZH126_2e2mu_pTHjj_genbin3_recobin1 acc 0.0285 eff 0.0057 outinratio 0.0194 

ttH126_2e2mu_pTHjj_genbin3_recobin1 acc 0.3041 eff 0.0043 outinratio 0.0349 

ggH126_2e2mu_pTHjj_genbin0_recobin2 acc 0.3963 eff 0.0103 outinratio 0.0052 

VBFH126_2e2mu_pTHjj_genbin0_recobin2 acc 0.2723 eff 0.0397 outinratio 0.0 

WminusH126_2e2mu_pTHjj_genbin0_recobin2 acc 0.228 eff 0.0302 outinratio 0.0113 

WplusH126_2e2mu_pTHjj_genbin0_recobin2 acc 0.2026 eff 0.0288 outinratio 0.0128 

ZH126_2e2mu_pTHjj_genbin0_recobin2 acc 0.2033 eff 0.0273 outinratio 0.0238 

ttH126_2e2mu_pTHjj_genbin0_recobin2 acc 0.0139 eff 0.0257 outinratio 0.0428 

ggH126_2e2mu_pTHjj_genbin1_recobin2 acc 0.0177 eff 0.1486 outinratio 0.0052 

VBFH126_2e2mu_pTHjj_genbin1_recobin2 acc 0.1308 eff 0.1445 outinratio 0.0 

WminusH126_2e2mu_pTHjj_genbin1_recobin2 acc 0.069 eff 0.1413 outinratio 0.0113 

WplusH126_2e2mu_pTHjj_genbin1_recobin2 acc 0.0607 eff 0.1478 outinratio 0.0128 

ZH126_2e2mu_pTHjj_genbin1_recobin2 acc 0.0722 eff 0.1278 outinratio 0.0238 

ttH126_2e2mu_pTHjj_genbin1_recobin2 acc 0.0248 eff 0.1372 outinratio 0.0428 

ggH126_2e2mu_pTHjj_genbin2_recobin2 acc 0.0216 eff 0.3249 outinratio 0.0052 

VBFH126_2e2mu_pTHjj_genbin2_recobin2 acc 0.0558 eff 0.3839 outinratio 0.0 

WminusH126_2e2mu_pTHjj_genbin2_recobin2 acc 0.0776 eff 0.318 outinratio 0.0113 

WplusH126_2e2mu_pTHjj_genbin2_recobin2 acc 0.0685 eff 0.3069 outinratio 0.0128 

ZH126_2e2mu_pTHjj_genbin2_recobin2 acc 0.0816 eff 0.3187 outinratio 0.0238 

ttH126_2e2mu_pTHjj_genbin2_recobin2 acc 0.1339 eff 0.2256 outinratio 0.0428 

ggH126_2e2mu_pTHjj_genbin3_recobin2 acc 0.0041 eff 0.1264 outinratio 0.0052 

VBFH126_2e2mu_pTHjj_genbin3_recobin2 acc 0.0086 eff 0.0237 outinratio 0.0 

WminusH126_2e2mu_pTHjj_genbin3_recobin2 acc 0.0267 eff 0.0804 outinratio 0.0113 

WplusH126_2e2mu_pTHjj_genbin3_recobin2 acc 0.0264 eff 0.0641 outinratio 0.0128 

ZH126_2e2mu_pTHjj_genbin3_recobin2 acc 0.0285 eff 0.0624 outinratio 0.0238 

ttH126_2e2mu_pTHjj_genbin3_recobin2 acc 0.3041 eff 0.0411 outinratio 0.0428 

ggH126_2e2mu_pTHjj_genbin0_recobin3 acc 0.3963 eff 0.0019 outinratio 0.0028 

VBFH126_2e2mu_pTHjj_genbin0_recobin3 acc 0.2723 eff 0.0083 outinratio 0.0 

WminusH126_2e2mu_pTHjj_genbin0_recobin3 acc 0.228 eff 0.0116 outinratio 0.0278 

WplusH126_2e2mu_pTHjj_genbin0_recobin3 acc 0.2026 eff 0.0099 outinratio 0.0172 

ZH126_2e2mu_pTHjj_genbin0_recobin3 acc 0.2033 eff 0.0092 outinratio 0.0529 

ttH126_2e2mu_pTHjj_genbin0_recobin3 acc 0.0139 eff 0.1412 outinratio 0.0474 

ggH126_2e2mu_pTHjj_genbin1_recobin3 acc 0.0177 eff 0.0105 outinratio 0.0028 

VBFH126_2e2mu_pTHjj_genbin1_recobin3 acc 0.1308 eff 0.0214 outinratio 0.0 

WminusH126_2e2mu_pTHjj_genbin1_recobin3 acc 0.069 eff 0.0124 outinratio 0.0278 

WplusH126_2e2mu_pTHjj_genbin1_recobin3 acc 0.0607 eff 0.0112 outinratio 0.0172 

ZH126_2e2mu_pTHjj_genbin1_recobin3 acc 0.0722 eff 0.0086 outinratio 0.0529 

ttH126_2e2mu_pTHjj_genbin1_recobin3 acc 0.0248 eff 0.0569 outinratio 0.0474 

ggH126_2e2mu_pTHjj_genbin2_recobin3 acc 0.0216 eff 0.0619 outinratio 0.0028 

VBFH126_2e2mu_pTHjj_genbin2_recobin3 acc 0.0558 eff 0.0622 outinratio 0.0 

WminusH126_2e2mu_pTHjj_genbin2_recobin3 acc 0.0776 eff 0.0518 outinratio 0.0278 

WplusH126_2e2mu_pTHjj_genbin2_recobin3 acc 0.0685 eff 0.0529 outinratio 0.0172 

ZH126_2e2mu_pTHjj_genbin2_recobin3 acc 0.0816 eff 0.0466 outinratio 0.0529 

ttH126_2e2mu_pTHjj_genbin2_recobin3 acc 0.1339 eff 0.1143 outinratio 0.0474 

ggH126_2e2mu_pTHjj_genbin3_recobin3 acc 0.0041 eff 0.4129 outinratio 0.0028 

VBFH126_2e2mu_pTHjj_genbin3_recobin3 acc 0.0086 eff 0.3142 outinratio 0.0 

WminusH126_2e2mu_pTHjj_genbin3_recobin3 acc 0.0267 eff 0.349 outinratio 0.0278 

WplusH126_2e2mu_pTHjj_genbin3_recobin3 acc 0.0264 eff 0.3429 outinratio 0.0172 

ZH126_2e2mu_pTHjj_genbin3_recobin3 acc 0.0285 eff 0.349 outinratio 0.0529 

ttH126_2e2mu_pTHjj_genbin3_recobin3 acc 0.3041 eff 0.3415 outinratio 0.0474 

Coeff fullNNLOPS
