Welcome in RunCoefficients!
OPT SPLIT
DEBUG opt.YEAR = 2024_3
It is a single-differential measurement, binning [-100.0, 0.0, 12.0, 28.0, 40.0, 85.0, 10000.0]
pTHj
Following observables extracted from dictionary: RECO =  pTHj  GEN =  GENpTHj
LUMI: 10.882200000000001
ttH126 0.00046886125
Processing ggH126 2024_3
Signal created
Signal failed created
Processing VBFH126 2024_3
Signal created
Signal failed created
Processing WminusH126 2024_3
Signal created
Signal failed created
Processing WplusH126 2024_3
Signal created
Signal failed created
Processing ZH126 2024_3
Signal created
Signal failed created
Processing ttH126 2024_3
Signal created
Signal failed created
2024_3 SKIMMED df CREATED
2024_3 ggH126
2024_3 VBFH126
2024_3 WminusH126
2024_3 WplusH126
2024_3 ZH126
2024_3 ttH126
Dataframes created successfully
Coeff std
ggH126_4l_pTHj_genbin0_recobin0 acc 0.2574 eff 0.4626 outinratio 0.0484 

VBFH126_4l_pTHj_genbin0_recobin0 acc 0.0396 eff 0.3815 outinratio 0.0346 

WminusH126_4l_pTHj_genbin0_recobin0 acc 0.0844 eff 0.3767 outinratio 0.073 

WplusH126_4l_pTHj_genbin0_recobin0 acc 0.0737 eff 0.3813 outinratio 0.0652 

ZH126_4l_pTHj_genbin0_recobin0 acc 0.0768 eff 0.4239 outinratio 0.075 

ttH126_4l_pTHj_genbin0_recobin0 acc 0.0008 eff 0.1331 outinratio 0.022 

ggH126_4l_pTHj_genbin1_recobin0 acc 0.0277 eff 0.0809 outinratio 0.0484 

VBFH126_4l_pTHj_genbin1_recobin0 acc 0.0249 eff 0.0384 outinratio 0.0346 

WminusH126_4l_pTHj_genbin1_recobin0 acc 0.0148 eff 0.0335 outinratio 0.073 

WplusH126_4l_pTHj_genbin1_recobin0 acc 0.0128 eff 0.0275 outinratio 0.0652 

ZH126_4l_pTHj_genbin1_recobin0 acc 0.0123 eff 0.0296 outinratio 0.075 

ttH126_4l_pTHj_genbin1_recobin0 acc 0.0023 eff 0.0 outinratio 0.022 

ggH126_4l_pTHj_genbin2_recobin0 acc 0.0485 eff 0.0698 outinratio 0.0484 

VBFH126_4l_pTHj_genbin2_recobin0 acc 0.0884 eff 0.0436 outinratio 0.0346 

WminusH126_4l_pTHj_genbin2_recobin0 acc 0.0536 eff 0.0238 outinratio 0.073 

WplusH126_4l_pTHj_genbin2_recobin0 acc 0.0465 eff 0.0267 outinratio 0.0652 

ZH126_4l_pTHj_genbin2_recobin0 acc 0.0478 eff 0.0264 outinratio 0.075 

ttH126_4l_pTHj_genbin2_recobin0 acc 0.0096 eff 0.0 outinratio 0.022 

ggH126_4l_pTHj_genbin3_recobin0 acc 0.0251 eff 0.0494 outinratio 0.0484 

VBFH126_4l_pTHj_genbin3_recobin0 acc 0.0779 eff 0.0275 outinratio 0.0346 

WminusH126_4l_pTHj_genbin3_recobin0 acc 0.049 eff 0.0238 outinratio 0.073 

WplusH126_4l_pTHj_genbin3_recobin0 acc 0.0392 eff 0.0211 outinratio 0.0652 

ZH126_4l_pTHj_genbin3_recobin0 acc 0.0453 eff 0.0249 outinratio 0.075 

ttH126_4l_pTHj_genbin3_recobin0 acc 0.0114 eff 0.0012 outinratio 0.022 

ggH126_4l_pTHj_genbin4_recobin0 acc 0.0373 eff 0.031 outinratio 0.0484 

VBFH126_4l_pTHj_genbin4_recobin0 acc 0.1715 eff 0.0089 outinratio 0.0346 

WminusH126_4l_pTHj_genbin4_recobin0 acc 0.0986 eff 0.011 outinratio 0.073 

WplusH126_4l_pTHj_genbin4_recobin0 acc 0.0883 eff 0.0148 outinratio 0.0652 

ZH126_4l_pTHj_genbin4_recobin0 acc 0.1035 eff 0.0129 outinratio 0.075 

ttH126_4l_pTHj_genbin4_recobin0 acc 0.0686 eff 0.0008 outinratio 0.022 

ggH126_4l_pTHj_genbin5_recobin0 acc 0.0115 eff 0.0016 outinratio 0.0484 

VBFH126_4l_pTHj_genbin5_recobin0 acc 0.0503 eff 0.0 outinratio 0.0346 

WminusH126_4l_pTHj_genbin5_recobin0 acc 0.0536 eff 0.0148 outinratio 0.073 

WplusH126_4l_pTHj_genbin5_recobin0 acc 0.0532 eff 0.0112 outinratio 0.0652 

ZH126_4l_pTHj_genbin5_recobin0 acc 0.057 eff 0.0079 outinratio 0.075 

ttH126_4l_pTHj_genbin5_recobin0 acc 0.2246 eff 0.0003 outinratio 0.022 

ggH126_4l_pTHj_genbin0_recobin1 acc 0.2574 eff 0.0076 outinratio 0.0559 

VBFH126_4l_pTHj_genbin0_recobin1 acc 0.0396 eff 0.0198 outinratio 0.0314 

WminusH126_4l_pTHj_genbin0_recobin1 acc 0.0844 eff 0.0092 outinratio 0.1062 

WplusH126_4l_pTHj_genbin0_recobin1 acc 0.0737 eff 0.0078 outinratio 0.0599 

ZH126_4l_pTHj_genbin0_recobin1 acc 0.0768 eff 0.0065 outinratio 0.1029 

ttH126_4l_pTHj_genbin0_recobin1 acc 0.0008 eff 0.0 outinratio 0.091 

ggH126_4l_pTHj_genbin1_recobin1 acc 0.0277 eff 0.295 outinratio 0.0559 

VBFH126_4l_pTHj_genbin1_recobin1 acc 0.0249 eff 0.2446 outinratio 0.0314 

WminusH126_4l_pTHj_genbin1_recobin1 acc 0.0148 eff 0.2498 outinratio 0.1062 

WplusH126_4l_pTHj_genbin1_recobin1 acc 0.0128 eff 0.2483 outinratio 0.0599 

ZH126_4l_pTHj_genbin1_recobin1 acc 0.0123 eff 0.2842 outinratio 0.1029 

ttH126_4l_pTHj_genbin1_recobin1 acc 0.0023 eff 0.1749 outinratio 0.091 

ggH126_4l_pTHj_genbin2_recobin1 acc 0.0485 eff 0.0569 outinratio 0.0559 

VBFH126_4l_pTHj_genbin2_recobin1 acc 0.0884 eff 0.0541 outinratio 0.0314 

WminusH126_4l_pTHj_genbin2_recobin1 acc 0.0536 eff 0.0406 outinratio 0.1062 

WplusH126_4l_pTHj_genbin2_recobin1 acc 0.0465 eff 0.0488 outinratio 0.0599 

ZH126_4l_pTHj_genbin2_recobin1 acc 0.0478 eff 0.048 outinratio 0.1029 

ttH126_4l_pTHj_genbin2_recobin1 acc 0.0096 eff 0.0723 outinratio 0.091 

ggH126_4l_pTHj_genbin3_recobin1 acc 0.0251 eff 0.0059 outinratio 0.0559 

VBFH126_4l_pTHj_genbin3_recobin1 acc 0.0779 eff 0.0076 outinratio 0.0314 

WminusH126_4l_pTHj_genbin3_recobin1 acc 0.049 eff 0.0022 outinratio 0.1062 

WplusH126_4l_pTHj_genbin3_recobin1 acc 0.0392 eff 0.0054 outinratio 0.0599 

ZH126_4l_pTHj_genbin3_recobin1 acc 0.0453 eff 0.0018 outinratio 0.1029 

ttH126_4l_pTHj_genbin3_recobin1 acc 0.0114 eff 0.002 outinratio 0.091 

ggH126_4l_pTHj_genbin4_recobin1 acc 0.0373 eff 0.0007 outinratio 0.0559 

VBFH126_4l_pTHj_genbin4_recobin1 acc 0.1715 eff 0.001 outinratio 0.0314 

WminusH126_4l_pTHj_genbin4_recobin1 acc 0.0986 eff 0.0011 outinratio 0.1062 

WplusH126_4l_pTHj_genbin4_recobin1 acc 0.0883 eff 0.0024 outinratio 0.0599 

ZH126_4l_pTHj_genbin4_recobin1 acc 0.1035 eff 0.0004 outinratio 0.1029 

ttH126_4l_pTHj_genbin4_recobin1 acc 0.0686 eff 0.0013 outinratio 0.091 

ggH126_4l_pTHj_genbin5_recobin1 acc 0.0115 eff 0.0 outinratio 0.0559 

VBFH126_4l_pTHj_genbin5_recobin1 acc 0.0503 eff 0.0004 outinratio 0.0314 

WminusH126_4l_pTHj_genbin5_recobin1 acc 0.0536 eff 0.0 outinratio 0.1062 

WplusH126_4l_pTHj_genbin5_recobin1 acc 0.0532 eff 0.0003 outinratio 0.0599 

ZH126_4l_pTHj_genbin5_recobin1 acc 0.057 eff 0.0006 outinratio 0.1029 

ttH126_4l_pTHj_genbin5_recobin1 acc 0.2246 eff 0.0005 outinratio 0.091 

ggH126_4l_pTHj_genbin0_recobin2 acc 0.2574 eff 0.0194 outinratio 0.0553 

VBFH126_4l_pTHj_genbin0_recobin2 acc 0.0396 eff 0.0554 outinratio 0.0317 

WminusH126_4l_pTHj_genbin0_recobin2 acc 0.0844 eff 0.0231 outinratio 0.0728 

WplusH126_4l_pTHj_genbin0_recobin2 acc 0.0737 eff 0.0269 outinratio 0.0759 

ZH126_4l_pTHj_genbin0_recobin2 acc 0.0768 eff 0.0227 outinratio 0.0652 

ttH126_4l_pTHj_genbin0_recobin2 acc 0.0008 eff 0.017 outinratio 0.1362 

ggH126_4l_pTHj_genbin1_recobin2 acc 0.0277 eff 0.1622 outinratio 0.0553 

VBFH126_4l_pTHj_genbin1_recobin2 acc 0.0249 eff 0.2149 outinratio 0.0317 

WminusH126_4l_pTHj_genbin1_recobin2 acc 0.0148 eff 0.1935 outinratio 0.0728 

WplusH126_4l_pTHj_genbin1_recobin2 acc 0.0128 eff 0.186 outinratio 0.0759 

ZH126_4l_pTHj_genbin1_recobin2 acc 0.0123 eff 0.1676 outinratio 0.0652 

ttH126_4l_pTHj_genbin1_recobin2 acc 0.0023 eff 0.1782 outinratio 0.1362 

ggH126_4l_pTHj_genbin2_recobin2 acc 0.0485 eff 0.3315 outinratio 0.0553 

VBFH126_4l_pTHj_genbin2_recobin2 acc 0.0884 eff 0.3206 outinratio 0.0317 

WminusH126_4l_pTHj_genbin2_recobin2 acc 0.0536 eff 0.3309 outinratio 0.0728 

WplusH126_4l_pTHj_genbin2_recobin2 acc 0.0465 eff 0.3022 outinratio 0.0759 

ZH126_4l_pTHj_genbin2_recobin2 acc 0.0478 eff 0.3267 outinratio 0.0652 

ttH126_4l_pTHj_genbin2_recobin2 acc 0.0096 eff 0.2022 outinratio 0.1362 

ggH126_4l_pTHj_genbin3_recobin2 acc 0.0251 eff 0.0821 outinratio 0.0553 

VBFH126_4l_pTHj_genbin3_recobin2 acc 0.0779 eff 0.0962 outinratio 0.0317 

WminusH126_4l_pTHj_genbin3_recobin2 acc 0.049 eff 0.0921 outinratio 0.0728 

WplusH126_4l_pTHj_genbin3_recobin2 acc 0.0392 eff 0.0847 outinratio 0.0759 

ZH126_4l_pTHj_genbin3_recobin2 acc 0.0453 eff 0.0837 outinratio 0.0652 

ttH126_4l_pTHj_genbin3_recobin2 acc 0.0114 eff 0.0722 outinratio 0.1362 

ggH126_4l_pTHj_genbin4_recobin2 acc 0.0373 eff 0.0088 outinratio 0.0553 

VBFH126_4l_pTHj_genbin4_recobin2 acc 0.1715 eff 0.0124 outinratio 0.0317 

WminusH126_4l_pTHj_genbin4_recobin2 acc 0.0986 eff 0.0118 outinratio 0.0728 

WplusH126_4l_pTHj_genbin4_recobin2 acc 0.0883 eff 0.0111 outinratio 0.0759 

ZH126_4l_pTHj_genbin4_recobin2 acc 0.1035 eff 0.0063 outinratio 0.0652 

ttH126_4l_pTHj_genbin4_recobin2 acc 0.0686 eff 0.0093 outinratio 0.1362 

ggH126_4l_pTHj_genbin5_recobin2 acc 0.0115 eff 0.0018 outinratio 0.0553 

VBFH126_4l_pTHj_genbin5_recobin2 acc 0.0503 eff 0.0008 outinratio 0.0317 

WminusH126_4l_pTHj_genbin5_recobin2 acc 0.0536 eff 0.0048 outinratio 0.0728 

WplusH126_4l_pTHj_genbin5_recobin2 acc 0.0532 eff 0.003 outinratio 0.0759 

ZH126_4l_pTHj_genbin5_recobin2 acc 0.057 eff 0.0039 outinratio 0.0652 

ttH126_4l_pTHj_genbin5_recobin2 acc 0.2246 eff 0.0024 outinratio 0.1362 

ggH126_4l_pTHj_genbin0_recobin3 acc 0.2574 eff 0.0179 outinratio 0.0684 

VBFH126_4l_pTHj_genbin0_recobin3 acc 0.0396 eff 0.0328 outinratio 0.0339 

WminusH126_4l_pTHj_genbin0_recobin3 acc 0.0844 eff 0.0335 outinratio 0.0758 

WplusH126_4l_pTHj_genbin0_recobin3 acc 0.0737 eff 0.0223 outinratio 0.0678 

ZH126_4l_pTHj_genbin0_recobin3 acc 0.0768 eff 0.0158 outinratio 0.0634 

ttH126_4l_pTHj_genbin0_recobin3 acc 0.0008 eff 0.0158 outinratio 0.1499 

ggH126_4l_pTHj_genbin1_recobin3 acc 0.0277 eff 0.0142 outinratio 0.0684 

VBFH126_4l_pTHj_genbin1_recobin3 acc 0.0249 eff 0.0373 outinratio 0.0339 

WminusH126_4l_pTHj_genbin1_recobin3 acc 0.0148 eff 0.0187 outinratio 0.0758 

WplusH126_4l_pTHj_genbin1_recobin3 acc 0.0128 eff 0.0312 outinratio 0.0678 

ZH126_4l_pTHj_genbin1_recobin3 acc 0.0123 eff 0.0138 outinratio 0.0634 

ttH126_4l_pTHj_genbin1_recobin3 acc 0.0023 eff 0.0558 outinratio 0.1499 

ggH126_4l_pTHj_genbin2_recobin3 acc 0.0485 eff 0.0659 outinratio 0.0684 

VBFH126_4l_pTHj_genbin2_recobin3 acc 0.0884 eff 0.1061 outinratio 0.0339 

WminusH126_4l_pTHj_genbin2_recobin3 acc 0.0536 eff 0.1006 outinratio 0.0758 

WplusH126_4l_pTHj_genbin2_recobin3 acc 0.0465 eff 0.1052 outinratio 0.0678 

ZH126_4l_pTHj_genbin2_recobin3 acc 0.0478 eff 0.1144 outinratio 0.0634 

ttH126_4l_pTHj_genbin2_recobin3 acc 0.0096 eff 0.0905 outinratio 0.1499 

ggH126_4l_pTHj_genbin3_recobin3 acc 0.0251 eff 0.3174 outinratio 0.0684 

VBFH126_4l_pTHj_genbin3_recobin3 acc 0.0779 eff 0.252 outinratio 0.0339 

WminusH126_4l_pTHj_genbin3_recobin3 acc 0.049 eff 0.297 outinratio 0.0758 

WplusH126_4l_pTHj_genbin3_recobin3 acc 0.0392 eff 0.2672 outinratio 0.0678 

ZH126_4l_pTHj_genbin3_recobin3 acc 0.0453 eff 0.2662 outinratio 0.0634 

ttH126_4l_pTHj_genbin3_recobin3 acc 0.0114 eff 0.1847 outinratio 0.1499 

ggH126_4l_pTHj_genbin4_recobin3 acc 0.0373 eff 0.0528 outinratio 0.0684 

VBFH126_4l_pTHj_genbin4_recobin3 acc 0.1715 eff 0.0526 outinratio 0.0339 

WminusH126_4l_pTHj_genbin4_recobin3 acc 0.0986 eff 0.0435 outinratio 0.0758 

WplusH126_4l_pTHj_genbin4_recobin3 acc 0.0883 eff 0.0486 outinratio 0.0678 

ZH126_4l_pTHj_genbin4_recobin3 acc 0.1035 eff 0.0439 outinratio 0.0634 

ttH126_4l_pTHj_genbin4_recobin3 acc 0.0686 eff 0.0269 outinratio 0.1499 

ggH126_4l_pTHj_genbin5_recobin3 acc 0.0115 eff 0.0054 outinratio 0.0684 

VBFH126_4l_pTHj_genbin5_recobin3 acc 0.0503 eff 0.0015 outinratio 0.0339 

WminusH126_4l_pTHj_genbin5_recobin3 acc 0.0536 eff 0.0055 outinratio 0.0758 

WplusH126_4l_pTHj_genbin5_recobin3 acc 0.0532 eff 0.0046 outinratio 0.0678 

ZH126_4l_pTHj_genbin5_recobin3 acc 0.057 eff 0.0055 outinratio 0.0634 

ttH126_4l_pTHj_genbin5_recobin3 acc 0.2246 eff 0.0031 outinratio 0.1499 

ggH126_4l_pTHj_genbin0_recobin4 acc 0.2574 eff 0.0273 outinratio 0.0692 

VBFH126_4l_pTHj_genbin0_recobin4 acc 0.0396 eff 0.047 outinratio 0.034 

WminusH126_4l_pTHj_genbin0_recobin4 acc 0.0844 eff 0.0652 outinratio 0.0788 

WplusH126_4l_pTHj_genbin0_recobin4 acc 0.0737 eff 0.0635 outinratio 0.0742 

ZH126_4l_pTHj_genbin0_recobin4 acc 0.0768 eff 0.0516 outinratio 0.0939 

ttH126_4l_pTHj_genbin0_recobin4 acc 0.0008 eff 0.1203 outinratio 0.166 

ggH126_4l_pTHj_genbin1_recobin4 acc 0.0277 eff 0.0126 outinratio 0.0692 

VBFH126_4l_pTHj_genbin1_recobin4 acc 0.0249 eff 0.0191 outinratio 0.034 

WminusH126_4l_pTHj_genbin1_recobin4 acc 0.0148 eff 0.0117 outinratio 0.0788 

WplusH126_4l_pTHj_genbin1_recobin4 acc 0.0128 eff 0.0308 outinratio 0.0742 

ZH126_4l_pTHj_genbin1_recobin4 acc 0.0123 eff 0.0318 outinratio 0.0939 

ttH126_4l_pTHj_genbin1_recobin4 acc 0.0023 eff 0.036 outinratio 0.166 

ggH126_4l_pTHj_genbin2_recobin4 acc 0.0485 eff 0.0313 outinratio 0.0692 

VBFH126_4l_pTHj_genbin2_recobin4 acc 0.0884 eff 0.0453 outinratio 0.034 

WminusH126_4l_pTHj_genbin2_recobin4 acc 0.0536 eff 0.0387 outinratio 0.0788 

WplusH126_4l_pTHj_genbin2_recobin4 acc 0.0465 eff 0.0478 outinratio 0.0742 

ZH126_4l_pTHj_genbin2_recobin4 acc 0.0478 eff 0.0399 outinratio 0.0939 

ttH126_4l_pTHj_genbin2_recobin4 acc 0.0096 eff 0.0895 outinratio 0.166 

ggH126_4l_pTHj_genbin3_recobin4 acc 0.0251 eff 0.1223 outinratio 0.0692 

VBFH126_4l_pTHj_genbin3_recobin4 acc 0.0779 eff 0.1756 outinratio 0.034 

WminusH126_4l_pTHj_genbin3_recobin4 acc 0.049 eff 0.1564 outinratio 0.0788 

WplusH126_4l_pTHj_genbin3_recobin4 acc 0.0392 eff 0.1483 outinratio 0.0742 

ZH126_4l_pTHj_genbin3_recobin4 acc 0.0453 eff 0.144 outinratio 0.0939 

ttH126_4l_pTHj_genbin3_recobin4 acc 0.0114 eff 0.1526 outinratio 0.166 

ggH126_4l_pTHj_genbin4_recobin4 acc 0.0373 eff 0.449 outinratio 0.0692 

VBFH126_4l_pTHj_genbin4_recobin4 acc 0.1715 eff 0.4353 outinratio 0.034 

WminusH126_4l_pTHj_genbin4_recobin4 acc 0.0986 eff 0.4222 outinratio 0.0788 

WplusH126_4l_pTHj_genbin4_recobin4 acc 0.0883 eff 0.4499 outinratio 0.0742 

ZH126_4l_pTHj_genbin4_recobin4 acc 0.1035 eff 0.4345 outinratio 0.0939 

ttH126_4l_pTHj_genbin4_recobin4 acc 0.0686 eff 0.366 outinratio 0.166 

ggH126_4l_pTHj_genbin5_recobin4 acc 0.0115 eff 0.0581 outinratio 0.0692 

VBFH126_4l_pTHj_genbin5_recobin4 acc 0.0503 eff 0.0685 outinratio 0.034 

WminusH126_4l_pTHj_genbin5_recobin4 acc 0.0536 eff 0.0679 outinratio 0.0788 

WplusH126_4l_pTHj_genbin5_recobin4 acc 0.0532 eff 0.0591 outinratio 0.0742 

ZH126_4l_pTHj_genbin5_recobin4 acc 0.057 eff 0.0464 outinratio 0.0939 

ttH126_4l_pTHj_genbin5_recobin4 acc 0.2246 eff 0.0294 outinratio 0.166 

ggH126_4l_pTHj_genbin0_recobin5 acc 0.2574 eff 0.0023 outinratio 0.0479 

VBFH126_4l_pTHj_genbin0_recobin5 acc 0.0396 eff 0.003 outinratio 0.0329 

WminusH126_4l_pTHj_genbin0_recobin5 acc 0.0844 eff 0.0392 outinratio 0.0884 

WplusH126_4l_pTHj_genbin0_recobin5 acc 0.0737 eff 0.0405 outinratio 0.0821 

ZH126_4l_pTHj_genbin0_recobin5 acc 0.0768 eff 0.0315 outinratio 0.096 

ttH126_4l_pTHj_genbin0_recobin5 acc 0.0008 eff 0.308 outinratio 0.1691 

ggH126_4l_pTHj_genbin1_recobin5 acc 0.0277 eff 0.0021 outinratio 0.0479 

VBFH126_4l_pTHj_genbin1_recobin5 acc 0.0249 eff 0.0034 outinratio 0.0329 

WminusH126_4l_pTHj_genbin1_recobin5 acc 0.0148 eff 0.0047 outinratio 0.0884 

WplusH126_4l_pTHj_genbin1_recobin5 acc 0.0128 eff 0.0051 outinratio 0.0821 

ZH126_4l_pTHj_genbin1_recobin5 acc 0.0123 eff 0.0282 outinratio 0.096 

ttH126_4l_pTHj_genbin1_recobin5 acc 0.0023 eff 0.0535 outinratio 0.1691 

ggH126_4l_pTHj_genbin2_recobin5 acc 0.0485 eff 0.0087 outinratio 0.0479 

VBFH126_4l_pTHj_genbin2_recobin5 acc 0.0884 eff 0.0068 outinratio 0.0329 

WminusH126_4l_pTHj_genbin2_recobin5 acc 0.0536 eff 0.0075 outinratio 0.0884 

WplusH126_4l_pTHj_genbin2_recobin5 acc 0.0465 eff 0.0083 outinratio 0.0821 

ZH126_4l_pTHj_genbin2_recobin5 acc 0.0478 eff 0.0071 outinratio 0.096 

ttH126_4l_pTHj_genbin2_recobin5 acc 0.0096 eff 0.0532 outinratio 0.1691 

ggH126_4l_pTHj_genbin3_recobin5 acc 0.0251 eff 0.0083 outinratio 0.0479 

VBFH126_4l_pTHj_genbin3_recobin5 acc 0.0779 eff 0.0102 outinratio 0.0329 

WminusH126_4l_pTHj_genbin3_recobin5 acc 0.049 eff 0.0149 outinratio 0.0884 

WplusH126_4l_pTHj_genbin3_recobin5 acc 0.0392 eff 0.0111 outinratio 0.0821 

ZH126_4l_pTHj_genbin3_recobin5 acc 0.0453 eff 0.011 outinratio 0.096 

ttH126_4l_pTHj_genbin3_recobin5 acc 0.0114 eff 0.0921 outinratio 0.1691 

ggH126_4l_pTHj_genbin4_recobin5 acc 0.0373 eff 0.0363 outinratio 0.0479 

VBFH126_4l_pTHj_genbin4_recobin5 acc 0.1715 eff 0.0587 outinratio 0.0329 

WminusH126_4l_pTHj_genbin4_recobin5 acc 0.0986 eff 0.0389 outinratio 0.0884 

WplusH126_4l_pTHj_genbin4_recobin5 acc 0.0883 eff 0.0439 outinratio 0.0821 

ZH126_4l_pTHj_genbin4_recobin5 acc 0.1035 eff 0.0407 outinratio 0.096 

ttH126_4l_pTHj_genbin4_recobin5 acc 0.0686 eff 0.1261 outinratio 0.1691 

ggH126_4l_pTHj_genbin5_recobin5 acc 0.0115 eff 0.5081 outinratio 0.0479 

VBFH126_4l_pTHj_genbin5_recobin5 acc 0.0503 eff 0.5038 outinratio 0.0329 

WminusH126_4l_pTHj_genbin5_recobin5 acc 0.0536 eff 0.4932 outinratio 0.0884 

WplusH126_4l_pTHj_genbin5_recobin5 acc 0.0532 eff 0.4878 outinratio 0.0821 

ZH126_4l_pTHj_genbin5_recobin5 acc 0.057 eff 0.5041 outinratio 0.096 

ttH126_4l_pTHj_genbin5_recobin5 acc 0.2246 eff 0.5102 outinratio 0.1691 

ggH126_4e_pTHj_genbin0_recobin0 acc 0.2504 eff 0.2743 outinratio 0.0465 

VBFH126_4e_pTHj_genbin0_recobin0 acc 0.0384 eff 0.2266 outinratio 0.0256 

WminusH126_4e_pTHj_genbin0_recobin0 acc 0.0817 eff 0.219 outinratio 0.0801 

WplusH126_4e_pTHj_genbin0_recobin0 acc 0.0729 eff 0.2332 outinratio 0.0649 

ZH126_4e_pTHj_genbin0_recobin0 acc 0.0758 eff 0.2874 outinratio 0.0782 

ttH126_4e_pTHj_genbin0_recobin0 acc 0.0009 eff 0.2428 outinratio 0.0 

ggH126_4e_pTHj_genbin1_recobin0 acc 0.0264 eff 0.0519 outinratio 0.0465 

VBFH126_4e_pTHj_genbin1_recobin0 acc 0.0252 eff 0.0234 outinratio 0.0256 

WminusH126_4e_pTHj_genbin1_recobin0 acc 0.0166 eff 0.01 outinratio 0.0801 

WplusH126_4e_pTHj_genbin1_recobin0 acc 0.012 eff 0.0184 outinratio 0.0649 

ZH126_4e_pTHj_genbin1_recobin0 acc 0.0129 eff 0.0048 outinratio 0.0782 

ttH126_4e_pTHj_genbin1_recobin0 acc 0.0018 eff 0.0 outinratio 0.0 

ggH126_4e_pTHj_genbin2_recobin0 acc 0.0457 eff 0.0436 outinratio 0.0465 

VBFH126_4e_pTHj_genbin2_recobin0 acc 0.0839 eff 0.0282 outinratio 0.0256 

WminusH126_4e_pTHj_genbin2_recobin0 acc 0.0547 eff 0.0281 outinratio 0.0801 

WplusH126_4e_pTHj_genbin2_recobin0 acc 0.0462 eff 0.0174 outinratio 0.0649 

ZH126_4e_pTHj_genbin2_recobin0 acc 0.0426 eff 0.0096 outinratio 0.0782 

ttH126_4e_pTHj_genbin2_recobin0 acc 0.01 eff 0.0 outinratio 0.0 

ggH126_4e_pTHj_genbin3_recobin0 acc 0.023 eff 0.0263 outinratio 0.0465 

VBFH126_4e_pTHj_genbin3_recobin0 acc 0.0765 eff 0.02 outinratio 0.0256 

WminusH126_4e_pTHj_genbin3_recobin0 acc 0.0484 eff 0.0126 outinratio 0.0801 

WplusH126_4e_pTHj_genbin3_recobin0 acc 0.0391 eff 0.0104 outinratio 0.0649 

ZH126_4e_pTHj_genbin3_recobin0 acc 0.0457 eff 0.019 outinratio 0.0782 

ttH126_4e_pTHj_genbin3_recobin0 acc 0.0121 eff 0.0 outinratio 0.0 

ggH126_4e_pTHj_genbin4_recobin0 acc 0.0365 eff 0.0192 outinratio 0.0465 

VBFH126_4e_pTHj_genbin4_recobin0 acc 0.1655 eff 0.0068 outinratio 0.0256 

WminusH126_4e_pTHj_genbin4_recobin0 acc 0.1008 eff 0.0108 outinratio 0.0801 

WplusH126_4e_pTHj_genbin4_recobin0 acc 0.0852 eff 0.0072 outinratio 0.0649 

ZH126_4e_pTHj_genbin4_recobin0 acc 0.104 eff 0.0068 outinratio 0.0782 

ttH126_4e_pTHj_genbin4_recobin0 acc 0.0674 eff 0.0006 outinratio 0.0 

ggH126_4e_pTHj_genbin5_recobin0 acc 0.0102 eff 0.0 outinratio 0.0465 

VBFH126_4e_pTHj_genbin5_recobin0 acc 0.0484 eff 0.0 outinratio 0.0256 

WminusH126_4e_pTHj_genbin5_recobin0 acc 0.0515 eff 0.015 outinratio 0.0801 

WplusH126_4e_pTHj_genbin5_recobin0 acc 0.0553 eff 0.0043 outinratio 0.0649 

ZH126_4e_pTHj_genbin5_recobin0 acc 0.0583 eff 0.0059 outinratio 0.0782 

ttH126_4e_pTHj_genbin5_recobin0 acc 0.2197 eff 0.0002 outinratio 0.0 

ggH126_4e_pTHj_genbin0_recobin1 acc 0.2504 eff 0.0044 outinratio 0.0569 

VBFH126_4e_pTHj_genbin0_recobin1 acc 0.0384 eff 0.0125 outinratio 0.0274 

WminusH126_4e_pTHj_genbin0_recobin1 acc 0.0817 eff 0.0053 outinratio 0.0612 

WplusH126_4e_pTHj_genbin0_recobin1 acc 0.0729 eff 0.0061 outinratio 0.053 

ZH126_4e_pTHj_genbin0_recobin1 acc 0.0758 eff 0.0039 outinratio 0.0552 

ttH126_4e_pTHj_genbin0_recobin1 acc 0.0009 eff 0.0 outinratio 0.1346 

ggH126_4e_pTHj_genbin1_recobin1 acc 0.0264 eff 0.135 outinratio 0.0569 

VBFH126_4e_pTHj_genbin1_recobin1 acc 0.0252 eff 0.1471 outinratio 0.0274 

WminusH126_4e_pTHj_genbin1_recobin1 acc 0.0166 eff 0.229 outinratio 0.0612 

WplusH126_4e_pTHj_genbin1_recobin1 acc 0.012 eff 0.1734 outinratio 0.053 

ZH126_4e_pTHj_genbin1_recobin1 acc 0.0129 eff 0.2128 outinratio 0.0552 

ttH126_4e_pTHj_genbin1_recobin1 acc 0.0018 eff 0.1072 outinratio 0.1346 

ggH126_4e_pTHj_genbin2_recobin1 acc 0.0457 eff 0.0414 outinratio 0.0569 

VBFH126_4e_pTHj_genbin2_recobin1 acc 0.0839 eff 0.0322 outinratio 0.0274 

WminusH126_4e_pTHj_genbin2_recobin1 acc 0.0547 eff 0.0283 outinratio 0.0612 

WplusH126_4e_pTHj_genbin2_recobin1 acc 0.0462 eff 0.0337 outinratio 0.053 

ZH126_4e_pTHj_genbin2_recobin1 acc 0.0426 eff 0.0314 outinratio 0.0552 

ttH126_4e_pTHj_genbin2_recobin1 acc 0.01 eff 0.0379 outinratio 0.1346 

ggH126_4e_pTHj_genbin3_recobin1 acc 0.023 eff 0.0049 outinratio 0.0569 

VBFH126_4e_pTHj_genbin3_recobin1 acc 0.0765 eff 0.0059 outinratio 0.0274 

WminusH126_4e_pTHj_genbin3_recobin1 acc 0.0484 eff 0.0012 outinratio 0.0612 

WplusH126_4e_pTHj_genbin3_recobin1 acc 0.0391 eff 0.0044 outinratio 0.053 

ZH126_4e_pTHj_genbin3_recobin1 acc 0.0457 eff -0.0011 outinratio 0.0552 

ttH126_4e_pTHj_genbin3_recobin1 acc 0.0121 eff 0.0 outinratio 0.1346 

ggH126_4e_pTHj_genbin4_recobin1 acc 0.0365 eff 0.0 outinratio 0.0569 

VBFH126_4e_pTHj_genbin4_recobin1 acc 0.1655 eff 0.0002 outinratio 0.0274 

WminusH126_4e_pTHj_genbin4_recobin1 acc 0.1008 eff 0.0 outinratio 0.0612 

WplusH126_4e_pTHj_genbin4_recobin1 acc 0.0852 eff 0.0019 outinratio 0.053 

ZH126_4e_pTHj_genbin4_recobin1 acc 0.104 eff 0.0008 outinratio 0.0552 

ttH126_4e_pTHj_genbin4_recobin1 acc 0.0674 eff 0.0008 outinratio 0.1346 

ggH126_4e_pTHj_genbin5_recobin1 acc 0.0102 eff 0.0 outinratio 0.0569 

VBFH126_4e_pTHj_genbin5_recobin1 acc 0.0484 eff 0.0 outinratio 0.0274 

WminusH126_4e_pTHj_genbin5_recobin1 acc 0.0515 eff 0.0 outinratio 0.0612 

WplusH126_4e_pTHj_genbin5_recobin1 acc 0.0553 eff 0.0 outinratio 0.053 

ZH126_4e_pTHj_genbin5_recobin1 acc 0.0583 eff 0.0 outinratio 0.0552 

ttH126_4e_pTHj_genbin5_recobin1 acc 0.2197 eff 0.0004 outinratio 0.1346 

ggH126_4e_pTHj_genbin0_recobin2 acc 0.2504 eff 0.011 outinratio 0.0375 

VBFH126_4e_pTHj_genbin0_recobin2 acc 0.0384 eff 0.0341 outinratio 0.0342 

WminusH126_4e_pTHj_genbin0_recobin2 acc 0.0817 eff 0.0142 outinratio 0.0578 

WplusH126_4e_pTHj_genbin0_recobin2 acc 0.0729 eff 0.0138 outinratio 0.0627 

ZH126_4e_pTHj_genbin0_recobin2 acc 0.0758 eff 0.0105 outinratio 0.0911 

ttH126_4e_pTHj_genbin0_recobin2 acc 0.0009 eff 0.0 outinratio 0.1723 

ggH126_4e_pTHj_genbin1_recobin2 acc 0.0264 eff 0.0959 outinratio 0.0375 

VBFH126_4e_pTHj_genbin1_recobin2 acc 0.0252 eff 0.1432 outinratio 0.0342 

WminusH126_4e_pTHj_genbin1_recobin2 acc 0.0166 eff 0.1389 outinratio 0.0578 

WplusH126_4e_pTHj_genbin1_recobin2 acc 0.012 eff 0.0911 outinratio 0.0627 

ZH126_4e_pTHj_genbin1_recobin2 acc 0.0129 eff 0.1045 outinratio 0.0911 

ttH126_4e_pTHj_genbin1_recobin2 acc 0.0018 eff 0.1275 outinratio 0.1723 

ggH126_4e_pTHj_genbin2_recobin2 acc 0.0457 eff 0.1942 outinratio 0.0375 

VBFH126_4e_pTHj_genbin2_recobin2 acc 0.0839 eff 0.1934 outinratio 0.0342 

WminusH126_4e_pTHj_genbin2_recobin2 acc 0.0547 eff 0.2098 outinratio 0.0578 

WplusH126_4e_pTHj_genbin2_recobin2 acc 0.0462 eff 0.181 outinratio 0.0627 

ZH126_4e_pTHj_genbin2_recobin2 acc 0.0426 eff 0.2238 outinratio 0.0911 

ttH126_4e_pTHj_genbin2_recobin2 acc 0.01 eff 0.1243 outinratio 0.1723 

ggH126_4e_pTHj_genbin3_recobin2 acc 0.023 eff 0.0353 outinratio 0.0375 

VBFH126_4e_pTHj_genbin3_recobin2 acc 0.0765 eff 0.06 outinratio 0.0342 

WminusH126_4e_pTHj_genbin3_recobin2 acc 0.0484 eff 0.0847 outinratio 0.0578 

WplusH126_4e_pTHj_genbin3_recobin2 acc 0.0391 eff 0.0574 outinratio 0.0627 

ZH126_4e_pTHj_genbin3_recobin2 acc 0.0457 eff 0.0619 outinratio 0.0911 

ttH126_4e_pTHj_genbin3_recobin2 acc 0.0121 eff 0.072 outinratio 0.1723 

ggH126_4e_pTHj_genbin4_recobin2 acc 0.0365 eff 0.0045 outinratio 0.0375 

VBFH126_4e_pTHj_genbin4_recobin2 acc 0.1655 eff 0.0085 outinratio 0.0342 

WminusH126_4e_pTHj_genbin4_recobin2 acc 0.1008 eff 0.0064 outinratio 0.0578 

WplusH126_4e_pTHj_genbin4_recobin2 acc 0.0852 eff 0.0059 outinratio 0.0627 

ZH126_4e_pTHj_genbin4_recobin2 acc 0.104 eff 0.0049 outinratio 0.0911 

ttH126_4e_pTHj_genbin4_recobin2 acc 0.0674 eff 0.0094 outinratio 0.1723 

ggH126_4e_pTHj_genbin5_recobin2 acc 0.0102 eff 0.0 outinratio 0.0375 

VBFH126_4e_pTHj_genbin5_recobin2 acc 0.0484 eff 0.0009 outinratio 0.0342 

WminusH126_4e_pTHj_genbin5_recobin2 acc 0.0515 eff 0.0 outinratio 0.0578 

WplusH126_4e_pTHj_genbin5_recobin2 acc 0.0553 eff 0.0024 outinratio 0.0627 

ZH126_4e_pTHj_genbin5_recobin2 acc 0.0583 eff 0.0 outinratio 0.0911 

ttH126_4e_pTHj_genbin5_recobin2 acc 0.2197 eff 0.0014 outinratio 0.1723 

ggH126_4e_pTHj_genbin0_recobin3 acc 0.2504 eff 0.0119 outinratio 0.0451 

VBFH126_4e_pTHj_genbin0_recobin3 acc 0.0384 eff 0.0198 outinratio 0.0265 

WminusH126_4e_pTHj_genbin0_recobin3 acc 0.0817 eff 0.0236 outinratio 0.0786 

WplusH126_4e_pTHj_genbin0_recobin3 acc 0.0729 eff 0.012 outinratio 0.0765 

ZH126_4e_pTHj_genbin0_recobin3 acc 0.0758 eff 0.0067 outinratio 0.0269 

ttH126_4e_pTHj_genbin0_recobin3 acc 0.0009 eff 0.0 outinratio 0.1738 

ggH126_4e_pTHj_genbin1_recobin3 acc 0.0264 eff 0.0141 outinratio 0.0451 

VBFH126_4e_pTHj_genbin1_recobin3 acc 0.0252 eff 0.0183 outinratio 0.0265 

WminusH126_4e_pTHj_genbin1_recobin3 acc 0.0166 eff 0.0105 outinratio 0.0786 

WplusH126_4e_pTHj_genbin1_recobin3 acc 0.012 eff 0.0275 outinratio 0.0765 

ZH126_4e_pTHj_genbin1_recobin3 acc 0.0129 eff 0.0059 outinratio 0.0269 

ttH126_4e_pTHj_genbin1_recobin3 acc 0.0018 eff 0.0238 outinratio 0.1738 

ggH126_4e_pTHj_genbin2_recobin3 acc 0.0457 eff 0.0421 outinratio 0.0451 

VBFH126_4e_pTHj_genbin2_recobin3 acc 0.0839 eff 0.0653 outinratio 0.0265 

WminusH126_4e_pTHj_genbin2_recobin3 acc 0.0547 eff 0.0663 outinratio 0.0786 

WplusH126_4e_pTHj_genbin2_recobin3 acc 0.0462 eff 0.0557 outinratio 0.0765 

ZH126_4e_pTHj_genbin2_recobin3 acc 0.0426 eff 0.1026 outinratio 0.0269 

ttH126_4e_pTHj_genbin2_recobin3 acc 0.01 eff 0.0821 outinratio 0.1738 

ggH126_4e_pTHj_genbin3_recobin3 acc 0.023 eff 0.1975 outinratio 0.0451 

VBFH126_4e_pTHj_genbin3_recobin3 acc 0.0765 eff 0.142 outinratio 0.0265 

WminusH126_4e_pTHj_genbin3_recobin3 acc 0.0484 eff 0.1655 outinratio 0.0786 

WplusH126_4e_pTHj_genbin3_recobin3 acc 0.0391 eff 0.1461 outinratio 0.0765 

ZH126_4e_pTHj_genbin3_recobin3 acc 0.0457 eff 0.1766 outinratio 0.0269 

ttH126_4e_pTHj_genbin3_recobin3 acc 0.0121 eff 0.1253 outinratio 0.1738 

ggH126_4e_pTHj_genbin4_recobin3 acc 0.0365 eff 0.0343 outinratio 0.0451 

VBFH126_4e_pTHj_genbin4_recobin3 acc 0.1655 eff 0.037 outinratio 0.0265 

WminusH126_4e_pTHj_genbin4_recobin3 acc 0.1008 eff 0.0262 outinratio 0.0786 

WplusH126_4e_pTHj_genbin4_recobin3 acc 0.0852 eff 0.0257 outinratio 0.0765 

ZH126_4e_pTHj_genbin4_recobin3 acc 0.104 eff 0.0227 outinratio 0.0269 

ttH126_4e_pTHj_genbin4_recobin3 acc 0.0674 eff 0.023 outinratio 0.1738 

ggH126_4e_pTHj_genbin5_recobin3 acc 0.0102 eff 0.0 outinratio 0.0451 

VBFH126_4e_pTHj_genbin5_recobin3 acc 0.0484 eff 0.001 outinratio 0.0265 

WminusH126_4e_pTHj_genbin5_recobin3 acc 0.0515 eff 0.0 outinratio 0.0786 

WplusH126_4e_pTHj_genbin5_recobin3 acc 0.0553 eff 0.0057 outinratio 0.0765 

ZH126_4e_pTHj_genbin5_recobin3 acc 0.0583 eff 0.0015 outinratio 0.0269 

ttH126_4e_pTHj_genbin5_recobin3 acc 0.2197 eff 0.0023 outinratio 0.1738 

ggH126_4e_pTHj_genbin0_recobin4 acc 0.2504 eff 0.014 outinratio 0.0643 

VBFH126_4e_pTHj_genbin0_recobin4 acc 0.0384 eff 0.0284 outinratio 0.0304 

WminusH126_4e_pTHj_genbin0_recobin4 acc 0.0817 eff 0.042 outinratio 0.074 

WplusH126_4e_pTHj_genbin0_recobin4 acc 0.0729 eff 0.0339 outinratio 0.0873 

ZH126_4e_pTHj_genbin0_recobin4 acc 0.0758 eff 0.0264 outinratio 0.0912 

ttH126_4e_pTHj_genbin0_recobin4 acc 0.0009 eff 0.0 outinratio 0.163 

ggH126_4e_pTHj_genbin1_recobin4 acc 0.0264 eff 0.0137 outinratio 0.0643 

VBFH126_4e_pTHj_genbin1_recobin4 acc 0.0252 eff 0.0113 outinratio 0.0304 

WminusH126_4e_pTHj_genbin1_recobin4 acc 0.0166 eff 0.0083 outinratio 0.074 

WplusH126_4e_pTHj_genbin1_recobin4 acc 0.012 eff 0.0255 outinratio 0.0873 

ZH126_4e_pTHj_genbin1_recobin4 acc 0.0129 eff 0.0087 outinratio 0.0912 

ttH126_4e_pTHj_genbin1_recobin4 acc 0.0018 eff 0.0175 outinratio 0.163 

ggH126_4e_pTHj_genbin2_recobin4 acc 0.0457 eff 0.0121 outinratio 0.0643 

VBFH126_4e_pTHj_genbin2_recobin4 acc 0.0839 eff 0.0279 outinratio 0.0304 

WminusH126_4e_pTHj_genbin2_recobin4 acc 0.0547 eff 0.0157 outinratio 0.074 

WplusH126_4e_pTHj_genbin2_recobin4 acc 0.0462 eff 0.0298 outinratio 0.0873 

ZH126_4e_pTHj_genbin2_recobin4 acc 0.0426 eff 0.016 outinratio 0.0912 

ttH126_4e_pTHj_genbin2_recobin4 acc 0.01 eff 0.0473 outinratio 0.163 

ggH126_4e_pTHj_genbin3_recobin4 acc 0.023 eff 0.0713 outinratio 0.0643 

VBFH126_4e_pTHj_genbin3_recobin4 acc 0.0765 eff 0.1101 outinratio 0.0304 

WminusH126_4e_pTHj_genbin3_recobin4 acc 0.0484 eff 0.0992 outinratio 0.074 

WplusH126_4e_pTHj_genbin3_recobin4 acc 0.0391 eff 0.0881 outinratio 0.0873 

ZH126_4e_pTHj_genbin3_recobin4 acc 0.0457 eff 0.0777 outinratio 0.0912 

ttH126_4e_pTHj_genbin3_recobin4 acc 0.0121 eff 0.0875 outinratio 0.163 

ggH126_4e_pTHj_genbin4_recobin4 acc 0.0365 eff 0.2707 outinratio 0.0643 

VBFH126_4e_pTHj_genbin4_recobin4 acc 0.1655 eff 0.2832 outinratio 0.0304 

WminusH126_4e_pTHj_genbin4_recobin4 acc 0.1008 eff 0.2402 outinratio 0.074 

WplusH126_4e_pTHj_genbin4_recobin4 acc 0.0852 eff 0.2762 outinratio 0.0873 

ZH126_4e_pTHj_genbin4_recobin4 acc 0.104 eff 0.284 outinratio 0.0912 

ttH126_4e_pTHj_genbin4_recobin4 acc 0.0674 eff 0.223 outinratio 0.163 

ggH126_4e_pTHj_genbin5_recobin4 acc 0.0102 eff 0.0355 outinratio 0.0643 

VBFH126_4e_pTHj_genbin5_recobin4 acc 0.0484 eff 0.0481 outinratio 0.0304 

WminusH126_4e_pTHj_genbin5_recobin4 acc 0.0515 eff 0.0441 outinratio 0.074 

WplusH126_4e_pTHj_genbin5_recobin4 acc 0.0553 eff 0.0418 outinratio 0.0873 

ZH126_4e_pTHj_genbin5_recobin4 acc 0.0583 eff 0.0432 outinratio 0.0912 

ttH126_4e_pTHj_genbin5_recobin4 acc 0.2197 eff 0.0175 outinratio 0.163 

ggH126_4e_pTHj_genbin0_recobin5 acc 0.2504 eff 0.0004 outinratio 0.0934 

VBFH126_4e_pTHj_genbin0_recobin5 acc 0.0384 eff 0.0042 outinratio 0.0365 

WminusH126_4e_pTHj_genbin0_recobin5 acc 0.0817 eff 0.0272 outinratio 0.1103 

WplusH126_4e_pTHj_genbin0_recobin5 acc 0.0729 eff 0.0297 outinratio 0.0899 

ZH126_4e_pTHj_genbin0_recobin5 acc 0.0758 eff 0.0204 outinratio 0.1303 

ttH126_4e_pTHj_genbin0_recobin5 acc 0.0009 eff 0.1433 outinratio 0.2133 

ggH126_4e_pTHj_genbin1_recobin5 acc 0.0264 eff 0.0 outinratio 0.0934 

VBFH126_4e_pTHj_genbin1_recobin5 acc 0.0252 eff 0.0024 outinratio 0.0365 

WminusH126_4e_pTHj_genbin1_recobin5 acc 0.0166 eff 0.0171 outinratio 0.1103 

WplusH126_4e_pTHj_genbin1_recobin5 acc 0.012 eff 0.0011 outinratio 0.0899 

ZH126_4e_pTHj_genbin1_recobin5 acc 0.0129 eff 0.016 outinratio 0.1303 

ttH126_4e_pTHj_genbin1_recobin5 acc 0.0018 eff 0.0 outinratio 0.2133 

ggH126_4e_pTHj_genbin2_recobin5 acc 0.0457 eff 0.0026 outinratio 0.0934 

VBFH126_4e_pTHj_genbin2_recobin5 acc 0.0839 eff 0.0027 outinratio 0.0365 

WminusH126_4e_pTHj_genbin2_recobin5 acc 0.0547 eff 0.0086 outinratio 0.1103 

WplusH126_4e_pTHj_genbin2_recobin5 acc 0.0462 eff 0.0044 outinratio 0.0899 

ZH126_4e_pTHj_genbin2_recobin5 acc 0.0426 eff 0.0009 outinratio 0.1303 

ttH126_4e_pTHj_genbin2_recobin5 acc 0.01 eff 0.0361 outinratio 0.2133 

ggH126_4e_pTHj_genbin3_recobin5 acc 0.023 eff 0.0027 outinratio 0.0934 

VBFH126_4e_pTHj_genbin3_recobin5 acc 0.0765 eff 0.0053 outinratio 0.0365 

WminusH126_4e_pTHj_genbin3_recobin5 acc 0.0484 eff 0.0044 outinratio 0.1103 

WplusH126_4e_pTHj_genbin3_recobin5 acc 0.0391 eff 0.011 outinratio 0.0899 

ZH126_4e_pTHj_genbin3_recobin5 acc 0.0457 eff 0.006 outinratio 0.1303 

ttH126_4e_pTHj_genbin3_recobin5 acc 0.0121 eff 0.0511 outinratio 0.2133 

ggH126_4e_pTHj_genbin4_recobin5 acc 0.0365 eff 0.0238 outinratio 0.0934 

VBFH126_4e_pTHj_genbin4_recobin5 acc 0.1655 eff 0.039 outinratio 0.0365 

WminusH126_4e_pTHj_genbin4_recobin5 acc 0.1008 eff 0.0231 outinratio 0.1103 

WplusH126_4e_pTHj_genbin4_recobin5 acc 0.0852 eff 0.028 outinratio 0.0899 

ZH126_4e_pTHj_genbin4_recobin5 acc 0.104 eff 0.0162 outinratio 0.1303 

ttH126_4e_pTHj_genbin4_recobin5 acc 0.0674 eff 0.0823 outinratio 0.2133 

ggH126_4e_pTHj_genbin5_recobin5 acc 0.0102 eff 0.3169 outinratio 0.0934 

VBFH126_4e_pTHj_genbin5_recobin5 acc 0.0484 eff 0.3174 outinratio 0.0365 

WminusH126_4e_pTHj_genbin5_recobin5 acc 0.0515 eff 0.3292 outinratio 0.1103 

WplusH126_4e_pTHj_genbin5_recobin5 acc 0.0553 eff 0.3115 outinratio 0.0899 

ZH126_4e_pTHj_genbin5_recobin5 acc 0.0583 eff 0.2693 outinratio 0.1303 

ttH126_4e_pTHj_genbin5_recobin5 acc 0.2197 eff 0.3134 outinratio 0.2133 

ggH126_4mu_pTHj_genbin0_recobin0 acc 0.2705 eff 0.6812 outinratio 0.0468 

VBFH126_4mu_pTHj_genbin0_recobin0 acc 0.041 eff 0.5699 outinratio 0.0359 

WminusH126_4mu_pTHj_genbin0_recobin0 acc 0.0882 eff 0.537 outinratio 0.0752 

WplusH126_4mu_pTHj_genbin0_recobin0 acc 0.08 eff 0.5454 outinratio 0.0547 

ZH126_4mu_pTHj_genbin0_recobin0 acc 0.0826 eff 0.6017 outinratio 0.0689 

ttH126_4mu_pTHj_genbin0_recobin0 acc 0.0007 eff 0.1844 outinratio 0.0 

ggH126_4mu_pTHj_genbin1_recobin0 acc 0.028 eff 0.1058 outinratio 0.0468 

VBFH126_4mu_pTHj_genbin1_recobin0 acc 0.0269 eff 0.0462 outinratio 0.0359 

WminusH126_4mu_pTHj_genbin1_recobin0 acc 0.0148 eff 0.0533 outinratio 0.0752 

WplusH126_4mu_pTHj_genbin1_recobin0 acc 0.0136 eff 0.0424 outinratio 0.0547 

ZH126_4mu_pTHj_genbin1_recobin0 acc 0.0137 eff 0.0632 outinratio 0.0689 

ttH126_4mu_pTHj_genbin1_recobin0 acc 0.002 eff 0.0 outinratio 0.0 

ggH126_4mu_pTHj_genbin2_recobin0 acc 0.0542 eff 0.0954 outinratio 0.0468 

VBFH126_4mu_pTHj_genbin2_recobin0 acc 0.0948 eff 0.0627 outinratio 0.0359 

WminusH126_4mu_pTHj_genbin2_recobin0 acc 0.058 eff 0.0268 outinratio 0.0752 

WplusH126_4mu_pTHj_genbin2_recobin0 acc 0.0477 eff 0.036 outinratio 0.0547 

ZH126_4mu_pTHj_genbin2_recobin0 acc 0.0505 eff 0.0533 outinratio 0.0689 

ttH126_4mu_pTHj_genbin2_recobin0 acc 0.009 eff 0.0 outinratio 0.0 

ggH126_4mu_pTHj_genbin3_recobin0 acc 0.0268 eff 0.0681 outinratio 0.0468 

VBFH126_4mu_pTHj_genbin3_recobin0 acc 0.0825 eff 0.0413 outinratio 0.0359 

WminusH126_4mu_pTHj_genbin3_recobin0 acc 0.0499 eff 0.0345 outinratio 0.0752 

WplusH126_4mu_pTHj_genbin3_recobin0 acc 0.0408 eff 0.0238 outinratio 0.0547 

ZH126_4mu_pTHj_genbin3_recobin0 acc 0.047 eff 0.0158 outinratio 0.0689 

ttH126_4mu_pTHj_genbin3_recobin0 acc 0.012 eff 0.0045 outinratio 0.0 

ggH126_4mu_pTHj_genbin4_recobin0 acc 0.0393 eff 0.0383 outinratio 0.0468 

VBFH126_4mu_pTHj_genbin4_recobin0 acc 0.1809 eff 0.0134 outinratio 0.0359 

WminusH126_4mu_pTHj_genbin4_recobin0 acc 0.1003 eff 0.0203 outinratio 0.0752 

WplusH126_4mu_pTHj_genbin4_recobin0 acc 0.0944 eff 0.0208 outinratio 0.0547 

ZH126_4mu_pTHj_genbin4_recobin0 acc 0.106 eff 0.0106 outinratio 0.0689 

ttH126_4mu_pTHj_genbin4_recobin0 acc 0.0754 eff 0.0023 outinratio 0.0 

ggH126_4mu_pTHj_genbin5_recobin0 acc 0.0124 eff 0.0056 outinratio 0.0468 

VBFH126_4mu_pTHj_genbin5_recobin0 acc 0.0528 eff 0.0 outinratio 0.0359 

WminusH126_4mu_pTHj_genbin5_recobin0 acc 0.0582 eff 0.0215 outinratio 0.0752 

WplusH126_4mu_pTHj_genbin5_recobin0 acc 0.0555 eff 0.018 outinratio 0.0547 

ZH126_4mu_pTHj_genbin5_recobin0 acc 0.0568 eff 0.0149 outinratio 0.0689 

ttH126_4mu_pTHj_genbin5_recobin0 acc 0.2412 eff 0.0002 outinratio 0.0 

ggH126_4mu_pTHj_genbin0_recobin1 acc 0.2705 eff 0.0108 outinratio 0.0541 

VBFH126_4mu_pTHj_genbin0_recobin1 acc 0.041 eff 0.0278 outinratio 0.0176 

WminusH126_4mu_pTHj_genbin0_recobin1 acc 0.0882 eff 0.0134 outinratio 0.0908 

WplusH126_4mu_pTHj_genbin0_recobin1 acc 0.08 eff 0.0122 outinratio 0.071 

ZH126_4mu_pTHj_genbin0_recobin1 acc 0.0826 eff 0.0041 outinratio 0.1156 

ttH126_4mu_pTHj_genbin0_recobin1 acc 0.0007 eff 0.0 outinratio 0.0509 

ggH126_4mu_pTHj_genbin1_recobin1 acc 0.028 eff 0.4873 outinratio 0.0541 

VBFH126_4mu_pTHj_genbin1_recobin1 acc 0.0269 eff 0.3833 outinratio 0.0176 

WminusH126_4mu_pTHj_genbin1_recobin1 acc 0.0148 eff 0.3705 outinratio 0.0908 

WplusH126_4mu_pTHj_genbin1_recobin1 acc 0.0136 eff 0.3878 outinratio 0.071 

ZH126_4mu_pTHj_genbin1_recobin1 acc 0.0137 eff 0.3912 outinratio 0.1156 

ttH126_4mu_pTHj_genbin1_recobin1 acc 0.002 eff 0.2285 outinratio 0.0509 

ggH126_4mu_pTHj_genbin2_recobin1 acc 0.0542 eff 0.0672 outinratio 0.0541 

VBFH126_4mu_pTHj_genbin2_recobin1 acc 0.0948 eff 0.0799 outinratio 0.0176 

WminusH126_4mu_pTHj_genbin2_recobin1 acc 0.058 eff 0.0652 outinratio 0.0908 

WplusH126_4mu_pTHj_genbin2_recobin1 acc 0.0477 eff 0.0519 outinratio 0.071 

ZH126_4mu_pTHj_genbin2_recobin1 acc 0.0505 eff 0.0672 outinratio 0.1156 

ttH126_4mu_pTHj_genbin2_recobin1 acc 0.009 eff 0.1988 outinratio 0.0509 

ggH126_4mu_pTHj_genbin3_recobin1 acc 0.0268 eff 0.0099 outinratio 0.0541 

VBFH126_4mu_pTHj_genbin3_recobin1 acc 0.0825 eff 0.0072 outinratio 0.0176 

WminusH126_4mu_pTHj_genbin3_recobin1 acc 0.0499 eff 0.0042 outinratio 0.0908 

WplusH126_4mu_pTHj_genbin3_recobin1 acc 0.0408 eff 0.006 outinratio 0.071 

ZH126_4mu_pTHj_genbin3_recobin1 acc 0.047 eff 0.0 outinratio 0.1156 

ttH126_4mu_pTHj_genbin3_recobin1 acc 0.012 eff 0.0 outinratio 0.0509 

ggH126_4mu_pTHj_genbin4_recobin1 acc 0.0393 eff 0.0004 outinratio 0.0541 

VBFH126_4mu_pTHj_genbin4_recobin1 acc 0.1809 eff 0.0013 outinratio 0.0176 

WminusH126_4mu_pTHj_genbin4_recobin1 acc 0.1003 eff 0.0029 outinratio 0.0908 

WplusH126_4mu_pTHj_genbin4_recobin1 acc 0.0944 eff 0.0031 outinratio 0.071 

ZH126_4mu_pTHj_genbin4_recobin1 acc 0.106 eff 0.0 outinratio 0.1156 

ttH126_4mu_pTHj_genbin4_recobin1 acc 0.0754 eff 0.0 outinratio 0.0509 

ggH126_4mu_pTHj_genbin5_recobin1 acc 0.0124 eff 0.0 outinratio 0.0541 

VBFH126_4mu_pTHj_genbin5_recobin1 acc 0.0528 eff 0.0 outinratio 0.0176 

WminusH126_4mu_pTHj_genbin5_recobin1 acc 0.0582 eff 0.0 outinratio 0.0908 

WplusH126_4mu_pTHj_genbin5_recobin1 acc 0.0555 eff 0.0 outinratio 0.071 

ZH126_4mu_pTHj_genbin5_recobin1 acc 0.0568 eff 0.0023 outinratio 0.1156 

ttH126_4mu_pTHj_genbin5_recobin1 acc 0.2412 eff 0.0005 outinratio 0.0509 

ggH126_4mu_pTHj_genbin0_recobin2 acc 0.2705 eff 0.0287 outinratio 0.0545 

VBFH126_4mu_pTHj_genbin0_recobin2 acc 0.041 eff 0.0729 outinratio 0.032 

WminusH126_4mu_pTHj_genbin0_recobin2 acc 0.0882 eff 0.0384 outinratio 0.089 

WplusH126_4mu_pTHj_genbin0_recobin2 acc 0.08 eff 0.0454 outinratio 0.0761 

ZH126_4mu_pTHj_genbin0_recobin2 acc 0.0826 eff 0.031 outinratio 0.055 

ttH126_4mu_pTHj_genbin0_recobin2 acc 0.0007 eff 0.0 outinratio 0.1421 

ggH126_4mu_pTHj_genbin1_recobin2 acc 0.028 eff 0.2373 outinratio 0.0545 

VBFH126_4mu_pTHj_genbin1_recobin2 acc 0.0269 eff 0.2757 outinratio 0.032 

WminusH126_4mu_pTHj_genbin1_recobin2 acc 0.0148 eff 0.2779 outinratio 0.089 

WplusH126_4mu_pTHj_genbin1_recobin2 acc 0.0136 eff 0.288 outinratio 0.0761 

ZH126_4mu_pTHj_genbin1_recobin2 acc 0.0137 eff 0.2405 outinratio 0.055 

ttH126_4mu_pTHj_genbin1_recobin2 acc 0.002 eff 0.2161 outinratio 0.1421 

ggH126_4mu_pTHj_genbin2_recobin2 acc 0.0542 eff 0.4931 outinratio 0.0545 

VBFH126_4mu_pTHj_genbin2_recobin2 acc 0.0948 eff 0.4805 outinratio 0.032 

WminusH126_4mu_pTHj_genbin2_recobin2 acc 0.058 eff 0.4961 outinratio 0.089 

WplusH126_4mu_pTHj_genbin2_recobin2 acc 0.0477 eff 0.4787 outinratio 0.0761 

ZH126_4mu_pTHj_genbin2_recobin2 acc 0.0505 eff 0.4928 outinratio 0.055 

ttH126_4mu_pTHj_genbin2_recobin2 acc 0.009 eff 0.2974 outinratio 0.1421 

ggH126_4mu_pTHj_genbin3_recobin2 acc 0.0268 eff 0.1174 outinratio 0.0545 

VBFH126_4mu_pTHj_genbin3_recobin2 acc 0.0825 eff 0.1368 outinratio 0.032 

WminusH126_4mu_pTHj_genbin3_recobin2 acc 0.0499 eff 0.1201 outinratio 0.089 

WplusH126_4mu_pTHj_genbin3_recobin2 acc 0.0408 eff 0.1258 outinratio 0.0761 

ZH126_4mu_pTHj_genbin3_recobin2 acc 0.047 eff 0.1182 outinratio 0.055 

ttH126_4mu_pTHj_genbin3_recobin2 acc 0.012 eff 0.0744 outinratio 0.1421 

ggH126_4mu_pTHj_genbin4_recobin2 acc 0.0393 eff 0.0102 outinratio 0.0545 

VBFH126_4mu_pTHj_genbin4_recobin2 acc 0.1809 eff 0.0165 outinratio 0.032 

WminusH126_4mu_pTHj_genbin4_recobin2 acc 0.1003 eff 0.0156 outinratio 0.089 

WplusH126_4mu_pTHj_genbin4_recobin2 acc 0.0944 eff 0.0178 outinratio 0.0761 

ZH126_4mu_pTHj_genbin4_recobin2 acc 0.106 eff 0.0076 outinratio 0.055 

ttH126_4mu_pTHj_genbin4_recobin2 acc 0.0754 eff 0.0136 outinratio 0.1421 

ggH126_4mu_pTHj_genbin5_recobin2 acc 0.0124 eff 0.0052 outinratio 0.0545 

VBFH126_4mu_pTHj_genbin5_recobin2 acc 0.0528 eff 0.0011 outinratio 0.032 

WminusH126_4mu_pTHj_genbin5_recobin2 acc 0.0582 eff 0.0025 outinratio 0.089 

WplusH126_4mu_pTHj_genbin5_recobin2 acc 0.0555 eff 0.0051 outinratio 0.0761 

ZH126_4mu_pTHj_genbin5_recobin2 acc 0.0568 eff 0.0087 outinratio 0.055 

ttH126_4mu_pTHj_genbin5_recobin2 acc 0.2412 eff 0.0045 outinratio 0.1421 

ggH126_4mu_pTHj_genbin0_recobin3 acc 0.2705 eff 0.025 outinratio 0.0746 

VBFH126_4mu_pTHj_genbin0_recobin3 acc 0.041 eff 0.0462 outinratio 0.0328 

WminusH126_4mu_pTHj_genbin0_recobin3 acc 0.0882 eff 0.0549 outinratio 0.0587 

WplusH126_4mu_pTHj_genbin0_recobin3 acc 0.08 eff 0.0352 outinratio 0.0654 

ZH126_4mu_pTHj_genbin0_recobin3 acc 0.0826 eff 0.023 outinratio 0.0695 

ttH126_4mu_pTHj_genbin0_recobin3 acc 0.0007 eff 0.0 outinratio 0.1333 

ggH126_4mu_pTHj_genbin1_recobin3 acc 0.028 eff 0.0213 outinratio 0.0746 

VBFH126_4mu_pTHj_genbin1_recobin3 acc 0.0269 eff 0.0428 outinratio 0.0328 

WminusH126_4mu_pTHj_genbin1_recobin3 acc 0.0148 eff 0.0226 outinratio 0.0587 

WplusH126_4mu_pTHj_genbin1_recobin3 acc 0.0136 eff 0.0435 outinratio 0.0654 

ZH126_4mu_pTHj_genbin1_recobin3 acc 0.0137 eff 0.0108 outinratio 0.0695 

ttH126_4mu_pTHj_genbin1_recobin3 acc 0.002 eff 0.1002 outinratio 0.1333 

ggH126_4mu_pTHj_genbin2_recobin3 acc 0.0542 eff 0.0843 outinratio 0.0746 

VBFH126_4mu_pTHj_genbin2_recobin3 acc 0.0948 eff 0.148 outinratio 0.0328 

WminusH126_4mu_pTHj_genbin2_recobin3 acc 0.058 eff 0.1573 outinratio 0.0587 

WplusH126_4mu_pTHj_genbin2_recobin3 acc 0.0477 eff 0.1485 outinratio 0.0654 

ZH126_4mu_pTHj_genbin2_recobin3 acc 0.0505 eff 0.1854 outinratio 0.0695 

ttH126_4mu_pTHj_genbin2_recobin3 acc 0.009 eff 0.1569 outinratio 0.1333 

ggH126_4mu_pTHj_genbin3_recobin3 acc 0.0268 eff 0.4386 outinratio 0.0746 

VBFH126_4mu_pTHj_genbin3_recobin3 acc 0.0825 eff 0.378 outinratio 0.0328 

WminusH126_4mu_pTHj_genbin3_recobin3 acc 0.0499 eff 0.4714 outinratio 0.0587 

WplusH126_4mu_pTHj_genbin3_recobin3 acc 0.0408 eff 0.4101 outinratio 0.0654 

ZH126_4mu_pTHj_genbin3_recobin3 acc 0.047 eff 0.3999 outinratio 0.0695 

ttH126_4mu_pTHj_genbin3_recobin3 acc 0.012 eff 0.2425 outinratio 0.1333 

ggH126_4mu_pTHj_genbin4_recobin3 acc 0.0393 eff 0.0631 outinratio 0.0746 

VBFH126_4mu_pTHj_genbin4_recobin3 acc 0.1809 eff 0.0709 outinratio 0.0328 

WminusH126_4mu_pTHj_genbin4_recobin3 acc 0.1003 eff 0.0607 outinratio 0.0587 

WplusH126_4mu_pTHj_genbin4_recobin3 acc 0.0944 eff 0.0774 outinratio 0.0654 

ZH126_4mu_pTHj_genbin4_recobin3 acc 0.106 eff 0.064 outinratio 0.0695 

ttH126_4mu_pTHj_genbin4_recobin3 acc 0.0754 eff 0.0376 outinratio 0.1333 

ggH126_4mu_pTHj_genbin5_recobin3 acc 0.0124 eff 0.0165 outinratio 0.0746 

VBFH126_4mu_pTHj_genbin5_recobin3 acc 0.0528 eff 0.0021 outinratio 0.0328 

WminusH126_4mu_pTHj_genbin5_recobin3 acc 0.0582 eff 0.0115 outinratio 0.0587 

WplusH126_4mu_pTHj_genbin5_recobin3 acc 0.0555 eff 0.0058 outinratio 0.0654 

ZH126_4mu_pTHj_genbin5_recobin3 acc 0.0568 eff 0.0098 outinratio 0.0695 

ttH126_4mu_pTHj_genbin5_recobin3 acc 0.2412 eff 0.0043 outinratio 0.1333 

ggH126_4mu_pTHj_genbin0_recobin4 acc 0.2705 eff 0.039 outinratio 0.0643 

VBFH126_4mu_pTHj_genbin0_recobin4 acc 0.041 eff 0.0771 outinratio 0.0317 

WminusH126_4mu_pTHj_genbin0_recobin4 acc 0.0882 eff 0.0906 outinratio 0.0672 

WplusH126_4mu_pTHj_genbin0_recobin4 acc 0.08 eff 0.0916 outinratio 0.0698 

ZH126_4mu_pTHj_genbin0_recobin4 acc 0.0826 eff 0.0798 outinratio 0.106 

ttH126_4mu_pTHj_genbin0_recobin4 acc 0.0007 eff 0.0524 outinratio 0.1535 

ggH126_4mu_pTHj_genbin1_recobin4 acc 0.028 eff 0.0092 outinratio 0.0643 

VBFH126_4mu_pTHj_genbin1_recobin4 acc 0.0269 eff 0.033 outinratio 0.0317 

WminusH126_4mu_pTHj_genbin1_recobin4 acc 0.0148 eff 0.011 outinratio 0.0672 

WplusH126_4mu_pTHj_genbin1_recobin4 acc 0.0136 eff 0.033 outinratio 0.0698 

ZH126_4mu_pTHj_genbin1_recobin4 acc 0.0137 eff 0.0656 outinratio 0.106 

ttH126_4mu_pTHj_genbin1_recobin4 acc 0.002 eff 0.0 outinratio 0.1535 

ggH126_4mu_pTHj_genbin2_recobin4 acc 0.0542 eff 0.0543 outinratio 0.0643 

VBFH126_4mu_pTHj_genbin2_recobin4 acc 0.0948 eff 0.0564 outinratio 0.0317 

WminusH126_4mu_pTHj_genbin2_recobin4 acc 0.058 eff 0.0549 outinratio 0.0672 

WplusH126_4mu_pTHj_genbin2_recobin4 acc 0.0477 eff 0.0677 outinratio 0.0698 

ZH126_4mu_pTHj_genbin2_recobin4 acc 0.0505 eff 0.0539 outinratio 0.106 

ttH126_4mu_pTHj_genbin2_recobin4 acc 0.009 eff 0.1578 outinratio 0.1535 

ggH126_4mu_pTHj_genbin3_recobin4 acc 0.0268 eff 0.1865 outinratio 0.0643 

VBFH126_4mu_pTHj_genbin3_recobin4 acc 0.0825 eff 0.2391 outinratio 0.0317 

WminusH126_4mu_pTHj_genbin3_recobin4 acc 0.0499 eff 0.2177 outinratio 0.0672 

WplusH126_4mu_pTHj_genbin3_recobin4 acc 0.0408 eff 0.2059 outinratio 0.0698 

ZH126_4mu_pTHj_genbin3_recobin4 acc 0.047 eff 0.2166 outinratio 0.106 

ttH126_4mu_pTHj_genbin3_recobin4 acc 0.012 eff 0.2335 outinratio 0.1535 

ggH126_4mu_pTHj_genbin4_recobin4 acc 0.0393 eff 0.6721 outinratio 0.0643 

VBFH126_4mu_pTHj_genbin4_recobin4 acc 0.1809 eff 0.6176 outinratio 0.0317 

WminusH126_4mu_pTHj_genbin4_recobin4 acc 0.1003 eff 0.628 outinratio 0.0672 

WplusH126_4mu_pTHj_genbin4_recobin4 acc 0.0944 eff 0.636 outinratio 0.0698 

ZH126_4mu_pTHj_genbin4_recobin4 acc 0.106 eff 0.6267 outinratio 0.106 

ttH126_4mu_pTHj_genbin4_recobin4 acc 0.0754 eff 0.5294 outinratio 0.1535 

ggH126_4mu_pTHj_genbin5_recobin4 acc 0.0124 eff 0.0988 outinratio 0.0643 

VBFH126_4mu_pTHj_genbin5_recobin4 acc 0.0528 eff 0.0977 outinratio 0.0317 

WminusH126_4mu_pTHj_genbin5_recobin4 acc 0.0582 eff 0.1018 outinratio 0.0672 

WplusH126_4mu_pTHj_genbin5_recobin4 acc 0.0555 eff 0.0853 outinratio 0.0698 

ZH126_4mu_pTHj_genbin5_recobin4 acc 0.0568 eff 0.0524 outinratio 0.106 

ttH126_4mu_pTHj_genbin5_recobin4 acc 0.2412 eff 0.0461 outinratio 0.1535 

ggH126_4mu_pTHj_genbin0_recobin5 acc 0.2705 eff 0.0034 outinratio 0.022 

VBFH126_4mu_pTHj_genbin0_recobin5 acc 0.041 eff 0.0038 outinratio 0.0251 

WminusH126_4mu_pTHj_genbin0_recobin5 acc 0.0882 eff 0.0568 outinratio 0.0987 

WplusH126_4mu_pTHj_genbin0_recobin5 acc 0.08 eff 0.0604 outinratio 0.0718 

ZH126_4mu_pTHj_genbin0_recobin5 acc 0.0826 eff 0.0558 outinratio 0.1011 

ttH126_4mu_pTHj_genbin0_recobin5 acc 0.0007 eff 0.4934 outinratio 0.134 

ggH126_4mu_pTHj_genbin1_recobin5 acc 0.028 eff 0.0051 outinratio 0.022 

VBFH126_4mu_pTHj_genbin1_recobin5 acc 0.0269 eff 0.0023 outinratio 0.0251 

WminusH126_4mu_pTHj_genbin1_recobin5 acc 0.0148 eff 0.0 outinratio 0.0987 

WplusH126_4mu_pTHj_genbin1_recobin5 acc 0.0136 eff 0.0047 outinratio 0.0718 

ZH126_4mu_pTHj_genbin1_recobin5 acc 0.0137 eff 0.0314 outinratio 0.1011 

ttH126_4mu_pTHj_genbin1_recobin5 acc 0.002 eff 0.0764 outinratio 0.134 

ggH126_4mu_pTHj_genbin2_recobin5 acc 0.0542 eff 0.0179 outinratio 0.022 

VBFH126_4mu_pTHj_genbin2_recobin5 acc 0.0948 eff 0.0085 outinratio 0.0251 

WminusH126_4mu_pTHj_genbin2_recobin5 acc 0.058 eff 0.0041 outinratio 0.0987 

WplusH126_4mu_pTHj_genbin2_recobin5 acc 0.0477 eff 0.0088 outinratio 0.0718 

ZH126_4mu_pTHj_genbin2_recobin5 acc 0.0505 eff 0.0174 outinratio 0.1011 

ttH126_4mu_pTHj_genbin2_recobin5 acc 0.009 eff 0.0659 outinratio 0.134 

ggH126_4mu_pTHj_genbin3_recobin5 acc 0.0268 eff 0.0109 outinratio 0.022 

VBFH126_4mu_pTHj_genbin3_recobin5 acc 0.0825 eff 0.0155 outinratio 0.0251 

WminusH126_4mu_pTHj_genbin3_recobin5 acc 0.0499 eff 0.0333 outinratio 0.0987 

WplusH126_4mu_pTHj_genbin3_recobin5 acc 0.0408 eff 0.0113 outinratio 0.0718 

ZH126_4mu_pTHj_genbin3_recobin5 acc 0.047 eff 0.0209 outinratio 0.1011 

ttH126_4mu_pTHj_genbin3_recobin5 acc 0.012 eff 0.1713 outinratio 0.134 

ggH126_4mu_pTHj_genbin4_recobin5 acc 0.0393 eff 0.0657 outinratio 0.022 

VBFH126_4mu_pTHj_genbin4_recobin5 acc 0.1809 eff 0.081 outinratio 0.0251 

WminusH126_4mu_pTHj_genbin4_recobin5 acc 0.1003 eff 0.0468 outinratio 0.0987 

WplusH126_4mu_pTHj_genbin4_recobin5 acc 0.0944 eff 0.0629 outinratio 0.0718 

ZH126_4mu_pTHj_genbin4_recobin5 acc 0.106 eff 0.0576 outinratio 0.1011 

ttH126_4mu_pTHj_genbin4_recobin5 acc 0.0754 eff 0.1918 outinratio 0.134 

ggH126_4mu_pTHj_genbin5_recobin5 acc 0.0124 eff 0.7183 outinratio 0.022 

VBFH126_4mu_pTHj_genbin5_recobin5 acc 0.0528 eff 0.7225 outinratio 0.0251 

WminusH126_4mu_pTHj_genbin5_recobin5 acc 0.0582 eff 0.6793 outinratio 0.0987 

WplusH126_4mu_pTHj_genbin5_recobin5 acc 0.0555 eff 0.7106 outinratio 0.0718 

ZH126_4mu_pTHj_genbin5_recobin5 acc 0.0568 eff 0.7552 outinratio 0.1011 

ttH126_4mu_pTHj_genbin5_recobin5 acc 0.2412 eff 0.7164 outinratio 0.134 

ggH126_2e2mu_pTHj_genbin0_recobin0 acc 0.2541 eff 0.4364 outinratio 0.0505 

VBFH126_2e2mu_pTHj_genbin0_recobin0 acc 0.0394 eff 0.3582 outinratio 0.0366 

WminusH126_2e2mu_pTHj_genbin0_recobin0 acc 0.0837 eff 0.3673 outinratio 0.0686 

WplusH126_2e2mu_pTHj_genbin0_recobin0 acc 0.0706 eff 0.3633 outinratio 0.0749 

ZH126_2e2mu_pTHj_genbin0_recobin0 acc 0.0743 eff 0.3918 outinratio 0.0793 

ttH126_2e2mu_pTHj_genbin0_recobin0 acc 0.0008 eff 0.0426 outinratio 0.1023 

ggH126_2e2mu_pTHj_genbin1_recobin0 acc 0.0281 eff 0.0821 outinratio 0.0505 

VBFH126_2e2mu_pTHj_genbin1_recobin0 acc 0.0236 eff 0.0423 outinratio 0.0366 

WminusH126_2e2mu_pTHj_genbin1_recobin0 acc 0.0138 eff 0.0371 outinratio 0.0686 

WplusH126_2e2mu_pTHj_genbin1_recobin0 acc 0.0129 eff 0.0235 outinratio 0.0749 

ZH126_2e2mu_pTHj_genbin1_recobin0 acc 0.0112 eff 0.0228 outinratio 0.0793 

ttH126_2e2mu_pTHj_genbin1_recobin0 acc 0.0027 eff 0.0 outinratio 0.1023 

ggH126_2e2mu_pTHj_genbin2_recobin0 acc 0.0469 eff 0.0676 outinratio 0.0505 

VBFH126_2e2mu_pTHj_genbin2_recobin0 acc 0.0873 eff 0.0405 outinratio 0.0366 

WminusH126_2e2mu_pTHj_genbin2_recobin0 acc 0.0506 eff 0.0194 outinratio 0.0686 

WplusH126_2e2mu_pTHj_genbin2_recobin0 acc 0.0459 eff 0.0265 outinratio 0.0749 

ZH126_2e2mu_pTHj_genbin2_recobin0 acc 0.0491 eff 0.0192 outinratio 0.0793 

ttH126_2e2mu_pTHj_genbin2_recobin0 acc 0.0098 eff 0.0 outinratio 0.1023 

ggH126_2e2mu_pTHj_genbin3_recobin0 acc 0.0252 eff 0.05 outinratio 0.0505 

VBFH126_2e2mu_pTHj_genbin3_recobin0 acc 0.0762 eff 0.0236 outinratio 0.0366 

WminusH126_2e2mu_pTHj_genbin3_recobin0 acc 0.0489 eff 0.0237 outinratio 0.0686 

WplusH126_2e2mu_pTHj_genbin3_recobin0 acc 0.0385 eff 0.0255 outinratio 0.0749 

ZH126_2e2mu_pTHj_genbin3_recobin0 acc 0.0441 eff 0.0334 outinratio 0.0793 

ttH126_2e2mu_pTHj_genbin3_recobin0 acc 0.0107 eff 0.0 outinratio 0.1023 

ggH126_2e2mu_pTHj_genbin4_recobin0 acc 0.0366 eff 0.0332 outinratio 0.0505 

VBFH126_2e2mu_pTHj_genbin4_recobin0 acc 0.1696 eff 0.0074 outinratio 0.0366 

WminusH126_2e2mu_pTHj_genbin4_recobin0 acc 0.0964 eff 0.0057 outinratio 0.0686 

WplusH126_2e2mu_pTHj_genbin4_recobin0 acc 0.0866 eff 0.0154 outinratio 0.0749 

ZH126_2e2mu_pTHj_genbin4_recobin0 acc 0.1019 eff 0.0175 outinratio 0.0793 

ttH126_2e2mu_pTHj_genbin4_recobin0 acc 0.0654 eff 0.0 outinratio 0.1023 

ggH126_2e2mu_pTHj_genbin5_recobin0 acc 0.0117 eff 0.0 outinratio 0.0505 

VBFH126_2e2mu_pTHj_genbin5_recobin0 acc 0.05 eff 0.0 outinratio 0.0366 

WminusH126_2e2mu_pTHj_genbin5_recobin0 acc 0.0522 eff 0.0105 outinratio 0.0686 

WplusH126_2e2mu_pTHj_genbin5_recobin0 acc 0.0508 eff 0.0113 outinratio 0.0749 

ZH126_2e2mu_pTHj_genbin5_recobin0 acc 0.0564 eff 0.0053 outinratio 0.0793 

ttH126_2e2mu_pTHj_genbin5_recobin0 acc 0.2181 eff 0.0003 outinratio 0.1023 

ggH126_2e2mu_pTHj_genbin0_recobin1 acc 0.2541 eff 0.0074 outinratio 0.0572 

VBFH126_2e2mu_pTHj_genbin0_recobin1 acc 0.0394 eff 0.0192 outinratio 0.0461 

WminusH126_2e2mu_pTHj_genbin0_recobin1 acc 0.0837 eff 0.0088 outinratio 0.1518 

WplusH126_2e2mu_pTHj_genbin0_recobin1 acc 0.0706 eff 0.0059 outinratio 0.0534 

ZH126_2e2mu_pTHj_genbin0_recobin1 acc 0.0743 eff 0.0093 outinratio 0.1112 

ttH126_2e2mu_pTHj_genbin0_recobin1 acc 0.0008 eff 0.0 outinratio 0.1246 

ggH126_2e2mu_pTHj_genbin1_recobin1 acc 0.0281 eff 0.2721 outinratio 0.0572 

VBFH126_2e2mu_pTHj_genbin1_recobin1 acc 0.0236 eff 0.216 outinratio 0.0461 

WminusH126_2e2mu_pTHj_genbin1_recobin1 acc 0.0138 eff 0.192 outinratio 0.1518 

WplusH126_2e2mu_pTHj_genbin1_recobin1 acc 0.0129 eff 0.2059 outinratio 0.0534 

ZH126_2e2mu_pTHj_genbin1_recobin1 acc 0.0112 eff 0.258 outinratio 0.1112 

ttH126_2e2mu_pTHj_genbin1_recobin1 acc 0.0027 eff 0.1772 outinratio 0.1246 

ggH126_2e2mu_pTHj_genbin2_recobin1 acc 0.0469 eff 0.0586 outinratio 0.0572 

VBFH126_2e2mu_pTHj_genbin2_recobin1 acc 0.0873 eff 0.0505 outinratio 0.0461 

WminusH126_2e2mu_pTHj_genbin2_recobin1 acc 0.0506 eff 0.0323 outinratio 0.1518 

WplusH126_2e2mu_pTHj_genbin2_recobin1 acc 0.0459 eff 0.0554 outinratio 0.0534 

ZH126_2e2mu_pTHj_genbin2_recobin1 acc 0.0491 eff 0.0451 outinratio 0.1112 

ttH126_2e2mu_pTHj_genbin2_recobin1 acc 0.0098 eff 0.027 outinratio 0.1246 

ggH126_2e2mu_pTHj_genbin3_recobin1 acc 0.0252 eff 0.004 outinratio 0.0572 

VBFH126_2e2mu_pTHj_genbin3_recobin1 acc 0.0762 eff 0.0087 outinratio 0.0461 

WminusH126_2e2mu_pTHj_genbin3_recobin1 acc 0.0489 eff 0.0015 outinratio 0.1518 

WplusH126_2e2mu_pTHj_genbin3_recobin1 acc 0.0385 eff 0.0056 outinratio 0.0534 

ZH126_2e2mu_pTHj_genbin3_recobin1 acc 0.0441 eff 0.0045 outinratio 0.1112 

ttH126_2e2mu_pTHj_genbin3_recobin1 acc 0.0107 eff 0.0045 outinratio 0.1246 

ggH126_2e2mu_pTHj_genbin4_recobin1 acc 0.0366 eff 0.0013 outinratio 0.0572 

VBFH126_2e2mu_pTHj_genbin4_recobin1 acc 0.1696 eff 0.0011 outinratio 0.0461 

WminusH126_2e2mu_pTHj_genbin4_recobin1 acc 0.0964 eff 0.0007 outinratio 0.1518 

WplusH126_2e2mu_pTHj_genbin4_recobin1 acc 0.0866 eff 0.0023 outinratio 0.0534 

ZH126_2e2mu_pTHj_genbin4_recobin1 acc 0.1019 eff 0.0003 outinratio 0.1112 

ttH126_2e2mu_pTHj_genbin4_recobin1 acc 0.0654 eff 0.0024 outinratio 0.1246 

ggH126_2e2mu_pTHj_genbin5_recobin1 acc 0.0117 eff 0.0 outinratio 0.0572 

VBFH126_2e2mu_pTHj_genbin5_recobin1 acc 0.05 eff 0.0009 outinratio 0.0461 

WminusH126_2e2mu_pTHj_genbin5_recobin1 acc 0.0522 eff 0.0 outinratio 0.1518 

WplusH126_2e2mu_pTHj_genbin5_recobin1 acc 0.0508 eff 0.0006 outinratio 0.0534 

ZH126_2e2mu_pTHj_genbin5_recobin1 acc 0.0564 eff 0.0 outinratio 0.1112 

ttH126_2e2mu_pTHj_genbin5_recobin1 acc 0.2181 eff 0.0006 outinratio 0.1246 

ggH126_2e2mu_pTHj_genbin0_recobin2 acc 0.2541 eff 0.0185 outinratio 0.0618 

VBFH126_2e2mu_pTHj_genbin0_recobin2 acc 0.0394 eff 0.057 outinratio 0.0307 

WminusH126_2e2mu_pTHj_genbin0_recobin2 acc 0.0837 eff 0.0189 outinratio 0.0635 

WplusH126_2e2mu_pTHj_genbin0_recobin2 acc 0.0706 eff 0.0229 outinratio 0.0806 

ZH126_2e2mu_pTHj_genbin0_recobin2 acc 0.0743 eff 0.0243 outinratio 0.0652 

ttH126_2e2mu_pTHj_genbin0_recobin2 acc 0.0008 eff 0.0356 outinratio 0.1149 

ggH126_2e2mu_pTHj_genbin1_recobin2 acc 0.0281 eff 0.1552 outinratio 0.0618 

VBFH126_2e2mu_pTHj_genbin1_recobin2 acc 0.0236 eff 0.2191 outinratio 0.0307 

WminusH126_2e2mu_pTHj_genbin1_recobin2 acc 0.0138 eff 0.1792 outinratio 0.0635 

WplusH126_2e2mu_pTHj_genbin1_recobin2 acc 0.0129 eff 0.1755 outinratio 0.0806 

ZH126_2e2mu_pTHj_genbin1_recobin2 acc 0.0112 eff 0.1586 outinratio 0.0652 

ttH126_2e2mu_pTHj_genbin1_recobin2 acc 0.0027 eff 0.181 outinratio 0.1149 

ggH126_2e2mu_pTHj_genbin2_recobin2 acc 0.0469 eff 0.3022 outinratio 0.0618 

VBFH126_2e2mu_pTHj_genbin2_recobin2 acc 0.0873 eff 0.2937 outinratio 0.0307 

WminusH126_2e2mu_pTHj_genbin2_recobin2 acc 0.0506 eff 0.2975 outinratio 0.0635 

WplusH126_2e2mu_pTHj_genbin2_recobin2 acc 0.0459 eff 0.2685 outinratio 0.0806 

ZH126_2e2mu_pTHj_genbin2_recobin2 acc 0.0491 eff 0.2821 outinratio 0.0652 

ttH126_2e2mu_pTHj_genbin2_recobin2 acc 0.0098 eff 0.1974 outinratio 0.1149 

ggH126_2e2mu_pTHj_genbin3_recobin2 acc 0.0252 eff 0.085 outinratio 0.0618 

VBFH126_2e2mu_pTHj_genbin3_recobin2 acc 0.0762 eff 0.0923 outinratio 0.0307 

WminusH126_2e2mu_pTHj_genbin3_recobin2 acc 0.0489 eff 0.0803 outinratio 0.0635 

WplusH126_2e2mu_pTHj_genbin3_recobin2 acc 0.0385 eff 0.0762 outinratio 0.0806 

ZH126_2e2mu_pTHj_genbin3_recobin2 acc 0.0441 eff 0.076 outinratio 0.0652 

ttH126_2e2mu_pTHj_genbin3_recobin2 acc 0.0107 eff 0.071 outinratio 0.1149 

ggH126_2e2mu_pTHj_genbin4_recobin2 acc 0.0366 eff 0.0103 outinratio 0.0618 

VBFH126_2e2mu_pTHj_genbin4_recobin2 acc 0.1696 eff 0.0121 outinratio 0.0307 

WminusH126_2e2mu_pTHj_genbin4_recobin2 acc 0.0964 eff 0.0126 outinratio 0.0635 

WplusH126_2e2mu_pTHj_genbin4_recobin2 acc 0.0866 eff 0.0099 outinratio 0.0806 

ZH126_2e2mu_pTHj_genbin4_recobin2 acc 0.1019 eff 0.0063 outinratio 0.0652 

ttH126_2e2mu_pTHj_genbin4_recobin2 acc 0.0654 eff 0.0064 outinratio 0.1149 

ggH126_2e2mu_pTHj_genbin5_recobin2 acc 0.0117 eff 0.0006 outinratio 0.0618 

VBFH126_2e2mu_pTHj_genbin5_recobin2 acc 0.05 eff 0.0005 outinratio 0.0307 

WminusH126_2e2mu_pTHj_genbin5_recobin2 acc 0.0522 eff 0.0087 outinratio 0.0635 

WplusH126_2e2mu_pTHj_genbin5_recobin2 acc 0.0508 eff 0.0021 outinratio 0.0806 

ZH126_2e2mu_pTHj_genbin5_recobin2 acc 0.0564 eff 0.0034 outinratio 0.0652 

ttH126_2e2mu_pTHj_genbin5_recobin2 acc 0.2181 eff 0.0017 outinratio 0.1149 

ggH126_2e2mu_pTHj_genbin0_recobin3 acc 0.2541 eff 0.017 outinratio 0.0713 

VBFH126_2e2mu_pTHj_genbin0_recobin3 acc 0.0394 eff 0.0323 outinratio 0.0374 

WminusH126_2e2mu_pTHj_genbin0_recobin3 acc 0.0837 eff 0.0264 outinratio 0.092 

WplusH126_2e2mu_pTHj_genbin0_recobin3 acc 0.0706 eff 0.0202 outinratio 0.0673 

ZH126_2e2mu_pTHj_genbin0_recobin3 acc 0.0743 eff 0.0165 outinratio 0.0721 

ttH126_2e2mu_pTHj_genbin0_recobin3 acc 0.0008 eff 0.0331 outinratio 0.1538 

ggH126_2e2mu_pTHj_genbin1_recobin3 acc 0.0281 eff 0.0103 outinratio 0.0713 

VBFH126_2e2mu_pTHj_genbin1_recobin3 acc 0.0236 eff 0.0449 outinratio 0.0374 

WminusH126_2e2mu_pTHj_genbin1_recobin3 acc 0.0138 eff 0.0216 outinratio 0.092 

WplusH126_2e2mu_pTHj_genbin1_recobin3 acc 0.0129 eff 0.0259 outinratio 0.0673 

ZH126_2e2mu_pTHj_genbin1_recobin3 acc 0.0112 eff 0.0207 outinratio 0.0721 

ttH126_2e2mu_pTHj_genbin1_recobin3 acc 0.0027 eff 0.0488 outinratio 0.1538 

ggH126_2e2mu_pTHj_genbin2_recobin3 acc 0.0469 eff 0.067 outinratio 0.0713 

VBFH126_2e2mu_pTHj_genbin2_recobin3 acc 0.0873 eff 0.1029 outinratio 0.0374 

WminusH126_2e2mu_pTHj_genbin2_recobin3 acc 0.0506 eff 0.0849 outinratio 0.092 

WplusH126_2e2mu_pTHj_genbin2_recobin3 acc 0.0459 eff 0.1079 outinratio 0.0673 

ZH126_2e2mu_pTHj_genbin2_recobin3 acc 0.0491 eff 0.0804 outinratio 0.0721 

ttH126_2e2mu_pTHj_genbin2_recobin3 acc 0.0098 eff 0.0614 outinratio 0.1538 

ggH126_2e2mu_pTHj_genbin3_recobin3 acc 0.0252 eff 0.3067 outinratio 0.0713 

VBFH126_2e2mu_pTHj_genbin3_recobin3 acc 0.0762 eff 0.2388 outinratio 0.0374 

WminusH126_2e2mu_pTHj_genbin3_recobin3 acc 0.0489 eff 0.2696 outinratio 0.092 

WplusH126_2e2mu_pTHj_genbin3_recobin3 acc 0.0385 eff 0.2516 outinratio 0.0673 

ZH126_2e2mu_pTHj_genbin3_recobin3 acc 0.0441 eff 0.239 outinratio 0.0721 

ttH126_2e2mu_pTHj_genbin3_recobin3 acc 0.0107 eff 0.1857 outinratio 0.1538 

ggH126_2e2mu_pTHj_genbin4_recobin3 acc 0.0366 eff 0.0569 outinratio 0.0713 

VBFH126_2e2mu_pTHj_genbin4_recobin3 acc 0.1696 eff 0.0503 outinratio 0.0374 

WminusH126_2e2mu_pTHj_genbin4_recobin3 acc 0.0964 eff 0.0434 outinratio 0.092 

WplusH126_2e2mu_pTHj_genbin4_recobin3 acc 0.0866 eff 0.0438 outinratio 0.0673 

ZH126_2e2mu_pTHj_genbin4_recobin3 acc 0.1019 eff 0.0442 outinratio 0.0721 

ttH126_2e2mu_pTHj_genbin4_recobin3 acc 0.0654 eff 0.0222 outinratio 0.1538 

ggH126_2e2mu_pTHj_genbin5_recobin3 acc 0.0117 eff 0.0014 outinratio 0.0713 

VBFH126_2e2mu_pTHj_genbin5_recobin3 acc 0.05 eff 0.0014 outinratio 0.0374 

WminusH126_2e2mu_pTHj_genbin5_recobin3 acc 0.0522 eff 0.0048 outinratio 0.092 

WplusH126_2e2mu_pTHj_genbin5_recobin3 acc 0.0508 eff 0.0032 outinratio 0.0673 

ZH126_2e2mu_pTHj_genbin5_recobin3 acc 0.0564 eff 0.0053 outinratio 0.0721 

ttH126_2e2mu_pTHj_genbin5_recobin3 acc 0.2181 eff 0.0028 outinratio 0.1538 

ggH126_2e2mu_pTHj_genbin0_recobin4 acc 0.2541 eff 0.0276 outinratio 0.0753 

VBFH126_2e2mu_pTHj_genbin0_recobin4 acc 0.0394 eff 0.0399 outinratio 0.0372 

WminusH126_2e2mu_pTHj_genbin0_recobin4 acc 0.0837 eff 0.0627 outinratio 0.0906 

WplusH126_2e2mu_pTHj_genbin0_recobin4 acc 0.0706 eff 0.0627 outinratio 0.0736 

ZH126_2e2mu_pTHj_genbin0_recobin4 acc 0.0743 eff 0.0485 outinratio 0.0844 

ttH126_2e2mu_pTHj_genbin0_recobin4 acc 0.0008 eff 0.2254 outinratio 0.1797 

ggH126_2e2mu_pTHj_genbin1_recobin4 acc 0.0281 eff 0.0139 outinratio 0.0753 

VBFH126_2e2mu_pTHj_genbin1_recobin4 acc 0.0236 eff 0.0152 outinratio 0.0372 

WminusH126_2e2mu_pTHj_genbin1_recobin4 acc 0.0138 eff 0.0143 outinratio 0.0906 

WplusH126_2e2mu_pTHj_genbin1_recobin4 acc 0.0129 eff 0.0321 outinratio 0.0736 

ZH126_2e2mu_pTHj_genbin1_recobin4 acc 0.0112 eff 0.0239 outinratio 0.0844 

ttH126_2e2mu_pTHj_genbin1_recobin4 acc 0.0027 eff 0.0581 outinratio 0.1797 

ggH126_2e2mu_pTHj_genbin2_recobin4 acc 0.0469 eff 0.0271 outinratio 0.0753 

VBFH126_2e2mu_pTHj_genbin2_recobin4 acc 0.0873 eff 0.0479 outinratio 0.0372 

WminusH126_2e2mu_pTHj_genbin2_recobin4 acc 0.0506 eff 0.0419 outinratio 0.0906 

WplusH126_2e2mu_pTHj_genbin2_recobin4 acc 0.0459 eff 0.0463 outinratio 0.0736 

ZH126_2e2mu_pTHj_genbin2_recobin4 acc 0.0491 eff 0.0433 outinratio 0.0844 

ttH126_2e2mu_pTHj_genbin2_recobin4 acc 0.0098 eff 0.0783 outinratio 0.1797 

ggH126_2e2mu_pTHj_genbin3_recobin4 acc 0.0252 eff 0.1104 outinratio 0.0753 

VBFH126_2e2mu_pTHj_genbin3_recobin4 acc 0.0762 eff 0.1743 outinratio 0.0372 

WminusH126_2e2mu_pTHj_genbin3_recobin4 acc 0.0489 eff 0.1527 outinratio 0.0906 

WplusH126_2e2mu_pTHj_genbin3_recobin4 acc 0.0385 eff 0.1486 outinratio 0.0736 

ZH126_2e2mu_pTHj_genbin3_recobin4 acc 0.0441 eff 0.139 outinratio 0.0844 

ttH126_2e2mu_pTHj_genbin3_recobin4 acc 0.0107 eff 0.1427 outinratio 0.1797 

ggH126_2e2mu_pTHj_genbin4_recobin4 acc 0.0366 eff 0.415 outinratio 0.0753 

VBFH126_2e2mu_pTHj_genbin4_recobin4 acc 0.1696 eff 0.4113 outinratio 0.0372 

WminusH126_2e2mu_pTHj_genbin4_recobin4 acc 0.0964 eff 0.4076 outinratio 0.0906 

WplusH126_2e2mu_pTHj_genbin4_recobin4 acc 0.0866 eff 0.4324 outinratio 0.0736 

ZH126_2e2mu_pTHj_genbin4_recobin4 acc 0.1019 eff 0.409 outinratio 0.0844 

ttH126_2e2mu_pTHj_genbin4_recobin4 acc 0.0654 eff 0.3423 outinratio 0.1797 

ggH126_2e2mu_pTHj_genbin5_recobin4 acc 0.0117 eff 0.0452 outinratio 0.0753 

VBFH126_2e2mu_pTHj_genbin5_recobin4 acc 0.05 eff 0.0626 outinratio 0.0372 

WminusH126_2e2mu_pTHj_genbin5_recobin4 acc 0.0522 eff 0.0598 outinratio 0.0906 

WplusH126_2e2mu_pTHj_genbin5_recobin4 acc 0.0508 eff 0.0538 outinratio 0.0736 

ZH126_2e2mu_pTHj_genbin5_recobin4 acc 0.0564 eff 0.0449 outinratio 0.0844 

ttH126_2e2mu_pTHj_genbin5_recobin4 acc 0.2181 eff 0.0258 outinratio 0.1797 

ggH126_2e2mu_pTHj_genbin0_recobin5 acc 0.2541 eff 0.0027 outinratio 0.059 

VBFH126_2e2mu_pTHj_genbin0_recobin5 acc 0.0394 eff 0.0019 outinratio 0.0382 

WminusH126_2e2mu_pTHj_genbin0_recobin5 acc 0.0837 eff 0.0353 outinratio 0.0712 

WplusH126_2e2mu_pTHj_genbin0_recobin5 acc 0.0706 eff 0.0342 outinratio 0.0884 

ZH126_2e2mu_pTHj_genbin0_recobin5 acc 0.0743 eff 0.0231 outinratio 0.0815 

ttH126_2e2mu_pTHj_genbin0_recobin5 acc 0.0008 eff 0.3126 outinratio 0.1852 

ggH126_2e2mu_pTHj_genbin1_recobin5 acc 0.0281 eff 0.0016 outinratio 0.059 

VBFH126_2e2mu_pTHj_genbin1_recobin5 acc 0.0236 eff 0.0047 outinratio 0.0382 

WminusH126_2e2mu_pTHj_genbin1_recobin5 acc 0.0138 eff -0.0007 outinratio 0.0712 

WplusH126_2e2mu_pTHj_genbin1_recobin5 acc 0.0129 eff 0.0074 outinratio 0.0884 

ZH126_2e2mu_pTHj_genbin1_recobin5 acc 0.0112 eff 0.0337 outinratio 0.0815 

ttH126_2e2mu_pTHj_genbin1_recobin5 acc 0.0027 eff 0.0635 outinratio 0.1852 

ggH126_2e2mu_pTHj_genbin2_recobin5 acc 0.0469 eff 0.0061 outinratio 0.059 

VBFH126_2e2mu_pTHj_genbin2_recobin5 acc 0.0873 eff 0.008 outinratio 0.0382 

WminusH126_2e2mu_pTHj_genbin2_recobin5 acc 0.0506 eff 0.0091 outinratio 0.0712 

WplusH126_2e2mu_pTHj_genbin2_recobin5 acc 0.0459 eff 0.0103 outinratio 0.0884 

ZH126_2e2mu_pTHj_genbin2_recobin5 acc 0.0491 eff 0.0043 outinratio 0.0815 

ttH126_2e2mu_pTHj_genbin2_recobin5 acc 0.0098 eff 0.0563 outinratio 0.1852 

ggH126_2e2mu_pTHj_genbin3_recobin5 acc 0.0252 eff 0.0097 outinratio 0.059 

VBFH126_2e2mu_pTHj_genbin3_recobin5 acc 0.0762 eff 0.0097 outinratio 0.0382 

WminusH126_2e2mu_pTHj_genbin3_recobin5 acc 0.0489 eff 0.0101 outinratio 0.0712 

WplusH126_2e2mu_pTHj_genbin3_recobin5 acc 0.0385 eff 0.0111 outinratio 0.0884 

ZH126_2e2mu_pTHj_genbin3_recobin5 acc 0.0441 eff 0.008 outinratio 0.0815 

ttH126_2e2mu_pTHj_genbin3_recobin5 acc 0.0107 eff 0.0682 outinratio 0.1852 

ggH126_2e2mu_pTHj_genbin4_recobin5 acc 0.0366 eff 0.0259 outinratio 0.059 

VBFH126_2e2mu_pTHj_genbin4_recobin5 acc 0.1696 eff 0.0563 outinratio 0.0382 

WminusH126_2e2mu_pTHj_genbin4_recobin5 acc 0.0964 eff 0.0433 outinratio 0.0712 

WplusH126_2e2mu_pTHj_genbin4_recobin5 acc 0.0866 eff 0.0412 outinratio 0.0884 

ZH126_2e2mu_pTHj_genbin4_recobin5 acc 0.1019 eff 0.0446 outinratio 0.0815 

ttH126_2e2mu_pTHj_genbin4_recobin5 acc 0.0654 eff 0.1088 outinratio 0.1852 

ggH126_2e2mu_pTHj_genbin5_recobin5 acc 0.0117 eff 0.4771 outinratio 0.059 

VBFH126_2e2mu_pTHj_genbin5_recobin5 acc 0.05 eff 0.4777 outinratio 0.0382 

WminusH126_2e2mu_pTHj_genbin5_recobin5 acc 0.0522 eff 0.4669 outinratio 0.0712 

WplusH126_2e2mu_pTHj_genbin5_recobin5 acc 0.0508 eff 0.4598 outinratio 0.0884 

ZH126_2e2mu_pTHj_genbin5_recobin5 acc 0.0564 eff 0.4979 outinratio 0.0815 

ttH126_2e2mu_pTHj_genbin5_recobin5 acc 0.2181 eff 0.4926 outinratio 0.1852 

Coeff fullNNLOPS
