Welcome in RunCoefficients!
OPT SPLIT
DEBUG opt.YEAR = 2022_1
It is a single-differential measurement, binning [-100.0, 0.0, 1.1, 2.9, 4.4, 10.0]
absdetajj
Following observables extracted from dictionary: RECO =  absdetajj  GEN =  GENabsdetajj
LUMI: 1.9951
ttH126 0.00016778593
Processing ggH126 2022_1
Signal created
Signal failed created
Processing VBFH126 2022_1
Signal created
Signal failed created
Processing WminusH126 2022_1
Signal created
Signal failed created
Processing WplusH126 2022_1
Signal created
Signal failed created
Processing ZH126 2022_1
Signal created
Signal failed created
Processing ttH126 2022_1
Signal created
Signal failed created
2022_1 SKIMMED df CREATED
2022_1 ggH126
2022_1 VBFH126
2022_1 WminusH126
2022_1 WplusH126
2022_1 ZH126
2022_1 ttH126
Dataframes created successfully
Coeff std
ggH126_4l_absdetajj_genbin0_recobin0 acc 0.4022 eff 0.4704 outinratio 0.008 

VBFH126_4l_absdetajj_genbin0_recobin0 acc 0.2922 eff 0.4318 outinratio 0.0105 

WminusH126_4l_absdetajj_genbin0_recobin0 acc 0.2398 eff 0.4023 outinratio 0.0208 

WplusH126_4l_absdetajj_genbin0_recobin0 acc 0.2074 eff 0.4071 outinratio 0.0211 

ZH126_4l_absdetajj_genbin0_recobin0 acc 0.2103 eff 0.4077 outinratio 0.0649 

ttH126_4l_absdetajj_genbin0_recobin0 acc 0.015 eff 0.1325 outinratio 0.2999 

ggH126_4l_absdetajj_genbin1_recobin0 acc 0.0189 eff 0.0672 outinratio 0.008 

VBFH126_4l_absdetajj_genbin1_recobin0 acc 0.02 eff 0.0689 outinratio 0.0105 

WminusH126_4l_absdetajj_genbin1_recobin0 acc 0.1154 eff 0.054 outinratio 0.0208 

WplusH126_4l_absdetajj_genbin1_recobin0 acc 0.1052 eff 0.0542 outinratio 0.0211 

ZH126_4l_absdetajj_genbin1_recobin0 acc 0.1189 eff 0.0606 outinratio 0.0649 

ttH126_4l_absdetajj_genbin1_recobin0 acc 0.2985 eff 0.0045 outinratio 0.2999 

ggH126_4l_absdetajj_genbin2_recobin0 acc 0.0162 eff 0.0823 outinratio 0.008 

VBFH126_4l_absdetajj_genbin2_recobin0 acc 0.0346 eff 0.0736 outinratio 0.0105 

WminusH126_4l_absdetajj_genbin2_recobin0 acc 0.0479 eff 0.0609 outinratio 0.0208 

WplusH126_4l_absdetajj_genbin2_recobin0 acc 0.045 eff 0.0545 outinratio 0.0211 

ZH126_4l_absdetajj_genbin2_recobin0 acc 0.0536 eff 0.0659 outinratio 0.0649 

ttH126_4l_absdetajj_genbin2_recobin0 acc 0.1653 eff 0.0037 outinratio 0.2999 

ggH126_4l_absdetajj_genbin3_recobin0 acc 0.0071 eff 0.1043 outinratio 0.008 

VBFH126_4l_absdetajj_genbin3_recobin0 acc 0.0591 eff 0.0794 outinratio 0.0105 

WminusH126_4l_absdetajj_genbin3_recobin0 acc 0.0078 eff 0.0361 outinratio 0.0208 

WplusH126_4l_absdetajj_genbin3_recobin0 acc 0.0062 eff 0.0657 outinratio 0.0211 

ZH126_4l_absdetajj_genbin3_recobin0 acc 0.0069 eff 0.0499 outinratio 0.0649 

ttH126_4l_absdetajj_genbin3_recobin0 acc 0.02 eff 0.0 outinratio 0.2999 

ggH126_4l_absdetajj_genbin4_recobin0 acc 0.0021 eff 0.1041 outinratio 0.008 

VBFH126_4l_absdetajj_genbin4_recobin0 acc 0.0734 eff 0.0997 outinratio 0.0105 

WminusH126_4l_absdetajj_genbin4_recobin0 acc 0.0008 eff 0.0382 outinratio 0.0208 

WplusH126_4l_absdetajj_genbin4_recobin0 acc 0.0009 eff 0.0 outinratio 0.0211 

ZH126_4l_absdetajj_genbin4_recobin0 acc 0.0006 eff 0.0681 outinratio 0.0649 

ttH126_4l_absdetajj_genbin4_recobin0 acc 0.0015 eff 0.0272 outinratio 0.2999 

ggH126_4l_absdetajj_genbin0_recobin1 acc 0.4022 eff 0.005 outinratio 0.0014 

VBFH126_4l_absdetajj_genbin0_recobin1 acc 0.2922 eff 0.008 outinratio 0.0106 

WminusH126_4l_absdetajj_genbin0_recobin1 acc 0.2398 eff 0.032 outinratio 0.0105 

WplusH126_4l_absdetajj_genbin0_recobin1 acc 0.2074 eff 0.0303 outinratio 0.0116 

ZH126_4l_absdetajj_genbin0_recobin1 acc 0.2103 eff 0.031 outinratio 0.0361 

ttH126_4l_absdetajj_genbin0_recobin1 acc 0.015 eff 0.0668 outinratio 0.0367 

ggH126_4l_absdetajj_genbin1_recobin1 acc 0.0189 eff 0.3883 outinratio 0.0014 

VBFH126_4l_absdetajj_genbin1_recobin1 acc 0.02 eff 0.3537 outinratio 0.0106 

WminusH126_4l_absdetajj_genbin1_recobin1 acc 0.1154 eff 0.4168 outinratio 0.0105 

WplusH126_4l_absdetajj_genbin1_recobin1 acc 0.1052 eff 0.4049 outinratio 0.0116 

ZH126_4l_absdetajj_genbin1_recobin1 acc 0.1189 eff 0.3914 outinratio 0.0361 

ttH126_4l_absdetajj_genbin1_recobin1 acc 0.2985 eff 0.3414 outinratio 0.0367 

ggH126_4l_absdetajj_genbin2_recobin1 acc 0.0162 eff 0.0239 outinratio 0.0014 

VBFH126_4l_absdetajj_genbin2_recobin1 acc 0.0346 eff 0.0191 outinratio 0.0106 

WminusH126_4l_absdetajj_genbin2_recobin1 acc 0.0479 eff 0.0415 outinratio 0.0105 

WplusH126_4l_absdetajj_genbin2_recobin1 acc 0.045 eff 0.0365 outinratio 0.0116 

ZH126_4l_absdetajj_genbin2_recobin1 acc 0.0536 eff 0.0282 outinratio 0.0361 

ttH126_4l_absdetajj_genbin2_recobin1 acc 0.1653 eff 0.054 outinratio 0.0367 

ggH126_4l_absdetajj_genbin3_recobin1 acc 0.0071 eff 0.008 outinratio 0.0014 

VBFH126_4l_absdetajj_genbin3_recobin1 acc 0.0591 eff 0.0098 outinratio 0.0106 

WminusH126_4l_absdetajj_genbin3_recobin1 acc 0.0078 eff 0.0341 outinratio 0.0105 

WplusH126_4l_absdetajj_genbin3_recobin1 acc 0.0062 eff 0.0138 outinratio 0.0116 

ZH126_4l_absdetajj_genbin3_recobin1 acc 0.0069 eff 0.0495 outinratio 0.0361 

ttH126_4l_absdetajj_genbin3_recobin1 acc 0.02 eff 0.0428 outinratio 0.0367 

ggH126_4l_absdetajj_genbin4_recobin1 acc 0.0021 eff 0.0178 outinratio 0.0014 

VBFH126_4l_absdetajj_genbin4_recobin1 acc 0.0734 eff 0.0016 outinratio 0.0106 

WminusH126_4l_absdetajj_genbin4_recobin1 acc 0.0008 eff 0.0393 outinratio 0.0105 

WplusH126_4l_absdetajj_genbin4_recobin1 acc 0.0009 eff 0.0375 outinratio 0.0116 

ZH126_4l_absdetajj_genbin4_recobin1 acc 0.0006 eff 0.0 outinratio 0.0361 

ttH126_4l_absdetajj_genbin4_recobin1 acc 0.0015 eff 0.1382 outinratio 0.0367 

ggH126_4l_absdetajj_genbin0_recobin2 acc 0.4022 eff 0.0058 outinratio 0.005 

VBFH126_4l_absdetajj_genbin0_recobin2 acc 0.2922 eff 0.0082 outinratio 0.0104 

WminusH126_4l_absdetajj_genbin0_recobin2 acc 0.2398 eff 0.0213 outinratio 0.0131 

WplusH126_4l_absdetajj_genbin0_recobin2 acc 0.2074 eff 0.019 outinratio 0.0073 

ZH126_4l_absdetajj_genbin0_recobin2 acc 0.2103 eff 0.0196 outinratio 0.0344 

ttH126_4l_absdetajj_genbin0_recobin2 acc 0.015 eff 0.0653 outinratio 0.0526 

ggH126_4l_absdetajj_genbin1_recobin2 acc 0.0189 eff 0.0197 outinratio 0.005 

VBFH126_4l_absdetajj_genbin1_recobin2 acc 0.02 eff 0.0255 outinratio 0.0104 

WminusH126_4l_absdetajj_genbin1_recobin2 acc 0.1154 eff 0.0165 outinratio 0.0131 

WplusH126_4l_absdetajj_genbin1_recobin2 acc 0.1052 eff 0.0178 outinratio 0.0073 

ZH126_4l_absdetajj_genbin1_recobin2 acc 0.1189 eff 0.0198 outinratio 0.0344 

ttH126_4l_absdetajj_genbin1_recobin2 acc 0.2985 eff 0.0301 outinratio 0.0526 

ggH126_4l_absdetajj_genbin2_recobin2 acc 0.0162 eff 0.4028 outinratio 0.005 

VBFH126_4l_absdetajj_genbin2_recobin2 acc 0.0346 eff 0.4669 outinratio 0.0104 

WminusH126_4l_absdetajj_genbin2_recobin2 acc 0.0479 eff 0.3569 outinratio 0.0131 

WplusH126_4l_absdetajj_genbin2_recobin2 acc 0.045 eff 0.3502 outinratio 0.0073 

ZH126_4l_absdetajj_genbin2_recobin2 acc 0.0536 eff 0.3484 outinratio 0.0344 

ttH126_4l_absdetajj_genbin2_recobin2 acc 0.1653 eff 0.2949 outinratio 0.0526 

ggH126_4l_absdetajj_genbin3_recobin2 acc 0.0071 eff 0.0183 outinratio 0.005 

VBFH126_4l_absdetajj_genbin3_recobin2 acc 0.0591 eff 0.0043 outinratio 0.0104 

WminusH126_4l_absdetajj_genbin3_recobin2 acc 0.0078 eff 0.0566 outinratio 0.0131 

WplusH126_4l_absdetajj_genbin3_recobin2 acc 0.0062 eff 0.0532 outinratio 0.0073 

ZH126_4l_absdetajj_genbin3_recobin2 acc 0.0069 eff 0.0611 outinratio 0.0344 

ttH126_4l_absdetajj_genbin3_recobin2 acc 0.02 eff 0.0301 outinratio 0.0526 

ggH126_4l_absdetajj_genbin4_recobin2 acc 0.0021 eff 0.0 outinratio 0.005 

VBFH126_4l_absdetajj_genbin4_recobin2 acc 0.0734 eff 0.0003 outinratio 0.0104 

WminusH126_4l_absdetajj_genbin4_recobin2 acc 0.0008 eff 0.0351 outinratio 0.0131 

WplusH126_4l_absdetajj_genbin4_recobin2 acc 0.0009 eff 0.0 outinratio 0.0073 

ZH126_4l_absdetajj_genbin4_recobin2 acc 0.0006 eff 0.1162 outinratio 0.0344 

ttH126_4l_absdetajj_genbin4_recobin2 acc 0.0015 eff 0.0 outinratio 0.0526 

ggH126_4l_absdetajj_genbin0_recobin3 acc 0.4022 eff 0.0031 outinratio 0.009 

VBFH126_4l_absdetajj_genbin0_recobin3 acc 0.2922 eff 0.0118 outinratio 0.0039 

WminusH126_4l_absdetajj_genbin0_recobin3 acc 0.2398 eff 0.0034 outinratio 0.0055 

WplusH126_4l_absdetajj_genbin0_recobin3 acc 0.2074 eff 0.0038 outinratio 0.0201 

ZH126_4l_absdetajj_genbin0_recobin3 acc 0.2103 eff 0.0032 outinratio 0.056 

ttH126_4l_absdetajj_genbin0_recobin3 acc 0.015 eff 0.0 outinratio 0.0038 

ggH126_4l_absdetajj_genbin1_recobin3 acc 0.0189 eff 0.0045 outinratio 0.009 

VBFH126_4l_absdetajj_genbin1_recobin3 acc 0.02 eff 0.0119 outinratio 0.0039 

WminusH126_4l_absdetajj_genbin1_recobin3 acc 0.1154 eff 0.002 outinratio 0.0055 

WplusH126_4l_absdetajj_genbin1_recobin3 acc 0.1052 eff 0.0039 outinratio 0.0201 

ZH126_4l_absdetajj_genbin1_recobin3 acc 0.1189 eff 0.0031 outinratio 0.056 

ttH126_4l_absdetajj_genbin1_recobin3 acc 0.2985 eff 0.0027 outinratio 0.0038 

ggH126_4l_absdetajj_genbin2_recobin3 acc 0.0162 eff 0.009 outinratio 0.009 

VBFH126_4l_absdetajj_genbin2_recobin3 acc 0.0346 eff 0.0173 outinratio 0.0039 

WminusH126_4l_absdetajj_genbin2_recobin3 acc 0.0479 eff 0.0055 outinratio 0.0055 

WplusH126_4l_absdetajj_genbin2_recobin3 acc 0.045 eff 0.0074 outinratio 0.0201 

ZH126_4l_absdetajj_genbin2_recobin3 acc 0.0536 eff 0.002 outinratio 0.056 

ttH126_4l_absdetajj_genbin2_recobin3 acc 0.1653 eff 0.0073 outinratio 0.0038 

ggH126_4l_absdetajj_genbin3_recobin3 acc 0.0071 eff 0.3397 outinratio 0.009 

VBFH126_4l_absdetajj_genbin3_recobin3 acc 0.0591 eff 0.4358 outinratio 0.0039 

WminusH126_4l_absdetajj_genbin3_recobin3 acc 0.0078 eff 0.3479 outinratio 0.0055 

WplusH126_4l_absdetajj_genbin3_recobin3 acc 0.0062 eff 0.2741 outinratio 0.0201 

ZH126_4l_absdetajj_genbin3_recobin3 acc 0.0069 eff 0.3107 outinratio 0.056 

ttH126_4l_absdetajj_genbin3_recobin3 acc 0.02 eff 0.2826 outinratio 0.0038 

ggH126_4l_absdetajj_genbin4_recobin3 acc 0.0021 eff 0.015 outinratio 0.009 

VBFH126_4l_absdetajj_genbin4_recobin3 acc 0.0734 eff 0.0111 outinratio 0.0039 

WminusH126_4l_absdetajj_genbin4_recobin3 acc 0.0008 eff 0.0148 outinratio 0.0055 

WplusH126_4l_absdetajj_genbin4_recobin3 acc 0.0009 eff 0.0258 outinratio 0.0201 

ZH126_4l_absdetajj_genbin4_recobin3 acc 0.0006 eff 0.1123 outinratio 0.056 

ttH126_4l_absdetajj_genbin4_recobin3 acc 0.0015 eff 0.1762 outinratio 0.0038 

ggH126_4l_absdetajj_genbin0_recobin4 acc 0.4022 eff 0.0009 outinratio 0.0076 

VBFH126_4l_absdetajj_genbin0_recobin4 acc 0.2922 eff 0.0308 outinratio 0.0117 

WminusH126_4l_absdetajj_genbin0_recobin4 acc 0.2398 eff 0.0007 outinratio 0.0055 

WplusH126_4l_absdetajj_genbin0_recobin4 acc 0.2074 eff 0.0007 outinratio 0.0 

ZH126_4l_absdetajj_genbin0_recobin4 acc 0.2103 eff 0.0009 outinratio 0.2853 

ttH126_4l_absdetajj_genbin0_recobin4 acc 0.015 eff 0.0 outinratio 0.3031 

ggH126_4l_absdetajj_genbin1_recobin4 acc 0.0189 eff 0.0012 outinratio 0.0076 

VBFH126_4l_absdetajj_genbin1_recobin4 acc 0.02 eff 0.0243 outinratio 0.0117 

WminusH126_4l_absdetajj_genbin1_recobin4 acc 0.1154 eff 0.0005 outinratio 0.0055 

WplusH126_4l_absdetajj_genbin1_recobin4 acc 0.1052 eff 0.0007 outinratio 0.0 

ZH126_4l_absdetajj_genbin1_recobin4 acc 0.1189 eff 0.0 outinratio 0.2853 

ttH126_4l_absdetajj_genbin1_recobin4 acc 0.2985 eff 0.0003 outinratio 0.3031 

ggH126_4l_absdetajj_genbin2_recobin4 acc 0.0162 eff 0.0011 outinratio 0.0076 

VBFH126_4l_absdetajj_genbin2_recobin4 acc 0.0346 eff 0.0073 outinratio 0.0117 

WminusH126_4l_absdetajj_genbin2_recobin4 acc 0.0479 eff 0.0015 outinratio 0.0055 

WplusH126_4l_absdetajj_genbin2_recobin4 acc 0.045 eff 0.0015 outinratio 0.0 

ZH126_4l_absdetajj_genbin2_recobin4 acc 0.0536 eff 0.0004 outinratio 0.2853 

ttH126_4l_absdetajj_genbin2_recobin4 acc 0.1653 eff 0.0007 outinratio 0.3031 

ggH126_4l_absdetajj_genbin3_recobin4 acc 0.0071 eff 0.0054 outinratio 0.0076 

VBFH126_4l_absdetajj_genbin3_recobin4 acc 0.0591 eff 0.0059 outinratio 0.0117 

WminusH126_4l_absdetajj_genbin3_recobin4 acc 0.0078 eff 0.0043 outinratio 0.0055 

WplusH126_4l_absdetajj_genbin3_recobin4 acc 0.0062 eff 0.0 outinratio 0.0 

ZH126_4l_absdetajj_genbin3_recobin4 acc 0.0069 eff 0.0 outinratio 0.2853 

ttH126_4l_absdetajj_genbin3_recobin4 acc 0.02 eff 0.0079 outinratio 0.3031 

ggH126_4l_absdetajj_genbin4_recobin4 acc 0.0021 eff 0.4008 outinratio 0.0076 

VBFH126_4l_absdetajj_genbin4_recobin4 acc 0.0734 eff 0.42 outinratio 0.0117 

WminusH126_4l_absdetajj_genbin4_recobin4 acc 0.0008 eff 0.3101 outinratio 0.0055 

WplusH126_4l_absdetajj_genbin4_recobin4 acc 0.0009 eff 0.2154 outinratio 0.0 

ZH126_4l_absdetajj_genbin4_recobin4 acc 0.0006 eff 0.2545 outinratio 0.2853 

ttH126_4l_absdetajj_genbin4_recobin4 acc 0.0015 eff 0.0846 outinratio 0.3031 

ggH126_4e_absdetajj_genbin0_recobin0 acc 0.3737 eff 0.35 outinratio 0.0134 

VBFH126_4e_absdetajj_genbin0_recobin0 acc 0.2867 eff 0.3309 outinratio 0.0229 

WminusH126_4e_absdetajj_genbin0_recobin0 acc 0.2313 eff 0.3259 outinratio 0.0259 

WplusH126_4e_absdetajj_genbin0_recobin0 acc 0.1988 eff 0.3092 outinratio 0.0327 

ZH126_4e_absdetajj_genbin0_recobin0 acc 0.2077 eff 0.3225 outinratio 0.0759 

ttH126_4e_absdetajj_genbin0_recobin0 acc 0.0127 eff 0.0662 outinratio 0.163 

ggH126_4e_absdetajj_genbin1_recobin0 acc 0.0199 eff 0.0609 outinratio 0.0134 

VBFH126_4e_absdetajj_genbin1_recobin0 acc 0.0222 eff 0.0068 outinratio 0.0229 

WminusH126_4e_absdetajj_genbin1_recobin0 acc 0.1148 eff 0.0354 outinratio 0.0259 

WplusH126_4e_absdetajj_genbin1_recobin0 acc 0.0993 eff 0.0444 outinratio 0.0327 

ZH126_4e_absdetajj_genbin1_recobin0 acc 0.1174 eff 0.0492 outinratio 0.0759 

ttH126_4e_absdetajj_genbin1_recobin0 acc 0.2843 eff 0.0023 outinratio 0.163 

ggH126_4e_absdetajj_genbin2_recobin0 acc 0.0162 eff 0.0446 outinratio 0.0134 

VBFH126_4e_absdetajj_genbin2_recobin0 acc 0.0353 eff 0.0959 outinratio 0.0229 

WminusH126_4e_absdetajj_genbin2_recobin0 acc 0.0445 eff 0.0488 outinratio 0.0259 

WplusH126_4e_absdetajj_genbin2_recobin0 acc 0.0454 eff 0.0504 outinratio 0.0327 

ZH126_4e_absdetajj_genbin2_recobin0 acc 0.0553 eff 0.0518 outinratio 0.0759 

ttH126_4e_absdetajj_genbin2_recobin0 acc 0.1661 eff 0.0015 outinratio 0.163 

ggH126_4e_absdetajj_genbin3_recobin0 acc 0.007 eff 0.0487 outinratio 0.0134 

VBFH126_4e_absdetajj_genbin3_recobin0 acc 0.0499 eff 0.0787 outinratio 0.0229 

WminusH126_4e_absdetajj_genbin3_recobin0 acc 0.0079 eff 0.0149 outinratio 0.0259 

WplusH126_4e_absdetajj_genbin3_recobin0 acc 0.0061 eff 0.0301 outinratio 0.0327 

ZH126_4e_absdetajj_genbin3_recobin0 acc 0.0068 eff 0.0183 outinratio 0.0759 

ttH126_4e_absdetajj_genbin3_recobin0 acc 0.0186 eff 0.0 outinratio 0.163 

ggH126_4e_absdetajj_genbin4_recobin0 acc 0.0024 eff 0.1379 outinratio 0.0134 

VBFH126_4e_absdetajj_genbin4_recobin0 acc 0.0668 eff 0.0842 outinratio 0.0229 

WminusH126_4e_absdetajj_genbin4_recobin0 acc 0.0008 eff 0.09 outinratio 0.0259 

WplusH126_4e_absdetajj_genbin4_recobin0 acc 0.0009 eff -1.0 outinratio 0.0327 

ZH126_4e_absdetajj_genbin4_recobin0 acc 0.0007 eff -1.0 outinratio 0.0759 

ttH126_4e_absdetajj_genbin4_recobin0 acc 0.0008 eff -1.0 outinratio 0.163 

ggH126_4e_absdetajj_genbin0_recobin1 acc 0.3737 eff 0.0041 outinratio 0.0 

VBFH126_4e_absdetajj_genbin0_recobin1 acc 0.2867 eff 0.0072 outinratio 0.0293 

WminusH126_4e_absdetajj_genbin0_recobin1 acc 0.2313 eff 0.0253 outinratio 0.0198 

WplusH126_4e_absdetajj_genbin0_recobin1 acc 0.1988 eff 0.0268 outinratio 0.0226 

ZH126_4e_absdetajj_genbin0_recobin1 acc 0.2077 eff 0.0319 outinratio 0.0313 

ttH126_4e_absdetajj_genbin0_recobin1 acc 0.0127 eff 0.098 outinratio 0.0235 

ggH126_4e_absdetajj_genbin1_recobin1 acc 0.0199 eff 0.3814 outinratio 0.0 

VBFH126_4e_absdetajj_genbin1_recobin1 acc 0.0222 eff 0.3204 outinratio 0.0293 

WminusH126_4e_absdetajj_genbin1_recobin1 acc 0.1148 eff 0.3464 outinratio 0.0198 

WplusH126_4e_absdetajj_genbin1_recobin1 acc 0.0993 eff 0.3293 outinratio 0.0226 

ZH126_4e_absdetajj_genbin1_recobin1 acc 0.1174 eff 0.3051 outinratio 0.0313 

ttH126_4e_absdetajj_genbin1_recobin1 acc 0.2843 eff 0.3254 outinratio 0.0235 

ggH126_4e_absdetajj_genbin2_recobin1 acc 0.0162 eff 0.0182 outinratio 0.0 

VBFH126_4e_absdetajj_genbin2_recobin1 acc 0.0353 eff 0.0084 outinratio 0.0293 

WminusH126_4e_absdetajj_genbin2_recobin1 acc 0.0445 eff 0.0334 outinratio 0.0198 

WplusH126_4e_absdetajj_genbin2_recobin1 acc 0.0454 eff 0.0298 outinratio 0.0226 

ZH126_4e_absdetajj_genbin2_recobin1 acc 0.0553 eff 0.018 outinratio 0.0313 

ttH126_4e_absdetajj_genbin2_recobin1 acc 0.1661 eff 0.0517 outinratio 0.0235 

ggH126_4e_absdetajj_genbin3_recobin1 acc 0.007 eff 0.0 outinratio 0.0 

VBFH126_4e_absdetajj_genbin3_recobin1 acc 0.0499 eff 0.0104 outinratio 0.0293 

WminusH126_4e_absdetajj_genbin3_recobin1 acc 0.0079 eff 0.0408 outinratio 0.0198 

WplusH126_4e_absdetajj_genbin3_recobin1 acc 0.0061 eff 0.0 outinratio 0.0226 

ZH126_4e_absdetajj_genbin3_recobin1 acc 0.0068 eff 0.0331 outinratio 0.0313 

ttH126_4e_absdetajj_genbin3_recobin1 acc 0.0186 eff 0.0334 outinratio 0.0235 

ggH126_4e_absdetajj_genbin4_recobin1 acc 0.0024 eff 0.0 outinratio 0.0 

VBFH126_4e_absdetajj_genbin4_recobin1 acc 0.0668 eff 0.0 outinratio 0.0293 

WminusH126_4e_absdetajj_genbin4_recobin1 acc 0.0008 eff 0.1479 outinratio 0.0198 

WplusH126_4e_absdetajj_genbin4_recobin1 acc 0.0009 eff -1.0 outinratio 0.0226 

ZH126_4e_absdetajj_genbin4_recobin1 acc 0.0007 eff -1.0 outinratio 0.0313 

ttH126_4e_absdetajj_genbin4_recobin1 acc 0.0008 eff -1.0 outinratio 0.0235 

ggH126_4e_absdetajj_genbin0_recobin2 acc 0.3737 eff 0.0068 outinratio 0.0 

VBFH126_4e_absdetajj_genbin0_recobin2 acc 0.2867 eff 0.0075 outinratio 0.0 

WminusH126_4e_absdetajj_genbin0_recobin2 acc 0.2313 eff 0.0156 outinratio 0.0097 

WplusH126_4e_absdetajj_genbin0_recobin2 acc 0.1988 eff 0.0157 outinratio 0.014 

ZH126_4e_absdetajj_genbin0_recobin2 acc 0.2077 eff 0.015 outinratio 0.0278 

ttH126_4e_absdetajj_genbin0_recobin2 acc 0.0127 eff 0.1096 outinratio 0.0632 

ggH126_4e_absdetajj_genbin1_recobin2 acc 0.0199 eff 0.0068 outinratio 0.0 

VBFH126_4e_absdetajj_genbin1_recobin2 acc 0.0222 eff 0.0 outinratio 0.0 

WminusH126_4e_absdetajj_genbin1_recobin2 acc 0.1148 eff 0.0152 outinratio 0.0097 

WplusH126_4e_absdetajj_genbin1_recobin2 acc 0.0993 eff 0.0105 outinratio 0.014 

ZH126_4e_absdetajj_genbin1_recobin2 acc 0.1174 eff 0.0145 outinratio 0.0278 

ttH126_4e_absdetajj_genbin1_recobin2 acc 0.2843 eff 0.0356 outinratio 0.0632 

ggH126_4e_absdetajj_genbin2_recobin2 acc 0.0162 eff 0.3918 outinratio 0.0 

VBFH126_4e_absdetajj_genbin2_recobin2 acc 0.0353 eff 0.3562 outinratio 0.0 

WminusH126_4e_absdetajj_genbin2_recobin2 acc 0.0445 eff 0.2849 outinratio 0.0097 

WplusH126_4e_absdetajj_genbin2_recobin2 acc 0.0454 eff 0.2771 outinratio 0.014 

ZH126_4e_absdetajj_genbin2_recobin2 acc 0.0553 eff 0.2209 outinratio 0.0278 

ttH126_4e_absdetajj_genbin2_recobin2 acc 0.1661 eff 0.2451 outinratio 0.0632 

ggH126_4e_absdetajj_genbin3_recobin2 acc 0.007 eff 0.0027 outinratio 0.0 

VBFH126_4e_absdetajj_genbin3_recobin2 acc 0.0499 eff 0.0042 outinratio 0.0 

WminusH126_4e_absdetajj_genbin3_recobin2 acc 0.0079 eff 0.0462 outinratio 0.0097 

WplusH126_4e_absdetajj_genbin3_recobin2 acc 0.0061 eff 0.0406 outinratio 0.014 

ZH126_4e_absdetajj_genbin3_recobin2 acc 0.0068 eff 0.052 outinratio 0.0278 

ttH126_4e_absdetajj_genbin3_recobin2 acc 0.0186 eff 0.0434 outinratio 0.0632 

ggH126_4e_absdetajj_genbin4_recobin2 acc 0.0024 eff 0.0 outinratio 0.0 

VBFH126_4e_absdetajj_genbin4_recobin2 acc 0.0668 eff 0.0 outinratio 0.0 

WminusH126_4e_absdetajj_genbin4_recobin2 acc 0.0008 eff 0.0 outinratio 0.0097 

WplusH126_4e_absdetajj_genbin4_recobin2 acc 0.0009 eff -1.0 outinratio 0.014 

ZH126_4e_absdetajj_genbin4_recobin2 acc 0.0007 eff -1.0 outinratio 0.0278 

ttH126_4e_absdetajj_genbin4_recobin2 acc 0.0008 eff -1.0 outinratio 0.0632 

ggH126_4e_absdetajj_genbin0_recobin3 acc 0.3737 eff 0.0034 outinratio 0.0 

VBFH126_4e_absdetajj_genbin0_recobin3 acc 0.2867 eff 0.0079 outinratio 0.0 

WminusH126_4e_absdetajj_genbin0_recobin3 acc 0.2313 eff 0.0037 outinratio 0.0 

WplusH126_4e_absdetajj_genbin0_recobin3 acc 0.1988 eff 0.0036 outinratio 0.0 

ZH126_4e_absdetajj_genbin0_recobin3 acc 0.2077 eff 0.003 outinratio 0.045 

ttH126_4e_absdetajj_genbin0_recobin3 acc 0.0127 eff 0.0 outinratio 0.0215 

ggH126_4e_absdetajj_genbin1_recobin3 acc 0.0199 eff 0.0023 outinratio 0.0 

VBFH126_4e_absdetajj_genbin1_recobin3 acc 0.0222 eff 0.0263 outinratio 0.0 

WminusH126_4e_absdetajj_genbin1_recobin3 acc 0.1148 eff 0.0028 outinratio 0.0 

WplusH126_4e_absdetajj_genbin1_recobin3 acc 0.0993 eff 0.0026 outinratio 0.0 

ZH126_4e_absdetajj_genbin1_recobin3 acc 0.1174 eff 0.0036 outinratio 0.045 

ttH126_4e_absdetajj_genbin1_recobin3 acc 0.2843 eff 0.0005 outinratio 0.0215 

ggH126_4e_absdetajj_genbin2_recobin3 acc 0.0162 eff 0.0 outinratio 0.0 

VBFH126_4e_absdetajj_genbin2_recobin3 acc 0.0353 eff 0.0 outinratio 0.0 

WminusH126_4e_absdetajj_genbin2_recobin3 acc 0.0445 eff 0.0029 outinratio 0.0 

WplusH126_4e_absdetajj_genbin2_recobin3 acc 0.0454 eff 0.0036 outinratio 0.0 

ZH126_4e_absdetajj_genbin2_recobin3 acc 0.0553 eff 0.0025 outinratio 0.045 

ttH126_4e_absdetajj_genbin2_recobin3 acc 0.1661 eff 0.0096 outinratio 0.0215 

ggH126_4e_absdetajj_genbin3_recobin3 acc 0.007 eff 0.3061 outinratio 0.0 

VBFH126_4e_absdetajj_genbin3_recobin3 acc 0.0499 eff 0.3973 outinratio 0.0 

WminusH126_4e_absdetajj_genbin3_recobin3 acc 0.0079 eff 0.2552 outinratio 0.0 

WplusH126_4e_absdetajj_genbin3_recobin3 acc 0.0061 eff 0.2197 outinratio 0.0 

ZH126_4e_absdetajj_genbin3_recobin3 acc 0.0068 eff 0.1912 outinratio 0.045 

ttH126_4e_absdetajj_genbin3_recobin3 acc 0.0186 eff 0.1962 outinratio 0.0215 

ggH126_4e_absdetajj_genbin4_recobin3 acc 0.0024 eff 0.0 outinratio 0.0 

VBFH126_4e_absdetajj_genbin4_recobin3 acc 0.0668 eff 0.0085 outinratio 0.0 

WminusH126_4e_absdetajj_genbin4_recobin3 acc 0.0008 eff 0.0 outinratio 0.0 

WplusH126_4e_absdetajj_genbin4_recobin3 acc 0.0009 eff -1.0 outinratio 0.0 

ZH126_4e_absdetajj_genbin4_recobin3 acc 0.0007 eff -1.0 outinratio 0.045 

ttH126_4e_absdetajj_genbin4_recobin3 acc 0.0008 eff -1.0 outinratio 0.0215 

ggH126_4e_absdetajj_genbin0_recobin4 acc 0.3737 eff 0.0009 outinratio 0.0383 

VBFH126_4e_absdetajj_genbin0_recobin4 acc 0.2867 eff 0.0245 outinratio 0.0341 

WminusH126_4e_absdetajj_genbin0_recobin4 acc 0.2313 eff 0.0007 outinratio 0.0 

WplusH126_4e_absdetajj_genbin0_recobin4 acc 0.1988 eff 0.0008 outinratio 0.0 

ZH126_4e_absdetajj_genbin0_recobin4 acc 0.2077 eff 0.0008 outinratio 0.0 

ttH126_4e_absdetajj_genbin0_recobin4 acc 0.0127 eff 0.0 outinratio 0.0 

ggH126_4e_absdetajj_genbin1_recobin4 acc 0.0199 eff 0.0 outinratio 0.0383 

VBFH126_4e_absdetajj_genbin1_recobin4 acc 0.0222 eff 0.0311 outinratio 0.0341 

WminusH126_4e_absdetajj_genbin1_recobin4 acc 0.1148 eff 0.0 outinratio 0.0 

WplusH126_4e_absdetajj_genbin1_recobin4 acc 0.0993 eff 0.0002 outinratio 0.0 

ZH126_4e_absdetajj_genbin1_recobin4 acc 0.1174 eff 0.0002 outinratio 0.0 

ttH126_4e_absdetajj_genbin1_recobin4 acc 0.2843 eff 0.0 outinratio 0.0 

ggH126_4e_absdetajj_genbin2_recobin4 acc 0.0162 eff 0.0 outinratio 0.0383 

VBFH126_4e_absdetajj_genbin2_recobin4 acc 0.0353 eff 0.0 outinratio 0.0341 

WminusH126_4e_absdetajj_genbin2_recobin4 acc 0.0445 eff 0.001 outinratio 0.0 

WplusH126_4e_absdetajj_genbin2_recobin4 acc 0.0454 eff 0.0 outinratio 0.0 

ZH126_4e_absdetajj_genbin2_recobin4 acc 0.0553 eff 0.0 outinratio 0.0 

ttH126_4e_absdetajj_genbin2_recobin4 acc 0.1661 eff 0.0028 outinratio 0.0 

ggH126_4e_absdetajj_genbin3_recobin4 acc 0.007 eff 0.0 outinratio 0.0383 

VBFH126_4e_absdetajj_genbin3_recobin4 acc 0.0499 eff 0.0015 outinratio 0.0341 

WminusH126_4e_absdetajj_genbin3_recobin4 acc 0.0079 eff 0.0087 outinratio 0.0 

WplusH126_4e_absdetajj_genbin3_recobin4 acc 0.0061 eff 0.0 outinratio 0.0 

ZH126_4e_absdetajj_genbin3_recobin4 acc 0.0068 eff 0.0 outinratio 0.0 

ttH126_4e_absdetajj_genbin3_recobin4 acc 0.0186 eff 0.0 outinratio 0.0 

ggH126_4e_absdetajj_genbin4_recobin4 acc 0.0024 eff 0.2699 outinratio 0.0383 

VBFH126_4e_absdetajj_genbin4_recobin4 acc 0.0668 eff 0.3443 outinratio 0.0341 

WminusH126_4e_absdetajj_genbin4_recobin4 acc 0.0008 eff 0.2253 outinratio 0.0 

WplusH126_4e_absdetajj_genbin4_recobin4 acc 0.0009 eff -1.0 outinratio 0.0 

ZH126_4e_absdetajj_genbin4_recobin4 acc 0.0007 eff -1.0 outinratio 0.0 

ttH126_4e_absdetajj_genbin4_recobin4 acc 0.0008 eff -1.0 outinratio 0.0 

ggH126_4mu_absdetajj_genbin0_recobin0 acc 0.4337 eff 0.5886 outinratio 0.0052 

VBFH126_4mu_absdetajj_genbin0_recobin0 acc 0.301 eff 0.5263 outinratio 0.0104 

WminusH126_4mu_absdetajj_genbin0_recobin0 acc 0.2582 eff 0.4846 outinratio 0.0136 

WplusH126_4mu_absdetajj_genbin0_recobin0 acc 0.2249 eff 0.5012 outinratio 0.0156 

ZH126_4mu_absdetajj_genbin0_recobin0 acc 0.2149 eff 0.4858 outinratio 0.0683 

ttH126_4mu_absdetajj_genbin0_recobin0 acc 0.0156 eff 0.1904 outinratio 0.2243 

ggH126_4mu_absdetajj_genbin1_recobin0 acc 0.0183 eff 0.0801 outinratio 0.0052 

VBFH126_4mu_absdetajj_genbin1_recobin0 acc 0.023 eff 0.1278 outinratio 0.0104 

WminusH126_4mu_absdetajj_genbin1_recobin0 acc 0.1214 eff 0.066 outinratio 0.0136 

WplusH126_4mu_absdetajj_genbin1_recobin0 acc 0.1104 eff 0.0661 outinratio 0.0156 

ZH126_4mu_absdetajj_genbin1_recobin0 acc 0.1247 eff 0.0788 outinratio 0.0683 

ttH126_4mu_absdetajj_genbin1_recobin0 acc 0.3231 eff 0.0038 outinratio 0.2243 

ggH126_4mu_absdetajj_genbin2_recobin0 acc 0.0174 eff 0.1206 outinratio 0.0052 

VBFH126_4mu_absdetajj_genbin2_recobin0 acc 0.0366 eff 0.0903 outinratio 0.0104 

WminusH126_4mu_absdetajj_genbin2_recobin0 acc 0.051 eff 0.08 outinratio 0.0136 

WplusH126_4mu_absdetajj_genbin2_recobin0 acc 0.0455 eff 0.0619 outinratio 0.0156 

ZH126_4mu_absdetajj_genbin2_recobin0 acc 0.0562 eff 0.0875 outinratio 0.0683 

ttH126_4mu_absdetajj_genbin2_recobin0 acc 0.1784 eff 0.0045 outinratio 0.2243 

ggH126_4mu_absdetajj_genbin3_recobin0 acc 0.0062 eff 0.1619 outinratio 0.0052 

VBFH126_4mu_absdetajj_genbin3_recobin0 acc 0.0673 eff 0.0878 outinratio 0.0104 

WminusH126_4mu_absdetajj_genbin3_recobin0 acc 0.0082 eff 0.043 outinratio 0.0136 

WplusH126_4mu_absdetajj_genbin3_recobin0 acc 0.0067 eff 0.0584 outinratio 0.0156 

ZH126_4mu_absdetajj_genbin3_recobin0 acc 0.0062 eff 0.0647 outinratio 0.0683 

ttH126_4mu_absdetajj_genbin3_recobin0 acc 0.0234 eff 0.0 outinratio 0.2243 

ggH126_4mu_absdetajj_genbin4_recobin0 acc 0.0017 eff 0.1157 outinratio 0.0052 

VBFH126_4mu_absdetajj_genbin4_recobin0 acc 0.0714 eff 0.1159 outinratio 0.0104 

WminusH126_4mu_absdetajj_genbin4_recobin0 acc 0.0008 eff 0.0 outinratio 0.0136 

WplusH126_4mu_absdetajj_genbin4_recobin0 acc 0.0005 eff -1.0 outinratio 0.0156 

ZH126_4mu_absdetajj_genbin4_recobin0 acc 0.0006 eff -1.0 outinratio 0.0683 

ttH126_4mu_absdetajj_genbin4_recobin0 acc 0.0021 eff -1.0 outinratio 0.2243 

ggH126_4mu_absdetajj_genbin0_recobin1 acc 0.4337 eff 0.0059 outinratio 0.0047 

VBFH126_4mu_absdetajj_genbin0_recobin1 acc 0.301 eff 0.0127 outinratio 0.0094 

WminusH126_4mu_absdetajj_genbin0_recobin1 acc 0.2582 eff 0.0355 outinratio 0.0049 

WplusH126_4mu_absdetajj_genbin0_recobin1 acc 0.2249 eff 0.0292 outinratio 0.0079 

ZH126_4mu_absdetajj_genbin0_recobin1 acc 0.2149 eff 0.0374 outinratio 0.0272 

ttH126_4mu_absdetajj_genbin0_recobin1 acc 0.0156 eff 0.0597 outinratio 0.0257 

ggH126_4mu_absdetajj_genbin1_recobin1 acc 0.0183 eff 0.4521 outinratio 0.0047 

VBFH126_4mu_absdetajj_genbin1_recobin1 acc 0.023 eff 0.4257 outinratio 0.0094 

WminusH126_4mu_absdetajj_genbin1_recobin1 acc 0.1214 eff 0.4954 outinratio 0.0049 

WplusH126_4mu_absdetajj_genbin1_recobin1 acc 0.1104 eff 0.4794 outinratio 0.0079 

ZH126_4mu_absdetajj_genbin1_recobin1 acc 0.1247 eff 0.4683 outinratio 0.0272 

ttH126_4mu_absdetajj_genbin1_recobin1 acc 0.3231 eff 0.3649 outinratio 0.0257 

ggH126_4mu_absdetajj_genbin2_recobin1 acc 0.0174 eff 0.0159 outinratio 0.0047 

VBFH126_4mu_absdetajj_genbin2_recobin1 acc 0.0366 eff 0.0369 outinratio 0.0094 

WminusH126_4mu_absdetajj_genbin2_recobin1 acc 0.051 eff 0.0488 outinratio 0.0049 

WplusH126_4mu_absdetajj_genbin2_recobin1 acc 0.0455 eff 0.0603 outinratio 0.0079 

ZH126_4mu_absdetajj_genbin2_recobin1 acc 0.0562 eff 0.0401 outinratio 0.0272 

ttH126_4mu_absdetajj_genbin2_recobin1 acc 0.1784 eff 0.0611 outinratio 0.0257 

ggH126_4mu_absdetajj_genbin3_recobin1 acc 0.0062 eff 0.0 outinratio 0.0047 

VBFH126_4mu_absdetajj_genbin3_recobin1 acc 0.0673 eff 0.0117 outinratio 0.0094 

WminusH126_4mu_absdetajj_genbin3_recobin1 acc 0.0082 eff 0.027 outinratio 0.0049 

WplusH126_4mu_absdetajj_genbin3_recobin1 acc 0.0067 eff 0.0115 outinratio 0.0079 

ZH126_4mu_absdetajj_genbin3_recobin1 acc 0.0062 eff 0.069 outinratio 0.0272 

ttH126_4mu_absdetajj_genbin3_recobin1 acc 0.0234 eff 0.0579 outinratio 0.0257 

ggH126_4mu_absdetajj_genbin4_recobin1 acc 0.0017 eff 0.0349 outinratio 0.0047 

VBFH126_4mu_absdetajj_genbin4_recobin1 acc 0.0714 eff 0.0 outinratio 0.0094 

WminusH126_4mu_absdetajj_genbin4_recobin1 acc 0.0008 eff 0.0 outinratio 0.0049 

WplusH126_4mu_absdetajj_genbin4_recobin1 acc 0.0005 eff -1.0 outinratio 0.0079 

ZH126_4mu_absdetajj_genbin4_recobin1 acc 0.0006 eff -1.0 outinratio 0.0272 

ttH126_4mu_absdetajj_genbin4_recobin1 acc 0.0021 eff -1.0 outinratio 0.0257 

ggH126_4mu_absdetajj_genbin0_recobin2 acc 0.4337 eff 0.0071 outinratio 0.0 

VBFH126_4mu_absdetajj_genbin0_recobin2 acc 0.301 eff 0.0144 outinratio 0.0 

WminusH126_4mu_absdetajj_genbin0_recobin2 acc 0.2582 eff 0.0279 outinratio 0.0093 

WplusH126_4mu_absdetajj_genbin0_recobin2 acc 0.2249 eff 0.0201 outinratio 0.0074 

ZH126_4mu_absdetajj_genbin0_recobin2 acc 0.2149 eff 0.0261 outinratio 0.0377 

ttH126_4mu_absdetajj_genbin0_recobin2 acc 0.0156 eff 0.0495 outinratio 0.0516 

ggH126_4mu_absdetajj_genbin1_recobin2 acc 0.0183 eff 0.0163 outinratio 0.0 

VBFH126_4mu_absdetajj_genbin1_recobin2 acc 0.023 eff 0.055 outinratio 0.0 

WminusH126_4mu_absdetajj_genbin1_recobin2 acc 0.1214 eff 0.0171 outinratio 0.0093 

WplusH126_4mu_absdetajj_genbin1_recobin2 acc 0.1104 eff 0.0263 outinratio 0.0074 

ZH126_4mu_absdetajj_genbin1_recobin2 acc 0.1247 eff 0.0191 outinratio 0.0377 

ttH126_4mu_absdetajj_genbin1_recobin2 acc 0.3231 eff 0.0317 outinratio 0.0516 

ggH126_4mu_absdetajj_genbin2_recobin2 acc 0.0174 eff 0.4262 outinratio 0.0 

VBFH126_4mu_absdetajj_genbin2_recobin2 acc 0.0366 eff 0.4803 outinratio 0.0 

WminusH126_4mu_absdetajj_genbin2_recobin2 acc 0.051 eff 0.4194 outinratio 0.0093 

WplusH126_4mu_absdetajj_genbin2_recobin2 acc 0.0455 eff 0.4192 outinratio 0.0074 

ZH126_4mu_absdetajj_genbin2_recobin2 acc 0.0562 eff 0.4374 outinratio 0.0377 

ttH126_4mu_absdetajj_genbin2_recobin2 acc 0.1784 eff 0.3207 outinratio 0.0516 

ggH126_4mu_absdetajj_genbin3_recobin2 acc 0.0062 eff 0.038 outinratio 0.0 

VBFH126_4mu_absdetajj_genbin3_recobin2 acc 0.0673 eff 0.0101 outinratio 0.0 

WminusH126_4mu_absdetajj_genbin3_recobin2 acc 0.0082 eff 0.0638 outinratio 0.0093 

WplusH126_4mu_absdetajj_genbin3_recobin2 acc 0.0067 eff 0.0966 outinratio 0.0074 

ZH126_4mu_absdetajj_genbin3_recobin2 acc 0.0062 eff 0.0708 outinratio 0.0377 

ttH126_4mu_absdetajj_genbin3_recobin2 acc 0.0234 eff -0.0009 outinratio 0.0516 

ggH126_4mu_absdetajj_genbin4_recobin2 acc 0.0017 eff 0.0 outinratio 0.0 

VBFH126_4mu_absdetajj_genbin4_recobin2 acc 0.0714 eff 0.0 outinratio 0.0 

WminusH126_4mu_absdetajj_genbin4_recobin2 acc 0.0008 eff 0.1045 outinratio 0.0093 

WplusH126_4mu_absdetajj_genbin4_recobin2 acc 0.0005 eff -1.0 outinratio 0.0074 

ZH126_4mu_absdetajj_genbin4_recobin2 acc 0.0006 eff -1.0 outinratio 0.0377 

ttH126_4mu_absdetajj_genbin4_recobin2 acc 0.0021 eff -1.0 outinratio 0.0516 

ggH126_4mu_absdetajj_genbin0_recobin3 acc 0.4337 eff 0.0034 outinratio 0.0 

VBFH126_4mu_absdetajj_genbin0_recobin3 acc 0.301 eff 0.0187 outinratio 0.0 

WminusH126_4mu_absdetajj_genbin0_recobin3 acc 0.2582 eff 0.0025 outinratio 0.0 

WplusH126_4mu_absdetajj_genbin0_recobin3 acc 0.2249 eff 0.0041 outinratio 0.0106 

ZH126_4mu_absdetajj_genbin0_recobin3 acc 0.2149 eff 0.0031 outinratio 0.0779 

ttH126_4mu_absdetajj_genbin0_recobin3 acc 0.0156 eff 0.0 outinratio 0.0 

ggH126_4mu_absdetajj_genbin1_recobin3 acc 0.0183 eff 0.0046 outinratio 0.0 

VBFH126_4mu_absdetajj_genbin1_recobin3 acc 0.023 eff 0.0 outinratio 0.0 

WminusH126_4mu_absdetajj_genbin1_recobin3 acc 0.1214 eff 0.0023 outinratio 0.0 

WplusH126_4mu_absdetajj_genbin1_recobin3 acc 0.1104 eff 0.005 outinratio 0.0106 

ZH126_4mu_absdetajj_genbin1_recobin3 acc 0.1247 eff 0.0035 outinratio 0.0779 

ttH126_4mu_absdetajj_genbin1_recobin3 acc 0.3231 eff 0.0055 outinratio 0.0 

ggH126_4mu_absdetajj_genbin2_recobin3 acc 0.0174 eff 0.0198 outinratio 0.0 

VBFH126_4mu_absdetajj_genbin2_recobin3 acc 0.0366 eff 0.0348 outinratio 0.0 

WminusH126_4mu_absdetajj_genbin2_recobin3 acc 0.051 eff 0.0073 outinratio 0.0 

WplusH126_4mu_absdetajj_genbin2_recobin3 acc 0.0455 eff 0.0079 outinratio 0.0106 

ZH126_4mu_absdetajj_genbin2_recobin3 acc 0.0562 eff 0.0034 outinratio 0.0779 

ttH126_4mu_absdetajj_genbin2_recobin3 acc 0.1784 eff 0.0049 outinratio 0.0 

ggH126_4mu_absdetajj_genbin3_recobin3 acc 0.0062 eff 0.3832 outinratio 0.0 

VBFH126_4mu_absdetajj_genbin3_recobin3 acc 0.0673 eff 0.4613 outinratio 0.0 

WminusH126_4mu_absdetajj_genbin3_recobin3 acc 0.0082 eff 0.4304 outinratio 0.0 

WplusH126_4mu_absdetajj_genbin3_recobin3 acc 0.0067 eff 0.3747 outinratio 0.0106 

ZH126_4mu_absdetajj_genbin3_recobin3 acc 0.0062 eff 0.3909 outinratio 0.0779 

ttH126_4mu_absdetajj_genbin3_recobin3 acc 0.0234 eff 0.3882 outinratio 0.0 

ggH126_4mu_absdetajj_genbin4_recobin3 acc 0.0017 eff 0.0 outinratio 0.0 

VBFH126_4mu_absdetajj_genbin4_recobin3 acc 0.0714 eff 0.0035 outinratio 0.0 

WminusH126_4mu_absdetajj_genbin4_recobin3 acc 0.0008 eff 0.0 outinratio 0.0 

WplusH126_4mu_absdetajj_genbin4_recobin3 acc 0.0005 eff -1.0 outinratio 0.0106 

ZH126_4mu_absdetajj_genbin4_recobin3 acc 0.0006 eff -1.0 outinratio 0.0779 

ttH126_4mu_absdetajj_genbin4_recobin3 acc 0.0021 eff -1.0 outinratio 0.0 

ggH126_4mu_absdetajj_genbin0_recobin4 acc 0.4337 eff 0.001 outinratio 0.0 

VBFH126_4mu_absdetajj_genbin0_recobin4 acc 0.301 eff 0.0387 outinratio 0.0 

WminusH126_4mu_absdetajj_genbin0_recobin4 acc 0.2582 eff 0.0013 outinratio 0.0 

WplusH126_4mu_absdetajj_genbin0_recobin4 acc 0.2249 eff 0.0013 outinratio 0.0 

ZH126_4mu_absdetajj_genbin0_recobin4 acc 0.2149 eff 0.0002 outinratio 5.033 

ttH126_4mu_absdetajj_genbin0_recobin4 acc 0.0156 eff 0.0 outinratio 0.0 

ggH126_4mu_absdetajj_genbin1_recobin4 acc 0.0183 eff 0.004 outinratio 0.0 

VBFH126_4mu_absdetajj_genbin1_recobin4 acc 0.023 eff 0.0221 outinratio 0.0 

WminusH126_4mu_absdetajj_genbin1_recobin4 acc 0.1214 eff 0.001 outinratio 0.0 

WplusH126_4mu_absdetajj_genbin1_recobin4 acc 0.1104 eff 0.001 outinratio 0.0 

ZH126_4mu_absdetajj_genbin1_recobin4 acc 0.1247 eff 0.0 outinratio 5.033 

ttH126_4mu_absdetajj_genbin1_recobin4 acc 0.3231 eff 0.001 outinratio 0.0 

ggH126_4mu_absdetajj_genbin2_recobin4 acc 0.0174 eff 0.0 outinratio 0.0 

VBFH126_4mu_absdetajj_genbin2_recobin4 acc 0.0366 eff 0.016 outinratio 0.0 

WminusH126_4mu_absdetajj_genbin2_recobin4 acc 0.051 eff 0.0017 outinratio 0.0 

WplusH126_4mu_absdetajj_genbin2_recobin4 acc 0.0455 eff 0.0 outinratio 0.0 

ZH126_4mu_absdetajj_genbin2_recobin4 acc 0.0562 eff 0.0 outinratio 5.033 

ttH126_4mu_absdetajj_genbin2_recobin4 acc 0.1784 eff 0.0 outinratio 0.0 

ggH126_4mu_absdetajj_genbin3_recobin4 acc 0.0062 eff 0.0 outinratio 0.0 

VBFH126_4mu_absdetajj_genbin3_recobin4 acc 0.0673 eff 0.0085 outinratio 0.0 

WminusH126_4mu_absdetajj_genbin3_recobin4 acc 0.0082 eff 0.0037 outinratio 0.0 

WplusH126_4mu_absdetajj_genbin3_recobin4 acc 0.0067 eff 0.0 outinratio 0.0 

ZH126_4mu_absdetajj_genbin3_recobin4 acc 0.0062 eff 0.0 outinratio 5.033 

ttH126_4mu_absdetajj_genbin3_recobin4 acc 0.0234 eff 0.0 outinratio 0.0 

ggH126_4mu_absdetajj_genbin4_recobin4 acc 0.0017 eff 0.6281 outinratio 0.0 

VBFH126_4mu_absdetajj_genbin4_recobin4 acc 0.0714 eff 0.5274 outinratio 0.0 

WminusH126_4mu_absdetajj_genbin4_recobin4 acc 0.0008 eff 0.3177 outinratio 0.0 

WplusH126_4mu_absdetajj_genbin4_recobin4 acc 0.0005 eff -1.0 outinratio 0.0 

ZH126_4mu_absdetajj_genbin4_recobin4 acc 0.0006 eff -1.0 outinratio 5.033 

ttH126_4mu_absdetajj_genbin4_recobin4 acc 0.0021 eff -1.0 outinratio 0.0 

ggH126_2e2mu_absdetajj_genbin0_recobin0 acc 0.4006 eff 0.4616 outinratio 0.0081 

VBFH126_2e2mu_absdetajj_genbin0_recobin0 acc 0.2906 eff 0.4334 outinratio 0.0053 

WminusH126_2e2mu_absdetajj_genbin0_recobin0 acc 0.2345 eff 0.3942 outinratio 0.0239 

WplusH126_2e2mu_absdetajj_genbin0_recobin0 acc 0.2024 eff 0.401 outinratio 0.0205 

ZH126_2e2mu_absdetajj_genbin0_recobin0 acc 0.2092 eff 0.41 outinratio 0.0579 

ttH126_2e2mu_absdetajj_genbin0_recobin0 acc 0.016 eff 0.1293 outinratio 0.3748 

ggH126_2e2mu_absdetajj_genbin1_recobin0 acc 0.0186 eff 0.0639 outinratio 0.0081 

VBFH126_2e2mu_absdetajj_genbin1_recobin0 acc 0.0171 eff 0.0701 outinratio 0.0053 

WminusH126_2e2mu_absdetajj_genbin1_recobin0 acc 0.1125 eff 0.0574 outinratio 0.0239 

WplusH126_2e2mu_absdetajj_genbin1_recobin0 acc 0.1056 eff 0.0523 outinratio 0.0205 

ZH126_2e2mu_absdetajj_genbin1_recobin0 acc 0.1166 eff 0.0561 outinratio 0.0579 

ttH126_2e2mu_absdetajj_genbin1_recobin0 acc 0.2924 eff 0.0061 outinratio 0.3748 

ggH126_2e2mu_absdetajj_genbin2_recobin0 acc 0.0155 eff 0.0802 outinratio 0.0081 

VBFH126_2e2mu_absdetajj_genbin2_recobin0 acc 0.0332 eff 0.0508 outinratio 0.0053 

WminusH126_2e2mu_absdetajj_genbin2_recobin0 acc 0.0481 eff 0.0559 outinratio 0.0239 

WplusH126_2e2mu_absdetajj_genbin2_recobin0 acc 0.0445 eff 0.0525 outinratio 0.0205 

ZH126_2e2mu_absdetajj_genbin2_recobin0 acc 0.0513 eff 0.0613 outinratio 0.0579 

ttH126_2e2mu_absdetajj_genbin2_recobin0 acc 0.1575 eff 0.0044 outinratio 0.3748 

ggH126_2e2mu_absdetajj_genbin3_recobin0 acc 0.0076 eff 0.1065 outinratio 0.0081 

VBFH126_2e2mu_absdetajj_genbin3_recobin0 acc 0.0597 eff 0.0746 outinratio 0.0053 

WminusH126_2e2mu_absdetajj_genbin3_recobin0 acc 0.0075 eff 0.0441 outinratio 0.0239 

WplusH126_2e2mu_absdetajj_genbin3_recobin0 acc 0.006 eff 0.0899 outinratio 0.0205 

ZH126_2e2mu_absdetajj_genbin3_recobin0 acc 0.0073 eff 0.0593 outinratio 0.0579 

ttH126_2e2mu_absdetajj_genbin3_recobin0 acc 0.0188 eff 0.0 outinratio 0.3748 

ggH126_2e2mu_absdetajj_genbin4_recobin0 acc 0.0022 eff 0.0788 outinratio 0.0081 

VBFH126_2e2mu_absdetajj_genbin4_recobin0 acc 0.0781 eff 0.0989 outinratio 0.0053 

WminusH126_2e2mu_absdetajj_genbin4_recobin0 acc 0.0007 eff 0.0306 outinratio 0.0239 

WplusH126_2e2mu_absdetajj_genbin4_recobin0 acc 0.0011 eff 0.0 outinratio 0.0205 

ZH126_2e2mu_absdetajj_genbin4_recobin0 acc 0.0005 eff -1.0 outinratio 0.0579 

ttH126_2e2mu_absdetajj_genbin4_recobin0 acc 0.0016 eff -1.0 outinratio 0.3748 

ggH126_2e2mu_absdetajj_genbin0_recobin1 acc 0.4006 eff 0.005 outinratio 0.0 

VBFH126_2e2mu_absdetajj_genbin0_recobin1 acc 0.2906 eff 0.0059 outinratio 0.0 

WminusH126_2e2mu_absdetajj_genbin0_recobin1 acc 0.2345 eff 0.0336 outinratio 0.0101 

WplusH126_2e2mu_absdetajj_genbin0_recobin1 acc 0.2024 eff 0.0328 outinratio 0.0094 

ZH126_2e2mu_absdetajj_genbin0_recobin1 acc 0.2092 eff 0.027 outinratio 0.0445 

ttH126_2e2mu_absdetajj_genbin0_recobin1 acc 0.016 eff 0.0571 outinratio 0.0513 

ggH126_2e2mu_absdetajj_genbin1_recobin1 acc 0.0186 eff 0.3578 outinratio 0.0 

VBFH126_2e2mu_absdetajj_genbin1_recobin1 acc 0.0171 eff 0.3253 outinratio 0.0 

WminusH126_2e2mu_absdetajj_genbin1_recobin1 acc 0.1125 eff 0.4099 outinratio 0.0101 

WplusH126_2e2mu_absdetajj_genbin1_recobin1 acc 0.1056 eff 0.4002 outinratio 0.0094 

ZH126_2e2mu_absdetajj_genbin1_recobin1 acc 0.1166 eff 0.3938 outinratio 0.0445 

ttH126_2e2mu_absdetajj_genbin1_recobin1 acc 0.2924 eff 0.3353 outinratio 0.0513 

ggH126_2e2mu_absdetajj_genbin2_recobin1 acc 0.0155 eff 0.032 outinratio 0.0 

VBFH126_2e2mu_absdetajj_genbin2_recobin1 acc 0.0332 eff 0.0148 outinratio 0.0 

WminusH126_2e2mu_absdetajj_genbin2_recobin1 acc 0.0481 eff 0.0413 outinratio 0.0101 

WplusH126_2e2mu_absdetajj_genbin2_recobin1 acc 0.0445 eff 0.0266 outinratio 0.0094 

ZH126_2e2mu_absdetajj_genbin2_recobin1 acc 0.0513 eff 0.0271 outinratio 0.0445 

ttH126_2e2mu_absdetajj_genbin2_recobin1 acc 0.1575 eff 0.0507 outinratio 0.0513 

ggH126_2e2mu_absdetajj_genbin3_recobin1 acc 0.0076 eff 0.0156 outinratio 0.0 

VBFH126_2e2mu_absdetajj_genbin3_recobin1 acc 0.0597 eff 0.0084 outinratio 0.0 

WminusH126_2e2mu_absdetajj_genbin3_recobin1 acc 0.0075 eff 0.0346 outinratio 0.0101 

WplusH126_2e2mu_absdetajj_genbin3_recobin1 acc 0.006 eff 0.0228 outinratio 0.0094 

ZH126_2e2mu_absdetajj_genbin3_recobin1 acc 0.0073 eff 0.0489 outinratio 0.0445 

ttH126_2e2mu_absdetajj_genbin3_recobin1 acc 0.0188 eff 0.0371 outinratio 0.0513 

ggH126_2e2mu_absdetajj_genbin4_recobin1 acc 0.0022 eff 0.0212 outinratio 0.0 

VBFH126_2e2mu_absdetajj_genbin4_recobin1 acc 0.0781 eff 0.0032 outinratio 0.0 

WminusH126_2e2mu_absdetajj_genbin4_recobin1 acc 0.0007 eff 0.0 outinratio 0.0101 

WplusH126_2e2mu_absdetajj_genbin4_recobin1 acc 0.0011 eff 0.0636 outinratio 0.0094 

ZH126_2e2mu_absdetajj_genbin4_recobin1 acc 0.0005 eff -1.0 outinratio 0.0445 

ttH126_2e2mu_absdetajj_genbin4_recobin1 acc 0.0016 eff -1.0 outinratio 0.0513 

ggH126_2e2mu_absdetajj_genbin0_recobin2 acc 0.4006 eff 0.0045 outinratio 0.0115 

VBFH126_2e2mu_absdetajj_genbin0_recobin2 acc 0.2906 eff 0.0052 outinratio 0.0216 

WminusH126_2e2mu_absdetajj_genbin0_recobin2 acc 0.2345 eff 0.0204 outinratio 0.0172 

WplusH126_2e2mu_absdetajj_genbin0_recobin2 acc 0.2024 eff 0.02 outinratio 0.0044 

ZH126_2e2mu_absdetajj_genbin0_recobin2 acc 0.2092 eff 0.0185 outinratio 0.0346 

ttH126_2e2mu_absdetajj_genbin0_recobin2 acc 0.016 eff 0.0546 outinratio 0.0478 

ggH126_2e2mu_absdetajj_genbin1_recobin2 acc 0.0186 eff 0.0292 outinratio 0.0115 

VBFH126_2e2mu_absdetajj_genbin1_recobin2 acc 0.0171 eff 0.0222 outinratio 0.0216 

WminusH126_2e2mu_absdetajj_genbin1_recobin2 acc 0.1125 eff 0.0168 outinratio 0.0172 

WplusH126_2e2mu_absdetajj_genbin1_recobin2 acc 0.1056 eff 0.0166 outinratio 0.0044 

ZH126_2e2mu_absdetajj_genbin1_recobin2 acc 0.1166 eff 0.0231 outinratio 0.0346 

ttH126_2e2mu_absdetajj_genbin1_recobin2 acc 0.2924 eff 0.0261 outinratio 0.0478 

ggH126_2e2mu_absdetajj_genbin2_recobin2 acc 0.0155 eff 0.3947 outinratio 0.0115 

VBFH126_2e2mu_absdetajj_genbin2_recobin2 acc 0.0332 eff 0.5231 outinratio 0.0216 

WminusH126_2e2mu_absdetajj_genbin2_recobin2 acc 0.0481 eff 0.3573 outinratio 0.0172 

WplusH126_2e2mu_absdetajj_genbin2_recobin2 acc 0.0445 eff 0.3513 outinratio 0.0044 

ZH126_2e2mu_absdetajj_genbin2_recobin2 acc 0.0513 eff 0.3699 outinratio 0.0346 

ttH126_2e2mu_absdetajj_genbin2_recobin2 acc 0.1575 eff 0.3072 outinratio 0.0478 

ggH126_2e2mu_absdetajj_genbin3_recobin2 acc 0.0076 eff 0.0173 outinratio 0.0115 

VBFH126_2e2mu_absdetajj_genbin3_recobin2 acc 0.0597 eff 0.0008 outinratio 0.0216 

WminusH126_2e2mu_absdetajj_genbin3_recobin2 acc 0.0075 eff 0.0582 outinratio 0.0172 

WplusH126_2e2mu_absdetajj_genbin3_recobin2 acc 0.006 eff 0.0331 outinratio 0.0044 

ZH126_2e2mu_absdetajj_genbin3_recobin2 acc 0.0073 eff 0.0613 outinratio 0.0346 

ttH126_2e2mu_absdetajj_genbin3_recobin2 acc 0.0188 eff 0.0449 outinratio 0.0478 

ggH126_2e2mu_absdetajj_genbin4_recobin2 acc 0.0022 eff 0.0 outinratio 0.0115 

VBFH126_2e2mu_absdetajj_genbin4_recobin2 acc 0.0781 eff 0.0006 outinratio 0.0216 

WminusH126_2e2mu_absdetajj_genbin4_recobin2 acc 0.0007 eff 0.0156 outinratio 0.0172 

WplusH126_2e2mu_absdetajj_genbin4_recobin2 acc 0.0011 eff 0.0 outinratio 0.0044 

ZH126_2e2mu_absdetajj_genbin4_recobin2 acc 0.0005 eff -1.0 outinratio 0.0346 

ttH126_2e2mu_absdetajj_genbin4_recobin2 acc 0.0016 eff -1.0 outinratio 0.0478 

ggH126_2e2mu_absdetajj_genbin0_recobin3 acc 0.4006 eff 0.0029 outinratio 0.0184 

VBFH126_2e2mu_absdetajj_genbin0_recobin3 acc 0.2906 eff 0.01 outinratio 0.0081 

WminusH126_2e2mu_absdetajj_genbin0_recobin3 acc 0.2345 eff 0.0037 outinratio 0.0118 

WplusH126_2e2mu_absdetajj_genbin0_recobin3 acc 0.2024 eff 0.0036 outinratio 0.037 

ZH126_2e2mu_absdetajj_genbin0_recobin3 acc 0.2092 eff 0.0033 outinratio 0.0473 

ttH126_2e2mu_absdetajj_genbin0_recobin3 acc 0.016 eff 0.0 outinratio 0.0 

ggH126_2e2mu_absdetajj_genbin1_recobin3 acc 0.0186 eff 0.0058 outinratio 0.0184 

VBFH126_2e2mu_absdetajj_genbin1_recobin3 acc 0.0171 eff 0.0105 outinratio 0.0081 

WminusH126_2e2mu_absdetajj_genbin1_recobin3 acc 0.1125 eff 0.0014 outinratio 0.0118 

WplusH126_2e2mu_absdetajj_genbin1_recobin3 acc 0.1056 eff 0.0039 outinratio 0.037 

ZH126_2e2mu_absdetajj_genbin1_recobin3 acc 0.1166 eff 0.0026 outinratio 0.0473 

ttH126_2e2mu_absdetajj_genbin1_recobin3 acc 0.2924 eff 0.0023 outinratio 0.0 

ggH126_2e2mu_absdetajj_genbin2_recobin3 acc 0.0155 eff 0.0075 outinratio 0.0184 

VBFH126_2e2mu_absdetajj_genbin2_recobin3 acc 0.0332 eff 0.0169 outinratio 0.0081 

WminusH126_2e2mu_absdetajj_genbin2_recobin3 acc 0.0481 eff 0.0059 outinratio 0.0118 

WplusH126_2e2mu_absdetajj_genbin2_recobin3 acc 0.0445 eff 0.0092 outinratio 0.037 

ZH126_2e2mu_absdetajj_genbin2_recobin3 acc 0.0513 eff 0.0008 outinratio 0.0473 

ttH126_2e2mu_absdetajj_genbin2_recobin3 acc 0.1575 eff 0.0074 outinratio 0.0 

ggH126_2e2mu_absdetajj_genbin3_recobin3 acc 0.0076 eff 0.3373 outinratio 0.0184 

VBFH126_2e2mu_absdetajj_genbin3_recobin3 acc 0.0597 eff 0.4379 outinratio 0.0081 

WminusH126_2e2mu_absdetajj_genbin3_recobin3 acc 0.0075 eff 0.3519 outinratio 0.0118 

WplusH126_2e2mu_absdetajj_genbin3_recobin3 acc 0.006 eff 0.2413 outinratio 0.037 

ZH126_2e2mu_absdetajj_genbin3_recobin3 acc 0.0073 eff 0.3347 outinratio 0.0473 

ttH126_2e2mu_absdetajj_genbin3_recobin3 acc 0.0188 eff 0.2547 outinratio 0.0 

ggH126_2e2mu_absdetajj_genbin4_recobin3 acc 0.0022 eff 0.0304 outinratio 0.0184 

VBFH126_2e2mu_absdetajj_genbin4_recobin3 acc 0.0781 eff 0.0161 outinratio 0.0081 

WminusH126_2e2mu_absdetajj_genbin4_recobin3 acc 0.0007 eff 0.0316 outinratio 0.0118 

WplusH126_2e2mu_absdetajj_genbin4_recobin3 acc 0.0011 eff 0.0 outinratio 0.037 

ZH126_2e2mu_absdetajj_genbin4_recobin3 acc 0.0005 eff -1.0 outinratio 0.0473 

ttH126_2e2mu_absdetajj_genbin4_recobin3 acc 0.0016 eff -1.0 outinratio 0.0 

ggH126_2e2mu_absdetajj_genbin0_recobin4 acc 0.4006 eff 0.0008 outinratio 0.0 

VBFH126_2e2mu_absdetajj_genbin0_recobin4 acc 0.2906 eff 0.0298 outinratio 0.0104 

WminusH126_2e2mu_absdetajj_genbin0_recobin4 acc 0.2345 eff 0.0004 outinratio 0.013 

WplusH126_2e2mu_absdetajj_genbin0_recobin4 acc 0.2024 eff 0.0003 outinratio 0.0 

ZH126_2e2mu_absdetajj_genbin0_recobin4 acc 0.2092 eff 0.0013 outinratio 0.0 

ttH126_2e2mu_absdetajj_genbin0_recobin4 acc 0.016 eff 0.0 outinratio 0.5224 

ggH126_2e2mu_absdetajj_genbin1_recobin4 acc 0.0186 eff 0.0005 outinratio 0.0 

VBFH126_2e2mu_absdetajj_genbin1_recobin4 acc 0.0171 eff 0.0211 outinratio 0.0104 

WminusH126_2e2mu_absdetajj_genbin1_recobin4 acc 0.1125 eff 0.0005 outinratio 0.013 

WplusH126_2e2mu_absdetajj_genbin1_recobin4 acc 0.1056 eff 0.0008 outinratio 0.0 

ZH126_2e2mu_absdetajj_genbin1_recobin4 acc 0.1166 eff 0.0 outinratio 0.0 

ttH126_2e2mu_absdetajj_genbin1_recobin4 acc 0.2924 eff 0.0 outinratio 0.5224 

ggH126_2e2mu_absdetajj_genbin2_recobin4 acc 0.0155 eff 0.0025 outinratio 0.0 

VBFH126_2e2mu_absdetajj_genbin2_recobin4 acc 0.0332 eff 0.0063 outinratio 0.0104 

WminusH126_2e2mu_absdetajj_genbin2_recobin4 acc 0.0481 eff 0.0016 outinratio 0.013 

WplusH126_2e2mu_absdetajj_genbin2_recobin4 acc 0.0445 eff 0.0031 outinratio 0.0 

ZH126_2e2mu_absdetajj_genbin2_recobin4 acc 0.0513 eff 0.001 outinratio 0.0 

ttH126_2e2mu_absdetajj_genbin2_recobin4 acc 0.1575 eff 0.0 outinratio 0.5224 

ggH126_2e2mu_absdetajj_genbin3_recobin4 acc 0.0076 eff 0.0106 outinratio 0.0 

VBFH126_2e2mu_absdetajj_genbin3_recobin4 acc 0.0597 eff 0.0063 outinratio 0.0104 

WminusH126_2e2mu_absdetajj_genbin3_recobin4 acc 0.0075 eff 0.0022 outinratio 0.013 

WplusH126_2e2mu_absdetajj_genbin3_recobin4 acc 0.006 eff 0.0 outinratio 0.0 

ZH126_2e2mu_absdetajj_genbin3_recobin4 acc 0.0073 eff 0.0 outinratio 0.0 

ttH126_2e2mu_absdetajj_genbin3_recobin4 acc 0.0188 eff 0.0179 outinratio 0.5224 

ggH126_2e2mu_absdetajj_genbin4_recobin4 acc 0.0022 eff 0.3828 outinratio 0.0 

VBFH126_2e2mu_absdetajj_genbin4_recobin4 acc 0.0781 eff 0.4024 outinratio 0.0104 

WminusH126_2e2mu_absdetajj_genbin4_recobin4 acc 0.0007 eff 0.354 outinratio 0.013 

WplusH126_2e2mu_absdetajj_genbin4_recobin4 acc 0.0011 eff 0.258 outinratio 0.0 

ZH126_2e2mu_absdetajj_genbin4_recobin4 acc 0.0005 eff -1.0 outinratio 0.0 

ttH126_2e2mu_absdetajj_genbin4_recobin4 acc 0.0016 eff -1.0 outinratio 0.5224 

Coeff fullNNLOPS
