Welcome in RunCoefficients!
OPT SPLIT
DEBUG opt.YEAR = 2024_4
It is a single-differential measurement, binning [-100.0, 30.0, 45.0, 62.0, 10000.0]
pTj2
Following observables extracted from dictionary: RECO =  pTj2  GEN =  GENpTj2
LUMI: 10.882200000000001
ttH126 0.00046886128
Processing ggH126 2024_4
Signal created
Signal failed created
Processing VBFH126 2024_4
Signal created
Signal failed created
Processing WminusH126 2024_4
Signal created
Signal failed created
Processing WplusH126 2024_4
Signal created
Signal failed created
Processing ZH126 2024_4
Signal created
Signal failed created
Processing ttH126 2024_4
Signal created
Signal failed created
2024_4 SKIMMED df CREATED
2024_4 ggH126
2024_4 VBFH126
2024_4 WminusH126
2024_4 WplusH126
2024_4 ZH126
2024_4 ttH126
Dataframes created successfully
Coeff std
ggH126_4l_pTj2_genbin0_recobin0 acc 0.362 eff 0.5274 outinratio 0.0512 

VBFH126_4l_pTj2_genbin0_recobin0 acc 0.216 eff 0.4549 outinratio 0.0301 

WminusH126_4l_pTj2_genbin0_recobin0 acc 0.1876 eff 0.3789 outinratio 0.15 

WplusH126_4l_pTj2_genbin0_recobin0 acc 0.172 eff 0.4628 outinratio 0.0712 

ZH126_4l_pTj2_genbin0_recobin0 acc 0.1806 eff 0.4614 outinratio 0.0805 

ttH126_4l_pTj2_genbin0_recobin0 acc 0.0081 eff 0.2383 outinratio 0.1785 

ggH126_4l_pTj2_genbin1_recobin0 acc 0.0228 eff 0.1581 outinratio 0.0512 

VBFH126_4l_pTj2_genbin1_recobin0 acc 0.0875 eff 0.1785 outinratio 0.0301 

WminusH126_4l_pTj2_genbin1_recobin0 acc 0.0725 eff 0.1707 outinratio 0.15 

WplusH126_4l_pTj2_genbin1_recobin0 acc 0.056 eff 0.1324 outinratio 0.0712 

ZH126_4l_pTj2_genbin1_recobin0 acc 0.0681 eff 0.1214 outinratio 0.0805 

ttH126_4l_pTj2_genbin1_recobin0 acc 0.0185 eff 0.0376 outinratio 0.1785 

ggH126_4l_pTj2_genbin2_recobin0 acc 0.0104 eff 0.0413 outinratio 0.0512 

VBFH126_4l_pTj2_genbin2_recobin0 acc 0.0722 eff 0.039 outinratio 0.0301 

WminusH126_4l_pTj2_genbin2_recobin0 acc 0.0426 eff -0.0361 outinratio 0.15 

WplusH126_4l_pTj2_genbin2_recobin0 acc 0.036 eff 0.0272 outinratio 0.0712 

ZH126_4l_pTj2_genbin2_recobin0 acc 0.0423 eff 0.0104 outinratio 0.0805 

ttH126_4l_pTj2_genbin2_recobin0 acc 0.0471 eff 0.0048 outinratio 0.1785 

ggH126_4l_pTj2_genbin3_recobin0 acc 0.0118 eff 0.0088 outinratio 0.0512 

VBFH126_4l_pTj2_genbin3_recobin0 acc 0.0851 eff 0.0234 outinratio 0.0301 

WminusH126_4l_pTj2_genbin3_recobin0 acc 0.049 eff 0.0241 outinratio 0.15 

WplusH126_4l_pTj2_genbin3_recobin0 acc 0.0495 eff 0.0084 outinratio 0.0712 

ZH126_4l_pTj2_genbin3_recobin0 acc 0.0523 eff 0.0107 outinratio 0.0805 

ttH126_4l_pTj2_genbin3_recobin0 acc 0.2466 eff 0.0 outinratio 0.1785 

ggH126_4l_pTj2_genbin0_recobin1 acc 0.362 eff 0.0212 outinratio 0.0781 

VBFH126_4l_pTj2_genbin0_recobin1 acc 0.216 eff 0.073 outinratio 0.0393 

WminusH126_4l_pTj2_genbin0_recobin1 acc 0.1876 eff 0.0634 outinratio 0.0359 

WplusH126_4l_pTj2_genbin0_recobin1 acc 0.172 eff 0.0566 outinratio 0.0804 

ZH126_4l_pTj2_genbin0_recobin1 acc 0.1806 eff 0.0663 outinratio 0.1028 

ttH126_4l_pTj2_genbin0_recobin1 acc 0.0081 eff 0.1126 outinratio 0.1981 

ggH126_4l_pTj2_genbin1_recobin1 acc 0.0228 eff 0.3083 outinratio 0.0781 

VBFH126_4l_pTj2_genbin1_recobin1 acc 0.0875 eff 0.2779 outinratio 0.0393 

WminusH126_4l_pTj2_genbin1_recobin1 acc 0.0725 eff 0.3182 outinratio 0.0359 

WplusH126_4l_pTj2_genbin1_recobin1 acc 0.056 eff 0.3135 outinratio 0.0804 

ZH126_4l_pTj2_genbin1_recobin1 acc 0.0681 eff 0.3285 outinratio 0.1028 

ttH126_4l_pTj2_genbin1_recobin1 acc 0.0185 eff 0.2295 outinratio 0.1981 

ggH126_4l_pTj2_genbin2_recobin1 acc 0.0104 eff 0.1506 outinratio 0.0781 

VBFH126_4l_pTj2_genbin2_recobin1 acc 0.0722 eff 0.0928 outinratio 0.0393 

WminusH126_4l_pTj2_genbin2_recobin1 acc 0.0426 eff 0.1372 outinratio 0.0359 

WplusH126_4l_pTj2_genbin2_recobin1 acc 0.036 eff 0.1166 outinratio 0.0804 

ZH126_4l_pTj2_genbin2_recobin1 acc 0.0423 eff 0.1187 outinratio 0.1028 

ttH126_4l_pTj2_genbin2_recobin1 acc 0.0471 eff 0.0421 outinratio 0.1981 

ggH126_4l_pTj2_genbin3_recobin1 acc 0.0118 eff 0.0153 outinratio 0.0781 

VBFH126_4l_pTj2_genbin3_recobin1 acc 0.0851 eff 0.0079 outinratio 0.0393 

WminusH126_4l_pTj2_genbin3_recobin1 acc 0.049 eff 0.0 outinratio 0.0359 

WplusH126_4l_pTj2_genbin3_recobin1 acc 0.0495 eff 0.006 outinratio 0.0804 

ZH126_4l_pTj2_genbin3_recobin1 acc 0.0523 eff 0.0135 outinratio 0.1028 

ttH126_4l_pTj2_genbin3_recobin1 acc 0.2466 eff 0.001 outinratio 0.1981 

ggH126_4l_pTj2_genbin0_recobin2 acc 0.362 eff 0.002 outinratio 0.0887 

VBFH126_4l_pTj2_genbin0_recobin2 acc 0.216 eff 0.018 outinratio 0.046 

WminusH126_4l_pTj2_genbin0_recobin2 acc 0.1876 eff 0.0 outinratio 0.0 

WplusH126_4l_pTj2_genbin0_recobin2 acc 0.172 eff 0.0128 outinratio 0.0752 

ZH126_4l_pTj2_genbin0_recobin2 acc 0.1806 eff 0.0065 outinratio 0.0798 

ttH126_4l_pTj2_genbin0_recobin2 acc 0.0081 eff 0.0559 outinratio 0.1806 

ggH126_4l_pTj2_genbin1_recobin2 acc 0.0228 eff 0.0803 outinratio 0.0887 

VBFH126_4l_pTj2_genbin1_recobin2 acc 0.0875 eff 0.1089 outinratio 0.046 

WminusH126_4l_pTj2_genbin1_recobin2 acc 0.0725 eff 0.1269 outinratio 0.0 

WplusH126_4l_pTj2_genbin1_recobin2 acc 0.056 eff 0.1026 outinratio 0.0752 

ZH126_4l_pTj2_genbin1_recobin2 acc 0.0681 eff 0.1064 outinratio 0.0798 

ttH126_4l_pTj2_genbin1_recobin2 acc 0.0185 eff 0.1768 outinratio 0.1806 

ggH126_4l_pTj2_genbin2_recobin2 acc 0.0104 eff 0.3114 outinratio 0.0887 

VBFH126_4l_pTj2_genbin2_recobin2 acc 0.0722 eff 0.3006 outinratio 0.046 

WminusH126_4l_pTj2_genbin2_recobin2 acc 0.0426 eff 0.184 outinratio 0.0 

WplusH126_4l_pTj2_genbin2_recobin2 acc 0.036 eff 0.3056 outinratio 0.0752 

ZH126_4l_pTj2_genbin2_recobin2 acc 0.0423 eff 0.2767 outinratio 0.0798 

ttH126_4l_pTj2_genbin2_recobin2 acc 0.0471 eff 0.3624 outinratio 0.1806 

ggH126_4l_pTj2_genbin3_recobin2 acc 0.0118 eff 0.0657 outinratio 0.0887 

VBFH126_4l_pTj2_genbin3_recobin2 acc 0.0851 eff 0.0438 outinratio 0.046 

WminusH126_4l_pTj2_genbin3_recobin2 acc 0.049 eff 0.0564 outinratio 0.0 

WplusH126_4l_pTj2_genbin3_recobin2 acc 0.0495 eff 0.0538 outinratio 0.0752 

ZH126_4l_pTj2_genbin3_recobin2 acc 0.0523 eff 0.0683 outinratio 0.0798 

ttH126_4l_pTj2_genbin3_recobin2 acc 0.2466 eff 0.0227 outinratio 0.1806 

ggH126_4l_pTj2_genbin0_recobin3 acc 0.362 eff 0.0005 outinratio 0.0621 

VBFH126_4l_pTj2_genbin0_recobin3 acc 0.216 eff 0.0048 outinratio 0.0231 

WminusH126_4l_pTj2_genbin0_recobin3 acc 0.1876 eff 0.0082 outinratio 0.0 

WplusH126_4l_pTj2_genbin0_recobin3 acc 0.172 eff 0.0055 outinratio 0.0652 

ZH126_4l_pTj2_genbin0_recobin3 acc 0.1806 eff 0.0039 outinratio 0.0832 

ttH126_4l_pTj2_genbin0_recobin3 acc 0.0081 eff 0.1925 outinratio 0.1619 

ggH126_4l_pTj2_genbin1_recobin3 acc 0.0228 eff 0.0096 outinratio 0.0621 

VBFH126_4l_pTj2_genbin1_recobin3 acc 0.0875 eff 0.0135 outinratio 0.0231 

WminusH126_4l_pTj2_genbin1_recobin3 acc 0.0725 eff 0.0378 outinratio 0.0 

WplusH126_4l_pTj2_genbin1_recobin3 acc 0.056 eff 0.0095 outinratio 0.0652 

ZH126_4l_pTj2_genbin1_recobin3 acc 0.0681 eff 0.0058 outinratio 0.0832 

ttH126_4l_pTj2_genbin1_recobin3 acc 0.0185 eff 0.0851 outinratio 0.1619 

ggH126_4l_pTj2_genbin2_recobin3 acc 0.0104 eff 0.0919 outinratio 0.0621 

VBFH126_4l_pTj2_genbin2_recobin3 acc 0.0722 eff 0.1401 outinratio 0.0231 

WminusH126_4l_pTj2_genbin2_recobin3 acc 0.0426 eff 0.0627 outinratio 0.0 

WplusH126_4l_pTj2_genbin2_recobin3 acc 0.036 eff 0.1203 outinratio 0.0652 

ZH126_4l_pTj2_genbin2_recobin3 acc 0.0423 eff 0.1355 outinratio 0.0832 

ttH126_4l_pTj2_genbin2_recobin3 acc 0.0471 eff 0.1981 outinratio 0.1619 

ggH126_4l_pTj2_genbin3_recobin3 acc 0.0118 eff 0.4908 outinratio 0.0621 

VBFH126_4l_pTj2_genbin3_recobin3 acc 0.0851 eff 0.5216 outinratio 0.0231 

WminusH126_4l_pTj2_genbin3_recobin3 acc 0.049 eff 0.5063 outinratio 0.0 

WplusH126_4l_pTj2_genbin3_recobin3 acc 0.0495 eff 0.4906 outinratio 0.0652 

ZH126_4l_pTj2_genbin3_recobin3 acc 0.0523 eff 0.508 outinratio 0.0832 

ttH126_4l_pTj2_genbin3_recobin3 acc 0.2466 eff 0.4982 outinratio 0.1619 

ggH126_4e_pTj2_genbin0_recobin0 acc 0.3545 eff 0.3208 outinratio 0.0517 

VBFH126_4e_pTj2_genbin0_recobin0 acc 0.2083 eff 0.3261 outinratio 0.0348 

WminusH126_4e_pTj2_genbin0_recobin0 acc 0.1705 eff 0.2406 outinratio 0.0 

WplusH126_4e_pTj2_genbin0_recobin0 acc 0.1668 eff 0.2745 outinratio 0.0716 

ZH126_4e_pTj2_genbin0_recobin0 acc 0.17 eff 0.274 outinratio 0.0718 

ttH126_4e_pTj2_genbin0_recobin0 acc 0.009 eff 0.1783 outinratio 0.1726 

ggH126_4e_pTj2_genbin1_recobin0 acc 0.023 eff 0.0956 outinratio 0.0517 

VBFH126_4e_pTj2_genbin1_recobin0 acc 0.0854 eff 0.0886 outinratio 0.0348 

WminusH126_4e_pTj2_genbin1_recobin0 acc 0.0388 eff -1.0 outinratio 0.0 

WplusH126_4e_pTj2_genbin1_recobin0 acc 0.0531 eff 0.0856 outinratio 0.0716 

ZH126_4e_pTj2_genbin1_recobin0 acc 0.0677 eff 0.0758 outinratio 0.0718 

ttH126_4e_pTj2_genbin1_recobin0 acc 0.0209 eff 0.0 outinratio 0.1726 

ggH126_4e_pTj2_genbin2_recobin0 acc 0.0111 eff 0.0155 outinratio 0.0517 

VBFH126_4e_pTj2_genbin2_recobin0 acc 0.0707 eff 0.0283 outinratio 0.0348 

WminusH126_4e_pTj2_genbin2_recobin0 acc 0.0543 eff -1.0 outinratio 0.0 

WplusH126_4e_pTj2_genbin2_recobin0 acc 0.0339 eff 0.0207 outinratio 0.0716 

ZH126_4e_pTj2_genbin2_recobin0 acc 0.0401 eff 0.0 outinratio 0.0718 

ttH126_4e_pTj2_genbin2_recobin0 acc 0.0419 eff 0.0 outinratio 0.1726 

ggH126_4e_pTj2_genbin3_recobin0 acc 0.0123 eff 0.0086 outinratio 0.0517 

VBFH126_4e_pTj2_genbin3_recobin0 acc 0.0816 eff 0.0223 outinratio 0.0348 

WminusH126_4e_pTj2_genbin3_recobin0 acc 0.031 eff -1.0 outinratio 0.0 

WplusH126_4e_pTj2_genbin3_recobin0 acc 0.0493 eff 0.0029 outinratio 0.0716 

ZH126_4e_pTj2_genbin3_recobin0 acc 0.0474 eff 0.007 outinratio 0.0718 

ttH126_4e_pTj2_genbin3_recobin0 acc 0.2422 eff 0.0 outinratio 0.1726 

ggH126_4e_pTj2_genbin0_recobin1 acc 0.3545 eff 0.0134 outinratio 0.0416 

VBFH126_4e_pTj2_genbin0_recobin1 acc 0.2083 eff 0.0634 outinratio 0.0 

WminusH126_4e_pTj2_genbin0_recobin1 acc 0.1705 eff 0.0912 outinratio 0.0 

WplusH126_4e_pTj2_genbin0_recobin1 acc 0.1668 eff 0.0288 outinratio 0.0682 

ZH126_4e_pTj2_genbin0_recobin1 acc 0.17 eff 0.0353 outinratio 0.146 

ttH126_4e_pTj2_genbin0_recobin1 acc 0.009 eff 0.1132 outinratio 0.136 

ggH126_4e_pTj2_genbin1_recobin1 acc 0.023 eff 0.1997 outinratio 0.0416 

VBFH126_4e_pTj2_genbin1_recobin1 acc 0.0854 eff 0.2114 outinratio 0.0 

WminusH126_4e_pTj2_genbin1_recobin1 acc 0.0388 eff -1.0 outinratio 0.0 

WplusH126_4e_pTj2_genbin1_recobin1 acc 0.0531 eff 0.197 outinratio 0.0682 

ZH126_4e_pTj2_genbin1_recobin1 acc 0.0677 eff 0.1816 outinratio 0.146 

ttH126_4e_pTj2_genbin1_recobin1 acc 0.0209 eff 0.1837 outinratio 0.136 

ggH126_4e_pTj2_genbin2_recobin1 acc 0.0111 eff 0.0856 outinratio 0.0416 

VBFH126_4e_pTj2_genbin2_recobin1 acc 0.0707 eff 0.0359 outinratio 0.0 

WminusH126_4e_pTj2_genbin2_recobin1 acc 0.0543 eff -1.0 outinratio 0.0 

WplusH126_4e_pTj2_genbin2_recobin1 acc 0.0339 eff 0.0858 outinratio 0.0682 

ZH126_4e_pTj2_genbin2_recobin1 acc 0.0401 eff 0.0867 outinratio 0.146 

ttH126_4e_pTj2_genbin2_recobin1 acc 0.0419 eff 0.0319 outinratio 0.136 

ggH126_4e_pTj2_genbin3_recobin1 acc 0.0123 eff 0.0046 outinratio 0.0416 

VBFH126_4e_pTj2_genbin3_recobin1 acc 0.0816 eff 0.0078 outinratio 0.0 

WminusH126_4e_pTj2_genbin3_recobin1 acc 0.031 eff -1.0 outinratio 0.0 

WplusH126_4e_pTj2_genbin3_recobin1 acc 0.0493 eff 0.007 outinratio 0.0682 

ZH126_4e_pTj2_genbin3_recobin1 acc 0.0474 eff 0.0049 outinratio 0.146 

ttH126_4e_pTj2_genbin3_recobin1 acc 0.2422 eff 0.0016 outinratio 0.136 

ggH126_4e_pTj2_genbin0_recobin2 acc 0.3545 eff 0.0006 outinratio 0.0447 

VBFH126_4e_pTj2_genbin0_recobin2 acc 0.2083 eff 0.0021 outinratio 0.0294 

WminusH126_4e_pTj2_genbin0_recobin2 acc 0.1705 eff 0.0 outinratio 0.0 

WplusH126_4e_pTj2_genbin0_recobin2 acc 0.1668 eff 0.0066 outinratio 0.081 

ZH126_4e_pTj2_genbin0_recobin2 acc 0.17 eff 0.001 outinratio 0.1404 

ttH126_4e_pTj2_genbin0_recobin2 acc 0.009 eff 0.0103 outinratio 0.2232 

ggH126_4e_pTj2_genbin1_recobin2 acc 0.023 eff 0.0568 outinratio 0.0447 

VBFH126_4e_pTj2_genbin1_recobin2 acc 0.0854 eff 0.0215 outinratio 0.0294 

WminusH126_4e_pTj2_genbin1_recobin2 acc 0.0388 eff -1.0 outinratio 0.0 

WplusH126_4e_pTj2_genbin1_recobin2 acc 0.0531 eff 0.0512 outinratio 0.081 

ZH126_4e_pTj2_genbin1_recobin2 acc 0.0677 eff 0.0541 outinratio 0.1404 

ttH126_4e_pTj2_genbin1_recobin2 acc 0.0209 eff 0.0507 outinratio 0.2232 

ggH126_4e_pTj2_genbin2_recobin2 acc 0.0111 eff 0.1664 outinratio 0.0447 

VBFH126_4e_pTj2_genbin2_recobin2 acc 0.0707 eff 0.2369 outinratio 0.0294 

WminusH126_4e_pTj2_genbin2_recobin2 acc 0.0543 eff -1.0 outinratio 0.0 

WplusH126_4e_pTj2_genbin2_recobin2 acc 0.0339 eff 0.2045 outinratio 0.081 

ZH126_4e_pTj2_genbin2_recobin2 acc 0.0401 eff 0.1651 outinratio 0.1404 

ttH126_4e_pTj2_genbin2_recobin2 acc 0.0419 eff 0.2584 outinratio 0.2232 

ggH126_4e_pTj2_genbin3_recobin2 acc 0.0123 eff 0.0543 outinratio 0.0447 

VBFH126_4e_pTj2_genbin3_recobin2 acc 0.0816 eff 0.011 outinratio 0.0294 

WminusH126_4e_pTj2_genbin3_recobin2 acc 0.031 eff -1.0 outinratio 0.0 

WplusH126_4e_pTj2_genbin3_recobin2 acc 0.0493 eff 0.029 outinratio 0.081 

ZH126_4e_pTj2_genbin3_recobin2 acc 0.0474 eff 0.0326 outinratio 0.1404 

ttH126_4e_pTj2_genbin3_recobin2 acc 0.2422 eff 0.0231 outinratio 0.2232 

ggH126_4e_pTj2_genbin0_recobin3 acc 0.3545 eff 0.0003 outinratio 0.0716 

VBFH126_4e_pTj2_genbin0_recobin3 acc 0.2083 eff 0.0088 outinratio 0.0258 

WminusH126_4e_pTj2_genbin0_recobin3 acc 0.1705 eff 0.0 outinratio 0.0 

WplusH126_4e_pTj2_genbin0_recobin3 acc 0.1668 eff 0.0035 outinratio 0.0635 

ZH126_4e_pTj2_genbin0_recobin3 acc 0.17 eff 0.0 outinratio 0.1205 

ttH126_4e_pTj2_genbin0_recobin3 acc 0.009 eff 0.1534 outinratio 0.1739 

ggH126_4e_pTj2_genbin1_recobin3 acc 0.023 eff 0.0016 outinratio 0.0716 

VBFH126_4e_pTj2_genbin1_recobin3 acc 0.0854 eff 0.0232 outinratio 0.0258 

WminusH126_4e_pTj2_genbin1_recobin3 acc 0.0388 eff -1.0 outinratio 0.0 

WplusH126_4e_pTj2_genbin1_recobin3 acc 0.0531 eff 0.0069 outinratio 0.0635 

ZH126_4e_pTj2_genbin1_recobin3 acc 0.0677 eff 0.0036 outinratio 0.1205 

ttH126_4e_pTj2_genbin1_recobin3 acc 0.0209 eff 0.0646 outinratio 0.1739 

ggH126_4e_pTj2_genbin2_recobin3 acc 0.0111 eff 0.08 outinratio 0.0716 

VBFH126_4e_pTj2_genbin2_recobin3 acc 0.0707 eff 0.1101 outinratio 0.0258 

WminusH126_4e_pTj2_genbin2_recobin3 acc 0.0543 eff -1.0 outinratio 0.0 

WplusH126_4e_pTj2_genbin2_recobin3 acc 0.0339 eff 0.078 outinratio 0.0635 

ZH126_4e_pTj2_genbin2_recobin3 acc 0.0401 eff 0.0952 outinratio 0.1205 

ttH126_4e_pTj2_genbin2_recobin3 acc 0.0419 eff 0.0873 outinratio 0.1739 

ggH126_4e_pTj2_genbin3_recobin3 acc 0.0123 eff 0.2972 outinratio 0.0716 

VBFH126_4e_pTj2_genbin3_recobin3 acc 0.0816 eff 0.3034 outinratio 0.0258 

WminusH126_4e_pTj2_genbin3_recobin3 acc 0.031 eff -1.0 outinratio 0.0 

WplusH126_4e_pTj2_genbin3_recobin3 acc 0.0493 eff 0.3399 outinratio 0.0635 

ZH126_4e_pTj2_genbin3_recobin3 acc 0.0474 eff 0.3114 outinratio 0.1205 

ttH126_4e_pTj2_genbin3_recobin3 acc 0.2422 eff 0.3236 outinratio 0.1739 

ggH126_4mu_pTj2_genbin0_recobin0 acc 0.3815 eff 0.7718 outinratio 0.0489 

VBFH126_4mu_pTj2_genbin0_recobin0 acc 0.2024 eff 0.6462 outinratio 0.0299 

WminusH126_4mu_pTj2_genbin0_recobin0 acc 0.2182 eff 0.6048 outinratio 0.1848 

WplusH126_4mu_pTj2_genbin0_recobin0 acc 0.185 eff 0.6749 outinratio 0.0672 

ZH126_4mu_pTj2_genbin0_recobin0 acc 0.1929 eff 0.6715 outinratio 0.0856 

ttH126_4mu_pTj2_genbin0_recobin0 acc 0.0075 eff 0.4334 outinratio 0.1373 

ggH126_4mu_pTj2_genbin1_recobin0 acc 0.0225 eff 0.2434 outinratio 0.0489 

VBFH126_4mu_pTj2_genbin1_recobin0 acc 0.0973 eff 0.2404 outinratio 0.0299 

WminusH126_4mu_pTj2_genbin1_recobin0 acc 0.0545 eff -1.0 outinratio 0.1848 

WplusH126_4mu_pTj2_genbin1_recobin0 acc 0.057 eff 0.1859 outinratio 0.0672 

ZH126_4mu_pTj2_genbin1_recobin0 acc 0.0714 eff 0.2082 outinratio 0.0856 

ttH126_4mu_pTj2_genbin1_recobin0 acc 0.0199 eff 0.0809 outinratio 0.1373 

ggH126_4mu_pTj2_genbin2_recobin0 acc 0.0106 eff 0.0646 outinratio 0.0489 

VBFH126_4mu_pTj2_genbin2_recobin0 acc 0.079 eff 0.0426 outinratio 0.0299 

WminusH126_4mu_pTj2_genbin2_recobin0 acc 0.0182 eff -1.0 outinratio 0.1848 

WplusH126_4mu_pTj2_genbin2_recobin0 acc 0.0388 eff 0.0363 outinratio 0.0672 

ZH126_4mu_pTj2_genbin2_recobin0 acc 0.0441 eff 0.0217 outinratio 0.0856 

ttH126_4mu_pTj2_genbin2_recobin0 acc 0.0515 eff 0.0165 outinratio 0.1373 

ggH126_4mu_pTj2_genbin3_recobin0 acc 0.0119 eff 0.0245 outinratio 0.0489 

VBFH126_4mu_pTj2_genbin3_recobin0 acc 0.0945 eff 0.0255 outinratio 0.0299 

WminusH126_4mu_pTj2_genbin3_recobin0 acc 0.0636 eff -1.0 outinratio 0.1848 

WplusH126_4mu_pTj2_genbin3_recobin0 acc 0.0511 eff 0.0158 outinratio 0.0672 

ZH126_4mu_pTj2_genbin3_recobin0 acc 0.0585 eff 0.0181 outinratio 0.0856 

ttH126_4mu_pTj2_genbin3_recobin0 acc 0.2638 eff 0.0 outinratio 0.1373 

ggH126_4mu_pTj2_genbin0_recobin1 acc 0.3815 eff 0.0324 outinratio 0.06 

VBFH126_4mu_pTj2_genbin0_recobin1 acc 0.2024 eff 0.0928 outinratio 0.0671 

WminusH126_4mu_pTj2_genbin0_recobin1 acc 0.2182 eff 0.1086 outinratio 0.0 

WplusH126_4mu_pTj2_genbin0_recobin1 acc 0.185 eff 0.075 outinratio 0.07 

ZH126_4mu_pTj2_genbin0_recobin1 acc 0.1929 eff 0.0895 outinratio 0.0843 

ttH126_4mu_pTj2_genbin0_recobin1 acc 0.0075 eff 0.1227 outinratio 0.2668 

ggH126_4mu_pTj2_genbin1_recobin1 acc 0.0225 eff 0.435 outinratio 0.06 

VBFH126_4mu_pTj2_genbin1_recobin1 acc 0.0973 eff 0.3943 outinratio 0.0671 

WminusH126_4mu_pTj2_genbin1_recobin1 acc 0.0545 eff -1.0 outinratio 0.0 

WplusH126_4mu_pTj2_genbin1_recobin1 acc 0.057 eff 0.4717 outinratio 0.07 

ZH126_4mu_pTj2_genbin1_recobin1 acc 0.0714 eff 0.4804 outinratio 0.0843 

ttH126_4mu_pTj2_genbin1_recobin1 acc 0.0199 eff 0.2978 outinratio 0.2668 

ggH126_4mu_pTj2_genbin2_recobin1 acc 0.0106 eff 0.2074 outinratio 0.06 

VBFH126_4mu_pTj2_genbin2_recobin1 acc 0.079 eff 0.1425 outinratio 0.0671 

WminusH126_4mu_pTj2_genbin2_recobin1 acc 0.0182 eff -1.0 outinratio 0.0 

WplusH126_4mu_pTj2_genbin2_recobin1 acc 0.0388 eff 0.1564 outinratio 0.07 

ZH126_4mu_pTj2_genbin2_recobin1 acc 0.0441 eff 0.1773 outinratio 0.0843 

ttH126_4mu_pTj2_genbin2_recobin1 acc 0.0515 eff 0.0197 outinratio 0.2668 

ggH126_4mu_pTj2_genbin3_recobin1 acc 0.0119 eff 0.0209 outinratio 0.06 

VBFH126_4mu_pTj2_genbin3_recobin1 acc 0.0945 eff 0.02 outinratio 0.0671 

WminusH126_4mu_pTj2_genbin3_recobin1 acc 0.0636 eff -1.0 outinratio 0.0 

WplusH126_4mu_pTj2_genbin3_recobin1 acc 0.0511 eff 0.0051 outinratio 0.07 

ZH126_4mu_pTj2_genbin3_recobin1 acc 0.0585 eff 0.0203 outinratio 0.0843 

ttH126_4mu_pTj2_genbin3_recobin1 acc 0.2638 eff 0.0008 outinratio 0.2668 

ggH126_4mu_pTj2_genbin0_recobin2 acc 0.3815 eff 0.0025 outinratio 0.0743 

VBFH126_4mu_pTj2_genbin0_recobin2 acc 0.2024 eff 0.0343 outinratio 0.0742 

WminusH126_4mu_pTj2_genbin0_recobin2 acc 0.2182 eff 0.0 outinratio 0.0 

WplusH126_4mu_pTj2_genbin0_recobin2 acc 0.185 eff 0.0227 outinratio 0.0713 

ZH126_4mu_pTj2_genbin0_recobin2 acc 0.1929 eff 0.0116 outinratio 0.0621 

ttH126_4mu_pTj2_genbin0_recobin2 acc 0.0075 eff 0.1046 outinratio 0.2228 

ggH126_4mu_pTj2_genbin1_recobin2 acc 0.0225 eff 0.1137 outinratio 0.0743 

VBFH126_4mu_pTj2_genbin1_recobin2 acc 0.0973 eff 0.1915 outinratio 0.0742 

WminusH126_4mu_pTj2_genbin1_recobin2 acc 0.0545 eff -1.0 outinratio 0.0 

WplusH126_4mu_pTj2_genbin1_recobin2 acc 0.057 eff 0.1452 outinratio 0.0713 

ZH126_4mu_pTj2_genbin1_recobin2 acc 0.0714 eff 0.1744 outinratio 0.0621 

ttH126_4mu_pTj2_genbin1_recobin2 acc 0.0199 eff 0.3169 outinratio 0.2228 

ggH126_4mu_pTj2_genbin2_recobin2 acc 0.0106 eff 0.5505 outinratio 0.0743 

VBFH126_4mu_pTj2_genbin2_recobin2 acc 0.079 eff 0.3713 outinratio 0.0742 

WminusH126_4mu_pTj2_genbin2_recobin2 acc 0.0182 eff -1.0 outinratio 0.0 

WplusH126_4mu_pTj2_genbin2_recobin2 acc 0.0388 eff 0.4339 outinratio 0.0713 

ZH126_4mu_pTj2_genbin2_recobin2 acc 0.0441 eff 0.3776 outinratio 0.0621 

ttH126_4mu_pTj2_genbin2_recobin2 acc 0.0515 eff 0.5348 outinratio 0.2228 

ggH126_4mu_pTj2_genbin3_recobin2 acc 0.0119 eff 0.0915 outinratio 0.0743 

VBFH126_4mu_pTj2_genbin3_recobin2 acc 0.0945 eff 0.0598 outinratio 0.0742 

WminusH126_4mu_pTj2_genbin3_recobin2 acc 0.0636 eff -1.0 outinratio 0.0 

WplusH126_4mu_pTj2_genbin3_recobin2 acc 0.0511 eff 0.0722 outinratio 0.0713 

ZH126_4mu_pTj2_genbin3_recobin2 acc 0.0585 eff 0.0713 outinratio 0.0621 

ttH126_4mu_pTj2_genbin3_recobin2 acc 0.2638 eff 0.0214 outinratio 0.2228 

ggH126_4mu_pTj2_genbin0_recobin3 acc 0.3815 eff 0.0007 outinratio 0.0468 

VBFH126_4mu_pTj2_genbin0_recobin3 acc 0.2024 eff 0.0084 outinratio 0.0151 

WminusH126_4mu_pTj2_genbin0_recobin3 acc 0.2182 eff 0.0301 outinratio 0.0 

WplusH126_4mu_pTj2_genbin0_recobin3 acc 0.185 eff 0.0063 outinratio 0.0607 

ZH126_4mu_pTj2_genbin0_recobin3 acc 0.1929 eff 0.0116 outinratio 0.0597 

ttH126_4mu_pTj2_genbin0_recobin3 acc 0.0075 eff 0.102 outinratio 0.1318 

ggH126_4mu_pTj2_genbin1_recobin3 acc 0.0225 eff 0.0084 outinratio 0.0468 

VBFH126_4mu_pTj2_genbin1_recobin3 acc 0.0973 eff 0.008 outinratio 0.0151 

WminusH126_4mu_pTj2_genbin1_recobin3 acc 0.0545 eff -1.0 outinratio 0.0 

WplusH126_4mu_pTj2_genbin1_recobin3 acc 0.057 eff 0.0129 outinratio 0.0607 

ZH126_4mu_pTj2_genbin1_recobin3 acc 0.0714 eff 0.0038 outinratio 0.0597 

ttH126_4mu_pTj2_genbin1_recobin3 acc 0.0199 eff 0.0333 outinratio 0.1318 

ggH126_4mu_pTj2_genbin2_recobin3 acc 0.0106 eff 0.1101 outinratio 0.0468 

VBFH126_4mu_pTj2_genbin2_recobin3 acc 0.079 eff 0.2442 outinratio 0.0151 

WminusH126_4mu_pTj2_genbin2_recobin3 acc 0.0182 eff -1.0 outinratio 0.0 

WplusH126_4mu_pTj2_genbin2_recobin3 acc 0.0388 eff 0.1936 outinratio 0.0607 

ZH126_4mu_pTj2_genbin2_recobin3 acc 0.0441 eff 0.1834 outinratio 0.0597 

ttH126_4mu_pTj2_genbin2_recobin3 acc 0.0515 eff 0.2916 outinratio 0.1318 

ggH126_4mu_pTj2_genbin3_recobin3 acc 0.0119 eff 0.7041 outinratio 0.0468 

VBFH126_4mu_pTj2_genbin3_recobin3 acc 0.0945 eff 0.7883 outinratio 0.0151 

WminusH126_4mu_pTj2_genbin3_recobin3 acc 0.0636 eff -1.0 outinratio 0.0 

WplusH126_4mu_pTj2_genbin3_recobin3 acc 0.0511 eff 0.6965 outinratio 0.0607 

ZH126_4mu_pTj2_genbin3_recobin3 acc 0.0585 eff 0.7162 outinratio 0.0597 

ttH126_4mu_pTj2_genbin3_recobin3 acc 0.2638 eff 0.7234 outinratio 0.1318 

ggH126_2e2mu_pTj2_genbin0_recobin0 acc 0.3555 eff 0.4951 outinratio 0.0531 

VBFH126_2e2mu_pTj2_genbin0_recobin0 acc 0.228 eff 0.4271 outinratio 0.0284 

WminusH126_2e2mu_pTj2_genbin0_recobin0 acc 0.1826 eff 0.3222 outinratio 0.1657 

WplusH126_2e2mu_pTj2_genbin0_recobin0 acc 0.1676 eff 0.4369 outinratio 0.0749 

ZH126_2e2mu_pTj2_genbin0_recobin0 acc 0.1796 eff 0.4352 outinratio 0.0787 

ttH126_2e2mu_pTj2_genbin0_recobin0 acc 0.0079 eff 0.1733 outinratio 0.2484 

ggH126_2e2mu_pTj2_genbin1_recobin0 acc 0.0229 eff 0.1462 outinratio 0.0531 

VBFH126_2e2mu_pTj2_genbin1_recobin0 acc 0.0833 eff 0.1907 outinratio 0.0284 

WminusH126_2e2mu_pTj2_genbin1_recobin0 acc 0.1 eff 0.2524 outinratio 0.1657 

WplusH126_2e2mu_pTj2_genbin1_recobin0 acc 0.0571 eff 0.1269 outinratio 0.0749 

ZH126_2e2mu_pTj2_genbin1_recobin0 acc 0.0666 eff 0.0961 outinratio 0.0787 

ttH126_2e2mu_pTj2_genbin1_recobin0 acc 0.0163 eff 0.0347 outinratio 0.2484 

ggH126_2e2mu_pTj2_genbin2_recobin0 acc 0.01 eff 0.0431 outinratio 0.0531 

VBFH126_2e2mu_pTj2_genbin2_recobin0 acc 0.0692 eff 0.043 outinratio 0.0284 

WminusH126_2e2mu_pTj2_genbin2_recobin0 acc 0.0478 eff 0.0 outinratio 0.1657 

WplusH126_2e2mu_pTj2_genbin2_recobin0 acc 0.0355 eff 0.0251 outinratio 0.0749 

ZH126_2e2mu_pTj2_genbin2_recobin0 acc 0.0424 eff 0.0093 outinratio 0.0787 

ttH126_2e2mu_pTj2_genbin2_recobin0 acc 0.0474 eff 0.0 outinratio 0.2484 

ggH126_2e2mu_pTj2_genbin3_recobin0 acc 0.0115 eff 0.0 outinratio 0.0531 

VBFH126_2e2mu_pTj2_genbin3_recobin0 acc 0.0817 eff 0.0226 outinratio 0.0284 

WminusH126_2e2mu_pTj2_genbin3_recobin0 acc 0.0522 eff 0.0463 outinratio 0.1657 

WplusH126_2e2mu_pTj2_genbin3_recobin0 acc 0.0488 eff 0.0071 outinratio 0.0749 

ZH126_2e2mu_pTj2_genbin3_recobin0 acc 0.0517 eff 0.0081 outinratio 0.0787 

ttH126_2e2mu_pTj2_genbin3_recobin0 acc 0.2394 eff 0.0 outinratio 0.2484 

ggH126_2e2mu_pTj2_genbin0_recobin1 acc 0.3555 eff 0.0188 outinratio 0.1074 

VBFH126_2e2mu_pTj2_genbin0_recobin1 acc 0.228 eff 0.0682 outinratio 0.0316 

WminusH126_2e2mu_pTj2_genbin0_recobin1 acc 0.1826 eff 0.023 outinratio 0.0824 

WplusH126_2e2mu_pTj2_genbin0_recobin1 acc 0.1676 eff 0.0607 outinratio 0.0933 

ZH126_2e2mu_pTj2_genbin0_recobin1 acc 0.1796 eff 0.0686 outinratio 0.1053 

ttH126_2e2mu_pTj2_genbin0_recobin1 acc 0.0079 eff 0.107 outinratio 0.1866 

ggH126_2e2mu_pTj2_genbin1_recobin1 acc 0.0229 eff 0.2991 outinratio 0.1074 

VBFH126_2e2mu_pTj2_genbin1_recobin1 acc 0.0833 eff 0.2408 outinratio 0.0316 

WminusH126_2e2mu_pTj2_genbin1_recobin1 acc 0.1 eff 0.2861 outinratio 0.0824 

WplusH126_2e2mu_pTj2_genbin1_recobin1 acc 0.0571 eff 0.2861 outinratio 0.0933 

ZH126_2e2mu_pTj2_genbin1_recobin1 acc 0.0666 eff 0.3211 outinratio 0.1053 

ttH126_2e2mu_pTj2_genbin1_recobin1 acc 0.0163 eff 0.2155 outinratio 0.1866 

ggH126_2e2mu_pTj2_genbin2_recobin1 acc 0.01 eff 0.1565 outinratio 0.1074 

VBFH126_2e2mu_pTj2_genbin2_recobin1 acc 0.0692 eff 0.0943 outinratio 0.0316 

WminusH126_2e2mu_pTj2_genbin2_recobin1 acc 0.0478 eff 0.072 outinratio 0.0824 

WplusH126_2e2mu_pTj2_genbin2_recobin1 acc 0.0355 eff 0.1087 outinratio 0.0933 

ZH126_2e2mu_pTj2_genbin2_recobin1 acc 0.0424 eff 0.1021 outinratio 0.1053 

ttH126_2e2mu_pTj2_genbin2_recobin1 acc 0.0474 eff 0.0605 outinratio 0.1866 

ggH126_2e2mu_pTj2_genbin3_recobin1 acc 0.0115 eff 0.0184 outinratio 0.1074 

VBFH126_2e2mu_pTj2_genbin3_recobin1 acc 0.0817 eff 0.0 outinratio 0.0316 

WminusH126_2e2mu_pTj2_genbin3_recobin1 acc 0.0522 eff 0.0 outinratio 0.0824 

WplusH126_2e2mu_pTj2_genbin3_recobin1 acc 0.0488 eff 0.0061 outinratio 0.0933 

ZH126_2e2mu_pTj2_genbin3_recobin1 acc 0.0517 eff 0.0136 outinratio 0.1053 

ttH126_2e2mu_pTj2_genbin3_recobin1 acc 0.2394 eff 0.0007 outinratio 0.1866 

ggH126_2e2mu_pTj2_genbin0_recobin2 acc 0.3555 eff 0.0024 outinratio 0.1192 

VBFH126_2e2mu_pTj2_genbin0_recobin2 acc 0.228 eff 0.0182 outinratio 0.0256 

WminusH126_2e2mu_pTj2_genbin0_recobin2 acc 0.1826 eff 0.0 outinratio 0.0 

WplusH126_2e2mu_pTj2_genbin0_recobin2 acc 0.1676 eff 0.0101 outinratio 0.0768 

ZH126_2e2mu_pTj2_genbin0_recobin2 acc 0.1796 eff 0.0063 outinratio 0.0776 

ttH126_2e2mu_pTj2_genbin0_recobin2 acc 0.0079 eff 0.0587 outinratio 0.1232 

ggH126_2e2mu_pTj2_genbin1_recobin2 acc 0.0229 eff 0.075 outinratio 0.1192 

VBFH126_2e2mu_pTj2_genbin1_recobin2 acc 0.0833 eff 0.1063 outinratio 0.0256 

WminusH126_2e2mu_pTj2_genbin1_recobin2 acc 0.1 eff 0.0856 outinratio 0.0 

WplusH126_2e2mu_pTj2_genbin1_recobin2 acc 0.0571 eff 0.1054 outinratio 0.0768 

ZH126_2e2mu_pTj2_genbin1_recobin2 acc 0.0666 eff 0.0958 outinratio 0.0776 

ttH126_2e2mu_pTj2_genbin1_recobin2 acc 0.0163 eff 0.1703 outinratio 0.1232 

ggH126_2e2mu_pTj2_genbin2_recobin2 acc 0.01 eff 0.259 outinratio 0.1192 

VBFH126_2e2mu_pTj2_genbin2_recobin2 acc 0.0692 eff 0.2927 outinratio 0.0256 

WminusH126_2e2mu_pTj2_genbin2_recobin2 acc 0.0478 eff 0.2183 outinratio 0.0 

WplusH126_2e2mu_pTj2_genbin2_recobin2 acc 0.0355 eff 0.2814 outinratio 0.0768 

ZH126_2e2mu_pTj2_genbin2_recobin2 acc 0.0424 eff 0.277 outinratio 0.0776 

ttH126_2e2mu_pTj2_genbin2_recobin2 acc 0.0474 eff 0.3086 outinratio 0.1232 

ggH126_2e2mu_pTj2_genbin3_recobin2 acc 0.0115 eff 0.0577 outinratio 0.1192 

VBFH126_2e2mu_pTj2_genbin3_recobin2 acc 0.0817 eff 0.0522 outinratio 0.0256 

WminusH126_2e2mu_pTj2_genbin3_recobin2 acc 0.0522 eff 0.1082 outinratio 0.0 

WplusH126_2e2mu_pTj2_genbin3_recobin2 acc 0.0488 eff 0.0569 outinratio 0.0768 

ZH126_2e2mu_pTj2_genbin3_recobin2 acc 0.0517 eff 0.0841 outinratio 0.0776 

ttH126_2e2mu_pTj2_genbin3_recobin2 acc 0.2394 eff 0.0234 outinratio 0.1232 

ggH126_2e2mu_pTj2_genbin0_recobin3 acc 0.3555 eff 0.0006 outinratio 0.0708 

VBFH126_2e2mu_pTj2_genbin0_recobin3 acc 0.228 eff 0.0009 outinratio 0.0312 

WminusH126_2e2mu_pTj2_genbin0_recobin3 acc 0.1826 eff 0.0 outinratio 0.0 

WplusH126_2e2mu_pTj2_genbin0_recobin3 acc 0.1676 eff 0.0061 outinratio 0.0701 

ZH126_2e2mu_pTj2_genbin0_recobin3 acc 0.1796 eff 0.0014 outinratio 0.0924 

ttH126_2e2mu_pTj2_genbin0_recobin3 acc 0.0079 eff 0.2645 outinratio 0.1855 

ggH126_2e2mu_pTj2_genbin1_recobin3 acc 0.0229 eff 0.0146 outinratio 0.0708 

VBFH126_2e2mu_pTj2_genbin1_recobin3 acc 0.0833 eff 0.0114 outinratio 0.0312 

WminusH126_2e2mu_pTj2_genbin1_recobin3 acc 0.1 eff 0.0559 outinratio 0.0 

WplusH126_2e2mu_pTj2_genbin1_recobin3 acc 0.0571 eff 0.009 outinratio 0.0701 

ZH126_2e2mu_pTj2_genbin1_recobin3 acc 0.0666 eff 0.0082 outinratio 0.0924 

ttH126_2e2mu_pTj2_genbin1_recobin3 acc 0.0163 eff 0.1343 outinratio 0.1855 

ggH126_2e2mu_pTj2_genbin2_recobin3 acc 0.01 eff 0.0885 outinratio 0.0708 

VBFH126_2e2mu_pTj2_genbin2_recobin3 acc 0.0692 eff 0.091 outinratio 0.0312 

WminusH126_2e2mu_pTj2_genbin2_recobin3 acc 0.0478 eff 0.0 outinratio 0.0 

WplusH126_2e2mu_pTj2_genbin2_recobin3 acc 0.0355 eff 0.0982 outinratio 0.0701 

ZH126_2e2mu_pTj2_genbin2_recobin3 acc 0.0424 eff 0.1291 outinratio 0.0924 

ttH126_2e2mu_pTj2_genbin2_recobin3 acc 0.0474 eff 0.1951 outinratio 0.1855 

ggH126_2e2mu_pTj2_genbin3_recobin3 acc 0.0115 eff 0.4814 outinratio 0.0708 

VBFH126_2e2mu_pTj2_genbin3_recobin3 acc 0.0817 eff 0.4734 outinratio 0.0312 

WminusH126_2e2mu_pTj2_genbin3_recobin3 acc 0.0522 eff 0.3244 outinratio 0.0 

WplusH126_2e2mu_pTj2_genbin3_recobin3 acc 0.0488 eff 0.4552 outinratio 0.0701 

ZH126_2e2mu_pTj2_genbin3_recobin3 acc 0.0517 eff 0.4778 outinratio 0.0924 

ttH126_2e2mu_pTj2_genbin3_recobin3 acc 0.2394 eff 0.4572 outinratio 0.1855 

Coeff fullNNLOPS
