Welcome in RunCoefficients!
OPT SPLIT
DEBUG opt.YEAR = 2022EE_3
It is a double-differential measurement, binning for the 1st variable {0: [-100.0, 30.0], 1: [30.0, 10000.0], 2: [30.0, 80.0], 3: [80.0, 10000.0], 4: [30.0, 10000.0]} and for the 2nd variable {0: [-100.0, 30.0], 1: [-100.0, 30.0], 2: [30.0, 50.0], 3: [30.0, 50.0], 4: [50.0, 10000.0]}
{0: [-100.0, 30.0, -100.0, 30.0], 1: [30.0, 10000.0, -100.0, 30.0], 2: [30.0, 80.0, 30.0, 50.0], 3: [80.0, 10000.0, 30.0, 50.0], 4: [30.0, 10000.0, 50.0, 10000.0]}
pTj1
Following observables extracted from dictionary: RECO =  pTj1  GEN =  GENpTj1
It is a double-differential measurement: RECO_2nd =  pTj2  GEN_2nd =  GENpTj2
LUMI: 4.4454666666666665
ttH126 0.0001677859
Processing ggH126 2022EE_3
Signal created
Signal failed created
Processing VBFH126 2022EE_3
Signal created
Signal failed created
Processing WminusH126 2022EE_3
Signal created
Signal failed created
Processing WplusH126 2022EE_3
Signal created
Signal failed created
Processing ZH126 2022EE_3
Signal created
Signal failed created
Processing ttH126 2022EE_3
Signal created
Signal failed created
2022EE_3 SKIMMED df CREATED
2022EE_3 ggH126
2022EE_3 VBFH126
2022EE_3 WminusH126
2022EE_3 WplusH126
2022EE_3 ZH126
2022EE_3 ttH126
Dataframes created successfully
Coeff std
ggH126_4l_pTj1_pTj2_genbin0_recobin0 acc 0.2947 eff 0.4358 outinratio 0.0078 

VBFH126_4l_pTj1_pTj2_genbin0_recobin0 acc 0.0711 eff 0.3429 outinratio 0.0072 

WminusH126_4l_pTj1_pTj2_genbin0_recobin0 acc 0.1005 eff 0.333 outinratio 0.0358 

WplusH126_4l_pTj1_pTj2_genbin0_recobin0 acc 0.0873 eff 0.3409 outinratio 0.0324 

ZH126_4l_pTj1_pTj2_genbin0_recobin0 acc 0.079 eff 0.4087 outinratio 0.0735 

ttH126_4l_pTj1_pTj2_genbin0_recobin0 acc 0.0012 eff 0.0768 outinratio 0.1701 

ggH126_4l_pTj1_pTj2_genbin1_recobin0 acc 0.1119 eff 0.0593 outinratio 0.0078 

VBFH126_4l_pTj1_pTj2_genbin1_recobin0 acc 0.2196 eff 0.0406 outinratio 0.0072 

WminusH126_4l_pTj1_pTj2_genbin1_recobin0 acc 0.1379 eff 0.0341 outinratio 0.0358 

WplusH126_4l_pTj1_pTj2_genbin1_recobin0 acc 0.1201 eff 0.0327 outinratio 0.0324 

ZH126_4l_pTj1_pTj2_genbin1_recobin0 acc 0.1282 eff 0.0506 outinratio 0.0735 

ttH126_4l_pTj1_pTj2_genbin1_recobin0 acc 0.0136 eff 0.0079 outinratio 0.1701 

ggH126_4l_pTj1_pTj2_genbin2_recobin0 acc 0.0151 eff 0.0108 outinratio 0.0078 

VBFH126_4l_pTj1_pTj2_genbin2_recobin0 acc 0.0315 eff 0.0093 outinratio 0.0072 

WminusH126_4l_pTj1_pTj2_genbin2_recobin0 acc 0.0599 eff 0.008 outinratio 0.0358 

WplusH126_4l_pTj1_pTj2_genbin2_recobin0 acc 0.0506 eff 0.01 outinratio 0.0324 

ZH126_4l_pTj1_pTj2_genbin2_recobin0 acc 0.0609 eff 0.0185 outinratio 0.0735 

ttH126_4l_pTj1_pTj2_genbin2_recobin0 acc 0.0218 eff 0.0144 outinratio 0.1701 

ggH126_4l_pTj1_pTj2_genbin3_recobin0 acc 0.0077 eff 0.0 outinratio 0.0078 

VBFH126_4l_pTj1_pTj2_genbin3_recobin0 acc 0.027 eff 0.0005 outinratio 0.0072 

WminusH126_4l_pTj1_pTj2_genbin3_recobin0 acc 0.0258 eff 0.0003 outinratio 0.0358 

WplusH126_4l_pTj1_pTj2_genbin3_recobin0 acc 0.0246 eff 0.0008 outinratio 0.0324 

ZH126_4l_pTj1_pTj2_genbin3_recobin0 acc 0.0291 eff 0.0014 outinratio 0.0735 

ttH126_4l_pTj1_pTj2_genbin3_recobin0 acc 0.0247 eff 0.0008 outinratio 0.1701 

ggH126_4l_pTj1_pTj2_genbin4_recobin0 acc 0.0204 eff 0.0007 outinratio 0.0078 

VBFH126_4l_pTj1_pTj2_genbin4_recobin0 acc 0.1354 eff 0.0016 outinratio 0.0072 

WminusH126_4l_pTj1_pTj2_genbin4_recobin0 acc 0.0862 eff 0.0002 outinratio 0.0358 

WplusH126_4l_pTj1_pTj2_genbin4_recobin0 acc 0.0831 eff 0.0001 outinratio 0.0324 

ZH126_4l_pTj1_pTj2_genbin4_recobin0 acc 0.0942 eff 0.0006 outinratio 0.0735 

ttH126_4l_pTj1_pTj2_genbin4_recobin0 acc 0.43 eff 0.0 outinratio 0.1701 

ggH126_4l_pTj1_pTj2_genbin0_recobin1 acc 0.2947 eff 0.0517 outinratio 0.0058 

VBFH126_4l_pTj1_pTj2_genbin0_recobin1 acc 0.0711 eff 0.1216 outinratio 0.0073 

WminusH126_4l_pTj1_pTj2_genbin0_recobin1 acc 0.1005 eff 0.1118 outinratio 0.0187 

WplusH126_4l_pTj1_pTj2_genbin0_recobin1 acc 0.0873 eff 0.1115 outinratio 0.0191 

ZH126_4l_pTj1_pTj2_genbin0_recobin1 acc 0.079 eff 0.0742 outinratio 0.0615 

ttH126_4l_pTj1_pTj2_genbin0_recobin1 acc 0.0012 eff 0.1182 outinratio 0.1425 

ggH126_4l_pTj1_pTj2_genbin1_recobin1 acc 0.1119 eff 0.3849 outinratio 0.0058 

VBFH126_4l_pTj1_pTj2_genbin1_recobin1 acc 0.2196 eff 0.3955 outinratio 0.0073 

WminusH126_4l_pTj1_pTj2_genbin1_recobin1 acc 0.1379 eff 0.3245 outinratio 0.0187 

WplusH126_4l_pTj1_pTj2_genbin1_recobin1 acc 0.1201 eff 0.3279 outinratio 0.0191 

ZH126_4l_pTj1_pTj2_genbin1_recobin1 acc 0.1282 eff 0.3249 outinratio 0.0615 

ttH126_4l_pTj1_pTj2_genbin1_recobin1 acc 0.0136 eff 0.116 outinratio 0.1425 

ggH126_4l_pTj1_pTj2_genbin2_recobin1 acc 0.0151 eff 0.1388 outinratio 0.0058 

VBFH126_4l_pTj1_pTj2_genbin2_recobin1 acc 0.0315 eff 0.132 outinratio 0.0073 

WminusH126_4l_pTj1_pTj2_genbin2_recobin1 acc 0.0599 eff 0.1026 outinratio 0.0187 

WplusH126_4l_pTj1_pTj2_genbin2_recobin1 acc 0.0506 eff 0.0994 outinratio 0.0191 

ZH126_4l_pTj1_pTj2_genbin2_recobin1 acc 0.0609 eff 0.1096 outinratio 0.0615 

ttH126_4l_pTj1_pTj2_genbin2_recobin1 acc 0.0218 eff 0.0421 outinratio 0.1425 

ggH126_4l_pTj1_pTj2_genbin3_recobin1 acc 0.0077 eff 0.1338 outinratio 0.0058 

VBFH126_4l_pTj1_pTj2_genbin3_recobin1 acc 0.027 eff 0.1104 outinratio 0.0073 

WminusH126_4l_pTj1_pTj2_genbin3_recobin1 acc 0.0258 eff 0.0728 outinratio 0.0187 

WplusH126_4l_pTj1_pTj2_genbin3_recobin1 acc 0.0246 eff 0.0835 outinratio 0.0191 

ZH126_4l_pTj1_pTj2_genbin3_recobin1 acc 0.0291 eff 0.1027 outinratio 0.0615 

ttH126_4l_pTj1_pTj2_genbin3_recobin1 acc 0.0247 eff 0.0346 outinratio 0.1425 

ggH126_4l_pTj1_pTj2_genbin4_recobin1 acc 0.0204 eff 0.0335 outinratio 0.0058 

VBFH126_4l_pTj1_pTj2_genbin4_recobin1 acc 0.1354 eff 0.0604 outinratio 0.0073 

WminusH126_4l_pTj1_pTj2_genbin4_recobin1 acc 0.0862 eff 0.0145 outinratio 0.0187 

WplusH126_4l_pTj1_pTj2_genbin4_recobin1 acc 0.0831 eff 0.0134 outinratio 0.0191 

ZH126_4l_pTj1_pTj2_genbin4_recobin1 acc 0.0942 eff 0.0181 outinratio 0.0615 

ttH126_4l_pTj1_pTj2_genbin4_recobin1 acc 0.43 eff 0.0023 outinratio 0.1425 

ggH126_4l_pTj1_pTj2_genbin0_recobin2 acc 0.2947 eff 0.0026 outinratio 0.0023 

VBFH126_4l_pTj1_pTj2_genbin0_recobin2 acc 0.0711 eff 0.0119 outinratio 0.0042 

WminusH126_4l_pTj1_pTj2_genbin0_recobin2 acc 0.1005 eff 0.0109 outinratio 0.0093 

WplusH126_4l_pTj1_pTj2_genbin0_recobin2 acc 0.0873 eff 0.0089 outinratio 0.0136 

ZH126_4l_pTj1_pTj2_genbin0_recobin2 acc 0.079 eff 0.0068 outinratio 0.0372 

ttH126_4l_pTj1_pTj2_genbin0_recobin2 acc 0.0012 eff 0.0 outinratio 0.0655 

ggH126_4l_pTj1_pTj2_genbin1_recobin2 acc 0.1119 eff 0.0308 outinratio 0.0023 

VBFH126_4l_pTj1_pTj2_genbin1_recobin2 acc 0.2196 eff 0.023 outinratio 0.0042 

WminusH126_4l_pTj1_pTj2_genbin1_recobin2 acc 0.1379 eff 0.0565 outinratio 0.0093 

WplusH126_4l_pTj1_pTj2_genbin1_recobin2 acc 0.1201 eff 0.0541 outinratio 0.0136 

ZH126_4l_pTj1_pTj2_genbin1_recobin2 acc 0.1282 eff 0.049 outinratio 0.0372 

ttH126_4l_pTj1_pTj2_genbin1_recobin2 acc 0.0136 eff 0.0228 outinratio 0.0655 

ggH126_4l_pTj1_pTj2_genbin2_recobin2 acc 0.0151 eff 0.2931 outinratio 0.0023 

VBFH126_4l_pTj1_pTj2_genbin2_recobin2 acc 0.0315 eff 0.201 outinratio 0.0042 

WminusH126_4l_pTj1_pTj2_genbin2_recobin2 acc 0.0599 eff 0.2743 outinratio 0.0093 

WplusH126_4l_pTj1_pTj2_genbin2_recobin2 acc 0.0506 eff 0.2745 outinratio 0.0136 

ZH126_4l_pTj1_pTj2_genbin2_recobin2 acc 0.0609 eff 0.2588 outinratio 0.0372 

ttH126_4l_pTj1_pTj2_genbin2_recobin2 acc 0.0218 eff 0.1577 outinratio 0.0655 

ggH126_4l_pTj1_pTj2_genbin3_recobin2 acc 0.0077 eff 0.0447 outinratio 0.0023 

VBFH126_4l_pTj1_pTj2_genbin3_recobin2 acc 0.027 eff 0.0222 outinratio 0.0042 

WminusH126_4l_pTj1_pTj2_genbin3_recobin2 acc 0.0258 eff 0.0255 outinratio 0.0093 

WplusH126_4l_pTj1_pTj2_genbin3_recobin2 acc 0.0246 eff 0.032 outinratio 0.0136 

ZH126_4l_pTj1_pTj2_genbin3_recobin2 acc 0.0291 eff 0.0367 outinratio 0.0372 

ttH126_4l_pTj1_pTj2_genbin3_recobin2 acc 0.0247 eff 0.0284 outinratio 0.0655 

ggH126_4l_pTj1_pTj2_genbin4_recobin2 acc 0.0204 eff 0.0258 outinratio 0.0023 

VBFH126_4l_pTj1_pTj2_genbin4_recobin2 acc 0.1354 eff 0.0138 outinratio 0.0042 

WminusH126_4l_pTj1_pTj2_genbin4_recobin2 acc 0.0862 eff 0.0237 outinratio 0.0093 

WplusH126_4l_pTj1_pTj2_genbin4_recobin2 acc 0.0831 eff 0.0206 outinratio 0.0136 

ZH126_4l_pTj1_pTj2_genbin4_recobin2 acc 0.0942 eff 0.0254 outinratio 0.0372 

ttH126_4l_pTj1_pTj2_genbin4_recobin2 acc 0.43 eff 0.0067 outinratio 0.0655 

ggH126_4l_pTj1_pTj2_genbin0_recobin3 acc 0.2947 eff 0.0 outinratio 0.0051 

VBFH126_4l_pTj1_pTj2_genbin0_recobin3 acc 0.0711 eff 0.0006 outinratio 0.0085 

WminusH126_4l_pTj1_pTj2_genbin0_recobin3 acc 0.1005 eff 0.0014 outinratio 0.0078 

WplusH126_4l_pTj1_pTj2_genbin0_recobin3 acc 0.0873 eff 0.0019 outinratio 0.0112 

ZH126_4l_pTj1_pTj2_genbin0_recobin3 acc 0.079 eff 0.0004 outinratio 0.0324 

ttH126_4l_pTj1_pTj2_genbin0_recobin3 acc 0.0012 eff 0.0224 outinratio 0.0442 

ggH126_4l_pTj1_pTj2_genbin1_recobin3 acc 0.1119 eff 0.0109 outinratio 0.0051 

VBFH126_4l_pTj1_pTj2_genbin1_recobin3 acc 0.2196 eff 0.0169 outinratio 0.0085 

WminusH126_4l_pTj1_pTj2_genbin1_recobin3 acc 0.1379 eff 0.0219 outinratio 0.0078 

WplusH126_4l_pTj1_pTj2_genbin1_recobin3 acc 0.1201 eff 0.0238 outinratio 0.0112 

ZH126_4l_pTj1_pTj2_genbin1_recobin3 acc 0.1282 eff 0.0247 outinratio 0.0324 

ttH126_4l_pTj1_pTj2_genbin1_recobin3 acc 0.0136 eff 0.0449 outinratio 0.0442 

ggH126_4l_pTj1_pTj2_genbin2_recobin3 acc 0.0151 eff 0.0186 outinratio 0.0051 

VBFH126_4l_pTj1_pTj2_genbin2_recobin3 acc 0.0315 eff 0.0508 outinratio 0.0085 

WminusH126_4l_pTj1_pTj2_genbin2_recobin3 acc 0.0599 eff 0.0261 outinratio 0.0078 

WplusH126_4l_pTj1_pTj2_genbin2_recobin3 acc 0.0506 eff 0.0268 outinratio 0.0112 

ZH126_4l_pTj1_pTj2_genbin2_recobin3 acc 0.0609 eff 0.0219 outinratio 0.0324 

ttH126_4l_pTj1_pTj2_genbin2_recobin3 acc 0.0218 eff 0.0331 outinratio 0.0442 

ggH126_4l_pTj1_pTj2_genbin3_recobin3 acc 0.0077 eff 0.2854 outinratio 0.0051 

VBFH126_4l_pTj1_pTj2_genbin3_recobin3 acc 0.027 eff 0.2669 outinratio 0.0085 

WminusH126_4l_pTj1_pTj2_genbin3_recobin3 acc 0.0258 eff 0.2809 outinratio 0.0078 

WplusH126_4l_pTj1_pTj2_genbin3_recobin3 acc 0.0246 eff 0.26 outinratio 0.0112 

ZH126_4l_pTj1_pTj2_genbin3_recobin3 acc 0.0291 eff 0.2477 outinratio 0.0324 

ttH126_4l_pTj1_pTj2_genbin3_recobin3 acc 0.0247 eff 0.1395 outinratio 0.0442 

ggH126_4l_pTj1_pTj2_genbin4_recobin3 acc 0.0204 eff 0.0386 outinratio 0.0051 

VBFH126_4l_pTj1_pTj2_genbin4_recobin3 acc 0.1354 eff 0.0197 outinratio 0.0085 

WminusH126_4l_pTj1_pTj2_genbin4_recobin3 acc 0.0862 eff 0.0267 outinratio 0.0078 

WplusH126_4l_pTj1_pTj2_genbin4_recobin3 acc 0.0831 eff 0.0269 outinratio 0.0112 

ZH126_4l_pTj1_pTj2_genbin4_recobin3 acc 0.0942 eff 0.0313 outinratio 0.0324 

ttH126_4l_pTj1_pTj2_genbin4_recobin3 acc 0.43 eff 0.0099 outinratio 0.0442 

ggH126_4l_pTj1_pTj2_genbin0_recobin4 acc 0.2947 eff 0.0004 outinratio 0.0068 

VBFH126_4l_pTj1_pTj2_genbin0_recobin4 acc 0.0711 eff 0.0081 outinratio 0.0084 

WminusH126_4l_pTj1_pTj2_genbin0_recobin4 acc 0.1005 eff 0.0023 outinratio 0.0119 

WplusH126_4l_pTj1_pTj2_genbin0_recobin4 acc 0.0873 eff 0.0025 outinratio 0.0108 

ZH126_4l_pTj1_pTj2_genbin0_recobin4 acc 0.079 eff 0.0024 outinratio 0.0267 

ttH126_4l_pTj1_pTj2_genbin0_recobin4 acc 0.0012 eff -0.0065 outinratio 0.0354 

ggH126_4l_pTj1_pTj2_genbin1_recobin4 acc 0.1119 eff 0.0095 outinratio 0.0068 

VBFH126_4l_pTj1_pTj2_genbin1_recobin4 acc 0.2196 eff 0.0473 outinratio 0.0084 

WminusH126_4l_pTj1_pTj2_genbin1_recobin4 acc 0.1379 eff 0.0204 outinratio 0.0119 

WplusH126_4l_pTj1_pTj2_genbin1_recobin4 acc 0.1201 eff 0.0212 outinratio 0.0108 

ZH126_4l_pTj1_pTj2_genbin1_recobin4 acc 0.1282 eff 0.0163 outinratio 0.0267 

ttH126_4l_pTj1_pTj2_genbin1_recobin4 acc 0.0136 eff 0.1242 outinratio 0.0354 

ggH126_4l_pTj1_pTj2_genbin2_recobin4 acc 0.0151 eff 0.0474 outinratio 0.0068 

VBFH126_4l_pTj1_pTj2_genbin2_recobin4 acc 0.0315 eff 0.0915 outinratio 0.0084 

WminusH126_4l_pTj1_pTj2_genbin2_recobin4 acc 0.0599 eff 0.0637 outinratio 0.0119 

WplusH126_4l_pTj1_pTj2_genbin2_recobin4 acc 0.0506 eff 0.0611 outinratio 0.0108 

ZH126_4l_pTj1_pTj2_genbin2_recobin4 acc 0.0609 eff 0.051 outinratio 0.0267 

ttH126_4l_pTj1_pTj2_genbin2_recobin4 acc 0.0218 eff 0.1194 outinratio 0.0354 

ggH126_4l_pTj1_pTj2_genbin3_recobin4 acc 0.0077 eff 0.0773 outinratio 0.0068 

VBFH126_4l_pTj1_pTj2_genbin3_recobin4 acc 0.027 eff 0.1259 outinratio 0.0084 

WminusH126_4l_pTj1_pTj2_genbin3_recobin4 acc 0.0258 eff 0.1217 outinratio 0.0119 

WplusH126_4l_pTj1_pTj2_genbin3_recobin4 acc 0.0246 eff 0.1156 outinratio 0.0108 

ZH126_4l_pTj1_pTj2_genbin3_recobin4 acc 0.0291 eff 0.1121 outinratio 0.0267 

ttH126_4l_pTj1_pTj2_genbin3_recobin4 acc 0.0247 eff 0.1771 outinratio 0.0354 

ggH126_4l_pTj1_pTj2_genbin4_recobin4 acc 0.0204 eff 0.4533 outinratio 0.0068 

VBFH126_4l_pTj1_pTj2_genbin4_recobin4 acc 0.1354 eff 0.4426 outinratio 0.0084 

WminusH126_4l_pTj1_pTj2_genbin4_recobin4 acc 0.0862 eff 0.4275 outinratio 0.0119 

WplusH126_4l_pTj1_pTj2_genbin4_recobin4 acc 0.0831 eff 0.4319 outinratio 0.0108 

ZH126_4l_pTj1_pTj2_genbin4_recobin4 acc 0.0942 eff 0.4295 outinratio 0.0267 

ttH126_4l_pTj1_pTj2_genbin4_recobin4 acc 0.43 eff 0.3744 outinratio 0.0354 

ggH126_4e_pTj1_pTj2_genbin0_recobin0 acc 0.281 eff 0.2781 outinratio 0.0112 

VBFH126_4e_pTj1_pTj2_genbin0_recobin0 acc 0.0692 eff 0.2155 outinratio 0.0094 

WminusH126_4e_pTj1_pTj2_genbin0_recobin0 acc 0.0971 eff 0.2122 outinratio 0.0525 

WplusH126_4e_pTj1_pTj2_genbin0_recobin0 acc 0.0849 eff 0.2405 outinratio 0.0474 

ZH126_4e_pTj1_pTj2_genbin0_recobin0 acc 0.0764 eff 0.2526 outinratio 0.1163 

ttH126_4e_pTj1_pTj2_genbin0_recobin0 acc 0.0014 eff 0.0938 outinratio 0.0 

ggH126_4e_pTj1_pTj2_genbin1_recobin0 acc 0.1116 eff 0.0403 outinratio 0.0112 

VBFH126_4e_pTj1_pTj2_genbin1_recobin0 acc 0.2065 eff 0.0289 outinratio 0.0094 

WminusH126_4e_pTj1_pTj2_genbin1_recobin0 acc 0.1337 eff 0.0245 outinratio 0.0525 

WplusH126_4e_pTj1_pTj2_genbin1_recobin0 acc 0.1157 eff 0.0225 outinratio 0.0474 

ZH126_4e_pTj1_pTj2_genbin1_recobin0 acc 0.1225 eff 0.0249 outinratio 0.1163 

ttH126_4e_pTj1_pTj2_genbin1_recobin0 acc 0.0126 eff 0.0036 outinratio 0.0 

ggH126_4e_pTj1_pTj2_genbin2_recobin0 acc 0.0161 eff 0.0098 outinratio 0.0112 

VBFH126_4e_pTj1_pTj2_genbin2_recobin0 acc 0.032 eff 0.0069 outinratio 0.0094 

WminusH126_4e_pTj1_pTj2_genbin2_recobin0 acc 0.0552 eff 0.0081 outinratio 0.0525 

WplusH126_4e_pTj1_pTj2_genbin2_recobin0 acc 0.0483 eff 0.0039 outinratio 0.0474 

ZH126_4e_pTj1_pTj2_genbin2_recobin0 acc 0.0588 eff 0.0106 outinratio 0.1163 

ttH126_4e_pTj1_pTj2_genbin2_recobin0 acc 0.0206 eff 0.0056 outinratio 0.0 

ggH126_4e_pTj1_pTj2_genbin3_recobin0 acc 0.0062 eff 0.0 outinratio 0.0112 

VBFH126_4e_pTj1_pTj2_genbin3_recobin0 acc 0.0246 eff 0.0 outinratio 0.0094 

WminusH126_4e_pTj1_pTj2_genbin3_recobin0 acc 0.0239 eff 0.0 outinratio 0.0525 

WplusH126_4e_pTj1_pTj2_genbin3_recobin0 acc 0.0242 eff 0.0 outinratio 0.0474 

ZH126_4e_pTj1_pTj2_genbin3_recobin0 acc 0.0283 eff 0.0057 outinratio 0.1163 

ttH126_4e_pTj1_pTj2_genbin3_recobin0 acc 0.0229 eff 0.0 outinratio 0.0 

ggH126_4e_pTj1_pTj2_genbin4_recobin0 acc 0.0195 eff 0.0029 outinratio 0.0112 

VBFH126_4e_pTj1_pTj2_genbin4_recobin0 acc 0.1312 eff 0.0013 outinratio 0.0094 

WminusH126_4e_pTj1_pTj2_genbin4_recobin0 acc 0.086 eff 0.0 outinratio 0.0525 

WplusH126_4e_pTj1_pTj2_genbin4_recobin0 acc 0.081 eff 0.0002 outinratio 0.0474 

ZH126_4e_pTj1_pTj2_genbin4_recobin0 acc 0.0898 eff 0.0 outinratio 0.1163 

ttH126_4e_pTj1_pTj2_genbin4_recobin0 acc 0.4126 eff 0.0001 outinratio 0.0 

ggH126_4e_pTj1_pTj2_genbin0_recobin1 acc 0.281 eff 0.03 outinratio 0.0086 

VBFH126_4e_pTj1_pTj2_genbin0_recobin1 acc 0.0692 eff 0.0712 outinratio 0.0118 

WminusH126_4e_pTj1_pTj2_genbin0_recobin1 acc 0.0971 eff 0.0818 outinratio 0.0313 

WplusH126_4e_pTj1_pTj2_genbin0_recobin1 acc 0.0849 eff 0.0687 outinratio 0.0301 

ZH126_4e_pTj1_pTj2_genbin0_recobin1 acc 0.0764 eff 0.0558 outinratio 0.0768 

ttH126_4e_pTj1_pTj2_genbin0_recobin1 acc 0.0014 eff 0.1041 outinratio 0.106 

ggH126_4e_pTj1_pTj2_genbin1_recobin1 acc 0.1116 eff 0.2525 outinratio 0.0086 

VBFH126_4e_pTj1_pTj2_genbin1_recobin1 acc 0.2065 eff 0.2832 outinratio 0.0118 

WminusH126_4e_pTj1_pTj2_genbin1_recobin1 acc 0.1337 eff 0.2159 outinratio 0.0313 

WplusH126_4e_pTj1_pTj2_genbin1_recobin1 acc 0.1157 eff 0.2309 outinratio 0.0301 

ZH126_4e_pTj1_pTj2_genbin1_recobin1 acc 0.1225 eff 0.2116 outinratio 0.0768 

ttH126_4e_pTj1_pTj2_genbin1_recobin1 acc 0.0126 eff 0.0984 outinratio 0.106 

ggH126_4e_pTj1_pTj2_genbin2_recobin1 acc 0.0161 eff 0.0978 outinratio 0.0086 

VBFH126_4e_pTj1_pTj2_genbin2_recobin1 acc 0.032 eff 0.1014 outinratio 0.0118 

WminusH126_4e_pTj1_pTj2_genbin2_recobin1 acc 0.0552 eff 0.0681 outinratio 0.0313 

WplusH126_4e_pTj1_pTj2_genbin2_recobin1 acc 0.0483 eff 0.0698 outinratio 0.0301 

ZH126_4e_pTj1_pTj2_genbin2_recobin1 acc 0.0588 eff 0.0581 outinratio 0.0768 

ttH126_4e_pTj1_pTj2_genbin2_recobin1 acc 0.0206 eff 0.031 outinratio 0.106 

ggH126_4e_pTj1_pTj2_genbin3_recobin1 acc 0.0062 eff 0.1142 outinratio 0.0086 

VBFH126_4e_pTj1_pTj2_genbin3_recobin1 acc 0.0246 eff 0.0718 outinratio 0.0118 

WminusH126_4e_pTj1_pTj2_genbin3_recobin1 acc 0.0239 eff 0.0303 outinratio 0.0313 

WplusH126_4e_pTj1_pTj2_genbin3_recobin1 acc 0.0242 eff 0.0529 outinratio 0.0301 

ZH126_4e_pTj1_pTj2_genbin3_recobin1 acc 0.0283 eff 0.0572 outinratio 0.0768 

ttH126_4e_pTj1_pTj2_genbin3_recobin1 acc 0.0229 eff 0.03 outinratio 0.106 

ggH126_4e_pTj1_pTj2_genbin4_recobin1 acc 0.0195 eff 0.0152 outinratio 0.0086 

VBFH126_4e_pTj1_pTj2_genbin4_recobin1 acc 0.1312 eff 0.0433 outinratio 0.0118 

WminusH126_4e_pTj1_pTj2_genbin4_recobin1 acc 0.086 eff 0.01 outinratio 0.0313 

WplusH126_4e_pTj1_pTj2_genbin4_recobin1 acc 0.081 eff 0.0096 outinratio 0.0301 

ZH126_4e_pTj1_pTj2_genbin4_recobin1 acc 0.0898 eff 0.0132 outinratio 0.0768 

ttH126_4e_pTj1_pTj2_genbin4_recobin1 acc 0.4126 eff 0.0017 outinratio 0.106 

ggH126_4e_pTj1_pTj2_genbin0_recobin2 acc 0.281 eff 0.0016 outinratio 0.0 

VBFH126_4e_pTj1_pTj2_genbin0_recobin2 acc 0.0692 eff 0.0046 outinratio 0.0054 

WminusH126_4e_pTj1_pTj2_genbin0_recobin2 acc 0.0971 eff 0.0076 outinratio 0.0072 

WplusH126_4e_pTj1_pTj2_genbin0_recobin2 acc 0.0849 eff 0.0051 outinratio 0.022 

ZH126_4e_pTj1_pTj2_genbin0_recobin2 acc 0.0764 eff 0.0088 outinratio 0.032 

ttH126_4e_pTj1_pTj2_genbin0_recobin2 acc 0.0014 eff 0.0 outinratio 0.13 

ggH126_4e_pTj1_pTj2_genbin1_recobin2 acc 0.1116 eff 0.0223 outinratio 0.0 

VBFH126_4e_pTj1_pTj2_genbin1_recobin2 acc 0.2065 eff 0.012 outinratio 0.0054 

WminusH126_4e_pTj1_pTj2_genbin1_recobin2 acc 0.1337 eff 0.0392 outinratio 0.0072 

WplusH126_4e_pTj1_pTj2_genbin1_recobin2 acc 0.1157 eff 0.0332 outinratio 0.022 

ZH126_4e_pTj1_pTj2_genbin1_recobin2 acc 0.1225 eff 0.0373 outinratio 0.032 

ttH126_4e_pTj1_pTj2_genbin1_recobin2 acc 0.0126 eff 0.0358 outinratio 0.13 

ggH126_4e_pTj1_pTj2_genbin2_recobin2 acc 0.0161 eff 0.2002 outinratio 0.0 

VBFH126_4e_pTj1_pTj2_genbin2_recobin2 acc 0.032 eff 0.1537 outinratio 0.0054 

WminusH126_4e_pTj1_pTj2_genbin2_recobin2 acc 0.0552 eff 0.1926 outinratio 0.0072 

WplusH126_4e_pTj1_pTj2_genbin2_recobin2 acc 0.0483 eff 0.192 outinratio 0.022 

ZH126_4e_pTj1_pTj2_genbin2_recobin2 acc 0.0588 eff 0.1679 outinratio 0.032 

ttH126_4e_pTj1_pTj2_genbin2_recobin2 acc 0.0206 eff 0.1252 outinratio 0.13 

ggH126_4e_pTj1_pTj2_genbin3_recobin2 acc 0.0062 eff 0.0498 outinratio 0.0 

VBFH126_4e_pTj1_pTj2_genbin3_recobin2 acc 0.0246 eff 0.0189 outinratio 0.0054 

WminusH126_4e_pTj1_pTj2_genbin3_recobin2 acc 0.0239 eff 0.0214 outinratio 0.0072 

WplusH126_4e_pTj1_pTj2_genbin3_recobin2 acc 0.0242 eff 0.0161 outinratio 0.022 

ZH126_4e_pTj1_pTj2_genbin3_recobin2 acc 0.0283 eff 0.0305 outinratio 0.032 

ttH126_4e_pTj1_pTj2_genbin3_recobin2 acc 0.0229 eff 0.0097 outinratio 0.13 

ggH126_4e_pTj1_pTj2_genbin4_recobin2 acc 0.0195 eff 0.0271 outinratio 0.0 

VBFH126_4e_pTj1_pTj2_genbin4_recobin2 acc 0.1312 eff 0.0112 outinratio 0.0054 

WminusH126_4e_pTj1_pTj2_genbin4_recobin2 acc 0.086 eff 0.0155 outinratio 0.0072 

WplusH126_4e_pTj1_pTj2_genbin4_recobin2 acc 0.081 eff 0.015 outinratio 0.022 

ZH126_4e_pTj1_pTj2_genbin4_recobin2 acc 0.0898 eff 0.0186 outinratio 0.032 

ttH126_4e_pTj1_pTj2_genbin4_recobin2 acc 0.4126 eff 0.0043 outinratio 0.13 

ggH126_4e_pTj1_pTj2_genbin0_recobin3 acc 0.281 eff 0.0 outinratio 0.0226 

VBFH126_4e_pTj1_pTj2_genbin0_recobin3 acc 0.0692 eff 0.0 outinratio 0.0066 

WminusH126_4e_pTj1_pTj2_genbin0_recobin3 acc 0.0971 eff 0.0011 outinratio 0.0162 

WplusH126_4e_pTj1_pTj2_genbin0_recobin3 acc 0.0849 eff 0.0015 outinratio 0.029 

ZH126_4e_pTj1_pTj2_genbin0_recobin3 acc 0.0764 eff 0.0 outinratio 0.0386 

ttH126_4e_pTj1_pTj2_genbin0_recobin3 acc 0.0014 eff 0.0 outinratio 0.0121 

ggH126_4e_pTj1_pTj2_genbin1_recobin3 acc 0.1116 eff 0.0062 outinratio 0.0226 

VBFH126_4e_pTj1_pTj2_genbin1_recobin3 acc 0.2065 eff 0.0106 outinratio 0.0066 

WminusH126_4e_pTj1_pTj2_genbin1_recobin3 acc 0.1337 eff 0.0153 outinratio 0.0162 

WplusH126_4e_pTj1_pTj2_genbin1_recobin3 acc 0.1157 eff 0.0146 outinratio 0.029 

ZH126_4e_pTj1_pTj2_genbin1_recobin3 acc 0.1225 eff 0.0151 outinratio 0.0386 

ttH126_4e_pTj1_pTj2_genbin1_recobin3 acc 0.0126 eff 0.0229 outinratio 0.0121 

ggH126_4e_pTj1_pTj2_genbin2_recobin3 acc 0.0161 eff 0.0 outinratio 0.0226 

VBFH126_4e_pTj1_pTj2_genbin2_recobin3 acc 0.032 eff 0.0359 outinratio 0.0066 

WminusH126_4e_pTj1_pTj2_genbin2_recobin3 acc 0.0552 eff 0.0173 outinratio 0.0162 

WplusH126_4e_pTj1_pTj2_genbin2_recobin3 acc 0.0483 eff 0.0131 outinratio 0.029 

ZH126_4e_pTj1_pTj2_genbin2_recobin3 acc 0.0588 eff 0.0191 outinratio 0.0386 

ttH126_4e_pTj1_pTj2_genbin2_recobin3 acc 0.0206 eff 0.0128 outinratio 0.0121 

ggH126_4e_pTj1_pTj2_genbin3_recobin3 acc 0.0062 eff 0.1682 outinratio 0.0226 

VBFH126_4e_pTj1_pTj2_genbin3_recobin3 acc 0.0246 eff 0.1995 outinratio 0.0066 

WminusH126_4e_pTj1_pTj2_genbin3_recobin3 acc 0.0239 eff 0.2025 outinratio 0.0162 

WplusH126_4e_pTj1_pTj2_genbin3_recobin3 acc 0.0242 eff 0.186 outinratio 0.029 

ZH126_4e_pTj1_pTj2_genbin3_recobin3 acc 0.0283 eff 0.1528 outinratio 0.0386 

ttH126_4e_pTj1_pTj2_genbin3_recobin3 acc 0.0229 eff 0.0969 outinratio 0.0121 

ggH126_4e_pTj1_pTj2_genbin4_recobin3 acc 0.0195 eff 0.0326 outinratio 0.0226 

VBFH126_4e_pTj1_pTj2_genbin4_recobin3 acc 0.1312 eff 0.0104 outinratio 0.0066 

WminusH126_4e_pTj1_pTj2_genbin4_recobin3 acc 0.086 eff 0.0193 outinratio 0.0162 

WplusH126_4e_pTj1_pTj2_genbin4_recobin3 acc 0.081 eff 0.0224 outinratio 0.029 

ZH126_4e_pTj1_pTj2_genbin4_recobin3 acc 0.0898 eff 0.0169 outinratio 0.0386 

ttH126_4e_pTj1_pTj2_genbin4_recobin3 acc 0.4126 eff 0.0078 outinratio 0.0121 

ggH126_4e_pTj1_pTj2_genbin0_recobin4 acc 0.281 eff 0.0003 outinratio 0.0173 

VBFH126_4e_pTj1_pTj2_genbin0_recobin4 acc 0.0692 eff 0.0026 outinratio 0.0132 

WminusH126_4e_pTj1_pTj2_genbin0_recobin4 acc 0.0971 eff 0.0016 outinratio 0.0129 

WplusH126_4e_pTj1_pTj2_genbin0_recobin4 acc 0.0849 eff 0.0012 outinratio 0.0139 

ZH126_4e_pTj1_pTj2_genbin0_recobin4 acc 0.0764 eff 0.0026 outinratio 0.0175 

ttH126_4e_pTj1_pTj2_genbin0_recobin4 acc 0.0014 eff 0.0435 outinratio 0.0428 

ggH126_4e_pTj1_pTj2_genbin1_recobin4 acc 0.1116 eff 0.0045 outinratio 0.0173 

VBFH126_4e_pTj1_pTj2_genbin1_recobin4 acc 0.2065 eff 0.0344 outinratio 0.0132 

WminusH126_4e_pTj1_pTj2_genbin1_recobin4 acc 0.1337 eff 0.0151 outinratio 0.0129 

WplusH126_4e_pTj1_pTj2_genbin1_recobin4 acc 0.1157 eff 0.0174 outinratio 0.0139 

ZH126_4e_pTj1_pTj2_genbin1_recobin4 acc 0.1225 eff 0.0147 outinratio 0.0175 

ttH126_4e_pTj1_pTj2_genbin1_recobin4 acc 0.0126 eff 0.0785 outinratio 0.0428 

ggH126_4e_pTj1_pTj2_genbin2_recobin4 acc 0.0161 eff 0.0231 outinratio 0.0173 

VBFH126_4e_pTj1_pTj2_genbin2_recobin4 acc 0.032 eff 0.0689 outinratio 0.0132 

WminusH126_4e_pTj1_pTj2_genbin2_recobin4 acc 0.0552 eff 0.0384 outinratio 0.0129 

WplusH126_4e_pTj1_pTj2_genbin2_recobin4 acc 0.0483 eff 0.0363 outinratio 0.0139 

ZH126_4e_pTj1_pTj2_genbin2_recobin4 acc 0.0588 eff 0.0302 outinratio 0.0175 

ttH126_4e_pTj1_pTj2_genbin2_recobin4 acc 0.0206 eff 0.1333 outinratio 0.0428 

ggH126_4e_pTj1_pTj2_genbin3_recobin4 acc 0.0062 eff 0.0637 outinratio 0.0173 

VBFH126_4e_pTj1_pTj2_genbin3_recobin4 acc 0.0246 eff 0.1094 outinratio 0.0132 

WminusH126_4e_pTj1_pTj2_genbin3_recobin4 acc 0.0239 eff 0.0992 outinratio 0.0129 

WplusH126_4e_pTj1_pTj2_genbin3_recobin4 acc 0.0242 eff 0.0775 outinratio 0.0139 

ZH126_4e_pTj1_pTj2_genbin3_recobin4 acc 0.0283 eff 0.0949 outinratio 0.0175 

ttH126_4e_pTj1_pTj2_genbin3_recobin4 acc 0.0229 eff 0.14 outinratio 0.0428 

ggH126_4e_pTj1_pTj2_genbin4_recobin4 acc 0.0195 eff 0.3206 outinratio 0.0173 

VBFH126_4e_pTj1_pTj2_genbin4_recobin4 acc 0.1312 eff 0.3158 outinratio 0.0132 

WminusH126_4e_pTj1_pTj2_genbin4_recobin4 acc 0.086 eff 0.2983 outinratio 0.0129 

WplusH126_4e_pTj1_pTj2_genbin4_recobin4 acc 0.081 eff 0.296 outinratio 0.0139 

ZH126_4e_pTj1_pTj2_genbin4_recobin4 acc 0.0898 eff 0.3191 outinratio 0.0175 

ttH126_4e_pTj1_pTj2_genbin4_recobin4 acc 0.4126 eff 0.2806 outinratio 0.0428 

ggH126_4mu_pTj1_pTj2_genbin0_recobin0 acc 0.3161 eff 0.5934 outinratio 0.0064 

VBFH126_4mu_pTj1_pTj2_genbin0_recobin0 acc 0.0774 eff 0.4793 outinratio 0.0073 

WminusH126_4mu_pTj1_pTj2_genbin0_recobin0 acc 0.1073 eff 0.4579 outinratio 0.0205 

WplusH126_4mu_pTj1_pTj2_genbin0_recobin0 acc 0.093 eff 0.4671 outinratio 0.0183 

ZH126_4mu_pTj1_pTj2_genbin0_recobin0 acc 0.0863 eff 0.5853 outinratio 0.0728 

ttH126_4mu_pTj1_pTj2_genbin0_recobin0 acc 0.0014 eff 0.1373 outinratio 0.3759 

ggH126_4mu_pTj1_pTj2_genbin1_recobin0 acc 0.1186 eff 0.0766 outinratio 0.0064 

VBFH126_4mu_pTj1_pTj2_genbin1_recobin0 acc 0.232 eff 0.0514 outinratio 0.0073 

WminusH126_4mu_pTj1_pTj2_genbin1_recobin0 acc 0.148 eff 0.0475 outinratio 0.0205 

WplusH126_4mu_pTj1_pTj2_genbin1_recobin0 acc 0.127 eff 0.0444 outinratio 0.0183 

ZH126_4mu_pTj1_pTj2_genbin1_recobin0 acc 0.1332 eff 0.0737 outinratio 0.0728 

ttH126_4mu_pTj1_pTj2_genbin1_recobin0 acc 0.0148 eff 0.0081 outinratio 0.3759 

ggH126_4mu_pTj1_pTj2_genbin2_recobin0 acc 0.0141 eff 0.0175 outinratio 0.0064 

VBFH126_4mu_pTj1_pTj2_genbin2_recobin0 acc 0.0328 eff 0.0068 outinratio 0.0073 

WminusH126_4mu_pTj1_pTj2_genbin2_recobin0 acc 0.0633 eff 0.009 outinratio 0.0205 

WplusH126_4mu_pTj1_pTj2_genbin2_recobin0 acc 0.0533 eff 0.0139 outinratio 0.0183 

ZH126_4mu_pTj1_pTj2_genbin2_recobin0 acc 0.0641 eff 0.0212 outinratio 0.0728 

ttH126_4mu_pTj1_pTj2_genbin2_recobin0 acc 0.023 eff 0.0167 outinratio 0.3759 

ggH126_4mu_pTj1_pTj2_genbin3_recobin0 acc 0.0082 eff 0.0 outinratio 0.0064 

VBFH126_4mu_pTj1_pTj2_genbin3_recobin0 acc 0.0284 eff 0.0 outinratio 0.0073 

WminusH126_4mu_pTj1_pTj2_genbin3_recobin0 acc 0.0274 eff 0.0 outinratio 0.0205 

WplusH126_4mu_pTj1_pTj2_genbin3_recobin0 acc 0.0266 eff 0.0002 outinratio 0.0183 

ZH126_4mu_pTj1_pTj2_genbin3_recobin0 acc 0.0299 eff 0.0 outinratio 0.0728 

ttH126_4mu_pTj1_pTj2_genbin3_recobin0 acc 0.0275 eff 0.0 outinratio 0.3759 

ggH126_4mu_pTj1_pTj2_genbin4_recobin0 acc 0.0224 eff 0.0 outinratio 0.0064 

VBFH126_4mu_pTj1_pTj2_genbin4_recobin0 acc 0.1422 eff 0.0019 outinratio 0.0073 

WminusH126_4mu_pTj1_pTj2_genbin4_recobin0 acc 0.0915 eff 0.0006 outinratio 0.0205 

WplusH126_4mu_pTj1_pTj2_genbin4_recobin0 acc 0.0865 eff 0.0002 outinratio 0.0183 

ZH126_4mu_pTj1_pTj2_genbin4_recobin0 acc 0.1 eff 0.0 outinratio 0.0728 

ttH126_4mu_pTj1_pTj2_genbin4_recobin0 acc 0.458 eff 0.0 outinratio 0.3759 

ggH126_4mu_pTj1_pTj2_genbin0_recobin1 acc 0.3161 eff 0.0748 outinratio 0.0057 

VBFH126_4mu_pTj1_pTj2_genbin0_recobin1 acc 0.0774 eff 0.1752 outinratio 0.0066 

WminusH126_4mu_pTj1_pTj2_genbin0_recobin1 acc 0.1073 eff 0.1508 outinratio 0.0127 

WplusH126_4mu_pTj1_pTj2_genbin0_recobin1 acc 0.093 eff 0.1554 outinratio 0.0128 

ZH126_4mu_pTj1_pTj2_genbin0_recobin1 acc 0.0863 eff 0.0915 outinratio 0.0556 

ttH126_4mu_pTj1_pTj2_genbin0_recobin1 acc 0.0014 eff 0.2521 outinratio 0.1298 

ggH126_4mu_pTj1_pTj2_genbin1_recobin1 acc 0.1186 eff 0.5299 outinratio 0.0057 

VBFH126_4mu_pTj1_pTj2_genbin1_recobin1 acc 0.232 eff 0.5298 outinratio 0.0066 

WminusH126_4mu_pTj1_pTj2_genbin1_recobin1 acc 0.148 eff 0.4334 outinratio 0.0127 

WplusH126_4mu_pTj1_pTj2_genbin1_recobin1 acc 0.127 eff 0.4443 outinratio 0.0128 

ZH126_4mu_pTj1_pTj2_genbin1_recobin1 acc 0.1332 eff 0.4672 outinratio 0.0556 

ttH126_4mu_pTj1_pTj2_genbin1_recobin1 acc 0.0148 eff 0.1211 outinratio 0.1298 

ggH126_4mu_pTj1_pTj2_genbin2_recobin1 acc 0.0141 eff 0.1822 outinratio 0.0057 

VBFH126_4mu_pTj1_pTj2_genbin2_recobin1 acc 0.0328 eff 0.1773 outinratio 0.0066 

WminusH126_4mu_pTj1_pTj2_genbin2_recobin1 acc 0.0633 eff 0.1415 outinratio 0.0127 

WplusH126_4mu_pTj1_pTj2_genbin2_recobin1 acc 0.0533 eff 0.1383 outinratio 0.0128 

ZH126_4mu_pTj1_pTj2_genbin2_recobin1 acc 0.0641 eff 0.1427 outinratio 0.0556 

ttH126_4mu_pTj1_pTj2_genbin2_recobin1 acc 0.023 eff 0.0403 outinratio 0.1298 

ggH126_4mu_pTj1_pTj2_genbin3_recobin1 acc 0.0082 eff 0.1493 outinratio 0.0057 

VBFH126_4mu_pTj1_pTj2_genbin3_recobin1 acc 0.0284 eff 0.1428 outinratio 0.0066 

WminusH126_4mu_pTj1_pTj2_genbin3_recobin1 acc 0.0274 eff 0.092 outinratio 0.0127 

WplusH126_4mu_pTj1_pTj2_genbin3_recobin1 acc 0.0266 eff 0.1006 outinratio 0.0128 

ZH126_4mu_pTj1_pTj2_genbin3_recobin1 acc 0.0299 eff 0.11 outinratio 0.0556 

ttH126_4mu_pTj1_pTj2_genbin3_recobin1 acc 0.0275 eff 0.0439 outinratio 0.1298 

ggH126_4mu_pTj1_pTj2_genbin4_recobin1 acc 0.0224 eff 0.052 outinratio 0.0057 

VBFH126_4mu_pTj1_pTj2_genbin4_recobin1 acc 0.1422 eff 0.0788 outinratio 0.0066 

WminusH126_4mu_pTj1_pTj2_genbin4_recobin1 acc 0.0915 eff 0.0175 outinratio 0.0127 

WplusH126_4mu_pTj1_pTj2_genbin4_recobin1 acc 0.0865 eff 0.0177 outinratio 0.0128 

ZH126_4mu_pTj1_pTj2_genbin4_recobin1 acc 0.1 eff 0.03 outinratio 0.0556 

ttH126_4mu_pTj1_pTj2_genbin4_recobin1 acc 0.458 eff 0.004 outinratio 0.1298 

ggH126_4mu_pTj1_pTj2_genbin0_recobin2 acc 0.3161 eff 0.0041 outinratio 0.0023 

VBFH126_4mu_pTj1_pTj2_genbin0_recobin2 acc 0.0774 eff 0.0218 outinratio 0.0 

WminusH126_4mu_pTj1_pTj2_genbin0_recobin2 acc 0.1073 eff 0.0155 outinratio 0.0113 

WplusH126_4mu_pTj1_pTj2_genbin0_recobin2 acc 0.093 eff 0.0129 outinratio 0.0123 

ZH126_4mu_pTj1_pTj2_genbin0_recobin2 acc 0.0863 eff 0.0096 outinratio 0.0434 

ttH126_4mu_pTj1_pTj2_genbin0_recobin2 acc 0.0014 eff 0.0 outinratio 0.0744 

ggH126_4mu_pTj1_pTj2_genbin1_recobin2 acc 0.1186 eff 0.0484 outinratio 0.0023 

VBFH126_4mu_pTj1_pTj2_genbin1_recobin2 acc 0.232 eff 0.0316 outinratio 0.0 

WminusH126_4mu_pTj1_pTj2_genbin1_recobin2 acc 0.148 eff 0.075 outinratio 0.0113 

WplusH126_4mu_pTj1_pTj2_genbin1_recobin2 acc 0.127 eff 0.0716 outinratio 0.0123 

ZH126_4mu_pTj1_pTj2_genbin1_recobin2 acc 0.1332 eff 0.0743 outinratio 0.0434 

ttH126_4mu_pTj1_pTj2_genbin1_recobin2 acc 0.0148 eff 0.0238 outinratio 0.0744 

ggH126_4mu_pTj1_pTj2_genbin2_recobin2 acc 0.0141 eff 0.3948 outinratio 0.0023 

VBFH126_4mu_pTj1_pTj2_genbin2_recobin2 acc 0.0328 eff 0.2801 outinratio 0.0 

WminusH126_4mu_pTj1_pTj2_genbin2_recobin2 acc 0.0633 eff 0.3568 outinratio 0.0113 

WplusH126_4mu_pTj1_pTj2_genbin2_recobin2 acc 0.0533 eff 0.359 outinratio 0.0123 

ZH126_4mu_pTj1_pTj2_genbin2_recobin2 acc 0.0641 eff 0.3588 outinratio 0.0434 

ttH126_4mu_pTj1_pTj2_genbin2_recobin2 acc 0.023 eff 0.1741 outinratio 0.0744 

ggH126_4mu_pTj1_pTj2_genbin3_recobin2 acc 0.0082 eff 0.0459 outinratio 0.0023 

VBFH126_4mu_pTj1_pTj2_genbin3_recobin2 acc 0.0284 eff 0.0269 outinratio 0.0 

WminusH126_4mu_pTj1_pTj2_genbin3_recobin2 acc 0.0274 eff 0.0386 outinratio 0.0113 

WplusH126_4mu_pTj1_pTj2_genbin3_recobin2 acc 0.0266 eff 0.0425 outinratio 0.0123 

ZH126_4mu_pTj1_pTj2_genbin3_recobin2 acc 0.0299 eff 0.0599 outinratio 0.0434 

ttH126_4mu_pTj1_pTj2_genbin3_recobin2 acc 0.0275 eff 0.0441 outinratio 0.0744 

ggH126_4mu_pTj1_pTj2_genbin4_recobin2 acc 0.0224 eff 0.0211 outinratio 0.0023 

VBFH126_4mu_pTj1_pTj2_genbin4_recobin2 acc 0.1422 eff 0.0175 outinratio 0.0 

WminusH126_4mu_pTj1_pTj2_genbin4_recobin2 acc 0.0915 eff 0.0328 outinratio 0.0113 

WplusH126_4mu_pTj1_pTj2_genbin4_recobin2 acc 0.0865 eff 0.029 outinratio 0.0123 

ZH126_4mu_pTj1_pTj2_genbin4_recobin2 acc 0.1 eff 0.0277 outinratio 0.0434 

ttH126_4mu_pTj1_pTj2_genbin4_recobin2 acc 0.458 eff 0.0091 outinratio 0.0744 

ggH126_4mu_pTj1_pTj2_genbin0_recobin3 acc 0.3161 eff 0.0 outinratio 0.0024 

VBFH126_4mu_pTj1_pTj2_genbin0_recobin3 acc 0.0774 eff 0.002 outinratio 0.0 

WminusH126_4mu_pTj1_pTj2_genbin0_recobin3 acc 0.1073 eff 0.0011 outinratio 0.0049 

WplusH126_4mu_pTj1_pTj2_genbin0_recobin3 acc 0.093 eff 0.0035 outinratio 0.0057 

ZH126_4mu_pTj1_pTj2_genbin0_recobin3 acc 0.0863 eff 0.0 outinratio 0.0347 

ttH126_4mu_pTj1_pTj2_genbin0_recobin3 acc 0.0014 eff 0.0 outinratio 0.0302 

ggH126_4mu_pTj1_pTj2_genbin1_recobin3 acc 0.1186 eff 0.0118 outinratio 0.0024 

VBFH126_4mu_pTj1_pTj2_genbin1_recobin3 acc 0.232 eff 0.0253 outinratio 0.0 

WminusH126_4mu_pTj1_pTj2_genbin1_recobin3 acc 0.148 eff 0.0299 outinratio 0.0049 

WplusH126_4mu_pTj1_pTj2_genbin1_recobin3 acc 0.127 eff 0.033 outinratio 0.0057 

ZH126_4mu_pTj1_pTj2_genbin1_recobin3 acc 0.1332 eff 0.0397 outinratio 0.0347 

ttH126_4mu_pTj1_pTj2_genbin1_recobin3 acc 0.0148 eff 0.0569 outinratio 0.0302 

ggH126_4mu_pTj1_pTj2_genbin2_recobin3 acc 0.0141 eff 0.0451 outinratio 0.0024 

VBFH126_4mu_pTj1_pTj2_genbin2_recobin3 acc 0.0328 eff 0.0706 outinratio 0.0 

WminusH126_4mu_pTj1_pTj2_genbin2_recobin3 acc 0.0633 eff 0.0375 outinratio 0.0049 

WplusH126_4mu_pTj1_pTj2_genbin2_recobin3 acc 0.0533 eff 0.0414 outinratio 0.0057 

ZH126_4mu_pTj1_pTj2_genbin2_recobin3 acc 0.0641 eff 0.0279 outinratio 0.0347 

ttH126_4mu_pTj1_pTj2_genbin2_recobin3 acc 0.023 eff 0.0632 outinratio 0.0302 

ggH126_4mu_pTj1_pTj2_genbin3_recobin3 acc 0.0082 eff 0.3959 outinratio 0.0024 

VBFH126_4mu_pTj1_pTj2_genbin3_recobin3 acc 0.0284 eff 0.3122 outinratio 0.0 

WminusH126_4mu_pTj1_pTj2_genbin3_recobin3 acc 0.0274 eff 0.3537 outinratio 0.0049 

WplusH126_4mu_pTj1_pTj2_genbin3_recobin3 acc 0.0266 eff 0.3213 outinratio 0.0057 

ZH126_4mu_pTj1_pTj2_genbin3_recobin3 acc 0.0299 eff 0.3503 outinratio 0.0347 

ttH126_4mu_pTj1_pTj2_genbin3_recobin3 acc 0.0275 eff 0.1752 outinratio 0.0302 

ggH126_4mu_pTj1_pTj2_genbin4_recobin3 acc 0.0224 eff 0.0576 outinratio 0.0024 

VBFH126_4mu_pTj1_pTj2_genbin4_recobin3 acc 0.1422 eff 0.0278 outinratio 0.0 

WminusH126_4mu_pTj1_pTj2_genbin4_recobin3 acc 0.0915 eff 0.0396 outinratio 0.0049 

WplusH126_4mu_pTj1_pTj2_genbin4_recobin3 acc 0.0865 eff 0.0296 outinratio 0.0057 

ZH126_4mu_pTj1_pTj2_genbin4_recobin3 acc 0.1 eff 0.0442 outinratio 0.0347 

ttH126_4mu_pTj1_pTj2_genbin4_recobin3 acc 0.458 eff 0.0132 outinratio 0.0302 

ggH126_4mu_pTj1_pTj2_genbin0_recobin4 acc 0.3161 eff 0.0001 outinratio 0.0037 

VBFH126_4mu_pTj1_pTj2_genbin0_recobin4 acc 0.0774 eff 0.0141 outinratio 0.0046 

WminusH126_4mu_pTj1_pTj2_genbin0_recobin4 acc 0.1073 eff 0.0041 outinratio 0.0074 

WplusH126_4mu_pTj1_pTj2_genbin0_recobin4 acc 0.093 eff 0.0028 outinratio 0.0077 

ZH126_4mu_pTj1_pTj2_genbin0_recobin4 acc 0.0863 eff 0.0039 outinratio 0.0268 

ttH126_4mu_pTj1_pTj2_genbin0_recobin4 acc 0.0014 eff 0.0 outinratio 0.0336 

ggH126_4mu_pTj1_pTj2_genbin1_recobin4 acc 0.1186 eff 0.018 outinratio 0.0037 

VBFH126_4mu_pTj1_pTj2_genbin1_recobin4 acc 0.232 eff 0.0616 outinratio 0.0046 

WminusH126_4mu_pTj1_pTj2_genbin1_recobin4 acc 0.148 eff 0.0262 outinratio 0.0074 

WplusH126_4mu_pTj1_pTj2_genbin1_recobin4 acc 0.127 eff 0.0283 outinratio 0.0077 

ZH126_4mu_pTj1_pTj2_genbin1_recobin4 acc 0.1332 eff 0.0182 outinratio 0.0268 

ttH126_4mu_pTj1_pTj2_genbin1_recobin4 acc 0.0148 eff 0.1576 outinratio 0.0336 

ggH126_4mu_pTj1_pTj2_genbin2_recobin4 acc 0.0141 eff 0.0788 outinratio 0.0037 

VBFH126_4mu_pTj1_pTj2_genbin2_recobin4 acc 0.0328 eff 0.1386 outinratio 0.0046 

WminusH126_4mu_pTj1_pTj2_genbin2_recobin4 acc 0.0633 eff 0.0803 outinratio 0.0074 

WplusH126_4mu_pTj1_pTj2_genbin2_recobin4 acc 0.0533 eff 0.0814 outinratio 0.0077 

ZH126_4mu_pTj1_pTj2_genbin2_recobin4 acc 0.0641 eff 0.0604 outinratio 0.0268 

ttH126_4mu_pTj1_pTj2_genbin2_recobin4 acc 0.023 eff 0.1336 outinratio 0.0336 

ggH126_4mu_pTj1_pTj2_genbin3_recobin4 acc 0.0082 eff 0.0937 outinratio 0.0037 

VBFH126_4mu_pTj1_pTj2_genbin3_recobin4 acc 0.0284 eff 0.164 outinratio 0.0046 

WminusH126_4mu_pTj1_pTj2_genbin3_recobin4 acc 0.0274 eff 0.1658 outinratio 0.0074 

WplusH126_4mu_pTj1_pTj2_genbin3_recobin4 acc 0.0266 eff 0.1641 outinratio 0.0077 

ZH126_4mu_pTj1_pTj2_genbin3_recobin4 acc 0.0299 eff 0.1264 outinratio 0.0268 

ttH126_4mu_pTj1_pTj2_genbin3_recobin4 acc 0.0275 eff 0.2329 outinratio 0.0336 

ggH126_4mu_pTj1_pTj2_genbin4_recobin4 acc 0.0224 eff 0.5775 outinratio 0.0037 

VBFH126_4mu_pTj1_pTj2_genbin4_recobin4 acc 0.1422 eff 0.591 outinratio 0.0046 

WminusH126_4mu_pTj1_pTj2_genbin4_recobin4 acc 0.0915 eff 0.5798 outinratio 0.0074 

WplusH126_4mu_pTj1_pTj2_genbin4_recobin4 acc 0.0865 eff 0.5714 outinratio 0.0077 

ZH126_4mu_pTj1_pTj2_genbin4_recobin4 acc 0.1 eff 0.5496 outinratio 0.0268 

ttH126_4mu_pTj1_pTj2_genbin4_recobin4 acc 0.458 eff 0.4734 outinratio 0.0336 

ggH126_2e2mu_pTj1_pTj2_genbin0_recobin0 acc 0.2904 eff 0.4243 outinratio 0.0077 

VBFH126_2e2mu_pTj1_pTj2_genbin0_recobin0 acc 0.0686 eff 0.3283 outinratio 0.0064 

WminusH126_2e2mu_pTj1_pTj2_genbin0_recobin0 acc 0.0987 eff 0.3239 outinratio 0.0427 

WplusH126_2e2mu_pTj1_pTj2_genbin0_recobin0 acc 0.0856 eff 0.3196 outinratio 0.0387 

ZH126_2e2mu_pTj1_pTj2_genbin0_recobin0 acc 0.0765 eff 0.3839 outinratio 0.0598 

ttH126_2e2mu_pTj1_pTj2_genbin0_recobin0 acc 0.0011 eff 0.0233 outinratio 0.0893 

ggH126_2e2mu_pTj1_pTj2_genbin1_recobin0 acc 0.1084 eff 0.0594 outinratio 0.0077 

VBFH126_2e2mu_pTj1_pTj2_genbin1_recobin0 acc 0.2198 eff 0.0404 outinratio 0.0064 

WminusH126_2e2mu_pTj1_pTj2_genbin1_recobin0 acc 0.1347 eff 0.0313 outinratio 0.0427 

WplusH126_2e2mu_pTj1_pTj2_genbin1_recobin0 acc 0.1187 eff 0.0313 outinratio 0.0387 

ZH126_2e2mu_pTj1_pTj2_genbin1_recobin0 acc 0.1285 eff 0.0506 outinratio 0.0598 

ttH126_2e2mu_pTj1_pTj2_genbin1_recobin0 acc 0.0135 eff 0.0099 outinratio 0.0893 

ggH126_2e2mu_pTj1_pTj2_genbin2_recobin0 acc 0.0152 eff 0.0079 outinratio 0.0077 

VBFH126_2e2mu_pTj1_pTj2_genbin2_recobin0 acc 0.0304 eff 0.0122 outinratio 0.0064 

WminusH126_2e2mu_pTj1_pTj2_genbin2_recobin0 acc 0.0606 eff 0.0074 outinratio 0.0427 

WplusH126_2e2mu_pTj1_pTj2_genbin2_recobin0 acc 0.0504 eff 0.0109 outinratio 0.0387 

ZH126_2e2mu_pTj1_pTj2_genbin2_recobin0 acc 0.0604 eff 0.0211 outinratio 0.0598 

ttH126_2e2mu_pTj1_pTj2_genbin2_recobin0 acc 0.0217 eff 0.0177 outinratio 0.0893 

ggH126_2e2mu_pTj1_pTj2_genbin3_recobin0 acc 0.0082 eff 0.0 outinratio 0.0077 

VBFH126_2e2mu_pTj1_pTj2_genbin3_recobin0 acc 0.0276 eff 0.0011 outinratio 0.0064 

WminusH126_2e2mu_pTj1_pTj2_genbin3_recobin0 acc 0.026 eff 0.0006 outinratio 0.0427 

WplusH126_2e2mu_pTj1_pTj2_genbin3_recobin0 acc 0.0237 eff 0.0016 outinratio 0.0387 

ZH126_2e2mu_pTj1_pTj2_genbin3_recobin0 acc 0.0292 eff 0.0 outinratio 0.0598 

ttH126_2e2mu_pTj1_pTj2_genbin3_recobin0 acc 0.0242 eff 0.0018 outinratio 0.0893 

ggH126_2e2mu_pTj1_pTj2_genbin4_recobin0 acc 0.0197 eff 0.0 outinratio 0.0077 

VBFH126_2e2mu_pTj1_pTj2_genbin4_recobin0 acc 0.1339 eff 0.0017 outinratio 0.0064 

WminusH126_2e2mu_pTj1_pTj2_genbin4_recobin0 acc 0.0833 eff 0.0 outinratio 0.0427 

WplusH126_2e2mu_pTj1_pTj2_genbin4_recobin0 acc 0.0824 eff 0.0 outinratio 0.0387 

ZH126_2e2mu_pTj1_pTj2_genbin4_recobin0 acc 0.0933 eff 0.0012 outinratio 0.0598 

ttH126_2e2mu_pTj1_pTj2_genbin4_recobin0 acc 0.4241 eff 0.0 outinratio 0.0893 

ggH126_2e2mu_pTj1_pTj2_genbin0_recobin1 acc 0.2904 eff 0.0494 outinratio 0.0049 

VBFH126_2e2mu_pTj1_pTj2_genbin0_recobin1 acc 0.0686 eff 0.1161 outinratio 0.006 

WminusH126_2e2mu_pTj1_pTj2_genbin0_recobin1 acc 0.0987 eff 0.1047 outinratio 0.019 

WplusH126_2e2mu_pTj1_pTj2_genbin0_recobin1 acc 0.0856 eff 0.1085 outinratio 0.0201 

ZH126_2e2mu_pTj1_pTj2_genbin0_recobin1 acc 0.0765 eff 0.0733 outinratio 0.061 

ttH126_2e2mu_pTj1_pTj2_genbin0_recobin1 acc 0.0011 eff 0.0353 outinratio 0.1689 

ggH126_2e2mu_pTj1_pTj2_genbin1_recobin1 acc 0.1084 eff 0.3718 outinratio 0.0049 

VBFH126_2e2mu_pTj1_pTj2_genbin1_recobin1 acc 0.2198 eff 0.3749 outinratio 0.006 

WminusH126_2e2mu_pTj1_pTj2_genbin1_recobin1 acc 0.1347 eff 0.3182 outinratio 0.019 

WplusH126_2e2mu_pTj1_pTj2_genbin1_recobin1 acc 0.1187 eff 0.3111 outinratio 0.0201 

ZH126_2e2mu_pTj1_pTj2_genbin1_recobin1 acc 0.1285 eff 0.3026 outinratio 0.061 

ttH126_2e2mu_pTj1_pTj2_genbin1_recobin1 acc 0.0135 eff 0.1219 outinratio 0.1689 

ggH126_2e2mu_pTj1_pTj2_genbin2_recobin1 acc 0.0152 eff 0.1401 outinratio 0.0049 

VBFH126_2e2mu_pTj1_pTj2_genbin2_recobin1 acc 0.0304 eff 0.1226 outinratio 0.006 

WminusH126_2e2mu_pTj1_pTj2_genbin2_recobin1 acc 0.0606 eff 0.0976 outinratio 0.019 

WplusH126_2e2mu_pTj1_pTj2_genbin2_recobin1 acc 0.0504 eff 0.0922 outinratio 0.0201 

ZH126_2e2mu_pTj1_pTj2_genbin2_recobin1 acc 0.0604 eff 0.1174 outinratio 0.061 

ttH126_2e2mu_pTj1_pTj2_genbin2_recobin1 acc 0.0217 eff 0.0489 outinratio 0.1689 

ggH126_2e2mu_pTj1_pTj2_genbin3_recobin1 acc 0.0082 eff 0.1333 outinratio 0.0049 

VBFH126_2e2mu_pTj1_pTj2_genbin3_recobin1 acc 0.0276 eff 0.1109 outinratio 0.006 

WminusH126_2e2mu_pTj1_pTj2_genbin3_recobin1 acc 0.026 eff 0.0831 outinratio 0.019 

WplusH126_2e2mu_pTj1_pTj2_genbin3_recobin1 acc 0.0237 eff 0.0899 outinratio 0.0201 

ZH126_2e2mu_pTj1_pTj2_genbin3_recobin1 acc 0.0292 eff 0.1225 outinratio 0.061 

ttH126_2e2mu_pTj1_pTj2_genbin3_recobin1 acc 0.0242 eff 0.0312 outinratio 0.1689 

ggH126_2e2mu_pTj1_pTj2_genbin4_recobin1 acc 0.0197 eff 0.0318 outinratio 0.0049 

VBFH126_2e2mu_pTj1_pTj2_genbin4_recobin1 acc 0.1339 eff 0.0588 outinratio 0.006 

WminusH126_2e2mu_pTj1_pTj2_genbin4_recobin1 acc 0.0833 eff 0.0153 outinratio 0.019 

WplusH126_2e2mu_pTj1_pTj2_genbin4_recobin1 acc 0.0824 eff 0.0129 outinratio 0.0201 

ZH126_2e2mu_pTj1_pTj2_genbin4_recobin1 acc 0.0933 eff 0.0136 outinratio 0.061 

ttH126_2e2mu_pTj1_pTj2_genbin4_recobin1 acc 0.4241 eff 0.0017 outinratio 0.1689 

ggH126_2e2mu_pTj1_pTj2_genbin0_recobin2 acc 0.2904 eff 0.0023 outinratio 0.0033 

VBFH126_2e2mu_pTj1_pTj2_genbin0_recobin2 acc 0.0686 eff 0.0097 outinratio 0.0074 

WminusH126_2e2mu_pTj1_pTj2_genbin0_recobin2 acc 0.0987 eff 0.01 outinratio 0.0085 

WplusH126_2e2mu_pTj1_pTj2_genbin0_recobin2 acc 0.0856 eff 0.0086 outinratio 0.0116 

ZH126_2e2mu_pTj1_pTj2_genbin0_recobin2 acc 0.0765 eff 0.0041 outinratio 0.034 

ttH126_2e2mu_pTj1_pTj2_genbin0_recobin2 acc 0.0011 eff 0.0 outinratio 0.0346 

ggH126_2e2mu_pTj1_pTj2_genbin1_recobin2 acc 0.1084 eff 0.025 outinratio 0.0033 

VBFH126_2e2mu_pTj1_pTj2_genbin1_recobin2 acc 0.2198 eff 0.0236 outinratio 0.0074 

WminusH126_2e2mu_pTj1_pTj2_genbin1_recobin2 acc 0.1347 eff 0.0548 outinratio 0.0085 

WplusH126_2e2mu_pTj1_pTj2_genbin1_recobin2 acc 0.1187 eff 0.055 outinratio 0.0116 

ZH126_2e2mu_pTj1_pTj2_genbin1_recobin2 acc 0.1285 eff 0.0406 outinratio 0.034 

ttH126_2e2mu_pTj1_pTj2_genbin1_recobin2 acc 0.0135 eff 0.0154 outinratio 0.0346 

ggH126_2e2mu_pTj1_pTj2_genbin2_recobin2 acc 0.0152 eff 0.2947 outinratio 0.0033 

VBFH126_2e2mu_pTj1_pTj2_genbin2_recobin2 acc 0.0304 eff 0.181 outinratio 0.0074 

WminusH126_2e2mu_pTj1_pTj2_genbin2_recobin2 acc 0.0606 eff 0.2681 outinratio 0.0085 

WplusH126_2e2mu_pTj1_pTj2_genbin2_recobin2 acc 0.0504 eff 0.2686 outinratio 0.0116 

ZH126_2e2mu_pTj1_pTj2_genbin2_recobin2 acc 0.0604 eff 0.2486 outinratio 0.034 

ttH126_2e2mu_pTj1_pTj2_genbin2_recobin2 acc 0.0217 eff 0.165 outinratio 0.0346 

ggH126_2e2mu_pTj1_pTj2_genbin3_recobin2 acc 0.0082 eff 0.042 outinratio 0.0033 

VBFH126_2e2mu_pTj1_pTj2_genbin3_recobin2 acc 0.0276 eff 0.0212 outinratio 0.0074 

WminusH126_2e2mu_pTj1_pTj2_genbin3_recobin2 acc 0.026 eff 0.02 outinratio 0.0085 

WplusH126_2e2mu_pTj1_pTj2_genbin3_recobin2 acc 0.0237 eff 0.0343 outinratio 0.0116 

ZH126_2e2mu_pTj1_pTj2_genbin3_recobin2 acc 0.0292 eff 0.027 outinratio 0.034 

ttH126_2e2mu_pTj1_pTj2_genbin3_recobin2 acc 0.0242 eff 0.0283 outinratio 0.0346 

ggH126_2e2mu_pTj1_pTj2_genbin4_recobin2 acc 0.0197 eff 0.0281 outinratio 0.0033 

VBFH126_2e2mu_pTj1_pTj2_genbin4_recobin2 acc 0.1339 eff 0.0129 outinratio 0.0074 

WminusH126_2e2mu_pTj1_pTj2_genbin4_recobin2 acc 0.0833 eff 0.0228 outinratio 0.0085 

WplusH126_2e2mu_pTj1_pTj2_genbin4_recobin2 acc 0.0824 eff 0.0189 outinratio 0.0116 

ZH126_2e2mu_pTj1_pTj2_genbin4_recobin2 acc 0.0933 eff 0.0276 outinratio 0.034 

ttH126_2e2mu_pTj1_pTj2_genbin4_recobin2 acc 0.4241 eff 0.0066 outinratio 0.0346 

ggH126_2e2mu_pTj1_pTj2_genbin0_recobin3 acc 0.2904 eff 0.0 outinratio 0.0023 

VBFH126_2e2mu_pTj1_pTj2_genbin0_recobin3 acc 0.0686 eff 0.0 outinratio 0.0159 

WminusH126_2e2mu_pTj1_pTj2_genbin0_recobin3 acc 0.0987 eff 0.0018 outinratio 0.0068 

WplusH126_2e2mu_pTj1_pTj2_genbin0_recobin3 acc 0.0856 eff 0.001 outinratio 0.0088 

ZH126_2e2mu_pTj1_pTj2_genbin0_recobin3 acc 0.0765 eff 0.001 outinratio 0.0282 

ttH126_2e2mu_pTj1_pTj2_genbin0_recobin3 acc 0.0011 eff 0.0533 outinratio 0.0689 

ggH126_2e2mu_pTj1_pTj2_genbin1_recobin3 acc 0.1084 eff 0.0129 outinratio 0.0023 

VBFH126_2e2mu_pTj1_pTj2_genbin1_recobin3 acc 0.2198 eff 0.0153 outinratio 0.0159 

WminusH126_2e2mu_pTj1_pTj2_genbin1_recobin3 acc 0.1347 eff 0.0207 outinratio 0.0068 

WplusH126_2e2mu_pTj1_pTj2_genbin1_recobin3 acc 0.1187 eff 0.0233 outinratio 0.0088 

ZH126_2e2mu_pTj1_pTj2_genbin1_recobin3 acc 0.1285 eff 0.0211 outinratio 0.0282 

ttH126_2e2mu_pTj1_pTj2_genbin1_recobin3 acc 0.0135 eff 0.049 outinratio 0.0689 

ggH126_2e2mu_pTj1_pTj2_genbin2_recobin3 acc 0.0152 eff 0.0159 outinratio 0.0023 

VBFH126_2e2mu_pTj1_pTj2_genbin2_recobin3 acc 0.0304 eff 0.0475 outinratio 0.0159 

WminusH126_2e2mu_pTj1_pTj2_genbin2_recobin3 acc 0.0606 eff 0.024 outinratio 0.0068 

WplusH126_2e2mu_pTj1_pTj2_genbin2_recobin3 acc 0.0504 eff 0.0255 outinratio 0.0088 

ZH126_2e2mu_pTj1_pTj2_genbin2_recobin3 acc 0.0604 eff 0.0199 outinratio 0.0282 

ttH126_2e2mu_pTj1_pTj2_genbin2_recobin3 acc 0.0217 eff 0.026 outinratio 0.0689 

ggH126_2e2mu_pTj1_pTj2_genbin3_recobin3 acc 0.0082 eff 0.2733 outinratio 0.0023 

VBFH126_2e2mu_pTj1_pTj2_genbin3_recobin3 acc 0.0276 eff 0.2742 outinratio 0.0159 

WminusH126_2e2mu_pTj1_pTj2_genbin3_recobin3 acc 0.026 eff 0.2785 outinratio 0.0068 

WplusH126_2e2mu_pTj1_pTj2_genbin3_recobin3 acc 0.0237 eff 0.2633 outinratio 0.0088 

ZH126_2e2mu_pTj1_pTj2_genbin3_recobin3 acc 0.0292 eff 0.2398 outinratio 0.0282 

ttH126_2e2mu_pTj1_pTj2_genbin3_recobin3 acc 0.0242 eff 0.1392 outinratio 0.0689 

ggH126_2e2mu_pTj1_pTj2_genbin4_recobin3 acc 0.0197 eff 0.03 outinratio 0.0023 

VBFH126_2e2mu_pTj1_pTj2_genbin4_recobin3 acc 0.1339 eff 0.02 outinratio 0.0159 

WminusH126_2e2mu_pTj1_pTj2_genbin4_recobin3 acc 0.0833 eff 0.0232 outinratio 0.0068 

WplusH126_2e2mu_pTj1_pTj2_genbin4_recobin3 acc 0.0824 eff 0.0278 outinratio 0.0088 

ZH126_2e2mu_pTj1_pTj2_genbin4_recobin3 acc 0.0933 eff 0.0313 outinratio 0.0282 

ttH126_2e2mu_pTj1_pTj2_genbin4_recobin3 acc 0.4241 eff 0.0089 outinratio 0.0689 

ggH126_2e2mu_pTj1_pTj2_genbin0_recobin4 acc 0.2904 eff 0.0007 outinratio 0.0055 

VBFH126_2e2mu_pTj1_pTj2_genbin0_recobin4 acc 0.0686 eff 0.0074 outinratio 0.0096 

WminusH126_2e2mu_pTj1_pTj2_genbin0_recobin4 acc 0.0987 eff 0.0015 outinratio 0.0154 

WplusH126_2e2mu_pTj1_pTj2_genbin0_recobin4 acc 0.0856 eff 0.0031 outinratio 0.0122 

ZH126_2e2mu_pTj1_pTj2_genbin0_recobin4 acc 0.0765 eff 0.0014 outinratio 0.0302 

ttH126_2e2mu_pTj1_pTj2_genbin0_recobin4 acc 0.0011 eff -0.0455 outinratio 0.0338 

ggH126_2e2mu_pTj1_pTj2_genbin1_recobin4 acc 0.1084 eff 0.0073 outinratio 0.0055 

VBFH126_2e2mu_pTj1_pTj2_genbin1_recobin4 acc 0.2198 eff 0.0456 outinratio 0.0096 

WminusH126_2e2mu_pTj1_pTj2_genbin1_recobin4 acc 0.1347 eff 0.0198 outinratio 0.0154 

WplusH126_2e2mu_pTj1_pTj2_genbin1_recobin4 acc 0.1187 eff 0.0191 outinratio 0.0122 

ZH126_2e2mu_pTj1_pTj2_genbin1_recobin4 acc 0.1285 eff 0.016 outinratio 0.0302 

ttH126_2e2mu_pTj1_pTj2_genbin1_recobin4 acc 0.0135 eff 0.1274 outinratio 0.0338 

ggH126_2e2mu_pTj1_pTj2_genbin2_recobin4 acc 0.0152 eff 0.0453 outinratio 0.0055 

VBFH126_2e2mu_pTj1_pTj2_genbin2_recobin4 acc 0.0304 eff 0.0762 outinratio 0.0096 

WminusH126_2e2mu_pTj1_pTj2_genbin2_recobin4 acc 0.0606 eff 0.0669 outinratio 0.0154 

WplusH126_2e2mu_pTj1_pTj2_genbin2_recobin4 acc 0.0504 eff 0.0623 outinratio 0.0122 

ZH126_2e2mu_pTj1_pTj2_genbin2_recobin4 acc 0.0604 eff 0.0564 outinratio 0.0302 

ttH126_2e2mu_pTj1_pTj2_genbin2_recobin4 acc 0.0217 eff 0.1039 outinratio 0.0338 

ggH126_2e2mu_pTj1_pTj2_genbin3_recobin4 acc 0.0082 eff 0.0739 outinratio 0.0055 

VBFH126_2e2mu_pTj1_pTj2_genbin3_recobin4 acc 0.0276 eff 0.1121 outinratio 0.0096 

WminusH126_2e2mu_pTj1_pTj2_genbin3_recobin4 acc 0.026 eff 0.1075 outinratio 0.0154 

WplusH126_2e2mu_pTj1_pTj2_genbin3_recobin4 acc 0.0237 eff 0.1068 outinratio 0.0122 

ZH126_2e2mu_pTj1_pTj2_genbin3_recobin4 acc 0.0292 eff 0.1132 outinratio 0.0302 

ttH126_2e2mu_pTj1_pTj2_genbin3_recobin4 acc 0.0242 eff 0.1612 outinratio 0.0338 

ggH126_2e2mu_pTj1_pTj2_genbin4_recobin4 acc 0.0197 eff 0.4468 outinratio 0.0055 

VBFH126_2e2mu_pTj1_pTj2_genbin4_recobin4 acc 0.1339 eff 0.4235 outinratio 0.0096 

WminusH126_2e2mu_pTj1_pTj2_genbin4_recobin4 acc 0.0833 eff 0.4091 outinratio 0.0154 

WplusH126_2e2mu_pTj1_pTj2_genbin4_recobin4 acc 0.0824 eff 0.4243 outinratio 0.0122 

ZH126_2e2mu_pTj1_pTj2_genbin4_recobin4 acc 0.0933 eff 0.4165 outinratio 0.0302 

ttH126_2e2mu_pTj1_pTj2_genbin4_recobin4 acc 0.4241 eff 0.3656 outinratio 0.0338 

Coeff fullNNLOPS
