Welcome in RunCoefficients!
OPT SPLIT
DEBUG opt.YEAR = 2024_6
It is a single-differential measurement, binning [-100.0, 0.0, 1.1, 2.9, 4.4, 10.0]
absdetajj
Following observables extracted from dictionary: RECO =  absdetajj  GEN =  GENabsdetajj
LUMI: 10.882200000000001
ttH126 0.00046886125
Processing ggH126 2024_6
Signal created
Signal failed created
Processing VBFH126 2024_6
Signal created
Signal failed created
Processing WminusH126 2024_6
Signal created
Signal failed created
Processing WplusH126 2024_6
Signal created
Signal failed created
Processing ZH126 2024_6
Signal created
Signal failed created
Processing ttH126 2024_6
Signal created
Signal failed created
2024_6 SKIMMED df CREATED
2024_6 ggH126
2024_6 VBFH126
2024_6 WminusH126
2024_6 WplusH126
2024_6 ZH126
2024_6 ttH126
Dataframes created successfully
Coeff std
ggH126_4l_absdetajj_genbin0_recobin0 acc 0.3612 eff 0.5226 outinratio 0.0531 

VBFH126_4l_absdetajj_genbin0_recobin0 acc 0.2109 eff 0.4695 outinratio 0.0359 

WminusH126_4l_absdetajj_genbin0_recobin0 acc 0.1983 eff 0.4533 outinratio 0.066 

WplusH126_4l_absdetajj_genbin0_recobin0 acc 0.1734 eff 0.4581 outinratio 0.0648 

ZH126_4l_absdetajj_genbin0_recobin0 acc 0.1839 eff 0.4542 outinratio 0.0736 

ttH126_4l_absdetajj_genbin0_recobin0 acc 0.0091 eff 0.2042 outinratio 0.1407 

ggH126_4l_absdetajj_genbin1_recobin0 acc 0.0171 eff 0.0949 outinratio 0.0531 

VBFH126_4l_absdetajj_genbin1_recobin0 acc 0.0191 eff 0.1148 outinratio 0.0359 

WminusH126_4l_absdetajj_genbin1_recobin0 acc 0.1051 eff 0.0589 outinratio 0.066 

WplusH126_4l_absdetajj_genbin1_recobin0 acc 0.0929 eff 0.0462 outinratio 0.0648 

ZH126_4l_absdetajj_genbin1_recobin0 acc 0.1078 eff 0.0524 outinratio 0.0736 

ttH126_4l_absdetajj_genbin1_recobin0 acc 0.1864 eff 0.0043 outinratio 0.1407 

ggH126_4l_absdetajj_genbin2_recobin0 acc 0.0183 eff 0.0818 outinratio 0.0531 

VBFH126_4l_absdetajj_genbin2_recobin0 acc 0.0345 eff 0.0595 outinratio 0.0359 

WminusH126_4l_absdetajj_genbin2_recobin0 acc 0.0447 eff 0.0699 outinratio 0.066 

WplusH126_4l_absdetajj_genbin2_recobin0 acc 0.0399 eff 0.0868 outinratio 0.0648 

ZH126_4l_absdetajj_genbin2_recobin0 acc 0.0485 eff 0.0476 outinratio 0.0736 

ttH126_4l_absdetajj_genbin2_recobin0 acc 0.1055 eff 0.0049 outinratio 0.1407 

ggH126_4l_absdetajj_genbin3_recobin0 acc 0.0073 eff 0.0791 outinratio 0.0531 

VBFH126_4l_absdetajj_genbin3_recobin0 acc 0.0741 eff 0.0604 outinratio 0.0359 

WminusH126_4l_absdetajj_genbin3_recobin0 acc 0.0063 eff 0.0542 outinratio 0.066 

WplusH126_4l_absdetajj_genbin3_recobin0 acc 0.0055 eff 0.0706 outinratio 0.0648 

ZH126_4l_absdetajj_genbin3_recobin0 acc 0.0042 eff 0.1463 outinratio 0.0736 

ttH126_4l_absdetajj_genbin3_recobin0 acc 0.0157 eff 0.0082 outinratio 0.1407 

ggH126_4l_absdetajj_genbin4_recobin0 acc 0.0038 eff 0.1437 outinratio 0.0531 

VBFH126_4l_absdetajj_genbin4_recobin0 acc 0.1138 eff 0.0728 outinratio 0.0359 

WminusH126_4l_absdetajj_genbin4_recobin0 acc 0.002 eff 0.0664 outinratio 0.066 

WplusH126_4l_absdetajj_genbin4_recobin0 acc 0.0008 eff -1.0 outinratio 0.0648 

ZH126_4l_absdetajj_genbin4_recobin0 acc 0.0012 eff -1.0 outinratio 0.0736 

ttH126_4l_absdetajj_genbin4_recobin0 acc 0.0022 eff 0.0 outinratio 0.1407 

ggH126_4l_absdetajj_genbin0_recobin1 acc 0.3612 eff 0.007 outinratio 0.0621 

VBFH126_4l_absdetajj_genbin0_recobin1 acc 0.2109 eff 0.0213 outinratio 0.0449 

WminusH126_4l_absdetajj_genbin0_recobin1 acc 0.1983 eff 0.0429 outinratio 0.063 

WplusH126_4l_absdetajj_genbin0_recobin1 acc 0.1734 eff 0.0409 outinratio 0.1057 

ZH126_4l_absdetajj_genbin0_recobin1 acc 0.1839 eff 0.0394 outinratio 0.0562 

ttH126_4l_absdetajj_genbin0_recobin1 acc 0.0091 eff 0.1963 outinratio 0.1804 

ggH126_4l_absdetajj_genbin1_recobin1 acc 0.0171 eff 0.4297 outinratio 0.0621 

VBFH126_4l_absdetajj_genbin1_recobin1 acc 0.0191 eff 0.4002 outinratio 0.0449 

WminusH126_4l_absdetajj_genbin1_recobin1 acc 0.1051 eff 0.5045 outinratio 0.063 

WplusH126_4l_absdetajj_genbin1_recobin1 acc 0.0929 eff 0.4994 outinratio 0.1057 

ZH126_4l_absdetajj_genbin1_recobin1 acc 0.1078 eff 0.5169 outinratio 0.0562 

ttH126_4l_absdetajj_genbin1_recobin1 acc 0.1864 eff 0.4894 outinratio 0.1804 

ggH126_4l_absdetajj_genbin2_recobin1 acc 0.0183 eff 0.0294 outinratio 0.0621 

VBFH126_4l_absdetajj_genbin2_recobin1 acc 0.0345 eff 0.0153 outinratio 0.0449 

WminusH126_4l_absdetajj_genbin2_recobin1 acc 0.0447 eff 0.0312 outinratio 0.063 

WplusH126_4l_absdetajj_genbin2_recobin1 acc 0.0399 eff 0.033 outinratio 0.1057 

ZH126_4l_absdetajj_genbin2_recobin1 acc 0.0485 eff 0.0555 outinratio 0.0562 

ttH126_4l_absdetajj_genbin2_recobin1 acc 0.1055 eff 0.0835 outinratio 0.1804 

ggH126_4l_absdetajj_genbin3_recobin1 acc 0.0073 eff 0.0168 outinratio 0.0621 

VBFH126_4l_absdetajj_genbin3_recobin1 acc 0.0741 eff 0.0118 outinratio 0.0449 

WminusH126_4l_absdetajj_genbin3_recobin1 acc 0.0063 eff 0.0278 outinratio 0.063 

WplusH126_4l_absdetajj_genbin3_recobin1 acc 0.0055 eff 0.0732 outinratio 0.1057 

ZH126_4l_absdetajj_genbin3_recobin1 acc 0.0042 eff 0.0188 outinratio 0.0562 

ttH126_4l_absdetajj_genbin3_recobin1 acc 0.0157 eff 0.0809 outinratio 0.1804 

ggH126_4l_absdetajj_genbin4_recobin1 acc 0.0038 eff 0.0238 outinratio 0.0621 

VBFH126_4l_absdetajj_genbin4_recobin1 acc 0.1138 eff 0.0136 outinratio 0.0449 

WminusH126_4l_absdetajj_genbin4_recobin1 acc 0.002 eff 0.0 outinratio 0.063 

WplusH126_4l_absdetajj_genbin4_recobin1 acc 0.0008 eff -1.0 outinratio 0.1057 

ZH126_4l_absdetajj_genbin4_recobin1 acc 0.0012 eff -1.0 outinratio 0.0562 

ttH126_4l_absdetajj_genbin4_recobin1 acc 0.0022 eff 0.0804 outinratio 0.1804 

ggH126_4l_absdetajj_genbin0_recobin2 acc 0.3612 eff 0.0085 outinratio 0.0779 

VBFH126_4l_absdetajj_genbin0_recobin2 acc 0.2109 eff 0.0107 outinratio 0.0354 

WminusH126_4l_absdetajj_genbin0_recobin2 acc 0.1983 eff 0.0287 outinratio 0.0758 

WplusH126_4l_absdetajj_genbin0_recobin2 acc 0.1734 eff 0.0203 outinratio 0.0814 

ZH126_4l_absdetajj_genbin0_recobin2 acc 0.1839 eff 0.028 outinratio 0.0584 

ttH126_4l_absdetajj_genbin0_recobin2 acc 0.0091 eff 0.1051 outinratio 0.1513 

ggH126_4l_absdetajj_genbin1_recobin2 acc 0.0171 eff 0.0329 outinratio 0.0779 

VBFH126_4l_absdetajj_genbin1_recobin2 acc 0.0191 eff 0.0219 outinratio 0.0354 

WminusH126_4l_absdetajj_genbin1_recobin2 acc 0.1051 eff 0.0171 outinratio 0.0758 

WplusH126_4l_absdetajj_genbin1_recobin2 acc 0.0929 eff 0.0293 outinratio 0.0814 

ZH126_4l_absdetajj_genbin1_recobin2 acc 0.1078 eff 0.0301 outinratio 0.0584 

ttH126_4l_absdetajj_genbin1_recobin2 acc 0.1864 eff 0.0472 outinratio 0.1513 

ggH126_4l_absdetajj_genbin2_recobin2 acc 0.0183 eff 0.4024 outinratio 0.0779 

VBFH126_4l_absdetajj_genbin2_recobin2 acc 0.0345 eff 0.4498 outinratio 0.0354 

WminusH126_4l_absdetajj_genbin2_recobin2 acc 0.0447 eff 0.4032 outinratio 0.0758 

WplusH126_4l_absdetajj_genbin2_recobin2 acc 0.0399 eff 0.385 outinratio 0.0814 

ZH126_4l_absdetajj_genbin2_recobin2 acc 0.0485 eff 0.4018 outinratio 0.0584 

ttH126_4l_absdetajj_genbin2_recobin2 acc 0.1055 eff 0.4616 outinratio 0.1513 

ggH126_4l_absdetajj_genbin3_recobin2 acc 0.0073 eff 0.0193 outinratio 0.0779 

VBFH126_4l_absdetajj_genbin3_recobin2 acc 0.0741 eff 0.0159 outinratio 0.0354 

WminusH126_4l_absdetajj_genbin3_recobin2 acc 0.0063 eff 0.0203 outinratio 0.0758 

WplusH126_4l_absdetajj_genbin3_recobin2 acc 0.0055 eff 0.1717 outinratio 0.0814 

ZH126_4l_absdetajj_genbin3_recobin2 acc 0.0042 eff 0.0509 outinratio 0.0584 

ttH126_4l_absdetajj_genbin3_recobin2 acc 0.0157 eff 0.047 outinratio 0.1513 

ggH126_4l_absdetajj_genbin4_recobin2 acc 0.0038 eff 0.029 outinratio 0.0779 

VBFH126_4l_absdetajj_genbin4_recobin2 acc 0.1138 eff 0.0093 outinratio 0.0354 

WminusH126_4l_absdetajj_genbin4_recobin2 acc 0.002 eff 0.0375 outinratio 0.0758 

WplusH126_4l_absdetajj_genbin4_recobin2 acc 0.0008 eff -1.0 outinratio 0.0814 

ZH126_4l_absdetajj_genbin4_recobin2 acc 0.0012 eff -1.0 outinratio 0.0584 

ttH126_4l_absdetajj_genbin4_recobin2 acc 0.0022 eff 0.0571 outinratio 0.1513 

ggH126_4l_absdetajj_genbin0_recobin3 acc 0.3612 eff 0.0042 outinratio 0.0632 

VBFH126_4l_absdetajj_genbin0_recobin3 acc 0.2109 eff 0.0228 outinratio 0.0438 

WminusH126_4l_absdetajj_genbin0_recobin3 acc 0.1983 eff 0.0088 outinratio 0.0407 

WplusH126_4l_absdetajj_genbin0_recobin3 acc 0.1734 eff 0.0105 outinratio 0.049 

ZH126_4l_absdetajj_genbin0_recobin3 acc 0.1839 eff 0.0129 outinratio 0.0792 

ttH126_4l_absdetajj_genbin0_recobin3 acc 0.0091 eff 0.0138 outinratio 0.1882 

ggH126_4l_absdetajj_genbin1_recobin3 acc 0.0171 eff 0.0117 outinratio 0.0632 

VBFH126_4l_absdetajj_genbin1_recobin3 acc 0.0191 eff 0.0336 outinratio 0.0438 

WminusH126_4l_absdetajj_genbin1_recobin3 acc 0.1051 eff 0.011 outinratio 0.0407 

WplusH126_4l_absdetajj_genbin1_recobin3 acc 0.0929 eff 0.0075 outinratio 0.049 

ZH126_4l_absdetajj_genbin1_recobin3 acc 0.1078 eff 0.0134 outinratio 0.0792 

ttH126_4l_absdetajj_genbin1_recobin3 acc 0.1864 eff 0.006 outinratio 0.1882 

ggH126_4l_absdetajj_genbin2_recobin3 acc 0.0183 eff 0.012 outinratio 0.0632 

VBFH126_4l_absdetajj_genbin2_recobin3 acc 0.0345 eff 0.0029 outinratio 0.0438 

WminusH126_4l_absdetajj_genbin2_recobin3 acc 0.0447 eff 0.0129 outinratio 0.0407 

WplusH126_4l_absdetajj_genbin2_recobin3 acc 0.0399 eff 0.0171 outinratio 0.049 

ZH126_4l_absdetajj_genbin2_recobin3 acc 0.0485 eff 0.0103 outinratio 0.0792 

ttH126_4l_absdetajj_genbin2_recobin3 acc 0.1055 eff 0.0136 outinratio 0.1882 

ggH126_4l_absdetajj_genbin3_recobin3 acc 0.0073 eff 0.3919 outinratio 0.0632 

VBFH126_4l_absdetajj_genbin3_recobin3 acc 0.0741 eff 0.4422 outinratio 0.0438 

WminusH126_4l_absdetajj_genbin3_recobin3 acc 0.0063 eff 0.2938 outinratio 0.0407 

WplusH126_4l_absdetajj_genbin3_recobin3 acc 0.0055 eff 0.3593 outinratio 0.049 

ZH126_4l_absdetajj_genbin3_recobin3 acc 0.0042 eff 0.3177 outinratio 0.0792 

ttH126_4l_absdetajj_genbin3_recobin3 acc 0.0157 eff 0.3893 outinratio 0.1882 

ggH126_4l_absdetajj_genbin4_recobin3 acc 0.0038 eff 0.0141 outinratio 0.0632 

VBFH126_4l_absdetajj_genbin4_recobin3 acc 0.1138 eff 0.0092 outinratio 0.0438 

WminusH126_4l_absdetajj_genbin4_recobin3 acc 0.002 eff 0.0612 outinratio 0.0407 

WplusH126_4l_absdetajj_genbin4_recobin3 acc 0.0008 eff -1.0 outinratio 0.049 

ZH126_4l_absdetajj_genbin4_recobin3 acc 0.0012 eff -1.0 outinratio 0.0792 

ttH126_4l_absdetajj_genbin4_recobin3 acc 0.0022 eff 0.0212 outinratio 0.1882 

ggH126_4l_absdetajj_genbin0_recobin4 acc 0.3612 eff 0.0043 outinratio 0.0812 

VBFH126_4l_absdetajj_genbin0_recobin4 acc 0.2109 eff 0.0405 outinratio 0.0394 

WminusH126_4l_absdetajj_genbin0_recobin4 acc 0.1983 eff 0.005 outinratio 0.0251 

WplusH126_4l_absdetajj_genbin0_recobin4 acc 0.1734 eff 0.0033 outinratio 0.11 

ZH126_4l_absdetajj_genbin0_recobin4 acc 0.1839 eff 0.0039 outinratio 0.0 

ttH126_4l_absdetajj_genbin0_recobin4 acc 0.0091 eff 0.0018 outinratio 0.1526 

ggH126_4l_absdetajj_genbin1_recobin4 acc 0.0171 eff 0.0052 outinratio 0.0812 

VBFH126_4l_absdetajj_genbin1_recobin4 acc 0.0191 eff 0.0464 outinratio 0.0394 

WminusH126_4l_absdetajj_genbin1_recobin4 acc 0.1051 eff 0.0049 outinratio 0.0251 

WplusH126_4l_absdetajj_genbin1_recobin4 acc 0.0929 eff 0.0008 outinratio 0.11 

ZH126_4l_absdetajj_genbin1_recobin4 acc 0.1078 eff 0.0094 outinratio 0.0 

ttH126_4l_absdetajj_genbin1_recobin4 acc 0.1864 eff 0.0008 outinratio 0.1526 

ggH126_4l_absdetajj_genbin2_recobin4 acc 0.0183 eff 0.0074 outinratio 0.0812 

VBFH126_4l_absdetajj_genbin2_recobin4 acc 0.0345 eff 0.0032 outinratio 0.0394 

WminusH126_4l_absdetajj_genbin2_recobin4 acc 0.0447 eff 0.0031 outinratio 0.0251 

WplusH126_4l_absdetajj_genbin2_recobin4 acc 0.0399 eff 0.0022 outinratio 0.11 

ZH126_4l_absdetajj_genbin2_recobin4 acc 0.0485 eff 0.0037 outinratio 0.0 

ttH126_4l_absdetajj_genbin2_recobin4 acc 0.1055 eff 0.0015 outinratio 0.1526 

ggH126_4l_absdetajj_genbin3_recobin4 acc 0.0073 eff 0.0072 outinratio 0.0812 

VBFH126_4l_absdetajj_genbin3_recobin4 acc 0.0741 eff 0.0081 outinratio 0.0394 

WminusH126_4l_absdetajj_genbin3_recobin4 acc 0.0063 eff 0.0104 outinratio 0.0251 

WplusH126_4l_absdetajj_genbin3_recobin4 acc 0.0055 eff 0.0 outinratio 0.11 

ZH126_4l_absdetajj_genbin3_recobin4 acc 0.0042 eff 0.0 outinratio 0.0 

ttH126_4l_absdetajj_genbin3_recobin4 acc 0.0157 eff 0.0074 outinratio 0.1526 

ggH126_4l_absdetajj_genbin4_recobin4 acc 0.0038 eff 0.4122 outinratio 0.0812 

VBFH126_4l_absdetajj_genbin4_recobin4 acc 0.1138 eff 0.453 outinratio 0.0394 

WminusH126_4l_absdetajj_genbin4_recobin4 acc 0.002 eff 0.4174 outinratio 0.0251 

WplusH126_4l_absdetajj_genbin4_recobin4 acc 0.0008 eff -1.0 outinratio 0.11 

ZH126_4l_absdetajj_genbin4_recobin4 acc 0.0012 eff -1.0 outinratio 0.0 

ttH126_4l_absdetajj_genbin4_recobin4 acc 0.0022 eff 0.3765 outinratio 0.1526 

ggH126_4e_absdetajj_genbin0_recobin0 acc 0.3484 eff 0.3095 outinratio 0.0465 

VBFH126_4e_absdetajj_genbin0_recobin0 acc 0.2053 eff 0.2616 outinratio 0.041 

WminusH126_4e_absdetajj_genbin0_recobin0 acc 0.1896 eff 0.2905 outinratio 0.0552 

WplusH126_4e_absdetajj_genbin0_recobin0 acc 0.1608 eff 0.2276 outinratio 0.0609 

ZH126_4e_absdetajj_genbin0_recobin0 acc 0.1731 eff 0.2948 outinratio 0.0576 

ttH126_4e_absdetajj_genbin0_recobin0 acc 0.009 eff 0.1706 outinratio 0.2079 

ggH126_4e_absdetajj_genbin1_recobin0 acc 0.0168 eff 0.0463 outinratio 0.0465 

VBFH126_4e_absdetajj_genbin1_recobin0 acc 0.0158 eff 0.0787 outinratio 0.041 

WminusH126_4e_absdetajj_genbin1_recobin0 acc 0.1024 eff 0.0402 outinratio 0.0552 

WplusH126_4e_absdetajj_genbin1_recobin0 acc 0.0911 eff 0.0369 outinratio 0.0609 

ZH126_4e_absdetajj_genbin1_recobin0 acc 0.0965 eff 0.0349 outinratio 0.0576 

ttH126_4e_absdetajj_genbin1_recobin0 acc 0.1822 eff 0.0017 outinratio 0.2079 

ggH126_4e_absdetajj_genbin2_recobin0 acc 0.0197 eff 0.0592 outinratio 0.0465 

VBFH126_4e_absdetajj_genbin2_recobin0 acc 0.0398 eff 0.025 outinratio 0.041 

WminusH126_4e_absdetajj_genbin2_recobin0 acc 0.0449 eff 0.0357 outinratio 0.0552 

WplusH126_4e_absdetajj_genbin2_recobin0 acc 0.0388 eff 0.0209 outinratio 0.0609 

ZH126_4e_absdetajj_genbin2_recobin0 acc 0.0615 eff 0.0454 outinratio 0.0576 

ttH126_4e_absdetajj_genbin2_recobin0 acc 0.1055 eff 0.0035 outinratio 0.2079 

ggH126_4e_absdetajj_genbin3_recobin0 acc 0.0083 eff 0.0451 outinratio 0.0465 

VBFH126_4e_absdetajj_genbin3_recobin0 acc 0.0678 eff 0.0346 outinratio 0.041 

WminusH126_4e_absdetajj_genbin3_recobin0 acc 0.0053 eff 0.0 outinratio 0.0552 

WplusH126_4e_absdetajj_genbin3_recobin0 acc 0.0046 eff 0.0665 outinratio 0.0609 

ZH126_4e_absdetajj_genbin3_recobin0 acc 0.0047 eff -1.0 outinratio 0.0576 

ttH126_4e_absdetajj_genbin3_recobin0 acc 0.0166 eff 0.0042 outinratio 0.2079 

ggH126_4e_absdetajj_genbin4_recobin0 acc 0.0034 eff 0.1199 outinratio 0.0465 

VBFH126_4e_absdetajj_genbin4_recobin0 acc 0.1088 eff 0.052 outinratio 0.041 

WminusH126_4e_absdetajj_genbin4_recobin0 acc 0.003 eff -1.0 outinratio 0.0552 

WplusH126_4e_absdetajj_genbin4_recobin0 acc 0.0 eff -1.0 outinratio 0.0609 

ZH126_4e_absdetajj_genbin4_recobin0 acc 0.0019 eff -1.0 outinratio 0.0576 

ttH126_4e_absdetajj_genbin4_recobin0 acc 0.0025 eff 0.0 outinratio 0.2079 

ggH126_4e_absdetajj_genbin0_recobin1 acc 0.3484 eff 0.004 outinratio 0.0468 

VBFH126_4e_absdetajj_genbin0_recobin1 acc 0.2053 eff 0.0104 outinratio 0.0706 

WminusH126_4e_absdetajj_genbin0_recobin1 acc 0.1896 eff 0.0251 outinratio 0.0561 

WplusH126_4e_absdetajj_genbin0_recobin1 acc 0.1608 eff 0.0241 outinratio 0.0729 

ZH126_4e_absdetajj_genbin0_recobin1 acc 0.1731 eff 0.0296 outinratio 0.0784 

ttH126_4e_absdetajj_genbin0_recobin1 acc 0.009 eff 0.1014 outinratio 0.2216 

ggH126_4e_absdetajj_genbin1_recobin1 acc 0.0168 eff 0.3042 outinratio 0.0468 

VBFH126_4e_absdetajj_genbin1_recobin1 acc 0.0158 eff 0.2146 outinratio 0.0706 

WminusH126_4e_absdetajj_genbin1_recobin1 acc 0.1024 eff 0.3054 outinratio 0.0561 

WplusH126_4e_absdetajj_genbin1_recobin1 acc 0.0911 eff 0.2685 outinratio 0.0729 

ZH126_4e_absdetajj_genbin1_recobin1 acc 0.0965 eff 0.3287 outinratio 0.0784 

ttH126_4e_absdetajj_genbin1_recobin1 acc 0.1822 eff 0.2998 outinratio 0.2216 

ggH126_4e_absdetajj_genbin2_recobin1 acc 0.0197 eff 0.0232 outinratio 0.0468 

VBFH126_4e_absdetajj_genbin2_recobin1 acc 0.0398 eff 0.0067 outinratio 0.0706 

WminusH126_4e_absdetajj_genbin2_recobin1 acc 0.0449 eff 0.0 outinratio 0.0561 

WplusH126_4e_absdetajj_genbin2_recobin1 acc 0.0388 eff 0.0298 outinratio 0.0729 

ZH126_4e_absdetajj_genbin2_recobin1 acc 0.0615 eff 0.0724 outinratio 0.0784 

ttH126_4e_absdetajj_genbin2_recobin1 acc 0.1055 eff 0.0658 outinratio 0.2216 

ggH126_4e_absdetajj_genbin3_recobin1 acc 0.0083 eff 0.0109 outinratio 0.0468 

VBFH126_4e_absdetajj_genbin3_recobin1 acc 0.0678 eff 0.0063 outinratio 0.0706 

WminusH126_4e_absdetajj_genbin3_recobin1 acc 0.0053 eff 0.0 outinratio 0.0561 

WplusH126_4e_absdetajj_genbin3_recobin1 acc 0.0046 eff 0.0 outinratio 0.0729 

ZH126_4e_absdetajj_genbin3_recobin1 acc 0.0047 eff -1.0 outinratio 0.0784 

ttH126_4e_absdetajj_genbin3_recobin1 acc 0.0166 eff 0.0728 outinratio 0.2216 

ggH126_4e_absdetajj_genbin4_recobin1 acc 0.0034 eff 0.0171 outinratio 0.0468 

VBFH126_4e_absdetajj_genbin4_recobin1 acc 0.1088 eff 0.0031 outinratio 0.0706 

WminusH126_4e_absdetajj_genbin4_recobin1 acc 0.003 eff -1.0 outinratio 0.0561 

WplusH126_4e_absdetajj_genbin4_recobin1 acc 0.0 eff -1.0 outinratio 0.0729 

ZH126_4e_absdetajj_genbin4_recobin1 acc 0.0019 eff -1.0 outinratio 0.0784 

ttH126_4e_absdetajj_genbin4_recobin1 acc 0.0025 eff 0.0132 outinratio 0.2216 

ggH126_4e_absdetajj_genbin0_recobin2 acc 0.3484 eff 0.0048 outinratio 0.0932 

VBFH126_4e_absdetajj_genbin0_recobin2 acc 0.2053 eff 0.0028 outinratio 0.0326 

WminusH126_4e_absdetajj_genbin0_recobin2 acc 0.1896 eff 0.0196 outinratio 0.053 

WplusH126_4e_absdetajj_genbin0_recobin2 acc 0.1608 eff 0.0146 outinratio 0.1862 

ZH126_4e_absdetajj_genbin0_recobin2 acc 0.1731 eff 0.0089 outinratio 0.0845 

ttH126_4e_absdetajj_genbin0_recobin2 acc 0.009 eff 0.0725 outinratio 0.1491 

ggH126_4e_absdetajj_genbin1_recobin2 acc 0.0168 eff 0.0186 outinratio 0.0932 

VBFH126_4e_absdetajj_genbin1_recobin2 acc 0.0158 eff 0.0094 outinratio 0.0326 

WminusH126_4e_absdetajj_genbin1_recobin2 acc 0.1024 eff 0.0079 outinratio 0.053 

WplusH126_4e_absdetajj_genbin1_recobin2 acc 0.0911 eff 0.0173 outinratio 0.1862 

ZH126_4e_absdetajj_genbin1_recobin2 acc 0.0965 eff 0.0192 outinratio 0.0845 

ttH126_4e_absdetajj_genbin1_recobin2 acc 0.1822 eff 0.0286 outinratio 0.1491 

ggH126_4e_absdetajj_genbin2_recobin2 acc 0.0197 eff 0.2831 outinratio 0.0932 

VBFH126_4e_absdetajj_genbin2_recobin2 acc 0.0398 eff 0.3104 outinratio 0.0326 

WminusH126_4e_absdetajj_genbin2_recobin2 acc 0.0449 eff 0.2761 outinratio 0.053 

WplusH126_4e_absdetajj_genbin2_recobin2 acc 0.0388 eff 0.2562 outinratio 0.1862 

ZH126_4e_absdetajj_genbin2_recobin2 acc 0.0615 eff 0.2777 outinratio 0.0845 

ttH126_4e_absdetajj_genbin2_recobin2 acc 0.1055 eff 0.2916 outinratio 0.1491 

ggH126_4e_absdetajj_genbin3_recobin2 acc 0.0083 eff 0.0092 outinratio 0.0932 

VBFH126_4e_absdetajj_genbin3_recobin2 acc 0.0678 eff 0.005 outinratio 0.0326 

WminusH126_4e_absdetajj_genbin3_recobin2 acc 0.0053 eff 0.0 outinratio 0.053 

WplusH126_4e_absdetajj_genbin3_recobin2 acc 0.0046 eff 0.0964 outinratio 0.1862 

ZH126_4e_absdetajj_genbin3_recobin2 acc 0.0047 eff -1.0 outinratio 0.0845 

ttH126_4e_absdetajj_genbin3_recobin2 acc 0.0166 eff 0.0281 outinratio 0.1491 

ggH126_4e_absdetajj_genbin4_recobin2 acc 0.0034 eff 0.0145 outinratio 0.0932 

VBFH126_4e_absdetajj_genbin4_recobin2 acc 0.1088 eff 0.0056 outinratio 0.0326 

WminusH126_4e_absdetajj_genbin4_recobin2 acc 0.003 eff -1.0 outinratio 0.053 

WplusH126_4e_absdetajj_genbin4_recobin2 acc 0.0 eff -1.0 outinratio 0.1862 

ZH126_4e_absdetajj_genbin4_recobin2 acc 0.0019 eff -1.0 outinratio 0.0845 

ttH126_4e_absdetajj_genbin4_recobin2 acc 0.0025 eff 0.0156 outinratio 0.1491 

ggH126_4e_absdetajj_genbin0_recobin3 acc 0.3484 eff 0.0035 outinratio 0.1008 

VBFH126_4e_absdetajj_genbin0_recobin3 acc 0.2053 eff 0.0111 outinratio 0.0 

WminusH126_4e_absdetajj_genbin0_recobin3 acc 0.1896 eff 0.0037 outinratio 0.0323 

WplusH126_4e_absdetajj_genbin0_recobin3 acc 0.1608 eff 0.0074 outinratio 0.0 

ZH126_4e_absdetajj_genbin0_recobin3 acc 0.1731 eff 0.016 outinratio 0.0 

ttH126_4e_absdetajj_genbin0_recobin3 acc 0.009 eff 0.0082 outinratio 0.1685 

ggH126_4e_absdetajj_genbin1_recobin3 acc 0.0168 eff 0.0063 outinratio 0.1008 

VBFH126_4e_absdetajj_genbin1_recobin3 acc 0.0158 eff 0.0474 outinratio 0.0 

WminusH126_4e_absdetajj_genbin1_recobin3 acc 0.1024 eff 0.0031 outinratio 0.0323 

WplusH126_4e_absdetajj_genbin1_recobin3 acc 0.0911 eff 0.0 outinratio 0.0 

ZH126_4e_absdetajj_genbin1_recobin3 acc 0.0965 eff 0.014 outinratio 0.0 

ttH126_4e_absdetajj_genbin1_recobin3 acc 0.1822 eff 0.0039 outinratio 0.1685 

ggH126_4e_absdetajj_genbin2_recobin3 acc 0.0197 eff 0.0097 outinratio 0.1008 

VBFH126_4e_absdetajj_genbin2_recobin3 acc 0.0398 eff 0.0 outinratio 0.0 

WminusH126_4e_absdetajj_genbin2_recobin3 acc 0.0449 eff 0.0 outinratio 0.0323 

WplusH126_4e_absdetajj_genbin2_recobin3 acc 0.0388 eff 0.0212 outinratio 0.0 

ZH126_4e_absdetajj_genbin2_recobin3 acc 0.0615 eff 0.0 outinratio 0.0 

ttH126_4e_absdetajj_genbin2_recobin3 acc 0.1055 eff 0.0094 outinratio 0.1685 

ggH126_4e_absdetajj_genbin3_recobin3 acc 0.0083 eff 0.1892 outinratio 0.1008 

VBFH126_4e_absdetajj_genbin3_recobin3 acc 0.0678 eff 0.2459 outinratio 0.0 

WminusH126_4e_absdetajj_genbin3_recobin3 acc 0.0053 eff 0.2448 outinratio 0.0323 

WplusH126_4e_absdetajj_genbin3_recobin3 acc 0.0046 eff 0.5154 outinratio 0.0 

ZH126_4e_absdetajj_genbin3_recobin3 acc 0.0047 eff -1.0 outinratio 0.0 

ttH126_4e_absdetajj_genbin3_recobin3 acc 0.0166 eff 0.2251 outinratio 0.1685 

ggH126_4e_absdetajj_genbin4_recobin3 acc 0.0034 eff 0.0 outinratio 0.1008 

VBFH126_4e_absdetajj_genbin4_recobin3 acc 0.1088 eff 0.0 outinratio 0.0 

WminusH126_4e_absdetajj_genbin4_recobin3 acc 0.003 eff -1.0 outinratio 0.0323 

WplusH126_4e_absdetajj_genbin4_recobin3 acc 0.0 eff -1.0 outinratio 0.0 

ZH126_4e_absdetajj_genbin4_recobin3 acc 0.0019 eff -1.0 outinratio 0.0 

ttH126_4e_absdetajj_genbin4_recobin3 acc 0.0025 eff 0.0152 outinratio 0.1685 

ggH126_4e_absdetajj_genbin0_recobin4 acc 0.3484 eff 0.0026 outinratio 0.0477 

VBFH126_4e_absdetajj_genbin0_recobin4 acc 0.2053 eff 0.0201 outinratio 0.0414 

WminusH126_4e_absdetajj_genbin0_recobin4 acc 0.1896 eff 0.0072 outinratio 0.0 

WplusH126_4e_absdetajj_genbin0_recobin4 acc 0.1608 eff 0.0031 outinratio 0.0 

ZH126_4e_absdetajj_genbin0_recobin4 acc 0.1731 eff 0.0 outinratio 0.0 

ttH126_4e_absdetajj_genbin0_recobin4 acc 0.009 eff 0.0 outinratio 0.2703 

ggH126_4e_absdetajj_genbin1_recobin4 acc 0.0168 eff 0.0 outinratio 0.0477 

VBFH126_4e_absdetajj_genbin1_recobin4 acc 0.0158 eff 0.0113 outinratio 0.0414 

WminusH126_4e_absdetajj_genbin1_recobin4 acc 0.1024 eff 0.0075 outinratio 0.0 

WplusH126_4e_absdetajj_genbin1_recobin4 acc 0.0911 eff 0.0 outinratio 0.0 

ZH126_4e_absdetajj_genbin1_recobin4 acc 0.0965 eff 0.0 outinratio 0.0 

ttH126_4e_absdetajj_genbin1_recobin4 acc 0.1822 eff 0.0002 outinratio 0.2703 

ggH126_4e_absdetajj_genbin2_recobin4 acc 0.0197 eff 0.0 outinratio 0.0477 

VBFH126_4e_absdetajj_genbin2_recobin4 acc 0.0398 eff 0.0 outinratio 0.0414 

WminusH126_4e_absdetajj_genbin2_recobin4 acc 0.0449 eff 0.0 outinratio 0.0 

WplusH126_4e_absdetajj_genbin2_recobin4 acc 0.0388 eff 0.0 outinratio 0.0 

ZH126_4e_absdetajj_genbin2_recobin4 acc 0.0615 eff 0.0 outinratio 0.0 

ttH126_4e_absdetajj_genbin2_recobin4 acc 0.1055 eff 0.0006 outinratio 0.2703 

ggH126_4e_absdetajj_genbin3_recobin4 acc 0.0083 eff 0.0 outinratio 0.0477 

VBFH126_4e_absdetajj_genbin3_recobin4 acc 0.0678 eff 0.0071 outinratio 0.0414 

WminusH126_4e_absdetajj_genbin3_recobin4 acc 0.0053 eff 0.0 outinratio 0.0 

WplusH126_4e_absdetajj_genbin3_recobin4 acc 0.0046 eff 0.0 outinratio 0.0 

ZH126_4e_absdetajj_genbin3_recobin4 acc 0.0047 eff -1.0 outinratio 0.0 

ttH126_4e_absdetajj_genbin3_recobin4 acc 0.0166 eff 0.0085 outinratio 0.2703 

ggH126_4e_absdetajj_genbin4_recobin4 acc 0.0034 eff 0.2695 outinratio 0.0477 

VBFH126_4e_absdetajj_genbin4_recobin4 acc 0.1088 eff 0.2944 outinratio 0.0414 

WminusH126_4e_absdetajj_genbin4_recobin4 acc 0.003 eff -1.0 outinratio 0.0 

WplusH126_4e_absdetajj_genbin4_recobin4 acc 0.0 eff -1.0 outinratio 0.0 

ZH126_4e_absdetajj_genbin4_recobin4 acc 0.0019 eff -1.0 outinratio 0.0 

ttH126_4e_absdetajj_genbin4_recobin4 acc 0.0025 eff 0.1921 outinratio 0.2703 

ggH126_4mu_absdetajj_genbin0_recobin0 acc 0.3859 eff 0.7683 outinratio 0.0596 

VBFH126_4mu_absdetajj_genbin0_recobin0 acc 0.2297 eff 0.6976 outinratio 0.025 

WminusH126_4mu_absdetajj_genbin0_recobin0 acc 0.2054 eff 0.6942 outinratio 0.0293 

WplusH126_4mu_absdetajj_genbin0_recobin0 acc 0.1911 eff 0.6698 outinratio 0.0582 

ZH126_4mu_absdetajj_genbin0_recobin0 acc 0.2043 eff 0.6368 outinratio 0.0844 

ttH126_4mu_absdetajj_genbin0_recobin0 acc 0.0091 eff 0.2866 outinratio 0.0555 

ggH126_4mu_absdetajj_genbin1_recobin0 acc 0.0159 eff 0.1345 outinratio 0.0596 

VBFH126_4mu_absdetajj_genbin1_recobin0 acc 0.021 eff 0.1247 outinratio 0.025 

WminusH126_4mu_absdetajj_genbin1_recobin0 acc 0.107 eff 0.0718 outinratio 0.0293 

WplusH126_4mu_absdetajj_genbin1_recobin0 acc 0.0933 eff 0.0638 outinratio 0.0582 

ZH126_4mu_absdetajj_genbin1_recobin0 acc 0.1162 eff 0.0606 outinratio 0.0844 

ttH126_4mu_absdetajj_genbin1_recobin0 acc 0.2032 eff 0.0069 outinratio 0.0555 

ggH126_4mu_absdetajj_genbin2_recobin0 acc 0.0169 eff 0.0985 outinratio 0.0596 

VBFH126_4mu_absdetajj_genbin2_recobin0 acc 0.0352 eff 0.1192 outinratio 0.025 

WminusH126_4mu_absdetajj_genbin2_recobin0 acc 0.0455 eff 0.054 outinratio 0.0293 

WplusH126_4mu_absdetajj_genbin2_recobin0 acc 0.0372 eff 0.1317 outinratio 0.0582 

ZH126_4mu_absdetajj_genbin2_recobin0 acc 0.0412 eff 0.0694 outinratio 0.0844 

ttH126_4mu_absdetajj_genbin2_recobin0 acc 0.1131 eff 0.0054 outinratio 0.0555 

ggH126_4mu_absdetajj_genbin3_recobin0 acc 0.008 eff 0.1057 outinratio 0.0596 

VBFH126_4mu_absdetajj_genbin3_recobin0 acc 0.0777 eff 0.0876 outinratio 0.025 

WminusH126_4mu_absdetajj_genbin3_recobin0 acc 0.0058 eff 0.2278 outinratio 0.0293 

WplusH126_4mu_absdetajj_genbin3_recobin0 acc 0.0083 eff 0.1435 outinratio 0.0582 

ZH126_4mu_absdetajj_genbin3_recobin0 acc 0.0037 eff -1.0 outinratio 0.0844 

ttH126_4mu_absdetajj_genbin3_recobin0 acc 0.0169 eff 0.0027 outinratio 0.0555 

ggH126_4mu_absdetajj_genbin4_recobin0 acc 0.0042 eff 0.2807 outinratio 0.0596 

VBFH126_4mu_absdetajj_genbin4_recobin0 acc 0.118 eff 0.0963 outinratio 0.025 

WminusH126_4mu_absdetajj_genbin4_recobin0 acc 0.0019 eff -1.0 outinratio 0.0293 

WplusH126_4mu_absdetajj_genbin4_recobin0 acc 0.0009 eff -1.0 outinratio 0.0582 

ZH126_4mu_absdetajj_genbin4_recobin0 acc 0.0019 eff -1.0 outinratio 0.0844 

ttH126_4mu_absdetajj_genbin4_recobin0 acc 0.0023 eff 0.0 outinratio 0.0555 

ggH126_4mu_absdetajj_genbin0_recobin1 acc 0.3859 eff 0.0122 outinratio 0.0601 

VBFH126_4mu_absdetajj_genbin0_recobin1 acc 0.2297 eff 0.0429 outinratio 0.0842 

WminusH126_4mu_absdetajj_genbin0_recobin1 acc 0.2054 eff 0.0565 outinratio 0.0829 

WplusH126_4mu_absdetajj_genbin0_recobin1 acc 0.1911 eff 0.0638 outinratio 0.1163 

ZH126_4mu_absdetajj_genbin0_recobin1 acc 0.2043 eff 0.0538 outinratio 0.0697 

ttH126_4mu_absdetajj_genbin0_recobin1 acc 0.0091 eff 0.2973 outinratio 0.1442 

ggH126_4mu_absdetajj_genbin1_recobin1 acc 0.0159 eff 0.593 outinratio 0.0601 

VBFH126_4mu_absdetajj_genbin1_recobin1 acc 0.021 eff 0.4922 outinratio 0.0842 

WminusH126_4mu_absdetajj_genbin1_recobin1 acc 0.107 eff 0.7394 outinratio 0.0829 

WplusH126_4mu_absdetajj_genbin1_recobin1 acc 0.0933 eff 0.7578 outinratio 0.1163 

ZH126_4mu_absdetajj_genbin1_recobin1 acc 0.1162 eff 0.7353 outinratio 0.0697 

ttH126_4mu_absdetajj_genbin1_recobin1 acc 0.2032 eff 0.7056 outinratio 0.1442 

ggH126_4mu_absdetajj_genbin2_recobin1 acc 0.0169 eff 0.0578 outinratio 0.0601 

VBFH126_4mu_absdetajj_genbin2_recobin1 acc 0.0352 eff 0.04 outinratio 0.0842 

WminusH126_4mu_absdetajj_genbin2_recobin1 acc 0.0455 eff 0.0755 outinratio 0.0829 

WplusH126_4mu_absdetajj_genbin2_recobin1 acc 0.0372 eff 0.0401 outinratio 0.1163 

ZH126_4mu_absdetajj_genbin2_recobin1 acc 0.0412 eff 0.0715 outinratio 0.0697 

ttH126_4mu_absdetajj_genbin2_recobin1 acc 0.1131 eff 0.1202 outinratio 0.1442 

ggH126_4mu_absdetajj_genbin3_recobin1 acc 0.008 eff 0.0381 outinratio 0.0601 

VBFH126_4mu_absdetajj_genbin3_recobin1 acc 0.0777 eff 0.0164 outinratio 0.0842 

WminusH126_4mu_absdetajj_genbin3_recobin1 acc 0.0058 eff 0.0 outinratio 0.0829 

WplusH126_4mu_absdetajj_genbin3_recobin1 acc 0.0083 eff 0.1186 outinratio 0.1163 

ZH126_4mu_absdetajj_genbin3_recobin1 acc 0.0037 eff -1.0 outinratio 0.0697 

ttH126_4mu_absdetajj_genbin3_recobin1 acc 0.0169 eff 0.0982 outinratio 0.1442 

ggH126_4mu_absdetajj_genbin4_recobin1 acc 0.0042 eff 0.0243 outinratio 0.0601 

VBFH126_4mu_absdetajj_genbin4_recobin1 acc 0.118 eff 0.022 outinratio 0.0842 

WminusH126_4mu_absdetajj_genbin4_recobin1 acc 0.0019 eff -1.0 outinratio 0.0829 

WplusH126_4mu_absdetajj_genbin4_recobin1 acc 0.0009 eff -1.0 outinratio 0.1163 

ZH126_4mu_absdetajj_genbin4_recobin1 acc 0.0019 eff -1.0 outinratio 0.0697 

ttH126_4mu_absdetajj_genbin4_recobin1 acc 0.0023 eff 0.1098 outinratio 0.1442 

ggH126_4mu_absdetajj_genbin0_recobin2 acc 0.3859 eff 0.015 outinratio 0.075 

VBFH126_4mu_absdetajj_genbin0_recobin2 acc 0.2297 eff 0.0109 outinratio 0.032 

WminusH126_4mu_absdetajj_genbin0_recobin2 acc 0.2054 eff 0.0345 outinratio 0.0703 

WplusH126_4mu_absdetajj_genbin0_recobin2 acc 0.1911 eff 0.0217 outinratio 0.0749 

ZH126_4mu_absdetajj_genbin0_recobin2 acc 0.2043 eff 0.0497 outinratio 0.064 

ttH126_4mu_absdetajj_genbin0_recobin2 acc 0.0091 eff 0.1688 outinratio 0.136 

ggH126_4mu_absdetajj_genbin1_recobin2 acc 0.0159 eff 0.0269 outinratio 0.075 

VBFH126_4mu_absdetajj_genbin1_recobin2 acc 0.021 eff 0.0 outinratio 0.032 

WminusH126_4mu_absdetajj_genbin1_recobin2 acc 0.107 eff 0.0153 outinratio 0.0703 

WplusH126_4mu_absdetajj_genbin1_recobin2 acc 0.0933 eff 0.0331 outinratio 0.0749 

ZH126_4mu_absdetajj_genbin1_recobin2 acc 0.1162 eff 0.0258 outinratio 0.064 

ttH126_4mu_absdetajj_genbin1_recobin2 acc 0.2032 eff 0.072 outinratio 0.136 

ggH126_4mu_absdetajj_genbin2_recobin2 acc 0.0169 eff 0.6158 outinratio 0.075 

VBFH126_4mu_absdetajj_genbin2_recobin2 acc 0.0352 eff 0.6607 outinratio 0.032 

WminusH126_4mu_absdetajj_genbin2_recobin2 acc 0.0455 eff 0.602 outinratio 0.0703 

WplusH126_4mu_absdetajj_genbin2_recobin2 acc 0.0372 eff 0.5016 outinratio 0.0749 

ZH126_4mu_absdetajj_genbin2_recobin2 acc 0.0412 eff 0.6948 outinratio 0.064 

ttH126_4mu_absdetajj_genbin2_recobin2 acc 0.1131 eff 0.6715 outinratio 0.136 

ggH126_4mu_absdetajj_genbin3_recobin2 acc 0.008 eff 0.0167 outinratio 0.075 

VBFH126_4mu_absdetajj_genbin3_recobin2 acc 0.0777 eff 0.0178 outinratio 0.032 

WminusH126_4mu_absdetajj_genbin3_recobin2 acc 0.0058 eff 0.0 outinratio 0.0703 

WplusH126_4mu_absdetajj_genbin3_recobin2 acc 0.0083 eff 0.3518 outinratio 0.0749 

ZH126_4mu_absdetajj_genbin3_recobin2 acc 0.0037 eff -1.0 outinratio 0.064 

ttH126_4mu_absdetajj_genbin3_recobin2 acc 0.0169 eff 0.0674 outinratio 0.136 

ggH126_4mu_absdetajj_genbin4_recobin2 acc 0.0042 eff 0.0 outinratio 0.075 

VBFH126_4mu_absdetajj_genbin4_recobin2 acc 0.118 eff 0.0111 outinratio 0.032 

WminusH126_4mu_absdetajj_genbin4_recobin2 acc 0.0019 eff -1.0 outinratio 0.0703 

WplusH126_4mu_absdetajj_genbin4_recobin2 acc 0.0009 eff -1.0 outinratio 0.0749 

ZH126_4mu_absdetajj_genbin4_recobin2 acc 0.0019 eff -1.0 outinratio 0.064 

ttH126_4mu_absdetajj_genbin4_recobin2 acc 0.0023 eff 0.0501 outinratio 0.136 

ggH126_4mu_absdetajj_genbin0_recobin3 acc 0.3859 eff 0.0055 outinratio 0.045 

VBFH126_4mu_absdetajj_genbin0_recobin3 acc 0.2297 eff 0.0272 outinratio 0.0578 

WminusH126_4mu_absdetajj_genbin0_recobin3 acc 0.2054 eff 0.0118 outinratio 0.0 

WplusH126_4mu_absdetajj_genbin0_recobin3 acc 0.1911 eff 0.0186 outinratio 0.035 

ZH126_4mu_absdetajj_genbin0_recobin3 acc 0.2043 eff 0.0184 outinratio 0.138 

ttH126_4mu_absdetajj_genbin0_recobin3 acc 0.0091 eff 0.0255 outinratio 0.1622 

ggH126_4mu_absdetajj_genbin1_recobin3 acc 0.0159 eff 0.0223 outinratio 0.045 

VBFH126_4mu_absdetajj_genbin1_recobin3 acc 0.021 eff 0.0237 outinratio 0.0578 

WminusH126_4mu_absdetajj_genbin1_recobin3 acc 0.107 eff 0.0203 outinratio 0.0 

WplusH126_4mu_absdetajj_genbin1_recobin3 acc 0.0933 eff 0.0031 outinratio 0.035 

ZH126_4mu_absdetajj_genbin1_recobin3 acc 0.1162 eff 0.0193 outinratio 0.138 

ttH126_4mu_absdetajj_genbin1_recobin3 acc 0.2032 eff 0.0102 outinratio 0.1622 

ggH126_4mu_absdetajj_genbin2_recobin3 acc 0.0169 eff 0.0085 outinratio 0.045 

VBFH126_4mu_absdetajj_genbin2_recobin3 acc 0.0352 eff 0.0 outinratio 0.0578 

WminusH126_4mu_absdetajj_genbin2_recobin3 acc 0.0455 eff 0.028 outinratio 0.0 

WplusH126_4mu_absdetajj_genbin2_recobin3 acc 0.0372 eff 0.0198 outinratio 0.035 

ZH126_4mu_absdetajj_genbin2_recobin3 acc 0.0412 eff 0.0 outinratio 0.138 

ttH126_4mu_absdetajj_genbin2_recobin3 acc 0.1131 eff 0.0228 outinratio 0.1622 

ggH126_4mu_absdetajj_genbin3_recobin3 acc 0.008 eff 0.5754 outinratio 0.045 

VBFH126_4mu_absdetajj_genbin3_recobin3 acc 0.0777 eff 0.6161 outinratio 0.0578 

WminusH126_4mu_absdetajj_genbin3_recobin3 acc 0.0058 eff 0.3892 outinratio 0.0 

WplusH126_4mu_absdetajj_genbin3_recobin3 acc 0.0083 eff 0.4978 outinratio 0.035 

ZH126_4mu_absdetajj_genbin3_recobin3 acc 0.0037 eff -1.0 outinratio 0.138 

ttH126_4mu_absdetajj_genbin3_recobin3 acc 0.0169 eff 0.5945 outinratio 0.1622 

ggH126_4mu_absdetajj_genbin4_recobin3 acc 0.0042 eff 0.0136 outinratio 0.045 

VBFH126_4mu_absdetajj_genbin4_recobin3 acc 0.118 eff 0.0248 outinratio 0.0578 

WminusH126_4mu_absdetajj_genbin4_recobin3 acc 0.0019 eff -1.0 outinratio 0.0 

WplusH126_4mu_absdetajj_genbin4_recobin3 acc 0.0009 eff -1.0 outinratio 0.035 

ZH126_4mu_absdetajj_genbin4_recobin3 acc 0.0019 eff -1.0 outinratio 0.138 

ttH126_4mu_absdetajj_genbin4_recobin3 acc 0.0023 eff 0.0271 outinratio 0.1622 

ggH126_4mu_absdetajj_genbin0_recobin4 acc 0.3859 eff 0.0068 outinratio 0.0707 

VBFH126_4mu_absdetajj_genbin0_recobin4 acc 0.2297 eff 0.0597 outinratio 0.0279 

WminusH126_4mu_absdetajj_genbin0_recobin4 acc 0.2054 eff 0.0065 outinratio 0.0 

WplusH126_4mu_absdetajj_genbin0_recobin4 acc 0.1911 eff 0.0011 outinratio 0.0 

ZH126_4mu_absdetajj_genbin0_recobin4 acc 0.2043 eff 0.0135 outinratio 0.0 

ttH126_4mu_absdetajj_genbin0_recobin4 acc 0.0091 eff 0.0 outinratio 0.1091 

ggH126_4mu_absdetajj_genbin1_recobin4 acc 0.0159 eff 0.0145 outinratio 0.0707 

VBFH126_4mu_absdetajj_genbin1_recobin4 acc 0.021 eff 0.0723 outinratio 0.0279 

WminusH126_4mu_absdetajj_genbin1_recobin4 acc 0.107 eff 0.0116 outinratio 0.0 

WplusH126_4mu_absdetajj_genbin1_recobin4 acc 0.0933 eff 0.0 outinratio 0.0 

ZH126_4mu_absdetajj_genbin1_recobin4 acc 0.1162 eff 0.0142 outinratio 0.0 

ttH126_4mu_absdetajj_genbin1_recobin4 acc 0.2032 eff 0.0013 outinratio 0.1091 

ggH126_4mu_absdetajj_genbin2_recobin4 acc 0.0169 eff 0.0131 outinratio 0.0707 

VBFH126_4mu_absdetajj_genbin2_recobin4 acc 0.0352 eff 0.0 outinratio 0.0279 

WminusH126_4mu_absdetajj_genbin2_recobin4 acc 0.0455 eff 0.0066 outinratio 0.0 

WplusH126_4mu_absdetajj_genbin2_recobin4 acc 0.0372 eff 0.0091 outinratio 0.0 

ZH126_4mu_absdetajj_genbin2_recobin4 acc 0.0412 eff 0.0167 outinratio 0.0 

ttH126_4mu_absdetajj_genbin2_recobin4 acc 0.1131 eff 0.0042 outinratio 0.1091 

ggH126_4mu_absdetajj_genbin3_recobin4 acc 0.008 eff 0.0157 outinratio 0.0707 

VBFH126_4mu_absdetajj_genbin3_recobin4 acc 0.0777 eff 0.0179 outinratio 0.0279 

WminusH126_4mu_absdetajj_genbin3_recobin4 acc 0.0058 eff 0.0 outinratio 0.0 

WplusH126_4mu_absdetajj_genbin3_recobin4 acc 0.0083 eff 0.0 outinratio 0.0 

ZH126_4mu_absdetajj_genbin3_recobin4 acc 0.0037 eff -1.0 outinratio 0.0 

ttH126_4mu_absdetajj_genbin3_recobin4 acc 0.0169 eff 0.0076 outinratio 0.1091 

ggH126_4mu_absdetajj_genbin4_recobin4 acc 0.0042 eff 0.5435 outinratio 0.0707 

VBFH126_4mu_absdetajj_genbin4_recobin4 acc 0.118 eff 0.6522 outinratio 0.0279 

WminusH126_4mu_absdetajj_genbin4_recobin4 acc 0.0019 eff -1.0 outinratio 0.0 

WplusH126_4mu_absdetajj_genbin4_recobin4 acc 0.0009 eff -1.0 outinratio 0.0 

ZH126_4mu_absdetajj_genbin4_recobin4 acc 0.0019 eff -1.0 outinratio 0.0 

ttH126_4mu_absdetajj_genbin4_recobin4 acc 0.0023 eff 0.6852 outinratio 0.1091 

ggH126_2e2mu_absdetajj_genbin0_recobin0 acc 0.3548 eff 0.4932 outinratio 0.0494 

VBFH126_2e2mu_absdetajj_genbin0_recobin0 acc 0.2038 eff 0.4406 outinratio 0.0445 

WminusH126_2e2mu_absdetajj_genbin0_recobin0 acc 0.1993 eff 0.4057 outinratio 0.1026 

WplusH126_2e2mu_absdetajj_genbin0_recobin0 acc 0.171 eff 0.4518 outinratio 0.0717 

ZH126_2e2mu_absdetajj_genbin0_recobin0 acc 0.1784 eff 0.4234 outinratio 0.0696 

ttH126_2e2mu_absdetajj_genbin0_recobin0 acc 0.0092 eff 0.1787 outinratio 0.1816 

ggH126_2e2mu_absdetajj_genbin1_recobin0 acc 0.018 eff 0.1008 outinratio 0.0494 

VBFH126_2e2mu_absdetajj_genbin1_recobin0 acc 0.0198 eff 0.1241 outinratio 0.0445 

WminusH126_2e2mu_absdetajj_genbin1_recobin0 acc 0.1056 eff 0.0618 outinratio 0.1026 

WplusH126_2e2mu_absdetajj_genbin1_recobin0 acc 0.0937 eff 0.0419 outinratio 0.0717 

ZH126_2e2mu_absdetajj_genbin1_recobin0 acc 0.1093 eff 0.056 outinratio 0.0696 

ttH126_2e2mu_absdetajj_genbin1_recobin0 acc 0.1797 eff 0.0042 outinratio 0.1816 

ggH126_2e2mu_absdetajj_genbin2_recobin0 acc 0.0181 eff 0.0869 outinratio 0.0494 

VBFH126_2e2mu_absdetajj_genbin2_recobin0 acc 0.0313 eff 0.0463 outinratio 0.0445 

WminusH126_2e2mu_absdetajj_genbin2_recobin0 acc 0.0442 eff 0.0974 outinratio 0.1026 

WplusH126_2e2mu_absdetajj_genbin2_recobin0 acc 0.042 eff 0.0996 outinratio 0.0717 

ZH126_2e2mu_absdetajj_genbin2_recobin0 acc 0.0454 eff 0.0383 outinratio 0.0696 

ttH126_2e2mu_absdetajj_genbin2_recobin0 acc 0.1015 eff 0.0054 outinratio 0.1816 

ggH126_2e2mu_absdetajj_genbin3_recobin0 acc 0.0063 eff 0.0854 outinratio 0.0494 

VBFH126_2e2mu_absdetajj_genbin3_recobin0 acc 0.0754 eff 0.0574 outinratio 0.0445 

WminusH126_2e2mu_absdetajj_genbin3_recobin0 acc 0.007 eff 0.0 outinratio 0.1026 

WplusH126_2e2mu_absdetajj_genbin3_recobin0 acc 0.0045 eff 0.0 outinratio 0.0717 

ZH126_2e2mu_absdetajj_genbin3_recobin0 acc 0.0041 eff -1.0 outinratio 0.0696 

ttH126_2e2mu_absdetajj_genbin3_recobin0 acc 0.0145 eff 0.0142 outinratio 0.1816 

ggH126_2e2mu_absdetajj_genbin4_recobin0 acc 0.0038 eff 0.074 outinratio 0.0494 

VBFH126_2e2mu_absdetajj_genbin4_recobin0 acc 0.1141 eff 0.07 outinratio 0.0445 

WminusH126_2e2mu_absdetajj_genbin4_recobin0 acc 0.0014 eff -1.0 outinratio 0.1026 

WplusH126_2e2mu_absdetajj_genbin4_recobin0 acc 0.0012 eff -1.0 outinratio 0.0717 

ZH126_2e2mu_absdetajj_genbin4_recobin0 acc 0.0005 eff -1.0 outinratio 0.0696 

ttH126_2e2mu_absdetajj_genbin4_recobin0 acc 0.002 eff 0.0 outinratio 0.1816 

ggH126_2e2mu_absdetajj_genbin0_recobin1 acc 0.3548 eff 0.0056 outinratio 0.0697 

VBFH126_2e2mu_absdetajj_genbin0_recobin1 acc 0.2038 eff 0.014 outinratio 0.0 

WminusH126_2e2mu_absdetajj_genbin0_recobin1 acc 0.1993 eff 0.0447 outinratio 0.049 

WplusH126_2e2mu_absdetajj_genbin0_recobin1 acc 0.171 eff 0.0359 outinratio 0.1066 

ZH126_2e2mu_absdetajj_genbin0_recobin1 acc 0.1784 eff 0.0354 outinratio 0.0356 

ttH126_2e2mu_absdetajj_genbin0_recobin1 acc 0.0092 eff 0.1934 outinratio 0.1985 

ggH126_2e2mu_absdetajj_genbin1_recobin1 acc 0.018 eff 0.4162 outinratio 0.0697 

VBFH126_2e2mu_absdetajj_genbin1_recobin1 acc 0.0198 eff 0.425 outinratio 0.0 

WminusH126_2e2mu_absdetajj_genbin1_recobin1 acc 0.1056 eff 0.483 outinratio 0.049 

WplusH126_2e2mu_absdetajj_genbin1_recobin1 acc 0.0937 eff 0.4863 outinratio 0.1066 

ZH126_2e2mu_absdetajj_genbin1_recobin1 acc 0.1093 eff 0.4798 outinratio 0.0356 

ttH126_2e2mu_absdetajj_genbin1_recobin1 acc 0.1797 eff 0.463 outinratio 0.1985 

ggH126_2e2mu_absdetajj_genbin2_recobin1 acc 0.0181 eff 0.0188 outinratio 0.0697 

VBFH126_2e2mu_absdetajj_genbin2_recobin1 acc 0.0313 eff 0.0061 outinratio 0.0 

WminusH126_2e2mu_absdetajj_genbin2_recobin1 acc 0.0442 eff 0.0242 outinratio 0.049 

WplusH126_2e2mu_absdetajj_genbin2_recobin1 acc 0.042 eff 0.0312 outinratio 0.1066 

ZH126_2e2mu_absdetajj_genbin2_recobin1 acc 0.0454 eff 0.0349 outinratio 0.0356 

ttH126_2e2mu_absdetajj_genbin2_recobin1 acc 0.1015 eff 0.0716 outinratio 0.1985 

ggH126_2e2mu_absdetajj_genbin3_recobin1 acc 0.0063 eff 0.0065 outinratio 0.0697 

VBFH126_2e2mu_absdetajj_genbin3_recobin1 acc 0.0754 eff 0.0117 outinratio 0.0 

WminusH126_2e2mu_absdetajj_genbin3_recobin1 acc 0.007 eff 0.0515 outinratio 0.049 

WplusH126_2e2mu_absdetajj_genbin3_recobin1 acc 0.0045 eff 0.0701 outinratio 0.1066 

ZH126_2e2mu_absdetajj_genbin3_recobin1 acc 0.0041 eff -1.0 outinratio 0.0356 

ttH126_2e2mu_absdetajj_genbin3_recobin1 acc 0.0145 eff 0.0753 outinratio 0.1985 

ggH126_2e2mu_absdetajj_genbin4_recobin1 acc 0.0038 eff 0.0268 outinratio 0.0697 

VBFH126_2e2mu_absdetajj_genbin4_recobin1 acc 0.1141 eff 0.0141 outinratio 0.0 

WminusH126_2e2mu_absdetajj_genbin4_recobin1 acc 0.0014 eff -1.0 outinratio 0.049 

WplusH126_2e2mu_absdetajj_genbin4_recobin1 acc 0.0012 eff -1.0 outinratio 0.1066 

ZH126_2e2mu_absdetajj_genbin4_recobin1 acc 0.0005 eff -1.0 outinratio 0.0356 

ttH126_2e2mu_absdetajj_genbin4_recobin1 acc 0.002 eff 0.1084 outinratio 0.1985 

ggH126_2e2mu_absdetajj_genbin0_recobin2 acc 0.3548 eff 0.0067 outinratio 0.0741 

VBFH126_2e2mu_absdetajj_genbin0_recobin2 acc 0.2038 eff 0.0146 outinratio 0.039 

WminusH126_2e2mu_absdetajj_genbin0_recobin2 acc 0.1993 eff 0.0303 outinratio 0.0884 

WplusH126_2e2mu_absdetajj_genbin0_recobin2 acc 0.171 eff 0.0225 outinratio 0.0502 

ZH126_2e2mu_absdetajj_genbin0_recobin2 acc 0.1784 eff 0.0244 outinratio 0.0406 

ttH126_2e2mu_absdetajj_genbin0_recobin2 acc 0.0092 eff 0.0889 outinratio 0.1664 

ggH126_2e2mu_absdetajj_genbin1_recobin2 acc 0.018 eff 0.0431 outinratio 0.0741 

VBFH126_2e2mu_absdetajj_genbin1_recobin2 acc 0.0198 eff 0.0396 outinratio 0.039 

WminusH126_2e2mu_absdetajj_genbin1_recobin2 acc 0.1056 eff 0.0229 outinratio 0.0884 

WplusH126_2e2mu_absdetajj_genbin1_recobin2 acc 0.0937 eff 0.0338 outinratio 0.0502 

ZH126_2e2mu_absdetajj_genbin1_recobin2 acc 0.1093 eff 0.0379 outinratio 0.0406 

ttH126_2e2mu_absdetajj_genbin1_recobin2 acc 0.1797 eff 0.0425 outinratio 0.1664 

ggH126_2e2mu_absdetajj_genbin2_recobin2 acc 0.0181 eff 0.3661 outinratio 0.0741 

VBFH126_2e2mu_absdetajj_genbin2_recobin2 acc 0.0313 eff 0.4148 outinratio 0.039 

WminusH126_2e2mu_absdetajj_genbin2_recobin2 acc 0.0442 eff 0.3647 outinratio 0.0884 

WplusH126_2e2mu_absdetajj_genbin2_recobin2 acc 0.042 eff 0.3959 outinratio 0.0502 

ZH126_2e2mu_absdetajj_genbin2_recobin2 acc 0.0454 eff 0.347 outinratio 0.0406 

ttH126_2e2mu_absdetajj_genbin2_recobin2 acc 0.1015 eff 0.4324 outinratio 0.1664 

ggH126_2e2mu_absdetajj_genbin3_recobin2 acc 0.0063 eff 0.0283 outinratio 0.0741 

VBFH126_2e2mu_absdetajj_genbin3_recobin2 acc 0.0754 eff 0.0199 outinratio 0.039 

WminusH126_2e2mu_absdetajj_genbin3_recobin2 acc 0.007 eff 0.0376 outinratio 0.0884 

WplusH126_2e2mu_absdetajj_genbin3_recobin2 acc 0.0045 eff 0.0352 outinratio 0.0502 

ZH126_2e2mu_absdetajj_genbin3_recobin2 acc 0.0041 eff -1.0 outinratio 0.0406 

ttH126_2e2mu_absdetajj_genbin3_recobin2 acc 0.0145 eff 0.0461 outinratio 0.1664 

ggH126_2e2mu_absdetajj_genbin4_recobin2 acc 0.0038 eff 0.0535 outinratio 0.0741 

VBFH126_2e2mu_absdetajj_genbin4_recobin2 acc 0.1141 eff 0.01 outinratio 0.039 

WminusH126_2e2mu_absdetajj_genbin4_recobin2 acc 0.0014 eff -1.0 outinratio 0.0884 

WplusH126_2e2mu_absdetajj_genbin4_recobin2 acc 0.0012 eff -1.0 outinratio 0.0502 

ZH126_2e2mu_absdetajj_genbin4_recobin2 acc 0.0005 eff -1.0 outinratio 0.0406 

ttH126_2e2mu_absdetajj_genbin4_recobin2 acc 0.002 eff 0.09 outinratio 0.1664 

ggH126_2e2mu_absdetajj_genbin0_recobin3 acc 0.3548 eff 0.0037 outinratio 0.0649 

VBFH126_2e2mu_absdetajj_genbin0_recobin3 acc 0.2038 eff 0.0262 outinratio 0.0442 

WminusH126_2e2mu_absdetajj_genbin0_recobin3 acc 0.1993 eff 0.0097 outinratio 0.0762 

WplusH126_2e2mu_absdetajj_genbin0_recobin3 acc 0.171 eff 0.0072 outinratio 0.0996 

ZH126_2e2mu_absdetajj_genbin0_recobin3 acc 0.1784 eff 0.0078 outinratio 0.0777 

ttH126_2e2mu_absdetajj_genbin0_recobin3 acc 0.0092 eff 0.0106 outinratio 0.2248 

ggH126_2e2mu_absdetajj_genbin1_recobin3 acc 0.018 eff 0.0095 outinratio 0.0649 

VBFH126_2e2mu_absdetajj_genbin1_recobin3 acc 0.0198 eff 0.0334 outinratio 0.0442 

WminusH126_2e2mu_absdetajj_genbin1_recobin3 acc 0.1056 eff 0.0101 outinratio 0.0762 

WplusH126_2e2mu_absdetajj_genbin1_recobin3 acc 0.0937 eff 0.014 outinratio 0.0996 

ZH126_2e2mu_absdetajj_genbin1_recobin3 acc 0.1093 eff 0.0097 outinratio 0.0777 

ttH126_2e2mu_absdetajj_genbin1_recobin3 acc 0.1797 eff 0.0046 outinratio 0.2248 

ggH126_2e2mu_absdetajj_genbin2_recobin3 acc 0.0181 eff 0.0151 outinratio 0.0649 

VBFH126_2e2mu_absdetajj_genbin2_recobin3 acc 0.0313 eff 0.0065 outinratio 0.0442 

WminusH126_2e2mu_absdetajj_genbin2_recobin3 acc 0.0442 eff 0.0118 outinratio 0.0762 

WplusH126_2e2mu_absdetajj_genbin2_recobin3 acc 0.042 eff 0.0137 outinratio 0.0996 

ZH126_2e2mu_absdetajj_genbin2_recobin3 acc 0.0454 eff 0.023 outinratio 0.0777 

ttH126_2e2mu_absdetajj_genbin2_recobin3 acc 0.1015 eff 0.0104 outinratio 0.2248 

ggH126_2e2mu_absdetajj_genbin3_recobin3 acc 0.0063 eff 0.4127 outinratio 0.0649 

VBFH126_2e2mu_absdetajj_genbin3_recobin3 acc 0.0754 eff 0.438 outinratio 0.0442 

WminusH126_2e2mu_absdetajj_genbin3_recobin3 acc 0.007 eff 0.2719 outinratio 0.0762 

WplusH126_2e2mu_absdetajj_genbin3_recobin3 acc 0.0045 eff 0.1303 outinratio 0.0996 

ZH126_2e2mu_absdetajj_genbin3_recobin3 acc 0.0041 eff -1.0 outinratio 0.0777 

ttH126_2e2mu_absdetajj_genbin3_recobin3 acc 0.0145 eff 0.3637 outinratio 0.2248 

ggH126_2e2mu_absdetajj_genbin4_recobin3 acc 0.0038 eff 0.0213 outinratio 0.0649 

VBFH126_2e2mu_absdetajj_genbin4_recobin3 acc 0.1141 eff 0.005 outinratio 0.0442 

WminusH126_2e2mu_absdetajj_genbin4_recobin3 acc 0.0014 eff -1.0 outinratio 0.0762 

WplusH126_2e2mu_absdetajj_genbin4_recobin3 acc 0.0012 eff -1.0 outinratio 0.0996 

ZH126_2e2mu_absdetajj_genbin4_recobin3 acc 0.0005 eff -1.0 outinratio 0.0777 

ttH126_2e2mu_absdetajj_genbin4_recobin3 acc 0.002 eff 0.0217 outinratio 0.2248 

ggH126_2e2mu_absdetajj_genbin0_recobin4 acc 0.3548 eff 0.0037 outinratio 0.1018 

VBFH126_2e2mu_absdetajj_genbin0_recobin4 acc 0.2038 eff 0.0395 outinratio 0.0489 

WminusH126_2e2mu_absdetajj_genbin0_recobin4 acc 0.1993 eff 0.003 outinratio 0.0743 

WplusH126_2e2mu_absdetajj_genbin0_recobin4 acc 0.171 eff 0.0047 outinratio 0.1748 

ZH126_2e2mu_absdetajj_genbin0_recobin4 acc 0.1784 eff 0.0 outinratio 0.0 

ttH126_2e2mu_absdetajj_genbin0_recobin4 acc 0.0092 eff 0.0037 outinratio 0.1641 

ggH126_2e2mu_absdetajj_genbin1_recobin4 acc 0.018 eff 0.0034 outinratio 0.1018 

VBFH126_2e2mu_absdetajj_genbin1_recobin4 acc 0.0198 eff 0.0463 outinratio 0.0489 

WminusH126_2e2mu_absdetajj_genbin1_recobin4 acc 0.1056 eff 0.0 outinratio 0.0743 

WplusH126_2e2mu_absdetajj_genbin1_recobin4 acc 0.0937 eff 0.0017 outinratio 0.1748 

ZH126_2e2mu_absdetajj_genbin1_recobin4 acc 0.1093 eff 0.0112 outinratio 0.0 

ttH126_2e2mu_absdetajj_genbin1_recobin4 acc 0.1797 eff 0.0009 outinratio 0.1641 

ggH126_2e2mu_absdetajj_genbin2_recobin4 acc 0.0181 eff 0.009 outinratio 0.1018 

VBFH126_2e2mu_absdetajj_genbin2_recobin4 acc 0.0313 eff 0.0073 outinratio 0.0489 

WminusH126_2e2mu_absdetajj_genbin2_recobin4 acc 0.0442 eff 0.0029 outinratio 0.0743 

WplusH126_2e2mu_absdetajj_genbin2_recobin4 acc 0.042 eff 0.0 outinratio 0.1748 

ZH126_2e2mu_absdetajj_genbin2_recobin4 acc 0.0454 eff 0.0 outinratio 0.0 

ttH126_2e2mu_absdetajj_genbin2_recobin4 acc 0.1015 eff 0.0003 outinratio 0.1641 

ggH126_2e2mu_absdetajj_genbin3_recobin4 acc 0.0063 eff 0.0065 outinratio 0.1018 

VBFH126_2e2mu_absdetajj_genbin3_recobin4 acc 0.0754 eff 0.0031 outinratio 0.0489 

WminusH126_2e2mu_absdetajj_genbin3_recobin4 acc 0.007 eff 0.0193 outinratio 0.0743 

WplusH126_2e2mu_absdetajj_genbin3_recobin4 acc 0.0045 eff 0.0 outinratio 0.1748 

ZH126_2e2mu_absdetajj_genbin3_recobin4 acc 0.0041 eff -1.0 outinratio 0.0 

ttH126_2e2mu_absdetajj_genbin3_recobin4 acc 0.0145 eff 0.0065 outinratio 0.1641 

ggH126_2e2mu_absdetajj_genbin4_recobin4 acc 0.0038 eff 0.4046 outinratio 0.1018 

VBFH126_2e2mu_absdetajj_genbin4_recobin4 acc 0.1141 eff 0.4213 outinratio 0.0489 

WminusH126_2e2mu_absdetajj_genbin4_recobin4 acc 0.0014 eff -1.0 outinratio 0.0743 

WplusH126_2e2mu_absdetajj_genbin4_recobin4 acc 0.0012 eff -1.0 outinratio 0.1748 

ZH126_2e2mu_absdetajj_genbin4_recobin4 acc 0.0005 eff -1.0 outinratio 0.0 

ttH126_2e2mu_absdetajj_genbin4_recobin4 acc 0.002 eff 0.3111 outinratio 0.1641 

Coeff fullNNLOPS
