Welcome in RunCoefficients!
OPT SPLIT
DEBUG opt.YEAR = 2024_7
It is a double-differential measurement, binning for the 1st variable {0: [0.0, 10000.0], 1: [0.0, 45.0], 2: [45.0, 70.0], 3: [70.0, 95.0], 4: [95.0, 10000.0], 5: [0.0, 175.0], 6: [175.0, 10000.0]} and for the 2nd variable {0: [-100.0, 0.0], 1: [0.0, 50.0], 2: [0.0, 50.0], 3: [0.0, 50.0], 4: [0.0, 50.0], 5: [50.0, 10000.0], 6: [50.0, 10000.0]}
{0: [0.0, 10000.0, -100.0, 0.0], 1: [0.0, 45.0, 0.0, 50.0], 2: [45.0, 70.0, 0.0, 50.0], 3: [70.0, 95.0, 0.0, 50.0], 4: [95.0, 10000.0, 0.0, 50.0], 5: [0.0, 175.0, 50.0, 10000.0], 6: [175.0, 10000.0, 50.0, 10000.0]}
ZZPt
Following observables extracted from dictionary: RECO =  ZZPt  GEN =  GENpT4l
It is a double-differential measurement: RECO_2nd =  pTHj  GEN_2nd =  GENpTHj
LUMI: 10.882200000000001
ttH126 0.00046886125
Processing ggH126 2024_7
Signal created
Signal failed created
Processing VBFH126 2024_7
Signal created
Signal failed created
Processing WminusH126 2024_7
Signal created
Signal failed created
Processing WplusH126 2024_7
Signal created
Signal failed created
Processing ZH126 2024_7
Signal created
Signal failed created
Processing ttH126 2024_7
Signal created
Signal failed created
2024_7 SKIMMED df CREATED
2024_7 ggH126
2024_7 VBFH126
2024_7 WminusH126
2024_7 WplusH126
2024_7 ZH126
2024_7 ttH126
Dataframes created successfully
Coeff std
ggH126_4l_pT4l_pTHj_genbin0_recobin0 acc 0.2559 eff 0.459 outinratio 0.0332 

VBFH126_4l_pT4l_pTHj_genbin0_recobin0 acc 0.0389 eff 0.371 outinratio 0.0261 

WminusH126_4l_pT4l_pTHj_genbin0_recobin0 acc 0.0814 eff 0.377 outinratio 0.0679 

WplusH126_4l_pT4l_pTHj_genbin0_recobin0 acc 0.0726 eff 0.4079 outinratio 0.0661 

ZH126_4l_pT4l_pTHj_genbin0_recobin0 acc 0.0742 eff 0.4244 outinratio 0.0936 

ttH126_4l_pT4l_pTHj_genbin0_recobin0 acc 0.0008 eff 0.1331 outinratio 0.022 

ggH126_4l_pT4l_pTHj_genbin1_recobin0 acc 0.0336 eff 0.1572 outinratio 0.0332 

VBFH126_4l_pT4l_pTHj_genbin1_recobin0 acc 0.0452 eff 0.0554 outinratio 0.0261 

WminusH126_4l_pT4l_pTHj_genbin1_recobin0 acc 0.0351 eff 0.0472 outinratio 0.0679 

WplusH126_4l_pT4l_pTHj_genbin1_recobin0 acc 0.0308 eff 0.0476 outinratio 0.0661 

ZH126_4l_pT4l_pTHj_genbin1_recobin0 acc 0.0335 eff 0.056 outinratio 0.0936 

ttH126_4l_pT4l_pTHj_genbin1_recobin0 acc 0.0027 eff 0.0 outinratio 0.022 

ggH126_4l_pT4l_pTHj_genbin2_recobin0 acc 0.0354 eff 0.0539 outinratio 0.0332 

VBFH126_4l_pT4l_pTHj_genbin2_recobin0 acc 0.0621 eff 0.0342 outinratio 0.0261 

WminusH126_4l_pT4l_pTHj_genbin2_recobin0 acc 0.0371 eff 0.0339 outinratio 0.0679 

WplusH126_4l_pT4l_pTHj_genbin2_recobin0 acc 0.033 eff 0.0169 outinratio 0.0661 

ZH126_4l_pT4l_pTHj_genbin2_recobin0 acc 0.0372 eff 0.0221 outinratio 0.0936 

ttH126_4l_pT4l_pTHj_genbin2_recobin0 acc 0.0053 eff 0.0026 outinratio 0.022 

ggH126_4l_pT4l_pTHj_genbin3_recobin0 acc 0.0226 eff 0.0273 outinratio 0.0332 

VBFH126_4l_pT4l_pTHj_genbin3_recobin0 acc 0.057 eff 0.0151 outinratio 0.0261 

WminusH126_4l_pT4l_pTHj_genbin3_recobin0 acc 0.0329 eff 0.0051 outinratio 0.0679 

WplusH126_4l_pT4l_pTHj_genbin3_recobin0 acc 0.0271 eff 0.0129 outinratio 0.0661 

ZH126_4l_pT4l_pTHj_genbin3_recobin0 acc 0.0279 eff 0.0147 outinratio 0.0936 

ttH126_4l_pT4l_pTHj_genbin3_recobin0 acc 0.0071 eff 0.0 outinratio 0.022 

ggH126_4l_pT4l_pTHj_genbin4_recobin0 acc 0.0224 eff 0.0 outinratio 0.0332 

VBFH126_4l_pT4l_pTHj_genbin4_recobin0 acc 0.0851 eff 0.0064 outinratio 0.0261 

WminusH126_4l_pT4l_pTHj_genbin4_recobin0 acc 0.0411 eff 0.0011 outinratio 0.0679 

WplusH126_4l_pT4l_pTHj_genbin4_recobin0 acc 0.0361 eff 0.0 outinratio 0.0661 

ZH126_4l_pT4l_pTHj_genbin4_recobin0 acc 0.0401 eff 0.0023 outinratio 0.0936 

ttH126_4l_pT4l_pTHj_genbin4_recobin0 acc 0.0211 eff 0.0 outinratio 0.022 

ggH126_4l_pT4l_pTHj_genbin5_recobin0 acc 0.0286 eff 0.0269 outinratio 0.0332 

VBFH126_4l_pT4l_pTHj_genbin5_recobin0 acc 0.1293 eff 0.0065 outinratio 0.0261 

WminusH126_4l_pT4l_pTHj_genbin5_recobin0 acc 0.0887 eff 0.0129 outinratio 0.0679 

WplusH126_4l_pT4l_pTHj_genbin5_recobin0 acc 0.0803 eff 0.0063 outinratio 0.0661 

ZH126_4l_pT4l_pTHj_genbin5_recobin0 acc 0.0925 eff 0.0115 outinratio 0.0936 

ttH126_4l_pT4l_pTHj_genbin5_recobin0 acc 0.1916 eff 0.0005 outinratio 0.022 

ggH126_4l_pT4l_pTHj_genbin6_recobin0 acc 0.0102 eff 0.0 outinratio 0.0332 

VBFH126_4l_pT4l_pTHj_genbin6_recobin0 acc 0.0375 eff 0.0 outinratio 0.0261 

WminusH126_4l_pT4l_pTHj_genbin6_recobin0 acc 0.0319 eff 0.0064 outinratio 0.0679 

WplusH126_4l_pT4l_pTHj_genbin6_recobin0 acc 0.0341 eff 0.0033 outinratio 0.0661 

ZH126_4l_pT4l_pTHj_genbin6_recobin0 acc 0.0359 eff 0.0012 outinratio 0.0936 

ttH126_4l_pT4l_pTHj_genbin6_recobin0 acc 0.0886 eff 0.0003 outinratio 0.022 

ggH126_4l_pT4l_pTHj_genbin0_recobin1 acc 0.2559 eff 0.046 outinratio 0.0787 

VBFH126_4l_pT4l_pTHj_genbin0_recobin1 acc 0.0389 eff 0.089 outinratio 0.0265 

WminusH126_4l_pT4l_pTHj_genbin0_recobin1 acc 0.0814 eff 0.0417 outinratio 0.08 

WplusH126_4l_pT4l_pTHj_genbin0_recobin1 acc 0.0726 eff 0.0324 outinratio 0.0544 

ZH126_4l_pT4l_pTHj_genbin0_recobin1 acc 0.0742 eff 0.0372 outinratio 0.0938 

ttH126_4l_pT4l_pTHj_genbin0_recobin1 acc 0.0008 eff 0.0 outinratio 0.206 

ggH126_4l_pT4l_pTHj_genbin1_recobin1 acc 0.0336 eff 0.3909 outinratio 0.0787 

VBFH126_4l_pT4l_pTHj_genbin1_recobin1 acc 0.0452 eff 0.3509 outinratio 0.0265 

WminusH126_4l_pT4l_pTHj_genbin1_recobin1 acc 0.0351 eff 0.3919 outinratio 0.08 

WplusH126_4l_pT4l_pTHj_genbin1_recobin1 acc 0.0308 eff 0.3796 outinratio 0.0544 

ZH126_4l_pT4l_pTHj_genbin1_recobin1 acc 0.0335 eff 0.3874 outinratio 0.0938 

ttH126_4l_pT4l_pTHj_genbin1_recobin1 acc 0.0027 eff 0.2232 outinratio 0.206 

ggH126_4l_pT4l_pTHj_genbin2_recobin1 acc 0.0354 eff 0.0097 outinratio 0.0787 

VBFH126_4l_pT4l_pTHj_genbin2_recobin1 acc 0.0621 eff 0.0091 outinratio 0.0265 

WminusH126_4l_pT4l_pTHj_genbin2_recobin1 acc 0.0371 eff 0.0122 outinratio 0.08 

WplusH126_4l_pT4l_pTHj_genbin2_recobin1 acc 0.033 eff 0.0104 outinratio 0.0544 

ZH126_4l_pT4l_pTHj_genbin2_recobin1 acc 0.0372 eff 0.0107 outinratio 0.0938 

ttH126_4l_pT4l_pTHj_genbin2_recobin1 acc 0.0053 eff 0.0105 outinratio 0.206 

ggH126_4l_pT4l_pTHj_genbin3_recobin1 acc 0.0226 eff 0.0 outinratio 0.0787 

VBFH126_4l_pT4l_pTHj_genbin3_recobin1 acc 0.057 eff 0.0 outinratio 0.0265 

WminusH126_4l_pT4l_pTHj_genbin3_recobin1 acc 0.0329 eff 0.0 outinratio 0.08 

WplusH126_4l_pT4l_pTHj_genbin3_recobin1 acc 0.0271 eff 0.0 outinratio 0.0544 

ZH126_4l_pT4l_pTHj_genbin3_recobin1 acc 0.0279 eff 0.0 outinratio 0.0938 

ttH126_4l_pT4l_pTHj_genbin3_recobin1 acc 0.0071 eff 0.0 outinratio 0.206 

ggH126_4l_pT4l_pTHj_genbin4_recobin1 acc 0.0224 eff 0.0 outinratio 0.0787 

VBFH126_4l_pT4l_pTHj_genbin4_recobin1 acc 0.0851 eff 0.0 outinratio 0.0265 

WminusH126_4l_pT4l_pTHj_genbin4_recobin1 acc 0.0411 eff 0.0 outinratio 0.08 

WplusH126_4l_pT4l_pTHj_genbin4_recobin1 acc 0.0361 eff 0.0 outinratio 0.0544 

ZH126_4l_pT4l_pTHj_genbin4_recobin1 acc 0.0401 eff 0.0 outinratio 0.0938 

ttH126_4l_pT4l_pTHj_genbin4_recobin1 acc 0.0211 eff 0.0 outinratio 0.206 

ggH126_4l_pT4l_pTHj_genbin5_recobin1 acc 0.0286 eff 0.0037 outinratio 0.0787 

VBFH126_4l_pT4l_pTHj_genbin5_recobin1 acc 0.1293 eff 0.0046 outinratio 0.0265 

WminusH126_4l_pT4l_pTHj_genbin5_recobin1 acc 0.0887 eff 0.0077 outinratio 0.08 

WplusH126_4l_pT4l_pTHj_genbin5_recobin1 acc 0.0803 eff 0.006 outinratio 0.0544 

ZH126_4l_pT4l_pTHj_genbin5_recobin1 acc 0.0925 eff 0.0111 outinratio 0.0938 

ttH126_4l_pT4l_pTHj_genbin5_recobin1 acc 0.1916 eff 0.0025 outinratio 0.206 

ggH126_4l_pT4l_pTHj_genbin6_recobin1 acc 0.0102 eff 0.0 outinratio 0.0787 

VBFH126_4l_pT4l_pTHj_genbin6_recobin1 acc 0.0375 eff 0.0 outinratio 0.0265 

WminusH126_4l_pT4l_pTHj_genbin6_recobin1 acc 0.0319 eff 0.0 outinratio 0.08 

WplusH126_4l_pT4l_pTHj_genbin6_recobin1 acc 0.0341 eff 0.0 outinratio 0.0544 

ZH126_4l_pT4l_pTHj_genbin6_recobin1 acc 0.0359 eff 0.0 outinratio 0.0938 

ttH126_4l_pT4l_pTHj_genbin6_recobin1 acc 0.0886 eff 0.0 outinratio 0.206 

ggH126_4l_pT4l_pTHj_genbin0_recobin2 acc 0.2559 eff 0.0084 outinratio 0.0628 

VBFH126_4l_pT4l_pTHj_genbin0_recobin2 acc 0.0389 eff 0.0242 outinratio 0.0439 

WminusH126_4l_pT4l_pTHj_genbin0_recobin2 acc 0.0814 eff 0.0216 outinratio 0.055 

WplusH126_4l_pT4l_pTHj_genbin0_recobin2 acc 0.0726 eff 0.0159 outinratio 0.0761 

ZH126_4l_pT4l_pTHj_genbin0_recobin2 acc 0.0742 eff 0.0149 outinratio 0.0873 

ttH126_4l_pT4l_pTHj_genbin0_recobin2 acc 0.0008 eff 0.017 outinratio 0.1478 

ggH126_4l_pT4l_pTHj_genbin1_recobin2 acc 0.0336 eff 0.0392 outinratio 0.0628 

VBFH126_4l_pT4l_pTHj_genbin1_recobin2 acc 0.0452 eff 0.0111 outinratio 0.0439 

WminusH126_4l_pT4l_pTHj_genbin1_recobin2 acc 0.0351 eff 0.0084 outinratio 0.055 

WplusH126_4l_pT4l_pTHj_genbin1_recobin2 acc 0.0308 eff 0.0112 outinratio 0.0761 

ZH126_4l_pT4l_pTHj_genbin1_recobin2 acc 0.0335 eff 0.0082 outinratio 0.0873 

ttH126_4l_pT4l_pTHj_genbin1_recobin2 acc 0.0027 eff 0.0176 outinratio 0.1478 

ggH126_4l_pT4l_pTHj_genbin2_recobin2 acc 0.0354 eff 0.4092 outinratio 0.0628 

VBFH126_4l_pT4l_pTHj_genbin2_recobin2 acc 0.0621 eff 0.4162 outinratio 0.0439 

WminusH126_4l_pT4l_pTHj_genbin2_recobin2 acc 0.0371 eff 0.469 outinratio 0.055 

WplusH126_4l_pT4l_pTHj_genbin2_recobin2 acc 0.033 eff 0.4114 outinratio 0.0761 

ZH126_4l_pT4l_pTHj_genbin2_recobin2 acc 0.0372 eff 0.3896 outinratio 0.0873 

ttH126_4l_pT4l_pTHj_genbin2_recobin2 acc 0.0053 eff 0.2799 outinratio 0.1478 

ggH126_4l_pT4l_pTHj_genbin3_recobin2 acc 0.0226 eff 0.0366 outinratio 0.0628 

VBFH126_4l_pT4l_pTHj_genbin3_recobin2 acc 0.057 eff 0.0217 outinratio 0.0439 

WminusH126_4l_pT4l_pTHj_genbin3_recobin2 acc 0.0329 eff 0.0123 outinratio 0.055 

WplusH126_4l_pT4l_pTHj_genbin3_recobin2 acc 0.0271 eff 0.0309 outinratio 0.0761 

ZH126_4l_pT4l_pTHj_genbin3_recobin2 acc 0.0279 eff 0.0317 outinratio 0.0873 

ttH126_4l_pT4l_pTHj_genbin3_recobin2 acc 0.0071 eff 0.009 outinratio 0.1478 

ggH126_4l_pT4l_pTHj_genbin4_recobin2 acc 0.0224 eff 0.0 outinratio 0.0628 

VBFH126_4l_pT4l_pTHj_genbin4_recobin2 acc 0.0851 eff 0.0 outinratio 0.0439 

WminusH126_4l_pT4l_pTHj_genbin4_recobin2 acc 0.0411 eff 0.0 outinratio 0.055 

WplusH126_4l_pT4l_pTHj_genbin4_recobin2 acc 0.0361 eff 0.0 outinratio 0.0761 

ZH126_4l_pT4l_pTHj_genbin4_recobin2 acc 0.0401 eff 0.0 outinratio 0.0873 

ttH126_4l_pT4l_pTHj_genbin4_recobin2 acc 0.0211 eff 0.0 outinratio 0.1478 

ggH126_4l_pT4l_pTHj_genbin5_recobin2 acc 0.0286 eff 0.0209 outinratio 0.0628 

VBFH126_4l_pT4l_pTHj_genbin5_recobin2 acc 0.1293 eff 0.0055 outinratio 0.0439 

WminusH126_4l_pT4l_pTHj_genbin5_recobin2 acc 0.0887 eff 0.0096 outinratio 0.055 

WplusH126_4l_pT4l_pTHj_genbin5_recobin2 acc 0.0803 eff 0.0139 outinratio 0.0761 

ZH126_4l_pT4l_pTHj_genbin5_recobin2 acc 0.0925 eff 0.0108 outinratio 0.0873 

ttH126_4l_pT4l_pTHj_genbin5_recobin2 acc 0.1916 eff 0.004 outinratio 0.1478 

ggH126_4l_pT4l_pTHj_genbin6_recobin2 acc 0.0102 eff 0.0 outinratio 0.0628 

VBFH126_4l_pT4l_pTHj_genbin6_recobin2 acc 0.0375 eff 0.0 outinratio 0.0439 

WminusH126_4l_pT4l_pTHj_genbin6_recobin2 acc 0.0319 eff 0.0 outinratio 0.055 

WplusH126_4l_pT4l_pTHj_genbin6_recobin2 acc 0.0341 eff 0.0 outinratio 0.0761 

ZH126_4l_pT4l_pTHj_genbin6_recobin2 acc 0.0359 eff 0.0 outinratio 0.0873 

ttH126_4l_pT4l_pTHj_genbin6_recobin2 acc 0.0886 eff 0.0 outinratio 0.1478 

ggH126_4l_pT4l_pTHj_genbin0_recobin3 acc 0.2559 eff 0.0 outinratio 0.0978 

VBFH126_4l_pT4l_pTHj_genbin0_recobin3 acc 0.0389 eff 0.0 outinratio 0.0236 

WminusH126_4l_pT4l_pTHj_genbin0_recobin3 acc 0.0814 eff 0.015 outinratio 0.0519 

WplusH126_4l_pT4l_pTHj_genbin0_recobin3 acc 0.0726 eff 0.0076 outinratio 0.0592 

ZH126_4l_pT4l_pTHj_genbin0_recobin3 acc 0.0742 eff 0.0128 outinratio 0.0631 

ttH126_4l_pT4l_pTHj_genbin0_recobin3 acc 0.0008 eff 0.0158 outinratio 0.1486 

ggH126_4l_pT4l_pTHj_genbin1_recobin3 acc 0.0336 eff 0.0 outinratio 0.0978 

VBFH126_4l_pT4l_pTHj_genbin1_recobin3 acc 0.0452 eff 0.0 outinratio 0.0236 

WminusH126_4l_pT4l_pTHj_genbin1_recobin3 acc 0.0351 eff 0.0 outinratio 0.0519 

WplusH126_4l_pT4l_pTHj_genbin1_recobin3 acc 0.0308 eff 0.0 outinratio 0.0592 

ZH126_4l_pT4l_pTHj_genbin1_recobin3 acc 0.0335 eff 0.0 outinratio 0.0631 

ttH126_4l_pT4l_pTHj_genbin1_recobin3 acc 0.0027 eff 0.0 outinratio 0.1486 

ggH126_4l_pT4l_pTHj_genbin2_recobin3 acc 0.0354 eff 0.0019 outinratio 0.0978 

VBFH126_4l_pT4l_pTHj_genbin2_recobin3 acc 0.0621 eff 0.0078 outinratio 0.0236 

WminusH126_4l_pT4l_pTHj_genbin2_recobin3 acc 0.0371 eff 0.0076 outinratio 0.0519 

WplusH126_4l_pT4l_pTHj_genbin2_recobin3 acc 0.033 eff 0.0139 outinratio 0.0592 

ZH126_4l_pT4l_pTHj_genbin2_recobin3 acc 0.0372 eff 0.0136 outinratio 0.0631 

ttH126_4l_pT4l_pTHj_genbin2_recobin3 acc 0.0053 eff 0.0127 outinratio 0.1486 

ggH126_4l_pT4l_pTHj_genbin3_recobin3 acc 0.0226 eff 0.5403 outinratio 0.0978 

VBFH126_4l_pT4l_pTHj_genbin3_recobin3 acc 0.057 eff 0.4421 outinratio 0.0236 

WminusH126_4l_pT4l_pTHj_genbin3_recobin3 acc 0.0329 eff 0.4667 outinratio 0.0519 

WplusH126_4l_pT4l_pTHj_genbin3_recobin3 acc 0.0271 eff 0.4336 outinratio 0.0592 

ZH126_4l_pT4l_pTHj_genbin3_recobin3 acc 0.0279 eff 0.4406 outinratio 0.0631 

ttH126_4l_pT4l_pTHj_genbin3_recobin3 acc 0.0071 eff 0.3161 outinratio 0.1486 

ggH126_4l_pT4l_pTHj_genbin4_recobin3 acc 0.0224 eff 0.006 outinratio 0.0978 

VBFH126_4l_pT4l_pTHj_genbin4_recobin3 acc 0.0851 eff 0.0128 outinratio 0.0236 

WminusH126_4l_pT4l_pTHj_genbin4_recobin3 acc 0.0411 eff 0.025 outinratio 0.0519 

WplusH126_4l_pT4l_pTHj_genbin4_recobin3 acc 0.0361 eff 0.0065 outinratio 0.0592 

ZH126_4l_pT4l_pTHj_genbin4_recobin3 acc 0.0401 eff 0.0176 outinratio 0.0631 

ttH126_4l_pT4l_pTHj_genbin4_recobin3 acc 0.0211 eff 0.0068 outinratio 0.1486 

ggH126_4l_pT4l_pTHj_genbin5_recobin3 acc 0.0286 eff 0.0 outinratio 0.0978 

VBFH126_4l_pT4l_pTHj_genbin5_recobin3 acc 0.1293 eff 0.0079 outinratio 0.0236 

WminusH126_4l_pT4l_pTHj_genbin5_recobin3 acc 0.0887 eff 0.0144 outinratio 0.0519 

WplusH126_4l_pT4l_pTHj_genbin5_recobin3 acc 0.0803 eff 0.0134 outinratio 0.0592 

ZH126_4l_pT4l_pTHj_genbin5_recobin3 acc 0.0925 eff 0.0092 outinratio 0.0631 

ttH126_4l_pT4l_pTHj_genbin5_recobin3 acc 0.1916 eff 0.005 outinratio 0.1486 

ggH126_4l_pT4l_pTHj_genbin6_recobin3 acc 0.0102 eff 0.0 outinratio 0.0978 

VBFH126_4l_pT4l_pTHj_genbin6_recobin3 acc 0.0375 eff 0.0 outinratio 0.0236 

WminusH126_4l_pT4l_pTHj_genbin6_recobin3 acc 0.0319 eff 0.0 outinratio 0.0519 

WplusH126_4l_pT4l_pTHj_genbin6_recobin3 acc 0.0341 eff 0.0 outinratio 0.0592 

ZH126_4l_pT4l_pTHj_genbin6_recobin3 acc 0.0359 eff 0.0 outinratio 0.0631 

ttH126_4l_pT4l_pTHj_genbin6_recobin3 acc 0.0886 eff 0.0 outinratio 0.1486 

ggH126_4l_pT4l_pTHj_genbin0_recobin4 acc 0.2559 eff 0.0 outinratio 0.0424 

VBFH126_4l_pT4l_pTHj_genbin0_recobin4 acc 0.0389 eff 0.0 outinratio 0.0297 

WminusH126_4l_pT4l_pTHj_genbin0_recobin4 acc 0.0814 eff 0.0046 outinratio 0.054 

WplusH126_4l_pT4l_pTHj_genbin0_recobin4 acc 0.0726 eff 0.0034 outinratio 0.0277 

ZH126_4l_pT4l_pTHj_genbin0_recobin4 acc 0.0742 eff 0.0062 outinratio 0.0365 

ttH126_4l_pT4l_pTHj_genbin0_recobin4 acc 0.0008 eff 0.0 outinratio 0.1583 

ggH126_4l_pT4l_pTHj_genbin1_recobin4 acc 0.0336 eff 0.0 outinratio 0.0424 

VBFH126_4l_pT4l_pTHj_genbin1_recobin4 acc 0.0452 eff 0.0 outinratio 0.0297 

WminusH126_4l_pT4l_pTHj_genbin1_recobin4 acc 0.0351 eff 0.0 outinratio 0.054 

WplusH126_4l_pT4l_pTHj_genbin1_recobin4 acc 0.0308 eff 0.0 outinratio 0.0277 

ZH126_4l_pT4l_pTHj_genbin1_recobin4 acc 0.0335 eff 0.0 outinratio 0.0365 

ttH126_4l_pT4l_pTHj_genbin1_recobin4 acc 0.0027 eff 0.0 outinratio 0.1583 

ggH126_4l_pT4l_pTHj_genbin2_recobin4 acc 0.0354 eff 0.0 outinratio 0.0424 

VBFH126_4l_pT4l_pTHj_genbin2_recobin4 acc 0.0621 eff 0.0 outinratio 0.0297 

WminusH126_4l_pT4l_pTHj_genbin2_recobin4 acc 0.0371 eff 0.0 outinratio 0.054 

WplusH126_4l_pT4l_pTHj_genbin2_recobin4 acc 0.033 eff 0.0 outinratio 0.0277 

ZH126_4l_pT4l_pTHj_genbin2_recobin4 acc 0.0372 eff 0.0 outinratio 0.0365 

ttH126_4l_pT4l_pTHj_genbin2_recobin4 acc 0.0053 eff 0.0 outinratio 0.1583 

ggH126_4l_pT4l_pTHj_genbin3_recobin4 acc 0.0226 eff 0.0164 outinratio 0.0424 

VBFH126_4l_pT4l_pTHj_genbin3_recobin4 acc 0.057 eff 0.0181 outinratio 0.0297 

WminusH126_4l_pT4l_pTHj_genbin3_recobin4 acc 0.0329 eff 0.0085 outinratio 0.054 

WplusH126_4l_pT4l_pTHj_genbin3_recobin4 acc 0.0271 eff 0.0096 outinratio 0.0277 

ZH126_4l_pT4l_pTHj_genbin3_recobin4 acc 0.0279 eff 0.0133 outinratio 0.0365 

ttH126_4l_pT4l_pTHj_genbin3_recobin4 acc 0.0071 eff 0.0042 outinratio 0.1583 

ggH126_4l_pT4l_pTHj_genbin4_recobin4 acc 0.0224 eff 0.4335 outinratio 0.0424 

VBFH126_4l_pT4l_pTHj_genbin4_recobin4 acc 0.0851 eff 0.5227 outinratio 0.0297 

WminusH126_4l_pT4l_pTHj_genbin4_recobin4 acc 0.0411 eff 0.5256 outinratio 0.054 

WplusH126_4l_pT4l_pTHj_genbin4_recobin4 acc 0.0361 eff 0.5087 outinratio 0.0277 

ZH126_4l_pT4l_pTHj_genbin4_recobin4 acc 0.0401 eff 0.4832 outinratio 0.0365 

ttH126_4l_pT4l_pTHj_genbin4_recobin4 acc 0.0211 eff 0.3734 outinratio 0.1583 

ggH126_4l_pT4l_pTHj_genbin5_recobin4 acc 0.0286 eff 0.0133 outinratio 0.0424 

VBFH126_4l_pT4l_pTHj_genbin5_recobin4 acc 0.1293 eff 0.0335 outinratio 0.0297 

WminusH126_4l_pT4l_pTHj_genbin5_recobin4 acc 0.0887 eff 0.027 outinratio 0.054 

WplusH126_4l_pT4l_pTHj_genbin5_recobin4 acc 0.0803 eff 0.0232 outinratio 0.0277 

ZH126_4l_pT4l_pTHj_genbin5_recobin4 acc 0.0925 eff 0.029 outinratio 0.0365 

ttH126_4l_pT4l_pTHj_genbin5_recobin4 acc 0.1916 eff 0.0104 outinratio 0.1583 

ggH126_4l_pT4l_pTHj_genbin6_recobin4 acc 0.0102 eff 0.0565 outinratio 0.0424 

VBFH126_4l_pT4l_pTHj_genbin6_recobin4 acc 0.0375 eff 0.0437 outinratio 0.0297 

WminusH126_4l_pT4l_pTHj_genbin6_recobin4 acc 0.0319 eff 0.0292 outinratio 0.054 

WplusH126_4l_pT4l_pTHj_genbin6_recobin4 acc 0.0341 eff 0.0384 outinratio 0.0277 

ZH126_4l_pT4l_pTHj_genbin6_recobin4 acc 0.0359 eff 0.0186 outinratio 0.0365 

ttH126_4l_pT4l_pTHj_genbin6_recobin4 acc 0.0886 eff 0.0086 outinratio 0.1583 

ggH126_4l_pT4l_pTHj_genbin0_recobin5 acc 0.2559 eff 0.0171 outinratio 0.0128 

VBFH126_4l_pT4l_pTHj_genbin0_recobin5 acc 0.0389 eff 0.0307 outinratio 0.0552 

WminusH126_4l_pT4l_pTHj_genbin0_recobin5 acc 0.0814 eff 0.0659 outinratio 0.0945 

WplusH126_4l_pT4l_pTHj_genbin0_recobin5 acc 0.0726 eff 0.0816 outinratio 0.0575 

ZH126_4l_pT4l_pTHj_genbin0_recobin5 acc 0.0742 eff 0.0403 outinratio 0.0913 

ttH126_4l_pT4l_pTHj_genbin0_recobin5 acc 0.0008 eff 0.3443 outinratio 0.1868 

ggH126_4l_pT4l_pTHj_genbin1_recobin5 acc 0.0336 eff 0.0121 outinratio 0.0128 

VBFH126_4l_pT4l_pTHj_genbin1_recobin5 acc 0.0452 eff 0.1199 outinratio 0.0552 

WminusH126_4l_pT4l_pTHj_genbin1_recobin5 acc 0.0351 eff 0.0811 outinratio 0.0945 

WplusH126_4l_pT4l_pTHj_genbin1_recobin5 acc 0.0308 eff 0.1044 outinratio 0.0575 

ZH126_4l_pT4l_pTHj_genbin1_recobin5 acc 0.0335 eff 0.0919 outinratio 0.0913 

ttH126_4l_pT4l_pTHj_genbin1_recobin5 acc 0.0027 eff 0.2533 outinratio 0.1868 

ggH126_4l_pT4l_pTHj_genbin2_recobin5 acc 0.0354 eff 0.031 outinratio 0.0128 

VBFH126_4l_pT4l_pTHj_genbin2_recobin5 acc 0.0621 eff 0.0949 outinratio 0.0552 

WminusH126_4l_pT4l_pTHj_genbin2_recobin5 acc 0.0371 eff 0.05 outinratio 0.0945 

WplusH126_4l_pT4l_pTHj_genbin2_recobin5 acc 0.033 eff 0.0669 outinratio 0.0575 

ZH126_4l_pT4l_pTHj_genbin2_recobin5 acc 0.0372 eff 0.0559 outinratio 0.0913 

ttH126_4l_pT4l_pTHj_genbin2_recobin5 acc 0.0053 eff 0.2008 outinratio 0.1868 

ggH126_4l_pT4l_pTHj_genbin3_recobin5 acc 0.0226 eff 0.0187 outinratio 0.0128 

VBFH126_4l_pT4l_pTHj_genbin3_recobin5 acc 0.057 eff 0.0539 outinratio 0.0552 

WminusH126_4l_pT4l_pTHj_genbin3_recobin5 acc 0.0329 eff 0.0488 outinratio 0.0945 

WplusH126_4l_pT4l_pTHj_genbin3_recobin5 acc 0.0271 eff 0.0461 outinratio 0.0575 

ZH126_4l_pT4l_pTHj_genbin3_recobin5 acc 0.0279 eff 0.0475 outinratio 0.0913 

ttH126_4l_pT4l_pTHj_genbin3_recobin5 acc 0.0071 eff 0.1421 outinratio 0.1868 

ggH126_4l_pT4l_pTHj_genbin4_recobin5 acc 0.0224 eff 0.0558 outinratio 0.0128 

VBFH126_4l_pT4l_pTHj_genbin4_recobin5 acc 0.0851 eff 0.0586 outinratio 0.0552 

WminusH126_4l_pT4l_pTHj_genbin4_recobin5 acc 0.0411 eff 0.0559 outinratio 0.0945 

WplusH126_4l_pT4l_pTHj_genbin4_recobin5 acc 0.0361 eff 0.0686 outinratio 0.0575 

ZH126_4l_pT4l_pTHj_genbin4_recobin5 acc 0.0401 eff 0.0648 outinratio 0.0913 

ttH126_4l_pT4l_pTHj_genbin4_recobin5 acc 0.0211 eff 0.105 outinratio 0.1868 

ggH126_4l_pT4l_pTHj_genbin5_recobin5 acc 0.0286 eff 0.4767 outinratio 0.0128 

VBFH126_4l_pT4l_pTHj_genbin5_recobin5 acc 0.1293 eff 0.4797 outinratio 0.0552 

WminusH126_4l_pT4l_pTHj_genbin5_recobin5 acc 0.0887 eff 0.4787 outinratio 0.0945 

WplusH126_4l_pT4l_pTHj_genbin5_recobin5 acc 0.0803 eff 0.4952 outinratio 0.0575 

ZH126_4l_pT4l_pTHj_genbin5_recobin5 acc 0.0925 eff 0.4769 outinratio 0.0913 

ttH126_4l_pT4l_pTHj_genbin5_recobin5 acc 0.1916 eff 0.5027 outinratio 0.1868 

ggH126_4l_pT4l_pTHj_genbin6_recobin5 acc 0.0102 eff 0.0 outinratio 0.0128 

VBFH126_4l_pT4l_pTHj_genbin6_recobin5 acc 0.0375 eff 0.0104 outinratio 0.0552 

WminusH126_4l_pT4l_pTHj_genbin6_recobin5 acc 0.0319 eff 0.0163 outinratio 0.0945 

WplusH126_4l_pT4l_pTHj_genbin6_recobin5 acc 0.0341 eff 0.0202 outinratio 0.0575 

ZH126_4l_pT4l_pTHj_genbin6_recobin5 acc 0.0359 eff 0.013 outinratio 0.0913 

ttH126_4l_pT4l_pTHj_genbin6_recobin5 acc 0.0886 eff 0.0079 outinratio 0.1868 

ggH126_4l_pT4l_pTHj_genbin0_recobin6 acc 0.2559 eff 0.0 outinratio 0.0374 

VBFH126_4l_pT4l_pTHj_genbin0_recobin6 acc 0.0389 eff 0.0 outinratio 0.0364 

WminusH126_4l_pT4l_pTHj_genbin0_recobin6 acc 0.0814 eff 0.0127 outinratio 0.0479 

WplusH126_4l_pT4l_pTHj_genbin0_recobin6 acc 0.0726 eff 0.0118 outinratio 0.0803 

ZH126_4l_pT4l_pTHj_genbin0_recobin6 acc 0.0742 eff 0.0068 outinratio 0.0694 

ttH126_4l_pT4l_pTHj_genbin0_recobin6 acc 0.0008 eff 0.084 outinratio 0.1282 

ggH126_4l_pT4l_pTHj_genbin1_recobin6 acc 0.0336 eff 0.0 outinratio 0.0374 

VBFH126_4l_pT4l_pTHj_genbin1_recobin6 acc 0.0452 eff 0.0 outinratio 0.0364 

WminusH126_4l_pT4l_pTHj_genbin1_recobin6 acc 0.0351 eff 0.0 outinratio 0.0479 

WplusH126_4l_pT4l_pTHj_genbin1_recobin6 acc 0.0308 eff 0.0 outinratio 0.0803 

ZH126_4l_pT4l_pTHj_genbin1_recobin6 acc 0.0335 eff 0.0 outinratio 0.0694 

ttH126_4l_pT4l_pTHj_genbin1_recobin6 acc 0.0027 eff 0.0 outinratio 0.1282 

ggH126_4l_pT4l_pTHj_genbin2_recobin6 acc 0.0354 eff 0.0 outinratio 0.0374 

VBFH126_4l_pT4l_pTHj_genbin2_recobin6 acc 0.0621 eff 0.0 outinratio 0.0364 

WminusH126_4l_pT4l_pTHj_genbin2_recobin6 acc 0.0371 eff 0.0 outinratio 0.0479 

WplusH126_4l_pT4l_pTHj_genbin2_recobin6 acc 0.033 eff 0.0 outinratio 0.0803 

ZH126_4l_pT4l_pTHj_genbin2_recobin6 acc 0.0372 eff 0.0 outinratio 0.0694 

ttH126_4l_pT4l_pTHj_genbin2_recobin6 acc 0.0053 eff 0.0 outinratio 0.1282 

ggH126_4l_pT4l_pTHj_genbin3_recobin6 acc 0.0226 eff 0.0 outinratio 0.0374 

VBFH126_4l_pT4l_pTHj_genbin3_recobin6 acc 0.057 eff 0.0 outinratio 0.0364 

WminusH126_4l_pT4l_pTHj_genbin3_recobin6 acc 0.0329 eff 0.0 outinratio 0.0479 

WplusH126_4l_pT4l_pTHj_genbin3_recobin6 acc 0.0271 eff 0.0 outinratio 0.0803 

ZH126_4l_pT4l_pTHj_genbin3_recobin6 acc 0.0279 eff 0.0 outinratio 0.0694 

ttH126_4l_pT4l_pTHj_genbin3_recobin6 acc 0.0071 eff 0.0 outinratio 0.1282 

ggH126_4l_pT4l_pTHj_genbin4_recobin6 acc 0.0224 eff 0.0446 outinratio 0.0374 

VBFH126_4l_pT4l_pTHj_genbin4_recobin6 acc 0.0851 eff 0.0177 outinratio 0.0364 

WminusH126_4l_pT4l_pTHj_genbin4_recobin6 acc 0.0411 eff 0.0239 outinratio 0.0479 

WplusH126_4l_pT4l_pTHj_genbin4_recobin6 acc 0.0361 eff 0.0252 outinratio 0.0803 

ZH126_4l_pT4l_pTHj_genbin4_recobin6 acc 0.0401 eff 0.0246 outinratio 0.0694 

ttH126_4l_pT4l_pTHj_genbin4_recobin6 acc 0.0211 eff 0.0348 outinratio 0.1282 

ggH126_4l_pT4l_pTHj_genbin5_recobin6 acc 0.0286 eff 0.0 outinratio 0.0374 

VBFH126_4l_pT4l_pTHj_genbin5_recobin6 acc 0.1293 eff 0.0033 outinratio 0.0364 

WminusH126_4l_pT4l_pTHj_genbin5_recobin6 acc 0.0887 eff 0.0019 outinratio 0.0479 

WplusH126_4l_pT4l_pTHj_genbin5_recobin6 acc 0.0803 eff 0.003 outinratio 0.0803 

ZH126_4l_pT4l_pTHj_genbin5_recobin6 acc 0.0925 eff 0.002 outinratio 0.0694 

ttH126_4l_pT4l_pTHj_genbin5_recobin6 acc 0.1916 eff 0.0022 outinratio 0.1282 

ggH126_4l_pT4l_pTHj_genbin6_recobin6 acc 0.0102 eff 0.6123 outinratio 0.0374 

VBFH126_4l_pT4l_pTHj_genbin6_recobin6 acc 0.0375 eff 0.5124 outinratio 0.0364 

WminusH126_4l_pT4l_pTHj_genbin6_recobin6 acc 0.0319 eff 0.532 outinratio 0.0479 

WplusH126_4l_pT4l_pTHj_genbin6_recobin6 acc 0.0341 eff 0.5248 outinratio 0.0803 

ZH126_4l_pT4l_pTHj_genbin6_recobin6 acc 0.0359 eff 0.5768 outinratio 0.0694 

ttH126_4l_pT4l_pTHj_genbin6_recobin6 acc 0.0886 eff 0.5628 outinratio 0.1282 

ggH126_4e_pT4l_pTHj_genbin0_recobin0 acc 0.2283 eff 0.2486 outinratio 0.0666 

VBFH126_4e_pT4l_pTHj_genbin0_recobin0 acc 0.0329 eff 0.2254 outinratio 0.0489 

WminusH126_4e_pT4l_pTHj_genbin0_recobin0 acc 0.0794 eff 0.2589 outinratio 0.0616 

WplusH126_4e_pT4l_pTHj_genbin0_recobin0 acc 0.0673 eff 0.2048 outinratio 0.1061 

ZH126_4e_pT4l_pTHj_genbin0_recobin0 acc 0.0715 eff 0.2222 outinratio 0.062 

ttH126_4e_pT4l_pTHj_genbin0_recobin0 acc 0.0009 eff 0.2428 outinratio 0.0 

ggH126_4e_pT4l_pTHj_genbin1_recobin0 acc 0.0323 eff 0.178 outinratio 0.0666 

VBFH126_4e_pT4l_pTHj_genbin1_recobin0 acc 0.0405 eff 0.04 outinratio 0.0489 

WminusH126_4e_pT4l_pTHj_genbin1_recobin0 acc 0.034 eff 0.0357 outinratio 0.0616 

WplusH126_4e_pT4l_pTHj_genbin1_recobin0 acc 0.0289 eff -0.0036 outinratio 0.1061 

ZH126_4e_pT4l_pTHj_genbin1_recobin0 acc 0.0302 eff 0.05 outinratio 0.062 

ttH126_4e_pT4l_pTHj_genbin1_recobin0 acc 0.0021 eff 0.0 outinratio 0.0 

ggH126_4e_pT4l_pTHj_genbin2_recobin0 acc 0.0307 eff 0.0252 outinratio 0.0666 

VBFH126_4e_pT4l_pTHj_genbin2_recobin0 acc 0.0499 eff 0.0227 outinratio 0.0489 

WminusH126_4e_pT4l_pTHj_genbin2_recobin0 acc 0.0372 eff 0.0144 outinratio 0.0616 

WplusH126_4e_pT4l_pTHj_genbin2_recobin0 acc 0.0303 eff 0.0043 outinratio 0.1061 

ZH126_4e_pT4l_pTHj_genbin2_recobin0 acc 0.0358 eff 0.0096 outinratio 0.062 

ttH126_4e_pT4l_pTHj_genbin2_recobin0 acc 0.0051 eff 0.0 outinratio 0.0 

ggH126_4e_pT4l_pTHj_genbin3_recobin0 acc 0.0252 eff 0.0887 outinratio 0.0666 

VBFH126_4e_pT4l_pTHj_genbin3_recobin0 acc 0.0494 eff 0.0075 outinratio 0.0489 

WminusH126_4e_pT4l_pTHj_genbin3_recobin0 acc 0.0301 eff 0.0036 outinratio 0.0616 

WplusH126_4e_pT4l_pTHj_genbin3_recobin0 acc 0.0262 eff 0.0158 outinratio 0.1061 

ZH126_4e_pT4l_pTHj_genbin3_recobin0 acc 0.0273 eff 0.0127 outinratio 0.062 

ttH126_4e_pT4l_pTHj_genbin3_recobin0 acc 0.0072 eff 0.0 outinratio 0.0 

ggH126_4e_pT4l_pTHj_genbin4_recobin0 acc 0.0244 eff 0.0 outinratio 0.0666 

VBFH126_4e_pT4l_pTHj_genbin4_recobin0 acc 0.0837 eff 0.0063 outinratio 0.0489 

WminusH126_4e_pT4l_pTHj_genbin4_recobin0 acc 0.0387 eff 0.0047 outinratio 0.0616 

WplusH126_4e_pT4l_pTHj_genbin4_recobin0 acc 0.0392 eff 0.0 outinratio 0.1061 

ZH126_4e_pT4l_pTHj_genbin4_recobin0 acc 0.0404 eff 0.0 outinratio 0.062 

ttH126_4e_pT4l_pTHj_genbin4_recobin0 acc 0.0221 eff 0.0 outinratio 0.0 

ggH126_4e_pT4l_pTHj_genbin5_recobin0 acc 0.0323 eff 0.0249 outinratio 0.0666 

VBFH126_4e_pT4l_pTHj_genbin5_recobin0 acc 0.1313 eff 0.0069 outinratio 0.0489 

WminusH126_4e_pT4l_pTHj_genbin5_recobin0 acc 0.0861 eff 0.0118 outinratio 0.0616 

WplusH126_4e_pT4l_pTHj_genbin5_recobin0 acc 0.0755 eff 0.0058 outinratio 0.1061 

ZH126_4e_pT4l_pTHj_genbin5_recobin0 acc 0.0911 eff 0.0043 outinratio 0.062 

ttH126_4e_pT4l_pTHj_genbin5_recobin0 acc 0.1886 eff 0.0002 outinratio 0.0 

ggH126_4e_pT4l_pTHj_genbin6_recobin0 acc 0.0102 eff 0.0 outinratio 0.0666 

VBFH126_4e_pT4l_pTHj_genbin6_recobin0 acc 0.0427 eff 0.0 outinratio 0.0489 

WminusH126_4e_pT4l_pTHj_genbin6_recobin0 acc 0.0316 eff 0.0051 outinratio 0.0616 

WplusH126_4e_pT4l_pTHj_genbin6_recobin0 acc 0.0317 eff 0.0055 outinratio 0.1061 

ZH126_4e_pT4l_pTHj_genbin6_recobin0 acc 0.0371 eff 0.0 outinratio 0.062 

ttH126_4e_pT4l_pTHj_genbin6_recobin0 acc 0.0858 eff 0.0006 outinratio 0.0 

ggH126_4e_pT4l_pTHj_genbin0_recobin1 acc 0.2283 eff 0.0293 outinratio 0.1177 

VBFH126_4e_pT4l_pTHj_genbin0_recobin1 acc 0.0329 eff 0.0332 outinratio 0.0787 

WminusH126_4e_pT4l_pTHj_genbin0_recobin1 acc 0.0794 eff 0.0151 outinratio 0.0602 

WplusH126_4e_pT4l_pTHj_genbin0_recobin1 acc 0.0673 eff 0.0043 outinratio 0.1654 

ZH126_4e_pT4l_pTHj_genbin0_recobin1 acc 0.0715 eff 0.0167 outinratio 0.1297 

ttH126_4e_pT4l_pTHj_genbin0_recobin1 acc 0.0009 eff 0.0 outinratio 0.4543 

ggH126_4e_pT4l_pTHj_genbin1_recobin1 acc 0.0323 eff 0.1795 outinratio 0.1177 

VBFH126_4e_pT4l_pTHj_genbin1_recobin1 acc 0.0405 eff 0.1975 outinratio 0.0787 

WminusH126_4e_pT4l_pTHj_genbin1_recobin1 acc 0.034 eff 0.2061 outinratio 0.0602 

WplusH126_4e_pT4l_pTHj_genbin1_recobin1 acc 0.0289 eff 0.1826 outinratio 0.1654 

ZH126_4e_pT4l_pTHj_genbin1_recobin1 acc 0.0302 eff 0.2341 outinratio 0.1297 

ttH126_4e_pT4l_pTHj_genbin1_recobin1 acc 0.0021 eff 0.0651 outinratio 0.4543 

ggH126_4e_pT4l_pTHj_genbin2_recobin1 acc 0.0307 eff 0.0 outinratio 0.1177 

VBFH126_4e_pT4l_pTHj_genbin2_recobin1 acc 0.0499 eff 0.011 outinratio 0.0787 

WminusH126_4e_pT4l_pTHj_genbin2_recobin1 acc 0.0372 eff 0.0095 outinratio 0.0602 

WplusH126_4e_pT4l_pTHj_genbin2_recobin1 acc 0.0303 eff 0.0021 outinratio 0.1654 

ZH126_4e_pT4l_pTHj_genbin2_recobin1 acc 0.0358 eff 0.0104 outinratio 0.1297 

ttH126_4e_pT4l_pTHj_genbin2_recobin1 acc 0.0051 eff 0.0 outinratio 0.4543 

ggH126_4e_pT4l_pTHj_genbin3_recobin1 acc 0.0252 eff 0.0 outinratio 0.1177 

VBFH126_4e_pT4l_pTHj_genbin3_recobin1 acc 0.0494 eff 0.0 outinratio 0.0787 

WminusH126_4e_pT4l_pTHj_genbin3_recobin1 acc 0.0301 eff 0.0 outinratio 0.0602 

WplusH126_4e_pT4l_pTHj_genbin3_recobin1 acc 0.0262 eff 0.0 outinratio 0.1654 

ZH126_4e_pT4l_pTHj_genbin3_recobin1 acc 0.0273 eff 0.0 outinratio 0.1297 

ttH126_4e_pT4l_pTHj_genbin3_recobin1 acc 0.0072 eff 0.0 outinratio 0.4543 

ggH126_4e_pT4l_pTHj_genbin4_recobin1 acc 0.0244 eff 0.0 outinratio 0.1177 

VBFH126_4e_pT4l_pTHj_genbin4_recobin1 acc 0.0837 eff 0.0 outinratio 0.0787 

WminusH126_4e_pT4l_pTHj_genbin4_recobin1 acc 0.0387 eff 0.0 outinratio 0.0602 

WplusH126_4e_pT4l_pTHj_genbin4_recobin1 acc 0.0392 eff 0.0 outinratio 0.1654 

ZH126_4e_pT4l_pTHj_genbin4_recobin1 acc 0.0404 eff 0.0 outinratio 0.1297 

ttH126_4e_pT4l_pTHj_genbin4_recobin1 acc 0.0221 eff 0.0 outinratio 0.4543 

ggH126_4e_pT4l_pTHj_genbin5_recobin1 acc 0.0323 eff 0.0119 outinratio 0.1177 

VBFH126_4e_pT4l_pTHj_genbin5_recobin1 acc 0.1313 eff 0.0 outinratio 0.0787 

WminusH126_4e_pT4l_pTHj_genbin5_recobin1 acc 0.0861 eff 0.0058 outinratio 0.0602 

WplusH126_4e_pT4l_pTHj_genbin5_recobin1 acc 0.0755 eff 0.0021 outinratio 0.1654 

ZH126_4e_pT4l_pTHj_genbin5_recobin1 acc 0.0911 eff 0.0089 outinratio 0.1297 

ttH126_4e_pT4l_pTHj_genbin5_recobin1 acc 0.1886 eff 0.0008 outinratio 0.4543 

ggH126_4e_pT4l_pTHj_genbin6_recobin1 acc 0.0102 eff 0.0 outinratio 0.1177 

VBFH126_4e_pT4l_pTHj_genbin6_recobin1 acc 0.0427 eff 0.0 outinratio 0.0787 

WminusH126_4e_pT4l_pTHj_genbin6_recobin1 acc 0.0316 eff 0.0 outinratio 0.0602 

WplusH126_4e_pT4l_pTHj_genbin6_recobin1 acc 0.0317 eff 0.0 outinratio 0.1654 

ZH126_4e_pT4l_pTHj_genbin6_recobin1 acc 0.0371 eff 0.0 outinratio 0.1297 

ttH126_4e_pT4l_pTHj_genbin6_recobin1 acc 0.0858 eff 0.0 outinratio 0.4543 

ggH126_4e_pT4l_pTHj_genbin0_recobin2 acc 0.2283 eff 0.006 outinratio 0.0 

VBFH126_4e_pT4l_pTHj_genbin0_recobin2 acc 0.0329 eff 0.0246 outinratio 0.0236 

WminusH126_4e_pT4l_pTHj_genbin0_recobin2 acc 0.0794 eff 0.0097 outinratio 0.0562 

WplusH126_4e_pT4l_pTHj_genbin0_recobin2 acc 0.0673 eff 0.0049 outinratio 0.0492 

ZH126_4e_pT4l_pTHj_genbin0_recobin2 acc 0.0715 eff 0.0141 outinratio 0.0 

ttH126_4e_pT4l_pTHj_genbin0_recobin2 acc 0.0009 eff 0.0 outinratio 0.066 

ggH126_4e_pT4l_pTHj_genbin1_recobin2 acc 0.0323 eff 0.049 outinratio 0.0 

VBFH126_4e_pT4l_pTHj_genbin1_recobin2 acc 0.0405 eff 0.0067 outinratio 0.0236 

WminusH126_4e_pT4l_pTHj_genbin1_recobin2 acc 0.034 eff 0.0022 outinratio 0.0562 

WplusH126_4e_pT4l_pTHj_genbin1_recobin2 acc 0.0289 eff 0.0093 outinratio 0.0492 

ZH126_4e_pT4l_pTHj_genbin1_recobin2 acc 0.0302 eff 0.0015 outinratio 0.0 

ttH126_4e_pT4l_pTHj_genbin1_recobin2 acc 0.0021 eff 0.0 outinratio 0.066 

ggH126_4e_pT4l_pTHj_genbin2_recobin2 acc 0.0307 eff 0.164 outinratio 0.0 

VBFH126_4e_pT4l_pTHj_genbin2_recobin2 acc 0.0499 eff 0.2645 outinratio 0.0236 

WminusH126_4e_pT4l_pTHj_genbin2_recobin2 acc 0.0372 eff 0.2656 outinratio 0.0562 

WplusH126_4e_pT4l_pTHj_genbin2_recobin2 acc 0.0303 eff 0.2316 outinratio 0.0492 

ZH126_4e_pT4l_pTHj_genbin2_recobin2 acc 0.0358 eff 0.1933 outinratio 0.0 

ttH126_4e_pT4l_pTHj_genbin2_recobin2 acc 0.0051 eff 0.2112 outinratio 0.066 

ggH126_4e_pT4l_pTHj_genbin3_recobin2 acc 0.0252 eff 0.0181 outinratio 0.0 

VBFH126_4e_pT4l_pTHj_genbin3_recobin2 acc 0.0494 eff 0.0197 outinratio 0.0236 

WminusH126_4e_pT4l_pTHj_genbin3_recobin2 acc 0.0301 eff 0.0163 outinratio 0.0562 

WplusH126_4e_pT4l_pTHj_genbin3_recobin2 acc 0.0262 eff 0.0156 outinratio 0.0492 

ZH126_4e_pT4l_pTHj_genbin3_recobin2 acc 0.0273 eff 0.0517 outinratio 0.0 

ttH126_4e_pT4l_pTHj_genbin3_recobin2 acc 0.0072 eff 0.0194 outinratio 0.066 

ggH126_4e_pT4l_pTHj_genbin4_recobin2 acc 0.0244 eff 0.0 outinratio 0.0 

VBFH126_4e_pT4l_pTHj_genbin4_recobin2 acc 0.0837 eff 0.0 outinratio 0.0236 

WminusH126_4e_pT4l_pTHj_genbin4_recobin2 acc 0.0387 eff 0.0 outinratio 0.0562 

WplusH126_4e_pT4l_pTHj_genbin4_recobin2 acc 0.0392 eff 0.0 outinratio 0.0492 

ZH126_4e_pT4l_pTHj_genbin4_recobin2 acc 0.0404 eff 0.0 outinratio 0.0 

ttH126_4e_pT4l_pTHj_genbin4_recobin2 acc 0.0221 eff 0.0 outinratio 0.066 

ggH126_4e_pT4l_pTHj_genbin5_recobin2 acc 0.0323 eff 0.0198 outinratio 0.0 

VBFH126_4e_pT4l_pTHj_genbin5_recobin2 acc 0.1313 eff 0.0 outinratio 0.0236 

WminusH126_4e_pT4l_pTHj_genbin5_recobin2 acc 0.0861 eff 0.0052 outinratio 0.0562 

WplusH126_4e_pT4l_pTHj_genbin5_recobin2 acc 0.0755 eff 0.0078 outinratio 0.0492 

ZH126_4e_pT4l_pTHj_genbin5_recobin2 acc 0.0911 eff 0.0013 outinratio 0.0 

ttH126_4e_pT4l_pTHj_genbin5_recobin2 acc 0.1886 eff 0.0024 outinratio 0.066 

ggH126_4e_pT4l_pTHj_genbin6_recobin2 acc 0.0102 eff 0.0 outinratio 0.0 

VBFH126_4e_pT4l_pTHj_genbin6_recobin2 acc 0.0427 eff 0.0 outinratio 0.0236 

WminusH126_4e_pT4l_pTHj_genbin6_recobin2 acc 0.0316 eff 0.0 outinratio 0.0562 

WplusH126_4e_pT4l_pTHj_genbin6_recobin2 acc 0.0317 eff 0.0 outinratio 0.0492 

ZH126_4e_pT4l_pTHj_genbin6_recobin2 acc 0.0371 eff 0.0 outinratio 0.0 

ttH126_4e_pT4l_pTHj_genbin6_recobin2 acc 0.0858 eff 0.0 outinratio 0.066 

ggH126_4e_pT4l_pTHj_genbin0_recobin3 acc 0.2283 eff 0.0 outinratio 0.0 

VBFH126_4e_pT4l_pTHj_genbin0_recobin3 acc 0.0329 eff 0.0 outinratio 0.014 

WminusH126_4e_pT4l_pTHj_genbin0_recobin3 acc 0.0794 eff 0.0024 outinratio 0.0471 

WplusH126_4e_pT4l_pTHj_genbin0_recobin3 acc 0.0673 eff 0.0023 outinratio 0.0877 

ZH126_4e_pT4l_pTHj_genbin0_recobin3 acc 0.0715 eff 0.0093 outinratio 0.0163 

ttH126_4e_pT4l_pTHj_genbin0_recobin3 acc 0.0009 eff 0.0 outinratio 0.208 

ggH126_4e_pT4l_pTHj_genbin1_recobin3 acc 0.0323 eff 0.0 outinratio 0.0 

VBFH126_4e_pT4l_pTHj_genbin1_recobin3 acc 0.0405 eff 0.0 outinratio 0.014 

WminusH126_4e_pT4l_pTHj_genbin1_recobin3 acc 0.034 eff 0.0 outinratio 0.0471 

WplusH126_4e_pT4l_pTHj_genbin1_recobin3 acc 0.0289 eff 0.0 outinratio 0.0877 

ZH126_4e_pT4l_pTHj_genbin1_recobin3 acc 0.0302 eff 0.0 outinratio 0.0163 

ttH126_4e_pT4l_pTHj_genbin1_recobin3 acc 0.0021 eff 0.0 outinratio 0.208 

ggH126_4e_pT4l_pTHj_genbin2_recobin3 acc 0.0307 eff 0.0079 outinratio 0.0 

VBFH126_4e_pT4l_pTHj_genbin2_recobin3 acc 0.0499 eff 0.0 outinratio 0.014 

WminusH126_4e_pT4l_pTHj_genbin2_recobin3 acc 0.0372 eff 0.0084 outinratio 0.0471 

WplusH126_4e_pT4l_pTHj_genbin2_recobin3 acc 0.0303 eff 0.0082 outinratio 0.0877 

ZH126_4e_pT4l_pTHj_genbin2_recobin3 acc 0.0358 eff 0.0041 outinratio 0.0163 

ttH126_4e_pT4l_pTHj_genbin2_recobin3 acc 0.0051 eff 0.0124 outinratio 0.208 

ggH126_4e_pT4l_pTHj_genbin3_recobin3 acc 0.0252 eff 0.2859 outinratio 0.0 

VBFH126_4e_pT4l_pTHj_genbin3_recobin3 acc 0.0494 eff 0.3161 outinratio 0.014 

WminusH126_4e_pT4l_pTHj_genbin3_recobin3 acc 0.0301 eff 0.2459 outinratio 0.0471 

WplusH126_4e_pT4l_pTHj_genbin3_recobin3 acc 0.0262 eff 0.2417 outinratio 0.0877 

ZH126_4e_pT4l_pTHj_genbin3_recobin3 acc 0.0273 eff 0.2958 outinratio 0.0163 

ttH126_4e_pT4l_pTHj_genbin3_recobin3 acc 0.0072 eff 0.1884 outinratio 0.208 

ggH126_4e_pT4l_pTHj_genbin4_recobin3 acc 0.0244 eff 0.0 outinratio 0.0 

VBFH126_4e_pT4l_pTHj_genbin4_recobin3 acc 0.0837 eff 0.0072 outinratio 0.014 

WminusH126_4e_pT4l_pTHj_genbin4_recobin3 acc 0.0387 eff 0.0458 outinratio 0.0471 

WplusH126_4e_pT4l_pTHj_genbin4_recobin3 acc 0.0392 eff 0.0149 outinratio 0.0877 

ZH126_4e_pT4l_pTHj_genbin4_recobin3 acc 0.0404 eff 0.0115 outinratio 0.0163 

ttH126_4e_pT4l_pTHj_genbin4_recobin3 acc 0.0221 eff 0.0 outinratio 0.208 

ggH126_4e_pT4l_pTHj_genbin5_recobin3 acc 0.0323 eff 0.0 outinratio 0.0 

VBFH126_4e_pT4l_pTHj_genbin5_recobin3 acc 0.1313 eff 0.0046 outinratio 0.014 

WminusH126_4e_pT4l_pTHj_genbin5_recobin3 acc 0.0861 eff 0.0234 outinratio 0.0471 

WplusH126_4e_pT4l_pTHj_genbin5_recobin3 acc 0.0755 eff 0.0199 outinratio 0.0877 

ZH126_4e_pT4l_pTHj_genbin5_recobin3 acc 0.0911 eff 0.0035 outinratio 0.0163 

ttH126_4e_pT4l_pTHj_genbin5_recobin3 acc 0.1886 eff 0.0025 outinratio 0.208 

ggH126_4e_pT4l_pTHj_genbin6_recobin3 acc 0.0102 eff 0.0 outinratio 0.0 

VBFH126_4e_pT4l_pTHj_genbin6_recobin3 acc 0.0427 eff 0.0 outinratio 0.014 

WminusH126_4e_pT4l_pTHj_genbin6_recobin3 acc 0.0316 eff 0.0 outinratio 0.0471 

WplusH126_4e_pT4l_pTHj_genbin6_recobin3 acc 0.0317 eff 0.0 outinratio 0.0877 

ZH126_4e_pT4l_pTHj_genbin6_recobin3 acc 0.0371 eff 0.0 outinratio 0.0163 

ttH126_4e_pT4l_pTHj_genbin6_recobin3 acc 0.0858 eff 0.0 outinratio 0.208 

ggH126_4e_pT4l_pTHj_genbin0_recobin4 acc 0.2283 eff 0.0 outinratio 0.0 

VBFH126_4e_pT4l_pTHj_genbin0_recobin4 acc 0.0329 eff 0.0 outinratio 0.042 

WminusH126_4e_pT4l_pTHj_genbin0_recobin4 acc 0.0794 eff 0.002 outinratio 0.0253 

WplusH126_4e_pT4l_pTHj_genbin0_recobin4 acc 0.0673 eff 0.0 outinratio 0.0587 

ZH126_4e_pT4l_pTHj_genbin0_recobin4 acc 0.0715 eff 0.0 outinratio 0.0097 

ttH126_4e_pT4l_pTHj_genbin0_recobin4 acc 0.0009 eff 0.0 outinratio 0.1856 

ggH126_4e_pT4l_pTHj_genbin1_recobin4 acc 0.0323 eff 0.0 outinratio 0.0 

VBFH126_4e_pT4l_pTHj_genbin1_recobin4 acc 0.0405 eff 0.0 outinratio 0.042 

WminusH126_4e_pT4l_pTHj_genbin1_recobin4 acc 0.034 eff 0.0 outinratio 0.0253 

WplusH126_4e_pT4l_pTHj_genbin1_recobin4 acc 0.0289 eff 0.0 outinratio 0.0587 

ZH126_4e_pT4l_pTHj_genbin1_recobin4 acc 0.0302 eff 0.0 outinratio 0.0097 

ttH126_4e_pT4l_pTHj_genbin1_recobin4 acc 0.0021 eff 0.0 outinratio 0.1856 

ggH126_4e_pT4l_pTHj_genbin2_recobin4 acc 0.0307 eff 0.0 outinratio 0.0 

VBFH126_4e_pT4l_pTHj_genbin2_recobin4 acc 0.0499 eff 0.0 outinratio 0.042 

WminusH126_4e_pT4l_pTHj_genbin2_recobin4 acc 0.0372 eff 0.0 outinratio 0.0253 

WplusH126_4e_pT4l_pTHj_genbin2_recobin4 acc 0.0303 eff 0.0 outinratio 0.0587 

ZH126_4e_pT4l_pTHj_genbin2_recobin4 acc 0.0358 eff 0.0 outinratio 0.0097 

ttH126_4e_pT4l_pTHj_genbin2_recobin4 acc 0.0051 eff 0.0 outinratio 0.1856 

ggH126_4e_pT4l_pTHj_genbin3_recobin4 acc 0.0252 eff 0.0 outinratio 0.0 

VBFH126_4e_pT4l_pTHj_genbin3_recobin4 acc 0.0494 eff 0.0 outinratio 0.042 

WminusH126_4e_pT4l_pTHj_genbin3_recobin4 acc 0.0301 eff 0.0032 outinratio 0.0253 

WplusH126_4e_pT4l_pTHj_genbin3_recobin4 acc 0.0262 eff 0.0 outinratio 0.0587 

ZH126_4e_pT4l_pTHj_genbin3_recobin4 acc 0.0273 eff 0.0 outinratio 0.0097 

ttH126_4e_pT4l_pTHj_genbin3_recobin4 acc 0.0072 eff 0.0043 outinratio 0.1856 

ggH126_4e_pT4l_pTHj_genbin4_recobin4 acc 0.0244 eff 0.2885 outinratio 0.0 

VBFH126_4e_pT4l_pTHj_genbin4_recobin4 acc 0.0837 eff 0.3403 outinratio 0.042 

WminusH126_4e_pT4l_pTHj_genbin4_recobin4 acc 0.0387 eff 0.3122 outinratio 0.0253 

WplusH126_4e_pT4l_pTHj_genbin4_recobin4 acc 0.0392 eff 0.3377 outinratio 0.0587 

ZH126_4e_pT4l_pTHj_genbin4_recobin4 acc 0.0404 eff 0.2724 outinratio 0.0097 

ttH126_4e_pT4l_pTHj_genbin4_recobin4 acc 0.0221 eff 0.2408 outinratio 0.1856 

ggH126_4e_pT4l_pTHj_genbin5_recobin4 acc 0.0323 eff 0.0178 outinratio 0.0 

VBFH126_4e_pT4l_pTHj_genbin5_recobin4 acc 0.1313 eff 0.0212 outinratio 0.042 

WminusH126_4e_pT4l_pTHj_genbin5_recobin4 acc 0.0861 eff 0.0222 outinratio 0.0253 

WplusH126_4e_pT4l_pTHj_genbin5_recobin4 acc 0.0755 eff 0.0188 outinratio 0.0587 

ZH126_4e_pT4l_pTHj_genbin5_recobin4 acc 0.0911 eff 0.0077 outinratio 0.0097 

ttH126_4e_pT4l_pTHj_genbin5_recobin4 acc 0.1886 eff 0.0085 outinratio 0.1856 

ggH126_4e_pT4l_pTHj_genbin6_recobin4 acc 0.0102 eff 0.0 outinratio 0.0 

VBFH126_4e_pT4l_pTHj_genbin6_recobin4 acc 0.0427 eff 0.081 outinratio 0.042 

WminusH126_4e_pT4l_pTHj_genbin6_recobin4 acc 0.0316 eff 0.0408 outinratio 0.0253 

WplusH126_4e_pT4l_pTHj_genbin6_recobin4 acc 0.0317 eff 0.0275 outinratio 0.0587 

ZH126_4e_pT4l_pTHj_genbin6_recobin4 acc 0.0371 eff 0.0159 outinratio 0.0097 

ttH126_4e_pT4l_pTHj_genbin6_recobin4 acc 0.0858 eff 0.0082 outinratio 0.1856 

ggH126_4e_pT4l_pTHj_genbin0_recobin5 acc 0.2283 eff 0.0073 outinratio 0.0 

VBFH126_4e_pT4l_pTHj_genbin0_recobin5 acc 0.0329 eff 0.0 outinratio 0.0625 

WminusH126_4e_pT4l_pTHj_genbin0_recobin5 acc 0.0794 eff 0.0461 outinratio 0.1289 

WplusH126_4e_pT4l_pTHj_genbin0_recobin5 acc 0.0673 eff 0.0455 outinratio 0.0621 

ZH126_4e_pT4l_pTHj_genbin0_recobin5 acc 0.0715 eff 0.0143 outinratio 0.0859 

ttH126_4e_pT4l_pTHj_genbin0_recobin5 acc 0.0009 eff 0.0939 outinratio 0.2114 

ggH126_4e_pT4l_pTHj_genbin1_recobin5 acc 0.0323 eff 0.0 outinratio 0.0 

VBFH126_4e_pT4l_pTHj_genbin1_recobin5 acc 0.0405 eff 0.0533 outinratio 0.0625 

WminusH126_4e_pT4l_pTHj_genbin1_recobin5 acc 0.034 eff 0.0514 outinratio 0.1289 

WplusH126_4e_pT4l_pTHj_genbin1_recobin5 acc 0.0289 eff 0.0532 outinratio 0.0621 

ZH126_4e_pT4l_pTHj_genbin1_recobin5 acc 0.0302 eff 0.0513 outinratio 0.0859 

ttH126_4e_pT4l_pTHj_genbin1_recobin5 acc 0.0021 eff 0.1586 outinratio 0.2114 

ggH126_4e_pT4l_pTHj_genbin2_recobin5 acc 0.0307 eff 0.0 outinratio 0.0 

VBFH126_4e_pT4l_pTHj_genbin2_recobin5 acc 0.0499 eff 0.0381 outinratio 0.0625 

WminusH126_4e_pT4l_pTHj_genbin2_recobin5 acc 0.0372 eff 0.0239 outinratio 0.1289 

WplusH126_4e_pT4l_pTHj_genbin2_recobin5 acc 0.0303 eff 0.0447 outinratio 0.0621 

ZH126_4e_pT4l_pTHj_genbin2_recobin5 acc 0.0358 eff 0.0284 outinratio 0.0859 

ttH126_4e_pT4l_pTHj_genbin2_recobin5 acc 0.0051 eff 0.0942 outinratio 0.2114 

ggH126_4e_pT4l_pTHj_genbin3_recobin5 acc 0.0252 eff 0.019 outinratio 0.0 

VBFH126_4e_pT4l_pTHj_genbin3_recobin5 acc 0.0494 eff 0.0316 outinratio 0.0625 

WminusH126_4e_pT4l_pTHj_genbin3_recobin5 acc 0.0301 eff 0.0553 outinratio 0.1289 

WplusH126_4e_pT4l_pTHj_genbin3_recobin5 acc 0.0262 eff 0.0505 outinratio 0.0621 

ZH126_4e_pT4l_pTHj_genbin3_recobin5 acc 0.0273 eff 0.0242 outinratio 0.0859 

ttH126_4e_pT4l_pTHj_genbin3_recobin5 acc 0.0072 eff 0.0843 outinratio 0.2114 

ggH126_4e_pT4l_pTHj_genbin4_recobin5 acc 0.0244 eff 0.0874 outinratio 0.0 

VBFH126_4e_pT4l_pTHj_genbin4_recobin5 acc 0.0837 eff 0.0364 outinratio 0.0625 

WminusH126_4e_pT4l_pTHj_genbin4_recobin5 acc 0.0387 eff 0.0224 outinratio 0.1289 

WplusH126_4e_pT4l_pTHj_genbin4_recobin5 acc 0.0392 eff 0.106 outinratio 0.0621 

ZH126_4e_pT4l_pTHj_genbin4_recobin5 acc 0.0404 eff 0.0449 outinratio 0.0859 

ttH126_4e_pT4l_pTHj_genbin4_recobin5 acc 0.0221 eff 0.0627 outinratio 0.2114 

ggH126_4e_pT4l_pTHj_genbin5_recobin5 acc 0.0323 eff 0.3473 outinratio 0.0 

VBFH126_4e_pT4l_pTHj_genbin5_recobin5 acc 0.1313 eff 0.3078 outinratio 0.0625 

WminusH126_4e_pT4l_pTHj_genbin5_recobin5 acc 0.0861 eff 0.28 outinratio 0.1289 

WplusH126_4e_pT4l_pTHj_genbin5_recobin5 acc 0.0755 eff 0.263 outinratio 0.0621 

ZH126_4e_pT4l_pTHj_genbin5_recobin5 acc 0.0911 eff 0.2594 outinratio 0.0859 

ttH126_4e_pT4l_pTHj_genbin5_recobin5 acc 0.1886 eff 0.3034 outinratio 0.2114 

ggH126_4e_pT4l_pTHj_genbin6_recobin5 acc 0.0102 eff 0.0 outinratio 0.0 

VBFH126_4e_pT4l_pTHj_genbin6_recobin5 acc 0.0427 eff 0.0204 outinratio 0.0625 

WminusH126_4e_pT4l_pTHj_genbin6_recobin5 acc 0.0316 eff 0.0108 outinratio 0.1289 

WplusH126_4e_pT4l_pTHj_genbin6_recobin5 acc 0.0317 eff 0.0212 outinratio 0.0621 

ZH126_4e_pT4l_pTHj_genbin6_recobin5 acc 0.0371 eff 0.0229 outinratio 0.0859 

ttH126_4e_pT4l_pTHj_genbin6_recobin5 acc 0.0858 eff 0.0078 outinratio 0.2114 

ggH126_4e_pT4l_pTHj_genbin0_recobin6 acc 0.2283 eff 0.0 outinratio 0.0 

VBFH126_4e_pT4l_pTHj_genbin0_recobin6 acc 0.0329 eff 0.0 outinratio 0.0738 

WminusH126_4e_pT4l_pTHj_genbin0_recobin6 acc 0.0794 eff 0.0128 outinratio 0.0358 

WplusH126_4e_pT4l_pTHj_genbin0_recobin6 acc 0.0673 eff 0.0178 outinratio 0.0386 

ZH126_4e_pT4l_pTHj_genbin0_recobin6 acc 0.0715 eff 0.0081 outinratio 0.0569 

ttH126_4e_pT4l_pTHj_genbin0_recobin6 acc 0.0009 eff 0.0494 outinratio 0.1861 

ggH126_4e_pT4l_pTHj_genbin1_recobin6 acc 0.0323 eff 0.0 outinratio 0.0 

VBFH126_4e_pT4l_pTHj_genbin1_recobin6 acc 0.0405 eff 0.0 outinratio 0.0738 

WminusH126_4e_pT4l_pTHj_genbin1_recobin6 acc 0.034 eff 0.0 outinratio 0.0358 

WplusH126_4e_pT4l_pTHj_genbin1_recobin6 acc 0.0289 eff 0.0 outinratio 0.0386 

ZH126_4e_pT4l_pTHj_genbin1_recobin6 acc 0.0302 eff 0.0 outinratio 0.0569 

ttH126_4e_pT4l_pTHj_genbin1_recobin6 acc 0.0021 eff 0.0 outinratio 0.1861 

ggH126_4e_pT4l_pTHj_genbin2_recobin6 acc 0.0307 eff 0.0 outinratio 0.0 

VBFH126_4e_pT4l_pTHj_genbin2_recobin6 acc 0.0499 eff 0.0 outinratio 0.0738 

WminusH126_4e_pT4l_pTHj_genbin2_recobin6 acc 0.0372 eff 0.0 outinratio 0.0358 

WplusH126_4e_pT4l_pTHj_genbin2_recobin6 acc 0.0303 eff 0.0 outinratio 0.0386 

ZH126_4e_pT4l_pTHj_genbin2_recobin6 acc 0.0358 eff 0.0 outinratio 0.0569 

ttH126_4e_pT4l_pTHj_genbin2_recobin6 acc 0.0051 eff 0.0 outinratio 0.1861 

ggH126_4e_pT4l_pTHj_genbin3_recobin6 acc 0.0252 eff 0.0 outinratio 0.0 

VBFH126_4e_pT4l_pTHj_genbin3_recobin6 acc 0.0494 eff 0.0 outinratio 0.0738 

WminusH126_4e_pT4l_pTHj_genbin3_recobin6 acc 0.0301 eff 0.0 outinratio 0.0358 

WplusH126_4e_pT4l_pTHj_genbin3_recobin6 acc 0.0262 eff 0.0 outinratio 0.0386 

ZH126_4e_pT4l_pTHj_genbin3_recobin6 acc 0.0273 eff 0.0 outinratio 0.0569 

ttH126_4e_pT4l_pTHj_genbin3_recobin6 acc 0.0072 eff 0.0 outinratio 0.1861 

ggH126_4e_pT4l_pTHj_genbin4_recobin6 acc 0.0244 eff 0.0 outinratio 0.0 

VBFH126_4e_pT4l_pTHj_genbin4_recobin6 acc 0.0837 eff 0.0097 outinratio 0.0738 

WminusH126_4e_pT4l_pTHj_genbin4_recobin6 acc 0.0387 eff 0.0117 outinratio 0.0358 

WplusH126_4e_pT4l_pTHj_genbin4_recobin6 acc 0.0392 eff 0.0131 outinratio 0.0386 

ZH126_4e_pT4l_pTHj_genbin4_recobin6 acc 0.0404 eff 0.0173 outinratio 0.0569 

ttH126_4e_pT4l_pTHj_genbin4_recobin6 acc 0.0221 eff 0.0318 outinratio 0.1861 

ggH126_4e_pT4l_pTHj_genbin5_recobin6 acc 0.0323 eff 0.0 outinratio 0.0 

VBFH126_4e_pT4l_pTHj_genbin5_recobin6 acc 0.1313 eff 0.0024 outinratio 0.0738 

WminusH126_4e_pT4l_pTHj_genbin5_recobin6 acc 0.0861 eff 0.0013 outinratio 0.0358 

WplusH126_4e_pT4l_pTHj_genbin5_recobin6 acc 0.0755 eff 0.0075 outinratio 0.0386 

ZH126_4e_pT4l_pTHj_genbin5_recobin6 acc 0.0911 eff 0.0 outinratio 0.0569 

ttH126_4e_pT4l_pTHj_genbin5_recobin6 acc 0.1886 eff 0.0009 outinratio 0.1861 

ggH126_4e_pT4l_pTHj_genbin6_recobin6 acc 0.0102 eff 0.7713 outinratio 0.0 

VBFH126_4e_pT4l_pTHj_genbin6_recobin6 acc 0.0427 eff 0.2801 outinratio 0.0738 

WminusH126_4e_pT4l_pTHj_genbin6_recobin6 acc 0.0316 eff 0.3293 outinratio 0.0358 

WplusH126_4e_pT4l_pTHj_genbin6_recobin6 acc 0.0317 eff 0.3842 outinratio 0.0386 

ZH126_4e_pT4l_pTHj_genbin6_recobin6 acc 0.0371 eff 0.3294 outinratio 0.0569 

ttH126_4e_pT4l_pTHj_genbin6_recobin6 acc 0.0858 eff 0.3629 outinratio 0.1861 

ggH126_4mu_pT4l_pTHj_genbin0_recobin0 acc 0.2815 eff 0.6338 outinratio 0.0417 

VBFH126_4mu_pT4l_pTHj_genbin0_recobin0 acc 0.0439 eff 0.4957 outinratio 0.0095 

WminusH126_4mu_pT4l_pTHj_genbin0_recobin0 acc 0.0883 eff 0.4955 outinratio 0.0727 

WplusH126_4mu_pT4l_pTHj_genbin0_recobin0 acc 0.083 eff 0.6183 outinratio 0.03 

ZH126_4mu_pT4l_pTHj_genbin0_recobin0 acc 0.0728 eff 0.639 outinratio 0.1325 

ttH126_4mu_pT4l_pTHj_genbin0_recobin0 acc 0.0007 eff 0.1844 outinratio 0.0 

ggH126_4mu_pT4l_pTHj_genbin1_recobin0 acc 0.0406 eff 0.2161 outinratio 0.0417 

VBFH126_4mu_pT4l_pTHj_genbin1_recobin0 acc 0.0496 eff 0.0771 outinratio 0.0095 

WminusH126_4mu_pT4l_pTHj_genbin1_recobin0 acc 0.0375 eff 0.0642 outinratio 0.0727 

WplusH126_4mu_pT4l_pTHj_genbin1_recobin0 acc 0.029 eff 0.0696 outinratio 0.03 

ZH126_4mu_pT4l_pTHj_genbin1_recobin0 acc 0.0335 eff 0.0734 outinratio 0.1325 

ttH126_4mu_pT4l_pTHj_genbin1_recobin0 acc 0.0037 eff 0.0 outinratio 0.0 

ggH126_4mu_pT4l_pTHj_genbin2_recobin0 acc 0.0414 eff 0.0925 outinratio 0.0417 

VBFH126_4mu_pT4l_pTHj_genbin2_recobin0 acc 0.0718 eff 0.0561 outinratio 0.0095 

WminusH126_4mu_pT4l_pTHj_genbin2_recobin0 acc 0.0391 eff 0.0667 outinratio 0.0727 

WplusH126_4mu_pT4l_pTHj_genbin2_recobin0 acc 0.0281 eff 0.0107 outinratio 0.03 

ZH126_4mu_pT4l_pTHj_genbin2_recobin0 acc 0.0375 eff 0.0602 outinratio 0.1325 

ttH126_4mu_pT4l_pTHj_genbin2_recobin0 acc 0.0055 eff 0.0097 outinratio 0.0 

ggH126_4mu_pT4l_pTHj_genbin3_recobin0 acc 0.0296 eff 0.0 outinratio 0.0417 

VBFH126_4mu_pT4l_pTHj_genbin3_recobin0 acc 0.0644 eff 0.0359 outinratio 0.0095 

WminusH126_4mu_pT4l_pTHj_genbin3_recobin0 acc 0.0359 eff 0.0 outinratio 0.0727 

WplusH126_4mu_pT4l_pTHj_genbin3_recobin0 acc 0.0312 eff 0.0168 outinratio 0.03 

ZH126_4mu_pT4l_pTHj_genbin3_recobin0 acc 0.0311 eff 0.0 outinratio 0.1325 

ttH126_4mu_pT4l_pTHj_genbin3_recobin0 acc 0.0082 eff 0.0 outinratio 0.0 

ggH126_4mu_pT4l_pTHj_genbin4_recobin0 acc 0.0254 eff 0.0 outinratio 0.0417 

VBFH126_4mu_pT4l_pTHj_genbin4_recobin0 acc 0.0996 eff 0.0084 outinratio 0.0095 

WminusH126_4mu_pT4l_pTHj_genbin4_recobin0 acc 0.0472 eff 0.0 outinratio 0.0727 

WplusH126_4mu_pT4l_pTHj_genbin4_recobin0 acc 0.0401 eff 0.0 outinratio 0.03 

ZH126_4mu_pT4l_pTHj_genbin4_recobin0 acc 0.0399 eff 0.0051 outinratio 0.1325 

ttH126_4mu_pT4l_pTHj_genbin4_recobin0 acc 0.0204 eff 0.0 outinratio 0.0 

ggH126_4mu_pT4l_pTHj_genbin5_recobin0 acc 0.0304 eff 0.0201 outinratio 0.0417 

VBFH126_4mu_pT4l_pTHj_genbin5_recobin0 acc 0.1288 eff 0.0178 outinratio 0.0095 

WminusH126_4mu_pT4l_pTHj_genbin5_recobin0 acc 0.0904 eff 0.0202 outinratio 0.0727 

WplusH126_4mu_pT4l_pTHj_genbin5_recobin0 acc 0.088 eff 0.0016 outinratio 0.03 

ZH126_4mu_pT4l_pTHj_genbin5_recobin0 acc 0.1015 eff 0.0157 outinratio 0.1325 

ttH126_4mu_pT4l_pTHj_genbin5_recobin0 acc 0.2069 eff 0.0011 outinratio 0.0 

ggH126_4mu_pT4l_pTHj_genbin6_recobin0 acc 0.0076 eff -1.0 outinratio 0.0417 

VBFH126_4mu_pT4l_pTHj_genbin6_recobin0 acc 0.0391 eff 0.0 outinratio 0.0095 

WminusH126_4mu_pT4l_pTHj_genbin6_recobin0 acc 0.0342 eff 0.0117 outinratio 0.0727 

WplusH126_4mu_pT4l_pTHj_genbin6_recobin0 acc 0.041 eff 0.0 outinratio 0.03 

ZH126_4mu_pT4l_pTHj_genbin6_recobin0 acc 0.0395 eff 0.0041 outinratio 0.1325 

ttH126_4mu_pT4l_pTHj_genbin6_recobin0 acc 0.0949 eff 0.0 outinratio 0.0 

ggH126_4mu_pT4l_pTHj_genbin0_recobin1 acc 0.2815 eff 0.0819 outinratio 0.0389 

VBFH126_4mu_pT4l_pTHj_genbin0_recobin1 acc 0.0439 eff 0.1609 outinratio 0.0303 

WminusH126_4mu_pT4l_pTHj_genbin0_recobin1 acc 0.0883 eff 0.0691 outinratio 0.0896 

WplusH126_4mu_pT4l_pTHj_genbin0_recobin1 acc 0.083 eff 0.0458 outinratio 0.0244 

ZH126_4mu_pT4l_pTHj_genbin0_recobin1 acc 0.0728 eff 0.0619 outinratio 0.0654 

ttH126_4mu_pT4l_pTHj_genbin0_recobin1 acc 0.0007 eff 0.0 outinratio 0.1683 

ggH126_4mu_pT4l_pTHj_genbin1_recobin1 acc 0.0406 eff 0.6123 outinratio 0.0389 

VBFH126_4mu_pT4l_pTHj_genbin1_recobin1 acc 0.0496 eff 0.549 outinratio 0.0303 

WminusH126_4mu_pT4l_pTHj_genbin1_recobin1 acc 0.0375 eff 0.5649 outinratio 0.0896 

WplusH126_4mu_pT4l_pTHj_genbin1_recobin1 acc 0.029 eff 0.5015 outinratio 0.0244 

ZH126_4mu_pT4l_pTHj_genbin1_recobin1 acc 0.0335 eff 0.5604 outinratio 0.0654 

ttH126_4mu_pT4l_pTHj_genbin1_recobin1 acc 0.0037 eff 0.3978 outinratio 0.1683 

ggH126_4mu_pT4l_pTHj_genbin2_recobin1 acc 0.0414 eff 0.014 outinratio 0.0389 

VBFH126_4mu_pT4l_pTHj_genbin2_recobin1 acc 0.0718 eff 0.0055 outinratio 0.0303 

WminusH126_4mu_pT4l_pTHj_genbin2_recobin1 acc 0.0391 eff 0.0097 outinratio 0.0896 

WplusH126_4mu_pT4l_pTHj_genbin2_recobin1 acc 0.0281 eff 0.0144 outinratio 0.0244 

ZH126_4mu_pT4l_pTHj_genbin2_recobin1 acc 0.0375 eff 0.0127 outinratio 0.0654 

ttH126_4mu_pT4l_pTHj_genbin2_recobin1 acc 0.0055 eff 0.0 outinratio 0.1683 

ggH126_4mu_pT4l_pTHj_genbin3_recobin1 acc 0.0296 eff 0.0 outinratio 0.0389 

VBFH126_4mu_pT4l_pTHj_genbin3_recobin1 acc 0.0644 eff 0.0 outinratio 0.0303 

WminusH126_4mu_pT4l_pTHj_genbin3_recobin1 acc 0.0359 eff 0.0 outinratio 0.0896 

WplusH126_4mu_pT4l_pTHj_genbin3_recobin1 acc 0.0312 eff 0.0 outinratio 0.0244 

ZH126_4mu_pT4l_pTHj_genbin3_recobin1 acc 0.0311 eff 0.0 outinratio 0.0654 

ttH126_4mu_pT4l_pTHj_genbin3_recobin1 acc 0.0082 eff 0.0 outinratio 0.1683 

ggH126_4mu_pT4l_pTHj_genbin4_recobin1 acc 0.0254 eff 0.0 outinratio 0.0389 

VBFH126_4mu_pT4l_pTHj_genbin4_recobin1 acc 0.0996 eff 0.0 outinratio 0.0303 

WminusH126_4mu_pT4l_pTHj_genbin4_recobin1 acc 0.0472 eff 0.0 outinratio 0.0896 

WplusH126_4mu_pT4l_pTHj_genbin4_recobin1 acc 0.0401 eff 0.0 outinratio 0.0244 

ZH126_4mu_pT4l_pTHj_genbin4_recobin1 acc 0.0399 eff 0.0 outinratio 0.0654 

ttH126_4mu_pT4l_pTHj_genbin4_recobin1 acc 0.0204 eff 0.0 outinratio 0.1683 

ggH126_4mu_pT4l_pTHj_genbin5_recobin1 acc 0.0304 eff 0.0 outinratio 0.0389 

VBFH126_4mu_pT4l_pTHj_genbin5_recobin1 acc 0.1288 eff 0.0105 outinratio 0.0303 

WminusH126_4mu_pT4l_pTHj_genbin5_recobin1 acc 0.0904 eff 0.0156 outinratio 0.0896 

WplusH126_4mu_pT4l_pTHj_genbin5_recobin1 acc 0.088 eff 0.0073 outinratio 0.0244 

ZH126_4mu_pT4l_pTHj_genbin5_recobin1 acc 0.1015 eff 0.0099 outinratio 0.0654 

ttH126_4mu_pT4l_pTHj_genbin5_recobin1 acc 0.2069 eff 0.0037 outinratio 0.1683 

ggH126_4mu_pT4l_pTHj_genbin6_recobin1 acc 0.0076 eff -1.0 outinratio 0.0389 

VBFH126_4mu_pT4l_pTHj_genbin6_recobin1 acc 0.0391 eff 0.0 outinratio 0.0303 

WminusH126_4mu_pT4l_pTHj_genbin6_recobin1 acc 0.0342 eff 0.0 outinratio 0.0896 

WplusH126_4mu_pT4l_pTHj_genbin6_recobin1 acc 0.041 eff 0.0 outinratio 0.0244 

ZH126_4mu_pT4l_pTHj_genbin6_recobin1 acc 0.0395 eff 0.0 outinratio 0.0654 

ttH126_4mu_pT4l_pTHj_genbin6_recobin1 acc 0.0949 eff 0.0 outinratio 0.1683 

ggH126_4mu_pT4l_pTHj_genbin0_recobin2 acc 0.2815 eff 0.0151 outinratio 0.0474 

VBFH126_4mu_pT4l_pTHj_genbin0_recobin2 acc 0.0439 eff 0.0199 outinratio 0.0781 

WminusH126_4mu_pT4l_pTHj_genbin0_recobin2 acc 0.0883 eff 0.0277 outinratio 0.0459 

WplusH126_4mu_pT4l_pTHj_genbin0_recobin2 acc 0.083 eff 0.0141 outinratio 0.0552 

ZH126_4mu_pT4l_pTHj_genbin0_recobin2 acc 0.0728 eff 0.017 outinratio 0.1329 

ttH126_4mu_pT4l_pTHj_genbin0_recobin2 acc 0.0007 eff 0.0 outinratio 0.1628 

ggH126_4mu_pT4l_pTHj_genbin1_recobin2 acc 0.0406 eff 0.0251 outinratio 0.0474 

VBFH126_4mu_pT4l_pTHj_genbin1_recobin2 acc 0.0496 eff 0.0124 outinratio 0.0781 

WminusH126_4mu_pT4l_pTHj_genbin1_recobin2 acc 0.0375 eff 0.0 outinratio 0.0459 

WplusH126_4mu_pT4l_pTHj_genbin1_recobin2 acc 0.029 eff 0.0187 outinratio 0.0552 

ZH126_4mu_pT4l_pTHj_genbin1_recobin2 acc 0.0335 eff 0.0 outinratio 0.1329 

ttH126_4mu_pT4l_pTHj_genbin1_recobin2 acc 0.0037 eff 0.0497 outinratio 0.1628 

ggH126_4mu_pT4l_pTHj_genbin2_recobin2 acc 0.0414 eff 0.6552 outinratio 0.0474 

VBFH126_4mu_pT4l_pTHj_genbin2_recobin2 acc 0.0718 eff 0.5545 outinratio 0.0781 

WminusH126_4mu_pT4l_pTHj_genbin2_recobin2 acc 0.0391 eff 0.6763 outinratio 0.0459 

WplusH126_4mu_pT4l_pTHj_genbin2_recobin2 acc 0.0281 eff 0.6608 outinratio 0.0552 

ZH126_4mu_pT4l_pTHj_genbin2_recobin2 acc 0.0375 eff 0.5855 outinratio 0.1329 

ttH126_4mu_pT4l_pTHj_genbin2_recobin2 acc 0.0055 eff 0.3751 outinratio 0.1628 

ggH126_4mu_pT4l_pTHj_genbin3_recobin2 acc 0.0296 eff 0.071 outinratio 0.0474 

VBFH126_4mu_pT4l_pTHj_genbin3_recobin2 acc 0.0644 eff 0.0377 outinratio 0.0781 

WminusH126_4mu_pT4l_pTHj_genbin3_recobin2 acc 0.0359 eff 0.0 outinratio 0.0459 

WplusH126_4mu_pT4l_pTHj_genbin3_recobin2 acc 0.0312 eff 0.0421 outinratio 0.0552 

ZH126_4mu_pT4l_pTHj_genbin3_recobin2 acc 0.0311 eff 0.0189 outinratio 0.1329 

ttH126_4mu_pT4l_pTHj_genbin3_recobin2 acc 0.0082 eff 0.0121 outinratio 0.1628 

ggH126_4mu_pT4l_pTHj_genbin4_recobin2 acc 0.0254 eff 0.0 outinratio 0.0474 

VBFH126_4mu_pT4l_pTHj_genbin4_recobin2 acc 0.0996 eff 0.0 outinratio 0.0781 

WminusH126_4mu_pT4l_pTHj_genbin4_recobin2 acc 0.0472 eff 0.0 outinratio 0.0459 

WplusH126_4mu_pT4l_pTHj_genbin4_recobin2 acc 0.0401 eff 0.0 outinratio 0.0552 

ZH126_4mu_pT4l_pTHj_genbin4_recobin2 acc 0.0399 eff 0.0 outinratio 0.1329 

ttH126_4mu_pT4l_pTHj_genbin4_recobin2 acc 0.0204 eff 0.0 outinratio 0.1628 

ggH126_4mu_pT4l_pTHj_genbin5_recobin2 acc 0.0304 eff 0.0541 outinratio 0.0474 

VBFH126_4mu_pT4l_pTHj_genbin5_recobin2 acc 0.1288 eff 0.013 outinratio 0.0781 

WminusH126_4mu_pT4l_pTHj_genbin5_recobin2 acc 0.0904 eff 0.0076 outinratio 0.0459 

WplusH126_4mu_pT4l_pTHj_genbin5_recobin2 acc 0.088 eff 0.0202 outinratio 0.0552 

ZH126_4mu_pT4l_pTHj_genbin5_recobin2 acc 0.1015 eff 0.0263 outinratio 0.1329 

ttH126_4mu_pT4l_pTHj_genbin5_recobin2 acc 0.2069 eff 0.005 outinratio 0.1628 

ggH126_4mu_pT4l_pTHj_genbin6_recobin2 acc 0.0076 eff -1.0 outinratio 0.0474 

VBFH126_4mu_pT4l_pTHj_genbin6_recobin2 acc 0.0391 eff 0.0 outinratio 0.0781 

WminusH126_4mu_pT4l_pTHj_genbin6_recobin2 acc 0.0342 eff 0.0 outinratio 0.0459 

WplusH126_4mu_pT4l_pTHj_genbin6_recobin2 acc 0.041 eff 0.0 outinratio 0.0552 

ZH126_4mu_pT4l_pTHj_genbin6_recobin2 acc 0.0395 eff 0.0 outinratio 0.1329 

ttH126_4mu_pT4l_pTHj_genbin6_recobin2 acc 0.0949 eff 0.0 outinratio 0.1628 

ggH126_4mu_pT4l_pTHj_genbin0_recobin3 acc 0.2815 eff 0.0 outinratio 0.1603 

VBFH126_4mu_pT4l_pTHj_genbin0_recobin3 acc 0.0439 eff 0.0 outinratio 0.0117 

WminusH126_4mu_pT4l_pTHj_genbin0_recobin3 acc 0.0883 eff 0.0329 outinratio 0.0465 

WplusH126_4mu_pT4l_pTHj_genbin0_recobin3 acc 0.083 eff 0.0057 outinratio 0.0601 

ZH126_4mu_pT4l_pTHj_genbin0_recobin3 acc 0.0728 eff 0.025 outinratio 0.0778 

ttH126_4mu_pT4l_pTHj_genbin0_recobin3 acc 0.0007 eff 0.0 outinratio 0.1157 

ggH126_4mu_pT4l_pTHj_genbin1_recobin3 acc 0.0406 eff 0.0 outinratio 0.1603 

VBFH126_4mu_pT4l_pTHj_genbin1_recobin3 acc 0.0496 eff 0.0 outinratio 0.0117 

WminusH126_4mu_pT4l_pTHj_genbin1_recobin3 acc 0.0375 eff 0.0 outinratio 0.0465 

WplusH126_4mu_pT4l_pTHj_genbin1_recobin3 acc 0.029 eff 0.0 outinratio 0.0601 

ZH126_4mu_pT4l_pTHj_genbin1_recobin3 acc 0.0335 eff 0.0 outinratio 0.0778 

ttH126_4mu_pT4l_pTHj_genbin1_recobin3 acc 0.0037 eff 0.0 outinratio 0.1157 

ggH126_4mu_pT4l_pTHj_genbin2_recobin3 acc 0.0414 eff 0.0 outinratio 0.1603 

VBFH126_4mu_pT4l_pTHj_genbin2_recobin3 acc 0.0718 eff 0.0068 outinratio 0.0117 

WminusH126_4mu_pT4l_pTHj_genbin2_recobin3 acc 0.0391 eff 0.0 outinratio 0.0465 

WplusH126_4mu_pT4l_pTHj_genbin2_recobin3 acc 0.0281 eff 0.0193 outinratio 0.0601 

ZH126_4mu_pT4l_pTHj_genbin2_recobin3 acc 0.0375 eff 0.0066 outinratio 0.0778 

ttH126_4mu_pT4l_pTHj_genbin2_recobin3 acc 0.0055 eff 0.0196 outinratio 0.1157 

ggH126_4mu_pT4l_pTHj_genbin3_recobin3 acc 0.0296 eff 0.834 outinratio 0.1603 

VBFH126_4mu_pT4l_pTHj_genbin3_recobin3 acc 0.0644 eff 0.5843 outinratio 0.0117 

WminusH126_4mu_pT4l_pTHj_genbin3_recobin3 acc 0.0359 eff 0.6906 outinratio 0.0465 

WplusH126_4mu_pT4l_pTHj_genbin3_recobin3 acc 0.0312 eff 0.6257 outinratio 0.0601 

ZH126_4mu_pT4l_pTHj_genbin3_recobin3 acc 0.0311 eff 0.6137 outinratio 0.0778 

ttH126_4mu_pT4l_pTHj_genbin3_recobin3 acc 0.0082 eff 0.4621 outinratio 0.1157 

ggH126_4mu_pT4l_pTHj_genbin4_recobin3 acc 0.0254 eff 0.0 outinratio 0.1603 

VBFH126_4mu_pT4l_pTHj_genbin4_recobin3 acc 0.0996 eff 0.0253 outinratio 0.0117 

WminusH126_4mu_pT4l_pTHj_genbin4_recobin3 acc 0.0472 eff 0.0208 outinratio 0.0465 

WplusH126_4mu_pT4l_pTHj_genbin4_recobin3 acc 0.0401 eff 0.003 outinratio 0.0601 

ZH126_4mu_pT4l_pTHj_genbin4_recobin3 acc 0.0399 eff 0.0341 outinratio 0.0778 

ttH126_4mu_pT4l_pTHj_genbin4_recobin3 acc 0.0204 eff 0.0064 outinratio 0.1157 

ggH126_4mu_pT4l_pTHj_genbin5_recobin3 acc 0.0304 eff 0.0 outinratio 0.1603 

VBFH126_4mu_pT4l_pTHj_genbin5_recobin3 acc 0.1288 eff 0.009 outinratio 0.0117 

WminusH126_4mu_pT4l_pTHj_genbin5_recobin3 acc 0.0904 eff 0.0047 outinratio 0.0465 

WplusH126_4mu_pT4l_pTHj_genbin5_recobin3 acc 0.088 eff 0.0162 outinratio 0.0601 

ZH126_4mu_pT4l_pTHj_genbin5_recobin3 acc 0.1015 eff 0.0147 outinratio 0.0778 

ttH126_4mu_pT4l_pTHj_genbin5_recobin3 acc 0.2069 eff 0.0085 outinratio 0.1157 

ggH126_4mu_pT4l_pTHj_genbin6_recobin3 acc 0.0076 eff -1.0 outinratio 0.1603 

VBFH126_4mu_pT4l_pTHj_genbin6_recobin3 acc 0.0391 eff 0.0 outinratio 0.0117 

WminusH126_4mu_pT4l_pTHj_genbin6_recobin3 acc 0.0342 eff 0.0 outinratio 0.0465 

WplusH126_4mu_pT4l_pTHj_genbin6_recobin3 acc 0.041 eff 0.0 outinratio 0.0601 

ZH126_4mu_pT4l_pTHj_genbin6_recobin3 acc 0.0395 eff 0.0 outinratio 0.0778 

ttH126_4mu_pT4l_pTHj_genbin6_recobin3 acc 0.0949 eff 0.0 outinratio 0.1157 

ggH126_4mu_pT4l_pTHj_genbin0_recobin4 acc 0.2815 eff 0.0 outinratio 0.0313 

VBFH126_4mu_pT4l_pTHj_genbin0_recobin4 acc 0.0439 eff 0.0 outinratio 0.0293 

WminusH126_4mu_pT4l_pTHj_genbin0_recobin4 acc 0.0883 eff 0.0067 outinratio 0.0299 

WplusH126_4mu_pT4l_pTHj_genbin0_recobin4 acc 0.083 eff 0.0 outinratio 0.0101 

ZH126_4mu_pT4l_pTHj_genbin0_recobin4 acc 0.0728 eff 0.0157 outinratio 0.0502 

ttH126_4mu_pT4l_pTHj_genbin0_recobin4 acc 0.0007 eff 0.0 outinratio 0.1464 

ggH126_4mu_pT4l_pTHj_genbin1_recobin4 acc 0.0406 eff 0.0 outinratio 0.0313 

VBFH126_4mu_pT4l_pTHj_genbin1_recobin4 acc 0.0496 eff 0.0 outinratio 0.0293 

WminusH126_4mu_pT4l_pTHj_genbin1_recobin4 acc 0.0375 eff 0.0 outinratio 0.0299 

WplusH126_4mu_pT4l_pTHj_genbin1_recobin4 acc 0.029 eff 0.0 outinratio 0.0101 

ZH126_4mu_pT4l_pTHj_genbin1_recobin4 acc 0.0335 eff 0.0 outinratio 0.0502 

ttH126_4mu_pT4l_pTHj_genbin1_recobin4 acc 0.0037 eff 0.0 outinratio 0.1464 

ggH126_4mu_pT4l_pTHj_genbin2_recobin4 acc 0.0414 eff 0.0 outinratio 0.0313 

VBFH126_4mu_pT4l_pTHj_genbin2_recobin4 acc 0.0718 eff 0.0 outinratio 0.0293 

WminusH126_4mu_pT4l_pTHj_genbin2_recobin4 acc 0.0391 eff 0.0 outinratio 0.0299 

WplusH126_4mu_pT4l_pTHj_genbin2_recobin4 acc 0.0281 eff 0.0 outinratio 0.0101 

ZH126_4mu_pT4l_pTHj_genbin2_recobin4 acc 0.0375 eff 0.0 outinratio 0.0502 

ttH126_4mu_pT4l_pTHj_genbin2_recobin4 acc 0.0055 eff 0.0 outinratio 0.1464 

ggH126_4mu_pT4l_pTHj_genbin3_recobin4 acc 0.0296 eff 0.0487 outinratio 0.0313 

VBFH126_4mu_pT4l_pTHj_genbin3_recobin4 acc 0.0644 eff 0.0235 outinratio 0.0293 

WminusH126_4mu_pT4l_pTHj_genbin3_recobin4 acc 0.0359 eff 0.0201 outinratio 0.0299 

WplusH126_4mu_pT4l_pTHj_genbin3_recobin4 acc 0.0312 eff 0.0292 outinratio 0.0101 

ZH126_4mu_pT4l_pTHj_genbin3_recobin4 acc 0.0311 eff 0.0195 outinratio 0.0502 

ttH126_4mu_pT4l_pTHj_genbin3_recobin4 acc 0.0082 eff 0.0051 outinratio 0.1464 

ggH126_4mu_pT4l_pTHj_genbin4_recobin4 acc 0.0254 eff 0.6703 outinratio 0.0313 

VBFH126_4mu_pT4l_pTHj_genbin4_recobin4 acc 0.0996 eff 0.7475 outinratio 0.0293 

WminusH126_4mu_pT4l_pTHj_genbin4_recobin4 acc 0.0472 eff 0.6987 outinratio 0.0299 

WplusH126_4mu_pT4l_pTHj_genbin4_recobin4 acc 0.0401 eff 0.7051 outinratio 0.0101 

ZH126_4mu_pT4l_pTHj_genbin4_recobin4 acc 0.0399 eff 0.7344 outinratio 0.0502 

ttH126_4mu_pT4l_pTHj_genbin4_recobin4 acc 0.0204 eff 0.571 outinratio 0.1464 

ggH126_4mu_pT4l_pTHj_genbin5_recobin4 acc 0.0304 eff 0.0088 outinratio 0.0313 

VBFH126_4mu_pT4l_pTHj_genbin5_recobin4 acc 0.1288 eff 0.0458 outinratio 0.0293 

WminusH126_4mu_pT4l_pTHj_genbin5_recobin4 acc 0.0904 eff 0.0334 outinratio 0.0299 

WplusH126_4mu_pT4l_pTHj_genbin5_recobin4 acc 0.088 eff 0.0254 outinratio 0.0101 

ZH126_4mu_pT4l_pTHj_genbin5_recobin4 acc 0.1015 eff 0.0545 outinratio 0.0502 

ttH126_4mu_pT4l_pTHj_genbin5_recobin4 acc 0.2069 eff 0.0143 outinratio 0.1464 

ggH126_4mu_pT4l_pTHj_genbin6_recobin4 acc 0.0076 eff -1.0 outinratio 0.0313 

VBFH126_4mu_pT4l_pTHj_genbin6_recobin4 acc 0.0391 eff 0.0234 outinratio 0.0293 

WminusH126_4mu_pT4l_pTHj_genbin6_recobin4 acc 0.0342 eff 0.0307 outinratio 0.0299 

WplusH126_4mu_pT4l_pTHj_genbin6_recobin4 acc 0.041 eff 0.0502 outinratio 0.0101 

ZH126_4mu_pT4l_pTHj_genbin6_recobin4 acc 0.0395 eff 0.0169 outinratio 0.0502 

ttH126_4mu_pT4l_pTHj_genbin6_recobin4 acc 0.0949 eff 0.0115 outinratio 0.1464 

ggH126_4mu_pT4l_pTHj_genbin0_recobin5 acc 0.2815 eff 0.0393 outinratio 0.0089 

VBFH126_4mu_pT4l_pTHj_genbin0_recobin5 acc 0.0439 eff 0.0524 outinratio 0.0667 

WminusH126_4mu_pT4l_pTHj_genbin0_recobin5 acc 0.0883 eff 0.089 outinratio 0.0707 

WplusH126_4mu_pT4l_pTHj_genbin0_recobin5 acc 0.083 eff 0.1117 outinratio 0.0572 

ZH126_4mu_pT4l_pTHj_genbin0_recobin5 acc 0.0728 eff 0.0645 outinratio 0.0685 

ttH126_4mu_pT4l_pTHj_genbin0_recobin5 acc 0.0007 eff 0.2928 outinratio 0.154 

ggH126_4mu_pT4l_pTHj_genbin1_recobin5 acc 0.0406 eff 0.0233 outinratio 0.0089 

VBFH126_4mu_pT4l_pTHj_genbin1_recobin5 acc 0.0496 eff 0.1673 outinratio 0.0667 

WminusH126_4mu_pT4l_pTHj_genbin1_recobin5 acc 0.0375 eff 0.1348 outinratio 0.0707 

WplusH126_4mu_pT4l_pTHj_genbin1_recobin5 acc 0.029 eff 0.1962 outinratio 0.0572 

ZH126_4mu_pT4l_pTHj_genbin1_recobin5 acc 0.0335 eff 0.1165 outinratio 0.0685 

ttH126_4mu_pT4l_pTHj_genbin1_recobin5 acc 0.0037 eff 0.3511 outinratio 0.154 

ggH126_4mu_pT4l_pTHj_genbin2_recobin5 acc 0.0414 eff 0.0552 outinratio 0.0089 

VBFH126_4mu_pT4l_pTHj_genbin2_recobin5 acc 0.0718 eff 0.1477 outinratio 0.0667 

WminusH126_4mu_pT4l_pTHj_genbin2_recobin5 acc 0.0391 eff 0.0781 outinratio 0.0707 

WplusH126_4mu_pT4l_pTHj_genbin2_recobin5 acc 0.0281 eff 0.1045 outinratio 0.0572 

ZH126_4mu_pT4l_pTHj_genbin2_recobin5 acc 0.0375 eff 0.0764 outinratio 0.0685 

ttH126_4mu_pT4l_pTHj_genbin2_recobin5 acc 0.0055 eff 0.3609 outinratio 0.154 

ggH126_4mu_pT4l_pTHj_genbin3_recobin5 acc 0.0296 eff 0.0207 outinratio 0.0089 

VBFH126_4mu_pT4l_pTHj_genbin3_recobin5 acc 0.0644 eff 0.0565 outinratio 0.0667 

WminusH126_4mu_pT4l_pTHj_genbin3_recobin5 acc 0.0359 eff 0.0456 outinratio 0.0707 

WplusH126_4mu_pT4l_pTHj_genbin3_recobin5 acc 0.0312 eff 0.0455 outinratio 0.0572 

ZH126_4mu_pT4l_pTHj_genbin3_recobin5 acc 0.0311 eff 0.0756 outinratio 0.0685 

ttH126_4mu_pT4l_pTHj_genbin3_recobin5 acc 0.0082 eff 0.2286 outinratio 0.154 

ggH126_4mu_pT4l_pTHj_genbin4_recobin5 acc 0.0254 eff 0.0225 outinratio 0.0089 

VBFH126_4mu_pT4l_pTHj_genbin4_recobin5 acc 0.0996 eff 0.0824 outinratio 0.0667 

WminusH126_4mu_pT4l_pTHj_genbin4_recobin5 acc 0.0472 eff 0.0896 outinratio 0.0707 

WplusH126_4mu_pT4l_pTHj_genbin4_recobin5 acc 0.0401 eff 0.0619 outinratio 0.0572 

ZH126_4mu_pT4l_pTHj_genbin4_recobin5 acc 0.0399 eff 0.0886 outinratio 0.0685 

ttH126_4mu_pT4l_pTHj_genbin4_recobin5 acc 0.0204 eff 0.1753 outinratio 0.154 

ggH126_4mu_pT4l_pTHj_genbin5_recobin5 acc 0.0304 eff 0.5924 outinratio 0.0089 

VBFH126_4mu_pT4l_pTHj_genbin5_recobin5 acc 0.1288 eff 0.7075 outinratio 0.0667 

WminusH126_4mu_pT4l_pTHj_genbin5_recobin5 acc 0.0904 eff 0.7069 outinratio 0.0707 

WplusH126_4mu_pT4l_pTHj_genbin5_recobin5 acc 0.088 eff 0.7566 outinratio 0.0572 

ZH126_4mu_pT4l_pTHj_genbin5_recobin5 acc 0.1015 eff 0.7014 outinratio 0.0685 

ttH126_4mu_pT4l_pTHj_genbin5_recobin5 acc 0.2069 eff 0.7241 outinratio 0.154 

ggH126_4mu_pT4l_pTHj_genbin6_recobin5 acc 0.0076 eff -1.0 outinratio 0.0089 

VBFH126_4mu_pT4l_pTHj_genbin6_recobin5 acc 0.0391 eff 0.0083 outinratio 0.0667 

WminusH126_4mu_pT4l_pTHj_genbin6_recobin5 acc 0.0342 eff 0.0252 outinratio 0.0707 

WplusH126_4mu_pT4l_pTHj_genbin6_recobin5 acc 0.041 eff 0.021 outinratio 0.0572 

ZH126_4mu_pT4l_pTHj_genbin6_recobin5 acc 0.0395 eff 0.0118 outinratio 0.0685 

ttH126_4mu_pT4l_pTHj_genbin6_recobin5 acc 0.0949 eff 0.0093 outinratio 0.154 

ggH126_4mu_pT4l_pTHj_genbin0_recobin6 acc 0.2815 eff 0.0 outinratio 0.0 

VBFH126_4mu_pT4l_pTHj_genbin0_recobin6 acc 0.0439 eff 0.0 outinratio 0.0196 

WminusH126_4mu_pT4l_pTHj_genbin0_recobin6 acc 0.0883 eff 0.0217 outinratio 0.0742 

WplusH126_4mu_pT4l_pTHj_genbin0_recobin6 acc 0.083 eff 0.0132 outinratio 0.0526 

ZH126_4mu_pT4l_pTHj_genbin0_recobin6 acc 0.0728 eff 0.0078 outinratio 0.0646 

ttH126_4mu_pT4l_pTHj_genbin0_recobin6 acc 0.0007 eff 0.2531 outinratio 0.1007 

ggH126_4mu_pT4l_pTHj_genbin1_recobin6 acc 0.0406 eff 0.0 outinratio 0.0 

VBFH126_4mu_pT4l_pTHj_genbin1_recobin6 acc 0.0496 eff 0.0 outinratio 0.0196 

WminusH126_4mu_pT4l_pTHj_genbin1_recobin6 acc 0.0375 eff 0.0 outinratio 0.0742 

WplusH126_4mu_pT4l_pTHj_genbin1_recobin6 acc 0.029 eff 0.0 outinratio 0.0526 

ZH126_4mu_pT4l_pTHj_genbin1_recobin6 acc 0.0335 eff 0.0 outinratio 0.0646 

ttH126_4mu_pT4l_pTHj_genbin1_recobin6 acc 0.0037 eff 0.0 outinratio 0.1007 

ggH126_4mu_pT4l_pTHj_genbin2_recobin6 acc 0.0414 eff 0.0 outinratio 0.0 

VBFH126_4mu_pT4l_pTHj_genbin2_recobin6 acc 0.0718 eff 0.0 outinratio 0.0196 

WminusH126_4mu_pT4l_pTHj_genbin2_recobin6 acc 0.0391 eff 0.0 outinratio 0.0742 

WplusH126_4mu_pT4l_pTHj_genbin2_recobin6 acc 0.0281 eff 0.0 outinratio 0.0526 

ZH126_4mu_pT4l_pTHj_genbin2_recobin6 acc 0.0375 eff 0.0 outinratio 0.0646 

ttH126_4mu_pT4l_pTHj_genbin2_recobin6 acc 0.0055 eff 0.0 outinratio 0.1007 

ggH126_4mu_pT4l_pTHj_genbin3_recobin6 acc 0.0296 eff 0.0 outinratio 0.0 

VBFH126_4mu_pT4l_pTHj_genbin3_recobin6 acc 0.0644 eff 0.0 outinratio 0.0196 

WminusH126_4mu_pT4l_pTHj_genbin3_recobin6 acc 0.0359 eff 0.0 outinratio 0.0742 

WplusH126_4mu_pT4l_pTHj_genbin3_recobin6 acc 0.0312 eff 0.0 outinratio 0.0526 

ZH126_4mu_pT4l_pTHj_genbin3_recobin6 acc 0.0311 eff 0.0 outinratio 0.0646 

ttH126_4mu_pT4l_pTHj_genbin3_recobin6 acc 0.0082 eff 0.0 outinratio 0.1007 

ggH126_4mu_pT4l_pTHj_genbin4_recobin6 acc 0.0254 eff 0.0 outinratio 0.0 

VBFH126_4mu_pT4l_pTHj_genbin4_recobin6 acc 0.0996 eff 0.0264 outinratio 0.0196 

WminusH126_4mu_pT4l_pTHj_genbin4_recobin6 acc 0.0472 eff 0.0438 outinratio 0.0742 

WplusH126_4mu_pT4l_pTHj_genbin4_recobin6 acc 0.0401 eff 0.0295 outinratio 0.0526 

ZH126_4mu_pT4l_pTHj_genbin4_recobin6 acc 0.0399 eff 0.0336 outinratio 0.0646 

ttH126_4mu_pT4l_pTHj_genbin4_recobin6 acc 0.0204 eff 0.0291 outinratio 0.1007 

ggH126_4mu_pT4l_pTHj_genbin5_recobin6 acc 0.0304 eff 0.0 outinratio 0.0 

VBFH126_4mu_pT4l_pTHj_genbin5_recobin6 acc 0.1288 eff 0.0102 outinratio 0.0196 

WminusH126_4mu_pT4l_pTHj_genbin5_recobin6 acc 0.0904 eff 0.0037 outinratio 0.0742 

WplusH126_4mu_pT4l_pTHj_genbin5_recobin6 acc 0.088 eff 0.0042 outinratio 0.0526 

ZH126_4mu_pT4l_pTHj_genbin5_recobin6 acc 0.1015 eff 0.0021 outinratio 0.0646 

ttH126_4mu_pT4l_pTHj_genbin5_recobin6 acc 0.2069 eff 0.0041 outinratio 0.1007 

ggH126_4mu_pT4l_pTHj_genbin6_recobin6 acc 0.0076 eff -1.0 outinratio 0.0 

VBFH126_4mu_pT4l_pTHj_genbin6_recobin6 acc 0.0391 eff 0.746 outinratio 0.0196 

WminusH126_4mu_pT4l_pTHj_genbin6_recobin6 acc 0.0342 eff 0.7293 outinratio 0.0742 

WplusH126_4mu_pT4l_pTHj_genbin6_recobin6 acc 0.041 eff 0.694 outinratio 0.0526 

ZH126_4mu_pT4l_pTHj_genbin6_recobin6 acc 0.0395 eff 0.8282 outinratio 0.0646 

ttH126_4mu_pT4l_pTHj_genbin6_recobin6 acc 0.0949 eff 0.7818 outinratio 0.1007 

ggH126_2e2mu_pT4l_pTHj_genbin0_recobin0 acc 0.258 eff 0.464 outinratio 0.0157 

VBFH126_2e2mu_pT4l_pTHj_genbin0_recobin0 acc 0.0393 eff 0.3598 outinratio 0.0355 

WminusH126_2e2mu_pT4l_pTHj_genbin0_recobin0 acc 0.0788 eff 0.3681 outinratio 0.0663 

WplusH126_2e2mu_pT4l_pTHj_genbin0_recobin0 acc 0.0699 eff 0.3799 outinratio 0.0898 

ZH126_2e2mu_pT4l_pTHj_genbin0_recobin0 acc 0.0765 eff 0.4148 outinratio 0.0706 

ttH126_2e2mu_pT4l_pTHj_genbin0_recobin0 acc 0.0008 eff 0.0426 outinratio 0.1023 

ggH126_2e2mu_pT4l_pTHj_genbin1_recobin0 acc 0.0306 eff 0.1013 outinratio 0.0157 

VBFH126_2e2mu_pT4l_pTHj_genbin1_recobin0 acc 0.0453 eff 0.0497 outinratio 0.0355 

WminusH126_2e2mu_pT4l_pTHj_genbin1_recobin0 acc 0.0344 eff 0.0432 outinratio 0.0663 

WplusH126_2e2mu_pT4l_pTHj_genbin1_recobin0 acc 0.0327 eff 0.0616 outinratio 0.0898 

ZH126_2e2mu_pT4l_pTHj_genbin1_recobin0 acc 0.0352 eff 0.0496 outinratio 0.0706 

ttH126_2e2mu_pT4l_pTHj_genbin1_recobin0 acc 0.0025 eff 0.0 outinratio 0.1023 

ggH126_2e2mu_pT4l_pTHj_genbin2_recobin0 acc 0.0348 eff 0.0437 outinratio 0.0157 

VBFH126_2e2mu_pT4l_pTHj_genbin2_recobin0 acc 0.0633 eff 0.0253 outinratio 0.0355 

WminusH126_2e2mu_pT4l_pTHj_genbin2_recobin0 acc 0.036 eff 0.0253 outinratio 0.0663 

WplusH126_2e2mu_pT4l_pTHj_genbin2_recobin0 acc 0.037 eff 0.025 outinratio 0.0898 

ZH126_2e2mu_pT4l_pTHj_genbin2_recobin0 acc 0.0377 eff 0.0076 outinratio 0.0706 

ttH126_2e2mu_pT4l_pTHj_genbin2_recobin0 acc 0.0054 eff 0.0 outinratio 0.1023 

ggH126_2e2mu_pT4l_pTHj_genbin3_recobin0 acc 0.0172 eff 0.0 outinratio 0.0157 

VBFH126_2e2mu_pT4l_pTHj_genbin3_recobin0 acc 0.057 eff 0.0056 outinratio 0.0355 

WminusH126_2e2mu_pT4l_pTHj_genbin3_recobin0 acc 0.0329 eff 0.0088 outinratio 0.0663 

WplusH126_2e2mu_pT4l_pTHj_genbin3_recobin0 acc 0.0254 eff 0.0087 outinratio 0.0898 

ZH126_2e2mu_pT4l_pTHj_genbin3_recobin0 acc 0.0264 eff 0.0253 outinratio 0.0706 

ttH126_2e2mu_pT4l_pTHj_genbin3_recobin0 acc 0.0064 eff 0.0 outinratio 0.1023 

ggH126_2e2mu_pT4l_pTHj_genbin4_recobin0 acc 0.0195 eff 0.0 outinratio 0.0157 

VBFH126_2e2mu_pT4l_pTHj_genbin4_recobin0 acc 0.0778 eff 0.005 outinratio 0.0355 

WminusH126_2e2mu_pT4l_pTHj_genbin4_recobin0 acc 0.039 eff 0.0 outinratio 0.0663 

WplusH126_2e2mu_pT4l_pTHj_genbin4_recobin0 acc 0.0323 eff 0.0 outinratio 0.0898 

ZH126_2e2mu_pT4l_pTHj_genbin4_recobin0 acc 0.0401 eff 0.002 outinratio 0.0706 

ttH126_2e2mu_pT4l_pTHj_genbin4_recobin0 acc 0.0209 eff 0.0 outinratio 0.1023 

ggH126_2e2mu_pT4l_pTHj_genbin5_recobin0 acc 0.0255 eff 0.0329 outinratio 0.0157 

VBFH126_2e2mu_pT4l_pTHj_genbin5_recobin0 acc 0.1285 eff 0.0 outinratio 0.0355 

WminusH126_2e2mu_pT4l_pTHj_genbin5_recobin0 acc 0.0892 eff 0.0095 outinratio 0.0663 

WplusH126_2e2mu_pT4l_pTHj_genbin5_recobin0 acc 0.0787 eff 0.0095 outinratio 0.0898 

ZH126_2e2mu_pT4l_pTHj_genbin5_recobin0 acc 0.0883 eff 0.0129 outinratio 0.0706 

ttH126_2e2mu_pT4l_pTHj_genbin5_recobin0 acc 0.1848 eff 0.0003 outinratio 0.1023 

ggH126_2e2mu_pT4l_pTHj_genbin6_recobin0 acc 0.0116 eff 0.0 outinratio 0.0157 

VBFH126_2e2mu_pT4l_pTHj_genbin6_recobin0 acc 0.0337 eff 0.0 outinratio 0.0355 

WminusH126_2e2mu_pT4l_pTHj_genbin6_recobin0 acc 0.0309 eff 0.0038 outinratio 0.0663 

WplusH126_2e2mu_pT4l_pTHj_genbin6_recobin0 acc 0.0318 eff 0.0043 outinratio 0.0898 

ZH126_2e2mu_pT4l_pTHj_genbin6_recobin0 acc 0.0334 eff 0.0 outinratio 0.0706 

ttH126_2e2mu_pT4l_pTHj_genbin6_recobin0 acc 0.0866 eff 0.0003 outinratio 0.1023 

ggH126_2e2mu_pT4l_pTHj_genbin0_recobin1 acc 0.258 eff 0.0332 outinratio 0.1167 

VBFH126_2e2mu_pT4l_pTHj_genbin0_recobin1 acc 0.0393 eff 0.0697 outinratio 0.0068 

WminusH126_2e2mu_pT4l_pTHj_genbin0_recobin1 acc 0.0788 eff 0.0393 outinratio 0.0768 

WplusH126_2e2mu_pT4l_pTHj_genbin0_recobin1 acc 0.0699 eff 0.0385 outinratio 0.0523 

ZH126_2e2mu_pT4l_pTHj_genbin0_recobin1 acc 0.0765 eff 0.0346 outinratio 0.1057 

ttH126_2e2mu_pT4l_pTHj_genbin0_recobin1 acc 0.0008 eff 0.0 outinratio 0.2143 

ggH126_2e2mu_pT4l_pTHj_genbin1_recobin1 acc 0.0306 eff 0.3612 outinratio 0.1167 

VBFH126_2e2mu_pT4l_pTHj_genbin1_recobin1 acc 0.0453 eff 0.3048 outinratio 0.0068 

WminusH126_2e2mu_pT4l_pTHj_genbin1_recobin1 acc 0.0344 eff 0.3872 outinratio 0.0768 

WplusH126_2e2mu_pT4l_pTHj_genbin1_recobin1 acc 0.0327 eff 0.416 outinratio 0.0523 

ZH126_2e2mu_pT4l_pTHj_genbin1_recobin1 acc 0.0352 eff 0.368 outinratio 0.1057 

ttH126_2e2mu_pT4l_pTHj_genbin1_recobin1 acc 0.0025 eff 0.1557 outinratio 0.2143 

ggH126_2e2mu_pT4l_pTHj_genbin2_recobin1 acc 0.0348 eff 0.012 outinratio 0.1167 

VBFH126_2e2mu_pT4l_pTHj_genbin2_recobin1 acc 0.0633 eff 0.0106 outinratio 0.0068 

WminusH126_2e2mu_pT4l_pTHj_genbin2_recobin1 acc 0.036 eff 0.0152 outinratio 0.0768 

WplusH126_2e2mu_pT4l_pTHj_genbin2_recobin1 acc 0.037 eff 0.0125 outinratio 0.0523 

ZH126_2e2mu_pT4l_pTHj_genbin2_recobin1 acc 0.0377 eff 0.0099 outinratio 0.1057 

ttH126_2e2mu_pT4l_pTHj_genbin2_recobin1 acc 0.0054 eff 0.0222 outinratio 0.2143 

ggH126_2e2mu_pT4l_pTHj_genbin3_recobin1 acc 0.0172 eff 0.0 outinratio 0.1167 

VBFH126_2e2mu_pT4l_pTHj_genbin3_recobin1 acc 0.057 eff 0.0 outinratio 0.0068 

WminusH126_2e2mu_pT4l_pTHj_genbin3_recobin1 acc 0.0329 eff 0.0 outinratio 0.0768 

WplusH126_2e2mu_pT4l_pTHj_genbin3_recobin1 acc 0.0254 eff 0.0 outinratio 0.0523 

ZH126_2e2mu_pT4l_pTHj_genbin3_recobin1 acc 0.0264 eff 0.0 outinratio 0.1057 

ttH126_2e2mu_pT4l_pTHj_genbin3_recobin1 acc 0.0064 eff 0.0 outinratio 0.2143 

ggH126_2e2mu_pT4l_pTHj_genbin4_recobin1 acc 0.0195 eff 0.0 outinratio 0.1167 

VBFH126_2e2mu_pT4l_pTHj_genbin4_recobin1 acc 0.0778 eff 0.0 outinratio 0.0068 

WminusH126_2e2mu_pT4l_pTHj_genbin4_recobin1 acc 0.039 eff 0.0 outinratio 0.0768 

WplusH126_2e2mu_pT4l_pTHj_genbin4_recobin1 acc 0.0323 eff 0.0 outinratio 0.0523 

ZH126_2e2mu_pT4l_pTHj_genbin4_recobin1 acc 0.0401 eff 0.0 outinratio 0.1057 

ttH126_2e2mu_pT4l_pTHj_genbin4_recobin1 acc 0.0209 eff 0.0 outinratio 0.2143 

ggH126_2e2mu_pT4l_pTHj_genbin5_recobin1 acc 0.0255 eff 0.0 outinratio 0.1167 

VBFH126_2e2mu_pT4l_pTHj_genbin5_recobin1 acc 0.1285 eff 0.0038 outinratio 0.0068 

WminusH126_2e2mu_pT4l_pTHj_genbin5_recobin1 acc 0.0892 eff 0.0043 outinratio 0.0768 

WplusH126_2e2mu_pT4l_pTHj_genbin5_recobin1 acc 0.0787 eff 0.0074 outinratio 0.0523 

ZH126_2e2mu_pT4l_pTHj_genbin5_recobin1 acc 0.0883 eff 0.0131 outinratio 0.1057 

ttH126_2e2mu_pT4l_pTHj_genbin5_recobin1 acc 0.1848 eff 0.0027 outinratio 0.2143 

ggH126_2e2mu_pT4l_pTHj_genbin6_recobin1 acc 0.0116 eff 0.0 outinratio 0.1167 

VBFH126_2e2mu_pT4l_pTHj_genbin6_recobin1 acc 0.0337 eff 0.0 outinratio 0.0068 

WminusH126_2e2mu_pT4l_pTHj_genbin6_recobin1 acc 0.0309 eff 0.0 outinratio 0.0768 

WplusH126_2e2mu_pT4l_pTHj_genbin6_recobin1 acc 0.0318 eff 0.0 outinratio 0.0523 

ZH126_2e2mu_pT4l_pTHj_genbin6_recobin1 acc 0.0334 eff 0.0 outinratio 0.1057 

ttH126_2e2mu_pT4l_pTHj_genbin6_recobin1 acc 0.0866 eff 0.0 outinratio 0.2143 

ggH126_2e2mu_pT4l_pTHj_genbin0_recobin2 acc 0.258 eff 0.0057 outinratio 0.1022 

VBFH126_2e2mu_pT4l_pTHj_genbin0_recobin2 acc 0.0393 eff 0.0266 outinratio 0.019 

WminusH126_2e2mu_pT4l_pTHj_genbin0_recobin2 acc 0.0788 eff 0.0243 outinratio 0.0618 

WplusH126_2e2mu_pT4l_pTHj_genbin0_recobin2 acc 0.0699 eff 0.0229 outinratio 0.0973 

ZH126_2e2mu_pT4l_pTHj_genbin0_recobin2 acc 0.0765 eff 0.0142 outinratio 0.0749 

ttH126_2e2mu_pT4l_pTHj_genbin0_recobin2 acc 0.0008 eff 0.0356 outinratio 0.1692 

ggH126_2e2mu_pT4l_pTHj_genbin1_recobin2 acc 0.0306 eff 0.0433 outinratio 0.1022 

VBFH126_2e2mu_pT4l_pTHj_genbin1_recobin2 acc 0.0453 eff 0.0123 outinratio 0.019 

WminusH126_2e2mu_pT4l_pTHj_genbin1_recobin2 acc 0.0344 eff 0.0167 outinratio 0.0618 

WplusH126_2e2mu_pT4l_pTHj_genbin1_recobin2 acc 0.0327 eff 0.0086 outinratio 0.0973 

ZH126_2e2mu_pT4l_pTHj_genbin1_recobin2 acc 0.0352 eff 0.0157 outinratio 0.0749 

ttH126_2e2mu_pT4l_pTHj_genbin1_recobin2 acc 0.0025 eff 0.0 outinratio 0.1692 

ggH126_2e2mu_pT4l_pTHj_genbin2_recobin2 acc 0.0348 eff 0.376 outinratio 0.1022 

VBFH126_2e2mu_pT4l_pTHj_genbin2_recobin2 acc 0.0633 eff 0.3938 outinratio 0.019 

WminusH126_2e2mu_pT4l_pTHj_genbin2_recobin2 acc 0.036 eff 0.4584 outinratio 0.0618 

WplusH126_2e2mu_pT4l_pTHj_genbin2_recobin2 acc 0.037 eff 0.3897 outinratio 0.0973 

ZH126_2e2mu_pT4l_pTHj_genbin2_recobin2 acc 0.0377 eff 0.3834 outinratio 0.0749 

ttH126_2e2mu_pT4l_pTHj_genbin2_recobin2 acc 0.0054 eff 0.262 outinratio 0.1692 

ggH126_2e2mu_pT4l_pTHj_genbin3_recobin2 acc 0.0172 eff 0.0201 outinratio 0.1022 

VBFH126_2e2mu_pT4l_pTHj_genbin3_recobin2 acc 0.057 eff 0.0127 outinratio 0.019 

WminusH126_2e2mu_pT4l_pTHj_genbin3_recobin2 acc 0.0329 eff 0.0175 outinratio 0.0618 

WplusH126_2e2mu_pT4l_pTHj_genbin3_recobin2 acc 0.0254 eff 0.0322 outinratio 0.0973 

ZH126_2e2mu_pT4l_pTHj_genbin3_recobin2 acc 0.0264 eff 0.0287 outinratio 0.0749 

ttH126_2e2mu_pT4l_pTHj_genbin3_recobin2 acc 0.0064 eff 0.0005 outinratio 0.1692 

ggH126_2e2mu_pT4l_pTHj_genbin4_recobin2 acc 0.0195 eff 0.0 outinratio 0.1022 

VBFH126_2e2mu_pT4l_pTHj_genbin4_recobin2 acc 0.0778 eff 0.0 outinratio 0.019 

WminusH126_2e2mu_pT4l_pTHj_genbin4_recobin2 acc 0.039 eff 0.0 outinratio 0.0618 

WplusH126_2e2mu_pT4l_pTHj_genbin4_recobin2 acc 0.0323 eff 0.0 outinratio 0.0973 

ZH126_2e2mu_pT4l_pTHj_genbin4_recobin2 acc 0.0401 eff 0.0 outinratio 0.0749 

ttH126_2e2mu_pT4l_pTHj_genbin4_recobin2 acc 0.0209 eff 0.0 outinratio 0.1692 

ggH126_2e2mu_pT4l_pTHj_genbin5_recobin2 acc 0.0255 eff 0.0 outinratio 0.1022 

VBFH126_2e2mu_pT4l_pTHj_genbin5_recobin2 acc 0.1285 eff 0.0044 outinratio 0.019 

WminusH126_2e2mu_pT4l_pTHj_genbin5_recobin2 acc 0.0892 eff 0.013 outinratio 0.0618 

WplusH126_2e2mu_pT4l_pTHj_genbin5_recobin2 acc 0.0787 eff 0.0133 outinratio 0.0973 

ZH126_2e2mu_pT4l_pTHj_genbin5_recobin2 acc 0.0883 eff 0.0064 outinratio 0.0749 

ttH126_2e2mu_pT4l_pTHj_genbin5_recobin2 acc 0.1848 eff 0.0043 outinratio 0.1692 

ggH126_2e2mu_pT4l_pTHj_genbin6_recobin2 acc 0.0116 eff 0.0 outinratio 0.1022 

VBFH126_2e2mu_pT4l_pTHj_genbin6_recobin2 acc 0.0337 eff 0.0 outinratio 0.019 

WminusH126_2e2mu_pT4l_pTHj_genbin6_recobin2 acc 0.0309 eff 0.0 outinratio 0.0618 

WplusH126_2e2mu_pT4l_pTHj_genbin6_recobin2 acc 0.0318 eff 0.0 outinratio 0.0973 

ZH126_2e2mu_pT4l_pTHj_genbin6_recobin2 acc 0.0334 eff 0.0 outinratio 0.0749 

ttH126_2e2mu_pT4l_pTHj_genbin6_recobin2 acc 0.0866 eff 0.0 outinratio 0.1692 

ggH126_2e2mu_pT4l_pTHj_genbin0_recobin3 acc 0.258 eff 0.0 outinratio 0.0492 

VBFH126_2e2mu_pT4l_pTHj_genbin0_recobin3 acc 0.0393 eff 0.0 outinratio 0.0377 

WminusH126_2e2mu_pT4l_pTHj_genbin0_recobin3 acc 0.0788 eff 0.0109 outinratio 0.0585 

WplusH126_2e2mu_pT4l_pTHj_genbin0_recobin3 acc 0.0699 eff 0.0115 outinratio 0.0476 

ZH126_2e2mu_pT4l_pTHj_genbin0_recobin3 acc 0.0765 eff 0.0081 outinratio 0.0669 

ttH126_2e2mu_pT4l_pTHj_genbin0_recobin3 acc 0.0008 eff 0.0331 outinratio 0.1636 

ggH126_2e2mu_pT4l_pTHj_genbin1_recobin3 acc 0.0306 eff 0.0 outinratio 0.0492 

VBFH126_2e2mu_pT4l_pTHj_genbin1_recobin3 acc 0.0453 eff 0.0 outinratio 0.0377 

WminusH126_2e2mu_pT4l_pTHj_genbin1_recobin3 acc 0.0344 eff 0.0 outinratio 0.0585 

WplusH126_2e2mu_pT4l_pTHj_genbin1_recobin3 acc 0.0327 eff 0.0 outinratio 0.0476 

ZH126_2e2mu_pT4l_pTHj_genbin1_recobin3 acc 0.0352 eff 0.0 outinratio 0.0669 

ttH126_2e2mu_pT4l_pTHj_genbin1_recobin3 acc 0.0025 eff 0.0 outinratio 0.1636 

ggH126_2e2mu_pT4l_pTHj_genbin2_recobin3 acc 0.0348 eff 0.0 outinratio 0.0492 

VBFH126_2e2mu_pT4l_pTHj_genbin2_recobin3 acc 0.0633 eff 0.0119 outinratio 0.0377 

WminusH126_2e2mu_pT4l_pTHj_genbin2_recobin3 acc 0.036 eff 0.0116 outinratio 0.0585 

WplusH126_2e2mu_pT4l_pTHj_genbin2_recobin3 acc 0.037 eff 0.0142 outinratio 0.0476 

ZH126_2e2mu_pT4l_pTHj_genbin2_recobin3 acc 0.0377 eff 0.0224 outinratio 0.0669 

ttH126_2e2mu_pT4l_pTHj_genbin2_recobin3 acc 0.0054 eff 0.0088 outinratio 0.1636 

ggH126_2e2mu_pT4l_pTHj_genbin3_recobin3 acc 0.0172 eff 0.4824 outinratio 0.0492 

VBFH126_2e2mu_pT4l_pTHj_genbin3_recobin3 acc 0.057 eff 0.4122 outinratio 0.0377 

WminusH126_2e2mu_pT4l_pTHj_genbin3_recobin3 acc 0.0329 eff 0.4416 outinratio 0.0585 

WplusH126_2e2mu_pT4l_pTHj_genbin3_recobin3 acc 0.0254 eff 0.4144 outinratio 0.0476 

ZH126_2e2mu_pT4l_pTHj_genbin3_recobin3 acc 0.0264 eff 0.4095 outinratio 0.0669 

ttH126_2e2mu_pT4l_pTHj_genbin3_recobin3 acc 0.0064 eff 0.2906 outinratio 0.1636 

ggH126_2e2mu_pT4l_pTHj_genbin4_recobin3 acc 0.0195 eff 0.0147 outinratio 0.0492 

VBFH126_2e2mu_pT4l_pTHj_genbin4_recobin3 acc 0.0778 eff 0.007 outinratio 0.0377 

WminusH126_2e2mu_pT4l_pTHj_genbin4_recobin3 acc 0.039 eff 0.0168 outinratio 0.0585 

WplusH126_2e2mu_pT4l_pTHj_genbin4_recobin3 acc 0.0323 eff 0.0033 outinratio 0.0476 

ZH126_2e2mu_pT4l_pTHj_genbin4_recobin3 acc 0.0401 eff 0.0119 outinratio 0.0669 

ttH126_2e2mu_pT4l_pTHj_genbin4_recobin3 acc 0.0209 eff 0.011 outinratio 0.1636 

ggH126_2e2mu_pT4l_pTHj_genbin5_recobin3 acc 0.0255 eff 0.0 outinratio 0.0492 

VBFH126_2e2mu_pT4l_pTHj_genbin5_recobin3 acc 0.1285 eff 0.0092 outinratio 0.0377 

WminusH126_2e2mu_pT4l_pTHj_genbin5_recobin3 acc 0.0892 eff 0.015 outinratio 0.0585 

WplusH126_2e2mu_pT4l_pTHj_genbin5_recobin3 acc 0.0787 eff 0.0084 outinratio 0.0476 

ZH126_2e2mu_pT4l_pTHj_genbin5_recobin3 acc 0.0883 eff 0.009 outinratio 0.0669 

ttH126_2e2mu_pT4l_pTHj_genbin5_recobin3 acc 0.1848 eff 0.0043 outinratio 0.1636 

ggH126_2e2mu_pT4l_pTHj_genbin6_recobin3 acc 0.0116 eff 0.0 outinratio 0.0492 

VBFH126_2e2mu_pT4l_pTHj_genbin6_recobin3 acc 0.0337 eff 0.0 outinratio 0.0377 

WminusH126_2e2mu_pT4l_pTHj_genbin6_recobin3 acc 0.0309 eff 0.0 outinratio 0.0585 

WplusH126_2e2mu_pT4l_pTHj_genbin6_recobin3 acc 0.0318 eff 0.0 outinratio 0.0476 

ZH126_2e2mu_pT4l_pTHj_genbin6_recobin3 acc 0.0334 eff 0.0 outinratio 0.0669 

ttH126_2e2mu_pT4l_pTHj_genbin6_recobin3 acc 0.0866 eff 0.0 outinratio 0.1636 

ggH126_2e2mu_pT4l_pTHj_genbin0_recobin4 acc 0.258 eff 0.0 outinratio 0.077 

VBFH126_2e2mu_pT4l_pTHj_genbin0_recobin4 acc 0.0393 eff 0.0 outinratio 0.0248 

WminusH126_2e2mu_pT4l_pTHj_genbin0_recobin4 acc 0.0788 eff 0.0046 outinratio 0.0849 

WplusH126_2e2mu_pT4l_pTHj_genbin0_recobin4 acc 0.0699 eff 0.0073 outinratio 0.0306 

ZH126_2e2mu_pT4l_pTHj_genbin0_recobin4 acc 0.0765 eff 0.0043 outinratio 0.0319 

ttH126_2e2mu_pT4l_pTHj_genbin0_recobin4 acc 0.0008 eff 0.0 outinratio 0.1572 

ggH126_2e2mu_pT4l_pTHj_genbin1_recobin4 acc 0.0306 eff 0.0 outinratio 0.077 

VBFH126_2e2mu_pT4l_pTHj_genbin1_recobin4 acc 0.0453 eff 0.0 outinratio 0.0248 

WminusH126_2e2mu_pT4l_pTHj_genbin1_recobin4 acc 0.0344 eff 0.0 outinratio 0.0849 

WplusH126_2e2mu_pT4l_pTHj_genbin1_recobin4 acc 0.0327 eff 0.0 outinratio 0.0306 

ZH126_2e2mu_pT4l_pTHj_genbin1_recobin4 acc 0.0352 eff 0.0 outinratio 0.0319 

ttH126_2e2mu_pT4l_pTHj_genbin1_recobin4 acc 0.0025 eff 0.0 outinratio 0.1572 

ggH126_2e2mu_pT4l_pTHj_genbin2_recobin4 acc 0.0348 eff 0.0 outinratio 0.077 

VBFH126_2e2mu_pT4l_pTHj_genbin2_recobin4 acc 0.0633 eff 0.0 outinratio 0.0248 

WminusH126_2e2mu_pT4l_pTHj_genbin2_recobin4 acc 0.036 eff 0.0 outinratio 0.0849 

WplusH126_2e2mu_pT4l_pTHj_genbin2_recobin4 acc 0.037 eff 0.0 outinratio 0.0306 

ZH126_2e2mu_pT4l_pTHj_genbin2_recobin4 acc 0.0377 eff 0.0 outinratio 0.0319 

ttH126_2e2mu_pT4l_pTHj_genbin2_recobin4 acc 0.0054 eff 0.0 outinratio 0.1572 

ggH126_2e2mu_pT4l_pTHj_genbin3_recobin4 acc 0.0172 eff 0.0 outinratio 0.077 

VBFH126_2e2mu_pT4l_pTHj_genbin3_recobin4 acc 0.057 eff 0.0231 outinratio 0.0248 

WminusH126_2e2mu_pT4l_pTHj_genbin3_recobin4 acc 0.0329 eff 0.0043 outinratio 0.0849 

WplusH126_2e2mu_pT4l_pTHj_genbin3_recobin4 acc 0.0254 eff 0.002 outinratio 0.0306 

ZH126_2e2mu_pT4l_pTHj_genbin3_recobin4 acc 0.0264 eff 0.0169 outinratio 0.0319 

ttH126_2e2mu_pT4l_pTHj_genbin3_recobin4 acc 0.0064 eff 0.0035 outinratio 0.1572 

ggH126_2e2mu_pT4l_pTHj_genbin4_recobin4 acc 0.0195 eff 0.3714 outinratio 0.077 

VBFH126_2e2mu_pT4l_pTHj_genbin4_recobin4 acc 0.0778 eff 0.4692 outinratio 0.0248 

WminusH126_2e2mu_pT4l_pTHj_genbin4_recobin4 acc 0.039 eff 0.5243 outinratio 0.0849 

WplusH126_2e2mu_pT4l_pTHj_genbin4_recobin4 acc 0.0323 eff 0.4903 outinratio 0.0306 

ZH126_2e2mu_pT4l_pTHj_genbin4_recobin4 acc 0.0401 eff 0.4611 outinratio 0.0319 

ttH126_2e2mu_pT4l_pTHj_genbin4_recobin4 acc 0.0209 eff 0.3435 outinratio 0.1572 

ggH126_2e2mu_pT4l_pTHj_genbin5_recobin4 acc 0.0255 eff 0.0129 outinratio 0.077 

VBFH126_2e2mu_pT4l_pTHj_genbin5_recobin4 acc 0.1285 eff 0.0336 outinratio 0.0248 

WminusH126_2e2mu_pT4l_pTHj_genbin5_recobin4 acc 0.0892 eff 0.0259 outinratio 0.0849 

WplusH126_2e2mu_pT4l_pTHj_genbin5_recobin4 acc 0.0787 eff 0.0241 outinratio 0.0306 

ZH126_2e2mu_pT4l_pTHj_genbin5_recobin4 acc 0.0883 eff 0.0248 outinratio 0.0319 

ttH126_2e2mu_pT4l_pTHj_genbin5_recobin4 acc 0.1848 eff 0.009 outinratio 0.1572 

ggH126_2e2mu_pT4l_pTHj_genbin6_recobin4 acc 0.0116 eff 0.1062 outinratio 0.077 

VBFH126_2e2mu_pT4l_pTHj_genbin6_recobin4 acc 0.0337 eff 0.031 outinratio 0.0248 

WminusH126_2e2mu_pT4l_pTHj_genbin6_recobin4 acc 0.0309 eff 0.022 outinratio 0.0849 

WplusH126_2e2mu_pT4l_pTHj_genbin6_recobin4 acc 0.0318 eff 0.0362 outinratio 0.0306 

ZH126_2e2mu_pT4l_pTHj_genbin6_recobin4 acc 0.0334 eff 0.0214 outinratio 0.0319 

ttH126_2e2mu_pT4l_pTHj_genbin6_recobin4 acc 0.0866 eff 0.0071 outinratio 0.1572 

ggH126_2e2mu_pT4l_pTHj_genbin0_recobin5 acc 0.258 eff 0.0089 outinratio 0.0234 

VBFH126_2e2mu_pT4l_pTHj_genbin0_recobin5 acc 0.0393 eff 0.0312 outinratio 0.0424 

WminusH126_2e2mu_pT4l_pTHj_genbin0_recobin5 acc 0.0788 eff 0.0625 outinratio 0.104 

WplusH126_2e2mu_pT4l_pTHj_genbin0_recobin5 acc 0.0699 eff 0.0811 outinratio 0.0562 

ZH126_2e2mu_pT4l_pTHj_genbin0_recobin5 acc 0.0765 eff 0.0409 outinratio 0.1141 

ttH126_2e2mu_pT4l_pTHj_genbin0_recobin5 acc 0.0008 eff 0.5181 outinratio 0.2094 

ggH126_2e2mu_pT4l_pTHj_genbin1_recobin5 acc 0.0306 eff 0.0115 outinratio 0.0234 

VBFH126_2e2mu_pT4l_pTHj_genbin1_recobin5 acc 0.0453 eff 0.1235 outinratio 0.0424 

WminusH126_2e2mu_pT4l_pTHj_genbin1_recobin5 acc 0.0344 eff 0.0649 outinratio 0.104 

WplusH126_2e2mu_pT4l_pTHj_genbin1_recobin5 acc 0.0327 eff 0.0854 outinratio 0.0562 

ZH126_2e2mu_pT4l_pTHj_genbin1_recobin5 acc 0.0352 eff 0.0979 outinratio 0.1141 

ttH126_2e2mu_pT4l_pTHj_genbin1_recobin5 acc 0.0025 eff 0.2184 outinratio 0.2094 

ggH126_2e2mu_pT4l_pTHj_genbin2_recobin5 acc 0.0348 eff 0.0312 outinratio 0.0234 

VBFH126_2e2mu_pT4l_pTHj_genbin2_recobin5 acc 0.0633 eff 0.0859 outinratio 0.0424 

WminusH126_2e2mu_pT4l_pTHj_genbin2_recobin5 acc 0.036 eff 0.0478 outinratio 0.104 

WplusH126_2e2mu_pT4l_pTHj_genbin2_recobin5 acc 0.037 eff 0.0615 outinratio 0.0562 

ZH126_2e2mu_pT4l_pTHj_genbin2_recobin5 acc 0.0377 eff 0.0589 outinratio 0.1141 

ttH126_2e2mu_pT4l_pTHj_genbin2_recobin5 acc 0.0054 eff 0.1659 outinratio 0.2094 

ggH126_2e2mu_pT4l_pTHj_genbin3_recobin5 acc 0.0172 eff 0.0167 outinratio 0.0234 

VBFH126_2e2mu_pT4l_pTHj_genbin3_recobin5 acc 0.057 eff 0.0628 outinratio 0.0424 

WminusH126_2e2mu_pT4l_pTHj_genbin3_recobin5 acc 0.0329 eff 0.0476 outinratio 0.104 

WplusH126_2e2mu_pT4l_pTHj_genbin3_recobin5 acc 0.0254 eff 0.044 outinratio 0.0562 

ZH126_2e2mu_pT4l_pTHj_genbin3_recobin5 acc 0.0264 eff 0.0423 outinratio 0.1141 

ttH126_2e2mu_pT4l_pTHj_genbin3_recobin5 acc 0.0064 eff 0.1159 outinratio 0.2094 

ggH126_2e2mu_pT4l_pTHj_genbin4_recobin5 acc 0.0195 eff 0.0562 outinratio 0.0234 

VBFH126_2e2mu_pT4l_pTHj_genbin4_recobin5 acc 0.0778 eff 0.0547 outinratio 0.0424 

WminusH126_2e2mu_pT4l_pTHj_genbin4_recobin5 acc 0.039 eff 0.0514 outinratio 0.104 

WplusH126_2e2mu_pT4l_pTHj_genbin4_recobin5 acc 0.0323 eff 0.0484 outinratio 0.0562 

ZH126_2e2mu_pT4l_pTHj_genbin4_recobin5 acc 0.0401 eff 0.0626 outinratio 0.1141 

ttH126_2e2mu_pT4l_pTHj_genbin4_recobin5 acc 0.0209 eff 0.0915 outinratio 0.2094 

ggH126_2e2mu_pT4l_pTHj_genbin5_recobin5 acc 0.0255 eff 0.4975 outinratio 0.0234 

VBFH126_2e2mu_pT4l_pTHj_genbin5_recobin5 acc 0.1285 eff 0.4483 outinratio 0.0424 

WminusH126_2e2mu_pT4l_pTHj_genbin5_recobin5 acc 0.0892 eff 0.4552 outinratio 0.104 

WplusH126_2e2mu_pT4l_pTHj_genbin5_recobin5 acc 0.0787 eff 0.4593 outinratio 0.0562 

ZH126_2e2mu_pT4l_pTHj_genbin5_recobin5 acc 0.0883 eff 0.4566 outinratio 0.1141 

ttH126_2e2mu_pT4l_pTHj_genbin5_recobin5 acc 0.1848 eff 0.4768 outinratio 0.2094 

ggH126_2e2mu_pT4l_pTHj_genbin6_recobin5 acc 0.0116 eff 0.0 outinratio 0.0234 

VBFH126_2e2mu_pT4l_pTHj_genbin6_recobin5 acc 0.0337 eff 0.0048 outinratio 0.0424 

WminusH126_2e2mu_pT4l_pTHj_genbin6_recobin5 acc 0.0309 eff 0.0141 outinratio 0.104 

WplusH126_2e2mu_pT4l_pTHj_genbin6_recobin5 acc 0.0318 eff 0.019 outinratio 0.0562 

ZH126_2e2mu_pT4l_pTHj_genbin6_recobin5 acc 0.0334 eff 0.0078 outinratio 0.1141 

ttH126_2e2mu_pT4l_pTHj_genbin6_recobin5 acc 0.0866 eff 0.0071 outinratio 0.2094 

ggH126_2e2mu_pT4l_pTHj_genbin0_recobin6 acc 0.258 eff 0.0 outinratio 0.0858 

VBFH126_2e2mu_pT4l_pTHj_genbin0_recobin6 acc 0.0393 eff 0.0 outinratio 0.0388 

WminusH126_2e2mu_pT4l_pTHj_genbin0_recobin6 acc 0.0788 eff 0.0072 outinratio 0.0286 

WplusH126_2e2mu_pT4l_pTHj_genbin0_recobin6 acc 0.0699 eff 0.0077 outinratio 0.1265 

ZH126_2e2mu_pT4l_pTHj_genbin0_recobin6 acc 0.0765 eff 0.0057 outinratio 0.0783 

ttH126_2e2mu_pT4l_pTHj_genbin0_recobin6 acc 0.0008 eff 0.0198 outinratio 0.1312 

ggH126_2e2mu_pT4l_pTHj_genbin1_recobin6 acc 0.0306 eff 0.0 outinratio 0.0858 

VBFH126_2e2mu_pT4l_pTHj_genbin1_recobin6 acc 0.0453 eff 0.0 outinratio 0.0388 

WminusH126_2e2mu_pT4l_pTHj_genbin1_recobin6 acc 0.0344 eff 0.0 outinratio 0.0286 

WplusH126_2e2mu_pT4l_pTHj_genbin1_recobin6 acc 0.0327 eff 0.0 outinratio 0.1265 

ZH126_2e2mu_pT4l_pTHj_genbin1_recobin6 acc 0.0352 eff 0.0 outinratio 0.0783 

ttH126_2e2mu_pT4l_pTHj_genbin1_recobin6 acc 0.0025 eff 0.0 outinratio 0.1312 

ggH126_2e2mu_pT4l_pTHj_genbin2_recobin6 acc 0.0348 eff 0.0 outinratio 0.0858 

VBFH126_2e2mu_pT4l_pTHj_genbin2_recobin6 acc 0.0633 eff 0.0 outinratio 0.0388 

WminusH126_2e2mu_pT4l_pTHj_genbin2_recobin6 acc 0.036 eff 0.0 outinratio 0.0286 

WplusH126_2e2mu_pT4l_pTHj_genbin2_recobin6 acc 0.037 eff 0.0 outinratio 0.1265 

ZH126_2e2mu_pT4l_pTHj_genbin2_recobin6 acc 0.0377 eff 0.0 outinratio 0.0783 

ttH126_2e2mu_pT4l_pTHj_genbin2_recobin6 acc 0.0054 eff 0.0 outinratio 0.1312 

ggH126_2e2mu_pT4l_pTHj_genbin3_recobin6 acc 0.0172 eff 0.0 outinratio 0.0858 

VBFH126_2e2mu_pT4l_pTHj_genbin3_recobin6 acc 0.057 eff 0.0 outinratio 0.0388 

WminusH126_2e2mu_pT4l_pTHj_genbin3_recobin6 acc 0.0329 eff 0.0 outinratio 0.0286 

WplusH126_2e2mu_pT4l_pTHj_genbin3_recobin6 acc 0.0254 eff 0.0 outinratio 0.1265 

ZH126_2e2mu_pT4l_pTHj_genbin3_recobin6 acc 0.0264 eff 0.0 outinratio 0.0783 

ttH126_2e2mu_pT4l_pTHj_genbin3_recobin6 acc 0.0064 eff 0.0 outinratio 0.1312 

ggH126_2e2mu_pT4l_pTHj_genbin4_recobin6 acc 0.0195 eff 0.1094 outinratio 0.0858 

VBFH126_2e2mu_pT4l_pTHj_genbin4_recobin6 acc 0.0778 eff 0.0161 outinratio 0.0388 

WminusH126_2e2mu_pT4l_pTHj_genbin4_recobin6 acc 0.039 eff 0.0173 outinratio 0.0286 

WplusH126_2e2mu_pT4l_pTHj_genbin4_recobin6 acc 0.0323 eff 0.0303 outinratio 0.1265 

ZH126_2e2mu_pT4l_pTHj_genbin4_recobin6 acc 0.0401 eff 0.0238 outinratio 0.0783 

ttH126_2e2mu_pT4l_pTHj_genbin4_recobin6 acc 0.0209 eff 0.0397 outinratio 0.1312 

ggH126_2e2mu_pT4l_pTHj_genbin5_recobin6 acc 0.0255 eff 0.0 outinratio 0.0858 

VBFH126_2e2mu_pT4l_pTHj_genbin5_recobin6 acc 0.1285 eff 0.0 outinratio 0.0388 

WminusH126_2e2mu_pT4l_pTHj_genbin5_recobin6 acc 0.0892 eff 0.0012 outinratio 0.0286 

WplusH126_2e2mu_pT4l_pTHj_genbin5_recobin6 acc 0.0787 eff 0.0 outinratio 0.1265 

ZH126_2e2mu_pT4l_pTHj_genbin5_recobin6 acc 0.0883 eff 0.003 outinratio 0.0783 

ttH126_2e2mu_pT4l_pTHj_genbin5_recobin6 acc 0.1848 eff 0.0018 outinratio 0.1312 

ggH126_2e2mu_pT4l_pTHj_genbin6_recobin6 acc 0.0116 eff 0.3978 outinratio 0.0858 

VBFH126_2e2mu_pT4l_pTHj_genbin6_recobin6 acc 0.0337 eff 0.5217 outinratio 0.0388 

WminusH126_2e2mu_pT4l_pTHj_genbin6_recobin6 acc 0.0309 eff 0.5235 outinratio 0.0286 

WplusH126_2e2mu_pT4l_pTHj_genbin6_recobin6 acc 0.0318 eff 0.4842 outinratio 0.1265 

ZH126_2e2mu_pT4l_pTHj_genbin6_recobin6 acc 0.0334 eff 0.5625 outinratio 0.0783 

ttH126_2e2mu_pT4l_pTHj_genbin6_recobin6 acc 0.0866 eff 0.5385 outinratio 0.1312 

Coeff fullNNLOPS
