Welcome in RunCoefficients!
OPT SPLIT
DEBUG opt.YEAR = 2024_9
It is a single-differential measurement, binning [0.0, 1.0, 2.0, 3.0, 4.0, 20.0]
Nj
Following observables extracted from dictionary: RECO =  Nj  GEN =  GENNj
LUMI: 10.882200000000001
ttH126 0.00046886125
Processing ggH126 2024_9
Signal created
Signal failed created
Processing VBFH126 2024_9
Signal created
Signal failed created
Processing WminusH126 2024_9
Signal created
Signal failed created
Processing WplusH126 2024_9
Signal created
Signal failed created
Processing ZH126 2024_9
Signal created
Signal failed created
Processing ttH126 2024_9
Signal created
Signal failed created
2024_9 SKIMMED df CREATED
2024_9 ggH126
2024_9 VBFH126
2024_9 WminusH126
2024_9 WplusH126
2024_9 ZH126
2024_9 ttH126
Dataframes created successfully
Coeff std
ggH126_4l_Nj_genbin0_recobin0 acc 0.253 eff 0.4617 outinratio 0.0445 

VBFH126_4l_Nj_genbin0_recobin0 acc 0.0379 eff 0.379 outinratio 0.0265 

WminusH126_4l_Nj_genbin0_recobin0 acc 0.082 eff 0.3498 outinratio 0.0531 

WplusH126_4l_Nj_genbin0_recobin0 acc 0.0779 eff 0.3749 outinratio 0.0694 

ZH126_4l_Nj_genbin0_recobin0 acc 0.0733 eff 0.4166 outinratio 0.0642 

ttH126_4l_Nj_genbin0_recobin0 acc 0.0007 eff 0.095 outinratio 0.548 

ggH126_4l_Nj_genbin1_recobin0 acc 0.1086 eff 0.0673 outinratio 0.0445 

VBFH126_4l_Nj_genbin1_recobin0 acc 0.1737 eff 0.0464 outinratio 0.0265 

WminusH126_4l_Nj_genbin1_recobin0 acc 0.1157 eff 0.0402 outinratio 0.0531 

WplusH126_4l_Nj_genbin1_recobin0 acc 0.1051 eff 0.0378 outinratio 0.0694 

ZH126_4l_Nj_genbin1_recobin0 acc 0.1066 eff 0.0372 outinratio 0.0642 

ttH126_4l_Nj_genbin1_recobin0 acc 0.0075 eff 0.0163 outinratio 0.548 

ggH126_4l_Nj_genbin2_recobin0 acc 0.0336 eff 0.01 outinratio 0.0445 

VBFH126_4l_Nj_genbin2_recobin0 acc 0.2072 eff 0.0045 outinratio 0.0265 

WminusH126_4l_Nj_genbin2_recobin0 acc 0.1018 eff 0.0056 outinratio 0.0531 

WplusH126_4l_Nj_genbin2_recobin0 acc 0.0854 eff 0.0043 outinratio 0.0694 

ZH126_4l_Nj_genbin2_recobin0 acc 0.107 eff 0.0037 outinratio 0.0642 

ttH126_4l_Nj_genbin2_recobin0 acc 0.0271 eff 0.0 outinratio 0.548 

ggH126_4l_Nj_genbin3_recobin0 acc 0.0086 eff 0.0 outinratio 0.0445 

VBFH126_4l_Nj_genbin3_recobin0 acc 0.0289 eff 0.002 outinratio 0.0265 

WminusH126_4l_Nj_genbin3_recobin0 acc 0.0368 eff 0.0 outinratio 0.0531 

WplusH126_4l_Nj_genbin3_recobin0 acc 0.0308 eff 0.0023 outinratio 0.0694 

ZH126_4l_Nj_genbin3_recobin0 acc 0.04 eff 0.0 outinratio 0.0642 

ttH126_4l_Nj_genbin3_recobin0 acc 0.0588 eff 0.0001 outinratio 0.548 

ggH126_4l_Nj_genbin4_recobin0 acc 0.0025 eff 0.0 outinratio 0.0445 

VBFH126_4l_Nj_genbin4_recobin0 acc 0.0048 eff 0.0 outinratio 0.0265 

WminusH126_4l_Nj_genbin4_recobin0 acc 0.0161 eff 0.0 outinratio 0.0531 

WplusH126_4l_Nj_genbin4_recobin0 acc 0.0144 eff 0.0 outinratio 0.0694 

ZH126_4l_Nj_genbin4_recobin0 acc 0.0191 eff 0.0013 outinratio 0.0642 

ttH126_4l_Nj_genbin4_recobin0 acc 0.225 eff 0.0 outinratio 0.548 

ggH126_4l_Nj_genbin0_recobin1 acc 0.253 eff 0.0703 outinratio 0.0569 

VBFH126_4l_Nj_genbin0_recobin1 acc 0.0379 eff 0.1479 outinratio 0.0362 

WminusH126_4l_Nj_genbin0_recobin1 acc 0.082 eff 0.1399 outinratio 0.0636 

WplusH126_4l_Nj_genbin0_recobin1 acc 0.0779 eff 0.138 outinratio 0.0522 

ZH126_4l_Nj_genbin0_recobin1 acc 0.0733 eff 0.1053 outinratio 0.0781 

ttH126_4l_Nj_genbin0_recobin1 acc 0.0007 eff 0.1765 outinratio 0.1355 

ggH126_4l_Nj_genbin1_recobin1 acc 0.1086 eff 0.405 outinratio 0.0569 

VBFH126_4l_Nj_genbin1_recobin1 acc 0.1737 eff 0.4145 outinratio 0.0362 

WminusH126_4l_Nj_genbin1_recobin1 acc 0.1157 eff 0.3907 outinratio 0.0636 

WplusH126_4l_Nj_genbin1_recobin1 acc 0.1051 eff 0.3921 outinratio 0.0522 

ZH126_4l_Nj_genbin1_recobin1 acc 0.1066 eff 0.3852 outinratio 0.0781 

ttH126_4l_Nj_genbin1_recobin1 acc 0.0075 eff 0.2033 outinratio 0.1355 

ggH126_4l_Nj_genbin2_recobin1 acc 0.0336 eff 0.1031 outinratio 0.0569 

VBFH126_4l_Nj_genbin2_recobin1 acc 0.2072 eff 0.0902 outinratio 0.0362 

WminusH126_4l_Nj_genbin2_recobin1 acc 0.1018 eff 0.0759 outinratio 0.0636 

WplusH126_4l_Nj_genbin2_recobin1 acc 0.0854 eff 0.0611 outinratio 0.0522 

ZH126_4l_Nj_genbin2_recobin1 acc 0.107 eff 0.0848 outinratio 0.0781 

ttH126_4l_Nj_genbin2_recobin1 acc 0.0271 eff 0.0324 outinratio 0.1355 

ggH126_4l_Nj_genbin3_recobin1 acc 0.0086 eff 0.0172 outinratio 0.0569 

VBFH126_4l_Nj_genbin3_recobin1 acc 0.0289 eff 0.0227 outinratio 0.0362 

WminusH126_4l_Nj_genbin3_recobin1 acc 0.0368 eff 0.0094 outinratio 0.0636 

WplusH126_4l_Nj_genbin3_recobin1 acc 0.0308 eff 0.0116 outinratio 0.0522 

ZH126_4l_Nj_genbin3_recobin1 acc 0.04 eff 0.0212 outinratio 0.0781 

ttH126_4l_Nj_genbin3_recobin1 acc 0.0588 eff 0.0046 outinratio 0.1355 

ggH126_4l_Nj_genbin4_recobin1 acc 0.0025 eff 0.0 outinratio 0.0569 

VBFH126_4l_Nj_genbin4_recobin1 acc 0.0048 eff 0.0022 outinratio 0.0362 

WminusH126_4l_Nj_genbin4_recobin1 acc 0.0161 eff 0.0 outinratio 0.0636 

WplusH126_4l_Nj_genbin4_recobin1 acc 0.0144 eff 0.0 outinratio 0.0522 

ZH126_4l_Nj_genbin4_recobin1 acc 0.0191 eff 0.0 outinratio 0.0781 

ttH126_4l_Nj_genbin4_recobin1 acc 0.225 eff 0.0003 outinratio 0.1355 

ggH126_4l_Nj_genbin0_recobin2 acc 0.253 eff 0.0075 outinratio 0.073 

VBFH126_4l_Nj_genbin0_recobin2 acc 0.0379 eff 0.022 outinratio 0.0316 

WminusH126_4l_Nj_genbin0_recobin2 acc 0.082 eff 0.0165 outinratio 0.0753 

WplusH126_4l_Nj_genbin0_recobin2 acc 0.0779 eff 0.0093 outinratio 0.0734 

ZH126_4l_Nj_genbin0_recobin2 acc 0.0733 eff 0.0192 outinratio 0.0675 

ttH126_4l_Nj_genbin0_recobin2 acc 0.0007 eff 0.1145 outinratio 0.1796 

ggH126_4l_Nj_genbin1_recobin2 acc 0.1086 eff 0.0593 outinratio 0.073 

VBFH126_4l_Nj_genbin1_recobin2 acc 0.1737 eff 0.1002 outinratio 0.0316 

WminusH126_4l_Nj_genbin1_recobin2 acc 0.1157 eff 0.0977 outinratio 0.0753 

WplusH126_4l_Nj_genbin1_recobin2 acc 0.1051 eff 0.1073 outinratio 0.0734 

ZH126_4l_Nj_genbin1_recobin2 acc 0.1066 eff 0.0941 outinratio 0.0675 

ttH126_4l_Nj_genbin1_recobin2 acc 0.0075 eff 0.2243 outinratio 0.1796 

ggH126_4l_Nj_genbin2_recobin2 acc 0.0336 eff 0.4005 outinratio 0.073 

VBFH126_4l_Nj_genbin2_recobin2 acc 0.2072 eff 0.4222 outinratio 0.0316 

WminusH126_4l_Nj_genbin2_recobin2 acc 0.1018 eff 0.3705 outinratio 0.0753 

WplusH126_4l_Nj_genbin2_recobin2 acc 0.0854 eff 0.391 outinratio 0.0734 

ZH126_4l_Nj_genbin2_recobin2 acc 0.107 eff 0.4313 outinratio 0.0675 

ttH126_4l_Nj_genbin2_recobin2 acc 0.0271 eff 0.2638 outinratio 0.1796 

ggH126_4l_Nj_genbin3_recobin2 acc 0.0086 eff 0.1315 outinratio 0.073 

VBFH126_4l_Nj_genbin3_recobin2 acc 0.0289 eff 0.1511 outinratio 0.0316 

WminusH126_4l_Nj_genbin3_recobin2 acc 0.0368 eff 0.1126 outinratio 0.0753 

WplusH126_4l_Nj_genbin3_recobin2 acc 0.0308 eff 0.1057 outinratio 0.0734 

ZH126_4l_Nj_genbin3_recobin2 acc 0.04 eff 0.0951 outinratio 0.0675 

ttH126_4l_Nj_genbin3_recobin2 acc 0.0588 eff 0.0634 outinratio 0.1796 

ggH126_4l_Nj_genbin4_recobin2 acc 0.0025 eff 0.0089 outinratio 0.073 

VBFH126_4l_Nj_genbin4_recobin2 acc 0.0048 eff 0.0382 outinratio 0.0316 

WminusH126_4l_Nj_genbin4_recobin2 acc 0.0161 eff 0.0282 outinratio 0.0753 

WplusH126_4l_Nj_genbin4_recobin2 acc 0.0144 eff 0.0163 outinratio 0.0734 

ZH126_4l_Nj_genbin4_recobin2 acc 0.0191 eff 0.0155 outinratio 0.0675 

ttH126_4l_Nj_genbin4_recobin2 acc 0.225 eff 0.0054 outinratio 0.1796 

ggH126_4l_Nj_genbin0_recobin3 acc 0.253 eff 0.0006 outinratio 0.0621 

VBFH126_4l_Nj_genbin0_recobin3 acc 0.0379 eff 0.0029 outinratio 0.0396 

WminusH126_4l_Nj_genbin0_recobin3 acc 0.082 eff 0.0012 outinratio 0.1155 

WplusH126_4l_Nj_genbin0_recobin3 acc 0.0779 eff 0.0013 outinratio 0.0859 

ZH126_4l_Nj_genbin0_recobin3 acc 0.0733 eff 0.002 outinratio 0.0911 

ttH126_4l_Nj_genbin0_recobin3 acc 0.0007 eff 0.0687 outinratio 0.1458 

ggH126_4l_Nj_genbin1_recobin3 acc 0.1086 eff 0.0058 outinratio 0.0621 

VBFH126_4l_Nj_genbin1_recobin3 acc 0.1737 eff 0.0086 outinratio 0.0396 

WminusH126_4l_Nj_genbin1_recobin3 acc 0.1157 eff 0.0136 outinratio 0.1155 

WplusH126_4l_Nj_genbin1_recobin3 acc 0.1051 eff 0.0158 outinratio 0.0859 

ZH126_4l_Nj_genbin1_recobin3 acc 0.1066 eff 0.0171 outinratio 0.0911 

ttH126_4l_Nj_genbin1_recobin3 acc 0.0075 eff 0.0807 outinratio 0.1458 

ggH126_4l_Nj_genbin2_recobin3 acc 0.0336 eff 0.0648 outinratio 0.0621 

VBFH126_4l_Nj_genbin2_recobin3 acc 0.2072 eff 0.0453 outinratio 0.0396 

WminusH126_4l_Nj_genbin2_recobin3 acc 0.1018 eff 0.0706 outinratio 0.1155 

WplusH126_4l_Nj_genbin2_recobin3 acc 0.0854 eff 0.0613 outinratio 0.0859 

ZH126_4l_Nj_genbin2_recobin3 acc 0.107 eff 0.06 outinratio 0.0911 

ttH126_4l_Nj_genbin2_recobin3 acc 0.0271 eff 0.1903 outinratio 0.1458 

ggH126_4l_Nj_genbin3_recobin3 acc 0.0086 eff 0.3611 outinratio 0.0621 

VBFH126_4l_Nj_genbin3_recobin3 acc 0.0289 eff 0.3549 outinratio 0.0396 

WminusH126_4l_Nj_genbin3_recobin3 acc 0.0368 eff 0.3628 outinratio 0.1155 

WplusH126_4l_Nj_genbin3_recobin3 acc 0.0308 eff 0.3826 outinratio 0.0859 

ZH126_4l_Nj_genbin3_recobin3 acc 0.04 eff 0.3386 outinratio 0.0911 

ttH126_4l_Nj_genbin3_recobin3 acc 0.0588 eff 0.287 outinratio 0.1458 

ggH126_4l_Nj_genbin4_recobin3 acc 0.0025 eff 0.0788 outinratio 0.0621 

VBFH126_4l_Nj_genbin4_recobin3 acc 0.0048 eff 0.1493 outinratio 0.0396 

WminusH126_4l_Nj_genbin4_recobin3 acc 0.0161 eff 0.0839 outinratio 0.1155 

WplusH126_4l_Nj_genbin4_recobin3 acc 0.0144 eff 0.1253 outinratio 0.0859 

ZH126_4l_Nj_genbin4_recobin3 acc 0.0191 eff 0.1002 outinratio 0.0911 

ttH126_4l_Nj_genbin4_recobin3 acc 0.225 eff 0.043 outinratio 0.1458 

ggH126_4l_Nj_genbin0_recobin4 acc 0.253 eff 0.0003 outinratio 0.0937 

VBFH126_4l_Nj_genbin0_recobin4 acc 0.0379 eff 0.0005 outinratio 0.0636 

WminusH126_4l_Nj_genbin0_recobin4 acc 0.082 eff 0.0 outinratio 0.0612 

WplusH126_4l_Nj_genbin0_recobin4 acc 0.0779 eff 0.0 outinratio 0.1 

ZH126_4l_Nj_genbin0_recobin4 acc 0.0733 eff 0.0006 outinratio 0.0709 

ttH126_4l_Nj_genbin0_recobin4 acc 0.0007 eff 0.0 outinratio 0.1635 

ggH126_4l_Nj_genbin1_recobin4 acc 0.1086 eff 0.0 outinratio 0.0937 

VBFH126_4l_Nj_genbin1_recobin4 acc 0.1737 eff 0.0008 outinratio 0.0636 

WminusH126_4l_Nj_genbin1_recobin4 acc 0.1157 eff 0.0025 outinratio 0.0612 

WplusH126_4l_Nj_genbin1_recobin4 acc 0.1051 eff 0.0 outinratio 0.1 

ZH126_4l_Nj_genbin1_recobin4 acc 0.1066 eff 0.0014 outinratio 0.0709 

ttH126_4l_Nj_genbin1_recobin4 acc 0.0075 eff 0.0134 outinratio 0.1635 

ggH126_4l_Nj_genbin2_recobin4 acc 0.0336 eff 0.0065 outinratio 0.0937 

VBFH126_4l_Nj_genbin2_recobin4 acc 0.2072 eff 0.0046 outinratio 0.0636 

WminusH126_4l_Nj_genbin2_recobin4 acc 0.1018 eff 0.007 outinratio 0.0612 

WplusH126_4l_Nj_genbin2_recobin4 acc 0.0854 eff 0.01 outinratio 0.1 

ZH126_4l_Nj_genbin2_recobin4 acc 0.107 eff 0.0089 outinratio 0.0709 

ttH126_4l_Nj_genbin2_recobin4 acc 0.0271 eff 0.0575 outinratio 0.1635 

ggH126_4l_Nj_genbin3_recobin4 acc 0.0086 eff 0.02 outinratio 0.0937 

VBFH126_4l_Nj_genbin3_recobin4 acc 0.0289 eff 0.0517 outinratio 0.0636 

WminusH126_4l_Nj_genbin3_recobin4 acc 0.0368 eff 0.0694 outinratio 0.0612 

WplusH126_4l_Nj_genbin3_recobin4 acc 0.0308 eff 0.1025 outinratio 0.1 

ZH126_4l_Nj_genbin3_recobin4 acc 0.04 eff 0.0833 outinratio 0.0709 

ttH126_4l_Nj_genbin3_recobin4 acc 0.0588 eff 0.192 outinratio 0.1635 

ggH126_4l_Nj_genbin4_recobin4 acc 0.0025 eff 0.492 outinratio 0.0937 

VBFH126_4l_Nj_genbin4_recobin4 acc 0.0048 eff 0.3783 outinratio 0.0636 

WminusH126_4l_Nj_genbin4_recobin4 acc 0.0161 eff 0.4938 outinratio 0.0612 

WplusH126_4l_Nj_genbin4_recobin4 acc 0.0144 eff 0.4582 outinratio 0.1 

ZH126_4l_Nj_genbin4_recobin4 acc 0.0191 eff 0.448 outinratio 0.0709 

ttH126_4l_Nj_genbin4_recobin4 acc 0.225 eff 0.5091 outinratio 0.1635 

ggH126_4e_Nj_genbin0_recobin0 acc 0.2494 eff 0.2723 outinratio 0.0464 

VBFH126_4e_Nj_genbin0_recobin0 acc 0.0358 eff 0.2374 outinratio 0.0526 

WminusH126_4e_Nj_genbin0_recobin0 acc 0.0808 eff 0.1882 outinratio 0.0753 

WplusH126_4e_Nj_genbin0_recobin0 acc 0.0781 eff 0.2286 outinratio 0.0881 

ZH126_4e_Nj_genbin0_recobin0 acc 0.0692 eff 0.2772 outinratio 0.0368 

ttH126_4e_Nj_genbin0_recobin0 acc 0.0006 eff 0.0326 outinratio 1.1865 

ggH126_4e_Nj_genbin1_recobin0 acc 0.1026 eff 0.0497 outinratio 0.0464 

VBFH126_4e_Nj_genbin1_recobin0 acc 0.1682 eff 0.025 outinratio 0.0526 

WminusH126_4e_Nj_genbin1_recobin0 acc 0.1096 eff 0.0204 outinratio 0.0753 

WplusH126_4e_Nj_genbin1_recobin0 acc 0.0969 eff 0.0188 outinratio 0.0881 

ZH126_4e_Nj_genbin1_recobin0 acc 0.1054 eff 0.0324 outinratio 0.0368 

ttH126_4e_Nj_genbin1_recobin0 acc 0.0079 eff 0.016 outinratio 1.1865 

ggH126_4e_Nj_genbin2_recobin0 acc 0.0325 eff 0.012 outinratio 0.0464 

VBFH126_4e_Nj_genbin2_recobin0 acc 0.1994 eff 0.0036 outinratio 0.0526 

WminusH126_4e_Nj_genbin2_recobin0 acc 0.0952 eff 0.0 outinratio 0.0753 

WplusH126_4e_Nj_genbin2_recobin0 acc 0.0826 eff 0.0032 outinratio 0.0881 

ZH126_4e_Nj_genbin2_recobin0 acc 0.0986 eff 0.0 outinratio 0.0368 

ttH126_4e_Nj_genbin2_recobin0 acc 0.027 eff 0.0 outinratio 1.1865 

ggH126_4e_Nj_genbin3_recobin0 acc 0.0096 eff 0.0 outinratio 0.0464 

VBFH126_4e_Nj_genbin3_recobin0 acc 0.0292 eff 0.0 outinratio 0.0526 

WminusH126_4e_Nj_genbin3_recobin0 acc 0.0322 eff 0.0 outinratio 0.0753 

WplusH126_4e_Nj_genbin3_recobin0 acc 0.0225 eff 0.0 outinratio 0.0881 

ZH126_4e_Nj_genbin3_recobin0 acc 0.0389 eff 0.0 outinratio 0.0368 

ttH126_4e_Nj_genbin3_recobin0 acc 0.0576 eff 0.0 outinratio 1.1865 

ggH126_4e_Nj_genbin4_recobin0 acc 0.0021 eff 0.0 outinratio 0.0464 

VBFH126_4e_Nj_genbin4_recobin0 acc 0.0049 eff 0.0 outinratio 0.0526 

WminusH126_4e_Nj_genbin4_recobin0 acc 0.0157 eff 0.0 outinratio 0.0753 

WplusH126_4e_Nj_genbin4_recobin0 acc 0.016 eff 0.0 outinratio 0.0881 

ZH126_4e_Nj_genbin4_recobin0 acc 0.0189 eff 0.0 outinratio 0.0368 

ttH126_4e_Nj_genbin4_recobin0 acc 0.216 eff 0.0 outinratio 1.1865 

ggH126_4e_Nj_genbin0_recobin1 acc 0.2494 eff 0.035 outinratio 0.0579 

VBFH126_4e_Nj_genbin0_recobin1 acc 0.0358 eff 0.0867 outinratio 0.0395 

WminusH126_4e_Nj_genbin0_recobin1 acc 0.0808 eff 0.0759 outinratio 0.0233 

WplusH126_4e_Nj_genbin0_recobin1 acc 0.0781 eff 0.0693 outinratio 0.0789 

ZH126_4e_Nj_genbin0_recobin1 acc 0.0692 eff 0.0497 outinratio 0.0925 

ttH126_4e_Nj_genbin0_recobin1 acc 0.0006 eff 0.1164 outinratio 0.182 

ggH126_4e_Nj_genbin1_recobin1 acc 0.1026 eff 0.2346 outinratio 0.0579 

VBFH126_4e_Nj_genbin1_recobin1 acc 0.1682 eff 0.2493 outinratio 0.0395 

WminusH126_4e_Nj_genbin1_recobin1 acc 0.1096 eff 0.2751 outinratio 0.0233 

WplusH126_4e_Nj_genbin1_recobin1 acc 0.0969 eff 0.2049 outinratio 0.0789 

ZH126_4e_Nj_genbin1_recobin1 acc 0.1054 eff 0.2168 outinratio 0.0925 

ttH126_4e_Nj_genbin1_recobin1 acc 0.0079 eff 0.1103 outinratio 0.182 

ggH126_4e_Nj_genbin2_recobin1 acc 0.0325 eff 0.0675 outinratio 0.0579 

VBFH126_4e_Nj_genbin2_recobin1 acc 0.1994 eff 0.0587 outinratio 0.0395 

WminusH126_4e_Nj_genbin2_recobin1 acc 0.0952 eff 0.0299 outinratio 0.0233 

WplusH126_4e_Nj_genbin2_recobin1 acc 0.0826 eff 0.0389 outinratio 0.0789 

ZH126_4e_Nj_genbin2_recobin1 acc 0.0986 eff 0.0577 outinratio 0.0925 

ttH126_4e_Nj_genbin2_recobin1 acc 0.027 eff 0.0248 outinratio 0.182 

ggH126_4e_Nj_genbin3_recobin1 acc 0.0096 eff 0.0 outinratio 0.0579 

VBFH126_4e_Nj_genbin3_recobin1 acc 0.0292 eff 0.023 outinratio 0.0395 

WminusH126_4e_Nj_genbin3_recobin1 acc 0.0322 eff 0.0278 outinratio 0.0233 

WplusH126_4e_Nj_genbin3_recobin1 acc 0.0225 eff 0.0124 outinratio 0.0789 

ZH126_4e_Nj_genbin3_recobin1 acc 0.0389 eff 0.0036 outinratio 0.0925 

ttH126_4e_Nj_genbin3_recobin1 acc 0.0576 eff 0.0062 outinratio 0.182 

ggH126_4e_Nj_genbin4_recobin1 acc 0.0021 eff 0.0 outinratio 0.0579 

VBFH126_4e_Nj_genbin4_recobin1 acc 0.0049 eff 0.0 outinratio 0.0395 

WminusH126_4e_Nj_genbin4_recobin1 acc 0.0157 eff 0.0 outinratio 0.0233 

WplusH126_4e_Nj_genbin4_recobin1 acc 0.016 eff 0.0 outinratio 0.0789 

ZH126_4e_Nj_genbin4_recobin1 acc 0.0189 eff 0.0 outinratio 0.0925 

ttH126_4e_Nj_genbin4_recobin1 acc 0.216 eff 0.0 outinratio 0.182 

ggH126_4e_Nj_genbin0_recobin2 acc 0.2494 eff 0.0064 outinratio 0.0642 

VBFH126_4e_Nj_genbin0_recobin2 acc 0.0358 eff 0.0153 outinratio 0.0261 

WminusH126_4e_Nj_genbin0_recobin2 acc 0.0808 eff 0.0104 outinratio 0.0764 

WplusH126_4e_Nj_genbin0_recobin2 acc 0.0781 eff 0.0 outinratio 0.0593 

ZH126_4e_Nj_genbin0_recobin2 acc 0.0692 eff 0.016 outinratio 0.0651 

ttH126_4e_Nj_genbin0_recobin2 acc 0.0006 eff 0.1383 outinratio 0.1735 

ggH126_4e_Nj_genbin1_recobin2 acc 0.1026 eff 0.041 outinratio 0.0642 

VBFH126_4e_Nj_genbin1_recobin2 acc 0.1682 eff 0.0626 outinratio 0.0261 

WminusH126_4e_Nj_genbin1_recobin2 acc 0.1096 eff 0.062 outinratio 0.0764 

WplusH126_4e_Nj_genbin1_recobin2 acc 0.0969 eff 0.0581 outinratio 0.0593 

ZH126_4e_Nj_genbin1_recobin2 acc 0.1054 eff 0.0697 outinratio 0.0651 

ttH126_4e_Nj_genbin1_recobin2 acc 0.0079 eff 0.1773 outinratio 0.1735 

ggH126_4e_Nj_genbin2_recobin2 acc 0.0325 eff 0.2898 outinratio 0.0642 

VBFH126_4e_Nj_genbin2_recobin2 acc 0.1994 eff 0.2552 outinratio 0.0261 

WminusH126_4e_Nj_genbin2_recobin2 acc 0.0952 eff 0.1939 outinratio 0.0764 

WplusH126_4e_Nj_genbin2_recobin2 acc 0.0826 eff 0.2467 outinratio 0.0593 

ZH126_4e_Nj_genbin2_recobin2 acc 0.0986 eff 0.2693 outinratio 0.0651 

ttH126_4e_Nj_genbin2_recobin2 acc 0.027 eff 0.1594 outinratio 0.1735 

ggH126_4e_Nj_genbin3_recobin2 acc 0.0096 eff 0.1397 outinratio 0.0642 

VBFH126_4e_Nj_genbin3_recobin2 acc 0.0292 eff 0.077 outinratio 0.0261 

WminusH126_4e_Nj_genbin3_recobin2 acc 0.0322 eff 0.045 outinratio 0.0764 

WplusH126_4e_Nj_genbin3_recobin2 acc 0.0225 eff 0.0625 outinratio 0.0593 

ZH126_4e_Nj_genbin3_recobin2 acc 0.0389 eff 0.0834 outinratio 0.0651 

ttH126_4e_Nj_genbin3_recobin2 acc 0.0576 eff 0.0286 outinratio 0.1735 

ggH126_4e_Nj_genbin4_recobin2 acc 0.0021 eff 0.0405 outinratio 0.0642 

VBFH126_4e_Nj_genbin4_recobin2 acc 0.0049 eff 0.0106 outinratio 0.0261 

WminusH126_4e_Nj_genbin4_recobin2 acc 0.0157 eff 0.0193 outinratio 0.0764 

WplusH126_4e_Nj_genbin4_recobin2 acc 0.016 eff 0.0 outinratio 0.0593 

ZH126_4e_Nj_genbin4_recobin2 acc 0.0189 eff 0.0197 outinratio 0.0651 

ttH126_4e_Nj_genbin4_recobin2 acc 0.216 eff 0.0033 outinratio 0.1735 

ggH126_4e_Nj_genbin0_recobin3 acc 0.2494 eff 0.0 outinratio 0.1233 

VBFH126_4e_Nj_genbin0_recobin3 acc 0.0358 eff 0.0 outinratio 0.0543 

WminusH126_4e_Nj_genbin0_recobin3 acc 0.0808 eff 0.0 outinratio 0.1029 

WplusH126_4e_Nj_genbin0_recobin3 acc 0.0781 eff 0.0 outinratio 0.0716 

ZH126_4e_Nj_genbin0_recobin3 acc 0.0692 eff 0.0 outinratio 0.0822 

ttH126_4e_Nj_genbin0_recobin3 acc 0.0006 eff 0.0 outinratio 0.1418 

ggH126_4e_Nj_genbin1_recobin3 acc 0.1026 eff 0.0018 outinratio 0.1233 

VBFH126_4e_Nj_genbin1_recobin3 acc 0.1682 eff 0.0063 outinratio 0.0543 

WminusH126_4e_Nj_genbin1_recobin3 acc 0.1096 eff 0.0014 outinratio 0.1029 

WplusH126_4e_Nj_genbin1_recobin3 acc 0.0969 eff 0.0052 outinratio 0.0716 

ZH126_4e_Nj_genbin1_recobin3 acc 0.1054 eff 0.0084 outinratio 0.0822 

ttH126_4e_Nj_genbin1_recobin3 acc 0.0079 eff 0.0639 outinratio 0.1418 

ggH126_4e_Nj_genbin2_recobin3 acc 0.0325 eff 0.0319 outinratio 0.1233 

VBFH126_4e_Nj_genbin2_recobin3 acc 0.1994 eff 0.0263 outinratio 0.0543 

WminusH126_4e_Nj_genbin2_recobin3 acc 0.0952 eff 0.047 outinratio 0.1029 

WplusH126_4e_Nj_genbin2_recobin3 acc 0.0826 eff 0.0315 outinratio 0.0716 

ZH126_4e_Nj_genbin2_recobin3 acc 0.0986 eff 0.0369 outinratio 0.0822 

ttH126_4e_Nj_genbin2_recobin3 acc 0.027 eff 0.1324 outinratio 0.1418 

ggH126_4e_Nj_genbin3_recobin3 acc 0.0096 eff 0.1926 outinratio 0.1233 

VBFH126_4e_Nj_genbin3_recobin3 acc 0.0292 eff 0.2152 outinratio 0.0543 

WminusH126_4e_Nj_genbin3_recobin3 acc 0.0322 eff 0.2264 outinratio 0.1029 

WplusH126_4e_Nj_genbin3_recobin3 acc 0.0225 eff 0.2552 outinratio 0.0716 

ZH126_4e_Nj_genbin3_recobin3 acc 0.0389 eff 0.2129 outinratio 0.0822 

ttH126_4e_Nj_genbin3_recobin3 acc 0.0576 eff 0.1793 outinratio 0.1418 

ggH126_4e_Nj_genbin4_recobin3 acc 0.0021 eff 0.0412 outinratio 0.1233 

VBFH126_4e_Nj_genbin4_recobin3 acc 0.0049 eff 0.0805 outinratio 0.0543 

WminusH126_4e_Nj_genbin4_recobin3 acc 0.0157 eff 0.017 outinratio 0.1029 

WplusH126_4e_Nj_genbin4_recobin3 acc 0.016 eff 0.1513 outinratio 0.0716 

ZH126_4e_Nj_genbin4_recobin3 acc 0.0189 eff 0.0818 outinratio 0.0822 

ttH126_4e_Nj_genbin4_recobin3 acc 0.216 eff 0.0263 outinratio 0.1418 

ggH126_4e_Nj_genbin0_recobin4 acc 0.2494 eff 0.0 outinratio 0.0 

VBFH126_4e_Nj_genbin0_recobin4 acc 0.0358 eff 0.0 outinratio 0.0604 

WminusH126_4e_Nj_genbin0_recobin4 acc 0.0808 eff 0.0 outinratio 0.1959 

WplusH126_4e_Nj_genbin0_recobin4 acc 0.0781 eff 0.0 outinratio 0.1195 

ZH126_4e_Nj_genbin0_recobin4 acc 0.0692 eff 0.0 outinratio 0.0768 

ttH126_4e_Nj_genbin0_recobin4 acc 0.0006 eff 0.0 outinratio 0.2234 

ggH126_4e_Nj_genbin1_recobin4 acc 0.1026 eff 0.0 outinratio 0.0 

VBFH126_4e_Nj_genbin1_recobin4 acc 0.1682 eff 0.0009 outinratio 0.0604 

WminusH126_4e_Nj_genbin1_recobin4 acc 0.1096 eff 0.003 outinratio 0.1959 

WplusH126_4e_Nj_genbin1_recobin4 acc 0.0969 eff 0.0 outinratio 0.1195 

ZH126_4e_Nj_genbin1_recobin4 acc 0.1054 eff 0.0012 outinratio 0.0768 

ttH126_4e_Nj_genbin1_recobin4 acc 0.0079 eff 0.0 outinratio 0.2234 

ggH126_4e_Nj_genbin2_recobin4 acc 0.0325 eff 0.0 outinratio 0.0 

VBFH126_4e_Nj_genbin2_recobin4 acc 0.1994 eff 0.0035 outinratio 0.0604 

WminusH126_4e_Nj_genbin2_recobin4 acc 0.0952 eff 0.0051 outinratio 0.1959 

WplusH126_4e_Nj_genbin2_recobin4 acc 0.0826 eff 0.0068 outinratio 0.1195 

ZH126_4e_Nj_genbin2_recobin4 acc 0.0986 eff 0.0022 outinratio 0.0768 

ttH126_4e_Nj_genbin2_recobin4 acc 0.027 eff 0.0258 outinratio 0.2234 

ggH126_4e_Nj_genbin3_recobin4 acc 0.0096 eff 0.0118 outinratio 0.0 

VBFH126_4e_Nj_genbin3_recobin4 acc 0.0292 eff 0.0465 outinratio 0.0604 

WminusH126_4e_Nj_genbin3_recobin4 acc 0.0322 eff 0.0346 outinratio 0.1959 

WplusH126_4e_Nj_genbin3_recobin4 acc 0.0225 eff 0.0692 outinratio 0.1195 

ZH126_4e_Nj_genbin3_recobin4 acc 0.0389 eff 0.0653 outinratio 0.0768 

ttH126_4e_Nj_genbin3_recobin4 acc 0.0576 eff 0.1136 outinratio 0.2234 

ggH126_4e_Nj_genbin4_recobin4 acc 0.0021 eff 0.465 outinratio 0.0 

VBFH126_4e_Nj_genbin4_recobin4 acc 0.0049 eff 0.1974 outinratio 0.0604 

WminusH126_4e_Nj_genbin4_recobin4 acc 0.0157 eff 0.2786 outinratio 0.1959 

WplusH126_4e_Nj_genbin4_recobin4 acc 0.016 eff 0.3573 outinratio 0.1195 

ZH126_4e_Nj_genbin4_recobin4 acc 0.0189 eff 0.3186 outinratio 0.0768 

ttH126_4e_Nj_genbin4_recobin4 acc 0.216 eff 0.3178 outinratio 0.2234 

ggH126_4mu_Nj_genbin0_recobin0 acc 0.2619 eff 0.6824 outinratio 0.0429 

VBFH126_4mu_Nj_genbin0_recobin0 acc 0.0412 eff 0.5325 outinratio 0.0222 

WminusH126_4mu_Nj_genbin0_recobin0 acc 0.0879 eff 0.5224 outinratio 0.044 

WplusH126_4mu_Nj_genbin0_recobin0 acc 0.091 eff 0.5436 outinratio 0.0436 

ZH126_4mu_Nj_genbin0_recobin0 acc 0.0794 eff 0.605 outinratio 0.0656 

ttH126_4mu_Nj_genbin0_recobin0 acc 0.0004 eff -1.0 outinratio 0.6739 

ggH126_4mu_Nj_genbin1_recobin0 acc 0.1146 eff 0.0979 outinratio 0.0429 

VBFH126_4mu_Nj_genbin1_recobin0 acc 0.1834 eff 0.064 outinratio 0.0222 

WminusH126_4mu_Nj_genbin1_recobin0 acc 0.1229 eff 0.0615 outinratio 0.044 

WplusH126_4mu_Nj_genbin1_recobin0 acc 0.1067 eff 0.0506 outinratio 0.0436 

ZH126_4mu_Nj_genbin1_recobin0 acc 0.1097 eff 0.0537 outinratio 0.0656 

ttH126_4mu_Nj_genbin1_recobin0 acc 0.0074 eff 0.0254 outinratio 0.6739 

ggH126_4mu_Nj_genbin2_recobin0 acc 0.037 eff 0.0092 outinratio 0.0429 

VBFH126_4mu_Nj_genbin2_recobin0 acc 0.22 eff 0.006 outinratio 0.0222 

WminusH126_4mu_Nj_genbin2_recobin0 acc 0.1118 eff 0.0 outinratio 0.044 

WplusH126_4mu_Nj_genbin2_recobin0 acc 0.0866 eff 0.0034 outinratio 0.0436 

ZH126_4mu_Nj_genbin2_recobin0 acc 0.1127 eff 0.0044 outinratio 0.0656 

ttH126_4mu_Nj_genbin2_recobin0 acc 0.0301 eff 0.0 outinratio 0.6739 

ggH126_4mu_Nj_genbin3_recobin0 acc 0.0078 eff 0.0 outinratio 0.0429 

VBFH126_4mu_Nj_genbin3_recobin0 acc 0.0308 eff 0.0024 outinratio 0.0222 

WminusH126_4mu_Nj_genbin3_recobin0 acc 0.0385 eff 0.0 outinratio 0.044 

WplusH126_4mu_Nj_genbin3_recobin0 acc 0.0403 eff 0.0067 outinratio 0.0436 

ZH126_4mu_Nj_genbin3_recobin0 acc 0.0443 eff 0.0 outinratio 0.0656 

ttH126_4mu_Nj_genbin3_recobin0 acc 0.0614 eff 0.0 outinratio 0.6739 

ggH126_4mu_Nj_genbin4_recobin0 acc 0.0022 eff 0.0 outinratio 0.0429 

VBFH126_4mu_Nj_genbin4_recobin0 acc 0.0057 eff 0.0 outinratio 0.0222 

WminusH126_4mu_Nj_genbin4_recobin0 acc 0.0164 eff 0.0 outinratio 0.044 

WplusH126_4mu_Nj_genbin4_recobin0 acc 0.0153 eff 0.0 outinratio 0.0436 

ZH126_4mu_Nj_genbin4_recobin0 acc 0.0181 eff 0.0052 outinratio 0.0656 

ttH126_4mu_Nj_genbin4_recobin0 acc 0.2428 eff 0.0 outinratio 0.6739 

ggH126_4mu_Nj_genbin0_recobin1 acc 0.2619 eff 0.1197 outinratio 0.0545 

VBFH126_4mu_Nj_genbin0_recobin1 acc 0.0412 eff 0.2218 outinratio 0.0308 

WminusH126_4mu_Nj_genbin0_recobin1 acc 0.0879 eff 0.2151 outinratio 0.0794 

WplusH126_4mu_Nj_genbin0_recobin1 acc 0.091 eff 0.1783 outinratio 0.0535 

ZH126_4mu_Nj_genbin0_recobin1 acc 0.0794 eff 0.1686 outinratio 0.0728 

ttH126_4mu_Nj_genbin0_recobin1 acc 0.0004 eff -1.0 outinratio 0.0539 

ggH126_4mu_Nj_genbin1_recobin1 acc 0.1146 eff 0.5806 outinratio 0.0545 

VBFH126_4mu_Nj_genbin1_recobin1 acc 0.1834 eff 0.5966 outinratio 0.0308 

WminusH126_4mu_Nj_genbin1_recobin1 acc 0.1229 eff 0.537 outinratio 0.0794 

WplusH126_4mu_Nj_genbin1_recobin1 acc 0.1067 eff 0.576 outinratio 0.0535 

ZH126_4mu_Nj_genbin1_recobin1 acc 0.1097 eff 0.5466 outinratio 0.0728 

ttH126_4mu_Nj_genbin1_recobin1 acc 0.0074 eff 0.315 outinratio 0.0539 

ggH126_4mu_Nj_genbin2_recobin1 acc 0.037 eff 0.1319 outinratio 0.0545 

VBFH126_4mu_Nj_genbin2_recobin1 acc 0.22 eff 0.1255 outinratio 0.0308 

WminusH126_4mu_Nj_genbin2_recobin1 acc 0.1118 eff 0.1174 outinratio 0.0794 

WplusH126_4mu_Nj_genbin2_recobin1 acc 0.0866 eff 0.1007 outinratio 0.0535 

ZH126_4mu_Nj_genbin2_recobin1 acc 0.1127 eff 0.1369 outinratio 0.0728 

ttH126_4mu_Nj_genbin2_recobin1 acc 0.0301 eff 0.0385 outinratio 0.0539 

ggH126_4mu_Nj_genbin3_recobin1 acc 0.0078 eff 0.0559 outinratio 0.0545 

VBFH126_4mu_Nj_genbin3_recobin1 acc 0.0308 eff 0.0275 outinratio 0.0308 

WminusH126_4mu_Nj_genbin3_recobin1 acc 0.0385 eff 0.0063 outinratio 0.0794 

WplusH126_4mu_Nj_genbin3_recobin1 acc 0.0403 eff 0.0238 outinratio 0.0535 

ZH126_4mu_Nj_genbin3_recobin1 acc 0.0443 eff 0.0387 outinratio 0.0728 

ttH126_4mu_Nj_genbin3_recobin1 acc 0.0614 eff 0.0063 outinratio 0.0539 

ggH126_4mu_Nj_genbin4_recobin1 acc 0.0022 eff 0.0 outinratio 0.0545 

VBFH126_4mu_Nj_genbin4_recobin1 acc 0.0057 eff 0.0 outinratio 0.0308 

WminusH126_4mu_Nj_genbin4_recobin1 acc 0.0164 eff 0.0 outinratio 0.0794 

WplusH126_4mu_Nj_genbin4_recobin1 acc 0.0153 eff 0.0 outinratio 0.0535 

ZH126_4mu_Nj_genbin4_recobin1 acc 0.0181 eff 0.0 outinratio 0.0728 

ttH126_4mu_Nj_genbin4_recobin1 acc 0.2428 eff 0.0004 outinratio 0.0539 

ggH126_4mu_Nj_genbin0_recobin2 acc 0.2619 eff 0.0114 outinratio 0.0485 

VBFH126_4mu_Nj_genbin0_recobin2 acc 0.0412 eff 0.0361 outinratio 0.0314 

WminusH126_4mu_Nj_genbin0_recobin2 acc 0.0879 eff 0.0089 outinratio 0.0816 

WplusH126_4mu_Nj_genbin0_recobin2 acc 0.091 eff 0.022 outinratio 0.0616 

ZH126_4mu_Nj_genbin0_recobin2 acc 0.0794 eff 0.0136 outinratio 0.0589 

ttH126_4mu_Nj_genbin0_recobin2 acc 0.0004 eff -1.0 outinratio 0.1849 

ggH126_4mu_Nj_genbin1_recobin2 acc 0.1146 eff 0.0847 outinratio 0.0485 

VBFH126_4mu_Nj_genbin1_recobin2 acc 0.1834 eff 0.149 outinratio 0.0314 

WminusH126_4mu_Nj_genbin1_recobin2 acc 0.1229 eff 0.1319 outinratio 0.0816 

WplusH126_4mu_Nj_genbin1_recobin2 acc 0.1067 eff 0.1728 outinratio 0.0616 

ZH126_4mu_Nj_genbin1_recobin2 acc 0.1097 eff 0.1453 outinratio 0.0589 

ttH126_4mu_Nj_genbin1_recobin2 acc 0.0074 eff 0.3157 outinratio 0.1849 

ggH126_4mu_Nj_genbin2_recobin2 acc 0.037 eff 0.5385 outinratio 0.0485 

VBFH126_4mu_Nj_genbin2_recobin2 acc 0.22 eff 0.6207 outinratio 0.0314 

WminusH126_4mu_Nj_genbin2_recobin2 acc 0.1118 eff 0.5631 outinratio 0.0816 

WplusH126_4mu_Nj_genbin2_recobin2 acc 0.0866 eff 0.5399 outinratio 0.0616 

ZH126_4mu_Nj_genbin2_recobin2 acc 0.1127 eff 0.6332 outinratio 0.0589 

ttH126_4mu_Nj_genbin2_recobin2 acc 0.0301 eff 0.3581 outinratio 0.1849 

ggH126_4mu_Nj_genbin3_recobin2 acc 0.0078 eff 0.1515 outinratio 0.0485 

VBFH126_4mu_Nj_genbin3_recobin2 acc 0.0308 eff 0.2358 outinratio 0.0314 

WminusH126_4mu_Nj_genbin3_recobin2 acc 0.0385 eff 0.1648 outinratio 0.0816 

WplusH126_4mu_Nj_genbin3_recobin2 acc 0.0403 eff 0.1541 outinratio 0.0616 

ZH126_4mu_Nj_genbin3_recobin2 acc 0.0443 eff 0.1222 outinratio 0.0589 

ttH126_4mu_Nj_genbin3_recobin2 acc 0.0614 eff 0.0933 outinratio 0.1849 

ggH126_4mu_Nj_genbin4_recobin2 acc 0.0022 eff 0.0 outinratio 0.0485 

VBFH126_4mu_Nj_genbin4_recobin2 acc 0.0057 eff 0.0555 outinratio 0.0314 

WminusH126_4mu_Nj_genbin4_recobin2 acc 0.0164 eff 0.0663 outinratio 0.0816 

WplusH126_4mu_Nj_genbin4_recobin2 acc 0.0153 eff 0.0 outinratio 0.0616 

ZH126_4mu_Nj_genbin4_recobin2 acc 0.0181 eff 0.018 outinratio 0.0589 

ttH126_4mu_Nj_genbin4_recobin2 acc 0.2428 eff 0.0072 outinratio 0.1849 

ggH126_4mu_Nj_genbin0_recobin3 acc 0.2619 eff 0.0005 outinratio 0.0322 

VBFH126_4mu_Nj_genbin0_recobin3 acc 0.0412 eff 0.001 outinratio 0.0316 

WminusH126_4mu_Nj_genbin0_recobin3 acc 0.0879 eff 0.0024 outinratio 0.1021 

WplusH126_4mu_Nj_genbin0_recobin3 acc 0.091 eff 0.0041 outinratio 0.0698 

ZH126_4mu_Nj_genbin0_recobin3 acc 0.0794 eff 0.0032 outinratio 0.0902 

ttH126_4mu_Nj_genbin0_recobin3 acc 0.0004 eff -1.0 outinratio 0.1371 

ggH126_4mu_Nj_genbin1_recobin3 acc 0.1146 eff 0.0071 outinratio 0.0322 

VBFH126_4mu_Nj_genbin1_recobin3 acc 0.1834 eff 0.012 outinratio 0.0316 

WminusH126_4mu_Nj_genbin1_recobin3 acc 0.1229 eff 0.0282 outinratio 0.1021 

WplusH126_4mu_Nj_genbin1_recobin3 acc 0.1067 eff 0.02 outinratio 0.0698 

ZH126_4mu_Nj_genbin1_recobin3 acc 0.1097 eff 0.0314 outinratio 0.0902 

ttH126_4mu_Nj_genbin1_recobin3 acc 0.0074 eff 0.0783 outinratio 0.1371 

ggH126_4mu_Nj_genbin2_recobin3 acc 0.037 eff 0.1074 outinratio 0.0322 

VBFH126_4mu_Nj_genbin2_recobin3 acc 0.22 eff 0.0624 outinratio 0.0316 

WminusH126_4mu_Nj_genbin2_recobin3 acc 0.1118 eff 0.0905 outinratio 0.1021 

WplusH126_4mu_Nj_genbin2_recobin3 acc 0.0866 eff 0.098 outinratio 0.0698 

ZH126_4mu_Nj_genbin2_recobin3 acc 0.1127 eff 0.0803 outinratio 0.0902 

ttH126_4mu_Nj_genbin2_recobin3 acc 0.0301 eff 0.2701 outinratio 0.1371 

ggH126_4mu_Nj_genbin3_recobin3 acc 0.0078 eff 0.598 outinratio 0.0322 

VBFH126_4mu_Nj_genbin3_recobin3 acc 0.0308 eff 0.5238 outinratio 0.0316 

WminusH126_4mu_Nj_genbin3_recobin3 acc 0.0385 eff 0.5826 outinratio 0.1021 

WplusH126_4mu_Nj_genbin3_recobin3 acc 0.0403 eff 0.5064 outinratio 0.0698 

ZH126_4mu_Nj_genbin3_recobin3 acc 0.0443 eff 0.4994 outinratio 0.0902 

ttH126_4mu_Nj_genbin3_recobin3 acc 0.0614 eff 0.419 outinratio 0.1371 

ggH126_4mu_Nj_genbin4_recobin3 acc 0.0022 eff 0.0908 outinratio 0.0322 

VBFH126_4mu_Nj_genbin4_recobin3 acc 0.0057 eff 0.1819 outinratio 0.0316 

WminusH126_4mu_Nj_genbin4_recobin3 acc 0.0164 eff 0.1819 outinratio 0.1021 

WplusH126_4mu_Nj_genbin4_recobin3 acc 0.0153 eff 0.138 outinratio 0.0698 

ZH126_4mu_Nj_genbin4_recobin3 acc 0.0181 eff 0.1038 outinratio 0.0902 

ttH126_4mu_Nj_genbin4_recobin3 acc 0.2428 eff 0.0605 outinratio 0.1371 

ggH126_4mu_Nj_genbin0_recobin4 acc 0.2619 eff 0.001 outinratio 0.1768 

VBFH126_4mu_Nj_genbin0_recobin4 acc 0.0412 eff 0.0018 outinratio 0.064 

WminusH126_4mu_Nj_genbin0_recobin4 acc 0.0879 eff 0.0 outinratio 0.0108 

WplusH126_4mu_Nj_genbin0_recobin4 acc 0.091 eff 0.0 outinratio 0.1311 

ZH126_4mu_Nj_genbin0_recobin4 acc 0.0794 eff 0.0021 outinratio 0.068 

ttH126_4mu_Nj_genbin0_recobin4 acc 0.0004 eff -1.0 outinratio 0.1417 

ggH126_4mu_Nj_genbin1_recobin4 acc 0.1146 eff 0.0 outinratio 0.1768 

VBFH126_4mu_Nj_genbin1_recobin4 acc 0.1834 eff 0.0002 outinratio 0.064 

WminusH126_4mu_Nj_genbin1_recobin4 acc 0.1229 eff 0.0047 outinratio 0.0108 

WplusH126_4mu_Nj_genbin1_recobin4 acc 0.1067 eff 0.0 outinratio 0.1311 

ZH126_4mu_Nj_genbin1_recobin4 acc 0.1097 eff 0.0029 outinratio 0.068 

ttH126_4mu_Nj_genbin1_recobin4 acc 0.0074 eff 0.0168 outinratio 0.1417 

ggH126_4mu_Nj_genbin2_recobin4 acc 0.037 eff 0.0102 outinratio 0.1768 

VBFH126_4mu_Nj_genbin2_recobin4 acc 0.22 eff 0.0069 outinratio 0.064 

WminusH126_4mu_Nj_genbin2_recobin4 acc 0.1118 eff 0.0115 outinratio 0.0108 

WplusH126_4mu_Nj_genbin2_recobin4 acc 0.0866 eff 0.0162 outinratio 0.1311 

ZH126_4mu_Nj_genbin2_recobin4 acc 0.1127 eff 0.0047 outinratio 0.068 

ttH126_4mu_Nj_genbin2_recobin4 acc 0.0301 eff 0.0934 outinratio 0.1417 

ggH126_4mu_Nj_genbin3_recobin4 acc 0.0078 eff 0.0307 outinratio 0.1768 

VBFH126_4mu_Nj_genbin3_recobin4 acc 0.0308 eff 0.0786 outinratio 0.064 

WminusH126_4mu_Nj_genbin3_recobin4 acc 0.0385 eff 0.0804 outinratio 0.0108 

WplusH126_4mu_Nj_genbin3_recobin4 acc 0.0403 eff 0.1505 outinratio 0.1311 

ZH126_4mu_Nj_genbin3_recobin4 acc 0.0443 eff 0.1288 outinratio 0.068 

ttH126_4mu_Nj_genbin3_recobin4 acc 0.0614 eff 0.2763 outinratio 0.1417 

ggH126_4mu_Nj_genbin4_recobin4 acc 0.0022 eff 0.6329 outinratio 0.1768 

VBFH126_4mu_Nj_genbin4_recobin4 acc 0.0057 eff 0.5579 outinratio 0.064 

WminusH126_4mu_Nj_genbin4_recobin4 acc 0.0164 eff 0.7013 outinratio 0.0108 

WplusH126_4mu_Nj_genbin4_recobin4 acc 0.0153 eff 0.7989 outinratio 0.1311 

ZH126_4mu_Nj_genbin4_recobin4 acc 0.0181 eff 0.7195 outinratio 0.068 

ttH126_4mu_Nj_genbin4_recobin4 acc 0.2428 eff 0.7227 outinratio 0.1417 

ggH126_2e2mu_Nj_genbin0_recobin0 acc 0.2501 eff 0.4382 outinratio 0.0452 

VBFH126_2e2mu_Nj_genbin0_recobin0 acc 0.0372 eff 0.3605 outinratio 0.0217 

WminusH126_2e2mu_Nj_genbin0_recobin0 acc 0.0794 eff 0.3341 outinratio 0.0548 

WplusH126_2e2mu_Nj_genbin0_recobin0 acc 0.0704 eff 0.3425 outinratio 0.0897 

ZH126_2e2mu_Nj_genbin0_recobin0 acc 0.0722 eff 0.3776 outinratio 0.0734 

ttH126_2e2mu_Nj_genbin0_recobin0 acc 0.0008 eff 0.043 outinratio 0.0 

ggH126_2e2mu_Nj_genbin1_recobin0 acc 0.1087 eff 0.0585 outinratio 0.0452 

VBFH126_2e2mu_Nj_genbin1_recobin0 acc 0.1715 eff 0.0476 outinratio 0.0217 

WminusH126_2e2mu_Nj_genbin1_recobin0 acc 0.1151 eff 0.0379 outinratio 0.0548 

WplusH126_2e2mu_Nj_genbin1_recobin0 acc 0.1087 eff 0.0401 outinratio 0.0897 

ZH126_2e2mu_Nj_genbin1_recobin0 acc 0.1056 eff 0.0306 outinratio 0.0734 

ttH126_2e2mu_Nj_genbin1_recobin0 acc 0.0073 eff 0.0113 outinratio 0.0 

ggH126_2e2mu_Nj_genbin2_recobin0 acc 0.0323 eff 0.0094 outinratio 0.0452 

VBFH126_2e2mu_Nj_genbin2_recobin0 acc 0.2044 eff 0.004 outinratio 0.0217 

WminusH126_2e2mu_Nj_genbin2_recobin0 acc 0.0999 eff 0.0122 outinratio 0.0548 

WplusH126_2e2mu_Nj_genbin2_recobin0 acc 0.0863 eff 0.0054 outinratio 0.0897 

ZH126_2e2mu_Nj_genbin2_recobin0 acc 0.1085 eff 0.0052 outinratio 0.0734 

ttH126_2e2mu_Nj_genbin2_recobin0 acc 0.0254 eff 0.0 outinratio 0.0 

ggH126_2e2mu_Nj_genbin3_recobin0 acc 0.0085 eff 0.0 outinratio 0.0452 

VBFH126_2e2mu_Nj_genbin3_recobin0 acc 0.0278 eff 0.0029 outinratio 0.0217 

WminusH126_2e2mu_Nj_genbin3_recobin0 acc 0.0385 eff 0.0 outinratio 0.0548 

WplusH126_2e2mu_Nj_genbin3_recobin0 acc 0.0302 eff 0.0 outinratio 0.0897 

ZH126_2e2mu_Nj_genbin3_recobin0 acc 0.0384 eff 0.0 outinratio 0.0734 

ttH126_2e2mu_Nj_genbin3_recobin0 acc 0.058 eff 0.0003 outinratio 0.0 

ggH126_2e2mu_Nj_genbin4_recobin0 acc 0.0028 eff 0.0 outinratio 0.0452 

VBFH126_2e2mu_Nj_genbin4_recobin0 acc 0.0044 eff 0.0 outinratio 0.0217 

WminusH126_2e2mu_Nj_genbin4_recobin0 acc 0.0163 eff 0.0 outinratio 0.0548 

WplusH126_2e2mu_Nj_genbin4_recobin0 acc 0.013 eff 0.0 outinratio 0.0897 

ZH126_2e2mu_Nj_genbin4_recobin0 acc 0.0198 eff 0.0 outinratio 0.0734 

ttH126_2e2mu_Nj_genbin4_recobin0 acc 0.22 eff 0.0 outinratio 0.0 

ggH126_2e2mu_Nj_genbin0_recobin1 acc 0.2501 eff 0.061 outinratio 0.0588 

VBFH126_2e2mu_Nj_genbin0_recobin1 acc 0.0372 eff 0.1353 outinratio 0.0398 

WminusH126_2e2mu_Nj_genbin0_recobin1 acc 0.0794 eff 0.1294 outinratio 0.0641 

WplusH126_2e2mu_Nj_genbin0_recobin1 acc 0.0704 eff 0.1508 outinratio 0.0437 

ZH126_2e2mu_Nj_genbin0_recobin1 acc 0.0722 eff 0.0966 outinratio 0.0782 

ttH126_2e2mu_Nj_genbin0_recobin1 acc 0.0008 eff 0.1737 outinratio 0.1863 

ggH126_2e2mu_Nj_genbin1_recobin1 acc 0.1087 eff 0.3914 outinratio 0.0588 

VBFH126_2e2mu_Nj_genbin1_recobin1 acc 0.1715 eff 0.3965 outinratio 0.0398 

WminusH126_2e2mu_Nj_genbin1_recobin1 acc 0.1151 eff 0.3641 outinratio 0.0641 

WplusH126_2e2mu_Nj_genbin1_recobin1 acc 0.1087 eff 0.3831 outinratio 0.0437 

ZH126_2e2mu_Nj_genbin1_recobin1 acc 0.1056 eff 0.3855 outinratio 0.0782 

ttH126_2e2mu_Nj_genbin1_recobin1 acc 0.0073 eff 0.1945 outinratio 0.1863 

ggH126_2e2mu_Nj_genbin2_recobin1 acc 0.0323 eff 0.1046 outinratio 0.0588 

VBFH126_2e2mu_Nj_genbin2_recobin1 acc 0.2044 eff 0.0862 outinratio 0.0398 

WminusH126_2e2mu_Nj_genbin2_recobin1 acc 0.0999 eff 0.0742 outinratio 0.0641 

WplusH126_2e2mu_Nj_genbin2_recobin1 acc 0.0863 eff 0.0507 outinratio 0.0437 

ZH126_2e2mu_Nj_genbin2_recobin1 acc 0.1085 eff 0.0691 outinratio 0.0782 

ttH126_2e2mu_Nj_genbin2_recobin1 acc 0.0254 eff 0.0327 outinratio 0.1863 

ggH126_2e2mu_Nj_genbin3_recobin1 acc 0.0085 eff 0.0081 outinratio 0.0588 

VBFH126_2e2mu_Nj_genbin3_recobin1 acc 0.0278 eff 0.0195 outinratio 0.0398 

WminusH126_2e2mu_Nj_genbin3_recobin1 acc 0.0385 eff 0.0024 outinratio 0.0641 

WplusH126_2e2mu_Nj_genbin3_recobin1 acc 0.0302 eff 0.0023 outinratio 0.0437 

ZH126_2e2mu_Nj_genbin3_recobin1 acc 0.0384 eff 0.0199 outinratio 0.0782 

ttH126_2e2mu_Nj_genbin3_recobin1 acc 0.058 eff 0.0028 outinratio 0.1863 

ggH126_2e2mu_Nj_genbin4_recobin1 acc 0.0028 eff 0.0 outinratio 0.0588 

VBFH126_2e2mu_Nj_genbin4_recobin1 acc 0.0044 eff 0.005 outinratio 0.0398 

WminusH126_2e2mu_Nj_genbin4_recobin1 acc 0.0163 eff 0.0 outinratio 0.0641 

WplusH126_2e2mu_Nj_genbin4_recobin1 acc 0.013 eff 0.0 outinratio 0.0437 

ZH126_2e2mu_Nj_genbin4_recobin1 acc 0.0198 eff 0.0 outinratio 0.0782 

ttH126_2e2mu_Nj_genbin4_recobin1 acc 0.22 eff 0.0004 outinratio 0.1863 

ggH126_2e2mu_Nj_genbin0_recobin2 acc 0.2501 eff 0.0057 outinratio 0.0994 

VBFH126_2e2mu_Nj_genbin0_recobin2 acc 0.0372 eff 0.0169 outinratio 0.0337 

WminusH126_2e2mu_Nj_genbin0_recobin2 acc 0.0794 eff 0.0247 outinratio 0.0689 

WplusH126_2e2mu_Nj_genbin0_recobin2 acc 0.0704 eff 0.0058 outinratio 0.0881 

ZH126_2e2mu_Nj_genbin0_recobin2 acc 0.0722 eff 0.0241 outinratio 0.0759 

ttH126_2e2mu_Nj_genbin0_recobin2 acc 0.0008 eff 0.1129 outinratio 0.177 

ggH126_2e2mu_Nj_genbin1_recobin2 acc 0.1087 eff 0.054 outinratio 0.0994 

VBFH126_2e2mu_Nj_genbin1_recobin2 acc 0.1715 eff 0.0918 outinratio 0.0337 

WminusH126_2e2mu_Nj_genbin1_recobin2 acc 0.1151 eff 0.0962 outinratio 0.0689 

WplusH126_2e2mu_Nj_genbin1_recobin2 acc 0.1087 eff 0.0956 outinratio 0.0881 

ZH126_2e2mu_Nj_genbin1_recobin2 acc 0.1056 eff 0.0789 outinratio 0.0759 

ttH126_2e2mu_Nj_genbin1_recobin2 acc 0.0073 eff 0.2002 outinratio 0.177 

ggH126_2e2mu_Nj_genbin2_recobin2 acc 0.0323 eff 0.3747 outinratio 0.0994 

VBFH126_2e2mu_Nj_genbin2_recobin2 acc 0.2044 eff 0.3943 outinratio 0.0337 

WminusH126_2e2mu_Nj_genbin2_recobin2 acc 0.0999 eff 0.3432 outinratio 0.0689 

WplusH126_2e2mu_Nj_genbin2_recobin2 acc 0.0863 eff 0.3835 outinratio 0.0881 

ZH126_2e2mu_Nj_genbin2_recobin2 acc 0.1085 eff 0.3984 outinratio 0.0759 

ttH126_2e2mu_Nj_genbin2_recobin2 acc 0.0254 eff 0.2618 outinratio 0.177 

ggH126_2e2mu_Nj_genbin3_recobin2 acc 0.0085 eff 0.1162 outinratio 0.0994 

VBFH126_2e2mu_Nj_genbin3_recobin2 acc 0.0278 eff 0.1421 outinratio 0.0337 

WminusH126_2e2mu_Nj_genbin3_recobin2 acc 0.0385 eff 0.1149 outinratio 0.0689 

WplusH126_2e2mu_Nj_genbin3_recobin2 acc 0.0302 eff 0.0874 outinratio 0.0881 

ZH126_2e2mu_Nj_genbin3_recobin2 acc 0.0384 eff 0.0848 outinratio 0.0759 

ttH126_2e2mu_Nj_genbin3_recobin2 acc 0.058 eff 0.0645 outinratio 0.177 

ggH126_2e2mu_Nj_genbin4_recobin2 acc 0.0028 eff 0.0 outinratio 0.0994 

VBFH126_2e2mu_Nj_genbin4_recobin2 acc 0.0044 eff 0.0427 outinratio 0.0337 

WminusH126_2e2mu_Nj_genbin4_recobin2 acc 0.0163 eff 0.0112 outinratio 0.0689 

WplusH126_2e2mu_Nj_genbin4_recobin2 acc 0.013 eff 0.0378 outinratio 0.0881 

ZH126_2e2mu_Nj_genbin4_recobin2 acc 0.0198 eff 0.0122 outinratio 0.0759 

ttH126_2e2mu_Nj_genbin4_recobin2 acc 0.22 eff 0.0054 outinratio 0.177 

ggH126_2e2mu_Nj_genbin0_recobin3 acc 0.2501 eff 0.0011 outinratio 0.0711 

VBFH126_2e2mu_Nj_genbin0_recobin3 acc 0.0372 eff 0.0056 outinratio 0.0415 

WminusH126_2e2mu_Nj_genbin0_recobin3 acc 0.0794 eff 0.0012 outinratio 0.1336 

WplusH126_2e2mu_Nj_genbin0_recobin3 acc 0.0704 eff 0.0 outinratio 0.1068 

ZH126_2e2mu_Nj_genbin0_recobin3 acc 0.0722 eff 0.0022 outinratio 0.0949 

ttH126_2e2mu_Nj_genbin0_recobin3 acc 0.0008 eff 0.0 outinratio 0.1552 

ggH126_2e2mu_Nj_genbin1_recobin3 acc 0.1087 eff 0.0071 outinratio 0.0711 

VBFH126_2e2mu_Nj_genbin1_recobin3 acc 0.1715 eff 0.0079 outinratio 0.0415 

WminusH126_2e2mu_Nj_genbin1_recobin3 acc 0.1151 eff 0.0112 outinratio 0.1336 

WplusH126_2e2mu_Nj_genbin1_recobin3 acc 0.1087 eff 0.0187 outinratio 0.1068 

ZH126_2e2mu_Nj_genbin1_recobin3 acc 0.1056 eff 0.0139 outinratio 0.0949 

ttH126_2e2mu_Nj_genbin1_recobin3 acc 0.0073 eff 0.0918 outinratio 0.1552 

ggH126_2e2mu_Nj_genbin2_recobin3 acc 0.0323 eff 0.0561 outinratio 0.0711 

VBFH126_2e2mu_Nj_genbin2_recobin3 acc 0.2044 eff 0.0453 outinratio 0.0415 

WminusH126_2e2mu_Nj_genbin2_recobin3 acc 0.0999 eff 0.0707 outinratio 0.1336 

WplusH126_2e2mu_Nj_genbin2_recobin3 acc 0.0863 eff 0.0564 outinratio 0.1068 

ZH126_2e2mu_Nj_genbin2_recobin3 acc 0.1085 eff 0.0599 outinratio 0.0949 

ttH126_2e2mu_Nj_genbin2_recobin3 acc 0.0254 eff 0.1713 outinratio 0.1552 

ggH126_2e2mu_Nj_genbin3_recobin3 acc 0.0085 eff 0.3459 outinratio 0.0711 

VBFH126_2e2mu_Nj_genbin3_recobin3 acc 0.0278 eff 0.3324 outinratio 0.0415 

WminusH126_2e2mu_Nj_genbin3_recobin3 acc 0.0385 eff 0.3024 outinratio 0.1336 

WplusH126_2e2mu_Nj_genbin3_recobin3 acc 0.0302 eff 0.3427 outinratio 0.1068 

ZH126_2e2mu_Nj_genbin3_recobin3 acc 0.0384 eff 0.3079 outinratio 0.0949 

ttH126_2e2mu_Nj_genbin3_recobin3 acc 0.058 eff 0.2673 outinratio 0.1552 

ggH126_2e2mu_Nj_genbin4_recobin3 acc 0.0028 eff 0.0889 outinratio 0.0711 

VBFH126_2e2mu_Nj_genbin4_recobin3 acc 0.0044 eff 0.1678 outinratio 0.0415 

WminusH126_2e2mu_Nj_genbin4_recobin3 acc 0.0163 eff 0.0644 outinratio 0.1336 

WplusH126_2e2mu_Nj_genbin4_recobin3 acc 0.013 eff 0.0996 outinratio 0.1068 

ZH126_2e2mu_Nj_genbin4_recobin3 acc 0.0198 eff 0.1078 outinratio 0.0949 

ttH126_2e2mu_Nj_genbin4_recobin3 acc 0.22 eff 0.041 outinratio 0.1552 

ggH126_2e2mu_Nj_genbin0_recobin4 acc 0.2501 eff 0.0 outinratio 0.0643 

VBFH126_2e2mu_Nj_genbin0_recobin4 acc 0.0372 eff 0.0 outinratio 0.0648 

WminusH126_2e2mu_Nj_genbin0_recobin4 acc 0.0794 eff 0.0 outinratio 0.0605 

WplusH126_2e2mu_Nj_genbin0_recobin4 acc 0.0704 eff 0.0 outinratio 0.04 

ZH126_2e2mu_Nj_genbin0_recobin4 acc 0.0722 eff 0.0 outinratio 0.0711 

ttH126_2e2mu_Nj_genbin0_recobin4 acc 0.0008 eff 0.0 outinratio 0.1627 

ggH126_2e2mu_Nj_genbin1_recobin4 acc 0.1087 eff 0.0 outinratio 0.0643 

VBFH126_2e2mu_Nj_genbin1_recobin4 acc 0.1715 eff 0.0011 outinratio 0.0648 

WminusH126_2e2mu_Nj_genbin1_recobin4 acc 0.1151 eff 0.0008 outinratio 0.0605 

WplusH126_2e2mu_Nj_genbin1_recobin4 acc 0.1087 eff 0.0 outinratio 0.04 

ZH126_2e2mu_Nj_genbin1_recobin4 acc 0.1056 eff 0.0006 outinratio 0.0711 

ttH126_2e2mu_Nj_genbin1_recobin4 acc 0.0073 eff 0.0192 outinratio 0.1627 

ggH126_2e2mu_Nj_genbin2_recobin4 acc 0.0323 eff 0.0077 outinratio 0.0643 

VBFH126_2e2mu_Nj_genbin2_recobin4 acc 0.2044 eff 0.0038 outinratio 0.0648 

WminusH126_2e2mu_Nj_genbin2_recobin4 acc 0.0999 eff 0.005 outinratio 0.0605 

WplusH126_2e2mu_Nj_genbin2_recobin4 acc 0.0863 eff 0.0082 outinratio 0.04 

ZH126_2e2mu_Nj_genbin2_recobin4 acc 0.1085 eff 0.0144 outinratio 0.0711 

ttH126_2e2mu_Nj_genbin2_recobin4 acc 0.0254 eff 0.0522 outinratio 0.1627 

ggH126_2e2mu_Nj_genbin3_recobin4 acc 0.0085 eff 0.0197 outinratio 0.0643 

VBFH126_2e2mu_Nj_genbin3_recobin4 acc 0.0278 eff 0.0383 outinratio 0.0648 

WminusH126_2e2mu_Nj_genbin3_recobin4 acc 0.0385 eff 0.0796 outinratio 0.0605 

WplusH126_2e2mu_Nj_genbin3_recobin4 acc 0.0302 eff 0.0805 outinratio 0.04 

ZH126_2e2mu_Nj_genbin3_recobin4 acc 0.0384 eff 0.0652 outinratio 0.0711 

ttH126_2e2mu_Nj_genbin3_recobin4 acc 0.058 eff 0.1844 outinratio 0.1627 

ggH126_2e2mu_Nj_genbin4_recobin4 acc 0.0028 eff 0.442 outinratio 0.0643 

VBFH126_2e2mu_Nj_genbin4_recobin4 acc 0.0044 eff 0.3603 outinratio 0.0648 

WminusH126_2e2mu_Nj_genbin4_recobin4 acc 0.0163 eff 0.4925 outinratio 0.0605 

WplusH126_2e2mu_Nj_genbin4_recobin4 acc 0.013 eff 0.3027 outinratio 0.04 

ZH126_2e2mu_Nj_genbin4_recobin4 acc 0.0198 eff 0.3823 outinratio 0.0711 

ttH126_2e2mu_Nj_genbin4_recobin4 acc 0.22 eff 0.4796 outinratio 0.1627 

Coeff fullNNLOPS
