Welcome in RunCoefficients!
OPT SPLIT
DEBUG opt.YEAR = 2024_8
It is a single-differential measurement, binning [-100.0, 0.0, 1.1, 2.9, 4.4, 10.0]
absdetajj
Following observables extracted from dictionary: RECO =  absdetajj  GEN =  GENabsdetajj
LUMI: 10.882200000000001
ttH126 0.00046886128
Processing ggH126 2024_8
Signal created
Signal failed created
Processing VBFH126 2024_8
Signal created
Signal failed created
Processing WminusH126 2024_8
Signal created
Signal failed created
Processing WplusH126 2024_8
Signal created
Signal failed created
Processing ZH126 2024_8
Signal created
Signal failed created
Processing ttH126 2024_8
Signal created
Signal failed created
2024_8 SKIMMED df CREATED
2024_8 ggH126
2024_8 VBFH126
2024_8 WminusH126
2024_8 WplusH126
2024_8 ZH126
2024_8 ttH126
Dataframes created successfully
Coeff std
ggH126_4l_absdetajj_genbin0_recobin0 acc 0.3669 eff 0.5301 outinratio 0.0501 

VBFH126_4l_absdetajj_genbin0_recobin0 acc 0.2144 eff 0.4744 outinratio 0.033 

WminusH126_4l_absdetajj_genbin0_recobin0 acc 0.2021 eff 0.462 outinratio 0.0608 

WplusH126_4l_absdetajj_genbin0_recobin0 acc 0.1761 eff 0.4577 outinratio 0.0675 

ZH126_4l_absdetajj_genbin0_recobin0 acc 0.1752 eff 0.4605 outinratio 0.0827 

ttH126_4l_absdetajj_genbin0_recobin0 acc 0.0081 eff 0.2383 outinratio 0.1785 

ggH126_4l_absdetajj_genbin1_recobin0 acc 0.0155 eff 0.0672 outinratio 0.0501 

VBFH126_4l_absdetajj_genbin1_recobin0 acc 0.0202 eff 0.0779 outinratio 0.033 

WminusH126_4l_absdetajj_genbin1_recobin0 acc 0.1031 eff 0.0597 outinratio 0.0608 

WplusH126_4l_absdetajj_genbin1_recobin0 acc 0.0973 eff 0.0477 outinratio 0.0675 

ZH126_4l_absdetajj_genbin1_recobin0 acc 0.1083 eff 0.0677 outinratio 0.0827 

ttH126_4l_absdetajj_genbin1_recobin0 acc 0.192 eff 0.0024 outinratio 0.1785 

ggH126_4l_absdetajj_genbin2_recobin0 acc 0.0185 eff 0.0839 outinratio 0.0501 

VBFH126_4l_absdetajj_genbin2_recobin0 acc 0.0343 eff 0.067 outinratio 0.033 

WminusH126_4l_absdetajj_genbin2_recobin0 acc 0.0451 eff 0.062 outinratio 0.0608 

WplusH126_4l_absdetajj_genbin2_recobin0 acc 0.0394 eff 0.0625 outinratio 0.0675 

ZH126_4l_absdetajj_genbin2_recobin0 acc 0.0492 eff 0.0638 outinratio 0.0827 

ttH126_4l_absdetajj_genbin2_recobin0 acc 0.0998 eff 0.0023 outinratio 0.1785 

ggH126_4l_absdetajj_genbin3_recobin0 acc 0.0068 eff 0.0963 outinratio 0.0501 

VBFH126_4l_absdetajj_genbin3_recobin0 acc 0.0673 eff 0.0728 outinratio 0.033 

WminusH126_4l_absdetajj_genbin3_recobin0 acc 0.0066 eff 0.065 outinratio 0.0608 

WplusH126_4l_absdetajj_genbin3_recobin0 acc 0.006 eff 0.0287 outinratio 0.0675 

ZH126_4l_absdetajj_genbin3_recobin0 acc 0.0069 eff 0.0685 outinratio 0.0827 

ttH126_4l_absdetajj_genbin3_recobin0 acc 0.018 eff 0.0125 outinratio 0.1785 

ggH126_4l_absdetajj_genbin4_recobin0 acc 0.003 eff 0.1427 outinratio 0.0501 

VBFH126_4l_absdetajj_genbin4_recobin0 acc 0.1143 eff 0.1079 outinratio 0.033 

WminusH126_4l_absdetajj_genbin4_recobin0 acc 0.0011 eff 0.086 outinratio 0.0608 

WplusH126_4l_absdetajj_genbin4_recobin0 acc 0.0009 eff 0.0495 outinratio 0.0675 

ZH126_4l_absdetajj_genbin4_recobin0 acc 0.0008 eff 0.1822 outinratio 0.0827 

ttH126_4l_absdetajj_genbin4_recobin0 acc 0.0023 eff 0.0 outinratio 0.1785 

ggH126_4l_absdetajj_genbin0_recobin1 acc 0.3669 eff 0.0049 outinratio 0.0669 

VBFH126_4l_absdetajj_genbin0_recobin1 acc 0.2144 eff 0.0116 outinratio 0.044 

WminusH126_4l_absdetajj_genbin0_recobin1 acc 0.2021 eff 0.0322 outinratio 0.071 

WplusH126_4l_absdetajj_genbin0_recobin1 acc 0.1761 eff 0.0417 outinratio 0.063 

ZH126_4l_absdetajj_genbin0_recobin1 acc 0.1752 eff 0.0321 outinratio 0.0776 

ttH126_4l_absdetajj_genbin0_recobin1 acc 0.0081 eff 0.2259 outinratio 0.1665 

ggH126_4l_absdetajj_genbin1_recobin1 acc 0.0155 eff 0.4523 outinratio 0.0669 

VBFH126_4l_absdetajj_genbin1_recobin1 acc 0.0202 eff 0.4457 outinratio 0.044 

WminusH126_4l_absdetajj_genbin1_recobin1 acc 0.1031 eff 0.4741 outinratio 0.071 

WplusH126_4l_absdetajj_genbin1_recobin1 acc 0.0973 eff 0.4746 outinratio 0.063 

ZH126_4l_absdetajj_genbin1_recobin1 acc 0.1083 eff 0.4708 outinratio 0.0776 

ttH126_4l_absdetajj_genbin1_recobin1 acc 0.192 eff 0.4757 outinratio 0.1665 

ggH126_4l_absdetajj_genbin2_recobin1 acc 0.0185 eff 0.0246 outinratio 0.0669 

VBFH126_4l_absdetajj_genbin2_recobin1 acc 0.0343 eff 0.0127 outinratio 0.044 

WminusH126_4l_absdetajj_genbin2_recobin1 acc 0.0451 eff 0.0496 outinratio 0.071 

WplusH126_4l_absdetajj_genbin2_recobin1 acc 0.0394 eff 0.0602 outinratio 0.063 

ZH126_4l_absdetajj_genbin2_recobin1 acc 0.0492 eff 0.0336 outinratio 0.0776 

ttH126_4l_absdetajj_genbin2_recobin1 acc 0.0998 eff 0.0996 outinratio 0.1665 

ggH126_4l_absdetajj_genbin3_recobin1 acc 0.0068 eff 0.0208 outinratio 0.0669 

VBFH126_4l_absdetajj_genbin3_recobin1 acc 0.0673 eff 0.0095 outinratio 0.044 

WminusH126_4l_absdetajj_genbin3_recobin1 acc 0.0066 eff 0.0714 outinratio 0.071 

WplusH126_4l_absdetajj_genbin3_recobin1 acc 0.006 eff 0.0421 outinratio 0.063 

ZH126_4l_absdetajj_genbin3_recobin1 acc 0.0069 eff 0.0206 outinratio 0.0776 

ttH126_4l_absdetajj_genbin3_recobin1 acc 0.018 eff 0.0691 outinratio 0.1665 

ggH126_4l_absdetajj_genbin4_recobin1 acc 0.003 eff 0.0269 outinratio 0.0669 

VBFH126_4l_absdetajj_genbin4_recobin1 acc 0.1143 eff 0.0077 outinratio 0.044 

WminusH126_4l_absdetajj_genbin4_recobin1 acc 0.0011 eff 0.0585 outinratio 0.071 

WplusH126_4l_absdetajj_genbin4_recobin1 acc 0.0009 eff 0.0 outinratio 0.063 

ZH126_4l_absdetajj_genbin4_recobin1 acc 0.0008 eff 0.0 outinratio 0.0776 

ttH126_4l_absdetajj_genbin4_recobin1 acc 0.0023 eff 0.0315 outinratio 0.1665 

ggH126_4l_absdetajj_genbin0_recobin2 acc 0.3669 eff 0.0088 outinratio 0.0574 

VBFH126_4l_absdetajj_genbin0_recobin2 acc 0.2144 eff 0.0153 outinratio 0.0367 

WminusH126_4l_absdetajj_genbin0_recobin2 acc 0.2021 eff 0.0303 outinratio 0.0614 

WplusH126_4l_absdetajj_genbin0_recobin2 acc 0.1761 eff 0.0279 outinratio 0.0676 

ZH126_4l_absdetajj_genbin0_recobin2 acc 0.1752 eff 0.0311 outinratio 0.0831 

ttH126_4l_absdetajj_genbin0_recobin2 acc 0.0081 eff 0.1069 outinratio 0.1839 

ggH126_4l_absdetajj_genbin1_recobin2 acc 0.0155 eff 0.0193 outinratio 0.0574 

VBFH126_4l_absdetajj_genbin1_recobin2 acc 0.0202 eff 0.0284 outinratio 0.0367 

WminusH126_4l_absdetajj_genbin1_recobin2 acc 0.1031 eff 0.0264 outinratio 0.0614 

WplusH126_4l_absdetajj_genbin1_recobin2 acc 0.0973 eff 0.0287 outinratio 0.0676 

ZH126_4l_absdetajj_genbin1_recobin2 acc 0.1083 eff 0.0248 outinratio 0.0831 

ttH126_4l_absdetajj_genbin1_recobin2 acc 0.192 eff 0.049 outinratio 0.1839 

ggH126_4l_absdetajj_genbin2_recobin2 acc 0.0185 eff 0.403 outinratio 0.0574 

VBFH126_4l_absdetajj_genbin2_recobin2 acc 0.0343 eff 0.4578 outinratio 0.0367 

WminusH126_4l_absdetajj_genbin2_recobin2 acc 0.0451 eff 0.4132 outinratio 0.0614 

WplusH126_4l_absdetajj_genbin2_recobin2 acc 0.0394 eff 0.4537 outinratio 0.0676 

ZH126_4l_absdetajj_genbin2_recobin2 acc 0.0492 eff 0.416 outinratio 0.0831 

ttH126_4l_absdetajj_genbin2_recobin2 acc 0.0998 eff 0.4099 outinratio 0.1839 

ggH126_4l_absdetajj_genbin3_recobin2 acc 0.0068 eff 0.0165 outinratio 0.0574 

VBFH126_4l_absdetajj_genbin3_recobin2 acc 0.0673 eff 0.0186 outinratio 0.0367 

WminusH126_4l_absdetajj_genbin3_recobin2 acc 0.0066 eff 0.0743 outinratio 0.0614 

WplusH126_4l_absdetajj_genbin3_recobin2 acc 0.006 eff 0.054 outinratio 0.0676 

ZH126_4l_absdetajj_genbin3_recobin2 acc 0.0069 eff 0.0864 outinratio 0.0831 

ttH126_4l_absdetajj_genbin3_recobin2 acc 0.018 eff 0.0514 outinratio 0.1839 

ggH126_4l_absdetajj_genbin4_recobin2 acc 0.003 eff 0.0152 outinratio 0.0574 

VBFH126_4l_absdetajj_genbin4_recobin2 acc 0.1143 eff 0.0057 outinratio 0.0367 

WminusH126_4l_absdetajj_genbin4_recobin2 acc 0.0011 eff 0.0487 outinratio 0.0614 

WplusH126_4l_absdetajj_genbin4_recobin2 acc 0.0009 eff 0.0 outinratio 0.0676 

ZH126_4l_absdetajj_genbin4_recobin2 acc 0.0008 eff 0.0 outinratio 0.0831 

ttH126_4l_absdetajj_genbin4_recobin2 acc 0.0023 eff 0.079 outinratio 0.1839 

ggH126_4l_absdetajj_genbin0_recobin3 acc 0.3669 eff 0.0042 outinratio 0.0898 

VBFH126_4l_absdetajj_genbin0_recobin3 acc 0.2144 eff 0.0197 outinratio 0.038 

WminusH126_4l_absdetajj_genbin0_recobin3 acc 0.2021 eff 0.0088 outinratio 0.0681 

WplusH126_4l_absdetajj_genbin0_recobin3 acc 0.1761 eff 0.01 outinratio 0.0738 

ZH126_4l_absdetajj_genbin0_recobin3 acc 0.1752 eff 0.0084 outinratio 0.088 

ttH126_4l_absdetajj_genbin0_recobin3 acc 0.0081 eff 0.0282 outinratio 0.0833 

ggH126_4l_absdetajj_genbin1_recobin3 acc 0.0155 eff 0.0078 outinratio 0.0898 

VBFH126_4l_absdetajj_genbin1_recobin3 acc 0.0202 eff 0.0235 outinratio 0.038 

WminusH126_4l_absdetajj_genbin1_recobin3 acc 0.1031 eff 0.0066 outinratio 0.0681 

WplusH126_4l_absdetajj_genbin1_recobin3 acc 0.0973 eff 0.0066 outinratio 0.0738 

ZH126_4l_absdetajj_genbin1_recobin3 acc 0.1083 eff 0.0091 outinratio 0.088 

ttH126_4l_absdetajj_genbin1_recobin3 acc 0.192 eff 0.0097 outinratio 0.0833 

ggH126_4l_absdetajj_genbin2_recobin3 acc 0.0185 eff 0.0314 outinratio 0.0898 

VBFH126_4l_absdetajj_genbin2_recobin3 acc 0.0343 eff 0.0207 outinratio 0.038 

WminusH126_4l_absdetajj_genbin2_recobin3 acc 0.0451 eff 0.0088 outinratio 0.0681 

WplusH126_4l_absdetajj_genbin2_recobin3 acc 0.0394 eff 0.0045 outinratio 0.0738 

ZH126_4l_absdetajj_genbin2_recobin3 acc 0.0492 eff 0.0145 outinratio 0.088 

ttH126_4l_absdetajj_genbin2_recobin3 acc 0.0998 eff 0.0113 outinratio 0.0833 

ggH126_4l_absdetajj_genbin3_recobin3 acc 0.0068 eff 0.4279 outinratio 0.0898 

VBFH126_4l_absdetajj_genbin3_recobin3 acc 0.0673 eff 0.4811 outinratio 0.038 

WminusH126_4l_absdetajj_genbin3_recobin3 acc 0.0066 eff 0.3903 outinratio 0.0681 

WplusH126_4l_absdetajj_genbin3_recobin3 acc 0.006 eff 0.3671 outinratio 0.0738 

ZH126_4l_absdetajj_genbin3_recobin3 acc 0.0069 eff 0.3609 outinratio 0.088 

ttH126_4l_absdetajj_genbin3_recobin3 acc 0.018 eff 0.4439 outinratio 0.0833 

ggH126_4l_absdetajj_genbin4_recobin3 acc 0.003 eff 0.0 outinratio 0.0898 

VBFH126_4l_absdetajj_genbin4_recobin3 acc 0.1143 eff 0.0071 outinratio 0.038 

WminusH126_4l_absdetajj_genbin4_recobin3 acc 0.0011 eff 0.0232 outinratio 0.0681 

WplusH126_4l_absdetajj_genbin4_recobin3 acc 0.0009 eff 0.0 outinratio 0.0738 

ZH126_4l_absdetajj_genbin4_recobin3 acc 0.0008 eff 0.0 outinratio 0.088 

ttH126_4l_absdetajj_genbin4_recobin3 acc 0.0023 eff 0.0662 outinratio 0.0833 

ggH126_4l_absdetajj_genbin0_recobin4 acc 0.3669 eff 0.0044 outinratio 0.0426 

VBFH126_4l_absdetajj_genbin0_recobin4 acc 0.2144 eff 0.0453 outinratio 0.0355 

WminusH126_4l_absdetajj_genbin0_recobin4 acc 0.2021 eff 0.0059 outinratio 0.0569 

WplusH126_4l_absdetajj_genbin0_recobin4 acc 0.1761 eff 0.0049 outinratio 0.066 

ZH126_4l_absdetajj_genbin0_recobin4 acc 0.1752 eff 0.0058 outinratio 0.07 

ttH126_4l_absdetajj_genbin0_recobin4 acc 0.0081 eff 0.0 outinratio 0.1888 

ggH126_4l_absdetajj_genbin1_recobin4 acc 0.0155 eff 0.015 outinratio 0.0426 

VBFH126_4l_absdetajj_genbin1_recobin4 acc 0.0202 eff 0.0386 outinratio 0.0355 

WminusH126_4l_absdetajj_genbin1_recobin4 acc 0.1031 eff 0.0008 outinratio 0.0569 

WplusH126_4l_absdetajj_genbin1_recobin4 acc 0.0973 eff 0.0016 outinratio 0.066 

ZH126_4l_absdetajj_genbin1_recobin4 acc 0.1083 eff 0.0015 outinratio 0.07 

ttH126_4l_absdetajj_genbin1_recobin4 acc 0.192 eff 0.0004 outinratio 0.1888 

ggH126_4l_absdetajj_genbin2_recobin4 acc 0.0185 eff 0.0028 outinratio 0.0426 

VBFH126_4l_absdetajj_genbin2_recobin4 acc 0.0343 eff 0.0082 outinratio 0.0355 

WminusH126_4l_absdetajj_genbin2_recobin4 acc 0.0451 eff 0.0018 outinratio 0.0569 

WplusH126_4l_absdetajj_genbin2_recobin4 acc 0.0394 eff 0.0046 outinratio 0.066 

ZH126_4l_absdetajj_genbin2_recobin4 acc 0.0492 eff 0.0039 outinratio 0.07 

ttH126_4l_absdetajj_genbin2_recobin4 acc 0.0998 eff 0.0011 outinratio 0.1888 

ggH126_4l_absdetajj_genbin3_recobin4 acc 0.0068 eff 0.0278 outinratio 0.0426 

VBFH126_4l_absdetajj_genbin3_recobin4 acc 0.0673 eff 0.0032 outinratio 0.0355 

WminusH126_4l_absdetajj_genbin3_recobin4 acc 0.0066 eff 0.0128 outinratio 0.0569 

WplusH126_4l_absdetajj_genbin3_recobin4 acc 0.006 eff 0.0149 outinratio 0.066 

ZH126_4l_absdetajj_genbin3_recobin4 acc 0.0069 eff 0.0243 outinratio 0.07 

ttH126_4l_absdetajj_genbin3_recobin4 acc 0.018 eff 0.004 outinratio 0.1888 

ggH126_4l_absdetajj_genbin4_recobin4 acc 0.003 eff 0.3984 outinratio 0.0426 

VBFH126_4l_absdetajj_genbin4_recobin4 acc 0.1143 eff 0.4452 outinratio 0.0355 

WminusH126_4l_absdetajj_genbin4_recobin4 acc 0.0011 eff 0.2246 outinratio 0.0569 

WplusH126_4l_absdetajj_genbin4_recobin4 acc 0.0009 eff 0.3407 outinratio 0.066 

ZH126_4l_absdetajj_genbin4_recobin4 acc 0.0008 eff 0.2219 outinratio 0.07 

ttH126_4l_absdetajj_genbin4_recobin4 acc 0.0023 eff 0.3115 outinratio 0.1888 

ggH126_4e_absdetajj_genbin0_recobin0 acc 0.3499 eff 0.3045 outinratio 0.0571 

VBFH126_4e_absdetajj_genbin0_recobin0 acc 0.2036 eff 0.3038 outinratio 0.0278 

WminusH126_4e_absdetajj_genbin0_recobin0 acc 0.1995 eff 0.2845 outinratio 0.0703 

WplusH126_4e_absdetajj_genbin0_recobin0 acc 0.1827 eff 0.3016 outinratio 0.0679 

ZH126_4e_absdetajj_genbin0_recobin0 acc 0.162 eff 0.2729 outinratio 0.0613 

ttH126_4e_absdetajj_genbin0_recobin0 acc 0.009 eff 0.1783 outinratio 0.1726 

ggH126_4e_absdetajj_genbin1_recobin0 acc 0.0174 eff 0.0066 outinratio 0.0571 

VBFH126_4e_absdetajj_genbin1_recobin0 acc 0.0196 eff 0.0368 outinratio 0.0278 

WminusH126_4e_absdetajj_genbin1_recobin0 acc 0.096 eff 0.0502 outinratio 0.0703 

WplusH126_4e_absdetajj_genbin1_recobin0 acc 0.0917 eff 0.0341 outinratio 0.0679 

ZH126_4e_absdetajj_genbin1_recobin0 acc 0.1135 eff 0.0405 outinratio 0.0613 

ttH126_4e_absdetajj_genbin1_recobin0 acc 0.183 eff 0.0 outinratio 0.1726 

ggH126_4e_absdetajj_genbin2_recobin0 acc 0.0217 eff 0.0391 outinratio 0.0571 

VBFH126_4e_absdetajj_genbin2_recobin0 acc 0.0306 eff 0.0428 outinratio 0.0278 

WminusH126_4e_absdetajj_genbin2_recobin0 acc 0.0459 eff 0.0403 outinratio 0.0703 

WplusH126_4e_absdetajj_genbin2_recobin0 acc 0.0396 eff 0.0443 outinratio 0.0679 

ZH126_4e_absdetajj_genbin2_recobin0 acc 0.048 eff 0.0416 outinratio 0.0613 

ttH126_4e_absdetajj_genbin2_recobin0 acc 0.0996 eff 0.0 outinratio 0.1726 

ggH126_4e_absdetajj_genbin3_recobin0 acc 0.0066 eff 0.0601 outinratio 0.0571 

VBFH126_4e_absdetajj_genbin3_recobin0 acc 0.064 eff 0.0532 outinratio 0.0278 

WminusH126_4e_absdetajj_genbin3_recobin0 acc 0.0063 eff 0.009 outinratio 0.0703 

WplusH126_4e_absdetajj_genbin3_recobin0 acc 0.0043 eff 0.0 outinratio 0.0679 

ZH126_4e_absdetajj_genbin3_recobin0 acc 0.0067 eff 0.0416 outinratio 0.0613 

ttH126_4e_absdetajj_genbin3_recobin0 acc 0.0184 eff 0.0 outinratio 0.1726 

ggH126_4e_absdetajj_genbin4_recobin0 acc 0.0037 eff 0.0702 outinratio 0.0571 

VBFH126_4e_absdetajj_genbin4_recobin0 acc 0.1118 eff 0.0697 outinratio 0.0278 

WminusH126_4e_absdetajj_genbin4_recobin0 acc 0.0011 eff -1.0 outinratio 0.0703 

WplusH126_4e_absdetajj_genbin4_recobin0 acc 0.0012 eff -1.0 outinratio 0.0679 

ZH126_4e_absdetajj_genbin4_recobin0 acc 0.001 eff -1.0 outinratio 0.0613 

ttH126_4e_absdetajj_genbin4_recobin0 acc 0.004 eff 0.0 outinratio 0.1726 

ggH126_4e_absdetajj_genbin0_recobin1 acc 0.3499 eff 0.005 outinratio 0.1462 

VBFH126_4e_absdetajj_genbin0_recobin1 acc 0.2036 eff 0.0051 outinratio 0.081 

WminusH126_4e_absdetajj_genbin0_recobin1 acc 0.1995 eff 0.0217 outinratio 0.0731 

WplusH126_4e_absdetajj_genbin0_recobin1 acc 0.1827 eff 0.0275 outinratio 0.0591 

ZH126_4e_absdetajj_genbin0_recobin1 acc 0.162 eff 0.0225 outinratio 0.0691 

ttH126_4e_absdetajj_genbin0_recobin1 acc 0.009 eff 0.1497 outinratio 0.1652 

ggH126_4e_absdetajj_genbin1_recobin1 acc 0.0174 eff 0.2898 outinratio 0.1462 

VBFH126_4e_absdetajj_genbin1_recobin1 acc 0.0196 eff 0.273 outinratio 0.081 

WminusH126_4e_absdetajj_genbin1_recobin1 acc 0.096 eff 0.2924 outinratio 0.0731 

WplusH126_4e_absdetajj_genbin1_recobin1 acc 0.0917 eff 0.3032 outinratio 0.0591 

ZH126_4e_absdetajj_genbin1_recobin1 acc 0.1135 eff 0.3164 outinratio 0.0691 

ttH126_4e_absdetajj_genbin1_recobin1 acc 0.183 eff 0.2901 outinratio 0.1652 

ggH126_4e_absdetajj_genbin2_recobin1 acc 0.0217 eff 0.0 outinratio 0.1462 

VBFH126_4e_absdetajj_genbin2_recobin1 acc 0.0306 eff 0.0 outinratio 0.081 

WminusH126_4e_absdetajj_genbin2_recobin1 acc 0.0459 eff 0.029 outinratio 0.0731 

WplusH126_4e_absdetajj_genbin2_recobin1 acc 0.0396 eff 0.0201 outinratio 0.0591 

ZH126_4e_absdetajj_genbin2_recobin1 acc 0.048 eff 0.019 outinratio 0.0691 

ttH126_4e_absdetajj_genbin2_recobin1 acc 0.0996 eff 0.0376 outinratio 0.1652 

ggH126_4e_absdetajj_genbin3_recobin1 acc 0.0066 eff 0.0 outinratio 0.1462 

VBFH126_4e_absdetajj_genbin3_recobin1 acc 0.064 eff 0.0091 outinratio 0.081 

WminusH126_4e_absdetajj_genbin3_recobin1 acc 0.0063 eff 0.0526 outinratio 0.0731 

WplusH126_4e_absdetajj_genbin3_recobin1 acc 0.0043 eff 0.0174 outinratio 0.0591 

ZH126_4e_absdetajj_genbin3_recobin1 acc 0.0067 eff 0.0397 outinratio 0.0691 

ttH126_4e_absdetajj_genbin3_recobin1 acc 0.0184 eff 0.1102 outinratio 0.1652 

ggH126_4e_absdetajj_genbin4_recobin1 acc 0.0037 eff 0.0 outinratio 0.1462 

VBFH126_4e_absdetajj_genbin4_recobin1 acc 0.1118 eff 0.0039 outinratio 0.081 

WminusH126_4e_absdetajj_genbin4_recobin1 acc 0.0011 eff -1.0 outinratio 0.0731 

WplusH126_4e_absdetajj_genbin4_recobin1 acc 0.0012 eff -1.0 outinratio 0.0591 

ZH126_4e_absdetajj_genbin4_recobin1 acc 0.001 eff -1.0 outinratio 0.0691 

ttH126_4e_absdetajj_genbin4_recobin1 acc 0.004 eff 0.0 outinratio 0.1652 

ggH126_4e_absdetajj_genbin0_recobin2 acc 0.3499 eff 0.0069 outinratio 0.0384 

VBFH126_4e_absdetajj_genbin0_recobin2 acc 0.2036 eff 0.0088 outinratio 0.042 

WminusH126_4e_absdetajj_genbin0_recobin2 acc 0.1995 eff 0.02 outinratio 0.0497 

WplusH126_4e_absdetajj_genbin0_recobin2 acc 0.1827 eff 0.0148 outinratio 0.036 

ZH126_4e_absdetajj_genbin0_recobin2 acc 0.162 eff 0.015 outinratio 0.0704 

ttH126_4e_absdetajj_genbin0_recobin2 acc 0.009 eff 0.0708 outinratio 0.2269 

ggH126_4e_absdetajj_genbin1_recobin2 acc 0.0174 eff 0.034 outinratio 0.0384 

VBFH126_4e_absdetajj_genbin1_recobin2 acc 0.0196 eff 0.0104 outinratio 0.042 

WminusH126_4e_absdetajj_genbin1_recobin2 acc 0.096 eff 0.0137 outinratio 0.0497 

WplusH126_4e_absdetajj_genbin1_recobin2 acc 0.0917 eff 0.0113 outinratio 0.036 

ZH126_4e_absdetajj_genbin1_recobin2 acc 0.1135 eff 0.0196 outinratio 0.0704 

ttH126_4e_absdetajj_genbin1_recobin2 acc 0.183 eff 0.0385 outinratio 0.2269 

ggH126_4e_absdetajj_genbin2_recobin2 acc 0.0217 eff 0.2768 outinratio 0.0384 

VBFH126_4e_absdetajj_genbin2_recobin2 acc 0.0306 eff 0.3076 outinratio 0.042 

WminusH126_4e_absdetajj_genbin2_recobin2 acc 0.0459 eff 0.2329 outinratio 0.0497 

WplusH126_4e_absdetajj_genbin2_recobin2 acc 0.0396 eff 0.2655 outinratio 0.036 

ZH126_4e_absdetajj_genbin2_recobin2 acc 0.048 eff 0.2304 outinratio 0.0704 

ttH126_4e_absdetajj_genbin2_recobin2 acc 0.0996 eff 0.3057 outinratio 0.2269 

ggH126_4e_absdetajj_genbin3_recobin2 acc 0.0066 eff 0.0363 outinratio 0.0384 

VBFH126_4e_absdetajj_genbin3_recobin2 acc 0.064 eff 0.0073 outinratio 0.042 

WminusH126_4e_absdetajj_genbin3_recobin2 acc 0.0063 eff 0.0442 outinratio 0.0497 

WplusH126_4e_absdetajj_genbin3_recobin2 acc 0.0043 eff 0.0 outinratio 0.036 

ZH126_4e_absdetajj_genbin3_recobin2 acc 0.0067 eff 0.0184 outinratio 0.0704 

ttH126_4e_absdetajj_genbin3_recobin2 acc 0.0184 eff 0.0283 outinratio 0.2269 

ggH126_4e_absdetajj_genbin4_recobin2 acc 0.0037 eff 0.0 outinratio 0.0384 

VBFH126_4e_absdetajj_genbin4_recobin2 acc 0.1118 eff 0.0019 outinratio 0.042 

WminusH126_4e_absdetajj_genbin4_recobin2 acc 0.0011 eff -1.0 outinratio 0.0497 

WplusH126_4e_absdetajj_genbin4_recobin2 acc 0.0012 eff -1.0 outinratio 0.036 

ZH126_4e_absdetajj_genbin4_recobin2 acc 0.001 eff -1.0 outinratio 0.0704 

ttH126_4e_absdetajj_genbin4_recobin2 acc 0.004 eff 0.0504 outinratio 0.2269 

ggH126_4e_absdetajj_genbin0_recobin3 acc 0.3499 eff 0.001 outinratio 0.1428 

VBFH126_4e_absdetajj_genbin0_recobin3 acc 0.2036 eff 0.0144 outinratio 0.0499 

WminusH126_4e_absdetajj_genbin0_recobin3 acc 0.1995 eff 0.0035 outinratio 0.1238 

WplusH126_4e_absdetajj_genbin0_recobin3 acc 0.1827 eff 0.0097 outinratio 0.1483 

ZH126_4e_absdetajj_genbin0_recobin3 acc 0.162 eff 0.0072 outinratio 0.1361 

ttH126_4e_absdetajj_genbin0_recobin3 acc 0.009 eff 0.0564 outinratio 0.0651 

ggH126_4e_absdetajj_genbin1_recobin3 acc 0.0174 eff 0.0132 outinratio 0.1428 

VBFH126_4e_absdetajj_genbin1_recobin3 acc 0.0196 eff 0.0097 outinratio 0.0499 

WminusH126_4e_absdetajj_genbin1_recobin3 acc 0.096 eff 0.0 outinratio 0.1238 

WplusH126_4e_absdetajj_genbin1_recobin3 acc 0.0917 eff 0.003 outinratio 0.1483 

ZH126_4e_absdetajj_genbin1_recobin3 acc 0.1135 eff 0.0059 outinratio 0.1361 

ttH126_4e_absdetajj_genbin1_recobin3 acc 0.183 eff 0.0086 outinratio 0.0651 

ggH126_4e_absdetajj_genbin2_recobin3 acc 0.0217 eff 0.0175 outinratio 0.1428 

VBFH126_4e_absdetajj_genbin2_recobin3 acc 0.0306 eff 0.0106 outinratio 0.0499 

WminusH126_4e_absdetajj_genbin2_recobin3 acc 0.0459 eff 0.0055 outinratio 0.1238 

WplusH126_4e_absdetajj_genbin2_recobin3 acc 0.0396 eff 0.0 outinratio 0.1483 

ZH126_4e_absdetajj_genbin2_recobin3 acc 0.048 eff 0.003 outinratio 0.1361 

ttH126_4e_absdetajj_genbin2_recobin3 acc 0.0996 eff 0.0025 outinratio 0.0651 

ggH126_4e_absdetajj_genbin3_recobin3 acc 0.0066 eff 0.3103 outinratio 0.1428 

VBFH126_4e_absdetajj_genbin3_recobin3 acc 0.064 eff 0.3087 outinratio 0.0499 

WminusH126_4e_absdetajj_genbin3_recobin3 acc 0.0063 eff 0.2482 outinratio 0.1238 

WplusH126_4e_absdetajj_genbin3_recobin3 acc 0.0043 eff 0.3065 outinratio 0.1483 

ZH126_4e_absdetajj_genbin3_recobin3 acc 0.0067 eff 0.1132 outinratio 0.1361 

ttH126_4e_absdetajj_genbin3_recobin3 acc 0.0184 eff 0.3599 outinratio 0.0651 

ggH126_4e_absdetajj_genbin4_recobin3 acc 0.0037 eff 0.0 outinratio 0.1428 

VBFH126_4e_absdetajj_genbin4_recobin3 acc 0.1118 eff 0.0043 outinratio 0.0499 

WminusH126_4e_absdetajj_genbin4_recobin3 acc 0.0011 eff -1.0 outinratio 0.1238 

WplusH126_4e_absdetajj_genbin4_recobin3 acc 0.0012 eff -1.0 outinratio 0.1483 

ZH126_4e_absdetajj_genbin4_recobin3 acc 0.001 eff -1.0 outinratio 0.1361 

ttH126_4e_absdetajj_genbin4_recobin3 acc 0.004 eff 0.0933 outinratio 0.0651 

ggH126_4e_absdetajj_genbin0_recobin4 acc 0.3499 eff 0.0016 outinratio 0.0445 

VBFH126_4e_absdetajj_genbin0_recobin4 acc 0.2036 eff 0.024 outinratio 0.0231 

WminusH126_4e_absdetajj_genbin0_recobin4 acc 0.1995 eff 0.0021 outinratio 0.0451 

WplusH126_4e_absdetajj_genbin0_recobin4 acc 0.1827 eff 0.003 outinratio 0.2362 

ZH126_4e_absdetajj_genbin0_recobin4 acc 0.162 eff 0.001 outinratio 0.1941 

ttH126_4e_absdetajj_genbin0_recobin4 acc 0.009 eff 0.0 outinratio 0.3537 

ggH126_4e_absdetajj_genbin1_recobin4 acc 0.0174 eff 0.0 outinratio 0.0445 

VBFH126_4e_absdetajj_genbin1_recobin4 acc 0.0196 eff 0.0243 outinratio 0.0231 

WminusH126_4e_absdetajj_genbin1_recobin4 acc 0.096 eff 0.0022 outinratio 0.0451 

WplusH126_4e_absdetajj_genbin1_recobin4 acc 0.0917 eff 0.0014 outinratio 0.2362 

ZH126_4e_absdetajj_genbin1_recobin4 acc 0.1135 eff 0.0017 outinratio 0.1941 

ttH126_4e_absdetajj_genbin1_recobin4 acc 0.183 eff 0.0 outinratio 0.3537 

ggH126_4e_absdetajj_genbin2_recobin4 acc 0.0217 eff 0.0 outinratio 0.0445 

VBFH126_4e_absdetajj_genbin2_recobin4 acc 0.0306 eff 0.0028 outinratio 0.0231 

WminusH126_4e_absdetajj_genbin2_recobin4 acc 0.0459 eff 0.0021 outinratio 0.0451 

WplusH126_4e_absdetajj_genbin2_recobin4 acc 0.0396 eff 0.0 outinratio 0.2362 

ZH126_4e_absdetajj_genbin2_recobin4 acc 0.048 eff 0.0 outinratio 0.1941 

ttH126_4e_absdetajj_genbin2_recobin4 acc 0.0996 eff 0.0014 outinratio 0.3537 

ggH126_4e_absdetajj_genbin3_recobin4 acc 0.0066 eff 0.0102 outinratio 0.0445 

VBFH126_4e_absdetajj_genbin3_recobin4 acc 0.064 eff 0.0039 outinratio 0.0231 

WminusH126_4e_absdetajj_genbin3_recobin4 acc 0.0063 eff 0.0 outinratio 0.0451 

WplusH126_4e_absdetajj_genbin3_recobin4 acc 0.0043 eff 0.0 outinratio 0.2362 

ZH126_4e_absdetajj_genbin3_recobin4 acc 0.0067 eff 0.0223 outinratio 0.1941 

ttH126_4e_absdetajj_genbin3_recobin4 acc 0.0184 eff 0.0 outinratio 0.3537 

ggH126_4e_absdetajj_genbin4_recobin4 acc 0.0037 eff 0.4075 outinratio 0.0445 

VBFH126_4e_absdetajj_genbin4_recobin4 acc 0.1118 eff 0.2893 outinratio 0.0231 

WminusH126_4e_absdetajj_genbin4_recobin4 acc 0.0011 eff -1.0 outinratio 0.0451 

WplusH126_4e_absdetajj_genbin4_recobin4 acc 0.0012 eff -1.0 outinratio 0.2362 

ZH126_4e_absdetajj_genbin4_recobin4 acc 0.001 eff -1.0 outinratio 0.1941 

ttH126_4e_absdetajj_genbin4_recobin4 acc 0.004 eff 0.0967 outinratio 0.3537 

ggH126_4mu_absdetajj_genbin0_recobin0 acc 0.3847 eff 0.7754 outinratio 0.0338 

VBFH126_4mu_absdetajj_genbin0_recobin0 acc 0.2284 eff 0.681 outinratio 0.0366 

WminusH126_4mu_absdetajj_genbin0_recobin0 acc 0.2118 eff 0.6829 outinratio 0.0509 

WplusH126_4mu_absdetajj_genbin0_recobin0 acc 0.1852 eff 0.6513 outinratio 0.0697 

ZH126_4mu_absdetajj_genbin0_recobin0 acc 0.1849 eff 0.6748 outinratio 0.0925 

ttH126_4mu_absdetajj_genbin0_recobin0 acc 0.0075 eff 0.4334 outinratio 0.1373 

ggH126_4mu_absdetajj_genbin1_recobin0 acc 0.0163 eff 0.1284 outinratio 0.0338 

VBFH126_4mu_absdetajj_genbin1_recobin0 acc 0.0212 eff 0.0965 outinratio 0.0366 

WminusH126_4mu_absdetajj_genbin1_recobin0 acc 0.1088 eff 0.0711 outinratio 0.0509 

WplusH126_4mu_absdetajj_genbin1_recobin0 acc 0.1099 eff 0.0647 outinratio 0.0697 

ZH126_4mu_absdetajj_genbin1_recobin0 acc 0.1121 eff 0.0928 outinratio 0.0925 

ttH126_4mu_absdetajj_genbin1_recobin0 acc 0.2112 eff 0.0073 outinratio 0.1373 

ggH126_4mu_absdetajj_genbin2_recobin0 acc 0.0169 eff 0.1773 outinratio 0.0338 

VBFH126_4mu_absdetajj_genbin2_recobin0 acc 0.0341 eff 0.103 outinratio 0.0366 

WminusH126_4mu_absdetajj_genbin2_recobin0 acc 0.0476 eff 0.0974 outinratio 0.0509 

WplusH126_4mu_absdetajj_genbin2_recobin0 acc 0.0452 eff 0.0935 outinratio 0.0697 

ZH126_4mu_absdetajj_genbin2_recobin0 acc 0.0511 eff 0.0744 outinratio 0.0925 

ttH126_4mu_absdetajj_genbin2_recobin0 acc 0.1056 eff 0.0036 outinratio 0.1373 

ggH126_4mu_absdetajj_genbin3_recobin0 acc 0.007 eff 0.0779 outinratio 0.0338 

VBFH126_4mu_absdetajj_genbin3_recobin0 acc 0.0718 eff 0.096 outinratio 0.0366 

WminusH126_4mu_absdetajj_genbin3_recobin0 acc 0.0063 eff 0.1978 outinratio 0.0509 

WplusH126_4mu_absdetajj_genbin3_recobin0 acc 0.0066 eff 0.0607 outinratio 0.0697 

ZH126_4mu_absdetajj_genbin3_recobin0 acc 0.0068 eff 0.0259 outinratio 0.0925 

ttH126_4mu_absdetajj_genbin3_recobin0 acc 0.0167 eff 0.032 outinratio 0.1373 

ggH126_4mu_absdetajj_genbin4_recobin0 acc 0.0034 eff 0.1962 outinratio 0.0338 

VBFH126_4mu_absdetajj_genbin4_recobin0 acc 0.1241 eff 0.164 outinratio 0.0366 

WminusH126_4mu_absdetajj_genbin4_recobin0 acc 0.0011 eff -1.0 outinratio 0.0509 

WplusH126_4mu_absdetajj_genbin4_recobin0 acc 0.001 eff -1.0 outinratio 0.0697 

ZH126_4mu_absdetajj_genbin4_recobin0 acc 0.0007 eff -1.0 outinratio 0.0925 

ttH126_4mu_absdetajj_genbin4_recobin0 acc 0.0018 eff -1.0 outinratio 0.1373 

ggH126_4mu_absdetajj_genbin0_recobin1 acc 0.3847 eff 0.0086 outinratio 0.0432 

VBFH126_4mu_absdetajj_genbin0_recobin1 acc 0.2284 eff 0.0184 outinratio 0.0271 

WminusH126_4mu_absdetajj_genbin0_recobin1 acc 0.2118 eff 0.0521 outinratio 0.0484 

WplusH126_4mu_absdetajj_genbin0_recobin1 acc 0.1852 eff 0.0596 outinratio 0.062 

ZH126_4mu_absdetajj_genbin0_recobin1 acc 0.1849 eff 0.0494 outinratio 0.0824 

ttH126_4mu_absdetajj_genbin0_recobin1 acc 0.0075 eff 0.1729 outinratio 0.1559 

ggH126_4mu_absdetajj_genbin1_recobin1 acc 0.0163 eff 0.6161 outinratio 0.0432 

VBFH126_4mu_absdetajj_genbin1_recobin1 acc 0.0212 eff 0.6599 outinratio 0.0271 

WminusH126_4mu_absdetajj_genbin1_recobin1 acc 0.1088 eff 0.6891 outinratio 0.0484 

WplusH126_4mu_absdetajj_genbin1_recobin1 acc 0.1099 eff 0.7103 outinratio 0.062 

ZH126_4mu_absdetajj_genbin1_recobin1 acc 0.1121 eff 0.6709 outinratio 0.0824 

ttH126_4mu_absdetajj_genbin1_recobin1 acc 0.2112 eff 0.6647 outinratio 0.1559 

ggH126_4mu_absdetajj_genbin2_recobin1 acc 0.0169 eff 0.0133 outinratio 0.0432 

VBFH126_4mu_absdetajj_genbin2_recobin1 acc 0.0341 eff 0.0213 outinratio 0.0271 

WminusH126_4mu_absdetajj_genbin2_recobin1 acc 0.0476 eff 0.0633 outinratio 0.0484 

WplusH126_4mu_absdetajj_genbin2_recobin1 acc 0.0452 eff 0.0863 outinratio 0.062 

ZH126_4mu_absdetajj_genbin2_recobin1 acc 0.0511 eff 0.0338 outinratio 0.0824 

ttH126_4mu_absdetajj_genbin2_recobin1 acc 0.1056 eff 0.1652 outinratio 0.1559 

ggH126_4mu_absdetajj_genbin3_recobin1 acc 0.007 eff 0.0274 outinratio 0.0432 

VBFH126_4mu_absdetajj_genbin3_recobin1 acc 0.0718 eff 0.0126 outinratio 0.0271 

WminusH126_4mu_absdetajj_genbin3_recobin1 acc 0.0063 eff 0.079 outinratio 0.0484 

WplusH126_4mu_absdetajj_genbin3_recobin1 acc 0.0066 eff 0.0404 outinratio 0.062 

ZH126_4mu_absdetajj_genbin3_recobin1 acc 0.0068 eff 0.0326 outinratio 0.0824 

ttH126_4mu_absdetajj_genbin3_recobin1 acc 0.0167 eff 0.0798 outinratio 0.1559 

ggH126_4mu_absdetajj_genbin4_recobin1 acc 0.0034 eff 0.0 outinratio 0.0432 

VBFH126_4mu_absdetajj_genbin4_recobin1 acc 0.1241 eff 0.0127 outinratio 0.0271 

WminusH126_4mu_absdetajj_genbin4_recobin1 acc 0.0011 eff -1.0 outinratio 0.0484 

WplusH126_4mu_absdetajj_genbin4_recobin1 acc 0.001 eff -1.0 outinratio 0.062 

ZH126_4mu_absdetajj_genbin4_recobin1 acc 0.0007 eff -1.0 outinratio 0.0824 

ttH126_4mu_absdetajj_genbin4_recobin1 acc 0.0018 eff -1.0 outinratio 0.1559 

ggH126_4mu_absdetajj_genbin0_recobin2 acc 0.3847 eff 0.0151 outinratio 0.109 

VBFH126_4mu_absdetajj_genbin0_recobin2 acc 0.2284 eff 0.0223 outinratio 0.0341 

WminusH126_4mu_absdetajj_genbin0_recobin2 acc 0.2118 eff 0.0494 outinratio 0.0488 

WplusH126_4mu_absdetajj_genbin0_recobin2 acc 0.1852 eff 0.0484 outinratio 0.0403 

ZH126_4mu_absdetajj_genbin0_recobin2 acc 0.1849 eff 0.0638 outinratio 0.0901 

ttH126_4mu_absdetajj_genbin0_recobin2 acc 0.0075 eff 0.1565 outinratio 0.1496 

ggH126_4mu_absdetajj_genbin1_recobin2 acc 0.0163 eff 0.0 outinratio 0.109 

VBFH126_4mu_absdetajj_genbin1_recobin2 acc 0.0212 eff 0.05 outinratio 0.0341 

WminusH126_4mu_absdetajj_genbin1_recobin2 acc 0.1088 eff 0.0379 outinratio 0.0488 

WplusH126_4mu_absdetajj_genbin1_recobin2 acc 0.1099 eff 0.0487 outinratio 0.0403 

ZH126_4mu_absdetajj_genbin1_recobin2 acc 0.1121 eff 0.034 outinratio 0.0901 

ttH126_4mu_absdetajj_genbin1_recobin2 acc 0.2112 eff 0.0757 outinratio 0.1496 

ggH126_4mu_absdetajj_genbin2_recobin2 acc 0.0169 eff 0.6501 outinratio 0.109 

VBFH126_4mu_absdetajj_genbin2_recobin2 acc 0.0341 eff 0.6656 outinratio 0.0341 

WminusH126_4mu_absdetajj_genbin2_recobin2 acc 0.0476 eff 0.6171 outinratio 0.0488 

WplusH126_4mu_absdetajj_genbin2_recobin2 acc 0.0452 eff 0.6647 outinratio 0.0403 

ZH126_4mu_absdetajj_genbin2_recobin2 acc 0.0511 eff 0.6769 outinratio 0.0901 

ttH126_4mu_absdetajj_genbin2_recobin2 acc 0.1056 eff 0.5765 outinratio 0.1496 

ggH126_4mu_absdetajj_genbin3_recobin2 acc 0.007 eff 0.0274 outinratio 0.109 

VBFH126_4mu_absdetajj_genbin3_recobin2 acc 0.0718 eff 0.0274 outinratio 0.0341 

WminusH126_4mu_absdetajj_genbin3_recobin2 acc 0.0063 eff 0.0471 outinratio 0.0488 

WplusH126_4mu_absdetajj_genbin3_recobin2 acc 0.0066 eff 0.1428 outinratio 0.0403 

ZH126_4mu_absdetajj_genbin3_recobin2 acc 0.0068 eff 0.2587 outinratio 0.0901 

ttH126_4mu_absdetajj_genbin3_recobin2 acc 0.0167 eff 0.0975 outinratio 0.1496 

ggH126_4mu_absdetajj_genbin4_recobin2 acc 0.0034 eff 0.0 outinratio 0.109 

VBFH126_4mu_absdetajj_genbin4_recobin2 acc 0.1241 eff 0.0083 outinratio 0.0341 

WminusH126_4mu_absdetajj_genbin4_recobin2 acc 0.0011 eff -1.0 outinratio 0.0488 

WplusH126_4mu_absdetajj_genbin4_recobin2 acc 0.001 eff -1.0 outinratio 0.0403 

ZH126_4mu_absdetajj_genbin4_recobin2 acc 0.0007 eff -1.0 outinratio 0.0901 

ttH126_4mu_absdetajj_genbin4_recobin2 acc 0.0018 eff -1.0 outinratio 0.1496 

ggH126_4mu_absdetajj_genbin0_recobin3 acc 0.3847 eff 0.0088 outinratio 0.1061 

VBFH126_4mu_absdetajj_genbin0_recobin3 acc 0.2284 eff 0.0291 outinratio 0.0339 

WminusH126_4mu_absdetajj_genbin0_recobin3 acc 0.2118 eff 0.0169 outinratio 0.0446 

WplusH126_4mu_absdetajj_genbin0_recobin3 acc 0.1852 eff 0.0125 outinratio 0.0375 

ZH126_4mu_absdetajj_genbin0_recobin3 acc 0.1849 eff 0.0118 outinratio 0.1681 

ttH126_4mu_absdetajj_genbin0_recobin3 acc 0.0075 eff 0.0 outinratio 0.0661 

ggH126_4mu_absdetajj_genbin1_recobin3 acc 0.0163 eff 0.0 outinratio 0.1061 

VBFH126_4mu_absdetajj_genbin1_recobin3 acc 0.0212 eff 0.0319 outinratio 0.0339 

WminusH126_4mu_absdetajj_genbin1_recobin3 acc 0.1088 eff 0.0107 outinratio 0.0446 

WplusH126_4mu_absdetajj_genbin1_recobin3 acc 0.1099 eff 0.0035 outinratio 0.0375 

ZH126_4mu_absdetajj_genbin1_recobin3 acc 0.1121 eff 0.0087 outinratio 0.1681 

ttH126_4mu_absdetajj_genbin1_recobin3 acc 0.2112 eff 0.0148 outinratio 0.0661 

ggH126_4mu_absdetajj_genbin2_recobin3 acc 0.0169 eff 0.0453 outinratio 0.1061 

VBFH126_4mu_absdetajj_genbin2_recobin3 acc 0.0341 eff 0.0441 outinratio 0.0339 

WminusH126_4mu_absdetajj_genbin2_recobin3 acc 0.0476 eff 0.0152 outinratio 0.0446 

WplusH126_4mu_absdetajj_genbin2_recobin3 acc 0.0452 eff 0.0033 outinratio 0.0375 

ZH126_4mu_absdetajj_genbin2_recobin3 acc 0.0511 eff 0.0235 outinratio 0.1681 

ttH126_4mu_absdetajj_genbin2_recobin3 acc 0.1056 eff 0.014 outinratio 0.0661 

ggH126_4mu_absdetajj_genbin3_recobin3 acc 0.007 eff 0.6279 outinratio 0.1061 

VBFH126_4mu_absdetajj_genbin3_recobin3 acc 0.0718 eff 0.693 outinratio 0.0339 

WminusH126_4mu_absdetajj_genbin3_recobin3 acc 0.0063 eff 0.5163 outinratio 0.0446 

WplusH126_4mu_absdetajj_genbin3_recobin3 acc 0.0066 eff 0.3419 outinratio 0.0375 

ZH126_4mu_absdetajj_genbin3_recobin3 acc 0.0068 eff 0.5233 outinratio 0.1681 

ttH126_4mu_absdetajj_genbin3_recobin3 acc 0.0167 eff 0.5571 outinratio 0.0661 

ggH126_4mu_absdetajj_genbin4_recobin3 acc 0.0034 eff 0.0 outinratio 0.1061 

VBFH126_4mu_absdetajj_genbin4_recobin3 acc 0.1241 eff 0.0116 outinratio 0.0339 

WminusH126_4mu_absdetajj_genbin4_recobin3 acc 0.0011 eff -1.0 outinratio 0.0446 

WplusH126_4mu_absdetajj_genbin4_recobin3 acc 0.001 eff -1.0 outinratio 0.0375 

ZH126_4mu_absdetajj_genbin4_recobin3 acc 0.0007 eff -1.0 outinratio 0.1681 

ttH126_4mu_absdetajj_genbin4_recobin3 acc 0.0018 eff -1.0 outinratio 0.0661 

ggH126_4mu_absdetajj_genbin0_recobin4 acc 0.3847 eff 0.0067 outinratio 0.0466 

VBFH126_4mu_absdetajj_genbin0_recobin4 acc 0.2284 eff 0.0722 outinratio 0.0253 

WminusH126_4mu_absdetajj_genbin0_recobin4 acc 0.2118 eff 0.0078 outinratio 0.043 

WplusH126_4mu_absdetajj_genbin0_recobin4 acc 0.1852 eff 0.0044 outinratio 0.0841 

ZH126_4mu_absdetajj_genbin0_recobin4 acc 0.1849 eff 0.0061 outinratio 0.0 

ttH126_4mu_absdetajj_genbin0_recobin4 acc 0.0075 eff 0.0 outinratio 0.4821 

ggH126_4mu_absdetajj_genbin1_recobin4 acc 0.0163 eff 0.0414 outinratio 0.0466 

VBFH126_4mu_absdetajj_genbin1_recobin4 acc 0.0212 eff 0.0649 outinratio 0.0253 

WminusH126_4mu_absdetajj_genbin1_recobin4 acc 0.1088 eff 0.0011 outinratio 0.043 

WplusH126_4mu_absdetajj_genbin1_recobin4 acc 0.1099 eff 0.0024 outinratio 0.0841 

ZH126_4mu_absdetajj_genbin1_recobin4 acc 0.1121 eff 0.0005 outinratio 0.0 

ttH126_4mu_absdetajj_genbin1_recobin4 acc 0.2112 eff 0.0 outinratio 0.4821 

ggH126_4mu_absdetajj_genbin2_recobin4 acc 0.0169 eff 0.0117 outinratio 0.0466 

VBFH126_4mu_absdetajj_genbin2_recobin4 acc 0.0341 eff 0.013 outinratio 0.0253 

WminusH126_4mu_absdetajj_genbin2_recobin4 acc 0.0476 eff 0.0 outinratio 0.043 

WplusH126_4mu_absdetajj_genbin2_recobin4 acc 0.0452 eff 0.0087 outinratio 0.0841 

ZH126_4mu_absdetajj_genbin2_recobin4 acc 0.0511 eff 0.0 outinratio 0.0 

ttH126_4mu_absdetajj_genbin2_recobin4 acc 0.1056 eff 0.0026 outinratio 0.4821 

ggH126_4mu_absdetajj_genbin3_recobin4 acc 0.007 eff 0.0665 outinratio 0.0466 

VBFH126_4mu_absdetajj_genbin3_recobin4 acc 0.0718 eff 0.0043 outinratio 0.0253 

WminusH126_4mu_absdetajj_genbin3_recobin4 acc 0.0063 eff 0.0155 outinratio 0.043 

WplusH126_4mu_absdetajj_genbin3_recobin4 acc 0.0066 eff 0.033 outinratio 0.0841 

ZH126_4mu_absdetajj_genbin3_recobin4 acc 0.0068 eff 0.0 outinratio 0.0 

ttH126_4mu_absdetajj_genbin3_recobin4 acc 0.0167 eff 0.0 outinratio 0.4821 

ggH126_4mu_absdetajj_genbin4_recobin4 acc 0.0034 eff 0.4851 outinratio 0.0466 

VBFH126_4mu_absdetajj_genbin4_recobin4 acc 0.1241 eff 0.6125 outinratio 0.0253 

WminusH126_4mu_absdetajj_genbin4_recobin4 acc 0.0011 eff -1.0 outinratio 0.043 

WplusH126_4mu_absdetajj_genbin4_recobin4 acc 0.001 eff -1.0 outinratio 0.0841 

ZH126_4mu_absdetajj_genbin4_recobin4 acc 0.0007 eff -1.0 outinratio 0.0 

ttH126_4mu_absdetajj_genbin4_recobin4 acc 0.0018 eff -1.0 outinratio 0.4821 

ggH126_2e2mu_absdetajj_genbin0_recobin0 acc 0.3663 eff 0.5056 outinratio 0.0622 

VBFH126_2e2mu_absdetajj_genbin0_recobin0 acc 0.2127 eff 0.4421 outinratio 0.0315 

WminusH126_2e2mu_absdetajj_genbin0_recobin0 acc 0.1981 eff 0.4308 outinratio 0.0665 

WplusH126_2e2mu_absdetajj_genbin0_recobin0 acc 0.1675 eff 0.4325 outinratio 0.0652 

ZH126_2e2mu_absdetajj_genbin0_recobin0 acc 0.1769 eff 0.4305 outinratio 0.081 

ttH126_2e2mu_absdetajj_genbin0_recobin0 acc 0.0079 eff 0.1733 outinratio 0.2484 

ggH126_2e2mu_absdetajj_genbin1_recobin0 acc 0.014 eff 0.0688 outinratio 0.0622 

VBFH126_2e2mu_absdetajj_genbin1_recobin0 acc 0.02 eff 0.0891 outinratio 0.0315 

WminusH126_2e2mu_absdetajj_genbin1_recobin0 acc 0.1038 eff 0.0579 outinratio 0.0665 

WplusH126_2e2mu_absdetajj_genbin1_recobin0 acc 0.0934 eff 0.044 outinratio 0.0652 

ZH126_2e2mu_absdetajj_genbin1_recobin0 acc 0.1034 eff 0.0689 outinratio 0.081 

ttH126_2e2mu_absdetajj_genbin1_recobin0 acc 0.1863 eff 0.0007 outinratio 0.2484 

ggH126_2e2mu_absdetajj_genbin2_recobin0 acc 0.0176 eff 0.0648 outinratio 0.0622 

VBFH126_2e2mu_absdetajj_genbin2_recobin0 acc 0.0363 eff 0.0596 outinratio 0.0315 

WminusH126_2e2mu_absdetajj_genbin2_recobin0 acc 0.0433 eff 0.0533 outinratio 0.0665 

WplusH126_2e2mu_absdetajj_genbin2_recobin0 acc 0.036 eff 0.052 outinratio 0.0652 

ZH126_2e2mu_absdetajj_genbin2_recobin0 acc 0.0489 eff 0.0694 outinratio 0.081 

ttH126_2e2mu_absdetajj_genbin2_recobin0 acc 0.0966 eff 0.0027 outinratio 0.2484 

ggH126_2e2mu_absdetajj_genbin3_recobin0 acc 0.0068 eff 0.1258 outinratio 0.0622 

VBFH126_2e2mu_absdetajj_genbin3_recobin0 acc 0.0666 eff 0.0693 outinratio 0.0315 

WminusH126_2e2mu_absdetajj_genbin3_recobin0 acc 0.0069 eff 0.0266 outinratio 0.0665 

WplusH126_2e2mu_absdetajj_genbin3_recobin0 acc 0.0066 eff 0.0211 outinratio 0.0652 

ZH126_2e2mu_absdetajj_genbin3_recobin0 acc 0.007 eff 0.1048 outinratio 0.081 

ttH126_2e2mu_absdetajj_genbin3_recobin0 acc 0.0185 eff 0.0094 outinratio 0.2484 

ggH126_2e2mu_absdetajj_genbin4_recobin0 acc 0.0025 eff 0.1614 outinratio 0.0622 

VBFH126_2e2mu_absdetajj_genbin4_recobin0 acc 0.1103 eff 0.0944 outinratio 0.0315 

WminusH126_2e2mu_absdetajj_genbin4_recobin0 acc 0.001 eff 0.1954 outinratio 0.0665 

WplusH126_2e2mu_absdetajj_genbin4_recobin0 acc 0.0007 eff -1.0 outinratio 0.0652 

ZH126_2e2mu_absdetajj_genbin4_recobin0 acc 0.0007 eff -1.0 outinratio 0.081 

ttH126_2e2mu_absdetajj_genbin4_recobin0 acc 0.0018 eff -1.0 outinratio 0.2484 

ggH126_2e2mu_absdetajj_genbin0_recobin1 acc 0.3663 eff 0.0028 outinratio 0.0539 

VBFH126_2e2mu_absdetajj_genbin0_recobin1 acc 0.2127 eff 0.0111 outinratio 0.0479 

WminusH126_2e2mu_absdetajj_genbin0_recobin1 acc 0.1981 eff 0.0265 outinratio 0.0908 

WplusH126_2e2mu_absdetajj_genbin0_recobin1 acc 0.1675 eff 0.0393 outinratio 0.0656 

ZH126_2e2mu_absdetajj_genbin0_recobin1 acc 0.1769 eff 0.0269 outinratio 0.0768 

ttH126_2e2mu_absdetajj_genbin0_recobin1 acc 0.0079 eff 0.3013 outinratio 0.1766 

ggH126_2e2mu_absdetajj_genbin1_recobin1 acc 0.014 eff 0.4569 outinratio 0.0539 

VBFH126_2e2mu_absdetajj_genbin1_recobin1 acc 0.02 eff 0.4138 outinratio 0.0479 

WminusH126_2e2mu_absdetajj_genbin1_recobin1 acc 0.1038 eff 0.4429 outinratio 0.0908 

WplusH126_2e2mu_absdetajj_genbin1_recobin1 acc 0.0934 eff 0.4133 outinratio 0.0656 

ZH126_2e2mu_absdetajj_genbin1_recobin1 acc 0.1034 eff 0.4434 outinratio 0.0768 

ttH126_2e2mu_absdetajj_genbin1_recobin1 acc 0.1863 eff 0.4564 outinratio 0.1766 

ggH126_2e2mu_absdetajj_genbin2_recobin1 acc 0.0176 eff 0.0469 outinratio 0.0539 

VBFH126_2e2mu_absdetajj_genbin2_recobin1 acc 0.0363 eff 0.0142 outinratio 0.0479 

WminusH126_2e2mu_absdetajj_genbin2_recobin1 acc 0.0433 eff 0.0534 outinratio 0.0908 

WplusH126_2e2mu_absdetajj_genbin2_recobin1 acc 0.036 eff 0.0663 outinratio 0.0656 

ZH126_2e2mu_absdetajj_genbin2_recobin1 acc 0.0489 eff 0.0412 outinratio 0.0768 

ttH126_2e2mu_absdetajj_genbin2_recobin1 acc 0.0966 eff 0.0947 outinratio 0.1766 

ggH126_2e2mu_absdetajj_genbin3_recobin1 acc 0.0068 eff 0.0279 outinratio 0.0539 

VBFH126_2e2mu_absdetajj_genbin3_recobin1 acc 0.0666 eff 0.0079 outinratio 0.0479 

WminusH126_2e2mu_absdetajj_genbin3_recobin1 acc 0.0069 eff 0.0769 outinratio 0.0908 

WplusH126_2e2mu_absdetajj_genbin3_recobin1 acc 0.0066 eff 0.0518 outinratio 0.0656 

ZH126_2e2mu_absdetajj_genbin3_recobin1 acc 0.007 eff 0.0044 outinratio 0.0768 

ttH126_2e2mu_absdetajj_genbin3_recobin1 acc 0.0185 eff 0.0415 outinratio 0.1766 

ggH126_2e2mu_absdetajj_genbin4_recobin1 acc 0.0025 eff 0.069 outinratio 0.0539 

VBFH126_2e2mu_absdetajj_genbin4_recobin1 acc 0.1103 eff 0.0068 outinratio 0.0479 

WminusH126_2e2mu_absdetajj_genbin4_recobin1 acc 0.001 eff 0.0 outinratio 0.0908 

WplusH126_2e2mu_absdetajj_genbin4_recobin1 acc 0.0007 eff -1.0 outinratio 0.0656 

ZH126_2e2mu_absdetajj_genbin4_recobin1 acc 0.0007 eff -1.0 outinratio 0.0768 

ttH126_2e2mu_absdetajj_genbin4_recobin1 acc 0.0018 eff -1.0 outinratio 0.1766 

ggH126_2e2mu_absdetajj_genbin0_recobin2 acc 0.3663 eff 0.0063 outinratio 0.0149 

VBFH126_2e2mu_absdetajj_genbin0_recobin2 acc 0.2127 eff 0.0147 outinratio 0.0373 

WminusH126_2e2mu_absdetajj_genbin0_recobin2 acc 0.1981 eff 0.0249 outinratio 0.0774 

WplusH126_2e2mu_absdetajj_genbin0_recobin2 acc 0.1675 eff 0.0231 outinratio 0.1109 

ZH126_2e2mu_absdetajj_genbin0_recobin2 acc 0.1769 eff 0.0204 outinratio 0.0792 

ttH126_2e2mu_absdetajj_genbin0_recobin2 acc 0.0079 eff 0.1034 outinratio 0.1975 

ggH126_2e2mu_absdetajj_genbin1_recobin2 acc 0.014 eff 0.0218 outinratio 0.0149 

VBFH126_2e2mu_absdetajj_genbin1_recobin2 acc 0.02 eff 0.0254 outinratio 0.0373 

WminusH126_2e2mu_absdetajj_genbin1_recobin2 acc 0.1038 eff 0.0262 outinratio 0.0774 

WplusH126_2e2mu_absdetajj_genbin1_recobin2 acc 0.0934 eff 0.025 outinratio 0.1109 

ZH126_2e2mu_absdetajj_genbin1_recobin2 acc 0.1034 eff 0.0223 outinratio 0.0792 

ttH126_2e2mu_absdetajj_genbin1_recobin2 acc 0.1863 eff 0.038 outinratio 0.1975 

ggH126_2e2mu_absdetajj_genbin2_recobin2 acc 0.0176 eff 0.3574 outinratio 0.0149 

VBFH126_2e2mu_absdetajj_genbin2_recobin2 acc 0.0363 eff 0.4201 outinratio 0.0373 

WminusH126_2e2mu_absdetajj_genbin2_recobin2 acc 0.0433 eff 0.3952 outinratio 0.0774 

WplusH126_2e2mu_absdetajj_genbin2_recobin2 acc 0.036 eff 0.4208 outinratio 0.1109 

ZH126_2e2mu_absdetajj_genbin2_recobin2 acc 0.0489 eff 0.3653 outinratio 0.0792 

ttH126_2e2mu_absdetajj_genbin2_recobin2 acc 0.0966 eff 0.3678 outinratio 0.1975 

ggH126_2e2mu_absdetajj_genbin3_recobin2 acc 0.0068 eff 0.0 outinratio 0.0149 

VBFH126_2e2mu_absdetajj_genbin3_recobin2 acc 0.0666 eff 0.0193 outinratio 0.0373 

WminusH126_2e2mu_absdetajj_genbin3_recobin2 acc 0.0069 eff 0.1029 outinratio 0.0774 

WplusH126_2e2mu_absdetajj_genbin3_recobin2 acc 0.0066 eff 0.0237 outinratio 0.1109 

ZH126_2e2mu_absdetajj_genbin3_recobin2 acc 0.007 eff 0.0301 outinratio 0.0792 

ttH126_2e2mu_absdetajj_genbin3_recobin2 acc 0.0185 eff 0.0409 outinratio 0.1975 

ggH126_2e2mu_absdetajj_genbin4_recobin2 acc 0.0025 eff 0.0388 outinratio 0.0149 

VBFH126_2e2mu_absdetajj_genbin4_recobin2 acc 0.1103 eff 0.0061 outinratio 0.0373 

WminusH126_2e2mu_absdetajj_genbin4_recobin2 acc 0.001 eff 0.0314 outinratio 0.0774 

WplusH126_2e2mu_absdetajj_genbin4_recobin2 acc 0.0007 eff -1.0 outinratio 0.1109 

ZH126_2e2mu_absdetajj_genbin4_recobin2 acc 0.0007 eff -1.0 outinratio 0.0792 

ttH126_2e2mu_absdetajj_genbin4_recobin2 acc 0.0018 eff -1.0 outinratio 0.1975 

ggH126_2e2mu_absdetajj_genbin0_recobin3 acc 0.3663 eff 0.0032 outinratio 0.0533 

VBFH126_2e2mu_absdetajj_genbin0_recobin3 acc 0.2127 eff 0.017 outinratio 0.0375 

WminusH126_2e2mu_absdetajj_genbin0_recobin3 acc 0.1981 eff 0.007 outinratio 0.0749 

WplusH126_2e2mu_absdetajj_genbin0_recobin3 acc 0.1675 eff 0.0088 outinratio 0.0673 

ZH126_2e2mu_absdetajj_genbin0_recobin3 acc 0.1769 eff 0.007 outinratio 0.0185 

ttH126_2e2mu_absdetajj_genbin0_recobin3 acc 0.0079 eff 0.0255 outinratio 0.1037 

ggH126_2e2mu_absdetajj_genbin1_recobin3 acc 0.014 eff 0.0091 outinratio 0.0533 

VBFH126_2e2mu_absdetajj_genbin1_recobin3 acc 0.02 eff 0.026 outinratio 0.0375 

WminusH126_2e2mu_absdetajj_genbin1_recobin3 acc 0.1038 eff 0.0075 outinratio 0.0749 

WplusH126_2e2mu_absdetajj_genbin1_recobin3 acc 0.0934 eff 0.0105 outinratio 0.0673 

ZH126_2e2mu_absdetajj_genbin1_recobin3 acc 0.1034 eff 0.0111 outinratio 0.0185 

ttH126_2e2mu_absdetajj_genbin1_recobin3 acc 0.1863 eff 0.0071 outinratio 0.1037 

ggH126_2e2mu_absdetajj_genbin2_recobin3 acc 0.0176 eff 0.0335 outinratio 0.0533 

VBFH126_2e2mu_absdetajj_genbin2_recobin3 acc 0.0363 eff 0.0132 outinratio 0.0375 

WminusH126_2e2mu_absdetajj_genbin2_recobin3 acc 0.0433 eff 0.0069 outinratio 0.0749 

WplusH126_2e2mu_absdetajj_genbin2_recobin3 acc 0.036 eff 0.0081 outinratio 0.0673 

ZH126_2e2mu_absdetajj_genbin2_recobin3 acc 0.0489 eff 0.0155 outinratio 0.0185 

ttH126_2e2mu_absdetajj_genbin2_recobin3 acc 0.0966 eff 0.0146 outinratio 0.1037 

ggH126_2e2mu_absdetajj_genbin3_recobin3 acc 0.0068 eff 0.3758 outinratio 0.0533 

VBFH126_2e2mu_absdetajj_genbin3_recobin3 acc 0.0666 eff 0.4465 outinratio 0.0375 

WminusH126_2e2mu_absdetajj_genbin3_recobin3 acc 0.0069 eff 0.3983 outinratio 0.0749 

WplusH126_2e2mu_absdetajj_genbin3_recobin3 acc 0.0066 eff 0.4027 outinratio 0.0673 

ZH126_2e2mu_absdetajj_genbin3_recobin3 acc 0.007 eff 0.4013 outinratio 0.0185 

ttH126_2e2mu_absdetajj_genbin3_recobin3 acc 0.0185 eff 0.4328 outinratio 0.1037 

ggH126_2e2mu_absdetajj_genbin4_recobin3 acc 0.0025 eff 0.0 outinratio 0.0533 

VBFH126_2e2mu_absdetajj_genbin4_recobin3 acc 0.1103 eff 0.006 outinratio 0.0375 

WminusH126_2e2mu_absdetajj_genbin4_recobin3 acc 0.001 eff 0.0526 outinratio 0.0749 

WplusH126_2e2mu_absdetajj_genbin4_recobin3 acc 0.0007 eff -1.0 outinratio 0.0673 

ZH126_2e2mu_absdetajj_genbin4_recobin3 acc 0.0007 eff -1.0 outinratio 0.0185 

ttH126_2e2mu_absdetajj_genbin4_recobin3 acc 0.0018 eff -1.0 outinratio 0.1037 

ggH126_2e2mu_absdetajj_genbin0_recobin4 acc 0.3663 eff 0.0046 outinratio 0.0373 

VBFH126_2e2mu_absdetajj_genbin0_recobin4 acc 0.2127 eff 0.0405 outinratio 0.0493 

WminusH126_2e2mu_absdetajj_genbin0_recobin4 acc 0.1981 eff 0.007 outinratio 0.0715 

WplusH126_2e2mu_absdetajj_genbin0_recobin4 acc 0.1675 eff 0.0063 outinratio 0.0 

ZH126_2e2mu_absdetajj_genbin0_recobin4 acc 0.1769 eff 0.008 outinratio 0.0701 

ttH126_2e2mu_absdetajj_genbin0_recobin4 acc 0.0079 eff 0.0 outinratio 0.0 

ggH126_2e2mu_absdetajj_genbin1_recobin4 acc 0.014 eff 0.0081 outinratio 0.0373 

VBFH126_2e2mu_absdetajj_genbin1_recobin4 acc 0.02 eff 0.0309 outinratio 0.0493 

WminusH126_2e2mu_absdetajj_genbin1_recobin4 acc 0.1038 eff 0.0 outinratio 0.0715 

WplusH126_2e2mu_absdetajj_genbin1_recobin4 acc 0.0934 eff 0.0013 outinratio 0.0 

ZH126_2e2mu_absdetajj_genbin1_recobin4 acc 0.1034 eff 0.002 outinratio 0.0701 

ttH126_2e2mu_absdetajj_genbin1_recobin4 acc 0.1863 eff 0.0008 outinratio 0.0 

ggH126_2e2mu_absdetajj_genbin2_recobin4 acc 0.0176 eff 0.0 outinratio 0.0373 

VBFH126_2e2mu_absdetajj_genbin2_recobin4 acc 0.0363 eff 0.0081 outinratio 0.0493 

WminusH126_2e2mu_absdetajj_genbin2_recobin4 acc 0.0433 eff 0.0027 outinratio 0.0715 

WplusH126_2e2mu_absdetajj_genbin2_recobin4 acc 0.036 eff 0.0046 outinratio 0.0 

ZH126_2e2mu_absdetajj_genbin2_recobin4 acc 0.0489 eff 0.0082 outinratio 0.0701 

ttH126_2e2mu_absdetajj_genbin2_recobin4 acc 0.0966 eff 0.0 outinratio 0.0 

ggH126_2e2mu_absdetajj_genbin3_recobin4 acc 0.0068 eff 0.0151 outinratio 0.0373 

VBFH126_2e2mu_absdetajj_genbin3_recobin4 acc 0.0666 eff 0.0022 outinratio 0.0493 

WminusH126_2e2mu_absdetajj_genbin3_recobin4 acc 0.0069 eff 0.0178 outinratio 0.0715 

WplusH126_2e2mu_absdetajj_genbin3_recobin4 acc 0.0066 eff 0.0101 outinratio 0.0 

ZH126_2e2mu_absdetajj_genbin3_recobin4 acc 0.007 eff 0.0382 outinratio 0.0701 

ttH126_2e2mu_absdetajj_genbin3_recobin4 acc 0.0185 eff 0.0083 outinratio 0.0 

ggH126_2e2mu_absdetajj_genbin4_recobin4 acc 0.0025 eff 0.3261 outinratio 0.0373 

VBFH126_2e2mu_absdetajj_genbin4_recobin4 acc 0.1103 eff 0.4285 outinratio 0.0493 

WminusH126_2e2mu_absdetajj_genbin4_recobin4 acc 0.001 eff 0.0759 outinratio 0.0715 

WplusH126_2e2mu_absdetajj_genbin4_recobin4 acc 0.0007 eff -1.0 outinratio 0.0 

ZH126_2e2mu_absdetajj_genbin4_recobin4 acc 0.0007 eff -1.0 outinratio 0.0701 

ttH126_2e2mu_absdetajj_genbin4_recobin4 acc 0.0018 eff -1.0 outinratio 0.0 

Coeff fullNNLOPS
