Welcome in RunCoefficients!
OPT SPLIT
DEBUG opt.YEAR = 2024_1
It is a single-differential measurement, binning [0.0, 1.0, 2.0, 3.0, 4.0, 20.0]
Nj
Following observables extracted from dictionary: RECO =  Nj  GEN =  GENNj
LUMI: 10.882200000000001
ttH126 0.00046886125
Processing ggH126 2024_1
Signal created
Signal failed created
Processing VBFH126 2024_1
Signal created
Signal failed created
Processing WminusH126 2024_1
Signal created
Signal failed created
Processing WplusH126 2024_1
Signal created
Signal failed created
Processing ZH126 2024_1
Signal created
Signal failed created
Processing ttH126 2024_1
Signal created
Signal failed created
2024_1 SKIMMED df CREATED
2024_1 ggH126
2024_1 VBFH126
2024_1 WminusH126
2024_1 WplusH126
2024_1 ZH126
2024_1 ttH126
Dataframes created successfully
Coeff std
ggH126_4l_Nj_genbin0_recobin0 acc 0.2568 eff 0.4716 outinratio 0.0479 

VBFH126_4l_Nj_genbin0_recobin0 acc 0.0393 eff 0.386 outinratio 0.031 

WminusH126_4l_Nj_genbin0_recobin0 acc 0.0929 eff 0.3729 outinratio 0.0204 

WplusH126_4l_Nj_genbin0_recobin0 acc 0.0736 eff 0.364 outinratio 0.0679 

ZH126_4l_Nj_genbin0_recobin0 acc 0.0738 eff 0.4269 outinratio 0.0902 

ttH126_4l_Nj_genbin0_recobin0 acc 0.0007 eff 0.095 outinratio 0.548 

ggH126_4l_Nj_genbin1_recobin0 acc 0.1059 eff 0.0704 outinratio 0.0479 

VBFH126_4l_Nj_genbin1_recobin0 acc 0.1736 eff 0.0428 outinratio 0.031 

WminusH126_4l_Nj_genbin1_recobin0 acc 0.1218 eff 0.0564 outinratio 0.0204 

WplusH126_4l_Nj_genbin1_recobin0 acc 0.1001 eff 0.032 outinratio 0.0679 

ZH126_4l_Nj_genbin1_recobin0 acc 0.108 eff 0.0407 outinratio 0.0902 

ttH126_4l_Nj_genbin1_recobin0 acc 0.0075 eff 0.0163 outinratio 0.548 

ggH126_4l_Nj_genbin2_recobin0 acc 0.0325 eff 0.0081 outinratio 0.0479 

VBFH126_4l_Nj_genbin2_recobin0 acc 0.2071 eff 0.0047 outinratio 0.031 

WminusH126_4l_Nj_genbin2_recobin0 acc 0.0963 eff 0.0033 outinratio 0.0204 

WplusH126_4l_Nj_genbin2_recobin0 acc 0.0916 eff 0.004 outinratio 0.0679 

ZH126_4l_Nj_genbin2_recobin0 acc 0.1066 eff 0.0055 outinratio 0.0902 

ttH126_4l_Nj_genbin2_recobin0 acc 0.0271 eff 0.0 outinratio 0.548 

ggH126_4l_Nj_genbin3_recobin0 acc 0.0088 eff 0.0009 outinratio 0.0479 

VBFH126_4l_Nj_genbin3_recobin0 acc 0.028 eff 0.001 outinratio 0.031 

WminusH126_4l_Nj_genbin3_recobin0 acc 0.0347 eff 0.0 outinratio 0.0204 

WplusH126_4l_Nj_genbin3_recobin0 acc 0.0314 eff 0.0 outinratio 0.0679 

ZH126_4l_Nj_genbin3_recobin0 acc 0.0394 eff 0.0 outinratio 0.0902 

ttH126_4l_Nj_genbin3_recobin0 acc 0.0588 eff 0.0001 outinratio 0.548 

ggH126_4l_Nj_genbin4_recobin0 acc 0.003 eff 0.0 outinratio 0.0479 

VBFH126_4l_Nj_genbin4_recobin0 acc 0.0049 eff 0.0027 outinratio 0.031 

WminusH126_4l_Nj_genbin4_recobin0 acc 0.02 eff 0.0 outinratio 0.0204 

WplusH126_4l_Nj_genbin4_recobin0 acc 0.0155 eff 0.0 outinratio 0.0679 

ZH126_4l_Nj_genbin4_recobin0 acc 0.0174 eff 0.0 outinratio 0.0902 

ttH126_4l_Nj_genbin4_recobin0 acc 0.225 eff 0.0 outinratio 0.548 

ggH126_4l_Nj_genbin0_recobin1 acc 0.2568 eff 0.0659 outinratio 0.0548 

VBFH126_4l_Nj_genbin0_recobin1 acc 0.0393 eff 0.1445 outinratio 0.0325 

WminusH126_4l_Nj_genbin0_recobin1 acc 0.0929 eff 0.1635 outinratio 0.0524 

WplusH126_4l_Nj_genbin0_recobin1 acc 0.0736 eff 0.1352 outinratio 0.0647 

ZH126_4l_Nj_genbin0_recobin1 acc 0.0738 eff 0.0958 outinratio 0.0879 

ttH126_4l_Nj_genbin0_recobin1 acc 0.0007 eff 0.1765 outinratio 0.1355 

ggH126_4l_Nj_genbin1_recobin1 acc 0.1059 eff 0.4204 outinratio 0.0548 

VBFH126_4l_Nj_genbin1_recobin1 acc 0.1736 eff 0.4134 outinratio 0.0325 

WminusH126_4l_Nj_genbin1_recobin1 acc 0.1218 eff 0.3517 outinratio 0.0524 

WplusH126_4l_Nj_genbin1_recobin1 acc 0.1001 eff 0.3806 outinratio 0.0647 

ZH126_4l_Nj_genbin1_recobin1 acc 0.108 eff 0.398 outinratio 0.0879 

ttH126_4l_Nj_genbin1_recobin1 acc 0.0075 eff 0.2033 outinratio 0.1355 

ggH126_4l_Nj_genbin2_recobin1 acc 0.0325 eff 0.1096 outinratio 0.0548 

VBFH126_4l_Nj_genbin2_recobin1 acc 0.2071 eff 0.0911 outinratio 0.0325 

WminusH126_4l_Nj_genbin2_recobin1 acc 0.0963 eff 0.0972 outinratio 0.0524 

WplusH126_4l_Nj_genbin2_recobin1 acc 0.0916 eff 0.0716 outinratio 0.0647 

ZH126_4l_Nj_genbin2_recobin1 acc 0.1066 eff 0.086 outinratio 0.0879 

ttH126_4l_Nj_genbin2_recobin1 acc 0.0271 eff 0.0324 outinratio 0.1355 

ggH126_4l_Nj_genbin3_recobin1 acc 0.0088 eff 0.0221 outinratio 0.0548 

VBFH126_4l_Nj_genbin3_recobin1 acc 0.028 eff 0.0187 outinratio 0.0325 

WminusH126_4l_Nj_genbin3_recobin1 acc 0.0347 eff 0.0397 outinratio 0.0524 

WplusH126_4l_Nj_genbin3_recobin1 acc 0.0314 eff 0.0128 outinratio 0.0647 

ZH126_4l_Nj_genbin3_recobin1 acc 0.0394 eff 0.0122 outinratio 0.0879 

ttH126_4l_Nj_genbin3_recobin1 acc 0.0588 eff 0.0046 outinratio 0.1355 

ggH126_4l_Nj_genbin4_recobin1 acc 0.003 eff 0.0055 outinratio 0.0548 

VBFH126_4l_Nj_genbin4_recobin1 acc 0.0049 eff 0.0017 outinratio 0.0325 

WminusH126_4l_Nj_genbin4_recobin1 acc 0.02 eff 0.0071 outinratio 0.0524 

WplusH126_4l_Nj_genbin4_recobin1 acc 0.0155 eff 0.0 outinratio 0.0647 

ZH126_4l_Nj_genbin4_recobin1 acc 0.0174 eff 0.0032 outinratio 0.0879 

ttH126_4l_Nj_genbin4_recobin1 acc 0.225 eff 0.0003 outinratio 0.1355 

ggH126_4l_Nj_genbin0_recobin2 acc 0.2568 eff 0.0061 outinratio 0.0569 

VBFH126_4l_Nj_genbin0_recobin2 acc 0.0393 eff 0.0228 outinratio 0.0361 

WminusH126_4l_Nj_genbin0_recobin2 acc 0.0929 eff 0.0039 outinratio 0.1032 

WplusH126_4l_Nj_genbin0_recobin2 acc 0.0736 eff 0.02 outinratio 0.0687 

ZH126_4l_Nj_genbin0_recobin2 acc 0.0738 eff 0.0242 outinratio 0.0659 

ttH126_4l_Nj_genbin0_recobin2 acc 0.0007 eff 0.1145 outinratio 0.1796 

ggH126_4l_Nj_genbin1_recobin2 acc 0.1059 eff 0.0609 outinratio 0.0569 

VBFH126_4l_Nj_genbin1_recobin2 acc 0.1736 eff 0.0992 outinratio 0.0361 

WminusH126_4l_Nj_genbin1_recobin2 acc 0.1218 eff 0.15 outinratio 0.1032 

WplusH126_4l_Nj_genbin1_recobin2 acc 0.1001 eff 0.1123 outinratio 0.0687 

ZH126_4l_Nj_genbin1_recobin2 acc 0.108 eff 0.1029 outinratio 0.0659 

ttH126_4l_Nj_genbin1_recobin2 acc 0.0075 eff 0.2243 outinratio 0.1796 

ggH126_4l_Nj_genbin2_recobin2 acc 0.0325 eff 0.3861 outinratio 0.0569 

VBFH126_4l_Nj_genbin2_recobin2 acc 0.2071 eff 0.4264 outinratio 0.0361 

WminusH126_4l_Nj_genbin2_recobin2 acc 0.0963 eff 0.367 outinratio 0.1032 

WplusH126_4l_Nj_genbin2_recobin2 acc 0.0916 eff 0.3965 outinratio 0.0687 

ZH126_4l_Nj_genbin2_recobin2 acc 0.1066 eff 0.3965 outinratio 0.0659 

ttH126_4l_Nj_genbin2_recobin2 acc 0.0271 eff 0.2638 outinratio 0.1796 

ggH126_4l_Nj_genbin3_recobin2 acc 0.0088 eff 0.1513 outinratio 0.0569 

VBFH126_4l_Nj_genbin3_recobin2 acc 0.028 eff 0.161 outinratio 0.0361 

WminusH126_4l_Nj_genbin3_recobin2 acc 0.0347 eff 0.1146 outinratio 0.1032 

WplusH126_4l_Nj_genbin3_recobin2 acc 0.0314 eff 0.1171 outinratio 0.0687 

ZH126_4l_Nj_genbin3_recobin2 acc 0.0394 eff 0.1178 outinratio 0.0659 

ttH126_4l_Nj_genbin3_recobin2 acc 0.0588 eff 0.0634 outinratio 0.1796 

ggH126_4l_Nj_genbin4_recobin2 acc 0.003 eff 0.0414 outinratio 0.0569 

VBFH126_4l_Nj_genbin4_recobin2 acc 0.0049 eff 0.0338 outinratio 0.0361 

WminusH126_4l_Nj_genbin4_recobin2 acc 0.02 eff 0.0426 outinratio 0.1032 

WplusH126_4l_Nj_genbin4_recobin2 acc 0.0155 eff 0.0191 outinratio 0.0687 

ZH126_4l_Nj_genbin4_recobin2 acc 0.0174 eff 0.0152 outinratio 0.0659 

ttH126_4l_Nj_genbin4_recobin2 acc 0.225 eff 0.0054 outinratio 0.1796 

ggH126_4l_Nj_genbin0_recobin3 acc 0.2568 eff 0.0007 outinratio 0.0676 

VBFH126_4l_Nj_genbin0_recobin3 acc 0.0393 eff 0.002 outinratio 0.043 

WminusH126_4l_Nj_genbin0_recobin3 acc 0.0929 eff 0.0 outinratio 0.0887 

WplusH126_4l_Nj_genbin0_recobin3 acc 0.0736 eff 0.0006 outinratio 0.0967 

ZH126_4l_Nj_genbin0_recobin3 acc 0.0738 eff 0.0022 outinratio 0.0857 

ttH126_4l_Nj_genbin0_recobin3 acc 0.0007 eff 0.0687 outinratio 0.1458 

ggH126_4l_Nj_genbin1_recobin3 acc 0.1059 eff 0.006 outinratio 0.0676 

VBFH126_4l_Nj_genbin1_recobin3 acc 0.1736 eff 0.0099 outinratio 0.043 

WminusH126_4l_Nj_genbin1_recobin3 acc 0.1218 eff 0.0064 outinratio 0.0887 

WplusH126_4l_Nj_genbin1_recobin3 acc 0.1001 eff 0.013 outinratio 0.0967 

ZH126_4l_Nj_genbin1_recobin3 acc 0.108 eff 0.0132 outinratio 0.0857 

ttH126_4l_Nj_genbin1_recobin3 acc 0.0075 eff 0.0807 outinratio 0.1458 

ggH126_4l_Nj_genbin2_recobin3 acc 0.0325 eff 0.0595 outinratio 0.0676 

VBFH126_4l_Nj_genbin2_recobin3 acc 0.2071 eff 0.0464 outinratio 0.043 

WminusH126_4l_Nj_genbin2_recobin3 acc 0.0963 eff 0.0832 outinratio 0.0887 

WplusH126_4l_Nj_genbin2_recobin3 acc 0.0916 eff 0.0741 outinratio 0.0967 

ZH126_4l_Nj_genbin2_recobin3 acc 0.1066 eff 0.0593 outinratio 0.0857 

ttH126_4l_Nj_genbin2_recobin3 acc 0.0271 eff 0.1903 outinratio 0.1458 

ggH126_4l_Nj_genbin3_recobin3 acc 0.0088 eff 0.3416 outinratio 0.0676 

VBFH126_4l_Nj_genbin3_recobin3 acc 0.028 eff 0.3553 outinratio 0.043 

WminusH126_4l_Nj_genbin3_recobin3 acc 0.0347 eff 0.3364 outinratio 0.0887 

WplusH126_4l_Nj_genbin3_recobin3 acc 0.0314 eff 0.3473 outinratio 0.0967 

ZH126_4l_Nj_genbin3_recobin3 acc 0.0394 eff 0.3435 outinratio 0.0857 

ttH126_4l_Nj_genbin3_recobin3 acc 0.0588 eff 0.287 outinratio 0.1458 

ggH126_4l_Nj_genbin4_recobin3 acc 0.003 eff 0.1379 outinratio 0.0676 

VBFH126_4l_Nj_genbin4_recobin3 acc 0.0049 eff 0.1795 outinratio 0.043 

WminusH126_4l_Nj_genbin4_recobin3 acc 0.02 eff 0.0942 outinratio 0.0887 

WplusH126_4l_Nj_genbin4_recobin3 acc 0.0155 eff 0.0899 outinratio 0.0967 

ZH126_4l_Nj_genbin4_recobin3 acc 0.0174 eff 0.1015 outinratio 0.0857 

ttH126_4l_Nj_genbin4_recobin3 acc 0.225 eff 0.043 outinratio 0.1458 

ggH126_4l_Nj_genbin0_recobin4 acc 0.2568 eff 0.0001 outinratio 0.0723 

VBFH126_4l_Nj_genbin0_recobin4 acc 0.0393 eff 0.0002 outinratio 0.0432 

WminusH126_4l_Nj_genbin0_recobin4 acc 0.0929 eff 0.0 outinratio 0.1688 

WplusH126_4l_Nj_genbin0_recobin4 acc 0.0736 eff 0.0 outinratio 0.0708 

ZH126_4l_Nj_genbin0_recobin4 acc 0.0738 eff 0.0003 outinratio 0.1206 

ttH126_4l_Nj_genbin0_recobin4 acc 0.0007 eff 0.0 outinratio 0.1635 

ggH126_4l_Nj_genbin1_recobin4 acc 0.1059 eff 0.0008 outinratio 0.0723 

VBFH126_4l_Nj_genbin1_recobin4 acc 0.1736 eff 0.001 outinratio 0.0432 

WminusH126_4l_Nj_genbin1_recobin4 acc 0.1218 eff 0.0 outinratio 0.1688 

WplusH126_4l_Nj_genbin1_recobin4 acc 0.1001 eff 0.0013 outinratio 0.0708 

ZH126_4l_Nj_genbin1_recobin4 acc 0.108 eff 0.0014 outinratio 0.1206 

ttH126_4l_Nj_genbin1_recobin4 acc 0.0075 eff 0.0134 outinratio 0.1635 

ggH126_4l_Nj_genbin2_recobin4 acc 0.0325 eff 0.0097 outinratio 0.0723 

VBFH126_4l_Nj_genbin2_recobin4 acc 0.2071 eff 0.0042 outinratio 0.0432 

WminusH126_4l_Nj_genbin2_recobin4 acc 0.0963 eff 0.0097 outinratio 0.1688 

WplusH126_4l_Nj_genbin2_recobin4 acc 0.0916 eff 0.0101 outinratio 0.0708 

ZH126_4l_Nj_genbin2_recobin4 acc 0.1066 eff 0.0137 outinratio 0.1206 

ttH126_4l_Nj_genbin2_recobin4 acc 0.0271 eff 0.0575 outinratio 0.1635 

ggH126_4l_Nj_genbin3_recobin4 acc 0.0088 eff 0.0609 outinratio 0.0723 

VBFH126_4l_Nj_genbin3_recobin4 acc 0.028 eff 0.0486 outinratio 0.0432 

WminusH126_4l_Nj_genbin3_recobin4 acc 0.0347 eff 0.0496 outinratio 0.1688 

WplusH126_4l_Nj_genbin3_recobin4 acc 0.0314 eff 0.0721 outinratio 0.0708 

ZH126_4l_Nj_genbin3_recobin4 acc 0.0394 eff 0.0696 outinratio 0.1206 

ttH126_4l_Nj_genbin3_recobin4 acc 0.0588 eff 0.192 outinratio 0.1635 

ggH126_4l_Nj_genbin4_recobin4 acc 0.003 eff 0.3886 outinratio 0.0723 

VBFH126_4l_Nj_genbin4_recobin4 acc 0.0049 eff 0.3783 outinratio 0.0432 

WminusH126_4l_Nj_genbin4_recobin4 acc 0.02 eff 0.3572 outinratio 0.1688 

WplusH126_4l_Nj_genbin4_recobin4 acc 0.0155 eff 0.4523 outinratio 0.0708 

ZH126_4l_Nj_genbin4_recobin4 acc 0.0174 eff 0.4494 outinratio 0.1206 

ttH126_4l_Nj_genbin4_recobin4 acc 0.225 eff 0.5091 outinratio 0.1635 

ggH126_4e_Nj_genbin0_recobin0 acc 0.2481 eff 0.276 outinratio 0.0527 

VBFH126_4e_Nj_genbin0_recobin0 acc 0.0372 eff 0.2204 outinratio 0.0292 

WminusH126_4e_Nj_genbin0_recobin0 acc 0.0868 eff 0.1934 outinratio 0.0515 

WplusH126_4e_Nj_genbin0_recobin0 acc 0.0772 eff 0.2195 outinratio 0.0464 

ZH126_4e_Nj_genbin0_recobin0 acc 0.0731 eff 0.26 outinratio 0.0761 

ttH126_4e_Nj_genbin0_recobin0 acc 0.0006 eff 0.0326 outinratio 1.1865 

ggH126_4e_Nj_genbin1_recobin0 acc 0.1019 eff 0.0427 outinratio 0.0527 

VBFH126_4e_Nj_genbin1_recobin0 acc 0.1677 eff 0.0249 outinratio 0.0292 

WminusH126_4e_Nj_genbin1_recobin0 acc 0.1217 eff 0.0458 outinratio 0.0515 

WplusH126_4e_Nj_genbin1_recobin0 acc 0.0959 eff 0.018 outinratio 0.0464 

ZH126_4e_Nj_genbin1_recobin0 acc 0.1035 eff 0.0202 outinratio 0.0761 

ttH126_4e_Nj_genbin1_recobin0 acc 0.0079 eff 0.016 outinratio 1.1865 

ggH126_4e_Nj_genbin2_recobin0 acc 0.0306 eff 0.0057 outinratio 0.0527 

VBFH126_4e_Nj_genbin2_recobin0 acc 0.1981 eff 0.0021 outinratio 0.0292 

WminusH126_4e_Nj_genbin2_recobin0 acc 0.095 eff 0.0 outinratio 0.0515 

WplusH126_4e_Nj_genbin2_recobin0 acc 0.0874 eff 0.0022 outinratio 0.0464 

ZH126_4e_Nj_genbin2_recobin0 acc 0.1057 eff 0.0039 outinratio 0.0761 

ttH126_4e_Nj_genbin2_recobin0 acc 0.027 eff 0.0 outinratio 1.1865 

ggH126_4e_Nj_genbin3_recobin0 acc 0.009 eff 0.0 outinratio 0.0527 

VBFH126_4e_Nj_genbin3_recobin0 acc 0.0273 eff 0.0 outinratio 0.0292 

WminusH126_4e_Nj_genbin3_recobin0 acc 0.0401 eff 0.0 outinratio 0.0515 

WplusH126_4e_Nj_genbin3_recobin0 acc 0.031 eff 0.0 outinratio 0.0464 

ZH126_4e_Nj_genbin3_recobin0 acc 0.0362 eff 0.0 outinratio 0.0761 

ttH126_4e_Nj_genbin3_recobin0 acc 0.0576 eff 0.0 outinratio 1.1865 

ggH126_4e_Nj_genbin4_recobin0 acc 0.0028 eff 0.0 outinratio 0.0527 

VBFH126_4e_Nj_genbin4_recobin0 acc 0.0051 eff 0.0097 outinratio 0.0292 

WminusH126_4e_Nj_genbin4_recobin0 acc 0.0185 eff 0.0 outinratio 0.0515 

WplusH126_4e_Nj_genbin4_recobin0 acc 0.015 eff 0.0 outinratio 0.0464 

ZH126_4e_Nj_genbin4_recobin0 acc 0.0159 eff 0.0 outinratio 0.0761 

ttH126_4e_Nj_genbin4_recobin0 acc 0.216 eff 0.0 outinratio 1.1865 

ggH126_4e_Nj_genbin0_recobin1 acc 0.2481 eff 0.0365 outinratio 0.0504 

VBFH126_4e_Nj_genbin0_recobin1 acc 0.0372 eff 0.0811 outinratio 0.0319 

WminusH126_4e_Nj_genbin0_recobin1 acc 0.0868 eff 0.1141 outinratio 0.0216 

WplusH126_4e_Nj_genbin0_recobin1 acc 0.0772 eff 0.0909 outinratio 0.0663 

ZH126_4e_Nj_genbin0_recobin1 acc 0.0731 eff 0.0456 outinratio 0.1008 

ttH126_4e_Nj_genbin0_recobin1 acc 0.0006 eff 0.1164 outinratio 0.182 

ggH126_4e_Nj_genbin1_recobin1 acc 0.1019 eff 0.2572 outinratio 0.0504 

VBFH126_4e_Nj_genbin1_recobin1 acc 0.1677 eff 0.2547 outinratio 0.0319 

WminusH126_4e_Nj_genbin1_recobin1 acc 0.1217 eff 0.2302 outinratio 0.0216 

WplusH126_4e_Nj_genbin1_recobin1 acc 0.0959 eff 0.2454 outinratio 0.0663 

ZH126_4e_Nj_genbin1_recobin1 acc 0.1035 eff 0.2448 outinratio 0.1008 

ttH126_4e_Nj_genbin1_recobin1 acc 0.0079 eff 0.1103 outinratio 0.182 

ggH126_4e_Nj_genbin2_recobin1 acc 0.0306 eff 0.0714 outinratio 0.0504 

VBFH126_4e_Nj_genbin2_recobin1 acc 0.1981 eff 0.0572 outinratio 0.0319 

WminusH126_4e_Nj_genbin2_recobin1 acc 0.095 eff 0.0736 outinratio 0.0216 

WplusH126_4e_Nj_genbin2_recobin1 acc 0.0874 eff 0.0387 outinratio 0.0663 

ZH126_4e_Nj_genbin2_recobin1 acc 0.1057 eff 0.0514 outinratio 0.1008 

ttH126_4e_Nj_genbin2_recobin1 acc 0.027 eff 0.0248 outinratio 0.182 

ggH126_4e_Nj_genbin3_recobin1 acc 0.009 eff 0.0198 outinratio 0.0504 

VBFH126_4e_Nj_genbin3_recobin1 acc 0.0273 eff 0.0112 outinratio 0.0319 

WminusH126_4e_Nj_genbin3_recobin1 acc 0.0401 eff 0.1055 outinratio 0.0216 

WplusH126_4e_Nj_genbin3_recobin1 acc 0.031 eff 0.0129 outinratio 0.0663 

ZH126_4e_Nj_genbin3_recobin1 acc 0.0362 eff 0.0185 outinratio 0.1008 

ttH126_4e_Nj_genbin3_recobin1 acc 0.0576 eff 0.0062 outinratio 0.182 

ggH126_4e_Nj_genbin4_recobin1 acc 0.0028 eff 0.0044 outinratio 0.0504 

VBFH126_4e_Nj_genbin4_recobin1 acc 0.0051 eff 0.0028 outinratio 0.0319 

WminusH126_4e_Nj_genbin4_recobin1 acc 0.0185 eff 0.0 outinratio 0.0216 

WplusH126_4e_Nj_genbin4_recobin1 acc 0.015 eff 0.0 outinratio 0.0663 

ZH126_4e_Nj_genbin4_recobin1 acc 0.0159 eff 0.0031 outinratio 0.1008 

ttH126_4e_Nj_genbin4_recobin1 acc 0.216 eff 0.0 outinratio 0.182 

ggH126_4e_Nj_genbin0_recobin2 acc 0.2481 eff 0.0037 outinratio 0.0521 

VBFH126_4e_Nj_genbin0_recobin2 acc 0.0372 eff 0.0137 outinratio 0.0345 

WminusH126_4e_Nj_genbin0_recobin2 acc 0.0868 eff 0.0 outinratio 0.0669 

WplusH126_4e_Nj_genbin0_recobin2 acc 0.0772 eff 0.0108 outinratio 0.0647 

ZH126_4e_Nj_genbin0_recobin2 acc 0.0731 eff 0.0174 outinratio 0.0549 

ttH126_4e_Nj_genbin0_recobin2 acc 0.0006 eff 0.1383 outinratio 0.1735 

ggH126_4e_Nj_genbin1_recobin2 acc 0.1019 eff 0.0339 outinratio 0.0521 

VBFH126_4e_Nj_genbin1_recobin2 acc 0.1677 eff 0.0612 outinratio 0.0345 

WminusH126_4e_Nj_genbin1_recobin2 acc 0.1217 eff 0.081 outinratio 0.0669 

WplusH126_4e_Nj_genbin1_recobin2 acc 0.0959 eff 0.0672 outinratio 0.0647 

ZH126_4e_Nj_genbin1_recobin2 acc 0.1035 eff 0.0594 outinratio 0.0549 

ttH126_4e_Nj_genbin1_recobin2 acc 0.0079 eff 0.1773 outinratio 0.1735 

ggH126_4e_Nj_genbin2_recobin2 acc 0.0306 eff 0.2426 outinratio 0.0521 

VBFH126_4e_Nj_genbin2_recobin2 acc 0.1981 eff 0.2629 outinratio 0.0345 

WminusH126_4e_Nj_genbin2_recobin2 acc 0.095 eff 0.2148 outinratio 0.0669 

WplusH126_4e_Nj_genbin2_recobin2 acc 0.0874 eff 0.2588 outinratio 0.0647 

ZH126_4e_Nj_genbin2_recobin2 acc 0.1057 eff 0.2629 outinratio 0.0549 

ttH126_4e_Nj_genbin2_recobin2 acc 0.027 eff 0.1594 outinratio 0.1735 

ggH126_4e_Nj_genbin3_recobin2 acc 0.009 eff 0.0963 outinratio 0.0521 

VBFH126_4e_Nj_genbin3_recobin2 acc 0.0273 eff 0.1174 outinratio 0.0345 

WminusH126_4e_Nj_genbin3_recobin2 acc 0.0401 eff 0.0431 outinratio 0.0669 

WplusH126_4e_Nj_genbin3_recobin2 acc 0.031 eff 0.0765 outinratio 0.0647 

ZH126_4e_Nj_genbin3_recobin2 acc 0.0362 eff 0.0838 outinratio 0.0549 

ttH126_4e_Nj_genbin3_recobin2 acc 0.0576 eff 0.0286 outinratio 0.1735 

ggH126_4e_Nj_genbin4_recobin2 acc 0.0028 eff 0.0149 outinratio 0.0521 

VBFH126_4e_Nj_genbin4_recobin2 acc 0.0051 eff 0.0249 outinratio 0.0345 

WminusH126_4e_Nj_genbin4_recobin2 acc 0.0185 eff 0.0 outinratio 0.0669 

WplusH126_4e_Nj_genbin4_recobin2 acc 0.015 eff 0.0138 outinratio 0.0647 

ZH126_4e_Nj_genbin4_recobin2 acc 0.0159 eff 0.0062 outinratio 0.0549 

ttH126_4e_Nj_genbin4_recobin2 acc 0.216 eff 0.0033 outinratio 0.1735 

ggH126_4e_Nj_genbin0_recobin3 acc 0.2481 eff 0.0009 outinratio 0.0791 

VBFH126_4e_Nj_genbin0_recobin3 acc 0.0372 eff 0.0013 outinratio 0.0446 

WminusH126_4e_Nj_genbin0_recobin3 acc 0.0868 eff 0.0 outinratio 0.1238 

WplusH126_4e_Nj_genbin0_recobin3 acc 0.0772 eff 0.001 outinratio 0.141 

ZH126_4e_Nj_genbin0_recobin3 acc 0.0731 eff 0.0 outinratio 0.0848 

ttH126_4e_Nj_genbin0_recobin3 acc 0.0006 eff 0.0 outinratio 0.1418 

ggH126_4e_Nj_genbin1_recobin3 acc 0.1019 eff 0.0036 outinratio 0.0791 

VBFH126_4e_Nj_genbin1_recobin3 acc 0.1677 eff 0.0054 outinratio 0.0446 

WminusH126_4e_Nj_genbin1_recobin3 acc 0.1217 eff 0.0052 outinratio 0.1238 

WplusH126_4e_Nj_genbin1_recobin3 acc 0.0959 eff 0.004 outinratio 0.141 

ZH126_4e_Nj_genbin1_recobin3 acc 0.1035 eff 0.0086 outinratio 0.0848 

ttH126_4e_Nj_genbin1_recobin3 acc 0.0079 eff 0.0639 outinratio 0.1418 

ggH126_4e_Nj_genbin2_recobin3 acc 0.0306 eff 0.0305 outinratio 0.0791 

VBFH126_4e_Nj_genbin2_recobin3 acc 0.1981 eff 0.0287 outinratio 0.0446 

WminusH126_4e_Nj_genbin2_recobin3 acc 0.095 eff 0.0653 outinratio 0.1238 

WplusH126_4e_Nj_genbin2_recobin3 acc 0.0874 eff 0.0332 outinratio 0.141 

ZH126_4e_Nj_genbin2_recobin3 acc 0.1057 eff 0.0352 outinratio 0.0848 

ttH126_4e_Nj_genbin2_recobin3 acc 0.027 eff 0.1324 outinratio 0.1418 

ggH126_4e_Nj_genbin3_recobin3 acc 0.009 eff 0.2358 outinratio 0.0791 

VBFH126_4e_Nj_genbin3_recobin3 acc 0.0273 eff 0.2404 outinratio 0.0446 

WminusH126_4e_Nj_genbin3_recobin3 acc 0.0401 eff 0.227 outinratio 0.1238 

WplusH126_4e_Nj_genbin3_recobin3 acc 0.031 eff 0.2231 outinratio 0.141 

ZH126_4e_Nj_genbin3_recobin3 acc 0.0362 eff 0.2135 outinratio 0.0848 

ttH126_4e_Nj_genbin3_recobin3 acc 0.0576 eff 0.1793 outinratio 0.1418 

ggH126_4e_Nj_genbin4_recobin3 acc 0.0028 eff 0.0725 outinratio 0.0791 

VBFH126_4e_Nj_genbin4_recobin3 acc 0.0051 eff 0.0962 outinratio 0.0446 

WminusH126_4e_Nj_genbin4_recobin3 acc 0.0185 eff 0.0223 outinratio 0.1238 

WplusH126_4e_Nj_genbin4_recobin3 acc 0.015 eff 0.0842 outinratio 0.141 

ZH126_4e_Nj_genbin4_recobin3 acc 0.0159 eff 0.0422 outinratio 0.0848 

ttH126_4e_Nj_genbin4_recobin3 acc 0.216 eff 0.0263 outinratio 0.1418 

ggH126_4e_Nj_genbin0_recobin4 acc 0.2481 eff 0.0 outinratio 0.0509 

VBFH126_4e_Nj_genbin0_recobin4 acc 0.0372 eff 0.0003 outinratio 0.0514 

WminusH126_4e_Nj_genbin0_recobin4 acc 0.0868 eff 0.0 outinratio 0.1679 

WplusH126_4e_Nj_genbin0_recobin4 acc 0.0772 eff 0.0 outinratio 0.1157 

ZH126_4e_Nj_genbin0_recobin4 acc 0.0731 eff 0.0 outinratio 0.0896 

ttH126_4e_Nj_genbin0_recobin4 acc 0.0006 eff 0.0 outinratio 0.2234 

ggH126_4e_Nj_genbin1_recobin4 acc 0.1019 eff 0.0002 outinratio 0.0509 

VBFH126_4e_Nj_genbin1_recobin4 acc 0.1677 eff 0.0005 outinratio 0.0514 

WminusH126_4e_Nj_genbin1_recobin4 acc 0.1217 eff 0.0 outinratio 0.1679 

WplusH126_4e_Nj_genbin1_recobin4 acc 0.0959 eff 0.0 outinratio 0.1157 

ZH126_4e_Nj_genbin1_recobin4 acc 0.1035 eff 0.0026 outinratio 0.0896 

ttH126_4e_Nj_genbin1_recobin4 acc 0.0079 eff 0.0 outinratio 0.2234 

ggH126_4e_Nj_genbin2_recobin4 acc 0.0306 eff 0.0055 outinratio 0.0509 

VBFH126_4e_Nj_genbin2_recobin4 acc 0.1981 eff 0.0021 outinratio 0.0514 

WminusH126_4e_Nj_genbin2_recobin4 acc 0.095 eff 0.0113 outinratio 0.1679 

WplusH126_4e_Nj_genbin2_recobin4 acc 0.0874 eff 0.0046 outinratio 0.1157 

ZH126_4e_Nj_genbin2_recobin4 acc 0.1057 eff 0.0081 outinratio 0.0896 

ttH126_4e_Nj_genbin2_recobin4 acc 0.027 eff 0.0258 outinratio 0.2234 

ggH126_4e_Nj_genbin3_recobin4 acc 0.009 eff 0.0469 outinratio 0.0509 

VBFH126_4e_Nj_genbin3_recobin4 acc 0.0273 eff 0.0247 outinratio 0.0514 

WminusH126_4e_Nj_genbin3_recobin4 acc 0.0401 eff 0.0318 outinratio 0.1679 

WplusH126_4e_Nj_genbin3_recobin4 acc 0.031 eff 0.0364 outinratio 0.1157 

ZH126_4e_Nj_genbin3_recobin4 acc 0.0362 eff 0.0574 outinratio 0.0896 

ttH126_4e_Nj_genbin3_recobin4 acc 0.0576 eff 0.1136 outinratio 0.2234 

ggH126_4e_Nj_genbin4_recobin4 acc 0.0028 eff 0.2374 outinratio 0.0509 

VBFH126_4e_Nj_genbin4_recobin4 acc 0.0051 eff 0.2378 outinratio 0.0514 

WminusH126_4e_Nj_genbin4_recobin4 acc 0.0185 eff 0.2612 outinratio 0.1679 

WplusH126_4e_Nj_genbin4_recobin4 acc 0.015 eff 0.2275 outinratio 0.1157 

ZH126_4e_Nj_genbin4_recobin4 acc 0.0159 eff 0.3211 outinratio 0.0896 

ttH126_4e_Nj_genbin4_recobin4 acc 0.216 eff 0.3178 outinratio 0.2234 

ggH126_4mu_Nj_genbin0_recobin0 acc 0.2736 eff 0.6979 outinratio 0.0433 

VBFH126_4mu_Nj_genbin0_recobin0 acc 0.0428 eff 0.5522 outinratio 0.0312 

WminusH126_4mu_Nj_genbin0_recobin0 acc 0.1057 eff 0.5822 outinratio 0.0165 

WplusH126_4mu_Nj_genbin0_recobin0 acc 0.0753 eff 0.5642 outinratio 0.0449 

ZH126_4mu_Nj_genbin0_recobin0 acc 0.0784 eff 0.603 outinratio 0.1052 

ttH126_4mu_Nj_genbin0_recobin0 acc 0.0004 eff -1.0 outinratio 0.6739 

ggH126_4mu_Nj_genbin1_recobin0 acc 0.1111 eff 0.1025 outinratio 0.0433 

VBFH126_4mu_Nj_genbin1_recobin0 acc 0.185 eff 0.0657 outinratio 0.0312 

WminusH126_4mu_Nj_genbin1_recobin0 acc 0.1401 eff 0.0615 outinratio 0.0165 

WplusH126_4mu_Nj_genbin1_recobin0 acc 0.1054 eff 0.0513 outinratio 0.0449 

ZH126_4mu_Nj_genbin1_recobin0 acc 0.116 eff 0.0552 outinratio 0.1052 

ttH126_4mu_Nj_genbin1_recobin0 acc 0.0074 eff 0.0254 outinratio 0.6739 

ggH126_4mu_Nj_genbin2_recobin0 acc 0.0352 eff 0.0143 outinratio 0.0433 

VBFH126_4mu_Nj_genbin2_recobin0 acc 0.2211 eff 0.0076 outinratio 0.0312 

WminusH126_4mu_Nj_genbin2_recobin0 acc 0.1049 eff 0.0 outinratio 0.0165 

WplusH126_4mu_Nj_genbin2_recobin0 acc 0.0986 eff 0.0096 outinratio 0.0449 

ZH126_4mu_Nj_genbin2_recobin0 acc 0.1085 eff 0.0095 outinratio 0.1052 

ttH126_4mu_Nj_genbin2_recobin0 acc 0.0301 eff 0.0 outinratio 0.6739 

ggH126_4mu_Nj_genbin3_recobin0 acc 0.0091 eff 0.0017 outinratio 0.0433 

VBFH126_4mu_Nj_genbin3_recobin0 acc 0.0299 eff 0.0025 outinratio 0.0312 

WminusH126_4mu_Nj_genbin3_recobin0 acc 0.0375 eff 0.0 outinratio 0.0165 

WplusH126_4mu_Nj_genbin3_recobin0 acc 0.0335 eff 0.0 outinratio 0.0449 

ZH126_4mu_Nj_genbin3_recobin0 acc 0.0392 eff 0.0 outinratio 0.1052 

ttH126_4mu_Nj_genbin3_recobin0 acc 0.0614 eff 0.0 outinratio 0.6739 

ggH126_4mu_Nj_genbin4_recobin0 acc 0.0032 eff 0.0 outinratio 0.0433 

VBFH126_4mu_Nj_genbin4_recobin0 acc 0.0047 eff 0.0 outinratio 0.0312 

WminusH126_4mu_Nj_genbin4_recobin0 acc 0.0153 eff 0.0 outinratio 0.0165 

WplusH126_4mu_Nj_genbin4_recobin0 acc 0.0191 eff 0.0 outinratio 0.0449 

ZH126_4mu_Nj_genbin4_recobin0 acc 0.0176 eff 0.0 outinratio 0.1052 

ttH126_4mu_Nj_genbin4_recobin0 acc 0.2428 eff 0.0 outinratio 0.6739 

ggH126_4mu_Nj_genbin0_recobin1 acc 0.2736 eff 0.1012 outinratio 0.056 

VBFH126_4mu_Nj_genbin0_recobin1 acc 0.0428 eff 0.2257 outinratio 0.0276 

WminusH126_4mu_Nj_genbin0_recobin1 acc 0.1057 eff 0.1844 outinratio 0.0448 

WplusH126_4mu_Nj_genbin0_recobin1 acc 0.0753 eff 0.1941 outinratio 0.0607 

ZH126_4mu_Nj_genbin0_recobin1 acc 0.0784 eff 0.1496 outinratio 0.0909 

ttH126_4mu_Nj_genbin0_recobin1 acc 0.0004 eff -1.0 outinratio 0.0539 

ggH126_4mu_Nj_genbin1_recobin1 acc 0.1111 eff 0.6063 outinratio 0.056 

VBFH126_4mu_Nj_genbin1_recobin1 acc 0.185 eff 0.5911 outinratio 0.0276 

WminusH126_4mu_Nj_genbin1_recobin1 acc 0.1401 eff 0.5027 outinratio 0.0448 

WplusH126_4mu_Nj_genbin1_recobin1 acc 0.1054 eff 0.5523 outinratio 0.0607 

ZH126_4mu_Nj_genbin1_recobin1 acc 0.116 eff 0.5858 outinratio 0.0909 

ttH126_4mu_Nj_genbin1_recobin1 acc 0.0074 eff 0.315 outinratio 0.0539 

ggH126_4mu_Nj_genbin2_recobin1 acc 0.0352 eff 0.1474 outinratio 0.056 

VBFH126_4mu_Nj_genbin2_recobin1 acc 0.2211 eff 0.129 outinratio 0.0276 

WminusH126_4mu_Nj_genbin2_recobin1 acc 0.1049 eff 0.1605 outinratio 0.0448 

WplusH126_4mu_Nj_genbin2_recobin1 acc 0.0986 eff 0.1239 outinratio 0.0607 

ZH126_4mu_Nj_genbin2_recobin1 acc 0.1085 eff 0.1449 outinratio 0.0909 

ttH126_4mu_Nj_genbin2_recobin1 acc 0.0301 eff 0.0385 outinratio 0.0539 

ggH126_4mu_Nj_genbin3_recobin1 acc 0.0091 eff 0.0342 outinratio 0.056 

VBFH126_4mu_Nj_genbin3_recobin1 acc 0.0299 eff 0.0292 outinratio 0.0276 

WminusH126_4mu_Nj_genbin3_recobin1 acc 0.0375 eff 0.0253 outinratio 0.0448 

WplusH126_4mu_Nj_genbin3_recobin1 acc 0.0335 eff 0.0161 outinratio 0.0607 

ZH126_4mu_Nj_genbin3_recobin1 acc 0.0392 eff 0.014 outinratio 0.0909 

ttH126_4mu_Nj_genbin3_recobin1 acc 0.0614 eff 0.0063 outinratio 0.0539 

ggH126_4mu_Nj_genbin4_recobin1 acc 0.0032 eff 0.0084 outinratio 0.056 

VBFH126_4mu_Nj_genbin4_recobin1 acc 0.0047 eff 0.0028 outinratio 0.0276 

WminusH126_4mu_Nj_genbin4_recobin1 acc 0.0153 eff 0.0356 outinratio 0.0448 

WplusH126_4mu_Nj_genbin4_recobin1 acc 0.0191 eff 0.0 outinratio 0.0607 

ZH126_4mu_Nj_genbin4_recobin1 acc 0.0176 eff 0.0031 outinratio 0.0909 

ttH126_4mu_Nj_genbin4_recobin1 acc 0.2428 eff 0.0004 outinratio 0.0539 

ggH126_4mu_Nj_genbin0_recobin2 acc 0.2736 eff 0.0093 outinratio 0.0537 

VBFH126_4mu_Nj_genbin0_recobin2 acc 0.0428 eff 0.0337 outinratio 0.0366 

WminusH126_4mu_Nj_genbin0_recobin2 acc 0.1057 eff 0.0075 outinratio 0.0945 

WplusH126_4mu_Nj_genbin0_recobin2 acc 0.0753 eff 0.0223 outinratio 0.0642 

ZH126_4mu_Nj_genbin0_recobin2 acc 0.0784 eff 0.0355 outinratio 0.0644 

ttH126_4mu_Nj_genbin0_recobin2 acc 0.0004 eff -1.0 outinratio 0.1849 

ggH126_4mu_Nj_genbin1_recobin2 acc 0.1111 eff 0.0953 outinratio 0.0537 

VBFH126_4mu_Nj_genbin1_recobin2 acc 0.185 eff 0.1398 outinratio 0.0366 

WminusH126_4mu_Nj_genbin1_recobin2 acc 0.1401 eff 0.1989 outinratio 0.0945 

WplusH126_4mu_Nj_genbin1_recobin2 acc 0.1054 eff 0.1611 outinratio 0.0642 

ZH126_4mu_Nj_genbin1_recobin2 acc 0.116 eff 0.1555 outinratio 0.0644 

ttH126_4mu_Nj_genbin1_recobin2 acc 0.0074 eff 0.3157 outinratio 0.1849 

ggH126_4mu_Nj_genbin2_recobin2 acc 0.0352 eff 0.5456 outinratio 0.0537 

VBFH126_4mu_Nj_genbin2_recobin2 acc 0.2211 eff 0.6068 outinratio 0.0366 

WminusH126_4mu_Nj_genbin2_recobin2 acc 0.1049 eff 0.5184 outinratio 0.0945 

WplusH126_4mu_Nj_genbin2_recobin2 acc 0.0986 eff 0.5452 outinratio 0.0642 

ZH126_4mu_Nj_genbin2_recobin2 acc 0.1085 eff 0.5864 outinratio 0.0644 

ttH126_4mu_Nj_genbin2_recobin2 acc 0.0301 eff 0.3581 outinratio 0.1849 

ggH126_4mu_Nj_genbin3_recobin2 acc 0.0091 eff 0.2125 outinratio 0.0537 

VBFH126_4mu_Nj_genbin3_recobin2 acc 0.0299 eff 0.2263 outinratio 0.0366 

WminusH126_4mu_Nj_genbin3_recobin2 acc 0.0375 eff 0.2428 outinratio 0.0945 

WplusH126_4mu_Nj_genbin3_recobin2 acc 0.0335 eff 0.1965 outinratio 0.0642 

ZH126_4mu_Nj_genbin3_recobin2 acc 0.0392 eff 0.157 outinratio 0.0644 

ttH126_4mu_Nj_genbin3_recobin2 acc 0.0614 eff 0.0933 outinratio 0.1849 

ggH126_4mu_Nj_genbin4_recobin2 acc 0.0032 eff 0.0457 outinratio 0.0537 

VBFH126_4mu_Nj_genbin4_recobin2 acc 0.0047 eff 0.0516 outinratio 0.0366 

WminusH126_4mu_Nj_genbin4_recobin2 acc 0.0153 eff 0.1341 outinratio 0.0945 

WplusH126_4mu_Nj_genbin4_recobin2 acc 0.0191 eff 0.0212 outinratio 0.0642 

ZH126_4mu_Nj_genbin4_recobin2 acc 0.0176 eff 0.0103 outinratio 0.0644 

ttH126_4mu_Nj_genbin4_recobin2 acc 0.2428 eff 0.0072 outinratio 0.1849 

ggH126_4mu_Nj_genbin0_recobin3 acc 0.2736 eff 0.0011 outinratio 0.0507 

VBFH126_4mu_Nj_genbin0_recobin3 acc 0.0428 eff 0.0031 outinratio 0.0411 

WminusH126_4mu_Nj_genbin0_recobin3 acc 0.1057 eff 0.0 outinratio 0.1122 

WplusH126_4mu_Nj_genbin0_recobin3 acc 0.0753 eff 0.0013 outinratio 0.0858 

ZH126_4mu_Nj_genbin0_recobin3 acc 0.0784 eff 0.0034 outinratio 0.0769 

ttH126_4mu_Nj_genbin0_recobin3 acc 0.0004 eff -1.0 outinratio 0.1371 

ggH126_4mu_Nj_genbin1_recobin3 acc 0.1111 eff 0.0082 outinratio 0.0507 

VBFH126_4mu_Nj_genbin1_recobin3 acc 0.185 eff 0.0145 outinratio 0.0411 

WminusH126_4mu_Nj_genbin1_recobin3 acc 0.1401 eff 0.0039 outinratio 0.1122 

WplusH126_4mu_Nj_genbin1_recobin3 acc 0.1054 eff 0.0232 outinratio 0.0858 

ZH126_4mu_Nj_genbin1_recobin3 acc 0.116 eff 0.0204 outinratio 0.0769 

ttH126_4mu_Nj_genbin1_recobin3 acc 0.0074 eff 0.0783 outinratio 0.1371 

ggH126_4mu_Nj_genbin2_recobin3 acc 0.0352 eff 0.0919 outinratio 0.0507 

VBFH126_4mu_Nj_genbin2_recobin3 acc 0.2211 eff 0.0681 outinratio 0.0411 

WminusH126_4mu_Nj_genbin2_recobin3 acc 0.1049 eff 0.1215 outinratio 0.1122 

WplusH126_4mu_Nj_genbin2_recobin3 acc 0.0986 eff 0.1233 outinratio 0.0858 

ZH126_4mu_Nj_genbin2_recobin3 acc 0.1085 eff 0.0762 outinratio 0.0769 

ttH126_4mu_Nj_genbin2_recobin3 acc 0.0301 eff 0.2701 outinratio 0.1371 

ggH126_4mu_Nj_genbin3_recobin3 acc 0.0091 eff 0.4956 outinratio 0.0507 

VBFH126_4mu_Nj_genbin3_recobin3 acc 0.0299 eff 0.5003 outinratio 0.0411 

WminusH126_4mu_Nj_genbin3_recobin3 acc 0.0375 eff 0.46 outinratio 0.1122 

WplusH126_4mu_Nj_genbin3_recobin3 acc 0.0335 eff 0.4734 outinratio 0.0858 

ZH126_4mu_Nj_genbin3_recobin3 acc 0.0392 eff 0.4947 outinratio 0.0769 

ttH126_4mu_Nj_genbin3_recobin3 acc 0.0614 eff 0.419 outinratio 0.1371 

ggH126_4mu_Nj_genbin4_recobin3 acc 0.0032 eff 0.1932 outinratio 0.0507 

VBFH126_4mu_Nj_genbin4_recobin3 acc 0.0047 eff 0.2311 outinratio 0.0411 

WminusH126_4mu_Nj_genbin4_recobin3 acc 0.0153 eff 0.2075 outinratio 0.1122 

WplusH126_4mu_Nj_genbin4_recobin3 acc 0.0191 eff 0.1333 outinratio 0.0858 

ZH126_4mu_Nj_genbin4_recobin3 acc 0.0176 eff 0.177 outinratio 0.0769 

ttH126_4mu_Nj_genbin4_recobin3 acc 0.2428 eff 0.0605 outinratio 0.1371 

ggH126_4mu_Nj_genbin0_recobin4 acc 0.2736 eff 0.0002 outinratio 0.0929 

VBFH126_4mu_Nj_genbin0_recobin4 acc 0.0428 eff 0.0003 outinratio 0.0423 

WminusH126_4mu_Nj_genbin0_recobin4 acc 0.1057 eff 0.0 outinratio 0.1515 

WplusH126_4mu_Nj_genbin0_recobin4 acc 0.0753 eff 0.0 outinratio 0.0525 

ZH126_4mu_Nj_genbin0_recobin4 acc 0.0784 eff 0.0 outinratio 0.1499 

ttH126_4mu_Nj_genbin0_recobin4 acc 0.0004 eff -1.0 outinratio 0.1417 

ggH126_4mu_Nj_genbin1_recobin4 acc 0.1111 eff 0.0019 outinratio 0.0929 

VBFH126_4mu_Nj_genbin1_recobin4 acc 0.185 eff 0.0023 outinratio 0.0423 

WminusH126_4mu_Nj_genbin1_recobin4 acc 0.1401 eff 0.0 outinratio 0.1515 

WplusH126_4mu_Nj_genbin1_recobin4 acc 0.1054 eff 0.0043 outinratio 0.0525 

ZH126_4mu_Nj_genbin1_recobin4 acc 0.116 eff 0.0011 outinratio 0.1499 

ttH126_4mu_Nj_genbin1_recobin4 acc 0.0074 eff 0.0168 outinratio 0.1417 

ggH126_4mu_Nj_genbin2_recobin4 acc 0.0352 eff 0.0145 outinratio 0.0929 

VBFH126_4mu_Nj_genbin2_recobin4 acc 0.2211 eff 0.0068 outinratio 0.0423 

WminusH126_4mu_Nj_genbin2_recobin4 acc 0.1049 eff 0.0134 outinratio 0.1515 

WplusH126_4mu_Nj_genbin2_recobin4 acc 0.0986 eff 0.014 outinratio 0.0525 

ZH126_4mu_Nj_genbin2_recobin4 acc 0.1085 eff 0.0194 outinratio 0.1499 

ttH126_4mu_Nj_genbin2_recobin4 acc 0.0301 eff 0.0934 outinratio 0.1417 

ggH126_4mu_Nj_genbin3_recobin4 acc 0.0091 eff 0.08 outinratio 0.0929 

VBFH126_4mu_Nj_genbin3_recobin4 acc 0.0299 eff 0.0777 outinratio 0.0423 

WminusH126_4mu_Nj_genbin3_recobin4 acc 0.0375 eff 0.0 outinratio 0.1515 

WplusH126_4mu_Nj_genbin3_recobin4 acc 0.0335 eff 0.1072 outinratio 0.0525 

ZH126_4mu_Nj_genbin3_recobin4 acc 0.0392 eff 0.0938 outinratio 0.1499 

ttH126_4mu_Nj_genbin3_recobin4 acc 0.0614 eff 0.2763 outinratio 0.1417 

ggH126_4mu_Nj_genbin4_recobin4 acc 0.0032 eff 0.5972 outinratio 0.0929 

VBFH126_4mu_Nj_genbin4_recobin4 acc 0.0047 eff 0.5871 outinratio 0.0423 

WminusH126_4mu_Nj_genbin4_recobin4 acc 0.0153 eff 0.3671 outinratio 0.1515 

WplusH126_4mu_Nj_genbin4_recobin4 acc 0.0191 eff 0.617 outinratio 0.0525 

ZH126_4mu_Nj_genbin4_recobin4 acc 0.0176 eff 0.6418 outinratio 0.1499 

ttH126_4mu_Nj_genbin4_recobin4 acc 0.2428 eff 0.7227 outinratio 0.1417 

ggH126_2e2mu_Nj_genbin0_recobin0 acc 0.2524 eff 0.4436 outinratio 0.0506 

VBFH126_2e2mu_Nj_genbin0_recobin0 acc 0.0385 eff 0.373 outinratio 0.0313 

WminusH126_2e2mu_Nj_genbin0_recobin0 acc 0.0894 eff 0.336 outinratio 0.0139 

WplusH126_2e2mu_Nj_genbin0_recobin0 acc 0.0708 eff 0.3359 outinratio 0.0983 

ZH126_2e2mu_Nj_genbin0_recobin0 acc 0.0716 eff 0.4161 outinratio 0.0823 

ttH126_2e2mu_Nj_genbin0_recobin0 acc 0.0008 eff 0.043 outinratio 0.0 

ggH126_2e2mu_Nj_genbin1_recobin0 acc 0.1052 eff 0.0666 outinratio 0.0506 

VBFH126_2e2mu_Nj_genbin1_recobin0 acc 0.1706 eff 0.039 outinratio 0.0313 

WminusH126_2e2mu_Nj_genbin1_recobin0 acc 0.1119 eff 0.0593 outinratio 0.0139 

WplusH126_2e2mu_Nj_genbin1_recobin0 acc 0.0995 eff 0.0283 outinratio 0.0983 

ZH126_2e2mu_Nj_genbin1_recobin0 acc 0.1062 eff 0.0431 outinratio 0.0823 

ttH126_2e2mu_Nj_genbin1_recobin0 acc 0.0073 eff 0.0113 outinratio 0.0 

ggH126_2e2mu_Nj_genbin2_recobin0 acc 0.032 eff 0.0055 outinratio 0.0506 

VBFH126_2e2mu_Nj_genbin2_recobin0 acc 0.2044 eff 0.0044 outinratio 0.0313 

WminusH126_2e2mu_Nj_genbin2_recobin0 acc 0.0923 eff 0.0073 outinratio 0.0139 

WplusH126_2e2mu_Nj_genbin2_recobin0 acc 0.0902 eff 0.0017 outinratio 0.0983 

ZH126_2e2mu_Nj_genbin2_recobin0 acc 0.1061 eff 0.0042 outinratio 0.0823 

ttH126_2e2mu_Nj_genbin2_recobin0 acc 0.0254 eff 0.0 outinratio 0.0 

ggH126_2e2mu_Nj_genbin3_recobin0 acc 0.0085 eff 0.0009 outinratio 0.0506 

VBFH126_2e2mu_Nj_genbin3_recobin0 acc 0.0273 eff 0.0006 outinratio 0.0313 

WminusH126_2e2mu_Nj_genbin3_recobin0 acc 0.0301 eff 0.0 outinratio 0.0139 

WplusH126_2e2mu_Nj_genbin3_recobin0 acc 0.0306 eff 0.0 outinratio 0.0983 

ZH126_2e2mu_Nj_genbin3_recobin0 acc 0.0411 eff 0.0 outinratio 0.0823 

ttH126_2e2mu_Nj_genbin3_recobin0 acc 0.058 eff 0.0003 outinratio 0.0 

ggH126_2e2mu_Nj_genbin4_recobin0 acc 0.003 eff 0.0 outinratio 0.0506 

VBFH126_2e2mu_Nj_genbin4_recobin0 acc 0.0048 eff 0.0 outinratio 0.0313 

WminusH126_2e2mu_Nj_genbin4_recobin0 acc 0.0234 eff 0.0 outinratio 0.0139 

WplusH126_2e2mu_Nj_genbin4_recobin0 acc 0.0139 eff 0.0 outinratio 0.0983 

ZH126_2e2mu_Nj_genbin4_recobin0 acc 0.0182 eff 0.0 outinratio 0.0823 

ttH126_2e2mu_Nj_genbin4_recobin0 acc 0.22 eff 0.0 outinratio 0.0 

ggH126_2e2mu_Nj_genbin0_recobin1 acc 0.2524 eff 0.0609 outinratio 0.0553 

VBFH126_2e2mu_Nj_genbin0_recobin1 acc 0.0385 eff 0.1288 outinratio 0.0371 

WminusH126_2e2mu_Nj_genbin0_recobin1 acc 0.0894 eff 0.1771 outinratio 0.0746 

WplusH126_2e2mu_Nj_genbin0_recobin1 acc 0.0708 eff 0.1279 outinratio 0.0679 

ZH126_2e2mu_Nj_genbin0_recobin1 acc 0.0716 eff 0.0921 outinratio 0.0804 

ttH126_2e2mu_Nj_genbin0_recobin1 acc 0.0008 eff 0.1737 outinratio 0.1863 

ggH126_2e2mu_Nj_genbin1_recobin1 acc 0.1052 eff 0.4004 outinratio 0.0553 

VBFH126_2e2mu_Nj_genbin1_recobin1 acc 0.1706 eff 0.3939 outinratio 0.0371 

WminusH126_2e2mu_Nj_genbin1_recobin1 acc 0.1119 eff 0.323 outinratio 0.0746 

WplusH126_2e2mu_Nj_genbin1_recobin1 acc 0.0995 eff 0.3542 outinratio 0.0679 

ZH126_2e2mu_Nj_genbin1_recobin1 acc 0.1062 eff 0.3687 outinratio 0.0804 

ttH126_2e2mu_Nj_genbin1_recobin1 acc 0.0073 eff 0.1945 outinratio 0.1863 

ggH126_2e2mu_Nj_genbin2_recobin1 acc 0.032 eff 0.1071 outinratio 0.0553 

VBFH126_2e2mu_Nj_genbin2_recobin1 acc 0.2044 eff 0.0867 outinratio 0.0371 

WminusH126_2e2mu_Nj_genbin2_recobin1 acc 0.0923 eff 0.0717 outinratio 0.0746 

WplusH126_2e2mu_Nj_genbin2_recobin1 acc 0.0902 eff 0.0584 outinratio 0.0679 

ZH126_2e2mu_Nj_genbin2_recobin1 acc 0.1061 eff 0.0724 outinratio 0.0804 

ttH126_2e2mu_Nj_genbin2_recobin1 acc 0.0254 eff 0.0327 outinratio 0.1863 

ggH126_2e2mu_Nj_genbin3_recobin1 acc 0.0085 eff 0.0164 outinratio 0.0553 

VBFH126_2e2mu_Nj_genbin3_recobin1 acc 0.0273 eff 0.0165 outinratio 0.0371 

WminusH126_2e2mu_Nj_genbin3_recobin1 acc 0.0301 eff 0.0 outinratio 0.0746 

WplusH126_2e2mu_Nj_genbin3_recobin1 acc 0.0306 eff 0.0108 outinratio 0.0679 

ZH126_2e2mu_Nj_genbin3_recobin1 acc 0.0411 eff 0.0081 outinratio 0.0804 

ttH126_2e2mu_Nj_genbin3_recobin1 acc 0.058 eff 0.0028 outinratio 0.1863 

ggH126_2e2mu_Nj_genbin4_recobin1 acc 0.003 eff 0.0044 outinratio 0.0553 

VBFH126_2e2mu_Nj_genbin4_recobin1 acc 0.0048 eff 0.0006 outinratio 0.0371 

WminusH126_2e2mu_Nj_genbin4_recobin1 acc 0.0234 eff 0.0 outinratio 0.0746 

WplusH126_2e2mu_Nj_genbin4_recobin1 acc 0.0139 eff 0.0 outinratio 0.0679 

ZH126_2e2mu_Nj_genbin4_recobin1 acc 0.0182 eff 0.0034 outinratio 0.0804 

ttH126_2e2mu_Nj_genbin4_recobin1 acc 0.22 eff 0.0004 outinratio 0.1863 

ggH126_2e2mu_Nj_genbin0_recobin2 acc 0.2524 eff 0.0054 outinratio 0.0615 

VBFH126_2e2mu_Nj_genbin0_recobin2 acc 0.0385 eff 0.021 outinratio 0.0363 

WminusH126_2e2mu_Nj_genbin0_recobin2 acc 0.0894 eff 0.0036 outinratio 0.1234 

WplusH126_2e2mu_Nj_genbin0_recobin2 acc 0.0708 eff 0.0241 outinratio 0.0739 

ZH126_2e2mu_Nj_genbin0_recobin2 acc 0.0716 eff 0.0213 outinratio 0.0713 

ttH126_2e2mu_Nj_genbin0_recobin2 acc 0.0008 eff 0.1129 outinratio 0.177 

ggH126_2e2mu_Nj_genbin1_recobin2 acc 0.1052 eff 0.0554 outinratio 0.0615 

VBFH126_2e2mu_Nj_genbin1_recobin2 acc 0.1706 eff 0.0956 outinratio 0.0363 

WminusH126_2e2mu_Nj_genbin1_recobin2 acc 0.1119 eff 0.1589 outinratio 0.1234 

WplusH126_2e2mu_Nj_genbin1_recobin2 acc 0.0995 eff 0.1084 outinratio 0.0739 

ZH126_2e2mu_Nj_genbin1_recobin2 acc 0.1062 eff 0.095 outinratio 0.0713 

ttH126_2e2mu_Nj_genbin1_recobin2 acc 0.0073 eff 0.2002 outinratio 0.177 

ggH126_2e2mu_Nj_genbin2_recobin2 acc 0.032 eff 0.3657 outinratio 0.0615 

VBFH126_2e2mu_Nj_genbin2_recobin2 acc 0.2044 eff 0.4068 outinratio 0.0363 

WminusH126_2e2mu_Nj_genbin2_recobin2 acc 0.0923 eff 0.3612 outinratio 0.1234 

WplusH126_2e2mu_Nj_genbin2_recobin2 acc 0.0902 eff 0.3823 outinratio 0.0739 

ZH126_2e2mu_Nj_genbin2_recobin2 acc 0.1061 eff 0.3644 outinratio 0.0713 

ttH126_2e2mu_Nj_genbin2_recobin2 acc 0.0254 eff 0.2618 outinratio 0.177 

ggH126_2e2mu_Nj_genbin3_recobin2 acc 0.0085 eff 0.1476 outinratio 0.0615 

VBFH126_2e2mu_Nj_genbin3_recobin2 acc 0.0273 eff 0.1458 outinratio 0.0363 

WminusH126_2e2mu_Nj_genbin3_recobin2 acc 0.0301 eff 0.0811 outinratio 0.1234 

WplusH126_2e2mu_Nj_genbin3_recobin2 acc 0.0306 eff 0.093 outinratio 0.0739 

ZH126_2e2mu_Nj_genbin3_recobin2 acc 0.0411 eff 0.1139 outinratio 0.0713 

ttH126_2e2mu_Nj_genbin3_recobin2 acc 0.058 eff 0.0645 outinratio 0.177 

ggH126_2e2mu_Nj_genbin4_recobin2 acc 0.003 eff 0.0527 outinratio 0.0615 

VBFH126_2e2mu_Nj_genbin4_recobin2 acc 0.0048 eff 0.0295 outinratio 0.0363 

WminusH126_2e2mu_Nj_genbin4_recobin2 acc 0.0234 eff 0.029 outinratio 0.1234 

WplusH126_2e2mu_Nj_genbin4_recobin2 acc 0.0139 eff 0.0207 outinratio 0.0739 

ZH126_2e2mu_Nj_genbin4_recobin2 acc 0.0182 eff 0.022 outinratio 0.0713 

ttH126_2e2mu_Nj_genbin4_recobin2 acc 0.22 eff 0.0054 outinratio 0.177 

ggH126_2e2mu_Nj_genbin0_recobin3 acc 0.2524 eff 0.0004 outinratio 0.0791 

VBFH126_2e2mu_Nj_genbin0_recobin3 acc 0.0385 eff 0.0017 outinratio 0.0441 

WminusH126_2e2mu_Nj_genbin0_recobin3 acc 0.0894 eff 0.0 outinratio 0.05 

WplusH126_2e2mu_Nj_genbin0_recobin3 acc 0.0708 eff -0.0 outinratio 0.0921 

ZH126_2e2mu_Nj_genbin0_recobin3 acc 0.0716 eff 0.0028 outinratio 0.0927 

ttH126_2e2mu_Nj_genbin0_recobin3 acc 0.0008 eff 0.0 outinratio 0.1552 

ggH126_2e2mu_Nj_genbin1_recobin3 acc 0.1052 eff 0.0061 outinratio 0.0791 

VBFH126_2e2mu_Nj_genbin1_recobin3 acc 0.1706 eff 0.0097 outinratio 0.0441 

WminusH126_2e2mu_Nj_genbin1_recobin3 acc 0.1119 eff 0.0088 outinratio 0.05 

WplusH126_2e2mu_Nj_genbin1_recobin3 acc 0.0995 eff 0.012 outinratio 0.0921 

ZH126_2e2mu_Nj_genbin1_recobin3 acc 0.1062 eff 0.0114 outinratio 0.0927 

ttH126_2e2mu_Nj_genbin1_recobin3 acc 0.0073 eff 0.0918 outinratio 0.1552 

ggH126_2e2mu_Nj_genbin2_recobin3 acc 0.032 eff 0.0552 outinratio 0.0791 

VBFH126_2e2mu_Nj_genbin2_recobin3 acc 0.2044 eff 0.043 outinratio 0.0441 

WminusH126_2e2mu_Nj_genbin2_recobin3 acc 0.0923 eff 0.0699 outinratio 0.05 

WplusH126_2e2mu_Nj_genbin2_recobin3 acc 0.0902 eff 0.067 outinratio 0.0921 

ZH126_2e2mu_Nj_genbin2_recobin3 acc 0.1061 eff 0.0631 outinratio 0.0927 

ttH126_2e2mu_Nj_genbin2_recobin3 acc 0.0254 eff 0.1713 outinratio 0.1552 

ggH126_2e2mu_Nj_genbin3_recobin3 acc 0.0085 eff 0.3134 outinratio 0.0791 

VBFH126_2e2mu_Nj_genbin3_recobin3 acc 0.0273 eff 0.3316 outinratio 0.0441 

WminusH126_2e2mu_Nj_genbin3_recobin3 acc 0.0301 eff 0.3343 outinratio 0.05 

WplusH126_2e2mu_Nj_genbin3_recobin3 acc 0.0306 eff 0.342 outinratio 0.0921 

ZH126_2e2mu_Nj_genbin3_recobin3 acc 0.0411 eff 0.3282 outinratio 0.0927 

ttH126_2e2mu_Nj_genbin3_recobin3 acc 0.058 eff 0.2673 outinratio 0.1552 

ggH126_2e2mu_Nj_genbin4_recobin3 acc 0.003 eff 0.1401 outinratio 0.0791 

VBFH126_2e2mu_Nj_genbin4_recobin3 acc 0.0048 eff 0.2007 outinratio 0.0441 

WminusH126_2e2mu_Nj_genbin4_recobin3 acc 0.0234 eff 0.0859 outinratio 0.05 

WplusH126_2e2mu_Nj_genbin4_recobin3 acc 0.0139 eff 0.0614 outinratio 0.0921 

ZH126_2e2mu_Nj_genbin4_recobin3 acc 0.0182 eff 0.0903 outinratio 0.0927 

ttH126_2e2mu_Nj_genbin4_recobin3 acc 0.22 eff 0.041 outinratio 0.1552 

ggH126_2e2mu_Nj_genbin0_recobin4 acc 0.2524 eff 0.0001 outinratio 0.0603 

VBFH126_2e2mu_Nj_genbin0_recobin4 acc 0.0385 eff 0.0002 outinratio 0.0412 

WminusH126_2e2mu_Nj_genbin0_recobin4 acc 0.0894 eff 0.0 outinratio 0.1743 

WplusH126_2e2mu_Nj_genbin0_recobin4 acc 0.0708 eff 0.0 outinratio 0.0757 

ZH126_2e2mu_Nj_genbin0_recobin4 acc 0.0716 eff 0.0006 outinratio 0.1093 

ttH126_2e2mu_Nj_genbin0_recobin4 acc 0.0008 eff 0.0 outinratio 0.1627 

ggH126_2e2mu_Nj_genbin1_recobin4 acc 0.1052 eff 0.0005 outinratio 0.0603 

VBFH126_2e2mu_Nj_genbin1_recobin4 acc 0.1706 eff 0.0006 outinratio 0.0412 

WminusH126_2e2mu_Nj_genbin1_recobin4 acc 0.1119 eff 0.0 outinratio 0.1743 

WplusH126_2e2mu_Nj_genbin1_recobin4 acc 0.0995 eff 0.0004 outinratio 0.0757 

ZH126_2e2mu_Nj_genbin1_recobin4 acc 0.1062 eff 0.0008 outinratio 0.1093 

ttH126_2e2mu_Nj_genbin1_recobin4 acc 0.0073 eff 0.0192 outinratio 0.1627 

ggH126_2e2mu_Nj_genbin2_recobin4 acc 0.032 eff 0.009 outinratio 0.0603 

VBFH126_2e2mu_Nj_genbin2_recobin4 acc 0.2044 eff 0.0038 outinratio 0.0412 

WminusH126_2e2mu_Nj_genbin2_recobin4 acc 0.0923 eff 0.0065 outinratio 0.1743 

WplusH126_2e2mu_Nj_genbin2_recobin4 acc 0.0902 eff 0.0107 outinratio 0.0757 

ZH126_2e2mu_Nj_genbin2_recobin4 acc 0.1061 eff 0.0136 outinratio 0.1093 

ttH126_2e2mu_Nj_genbin2_recobin4 acc 0.0254 eff 0.0522 outinratio 0.1627 

ggH126_2e2mu_Nj_genbin3_recobin4 acc 0.0085 eff 0.058 outinratio 0.0603 

VBFH126_2e2mu_Nj_genbin3_recobin4 acc 0.0273 eff 0.0443 outinratio 0.0412 

WminusH126_2e2mu_Nj_genbin3_recobin4 acc 0.0301 eff 0.0968 outinratio 0.1743 

WplusH126_2e2mu_Nj_genbin3_recobin4 acc 0.0306 eff 0.0713 outinratio 0.0757 

ZH126_2e2mu_Nj_genbin3_recobin4 acc 0.0411 eff 0.0629 outinratio 0.1093 

ttH126_2e2mu_Nj_genbin3_recobin4 acc 0.058 eff 0.1844 outinratio 0.1627 

ggH126_2e2mu_Nj_genbin4_recobin4 acc 0.003 eff 0.3481 outinratio 0.0603 

VBFH126_2e2mu_Nj_genbin4_recobin4 acc 0.0048 eff 0.3489 outinratio 0.0412 

WminusH126_2e2mu_Nj_genbin4_recobin4 acc 0.0234 eff 0.3965 outinratio 0.1743 

WplusH126_2e2mu_Nj_genbin4_recobin4 acc 0.0139 eff 0.4631 outinratio 0.0757 

ZH126_2e2mu_Nj_genbin4_recobin4 acc 0.0182 eff 0.4098 outinratio 0.1093 

ttH126_2e2mu_Nj_genbin4_recobin4 acc 0.22 eff 0.4796 outinratio 0.1627 

Coeff fullNNLOPS
