Welcome in RunCoefficients!
OPT SPLIT
DEBUG opt.YEAR = 2024_9
It is a single-differential measurement, binning [-100.0, 0.0, 25.0, 75.0, 10000.0]
pTHjj
Following observables extracted from dictionary: RECO =  pTHjj  GEN =  GENpTHjj
LUMI: 10.882200000000001
ttH126 0.00046886125
Processing ggH126 2024_9
Signal created
Signal failed created
Processing VBFH126 2024_9
Signal created
Signal failed created
Processing WminusH126 2024_9
Signal created
Signal failed created
Processing WplusH126 2024_9
Signal created
Signal failed created
Processing ZH126 2024_9
Signal created
Signal failed created
Processing ttH126 2024_9
Signal created
Signal failed created
2024_9 SKIMMED df CREATED
2024_9 ggH126
2024_9 VBFH126
2024_9 WminusH126
2024_9 WplusH126
2024_9 ZH126
2024_9 ttH126
Dataframes created successfully
Coeff std
ggH126_4l_pTHjj_genbin0_recobin0 acc 0.3617 eff 0.514 outinratio 0.0487 

VBFH126_4l_pTHjj_genbin0_recobin0 acc 0.2116 eff 0.4727 outinratio 0.0343 

WminusH126_4l_pTHjj_genbin0_recobin0 acc 0.1977 eff 0.4553 outinratio 0.06 

WplusH126_4l_pTHjj_genbin0_recobin0 acc 0.1829 eff 0.4652 outinratio 0.0585 

ZH126_4l_pTHjj_genbin0_recobin0 acc 0.1799 eff 0.4629 outinratio 0.0729 

ttH126_4l_pTHjj_genbin0_recobin0 acc 0.0081 eff 0.2237 outinratio 0.1614 

ggH126_4l_pTHjj_genbin1_recobin0 acc 0.0199 eff 0.1094 outinratio 0.0487 

VBFH126_4l_pTHjj_genbin1_recobin0 acc 0.1714 eff 0.0964 outinratio 0.0343 

WminusH126_4l_pTHjj_genbin1_recobin0 acc 0.0673 eff 0.0739 outinratio 0.06 

WplusH126_4l_pTHjj_genbin1_recobin0 acc 0.0573 eff 0.0545 outinratio 0.0585 

ZH126_4l_pTHjj_genbin1_recobin0 acc 0.066 eff 0.0906 outinratio 0.0729 

ttH126_4l_pTHjj_genbin1_recobin0 acc 0.0148 eff 0.004 outinratio 0.1614 

ggH126_4l_pTHjj_genbin2_recobin0 acc 0.0215 eff 0.0778 outinratio 0.0487 

VBFH126_4l_pTHjj_genbin2_recobin0 acc 0.0628 eff 0.0596 outinratio 0.0343 

WminusH126_4l_pTHjj_genbin2_recobin0 acc 0.0689 eff 0.0476 outinratio 0.06 

WplusH126_4l_pTHjj_genbin2_recobin0 acc 0.0547 eff 0.0426 outinratio 0.0585 

ZH126_4l_pTHjj_genbin2_recobin0 acc 0.0745 eff 0.0505 outinratio 0.0729 

ttH126_4l_pTHjj_genbin2_recobin0 acc 0.0913 eff 0.0057 outinratio 0.1614 

ggH126_4l_pTHjj_genbin3_recobin0 acc 0.0033 eff 0.0315 outinratio 0.0487 

VBFH126_4l_pTHjj_genbin3_recobin0 acc 0.0068 eff 0.0101 outinratio 0.0343 

WminusH126_4l_pTHjj_genbin3_recobin0 acc 0.0186 eff 0.0211 outinratio 0.06 

WplusH126_4l_pTHjj_genbin3_recobin0 acc 0.0186 eff 0.0304 outinratio 0.0585 

ZH126_4l_pTHjj_genbin3_recobin0 acc 0.0256 eff 0.0233 outinratio 0.0729 

ttH126_4l_pTHjj_genbin3_recobin0 acc 0.2048 eff 0.0031 outinratio 0.1614 

ggH126_4l_pTHjj_genbin0_recobin1 acc 0.3617 eff 0.0083 outinratio 0.0834 

VBFH126_4l_pTHjj_genbin0_recobin1 acc 0.2116 eff 0.045 outinratio 0.0294 

WminusH126_4l_pTHjj_genbin0_recobin1 acc 0.1977 eff 0.0259 outinratio 0.058 

WplusH126_4l_pTHjj_genbin0_recobin1 acc 0.1829 eff 0.0256 outinratio 0.0619 

ZH126_4l_pTHjj_genbin0_recobin1 acc 0.1799 eff 0.0218 outinratio 0.0538 

ttH126_4l_pTHjj_genbin0_recobin1 acc 0.0081 eff 0.0167 outinratio 0.1374 

ggH126_4l_pTHjj_genbin1_recobin1 acc 0.0199 eff 0.2852 outinratio 0.0834 

VBFH126_4l_pTHjj_genbin1_recobin1 acc 0.1714 eff 0.3178 outinratio 0.0294 

WminusH126_4l_pTHjj_genbin1_recobin1 acc 0.0673 eff 0.3328 outinratio 0.058 

WplusH126_4l_pTHjj_genbin1_recobin1 acc 0.0573 eff 0.3303 outinratio 0.0619 

ZH126_4l_pTHjj_genbin1_recobin1 acc 0.066 eff 0.3429 outinratio 0.0538 

ttH126_4l_pTHjj_genbin1_recobin1 acc 0.0148 eff 0.2468 outinratio 0.1374 

ggH126_4l_pTHjj_genbin2_recobin1 acc 0.0215 eff 0.0622 outinratio 0.0834 

VBFH126_4l_pTHjj_genbin2_recobin1 acc 0.0628 eff 0.0784 outinratio 0.0294 

WminusH126_4l_pTHjj_genbin2_recobin1 acc 0.0689 eff 0.0542 outinratio 0.058 

WplusH126_4l_pTHjj_genbin2_recobin1 acc 0.0547 eff 0.0431 outinratio 0.0619 

ZH126_4l_pTHjj_genbin2_recobin1 acc 0.0745 eff 0.0559 outinratio 0.0538 

ttH126_4l_pTHjj_genbin2_recobin1 acc 0.0913 eff 0.0325 outinratio 0.1374 

ggH126_4l_pTHjj_genbin3_recobin1 acc 0.0033 eff 0.0 outinratio 0.0834 

VBFH126_4l_pTHjj_genbin3_recobin1 acc 0.0068 eff 0.0162 outinratio 0.0294 

WminusH126_4l_pTHjj_genbin3_recobin1 acc 0.0186 eff 0.0026 outinratio 0.058 

WplusH126_4l_pTHjj_genbin3_recobin1 acc 0.0186 eff 0.0021 outinratio 0.0619 

ZH126_4l_pTHjj_genbin3_recobin1 acc 0.0256 eff 0.0141 outinratio 0.0538 

ttH126_4l_pTHjj_genbin3_recobin1 acc 0.2048 eff 0.0053 outinratio 0.1374 

ggH126_4l_pTHjj_genbin0_recobin2 acc 0.3617 eff 0.0156 outinratio 0.064 

VBFH126_4l_pTHjj_genbin0_recobin2 acc 0.2116 eff 0.0451 outinratio 0.0366 

WminusH126_4l_pTHjj_genbin0_recobin2 acc 0.1977 eff 0.0365 outinratio 0.1077 

WplusH126_4l_pTHjj_genbin0_recobin2 acc 0.1829 eff 0.0359 outinratio 0.0818 

ZH126_4l_pTHjj_genbin0_recobin2 acc 0.1799 eff 0.0434 outinratio 0.0755 

ttH126_4l_pTHjj_genbin0_recobin2 acc 0.0081 eff 0.0678 outinratio 0.1521 

ggH126_4l_pTHjj_genbin1_recobin2 acc 0.0199 eff 0.1587 outinratio 0.064 

VBFH126_4l_pTHjj_genbin1_recobin2 acc 0.1714 eff 0.146 outinratio 0.0366 

WminusH126_4l_pTHjj_genbin1_recobin2 acc 0.0673 eff 0.1189 outinratio 0.1077 

WplusH126_4l_pTHjj_genbin1_recobin2 acc 0.0573 eff 0.1483 outinratio 0.0818 

ZH126_4l_pTHjj_genbin1_recobin2 acc 0.066 eff 0.1558 outinratio 0.0755 

ttH126_4l_pTHjj_genbin1_recobin2 acc 0.0148 eff 0.2025 outinratio 0.1521 

ggH126_4l_pTHjj_genbin2_recobin2 acc 0.0215 eff 0.3978 outinratio 0.064 

VBFH126_4l_pTHjj_genbin2_recobin2 acc 0.0628 eff 0.3749 outinratio 0.0366 

WminusH126_4l_pTHjj_genbin2_recobin2 acc 0.0689 eff 0.3624 outinratio 0.1077 

WplusH126_4l_pTHjj_genbin2_recobin2 acc 0.0547 eff 0.3926 outinratio 0.0818 

ZH126_4l_pTHjj_genbin2_recobin2 acc 0.0745 eff 0.3884 outinratio 0.0755 

ttH126_4l_pTHjj_genbin2_recobin2 acc 0.0913 eff 0.3688 outinratio 0.1521 

ggH126_4l_pTHjj_genbin3_recobin2 acc 0.0033 eff 0.0969 outinratio 0.064 

VBFH126_4l_pTHjj_genbin3_recobin2 acc 0.0068 eff 0.1132 outinratio 0.0366 

WminusH126_4l_pTHjj_genbin3_recobin2 acc 0.0186 eff 0.104 outinratio 0.1077 

WplusH126_4l_pTHjj_genbin3_recobin2 acc 0.0186 eff 0.065 outinratio 0.0818 

ZH126_4l_pTHjj_genbin3_recobin2 acc 0.0256 eff 0.0746 outinratio 0.0755 

ttH126_4l_pTHjj_genbin3_recobin2 acc 0.2048 eff 0.0583 outinratio 0.1521 

ggH126_4l_pTHjj_genbin0_recobin3 acc 0.3617 eff 0.0014 outinratio 0.0795 

VBFH126_4l_pTHjj_genbin0_recobin3 acc 0.2116 eff 0.0044 outinratio 0.0526 

WminusH126_4l_pTHjj_genbin0_recobin3 acc 0.1977 eff 0.0114 outinratio 0.0728 

WplusH126_4l_pTHjj_genbin0_recobin3 acc 0.1829 eff 0.0137 outinratio 0.1053 

ZH126_4l_pTHjj_genbin0_recobin3 acc 0.1799 eff 0.0105 outinratio 0.1021 

ttH126_4l_pTHjj_genbin0_recobin3 acc 0.0081 eff 0.2231 outinratio 0.167 

ggH126_4l_pTHjj_genbin1_recobin3 acc 0.0199 eff 0.0147 outinratio 0.0795 

VBFH126_4l_pTHjj_genbin1_recobin3 acc 0.1714 eff 0.0098 outinratio 0.0526 

WminusH126_4l_pTHjj_genbin1_recobin3 acc 0.0673 eff 0.0163 outinratio 0.0728 

WplusH126_4l_pTHjj_genbin1_recobin3 acc 0.0573 eff 0.0079 outinratio 0.1053 

ZH126_4l_pTHjj_genbin1_recobin3 acc 0.066 eff 0.0121 outinratio 0.1021 

ttH126_4l_pTHjj_genbin1_recobin3 acc 0.0148 eff 0.0839 outinratio 0.167 

ggH126_4l_pTHjj_genbin2_recobin3 acc 0.0215 eff 0.0394 outinratio 0.0795 

VBFH126_4l_pTHjj_genbin2_recobin3 acc 0.0628 eff 0.0524 outinratio 0.0526 

WminusH126_4l_pTHjj_genbin2_recobin3 acc 0.0689 eff 0.0715 outinratio 0.0728 

WplusH126_4l_pTHjj_genbin2_recobin3 acc 0.0547 eff 0.0671 outinratio 0.1053 

ZH126_4l_pTHjj_genbin2_recobin3 acc 0.0745 eff 0.0565 outinratio 0.1021 

ttH126_4l_pTHjj_genbin2_recobin3 acc 0.0913 eff 0.147 outinratio 0.167 

ggH126_4l_pTHjj_genbin3_recobin3 acc 0.0033 eff 0.4606 outinratio 0.0795 

VBFH126_4l_pTHjj_genbin3_recobin3 acc 0.0068 eff 0.4241 outinratio 0.0526 

WminusH126_4l_pTHjj_genbin3_recobin3 acc 0.0186 eff 0.4499 outinratio 0.0728 

WplusH126_4l_pTHjj_genbin3_recobin3 acc 0.0186 eff 0.5202 outinratio 0.1053 

ZH126_4l_pTHjj_genbin3_recobin3 acc 0.0256 eff 0.4561 outinratio 0.1021 

ttH126_4l_pTHjj_genbin3_recobin3 acc 0.2048 eff 0.4892 outinratio 0.167 

ggH126_4e_pTHjj_genbin0_recobin0 acc 0.352 eff 0.3006 outinratio 0.0501 

VBFH126_4e_pTHjj_genbin0_recobin0 acc 0.204 eff 0.2831 outinratio 0.0419 

WminusH126_4e_pTHjj_genbin0_recobin0 acc 0.1904 eff 0.2822 outinratio 0.0391 

WplusH126_4e_pTHjj_genbin0_recobin0 acc 0.1751 eff 0.2568 outinratio 0.0827 

ZH126_4e_pTHjj_genbin0_recobin0 acc 0.1745 eff 0.28 outinratio 0.0695 

ttH126_4e_pTHjj_genbin0_recobin0 acc 0.0085 eff 0.1278 outinratio 0.251 

ggH126_4e_pTHjj_genbin1_recobin0 acc 0.0195 eff 0.082 outinratio 0.0501 

VBFH126_4e_pTHjj_genbin1_recobin0 acc 0.1642 eff 0.0618 outinratio 0.0419 

WminusH126_4e_pTHjj_genbin1_recobin0 acc 0.0648 eff 0.0219 outinratio 0.0391 

WplusH126_4e_pTHjj_genbin1_recobin0 acc 0.0569 eff 0.033 outinratio 0.0827 

ZH126_4e_pTHjj_genbin1_recobin0 acc 0.0601 eff 0.0602 outinratio 0.0695 

ttH126_4e_pTHjj_genbin1_recobin0 acc 0.0141 eff 0.0035 outinratio 0.251 

ggH126_4e_pTHjj_genbin2_recobin0 acc 0.0216 eff 0.0459 outinratio 0.0501 

VBFH126_4e_pTHjj_genbin2_recobin0 acc 0.0621 eff 0.0453 outinratio 0.0419 

WminusH126_4e_pTHjj_genbin2_recobin0 acc 0.059 eff 0.0352 outinratio 0.0391 

WplusH126_4e_pTHjj_genbin2_recobin0 acc 0.0466 eff 0.0286 outinratio 0.0827 

ZH126_4e_pTHjj_genbin2_recobin0 acc 0.0724 eff 0.0245 outinratio 0.0695 

ttH126_4e_pTHjj_genbin2_recobin0 acc 0.0902 eff 0.0035 outinratio 0.251 

ggH126_4e_pTHjj_genbin3_recobin0 acc 0.0032 eff 0.0 outinratio 0.0501 

VBFH126_4e_pTHjj_genbin3_recobin0 acc 0.0071 eff 0.0178 outinratio 0.0419 

WminusH126_4e_pTHjj_genbin3_recobin0 acc 0.0192 eff 0.0127 outinratio 0.0391 

WplusH126_4e_pTHjj_genbin3_recobin0 acc 0.0176 eff 0.0309 outinratio 0.0827 

ZH126_4e_pTHjj_genbin3_recobin0 acc 0.0239 eff 0.0185 outinratio 0.0695 

ttH126_4e_pTHjj_genbin3_recobin0 acc 0.1963 eff 0.0033 outinratio 0.251 

ggH126_4e_pTHjj_genbin0_recobin1 acc 0.352 eff 0.0054 outinratio 0.1253 

VBFH126_4e_pTHjj_genbin0_recobin1 acc 0.204 eff 0.0293 outinratio 0.0271 

WminusH126_4e_pTHjj_genbin0_recobin1 acc 0.1904 eff 0.0169 outinratio 0.0477 

WplusH126_4e_pTHjj_genbin0_recobin1 acc 0.1751 eff 0.0124 outinratio 0.0179 

ZH126_4e_pTHjj_genbin0_recobin1 acc 0.1745 eff 0.0189 outinratio 0.0462 

ttH126_4e_pTHjj_genbin0_recobin1 acc 0.0085 eff 0.0168 outinratio 0.1566 

ggH126_4e_pTHjj_genbin1_recobin1 acc 0.0195 eff 0.1907 outinratio 0.1253 

VBFH126_4e_pTHjj_genbin1_recobin1 acc 0.1642 eff 0.1854 outinratio 0.0271 

WminusH126_4e_pTHjj_genbin1_recobin1 acc 0.0648 eff 0.1692 outinratio 0.0477 

WplusH126_4e_pTHjj_genbin1_recobin1 acc 0.0569 eff 0.2497 outinratio 0.0179 

ZH126_4e_pTHjj_genbin1_recobin1 acc 0.0601 eff 0.2013 outinratio 0.0462 

ttH126_4e_pTHjj_genbin1_recobin1 acc 0.0141 eff 0.1661 outinratio 0.1566 

ggH126_4e_pTHjj_genbin2_recobin1 acc 0.0216 eff 0.0561 outinratio 0.1253 

VBFH126_4e_pTHjj_genbin2_recobin1 acc 0.0621 eff 0.0409 outinratio 0.0271 

WminusH126_4e_pTHjj_genbin2_recobin1 acc 0.059 eff 0.0256 outinratio 0.0477 

WplusH126_4e_pTHjj_genbin2_recobin1 acc 0.0466 eff 0.0431 outinratio 0.0179 

ZH126_4e_pTHjj_genbin2_recobin1 acc 0.0724 eff 0.0353 outinratio 0.0462 

ttH126_4e_pTHjj_genbin2_recobin1 acc 0.0902 eff 0.0261 outinratio 0.1566 

ggH126_4e_pTHjj_genbin3_recobin1 acc 0.0032 eff 0.0 outinratio 0.1253 

VBFH126_4e_pTHjj_genbin3_recobin1 acc 0.0071 eff 0.014 outinratio 0.0271 

WminusH126_4e_pTHjj_genbin3_recobin1 acc 0.0192 eff 0.0 outinratio 0.0477 

WplusH126_4e_pTHjj_genbin3_recobin1 acc 0.0176 eff 0.0 outinratio 0.0179 

ZH126_4e_pTHjj_genbin3_recobin1 acc 0.0239 eff 0.0029 outinratio 0.0462 

ttH126_4e_pTHjj_genbin3_recobin1 acc 0.1963 eff 0.0038 outinratio 0.1566 

ggH126_4e_pTHjj_genbin0_recobin2 acc 0.352 eff 0.0116 outinratio 0.0489 

VBFH126_4e_pTHjj_genbin0_recobin2 acc 0.204 eff 0.0284 outinratio 0.0328 

WminusH126_4e_pTHjj_genbin0_recobin2 acc 0.1904 eff 0.021 outinratio 0.1427 

WplusH126_4e_pTHjj_genbin0_recobin2 acc 0.1751 eff 0.0199 outinratio 0.156 

ZH126_4e_pTHjj_genbin0_recobin2 acc 0.1745 eff 0.0303 outinratio 0.0953 

ttH126_4e_pTHjj_genbin0_recobin2 acc 0.0085 eff 0.0199 outinratio 0.1973 

ggH126_4e_pTHjj_genbin1_recobin2 acc 0.0195 eff 0.1033 outinratio 0.0489 

VBFH126_4e_pTHjj_genbin1_recobin2 acc 0.1642 eff 0.0937 outinratio 0.0328 

WminusH126_4e_pTHjj_genbin1_recobin2 acc 0.0648 eff 0.0821 outinratio 0.1427 

WplusH126_4e_pTHjj_genbin1_recobin2 acc 0.0569 eff 0.0767 outinratio 0.156 

ZH126_4e_pTHjj_genbin1_recobin2 acc 0.0601 eff 0.1109 outinratio 0.0953 

ttH126_4e_pTHjj_genbin1_recobin2 acc 0.0141 eff 0.1423 outinratio 0.1973 

ggH126_4e_pTHjj_genbin2_recobin2 acc 0.0216 eff 0.2888 outinratio 0.0489 

VBFH126_4e_pTHjj_genbin2_recobin2 acc 0.0621 eff 0.2324 outinratio 0.0328 

WminusH126_4e_pTHjj_genbin2_recobin2 acc 0.059 eff 0.2011 outinratio 0.1427 

WplusH126_4e_pTHjj_genbin2_recobin2 acc 0.0466 eff 0.1825 outinratio 0.156 

ZH126_4e_pTHjj_genbin2_recobin2 acc 0.0724 eff 0.2682 outinratio 0.0953 

ttH126_4e_pTHjj_genbin2_recobin2 acc 0.0902 eff 0.2062 outinratio 0.1973 

ggH126_4e_pTHjj_genbin3_recobin2 acc 0.0032 eff 0.0 outinratio 0.0489 

VBFH126_4e_pTHjj_genbin3_recobin2 acc 0.0071 eff 0.0496 outinratio 0.0328 

WminusH126_4e_pTHjj_genbin3_recobin2 acc 0.0192 eff 0.0862 outinratio 0.1427 

WplusH126_4e_pTHjj_genbin3_recobin2 acc 0.0176 eff 0.0479 outinratio 0.156 

ZH126_4e_pTHjj_genbin3_recobin2 acc 0.0239 eff 0.044 outinratio 0.0953 

ttH126_4e_pTHjj_genbin3_recobin2 acc 0.1963 eff 0.0337 outinratio 0.1973 

ggH126_4e_pTHjj_genbin0_recobin3 acc 0.352 eff 0.0 outinratio 0.0 

VBFH126_4e_pTHjj_genbin0_recobin3 acc 0.204 eff 0.0025 outinratio 0.0619 

WminusH126_4e_pTHjj_genbin0_recobin3 acc 0.1904 eff 0.0048 outinratio 0.0779 

WplusH126_4e_pTHjj_genbin0_recobin3 acc 0.1751 eff 0.0028 outinratio 0.0326 

ZH126_4e_pTHjj_genbin0_recobin3 acc 0.1745 eff 0.005 outinratio 0.0396 

ttH126_4e_pTHjj_genbin0_recobin3 acc 0.0085 eff 0.1977 outinratio 0.2099 

ggH126_4e_pTHjj_genbin1_recobin3 acc 0.0195 eff 0.0 outinratio 0.0 

VBFH126_4e_pTHjj_genbin1_recobin3 acc 0.1642 eff 0.005 outinratio 0.0619 

WminusH126_4e_pTHjj_genbin1_recobin3 acc 0.0648 eff 0.0023 outinratio 0.0779 

WplusH126_4e_pTHjj_genbin1_recobin3 acc 0.0569 eff 0.0 outinratio 0.0326 

ZH126_4e_pTHjj_genbin1_recobin3 acc 0.0601 eff 0.0033 outinratio 0.0396 

ttH126_4e_pTHjj_genbin1_recobin3 acc 0.0141 eff 0.068 outinratio 0.2099 

ggH126_4e_pTHjj_genbin2_recobin3 acc 0.0216 eff 0.0336 outinratio 0.0 

VBFH126_4e_pTHjj_genbin2_recobin3 acc 0.0621 eff 0.0358 outinratio 0.0619 

WminusH126_4e_pTHjj_genbin2_recobin3 acc 0.059 eff 0.0281 outinratio 0.0779 

WplusH126_4e_pTHjj_genbin2_recobin3 acc 0.0466 eff 0.0933 outinratio 0.0326 

ZH126_4e_pTHjj_genbin2_recobin3 acc 0.0724 eff 0.037 outinratio 0.0396 

ttH126_4e_pTHjj_genbin2_recobin3 acc 0.0902 eff 0.0881 outinratio 0.2099 

ggH126_4e_pTHjj_genbin3_recobin3 acc 0.0032 eff 0.3206 outinratio 0.0 

VBFH126_4e_pTHjj_genbin3_recobin3 acc 0.0071 eff 0.2549 outinratio 0.0619 

WminusH126_4e_pTHjj_genbin3_recobin3 acc 0.0192 eff 0.2635 outinratio 0.0779 

WplusH126_4e_pTHjj_genbin3_recobin3 acc 0.0176 eff 0.3465 outinratio 0.0326 

ZH126_4e_pTHjj_genbin3_recobin3 acc 0.0239 eff 0.3207 outinratio 0.0396 

ttH126_4e_pTHjj_genbin3_recobin3 acc 0.1963 eff 0.3086 outinratio 0.2099 

ggH126_4mu_pTHjj_genbin0_recobin0 acc 0.3765 eff 0.7645 outinratio 0.047 

VBFH126_4mu_pTHjj_genbin0_recobin0 acc 0.2246 eff 0.6777 outinratio 0.0291 

WminusH126_4mu_pTHjj_genbin0_recobin0 acc 0.2107 eff 0.6565 outinratio 0.067 

WplusH126_4mu_pTHjj_genbin0_recobin0 acc 0.1977 eff 0.6705 outinratio 0.0496 

ZH126_4mu_pTHjj_genbin0_recobin0 acc 0.1891 eff 0.6731 outinratio 0.0701 

ttH126_4mu_pTHjj_genbin0_recobin0 acc 0.0078 eff 0.3561 outinratio 0.1016 

ggH126_4mu_pTHjj_genbin1_recobin0 acc 0.0214 eff 0.1068 outinratio 0.047 

VBFH126_4mu_pTHjj_genbin1_recobin0 acc 0.1828 eff 0.137 outinratio 0.0291 

WminusH126_4mu_pTHjj_genbin1_recobin0 acc 0.0735 eff 0.1202 outinratio 0.067 

WplusH126_4mu_pTHjj_genbin1_recobin0 acc 0.062 eff 0.0874 outinratio 0.0496 

ZH126_4mu_pTHjj_genbin1_recobin0 acc 0.0686 eff 0.1341 outinratio 0.0701 

ttH126_4mu_pTHjj_genbin1_recobin0 acc 0.0153 eff 0.0103 outinratio 0.1016 

ggH126_4mu_pTHjj_genbin2_recobin0 acc 0.0218 eff 0.1389 outinratio 0.047 

VBFH126_4mu_pTHjj_genbin2_recobin0 acc 0.0667 eff 0.0712 outinratio 0.0291 

WminusH126_4mu_pTHjj_genbin2_recobin0 acc 0.0743 eff 0.0594 outinratio 0.067 

WplusH126_4mu_pTHjj_genbin2_recobin0 acc 0.0576 eff 0.067 outinratio 0.0496 

ZH126_4mu_pTHjj_genbin2_recobin0 acc 0.0793 eff 0.0948 outinratio 0.0701 

ttH126_4mu_pTHjj_genbin2_recobin0 acc 0.0973 eff 0.007 outinratio 0.1016 

ggH126_4mu_pTHjj_genbin3_recobin0 acc 0.0038 eff 0.0901 outinratio 0.047 

VBFH126_4mu_pTHjj_genbin3_recobin0 acc 0.0071 eff 0.0113 outinratio 0.0291 

WminusH126_4mu_pTHjj_genbin3_recobin0 acc 0.0189 eff 0.0065 outinratio 0.067 

WplusH126_4mu_pTHjj_genbin3_recobin0 acc 0.0225 eff 0.0426 outinratio 0.0496 

ZH126_4mu_pTHjj_genbin3_recobin0 acc 0.0272 eff 0.0371 outinratio 0.0701 

ttH126_4mu_pTHjj_genbin3_recobin0 acc 0.2216 eff 0.0036 outinratio 0.1016 

ggH126_4mu_pTHjj_genbin0_recobin1 acc 0.3765 eff 0.0109 outinratio 0.0522 

VBFH126_4mu_pTHjj_genbin0_recobin1 acc 0.2246 eff 0.0656 outinratio 0.0311 

WminusH126_4mu_pTHjj_genbin0_recobin1 acc 0.2107 eff 0.0344 outinratio 0.057 

WplusH126_4mu_pTHjj_genbin0_recobin1 acc 0.1977 eff 0.0326 outinratio 0.046 

ZH126_4mu_pTHjj_genbin0_recobin1 acc 0.1891 eff 0.029 outinratio 0.056 

ttH126_4mu_pTHjj_genbin0_recobin1 acc 0.0078 eff 0.0217 outinratio 0.0728 

ggH126_4mu_pTHjj_genbin1_recobin1 acc 0.0214 eff 0.406 outinratio 0.0522 

VBFH126_4mu_pTHjj_genbin1_recobin1 acc 0.1828 eff 0.4732 outinratio 0.0311 

WminusH126_4mu_pTHjj_genbin1_recobin1 acc 0.0735 eff 0.5558 outinratio 0.057 

WplusH126_4mu_pTHjj_genbin1_recobin1 acc 0.062 eff 0.4483 outinratio 0.046 

ZH126_4mu_pTHjj_genbin1_recobin1 acc 0.0686 eff 0.5048 outinratio 0.056 

ttH126_4mu_pTHjj_genbin1_recobin1 acc 0.0153 eff 0.3716 outinratio 0.0728 

ggH126_4mu_pTHjj_genbin2_recobin1 acc 0.0218 eff 0.1102 outinratio 0.0522 

VBFH126_4mu_pTHjj_genbin2_recobin1 acc 0.0667 eff 0.1315 outinratio 0.0311 

WminusH126_4mu_pTHjj_genbin2_recobin1 acc 0.0743 eff 0.0849 outinratio 0.057 

WplusH126_4mu_pTHjj_genbin2_recobin1 acc 0.0576 eff 0.048 outinratio 0.046 

ZH126_4mu_pTHjj_genbin2_recobin1 acc 0.0793 eff 0.0625 outinratio 0.056 

ttH126_4mu_pTHjj_genbin2_recobin1 acc 0.0973 eff 0.04 outinratio 0.0728 

ggH126_4mu_pTHjj_genbin3_recobin1 acc 0.0038 eff 0.0 outinratio 0.0522 

VBFH126_4mu_pTHjj_genbin3_recobin1 acc 0.0071 eff 0.0187 outinratio 0.0311 

WminusH126_4mu_pTHjj_genbin3_recobin1 acc 0.0189 eff 0.0096 outinratio 0.057 

WplusH126_4mu_pTHjj_genbin3_recobin1 acc 0.0225 eff 0.0065 outinratio 0.046 

ZH126_4mu_pTHjj_genbin3_recobin1 acc 0.0272 eff 0.0124 outinratio 0.056 

ttH126_4mu_pTHjj_genbin3_recobin1 acc 0.2216 eff 0.0044 outinratio 0.0728 

ggH126_4mu_pTHjj_genbin0_recobin2 acc 0.3765 eff 0.0231 outinratio 0.0443 

VBFH126_4mu_pTHjj_genbin0_recobin2 acc 0.2246 eff 0.0671 outinratio 0.0335 

WminusH126_4mu_pTHjj_genbin0_recobin2 acc 0.2107 eff 0.049 outinratio 0.1079 

WplusH126_4mu_pTHjj_genbin0_recobin2 acc 0.1977 eff 0.0567 outinratio 0.0706 

ZH126_4mu_pTHjj_genbin0_recobin2 acc 0.1891 eff 0.0651 outinratio 0.06 

ttH126_4mu_pTHjj_genbin0_recobin2 acc 0.0078 eff 0.0847 outinratio 0.1403 

ggH126_4mu_pTHjj_genbin1_recobin2 acc 0.0214 eff 0.2294 outinratio 0.0443 

VBFH126_4mu_pTHjj_genbin1_recobin2 acc 0.1828 eff 0.2008 outinratio 0.0335 

WminusH126_4mu_pTHjj_genbin1_recobin2 acc 0.0735 eff 0.1293 outinratio 0.1079 

WplusH126_4mu_pTHjj_genbin1_recobin2 acc 0.062 eff 0.2092 outinratio 0.0706 

ZH126_4mu_pTHjj_genbin1_recobin2 acc 0.0686 eff 0.2231 outinratio 0.06 

ttH126_4mu_pTHjj_genbin1_recobin2 acc 0.0153 eff 0.2968 outinratio 0.1403 

ggH126_4mu_pTHjj_genbin2_recobin2 acc 0.0218 eff 0.5217 outinratio 0.0443 

VBFH126_4mu_pTHjj_genbin2_recobin2 acc 0.0667 eff 0.5463 outinratio 0.0335 

WminusH126_4mu_pTHjj_genbin2_recobin2 acc 0.0743 eff 0.5049 outinratio 0.1079 

WplusH126_4mu_pTHjj_genbin2_recobin2 acc 0.0576 eff 0.5868 outinratio 0.0706 

ZH126_4mu_pTHjj_genbin2_recobin2 acc 0.0793 eff 0.5812 outinratio 0.06 

ttH126_4mu_pTHjj_genbin2_recobin2 acc 0.0973 eff 0.5283 outinratio 0.1403 

ggH126_4mu_pTHjj_genbin3_recobin2 acc 0.0038 eff 0.1811 outinratio 0.0443 

VBFH126_4mu_pTHjj_genbin3_recobin2 acc 0.0071 eff 0.1242 outinratio 0.0335 

WminusH126_4mu_pTHjj_genbin3_recobin2 acc 0.0189 eff 0.1986 outinratio 0.1079 

WplusH126_4mu_pTHjj_genbin3_recobin2 acc 0.0225 eff 0.0896 outinratio 0.0706 

ZH126_4mu_pTHjj_genbin3_recobin2 acc 0.0272 eff 0.0894 outinratio 0.06 

ttH126_4mu_pTHjj_genbin3_recobin2 acc 0.2216 eff 0.0924 outinratio 0.1403 

ggH126_4mu_pTHjj_genbin0_recobin3 acc 0.3765 eff 0.0029 outinratio 0.0854 

VBFH126_4mu_pTHjj_genbin0_recobin3 acc 0.2246 eff 0.0061 outinratio 0.0379 

WminusH126_4mu_pTHjj_genbin0_recobin3 acc 0.2107 eff 0.0174 outinratio 0.0591 

WplusH126_4mu_pTHjj_genbin0_recobin3 acc 0.1977 eff 0.0268 outinratio 0.1188 

ZH126_4mu_pTHjj_genbin0_recobin3 acc 0.1891 eff 0.018 outinratio 0.1062 

ttH126_4mu_pTHjj_genbin0_recobin3 acc 0.0078 eff 0.3094 outinratio 0.1502 

ggH126_4mu_pTHjj_genbin1_recobin3 acc 0.0214 eff 0.0389 outinratio 0.0854 

VBFH126_4mu_pTHjj_genbin1_recobin3 acc 0.1828 eff 0.0157 outinratio 0.0379 

WminusH126_4mu_pTHjj_genbin1_recobin3 acc 0.0735 eff 0.0304 outinratio 0.0591 

WplusH126_4mu_pTHjj_genbin1_recobin3 acc 0.062 eff 0.0124 outinratio 0.1188 

ZH126_4mu_pTHjj_genbin1_recobin3 acc 0.0686 eff 0.0192 outinratio 0.1062 

ttH126_4mu_pTHjj_genbin1_recobin3 acc 0.0153 eff 0.0839 outinratio 0.1502 

ggH126_4mu_pTHjj_genbin2_recobin3 acc 0.0218 eff 0.0386 outinratio 0.0854 

VBFH126_4mu_pTHjj_genbin2_recobin3 acc 0.0667 eff 0.0845 outinratio 0.0379 

WminusH126_4mu_pTHjj_genbin2_recobin3 acc 0.0743 eff 0.132 outinratio 0.0591 

WplusH126_4mu_pTHjj_genbin2_recobin3 acc 0.0576 eff 0.0907 outinratio 0.1188 

ZH126_4mu_pTHjj_genbin2_recobin3 acc 0.0793 eff 0.0791 outinratio 0.1062 

ttH126_4mu_pTHjj_genbin2_recobin3 acc 0.0973 eff 0.2136 outinratio 0.1502 

ggH126_4mu_pTHjj_genbin3_recobin3 acc 0.0038 eff 0.583 outinratio 0.0854 

VBFH126_4mu_pTHjj_genbin3_recobin3 acc 0.0071 eff 0.6055 outinratio 0.0379 

WminusH126_4mu_pTHjj_genbin3_recobin3 acc 0.0189 eff 0.6157 outinratio 0.0591 

WplusH126_4mu_pTHjj_genbin3_recobin3 acc 0.0225 eff 0.804 outinratio 0.1188 

ZH126_4mu_pTHjj_genbin3_recobin3 acc 0.0272 eff 0.665 outinratio 0.1062 

ttH126_4mu_pTHjj_genbin3_recobin3 acc 0.2216 eff 0.6903 outinratio 0.1502 

ggH126_2e2mu_pTHjj_genbin0_recobin0 acc 0.3588 eff 0.4843 outinratio 0.0499 

VBFH126_2e2mu_pTHjj_genbin0_recobin0 acc 0.2087 eff 0.4533 outinratio 0.0362 

WminusH126_2e2mu_pTHjj_genbin0_recobin0 acc 0.1944 eff 0.4272 outinratio 0.0609 

WplusH126_2e2mu_pTHjj_genbin0_recobin0 acc 0.1791 eff 0.4508 outinratio 0.0592 

ZH126_2e2mu_pTHjj_genbin0_recobin0 acc 0.1778 eff 0.4397 outinratio 0.0765 

ttH126_2e2mu_pTHjj_genbin0_recobin0 acc 0.0082 eff 0.2068 outinratio 0.1774 

ggH126_2e2mu_pTHjj_genbin1_recobin0 acc 0.0192 eff 0.1264 outinratio 0.0499 

VBFH126_2e2mu_pTHjj_genbin1_recobin0 acc 0.1692 eff 0.0908 outinratio 0.0362 

WminusH126_2e2mu_pTHjj_genbin1_recobin0 acc 0.0652 eff 0.0734 outinratio 0.0609 

WplusH126_2e2mu_pTHjj_genbin1_recobin0 acc 0.055 eff 0.0461 outinratio 0.0592 

ZH126_2e2mu_pTHjj_genbin1_recobin0 acc 0.0678 eff 0.0816 outinratio 0.0765 

ttH126_2e2mu_pTHjj_genbin1_recobin0 acc 0.0148 eff 0.0007 outinratio 0.1774 

ggH126_2e2mu_pTHjj_genbin2_recobin0 acc 0.0213 eff 0.061 outinratio 0.0499 

VBFH126_2e2mu_pTHjj_genbin2_recobin0 acc 0.061 eff 0.0606 outinratio 0.0362 

WminusH126_2e2mu_pTHjj_genbin2_recobin0 acc 0.0715 eff 0.0463 outinratio 0.0609 

WplusH126_2e2mu_pTHjj_genbin2_recobin0 acc 0.0575 eff 0.0352 outinratio 0.0592 

ZH126_2e2mu_pTHjj_genbin2_recobin0 acc 0.0732 eff 0.0387 outinratio 0.0765 

ttH126_2e2mu_pTHjj_genbin2_recobin0 acc 0.0885 eff 0.0062 outinratio 0.1774 

ggH126_2e2mu_pTHjj_genbin3_recobin0 acc 0.0031 eff 0.0093 outinratio 0.0499 

VBFH126_2e2mu_pTHjj_genbin3_recobin0 acc 0.0065 eff 0.0048 outinratio 0.0362 

WminusH126_2e2mu_pTHjj_genbin3_recobin0 acc 0.018 eff 0.0348 outinratio 0.0609 

WplusH126_2e2mu_pTHjj_genbin3_recobin0 acc 0.017 eff 0.0211 outinratio 0.0592 

ZH126_2e2mu_pTHjj_genbin3_recobin0 acc 0.0257 eff 0.018 outinratio 0.0765 

ttH126_2e2mu_pTHjj_genbin3_recobin0 acc 0.2 eff 0.0027 outinratio 0.1774 

ggH126_2e2mu_pTHjj_genbin0_recobin1 acc 0.3588 eff 0.0084 outinratio 0.0952 

VBFH126_2e2mu_pTHjj_genbin0_recobin1 acc 0.2087 eff 0.0412 outinratio 0.0284 

WminusH126_2e2mu_pTHjj_genbin0_recobin1 acc 0.1944 eff 0.0258 outinratio 0.0627 

WplusH126_2e2mu_pTHjj_genbin0_recobin1 acc 0.1791 eff 0.0284 outinratio 0.0939 

ZH126_2e2mu_pTHjj_genbin0_recobin1 acc 0.1778 eff 0.0192 outinratio 0.0545 

ttH126_2e2mu_pTHjj_genbin0_recobin1 acc 0.0082 eff 0.014 outinratio 0.181 

ggH126_2e2mu_pTHjj_genbin1_recobin1 acc 0.0192 eff 0.2639 outinratio 0.0952 

VBFH126_2e2mu_pTHjj_genbin1_recobin1 acc 0.1692 eff 0.2962 outinratio 0.0284 

WminusH126_2e2mu_pTHjj_genbin1_recobin1 acc 0.0652 eff 0.282 outinratio 0.0627 

WplusH126_2e2mu_pTHjj_genbin1_recobin1 acc 0.055 eff 0.3018 outinratio 0.0939 

ZH126_2e2mu_pTHjj_genbin1_recobin1 acc 0.0678 eff 0.3226 outinratio 0.0545 

ttH126_2e2mu_pTHjj_genbin1_recobin1 acc 0.0148 eff 0.2168 outinratio 0.181 

ggH126_2e2mu_pTHjj_genbin2_recobin1 acc 0.0213 eff 0.0385 outinratio 0.0952 

VBFH126_2e2mu_pTHjj_genbin2_recobin1 acc 0.061 eff 0.0675 outinratio 0.0284 

WminusH126_2e2mu_pTHjj_genbin2_recobin1 acc 0.0715 eff 0.0494 outinratio 0.0627 

WplusH126_2e2mu_pTHjj_genbin2_recobin1 acc 0.0575 eff 0.0405 outinratio 0.0939 

ZH126_2e2mu_pTHjj_genbin2_recobin1 acc 0.0732 eff 0.0629 outinratio 0.0545 

ttH126_2e2mu_pTHjj_genbin2_recobin1 acc 0.0885 eff 0.0315 outinratio 0.181 

ggH126_2e2mu_pTHjj_genbin3_recobin1 acc 0.0031 eff 0.0 outinratio 0.0952 

VBFH126_2e2mu_pTHjj_genbin3_recobin1 acc 0.0065 eff 0.016 outinratio 0.0284 

WminusH126_2e2mu_pTHjj_genbin3_recobin1 acc 0.018 eff 0.0 outinratio 0.0627 

WplusH126_2e2mu_pTHjj_genbin3_recobin1 acc 0.017 eff 0.0 outinratio 0.0939 

ZH126_2e2mu_pTHjj_genbin3_recobin1 acc 0.0257 eff 0.0206 outinratio 0.0545 

ttH126_2e2mu_pTHjj_genbin3_recobin1 acc 0.2 eff 0.0067 outinratio 0.181 

ggH126_2e2mu_pTHjj_genbin0_recobin2 acc 0.3588 eff 0.0135 outinratio 0.0875 

VBFH126_2e2mu_pTHjj_genbin0_recobin2 acc 0.2087 eff 0.0411 outinratio 0.0406 

WminusH126_2e2mu_pTHjj_genbin0_recobin2 acc 0.1944 eff 0.0374 outinratio 0.097 

WplusH126_2e2mu_pTHjj_genbin0_recobin2 acc 0.1791 eff 0.0317 outinratio 0.073 

ZH126_2e2mu_pTHjj_genbin0_recobin2 acc 0.1778 eff 0.038 outinratio 0.082 

ttH126_2e2mu_pTHjj_genbin0_recobin2 acc 0.0082 eff 0.0855 outinratio 0.1486 

ggH126_2e2mu_pTHjj_genbin1_recobin2 acc 0.0192 eff 0.1463 outinratio 0.0875 

VBFH126_2e2mu_pTHjj_genbin1_recobin2 acc 0.1692 eff 0.1413 outinratio 0.0406 

WminusH126_2e2mu_pTHjj_genbin1_recobin2 acc 0.0652 eff 0.1328 outinratio 0.097 

WplusH126_2e2mu_pTHjj_genbin1_recobin2 acc 0.055 eff 0.1506 outinratio 0.073 

ZH126_2e2mu_pTHjj_genbin1_recobin2 acc 0.0678 eff 0.1409 outinratio 0.082 

ttH126_2e2mu_pTHjj_genbin1_recobin2 acc 0.0148 eff 0.1793 outinratio 0.1486 

ggH126_2e2mu_pTHjj_genbin2_recobin2 acc 0.0213 eff 0.3886 outinratio 0.0875 

VBFH126_2e2mu_pTHjj_genbin2_recobin2 acc 0.061 eff 0.3516 outinratio 0.0406 

WminusH126_2e2mu_pTHjj_genbin2_recobin2 acc 0.0715 eff 0.3535 outinratio 0.097 

WplusH126_2e2mu_pTHjj_genbin2_recobin2 acc 0.0575 eff 0.3778 outinratio 0.073 

ZH126_2e2mu_pTHjj_genbin2_recobin2 acc 0.0732 eff 0.3408 outinratio 0.082 

ttH126_2e2mu_pTHjj_genbin2_recobin2 acc 0.0885 eff 0.361 outinratio 0.1486 

ggH126_2e2mu_pTHjj_genbin3_recobin2 acc 0.0031 eff 0.0938 outinratio 0.0875 

VBFH126_2e2mu_pTHjj_genbin3_recobin2 acc 0.0065 eff 0.1446 outinratio 0.0406 

WminusH126_2e2mu_pTHjj_genbin3_recobin2 acc 0.018 eff 0.0583 outinratio 0.097 

WplusH126_2e2mu_pTHjj_genbin3_recobin2 acc 0.017 eff 0.0566 outinratio 0.073 

ZH126_2e2mu_pTHjj_genbin3_recobin2 acc 0.0257 eff 0.0815 outinratio 0.082 

ttH126_2e2mu_pTHjj_genbin3_recobin2 acc 0.2 eff 0.0505 outinratio 0.1486 

ggH126_2e2mu_pTHjj_genbin0_recobin3 acc 0.3588 eff 0.0013 outinratio 0.0998 

VBFH126_2e2mu_pTHjj_genbin0_recobin3 acc 0.2087 eff 0.0045 outinratio 0.0637 

WminusH126_2e2mu_pTHjj_genbin0_recobin3 acc 0.1944 eff 0.0115 outinratio 0.085 

WplusH126_2e2mu_pTHjj_genbin0_recobin3 acc 0.1791 eff 0.0115 outinratio 0.1233 

ZH126_2e2mu_pTHjj_genbin0_recobin3 acc 0.1778 eff 0.009 outinratio 0.1208 

ttH126_2e2mu_pTHjj_genbin0_recobin3 acc 0.0082 eff 0.1915 outinratio 0.1671 

ggH126_2e2mu_pTHjj_genbin1_recobin3 acc 0.0192 eff 0.008 outinratio 0.0998 

VBFH126_2e2mu_pTHjj_genbin1_recobin3 acc 0.1692 eff 0.0088 outinratio 0.0637 

WminusH126_2e2mu_pTHjj_genbin1_recobin3 acc 0.0652 eff 0.0152 outinratio 0.085 

WplusH126_2e2mu_pTHjj_genbin1_recobin3 acc 0.055 eff 0.0096 outinratio 0.1233 

ZH126_2e2mu_pTHjj_genbin1_recobin3 acc 0.0678 eff 0.0124 outinratio 0.1208 

ttH126_2e2mu_pTHjj_genbin1_recobin3 acc 0.0148 eff 0.092 outinratio 0.1671 

ggH126_2e2mu_pTHjj_genbin2_recobin3 acc 0.0213 eff 0.043 outinratio 0.0998 

VBFH126_2e2mu_pTHjj_genbin2_recobin3 acc 0.061 eff 0.0424 outinratio 0.0637 

WminusH126_2e2mu_pTHjj_genbin2_recobin3 acc 0.0715 eff 0.056 outinratio 0.085 

WplusH126_2e2mu_pTHjj_genbin2_recobin3 acc 0.0575 eff 0.0422 outinratio 0.1233 

ZH126_2e2mu_pTHjj_genbin2_recobin3 acc 0.0732 eff 0.0538 outinratio 0.1208 

ttH126_2e2mu_pTHjj_genbin2_recobin3 acc 0.0885 eff 0.1389 outinratio 0.1671 

ggH126_2e2mu_pTHjj_genbin3_recobin3 acc 0.0031 eff 0.4555 outinratio 0.0998 

VBFH126_2e2mu_pTHjj_genbin3_recobin3 acc 0.0065 eff 0.4167 outinratio 0.0637 

WminusH126_2e2mu_pTHjj_genbin3_recobin3 acc 0.018 eff 0.4636 outinratio 0.085 

WplusH126_2e2mu_pTHjj_genbin3_recobin3 acc 0.017 eff 0.4094 outinratio 0.1233 

ZH126_2e2mu_pTHjj_genbin3_recobin3 acc 0.0257 eff 0.406 outinratio 0.1208 

ttH126_2e2mu_pTHjj_genbin3_recobin3 acc 0.2 eff 0.4614 outinratio 0.1671 

Coeff fullNNLOPS
