Welcome in RunCoefficients!
OPT SPLIT
DEBUG opt.YEAR = 2024_5
It is a single-differential measurement, binning [40.0, 65.0, 75.0, 85.0, 92.0, 120.0]
Z1Mass
Following observables extracted from dictionary: RECO =  Z1Mass  GEN =  GENmassZ1
LUMI: 10.882200000000001
ttH126 0.00046886125
Processing ggH126 2024_5
Signal created
Signal failed created
Processing VBFH126 2024_5
Signal created
Signal failed created
Processing WminusH126 2024_5
Signal created
Signal failed created
Processing WplusH126 2024_5
Signal created
Signal failed created
Processing ZH126 2024_5
Signal created
Signal failed created
Processing ttH126 2024_5
Signal created
Signal failed created
2024_5 SKIMMED df CREATED
2024_5 ggH126
2024_5 VBFH126
2024_5 WminusH126
2024_5 WplusH126
2024_5 ZH126
2024_5 ttH126
Dataframes created successfully
Coeff std
ggH126_4l_massZ1_genbin0_recobin0 acc 0.0385 eff 0.539 outinratio 0.0432 

VBFH126_4l_massZ1_genbin0_recobin0 acc 0.0399 eff 0.5881 outinratio 0.0368 

WminusH126_4l_massZ1_genbin0_recobin0 acc 0.0312 eff 0.5041 outinratio 0.091 

WplusH126_4l_massZ1_genbin0_recobin0 acc 0.0288 eff 0.5351 outinratio 0.0488 

ZH126_4l_massZ1_genbin0_recobin0 acc 0.0319 eff 0.5605 outinratio 0.0397 

ttH126_4l_massZ1_genbin0_recobin0 acc 0.0266 eff 0.5665 outinratio 0.1627 

ggH126_4l_massZ1_genbin1_recobin0 acc 0.0402 eff 0.0515 outinratio 0.0432 

VBFH126_4l_massZ1_genbin1_recobin0 acc 0.0455 eff 0.0477 outinratio 0.0368 

WminusH126_4l_massZ1_genbin1_recobin0 acc 0.0376 eff 0.0438 outinratio 0.091 

WplusH126_4l_massZ1_genbin1_recobin0 acc 0.03 eff 0.0344 outinratio 0.0488 

ZH126_4l_massZ1_genbin1_recobin0 acc 0.0374 eff 0.037 outinratio 0.0397 

ttH126_4l_massZ1_genbin1_recobin0 acc 0.0315 eff 0.0559 outinratio 0.1627 

ggH126_4l_massZ1_genbin2_recobin0 acc 0.0558 eff 0.0 outinratio 0.0432 

VBFH126_4l_massZ1_genbin2_recobin0 acc 0.0611 eff 0.0013 outinratio 0.0368 

WminusH126_4l_massZ1_genbin2_recobin0 acc 0.0484 eff 0.0 outinratio 0.091 

WplusH126_4l_massZ1_genbin2_recobin0 acc 0.0425 eff 0.0007 outinratio 0.0488 

ZH126_4l_massZ1_genbin2_recobin0 acc 0.051 eff 0.0 outinratio 0.0397 

ttH126_4l_massZ1_genbin2_recobin0 acc 0.0451 eff 0.0005 outinratio 0.1627 

ggH126_4l_massZ1_genbin3_recobin0 acc 0.2273 eff 0.0008 outinratio 0.0432 

VBFH126_4l_massZ1_genbin3_recobin0 acc 0.2451 eff 0.0002 outinratio 0.0368 

WminusH126_4l_massZ1_genbin3_recobin0 acc 0.19 eff 0.0004 outinratio 0.091 

WplusH126_4l_massZ1_genbin3_recobin0 acc 0.1708 eff 0.0 outinratio 0.0488 

ZH126_4l_massZ1_genbin3_recobin0 acc 0.1837 eff 0.0 outinratio 0.0397 

ttH126_4l_massZ1_genbin3_recobin0 acc 0.1737 eff 0.0001 outinratio 0.1627 

ggH126_4l_massZ1_genbin4_recobin0 acc 0.0512 eff 0.0 outinratio 0.0432 

VBFH126_4l_massZ1_genbin4_recobin0 acc 0.0602 eff 0.0 outinratio 0.0368 

WminusH126_4l_massZ1_genbin4_recobin0 acc 0.0444 eff 0.0 outinratio 0.091 

WplusH126_4l_massZ1_genbin4_recobin0 acc 0.0366 eff 0.0 outinratio 0.0488 

ZH126_4l_massZ1_genbin4_recobin0 acc 0.0424 eff 0.0 outinratio 0.0397 

ttH126_4l_massZ1_genbin4_recobin0 acc 0.0419 eff 0.0 outinratio 0.1627 

ggH126_4l_massZ1_genbin0_recobin1 acc 0.0385 eff 0.0236 outinratio 0.0297 

VBFH126_4l_massZ1_genbin0_recobin1 acc 0.0399 eff 0.0244 outinratio 0.0217 

WminusH126_4l_massZ1_genbin0_recobin1 acc 0.0312 eff 0.0307 outinratio 0.0323 

WplusH126_4l_massZ1_genbin0_recobin1 acc 0.0288 eff 0.0161 outinratio 0.0547 

ZH126_4l_massZ1_genbin0_recobin1 acc 0.0319 eff 0.0282 outinratio 0.0486 

ttH126_4l_massZ1_genbin0_recobin1 acc 0.0266 eff 0.0253 outinratio 0.1437 

ggH126_4l_massZ1_genbin1_recobin1 acc 0.0402 eff 0.5074 outinratio 0.0297 

VBFH126_4l_massZ1_genbin1_recobin1 acc 0.0455 eff 0.5225 outinratio 0.0217 

WminusH126_4l_massZ1_genbin1_recobin1 acc 0.0376 eff 0.5153 outinratio 0.0323 

WplusH126_4l_massZ1_genbin1_recobin1 acc 0.03 eff 0.4986 outinratio 0.0547 

ZH126_4l_massZ1_genbin1_recobin1 acc 0.0374 eff 0.4794 outinratio 0.0486 

ttH126_4l_massZ1_genbin1_recobin1 acc 0.0315 eff 0.5205 outinratio 0.1437 

ggH126_4l_massZ1_genbin2_recobin1 acc 0.0558 eff 0.0511 outinratio 0.0297 

VBFH126_4l_massZ1_genbin2_recobin1 acc 0.0611 eff 0.0481 outinratio 0.0217 

WminusH126_4l_massZ1_genbin2_recobin1 acc 0.0484 eff 0.0591 outinratio 0.0323 

WplusH126_4l_massZ1_genbin2_recobin1 acc 0.0425 eff 0.0565 outinratio 0.0547 

ZH126_4l_massZ1_genbin2_recobin1 acc 0.051 eff 0.0619 outinratio 0.0486 

ttH126_4l_massZ1_genbin2_recobin1 acc 0.0451 eff 0.0447 outinratio 0.1437 

ggH126_4l_massZ1_genbin3_recobin1 acc 0.2273 eff 0.0016 outinratio 0.0297 

VBFH126_4l_massZ1_genbin3_recobin1 acc 0.2451 eff 0.0022 outinratio 0.0217 

WminusH126_4l_massZ1_genbin3_recobin1 acc 0.19 eff 0.0012 outinratio 0.0323 

WplusH126_4l_massZ1_genbin3_recobin1 acc 0.1708 eff 0.0029 outinratio 0.0547 

ZH126_4l_massZ1_genbin3_recobin1 acc 0.1837 eff 0.0018 outinratio 0.0486 

ttH126_4l_massZ1_genbin3_recobin1 acc 0.1737 eff 0.0022 outinratio 0.1437 

ggH126_4l_massZ1_genbin4_recobin1 acc 0.0512 eff 0.0054 outinratio 0.0297 

VBFH126_4l_massZ1_genbin4_recobin1 acc 0.0602 eff 0.0 outinratio 0.0217 

WminusH126_4l_massZ1_genbin4_recobin1 acc 0.0444 eff 0.0012 outinratio 0.0323 

WplusH126_4l_massZ1_genbin4_recobin1 acc 0.0366 eff 0.001 outinratio 0.0547 

ZH126_4l_massZ1_genbin4_recobin1 acc 0.0424 eff 0.0017 outinratio 0.0486 

ttH126_4l_massZ1_genbin4_recobin1 acc 0.0419 eff 0.0004 outinratio 0.1437 

ggH126_4l_massZ1_genbin0_recobin2 acc 0.0385 eff 0.0 outinratio 0.0461 

VBFH126_4l_massZ1_genbin0_recobin2 acc 0.0399 eff 0.0 outinratio 0.0309 

WminusH126_4l_massZ1_genbin0_recobin2 acc 0.0312 eff 0.0 outinratio 0.0809 

WplusH126_4l_massZ1_genbin0_recobin2 acc 0.0288 eff 0.0 outinratio 0.0571 

ZH126_4l_massZ1_genbin0_recobin2 acc 0.0319 eff 0.0 outinratio 0.0815 

ttH126_4l_massZ1_genbin0_recobin2 acc 0.0266 eff 0.0007 outinratio 0.1604 

ggH126_4l_massZ1_genbin1_recobin2 acc 0.0402 eff 0.0274 outinratio 0.0461 

VBFH126_4l_massZ1_genbin1_recobin2 acc 0.0455 eff 0.029 outinratio 0.0309 

WminusH126_4l_massZ1_genbin1_recobin2 acc 0.0376 eff 0.0289 outinratio 0.0809 

WplusH126_4l_massZ1_genbin1_recobin2 acc 0.03 eff 0.0387 outinratio 0.0571 

ZH126_4l_massZ1_genbin1_recobin2 acc 0.0374 eff 0.0222 outinratio 0.0815 

ttH126_4l_massZ1_genbin1_recobin2 acc 0.0315 eff 0.0299 outinratio 0.1604 

ggH126_4l_massZ1_genbin2_recobin2 acc 0.0558 eff 0.4706 outinratio 0.0461 

VBFH126_4l_massZ1_genbin2_recobin2 acc 0.0611 eff 0.4898 outinratio 0.0309 

WminusH126_4l_massZ1_genbin2_recobin2 acc 0.0484 eff 0.4612 outinratio 0.0809 

WplusH126_4l_massZ1_genbin2_recobin2 acc 0.0425 eff 0.5019 outinratio 0.0571 

ZH126_4l_massZ1_genbin2_recobin2 acc 0.051 eff 0.4943 outinratio 0.0815 

ttH126_4l_massZ1_genbin2_recobin2 acc 0.0451 eff 0.4765 outinratio 0.1604 

ggH126_4l_massZ1_genbin3_recobin2 acc 0.2273 eff 0.0451 outinratio 0.0461 

VBFH126_4l_massZ1_genbin3_recobin2 acc 0.2451 eff 0.0415 outinratio 0.0309 

WminusH126_4l_massZ1_genbin3_recobin2 acc 0.19 eff 0.0446 outinratio 0.0809 

WplusH126_4l_massZ1_genbin3_recobin2 acc 0.1708 eff 0.0391 outinratio 0.0571 

ZH126_4l_massZ1_genbin3_recobin2 acc 0.1837 eff 0.0345 outinratio 0.0815 

ttH126_4l_massZ1_genbin3_recobin2 acc 0.1737 eff 0.0418 outinratio 0.1604 

ggH126_4l_massZ1_genbin4_recobin2 acc 0.0512 eff 0.0107 outinratio 0.0461 

VBFH126_4l_massZ1_genbin4_recobin2 acc 0.0602 eff 0.0093 outinratio 0.0309 

WminusH126_4l_massZ1_genbin4_recobin2 acc 0.0444 eff 0.0111 outinratio 0.0809 

WplusH126_4l_massZ1_genbin4_recobin2 acc 0.0366 eff 0.0174 outinratio 0.0571 

ZH126_4l_massZ1_genbin4_recobin2 acc 0.0424 eff -0.0028 outinratio 0.0815 

ttH126_4l_massZ1_genbin4_recobin2 acc 0.0419 eff 0.0063 outinratio 0.1604 

ggH126_4l_massZ1_genbin0_recobin3 acc 0.0385 eff 0.0 outinratio 0.0475 

VBFH126_4l_massZ1_genbin0_recobin3 acc 0.0399 eff 0.0 outinratio 0.0329 

WminusH126_4l_massZ1_genbin0_recobin3 acc 0.0312 eff 0.0 outinratio 0.0704 

WplusH126_4l_massZ1_genbin0_recobin3 acc 0.0288 eff 0.0 outinratio 0.0757 

ZH126_4l_massZ1_genbin0_recobin3 acc 0.0319 eff 0.0 outinratio 0.0805 

ttH126_4l_massZ1_genbin0_recobin3 acc 0.0266 eff 0.0 outinratio 0.1623 

ggH126_4l_massZ1_genbin1_recobin3 acc 0.0402 eff 0.0048 outinratio 0.0475 

VBFH126_4l_massZ1_genbin1_recobin3 acc 0.0455 eff 0.0029 outinratio 0.0329 

WminusH126_4l_massZ1_genbin1_recobin3 acc 0.0376 eff 0.0041 outinratio 0.0704 

WplusH126_4l_massZ1_genbin1_recobin3 acc 0.03 eff 0.0055 outinratio 0.0757 

ZH126_4l_massZ1_genbin1_recobin3 acc 0.0374 eff 0.0032 outinratio 0.0805 

ttH126_4l_massZ1_genbin1_recobin3 acc 0.0315 eff 0.0018 outinratio 0.1623 

ggH126_4l_massZ1_genbin2_recobin3 acc 0.0558 eff 0.0417 outinratio 0.0475 

VBFH126_4l_massZ1_genbin2_recobin3 acc 0.0611 eff 0.0289 outinratio 0.0329 

WminusH126_4l_massZ1_genbin2_recobin3 acc 0.0484 eff 0.0444 outinratio 0.0704 

WplusH126_4l_massZ1_genbin2_recobin3 acc 0.0425 eff 0.0405 outinratio 0.0757 

ZH126_4l_massZ1_genbin2_recobin3 acc 0.051 eff 0.0371 outinratio 0.0805 

ttH126_4l_massZ1_genbin2_recobin3 acc 0.0451 eff 0.0366 outinratio 0.1623 

ggH126_4l_massZ1_genbin3_recobin3 acc 0.2273 eff 0.4271 outinratio 0.0475 

VBFH126_4l_massZ1_genbin3_recobin3 acc 0.2451 eff 0.4347 outinratio 0.0329 

WminusH126_4l_massZ1_genbin3_recobin3 acc 0.19 eff 0.4339 outinratio 0.0704 

WplusH126_4l_massZ1_genbin3_recobin3 acc 0.1708 eff 0.413 outinratio 0.0757 

ZH126_4l_massZ1_genbin3_recobin3 acc 0.1837 eff 0.4253 outinratio 0.0805 

ttH126_4l_massZ1_genbin3_recobin3 acc 0.1737 eff 0.4277 outinratio 0.1623 

ggH126_4l_massZ1_genbin4_recobin3 acc 0.0512 eff 0.1745 outinratio 0.0475 

VBFH126_4l_massZ1_genbin4_recobin3 acc 0.0602 eff 0.1938 outinratio 0.0329 

WminusH126_4l_massZ1_genbin4_recobin3 acc 0.0444 eff 0.1746 outinratio 0.0704 

WplusH126_4l_massZ1_genbin4_recobin3 acc 0.0366 eff 0.17 outinratio 0.0757 

ZH126_4l_massZ1_genbin4_recobin3 acc 0.0424 eff 0.2022 outinratio 0.0805 

ttH126_4l_massZ1_genbin4_recobin3 acc 0.0419 eff 0.1556 outinratio 0.1623 

ggH126_4l_massZ1_genbin0_recobin4 acc 0.0385 eff 0.0 outinratio 0.0529 

VBFH126_4l_massZ1_genbin0_recobin4 acc 0.0399 eff 0.0 outinratio 0.035 

WminusH126_4l_massZ1_genbin0_recobin4 acc 0.0312 eff 0.0 outinratio 0.0865 

WplusH126_4l_massZ1_genbin0_recobin4 acc 0.0288 eff 0.0 outinratio 0.0975 

ZH126_4l_massZ1_genbin0_recobin4 acc 0.0319 eff 0.0 outinratio 0.0335 

ttH126_4l_massZ1_genbin0_recobin4 acc 0.0266 eff 0.0 outinratio 0.1719 

ggH126_4l_massZ1_genbin1_recobin4 acc 0.0402 eff 0.0 outinratio 0.0529 

VBFH126_4l_massZ1_genbin1_recobin4 acc 0.0455 eff 0.0 outinratio 0.035 

WminusH126_4l_massZ1_genbin1_recobin4 acc 0.0376 eff 0.0 outinratio 0.0865 

WplusH126_4l_massZ1_genbin1_recobin4 acc 0.03 eff 0.0014 outinratio 0.0975 

ZH126_4l_massZ1_genbin1_recobin4 acc 0.0374 eff 0.0 outinratio 0.0335 

ttH126_4l_massZ1_genbin1_recobin4 acc 0.0315 eff 0.0007 outinratio 0.1719 

ggH126_4l_massZ1_genbin2_recobin4 acc 0.0558 eff 0.0028 outinratio 0.0529 

VBFH126_4l_massZ1_genbin2_recobin4 acc 0.0611 eff 0.0021 outinratio 0.035 

WminusH126_4l_massZ1_genbin2_recobin4 acc 0.0484 eff 0.0 outinratio 0.0865 

WplusH126_4l_massZ1_genbin2_recobin4 acc 0.0425 eff 0.0006 outinratio 0.0975 

ZH126_4l_massZ1_genbin2_recobin4 acc 0.051 eff 0.0029 outinratio 0.0335 

ttH126_4l_massZ1_genbin2_recobin4 acc 0.0451 eff 0.0016 outinratio 0.1719 

ggH126_4l_massZ1_genbin3_recobin4 acc 0.2273 eff 0.0733 outinratio 0.0529 

VBFH126_4l_massZ1_genbin3_recobin4 acc 0.2451 eff 0.0763 outinratio 0.035 

WminusH126_4l_massZ1_genbin3_recobin4 acc 0.19 eff 0.0685 outinratio 0.0865 

WplusH126_4l_massZ1_genbin3_recobin4 acc 0.1708 eff 0.0831 outinratio 0.0975 

ZH126_4l_massZ1_genbin3_recobin4 acc 0.1837 eff 0.0745 outinratio 0.0335 

ttH126_4l_massZ1_genbin3_recobin4 acc 0.1737 eff 0.0744 outinratio 0.1719 

ggH126_4l_massZ1_genbin4_recobin4 acc 0.0512 eff 0.3095 outinratio 0.0529 

VBFH126_4l_massZ1_genbin4_recobin4 acc 0.0602 eff 0.3483 outinratio 0.035 

WminusH126_4l_massZ1_genbin4_recobin4 acc 0.0444 eff 0.3454 outinratio 0.0865 

WplusH126_4l_massZ1_genbin4_recobin4 acc 0.0366 eff 0.3725 outinratio 0.0975 

ZH126_4l_massZ1_genbin4_recobin4 acc 0.0424 eff 0.3026 outinratio 0.0335 

ttH126_4l_massZ1_genbin4_recobin4 acc 0.0419 eff 0.3514 outinratio 0.1719 

ggH126_4e_massZ1_genbin0_recobin0 acc 0.033 eff 0.2974 outinratio 0.0489 

VBFH126_4e_massZ1_genbin0_recobin0 acc 0.0375 eff 0.3872 outinratio 0.025 

WminusH126_4e_massZ1_genbin0_recobin0 acc 0.0322 eff 0.2799 outinratio 0.1425 

WplusH126_4e_massZ1_genbin0_recobin0 acc 0.0238 eff 0.341 outinratio 0.1117 

ZH126_4e_massZ1_genbin0_recobin0 acc 0.0305 eff 0.3294 outinratio 0.0 

ttH126_4e_massZ1_genbin0_recobin0 acc 0.0256 eff 0.3652 outinratio 0.1666 

ggH126_4e_massZ1_genbin1_recobin0 acc 0.0466 eff 0.0624 outinratio 0.0489 

VBFH126_4e_massZ1_genbin1_recobin0 acc 0.0533 eff 0.046 outinratio 0.025 

WminusH126_4e_massZ1_genbin1_recobin0 acc 0.0433 eff 0.0249 outinratio 0.1425 

WplusH126_4e_massZ1_genbin1_recobin0 acc 0.0357 eff 0.0361 outinratio 0.1117 

ZH126_4e_massZ1_genbin1_recobin0 acc 0.0417 eff 0.0179 outinratio 0.0 

ttH126_4e_massZ1_genbin1_recobin0 acc 0.0366 eff 0.0519 outinratio 0.1666 

ggH126_4e_massZ1_genbin2_recobin0 acc 0.0646 eff 0.0 outinratio 0.0489 

VBFH126_4e_massZ1_genbin2_recobin0 acc 0.0687 eff 0.0019 outinratio 0.025 

WminusH126_4e_massZ1_genbin2_recobin0 acc 0.057 eff 0.0 outinratio 0.1425 

WplusH126_4e_massZ1_genbin2_recobin0 acc 0.0462 eff 0.0 outinratio 0.1117 

ZH126_4e_massZ1_genbin2_recobin0 acc 0.0535 eff 0.0 outinratio 0.0 

ttH126_4e_massZ1_genbin2_recobin0 acc 0.0498 eff 0.0002 outinratio 0.1666 

ggH126_4e_massZ1_genbin3_recobin0 acc 0.2128 eff 0.0011 outinratio 0.0489 

VBFH126_4e_massZ1_genbin3_recobin0 acc 0.2226 eff 0.0 outinratio 0.025 

WminusH126_4e_massZ1_genbin3_recobin0 acc 0.1752 eff 0.0016 outinratio 0.1425 

WplusH126_4e_massZ1_genbin3_recobin0 acc 0.1583 eff 0.0 outinratio 0.1117 

ZH126_4e_massZ1_genbin3_recobin0 acc 0.1605 eff 0.0 outinratio 0.0 

ttH126_4e_massZ1_genbin3_recobin0 acc 0.1598 eff 0.0004 outinratio 0.1666 

ggH126_4e_massZ1_genbin4_recobin0 acc 0.0453 eff 0.0 outinratio 0.0489 

VBFH126_4e_massZ1_genbin4_recobin0 acc 0.0553 eff 0.0 outinratio 0.025 

WminusH126_4e_massZ1_genbin4_recobin0 acc 0.0399 eff 0.0 outinratio 0.1425 

WplusH126_4e_massZ1_genbin4_recobin0 acc 0.0296 eff 0.0 outinratio 0.1117 

ZH126_4e_massZ1_genbin4_recobin0 acc 0.0336 eff 0.0 outinratio 0.0 

ttH126_4e_massZ1_genbin4_recobin0 acc 0.0373 eff 0.0 outinratio 0.1666 

ggH126_4e_massZ1_genbin0_recobin1 acc 0.033 eff 0.0172 outinratio 0.0436 

VBFH126_4e_massZ1_genbin0_recobin1 acc 0.0375 eff 0.0261 outinratio 0.0195 

WminusH126_4e_massZ1_genbin0_recobin1 acc 0.0322 eff 0.0496 outinratio 0.0311 

WplusH126_4e_massZ1_genbin0_recobin1 acc 0.0238 eff 0.0135 outinratio 0.0489 

ZH126_4e_massZ1_genbin0_recobin1 acc 0.0305 eff 0.0385 outinratio 0.0192 

ttH126_4e_massZ1_genbin0_recobin1 acc 0.0256 eff 0.0275 outinratio 0.1922 

ggH126_4e_massZ1_genbin1_recobin1 acc 0.0466 eff 0.3065 outinratio 0.0436 

VBFH126_4e_massZ1_genbin1_recobin1 acc 0.0533 eff 0.3042 outinratio 0.0195 

WminusH126_4e_massZ1_genbin1_recobin1 acc 0.0433 eff 0.3388 outinratio 0.0311 

WplusH126_4e_massZ1_genbin1_recobin1 acc 0.0357 eff 0.2994 outinratio 0.0489 

ZH126_4e_massZ1_genbin1_recobin1 acc 0.0417 eff 0.3038 outinratio 0.0192 

ttH126_4e_massZ1_genbin1_recobin1 acc 0.0366 eff 0.3075 outinratio 0.1922 

ggH126_4e_massZ1_genbin2_recobin1 acc 0.0646 eff 0.047 outinratio 0.0436 

VBFH126_4e_massZ1_genbin2_recobin1 acc 0.0687 eff 0.0541 outinratio 0.0195 

WminusH126_4e_massZ1_genbin2_recobin1 acc 0.057 eff 0.0683 outinratio 0.0311 

WplusH126_4e_massZ1_genbin2_recobin1 acc 0.0462 eff 0.0448 outinratio 0.0489 

ZH126_4e_massZ1_genbin2_recobin1 acc 0.0535 eff 0.082 outinratio 0.0192 

ttH126_4e_massZ1_genbin2_recobin1 acc 0.0498 eff 0.0568 outinratio 0.1922 

ggH126_4e_massZ1_genbin3_recobin1 acc 0.2128 eff 0.0008 outinratio 0.0436 

VBFH126_4e_massZ1_genbin3_recobin1 acc 0.2226 eff 0.0041 outinratio 0.0195 

WminusH126_4e_massZ1_genbin3_recobin1 acc 0.1752 eff 0.0028 outinratio 0.0311 

WplusH126_4e_massZ1_genbin3_recobin1 acc 0.1583 eff 0.0012 outinratio 0.0489 

ZH126_4e_massZ1_genbin3_recobin1 acc 0.1605 eff 0.0 outinratio 0.0192 

ttH126_4e_massZ1_genbin3_recobin1 acc 0.1598 eff 0.0031 outinratio 0.1922 

ggH126_4e_massZ1_genbin4_recobin1 acc 0.0453 eff 0.0 outinratio 0.0436 

VBFH126_4e_massZ1_genbin4_recobin1 acc 0.0553 eff 0.0 outinratio 0.0195 

WminusH126_4e_massZ1_genbin4_recobin1 acc 0.0399 eff 0.0 outinratio 0.0311 

WplusH126_4e_massZ1_genbin4_recobin1 acc 0.0296 eff 0.0 outinratio 0.0489 

ZH126_4e_massZ1_genbin4_recobin1 acc 0.0336 eff 0.0 outinratio 0.0192 

ttH126_4e_massZ1_genbin4_recobin1 acc 0.0373 eff 0.001 outinratio 0.1922 

ggH126_4e_massZ1_genbin0_recobin2 acc 0.033 eff 0.0 outinratio 0.0482 

VBFH126_4e_massZ1_genbin0_recobin2 acc 0.0375 eff 0.0 outinratio 0.0316 

WminusH126_4e_massZ1_genbin0_recobin2 acc 0.0322 eff 0.0 outinratio 0.0609 

WplusH126_4e_massZ1_genbin0_recobin2 acc 0.0238 eff 0.0 outinratio 0.0905 

ZH126_4e_massZ1_genbin0_recobin2 acc 0.0305 eff 0.0 outinratio 0.1834 

ttH126_4e_massZ1_genbin0_recobin2 acc 0.0256 eff 0.0006 outinratio 0.1862 

ggH126_4e_massZ1_genbin1_recobin2 acc 0.0466 eff 0.0131 outinratio 0.0482 

VBFH126_4e_massZ1_genbin1_recobin2 acc 0.0533 eff 0.0247 outinratio 0.0316 

WminusH126_4e_massZ1_genbin1_recobin2 acc 0.0433 eff 0.0338 outinratio 0.0609 

WplusH126_4e_massZ1_genbin1_recobin2 acc 0.0357 eff 0.0048 outinratio 0.0905 

ZH126_4e_massZ1_genbin1_recobin2 acc 0.0417 eff 0.0 outinratio 0.1834 

ttH126_4e_massZ1_genbin1_recobin2 acc 0.0366 eff 0.0209 outinratio 0.1862 

ggH126_4e_massZ1_genbin2_recobin2 acc 0.0646 eff 0.2685 outinratio 0.0482 

VBFH126_4e_massZ1_genbin2_recobin2 acc 0.0687 eff 0.2629 outinratio 0.0316 

WminusH126_4e_massZ1_genbin2_recobin2 acc 0.057 eff 0.2584 outinratio 0.0609 

WplusH126_4e_massZ1_genbin2_recobin2 acc 0.0462 eff 0.3627 outinratio 0.0905 

ZH126_4e_massZ1_genbin2_recobin2 acc 0.0535 eff 0.3082 outinratio 0.1834 

ttH126_4e_massZ1_genbin2_recobin2 acc 0.0498 eff 0.2888 outinratio 0.1862 

ggH126_4e_massZ1_genbin3_recobin2 acc 0.2128 eff 0.033 outinratio 0.0482 

VBFH126_4e_massZ1_genbin3_recobin2 acc 0.2226 eff 0.0365 outinratio 0.0316 

WminusH126_4e_massZ1_genbin3_recobin2 acc 0.1752 eff 0.0329 outinratio 0.0609 

WplusH126_4e_massZ1_genbin3_recobin2 acc 0.1583 eff 0.0387 outinratio 0.0905 

ZH126_4e_massZ1_genbin3_recobin2 acc 0.1605 eff 0.0494 outinratio 0.1834 

ttH126_4e_massZ1_genbin3_recobin2 acc 0.1598 eff 0.0401 outinratio 0.1862 

ggH126_4e_massZ1_genbin4_recobin2 acc 0.0453 eff 0.0097 outinratio 0.0482 

VBFH126_4e_massZ1_genbin4_recobin2 acc 0.0553 eff 0.0117 outinratio 0.0316 

WminusH126_4e_massZ1_genbin4_recobin2 acc 0.0399 eff 0.0069 outinratio 0.0609 

WplusH126_4e_massZ1_genbin4_recobin2 acc 0.0296 eff 0.0227 outinratio 0.0905 

ZH126_4e_massZ1_genbin4_recobin2 acc 0.0336 eff 0.0 outinratio 0.1834 

ttH126_4e_massZ1_genbin4_recobin2 acc 0.0373 eff 0.0036 outinratio 0.1862 

ggH126_4e_massZ1_genbin0_recobin3 acc 0.033 eff 0.0 outinratio 0.0523 

VBFH126_4e_massZ1_genbin0_recobin3 acc 0.0375 eff 0.0 outinratio 0.0308 

WminusH126_4e_massZ1_genbin0_recobin3 acc 0.0322 eff 0.0 outinratio 0.0581 

WplusH126_4e_massZ1_genbin0_recobin3 acc 0.0238 eff 0.0 outinratio 0.0912 

ZH126_4e_massZ1_genbin0_recobin3 acc 0.0305 eff 0.0 outinratio 0.1122 

ttH126_4e_massZ1_genbin0_recobin3 acc 0.0256 eff 0.0 outinratio 0.213 

ggH126_4e_massZ1_genbin1_recobin3 acc 0.0466 eff 0.0085 outinratio 0.0523 

VBFH126_4e_massZ1_genbin1_recobin3 acc 0.0533 eff 0.0045 outinratio 0.0308 

WminusH126_4e_massZ1_genbin1_recobin3 acc 0.0433 eff 0.0 outinratio 0.0581 

WplusH126_4e_massZ1_genbin1_recobin3 acc 0.0357 eff 0.0 outinratio 0.0912 

ZH126_4e_massZ1_genbin1_recobin3 acc 0.0417 eff 0.0 outinratio 0.1122 

ttH126_4e_massZ1_genbin1_recobin3 acc 0.0366 eff 0.0 outinratio 0.213 

ggH126_4e_massZ1_genbin2_recobin3 acc 0.0646 eff 0.0167 outinratio 0.0523 

VBFH126_4e_massZ1_genbin2_recobin3 acc 0.0687 eff 0.0208 outinratio 0.0308 

WminusH126_4e_massZ1_genbin2_recobin3 acc 0.057 eff 0.0281 outinratio 0.0581 

WplusH126_4e_massZ1_genbin2_recobin3 acc 0.0462 eff 0.0398 outinratio 0.0912 

ZH126_4e_massZ1_genbin2_recobin3 acc 0.0535 eff 0.0 outinratio 0.1122 

ttH126_4e_massZ1_genbin2_recobin3 acc 0.0498 eff 0.0168 outinratio 0.213 

ggH126_4e_massZ1_genbin3_recobin3 acc 0.2128 eff 0.2561 outinratio 0.0523 

VBFH126_4e_massZ1_genbin3_recobin3 acc 0.2226 eff 0.2343 outinratio 0.0308 

WminusH126_4e_massZ1_genbin3_recobin3 acc 0.1752 eff 0.2199 outinratio 0.0581 

WplusH126_4e_massZ1_genbin3_recobin3 acc 0.1583 eff 0.2582 outinratio 0.0912 

ZH126_4e_massZ1_genbin3_recobin3 acc 0.1605 eff 0.1883 outinratio 0.1122 

ttH126_4e_massZ1_genbin3_recobin3 acc 0.1598 eff 0.2424 outinratio 0.213 

ggH126_4e_massZ1_genbin4_recobin3 acc 0.0453 eff 0.1142 outinratio 0.0523 

VBFH126_4e_massZ1_genbin4_recobin3 acc 0.0553 eff 0.1234 outinratio 0.0308 

WminusH126_4e_massZ1_genbin4_recobin3 acc 0.0399 eff 0.1152 outinratio 0.0581 

WplusH126_4e_massZ1_genbin4_recobin3 acc 0.0296 eff 0.134 outinratio 0.0912 

ZH126_4e_massZ1_genbin4_recobin3 acc 0.0336 eff 0.1204 outinratio 0.1122 

ttH126_4e_massZ1_genbin4_recobin3 acc 0.0373 eff 0.1104 outinratio 0.213 

ggH126_4e_massZ1_genbin0_recobin4 acc 0.033 eff 0.0 outinratio 0.0295 

VBFH126_4e_massZ1_genbin0_recobin4 acc 0.0375 eff 0.0 outinratio 0.0291 

WminusH126_4e_massZ1_genbin0_recobin4 acc 0.0322 eff 0.0 outinratio 0.0773 

WplusH126_4e_massZ1_genbin0_recobin4 acc 0.0238 eff 0.0 outinratio 0.1862 

ZH126_4e_massZ1_genbin0_recobin4 acc 0.0305 eff 0.0 outinratio 0.0 

ttH126_4e_massZ1_genbin0_recobin4 acc 0.0256 eff 0.0 outinratio 0.2511 

ggH126_4e_massZ1_genbin1_recobin4 acc 0.0466 eff 0.0 outinratio 0.0295 

VBFH126_4e_massZ1_genbin1_recobin4 acc 0.0533 eff 0.0 outinratio 0.0291 

WminusH126_4e_massZ1_genbin1_recobin4 acc 0.0433 eff 0.0 outinratio 0.0773 

WplusH126_4e_massZ1_genbin1_recobin4 acc 0.0357 eff 0.0 outinratio 0.1862 

ZH126_4e_massZ1_genbin1_recobin4 acc 0.0417 eff 0.0 outinratio 0.0 

ttH126_4e_massZ1_genbin1_recobin4 acc 0.0366 eff 0.0 outinratio 0.2511 

ggH126_4e_massZ1_genbin2_recobin4 acc 0.0646 eff 0.0 outinratio 0.0295 

VBFH126_4e_massZ1_genbin2_recobin4 acc 0.0687 eff 0.0033 outinratio 0.0291 

WminusH126_4e_massZ1_genbin2_recobin4 acc 0.057 eff 0.0 outinratio 0.0773 

WplusH126_4e_massZ1_genbin2_recobin4 acc 0.0462 eff 0.0 outinratio 0.1862 

ZH126_4e_massZ1_genbin2_recobin4 acc 0.0535 eff 0.0 outinratio 0.0 

ttH126_4e_massZ1_genbin2_recobin4 acc 0.0498 eff 0.0007 outinratio 0.2511 

ggH126_4e_massZ1_genbin3_recobin4 acc 0.2128 eff 0.0446 outinratio 0.0295 

VBFH126_4e_massZ1_genbin3_recobin4 acc 0.2226 eff 0.0564 outinratio 0.0291 

WminusH126_4e_massZ1_genbin3_recobin4 acc 0.1752 eff 0.0493 outinratio 0.0773 

WplusH126_4e_massZ1_genbin3_recobin4 acc 0.1583 eff 0.0498 outinratio 0.1862 

ZH126_4e_massZ1_genbin3_recobin4 acc 0.1605 eff 0.071 outinratio 0.0 

ttH126_4e_massZ1_genbin3_recobin4 acc 0.1598 eff 0.046 outinratio 0.2511 

ggH126_4e_massZ1_genbin4_recobin4 acc 0.0453 eff 0.1769 outinratio 0.0295 

VBFH126_4e_massZ1_genbin4_recobin4 acc 0.0553 eff 0.1965 outinratio 0.0291 

WminusH126_4e_massZ1_genbin4_recobin4 acc 0.0399 eff 0.1681 outinratio 0.0773 

WplusH126_4e_massZ1_genbin4_recobin4 acc 0.0296 eff 0.1247 outinratio 0.1862 

ZH126_4e_massZ1_genbin4_recobin4 acc 0.0336 eff 0.2175 outinratio 0.0 

ttH126_4e_massZ1_genbin4_recobin4 acc 0.0373 eff 0.1835 outinratio 0.2511 

ggH126_4mu_massZ1_genbin0_recobin0 acc 0.0363 eff 0.7351 outinratio 0.0487 

VBFH126_4mu_massZ1_genbin0_recobin0 acc 0.0405 eff 0.8403 outinratio 0.0294 

WminusH126_4mu_massZ1_genbin0_recobin0 acc 0.0292 eff 0.6988 outinratio 0.121 

WplusH126_4mu_massZ1_genbin0_recobin0 acc 0.0303 eff 0.7503 outinratio 0.0189 

ZH126_4mu_massZ1_genbin0_recobin0 acc 0.0362 eff 0.7265 outinratio 0.0336 

ttH126_4mu_massZ1_genbin0_recobin0 acc 0.0281 eff 0.7687 outinratio 0.1171 

ggH126_4mu_massZ1_genbin1_recobin0 acc 0.047 eff 0.0557 outinratio 0.0487 

VBFH126_4mu_massZ1_genbin1_recobin0 acc 0.0561 eff 0.0513 outinratio 0.0294 

WminusH126_4mu_massZ1_genbin1_recobin0 acc 0.0464 eff 0.0319 outinratio 0.121 

WplusH126_4mu_massZ1_genbin1_recobin0 acc 0.0398 eff 0.0349 outinratio 0.0189 

ZH126_4mu_massZ1_genbin1_recobin0 acc 0.0469 eff 0.066 outinratio 0.0336 

ttH126_4mu_massZ1_genbin1_recobin0 acc 0.0422 eff 0.0519 outinratio 0.1171 

ggH126_4mu_massZ1_genbin2_recobin0 acc 0.0619 eff 0.0 outinratio 0.0487 

VBFH126_4mu_massZ1_genbin2_recobin0 acc 0.0701 eff 0.0017 outinratio 0.0294 

WminusH126_4mu_massZ1_genbin2_recobin0 acc 0.0518 eff 0.0 outinratio 0.121 

WplusH126_4mu_massZ1_genbin2_recobin0 acc 0.0493 eff 0.0 outinratio 0.0189 

ZH126_4mu_massZ1_genbin2_recobin0 acc 0.0582 eff 0.0 outinratio 0.0336 

ttH126_4mu_massZ1_genbin2_recobin0 acc 0.0521 eff 0.0013 outinratio 0.1171 

ggH126_4mu_massZ1_genbin3_recobin0 acc 0.2257 eff 0.0 outinratio 0.0487 

VBFH126_4mu_massZ1_genbin3_recobin0 acc 0.2541 eff 0.0003 outinratio 0.0294 

WminusH126_4mu_massZ1_genbin3_recobin0 acc 0.1962 eff 0.0 outinratio 0.121 

WplusH126_4mu_massZ1_genbin3_recobin0 acc 0.167 eff 0.0 outinratio 0.0189 

ZH126_4mu_massZ1_genbin3_recobin0 acc 0.1948 eff 0.0 outinratio 0.0336 

ttH126_4mu_massZ1_genbin3_recobin0 acc 0.1784 eff 0.0 outinratio 0.1171 

ggH126_4mu_massZ1_genbin4_recobin0 acc 0.0499 eff 0.0 outinratio 0.0487 

VBFH126_4mu_massZ1_genbin4_recobin0 acc 0.0588 eff 0.0 outinratio 0.0294 

WminusH126_4mu_massZ1_genbin4_recobin0 acc 0.0491 eff 0.0 outinratio 0.121 

WplusH126_4mu_massZ1_genbin4_recobin0 acc 0.0384 eff 0.0 outinratio 0.0189 

ZH126_4mu_massZ1_genbin4_recobin0 acc 0.0398 eff 0.0 outinratio 0.0336 

ttH126_4mu_massZ1_genbin4_recobin0 acc 0.0411 eff 0.0 outinratio 0.1171 

ggH126_4mu_massZ1_genbin0_recobin1 acc 0.0363 eff 0.0441 outinratio 0.036 

VBFH126_4mu_massZ1_genbin0_recobin1 acc 0.0405 eff 0.0332 outinratio 0.0217 

WminusH126_4mu_massZ1_genbin0_recobin1 acc 0.0292 eff 0.0369 outinratio 0.0337 

WplusH126_4mu_massZ1_genbin0_recobin1 acc 0.0303 eff 0.0179 outinratio 0.0377 

ZH126_4mu_massZ1_genbin0_recobin1 acc 0.0362 eff 0.0242 outinratio 0.095 

ttH126_4mu_massZ1_genbin0_recobin1 acc 0.0281 eff 0.0353 outinratio 0.1154 

ggH126_4mu_massZ1_genbin1_recobin1 acc 0.047 eff 0.7505 outinratio 0.036 

VBFH126_4mu_massZ1_genbin1_recobin1 acc 0.0561 eff 0.7398 outinratio 0.0217 

WminusH126_4mu_massZ1_genbin1_recobin1 acc 0.0464 eff 0.7669 outinratio 0.0337 

WplusH126_4mu_massZ1_genbin1_recobin1 acc 0.0398 eff 0.6714 outinratio 0.0377 

ZH126_4mu_massZ1_genbin1_recobin1 acc 0.0469 eff 0.6301 outinratio 0.095 

ttH126_4mu_massZ1_genbin1_recobin1 acc 0.0422 eff 0.7542 outinratio 0.1154 

ggH126_4mu_massZ1_genbin2_recobin1 acc 0.0619 eff 0.0458 outinratio 0.036 

VBFH126_4mu_massZ1_genbin2_recobin1 acc 0.0701 eff 0.0322 outinratio 0.0217 

WminusH126_4mu_massZ1_genbin2_recobin1 acc 0.0518 eff 0.0581 outinratio 0.0337 

WplusH126_4mu_massZ1_genbin2_recobin1 acc 0.0493 eff 0.0839 outinratio 0.0377 

ZH126_4mu_massZ1_genbin2_recobin1 acc 0.0582 eff 0.0788 outinratio 0.095 

ttH126_4mu_massZ1_genbin2_recobin1 acc 0.0521 eff 0.0524 outinratio 0.1154 

ggH126_4mu_massZ1_genbin3_recobin1 acc 0.2257 eff 0.0021 outinratio 0.036 

VBFH126_4mu_massZ1_genbin3_recobin1 acc 0.2541 eff 0.0021 outinratio 0.0217 

WminusH126_4mu_massZ1_genbin3_recobin1 acc 0.1962 eff 0.0 outinratio 0.0337 

WplusH126_4mu_massZ1_genbin3_recobin1 acc 0.167 eff 0.0 outinratio 0.0377 

ZH126_4mu_massZ1_genbin3_recobin1 acc 0.1948 eff 0.003 outinratio 0.095 

ttH126_4mu_massZ1_genbin3_recobin1 acc 0.1784 eff 0.0021 outinratio 0.1154 

ggH126_4mu_massZ1_genbin4_recobin1 acc 0.0499 eff 0.0073 outinratio 0.036 

VBFH126_4mu_massZ1_genbin4_recobin1 acc 0.0588 eff 0.0 outinratio 0.0217 

WminusH126_4mu_massZ1_genbin4_recobin1 acc 0.0491 eff 0.0 outinratio 0.0337 

WplusH126_4mu_massZ1_genbin4_recobin1 acc 0.0384 eff 0.0 outinratio 0.0377 

ZH126_4mu_massZ1_genbin4_recobin1 acc 0.0398 eff 0.0 outinratio 0.095 

ttH126_4mu_massZ1_genbin4_recobin1 acc 0.0411 eff 0.0 outinratio 0.1154 

ggH126_4mu_massZ1_genbin0_recobin2 acc 0.0363 eff 0.0 outinratio 0.0451 

VBFH126_4mu_massZ1_genbin0_recobin2 acc 0.0405 eff 0.0 outinratio 0.0222 

WminusH126_4mu_massZ1_genbin0_recobin2 acc 0.0292 eff 0.0 outinratio 0.0371 

WplusH126_4mu_massZ1_genbin0_recobin2 acc 0.0303 eff 0.0 outinratio 0.0642 

ZH126_4mu_massZ1_genbin0_recobin2 acc 0.0362 eff 0.0 outinratio 0.0319 

ttH126_4mu_massZ1_genbin0_recobin2 acc 0.0281 eff 0.002 outinratio 0.1451 

ggH126_4mu_massZ1_genbin1_recobin2 acc 0.047 eff 0.0438 outinratio 0.0451 

VBFH126_4mu_massZ1_genbin1_recobin2 acc 0.0561 eff 0.0296 outinratio 0.0222 

WminusH126_4mu_massZ1_genbin1_recobin2 acc 0.0464 eff 0.0185 outinratio 0.0371 

WplusH126_4mu_massZ1_genbin1_recobin2 acc 0.0398 eff 0.1023 outinratio 0.0642 

ZH126_4mu_massZ1_genbin1_recobin2 acc 0.0469 eff 0.041 outinratio 0.0319 

ttH126_4mu_massZ1_genbin1_recobin2 acc 0.0422 eff 0.0344 outinratio 0.1451 

ggH126_4mu_massZ1_genbin2_recobin2 acc 0.0619 eff 0.6712 outinratio 0.0451 

VBFH126_4mu_massZ1_genbin2_recobin2 acc 0.0701 eff 0.7356 outinratio 0.0222 

WminusH126_4mu_massZ1_genbin2_recobin2 acc 0.0518 eff 0.6861 outinratio 0.0371 

WplusH126_4mu_massZ1_genbin2_recobin2 acc 0.0493 eff 0.6862 outinratio 0.0642 

ZH126_4mu_massZ1_genbin2_recobin2 acc 0.0582 eff 0.7621 outinratio 0.0319 

ttH126_4mu_massZ1_genbin2_recobin2 acc 0.0521 eff 0.7106 outinratio 0.1451 

ggH126_4mu_massZ1_genbin3_recobin2 acc 0.2257 eff 0.0402 outinratio 0.0451 

VBFH126_4mu_massZ1_genbin3_recobin2 acc 0.2541 eff 0.0414 outinratio 0.0222 

WminusH126_4mu_massZ1_genbin3_recobin2 acc 0.1962 eff 0.0456 outinratio 0.0371 

WplusH126_4mu_massZ1_genbin3_recobin2 acc 0.167 eff 0.0458 outinratio 0.0642 

ZH126_4mu_massZ1_genbin3_recobin2 acc 0.1948 eff 0.0232 outinratio 0.0319 

ttH126_4mu_massZ1_genbin3_recobin2 acc 0.1784 eff 0.04 outinratio 0.1451 

ggH126_4mu_massZ1_genbin4_recobin2 acc 0.0499 eff 0.0 outinratio 0.0451 

VBFH126_4mu_massZ1_genbin4_recobin2 acc 0.0588 eff 0.0085 outinratio 0.0222 

WminusH126_4mu_massZ1_genbin4_recobin2 acc 0.0491 eff 0.0062 outinratio 0.0371 

WplusH126_4mu_massZ1_genbin4_recobin2 acc 0.0384 eff 0.0109 outinratio 0.0642 

ZH126_4mu_massZ1_genbin4_recobin2 acc 0.0398 eff -0.0112 outinratio 0.0319 

ttH126_4mu_massZ1_genbin4_recobin2 acc 0.0411 eff 0.011 outinratio 0.1451 

ggH126_4mu_massZ1_genbin0_recobin3 acc 0.0363 eff 0.0 outinratio 0.0408 

VBFH126_4mu_massZ1_genbin0_recobin3 acc 0.0405 eff 0.0 outinratio 0.0316 

WminusH126_4mu_massZ1_genbin0_recobin3 acc 0.0292 eff 0.0 outinratio 0.0793 

WplusH126_4mu_massZ1_genbin0_recobin3 acc 0.0303 eff 0.0 outinratio 0.0631 

ZH126_4mu_massZ1_genbin0_recobin3 acc 0.0362 eff 0.0 outinratio 0.0613 

ttH126_4mu_massZ1_genbin0_recobin3 acc 0.0281 eff 0.0 outinratio 0.1494 

ggH126_4mu_massZ1_genbin1_recobin3 acc 0.047 eff 0.0073 outinratio 0.0408 

VBFH126_4mu_massZ1_genbin1_recobin3 acc 0.0561 eff 0.0044 outinratio 0.0316 

WminusH126_4mu_massZ1_genbin1_recobin3 acc 0.0464 eff 0.0048 outinratio 0.0793 

WplusH126_4mu_massZ1_genbin1_recobin3 acc 0.0398 eff 0.012 outinratio 0.0631 

ZH126_4mu_massZ1_genbin1_recobin3 acc 0.0469 eff 0.0095 outinratio 0.0613 

ttH126_4mu_massZ1_genbin1_recobin3 acc 0.0422 eff 0.0034 outinratio 0.1494 

ggH126_4mu_massZ1_genbin2_recobin3 acc 0.0619 eff 0.0549 outinratio 0.0408 

VBFH126_4mu_massZ1_genbin2_recobin3 acc 0.0701 eff 0.0335 outinratio 0.0316 

WminusH126_4mu_massZ1_genbin2_recobin3 acc 0.0518 eff 0.073 outinratio 0.0793 

WplusH126_4mu_massZ1_genbin2_recobin3 acc 0.0493 eff 0.0386 outinratio 0.0631 

ZH126_4mu_massZ1_genbin2_recobin3 acc 0.0582 eff 0.0345 outinratio 0.0613 

ttH126_4mu_massZ1_genbin2_recobin3 acc 0.0521 eff 0.0478 outinratio 0.1494 

ggH126_4mu_massZ1_genbin3_recobin3 acc 0.2257 eff 0.6671 outinratio 0.0408 

VBFH126_4mu_massZ1_genbin3_recobin3 acc 0.2541 eff 0.6628 outinratio 0.0316 

WminusH126_4mu_massZ1_genbin3_recobin3 acc 0.1962 eff 0.6825 outinratio 0.0793 

WplusH126_4mu_massZ1_genbin3_recobin3 acc 0.167 eff 0.6153 outinratio 0.0631 

ZH126_4mu_massZ1_genbin3_recobin3 acc 0.1948 eff 0.687 outinratio 0.0613 

ttH126_4mu_massZ1_genbin3_recobin3 acc 0.1784 eff 0.6428 outinratio 0.1494 

ggH126_4mu_massZ1_genbin4_recobin3 acc 0.0499 eff 0.213 outinratio 0.0408 

VBFH126_4mu_massZ1_genbin4_recobin3 acc 0.0588 eff 0.2409 outinratio 0.0316 

WminusH126_4mu_massZ1_genbin4_recobin3 acc 0.0491 eff 0.2188 outinratio 0.0793 

WplusH126_4mu_massZ1_genbin4_recobin3 acc 0.0384 eff 0.2073 outinratio 0.0631 

ZH126_4mu_massZ1_genbin4_recobin3 acc 0.0398 eff 0.3001 outinratio 0.0613 

ttH126_4mu_massZ1_genbin4_recobin3 acc 0.0411 eff 0.186 outinratio 0.1494 

ggH126_4mu_massZ1_genbin0_recobin4 acc 0.0363 eff 0.0 outinratio 0.0714 

VBFH126_4mu_massZ1_genbin0_recobin4 acc 0.0405 eff 0.0 outinratio 0.0278 

WminusH126_4mu_massZ1_genbin0_recobin4 acc 0.0292 eff 0.0 outinratio 0.0694 

WplusH126_4mu_massZ1_genbin0_recobin4 acc 0.0303 eff 0.0 outinratio 0.0633 

ZH126_4mu_massZ1_genbin0_recobin4 acc 0.0362 eff 0.0 outinratio 0.0185 

ttH126_4mu_massZ1_genbin0_recobin4 acc 0.0281 eff 0.0 outinratio 0.1648 

ggH126_4mu_massZ1_genbin1_recobin4 acc 0.047 eff 0.0 outinratio 0.0714 

VBFH126_4mu_massZ1_genbin1_recobin4 acc 0.0561 eff 0.0 outinratio 0.0278 

WminusH126_4mu_massZ1_genbin1_recobin4 acc 0.0464 eff 0.0 outinratio 0.0694 

WplusH126_4mu_massZ1_genbin1_recobin4 acc 0.0398 eff 0.0 outinratio 0.0633 

ZH126_4mu_massZ1_genbin1_recobin4 acc 0.0469 eff 0.0 outinratio 0.0185 

ttH126_4mu_massZ1_genbin1_recobin4 acc 0.0422 eff 0.0 outinratio 0.1648 

ggH126_4mu_massZ1_genbin2_recobin4 acc 0.0619 eff 0.0053 outinratio 0.0714 

VBFH126_4mu_massZ1_genbin2_recobin4 acc 0.0701 eff 0.003 outinratio 0.0278 

WminusH126_4mu_massZ1_genbin2_recobin4 acc 0.0518 eff 0.0 outinratio 0.0694 

WplusH126_4mu_massZ1_genbin2_recobin4 acc 0.0493 eff 0.0 outinratio 0.0633 

ZH126_4mu_massZ1_genbin2_recobin4 acc 0.0582 eff 0.0 outinratio 0.0185 

ttH126_4mu_massZ1_genbin2_recobin4 acc 0.0521 eff 0.0015 outinratio 0.1648 

ggH126_4mu_massZ1_genbin3_recobin4 acc 0.2257 eff 0.0886 outinratio 0.0714 

VBFH126_4mu_massZ1_genbin3_recobin4 acc 0.2541 eff 0.1067 outinratio 0.0278 

WminusH126_4mu_massZ1_genbin3_recobin4 acc 0.1962 eff 0.0871 outinratio 0.0694 

WplusH126_4mu_massZ1_genbin3_recobin4 acc 0.167 eff 0.1078 outinratio 0.0633 

ZH126_4mu_massZ1_genbin3_recobin4 acc 0.1948 eff 0.0782 outinratio 0.0185 

ttH126_4mu_massZ1_genbin3_recobin4 acc 0.1784 eff 0.0936 outinratio 0.1648 

ggH126_4mu_massZ1_genbin4_recobin4 acc 0.0499 eff 0.537 outinratio 0.0714 

VBFH126_4mu_massZ1_genbin4_recobin4 acc 0.0588 eff 0.5663 outinratio 0.0278 

WminusH126_4mu_massZ1_genbin4_recobin4 acc 0.0491 eff 0.5462 outinratio 0.0694 

WplusH126_4mu_massZ1_genbin4_recobin4 acc 0.0384 eff 0.6414 outinratio 0.0633 

ZH126_4mu_massZ1_genbin4_recobin4 acc 0.0398 eff 0.5213 outinratio 0.0185 

ttH126_4mu_massZ1_genbin4_recobin4 acc 0.0411 eff 0.5335 outinratio 0.1648 

ggH126_2e2mu_massZ1_genbin0_recobin0 acc 0.0428 eff 0.5518 outinratio 0.0381 

VBFH126_2e2mu_massZ1_genbin0_recobin0 acc 0.0409 eff 0.5507 outinratio 0.0475 

WminusH126_2e2mu_massZ1_genbin0_recobin0 acc 0.0319 eff 0.526 outinratio 0.0567 

WplusH126_2e2mu_massZ1_genbin0_recobin0 acc 0.0306 eff 0.5018 outinratio 0.0531 

ZH126_2e2mu_massZ1_genbin0_recobin0 acc 0.0302 eff 0.5734 outinratio 0.0577 

ttH126_2e2mu_massZ1_genbin0_recobin0 acc 0.0264 eff 0.5524 outinratio 0.1988 

ggH126_2e2mu_massZ1_genbin1_recobin0 acc 0.033 eff 0.0398 outinratio 0.0381 

VBFH126_2e2mu_massZ1_genbin1_recobin0 acc 0.0355 eff 0.0458 outinratio 0.0475 

WminusH126_2e2mu_massZ1_genbin1_recobin0 acc 0.0298 eff 0.0686 outinratio 0.0567 

WplusH126_2e2mu_massZ1_genbin1_recobin0 acc 0.0215 eff 0.0323 outinratio 0.0531 

ZH126_2e2mu_massZ1_genbin1_recobin0 acc 0.0299 eff 0.0259 outinratio 0.0577 

ttH126_2e2mu_massZ1_genbin1_recobin0 acc 0.0229 eff 0.0635 outinratio 0.1988 

ggH126_2e2mu_massZ1_genbin2_recobin0 acc 0.0476 eff 0.0 outinratio 0.0381 

VBFH126_2e2mu_massZ1_genbin2_recobin0 acc 0.0521 eff 0.0006 outinratio 0.0475 

WminusH126_2e2mu_massZ1_genbin2_recobin0 acc 0.0419 eff 0.0 outinratio 0.0567 

WplusH126_2e2mu_massZ1_genbin2_recobin0 acc 0.0368 eff 0.0016 outinratio 0.0531 

ZH126_2e2mu_massZ1_genbin2_recobin0 acc 0.0456 eff 0.0 outinratio 0.0577 

ttH126_2e2mu_massZ1_genbin2_recobin0 acc 0.0387 eff 0.0002 outinratio 0.1988 

ggH126_2e2mu_massZ1_genbin3_recobin0 acc 0.2361 eff 0.001 outinratio 0.0381 

VBFH126_2e2mu_massZ1_genbin3_recobin0 acc 0.2522 eff 0.0002 outinratio 0.0475 

WminusH126_2e2mu_massZ1_genbin3_recobin0 acc 0.1944 eff 0.0 outinratio 0.0567 

WplusH126_2e2mu_massZ1_genbin3_recobin0 acc 0.1797 eff 0.0 outinratio 0.0531 

ZH126_2e2mu_massZ1_genbin3_recobin0 acc 0.1897 eff 0.0 outinratio 0.0577 

ttH126_2e2mu_massZ1_genbin3_recobin0 acc 0.1786 eff 0.0 outinratio 0.1988 

ggH126_2e2mu_massZ1_genbin4_recobin0 acc 0.0552 eff 0.0 outinratio 0.0381 

VBFH126_2e2mu_massZ1_genbin4_recobin0 acc 0.0636 eff 0.0 outinratio 0.0475 

WminusH126_2e2mu_massZ1_genbin4_recobin0 acc 0.0443 eff 0.0 outinratio 0.0567 

WplusH126_2e2mu_massZ1_genbin4_recobin0 acc 0.0395 eff 0.0 outinratio 0.0531 

ZH126_2e2mu_massZ1_genbin4_recobin0 acc 0.0486 eff 0.0 outinratio 0.0577 

ttH126_2e2mu_massZ1_genbin4_recobin0 acc 0.0449 eff 0.0 outinratio 0.1988 

ggH126_2e2mu_massZ1_genbin0_recobin1 acc 0.0428 eff 0.0169 outinratio 0.0158 

VBFH126_2e2mu_massZ1_genbin0_recobin1 acc 0.0409 eff 0.0188 outinratio 0.023 

WminusH126_2e2mu_massZ1_genbin0_recobin1 acc 0.0319 eff 0.0174 outinratio 0.0312 

WplusH126_2e2mu_massZ1_genbin0_recobin1 acc 0.0306 eff 0.0162 outinratio 0.0783 

ZH126_2e2mu_massZ1_genbin0_recobin1 acc 0.0302 eff 0.0254 outinratio 0.0122 

ttH126_2e2mu_massZ1_genbin0_recobin1 acc 0.0264 eff 0.0183 outinratio 0.1564 

ggH126_2e2mu_massZ1_genbin1_recobin1 acc 0.033 eff 0.4766 outinratio 0.0158 

VBFH126_2e2mu_massZ1_genbin1_recobin1 acc 0.0355 eff 0.5108 outinratio 0.023 

WminusH126_2e2mu_massZ1_genbin1_recobin1 acc 0.0298 eff 0.4353 outinratio 0.0312 

WplusH126_2e2mu_massZ1_genbin1_recobin1 acc 0.0215 eff 0.5055 outinratio 0.0783 

ZH126_2e2mu_massZ1_genbin1_recobin1 acc 0.0299 eff 0.4778 outinratio 0.0122 

ttH126_2e2mu_massZ1_genbin1_recobin1 acc 0.0229 eff 0.4652 outinratio 0.1564 

ggH126_2e2mu_massZ1_genbin2_recobin1 acc 0.0476 eff 0.0579 outinratio 0.0158 

VBFH126_2e2mu_massZ1_genbin2_recobin1 acc 0.0521 eff 0.0554 outinratio 0.023 

WminusH126_2e2mu_massZ1_genbin2_recobin1 acc 0.0419 eff 0.0532 outinratio 0.0312 

WplusH126_2e2mu_massZ1_genbin2_recobin1 acc 0.0368 eff 0.0447 outinratio 0.0783 

ZH126_2e2mu_massZ1_genbin2_recobin1 acc 0.0456 eff 0.0376 outinratio 0.0122 

ttH126_2e2mu_massZ1_genbin2_recobin1 acc 0.0387 eff 0.0307 outinratio 0.1564 

ggH126_2e2mu_massZ1_genbin3_recobin1 acc 0.2361 eff 0.0018 outinratio 0.0158 

VBFH126_2e2mu_massZ1_genbin3_recobin1 acc 0.2522 eff 0.0013 outinratio 0.023 

WminusH126_2e2mu_massZ1_genbin3_recobin1 acc 0.1944 eff 0.0012 outinratio 0.0312 

WplusH126_2e2mu_massZ1_genbin3_recobin1 acc 0.1797 eff 0.0052 outinratio 0.0783 

ZH126_2e2mu_massZ1_genbin3_recobin1 acc 0.1897 eff 0.0019 outinratio 0.0122 

ttH126_2e2mu_massZ1_genbin3_recobin1 acc 0.1786 eff 0.0018 outinratio 0.1564 

ggH126_2e2mu_massZ1_genbin4_recobin1 acc 0.0552 eff 0.0068 outinratio 0.0158 

VBFH126_2e2mu_massZ1_genbin4_recobin1 acc 0.0636 eff 0.0 outinratio 0.023 

WminusH126_2e2mu_massZ1_genbin4_recobin1 acc 0.0443 eff 0.0024 outinratio 0.0312 

WplusH126_2e2mu_massZ1_genbin4_recobin1 acc 0.0395 eff 0.0019 outinratio 0.0783 

ZH126_2e2mu_massZ1_genbin4_recobin1 acc 0.0486 eff 0.0031 outinratio 0.0122 

ttH126_2e2mu_massZ1_genbin4_recobin1 acc 0.0449 eff 0.0004 outinratio 0.1564 

ggH126_2e2mu_massZ1_genbin0_recobin2 acc 0.0428 eff 0.0 outinratio 0.0461 

VBFH126_2e2mu_massZ1_genbin0_recobin2 acc 0.0409 eff 0.0 outinratio 0.0388 

WminusH126_2e2mu_massZ1_genbin0_recobin2 acc 0.0319 eff 0.0 outinratio 0.125 

WplusH126_2e2mu_massZ1_genbin0_recobin2 acc 0.0306 eff 0.0 outinratio 0.0321 

ZH126_2e2mu_massZ1_genbin0_recobin2 acc 0.0302 eff 0.0 outinratio 0.084 

ttH126_2e2mu_massZ1_genbin0_recobin2 acc 0.0264 eff 0.0 outinratio 0.1638 

ggH126_2e2mu_massZ1_genbin1_recobin2 acc 0.033 eff 0.026 outinratio 0.0461 

VBFH126_2e2mu_massZ1_genbin1_recobin2 acc 0.0355 eff 0.032 outinratio 0.0388 

WminusH126_2e2mu_massZ1_genbin1_recobin2 acc 0.0298 eff 0.034 outinratio 0.125 

WplusH126_2e2mu_massZ1_genbin1_recobin2 acc 0.0215 eff 0.0057 outinratio 0.0321 

ZH126_2e2mu_massZ1_genbin1_recobin2 acc 0.0299 eff 0.0222 outinratio 0.084 

ttH126_2e2mu_massZ1_genbin1_recobin2 acc 0.0229 eff 0.0329 outinratio 0.1638 

ggH126_2e2mu_massZ1_genbin2_recobin2 acc 0.0476 eff 0.4807 outinratio 0.0461 

VBFH126_2e2mu_massZ1_genbin2_recobin2 acc 0.0521 eff 0.4698 outinratio 0.0388 

WminusH126_2e2mu_massZ1_genbin2_recobin2 acc 0.0419 eff 0.4543 outinratio 0.125 

WplusH126_2e2mu_massZ1_genbin2_recobin2 acc 0.0368 eff 0.4636 outinratio 0.0321 

ZH126_2e2mu_massZ1_genbin2_recobin2 acc 0.0456 eff 0.4207 outinratio 0.084 

ttH126_2e2mu_massZ1_genbin2_recobin2 acc 0.0387 eff 0.4321 outinratio 0.1638 

ggH126_2e2mu_massZ1_genbin3_recobin2 acc 0.2361 eff 0.0536 outinratio 0.0461 

VBFH126_2e2mu_massZ1_genbin3_recobin2 acc 0.2522 eff 0.0439 outinratio 0.0388 

WminusH126_2e2mu_massZ1_genbin3_recobin2 acc 0.1944 eff 0.0496 outinratio 0.125 

WplusH126_2e2mu_massZ1_genbin3_recobin2 acc 0.1797 eff 0.0359 outinratio 0.0321 

ZH126_2e2mu_massZ1_genbin3_recobin2 acc 0.1897 eff 0.0342 outinratio 0.084 

ttH126_2e2mu_massZ1_genbin3_recobin2 acc 0.1786 eff 0.0437 outinratio 0.1638 

ggH126_2e2mu_massZ1_genbin4_recobin2 acc 0.0552 eff 0.0164 outinratio 0.0461 

VBFH126_2e2mu_massZ1_genbin4_recobin2 acc 0.0636 eff 0.0086 outinratio 0.0388 

WminusH126_2e2mu_massZ1_genbin4_recobin2 acc 0.0443 eff 0.016 outinratio 0.125 

WplusH126_2e2mu_massZ1_genbin4_recobin2 acc 0.0395 eff 0.0187 outinratio 0.0321 

ZH126_2e2mu_massZ1_genbin4_recobin2 acc 0.0486 eff 0.0 outinratio 0.084 

ttH126_2e2mu_massZ1_genbin4_recobin2 acc 0.0449 eff 0.0052 outinratio 0.1638 

ggH126_2e2mu_massZ1_genbin0_recobin3 acc 0.0428 eff 0.0 outinratio 0.0517 

VBFH126_2e2mu_massZ1_genbin0_recobin3 acc 0.0409 eff 0.0 outinratio 0.0345 

WminusH126_2e2mu_massZ1_genbin0_recobin3 acc 0.0319 eff 0.0 outinratio 0.0653 

WplusH126_2e2mu_massZ1_genbin0_recobin3 acc 0.0306 eff 0.0 outinratio 0.0805 

ZH126_2e2mu_massZ1_genbin0_recobin3 acc 0.0302 eff 0.0 outinratio 0.0923 

ttH126_2e2mu_massZ1_genbin0_recobin3 acc 0.0264 eff 0.0 outinratio 0.1586 

ggH126_2e2mu_massZ1_genbin1_recobin3 acc 0.033 eff 0.0 outinratio 0.0517 

VBFH126_2e2mu_massZ1_genbin1_recobin3 acc 0.0355 eff 0.0003 outinratio 0.0345 

WminusH126_2e2mu_massZ1_genbin1_recobin3 acc 0.0298 eff 0.0065 outinratio 0.0653 

WplusH126_2e2mu_massZ1_genbin1_recobin3 acc 0.0215 eff 0.0041 outinratio 0.0805 

ZH126_2e2mu_massZ1_genbin1_recobin3 acc 0.0299 eff 0.0 outinratio 0.0923 

ttH126_2e2mu_massZ1_genbin1_recobin3 acc 0.0229 eff 0.0015 outinratio 0.1586 

ggH126_2e2mu_massZ1_genbin2_recobin3 acc 0.0476 eff 0.051 outinratio 0.0517 

VBFH126_2e2mu_massZ1_genbin2_recobin3 acc 0.0521 eff 0.0314 outinratio 0.0345 

WminusH126_2e2mu_massZ1_genbin2_recobin3 acc 0.0419 eff 0.0367 outinratio 0.0653 

WplusH126_2e2mu_massZ1_genbin2_recobin3 acc 0.0368 eff 0.0424 outinratio 0.0805 

ZH126_2e2mu_massZ1_genbin2_recobin3 acc 0.0456 eff 0.062 outinratio 0.0923 

ttH126_2e2mu_massZ1_genbin2_recobin3 acc 0.0387 eff 0.0419 outinratio 0.1586 

ggH126_2e2mu_massZ1_genbin3_recobin3 acc 0.2361 eff 0.3881 outinratio 0.0517 

VBFH126_2e2mu_massZ1_genbin3_recobin3 acc 0.2522 eff 0.4041 outinratio 0.0345 

WminusH126_2e2mu_massZ1_genbin3_recobin3 acc 0.1944 eff 0.3981 outinratio 0.0653 

WplusH126_2e2mu_massZ1_genbin3_recobin3 acc 0.1797 eff 0.3854 outinratio 0.0805 

ZH126_2e2mu_massZ1_genbin3_recobin3 acc 0.1897 eff 0.3827 outinratio 0.0923 

ttH126_2e2mu_massZ1_genbin3_recobin3 acc 0.1786 eff 0.3981 outinratio 0.1586 

ggH126_2e2mu_massZ1_genbin4_recobin3 acc 0.0552 eff 0.1829 outinratio 0.0517 

VBFH126_2e2mu_massZ1_genbin4_recobin3 acc 0.0636 eff 0.2028 outinratio 0.0345 

WminusH126_2e2mu_massZ1_genbin4_recobin3 acc 0.0443 eff 0.1761 outinratio 0.0653 

WplusH126_2e2mu_massZ1_genbin4_recobin3 acc 0.0395 eff 0.165 outinratio 0.0805 

ZH126_2e2mu_massZ1_genbin4_recobin3 acc 0.0486 eff 0.1878 outinratio 0.0923 

ttH126_2e2mu_massZ1_genbin4_recobin3 acc 0.0449 eff 0.1605 outinratio 0.1586 

ggH126_2e2mu_massZ1_genbin0_recobin4 acc 0.0428 eff 0.0 outinratio 0.0454 

VBFH126_2e2mu_massZ1_genbin0_recobin4 acc 0.0409 eff 0.0 outinratio 0.0435 

WminusH126_2e2mu_massZ1_genbin0_recobin4 acc 0.0319 eff 0.0 outinratio 0.1048 

WplusH126_2e2mu_massZ1_genbin0_recobin4 acc 0.0306 eff 0.0 outinratio 0.1055 

ZH126_2e2mu_massZ1_genbin0_recobin4 acc 0.0302 eff 0.0 outinratio 0.0579 

ttH126_2e2mu_massZ1_genbin0_recobin4 acc 0.0264 eff 0.0 outinratio 0.1562 

ggH126_2e2mu_massZ1_genbin1_recobin4 acc 0.033 eff 0.0 outinratio 0.0454 

VBFH126_2e2mu_massZ1_genbin1_recobin4 acc 0.0355 eff 0.0 outinratio 0.0435 

WminusH126_2e2mu_massZ1_genbin1_recobin4 acc 0.0298 eff 0.0 outinratio 0.1048 

WplusH126_2e2mu_massZ1_genbin1_recobin4 acc 0.0215 eff 0.0039 outinratio 0.1055 

ZH126_2e2mu_massZ1_genbin1_recobin4 acc 0.0299 eff 0.0 outinratio 0.0579 

ttH126_2e2mu_massZ1_genbin1_recobin4 acc 0.0229 eff 0.0019 outinratio 0.1562 

ggH126_2e2mu_massZ1_genbin2_recobin4 acc 0.0476 eff 0.0032 outinratio 0.0454 

VBFH126_2e2mu_massZ1_genbin2_recobin4 acc 0.0521 eff 0.0006 outinratio 0.0435 

WminusH126_2e2mu_massZ1_genbin2_recobin4 acc 0.0419 eff 0.0 outinratio 0.1048 

WplusH126_2e2mu_massZ1_genbin2_recobin4 acc 0.0368 eff 0.0014 outinratio 0.1055 

ZH126_2e2mu_massZ1_genbin2_recobin4 acc 0.0456 eff 0.0067 outinratio 0.0579 

ttH126_2e2mu_massZ1_genbin2_recobin4 acc 0.0387 eff 0.0023 outinratio 0.1562 

ggH126_2e2mu_massZ1_genbin3_recobin4 acc 0.2361 eff 0.0797 outinratio 0.0454 

VBFH126_2e2mu_massZ1_genbin3_recobin4 acc 0.2522 eff 0.069 outinratio 0.0435 

WminusH126_2e2mu_massZ1_genbin3_recobin4 acc 0.1944 eff 0.0674 outinratio 0.1048 

WplusH126_2e2mu_massZ1_genbin3_recobin4 acc 0.1797 eff 0.0867 outinratio 0.1055 

ZH126_2e2mu_massZ1_genbin3_recobin4 acc 0.1897 eff 0.0739 outinratio 0.0579 

ttH126_2e2mu_massZ1_genbin3_recobin4 acc 0.1786 eff 0.0774 outinratio 0.1562 

ggH126_2e2mu_massZ1_genbin4_recobin4 acc 0.0552 eff 0.2583 outinratio 0.0454 

VBFH126_2e2mu_massZ1_genbin4_recobin4 acc 0.0636 eff 0.3091 outinratio 0.0435 

WminusH126_2e2mu_massZ1_genbin4_recobin4 acc 0.0443 eff 0.3074 outinratio 0.1048 

WplusH126_2e2mu_massZ1_genbin4_recobin4 acc 0.0395 eff 0.332 outinratio 0.1055 

ZH126_2e2mu_massZ1_genbin4_recobin4 acc 0.0486 eff 0.2347 outinratio 0.0579 

ttH126_2e2mu_massZ1_genbin4_recobin4 acc 0.0449 eff 0.3343 outinratio 0.1562 

Coeff fullNNLOPS
